layer at (0,0) size 3392x585
  RenderView at (0,0) size 800x585
layer at (0,0) size 3392x585
  RenderBlock {HTML} at (0,0) size 3392x585
    RenderBody {BODY} at (8,8) size 3368x569
      RenderBlock {UL} at (0,0) size 242x104 [border: (1px solid #0000FF)]
        RenderListItem {LI} at (1,41) size 56x62 [border: (5px solid #FFA500)]
          RenderListMarker at (10,-17) size 18x7: bullet
          RenderText {#text} at (10,10) size 36x28
            text run at (10,10) width 28: "First"
            text run at (28,10) width 27: "item"
        RenderListItem {LI} at (57,41) size 128x62 [border: (5px solid #FFA500)]
          RenderListMarker at (10,-17) size 18x7: bullet
          RenderText {#text} at (10,10) size 108x47
            text run at (10,10) width 47: "Second"
            text run at (28,10) width 23: "and"
            text run at (46,10) width 28: "very"
            text run at (64,10) width 28: "very"
            text run at (82,10) width 28: "long"
            text run at (100,10) width 27: "item"
        RenderListItem {LI} at (185,41) size 56x62 [border: (5px solid #FFA500)]
          RenderListMarker at (10,-17) size 18x7: bullet
          RenderText {#text} at (10,10) size 36x35
            text run at (10,10) width 35: "Third"
            text run at (28,10) width 27: "item"
      RenderBlock {UL} at (258,0) size 242x104 [border: (1px solid #FF0000)]
        RenderListItem {LI} at (1,1) size 56x62 [border: (5px solid #FFA500)]
          RenderListMarker at (10,72) size 18x7: bullet
          RenderText {#text} at (10,24) size 36x28
            text run at (10,24) width 28: "First"
            text run at (28,25) width 27: "item"
        RenderListItem {LI} at (57,1) size 128x62 [border: (5px solid #FFA500)]
          RenderListMarker at (10,72) size 18x7: bullet
          RenderText {#text} at (10,5) size 108x47
            text run at (10,5) width 47: "Second"
            text run at (28,29) width 23: "and"
            text run at (46,24) width 28: "very"
            text run at (64,24) width 28: "very"
            text run at (82,24) width 28: "long"
            text run at (100,25) width 27: "item"
        RenderListItem {LI} at (185,1) size 56x62 [border: (5px solid #FFA500)]
          RenderListMarker at (10,72) size 18x7: bullet
          RenderText {#text} at (10,17) size 36x35
            text run at (10,17) width 35: "Third"
            text run at (28,25) width 27: "item"
      RenderBlock {UL} at (516,0) size 278x104 [border: (1px solid #0000FF)]
        RenderListItem {LI} at (1,41) size 56x62 [border: (5px solid #FFA500)]
          RenderListMarker at (10,9) size 18x7: bullet
          RenderText {#text} at (10,24) size 36x42
            text run at (10,24) width 28: "First"
            text run at (28,10) width 27: "item"
        RenderListItem {LI} at (57,41) size 146x62 [border: (5px solid #FFA500)]
          RenderListMarker at (10,9) size 18x7: bullet
          RenderText {#text} at (28,10) size 108x47
            text run at (28,10) width 47: "Second"
            text run at (46,10) width 23: "and"
            text run at (64,10) width 28: "very"
            text run at (82,10) width 28: "very"
            text run at (100,10) width 28: "long"
            text run at (118,10) width 27: "item"
        RenderListItem {LI} at (203,41) size 74x62 [border: (5px solid #FFA500)]
          RenderListMarker at (10,9) size 18x7: bullet
          RenderText {#text} at (28,10) size 36x35
            text run at (28,10) width 35: "Third"
            text run at (46,10) width 27: "item"
      RenderBlock {UL} at (810,0) size 278x104 [border: (1px solid #FF0000)]
        RenderListItem {LI} at (1,1) size 56x62 [border: (5px solid #FFA500)]
          RenderListMarker at (10,46) size 18x7: bullet
          RenderText {#text} at (10,10) size 36x42
            text run at (10,10) width 28: "First"
            text run at (28,25) width 27: "item"
        RenderListItem {LI} at (57,1) size 146x62 [border: (5px solid #FFA500)]
          RenderListMarker at (10,46) size 18x7: bullet
          RenderText {#text} at (28,5) size 108x47
            text run at (28,5) width 47: "Second"
            text run at (46,29) width 23: "and"
            text run at (64,24) width 28: "very"
            text run at (82,24) width 28: "very"
            text run at (100,24) width 28: "long"
            text run at (118,25) width 27: "item"
        RenderListItem {LI} at (203,1) size 74x62 [border: (5px solid #FFA500)]
          RenderListMarker at (10,46) size 18x7: bullet
          RenderText {#text} at (28,17) size 36x35
            text run at (28,17) width 35: "Third"
            text run at (46,25) width 27: "item"
      RenderBlock {UL} at (1104,0) size 242x104 [border: (1px solid #0000FF)]
        RenderListItem {LI} at (1,41) size 56x62 [border: (5px solid #FFA500)]
          RenderListMarker at (14,-17) size 10x10
          RenderText {#text} at (10,10) size 36x28
            text run at (10,10) width 28: "First"
            text run at (28,10) width 27: "item"
        RenderListItem {LI} at (57,41) size 128x62 [border: (5px solid #FFA500)]
          RenderListMarker at (14,-17) size 10x10
          RenderText {#text} at (10,10) size 108x47
            text run at (10,10) width 47: "Second"
            text run at (28,10) width 23: "and"
            text run at (46,10) width 28: "very"
            text run at (64,10) width 28: "very"
            text run at (82,10) width 28: "long"
            text run at (100,10) width 27: "item"
        RenderListItem {LI} at (185,41) size 56x62 [border: (5px solid #FFA500)]
          RenderListMarker at (14,-17) size 10x10
          RenderText {#text} at (10,10) size 36x35
            text run at (10,10) width 35: "Third"
            text run at (28,10) width 27: "item"
      RenderBlock {UL} at (1362,0) size 242x104 [border: (1px solid #FF0000)]
        RenderListItem {LI} at (1,1) size 56x62 [border: (5px solid #FFA500)]
          RenderListMarker at (14,69) size 10x10
          RenderText {#text} at (10,24) size 36x28
            text run at (10,24) width 28: "First"
            text run at (28,25) width 27: "item"
        RenderListItem {LI} at (57,1) size 128x62 [border: (5px solid #FFA500)]
          RenderListMarker at (14,69) size 10x10
          RenderText {#text} at (10,5) size 108x47
            text run at (10,5) width 47: "Second"
            text run at (28,29) width 23: "and"
            text run at (46,24) width 28: "very"
            text run at (64,24) width 28: "very"
            text run at (82,24) width 28: "long"
            text run at (100,25) width 27: "item"
        RenderListItem {LI} at (185,1) size 56x62 [border: (5px solid #FFA500)]
          RenderListMarker at (14,69) size 10x10
          RenderText {#text} at (10,17) size 36x35
            text run at (10,17) width 35: "Third"
            text run at (28,25) width 27: "item"
      RenderBlock {UL} at (1620,0) size 296x104 [border: (1px solid #0000FF)]
        RenderListItem {LI} at (1,41) size 74x62 [border: (5px solid #FFA500)]
          RenderListMarker at (14,10) size 10x10
          RenderText {#text} at (28,10) size 36x28
            text run at (28,10) width 28: "First"
            text run at (46,10) width 27: "item"
        RenderListItem {LI} at (75,41) size 146x62 [border: (5px solid #FFA500)]
          RenderListMarker at (14,10) size 10x10
          RenderText {#text} at (28,10) size 108x47
            text run at (28,10) width 47: "Second"
            text run at (46,10) width 23: "and"
            text run at (64,10) width 28: "very"
            text run at (82,10) width 28: "very"
            text run at (100,10) width 28: "long"
            text run at (118,10) width 27: "item"
        RenderListItem {LI} at (221,41) size 74x62 [border: (5px solid #FFA500)]
          RenderListMarker at (14,10) size 10x10
          RenderText {#text} at (28,10) size 36x35
            text run at (28,10) width 35: "Third"
            text run at (46,10) width 27: "item"
      RenderBlock {UL} at (1932,0) size 296x104 [border: (1px solid #FF0000)]
        RenderListItem {LI} at (1,1) size 74x62 [border: (5px solid #FFA500)]
          RenderListMarker at (14,42) size 10x10
          RenderText {#text} at (28,24) size 36x28
            text run at (28,24) width 28: "First"
            text run at (46,25) width 27: "item"
        RenderListItem {LI} at (75,1) size 146x62 [border: (5px solid #FFA500)]
          RenderListMarker at (14,42) size 10x10
          RenderText {#text} at (28,5) size 108x47
            text run at (28,5) width 47: "Second"
            text run at (46,29) width 23: "and"
            text run at (64,24) width 28: "very"
            text run at (82,24) width 28: "very"
            text run at (100,24) width 28: "long"
            text run at (118,25) width 27: "item"
        RenderListItem {LI} at (221,1) size 74x62 [border: (5px solid #FFA500)]
          RenderListMarker at (14,42) size 10x10
          RenderText {#text} at (28,17) size 36x35
            text run at (28,17) width 35: "Third"
            text run at (46,25) width 27: "item"
      RenderBlock {OL} at (2244,0) size 242x104 [border: (1px solid #0000FF)]
        RenderListItem {LI} at (1,41) size 56x62 [border: (5px solid #FFA500)]
          RenderListMarker at (10,-20) size 18x16: "1"
          RenderText {#text} at (10,10) size 36x28
            text run at (10,10) width 28: "First"
            text run at (28,10) width 27: "item"
        RenderListItem {LI} at (57,41) size 128x62 [border: (5px solid #FFA500)]
          RenderListMarker at (10,-20) size 18x16: "2"
          RenderText {#text} at (10,10) size 108x47
            text run at (10,10) width 47: "Second"
            text run at (28,10) width 23: "and"
            text run at (46,10) width 28: "very"
            text run at (64,10) width 28: "very"
            text run at (82,10) width 28: "long"
            text run at (100,10) width 27: "item"
        RenderListItem {LI} at (185,41) size 56x62 [border: (5px solid #FFA500)]
          RenderListMarker at (10,-20) size 18x16: "3"
          RenderText {#text} at (10,10) size 36x35
            text run at (10,10) width 35: "Third"
            text run at (28,10) width 27: "item"
      RenderBlock {OL} at (2502,0) size 242x104 [border: (1px solid #FF0000)]
        RenderListItem {LI} at (1,1) size 56x62 [border: (5px solid #FFA500)]
          RenderListMarker at (10,66) size 18x16: "1"
          RenderText {#text} at (10,24) size 36x28
            text run at (10,24) width 28: "First"
            text run at (28,25) width 27: "item"
        RenderListItem {LI} at (57,1) size 128x62 [border: (5px solid #FFA500)]
          RenderListMarker at (10,66) size 18x16: "2"
          RenderText {#text} at (10,5) size 108x47
            text run at (10,5) width 47: "Second"
            text run at (28,29) width 23: "and"
            text run at (46,24) width 28: "very"
            text run at (64,24) width 28: "very"
            text run at (82,24) width 28: "long"
            text run at (100,25) width 27: "item"
        RenderListItem {LI} at (185,1) size 56x62 [border: (5px solid #FFA500)]
          RenderListMarker at (10,66) size 18x16: "3"
          RenderText {#text} at (10,17) size 36x35
            text run at (10,17) width 35: "Third"
            text run at (28,25) width 27: "item"
      RenderBlock {OL} at (2760,0) size 296x104 [border: (1px solid #0000FF)]
        RenderListItem {LI} at (1,41) size 74x62 [border: (5px solid #FFA500)]
          RenderListMarker at (10,10) size 18x16: "1"
          RenderText {#text} at (28,10) size 36x28
            text run at (28,10) width 28: "First"
            text run at (46,10) width 27: "item"
        RenderListItem {LI} at (75,41) size 146x62 [border: (5px solid #FFA500)]
          RenderListMarker at (10,10) size 18x16: "2"
          RenderText {#text} at (28,10) size 108x47
            text run at (28,10) width 47: "Second"
            text run at (46,10) width 23: "and"
            text run at (64,10) width 28: "very"
            text run at (82,10) width 28: "very"
            text run at (100,10) width 28: "long"
            text run at (118,10) width 27: "item"
        RenderListItem {LI} at (221,41) size 74x62 [border: (5px solid #FFA500)]
          RenderListMarker at (10,10) size 18x16: "3"
          RenderText {#text} at (28,10) size 36x35
            text run at (28,10) width 35: "Third"
            text run at (46,10) width 27: "item"
      RenderBlock {OL} at (3072,0) size 296x104 [border: (1px solid #FF0000)]
        RenderListItem {LI} at (1,1) size 74x62 [border: (5px solid #FFA500)]
          RenderListMarker at (10,36) size 18x16: "1"
          RenderText {#text} at (28,24) size 36x28
            text run at (28,24) width 28: "First"
            text run at (46,25) width 27: "item"
        RenderListItem {LI} at (75,1) size 146x62 [border: (5px solid #FFA500)]
          RenderListMarker at (10,36) size 18x16: "2"
          RenderText {#text} at (28,5) size 108x47
            text run at (28,5) width 47: "Second"
            text run at (46,29) width 23: "and"
            text run at (64,24) width 28: "very"
            text run at (82,24) width 28: "very"
            text run at (100,24) width 28: "long"
            text run at (118,25) width 27: "item"
        RenderListItem {LI} at (221,1) size 74x62 [border: (5px solid #FFA500)]
          RenderListMarker at (10,36) size 18x16: "3"
          RenderText {#text} at (28,17) size 36x35
            text run at (28,17) width 35: "Third"
            text run at (46,25) width 27: "item"
