layer at (0,0) size 800x600
  RenderView at (0,0) size 800x600
layer at (0,0) size 800x144 layerType: background only
layer at (50,100) size 400x50
  RenderBlock (positioned) zI: -1 {DIV} at (50,100) size 400x50 [bgcolor=#FF0000]
layer at (50,250) size 400x50
  RenderBlock (positioned) zI: -1 {DIV} at (50,250) size 400x50 [bgcolor=#FF0000]
layer at (0,0) size 800x144 layerType: foreground only
  RenderBlock {HTML} at (0,0) size 800x144
    RenderBody {BODY} at (50,50) size 700x44
      RenderBlock {P} at (0,0) size 700x44
        RenderInline {A} at (0,0) size 322x22 [color=#0000EE]
          RenderText {#text} at (0,0) size 322x22
            text run at (0,0) width 322: "https://bugs.webkit.org/show_bug.cgi?id=22570"
        RenderText {#text} at (322,0) size 646x44
          text run at (322,0) width 65: ". Test for "
          text run at (387,0) width 259: "reflection painting on overflow:hidden"
          text run at (0,22) width 292: "element. You should not see any red below."
layer at (50,100) size 400x200
  RenderBlock (positioned) {DIV} at (50,100) size 400x200
layer at (50,100) size 400x200
  RenderBlock (relative positioned) {DIV} at (0,0) size 400x200
layer at (50,100) size 400x50
  RenderBlock (positioned) {DIV} at (0,0) size 400x50 [bgcolor=#008000]
    RenderText {#text} at (0,0) size 28x22
      text run at (0,0) width 28: "Top"
layer at (50,250) size 400x50
  RenderBlock (positioned) {DIV} at (0,150) size 400x50 [bgcolor=#008000]
    RenderText {#text} at (0,0) size 50x22
      text run at (0,0) width 50: "Bottom"
