layer at (0,0) size 800x600
  RenderCanvas at (0,0) size 800x600
layer at (0,0) size 800x121
  RenderBlock {HTML} at (0,0) size 800x121
    RenderBody {BODY} at (8,8) size 784x99
      RenderBlock (anonymous) at (0,0) size 784x51
        RenderText {TEXT} at (0,0) size 783x51
          text run at (0,0) width 557: "In this test, you should see three blocks that are aligned right within a black box. "
          text run at (557,0) width 226: "They should be stacked vertically"
          text run at (0,17) width 325: "with the green box in between two olive boxes. "
          text run at (325,17) width 338: "The olive boxes and the green box should be 100"
          text run at (663,17) width 111: "x100, and there"
          text run at (0,34) width 457: "should be 100 pixels of padding on the right side of the box stack."
      RenderBlock {P} at (0,65) size 784x34
        RenderText {TEXT} at (10,0) size 774x34
          text run at (10,0) width 774: "The black box's top should be aligned with the end of the last line in this parargaph and its left side should begin"
          text run at (537,17) width 9: ". "
          text run at (546,17) width 238: "right after the end of this sentence"
        RenderText {TEXT} at (533,17) size 4x17
          text run at (533,17) width 4: " "
layer at (305,90) size 240x340
  RenderBlock (positioned) {SPAN} at (305,90) size 240x340
    RenderText {TEXT} at (0,0) size 0x0
    RenderText {TEXT} at (0,0) size 0x0
    RenderText {TEXT} at (0,0) size 0x0
layer at (425,210) size 100x100
  RenderBlock (positioned) {DIV} at (120,120) size 100x100 [bgcolor=#008000]
layer at (425,110) size 100x100
  RenderBlock (positioned) {DIV} at (120,20) size 100x100 [bgcolor=#808000]
layer at (425,310) size 100x100
  RenderBlock (positioned) {DIV} at (120,220) size 100x100 [bgcolor=#808000]
