layer at (0,0) size 800x1650
  RenderCanvas at (0,0) size 800x600
layer at (0,0) size 800x8
  RenderBlock {HTML} at (0,0) size 800x8
    RenderBody {BODY} at (8,8) size 784x0
      RenderText {TEXT} at (0,0) size 0x0
      RenderText {TEXT} at (0,0) size 0x0
layer at (8,8) size 244x1642
  RenderBlock (positioned) {DIV} at (8,8) size 244x1642
    RenderBlock {P} at (0,72) size 244x85
      RenderInline {A} at (0,0) size 198x85 [color=#0000EE]
        RenderText {TEXT} at (0,0) size 198x85
          text run at (0,0) width 198: "link 1"
    RenderBlock {P} at (0,229) size 244x85
      RenderInline {A} at (0,0) size 198x85 [color=#0000EE]
        RenderText {TEXT} at (0,0) size 198x85
          text run at (0,0) width 198: "link 2"
    RenderBlock {P} at (0,386) size 244x85
      RenderInline {A} at (0,0) size 198x85 [color=#0000EE]
        RenderText {TEXT} at (0,0) size 198x85
          text run at (0,0) width 198: "link 3"
    RenderBlock {P} at (0,543) size 244x85
      RenderInline {A} at (0,0) size 198x85 [color=#0000EE]
        RenderText {TEXT} at (0,0) size 198x85
          text run at (0,0) width 198: "link 4"
    RenderBlock {P} at (0,700) size 244x85
      RenderInline {A} at (0,0) size 198x85 [color=#0000EE]
        RenderText {TEXT} at (0,0) size 198x85
          text run at (0,0) width 198: "link 5"
    RenderBlock {P} at (0,857) size 244x85
      RenderInline {A} at (0,0) size 198x85 [color=#0000EE]
        RenderText {TEXT} at (0,0) size 198x85
          text run at (0,0) width 198: "link 6"
    RenderBlock {P} at (0,1014) size 244x85
      RenderInline {A} at (0,0) size 198x85 [color=#0000EE]
        RenderText {TEXT} at (0,0) size 198x85
          text run at (0,0) width 198: "link 7"
    RenderBlock {P} at (0,1171) size 244x85
      RenderInline {A} at (0,0) size 198x85 [color=#0000EE]
        RenderText {TEXT} at (0,0) size 198x85
          text run at (0,0) width 198: "link 8"
    RenderBlock {P} at (0,1328) size 244x85
      RenderInline {A} at (0,0) size 198x85 [color=#0000EE]
        RenderText {TEXT} at (0,0) size 198x85
          text run at (0,0) width 198: "link 9"
    RenderBlock {P} at (0,1485) size 244x85
      RenderInline {A} at (0,0) size 244x85 [color=#0000EE]
        RenderText {TEXT} at (0,0) size 244x85
          text run at (0,0) width 244: "link 10"
