layer at (0,0) size 800x600
  RenderView at (0,0) size 800x600
layer at (0,0) size 800x600
  RenderBlock {HTML} at (0,0) size 800x600
    RenderBody {BODY} at (8,8) size 784x576
      RenderBlock {FORM} at (0,0) size 784x44
        RenderText {#text} at (145,21) size 4x20
          text run at (145,21) width 4: " "
        RenderText {#text} at (294,21) size 4x20
          text run at (294,21) width 4: " "
        RenderButton {INPUT} at (300,24) size 40x18 [bgcolor=#C0C0C0]
          RenderBlock (anonymous) at (8,2) size 24x14
            RenderText at (0,0) size 24x14
              text run at (0,0) width 24: "Reset"
        RenderText {#text} at (0,0) size 0x0
      RenderBlock {P} at (0,60) size 784x84
        RenderText {#text} at (0,0) size 358x20
          text run at (0,0) width 358: "This test verifies that textarea controls are properly reset. "
        RenderBR {BR} at (358,17) size 0x0
        RenderText {#text} at (0,21) size 475x20
          text run at (0,21) width 475: "You should see two element IDs below, and the word \"SUCCESS\" twice: "
        RenderBR {BR} at (475,38) size 0x0
        RenderText {#text} at (0,42) size 175x20
          text run at (0,42) width 175: "noDefaultText: SUCCESS "
        RenderBR {BR} at (175,59) size 0x0
        RenderText {#text} at (0,63) size 176x20
          text run at (0,63) width 176: "hasDefaultText: SUCCESS"
        RenderText {#text} at (0,0) size 0x0
        RenderText {#text} at (0,0) size 0x0
layer at (10,10) size 141x34 clip at (11,11) size 139x32
  RenderTextControl {TEXTAREA} at (2,2) size 141x34 [bgcolor=#FFFFFF] [border: (1px solid #000000)]
    RenderBlock {DIV} at (3,3) size 135x14
layer at (159,10) size 141x34 clip at (160,11) size 139x32
  RenderTextControl {TEXTAREA} at (151,2) size 141x34 [bgcolor=#FFFFFF] [border: (1px solid #000000)]
    RenderBlock {DIV} at (3,3) size 135x14
      RenderText {#text} at (0,0) size 58x14
        text run at (0,0) width 58: "Default Text"
