layer at (0,0) size 784x1287
  RenderView at (0,0) size 784x600
layer at (0,0) size 784x1287
  RenderBlock {HTML} at (0,0) size 784x1287
    RenderBody {BODY} at (8,17) size 768x1262 [color=#00FF00] [bgcolor=#333333]
      RenderBlock {H1} at (0,0) size 768x33
        RenderText {#text} at (0,0) size 443x33
          text run at (0,0) width 443: "CSS2 Table Backgrounds Test Suite"
      RenderBlock {H2} at (0,50) size 768x26
        RenderText {#text} at (0,0) size 199x26
          text run at (0,0) width 199: "Part E: Special Tests"
      RenderBlock {H3} at (0,92) size 768x19
        RenderText {#text} at (0,0) size 80x19
          text run at (0,0) width 80: "opacity: 0.5"
      RenderBlock {UL} at (0,126) size 768x48
        RenderListItem {LI} at (40,0) size 728x16
          RenderListMarker at (-16,0) size 6x16: bullet
          RenderText {#text} at (0,0) size 198x16
            text run at (0,0) width 198: "The first three rows should be red."
        RenderListItem {LI} at (40,16) size 728x16
          RenderListMarker at (-16,0) size 6x16: bullet
          RenderText {#text} at (0,0) size 178x16
            text run at (0,0) width 178: "The last row should be orange."
        RenderListItem {LI} at (40,32) size 728x16
          RenderListMarker at (-16,0) size 6x16: bullet
          RenderText {#text} at (0,0) size 710x16
            text run at (0,0) width 710: "Cell A should be purple. Cell P should also be purple, but of a shade that reflects the underlying orange rather than the red."
      RenderBlock {DL} at (0,187) size 768x96
        RenderBlock {DT} at (0,0) size 768x16
          RenderText {#text} at (0,0) size 25x16
            text run at (0,0) width 25: "next"
        RenderBlock {DD} at (40,16) size 728x16
          RenderInline {A} at (0,0) size 200x16 [color=#FFFF00]
            RenderText {#text} at (0,0) size 200x16
              text run at (0,0) width 200: "Special Tests: Fixed Backgrounds"
          RenderText {#text} at (0,0) size 0x0
        RenderBlock {DT} at (0,32) size 768x16
          RenderText {#text} at (0,0) size 49x16
            text run at (0,0) width 49: "previous"
        RenderBlock {DD} at (40,48) size 728x16
          RenderInline {A} at (0,0) size 300x16 [color=#FFFF00]
            RenderText {#text} at (0,0) size 300x16
              text run at (0,0) width 300: "Background with Borders: Background on 'table-cell'"
          RenderText {#text} at (0,0) size 0x0
        RenderBlock {DT} at (0,64) size 768x16
          RenderText {#text} at (0,0) size 50x16
            text run at (0,0) width 50: "contents"
        RenderBlock {DD} at (40,80) size 728x16
          RenderInline {A} at (0,0) size 103x16 [color=#FFFF00]
            RenderText {#text} at (0,0) size 103x16
              text run at (0,0) width 103: "Table of Contents"
          RenderText {#text} at (0,0) size 0x0
      RenderTable {TABLE} at (0,296) size 618x482 [color=#000000] [bgcolor=#FFFFFF] [border: (1px dotted #000000)]
        RenderBlock {CAPTION} at (0,0) size 616x24 [color=#FFFFFF]
          RenderText {#text} at (162,0) size 292x24
            text run at (162,0) width 292: "With 'border-collapse: separate'"
        RenderTableCol {COLGROUP} at (0,0) size 0x0
          RenderTableCol {COL} at (0,0) size 0x0
          RenderTableCol {COL} at (0,0) size 0x0
          RenderTableCol {COL} at (0,0) size 0x0
        RenderTableCol {COLGROUP} at (0,0) size 0x0
          RenderTableCol {COL} at (0,0) size 0x0
        RenderTableSection {THEAD} at (1,25) size 616x114
        RenderTableSection {TBODY} at (1,139) size 616x213
      RenderTable {TABLE} at (0,778) size 578x434 [color=#000000] [bgcolor=#FFFFFF] [border: (6px dotted #000000)]
        RenderBlock {CAPTION} at (0,0) size 577x24 [color=#FFFFFF]
          RenderText {#text} at (143,0) size 291x24
            text run at (143,0) width 291: "With 'border-collapse: collapse'"
        RenderTableCol {COLGROUP} at (0,0) size 0x0
          RenderTableCol {COL} at (0,0) size 0x0
          RenderTableCol {COL} at (0,0) size 0x0
          RenderTableCol {COL} at (0,0) size 0x0
        RenderTableCol {COLGROUP} at (0,0) size 0x0
          RenderTableCol {COL} at (0,0) size 0x0
        RenderTableSection {THEAD} at (0,30) size 577x99
        RenderTableSection {TBODY} at (0,129) size 577x190
      RenderBlock {DIV} at (0,1212) size 768x34
        RenderInline {A} at (0,0) size 88x16 [color=#FFFF00]
          RenderImage {IMG} at (0,0) size 88x31
        RenderText {#text} at (0,0) size 0x0
      RenderBlock {ADDRESS} at (0,1246) size 768x16
        RenderText {#text} at (0,0) size 555x16
          text run at (0,0) width 555: "CSS2 Table Backgrounds Test Suite designed and written by fantasai <fantasai@escape.com>"
layer at (9,345) size 616x100
  RenderTableRow {TR} at (0,7) size 616x100 [bgcolor=#FF0000]
    RenderTableCell {TH} at (144,31) size 220x52 [border: (13px dotted #000000)] [r=0 c=1 rs=1 cs=1]
      RenderText {#text} at (87,14) size 46x24
        text run at (87,14) width 46: "TH B"
    RenderTableCell {TH} at (371,55) size 118x4 [border: (1px dotted #000000)] [r=0 c=2 rs=1 cs=1]
    RenderTableCell {TH} at (496,43) size 113x28 [border: (1px dotted #000000)] [r=0 c=3 rs=1 cs=1]
      RenderText {#text} at (34,2) size 45x24
        text run at (34,2) width 45: "TH D"
layer at (16,345) size 130x100
  RenderTableCell {TH} at (7,43) size 130x28 [bgcolor=#0000FF] [border: (1px dotted #000000)] [r=0 c=0 rs=1 cs=1]
    RenderText {#text} at (42,2) size 46x24
      text run at (42,2) width 46: "TH A"
layer at (9,665) size 616x129
  RenderTableSection {TFOOT} at (1,352) size 616x129 [bgcolor=#FFFF00]
layer at (9,672) size 616x115
  RenderTableRow {TR} at (0,7) size 616x115 [bgcolor=#FF0000]
    RenderTableCell {TD} at (7,50) size 357x28 [border: (1px dotted #000000)] [r=0 c=0 rs=1 cs=2]
      RenderText {#text} at (2,2) size 47x24
        text run at (2,2) width 47: "TD M"
    RenderTableCell {TD} at (371,50) size 118x28 [border: (1px dotted #000000)] [r=0 c=2 rs=1 cs=1]
      RenderText {#text} at (2,2) size 46x24
        text run at (2,2) width 46: "TD O"
layer at (505,672) size 113x115
  RenderTableCell {TD} at (496,50) size 113x28 [bgcolor=#0000FF] [border: (1px dotted #000000)] [r=0 c=3 rs=1 cs=1]
    RenderText {#text} at (2,2) size 44x24
      text run at (2,2) width 44: "TD P"
layer at (9,459) size 616x108
  RenderTableRow {TR} at (0,7) size 616x108 [bgcolor=#FF0000]
    RenderTableCell {TD} at (7,80) size 130x52 [border: (13px dotted #000000)] [r=0 c=0 rs=2 cs=1]
      RenderText {#text} at (14,14) size 44x24
        text run at (14,14) width 44: "TD E"
    RenderTableCell {TD} at (144,47) size 220x28 [border: (1px dotted #000000)] [r=0 c=1 rs=1 cs=1]
      RenderText {#text} at (2,2) size 43x24
        text run at (2,2) width 43: "TD F"
    RenderTableCell {TD} at (371,47) size 118x28 [border: (1px dotted #000000)] [r=0 c=2 rs=1 cs=1]
      RenderText {#text} at (2,2) size 46x24
        text run at (2,2) width 46: "TD G"
    RenderTableCell {TD} at (496,47) size 113x28 [border: (1px dotted #000000)] [r=0 c=3 rs=1 cs=1]
      RenderText {#text} at (2,2) size 45x24
        text run at (2,2) width 45: "TD H"
layer at (9,574) size 616x84
  RenderTableRow {TR} at (0,122) size 616x84 [bgcolor=#FF0000]
    RenderTableCell {TD} at (144,150) size 220x28 [border: (1px dotted #000000)] [r=1 c=1 rs=1 cs=1]
      RenderText {#text} at (2,2) size 42x24
        text run at (2,2) width 42: "TD J"
    RenderTableCell {TD} at (371,150) size 118x28 [border: (1px dotted #000000)] [r=1 c=2 rs=1 cs=1]
      RenderText {#text} at (2,2) size 45x24
        text run at (2,2) width 45: "TD K"
    RenderTableCell {TD} at (496,150) size 113x28 [border: (1px dotted #000000)] [r=1 c=3 rs=1 cs=1]
      RenderText {#text} at (2,2) size 43x24
        text run at (2,2) width 43: "TD L"
layer at (8,825) size 577x99
  RenderTableRow {TR} at (0,0) size 577x99 [bgcolor=#FF0000]
    RenderTableCell {TH} at (135,30) size 207x39 [border: (7px dotted #000000)] [r=0 c=1 rs=1 cs=1]
      RenderText {#text} at (81,8) size 46x24
        text run at (81,8) width 46: "TH B"
    RenderTableCell {TH} at (342,48) size 123x3 [border: (1px dotted #000000)] [r=0 c=2 rs=1 cs=1]
    RenderTableCell {TH} at (465,36) size 112x27 [border: (1px dotted #000000)] [r=0 c=3 rs=1 cs=1]
      RenderText {#text} at (34,2) size 45x24
        text run at (34,2) width 45: "TH D"
layer at (8,825) size 135x99
  RenderTableCell {TH} at (0,33) size 135x33 [bgcolor=#0000FF] [border: (1px dotted #000000)] [r=0 c=0 rs=1 cs=1]
    RenderText {#text} at (42,2) size 46x24
      text run at (42,2) width 46: "TH A"
layer at (8,1114) size 577x114
  RenderTableSection {TFOOT} at (0,319) size 577x114 [bgcolor=#FFFF00]
layer at (8,1114) size 577x114
  RenderTableRow {TR} at (0,0) size 577x114 [bgcolor=#FF0000]
    RenderTableCell {TD} at (0,40) size 342x33 [border: (7px dotted #000000)] [r=0 c=0 rs=1 cs=2]
      RenderText {#text} at (2,8) size 47x24
        text run at (2,8) width 47: "TD M"
    RenderTableCell {TD} at (342,43) size 123x27 [border: (1px dotted #000000)] [r=0 c=2 rs=1 cs=1]
      RenderText {#text} at (2,2) size 46x24
        text run at (2,2) width 46: "TD O"
layer at (473,1114) size 112x114
  RenderTableCell {TD} at (465,43) size 112x27 [bgcolor=#0000FF] [border: (1px dotted #000000)] [r=0 c=3 rs=1 cs=1]
    RenderText {#text} at (2,2) size 44x24
      text run at (2,2) width 44: "TD P"
layer at (8,924) size 577x107
  RenderTableRow {TR} at (0,0) size 577x107 [bgcolor=#FF0000]
    RenderTableCell {TD} at (0,75) size 135x39 [border: (7px dotted #000000)] [r=0 c=0 rs=2 cs=1]
      RenderText {#text} at (8,8) size 44x24
        text run at (8,8) width 44: "TD E"
    RenderTableCell {TD} at (135,37) size 207x33 [border: (7px dotted #000000)] [r=0 c=1 rs=1 cs=1]
      RenderText {#text} at (8,8) size 43x24
        text run at (8,8) width 43: "TD F"
    RenderTableCell {TD} at (342,40) size 123x27 [border: (1px dotted #000000)] [r=0 c=2 rs=1 cs=1]
      RenderText {#text} at (2,2) size 46x24
        text run at (2,2) width 46: "TD G"
    RenderTableCell {TD} at (465,40) size 112x27 [border: (1px dotted #000000)] [r=0 c=3 rs=1 cs=1]
      RenderText {#text} at (2,2) size 45x24
        text run at (2,2) width 45: "TD H"
layer at (8,1031) size 577x83
  RenderTableRow {TR} at (0,107) size 577x83 [bgcolor=#FF0000]
    RenderTableCell {TD} at (135,135) size 207x27 [border: (1px dotted #000000)] [r=1 c=1 rs=1 cs=1]
      RenderText {#text} at (8,2) size 42x24
        text run at (8,2) width 42: "TD J"
    RenderTableCell {TD} at (342,135) size 123x27 [border: (1px dotted #000000)] [r=1 c=2 rs=1 cs=1]
      RenderText {#text} at (2,2) size 45x24
        text run at (2,2) width 45: "TD K"
    RenderTableCell {TD} at (465,135) size 112x27 [border: (1px dotted #000000)] [r=1 c=3 rs=1 cs=1]
      RenderText {#text} at (2,2) size 43x24
        text run at (2,2) width 43: "TD L"
