layer at (0,0) size 784x1361
  RenderView at (0,0) size 784x600
layer at (0,0) size 784x1361
  RenderBlock {HTML} at (0,0) size 784x1361
    RenderBody {BODY} at (8,17) size 768x1336 [color=#00FF00] [bgcolor=#333333]
      RenderBlock {H1} at (0,0) size 768x33
        RenderText {#text} at (0,0) size 443x33
          text run at (0,0) width 443: "CSS2 Table Backgrounds Test Suite"
      RenderBlock {H2} at (0,50) size 768x26
        RenderText {#text} at (0,0) size 237x26
          text run at (0,0) width 237: "Part A: Background Area"
      RenderBlock {H3} at (0,92) size 768x19
        RenderText {#text} at (0,0) size 186x19
          text run at (0,0) width 186: "Background on 'table-row'"
      RenderBlock {P} at (0,126) size 768x16
        RenderText {#text} at (0,0) size 137x16
          text run at (0,0) width 137: "All four rows are styled."
      RenderBlock {P} at (0,155) size 768x48
        RenderText {#text} at (0,0) size 761x48
          text run at (0,0) width 291: "The table row background should be visible within "
          text run at (291,0) width 339: "the border edge of each cell originating in the row, and the "
          text run at (630,0) width 127: "background should be"
          text run at (0,16) width 223: "continuously tiled to fill the entire cell. "
          text run at (223,16) width 357: "Within each row, all stripes should line up as if the cells were "
          text run at (580,16) width 181: "cutouts in a stencil placed over"
          text run at (0,32) width 199: "the row background. Furthermore, "
          text run at (199,32) width 236: "vertical stripes should align across rows."
      RenderBlock {P} at (0,216) size 768x32
        RenderText {#text} at (0,0) size 753x32
          text run at (0,0) width 251: "A red band should align with the left border "
          text run at (251,0) width 372: "edge of the first cells in each row. An orange stripe should align "
          text run at (623,0) width 130: "a few pixels above the"
          text run at (0,16) width 257: "bottom border of the non-row-spanning cells "
          text run at (257,16) width 70: "in each row."
      RenderBlock {DL} at (0,261) size 768x96
        RenderBlock {DT} at (0,0) size 768x16
          RenderText {#text} at (0,0) size 25x16
            text run at (0,0) width 25: "next"
        RenderBlock {DD} at (40,16) size 728x16
          RenderInline {A} at (0,0) size 277x16 [color=#FFFF00]
            RenderText {#text} at (0,0) size 277x16
              text run at (0,0) width 277: "Background Area: Background on 'table-column'"
          RenderText {#text} at (0,0) size 0x0
        RenderBlock {DT} at (0,32) size 768x16
          RenderText {#text} at (0,0) size 49x16
            text run at (0,0) width 49: "previous"
        RenderBlock {DD} at (40,48) size 728x16
          RenderInline {A} at (0,0) size 313x16 [color=#FFFF00]
            RenderText {#text} at (0,0) size 313x16
              text run at (0,0) width 313: "Background Area: Background on 'table-column-group'"
          RenderText {#text} at (0,0) size 0x0
        RenderBlock {DT} at (0,64) size 768x16
          RenderText {#text} at (0,0) size 50x16
            text run at (0,0) width 50: "contents"
        RenderBlock {DD} at (40,80) size 728x16
          RenderInline {A} at (0,0) size 103x16 [color=#FFFF00]
            RenderText {#text} at (0,0) size 103x16
              text run at (0,0) width 103: "Table of Contents"
          RenderText {#text} at (0,0) size 0x0
      RenderTable {TABLE} at (0,370) size 618x482 [color=#FFFFFF] [border: (1px dotted #FFFFFF)]
        RenderBlock {CAPTION} at (0,0) size 616x24
          RenderText {#text} at (162,0) size 292x24
            text run at (162,0) width 292: "With 'border-collapse: separate'"
        RenderTableCol {COLGROUP} at (0,0) size 0x0
          RenderTableCol {COL} at (0,0) size 0x0
          RenderTableCol {COL} at (0,0) size 0x0
          RenderTableCol {COL} at (0,0) size 0x0
        RenderTableCol {COLGROUP} at (0,0) size 0x0
          RenderTableCol {COL} at (0,0) size 0x0
        RenderTableSection {THEAD} at (1,25) size 616x114
          RenderTableRow {TR} at (0,7) size 616x100 [bgcolor=#000000]
            RenderTableCell {TH} at (7,43) size 130x28 [border: (1px dotted #FFFFFF)] [r=0 c=0 rs=1 cs=1]
              RenderText {#text} at (42,2) size 46x24
                text run at (42,2) width 46: "TH A"
            RenderTableCell {TH} at (144,31) size 220x52 [border: (13px dotted #FFFFFF)] [r=0 c=1 rs=1 cs=1]
              RenderText {#text} at (87,14) size 46x24
                text run at (87,14) width 46: "TH B"
            RenderTableCell {TH} at (371,43) size 118x28 [border: (1px dotted #FFFFFF)] [r=0 c=2 rs=1 cs=1]
              RenderText {#text} at (36,2) size 46x24
                text run at (36,2) width 46: "TH C"
            RenderTableCell {TH} at (496,43) size 113x28 [border: (1px dotted #FFFFFF)] [r=0 c=3 rs=1 cs=1]
              RenderText {#text} at (34,2) size 45x24
                text run at (34,2) width 45: "TH D"
        RenderTableSection {TFOOT} at (1,352) size 616x129
          RenderTableRow {TR} at (0,7) size 616x115 [bgcolor=#000000]
            RenderTableCell {TD} at (7,50) size 357x28 [border: (1px dotted #FFFFFF)] [r=0 c=0 rs=1 cs=2]
              RenderText {#text} at (2,2) size 47x24
                text run at (2,2) width 47: "TD M"
            RenderTableCell {TD} at (371,50) size 118x28 [border: (1px dotted #FFFFFF)] [r=0 c=2 rs=1 cs=1]
              RenderText {#text} at (2,2) size 46x24
                text run at (2,2) width 46: "TD O"
            RenderTableCell {TD} at (496,50) size 113x28 [border: (1px dotted #FFFFFF)] [r=0 c=3 rs=1 cs=1]
              RenderText {#text} at (2,2) size 44x24
                text run at (2,2) width 44: "TD P"
        RenderTableSection {TBODY} at (1,139) size 616x213
          RenderTableRow {TR} at (0,7) size 616x108 [bgcolor=#000000]
            RenderTableCell {TD} at (7,80) size 130x52 [border: (13px dotted #FFFFFF)] [r=0 c=0 rs=2 cs=1]
              RenderText {#text} at (14,14) size 44x24
                text run at (14,14) width 44: "TD E"
            RenderTableCell {TD} at (144,47) size 220x28 [border: (1px dotted #FFFFFF)] [r=0 c=1 rs=1 cs=1]
              RenderText {#text} at (2,2) size 43x24
                text run at (2,2) width 43: "TD F"
            RenderTableCell {TD} at (371,47) size 118x28 [border: (1px dotted #FFFFFF)] [r=0 c=2 rs=1 cs=1]
              RenderText {#text} at (2,2) size 46x24
                text run at (2,2) width 46: "TD G"
            RenderTableCell {TD} at (496,47) size 113x28 [border: (1px dotted #FFFFFF)] [r=0 c=3 rs=1 cs=1]
              RenderText {#text} at (2,2) size 45x24
                text run at (2,2) width 45: "TD H"
          RenderTableRow {TR} at (0,122) size 616x84 [bgcolor=#000000]
            RenderTableCell {TD} at (144,150) size 220x28 [border: (1px dotted #FFFFFF)] [r=1 c=1 rs=1 cs=1]
              RenderText {#text} at (2,2) size 42x24
                text run at (2,2) width 42: "TD J"
            RenderTableCell {TD} at (371,150) size 118x28 [border: (1px dotted #FFFFFF)] [r=1 c=2 rs=1 cs=1]
              RenderText {#text} at (2,2) size 45x24
                text run at (2,2) width 45: "TD K"
            RenderTableCell {TD} at (496,150) size 113x28 [border: (1px dotted #FFFFFF)] [r=1 c=3 rs=1 cs=1]
              RenderText {#text} at (2,2) size 43x24
                text run at (2,2) width 43: "TD L"
      RenderTable {TABLE} at (0,852) size 578x434 [color=#FFFFFF] [border: (6px dotted #FFFFFF)]
        RenderBlock {CAPTION} at (0,0) size 577x24
          RenderText {#text} at (143,0) size 291x24
            text run at (143,0) width 291: "With 'border-collapse: collapse'"
        RenderTableCol {COLGROUP} at (0,0) size 0x0
          RenderTableCol {COL} at (0,0) size 0x0
          RenderTableCol {COL} at (0,0) size 0x0
          RenderTableCol {COL} at (0,0) size 0x0
        RenderTableCol {COLGROUP} at (0,0) size 0x0
          RenderTableCol {COL} at (0,0) size 0x0
        RenderTableSection {THEAD} at (0,30) size 577x99
          RenderTableRow {TR} at (0,0) size 577x99 [bgcolor=#000000]
            RenderTableCell {TH} at (0,33) size 135x33 [border: (1px dotted #FFFFFF)] [r=0 c=0 rs=1 cs=1]
              RenderText {#text} at (42,2) size 46x24
                text run at (42,2) width 46: "TH A"
            RenderTableCell {TH} at (135,30) size 207x39 [border: (7px dotted #FFFFFF)] [r=0 c=1 rs=1 cs=1]
              RenderText {#text} at (81,8) size 46x24
                text run at (81,8) width 46: "TH B"
            RenderTableCell {TH} at (342,36) size 123x27 [border: (1px dotted #FFFFFF)] [r=0 c=2 rs=1 cs=1]
              RenderText {#text} at (42,2) size 46x24
                text run at (42,2) width 46: "TH C"
            RenderTableCell {TH} at (465,36) size 112x27 [border: (1px dotted #FFFFFF)] [r=0 c=3 rs=1 cs=1]
              RenderText {#text} at (34,2) size 45x24
                text run at (34,2) width 45: "TH D"
        RenderTableSection {TFOOT} at (0,319) size 577x114
          RenderTableRow {TR} at (0,0) size 577x114 [bgcolor=#000000]
            RenderTableCell {TD} at (0,40) size 342x33 [border: (7px dotted #FFFFFF)] [r=0 c=0 rs=1 cs=2]
              RenderText {#text} at (2,8) size 47x24
                text run at (2,8) width 47: "TD M"
            RenderTableCell {TD} at (342,43) size 123x27 [border: (1px dotted #FFFFFF)] [r=0 c=2 rs=1 cs=1]
              RenderText {#text} at (2,2) size 46x24
                text run at (2,2) width 46: "TD O"
            RenderTableCell {TD} at (465,43) size 112x27 [border: (1px dotted #FFFFFF)] [r=0 c=3 rs=1 cs=1]
              RenderText {#text} at (2,2) size 44x24
                text run at (2,2) width 44: "TD P"
        RenderTableSection {TBODY} at (0,129) size 577x190
          RenderTableRow {TR} at (0,0) size 577x107 [bgcolor=#000000]
            RenderTableCell {TD} at (0,75) size 135x39 [border: (7px dotted #FFFFFF)] [r=0 c=0 rs=2 cs=1]
              RenderText {#text} at (8,8) size 44x24
                text run at (8,8) width 44: "TD E"
            RenderTableCell {TD} at (135,37) size 207x33 [border: (7px dotted #FFFFFF)] [r=0 c=1 rs=1 cs=1]
              RenderText {#text} at (8,8) size 43x24
                text run at (8,8) width 43: "TD F"
            RenderTableCell {TD} at (342,40) size 123x27 [border: (1px dotted #FFFFFF)] [r=0 c=2 rs=1 cs=1]
              RenderText {#text} at (2,2) size 46x24
                text run at (2,2) width 46: "TD G"
            RenderTableCell {TD} at (465,40) size 112x27 [border: (1px dotted #FFFFFF)] [r=0 c=3 rs=1 cs=1]
              RenderText {#text} at (2,2) size 45x24
                text run at (2,2) width 45: "TD H"
          RenderTableRow {TR} at (0,107) size 577x83 [bgcolor=#000000]
            RenderTableCell {TD} at (135,135) size 207x27 [border: (1px dotted #FFFFFF)] [r=1 c=1 rs=1 cs=1]
              RenderText {#text} at (8,2) size 42x24
                text run at (8,2) width 42: "TD J"
            RenderTableCell {TD} at (342,135) size 123x27 [border: (1px dotted #FFFFFF)] [r=1 c=2 rs=1 cs=1]
              RenderText {#text} at (2,2) size 45x24
                text run at (2,2) width 45: "TD K"
            RenderTableCell {TD} at (465,135) size 112x27 [border: (1px dotted #FFFFFF)] [r=1 c=3 rs=1 cs=1]
              RenderText {#text} at (2,2) size 43x24
                text run at (2,2) width 43: "TD L"
      RenderBlock {DIV} at (0,1286) size 768x34
        RenderInline {A} at (0,0) size 88x16 [color=#FFFF00]
          RenderImage {IMG} at (0,0) size 88x31
        RenderText {#text} at (0,0) size 0x0
      RenderBlock {ADDRESS} at (0,1320) size 768x16
        RenderText {#text} at (0,0) size 555x16
          text run at (0,0) width 555: "CSS2 Table Backgrounds Test Suite designed and written by fantasai <fantasai@escape.com>"
