layer at (0,0) size 800x600
  RenderView at (0,0) size 800x600
layer at (0,0) size 800x600
  RenderBlock {HTML} at (0,0) size 800x600
    RenderBody {BODY} at (8,8) size 784x584
      RenderTable {TABLE} at (0,0) size 497x150
        RenderBlock {CAPTION} at (0,0) size 497x21
          RenderText {#text} at (39,0) size 419x21
            text run at (39,0) width 419: "Communicator 4.5 Installers for Mac and Windows Platforms"
        RenderTableSection {TFOOT} at (0,123) size 497x27
          RenderTableRow {TR} at (0,2) size 497x23
            RenderTableCell {TD} at (2,2) size 199x23 [r=0 c=0 rs=1 cs=1]
              RenderText {#text} at (1,1) size 197x21
                text run at (1,1) width 197: "This is the footer information"
        RenderTableSection {TBODY} at (0,21) size 497x102
          RenderTableRow {TR} at (0,2) size 497x23
            RenderTableCell {TH} at (2,12) size 199x2 [r=0 c=0 rs=1 cs=1]
            RenderTableCell {TH} at (203,2) size 109x23 [r=0 c=1 rs=1 cs=1]
              RenderText {#text} at (1,1) size 107x21
                text run at (1,1) width 107: "Macintosh PPC"
            RenderTableCell {TH} at (314,2) size 86x23 [r=0 c=2 rs=1 cs=1]
              RenderText {#text} at (1,1) size 84x21
                text run at (1,1) width 84: "Windows 95"
            RenderTableCell {TH} at (402,2) size 93x23 [r=0 c=3 rs=1 cs=1]
              RenderText {#text} at (1,1) size 91x21
                text run at (1,1) width 91: "Windows NT"
          RenderTableRow {TR} at (0,27) size 497x23
            RenderTableCell {TD} at (2,27) size 199x23 [r=1 c=0 rs=1 cs=1]
              RenderText {#text} at (1,1) size 78x21
                text run at (1,1) width 78: "Base Install"
            RenderTableCell {TD} at (203,27) size 109x23 [r=1 c=1 rs=1 cs=1]
              RenderText {#text} at (1,1) size 21x21
                text run at (1,1) width 21: "yes"
            RenderTableCell {TD} at (314,27) size 86x23 [r=1 c=2 rs=1 cs=1]
              RenderText {#text} at (1,1) size 21x21
                text run at (1,1) width 21: "yes"
            RenderTableCell {TD} at (402,27) size 93x23 [r=1 c=3 rs=1 cs=1]
              RenderText {#text} at (1,1) size 21x21
                text run at (1,1) width 21: "yes"
          RenderTableRow {TR} at (0,52) size 497x23
            RenderTableCell {TD} at (2,52) size 199x23 [r=2 c=0 rs=1 cs=1]
              RenderText {#text} at (1,1) size 111x21
                text run at (1,1) width 111: "Complete Install"
            RenderTableCell {TD} at (203,52) size 109x23 [r=2 c=1 rs=1 cs=1]
              RenderText {#text} at (1,1) size 21x21
                text run at (1,1) width 21: "yes"
            RenderTableCell {TD} at (314,52) size 86x23 [r=2 c=2 rs=1 cs=1]
              RenderText {#text} at (1,1) size 21x21
                text run at (1,1) width 21: "yes"
            RenderTableCell {TD} at (402,52) size 93x23 [r=2 c=3 rs=1 cs=1]
              RenderText {#text} at (1,1) size 21x21
                text run at (1,1) width 21: "yes"
          RenderTableRow {TR} at (0,77) size 497x23
            RenderTableCell {TD} at (2,77) size 199x23 [r=3 c=0 rs=1 cs=1]
              RenderText {#text} at (1,1) size 125x21
                text run at (1,1) width 125: "Pro Edition Install"
            RenderTableCell {TD} at (203,77) size 109x23 [r=3 c=1 rs=1 cs=1]
              RenderText {#text} at (1,1) size 21x21
                text run at (1,1) width 21: "yes"
            RenderTableCell {TD} at (314,77) size 86x23 [r=3 c=2 rs=1 cs=1]
              RenderText {#text} at (1,1) size 21x21
                text run at (1,1) width 21: "yes"
            RenderTableCell {TD} at (402,77) size 93x23 [r=3 c=3 rs=1 cs=1]
              RenderText {#text} at (1,1) size 21x21
                text run at (1,1) width 21: "yes"
