layer at (0,0) size 800x600
  RenderView at (0,0) size 800x600
layer at (0,0) size 800x600
  RenderBlock {HTML} at (0,0) size 800x600
    RenderBody {BODY} at (8,8) size 784x584
      RenderBlock {P} at (0,0) size 784x63
        RenderText {#text} at (0,0) size 778x63
          text run at (0,0) width 772: "Colgroups are used to identify column groups. The table below has two distinct column groups; 'Airport Location'"
          text run at (0,21) width 778: "and 'Car Rental Information'. The first column group contains two columns and the second column group contains"
          text run at (0,42) width 99: "three columns."
      RenderBlock {P} at (0,79) size 784x21
        RenderText {#text} at (0,0) size 257x21
          text run at (0,0) width 257: "Text in the cells should be left-aligned."
      RenderTable {TABLE} at (0,116) size 742x193 [border: (1px outset #808080)]
        RenderTableCol {COLGROUP} at (0,0) size 0x0
        RenderTableCol {COLGROUP} at (0,0) size 0x0
        RenderTableSection {TBODY} at (1,1) size 740x191
          RenderTableRow {TR} at (0,2) size 740x25
            RenderTableCell {TH} at (2,2) size 402x25 [border: (1px inset #808080)] [r=0 c=0 rs=1 cs=2]
              RenderText {#text} at (143,2) size 116x21
                text run at (143,2) width 116: "Airport Location"
            RenderTableCell {TH} at (406,2) size 332x25 [border: (1px inset #808080)] [r=0 c=2 rs=1 cs=3]
              RenderText {#text} at (86,2) size 160x21
                text run at (86,2) width 160: "Car Rental information"
          RenderTableRow {TR} at (0,29) size 740x25
            RenderTableCell {TH} at (2,29) size 100x25 [border: (1px inset #808080)] [r=1 c=0 rs=1 cs=1]
              RenderText {#text} at (21,2) size 58x21
                text run at (21,2) width 58: "Country"
            RenderTableCell {TH} at (104,29) size 300x25 [border: (1px inset #808080)] [r=1 c=1 rs=1 cs=1]
              RenderText {#text} at (135,2) size 30x21
                text run at (135,2) width 30: "City"
            RenderTableCell {TH} at (406,29) size 110x25 [border: (1px inset #808080)] [r=1 c=2 rs=1 cs=1]
              RenderText {#text} at (2,2) size 106x21
                text run at (2,2) width 106: "ABC Company"
            RenderTableCell {TH} at (518,29) size 108x25 [border: (1px inset #808080)] [r=1 c=3 rs=1 cs=1]
              RenderText {#text} at (2,2) size 104x21
                text run at (2,2) width 104: "EFG Company"
            RenderTableCell {TH} at (628,29) size 110x25 [border: (1px inset #808080)] [r=1 c=4 rs=1 cs=1]
              RenderText {#text} at (2,2) size 106x21
                text run at (2,2) width 106: "XYZ Company"
          RenderTableRow {TR} at (0,56) size 740x25
            RenderTableCell {TD} at (2,56) size 100x25 [border: (1px inset #808080)] [r=2 c=0 rs=1 cs=1]
              RenderText {#text} at (2,2) size 48x21
                text run at (2,2) width 48: "France"
            RenderTableCell {TD} at (104,56) size 300x25 [border: (1px inset #808080)] [r=2 c=1 rs=1 cs=1]
              RenderText {#text} at (2,2) size 35x21
                text run at (2,2) width 35: "Paris"
            RenderTableCell {TD} at (406,56) size 110x25 [border: (1px inset #808080)] [r=2 c=2 rs=1 cs=1]
              RenderText {#text} at (2,2) size 21x21
                text run at (2,2) width 21: "yes"
            RenderTableCell {TD} at (518,56) size 108x25 [border: (1px inset #808080)] [r=2 c=3 rs=1 cs=1]
              RenderText {#text} at (2,2) size 21x21
                text run at (2,2) width 21: "yes"
            RenderTableCell {TD} at (628,56) size 110x25 [border: (1px inset #808080)] [r=2 c=4 rs=1 cs=1]
              RenderText {#text} at (2,2) size 21x21
                text run at (2,2) width 21: "yes"
          RenderTableRow {TR} at (0,83) size 740x25
            RenderTableCell {TD} at (2,83) size 100x25 [border: (1px inset #808080)] [r=3 c=0 rs=1 cs=1]
              RenderText {#text} at (2,2) size 64x21
                text run at (2,2) width 64: "Germany"
            RenderTableCell {TD} at (104,83) size 300x25 [border: (1px inset #808080)] [r=3 c=1 rs=1 cs=1]
              RenderText {#text} at (2,2) size 69x21
                text run at (2,2) width 69: "Frankfurt"
            RenderTableCell {TD} at (406,83) size 110x25 [border: (1px inset #808080)] [r=3 c=2 rs=1 cs=1]
              RenderText {#text} at (2,2) size 21x21
                text run at (2,2) width 21: "yes"
            RenderTableCell {TD} at (518,83) size 108x25 [border: (1px inset #808080)] [r=3 c=3 rs=1 cs=1]
              RenderText {#text} at (2,2) size 21x21
                text run at (2,2) width 21: "yes"
            RenderTableCell {TD} at (628,83) size 110x25 [border: (1px inset #808080)] [r=3 c=4 rs=1 cs=1]
              RenderText {#text} at (2,2) size 21x21
                text run at (2,2) width 21: "yes"
          RenderTableRow {TR} at (0,110) size 740x25
            RenderTableCell {TD} at (2,110) size 100x25 [border: (1px inset #808080)] [r=4 c=0 rs=1 cs=1]
              RenderText {#text} at (2,2) size 58x21
                text run at (2,2) width 58: "England"
            RenderTableCell {TD} at (104,110) size 300x25 [border: (1px inset #808080)] [r=4 c=1 rs=1 cs=1]
              RenderText {#text} at (2,2) size 54x21
                text run at (2,2) width 54: "London"
            RenderTableCell {TD} at (406,110) size 110x25 [border: (1px inset #808080)] [r=4 c=2 rs=1 cs=1]
              RenderText {#text} at (2,2) size 21x21
                text run at (2,2) width 21: "yes"
            RenderTableCell {TD} at (518,110) size 108x25 [border: (1px inset #808080)] [r=4 c=3 rs=1 cs=1]
              RenderText {#text} at (2,2) size 21x21
                text run at (2,2) width 21: "yes"
            RenderTableCell {TD} at (628,110) size 110x25 [border: (1px inset #808080)] [r=4 c=4 rs=1 cs=1]
              RenderText {#text} at (2,2) size 21x21
                text run at (2,2) width 21: "yes"
          RenderTableRow {TR} at (0,137) size 740x25
            RenderTableCell {TD} at (2,137) size 100x25 [border: (1px inset #808080)] [r=5 c=0 rs=1 cs=1]
              RenderText {#text} at (2,2) size 83x21
                text run at (2,2) width 83: "Netherlands"
            RenderTableCell {TD} at (104,137) size 300x25 [border: (1px inset #808080)] [r=5 c=1 rs=1 cs=1]
              RenderText {#text} at (2,2) size 80x21
                text run at (2,2) width 80: "Amsterdam"
            RenderTableCell {TD} at (406,137) size 110x25 [border: (1px inset #808080)] [r=5 c=2 rs=1 cs=1]
              RenderText {#text} at (2,2) size 21x21
                text run at (2,2) width 21: "yes"
            RenderTableCell {TD} at (518,137) size 108x25 [border: (1px inset #808080)] [r=5 c=3 rs=1 cs=1]
              RenderText {#text} at (2,2) size 21x21
                text run at (2,2) width 21: "yes"
            RenderTableCell {TD} at (628,137) size 110x25 [border: (1px inset #808080)] [r=5 c=4 rs=1 cs=1]
              RenderText {#text} at (2,2) size 21x21
                text run at (2,2) width 21: "yes"
          RenderTableRow {TR} at (0,164) size 740x25
            RenderTableCell {TD} at (2,164) size 100x25 [border: (1px inset #808080)] [r=6 c=0 rs=1 cs=1]
              RenderText {#text} at (2,2) size 33x21
                text run at (2,2) width 33: "USA"
            RenderTableCell {TD} at (104,164) size 300x25 [border: (1px inset #808080)] [r=6 c=1 rs=1 cs=1]
              RenderText {#text} at (2,2) size 71x21
                text run at (2,2) width 71: "New York"
            RenderTableCell {TD} at (406,164) size 110x25 [border: (1px inset #808080)] [r=6 c=2 rs=1 cs=1]
              RenderText {#text} at (2,2) size 21x21
                text run at (2,2) width 21: "yes"
            RenderTableCell {TD} at (518,164) size 108x25 [border: (1px inset #808080)] [r=6 c=3 rs=1 cs=1]
              RenderText {#text} at (2,2) size 21x21
                text run at (2,2) width 21: "yes"
            RenderTableCell {TD} at (628,164) size 110x25 [border: (1px inset #808080)] [r=6 c=4 rs=1 cs=1]
              RenderText {#text} at (2,2) size 21x21
                text run at (2,2) width 21: "yes"
