layer at (0,0) size 800x600
  RenderView at (0,0) size 800x600
layer at (0,0) size 800x600
  RenderBlock {HTML} at (0,0) size 800x600
    RenderBody {BODY} at (8,8) size 784x584
      RenderBlock {P} at (0,0) size 784x66
        RenderText {#text} at (0,0) size 778x66
          text run at (0,0) width 772: "Colgroups are used to identify column groups. The table below has two distinct column groups; 'Airport Location'"
          text run at (0,22) width 778: "and 'Car Rental Information'. The first column group contains two columns and the second column group contains"
          text run at (0,44) width 99: "three columns."
      RenderBlock {P} at (0,82) size 784x22
        RenderText {#text} at (0,0) size 236x22
          text run at (0,0) width 236: "Text in the cells should be justified."
      RenderTable {TABLE} at (0,120) size 742x200 [border: (1px outset #808080)]
        RenderTableCol {COLGROUP} at (0,0) size 0x0
        RenderTableCol {COLGROUP} at (0,0) size 0x0
        RenderTableSection {TBODY} at (1,1) size 740x198
          RenderTableRow {TR} at (0,2) size 740x26
            RenderTableCell {TH} at (2,2) size 402x26 [border: (1px inset #808080)] [r=0 c=0 rs=1 cs=2]
              RenderText {#text} at (143,2) size 116x22
                text run at (143,2) width 116: "Airport Location"
            RenderTableCell {TH} at (406,2) size 332x26 [border: (1px inset #808080)] [r=0 c=2 rs=1 cs=3]
              RenderText {#text} at (86,2) size 160x22
                text run at (86,2) width 160: "Car Rental information"
          RenderTableRow {TR} at (0,30) size 740x26
            RenderTableCell {TH} at (2,30) size 100x26 [border: (1px inset #808080)] [r=1 c=0 rs=1 cs=1]
              RenderText {#text} at (21,2) size 58x22
                text run at (21,2) width 58: "Country"
            RenderTableCell {TH} at (104,30) size 300x26 [border: (1px inset #808080)] [r=1 c=1 rs=1 cs=1]
              RenderText {#text} at (135,2) size 30x22
                text run at (135,2) width 30: "City"
            RenderTableCell {TH} at (406,30) size 110x26 [border: (1px inset #808080)] [r=1 c=2 rs=1 cs=1]
              RenderText {#text} at (2,2) size 106x22
                text run at (2,2) width 106: "ABC Company"
            RenderTableCell {TH} at (518,30) size 108x26 [border: (1px inset #808080)] [r=1 c=3 rs=1 cs=1]
              RenderText {#text} at (2,2) size 104x22
                text run at (2,2) width 104: "EFG Company"
            RenderTableCell {TH} at (628,30) size 110x26 [border: (1px inset #808080)] [r=1 c=4 rs=1 cs=1]
              RenderText {#text} at (2,2) size 106x22
                text run at (2,2) width 106: "XYZ Company"
          RenderTableRow {TR} at (0,58) size 740x26
            RenderTableCell {TD} at (2,58) size 100x26 [border: (1px inset #808080)] [r=2 c=0 rs=1 cs=1]
              RenderText {#text} at (2,2) size 48x22
                text run at (2,2) width 48: "France"
            RenderTableCell {TD} at (104,58) size 300x26 [border: (1px inset #808080)] [r=2 c=1 rs=1 cs=1]
              RenderText {#text} at (2,2) size 35x22
                text run at (2,2) width 35: "Paris"
            RenderTableCell {TD} at (406,58) size 110x26 [border: (1px inset #808080)] [r=2 c=2 rs=1 cs=1]
              RenderText {#text} at (2,2) size 21x22
                text run at (2,2) width 21: "yes"
            RenderTableCell {TD} at (518,58) size 108x26 [border: (1px inset #808080)] [r=2 c=3 rs=1 cs=1]
              RenderText {#text} at (2,2) size 21x22
                text run at (2,2) width 21: "yes"
            RenderTableCell {TD} at (628,58) size 110x26 [border: (1px inset #808080)] [r=2 c=4 rs=1 cs=1]
              RenderText {#text} at (2,2) size 21x22
                text run at (2,2) width 21: "yes"
          RenderTableRow {TR} at (0,86) size 740x26
            RenderTableCell {TD} at (2,86) size 100x26 [border: (1px inset #808080)] [r=3 c=0 rs=1 cs=1]
              RenderText {#text} at (2,2) size 64x22
                text run at (2,2) width 64: "Germany"
            RenderTableCell {TD} at (104,86) size 300x26 [border: (1px inset #808080)] [r=3 c=1 rs=1 cs=1]
              RenderText {#text} at (2,2) size 69x22
                text run at (2,2) width 69: "Frankfurt"
            RenderTableCell {TD} at (406,86) size 110x26 [border: (1px inset #808080)] [r=3 c=2 rs=1 cs=1]
              RenderText {#text} at (2,2) size 21x22
                text run at (2,2) width 21: "yes"
            RenderTableCell {TD} at (518,86) size 108x26 [border: (1px inset #808080)] [r=3 c=3 rs=1 cs=1]
              RenderText {#text} at (2,2) size 21x22
                text run at (2,2) width 21: "yes"
            RenderTableCell {TD} at (628,86) size 110x26 [border: (1px inset #808080)] [r=3 c=4 rs=1 cs=1]
              RenderText {#text} at (2,2) size 21x22
                text run at (2,2) width 21: "yes"
          RenderTableRow {TR} at (0,114) size 740x26
            RenderTableCell {TD} at (2,114) size 100x26 [border: (1px inset #808080)] [r=4 c=0 rs=1 cs=1]
              RenderText {#text} at (2,2) size 58x22
                text run at (2,2) width 58: "England"
            RenderTableCell {TD} at (104,114) size 300x26 [border: (1px inset #808080)] [r=4 c=1 rs=1 cs=1]
              RenderText {#text} at (2,2) size 54x22
                text run at (2,2) width 54: "London"
            RenderTableCell {TD} at (406,114) size 110x26 [border: (1px inset #808080)] [r=4 c=2 rs=1 cs=1]
              RenderText {#text} at (2,2) size 21x22
                text run at (2,2) width 21: "yes"
            RenderTableCell {TD} at (518,114) size 108x26 [border: (1px inset #808080)] [r=4 c=3 rs=1 cs=1]
              RenderText {#text} at (2,2) size 21x22
                text run at (2,2) width 21: "yes"
            RenderTableCell {TD} at (628,114) size 110x26 [border: (1px inset #808080)] [r=4 c=4 rs=1 cs=1]
              RenderText {#text} at (2,2) size 21x22
                text run at (2,2) width 21: "yes"
          RenderTableRow {TR} at (0,142) size 740x26
            RenderTableCell {TD} at (2,142) size 100x26 [border: (1px inset #808080)] [r=5 c=0 rs=1 cs=1]
              RenderText {#text} at (2,2) size 83x22
                text run at (2,2) width 83: "Netherlands"
            RenderTableCell {TD} at (104,142) size 300x26 [border: (1px inset #808080)] [r=5 c=1 rs=1 cs=1]
              RenderText {#text} at (2,2) size 80x22
                text run at (2,2) width 80: "Amsterdam"
            RenderTableCell {TD} at (406,142) size 110x26 [border: (1px inset #808080)] [r=5 c=2 rs=1 cs=1]
              RenderText {#text} at (2,2) size 21x22
                text run at (2,2) width 21: "yes"
            RenderTableCell {TD} at (518,142) size 108x26 [border: (1px inset #808080)] [r=5 c=3 rs=1 cs=1]
              RenderText {#text} at (2,2) size 21x22
                text run at (2,2) width 21: "yes"
            RenderTableCell {TD} at (628,142) size 110x26 [border: (1px inset #808080)] [r=5 c=4 rs=1 cs=1]
              RenderText {#text} at (2,2) size 21x22
                text run at (2,2) width 21: "yes"
          RenderTableRow {TR} at (0,170) size 740x26
            RenderTableCell {TD} at (2,170) size 100x26 [border: (1px inset #808080)] [r=6 c=0 rs=1 cs=1]
              RenderText {#text} at (2,2) size 33x22
                text run at (2,2) width 33: "USA"
            RenderTableCell {TD} at (104,170) size 300x26 [border: (1px inset #808080)] [r=6 c=1 rs=1 cs=1]
              RenderText {#text} at (2,2) size 71x22
                text run at (2,2) width 71: "New York"
            RenderTableCell {TD} at (406,170) size 110x26 [border: (1px inset #808080)] [r=6 c=2 rs=1 cs=1]
              RenderText {#text} at (2,2) size 21x22
                text run at (2,2) width 21: "yes"
            RenderTableCell {TD} at (518,170) size 108x26 [border: (1px inset #808080)] [r=6 c=3 rs=1 cs=1]
              RenderText {#text} at (2,2) size 21x22
                text run at (2,2) width 21: "yes"
            RenderTableCell {TD} at (628,170) size 110x26 [border: (1px inset #808080)] [r=6 c=4 rs=1 cs=1]
              RenderText {#text} at (2,2) size 21x22
                text run at (2,2) width 21: "yes"
