layer at (0,0) size 800x600
  RenderView at (0,0) size 800x600
layer at (0,0) size 800x600
  RenderBlock {HTML} at (0,0) size 800x600
    RenderBody {BODY} at (8,8) size 784x584 [bgcolor=#FF0000]
      RenderBlock {P} at (0,0) size 784x22
        RenderText {#text} at (0,0) size 276x22
          text run at (0,0) width 276: "White table with a red body background"
      RenderTable {TABLE} at (0,38) size 118x60 [bgcolor=#FFFFFF] [border: (1px outset #808080)]
        RenderTableSection {TBODY} at (1,1) size 116x58
          RenderTableRow {TR} at (0,2) size 116x26
            RenderTableCell {TD} at (2,2) size 36x26 [border: (1px inset #808080)] [r=0 c=0 rs=1 cs=1]
              RenderText {#text} at (2,2) size 32x22
                text run at (2,2) width 32: "        "
            RenderTableCell {TD} at (40,2) size 36x26 [border: (1px inset #808080)] [r=0 c=1 rs=1 cs=1]
              RenderText {#text} at (2,2) size 32x22
                text run at (2,2) width 32: "        "
            RenderTableCell {TD} at (78,2) size 36x26 [border: (1px inset #808080)] [r=0 c=2 rs=1 cs=1]
              RenderText {#text} at (2,2) size 32x22
                text run at (2,2) width 32: "        "
          RenderTableRow {TR} at (0,30) size 116x26
            RenderTableCell {TD} at (2,30) size 36x26 [border: (1px inset #808080)] [r=1 c=0 rs=1 cs=1]
              RenderText {#text} at (2,2) size 32x22
                text run at (2,2) width 32: "        "
            RenderTableCell {TD} at (40,30) size 36x26 [border: (1px inset #808080)] [r=1 c=1 rs=1 cs=1]
              RenderText {#text} at (2,2) size 32x22
                text run at (2,2) width 32: "        "
            RenderTableCell {TD} at (78,30) size 36x26 [border: (1px inset #808080)] [r=1 c=2 rs=1 cs=1]
              RenderText {#text} at (2,2) size 32x22
                text run at (2,2) width 32: "        "
