layer at (0,0) size 800x600
  RenderView at (0,0) size 800x600
layer at (0,0) size 800x600
  RenderBlock {HTML} at (0,0) size 800x600
    RenderBody {BODY} at (8,8) size 784x584
      RenderBlock (anonymous) at (0,0) size 784x63
        RenderText {#text} at (0,0) size 762x63
          text run at (0,0) width 733: "This test case shows how WIDTH can set the width of the table to a fixed size using PERCENT. PERCENT "
          text run at (733,0) width 10: "is"
          text run at (0,21) width 545: "based on the percentage of the space between the current left and right margins. "
          text run at (545,21) width 217: "This first table has a width of 80"
          text run at (0,42) width 51: "percent"
      RenderTable {TABLE} at (0,63) size 627x52
        RenderTableSection {TBODY} at (0,0) size 627x52
          RenderTableRow {TR} at (0,2) size 627x23
            RenderTableCell {TD} at (2,2) size 210x23 [r=0 c=0 rs=1 cs=1]
              RenderText {#text} at (1,1) size 68x21
                text run at (1,1) width 68: "Navigator"
            RenderTableCell {TD} at (214,2) size 216x23 [r=0 c=1 rs=1 cs=1]
              RenderText {#text} at (1,1) size 72x21
                text run at (1,1) width 72: "Messenger"
            RenderTableCell {TD} at (432,2) size 193x23 [r=0 c=2 rs=1 cs=1]
              RenderText {#text} at (1,1) size 60x21
                text run at (1,1) width 60: "Collabra"
          RenderTableRow {TR} at (0,27) size 627x23
            RenderTableCell {TD} at (2,27) size 210x23 [r=1 c=0 rs=1 cs=1]
              RenderText {#text} at (1,1) size 70x21
                text run at (1,1) width 70: "Composer"
            RenderTableCell {TD} at (214,27) size 216x23 [r=1 c=1 rs=1 cs=1]
              RenderText {#text} at (1,1) size 64x21
                text run at (1,1) width 64: "Calendar"
            RenderTableCell {TD} at (432,27) size 193x23 [r=1 c=2 rs=1 cs=1]
              RenderText {#text} at (1,1) size 64x21
                text run at (1,1) width 64: "Netcaster"
      RenderBlock (anonymous) at (0,115) size 784x42
        RenderBR {BR} at (0,0) size 0x21
        RenderText {#text} at (0,21) size 333x21
          text run at (0,21) width 333: "While, this second table has a width of 50 percent"
      RenderTable {TABLE} at (0,157) size 392x52
        RenderTableSection {TBODY} at (0,0) size 392x52
          RenderTableRow {TR} at (0,2) size 392x23
            RenderTableCell {TD} at (2,2) size 130x23 [r=0 c=0 rs=1 cs=1]
              RenderText {#text} at (1,1) size 68x21
                text run at (1,1) width 68: "Navigator"
            RenderTableCell {TD} at (134,2) size 134x23 [r=0 c=1 rs=1 cs=1]
              RenderText {#text} at (1,1) size 72x21
                text run at (1,1) width 72: "Messenger"
            RenderTableCell {TD} at (270,2) size 120x23 [r=0 c=2 rs=1 cs=1]
              RenderText {#text} at (1,1) size 60x21
                text run at (1,1) width 60: "Collabra"
          RenderTableRow {TR} at (0,27) size 392x23
            RenderTableCell {TD} at (2,27) size 130x23 [r=1 c=0 rs=1 cs=1]
              RenderText {#text} at (1,1) size 70x21
                text run at (1,1) width 70: "Composer"
            RenderTableCell {TD} at (134,27) size 134x23 [r=1 c=1 rs=1 cs=1]
              RenderText {#text} at (1,1) size 64x21
                text run at (1,1) width 64: "Calendar"
            RenderTableCell {TD} at (270,27) size 120x23 [r=1 c=2 rs=1 cs=1]
              RenderText {#text} at (1,1) size 64x21
                text run at (1,1) width 64: "Netcaster"
