layer at (0,0) size 800x600
  RenderView at (0,0) size 800x600
layer at (0,0) size 800x600
  RenderBlock {HTML} at (0,0) size 800x600
    RenderBody {BODY} at (8,8) size 784x584
      RenderBlock (anonymous) at (0,0) size 784x21
        RenderText {#text} at (0,0) size 487x21
          text run at (0,0) width 487: "The table displayed is two rows by three columns with center alignment."
        RenderBR {BR} at (487,16) size 0x0
      RenderTable {TABLE} at (282,21) size 220x52
        RenderTableSection {TBODY} at (0,0) size 220x52
          RenderTableRow {TR} at (0,2) size 220x23
            RenderTableCell {TD} at (2,2) size 72x23 [r=0 c=0 rs=1 cs=1]
              RenderText {#text} at (1,1) size 68x21
                text run at (1,1) width 68: "Navigator"
            RenderTableCell {TD} at (76,2) size 74x23 [r=0 c=1 rs=1 cs=1]
              RenderText {#text} at (1,1) size 72x21
                text run at (1,1) width 72: "Messenger"
            RenderTableCell {TD} at (152,2) size 66x23 [r=0 c=2 rs=1 cs=1]
              RenderText {#text} at (1,1) size 60x21
                text run at (1,1) width 60: "Collabra"
          RenderTableRow {TR} at (0,27) size 220x23
            RenderTableCell {TD} at (2,27) size 72x23 [r=1 c=0 rs=1 cs=1]
              RenderText {#text} at (1,1) size 70x21
                text run at (1,1) width 70: "Composer"
            RenderTableCell {TD} at (76,27) size 74x23 [r=1 c=1 rs=1 cs=1]
              RenderText {#text} at (1,1) size 64x21
                text run at (1,1) width 64: "Calendar"
            RenderTableCell {TD} at (152,27) size 66x23 [r=1 c=2 rs=1 cs=1]
              RenderText {#text} at (1,1) size 64x21
                text run at (1,1) width 64: "Netcaster"
