layer at (0,0) size 800x600
  RenderView at (0,0) size 800x600
layer at (0,0) size 800x600
  RenderBlock {HTML} at (0,0) size 800x600
    RenderBody {BODY} at (8,8) size 784x584
      RenderBlock (anonymous) at (0,0) size 784x66
        RenderText {#text} at (0,0) size 775x66
          text run at (0,0) width 323: "CELLSPACING controls the distance in pixels "
          text run at (323,0) width 452: "between each cell in the table. The first table has a cellspacing of 15"
          text run at (0,22) width 312: "pixels; the second table isn't using cellspacing. "
          text run at (312,22) width 457: "Notice the difference here. The first table should be rendered with a"
          text run at (0,44) width 193: "wider gap between the cells. "
        RenderBR {BR} at (0,0) size 0x0
      RenderTable {TABLE} at (0,66) size 272x93
        RenderTableSection {TBODY} at (0,0) size 272x93
          RenderTableRow {TR} at (0,15) size 272x24
            RenderTableCell {TD} at (15,15) size 72x24 [r=0 c=0 rs=1 cs=1]
              RenderText {#text} at (1,1) size 68x22
                text run at (1,1) width 68: "Navigator"
            RenderTableCell {TD} at (102,15) size 74x24 [r=0 c=1 rs=1 cs=1]
              RenderText {#text} at (1,1) size 72x22
                text run at (1,1) width 72: "Messenger"
            RenderTableCell {TD} at (191,15) size 66x24 [r=0 c=2 rs=1 cs=1]
              RenderText {#text} at (1,1) size 60x22
                text run at (1,1) width 60: "Collabra"
          RenderTableRow {TR} at (0,54) size 272x24
            RenderTableCell {TD} at (15,54) size 72x24 [r=1 c=0 rs=1 cs=1]
              RenderText {#text} at (1,1) size 70x22
                text run at (1,1) width 70: "Composer"
            RenderTableCell {TD} at (102,54) size 74x24 [r=1 c=1 rs=1 cs=1]
              RenderText {#text} at (1,1) size 64x22
                text run at (1,1) width 64: "Calendar"
            RenderTableCell {TD} at (191,54) size 66x24 [r=1 c=2 rs=1 cs=1]
              RenderText {#text} at (1,1) size 64x22
                text run at (1,1) width 64: "Netcaster"
      RenderBlock (anonymous) at (0,159) size 784x66
        RenderBR {BR} at (0,0) size 0x22
        RenderBR {BR} at (0,22) size 0x22
        RenderText {#text} at (0,44) size 229x22
          text run at (0,44) width 229: "This table contains no cellspacing."
      RenderTable {TABLE} at (0,225) size 220x54
        RenderTableSection {TBODY} at (0,0) size 220x54
          RenderTableRow {TR} at (0,2) size 220x24
            RenderTableCell {TD} at (2,2) size 72x24 [r=0 c=0 rs=1 cs=1]
              RenderText {#text} at (1,1) size 68x22
                text run at (1,1) width 68: "Navigator"
            RenderTableCell {TD} at (76,2) size 74x24 [r=0 c=1 rs=1 cs=1]
              RenderText {#text} at (1,1) size 72x22
                text run at (1,1) width 72: "Messenger"
            RenderTableCell {TD} at (152,2) size 66x24 [r=0 c=2 rs=1 cs=1]
              RenderText {#text} at (1,1) size 60x22
                text run at (1,1) width 60: "Collabra"
          RenderTableRow {TR} at (0,28) size 220x24
            RenderTableCell {TD} at (2,28) size 72x24 [r=1 c=0 rs=1 cs=1]
              RenderText {#text} at (1,1) size 70x22
                text run at (1,1) width 70: "Composer"
            RenderTableCell {TD} at (76,28) size 74x24 [r=1 c=1 rs=1 cs=1]
              RenderText {#text} at (1,1) size 64x22
                text run at (1,1) width 64: "Calendar"
            RenderTableCell {TD} at (152,28) size 66x24 [r=1 c=2 rs=1 cs=1]
              RenderText {#text} at (1,1) size 64x22
                text run at (1,1) width 64: "Netcaster"
