layer at (0,0) size 800x600
  RenderView at (0,0) size 800x600
layer at (0,0) size 800x600
  RenderBlock {HTML} at (0,0) size 800x600
    RenderBody {BODY} at (8,8) size 784x584
      RenderBlock (anonymous) at (0,0) size 784x42
        RenderText {#text} at (0,0) size 683x21
          text run at (0,0) width 683: "This table uses a ROWSPAN attribute in the first TD tag. The ROWSPAN attribute has a value of 2."
        RenderBR {BR} at (683,16) size 0x0
        RenderBR {BR} at (0,21) size 0x21
      RenderTable {TABLE} at (0,42) size 286x58 [border: (1px outset #808080)]
        RenderTableSection {TBODY} at (1,1) size 284x56
          RenderTableRow {TR} at (0,2) size 284x25
            RenderTableCell {TD} at (2,15) size 70x25 [border: (1px inset #808080)] [r=0 c=0 rs=2 cs=1]
              RenderText {#text} at (2,2) size 66x21
                text run at (2,2) width 66: "Platforms"
            RenderTableCell {TD} at (74,2) size 208x25 [border: (1px inset #808080)] [r=0 c=1 rs=1 cs=1]
              RenderText {#text} at (2,2) size 204x21
                text run at (2,2) width 204: "Netscape Communicator 4.0.6"
          RenderTableRow {TR} at (0,29) size 284x25
            RenderTableCell {TD} at (74,29) size 208x25 [border: (1px inset #808080)] [r=1 c=1 rs=1 cs=1]
              RenderText {#text} at (2,2) size 151x21
                text run at (2,2) width 151: "Available Everywhere"
