layer at (0,0) size 800x600
  RenderView at (0,0) size 800x600
layer at (0,0) size 800x600
  RenderBlock {HTML} at (0,0) size 800x600
    RenderBody {BODY} at (8,8) size 784x584
      RenderBlock (anonymous) at (0,0) size 784x21
        RenderText {#text} at (0,0) size 498x21
          text run at (0,0) width 498: "The table displayed is two rows by three columns with a two pixel border."
        RenderBR {BR} at (498,16) size 0x0
      RenderTable {TABLE} at (0,21) size 230x60 [border: (2px outset #808080)]
        RenderTableSection {TBODY} at (2,2) size 226x56
          RenderTableRow {TR} at (0,2) size 226x25
            RenderTableCell {TD} at (2,2) size 74x25 [border: (1px inset #808080)] [r=0 c=0 rs=1 cs=1]
              RenderText {#text} at (2,2) size 68x21
                text run at (2,2) width 68: "Navigator"
            RenderTableCell {TD} at (78,2) size 76x25 [border: (1px inset #808080)] [r=0 c=1 rs=1 cs=1]
              RenderText {#text} at (2,2) size 72x21
                text run at (2,2) width 72: "Messenger"
            RenderTableCell {TD} at (156,2) size 68x25 [border: (1px inset #808080)] [r=0 c=2 rs=1 cs=1]
              RenderText {#text} at (2,2) size 60x21
                text run at (2,2) width 60: "Collabra"
          RenderTableRow {TR} at (0,29) size 226x25
            RenderTableCell {TD} at (2,29) size 74x25 [border: (1px inset #808080)] [r=1 c=0 rs=1 cs=1]
              RenderText {#text} at (2,2) size 70x21
                text run at (2,2) width 70: "Composer"
            RenderTableCell {TD} at (78,29) size 76x25 [border: (1px inset #808080)] [r=1 c=1 rs=1 cs=1]
              RenderText {#text} at (2,2) size 64x21
                text run at (2,2) width 64: "Calendar"
            RenderTableCell {TD} at (156,29) size 68x25 [border: (1px inset #808080)] [r=1 c=2 rs=1 cs=1]
              RenderText {#text} at (2,2) size 64x21
                text run at (2,2) width 64: "Netcaster"
