layer at (0,0) size 800x600
  RenderView at (0,0) size 800x600
layer at (0,0) size 800x600
  RenderBlock {HTML} at (0,0) size 800x600
    RenderBody {BODY} at (8,8) size 784x584
      RenderBlock (anonymous) at (0,0) size 784x22
        RenderText {#text} at (0,0) size 570x22
          text run at (0,0) width 570: "The TD tag uses the WIDTH attribute. The first table's TD width is set to 500 pixels."
        RenderBR {BR} at (570,16) size 0x0
      RenderTable {TABLE} at (0,22) size 610x60 [border: (1px outset #808080)]
        RenderTableSection {TBODY} at (1,1) size 608x58
          RenderTableRow {TR} at (0,2) size 608x26
            RenderTableCell {TD} at (2,2) size 604x26 [border: (1px inset #808080)] [r=0 c=0 rs=1 cs=1]
              RenderText {#text} at (2,2) size 261x22
                text run at (2,2) width 261: "Netscape Communicator Version 4.0.6"
          RenderTableRow {TR} at (0,30) size 608x26
            RenderTableCell {TD} at (2,30) size 604x26 [border: (1px inset #808080)] [r=1 c=0 rs=1 cs=1]
              RenderText {#text} at (2,2) size 66x22
                text run at (2,2) width 66: "Platforms"
      RenderBlock (anonymous) at (0,82) size 784x44
        RenderBR {BR} at (0,0) size 0x22
        RenderText {#text} at (0,22) size 324x22
          text run at (0,22) width 324: "This second table's TD width is set to 200 pixels."
        RenderBR {BR} at (324,38) size 0x0
      RenderTable {TABLE} at (0,126) size 210x82 [border: (1px outset #808080)]
        RenderTableSection {TBODY} at (1,1) size 208x80
          RenderTableRow {TR} at (0,2) size 208x48
            RenderTableCell {TD} at (2,2) size 204x48 [border: (1px inset #808080)] [r=0 c=0 rs=1 cs=1]
              RenderText {#text} at (2,2) size 168x44
                text run at (2,2) width 168: "Netscape Communicator"
                text run at (2,24) width 89: "Version 4.0.6"
          RenderTableRow {TR} at (0,52) size 208x26
            RenderTableCell {TD} at (2,52) size 204x26 [border: (1px inset #808080)] [r=1 c=0 rs=1 cs=1]
              RenderText {#text} at (2,2) size 66x22
                text run at (2,2) width 66: "Platforms"
