layer at (0,0) size 800x600
  RenderView at (0,0) size 800x600
layer at (0,0) size 800x600
  RenderBlock {HTML} at (0,0) size 800x600
    RenderBody {BODY} at (8,8) size 784x584
      RenderBlock (anonymous) at (0,0) size 784x22
        RenderText {#text} at (0,0) size 462x22
          text run at (0,0) width 462: "The table displayed is two rows by three columns with no alignment."
        RenderBR {BR} at (462,16) size 0x0
      RenderTable {TABLE} at (0,22) size 220x54
        RenderTableSection {TBODY} at (0,0) size 220x54
          RenderTableRow {TR} at (0,2) size 220x24
            RenderTableCell {TD} at (2,2) size 72x24 [r=0 c=0 rs=1 cs=1]
              RenderText {#text} at (1,1) size 68x22
                text run at (1,1) width 68: "Navigator"
            RenderTableCell {TD} at (76,2) size 74x24 [r=0 c=1 rs=1 cs=1]
              RenderText {#text} at (1,1) size 72x22
                text run at (1,1) width 72: "Messenger"
            RenderTableCell {TD} at (152,2) size 66x24 [r=0 c=2 rs=1 cs=1]
              RenderText {#text} at (1,1) size 60x22
                text run at (1,1) width 60: "Collabra"
          RenderTableRow {TR} at (0,28) size 220x24
            RenderTableCell {TD} at (2,28) size 72x24 [r=1 c=0 rs=1 cs=1]
              RenderText {#text} at (1,1) size 70x22
                text run at (1,1) width 70: "Composer"
            RenderTableCell {TD} at (76,28) size 74x24 [r=1 c=1 rs=1 cs=1]
              RenderText {#text} at (1,1) size 64x22
                text run at (1,1) width 64: "Calendar"
            RenderTableCell {TD} at (152,28) size 66x24 [r=1 c=2 rs=1 cs=1]
              RenderText {#text} at (1,1) size 64x22
                text run at (1,1) width 64: "Netcaster"
