layer at (0,0) size 800x600
  RenderView at (0,0) size 800x600
layer at (0,0) size 800x600
  RenderBlock {HTML} at (0,0) size 800x600
    RenderBody {BODY} at (8,8) size 784x584
      RenderBlock (anonymous) at (0,0) size 784x44
        RenderText {#text} at (0,0) size 642x22
          text run at (0,0) width 642: "This table uses a COLSPAN attribute in the TH tag. The COLSPAN attribute has a value of 6."
        RenderBR {BR} at (642,16) size 0x0
        RenderBR {BR} at (0,22) size 0x22
      RenderTable {TABLE} at (0,44) size 361x60 [border: (1px outset #808080)]
        RenderTableSection {TBODY} at (1,1) size 359x58
          RenderTableRow {TR} at (0,2) size 359x26
            RenderTableCell {TH} at (2,2) size 355x26 [border: (1px inset #808080)] [r=0 c=0 rs=1 cs=6]
              RenderText {#text} at (40,2) size 275x22
                text run at (40,2) width 275: "Netscape Communicator 4.0.6 Platforms"
          RenderTableRow {TR} at (0,30) size 359x26
            RenderTableCell {TD} at (2,30) size 63x26 [border: (1px inset #808080)] [r=1 c=0 rs=1 cs=1]
              RenderText {#text} at (2,2) size 59x22
                text run at (2,2) width 59: "Mac 68k"
            RenderTableCell {TD} at (67,30) size 82x26 [border: (1px inset #808080)] [r=1 c=1 rs=1 cs=1]
              RenderText {#text} at (2,2) size 78x22
                text run at (2,2) width 78: "Power Mac"
            RenderTableCell {TD} at (151,30) size 57x26 [border: (1px inset #808080)] [r=1 c=2 rs=1 cs=1]
              RenderText {#text} at (2,2) size 53x22
                text run at (2,2) width 53: "Win 3.1"
            RenderTableCell {TD} at (210,30) size 53x26 [border: (1px inset #808080)] [r=1 c=3 rs=1 cs=1]
              RenderText {#text} at (2,2) size 49x22
                text run at (2,2) width 49: "Win 95"
            RenderTableCell {TD} at (265,30) size 53x26 [border: (1px inset #808080)] [r=1 c=4 rs=1 cs=1]
              RenderText {#text} at (2,2) size 49x22
                text run at (2,2) width 49: "Win 98"
            RenderTableCell {TD} at (320,30) size 37x26 [border: (1px inset #808080)] [r=1 c=5 rs=1 cs=1]
              RenderText {#text} at (2,2) size 33x22
                text run at (2,2) width 33: "Unix"
