layer at (0,0) size 800x600
  RenderView at (0,0) size 800x600
layer at (0,0) size 800x600
  RenderBlock {HTML} at (0,0) size 800x600
    RenderBody {BODY} at (8,8) size 784x584
      RenderTable {TABLE} at (0,0) size 428x126 [border: (2px outset #808080)]
        RenderBlock {CAPTION} at (0,0) size 423x21
          RenderText {#text} at (2,0) size 419x21
            text run at (2,0) width 419: "Communicator 4.5 Installers for Mac and Windows Platforms"
        RenderTableSection {TBODY} at (2,23) size 423x100
          RenderTableRow {TR} at (0,0) size 423x26
            RenderTableCell {TH} at (0,10) size 130x5 [border: (3px solid #808080)] [r=0 c=0 rs=1 cs=1]
            RenderTableCell {TH} at (130,0) size 110x26 [border: (3px solid #808080)] [r=0 c=1 rs=1 cs=1]
              RenderText {#text} at (2,4) size 107x21
                text run at (2,4) width 107: "Macintosh PPC"
            RenderTableCell {TH} at (240,0) size 87x26 [border: (3px solid #808080)] [r=0 c=2 rs=1 cs=1]
              RenderText {#text} at (2,4) size 84x21
                text run at (2,4) width 84: "Windows 95"
            RenderTableCell {TH} at (327,0) size 96x26 [border: (3px solid #808080)] [r=0 c=3 rs=1 cs=1]
              RenderText {#text} at (2,4) size 91x21
                text run at (2,4) width 91: "Windows NT"
          RenderTableRow {TR} at (0,26) size 423x24
            RenderTableCell {TD} at (0,26) size 130x24 [border: (1px solid #808080)] [r=1 c=0 rs=1 cs=1]
              RenderText {#text} at (4,2) size 78x21
                text run at (4,2) width 78: "Base Install"
            RenderTableCell {TD} at (130,26) size 110x24 [border: (1px solid #808080)] [r=1 c=1 rs=1 cs=1]
              RenderText {#text} at (2,2) size 21x21
                text run at (2,2) width 21: "yes"
            RenderTableCell {TD} at (240,26) size 87x24 [border: (1px solid #808080)] [r=1 c=2 rs=1 cs=1]
              RenderText {#text} at (2,2) size 21x21
                text run at (2,2) width 21: "yes"
            RenderTableCell {TD} at (327,26) size 96x24 [border: (1px solid #808080)] [r=1 c=3 rs=1 cs=1]
              RenderText {#text} at (2,2) size 21x21
                text run at (2,2) width 21: "yes"
          RenderTableRow {TR} at (0,50) size 423x24
            RenderTableCell {TD} at (0,50) size 130x24 [border: (1px solid #808080)] [r=2 c=0 rs=1 cs=1]
              RenderText {#text} at (4,2) size 111x21
                text run at (4,2) width 111: "Complete Install"
            RenderTableCell {TD} at (130,50) size 110x24 [border: (1px solid #808080)] [r=2 c=1 rs=1 cs=1]
              RenderText {#text} at (2,2) size 21x21
                text run at (2,2) width 21: "yes"
            RenderTableCell {TD} at (240,50) size 87x24 [border: (1px solid #808080)] [r=2 c=2 rs=1 cs=1]
              RenderText {#text} at (2,2) size 21x21
                text run at (2,2) width 21: "yes"
            RenderTableCell {TD} at (327,50) size 96x24 [border: (1px solid #808080)] [r=2 c=3 rs=1 cs=1]
              RenderText {#text} at (2,2) size 21x21
                text run at (2,2) width 21: "yes"
          RenderTableRow {TR} at (0,74) size 423x26
            RenderTableCell {TD} at (0,74) size 130x26 [border: (1px solid #808080)] [r=3 c=0 rs=1 cs=1]
              RenderText {#text} at (4,2) size 125x21
                text run at (4,2) width 125: "Pro Edition Install"
            RenderTableCell {TD} at (130,74) size 110x26 [border: (1px solid #808080)] [r=3 c=1 rs=1 cs=1]
              RenderText {#text} at (2,2) size 21x21
                text run at (2,2) width 21: "yes"
            RenderTableCell {TD} at (240,74) size 87x26 [border: (1px solid #808080)] [r=3 c=2 rs=1 cs=1]
              RenderText {#text} at (2,2) size 21x21
                text run at (2,2) width 21: "yes"
            RenderTableCell {TD} at (327,74) size 96x26 [border: (1px solid #808080)] [r=3 c=3 rs=1 cs=1]
              RenderText {#text} at (2,2) size 21x21
                text run at (2,2) width 21: "yes"
