layer at (0,0) size 800x600
  RenderView at (0,0) size 800x600
layer at (0,0) size 800x600
  RenderBlock {HTML} at (0,0) size 800x600
    RenderBody {BODY} at (8,8) size 784x584
      RenderBlock (anonymous) at (0,0) size 784x42
        RenderText {#text} at (0,0) size 767x42
          text run at (0,0) width 630: "This test case shows how WIDTH can set the width of the table to a fixed size using PIXELS. "
          text run at (630,0) width 137: "This first table has a"
          text run at (0,21) width 130: "width of 400 pixels."
      RenderTable {TABLE} at (0,42) size 400x52
        RenderTableSection {TBODY} at (0,0) size 400x52
          RenderTableRow {TR} at (0,2) size 400x23
            RenderTableCell {TD} at (2,2) size 133x23 [r=0 c=0 rs=1 cs=1]
              RenderText {#text} at (1,1) size 68x21
                text run at (1,1) width 68: "Navigator"
            RenderTableCell {TD} at (137,2) size 136x23 [r=0 c=1 rs=1 cs=1]
              RenderText {#text} at (1,1) size 72x21
                text run at (1,1) width 72: "Messenger"
            RenderTableCell {TD} at (275,2) size 123x23 [r=0 c=2 rs=1 cs=1]
              RenderText {#text} at (1,1) size 60x21
                text run at (1,1) width 60: "Collabra"
          RenderTableRow {TR} at (0,27) size 400x23
            RenderTableCell {TD} at (2,27) size 133x23 [r=1 c=0 rs=1 cs=1]
              RenderText {#text} at (1,1) size 70x21
                text run at (1,1) width 70: "Composer"
            RenderTableCell {TD} at (137,27) size 136x23 [r=1 c=1 rs=1 cs=1]
              RenderText {#text} at (1,1) size 64x21
                text run at (1,1) width 64: "Calendar"
            RenderTableCell {TD} at (275,27) size 123x23 [r=1 c=2 rs=1 cs=1]
              RenderText {#text} at (1,1) size 64x21
                text run at (1,1) width 64: "Netcaster"
      RenderBlock (anonymous) at (0,94) size 784x42
        RenderBR {BR} at (0,0) size 0x21
        RenderText {#text} at (0,21) size 332x21
          text run at (0,21) width 332: "While, this second table has a width of 300 pixels."
      RenderTable {TABLE} at (0,136) size 300x52
        RenderTableSection {TBODY} at (0,0) size 300x52
          RenderTableRow {TR} at (0,2) size 300x23
            RenderTableCell {TD} at (2,2) size 99x23 [r=0 c=0 rs=1 cs=1]
              RenderText {#text} at (1,1) size 68x21
                text run at (1,1) width 68: "Navigator"
            RenderTableCell {TD} at (103,2) size 102x23 [r=0 c=1 rs=1 cs=1]
              RenderText {#text} at (1,1) size 72x21
                text run at (1,1) width 72: "Messenger"
            RenderTableCell {TD} at (207,2) size 91x23 [r=0 c=2 rs=1 cs=1]
              RenderText {#text} at (1,1) size 60x21
                text run at (1,1) width 60: "Collabra"
          RenderTableRow {TR} at (0,27) size 300x23
            RenderTableCell {TD} at (2,27) size 99x23 [r=1 c=0 rs=1 cs=1]
              RenderText {#text} at (1,1) size 70x21
                text run at (1,1) width 70: "Composer"
            RenderTableCell {TD} at (103,27) size 102x23 [r=1 c=1 rs=1 cs=1]
              RenderText {#text} at (1,1) size 64x21
                text run at (1,1) width 64: "Calendar"
            RenderTableCell {TD} at (207,27) size 91x23 [r=1 c=2 rs=1 cs=1]
              RenderText {#text} at (1,1) size 64x21
                text run at (1,1) width 64: "Netcaster"
