layer at (0,0) size 800x600
  RenderView at (0,0) size 800x600
layer at (0,0) size 800x600
  RenderBlock {HTML} at (0,0) size 800x600
    RenderBody {BODY} at (8,8) size 784x584
      RenderBlock (anonymous) at (0,0) size 784x44
        RenderText {#text} at (0,0) size 780x44
          text run at (0,0) width 780: "The TD tag uses the ALIGN attribute. The contents in the first TD tag (Netscape Communicator) should be aligned"
          text run at (0,22) width 37: "right."
        RenderBR {BR} at (37,38) size 0x0
      RenderTable {TABLE} at (0,44) size 310x60 [border: (1px outset #808080)]
        RenderTableSection {TBODY} at (1,1) size 308x58
          RenderTableRow {TR} at (0,2) size 308x26
            RenderTableCell {TD} at (2,2) size 298x26 [border: (1px inset #808080)] [r=0 c=0 rs=1 cs=1]
              RenderText {#text} at (128,2) size 168x22
                text run at (128,2) width 168: "Netscape Communicator"
            RenderTableCell {TD} at (302,13) size 4x4 [border: (1px inset #808080)] [r=0 c=1 rs=1 cs=1]
          RenderTableRow {TR} at (0,30) size 308x26
            RenderTableCell {TD} at (2,30) size 298x26 [border: (1px inset #808080)] [r=1 c=0 rs=1 cs=1]
              RenderText {#text} at (2,2) size 294x22
                text run at (2,2) width 294: "Available on the Mac/PC/UNIX platforms !"
