layer at (0,0) size 800x600
  RenderView at (0,0) size 800x600
layer at (0,0) size 800x600
  RenderBlock {HTML} at (0,0) size 800x600
    RenderBody {BODY} at (8,8) size 784x584
      RenderTable {TABLE} at (0,0) size 425x123 [border: (2px outset #808080)]
        RenderBlock {CAPTION} at (0,0) size 420x21
          RenderText {#text} at (0,0) size 420x21
            text run at (0,0) width 420: "Communicator 4.5 Installers for Mac and Windows Platforms"
        RenderTableSection {TBODY} at (2,23) size 420x97
          RenderTableRow {TR} at (0,0) size 420x26
            RenderTableCell {TH} at (0,10) size 130x5 [border: (3px none #000000)] [r=0 c=0 rs=1 cs=1]
            RenderTableCell {TH} at (130,0) size 109x26 [border: (3px none #000000)] [r=0 c=1 rs=1 cs=1]
              RenderText {#text} at (1,4) size 107x21
                text run at (1,4) width 107: "Macintosh PPC"
            RenderTableCell {TH} at (239,0) size 86x26 [border: (3px none #000000)] [r=0 c=2 rs=1 cs=1]
              RenderText {#text} at (1,4) size 84x21
                text run at (1,4) width 84: "Windows 95"
            RenderTableCell {TH} at (325,0) size 95x26 [border: (3px none #000000)] [r=0 c=3 rs=1 cs=1]
              RenderText {#text} at (1,4) size 91x21
                text run at (1,4) width 91: "Windows NT"
          RenderTableRow {TR} at (0,26) size 420x23
            RenderTableCell {TD} at (0,26) size 130x23 [border: none] [r=1 c=0 rs=1 cs=1]
              RenderText {#text} at (4,1) size 78x21
                text run at (4,1) width 78: "Base Install"
            RenderTableCell {TD} at (130,26) size 109x23 [r=1 c=1 rs=1 cs=1]
              RenderText {#text} at (1,1) size 21x21
                text run at (1,1) width 21: "yes"
            RenderTableCell {TD} at (239,26) size 86x23 [r=1 c=2 rs=1 cs=1]
              RenderText {#text} at (1,1) size 21x21
                text run at (1,1) width 21: "yes"
            RenderTableCell {TD} at (325,26) size 95x23 [border: none] [r=1 c=3 rs=1 cs=1]
              RenderText {#text} at (1,1) size 21x21
                text run at (1,1) width 21: "yes"
          RenderTableRow {TR} at (0,49) size 420x23
            RenderTableCell {TD} at (0,49) size 130x23 [border: none] [r=2 c=0 rs=1 cs=1]
              RenderText {#text} at (4,1) size 111x21
                text run at (4,1) width 111: "Complete Install"
            RenderTableCell {TD} at (130,49) size 109x23 [r=2 c=1 rs=1 cs=1]
              RenderText {#text} at (1,1) size 21x21
                text run at (1,1) width 21: "yes"
            RenderTableCell {TD} at (239,49) size 86x23 [r=2 c=2 rs=1 cs=1]
              RenderText {#text} at (1,1) size 21x21
                text run at (1,1) width 21: "yes"
            RenderTableCell {TD} at (325,49) size 95x23 [border: none] [r=2 c=3 rs=1 cs=1]
              RenderText {#text} at (1,1) size 21x21
                text run at (1,1) width 21: "yes"
          RenderTableRow {TR} at (0,72) size 420x25
            RenderTableCell {TD} at (0,72) size 130x25 [border: none] [r=3 c=0 rs=1 cs=1]
              RenderText {#text} at (4,1) size 125x21
                text run at (4,1) width 125: "Pro Edition Install"
            RenderTableCell {TD} at (130,72) size 109x25 [border: none] [r=3 c=1 rs=1 cs=1]
              RenderText {#text} at (1,1) size 21x21
                text run at (1,1) width 21: "yes"
            RenderTableCell {TD} at (239,72) size 86x25 [border: none] [r=3 c=2 rs=1 cs=1]
              RenderText {#text} at (1,1) size 21x21
                text run at (1,1) width 21: "yes"
            RenderTableCell {TD} at (325,72) size 95x25 [border: none] [r=3 c=3 rs=1 cs=1]
              RenderText {#text} at (1,1) size 21x21
                text run at (1,1) width 21: "yes"
