layer at (0,0) size 800x600
  RenderView at (0,0) size 800x600
layer at (0,0) size 800x600
  RenderBlock {HTML} at (0,0) size 800x600
    RenderBody {BODY} at (8,8) size 784x584
      RenderBlock {P} at (0,0) size 784x44
        RenderText {#text} at (0,0) size 716x44
          text run at (0,0) width 716: "The TBODY element labels the body area of a table. In this test, the TBODY text has an attribute value of"
          text run at (0,22) width 668: "ALIGN=JUSTIFY. ALIGN-JUSTIFY should attempt to justify text within all cells of the TBODY."
      RenderTable {TABLE} at (0,60) size 724x94 [border: (1px outset #808080)]
        RenderTableSection {THEAD} at (1,1) size 722x30
          RenderTableRow {TR} at (0,2) size 722x26
            RenderTableCell {TD} at (2,2) size 358x26 [border: (1px inset #808080)] [r=0 c=0 rs=1 cs=1]
              RenderText {#text} at (2,2) size 354x22
                text run at (2,2) width 354: "This text is in the THEADThis text is in the THEAD"
            RenderTableCell {TD} at (362,2) size 358x26 [border: (1px inset #808080)] [r=0 c=1 rs=1 cs=1]
              RenderText {#text} at (2,2) size 354x22
                text run at (2,2) width 354: "This text is in the THEADThis text is in the THEAD"
        RenderTableSection {TFOOT} at (1,63) size 722x30
          RenderTableRow {TR} at (0,2) size 722x26
            RenderTableCell {TD} at (2,2) size 358x26 [border: (1px inset #808080)] [r=0 c=0 rs=1 cs=1]
              RenderText {#text} at (2,2) size 350x22
                text run at (2,2) width 350: "This text is in the TFOOTThis text is in the TFOOT"
            RenderTableCell {TD} at (362,2) size 358x26 [border: (1px inset #808080)] [r=0 c=1 rs=1 cs=1]
              RenderText {#text} at (2,2) size 350x22
                text run at (2,2) width 350: "This text is in the TFOOTThis text is in the TFOOT"
        RenderTableSection {TBODY} at (1,31) size 722x30
          RenderTableRow {TR} at (0,2) size 722x26
            RenderTableCell {TD} at (2,2) size 358x26 [border: (1px inset #808080)] [r=0 c=0 rs=1 cs=1]
              RenderText {#text} at (2,2) size 177x22
                text run at (2,2) width 177: "This text is in the TBODY"
            RenderTableCell {TD} at (362,2) size 358x26 [border: (1px inset #808080)] [r=0 c=1 rs=1 cs=1]
              RenderText {#text} at (2,2) size 177x22
                text run at (2,2) width 177: "This text is in the TBODY"
        RenderTableSection {TBODY} at (1,61) size 722x2
