layer at (0,0) size 800x600
  RenderView at (0,0) size 800x600
layer at (0,0) size 800x600
  RenderBlock {HTML} at (0,0) size 800x600
    RenderBody {BODY} at (8,8) size 784x584
      RenderBlock {P} at (0,0) size 784x63
        RenderText {#text} at (0,0) size 758x63
          text run at (0,0) width 732: "In this test, the TBODY section of the table contains numbers with decimals. The test uses the attribute/value"
          text run at (0,21) width 758: "ALIGN=char without the additional CHAR attribute to specify a particular character. Therefore, ALIGN=char"
          text run at (0,42) width 471: "should cause the numbers to align to the default value (decimal point)."
      RenderTable {TABLE} at (0,79) size 553x118 [border: (1px outset #808080)]
        RenderTableSection {THEAD} at (1,1) size 551x29
          RenderTableRow {TR} at (0,2) size 551x25
            RenderTableCell {TD} at (2,2) size 181x25 [border: (1px inset #808080)] [r=0 c=0 rs=1 cs=1]
              RenderText {#text} at (2,2) size 177x21
                text run at (2,2) width 177: "This text is in the THEAD"
            RenderTableCell {TD} at (185,2) size 181x25 [border: (1px inset #808080)] [r=0 c=1 rs=1 cs=1]
              RenderText {#text} at (2,2) size 177x21
                text run at (2,2) width 177: "This text is in the THEAD"
            RenderTableCell {TD} at (368,2) size 181x25 [border: (1px inset #808080)] [r=0 c=2 rs=1 cs=1]
              RenderText {#text} at (2,2) size 177x21
                text run at (2,2) width 177: "This text is in the THEAD"
        RenderTableSection {TFOOT} at (1,88) size 551x29
          RenderTableRow {TR} at (0,2) size 551x25
            RenderTableCell {TD} at (2,2) size 181x25 [border: (1px inset #808080)] [r=0 c=0 rs=1 cs=1]
              RenderText {#text} at (2,2) size 175x21
                text run at (2,2) width 175: "This text is in the TFOOT"
            RenderTableCell {TD} at (185,2) size 181x25 [border: (1px inset #808080)] [r=0 c=1 rs=1 cs=1]
              RenderText {#text} at (2,2) size 175x21
                text run at (2,2) width 175: "This text is in the TFOOT"
            RenderTableCell {TD} at (368,2) size 181x25 [border: (1px inset #808080)] [r=0 c=2 rs=1 cs=1]
              RenderText {#text} at (2,2) size 175x21
                text run at (2,2) width 175: "This text is in the TFOOT"
        RenderTableSection {TBODY} at (1,30) size 551x56
          RenderTableRow {TR} at (0,2) size 551x25
            RenderTableCell {TD} at (2,2) size 181x25 [border: (1px inset #808080)] [r=0 c=0 rs=1 cs=1]
              RenderText {#text} at (2,2) size 36x21
                text run at (2,2) width 36: "55.00"
            RenderTableCell {TD} at (185,2) size 181x25 [border: (1px inset #808080)] [r=0 c=1 rs=1 cs=1]
              RenderText {#text} at (2,2) size 60x21
                text run at (2,2) width 60: "55555.00"
            RenderTableCell {TD} at (368,2) size 181x25 [border: (1px inset #808080)] [r=0 c=2 rs=1 cs=1]
              RenderText {#text} at (2,2) size 44x21
                text run at (2,2) width 44: "555.00"
          RenderTableRow {TR} at (0,29) size 551x25
            RenderTableCell {TD} at (2,29) size 181x25 [border: (1px inset #808080)] [r=1 c=0 rs=1 cs=1]
              RenderText {#text} at (2,2) size 52x21
                text run at (2,2) width 52: "1234.56"
            RenderTableCell {TD} at (185,29) size 181x25 [border: (1px inset #808080)] [r=1 c=1 rs=1 cs=1]
              RenderText {#text} at (2,2) size 44x21
                text run at (2,2) width 44: "123.45"
            RenderTableCell {TD} at (368,29) size 181x25 [border: (1px inset #808080)] [r=1 c=2 rs=1 cs=1]
              RenderText {#text} at (2,2) size 60x21
                text run at (2,2) width 60: "12345.67"
        RenderTableSection {TBODY} at (1,86) size 551x2
