layer at (0,0) size 800x600
  RenderView at (0,0) size 800x600
layer at (0,0) size 800x600
  RenderBlock {HTML} at (0,0) size 800x600
    RenderBody {BODY} at (8,8) size 784x584
      RenderBlock (anonymous) at (0,0) size 784x22
        RenderText {#text} at (0,0) size 217x22
          text run at (0,0) width 217: "TFOOT VALIGN=BASELINE"
      RenderTable {TABLE} at (0,22) size 784x285 [border: (1px outset #808080)]
        RenderTableSection {THEAD} at (1,1) size 782x30
          RenderTableRow {TR} at (0,2) size 782x26
            RenderTableCell {TD} at (2,2) size 304x26 [border: (1px inset #808080)] [r=0 c=0 rs=1 cs=1]
              RenderText {#text} at (2,2) size 58x22
                text run at (2,2) width 58: "THEAD"
            RenderTableCell {TD} at (308,2) size 472x26 [border: (1px inset #808080)] [r=0 c=1 rs=1 cs=1]
              RenderText {#text} at (2,2) size 58x22
                text run at (2,2) width 58: "THEAD"
        RenderTableSection {TFOOT} at (1,63) size 782x221
          RenderTableRow {TR} at (0,2) size 782x217
            RenderTableCell {TD} at (2,2) size 304x189 [border: (1px inset #808080)] [r=0 c=0 rs=1 cs=1]
              RenderImage {IMG} at (2,2) size 300x185
            RenderTableCell {TD} at (308,171) size 472x48 [border: (1px inset #808080)] [r=0 c=1 rs=1 cs=1]
              RenderText {#text} at (2,2) size 426x44
                text run at (2,2) width 426: "This text is within the TFOOT element and should be vertically"
                text run at (2,24) width 149: "aligned to the baseline"
        RenderTableSection {TBODY} at (1,31) size 782x30
          RenderTableRow {TR} at (0,2) size 782x26
            RenderTableCell {TD} at (2,2) size 304x26 [border: (1px inset #808080)] [r=0 c=0 rs=1 cs=1]
              RenderText {#text} at (2,2) size 58x22
                text run at (2,2) width 58: "TBODY"
            RenderTableCell {TD} at (308,2) size 472x26 [border: (1px inset #808080)] [r=0 c=1 rs=1 cs=1]
              RenderText {#text} at (2,2) size 58x22
                text run at (2,2) width 58: "TBODY"
        RenderTableSection {TBODY} at (1,61) size 782x2
