layer at (0,0) size 800x600
  RenderView at (0,0) size 800x600
layer at (0,0) size 800x600
  RenderBlock {HTML} at (0,0) size 800x600
    RenderBody {BODY} at (8,8) size 784x584
      RenderBlock {P} at (0,0) size 784x42
        RenderText {#text} at (0,0) size 711x42
          text run at (0,0) width 711: "The TFOOT element labels the head area of a table. In this test, the TFOOT text has an attribute value of"
          text run at (0,21) width 666: "ALIGN=JUSTIFY. ALIGN-JUSTIFY should attempt to justify text within all cells of the TFOOT."
      RenderTable {TABLE} at (0,58) size 724x91 [border: (1px outset #808080)]
        RenderTableSection {THEAD} at (1,1) size 722x29
          RenderTableRow {TR} at (0,2) size 722x25
            RenderTableCell {TD} at (2,2) size 358x25 [border: (1px inset #808080)] [r=0 c=0 rs=1 cs=1]
              RenderText {#text} at (2,2) size 354x21
                text run at (2,2) width 354: "This text is in the THEADThis text is in the THEAD"
            RenderTableCell {TD} at (362,2) size 358x25 [border: (1px inset #808080)] [r=0 c=1 rs=1 cs=1]
              RenderText {#text} at (2,2) size 354x21
                text run at (2,2) width 354: "This text is in the THEADThis text is in the THEAD"
        RenderTableSection {TFOOT} at (1,61) size 722x29
          RenderTableRow {TR} at (0,2) size 722x25
            RenderTableCell {TD} at (2,2) size 358x25 [border: (1px inset #808080)] [r=0 c=0 rs=1 cs=1]
              RenderText {#text} at (2,2) size 175x21
                text run at (2,2) width 175: "This text is in the TFOOT"
            RenderTableCell {TD} at (362,2) size 358x25 [border: (1px inset #808080)] [r=0 c=1 rs=1 cs=1]
              RenderText {#text} at (2,2) size 175x21
                text run at (2,2) width 175: "This text is in the TFOOT"
        RenderTableSection {TBODY} at (1,30) size 722x29
          RenderTableRow {TR} at (0,2) size 722x25
            RenderTableCell {TD} at (2,2) size 358x25 [border: (1px inset #808080)] [r=0 c=0 rs=1 cs=1]
              RenderText {#text} at (2,2) size 354x21
                text run at (2,2) width 354: "This text is in the TBODYThis text is in the TBODY"
            RenderTableCell {TD} at (362,2) size 358x25 [border: (1px inset #808080)] [r=0 c=1 rs=1 cs=1]
              RenderText {#text} at (2,2) size 354x21
                text run at (2,2) width 354: "This text is in the TBODYThis text is in the TBODY"
        RenderTableSection {TBODY} at (1,59) size 722x2
