layer at (0,0) size 800x600
  RenderView at (0,0) size 800x600
layer at (0,0) size 800x600
  RenderBlock {HTML} at (0,0) size 800x600
    RenderBody {BODY} at (8,8) size 784x584
      RenderBlock {P} at (0,0) size 784x22
        RenderText {#text} at (0,0) size 710x22
          text run at (0,0) width 710: "The THEAD element labels the head area of a table. In this test, the THEAD text should be right aligned."
      RenderTable {TABLE} at (0,38) size 724x94 [border: (1px outset #808080)]
        RenderTableSection {THEAD} at (1,1) size 722x30
          RenderTableRow {TR} at (0,2) size 722x26
            RenderTableCell {TD} at (2,2) size 358x26 [border: (1px inset #808080)] [r=0 c=0 rs=1 cs=1]
              RenderText {#text} at (179,2) size 177x22
                text run at (179,2) width 177: "This text is in the THEAD"
            RenderTableCell {TD} at (362,2) size 358x26 [border: (1px inset #808080)] [r=0 c=1 rs=1 cs=1]
              RenderText {#text} at (179,2) size 177x22
                text run at (179,2) width 177: "This text is in the THEAD"
        RenderTableSection {TFOOT} at (1,63) size 722x30
          RenderTableRow {TR} at (0,2) size 722x26
            RenderTableCell {TD} at (2,2) size 358x26 [border: (1px inset #808080)] [r=0 c=0 rs=1 cs=1]
              RenderText {#text} at (2,2) size 350x22
                text run at (2,2) width 350: "This text is in the TFOOTThis text is in the TFOOT"
            RenderTableCell {TD} at (362,2) size 358x26 [border: (1px inset #808080)] [r=0 c=1 rs=1 cs=1]
              RenderText {#text} at (2,2) size 350x22
                text run at (2,2) width 350: "This text is in the TFOOTThis text is in the TFOOT"
        RenderTableSection {TBODY} at (1,31) size 722x30
          RenderTableRow {TR} at (0,2) size 722x26
            RenderTableCell {TD} at (2,2) size 358x26 [border: (1px inset #808080)] [r=0 c=0 rs=1 cs=1]
              RenderText {#text} at (2,2) size 354x22
                text run at (2,2) width 354: "This text is in the TBODYThis text is in the TBODY"
            RenderTableCell {TD} at (362,2) size 358x26 [border: (1px inset #808080)] [r=0 c=1 rs=1 cs=1]
              RenderText {#text} at (2,2) size 354x22
                text run at (2,2) width 354: "This text is in the TBODYThis text is in the TBODY"
        RenderTableSection {TBODY} at (1,61) size 722x2
