layer at (0,0) size 800x600
  RenderView at (0,0) size 800x600
layer at (0,0) size 800x144
  RenderBlock {html} at (0,0) size 800x144
    RenderBody {body} at (8,16) size 784x120
      RenderBlock {p} at (0,0) size 784x22
        RenderText {#text} at (0,0) size 334x22
          text run at (0,0) width 334: "The table caption should be aligned at the bottom"
      RenderTable {table} at (0,38) size 124x82 [border: (1px outset #808080)]
        RenderBlock {caption} at (0,60) size 122x22
          RenderText {#text} at (23,0) size 76x22
            text run at (23,0) width 76: "CAPTION"
        RenderTableSection (anonymous) at (1,1) size 122x58
          RenderTableRow {tr} at (0,2) size 122x26
            RenderTableCell {td} at (2,2) size 38x26 [border: (1px inset #808080)] [r=0 c=0 rs=1 cs=1]
              RenderText {#text} at (2,2) size 34x22
                text run at (2,2) width 34: "cell 1"
            RenderTableCell {td} at (42,2) size 38x26 [border: (1px inset #808080)] [r=0 c=1 rs=1 cs=1]
              RenderText {#text} at (2,2) size 34x22
                text run at (2,2) width 34: "cell 2"
            RenderTableCell {td} at (82,2) size 38x26 [border: (1px inset #808080)] [r=0 c=2 rs=1 cs=1]
              RenderText {#text} at (2,2) size 34x22
                text run at (2,2) width 34: "cell 3"
          RenderTableRow {tr} at (0,30) size 122x26
            RenderTableCell {td} at (2,30) size 38x26 [border: (1px inset #808080)] [r=1 c=0 rs=1 cs=1]
              RenderText {#text} at (2,2) size 34x22
                text run at (2,2) width 34: "cell 4"
            RenderTableCell {td} at (42,30) size 38x26 [border: (1px inset #808080)] [r=1 c=1 rs=1 cs=1]
              RenderText {#text} at (2,2) size 34x22
                text run at (2,2) width 34: "cell 5"
            RenderTableCell {td} at (82,30) size 38x26 [border: (1px inset #808080)] [r=1 c=2 rs=1 cs=1]
              RenderText {#text} at (2,2) size 34x22
                text run at (2,2) width 34: "cell 6"
