layer at (0,0) size 800x600
  RenderView at (0,0) size 800x600
layer at (0,0) size 800x70
  RenderBlock {html} at (0,0) size 800x70
    RenderBody {body} at (8,8) size 784x54
      RenderTable {table} at (0,0) size 784x54 [border: (1px outset #808080)]
        RenderBlock {caption} at (0,0) size 782x22 [bgcolor=#00FF00]
          RenderText {#text} at (241,0) size 300x22
            text run at (241,0) width 185: "This caption should have a "
            text run at (426,0) width 115: "lime background"
        RenderTableSection (anonymous) at (1,23) size 782x30
          RenderTableRow {tr} at (0,2) size 782x26
            RenderTableCell {td} at (2,2) size 778x26 [border: (1px inset #808080)] [r=0 c=0 rs=1 cs=1]
              RenderText {#text} at (2,2) size 22x22
                text run at (2,2) width 22: "cell"
