layer at (0,0) size 800x600
  RenderView at (0,0) size 800x600
layer at (0,0) size 800x278
  RenderBlock {html} at (0,0) size 800x278
    RenderBody {body} at (8,16) size 784x254
      RenderBlock {p} at (0,0) size 784x22
        RenderText {#text} at (0,0) size 180x22
          text run at (0,0) width 180: "COL VALIGN=MIDDLE"
      RenderTable {table} at (0,38) size 737x216 [border: (1px outset #808080)]
        RenderTableCol {colgroup} at (0,0) size 0x0
          RenderTableCol {col} at (0,0) size 0x0
          RenderTableCol {col} at (0,0) size 0x0
        RenderTableSection (anonymous) at (1,1) size 735x214
          RenderTableRow {tr} at (0,2) size 735x210
            RenderTableCell {td} at (2,2) size 204x210 [border: (1px inset #808080)] [r=0 c=0 rs=1 cs=1]
              RenderImage {img} at (2,2) size 200x200
            RenderTableCell {td} at (208,94) size 525x26 [border: (1px inset #808080)] [r=0 c=1 rs=1 cs=1]
              RenderText {#text} at (2,2) size 521x22
                text run at (2,2) width 385: "The middle of this text should be vertically aligned to the "
                text run at (387,2) width 136: "middle of the image."
