layer at (0,0) size 800x600
  RenderView at (0,0) size 800x600
layer at (0,0) size 800x70
  RenderBlock {html} at (0,0) size 800x70
    RenderBody {body} at (8,8) size 784x54
      RenderTable {table} at (0,0) size 408x54 [border: (1px outset #808080)]
        RenderTableCol {colgroup} at (0,0) size 0x0
          RenderTableCol {col} at (0,0) size 0x0
        RenderTableSection (anonymous) at (1,1) size 406x52
          RenderTableRow {tr} at (0,2) size 406x48
            RenderTableCell {td} at (2,2) size 200x48 [border: (1px inset #808080)] [r=0 c=0 rs=1 cs=1]
              RenderText {#text} at (2,2) size 153x44
                text run at (2,2) width 153: "This column should be"
                text run at (2,24) width 77: "200px wide"
            RenderTableCell {td} at (204,2) size 200x48 [border: (1px inset #808080)] [r=0 c=1 rs=1 cs=1]
              RenderText {#text} at (2,2) size 153x44
                text run at (2,2) width 153: "This column should be"
                text run at (2,24) width 77: "200px wide"
