layer at (0,0) size 800x600
  RenderView at (0,0) size 800x600
layer at (0,0) size 800x176
  RenderBlock {html} at (0,0) size 800x176
    RenderBody {body} at (8,16) size 784x152
      RenderBlock {p} at (0,0) size 784x21
        RenderText {#text} at (0,0) size 126x21
          text run at (0,0) width 126: "COL WIDTH=pct"
      RenderTable {table} at (0,37) size 400x115 [border: (1px outset #808080)]
        RenderTableCol {colgroup} at (0,0) size 0x0
          RenderTableCol {col} at (0,0) size 0x0
          RenderTableCol {col} at (0,0) size 0x0
        RenderTableSection (anonymous) at (1,1) size 398x113
          RenderTableRow {tr} at (0,2) size 398x109
            RenderTableCell {td} at (2,2) size 98x109 [border: (1px inset #808080)] [r=0 c=0 rs=1 cs=1]
              RenderText {#text} at (2,2) size 93x105
                text run at (2,2) width 84: "This column"
                text run at (2,23) width 93: "should have a"
                text run at (2,44) width 92: "width of 25%"
                text run at (2,65) width 77: "of 400px or"
                text run at (2,86) width 41: "100px"
            RenderTableCell {td} at (102,33) size 294x46 [border: (1px inset #808080)] [r=0 c=1 rs=1 cs=1]
              RenderText {#text} at (2,2) size 277x42
                text run at (2,2) width 277: "This column should have a width of 75%"
                text run at (2,23) width 122: "of 400px or 300px"
