layer at (0,0) size 800x600
  RenderView at (0,0) size 800x600
layer at (0,0) size 800x116
  RenderBlock {html} at (0,0) size 800x116
    RenderBody {body} at (8,16) size 784x92
      RenderBlock {p} at (0,0) size 784x22
        RenderText {#text} at (0,0) size 122x22
          text run at (0,0) width 122: "COL WIDTH=px"
      RenderTable {table} at (0,38) size 608x54 [border: (1px outset #808080)]
        RenderTableCol {colgroup} at (0,0) size 0x0
          RenderTableCol {col} at (0,0) size 0x0
          RenderTableCol {col} at (0,0) size 0x0
        RenderTableSection (anonymous) at (1,1) size 606x52
          RenderTableRow {tr} at (0,2) size 606x48
            RenderTableCell {td} at (2,2) size 200x48 [border: (1px inset #808080)] [r=0 c=0 rs=1 cs=1]
              RenderText {#text} at (2,2) size 181x44
                text run at (2,2) width 181: "This column should have a"
                text run at (2,24) width 126: "width of 200 pixels"
            RenderTableCell {td} at (204,13) size 400x26 [border: (1px inset #808080)] [r=0 c=1 rs=1 cs=1]
              RenderText {#text} at (2,2) size 311x22
                text run at (2,2) width 311: "This column should have a width of 400 pixels"
