layer at (0,0) size 800x600
  RenderView at (0,0) size 800x600
layer at (0,0) size 800x136
  RenderBlock {html} at (0,0) size 800x136
    RenderBody {body} at (8,8) size 784x120
      RenderTable {table} at (0,0) size 600x120 [border: (1px outset #808080)]
        RenderTableCol {colgroup} at (0,0) size 0x0
          RenderTableCol {col} at (0,0) size 0x0
          RenderTableCol {col} at (0,0) size 0x0
        RenderTableSection (anonymous) at (1,1) size 598x118
          RenderTableRow {tr} at (0,2) size 598x114
            RenderTableCell {td} at (2,2) size 296x114 [border: (1px inset #808080)] [r=0 c=0 rs=1 cs=1]
              RenderText {#text} at (2,2) size 283x110
                text run at (2,2) width 283: "The text in this cell text should be justified"
                text run at (2,24) width 123: "which means that "
                text run at (125,24) width 113: "the right and left"
                text run at (2,46) width 261: "margins should line up, no matter how"
                text run at (2,68) width 58: "long the "
                text run at (60,68) width 215: "content becomes (except the last"
                text run at (2,90) width 167: "line which should be left "
                text run at (169,90) width 58: "aligned)."
            RenderTableCell {td} at (300,2) size 296x114 [border: (1px inset #808080)] [r=0 c=1 rs=1 cs=1]
              RenderText {#text} at (2,2) size 283x110
                text run at (2,2) width 283: "The text in this cell text should be justified"
                text run at (2,24) width 123: "which means that "
                text run at (125,24) width 113: "the right and left"
                text run at (2,46) width 261: "margins should line up, no matter how"
                text run at (2,68) width 58: "long the "
                text run at (60,68) width 215: "content becomes (except the last"
                text run at (2,90) width 167: "line which should be left "
                text run at (169,90) width 58: "aligned)."
