layer at (0,0) size 800x600
  RenderView at (0,0) size 800x600
layer at (0,0) size 800x278
  RenderBlock {html} at (0,0) size 800x278
    RenderBody {body} at (8,16) size 784x254
      RenderBlock {p} at (0,0) size 784x22
        RenderText {#text} at (0,0) size 243x22
          text run at (0,0) width 243: "COLGROUP VALIGN=BOTTOM"
      RenderTable {table} at (0,38) size 784x216 [border: (1px outset #808080)]
        RenderTableCol {colgroup} at (0,0) size 0x0
          RenderTableCol {col} at (0,0) size 0x0
          RenderTableCol {col} at (0,0) size 0x0
        RenderTableSection (anonymous) at (1,1) size 782x214
          RenderTableRow {tr} at (0,2) size 782x210
            RenderTableCell {td} at (2,2) size 204x210 [border: (1px inset #808080)] [r=0 c=0 rs=1 cs=1]
              RenderImage {img} at (2,2) size 200x200
            RenderTableCell {td} at (208,72) size 572x70 [border: (1px inset #808080)] [r=0 c=1 rs=1 cs=1]
              RenderText {#text} at (2,2) size 559x66
                text run at (2,2) width 387: "The bottom of this text should be vertically aligned to the "
                text run at (389,2) width 172: "bottom of the image. x-fill"
                text run at (2,24) width 170: "x-fill x-fill x-fill x-fill x-fill "
                text run at (172,24) width 306: "x-fill x-fill x-fill x-fill x-fill x-fill x-fill x-fill x-fill "
                text run at (478,24) width 81: "x-fill x-fill x-"
                text run at (2,46) width 225: "fill x-fill x-fill x-fill x-fill x-fill x-fill "
                text run at (227,46) width 132: "x-fill x-fill x-fill x-fill"
