layer at (0,0) size 800x600
  RenderView at (0,0) size 800x600
layer at (0,0) size 800x331
  RenderBlock {html} at (0,0) size 800x331
    RenderBody {body} at (8,16) size 784x307
      RenderBlock {p} at (0,0) size 784x21
        RenderText {#text} at (0,0) size 254x21
          text run at (0,0) width 254: "COLGROUP VALIGN=BASELINE"
      RenderTable {table} at (0,37) size 784x270 [border: (1px outset #808080)]
        RenderTableCol {colgroup} at (0,0) size 0x0
          RenderTableCol {col} at (0,0) size 0x0
          RenderTableCol {col} at (0,0) size 0x0
        RenderTableSection (anonymous) at (1,1) size 782x268
          RenderTableRow {tr} at (0,2) size 782x264
            RenderTableCell {td} at (2,79) size 214x109 [border: (1px inset #808080)] [r=0 c=0 rs=1 cs=1]
              RenderText {#text} at (2,2) size 206x105
                text run at (2,2) width 189: "Compare the baseline of the"
                text run at (2,23) width 176: "first line of text in this cell "
                text run at (178,23) width 30: "with"
                text run at (2,44) width 197: "the baseline of the first line of"
                text run at (2,65) width 164: "text in the next cell: they"
                text run at (2,86) width 184: "should be vertically aligned"
            RenderTableCell {td} at (218,2) size 562x264 [border: (1px inset #808080)] [r=0 c=1 rs=1 cs=1]
              RenderText {#text} at (2,2) size 558x260
                text run at (2,2) width 558: "Compare the baseline of the first"
                text run at (2,54) width 72: "line "
                text run at (74,54) width 438: "of text in this cell with the"
                text run at (2,106) width 557: "baseline of the first line of text in"
                text run at (2,158) width 547: "the previous cell: they should be"
                text run at (2,210) width 294: "vertically aligned"
