layer at (0,0) size 800x600
  RenderView at (0,0) size 800x600
layer at (0,0) size 800x131
  RenderBlock {html} at (0,0) size 800x131
    RenderBody {body} at (8,8) size 784x115
      RenderTable {table} at (0,0) size 600x115 [border: (1px outset #808080)]
        RenderTableCol {colgroup} at (0,0) size 0x0
          RenderTableCol {col} at (0,0) size 0x0
          RenderTableCol {col} at (0,0) size 0x0
        RenderTableSection (anonymous) at (1,1) size 598x113
          RenderTableRow {tr} at (0,2) size 598x109
            RenderTableCell {td} at (2,2) size 296x109 [border: (1px inset #808080)] [r=0 c=0 rs=1 cs=1]
              RenderText {#text} at (2,2) size 283x105
                text run at (2,2) width 283: "The text in this cell text should be justified"
                text run at (2,23) width 123: "which means that "
                text run at (125,23) width 113: "the right and left"
                text run at (2,44) width 261: "margins should line up, no matter how"
                text run at (2,65) width 58: "long the "
                text run at (60,65) width 215: "content becomes (except the last"
                text run at (2,86) width 167: "line which should be left "
                text run at (169,86) width 58: "aligned)."
            RenderTableCell {td} at (300,2) size 296x109 [border: (1px inset #808080)] [r=0 c=1 rs=1 cs=1]
              RenderText {#text} at (2,2) size 283x105
                text run at (2,2) width 283: "The text in this cell text should be justified"
                text run at (2,23) width 123: "which means that "
                text run at (125,23) width 113: "the right and left"
                text run at (2,44) width 261: "margins should line up, no matter how"
                text run at (2,65) width 58: "long the "
                text run at (60,65) width 215: "content becomes (except the last"
                text run at (2,86) width 167: "line which should be left "
                text run at (169,86) width 58: "aligned)."
