layer at (0,0) size 800x600
  RenderView at (0,0) size 800x600
layer at (0,0) size 800x266
  RenderBlock {html} at (0,0) size 800x266
    RenderBody {body} at (8,8) size 784x250
      RenderTable {table} at (0,0) size 784x31 [border: (1px outset #808080)]
        RenderTableSection (anonymous) at (1,1) size 782x29
          RenderTableRow {tr} at (0,2) size 782x25
            RenderTableCell {td} at (2,2) size 778x25 [border: (1px inset #808080)] [r=0 c=0 rs=1 cs=1]
              RenderText {#text} at (2,2) size 471x21
                text run at (2,2) width 434: "This table should have a width 100% of the available horizontal "
                text run at (436,2) width 37: "space"
      RenderBlock (anonymous) at (0,31) size 784x21
        RenderBR {br} at (0,0) size 0x21
      RenderTable {table} at (0,52) size 588x31 [border: (1px outset #808080)]
        RenderTableSection (anonymous) at (1,1) size 586x29
          RenderTableRow {tr} at (0,2) size 586x25
            RenderTableCell {td} at (2,2) size 582x25 [border: (1px inset #808080)] [r=0 c=0 rs=1 cs=1]
              RenderText {#text} at (2,2) size 463x21
                text run at (2,2) width 426: "This table should have a width 75% of the available horizontal "
                text run at (428,2) width 37: "space"
      RenderBlock (anonymous) at (0,83) size 784x21
        RenderBR {br} at (0,0) size 0x21
      RenderTable {table} at (0,104) size 392x52 [border: (1px outset #808080)]
        RenderTableSection (anonymous) at (1,1) size 390x50
          RenderTableRow {tr} at (0,2) size 390x46
            RenderTableCell {td} at (2,2) size 386x46 [border: (1px inset #808080)] [r=0 c=0 rs=1 cs=1]
              RenderText {#text} at (2,2) size 349x42
                text run at (2,2) width 349: "This table should have a width 50% of the available"
                text run at (2,23) width 73: "horizontal "
                text run at (75,23) width 37: "space"
      RenderBlock (anonymous) at (0,156) size 784x21
        RenderBR {br} at (0,0) size 0x21
      RenderTable {table} at (0,177) size 196x73 [border: (1px outset #808080)]
        RenderTableSection (anonymous) at (1,1) size 194x71
          RenderTableRow {tr} at (0,2) size 194x67
            RenderTableCell {td} at (2,2) size 190x67 [border: (1px inset #808080)] [r=0 c=0 rs=1 cs=1]
              RenderText {#text} at (2,2) size 181x63
                text run at (2,2) width 164: "This table should have a"
                text run at (2,23) width 181: "width 25% of the available"
                text run at (2,44) width 73: "horizontal "
                text run at (75,44) width 37: "space"
