layer at (0,0) size 784x1784
  RenderView at (0,0) size 784x600
layer at (0,0) size 784x1784
  RenderBlock {html} at (0,0) size 784x1784
    RenderBody {body} at (8,16) size 768x1760 [bgcolor=#FFFFFF]
      RenderBlock {p} at (0,0) size 768x21
        RenderText {#text} at (0,0) size 288x21
          text run at (0,0) width 288: "Black table with a white body background"
      RenderTable {table} at (0,37) size 454x58 [bgcolor=#000000] [border: (1px outset #808080)]
        RenderTableSection (anonymous) at (1,1) size 452x56
          RenderTableRow {tr} at (0,2) size 452x25
            RenderTableCell {td} at (2,2) size 148x25 [border: (1px inset #808080)] [r=0 c=0 rs=1 cs=1]
              RenderText {#text} at (2,2) size 144x21
                text run at (2,2) width 144: "table table table table"
            RenderTableCell {td} at (152,2) size 148x25 [border: (1px inset #808080)] [r=0 c=1 rs=1 cs=1]
              RenderText {#text} at (2,2) size 144x21
                text run at (2,2) width 144: "table table table table"
            RenderTableCell {td} at (302,2) size 148x25 [border: (1px inset #808080)] [r=0 c=2 rs=1 cs=1]
              RenderText {#text} at (2,2) size 144x21
                text run at (2,2) width 144: "table table table table"
          RenderTableRow {tr} at (0,29) size 452x25
            RenderTableCell {td} at (2,29) size 148x25 [border: (1px inset #808080)] [r=1 c=0 rs=1 cs=1]
              RenderText {#text} at (2,2) size 144x21
                text run at (2,2) width 144: "table table table table"
            RenderTableCell {td} at (152,29) size 148x25 [border: (1px inset #808080)] [r=1 c=1 rs=1 cs=1]
              RenderText {#text} at (2,2) size 144x21
                text run at (2,2) width 144: "table table table table"
            RenderTableCell {td} at (302,29) size 148x25 [border: (1px inset #808080)] [r=1 c=2 rs=1 cs=1]
              RenderText {#text} at (2,2) size 144x21
                text run at (2,2) width 144: "table table table table"
      RenderBlock {p} at (0,111) size 768x21
        RenderText {#text} at (0,0) size 288x21
          text run at (0,0) width 288: "Silver table with a white body background"
      RenderTable {table} at (0,148) size 454x58 [bgcolor=#C0C0C0] [border: (1px outset #808080)]
        RenderTableSection (anonymous) at (1,1) size 452x56
          RenderTableRow {tr} at (0,2) size 452x25
            RenderTableCell {td} at (2,2) size 148x25 [border: (1px inset #808080)] [r=0 c=0 rs=1 cs=1]
              RenderText {#text} at (2,2) size 144x21
                text run at (2,2) width 144: "table table table table"
            RenderTableCell {td} at (152,2) size 148x25 [border: (1px inset #808080)] [r=0 c=1 rs=1 cs=1]
              RenderText {#text} at (2,2) size 144x21
                text run at (2,2) width 144: "table table table table"
            RenderTableCell {td} at (302,2) size 148x25 [border: (1px inset #808080)] [r=0 c=2 rs=1 cs=1]
              RenderText {#text} at (2,2) size 144x21
                text run at (2,2) width 144: "table table table table"
          RenderTableRow {tr} at (0,29) size 452x25
            RenderTableCell {td} at (2,29) size 148x25 [border: (1px inset #808080)] [r=1 c=0 rs=1 cs=1]
              RenderText {#text} at (2,2) size 144x21
                text run at (2,2) width 144: "table table table table"
            RenderTableCell {td} at (152,29) size 148x25 [border: (1px inset #808080)] [r=1 c=1 rs=1 cs=1]
              RenderText {#text} at (2,2) size 144x21
                text run at (2,2) width 144: "table table table table"
            RenderTableCell {td} at (302,29) size 148x25 [border: (1px inset #808080)] [r=1 c=2 rs=1 cs=1]
              RenderText {#text} at (2,2) size 144x21
                text run at (2,2) width 144: "table table table table"
      RenderBlock {p} at (0,222) size 768x21
        RenderText {#text} at (0,0) size 284x21
          text run at (0,0) width 284: "Gray table with a white body background"
      RenderTable {table} at (0,259) size 454x58 [bgcolor=#808080] [border: (1px outset #808080)]
        RenderTableSection (anonymous) at (1,1) size 452x56
          RenderTableRow {tr} at (0,2) size 452x25
            RenderTableCell {td} at (2,2) size 148x25 [border: (1px inset #808080)] [r=0 c=0 rs=1 cs=1]
              RenderText {#text} at (2,2) size 144x21
                text run at (2,2) width 144: "table table table table"
            RenderTableCell {td} at (152,2) size 148x25 [border: (1px inset #808080)] [r=0 c=1 rs=1 cs=1]
              RenderText {#text} at (2,2) size 144x21
                text run at (2,2) width 144: "table table table table"
            RenderTableCell {td} at (302,2) size 148x25 [border: (1px inset #808080)] [r=0 c=2 rs=1 cs=1]
              RenderText {#text} at (2,2) size 144x21
                text run at (2,2) width 144: "table table table table"
          RenderTableRow {tr} at (0,29) size 452x25
            RenderTableCell {td} at (2,29) size 148x25 [border: (1px inset #808080)] [r=1 c=0 rs=1 cs=1]
              RenderText {#text} at (2,2) size 144x21
                text run at (2,2) width 144: "table table table table"
            RenderTableCell {td} at (152,29) size 148x25 [border: (1px inset #808080)] [r=1 c=1 rs=1 cs=1]
              RenderText {#text} at (2,2) size 144x21
                text run at (2,2) width 144: "table table table table"
            RenderTableCell {td} at (302,29) size 148x25 [border: (1px inset #808080)] [r=1 c=2 rs=1 cs=1]
              RenderText {#text} at (2,2) size 144x21
                text run at (2,2) width 144: "table table table table"
      RenderBlock {p} at (0,333) size 768x21
        RenderText {#text} at (0,0) size 290x21
          text run at (0,0) width 290: "White table with a white body background"
      RenderTable {table} at (0,370) size 454x58 [border: (1px outset #808080)]
        RenderTableSection (anonymous) at (1,1) size 452x56
          RenderTableRow {tr} at (0,2) size 452x25
            RenderTableCell {td} at (2,2) size 148x25 [border: (1px inset #808080)] [r=0 c=0 rs=1 cs=1]
              RenderText {#text} at (2,2) size 144x21
                text run at (2,2) width 144: "table table table table"
            RenderTableCell {td} at (152,2) size 148x25 [border: (1px inset #808080)] [r=0 c=1 rs=1 cs=1]
              RenderText {#text} at (2,2) size 144x21
                text run at (2,2) width 144: "table table table table"
            RenderTableCell {td} at (302,2) size 148x25 [border: (1px inset #808080)] [r=0 c=2 rs=1 cs=1]
              RenderText {#text} at (2,2) size 144x21
                text run at (2,2) width 144: "table table table table"
          RenderTableRow {tr} at (0,29) size 452x25
            RenderTableCell {td} at (2,29) size 148x25 [border: (1px inset #808080)] [r=1 c=0 rs=1 cs=1]
              RenderText {#text} at (2,2) size 144x21
                text run at (2,2) width 144: "table table table table"
            RenderTableCell {td} at (152,29) size 148x25 [border: (1px inset #808080)] [r=1 c=1 rs=1 cs=1]
              RenderText {#text} at (2,2) size 144x21
                text run at (2,2) width 144: "table table table table"
            RenderTableCell {td} at (302,29) size 148x25 [border: (1px inset #808080)] [r=1 c=2 rs=1 cs=1]
              RenderText {#text} at (2,2) size 144x21
                text run at (2,2) width 144: "table table table table"
      RenderBlock {p} at (0,444) size 768x21
        RenderText {#text} at (0,0) size 304x21
          text run at (0,0) width 304: "Maroon table with a white body background"
      RenderTable {table} at (0,481) size 454x58 [bgcolor=#800000] [border: (1px outset #808080)]
        RenderTableSection (anonymous) at (1,1) size 452x56
          RenderTableRow {tr} at (0,2) size 452x25
            RenderTableCell {td} at (2,2) size 148x25 [border: (1px inset #808080)] [r=0 c=0 rs=1 cs=1]
              RenderText {#text} at (2,2) size 144x21
                text run at (2,2) width 144: "table table table table"
            RenderTableCell {td} at (152,2) size 148x25 [border: (1px inset #808080)] [r=0 c=1 rs=1 cs=1]
              RenderText {#text} at (2,2) size 144x21
                text run at (2,2) width 144: "table table table table"
            RenderTableCell {td} at (302,2) size 148x25 [border: (1px inset #808080)] [r=0 c=2 rs=1 cs=1]
              RenderText {#text} at (2,2) size 144x21
                text run at (2,2) width 144: "table table table table"
          RenderTableRow {tr} at (0,29) size 452x25
            RenderTableCell {td} at (2,29) size 148x25 [border: (1px inset #808080)] [r=1 c=0 rs=1 cs=1]
              RenderText {#text} at (2,2) size 144x21
                text run at (2,2) width 144: "table table table table"
            RenderTableCell {td} at (152,29) size 148x25 [border: (1px inset #808080)] [r=1 c=1 rs=1 cs=1]
              RenderText {#text} at (2,2) size 144x21
                text run at (2,2) width 144: "table table table table"
            RenderTableCell {td} at (302,29) size 148x25 [border: (1px inset #808080)] [r=1 c=2 rs=1 cs=1]
              RenderText {#text} at (2,2) size 144x21
                text run at (2,2) width 144: "table table table table"
      RenderBlock {p} at (0,555) size 768x21
        RenderText {#text} at (0,0) size 277x21
          text run at (0,0) width 277: "Red table with a white body background"
      RenderTable {table} at (0,592) size 454x58 [bgcolor=#FF0000] [border: (1px outset #808080)]
        RenderTableSection (anonymous) at (1,1) size 452x56
          RenderTableRow {tr} at (0,2) size 452x25
            RenderTableCell {td} at (2,2) size 148x25 [border: (1px inset #808080)] [r=0 c=0 rs=1 cs=1]
              RenderText {#text} at (2,2) size 144x21
                text run at (2,2) width 144: "table table table table"
            RenderTableCell {td} at (152,2) size 148x25 [border: (1px inset #808080)] [r=0 c=1 rs=1 cs=1]
              RenderText {#text} at (2,2) size 144x21
                text run at (2,2) width 144: "table table table table"
            RenderTableCell {td} at (302,2) size 148x25 [border: (1px inset #808080)] [r=0 c=2 rs=1 cs=1]
              RenderText {#text} at (2,2) size 144x21
                text run at (2,2) width 144: "table table table table"
          RenderTableRow {tr} at (0,29) size 452x25
            RenderTableCell {td} at (2,29) size 148x25 [border: (1px inset #808080)] [r=1 c=0 rs=1 cs=1]
              RenderText {#text} at (2,2) size 144x21
                text run at (2,2) width 144: "table table table table"
            RenderTableCell {td} at (152,29) size 148x25 [border: (1px inset #808080)] [r=1 c=1 rs=1 cs=1]
              RenderText {#text} at (2,2) size 144x21
                text run at (2,2) width 144: "table table table table"
            RenderTableCell {td} at (302,29) size 148x25 [border: (1px inset #808080)] [r=1 c=2 rs=1 cs=1]
              RenderText {#text} at (2,2) size 144x21
                text run at (2,2) width 144: "table table table table"
      RenderBlock {p} at (0,666) size 768x21
        RenderText {#text} at (0,0) size 295x21
          text run at (0,0) width 295: "Purple table with a white body background"
      RenderTable {table} at (0,703) size 454x58 [bgcolor=#800080] [border: (1px outset #808080)]
        RenderTableSection (anonymous) at (1,1) size 452x56
          RenderTableRow {tr} at (0,2) size 452x25
            RenderTableCell {td} at (2,2) size 148x25 [border: (1px inset #808080)] [r=0 c=0 rs=1 cs=1]
              RenderText {#text} at (2,2) size 144x21
                text run at (2,2) width 144: "table table table table"
            RenderTableCell {td} at (152,2) size 148x25 [border: (1px inset #808080)] [r=0 c=1 rs=1 cs=1]
              RenderText {#text} at (2,2) size 144x21
                text run at (2,2) width 144: "table table table table"
            RenderTableCell {td} at (302,2) size 148x25 [border: (1px inset #808080)] [r=0 c=2 rs=1 cs=1]
              RenderText {#text} at (2,2) size 144x21
                text run at (2,2) width 144: "table table table table"
          RenderTableRow {tr} at (0,29) size 452x25
            RenderTableCell {td} at (2,29) size 148x25 [border: (1px inset #808080)] [r=1 c=0 rs=1 cs=1]
              RenderText {#text} at (2,2) size 144x21
                text run at (2,2) width 144: "table table table table"
            RenderTableCell {td} at (152,29) size 148x25 [border: (1px inset #808080)] [r=1 c=1 rs=1 cs=1]
              RenderText {#text} at (2,2) size 144x21
                text run at (2,2) width 144: "table table table table"
            RenderTableCell {td} at (302,29) size 148x25 [border: (1px inset #808080)] [r=1 c=2 rs=1 cs=1]
              RenderText {#text} at (2,2) size 144x21
                text run at (2,2) width 144: "table table table table"
      RenderBlock {p} at (0,777) size 768x21
        RenderText {#text} at (0,0) size 302x21
          text run at (0,0) width 302: "Fuchsia table with a white body background"
      RenderTable {table} at (0,814) size 454x58 [bgcolor=#FF00FF] [border: (1px outset #808080)]
        RenderTableSection (anonymous) at (1,1) size 452x56
          RenderTableRow {tr} at (0,2) size 452x25
            RenderTableCell {td} at (2,2) size 148x25 [border: (1px inset #808080)] [r=0 c=0 rs=1 cs=1]
              RenderText {#text} at (2,2) size 144x21
                text run at (2,2) width 144: "table table table table"
            RenderTableCell {td} at (152,2) size 148x25 [border: (1px inset #808080)] [r=0 c=1 rs=1 cs=1]
              RenderText {#text} at (2,2) size 144x21
                text run at (2,2) width 144: "table table table table"
            RenderTableCell {td} at (302,2) size 148x25 [border: (1px inset #808080)] [r=0 c=2 rs=1 cs=1]
              RenderText {#text} at (2,2) size 144x21
                text run at (2,2) width 144: "table table table table"
          RenderTableRow {tr} at (0,29) size 452x25
            RenderTableCell {td} at (2,29) size 148x25 [border: (1px inset #808080)] [r=1 c=0 rs=1 cs=1]
              RenderText {#text} at (2,2) size 144x21
                text run at (2,2) width 144: "table table table table"
            RenderTableCell {td} at (152,29) size 148x25 [border: (1px inset #808080)] [r=1 c=1 rs=1 cs=1]
              RenderText {#text} at (2,2) size 144x21
                text run at (2,2) width 144: "table table table table"
            RenderTableCell {td} at (302,29) size 148x25 [border: (1px inset #808080)] [r=1 c=2 rs=1 cs=1]
              RenderText {#text} at (2,2) size 144x21
                text run at (2,2) width 144: "table table table table"
      RenderBlock {p} at (0,888) size 768x21
        RenderText {#text} at (0,0) size 291x21
          text run at (0,0) width 291: "Green table with a white body background"
      RenderTable {table} at (0,925) size 454x58 [bgcolor=#008000] [border: (1px outset #808080)]
        RenderTableSection (anonymous) at (1,1) size 452x56
          RenderTableRow {tr} at (0,2) size 452x25
            RenderTableCell {td} at (2,2) size 148x25 [border: (1px inset #808080)] [r=0 c=0 rs=1 cs=1]
              RenderText {#text} at (2,2) size 144x21
                text run at (2,2) width 144: "table table table table"
            RenderTableCell {td} at (152,2) size 148x25 [border: (1px inset #808080)] [r=0 c=1 rs=1 cs=1]
              RenderText {#text} at (2,2) size 144x21
                text run at (2,2) width 144: "table table table table"
            RenderTableCell {td} at (302,2) size 148x25 [border: (1px inset #808080)] [r=0 c=2 rs=1 cs=1]
              RenderText {#text} at (2,2) size 144x21
                text run at (2,2) width 144: "table table table table"
          RenderTableRow {tr} at (0,29) size 452x25
            RenderTableCell {td} at (2,29) size 148x25 [border: (1px inset #808080)] [r=1 c=0 rs=1 cs=1]
              RenderText {#text} at (2,2) size 144x21
                text run at (2,2) width 144: "table table table table"
            RenderTableCell {td} at (152,29) size 148x25 [border: (1px inset #808080)] [r=1 c=1 rs=1 cs=1]
              RenderText {#text} at (2,2) size 144x21
                text run at (2,2) width 144: "table table table table"
            RenderTableCell {td} at (302,29) size 148x25 [border: (1px inset #808080)] [r=1 c=2 rs=1 cs=1]
              RenderText {#text} at (2,2) size 144x21
                text run at (2,2) width 144: "table table table table"
      RenderBlock {p} at (0,999) size 768x21
        RenderText {#text} at (0,0) size 284x21
          text run at (0,0) width 284: "Lime table with a white body background"
      RenderTable {table} at (0,1036) size 454x58 [bgcolor=#00FF00] [border: (1px outset #808080)]
        RenderTableSection (anonymous) at (1,1) size 452x56
          RenderTableRow {tr} at (0,2) size 452x25
            RenderTableCell {td} at (2,2) size 148x25 [border: (1px inset #808080)] [r=0 c=0 rs=1 cs=1]
              RenderText {#text} at (2,2) size 144x21
                text run at (2,2) width 144: "table table table table"
            RenderTableCell {td} at (152,2) size 148x25 [border: (1px inset #808080)] [r=0 c=1 rs=1 cs=1]
              RenderText {#text} at (2,2) size 144x21
                text run at (2,2) width 144: "table table table table"
            RenderTableCell {td} at (302,2) size 148x25 [border: (1px inset #808080)] [r=0 c=2 rs=1 cs=1]
              RenderText {#text} at (2,2) size 144x21
                text run at (2,2) width 144: "table table table table"
          RenderTableRow {tr} at (0,29) size 452x25
            RenderTableCell {td} at (2,29) size 148x25 [border: (1px inset #808080)] [r=1 c=0 rs=1 cs=1]
              RenderText {#text} at (2,2) size 144x21
                text run at (2,2) width 144: "table table table table"
            RenderTableCell {td} at (152,29) size 148x25 [border: (1px inset #808080)] [r=1 c=1 rs=1 cs=1]
              RenderText {#text} at (2,2) size 144x21
                text run at (2,2) width 144: "table table table table"
            RenderTableCell {td} at (302,29) size 148x25 [border: (1px inset #808080)] [r=1 c=2 rs=1 cs=1]
              RenderText {#text} at (2,2) size 144x21
                text run at (2,2) width 144: "table table table table"
      RenderBlock {p} at (0,1110) size 768x21
        RenderText {#text} at (0,0) size 284x21
          text run at (0,0) width 284: "Olive table with a white body background"
      RenderTable {table} at (0,1147) size 454x58 [bgcolor=#808000] [border: (1px outset #808080)]
        RenderTableSection (anonymous) at (1,1) size 452x56
          RenderTableRow {tr} at (0,2) size 452x25
            RenderTableCell {td} at (2,2) size 148x25 [border: (1px inset #808080)] [r=0 c=0 rs=1 cs=1]
              RenderText {#text} at (2,2) size 144x21
                text run at (2,2) width 144: "table table table table"
            RenderTableCell {td} at (152,2) size 148x25 [border: (1px inset #808080)] [r=0 c=1 rs=1 cs=1]
              RenderText {#text} at (2,2) size 144x21
                text run at (2,2) width 144: "table table table table"
            RenderTableCell {td} at (302,2) size 148x25 [border: (1px inset #808080)] [r=0 c=2 rs=1 cs=1]
              RenderText {#text} at (2,2) size 144x21
                text run at (2,2) width 144: "table table table table"
          RenderTableRow {tr} at (0,29) size 452x25
            RenderTableCell {td} at (2,29) size 148x25 [border: (1px inset #808080)] [r=1 c=0 rs=1 cs=1]
              RenderText {#text} at (2,2) size 144x21
                text run at (2,2) width 144: "table table table table"
            RenderTableCell {td} at (152,29) size 148x25 [border: (1px inset #808080)] [r=1 c=1 rs=1 cs=1]
              RenderText {#text} at (2,2) size 144x21
                text run at (2,2) width 144: "table table table table"
            RenderTableCell {td} at (302,29) size 148x25 [border: (1px inset #808080)] [r=1 c=2 rs=1 cs=1]
              RenderText {#text} at (2,2) size 144x21
                text run at (2,2) width 144: "table table table table"
      RenderBlock {p} at (0,1221) size 768x21
        RenderText {#text} at (0,0) size 296x21
          text run at (0,0) width 296: "Yellow table with a white body background"
      RenderTable {table} at (0,1258) size 454x58 [bgcolor=#FFFF00] [border: (1px outset #808080)]
        RenderTableSection (anonymous) at (1,1) size 452x56
          RenderTableRow {tr} at (0,2) size 452x25
            RenderTableCell {td} at (2,2) size 148x25 [border: (1px inset #808080)] [r=0 c=0 rs=1 cs=1]
              RenderText {#text} at (2,2) size 144x21
                text run at (2,2) width 144: "table table table table"
            RenderTableCell {td} at (152,2) size 148x25 [border: (1px inset #808080)] [r=0 c=1 rs=1 cs=1]
              RenderText {#text} at (2,2) size 144x21
                text run at (2,2) width 144: "table table table table"
            RenderTableCell {td} at (302,2) size 148x25 [border: (1px inset #808080)] [r=0 c=2 rs=1 cs=1]
              RenderText {#text} at (2,2) size 144x21
                text run at (2,2) width 144: "table table table table"
          RenderTableRow {tr} at (0,29) size 452x25
            RenderTableCell {td} at (2,29) size 148x25 [border: (1px inset #808080)] [r=1 c=0 rs=1 cs=1]
              RenderText {#text} at (2,2) size 144x21
                text run at (2,2) width 144: "table table table table"
            RenderTableCell {td} at (152,29) size 148x25 [border: (1px inset #808080)] [r=1 c=1 rs=1 cs=1]
              RenderText {#text} at (2,2) size 144x21
                text run at (2,2) width 144: "table table table table"
            RenderTableCell {td} at (302,29) size 148x25 [border: (1px inset #808080)] [r=1 c=2 rs=1 cs=1]
              RenderText {#text} at (2,2) size 144x21
                text run at (2,2) width 144: "table table table table"
      RenderBlock {p} at (0,1332) size 768x21
        RenderText {#text} at (0,0) size 285x21
          text run at (0,0) width 285: "Navy table with a white body background"
      RenderTable {table} at (0,1369) size 454x58 [bgcolor=#000080] [border: (1px outset #808080)]
        RenderTableSection (anonymous) at (1,1) size 452x56
          RenderTableRow {tr} at (0,2) size 452x25
            RenderTableCell {td} at (2,2) size 148x25 [border: (1px inset #808080)] [r=0 c=0 rs=1 cs=1]
              RenderText {#text} at (2,2) size 144x21
                text run at (2,2) width 144: "table table table table"
            RenderTableCell {td} at (152,2) size 148x25 [border: (1px inset #808080)] [r=0 c=1 rs=1 cs=1]
              RenderText {#text} at (2,2) size 144x21
                text run at (2,2) width 144: "table table table table"
            RenderTableCell {td} at (302,2) size 148x25 [border: (1px inset #808080)] [r=0 c=2 rs=1 cs=1]
              RenderText {#text} at (2,2) size 144x21
                text run at (2,2) width 144: "table table table table"
          RenderTableRow {tr} at (0,29) size 452x25
            RenderTableCell {td} at (2,29) size 148x25 [border: (1px inset #808080)] [r=1 c=0 rs=1 cs=1]
              RenderText {#text} at (2,2) size 144x21
                text run at (2,2) width 144: "table table table table"
            RenderTableCell {td} at (152,29) size 148x25 [border: (1px inset #808080)] [r=1 c=1 rs=1 cs=1]
              RenderText {#text} at (2,2) size 144x21
                text run at (2,2) width 144: "table table table table"
            RenderTableCell {td} at (302,29) size 148x25 [border: (1px inset #808080)] [r=1 c=2 rs=1 cs=1]
              RenderText {#text} at (2,2) size 144x21
                text run at (2,2) width 144: "table table table table"
      RenderBlock {p} at (0,1443) size 768x21
        RenderText {#text} at (0,0) size 280x21
          text run at (0,0) width 280: "Blue table with a white body background"
      RenderTable {table} at (0,1480) size 454x58 [bgcolor=#0000FF] [border: (1px outset #808080)]
        RenderTableSection (anonymous) at (1,1) size 452x56
          RenderTableRow {tr} at (0,2) size 452x25
            RenderTableCell {td} at (2,2) size 148x25 [border: (1px inset #808080)] [r=0 c=0 rs=1 cs=1]
              RenderText {#text} at (2,2) size 144x21
                text run at (2,2) width 144: "table table table table"
            RenderTableCell {td} at (152,2) size 148x25 [border: (1px inset #808080)] [r=0 c=1 rs=1 cs=1]
              RenderText {#text} at (2,2) size 144x21
                text run at (2,2) width 144: "table table table table"
            RenderTableCell {td} at (302,2) size 148x25 [border: (1px inset #808080)] [r=0 c=2 rs=1 cs=1]
              RenderText {#text} at (2,2) size 144x21
                text run at (2,2) width 144: "table table table table"
          RenderTableRow {tr} at (0,29) size 452x25
            RenderTableCell {td} at (2,29) size 148x25 [border: (1px inset #808080)] [r=1 c=0 rs=1 cs=1]
              RenderText {#text} at (2,2) size 144x21
                text run at (2,2) width 144: "table table table table"
            RenderTableCell {td} at (152,29) size 148x25 [border: (1px inset #808080)] [r=1 c=1 rs=1 cs=1]
              RenderText {#text} at (2,2) size 144x21
                text run at (2,2) width 144: "table table table table"
            RenderTableCell {td} at (302,29) size 148x25 [border: (1px inset #808080)] [r=1 c=2 rs=1 cs=1]
              RenderText {#text} at (2,2) size 144x21
                text run at (2,2) width 144: "table table table table"
      RenderBlock {p} at (0,1554) size 768x21
        RenderText {#text} at (0,0) size 279x21
          text run at (0,0) width 279: "Teal table with a white body background"
      RenderTable {table} at (0,1591) size 454x58 [bgcolor=#008080] [border: (1px outset #808080)]
        RenderTableSection (anonymous) at (1,1) size 452x56
          RenderTableRow {tr} at (0,2) size 452x25
            RenderTableCell {td} at (2,2) size 148x25 [border: (1px inset #808080)] [r=0 c=0 rs=1 cs=1]
              RenderText {#text} at (2,2) size 144x21
                text run at (2,2) width 144: "table table table table"
            RenderTableCell {td} at (152,2) size 148x25 [border: (1px inset #808080)] [r=0 c=1 rs=1 cs=1]
              RenderText {#text} at (2,2) size 144x21
                text run at (2,2) width 144: "table table table table"
            RenderTableCell {td} at (302,2) size 148x25 [border: (1px inset #808080)] [r=0 c=2 rs=1 cs=1]
              RenderText {#text} at (2,2) size 144x21
                text run at (2,2) width 144: "table table table table"
          RenderTableRow {tr} at (0,29) size 452x25
            RenderTableCell {td} at (2,29) size 148x25 [border: (1px inset #808080)] [r=1 c=0 rs=1 cs=1]
              RenderText {#text} at (2,2) size 144x21
                text run at (2,2) width 144: "table table table table"
            RenderTableCell {td} at (152,29) size 148x25 [border: (1px inset #808080)] [r=1 c=1 rs=1 cs=1]
              RenderText {#text} at (2,2) size 144x21
                text run at (2,2) width 144: "table table table table"
            RenderTableCell {td} at (302,29) size 148x25 [border: (1px inset #808080)] [r=1 c=2 rs=1 cs=1]
              RenderText {#text} at (2,2) size 144x21
                text run at (2,2) width 144: "table table table table"
      RenderBlock {p} at (0,1665) size 768x21
        RenderText {#text} at (0,0) size 287x21
          text run at (0,0) width 287: "Aqua table with a white body background"
      RenderTable {table} at (0,1702) size 454x58 [bgcolor=#00FFFF] [border: (1px outset #808080)]
        RenderTableSection (anonymous) at (1,1) size 452x56
          RenderTableRow {tr} at (0,2) size 452x25
            RenderTableCell {td} at (2,2) size 148x25 [border: (1px inset #808080)] [r=0 c=0 rs=1 cs=1]
              RenderText {#text} at (2,2) size 144x21
                text run at (2,2) width 144: "table table table table"
            RenderTableCell {td} at (152,2) size 148x25 [border: (1px inset #808080)] [r=0 c=1 rs=1 cs=1]
              RenderText {#text} at (2,2) size 144x21
                text run at (2,2) width 144: "table table table table"
            RenderTableCell {td} at (302,2) size 148x25 [border: (1px inset #808080)] [r=0 c=2 rs=1 cs=1]
              RenderText {#text} at (2,2) size 144x21
                text run at (2,2) width 144: "table table table table"
          RenderTableRow {tr} at (0,29) size 452x25
            RenderTableCell {td} at (2,29) size 148x25 [border: (1px inset #808080)] [r=1 c=0 rs=1 cs=1]
              RenderText {#text} at (2,2) size 144x21
                text run at (2,2) width 144: "table table table table"
            RenderTableCell {td} at (152,29) size 148x25 [border: (1px inset #808080)] [r=1 c=1 rs=1 cs=1]
              RenderText {#text} at (2,2) size 144x21
                text run at (2,2) width 144: "table table table table"
            RenderTableCell {td} at (302,29) size 148x25 [border: (1px inset #808080)] [r=1 c=2 rs=1 cs=1]
              RenderText {#text} at (2,2) size 144x21
                text run at (2,2) width 144: "table table table table"
