layer at (0,0) size 800x600
  RenderView at (0,0) size 800x600
layer at (0,0) size 800x40
  RenderBlock {html} at (0,0) size 800x40
    RenderBody {body} at (8,8) size 784x0
      RenderTable {table} at (466,0) size 318x32 [border: (1px outset #808080)]
        RenderTableSection (anonymous) at (1,1) size 316x30
          RenderTableRow {tr} at (0,2) size 316x26
            RenderTableCell {td} at (2,2) size 312x26 [border: (1px inset #808080)] [r=0 c=0 rs=1 cs=1]
              RenderText {#text} at (2,2) size 308x22
                text run at (2,2) width 308: "This table should be right aligned on the page"
