layer at (0,0) size 800x600
  RenderView at (0,0) size 800x600
layer at (0,0) size 800x372
  RenderBlock {html} at (0,0) size 800x372
    RenderBody {body} at (8,16) size 784x348
      RenderBlock {p} at (0,0) size 784x21
        RenderText {#text} at (0,0) size 289x21
          text run at (0,0) width 289: "The table below should have the following:"
      RenderBlock {ol} at (0,37) size 784x126
        RenderListItem {li} at (40,0) size 744x21
          RenderListMarker at (-21,0) size 16x21: "1"
          RenderText {#text} at (0,0) size 130x21
            text run at (0,0) width 130: "a caption 'TABLE'"
        RenderListItem {li} at (40,21) size 744x21
          RenderListMarker at (-21,0) size 16x21: "2"
          RenderText {#text} at (0,0) size 68x21
            text run at (0,0) width 68: "no border"
        RenderListItem {li} at (40,42) size 744x21
          RenderListMarker at (-21,0) size 16x21: "3"
          RenderText {#text} at (0,0) size 233x21
            text run at (0,0) width 233: "3 colgroups, each with one column"
        RenderListItem {li} at (40,63) size 744x21
          RenderListMarker at (-21,0) size 16x21: "4"
          RenderText {#text} at (0,0) size 163x21
            text run at (0,0) width 163: "a THEAD with one row"
        RenderListItem {li} at (40,84) size 744x21
          RenderListMarker at (-21,0) size 16x21: "5"
          RenderText {#text} at (0,0) size 170x21
            text run at (0,0) width 170: "a TBODY with two rows"
        RenderListItem {li} at (40,105) size 744x21
          RenderListMarker at (-21,0) size 16x21: "6"
          RenderText {#text} at (0,0) size 161x21
            text run at (0,0) width 161: "a TFOOT with one row"
      RenderBlock (anonymous) at (0,179) size 784x42
        RenderBR {br} at (0,0) size 0x21
        RenderBR {br} at (0,21) size 0x21
      RenderTable {table} at (0,221) size 188x127
        RenderBlock {caption} at (0,0) size 188x21
          RenderText {#text} at (66,0) size 56x21
            text run at (66,0) width 56: "TABLE"
        RenderTableCol {colgroup} at (0,0) size 0x0
          RenderTableCol {col} at (0,0) size 0x0
        RenderTableCol {colgroup} at (0,0) size 0x0
          RenderTableCol {col} at (0,0) size 0x0
        RenderTableCol {colgroup} at (0,0) size 0x0
          RenderTableCol {col} at (0,0) size 0x0
        RenderTableSection {thead} at (0,21) size 188x27
          RenderTableRow {tr} at (0,2) size 188x23
            RenderTableCell {th} at (2,2) size 60x23 [r=0 c=0 rs=1 cs=1]
              RenderText {#text} at (1,1) size 58x21
                text run at (1,1) width 58: "THEAD"
            RenderTableCell {th} at (64,2) size 60x23 [r=0 c=1 rs=1 cs=1]
              RenderText {#text} at (1,1) size 58x21
                text run at (1,1) width 58: "THEAD"
            RenderTableCell {th} at (126,2) size 60x23 [r=0 c=2 rs=1 cs=1]
              RenderText {#text} at (1,1) size 58x21
                text run at (1,1) width 58: "THEAD"
        RenderTableSection {tfoot} at (0,100) size 188x27
          RenderTableRow {tr} at (0,2) size 188x23
            RenderTableCell {td} at (2,2) size 60x23 [r=0 c=0 rs=1 cs=1]
              RenderText {#text} at (1,1) size 56x21
                text run at (1,1) width 56: "TFOOT"
            RenderTableCell {td} at (64,2) size 60x23 [r=0 c=1 rs=1 cs=1]
              RenderText {#text} at (1,1) size 56x21
                text run at (1,1) width 56: "TFOOT"
            RenderTableCell {td} at (126,2) size 60x23 [r=0 c=2 rs=1 cs=1]
              RenderText {#text} at (1,1) size 56x21
                text run at (1,1) width 56: "TFOOT"
        RenderTableSection {tbody} at (0,48) size 188x52
          RenderTableRow {tr} at (0,2) size 188x23
            RenderTableCell {td} at (2,2) size 60x23 [r=0 c=0 rs=1 cs=1]
              RenderText {#text} at (1,1) size 58x21
                text run at (1,1) width 58: "TBODY"
            RenderTableCell {td} at (64,2) size 60x23 [r=0 c=1 rs=1 cs=1]
              RenderText {#text} at (1,1) size 58x21
                text run at (1,1) width 58: "TBODY"
            RenderTableCell {td} at (126,2) size 60x23 [r=0 c=2 rs=1 cs=1]
              RenderText {#text} at (1,1) size 58x21
                text run at (1,1) width 58: "TBODY"
          RenderTableRow {tr} at (0,27) size 188x23
            RenderTableCell {td} at (2,27) size 60x23 [r=1 c=0 rs=1 cs=1]
              RenderText {#text} at (1,1) size 58x21
                text run at (1,1) width 58: "TBODY"
            RenderTableCell {td} at (64,27) size 60x23 [r=1 c=1 rs=1 cs=1]
              RenderText {#text} at (1,1) size 58x21
                text run at (1,1) width 58: "TBODY"
            RenderTableCell {td} at (126,27) size 60x23 [r=1 c=2 rs=1 cs=1]
              RenderText {#text} at (1,1) size 58x21
                text run at (1,1) width 58: "TBODY"
