layer at (0,0) size 800x600
  RenderView at (0,0) size 800x600
layer at (0,0) size 800x92
  RenderBlock {html} at (0,0) size 800x92
    RenderBody {body} at (8,8) size 784x76
      RenderTable {table} at (0,0) size 784x76 [bgcolor=#00FF00] [border: (1px outset #808080)]
        RenderTableSection (anonymous) at (1,1) size 782x74
          RenderTableRow {tr} at (0,2) size 782x70
            RenderTableCell {td} at (2,2) size 388x70 [border: (1px inset #808080)] [r=0 c=0 rs=1 cs=1]
              RenderText {#text} at (2,2) size 372x66
                text run at (2,2) width 372: "Here is a bordered table using the CLASS attribute for"
                text run at (2,24) width 322: "background color. The table should have a lime"
                text run at (2,46) width 87: "background."
            RenderTableCell {td} at (392,2) size 388x70 [border: (1px inset #808080)] [r=0 c=1 rs=1 cs=1]
              RenderText {#text} at (2,2) size 372x66
                text run at (2,2) width 372: "Here is a bordered table using the CLASS attribute for"
                text run at (2,24) width 322: "background color. The table should have a lime"
                text run at (2,46) width 87: "background."
