layer at (0,0) size 800x600
  RenderView at (0,0) size 800x600
layer at (0,0) size 800x231
  RenderBlock {html} at (0,0) size 800x231
    RenderBody {body} at (8,16) size 784x207
      RenderBlock {p} at (0,0) size 784x21
        RenderText {#text} at (0,0) size 424x21
          text run at (0,0) width 424: "The numbers in the TBODY should align at the decimal points"
      RenderTable {table} at (0,37) size 380x170 [border: (1px outset #808080)]
        RenderTableSection {thead} at (1,1) size 378x56
          RenderTableRow {tr} at (0,2) size 378x25
            RenderTableCell {td} at (2,2) size 118x25 [border: (1px inset #808080)] [r=0 c=0 rs=1 cs=1]
              RenderText {#text} at (2,2) size 58x21
                text run at (2,2) width 58: "THEAD"
            RenderTableCell {td} at (122,2) size 126x25 [border: (1px inset #808080)] [r=0 c=1 rs=1 cs=1]
              RenderText {#text} at (2,2) size 58x21
                text run at (2,2) width 58: "THEAD"
            RenderTableCell {td} at (250,2) size 126x25 [border: (1px inset #808080)] [r=0 c=2 rs=1 cs=1]
              RenderText {#text} at (2,2) size 58x21
                text run at (2,2) width 58: "THEAD"
          RenderTableRow {tr} at (0,29) size 378x25
            RenderTableCell {td} at (2,29) size 118x25 [border: (1px inset #808080)] [r=1 c=0 rs=1 cs=1]
              RenderText {#text} at (2,2) size 58x21
                text run at (2,2) width 58: "THEAD"
            RenderTableCell {td} at (122,29) size 126x25 [border: (1px inset #808080)] [r=1 c=1 rs=1 cs=1]
              RenderText {#text} at (2,2) size 58x21
                text run at (2,2) width 58: "THEAD"
            RenderTableCell {td} at (250,29) size 126x25 [border: (1px inset #808080)] [r=1 c=2 rs=1 cs=1]
              RenderText {#text} at (2,2) size 58x21
                text run at (2,2) width 58: "THEAD"
        RenderTableSection {tfoot} at (1,113) size 378x56
          RenderTableRow {tr} at (0,2) size 378x25
            RenderTableCell {td} at (2,2) size 118x25 [border: (1px inset #808080)] [r=0 c=0 rs=1 cs=1]
              RenderText {#text} at (2,2) size 56x21
                text run at (2,2) width 56: "TFOOT"
            RenderTableCell {td} at (122,2) size 126x25 [border: (1px inset #808080)] [r=0 c=1 rs=1 cs=1]
              RenderText {#text} at (2,2) size 56x21
                text run at (2,2) width 56: "TFOOT"
            RenderTableCell {td} at (250,2) size 126x25 [border: (1px inset #808080)] [r=0 c=2 rs=1 cs=1]
              RenderText {#text} at (2,2) size 56x21
                text run at (2,2) width 56: "TFOOT"
          RenderTableRow {tr} at (0,29) size 378x25
            RenderTableCell {td} at (2,29) size 118x25 [border: (1px inset #808080)] [r=1 c=0 rs=1 cs=1]
              RenderText {#text} at (2,2) size 56x21
                text run at (2,2) width 56: "TFOOT"
            RenderTableCell {td} at (122,29) size 126x25 [border: (1px inset #808080)] [r=1 c=1 rs=1 cs=1]
              RenderText {#text} at (2,2) size 56x21
                text run at (2,2) width 56: "TFOOT"
            RenderTableCell {td} at (250,29) size 126x25 [border: (1px inset #808080)] [r=1 c=2 rs=1 cs=1]
              RenderText {#text} at (2,2) size 56x21
                text run at (2,2) width 56: "TFOOT"
        RenderTableSection {tbody} at (1,57) size 378x56
          RenderTableRow {tr} at (0,2) size 378x25
            RenderTableCell {td} at (2,2) size 118x25 [border: (1px inset #808080)] [r=0 c=0 rs=1 cs=1]
              RenderText {#text} at (2,2) size 98x21
                text run at (2,2) width 98: "TBODY 55.00"
            RenderTableCell {td} at (122,2) size 126x25 [border: (1px inset #808080)] [r=0 c=1 rs=1 cs=1]
              RenderText {#text} at (2,2) size 122x21
                text run at (2,2) width 122: "TBODY 55555.00"
            RenderTableCell {td} at (250,2) size 126x25 [border: (1px inset #808080)] [r=0 c=2 rs=1 cs=1]
              RenderText {#text} at (2,2) size 106x21
                text run at (2,2) width 106: "TBODY 555.00"
          RenderTableRow {tr} at (0,29) size 378x25
            RenderTableCell {td} at (2,29) size 118x25 [border: (1px inset #808080)] [r=1 c=0 rs=1 cs=1]
              RenderText {#text} at (2,2) size 114x21
                text run at (2,2) width 114: "TBODY 1234.56"
            RenderTableCell {td} at (122,29) size 126x25 [border: (1px inset #808080)] [r=1 c=1 rs=1 cs=1]
              RenderText {#text} at (2,2) size 106x21
                text run at (2,2) width 106: "TBODY 123.45"
            RenderTableCell {td} at (250,29) size 126x25 [border: (1px inset #808080)] [r=1 c=2 rs=1 cs=1]
              RenderText {#text} at (2,2) size 122x21
                text run at (2,2) width 122: "TBODY 12345.67"
