layer at (0,0) size 800x600
  RenderView at (0,0) size 800x600
layer at (0,0) size 800x48
  RenderBlock {html} at (0,0) size 800x48
    RenderBody {body} at (8,8) size 784x32
      RenderTable {table} at (0,0) size 594x32 [border: (1px outset #808080)]
        RenderTableSection {tbody} at (1,1) size 592x30 [bgcolor=#00FF00]
          RenderTableRow {tr} at (0,2) size 592x26
            RenderTableCell {td} at (2,2) size 293x26 [border: (1px inset #808080)] [r=0 c=0 rs=1 cs=1]
              RenderText {#text} at (2,2) size 289x22
                text run at (2,2) width 289: "This tbody should have a lime background"
            RenderTableCell {td} at (297,2) size 293x26 [border: (1px inset #808080)] [r=0 c=1 rs=1 cs=1]
              RenderText {#text} at (2,2) size 289x22
                text run at (2,2) width 289: "This tbody should have a lime background"
