layer at (0,0) size 800x600
  RenderView at (0,0) size 800x600
layer at (0,0) size 800x334
  RenderBlock {html} at (0,0) size 800x334
    RenderBody {body} at (8,16) size 784x310
      RenderBlock {p} at (0,0) size 784x21
        RenderText {#text} at (0,0) size 203x21
          text run at (0,0) width 203: "TBODY VALIGN=MIDDLE"
      RenderTable {table} at (0,37) size 641x273 [border: (1px outset #808080)]
        RenderTableSection {thead} at (1,1) size 639x29
          RenderTableRow {tr} at (0,2) size 639x25
            RenderTableCell {td} at (2,2) size 204x25 [border: (1px inset #808080)] [r=0 c=0 rs=1 cs=1]
              RenderText {#text} at (2,2) size 58x21
                text run at (2,2) width 58: "THEAD"
            RenderTableCell {td} at (208,2) size 429x25 [border: (1px inset #808080)] [r=0 c=1 rs=1 cs=1]
              RenderText {#text} at (2,2) size 58x21
                text run at (2,2) width 58: "THEAD"
        RenderTableSection {tfoot} at (1,243) size 639x29
          RenderTableRow {tr} at (0,2) size 639x25
            RenderTableCell {td} at (2,2) size 204x25 [border: (1px inset #808080)] [r=0 c=0 rs=1 cs=1]
              RenderText {#text} at (2,2) size 56x21
                text run at (2,2) width 56: "TFOOT"
            RenderTableCell {td} at (208,2) size 429x25 [border: (1px inset #808080)] [r=0 c=1 rs=1 cs=1]
              RenderText {#text} at (2,2) size 56x21
                text run at (2,2) width 56: "TFOOT"
        RenderTableSection {tbody} at (1,30) size 639x213
          RenderTableRow {tr} at (0,2) size 639x209
            RenderTableCell {td} at (2,2) size 204x209 [border: (1px inset #808080)] [r=0 c=0 rs=1 cs=1]
              RenderImage {img} at (2,2) size 200x200
            RenderTableCell {td} at (208,94) size 429x25 [border: (1px inset #808080)] [r=0 c=1 rs=1 cs=1]
              RenderText {#text} at (2,2) size 425x21
                text run at (2,2) width 385: "This text should be vertically aligned to the middle of the "
                text run at (387,2) width 40: "image"
