layer at (0,0) size 800x600
  RenderView at (0,0) size 800x600
layer at (0,0) size 800x338
  RenderBlock {html} at (0,0) size 800x338
    RenderBody {body} at (8,16) size 784x314
      RenderBlock {p} at (0,0) size 784x22
        RenderText {#text} at (0,0) size 208x22
          text run at (0,0) width 208: "TBODY VALIGN=BOTTOM"
      RenderTable {table} at (0,38) size 784x276 [border: (1px outset #808080)]
        RenderTableSection {thead} at (1,1) size 782x30
          RenderTableRow {tr} at (0,2) size 782x26
            RenderTableCell {td} at (2,2) size 204x26 [border: (1px inset #808080)] [r=0 c=0 rs=1 cs=1]
              RenderText {#text} at (2,2) size 58x22
                text run at (2,2) width 58: "THEAD"
            RenderTableCell {td} at (208,2) size 572x26 [border: (1px inset #808080)] [r=0 c=1 rs=1 cs=1]
              RenderText {#text} at (2,2) size 58x22
                text run at (2,2) width 58: "THEAD"
        RenderTableSection {tfoot} at (1,245) size 782x30
          RenderTableRow {tr} at (0,2) size 782x26
            RenderTableCell {td} at (2,2) size 204x26 [border: (1px inset #808080)] [r=0 c=0 rs=1 cs=1]
              RenderText {#text} at (2,2) size 56x22
                text run at (2,2) width 56: "TFOOT"
            RenderTableCell {td} at (208,2) size 572x26 [border: (1px inset #808080)] [r=0 c=1 rs=1 cs=1]
              RenderText {#text} at (2,2) size 56x22
                text run at (2,2) width 56: "TFOOT"
        RenderTableSection {tbody} at (1,31) size 782x214
          RenderTableRow {tr} at (0,2) size 782x210
            RenderTableCell {td} at (2,2) size 204x210 [border: (1px inset #808080)] [r=0 c=0 rs=1 cs=1]
              RenderImage {img} at (2,2) size 200x200
            RenderTableCell {td} at (208,142) size 572x70 [border: (1px inset #808080)] [r=0 c=1 rs=1 cs=1]
              RenderText {#text} at (2,2) size 559x66
                text run at (2,2) width 387: "The bottom of this text should be vertically aligned to the "
                text run at (389,2) width 172: "bottom of the image. x-fill"
                text run at (2,24) width 170: "x-fill x-fill x-fill x-fill x-fill "
                text run at (172,24) width 306: "x-fill x-fill x-fill x-fill x-fill x-fill x-fill x-fill x-fill "
                text run at (478,24) width 81: "x-fill x-fill x-"
                text run at (2,46) width 225: "fill x-fill x-fill x-fill x-fill x-fill x-fill "
                text run at (227,46) width 132: "x-fill x-fill x-fill x-fill"
