layer at (0,0) size 784x1826
  RenderView at (0,0) size 784x600
layer at (0,0) size 784x1826
  RenderBlock {html} at (0,0) size 784x1826
    RenderBody {body} at (8,16) size 768x1802 [bgcolor=#FFFFFF]
      RenderBlock {p} at (0,0) size 768x22
        RenderText {#text} at (0,0) size 288x22
          text run at (0,0) width 288: "Black table with a white body background"
      RenderTable {table} at (0,38) size 454x60 [border: (1px outset #808080)]
        RenderTableSection (anonymous) at (1,1) size 452x58
          RenderTableRow {tr} at (0,2) size 452x26
            RenderTableCell {td} at (2,2) size 148x26 [bgcolor=#000000] [border: (1px inset #808080)] [r=0 c=0 rs=1 cs=1]
              RenderText {#text} at (2,2) size 144x22
                text run at (2,2) width 144: "table table table table"
            RenderTableCell {td} at (152,2) size 148x26 [bgcolor=#000000] [border: (1px inset #808080)] [r=0 c=1 rs=1 cs=1]
              RenderText {#text} at (2,2) size 144x22
                text run at (2,2) width 144: "table table table table"
            RenderTableCell {td} at (302,2) size 148x26 [bgcolor=#000000] [border: (1px inset #808080)] [r=0 c=2 rs=1 cs=1]
              RenderText {#text} at (2,2) size 144x22
                text run at (2,2) width 144: "table table table table"
          RenderTableRow {tr} at (0,30) size 452x26
            RenderTableCell {td} at (2,30) size 148x26 [bgcolor=#000000] [border: (1px inset #808080)] [r=1 c=0 rs=1 cs=1]
              RenderText {#text} at (2,2) size 144x22
                text run at (2,2) width 144: "table table table table"
            RenderTableCell {td} at (152,30) size 148x26 [bgcolor=#000000] [border: (1px inset #808080)] [r=1 c=1 rs=1 cs=1]
              RenderText {#text} at (2,2) size 144x22
                text run at (2,2) width 144: "table table table table"
            RenderTableCell {td} at (302,30) size 148x26 [bgcolor=#000000] [border: (1px inset #808080)] [r=1 c=2 rs=1 cs=1]
              RenderText {#text} at (2,2) size 144x22
                text run at (2,2) width 144: "table table table table"
      RenderBlock {p} at (0,114) size 768x22
        RenderText {#text} at (0,0) size 288x22
          text run at (0,0) width 288: "Silver table with a white body background"
      RenderTable {table} at (0,152) size 454x60 [border: (1px outset #808080)]
        RenderTableSection (anonymous) at (1,1) size 452x58
          RenderTableRow {tr} at (0,2) size 452x26
            RenderTableCell {td} at (2,2) size 148x26 [bgcolor=#C0C0C0] [border: (1px inset #808080)] [r=0 c=0 rs=1 cs=1]
              RenderText {#text} at (2,2) size 144x22
                text run at (2,2) width 144: "table table table table"
            RenderTableCell {td} at (152,2) size 148x26 [bgcolor=#C0C0C0] [border: (1px inset #808080)] [r=0 c=1 rs=1 cs=1]
              RenderText {#text} at (2,2) size 144x22
                text run at (2,2) width 144: "table table table table"
            RenderTableCell {td} at (302,2) size 148x26 [bgcolor=#C0C0C0] [border: (1px inset #808080)] [r=0 c=2 rs=1 cs=1]
              RenderText {#text} at (2,2) size 144x22
                text run at (2,2) width 144: "table table table table"
          RenderTableRow {tr} at (0,30) size 452x26
            RenderTableCell {td} at (2,30) size 148x26 [bgcolor=#C0C0C0] [border: (1px inset #808080)] [r=1 c=0 rs=1 cs=1]
              RenderText {#text} at (2,2) size 144x22
                text run at (2,2) width 144: "table table table table"
            RenderTableCell {td} at (152,30) size 148x26 [bgcolor=#C0C0C0] [border: (1px inset #808080)] [r=1 c=1 rs=1 cs=1]
              RenderText {#text} at (2,2) size 144x22
                text run at (2,2) width 144: "table table table table"
            RenderTableCell {td} at (302,30) size 148x26 [bgcolor=#C0C0C0] [border: (1px inset #808080)] [r=1 c=2 rs=1 cs=1]
              RenderText {#text} at (2,2) size 144x22
                text run at (2,2) width 144: "table table table table"
      RenderBlock {p} at (0,228) size 768x22
        RenderText {#text} at (0,0) size 284x22
          text run at (0,0) width 284: "Gray table with a white body background"
      RenderTable {table} at (0,266) size 454x60 [border: (1px outset #808080)]
        RenderTableSection (anonymous) at (1,1) size 452x58
          RenderTableRow {tr} at (0,2) size 452x26
            RenderTableCell {td} at (2,2) size 148x26 [bgcolor=#808080] [border: (1px inset #808080)] [r=0 c=0 rs=1 cs=1]
              RenderText {#text} at (2,2) size 144x22
                text run at (2,2) width 144: "table table table table"
            RenderTableCell {td} at (152,2) size 148x26 [bgcolor=#808080] [border: (1px inset #808080)] [r=0 c=1 rs=1 cs=1]
              RenderText {#text} at (2,2) size 144x22
                text run at (2,2) width 144: "table table table table"
            RenderTableCell {td} at (302,2) size 148x26 [bgcolor=#808080] [border: (1px inset #808080)] [r=0 c=2 rs=1 cs=1]
              RenderText {#text} at (2,2) size 144x22
                text run at (2,2) width 144: "table table table table"
          RenderTableRow {tr} at (0,30) size 452x26
            RenderTableCell {td} at (2,30) size 148x26 [bgcolor=#808080] [border: (1px inset #808080)] [r=1 c=0 rs=1 cs=1]
              RenderText {#text} at (2,2) size 144x22
                text run at (2,2) width 144: "table table table table"
            RenderTableCell {td} at (152,30) size 148x26 [bgcolor=#808080] [border: (1px inset #808080)] [r=1 c=1 rs=1 cs=1]
              RenderText {#text} at (2,2) size 144x22
                text run at (2,2) width 144: "table table table table"
            RenderTableCell {td} at (302,30) size 148x26 [bgcolor=#808080] [border: (1px inset #808080)] [r=1 c=2 rs=1 cs=1]
              RenderText {#text} at (2,2) size 144x22
                text run at (2,2) width 144: "table table table table"
      RenderBlock {p} at (0,342) size 768x22
        RenderText {#text} at (0,0) size 290x22
          text run at (0,0) width 290: "White table with a white body background"
      RenderTable {table} at (0,380) size 454x60 [border: (1px outset #808080)]
        RenderTableSection (anonymous) at (1,1) size 452x58
          RenderTableRow {tr} at (0,2) size 452x26
            RenderTableCell {td} at (2,2) size 148x26 [bgcolor=#FFFFFF] [border: (1px inset #808080)] [r=0 c=0 rs=1 cs=1]
              RenderText {#text} at (2,2) size 144x22
                text run at (2,2) width 144: "table table table table"
            RenderTableCell {td} at (152,2) size 148x26 [bgcolor=#FFFFFF] [border: (1px inset #808080)] [r=0 c=1 rs=1 cs=1]
              RenderText {#text} at (2,2) size 144x22
                text run at (2,2) width 144: "table table table table"
            RenderTableCell {td} at (302,2) size 148x26 [bgcolor=#FFFFFF] [border: (1px inset #808080)] [r=0 c=2 rs=1 cs=1]
              RenderText {#text} at (2,2) size 144x22
                text run at (2,2) width 144: "table table table table"
          RenderTableRow {tr} at (0,30) size 452x26
            RenderTableCell {td} at (2,30) size 148x26 [bgcolor=#FFFFFF] [border: (1px inset #808080)] [r=1 c=0 rs=1 cs=1]
              RenderText {#text} at (2,2) size 144x22
                text run at (2,2) width 144: "table table table table"
            RenderTableCell {td} at (152,30) size 148x26 [bgcolor=#FFFFFF] [border: (1px inset #808080)] [r=1 c=1 rs=1 cs=1]
              RenderText {#text} at (2,2) size 144x22
                text run at (2,2) width 144: "table table table table"
            RenderTableCell {td} at (302,30) size 148x26 [bgcolor=#FFFFFF] [border: (1px inset #808080)] [r=1 c=2 rs=1 cs=1]
              RenderText {#text} at (2,2) size 144x22
                text run at (2,2) width 144: "table table table table"
      RenderBlock {p} at (0,456) size 768x22
        RenderText {#text} at (0,0) size 304x22
          text run at (0,0) width 304: "Maroon table with a white body background"
      RenderTable {table} at (0,494) size 454x60 [border: (1px outset #808080)]
        RenderTableSection (anonymous) at (1,1) size 452x58
          RenderTableRow {tr} at (0,2) size 452x26
            RenderTableCell {td} at (2,2) size 148x26 [bgcolor=#800000] [border: (1px inset #808080)] [r=0 c=0 rs=1 cs=1]
              RenderText {#text} at (2,2) size 144x22
                text run at (2,2) width 144: "table table table table"
            RenderTableCell {td} at (152,2) size 148x26 [bgcolor=#800000] [border: (1px inset #808080)] [r=0 c=1 rs=1 cs=1]
              RenderText {#text} at (2,2) size 144x22
                text run at (2,2) width 144: "table table table table"
            RenderTableCell {td} at (302,2) size 148x26 [bgcolor=#800000] [border: (1px inset #808080)] [r=0 c=2 rs=1 cs=1]
              RenderText {#text} at (2,2) size 144x22
                text run at (2,2) width 144: "table table table table"
          RenderTableRow {tr} at (0,30) size 452x26
            RenderTableCell {td} at (2,30) size 148x26 [bgcolor=#800000] [border: (1px inset #808080)] [r=1 c=0 rs=1 cs=1]
              RenderText {#text} at (2,2) size 144x22
                text run at (2,2) width 144: "table table table table"
            RenderTableCell {td} at (152,30) size 148x26 [bgcolor=#800000] [border: (1px inset #808080)] [r=1 c=1 rs=1 cs=1]
              RenderText {#text} at (2,2) size 144x22
                text run at (2,2) width 144: "table table table table"
            RenderTableCell {td} at (302,30) size 148x26 [bgcolor=#800000] [border: (1px inset #808080)] [r=1 c=2 rs=1 cs=1]
              RenderText {#text} at (2,2) size 144x22
                text run at (2,2) width 144: "table table table table"
      RenderBlock {p} at (0,570) size 768x22
        RenderText {#text} at (0,0) size 277x22
          text run at (0,0) width 277: "Red table with a white body background"
      RenderTable {table} at (0,608) size 454x60 [border: (1px outset #808080)]
        RenderTableSection (anonymous) at (1,1) size 452x58
          RenderTableRow {tr} at (0,2) size 452x26
            RenderTableCell {td} at (2,2) size 148x26 [bgcolor=#FF0000] [border: (1px inset #808080)] [r=0 c=0 rs=1 cs=1]
              RenderText {#text} at (2,2) size 144x22
                text run at (2,2) width 144: "table table table table"
            RenderTableCell {td} at (152,2) size 148x26 [bgcolor=#FF0000] [border: (1px inset #808080)] [r=0 c=1 rs=1 cs=1]
              RenderText {#text} at (2,2) size 144x22
                text run at (2,2) width 144: "table table table table"
            RenderTableCell {td} at (302,2) size 148x26 [bgcolor=#FF0000] [border: (1px inset #808080)] [r=0 c=2 rs=1 cs=1]
              RenderText {#text} at (2,2) size 144x22
                text run at (2,2) width 144: "table table table table"
          RenderTableRow {tr} at (0,30) size 452x26
            RenderTableCell {td} at (2,30) size 148x26 [bgcolor=#FF0000] [border: (1px inset #808080)] [r=1 c=0 rs=1 cs=1]
              RenderText {#text} at (2,2) size 144x22
                text run at (2,2) width 144: "table table table table"
            RenderTableCell {td} at (152,30) size 148x26 [bgcolor=#FF0000] [border: (1px inset #808080)] [r=1 c=1 rs=1 cs=1]
              RenderText {#text} at (2,2) size 144x22
                text run at (2,2) width 144: "table table table table"
            RenderTableCell {td} at (302,30) size 148x26 [bgcolor=#FF0000] [border: (1px inset #808080)] [r=1 c=2 rs=1 cs=1]
              RenderText {#text} at (2,2) size 144x22
                text run at (2,2) width 144: "table table table table"
      RenderBlock {p} at (0,684) size 768x22
        RenderText {#text} at (0,0) size 295x22
          text run at (0,0) width 295: "Purple table with a white body background"
      RenderTable {table} at (0,722) size 454x60 [border: (1px outset #808080)]
        RenderTableSection (anonymous) at (1,1) size 452x58
          RenderTableRow {tr} at (0,2) size 452x26
            RenderTableCell {td} at (2,2) size 148x26 [bgcolor=#800080] [border: (1px inset #808080)] [r=0 c=0 rs=1 cs=1]
              RenderText {#text} at (2,2) size 144x22
                text run at (2,2) width 144: "table table table table"
            RenderTableCell {td} at (152,2) size 148x26 [bgcolor=#800080] [border: (1px inset #808080)] [r=0 c=1 rs=1 cs=1]
              RenderText {#text} at (2,2) size 144x22
                text run at (2,2) width 144: "table table table table"
            RenderTableCell {td} at (302,2) size 148x26 [bgcolor=#800080] [border: (1px inset #808080)] [r=0 c=2 rs=1 cs=1]
              RenderText {#text} at (2,2) size 144x22
                text run at (2,2) width 144: "table table table table"
          RenderTableRow {tr} at (0,30) size 452x26
            RenderTableCell {td} at (2,30) size 148x26 [bgcolor=#800080] [border: (1px inset #808080)] [r=1 c=0 rs=1 cs=1]
              RenderText {#text} at (2,2) size 144x22
                text run at (2,2) width 144: "table table table table"
            RenderTableCell {td} at (152,30) size 148x26 [bgcolor=#800080] [border: (1px inset #808080)] [r=1 c=1 rs=1 cs=1]
              RenderText {#text} at (2,2) size 144x22
                text run at (2,2) width 144: "table table table table"
            RenderTableCell {td} at (302,30) size 148x26 [bgcolor=#800080] [border: (1px inset #808080)] [r=1 c=2 rs=1 cs=1]
              RenderText {#text} at (2,2) size 144x22
                text run at (2,2) width 144: "table table table table"
      RenderBlock {p} at (0,798) size 768x22
        RenderText {#text} at (0,0) size 302x22
          text run at (0,0) width 302: "Fuchsia table with a white body background"
      RenderTable {table} at (0,836) size 454x60 [border: (1px outset #808080)]
        RenderTableSection (anonymous) at (1,1) size 452x58
          RenderTableRow {tr} at (0,2) size 452x26
            RenderTableCell {td} at (2,2) size 148x26 [bgcolor=#FF00FF] [border: (1px inset #808080)] [r=0 c=0 rs=1 cs=1]
              RenderText {#text} at (2,2) size 144x22
                text run at (2,2) width 144: "table table table table"
            RenderTableCell {td} at (152,2) size 148x26 [bgcolor=#FF00FF] [border: (1px inset #808080)] [r=0 c=1 rs=1 cs=1]
              RenderText {#text} at (2,2) size 144x22
                text run at (2,2) width 144: "table table table table"
            RenderTableCell {td} at (302,2) size 148x26 [bgcolor=#FF00FF] [border: (1px inset #808080)] [r=0 c=2 rs=1 cs=1]
              RenderText {#text} at (2,2) size 144x22
                text run at (2,2) width 144: "table table table table"
          RenderTableRow {tr} at (0,30) size 452x26
            RenderTableCell {td} at (2,30) size 148x26 [bgcolor=#FF00FF] [border: (1px inset #808080)] [r=1 c=0 rs=1 cs=1]
              RenderText {#text} at (2,2) size 144x22
                text run at (2,2) width 144: "table table table table"
            RenderTableCell {td} at (152,30) size 148x26 [bgcolor=#FF00FF] [border: (1px inset #808080)] [r=1 c=1 rs=1 cs=1]
              RenderText {#text} at (2,2) size 144x22
                text run at (2,2) width 144: "table table table table"
            RenderTableCell {td} at (302,30) size 148x26 [bgcolor=#FF00FF] [border: (1px inset #808080)] [r=1 c=2 rs=1 cs=1]
              RenderText {#text} at (2,2) size 144x22
                text run at (2,2) width 144: "table table table table"
      RenderBlock {p} at (0,912) size 768x22
        RenderText {#text} at (0,0) size 291x22
          text run at (0,0) width 291: "Green table with a white body background"
      RenderTable {table} at (0,950) size 454x60 [border: (1px outset #808080)]
        RenderTableSection (anonymous) at (1,1) size 452x58
          RenderTableRow {tr} at (0,2) size 452x26
            RenderTableCell {td} at (2,2) size 148x26 [bgcolor=#008000] [border: (1px inset #808080)] [r=0 c=0 rs=1 cs=1]
              RenderText {#text} at (2,2) size 144x22
                text run at (2,2) width 144: "table table table table"
            RenderTableCell {td} at (152,2) size 148x26 [bgcolor=#008000] [border: (1px inset #808080)] [r=0 c=1 rs=1 cs=1]
              RenderText {#text} at (2,2) size 144x22
                text run at (2,2) width 144: "table table table table"
            RenderTableCell {td} at (302,2) size 148x26 [bgcolor=#008000] [border: (1px inset #808080)] [r=0 c=2 rs=1 cs=1]
              RenderText {#text} at (2,2) size 144x22
                text run at (2,2) width 144: "table table table table"
          RenderTableRow {tr} at (0,30) size 452x26
            RenderTableCell {td} at (2,30) size 148x26 [bgcolor=#008000] [border: (1px inset #808080)] [r=1 c=0 rs=1 cs=1]
              RenderText {#text} at (2,2) size 144x22
                text run at (2,2) width 144: "table table table table"
            RenderTableCell {td} at (152,30) size 148x26 [bgcolor=#008000] [border: (1px inset #808080)] [r=1 c=1 rs=1 cs=1]
              RenderText {#text} at (2,2) size 144x22
                text run at (2,2) width 144: "table table table table"
            RenderTableCell {td} at (302,30) size 148x26 [bgcolor=#008000] [border: (1px inset #808080)] [r=1 c=2 rs=1 cs=1]
              RenderText {#text} at (2,2) size 144x22
                text run at (2,2) width 144: "table table table table"
      RenderBlock {p} at (0,1026) size 768x22
        RenderText {#text} at (0,0) size 284x22
          text run at (0,0) width 284: "Lime table with a white body background"
      RenderTable {table} at (0,1064) size 454x60 [border: (1px outset #808080)]
        RenderTableSection (anonymous) at (1,1) size 452x58
          RenderTableRow {tr} at (0,2) size 452x26
            RenderTableCell {td} at (2,2) size 148x26 [bgcolor=#00FF00] [border: (1px inset #808080)] [r=0 c=0 rs=1 cs=1]
              RenderText {#text} at (2,2) size 144x22
                text run at (2,2) width 144: "table table table table"
            RenderTableCell {td} at (152,2) size 148x26 [bgcolor=#00FF00] [border: (1px inset #808080)] [r=0 c=1 rs=1 cs=1]
              RenderText {#text} at (2,2) size 144x22
                text run at (2,2) width 144: "table table table table"
            RenderTableCell {td} at (302,2) size 148x26 [bgcolor=#00FF00] [border: (1px inset #808080)] [r=0 c=2 rs=1 cs=1]
              RenderText {#text} at (2,2) size 144x22
                text run at (2,2) width 144: "table table table table"
          RenderTableRow {tr} at (0,30) size 452x26
            RenderTableCell {td} at (2,30) size 148x26 [bgcolor=#00FF00] [border: (1px inset #808080)] [r=1 c=0 rs=1 cs=1]
              RenderText {#text} at (2,2) size 144x22
                text run at (2,2) width 144: "table table table table"
            RenderTableCell {td} at (152,30) size 148x26 [bgcolor=#00FF00] [border: (1px inset #808080)] [r=1 c=1 rs=1 cs=1]
              RenderText {#text} at (2,2) size 144x22
                text run at (2,2) width 144: "table table table table"
            RenderTableCell {td} at (302,30) size 148x26 [bgcolor=#00FF00] [border: (1px inset #808080)] [r=1 c=2 rs=1 cs=1]
              RenderText {#text} at (2,2) size 144x22
                text run at (2,2) width 144: "table table table table"
      RenderBlock {p} at (0,1140) size 768x22
        RenderText {#text} at (0,0) size 284x22
          text run at (0,0) width 284: "Olive table with a white body background"
      RenderTable {table} at (0,1178) size 454x60 [border: (1px outset #808080)]
        RenderTableSection (anonymous) at (1,1) size 452x58
          RenderTableRow {tr} at (0,2) size 452x26
            RenderTableCell {td} at (2,2) size 148x26 [bgcolor=#808000] [border: (1px inset #808080)] [r=0 c=0 rs=1 cs=1]
              RenderText {#text} at (2,2) size 144x22
                text run at (2,2) width 144: "table table table table"
            RenderTableCell {td} at (152,2) size 148x26 [bgcolor=#808000] [border: (1px inset #808080)] [r=0 c=1 rs=1 cs=1]
              RenderText {#text} at (2,2) size 144x22
                text run at (2,2) width 144: "table table table table"
            RenderTableCell {td} at (302,2) size 148x26 [bgcolor=#808000] [border: (1px inset #808080)] [r=0 c=2 rs=1 cs=1]
              RenderText {#text} at (2,2) size 144x22
                text run at (2,2) width 144: "table table table table"
          RenderTableRow {tr} at (0,30) size 452x26
            RenderTableCell {td} at (2,30) size 148x26 [bgcolor=#808000] [border: (1px inset #808080)] [r=1 c=0 rs=1 cs=1]
              RenderText {#text} at (2,2) size 144x22
                text run at (2,2) width 144: "table table table table"
            RenderTableCell {td} at (152,30) size 148x26 [bgcolor=#808000] [border: (1px inset #808080)] [r=1 c=1 rs=1 cs=1]
              RenderText {#text} at (2,2) size 144x22
                text run at (2,2) width 144: "table table table table"
            RenderTableCell {td} at (302,30) size 148x26 [bgcolor=#808000] [border: (1px inset #808080)] [r=1 c=2 rs=1 cs=1]
              RenderText {#text} at (2,2) size 144x22
                text run at (2,2) width 144: "table table table table"
      RenderBlock {p} at (0,1254) size 768x22
        RenderText {#text} at (0,0) size 296x22
          text run at (0,0) width 296: "Yellow table with a white body background"
      RenderTable {table} at (0,1292) size 454x60 [border: (1px outset #808080)]
        RenderTableSection (anonymous) at (1,1) size 452x58
          RenderTableRow {tr} at (0,2) size 452x26
            RenderTableCell {td} at (2,2) size 148x26 [bgcolor=#FFFF00] [border: (1px inset #808080)] [r=0 c=0 rs=1 cs=1]
              RenderText {#text} at (2,2) size 144x22
                text run at (2,2) width 144: "table table table table"
            RenderTableCell {td} at (152,2) size 148x26 [bgcolor=#FFFF00] [border: (1px inset #808080)] [r=0 c=1 rs=1 cs=1]
              RenderText {#text} at (2,2) size 144x22
                text run at (2,2) width 144: "table table table table"
            RenderTableCell {td} at (302,2) size 148x26 [bgcolor=#FFFF00] [border: (1px inset #808080)] [r=0 c=2 rs=1 cs=1]
              RenderText {#text} at (2,2) size 144x22
                text run at (2,2) width 144: "table table table table"
          RenderTableRow {tr} at (0,30) size 452x26
            RenderTableCell {td} at (2,30) size 148x26 [bgcolor=#FFFF00] [border: (1px inset #808080)] [r=1 c=0 rs=1 cs=1]
              RenderText {#text} at (2,2) size 144x22
                text run at (2,2) width 144: "table table table table"
            RenderTableCell {td} at (152,30) size 148x26 [bgcolor=#FFFF00] [border: (1px inset #808080)] [r=1 c=1 rs=1 cs=1]
              RenderText {#text} at (2,2) size 144x22
                text run at (2,2) width 144: "table table table table"
            RenderTableCell {td} at (302,30) size 148x26 [bgcolor=#FFFF00] [border: (1px inset #808080)] [r=1 c=2 rs=1 cs=1]
              RenderText {#text} at (2,2) size 144x22
                text run at (2,2) width 144: "table table table table"
      RenderBlock {p} at (0,1368) size 768x22
        RenderText {#text} at (0,0) size 285x22
          text run at (0,0) width 285: "Navy table with a white body background"
      RenderTable {table} at (0,1406) size 454x60 [border: (1px outset #808080)]
        RenderTableSection (anonymous) at (1,1) size 452x58
          RenderTableRow {tr} at (0,2) size 452x26
            RenderTableCell {td} at (2,2) size 148x26 [bgcolor=#000080] [border: (1px inset #808080)] [r=0 c=0 rs=1 cs=1]
              RenderText {#text} at (2,2) size 144x22
                text run at (2,2) width 144: "table table table table"
            RenderTableCell {td} at (152,2) size 148x26 [bgcolor=#000080] [border: (1px inset #808080)] [r=0 c=1 rs=1 cs=1]
              RenderText {#text} at (2,2) size 144x22
                text run at (2,2) width 144: "table table table table"
            RenderTableCell {td} at (302,2) size 148x26 [bgcolor=#000080] [border: (1px inset #808080)] [r=0 c=2 rs=1 cs=1]
              RenderText {#text} at (2,2) size 144x22
                text run at (2,2) width 144: "table table table table"
          RenderTableRow {tr} at (0,30) size 452x26
            RenderTableCell {td} at (2,30) size 148x26 [bgcolor=#000080] [border: (1px inset #808080)] [r=1 c=0 rs=1 cs=1]
              RenderText {#text} at (2,2) size 144x22
                text run at (2,2) width 144: "table table table table"
            RenderTableCell {td} at (152,30) size 148x26 [bgcolor=#000080] [border: (1px inset #808080)] [r=1 c=1 rs=1 cs=1]
              RenderText {#text} at (2,2) size 144x22
                text run at (2,2) width 144: "table table table table"
            RenderTableCell {td} at (302,30) size 148x26 [bgcolor=#000080] [border: (1px inset #808080)] [r=1 c=2 rs=1 cs=1]
              RenderText {#text} at (2,2) size 144x22
                text run at (2,2) width 144: "table table table table"
      RenderBlock {p} at (0,1482) size 768x22
        RenderText {#text} at (0,0) size 280x22
          text run at (0,0) width 280: "Blue table with a white body background"
      RenderTable {table} at (0,1520) size 454x60 [border: (1px outset #808080)]
        RenderTableSection (anonymous) at (1,1) size 452x58
          RenderTableRow {tr} at (0,2) size 452x26
            RenderTableCell {td} at (2,2) size 148x26 [bgcolor=#0000FF] [border: (1px inset #808080)] [r=0 c=0 rs=1 cs=1]
              RenderText {#text} at (2,2) size 144x22
                text run at (2,2) width 144: "table table table table"
            RenderTableCell {td} at (152,2) size 148x26 [bgcolor=#0000FF] [border: (1px inset #808080)] [r=0 c=1 rs=1 cs=1]
              RenderText {#text} at (2,2) size 144x22
                text run at (2,2) width 144: "table table table table"
            RenderTableCell {td} at (302,2) size 148x26 [bgcolor=#0000FF] [border: (1px inset #808080)] [r=0 c=2 rs=1 cs=1]
              RenderText {#text} at (2,2) size 144x22
                text run at (2,2) width 144: "table table table table"
          RenderTableRow {tr} at (0,30) size 452x26
            RenderTableCell {td} at (2,30) size 148x26 [bgcolor=#0000FF] [border: (1px inset #808080)] [r=1 c=0 rs=1 cs=1]
              RenderText {#text} at (2,2) size 144x22
                text run at (2,2) width 144: "table table table table"
            RenderTableCell {td} at (152,30) size 148x26 [bgcolor=#0000FF] [border: (1px inset #808080)] [r=1 c=1 rs=1 cs=1]
              RenderText {#text} at (2,2) size 144x22
                text run at (2,2) width 144: "table table table table"
            RenderTableCell {td} at (302,30) size 148x26 [bgcolor=#0000FF] [border: (1px inset #808080)] [r=1 c=2 rs=1 cs=1]
              RenderText {#text} at (2,2) size 144x22
                text run at (2,2) width 144: "table table table table"
      RenderBlock {p} at (0,1596) size 768x22
        RenderText {#text} at (0,0) size 279x22
          text run at (0,0) width 279: "Teal table with a white body background"
      RenderTable {table} at (0,1634) size 446x54
        RenderTableSection (anonymous) at (0,0) size 446x54
          RenderTableRow {tr} at (0,2) size 446x24
            RenderTableCell {td} at (2,2) size 146x24 [bgcolor=#008080] [r=0 c=0 rs=1 cs=1]
              RenderText {#text} at (1,1) size 144x22
                text run at (1,1) width 144: "table table table table"
            RenderTableCell {td} at (150,2) size 146x24 [bgcolor=#008080] [r=0 c=1 rs=1 cs=1]
              RenderText {#text} at (1,1) size 144x22
                text run at (1,1) width 144: "table table table table"
            RenderTableCell {td} at (298,2) size 146x24 [bgcolor=#008080] [r=0 c=2 rs=1 cs=1]
              RenderText {#text} at (1,1) size 144x22
                text run at (1,1) width 144: "table table table table"
          RenderTableRow {tr} at (0,28) size 446x24
            RenderTableCell {td} at (2,28) size 146x24 [bgcolor=#008080] [r=1 c=0 rs=1 cs=1]
              RenderText {#text} at (1,1) size 144x22
                text run at (1,1) width 144: "table table table table"
            RenderTableCell {td} at (150,28) size 146x24 [bgcolor=#008080] [r=1 c=1 rs=1 cs=1]
              RenderText {#text} at (1,1) size 144x22
                text run at (1,1) width 144: "table table table table"
            RenderTableCell {td} at (298,28) size 146x24 [bgcolor=#008080] [r=1 c=2 rs=1 cs=1]
              RenderText {#text} at (1,1) size 144x22
                text run at (1,1) width 144: "table table table table"
      RenderBlock {p} at (0,1704) size 768x22
        RenderText {#text} at (0,0) size 287x22
          text run at (0,0) width 287: "Aqua table with a white body background"
      RenderTable {table} at (0,1742) size 454x60 [border: (1px outset #808080)]
        RenderTableSection (anonymous) at (1,1) size 452x58
          RenderTableRow {tr} at (0,2) size 452x26
            RenderTableCell {td} at (2,2) size 148x26 [bgcolor=#00FFFF] [border: (1px inset #808080)] [r=0 c=0 rs=1 cs=1]
              RenderText {#text} at (2,2) size 144x22
                text run at (2,2) width 144: "table table table table"
            RenderTableCell {td} at (152,2) size 148x26 [bgcolor=#00FFFF] [border: (1px inset #808080)] [r=0 c=1 rs=1 cs=1]
              RenderText {#text} at (2,2) size 144x22
                text run at (2,2) width 144: "table table table table"
            RenderTableCell {td} at (302,2) size 148x26 [bgcolor=#00FFFF] [border: (1px inset #808080)] [r=0 c=2 rs=1 cs=1]
              RenderText {#text} at (2,2) size 144x22
                text run at (2,2) width 144: "table table table table"
          RenderTableRow {tr} at (0,30) size 452x26
            RenderTableCell {td} at (2,30) size 148x26 [bgcolor=#00FFFF] [border: (1px inset #808080)] [r=1 c=0 rs=1 cs=1]
              RenderText {#text} at (2,2) size 144x22
                text run at (2,2) width 144: "table table table table"
            RenderTableCell {td} at (152,30) size 148x26 [bgcolor=#00FFFF] [border: (1px inset #808080)] [r=1 c=1 rs=1 cs=1]
              RenderText {#text} at (2,2) size 144x22
                text run at (2,2) width 144: "table table table table"
            RenderTableCell {td} at (302,30) size 148x26 [bgcolor=#00FFFF] [border: (1px inset #808080)] [r=1 c=2 rs=1 cs=1]
              RenderText {#text} at (2,2) size 144x22
                text run at (2,2) width 144: "table table table table"
