layer at (0,0) size 800x600
  RenderView at (0,0) size 800x600
layer at (0,0) size 800x110
  RenderBlock {html} at (0,0) size 800x110
    RenderBody {body} at (8,8) size 784x94
      RenderTable {table} at (0,0) size 784x94 [border: (1px outset #808080)]
        RenderTableSection (anonymous) at (1,1) size 782x92
          RenderTableRow {tr} at (0,2) size 782x88
            RenderTableCell {td} at (2,2) size 388x88 [border: (1px inset #808080)] [r=0 c=0 rs=1 cs=1]
              RenderText {#text} at (2,2) size 384x84
                text run at (2,2) width 232: "This cell text should be justified "
                text run at (234,2) width 152: "which means that the"
                text run at (2,23) width 302: "right and left margins should line up, no "
                text run at (304,23) width 81: "matter how"
                text run at (2,44) width 384: "long the content becomes (except the last line which"
                text run at (2,65) width 148: "should be left aligned)"
            RenderTableCell {td} at (392,33) size 388x25 [border: (1px inset #808080)] [r=0 c=1 rs=1 cs=1]
              RenderText {#text} at (2,2) size 237x21
                text run at (2,2) width 237: "This cell text should be left justified"
