layer at (0,0) size 800x600
  RenderView at (0,0) size 800x600
layer at (0,0) size 800x290
  RenderBlock {html} at (0,0) size 800x290
    RenderBody {body} at (8,16) size 784x266
      RenderBlock {p} at (0,0) size 784x22
        RenderText {#text} at (0,0) size 171x22
          text run at (0,0) width 171: "TEST: td align=\"center\""
      RenderBlock {p} at (0,38) size 784x44
        RenderInline {b} at (0,0) size 76x22
          RenderText {#text} at (0,0) size 76x22
            text run at (0,0) width 76: "Example 1."
        RenderBR {br} at (76,0) size 0x22
        RenderText {#text} at (0,22) size 131x22
          text run at (0,22) width 131: "Table width=100%"
      RenderTable {table} at (0,98) size 784x32 [border: (1px outset #808080)]
        RenderTableSection (anonymous) at (1,1) size 782x30
          RenderTableRow {tr} at (0,2) size 782x26
            RenderTableCell {td} at (2,2) size 778x26 [border: (1px inset #808080)] [r=0 c=0 rs=1 cs=1]
              RenderText {#text} at (277,2) size 224x22
                text run at (277,2) width 224: "Cell text should be center aligned"
      RenderBlock {p} at (0,146) size 784x44
        RenderInline {b} at (0,0) size 76x22
          RenderText {#text} at (0,0) size 76x22
            text run at (0,0) width 76: "Example 2."
        RenderBR {br} at (76,0) size 0x22
        RenderText {#text} at (0,22) size 448x22
          text run at (0,22) width 421: "No specific table width; text in second row exceeds text in first "
          text run at (421,22) width 27: "row"
      RenderTable {table} at (0,206) size 566x60 [border: (1px outset #808080)]
        RenderTableSection (anonymous) at (1,1) size 564x58
          RenderTableRow {tr} at (0,2) size 564x26
            RenderTableCell {td} at (2,2) size 560x26 [border: (1px inset #808080)] [r=0 c=0 rs=1 cs=1]
              RenderText {#text} at (168,2) size 224x22
                text run at (168,2) width 224: "Cell text should be center aligned"
          RenderTableRow {tr} at (0,30) size 564x26
            RenderTableCell {td} at (2,30) size 560x26 [border: (1px inset #808080)] [r=1 c=0 rs=1 cs=1]
              RenderText {#text} at (2,2) size 556x22
                text run at (2,2) width 448: "xxx xxx xxx xxx xxx xxx xxx xxx xxx xxx xxx xxx xxx xxx xxx xxx "
                text run at (450,2) width 108: "xxx xxx xxx xxx"
