layer at (0,0) size 800x600
  RenderView at (0,0) size 800x600
layer at (0,0) size 800x330
  RenderBlock {html} at (0,0) size 800x330
    RenderBody {body} at (8,8) size 784x314
      RenderTable {table} at (0,0) size 110x76 [border: (1px outset #808080)]
        RenderTableSection (anonymous) at (1,1) size 108x74
          RenderTableRow {tr} at (0,2) size 108x70
            RenderTableCell {td} at (2,2) size 104x70 [border: (1px inset #808080)] [r=0 c=0 rs=1 cs=1]
              RenderText {#text} at (2,2) size 99x66
                text run at (2,2) width 87: "The width of"
                text run at (2,24) width 99: "this cell should"
                text run at (2,46) width 86: "be 100 pixels"
      RenderBlock (anonymous) at (0,76) size 784x22
        RenderBR {br} at (0,0) size 0x22
      RenderTable {table} at (0,98) size 210x54 [border: (1px outset #808080)]
        RenderTableSection (anonymous) at (1,1) size 208x52
          RenderTableRow {tr} at (0,2) size 208x48
            RenderTableCell {td} at (2,2) size 204x48 [border: (1px inset #808080)] [r=0 c=0 rs=1 cs=1]
              RenderText {#text} at (2,2) size 190x44
                text run at (2,2) width 190: "The width of this cell should"
                text run at (2,24) width 86: "be 200 pixels"
      RenderBlock (anonymous) at (0,152) size 784x22
        RenderBR {br} at (0,0) size 0x22
      RenderTable {table} at (0,174) size 310x32 [border: (1px outset #808080)]
        RenderTableSection (anonymous) at (1,1) size 308x30
          RenderTableRow {tr} at (0,2) size 308x26
            RenderTableCell {td} at (2,2) size 304x26 [border: (1px inset #808080)] [r=0 c=0 rs=1 cs=1]
              RenderText {#text} at (2,2) size 280x22
                text run at (2,2) width 280: "The width of this cell should be 300 pixels"
      RenderBlock (anonymous) at (0,206) size 784x22
        RenderBR {br} at (0,0) size 0x22
      RenderTable {table} at (0,228) size 410x32 [border: (1px outset #808080)]
        RenderTableSection (anonymous) at (1,1) size 408x30
          RenderTableRow {tr} at (0,2) size 408x26
            RenderTableCell {td} at (2,2) size 404x26 [border: (1px inset #808080)] [r=0 c=0 rs=1 cs=1]
              RenderText {#text} at (2,2) size 280x22
                text run at (2,2) width 280: "The width of this cell should be 400 pixels"
      RenderBlock (anonymous) at (0,260) size 784x22
        RenderBR {br} at (0,0) size 0x22
      RenderTable {table} at (0,282) size 510x32 [border: (1px outset #808080)]
        RenderTableSection (anonymous) at (1,1) size 508x30
          RenderTableRow {tr} at (0,2) size 508x26
            RenderTableCell {td} at (2,2) size 504x26 [border: (1px inset #808080)] [r=0 c=0 rs=1 cs=1]
              RenderText {#text} at (2,2) size 280x22
                text run at (2,2) width 280: "The width of this cell should be 500 pixels"
