layer at (0,0) size 800x600
  RenderView at (0,0) size 800x600
layer at (0,0) size 800x234
  RenderBlock {html} at (0,0) size 800x234
    RenderBody {body} at (8,16) size 784x210
      RenderBlock {p} at (0,0) size 784x21
        RenderText {#text} at (0,0) size 319x21
          text run at (0,0) width 319: "In this test, the TFOOT text should be justified."
      RenderTable {table} at (0,37) size 300x173 [border: (1px outset #808080)]
        RenderTableSection {thead} at (1,1) size 298x29
          RenderTableRow {tr} at (0,2) size 298x25
            RenderTableCell {td} at (2,2) size 294x25 [border: (1px inset #808080)] [r=0 c=0 rs=1 cs=1]
              RenderText {#text} at (2,2) size 177x21
                text run at (2,2) width 177: "This text is in the THEAD"
        RenderTableSection {tfoot} at (1,59) size 298x113
          RenderTableRow {tr} at (0,2) size 298x109
            RenderTableCell {td} at (2,2) size 294x109 [border: (1px inset #808080)] [r=0 c=0 rs=1 cs=1]
              RenderText {#text} at (2,2) size 290x105
                text run at (2,2) width 290: "This TFOOT text should be justified"
                text run at (2,23) width 230: "which means that the right "
                text run at (232,23) width 60: "and left"
                text run at (2,44) width 290: "margins should line up, no matter how"
                text run at (2,65) width 120: "long the content "
                text run at (122,65) width 169: "becomes (except the last"
                text run at (2,86) width 221: "line which should be left aligned)"
        RenderTableSection {tbody} at (1,30) size 298x29
          RenderTableRow {tr} at (0,2) size 298x25
            RenderTableCell {td} at (2,2) size 294x25 [border: (1px inset #808080)] [r=0 c=0 rs=1 cs=1]
              RenderText {#text} at (2,2) size 177x21
                text run at (2,2) width 177: "This text is in the TBODY"
