layer at (0,0) size 800x600
  RenderView at (0,0) size 800x600
layer at (0,0) size 800x334
  RenderBlock {html} at (0,0) size 800x334
    RenderBody {body} at (8,16) size 784x310
      RenderBlock {p} at (0,0) size 784x21
        RenderText {#text} at (0,0) size 167x21
          text run at (0,0) width 167: "TFOOT VALIGN=TOP"
      RenderTable {table} at (0,37) size 685x273 [border: (1px outset #808080)]
        RenderTableSection {thead} at (1,1) size 683x29
          RenderTableRow {tr} at (0,2) size 683x25
            RenderTableCell {td} at (2,2) size 204x25 [border: (1px inset #808080)] [r=0 c=0 rs=1 cs=1]
              RenderText {#text} at (2,2) size 58x21
                text run at (2,2) width 58: "THEAD"
            RenderTableCell {td} at (208,2) size 473x25 [border: (1px inset #808080)] [r=0 c=1 rs=1 cs=1]
              RenderText {#text} at (2,2) size 58x21
                text run at (2,2) width 58: "THEAD"
        RenderTableSection {tfoot} at (1,59) size 683x213
          RenderTableRow {tr} at (0,2) size 683x209
            RenderTableCell {td} at (2,2) size 204x209 [border: (1px inset #808080)] [r=0 c=0 rs=1 cs=1]
              RenderImage {img} at (2,2) size 200x200
            RenderTableCell {td} at (208,2) size 473x25 [border: (1px inset #808080)] [r=0 c=1 rs=1 cs=1]
              RenderText {#text} at (2,2) size 469x21
                text run at (2,2) width 404: "The top of this text should be vertically aligned to the top of "
                text run at (406,2) width 65: "the image"
        RenderTableSection {tbody} at (1,30) size 683x29
          RenderTableRow {tr} at (0,2) size 683x25
            RenderTableCell {td} at (2,2) size 204x25 [border: (1px inset #808080)] [r=0 c=0 rs=1 cs=1]
              RenderText {#text} at (2,2) size 58x21
                text run at (2,2) width 58: "TBODY"
            RenderTableCell {td} at (208,2) size 473x25 [border: (1px inset #808080)] [r=0 c=1 rs=1 cs=1]
              RenderText {#text} at (2,2) size 58x21
                text run at (2,2) width 58: "TBODY"
