layer at (0,0) size 800x600
  RenderView at (0,0) size 800x600
layer at (0,0) size 800x231
  RenderBlock {html} at (0,0) size 800x231
    RenderBody {body} at (8,16) size 784x207
      RenderBlock {p} at (0,0) size 784x21
        RenderText {#text} at (0,0) size 422x21
          text run at (0,0) width 422: "The numbers in the TFOOT should align at the decimal points"
      RenderTable {table} at (0,37) size 374x170 [border: (1px outset #808080)]
        RenderTableSection {thead} at (1,1) size 372x56
          RenderTableRow {tr} at (0,2) size 372x25
            RenderTableCell {td} at (2,2) size 116x25 [border: (1px inset #808080)] [r=0 c=0 rs=1 cs=1]
              RenderText {#text} at (2,2) size 58x21
                text run at (2,2) width 58: "THEAD"
            RenderTableCell {td} at (120,2) size 124x25 [border: (1px inset #808080)] [r=0 c=1 rs=1 cs=1]
              RenderText {#text} at (2,2) size 58x21
                text run at (2,2) width 58: "THEAD"
            RenderTableCell {td} at (246,2) size 124x25 [border: (1px inset #808080)] [r=0 c=2 rs=1 cs=1]
              RenderText {#text} at (2,2) size 58x21
                text run at (2,2) width 58: "THEAD"
          RenderTableRow {tr} at (0,29) size 372x25
            RenderTableCell {td} at (2,29) size 116x25 [border: (1px inset #808080)] [r=1 c=0 rs=1 cs=1]
              RenderText {#text} at (2,2) size 58x21
                text run at (2,2) width 58: "THEAD"
            RenderTableCell {td} at (120,29) size 124x25 [border: (1px inset #808080)] [r=1 c=1 rs=1 cs=1]
              RenderText {#text} at (2,2) size 58x21
                text run at (2,2) width 58: "THEAD"
            RenderTableCell {td} at (246,29) size 124x25 [border: (1px inset #808080)] [r=1 c=2 rs=1 cs=1]
              RenderText {#text} at (2,2) size 58x21
                text run at (2,2) width 58: "THEAD"
        RenderTableSection {tfoot} at (1,113) size 372x56
          RenderTableRow {tr} at (0,2) size 372x25
            RenderTableCell {td} at (2,2) size 116x25 [border: (1px inset #808080)] [r=0 c=0 rs=1 cs=1]
              RenderText {#text} at (2,2) size 96x21
                text run at (2,2) width 96: "TFOOT 55.00"
            RenderTableCell {td} at (120,2) size 124x25 [border: (1px inset #808080)] [r=0 c=1 rs=1 cs=1]
              RenderText {#text} at (2,2) size 120x21
                text run at (2,2) width 120: "TFOOT 55555.00"
            RenderTableCell {td} at (246,2) size 124x25 [border: (1px inset #808080)] [r=0 c=2 rs=1 cs=1]
              RenderText {#text} at (2,2) size 104x21
                text run at (2,2) width 104: "TFOOT 555.00"
          RenderTableRow {tr} at (0,29) size 372x25
            RenderTableCell {td} at (2,29) size 116x25 [border: (1px inset #808080)] [r=1 c=0 rs=1 cs=1]
              RenderText {#text} at (2,2) size 112x21
                text run at (2,2) width 112: "TFOOT 1234.56"
            RenderTableCell {td} at (120,29) size 124x25 [border: (1px inset #808080)] [r=1 c=1 rs=1 cs=1]
              RenderText {#text} at (2,2) size 104x21
                text run at (2,2) width 104: "TFOOT 123.45"
            RenderTableCell {td} at (246,29) size 124x25 [border: (1px inset #808080)] [r=1 c=2 rs=1 cs=1]
              RenderText {#text} at (2,2) size 120x21
                text run at (2,2) width 120: "TFOOT 12345.67"
        RenderTableSection {tbody} at (1,57) size 372x56
          RenderTableRow {tr} at (0,2) size 372x25
            RenderTableCell {td} at (2,2) size 116x25 [border: (1px inset #808080)] [r=0 c=0 rs=1 cs=1]
              RenderText {#text} at (2,2) size 58x21
                text run at (2,2) width 58: "TBODY"
            RenderTableCell {td} at (120,2) size 124x25 [border: (1px inset #808080)] [r=0 c=1 rs=1 cs=1]
              RenderText {#text} at (2,2) size 58x21
                text run at (2,2) width 58: "TBODY"
            RenderTableCell {td} at (246,2) size 124x25 [border: (1px inset #808080)] [r=0 c=2 rs=1 cs=1]
              RenderText {#text} at (2,2) size 58x21
                text run at (2,2) width 58: "TBODY"
          RenderTableRow {tr} at (0,29) size 372x25
            RenderTableCell {td} at (2,29) size 116x25 [border: (1px inset #808080)] [r=1 c=0 rs=1 cs=1]
              RenderText {#text} at (2,2) size 58x21
                text run at (2,2) width 58: "TBODY"
            RenderTableCell {td} at (120,29) size 124x25 [border: (1px inset #808080)] [r=1 c=1 rs=1 cs=1]
              RenderText {#text} at (2,2) size 58x21
                text run at (2,2) width 58: "TBODY"
            RenderTableCell {td} at (246,29) size 124x25 [border: (1px inset #808080)] [r=1 c=2 rs=1 cs=1]
              RenderText {#text} at (2,2) size 58x21
                text run at (2,2) width 58: "TBODY"
