layer at (0,0) size 800x600
  RenderView at (0,0) size 800x600
layer at (0,0) size 800x150
  RenderBlock {html} at (0,0) size 800x150
    RenderBody {body} at (8,16) size 784x126
      RenderBlock {p} at (0,0) size 784x21
        RenderText {#text} at (0,0) size 358x21
          text run at (0,0) width 358: "In this test, the THEAD text should be center aligned"
      RenderTable {table} at (0,37) size 187x89 [border: (1px outset #808080)]
        RenderTableSection {thead} at (1,1) size 185x29
          RenderTableRow {tr} at (0,2) size 185x25
            RenderTableCell {td} at (2,2) size 181x25 [border: (1px inset #808080)] [r=0 c=0 rs=1 cs=1]
              RenderText {#text} at (61,2) size 59x21
                text run at (61,2) width 59: "THEAD"
        RenderTableSection {tfoot} at (1,59) size 185x29
          RenderTableRow {tr} at (0,2) size 185x25
            RenderTableCell {td} at (2,2) size 181x25 [border: (1px inset #808080)] [r=0 c=0 rs=1 cs=1]
              RenderText {#text} at (2,2) size 175x21
                text run at (2,2) width 175: "This text is in the TFOOT"
        RenderTableSection {tbody} at (1,30) size 185x29
          RenderTableRow {tr} at (0,2) size 185x25
            RenderTableCell {td} at (2,2) size 181x25 [border: (1px inset #808080)] [r=0 c=0 rs=1 cs=1]
              RenderText {#text} at (2,2) size 177x21
                text run at (2,2) width 177: "This text is in the TBODY"
