layer at (0,0) size 800x600
  RenderView at (0,0) size 800x600
layer at (0,0) size 800x154
  RenderBlock {html} at (0,0) size 800x154
    RenderBody {body} at (8,16) size 784x130
      RenderBlock {p} at (0,0) size 784x22
        RenderText {#text} at (0,0) size 349x22
          text run at (0,0) width 349: "In this test, the THEAD text should be right aligned"
      RenderTable {table} at (0,38) size 187x92 [border: (1px outset #808080)]
        RenderTableSection {thead} at (1,1) size 185x30
          RenderTableRow {tr} at (0,2) size 185x26
            RenderTableCell {td} at (2,2) size 181x26 [border: (1px inset #808080)] [r=0 c=0 rs=1 cs=1]
              RenderText {#text} at (121,2) size 58x22
                text run at (121,2) width 58: "THEAD"
        RenderTableSection {tfoot} at (1,61) size 185x30
          RenderTableRow {tr} at (0,2) size 185x26
            RenderTableCell {td} at (2,2) size 181x26 [border: (1px inset #808080)] [r=0 c=0 rs=1 cs=1]
              RenderText {#text} at (2,2) size 175x22
                text run at (2,2) width 175: "This text is in the TFOOT"
        RenderTableSection {tbody} at (1,31) size 185x30
          RenderTableRow {tr} at (0,2) size 185x26
            RenderTableCell {td} at (2,2) size 181x26 [border: (1px inset #808080)] [r=0 c=0 rs=1 cs=1]
              RenderText {#text} at (2,2) size 177x22
                text run at (2,2) width 177: "This text is in the TBODY"
