layer at (0,0) size 800x600
  RenderView at (0,0) size 800x600
layer at (0,0) size 800x278
  RenderBlock {html} at (0,0) size 800x278
    RenderBody {body} at (8,16) size 784x254
      RenderBlock {p} at (0,0) size 784x22
        RenderText {#text} at (0,0) size 134x22
          text run at (0,0) width 134: "TH VALIGN=TOP"
      RenderTable {table} at (0,38) size 685x216 [border: (1px outset #808080)]
        RenderTableSection (anonymous) at (1,1) size 683x214
          RenderTableRow {tr} at (0,2) size 683x210
            RenderTableCell {th} at (2,2) size 204x210 [border: (1px inset #808080)] [r=0 c=0 rs=1 cs=1]
              RenderImage {img} at (2,2) size 200x200
            RenderTableCell {th} at (208,2) size 473x26 [border: (1px inset #808080)] [r=0 c=1 rs=1 cs=1]
              RenderText {#text} at (2,2) size 469x22
                text run at (2,2) width 319: "The top of this text should be vertically aligned "
                text run at (321,2) width 150: "to the top of the image"
