layer at (0,0) size 800x600
  RenderView at (0,0) size 800x600
layer at (0,0) size 800x48
  RenderBlock {html} at (0,0) size 800x48
    RenderBody {body} at (8,8) size 784x32
      RenderTable {table} at (0,0) size 570x32 [border: (1px outset #808080)]
        RenderTableSection (anonymous) at (1,1) size 568x30
          RenderTableRow {tr} at (0,2) size 568x26 [bgcolor=#00FF00]
            RenderTableCell {td} at (2,2) size 281x26 [border: (1px inset #808080)] [r=0 c=0 rs=1 cs=1]
              RenderText {#text} at (2,2) size 277x22
                text run at (2,2) width 277: "This row should have a lime background"
            RenderTableCell {td} at (285,2) size 281x26 [border: (1px inset #808080)] [r=0 c=1 rs=1 cs=1]
              RenderText {#text} at (2,2) size 277x22
                text run at (2,2) width 277: "This row should have a lime background"
