layer at (0,0) size 800x600
  RenderView at (0,0) size 800x600
layer at (0,0) size 800x276
  RenderBlock {html} at (0,0) size 800x276
    RenderBody {body} at (8,16) size 784x252
      RenderBlock {p} at (0,0) size 784x21
        RenderText {#text} at (0,0) size 173x21
          text run at (0,0) width 173: "TR VALIGN=BOTTOM"
      RenderTable {table} at (0,37) size 784x215 [border: (1px outset #808080)]
        RenderTableSection (anonymous) at (1,1) size 782x213
          RenderTableRow {tr} at (0,2) size 782x209
            RenderTableCell {td} at (2,2) size 204x209 [border: (1px inset #808080)] [r=0 c=0 rs=1 cs=1]
              RenderImage {img} at (2,2) size 200x200
            RenderTableCell {td} at (208,144) size 572x67 [border: (1px inset #808080)] [r=0 c=1 rs=1 cs=1]
              RenderText {#text} at (2,2) size 559x63
                text run at (2,2) width 387: "The bottom of this text should be vertically aligned to the "
                text run at (389,2) width 172: "bottom of the image. x-fill"
                text run at (2,23) width 170: "x-fill x-fill x-fill x-fill x-fill "
                text run at (172,23) width 306: "x-fill x-fill x-fill x-fill x-fill x-fill x-fill x-fill x-fill "
                text run at (478,23) width 81: "x-fill x-fill x-"
                text run at (2,44) width 225: "fill x-fill x-fill x-fill x-fill x-fill x-fill "
                text run at (227,44) width 132: "x-fill x-fill x-fill x-fill"
