layer at (0,0) size 800x600
  RenderView at (0,0) size 800x600
layer at (0,0) size 800x131
  RenderBlock {html} at (0,0) size 800x131
    RenderBody {body} at (8,8) size 784x115
      RenderTable {table} at (0,0) size 600x115 [border: (1px outset #808080)]
        RenderTableSection (anonymous) at (1,1) size 598x113
          RenderTableRow {tr} at (0,2) size 598x109
            RenderTableCell {td} at (2,2) size 296x109 [border: (1px inset #808080)] [r=0 c=0 rs=1 cs=1]
              RenderText {#text} at (2,2) size 292x105
                text run at (2,2) width 292: "Cell text should be justified which means"
                text run at (2,23) width 129: "that the right and "
                text run at (131,23) width 162: "left margins should line"
                text run at (2,44) width 292: "up, no matter how long the content"
                text run at (2,65) width 62: "becomes "
                text run at (64,65) width 229: "(except the last line which should"
                text run at (2,86) width 103: "be left aligned)."
            RenderTableCell {td} at (300,2) size 296x109 [border: (1px inset #808080)] [r=0 c=1 rs=1 cs=1]
              RenderText {#text} at (2,2) size 292x105
                text run at (2,2) width 292: "Cell text should be justified which means"
                text run at (2,23) width 129: "that the right and "
                text run at (131,23) width 162: "left margins should line"
                text run at (2,44) width 292: "up, no matter how long the content"
                text run at (2,65) width 62: "becomes "
                text run at (64,65) width 229: "(except the last line which should"
                text run at (2,86) width 103: "be left aligned)."
