layer at (0,0) size 800x600
  RenderView at (0,0) size 800x600
layer at (0,0) size 800x600
  RenderBlock {HTML} at (0,0) size 800x600
    RenderBody {BODY} at (8,8) size 784x584
      RenderBlock {H2} at (3,0) size 778x21
        RenderText {#text} at (0,0) size 389x20
          text run at (0,0) width 389: "Horizontal meters with the non-themed default style"
      RenderBlock {UL} at (3,24) size 778x66
        RenderListItem {LI} at (43,0) size 732x20
          RenderMeter {METER} at (0,3) size 80x16
            RenderBlock {DIV} at (0,0) size 80x16
            RenderBlock {DIV} at (0,0) size 20x16
        RenderListItem {LI} at (43,23) size 732x20
          RenderMeter {METER} at (0,3) size 80x16
            RenderBlock {DIV} at (0,0) size 80x16
            RenderBlock {DIV} at (0,0) size 36x16
        RenderListItem {LI} at (43,46) size 732x20
          RenderMeter {METER} at (0,3) size 80x16
            RenderBlock {DIV} at (0,0) size 80x16
            RenderBlock {DIV} at (0,0) size 60x16
      RenderBlock {H2} at (3,93) size 778x21
        RenderText {#text} at (0,0) size 368x20
          text run at (0,0) width 368: "Vertical meters with the non-themed default style"
      RenderBlock {UL} at (3,117) size 778x129
        RenderListItem {LI} at (43,0) size 732x41
          RenderMeter {METER} at (0,0) size 30x40
            RenderBlock {DIV} at (0,0) size 30x40
            RenderBlock {DIV} at (0,30) size 30x10
        RenderListItem {LI} at (43,44) size 732x41
          RenderMeter {METER} at (0,0) size 30x40
            RenderBlock {DIV} at (0,0) size 30x40
            RenderBlock {DIV} at (0,22) size 30x18
        RenderListItem {LI} at (43,88) size 732x41
          RenderMeter {METER} at (0,0) size 30x40
            RenderBlock {DIV} at (0,0) size 30x40
            RenderBlock {DIV} at (0,10) size 30x30
      RenderBlock {H2} at (3,249) size 778x21
        RenderText {#text} at (0,0) size 170x20
          text run at (0,0) width 170: "Providing meter styles"
      RenderBlock {DIV} at (0,273) size 784x102 [bgcolor=#EEEEEE]
        RenderBlock {UL} at (3,0) size 778x102
          RenderListItem {LI} at (43,0) size 732x32
            RenderMeter {METER} at (0,0) size 230x31 [bgcolor=#AAAACC] [border: (10px solid #222244) (50px solid #222244) (5px solid #222244) (100px solid #222244)]
              RenderBlock {DIV} at (100,10) size 80x16
              RenderBlock {DIV} at (100,10) size 64x16
            RenderText {#text} at (230,12) size 80x20
              text run at (230,12) width 80: " has border"
          RenderListItem {LI} at (43,35) size 732x32
            RenderMeter {METER} at (0,0) size 230x31 [bgcolor=#AAAACC]
              RenderBlock {DIV} at (100,10) size 80x16
              RenderBlock {DIV} at (100,10) size 64x16
            RenderText {#text} at (230,12) size 92x20
              text run at (230,12) width 92: " has padding"
          RenderListItem {LI} at (43,70) size 732x32
            RenderMeter {METER} at (100,10) size 80x16 [bgcolor=#AAAACC]
              RenderBlock {DIV} at (0,0) size 80x16
              RenderBlock {DIV} at (0,0) size 64x16
            RenderText {#text} at (230,12) size 83x20
              text run at (230,12) width 83: " has margin"
      RenderBlock {H2} at (3,378) size 778x21
        RenderText {#text} at (0,0) size 250x20
          text run at (0,0) width 250: "Providing bar and/or value styles"
      RenderBlock {DIV} at (0,402) size 784x66 [bgcolor=#EEEEEE]
        RenderBlock {UL} at (3,0) size 778x66
          RenderListItem {LI} at (43,0) size 732x20
            RenderMeter {METER} at (0,3) size 80x16
              RenderBlock {DIV} at (0,0) size 80x16
              RenderBlock {DIV} at (0,0) size 64x16 [bgcolor=#008000] [border: (2px solid #77CC77)]
            RenderText {#text} at (80,0) size 285x20
              text run at (80,0) width 285: " has bar style, should be styled as it has."
          RenderListItem {LI} at (43,23) size 732x20
            RenderMeter {METER} at (0,3) size 80x16
              RenderBlock {DIV} at (0,0) size 80x16 [bgcolor=#808080] [border: (2px solid #222222)]
              RenderBlock {DIV} at (0,0) size 64x16
            RenderText {#text} at (80,0) size 301x20
              text run at (80,0) width 301: " has value style, should be styled as it has."
          RenderListItem {LI} at (43,46) size 732x20
            RenderMeter {METER} at (0,3) size 80x16
              RenderBlock {DIV} at (0,0) size 80x16 [bgcolor=#808080] [border: (2px solid #222222)]
              RenderBlock {DIV} at (0,0) size 64x16 [bgcolor=#008000] [border: (2px solid #77CC77)]
            RenderText {#text} at (80,0) size 301x20
              text run at (80,0) width 301: " has both styles, should be styled as it has."
      RenderBlock {H2} at (3,471) size 778x21
        RenderText {#text} at (0,0) size 177x20
          text run at (0,0) width 177: "Providing appearances"
      RenderBlock {DIV} at (0,495) size 784x43 [bgcolor=#EEEEEE]
        RenderBlock {UL} at (3,0) size 778x43
          RenderListItem {LI} at (43,0) size 732x20
            RenderMeter {METER} at (0,3) size 80x16
              RenderBlock {DIV} at (0,0) size 80x16
              RenderBlock {DIV} at (0,0) size 64x16
            RenderText {#text} at (80,0) size 421x20
              text run at (80,0) width 421: " has \"none\" appearance, should be styled with default style."
          RenderListItem {LI} at (43,23) size 732x20
            RenderMeter {METER} at (0,3) size 80x16
              RenderBlock {DIV} at (0,0) size 80x16
              RenderBlock {DIV} at (0,0) size 64x16
            RenderText {#text} at (80,0) size 314x20
              text run at (80,0) width 314: " has \"meter\" appearance, should be themed."
