layer at (0,0) size 800x600
  RenderView at (0,0) size 800x600
layer at (0,0) size 800x600
  RenderBlock {HTML} at (0,0) size 800x600
    RenderBody {BODY} at (8,8) size 784x584
      RenderBlock {P} at (0,0) size 784x18
        RenderText {#text} at (0,0) size 258x18
          text run at (0,0) width 258: "Test appearances of input-speech-button."
      RenderBlock {DIV} at (0,34) size 784x0
      RenderBlock {DIV} at (0,34) size 784x539
        RenderTable {TABLE} at (0,0) size 439x539
          RenderTableSection {TBODY} at (0,0) size 439x539
            RenderTableRow {TR} at (0,2) size 439x535
              RenderTableCell {TD} at (2,85) size 180x369 [r=0 c=0 rs=1 cs=1]
                RenderBlock {DIV} at (1,1) size 178x35
                  RenderTextControl {INPUT} at (0,3) size 100x16 [bgcolor=#FFFFFF] [border: (2px inset #000000)]
                  RenderText {#text} at (100,0) size 4x18
                    text run at (100,0) width 4: " "
                  RenderBR {BR} at (104,14) size 0x0
                  RenderTextControl {INPUT} at (0,19) size 100x16 [bgcolor=#FFFFFF] [border: (2px inset #000000)]
                    RenderBlock {DIV} at (3,2) size 94x12
                      RenderBlock {DIV} at (84,0) size 10x10
                RenderBlock {DIV} at (1,36) size 178x36
                  RenderTextControl {INPUT} at (0,2) size 102x17 [bgcolor=#FFFFFF] [border: (2px inset #000000)]
                  RenderText {#text} at (102,0) size 4x18
                    text run at (102,0) width 4: " "
                  RenderBR {BR} at (106,14) size 0x0
                  RenderTextControl {INPUT} at (0,19) size 102x17 [bgcolor=#FFFFFF] [border: (2px inset #000000)]
                    RenderBlock {DIV} at (3,2) size 96x13
                      RenderBlock {DIV} at (85,0) size 11x11
                RenderBlock {DIV} at (1,72) size 178x37
                  RenderTextControl {INPUT} at (0,1) size 104x18 [bgcolor=#FFFFFF] [border: (2px inset #000000)]
                  RenderText {#text} at (104,0) size 4x18
                    text run at (104,0) width 4: " "
                  RenderBR {BR} at (108,14) size 0x0
                  RenderTextControl {INPUT} at (0,19) size 104x18 [bgcolor=#FFFFFF] [border: (2px inset #000000)]
                    RenderBlock {DIV} at (3,2) size 98x14
                      RenderBlock {DIV} at (86,0) size 12x12
                RenderBlock {DIV} at (1,109) size 178x47
                  RenderTextControl {INPUT} at (2,2) size 125x19 [bgcolor=#FFFFFF] [border: (2px inset #000000)]
                  RenderText {#text} at (129,2) size 4x18
                    text run at (129,2) width 4: " "
                  RenderBR {BR} at (133,16) size 0x0
                  RenderTextControl {INPUT} at (2,25) size 125x20 [bgcolor=#FFFFFF] [border: (2px inset #000000)]
                    RenderBlock {DIV} at (3,2) size 119x16
                      RenderBlock {DIV} at (105,0) size 14x14
                RenderBlock {DIV} at (1,156) size 178x50
                  RenderTextControl {INPUT} at (2,2) size 127x21 [bgcolor=#FFFFFF] [border: (2px inset #000000)]
                  RenderText {#text} at (131,3) size 4x18
                    text run at (131,3) width 4: " "
                  RenderBR {BR} at (135,17) size 0x0
                  RenderTextControl {INPUT} at (2,27) size 127x21 [bgcolor=#FFFFFF] [border: (2px inset #000000)]
                    RenderBlock {DIV} at (3,1) size 121x18
                      RenderBlock {DIV} at (106,0) size 15x15
                RenderBlock {DIV} at (1,206) size 178x52
                  RenderTextControl {INPUT} at (2,2) size 148x22 [bgcolor=#FFFFFF] [border: (2px inset #000000)]
                  RenderText {#text} at (152,4) size 4x18
                    text run at (152,4) width 4: " "
                  RenderBR {BR} at (156,18) size 0x0
                  RenderTextControl {INPUT} at (2,28) size 148x22 [bgcolor=#FFFFFF] [border: (2px inset #000000)]
                    RenderBlock {DIV} at (3,1) size 142x19
                      RenderBlock {DIV} at (126,0) size 16x16
                RenderBlock {DIV} at (1,258) size 178x54
                  RenderTextControl {INPUT} at (2,2) size 150x23 [bgcolor=#FFFFFF] [border: (2px inset #000000)]
                  RenderText {#text} at (154,5) size 4x18
                    text run at (154,5) width 4: " "
                  RenderBR {BR} at (158,19) size 0x0
                  RenderTextControl {INPUT} at (2,29) size 150x23 [bgcolor=#FFFFFF] [border: (2px inset #000000)]
                    RenderBlock {DIV} at (3,1) size 144x20
                      RenderBlock {DIV} at (127,0) size 17x17
                RenderBlock {DIV} at (1,312) size 178x56
                  RenderTextControl {INPUT} at (2,2) size 170x24 [bgcolor=#FFFFFF] [border: (2px inset #000000)]
                  RenderText {#text} at (174,6) size 4x18
                    text run at (174,6) width 4: " "
                  RenderBR {BR} at (178,20) size 0x0
                  RenderTextControl {INPUT} at (2,30) size 170x24 [bgcolor=#FFFFFF] [border: (2px inset #000000)]
                    RenderBlock {DIV} at (3,1) size 164x21
                      RenderBlock {DIV} at (146,0) size 18x18
              RenderTableCell {TD} at (184,2) size 253x535 [r=0 c=1 rs=1 cs=1]
                RenderBlock {DIV} at (1,1) size 251x58
                  RenderTextControl {INPUT} at (2,2) size 172x24 [bgcolor=#FFFFFF] [border: (2px inset #000000)]
                  RenderText {#text} at (176,6) size 4x18
                    text run at (176,6) width 4: " "
                  RenderBR {BR} at (180,20) size 0x0
                  RenderTextControl {INPUT} at (2,30) size 172x26 [bgcolor=#FFFFFF] [border: (2px inset #000000)]
                    RenderBlock {DIV} at (3,1) size 166x23
                      RenderBlock {DIV} at (146,0) size 20x20
                RenderBlock {DIV} at (1,59) size 251x61
                  RenderTextControl {INPUT} at (2,2) size 174x26 [bgcolor=#FFFFFF] [border: (2px inset #000000)]
                  RenderText {#text} at (178,7) size 4x18
                    text run at (178,7) width 4: " "
                  RenderBR {BR} at (182,21) size 0x0
                  RenderTextControl {INPUT} at (2,32) size 174x27 [bgcolor=#FFFFFF] [border: (2px inset #000000)]
                    RenderBlock {DIV} at (3,1) size 168x25
                      RenderBlock {DIV} at (147,0) size 21x21
                RenderBlock {DIV} at (1,120) size 251x63
                  RenderTextControl {INPUT} at (2,2) size 195x27 [bgcolor=#FFFFFF] [border: (2px inset #000000)]
                  RenderText {#text} at (199,8) size 4x18
                    text run at (199,8) width 4: " "
                  RenderBR {BR} at (203,22) size 0x0
                  RenderTextControl {INPUT} at (2,33) size 195x28 [bgcolor=#FFFFFF] [border: (2px inset #000000)]
                    RenderBlock {DIV} at (3,1) size 189x26
                      RenderBlock {DIV} at (167,0) size 22x22
                RenderBlock {DIV} at (1,183) size 251x65
                  RenderTextControl {INPUT} at (2,2) size 197x28 [bgcolor=#FFFFFF] [border: (2px inset #000000)]
                  RenderText {#text} at (201,9) size 4x18
                    text run at (201,9) width 4: " "
                  RenderBR {BR} at (205,23) size 0x0
                  RenderTextControl {INPUT} at (2,34) size 197x29 [bgcolor=#FFFFFF] [border: (2px inset #000000)]
                    RenderBlock {DIV} at (3,1) size 191x27
                      RenderBlock {DIV} at (168,0) size 23x23
                RenderBlock {DIV} at (1,248) size 251x68
                  RenderTextControl {INPUT} at (2,2) size 218x29 [bgcolor=#FFFFFF] [border: (2px inset #000000)]
                  RenderText {#text} at (222,10) size 4x18
                    text run at (222,10) width 4: " "
                  RenderBR {BR} at (226,24) size 0x0
                  RenderTextControl {INPUT} at (2,35) size 218x31 [bgcolor=#FFFFFF] [border: (2px inset #000000)]
                    RenderBlock {DIV} at (3,1) size 212x29
                      RenderBlock {DIV} at (187,0) size 25x25
                RenderBlock {DIV} at (1,316) size 251x70
                  RenderTextControl {INPUT} at (2,2) size 220x30 [bgcolor=#FFFFFF] [border: (2px inset #000000)]
                  RenderText {#text} at (224,11) size 4x18
                    text run at (224,11) width 4: " "
                  RenderBR {BR} at (228,25) size 0x0
                  RenderTextControl {INPUT} at (2,36) size 220x32 [bgcolor=#FFFFFF] [border: (2px inset #000000)]
                    RenderBlock {DIV} at (3,1) size 214x30
                      RenderBlock {DIV} at (188,0) size 26x26
                RenderBlock {DIV} at (1,386) size 251x73
                  RenderTextControl {INPUT} at (2,2) size 241x32 [bgcolor=#FFFFFF] [border: (2px inset #000000)]
                  RenderText {#text} at (245,12) size 4x18
                    text run at (245,12) width 4: " "
                  RenderBR {BR} at (249,26) size 0x0
                  RenderTextControl {INPUT} at (2,38) size 241x33 [bgcolor=#FFFFFF] [border: (2px inset #000000)]
                    RenderBlock {DIV} at (3,0) size 235x32
                      RenderBlock {DIV} at (208,0) size 27x27
                RenderBlock {DIV} at (1,459) size 251x75
                  RenderTextControl {INPUT} at (2,2) size 243x33 [bgcolor=#FFFFFF] [border: (2px inset #000000)]
                  RenderText {#text} at (247,13) size 4x18
                    text run at (247,13) width 4: " "
                  RenderBR {BR} at (251,27) size 0x0
                  RenderTextControl {INPUT} at (2,39) size 243x34 [bgcolor=#FFFFFF] [border: (2px inset #000000)]
                    RenderBlock {DIV} at (3,0) size 237x33
                      RenderBlock {DIV} at (209,0) size 28x28
layer at (14,134) size 94x10 scrollWidth 177
  RenderBlock {DIV} at (3,3) size 94x10
    RenderText {#text} at (1,0) size 175x10
      text run at (1,0) width 175: "A quick brown fox jumps over the lazy dog"
layer at (14,151) size 84x10 scrollWidth 177
  RenderBlock {DIV} at (0,2) size 84x10
    RenderText {#text} at (1,0) size 175x10
      text run at (1,0) width 175: "A quick brown fox jumps over the lazy dog"
layer at (14,168) size 96x11 scrollWidth 195
  RenderBlock {DIV} at (3,3) size 96x11
    RenderText {#text} at (1,0) size 193x11
      text run at (1,0) width 193: "A quick brown fox jumps over the lazy dog"
layer at (14,186) size 85x11 scrollWidth 195
  RenderBlock {DIV} at (0,2) size 85x11
    RenderText {#text} at (1,0) size 193x11
      text run at (1,0) width 193: "A quick brown fox jumps over the lazy dog"
layer at (14,203) size 98x12 scrollWidth 213
  RenderBlock {DIV} at (3,3) size 98x12
    RenderText {#text} at (1,0) size 211x12
      text run at (1,0) width 211: "A quick brown fox jumps over the lazy dog"
layer at (14,222) size 86x12 scrollWidth 213
  RenderBlock {DIV} at (0,2) size 86x12
    RenderText {#text} at (1,0) size 211x12
      text run at (1,0) width 211: "A quick brown fox jumps over the lazy dog"
layer at (16,241) size 119x13 scrollWidth 233
  RenderBlock {DIV} at (3,3) size 119x13
    RenderText {#text} at (1,0) size 231x13
      text run at (1,0) width 231: "A quick brown fox jumps over the lazy dog"
layer at (16,266) size 105x13 scrollWidth 233
  RenderBlock {DIV} at (0,3) size 105x13
    RenderText {#text} at (1,0) size 231x13
      text run at (1,0) width 231: "A quick brown fox jumps over the lazy dog"
layer at (16,288) size 121x15 scrollWidth 260
  RenderBlock {DIV} at (3,3) size 121x15
    RenderText {#text} at (1,0) size 258x15
      text run at (1,0) width 258: "A quick brown fox jumps over the lazy dog"
layer at (16,314) size 106x15 scrollWidth 260
  RenderBlock {DIV} at (0,3) size 106x15
    RenderText {#text} at (1,0) size 258x15
      text run at (1,0) width 258: "A quick brown fox jumps over the lazy dog"
layer at (16,338) size 142x16 scrollWidth 278
  RenderBlock {DIV} at (3,3) size 142x16
    RenderText {#text} at (1,0) size 276x16
      text run at (1,0) width 276: "A quick brown fox jumps over the lazy dog"
layer at (16,365) size 126x16 scrollWidth 278
  RenderBlock {DIV} at (0,3) size 126x16
    RenderText {#text} at (1,0) size 276x16
      text run at (1,0) width 276: "A quick brown fox jumps over the lazy dog"
layer at (16,390) size 144x17 scrollWidth 296
  RenderBlock {DIV} at (3,3) size 144x17
    RenderText {#text} at (1,0) size 294x17
      text run at (1,0) width 294: "A quick brown fox jumps over the lazy dog"
layer at (16,418) size 127x17 scrollWidth 296
  RenderBlock {DIV} at (0,3) size 127x17
    RenderText {#text} at (1,0) size 294x17
      text run at (1,0) width 294: "A quick brown fox jumps over the lazy dog"
layer at (16,444) size 164x18 scrollWidth 323
  RenderBlock {DIV} at (3,3) size 164x18
    RenderText {#text} at (1,0) size 321x18
      text run at (1,0) width 321: "A quick brown fox jumps over the lazy dog"
layer at (16,473) size 146x18 scrollWidth 323
  RenderBlock {DIV} at (0,3) size 146x18
    RenderText {#text} at (1,0) size 321x18
      text run at (1,0) width 321: "A quick brown fox jumps over the lazy dog"
layer at (198,50) size 166x18 scrollWidth 340
  RenderBlock {DIV} at (3,3) size 166x18
    RenderText {#text} at (1,0) size 338x18
      text run at (1,0) width 338: "A quick brown fox jumps over the lazy dog"
layer at (198,81) size 146x18 scrollWidth 340
  RenderBlock {DIV} at (0,5) size 146x18
    RenderText {#text} at (1,0) size 338x18
      text run at (1,0) width 338: "A quick brown fox jumps over the lazy dog"
layer at (198,108) size 168x20 scrollWidth 358
  RenderBlock {DIV} at (3,3) size 168x20
    RenderText {#text} at (1,0) size 356x20
      text run at (1,0) width 356: "A quick brown fox jumps over the lazy dog"
layer at (198,141) size 147x20 scrollWidth 358
  RenderBlock {DIV} at (0,5) size 147x20
    RenderText {#text} at (1,0) size 356x20
      text run at (1,0) width 356: "A quick brown fox jumps over the lazy dog"
layer at (198,169) size 189x21 scrollWidth 384
  RenderBlock {DIV} at (3,3) size 189x21
    RenderText {#text} at (1,0) size 382x21
      text run at (1,0) width 382: "A quick brown fox jumps over the lazy dog"
layer at (198,203) size 167x21 scrollWidth 384
  RenderBlock {DIV} at (0,5) size 167x21
    RenderText {#text} at (1,0) size 382x21
      text run at (1,0) width 382: "A quick brown fox jumps over the lazy dog"
layer at (198,232) size 191x22 scrollWidth 404
  RenderBlock {DIV} at (3,3) size 191x22
    RenderText {#text} at (1,0) size 402x22
      text run at (1,0) width 402: "A quick brown fox jumps over the lazy dog"
layer at (198,267) size 168x22 scrollWidth 404
  RenderBlock {DIV} at (0,5) size 168x22
    RenderText {#text} at (1,0) size 402x22
      text run at (1,0) width 402: "A quick brown fox jumps over the lazy dog"
layer at (198,297) size 212x23 scrollWidth 421
  RenderBlock {DIV} at (3,3) size 212x23
    RenderText {#text} at (1,0) size 419x23
      text run at (1,0) width 419: "A quick brown fox jumps over the lazy dog"
layer at (198,334) size 187x23 scrollWidth 421
  RenderBlock {DIV} at (0,6) size 187x23
    RenderText {#text} at (1,0) size 419x23
      text run at (1,0) width 419: "A quick brown fox jumps over the lazy dog"
layer at (198,365) size 214x24 scrollWidth 449
  RenderBlock {DIV} at (3,3) size 214x24
    RenderText {#text} at (1,0) size 447x24
      text run at (1,0) width 447: "A quick brown fox jumps over the lazy dog"
layer at (198,403) size 188x24 scrollWidth 449
  RenderBlock {DIV} at (0,6) size 188x24
    RenderText {#text} at (1,0) size 447x24
      text run at (1,0) width 447: "A quick brown fox jumps over the lazy dog"
layer at (198,435) size 235x26 scrollWidth 468
  RenderBlock {DIV} at (3,3) size 235x26
    RenderText {#text} at (1,0) size 466x26
      text run at (1,0) width 466: "A quick brown fox jumps over the lazy dog"
layer at (198,474) size 208x26 scrollWidth 468
  RenderBlock {DIV} at (0,6) size 208x26
    RenderText {#text} at (1,0) size 466x26
      text run at (1,0) width 466: "A quick brown fox jumps over the lazy dog"
layer at (198,508) size 237x27 scrollWidth 485
  RenderBlock {DIV} at (3,3) size 237x27
    RenderText {#text} at (1,0) size 483x27
      text run at (1,0) width 483: "A quick brown fox jumps over the lazy dog"
layer at (198,548) size 209x27 scrollWidth 485
  RenderBlock {DIV} at (0,6) size 209x27
    RenderText {#text} at (1,0) size 483x27
      text run at (1,0) width 483: "A quick brown fox jumps over the lazy dog"
