layer at (0,0) size 212x52
  RenderView at (0,0) size 96x26
layer at (0,0) size 212x52
  RenderBlock {HTML} at (0,0) size 96x52
    RenderBody {BODY} at (8,8) size 80x36
      RenderBlock {DIV} at (0,0) size 204x36 [border: (2px solid #FF0000)]
        RenderText {#text} at (2,2) size 199x32
          text run at (2,2) width 199: "This is some text. What is going"
          text run at (2,18) width 142: "on here. Does it work?"
