layer at (0,0) size 96x208
  RenderView at (0,0) size 96x26
layer at (0,0) size 96x208
  RenderBlock {HTML} at (0,0) size 96x208
    RenderBody {BODY} at (8,14) size 80x186
      RenderBlock {P} at (0,0) size 80x144
        RenderText {#text} at (0,0) size 79x144
          text run at (0,0) width 25: "The"
          text run at (0,16) width 55: "following"
          text run at (0,32) width 56: "two DIVs"
          text run at (0,48) width 60: "should be"
          text run at (0,64) width 58: "the same"
          text run at (0,80) width 33: "width"
          text run at (0,96) width 73: "(resulting in"
          text run at (0,112) width 79: "a single 5 by"
          text run at (0,128) width 52: "2 block)."
      RenderBlock {DIV} at (0,158) size 70x14 [bgcolor=#000080]
        RenderBlock {DIV} at (0,0) size 70x14
      RenderBlock {DIV} at (0,172) size 70x14 [bgcolor=#000080]
