layer at (0,0) size 800x600
  RenderView at (0,0) size 800x600
layer at (0,0) size 800x380
  RenderBlock {HTML} at (0,0) size 800x380
    RenderBody {BODY} at (8,18) size 784x348
      RenderBlock {H1} at (0,0) size 784x32
        RenderText {#text} at (0,1) size 420x30
          text run at (0,1) width 420: "Minimum and Maximum Widths"
      RenderBlock {DIV} at (0,50) size 784x22 [border: (3px solid #800080)]
        RenderText {#text} at (3,3) size 31x16
          text run at (3,3) width 31: "This "
        RenderInline {CODE} at (0,0) size 12x16
          RenderText {#text} at (34,3) size 12x16
            text run at (34,3) width 12: "div"
        RenderText {#text} at (46,3) size 405x16
          text run at (46,3) width 405: " should have a medium solid purple border, as should all the rest."
      RenderBlock {DIV} at (0,72) size 319x54 [border: (3px solid #800080)]
        RenderText {#text} at (3,3) size 31x16
          text run at (3,3) width 31: "This "
        RenderInline {CODE} at (0,0) size 12x16
          RenderText {#text} at (34,3) size 12x16
            text run at (34,3) width 12: "div"
        RenderText {#text} at (46,3) size 280x32
          text run at (46,3) width 184: " should have a width of 40%. "
          text run at (230,3) width 53: "This is a"
          text run at (3,19) width 65: "reference "
        RenderInline {CODE} at (0,0) size 12x16
          RenderText {#text} at (68,19) size 12x16
            text run at (68,19) width 12: "div"
        RenderText {#text} at (80,19) size 180x16
          text run at (80,19) width 180: " and should work as long as "
        RenderInline {CODE} at (0,0) size 20x16
          RenderText {#text} at (260,19) size 20x16
            text run at (260,19) width 20: "width"
        RenderText {#text} at (3,35) size 40x16
          text run at (3,35) width 40: "works."
      RenderBlock {DIV} at (0,126) size 319x22 [border: (3px solid #800080)]
        RenderText {#text} at (3,3) size 31x16
          text run at (3,3) width 31: "This "
        RenderInline {CODE} at (0,0) size 12x16
          RenderText {#text} at (34,3) size 12x16
            text run at (34,3) width 12: "div"
        RenderText {#text} at (46,3) size 180x16
          text run at (46,3) width 180: " should have a width of 40%."
      RenderBlock {DIV} at (0,148) size 319x22 [border: (3px solid #800080)]
        RenderText {#text} at (3,3) size 31x16
          text run at (3,3) width 31: "This "
        RenderInline {CODE} at (0,0) size 12x16
          RenderText {#text} at (34,3) size 12x16
            text run at (34,3) width 12: "div"
        RenderText {#text} at (46,3) size 180x16
          text run at (46,3) width 180: " should have a width of 40%."
      RenderBlock {DIV} at (0,170) size 319x22 [border: (3px solid #800080)]
        RenderText {#text} at (3,3) size 31x16
          text run at (3,3) width 31: "This "
        RenderInline {CODE} at (0,0) size 12x16
          RenderText {#text} at (34,3) size 12x16
            text run at (34,3) width 12: "div"
        RenderText {#text} at (46,3) size 180x16
          text run at (46,3) width 180: " should have a width of 40%."
      RenderBlock {DIV} at (0,192) size 319x22 [border: (3px solid #800080)]
        RenderText {#text} at (3,3) size 31x16
          text run at (3,3) width 31: "This "
        RenderInline {CODE} at (0,0) size 12x16
          RenderText {#text} at (34,3) size 12x16
            text run at (34,3) width 12: "div"
        RenderText {#text} at (46,3) size 180x16
          text run at (46,3) width 180: " should have a width of 40%."
      RenderBlock {DIV} at (0,214) size 319x22 [border: (3px solid #800080)]
        RenderText {#text} at (3,3) size 31x16
          text run at (3,3) width 31: "This "
        RenderInline {CODE} at (0,0) size 12x16
          RenderText {#text} at (34,3) size 12x16
            text run at (34,3) width 12: "div"
        RenderText {#text} at (46,3) size 180x16
          text run at (46,3) width 180: " should have a width of 40%."
      RenderBlock {DIV} at (0,236) size 319x22 [border: (3px solid #800080)]
        RenderText {#text} at (3,3) size 31x16
          text run at (3,3) width 31: "This "
        RenderInline {CODE} at (0,0) size 12x16
          RenderText {#text} at (34,3) size 12x16
            text run at (34,3) width 12: "div"
        RenderText {#text} at (46,3) size 180x16
          text run at (46,3) width 180: " should have a width of 40%."
      RenderBlock {DIV} at (0,258) size 319x22 [border: (3px solid #800080)]
        RenderText {#text} at (3,3) size 31x16
          text run at (3,3) width 31: "This "
        RenderInline {CODE} at (0,0) size 12x16
          RenderText {#text} at (34,3) size 12x16
            text run at (34,3) width 12: "div"
        RenderText {#text} at (46,3) size 180x16
          text run at (46,3) width 180: " should have a width of 40%."
      RenderBlock {DIV} at (0,280) size 319x22 [border: (3px solid #800080)]
        RenderText {#text} at (3,3) size 31x16
          text run at (3,3) width 31: "This "
        RenderInline {CODE} at (0,0) size 12x16
          RenderText {#text} at (34,3) size 12x16
            text run at (34,3) width 12: "div"
        RenderText {#text} at (46,3) size 180x16
          text run at (46,3) width 180: " should have a width of 40%."
      RenderBlock {P} at (0,316) size 784x32
        RenderText {#text} at (0,0) size 200x16
          text run at (0,0) width 200: "If the browser does not support "
        RenderInline {CODE} at (0,0) size 36x16
          RenderText {#text} at (200,0) size 36x16
            text run at (200,0) width 36: "min-width"
        RenderText {#text} at (236,0) size 32x16
          text run at (236,0) width 32: " and "
        RenderInline {CODE} at (0,0) size 36x16
          RenderText {#text} at (268,0) size 36x16
            text run at (268,0) width 36: "max-width"
        RenderText {#text} at (304,0) size 171x16
          text run at (304,0) width 171: ", then the widths should be "
        RenderInline {CODE} at (0,0) size 16x16
          RenderText {#text} at (475,0) size 16x16
            text run at (475,0) width 16: "auto"
        RenderText {#text} at (491,0) size 7x16
          text run at (491,0) width 7: ", "
        RenderInline {CODE} at (0,0) size 12x16
          RenderText {#text} at (498,0) size 12x16
            text run at (498,0) width 12: "40%"
        RenderText {#text} at (510,0) size 7x16
          text run at (510,0) width 7: ", "
        RenderInline {CODE} at (0,0) size 12x16
          RenderText {#text} at (517,0) size 12x16
            text run at (517,0) width 12: "30%"
        RenderText {#text} at (529,0) size 7x16
          text run at (529,0) width 7: ", "
        RenderInline {CODE} at (0,0) size 12x16
          RenderText {#text} at (536,0) size 12x16
            text run at (536,0) width 12: "50%"
        RenderText {#text} at (548,0) size 7x16
          text run at (548,0) width 7: ", "
        RenderInline {CODE} at (0,0) size 12x16
          RenderText {#text} at (555,0) size 12x16
            text run at (555,0) width 12: "50%"
        RenderText {#text} at (567,0) size 7x16
          text run at (567,0) width 7: ", "
        RenderInline {CODE} at (0,0) size 12x16
          RenderText {#text} at (574,0) size 12x16
            text run at (574,0) width 12: "40%"
        RenderText {#text} at (586,0) size 7x16
          text run at (586,0) width 7: ", "
        RenderInline {CODE} at (0,0) size 12x16
          RenderText {#text} at (593,0) size 12x16
            text run at (593,0) width 12: "30%"
        RenderText {#text} at (605,0) size 7x16
          text run at (605,0) width 7: ", "
        RenderInline {CODE} at (0,0) size 12x16
          RenderText {#text} at (612,0) size 12x16
            text run at (612,0) width 12: "40%"
        RenderText {#text} at (624,0) size 7x16
          text run at (624,0) width 7: ", "
        RenderInline {CODE} at (0,0) size 16x16
          RenderText {#text} at (631,0) size 16x16
            text run at (631,0) width 16: "auto"
        RenderText {#text} at (647,0) size 764x32
          text run at (647,0) width 117: " (with 70% margin-"
          text run at (0,16) width 68: "right), and "
        RenderInline {CODE} at (0,0) size 16x16
          RenderText {#text} at (68,16) size 16x16
            text run at (68,16) width 16: "auto"
        RenderText {#text} at (84,16) size 3x16
          text run at (84,16) width 3: "."
