layer at (0,0) size 108x154
  RenderView at (0,0) size 96x26
layer at (0,0) size 96x68
  RenderBlock {HTML} at (0,0) size 96x68
    RenderBody {BODY} at (8,8) size 80x46
      RenderBlock {DIV} at (0,0) size 80x46
        RenderBlock (anonymous) at (0,0) size 80x16
          RenderText {#text} at (0,0) size 9x16
            text run at (0,0) width 9: "A"
          RenderText {#text} at (9,0) size 10x16
            text run at (9,0) width 10: "C"
        RenderBlock {P} at (0,30) size 80x0
        RenderBlock {DIV} at (0,30) size 80x16
          RenderBlock (anonymous) at (0,0) size 80x16
            RenderText {#text} at (0,0) size 13x16
              text run at (0,0) width 13: "A "
            RenderBlock (floating) {SPAN} at (0,16) size 100x100 [bgcolor=#008000]
            RenderText {#text} at (13,0) size 9x16
              text run at (13,0) width 9: "B"
          RenderBlock {P} at (0,30) size 80x0
