layer at (0,0) size 781x739
  RenderView at (0,0) size 781x600
layer at (0,0) size 781x739
  RenderBlock {HTML} at (0,0) size 781x739
    RenderBody {BODY} at (8,16) size 765x715
      RenderBlock {P} at (0,0) size 765x19
        RenderText {#text} at (0,0) size 479x19
          text run at (0,0) width 479: "The extent of the shadow should approximately match the pale green boxes."
      RenderBlock (anonymous) at (0,35) size 765x680
        RenderBlock {DIV} at (20,20) size 300x300
          RenderText {#text} at (0,0) size 0x0
        RenderText {#text} at (340,205) size 4x19
          text run at (340,205) width 4: " "
        RenderBlock {DIV} at (364,20) size 300x300
          RenderText {#text} at (0,0) size 0x0
        RenderText {#text} at (0,0) size 0x0
        RenderBlock {DIV} at (20,360) size 300x300
          RenderText {#text} at (0,0) size 0x0
        RenderText {#text} at (340,545) size 4x19
          text run at (340,545) width 4: " "
        RenderBlock {DIV} at (364,360) size 300x300
          RenderText {#text} at (0,0) size 0x0
        RenderText {#text} at (0,0) size 0x0
layer at (128,171) size 100x100
  RenderBlock (positioned) {DIV} at (128,171) size 100x100
layer at (128,171) size 100x100
  RenderBlock (relative positioned) {DIV} at (100,100) size 100x100
layer at (472,171) size 100x100
  RenderBlock (positioned) {DIV} at (472,171) size 100x100
layer at (472,171) size 100x100
  RenderBlock (relative positioned) {DIV} at (100,100) size 100x100
layer at (128,511) size 100x100
  RenderBlock (positioned) {DIV} at (128,511) size 100x100
layer at (128,511) size 100x100
  RenderBlock (relative positioned) {DIV} at (100,100) size 100x100
layer at (472,511) size 100x100
  RenderBlock (positioned) {DIV} at (472,511) size 100x100
layer at (472,511) size 100x100
  RenderBlock (relative positioned) {DIV} at (100,100) size 100x100
