layer at (0,0) size 781x862
  RenderView at (0,0) size 781x600
layer at (0,0) size 781x600
  RenderBlock {HTML} at (0,0) size 781x600
    RenderBody {BODY} at (8,8) size 765x576
      RenderBlock {P} at (0,0) size 765x38
        RenderText {#text} at (0,0) size 745x38
          text run at (0,0) width 745: "The two squares below should not match each other. On the left an uncorrected image is tiled as a background, and on"
          text run at (0,19) width 503: "the right the same image is tiled as a background, but it is corrected from sRGB."
      RenderBlock (floating) {DIV} at (0,54) size 400x400
      RenderBlock (floating) {DIV} at (0,454) size 400x400
