layer at (0,0) size 800x600
  RenderView at (0,0) size 800x600
layer at (0,0) size 800x600
  RenderBlock {HTML} at (0,0) size 800x600
    RenderBody {BODY} at (8,8) size 784x584
      RenderTextControl {INPUT} at (2,2) size 408x81 [bgcolor=#FFFFFF] [border: (2px inset #000000)]
        RenderBlock {DIV} at (3,17) size 402x46
          RenderBlock {DIV} at (0,36) size 0x0
          RenderBlock {DIV} at (388,22) size 14x14
      RenderBR {BR} at (412,85) size 0x0
      RenderTextControl {INPUT} at (2,87) size 408x52 [bgcolor=#FFFFFF]
      RenderBR {BR} at (412,126) size 0x0
      RenderTextControl {INPUT} at (2,141) size 208x29 [bgcolor=#FFFFFF]
        RenderBlock {DIV} at (3,3) size 202x23
          RenderBlock {DIV} at (0,18) size 0x0
          RenderBlock {DIV} at (188,4) size 14x14
layer at (13,27) size 388x46
  RenderBlock {DIV} at (0,0) size 388x46
    RenderText {#text} at (1,0) size 332x45
      text run at (1,0) width 332: "value jgq not clipped"
layer at (13,98) size 402x46
  RenderBlock {DIV} at (3,3) size 402x46
    RenderText {#text} at (1,0) size 332x45
      text run at (1,0) width 332: "value jgq not clipped"
layer at (13,152) size 188x23
  RenderBlock {DIV} at (0,0) size 188x23
    RenderText {#text} at (1,0) size 103x23
      text run at (1,0) width 103: "Sample Input"
