layer at (0,0) size 800x600
  RenderView at (0,0) size 800x600
layer at (0,0) size 800x156
  RenderBlock {HTML} at (0,0) size 800x156
    RenderBody {BODY} at (8,16) size 784x124
      RenderBlock {P} at (0,0) size 784x19
        RenderText {#text} at (0,0) size 64x19
          text run at (0,0) width 64: "LTR Start"
      RenderBlock {P} at (0,35) size 784x19
        RenderText {#text} at (723,0) size 61x19
          text run at (723,0) width 61: "LTR End"
      RenderBlock {P} at (0,70) size 784x19
        RenderText {#text} at (720,0) size 64x19
          text run at (720,0) width 64: "RTL Start"
      RenderBlock {P} at (0,105) size 784x19
        RenderText {#text} at (0,0) size 61x19
          text run at (0,0) width 61: "RTL End"
