layer at (0,0) size 800x600
  RenderView at (0,0) size 800x600
layer at (0,0) size 800x139
  RenderBlock {HTML} at (0,0) size 800x139
    RenderBody {BODY} at (8,16) size 784x115
      RenderBlock {P} at (0,0) size 784x19
        RenderText {#text} at (0,0) size 285x19
          text run at (0,0) width 285: "This test checks that text input fields handle the "
        RenderInline {CODE} at (0,0) size 168x15
          RenderText {#text} at (285,4) size 168x15
            text run at (285,4) width 168: "-webkit-border-radius"
        RenderText {#text} at (453,0) size 285x19
          text run at (453,0) width 285: " CSS property correctly, or degrade gracefully."
      RenderBlock {P} at (0,35) size 784x19
        RenderText {#text} at (0,0) size 579x19
          text run at (0,0) width 579: "If the test passes, you will see a text entry field containing \"default text\" inside the grey div below."
      RenderBlock {DIV} at (0,70) size 163x45 [bgcolor=#888888]
        RenderTextControl {INPUT} at (11,9) size 133x25 [bgcolor=#00FF00]
          RenderBlock {DIV} at (3,3) size 127x19
            RenderBlock {DIV} at (0,15) size 0x0
            RenderBlock {DIV} at (113,1) size 14x14
        RenderText {#text} at (0,0) size 0x0
layer at (22,98) size 113x19
  RenderBlock {DIV} at (0,0) size 113x19
    RenderText {#text} at (1,0) size 74x19
      text run at (1,0) width 74: "default text"
