layer at (0,0) size 800x600
  RenderView at (0,0) size 800x600
layer at (0,0) size 800x600
  RenderBlock {HTML} at (0,0) size 800x600
    RenderBody {BODY} at (8,8) size 784x584
      RenderBlock {P} at (0,0) size 784x18
        RenderText {#text} at (0,0) size 574x18
          text run at (0,0) width 574: "Tests for a crash when creating a link inside a region with a subtree modified event listener."
      RenderBlock {DIV} at (0,34) size 784x18
        RenderInline {A} at (0,0) size 136x18 [color=#0000EE]
          RenderText {#text} at (0,0) size 136x18
            text run at (0,0) width 136: "This should be a link."
selection start: position 0 of child 0 {#text} of child 0 {A} of child 2 {DIV} of child 0 {BODY} of child 0 {HTML} of document
selection end:   position 22 of child 0 {#text} of child 0 {A} of child 2 {DIV} of child 0 {BODY} of child 0 {HTML} of document
