layer at (0,0) size 800x600
  RenderView at (0,0) size 800x600
layer at (0,0) size 800x600
  RenderBlock {HTML} at (0,0) size 800x600
    RenderBody {BODY} at (8,8) size 784x584
      RenderBlock {P} at (0,0) size 784x36
        RenderText {#text} at (0,0) size 759x36
          text run at (0,0) width 467: "This tests for a bug when inserting after a link at the end of the document. "
          text run at (467,0) width 292: "Like TextEdit, we insert content outside of the"
          text run at (0,18) width 643: "link, but inserting outside of the link shouldn't cause the content to be inserted in the wrong paragraph."
      RenderBlock {DIV} at (0,52) size 784x36
        RenderBlock (anonymous) at (0,0) size 784x18
          RenderText {#text} at (0,0) size 259x18
            text run at (0,0) width 259: "This paragraph should not contains links."
        RenderBlock {DIV} at (0,18) size 784x18
          RenderInline {A} at (0,0) size 194x18 [color=#0000EE]
            RenderText {#text} at (0,0) size 194x18
              text run at (0,0) width 194: "This sentence should be a link."
          RenderText {#text} at (194,0) size 164x18
            text run at (194,0) width 164: " This sentence should not."
        RenderBlock (anonymous) at (0,36) size 784x0
caret: position 26 of child 1 {#text} of child 1 {DIV} of child 2 {DIV} of child 0 {BODY} of child 0 {HTML} of document
