layer at (0,0) size 800x600
  RenderView at (0,0) size 800x600
layer at (0,0) size 800x600
  RenderBlock {HTML} at (0,0) size 800x600
    RenderBody {BODY} at (8,8) size 784x576
      RenderBlock {P} at (0,0) size 784x18
        RenderText {#text} at (0,0) size 577x18
          text run at (0,0) width 333: "This tests for a bug when creating a list from a table. "
          text run at (333,0) width 244: "The table should be inside a a list item."
      RenderBlock {DIV} at (0,34) size 784x46
        RenderBlock {UL} at (0,0) size 784x46
          RenderListItem {LI} at (40,0) size 744x46
            RenderBlock (anonymous) at (0,0) size 744x18
              RenderListMarker at (-17,0) size 7x18: bullet
            RenderTable {TABLE} at (0,18) size 31x28 [border: (1px outset #808080)]
              RenderTableSection {TBODY} at (1,1) size 29x26
                RenderTableRow {TR} at (0,2) size 29x22
                  RenderTableCell {TD} at (2,2) size 25x22 [border: (1px inset #808080)] [r=0 c=0 rs=1 cs=1]
                    RenderText {#text} at (2,2) size 21x18
                      text run at (2,2) width 21: "foo"
            RenderBlock (anonymous) at (0,46) size 744x0
        RenderBlock (anonymous) at (0,62) size 784x0
selection start: position 0 of child 0 {TABLE} of child 0 {LI} of child 0 {UL} of child 2 {DIV} of child 0 {BODY} of child 0 {HTML} of document
selection end:   position 3 of child 0 {#text} of child 0 {TD} of child 0 {TR} of child 0 {TBODY} of child 0 {TABLE} of child 0 {LI} of child 0 {UL} of child 2 {DIV} of child 0 {BODY} of child 0 {HTML} of document
