layer at (0,0) size 800x600
  RenderCanvas at (0,0) size 800x600
layer at (0,0) size 800x600
  RenderBlock {HTML} at (0,0) size 800x600
    RenderBody {BODY} at (8,8) size 784x584
      RenderBlock {DIV} at (0,0) size 784x356 [border: (2px solid #FF0000)]
        RenderBlock (anonymous) at (14,14) size 756x56
          RenderInline {SPAN} at (0,0) size 700x56
            RenderInline {B} at (0,0) size 232x28
              RenderText {TEXT} at (0,0) size 13x28
                text run at (0,0) width 13: "\""
              RenderText {TEXT} at (13,0) size 16x28
                text run at (13,0) width 16: "T"
              RenderText {TEXT} at (29,0) size 13x28
                text run at (29,0) width 13: "h"
              RenderText {TEXT} at (42,0) size 11x28
                text run at (42,0) width 11: "e"
              RenderText {TEXT} at (53,0) size 6x28
                text run at (53,0) width 6: " "
              RenderText {TEXT} at (59,0) size 13x28
                text run at (59,0) width 13: "q"
              RenderText {TEXT} at (72,0) size 13x28
                text run at (72,0) width 13: "u"
              RenderText {TEXT} at (85,0) size 7x28
                text run at (85,0) width 7: "i"
              RenderText {TEXT} at (92,0) size 11x28
                text run at (92,0) width 11: "c"
              RenderText {TEXT} at (103,0) size 13x28
                text run at (103,0) width 13: "k"
              RenderText {TEXT} at (116,0) size 6x28
                text run at (116,0) width 6: " "
              RenderText {TEXT} at (122,0) size 13x28
                text run at (122,0) width 13: "b"
              RenderText {TEXT} at (135,0) size 11x28
                text run at (135,0) width 11: "r"
              RenderText {TEXT} at (146,0) size 12x28
                text run at (146,0) width 12: "o"
              RenderText {TEXT} at (158,0) size 17x28
                text run at (158,0) width 17: "w"
              RenderText {TEXT} at (175,0) size 13x28
                text run at (175,0) width 13: "n"
              RenderText {TEXT} at (188,0) size 6x28
                text run at (188,0) width 6: " "
              RenderText {TEXT} at (194,0) size 8x28
                text run at (194,0) width 8: "f"
              RenderText {TEXT} at (202,0) size 12x28
                text run at (202,0) width 12: "o"
              RenderText {TEXT} at (214,0) size 12x28
                text run at (214,0) width 12: "x"
              RenderText {TEXT} at (226,0) size 6x28
                text run at (226,0) width 6: " "
            RenderText {TEXT} at (232,0) size 700x56
              text run at (232,0) width 468: "jumps over the lazy dog\" uses every letter in the"
              text run at (0,28) width 170: "english language."
        RenderBlock (anonymous) at (14,94) size 756x224
          RenderBlock {P} at (0,0) size 756x224
            RenderText {TEXT} at (0,0) size 755x224
              text run at (0,0) width 462: "Here's to the crazy ones, the misfits, the rebels, "
              text run at (462,0) width 193: "the trouble makers, "
              text run at (655,0) width 92: "the round"
              text run at (0,28) width 243: "pegs in the square holes, "
              text run at (243,28) width 350: "the ones who see things differently. "
              text run at (593,28) width 144: "There not fond"
              text run at (0,56) width 510: "of rules, and they have no respect for the status quo, "
              text run at (510,56) width 190: "you can quote then,"
              text run at (0,84) width 197: "disagree with them, "
              text run at (197,84) width 218: "glorify or vilify them, "
              text run at (415,84) width 340: "about the only thing you can't do is"
              text run at (0,112) width 129: "ignore them. "
              text run at (129,112) width 281: "Because they change things. "
              text run at (410,112) width 344: "They push the human race forward."
              text run at (0,140) width 481: "And while some may see them as the crazy ones, "
              text run at (481,140) width 146: "we see genius. "
              text run at (627,140) width 117: "Because the"
              text run at (0,168) width 632: "people who are crazy enough to think they can change the world "
              text run at (632,168) width 116: "are the ones"
              text run at (0,196) width 77: "who do."
        RenderBlock (anonymous) at (14,342) size 756x0
          RenderInline {SPAN} at (0,0) size 0x0
          RenderText {TEXT} at (0,0) size 0x0
selection is RANGE:
start:      position 0 of child 1 {TEXT} of child 1 {B} of child 2 {SPAN} of root {DIV}
upstream:   position 0 of  of root {DIV}
downstream: position 0 of child 1 {TEXT} of child 1 {B} of child 2 {SPAN} of root {DIV}
end:        position 1 of child 21 {TEXT} of child 1 {B} of child 2 {SPAN} of root {DIV}
upstream:   position 1 of child 21 {TEXT} of child 1 {B} of child 2 {SPAN} of root {DIV}
downstream: position 0 of child 2 {TEXT} of child 2 {SPAN} of root {DIV}
