EDITING DELEGATE: shouldBeginEditingInDOMRange:range from 0 of DIV > BODY > HTML > #document to 1 of DIV > BODY > HTML > #document
EDITING DELEGATE: webViewDidBeginEditing:WebViewDidBeginEditingNotification
EDITING DELEGATE: webViewDidChangeSelection:WebViewDidChangeSelectionNotification
EDITING DELEGATE: webViewDidChangeSelection:WebViewDidChangeSelectionNotification
EDITING DELEGATE: shouldChangeSelectedDOMRange:(null) toDOMRange:range from 83 of #text > P > BODY > HTML > #document to 83 of #text > P > BODY > HTML > #document affinity:NSSelectionAffinityDownstream stillSelecting:FALSE
EDITING DELEGATE: webViewDidChangeSelection:WebViewDidChangeSelectionNotification
EDITING DELEGATE: webViewDidChange:WebViewDidChangeNotification
layer at (0,0) size 800x600
  RenderView at (0,0) size 800x600
layer at (0,0) size 800x600
  RenderBlock {HTML} at (0,0) size 800x600
    RenderBody {BODY} at (8,8) size 784x576
      RenderBlock {P} at (0,0) size 784x18
        RenderText {#text} at (0,0) size 510x18
          text run at (0,0) width 510: "This test pushes a horizontal rule into an unordered list with InsertUnorderedList."
      RenderBlock {DIV} at (0,34) size 784x28
        RenderBlock {UL} at (0,0) size 784x28
          RenderListItem {LI} at (40,0) size 744x28
            RenderBlock (anonymous) at (0,0) size 744x18
              RenderListMarker at (-17,0) size 7x18
            RenderBlock {HR} at (0,26) size 744x2 [border: (1px inset #000000)]
            RenderBlock (anonymous) at (0,36) size 744x0
        RenderBlock (anonymous) at (0,44) size 784x0
caret: position 83 of child 0 {#text} of child 0 {P} of child 1 {BODY} of child 0 {HTML} of document
