layer at (0,0) size 800x600
  RenderView at (0,0) size 800x600
layer at (0,0) size 800x600
  RenderBlock {HTML} at (0,0) size 800x600
layer at (8,8) size 612x160
  RenderBody {BODY} at (8,8) size 612x160 [border: (1px solid #000000)]
    RenderBlock {H1} at (6,6) size 600x37
      RenderText {#text} at (0,0) size 451x37
        text run at (0,0) width 451: "Word selection on right click test"
    RenderBlock (anonymous) at (6,64) size 600x90
      RenderText {#text} at (0,0) size 597x36
        text run at (0,0) width 597: "This tests to make sure that right clicking non-editable content only creates a word selection for"
        text run at (0,18) width 132: "clicks over text. The "
      RenderInline {SPAN} at (0,0) size 44x18
        RenderText {#text} at (132,18) size 44x18
          text run at (132,18) width 44: "second"
      RenderText {#text} at (176,18) size 587x72
        text run at (176,18) width 373: " word in this sentence should be selected when run through"
        text run at (0,36) width 552: "DumpRenderTree. To run manually, right click on text, and a word should be selected. "
        text run at (552,36) width 35: "Right"
        text run at (0,54) width 574: "click on the empty space outside and to the right of the black border, no selection should be"
        text run at (0,72) width 49: "created."
      RenderText {#text} at (0,0) size 0x0
      RenderText {#text} at (0,0) size 0x0
      RenderText {#text} at (0,0) size 0x0
selection start: position 0 of child 0 {#text} of child 3 {SPAN} of child 1 {BODY} of child 0 {HTML} of document
selection end:   position 6 of child 0 {#text} of child 3 {SPAN} of child 1 {BODY} of child 0 {HTML} of document
