CONSOLE MESSAGE: line 9: TypeError: Value undefined (result of expression eventSender.moveTo) is not object.
layer at (0,0) size 800x600
  RenderView at (0,0) size 800x600
layer at (0,0) size 800x600
  RenderBlock {HTML} at (0,0) size 800x600
    RenderBody {BODY} at (8,8) size 784x576
      RenderBlock {DIV} at (0,0) size 425x75 [bgcolor=#FFFF00]
        RenderBlock {DIV} at (25,25) size 100x20 [bgcolor=#FFFFFF]
      RenderBlock {P} at (0,91) size 784x36
        RenderText {#text} at (0,0) size 780x36
          text run at (0,0) width 780: "This test clicks inside an editable div element, and must result in the element receiving focus. If the test succeeds the element"
          text run at (0,18) width 158: "should have a focus ring."
