layer at (0,0) size 800x600
  RenderCanvas at (0,0) size 800x600
layer at (0,0) size 800x600
  RenderBlock {HTML} at (0,0) size 800x600
    RenderBody {BODY} at (8,8) size 784x584
      RenderBlock {DIV} at (0,0) size 784x355 [border: (2px solid #FF0000)]
        RenderInline {SPAN} at (0,0) size 254x246
          RenderText {TEXT} at (14,95) size 11x28
            text run at (14,95) width 11: "a"
          RenderImage {IMG} at (25,14) size 76x103
          RenderText {TEXT} at (101,95) size 46x28
            text run at (101,95) width 46: "new "
          RenderBR {BR} at (0,0) size 0x0
          RenderText {TEXT} at (14,204) size 67x28
            text run at (14,204) width 67: "nation "
          RenderInline {I} at (0,0) size 0x0
            RenderText {TEXT} at (0,0) size 0x0
          RenderText {TEXT} at (0,0) size 0x0
          RenderImage {IMG} at (81,123) size 76x103
          RenderText {TEXT} at (157,204) size 111x28
            text run at (157,204) width 6: " "
            text run at (163,204) width 105: "conceived "
          RenderBR {BR} at (0,0) size 0x0
          RenderText {TEXT} at (14,313) size 61x28
            text run at (14,313) width 61: "nation"
          RenderImage {IMG} at (75,232) size 76x103
        RenderText {TEXT} at (0,0) size 0x0
selection is RANGE:
start:      position 0 of child 1 {TEXT} of child 2 {SPAN} of root {DIV}
upstream:   position 0 of  of root {DIV}
downstream: position 0 of child 1 {TEXT} of child 2 {SPAN} of root {DIV}
end:        position 6 of child 11 {TEXT} of child 2 {SPAN} of root {DIV}
upstream:   position 6 of child 11 {TEXT} of child 2 {SPAN} of root {DIV}
downstream: position 0 of child 12 {IMG} of child 2 {SPAN} of root {DIV}
