EDITING DELEGATE: webViewDidChangeSelection:WebViewDidChangeSelectionNotification
EDITING DELEGATE: webViewDidChangeSelection:WebViewDidChangeSelectionNotification
EDITING DELEGATE: webViewDidChangeSelection:WebViewDidChangeSelectionNotification
EDITING DELEGATE: webViewDidChangeSelection:WebViewDidChangeSelectionNotification
EDITING DELEGATE: webViewDidChangeSelection:WebViewDidChangeSelectionNotification
EDITING DELEGATE: webViewDidChangeSelection:WebViewDidChangeSelectionNotification
EDITING DELEGATE: webViewDidChangeSelection:WebViewDidChangeSelectionNotification
EDITING DELEGATE: webViewDidChangeSelection:WebViewDidChangeSelectionNotification
EDITING DELEGATE: webViewDidChangeSelection:WebViewDidChangeSelectionNotification
EDITING DELEGATE: webViewDidChangeSelection:WebViewDidChangeSelectionNotification
EDITING DELEGATE: webViewDidChangeSelection:WebViewDidChangeSelectionNotification
EDITING DELEGATE: webViewDidChangeSelection:WebViewDidChangeSelectionNotification
EDITING DELEGATE: webViewDidChangeSelection:WebViewDidChangeSelectionNotification
EDITING DELEGATE: webViewDidChangeSelection:WebViewDidChangeSelectionNotification
EDITING DELEGATE: webViewDidChangeSelection:WebViewDidChangeSelectionNotification
EDITING DELEGATE: webViewDidChangeSelection:WebViewDidChangeSelectionNotification
EDITING DELEGATE: webViewDidChangeSelection:WebViewDidChangeSelectionNotification
EDITING DELEGATE: webViewDidChangeSelection:WebViewDidChangeSelectionNotification
EDITING DELEGATE: webViewDidChangeSelection:WebViewDidChangeSelectionNotification
EDITING DELEGATE: webViewDidChangeSelection:WebViewDidChangeSelectionNotification
EDITING DELEGATE: webViewDidChangeSelection:WebViewDidChangeSelectionNotification
EDITING DELEGATE: webViewDidChangeSelection:WebViewDidChangeSelectionNotification
EDITING DELEGATE: webViewDidChangeSelection:WebViewDidChangeSelectionNotification
EDITING DELEGATE: webViewDidChangeSelection:WebViewDidChangeSelectionNotification
EDITING DELEGATE: webViewDidChangeSelection:WebViewDidChangeSelectionNotification
EDITING DELEGATE: webViewDidChangeSelection:WebViewDidChangeSelectionNotification
EDITING DELEGATE: webViewDidChangeSelection:WebViewDidChangeSelectionNotification
EDITING DELEGATE: webViewDidChangeSelection:WebViewDidChangeSelectionNotification
EDITING DELEGATE: webViewDidChangeSelection:WebViewDidChangeSelectionNotification
EDITING DELEGATE: webViewDidChangeSelection:WebViewDidChangeSelectionNotification
EDITING DELEGATE: webViewDidChangeSelection:WebViewDidChangeSelectionNotification
EDITING DELEGATE: webViewDidChangeSelection:WebViewDidChangeSelectionNotification
EDITING DELEGATE: webViewDidChangeSelection:WebViewDidChangeSelectionNotification
EDITING DELEGATE: webViewDidChangeSelection:WebViewDidChangeSelectionNotification
EDITING DELEGATE: webViewDidChangeSelection:WebViewDidChangeSelectionNotification
EDITING DELEGATE: webViewDidChangeSelection:WebViewDidChangeSelectionNotification
EDITING DELEGATE: webViewDidChangeSelection:WebViewDidChangeSelectionNotification
EDITING DELEGATE: webViewDidChangeSelection:WebViewDidChangeSelectionNotification
EDITING DELEGATE: webViewDidChangeSelection:WebViewDidChangeSelectionNotification
EDITING DELEGATE: webViewDidChangeSelection:WebViewDidChangeSelectionNotification
EDITING DELEGATE: webViewDidChangeSelection:WebViewDidChangeSelectionNotification
EDITING DELEGATE: webViewDidChangeSelection:WebViewDidChangeSelectionNotification
EDITING DELEGATE: webViewDidChangeSelection:WebViewDidChangeSelectionNotification
EDITING DELEGATE: webViewDidChangeSelection:WebViewDidChangeSelectionNotification
EDITING DELEGATE: webViewDidChangeSelection:WebViewDidChangeSelectionNotification
EDITING DELEGATE: webViewDidChangeSelection:WebViewDidChangeSelectionNotification
EDITING DELEGATE: webViewDidChangeSelection:WebViewDidChangeSelectionNotification
EDITING DELEGATE: webViewDidChangeSelection:WebViewDidChangeSelectionNotification
EDITING DELEGATE: webViewDidChangeSelection:WebViewDidChangeSelectionNotification
EDITING DELEGATE: webViewDidChangeSelection:WebViewDidChangeSelectionNotification
EDITING DELEGATE: webViewDidChangeSelection:WebViewDidChangeSelectionNotification
EDITING DELEGATE: webViewDidChangeSelection:WebViewDidChangeSelectionNotification
EDITING DELEGATE: webViewDidChangeSelection:WebViewDidChangeSelectionNotification
EDITING DELEGATE: webViewDidChangeSelection:WebViewDidChangeSelectionNotification
EDITING DELEGATE: webViewDidChangeSelection:WebViewDidChangeSelectionNotification
EDITING DELEGATE: webViewDidChangeSelection:WebViewDidChangeSelectionNotification
EDITING DELEGATE: webViewDidChangeSelection:WebViewDidChangeSelectionNotification
EDITING DELEGATE: webViewDidChangeSelection:WebViewDidChangeSelectionNotification
EDITING DELEGATE: webViewDidChangeSelection:WebViewDidChangeSelectionNotification
EDITING DELEGATE: webViewDidChangeSelection:WebViewDidChangeSelectionNotification
EDITING DELEGATE: webViewDidChangeSelection:WebViewDidChangeSelectionNotification
EDITING DELEGATE: webViewDidChangeSelection:WebViewDidChangeSelectionNotification
EDITING DELEGATE: webViewDidChangeSelection:WebViewDidChangeSelectionNotification
EDITING DELEGATE: webViewDidChangeSelection:WebViewDidChangeSelectionNotification
EDITING DELEGATE: webViewDidChangeSelection:WebViewDidChangeSelectionNotification
EDITING DELEGATE: webViewDidChangeSelection:WebViewDidChangeSelectionNotification
EDITING DELEGATE: webViewDidChangeSelection:WebViewDidChangeSelectionNotification
EDITING DELEGATE: webViewDidChangeSelection:WebViewDidChangeSelectionNotification
EDITING DELEGATE: webViewDidChangeSelection:WebViewDidChangeSelectionNotification
EDITING DELEGATE: webViewDidChangeSelection:WebViewDidChangeSelectionNotification
EDITING DELEGATE: webViewDidChangeSelection:WebViewDidChangeSelectionNotification
EDITING DELEGATE: webViewDidChangeSelection:WebViewDidChangeSelectionNotification
layer at (0,0) size 800x600
  RenderCanvas at (0,0) size 800x600
layer at (0,0) size 800x600
  RenderBlock {HTML} at (0,0) size 800x600
    RenderBody {BODY} at (8,8) size 784x584
      RenderBlock {P} at (0,0) size 784x36
        RenderText {TEXT} at (0,0) size 742x36
          text run at (0,0) width 277: "This tests caret movement across an iframe. "
          text run at (277,0) width 465: "The caret shouldn't enter the iframe as the user arrows across it (unless we"
          text run at (0,18) width 194: "decide later that we want it to)."
      RenderBlock {DIV} at (0,52) size 784x204
        RenderBlock {DIV} at (0,0) size 784x204
          RenderText {TEXT} at (0,186) size 48x18
            text run at (0,186) width 48: "iframe: "
          RenderPartObject {IFRAME} at (48,0) size 200x200
            layer at (0,0) size 932x859
              RenderCanvas at (0,0) size 185x185
            layer at (0,0) size 932x859
              RenderBlock {HTML} at (0,0) size 185x859
                RenderBody {BODY} at (0,0) size 185x859 [bgcolor=#FFFFFF]
                  RenderBlock {DIV} at (0,0) size 185x52
                    RenderTable {TABLE} at (0,0) size 727x52
                      RenderTableSection {TBODY} at (0,0) size 0x52
                        RenderTableRow {TR} at (0,0) size 0x0
                          RenderTableCell {TD} at (0,0) size 1x52 [r=0 c=0 rs=1 cs=1]
                            RenderImage {IMG} at (0,0) size 1x52
                          RenderTableCell {TD} at (1,0) size 725x52 [r=0 c=1 rs=1 cs=1]
                            RenderTable {TABLE} at (0,0) size 725x52
                              RenderTableSection {TBODY} at (0,0) size 0x52
                                RenderTableRow {TR} at (0,0) size 0x0
                                  RenderTableCell {TD} at (0,0) size 725x32 [r=0 c=0 rs=1 cs=1]
                                    RenderInline {A} at (0,0) size 118x10 [color=#0000EE]
                                      RenderImage {IMG} at (0,0) size 118x32
                                    RenderInline {A} at (0,0) size 98x10 [color=#0000EE]
                                      RenderImage {IMG} at (118,0) size 98x32
                                    RenderInline {A} at (0,0) size 98x10 [color=#0000EE]
                                      RenderImage {IMG} at (216,0) size 98x32
                                    RenderInline {A} at (0,0) size 98x10 [color=#0000EE]
                                      RenderImage {IMG} at (314,0) size 98x32
                                    RenderInline {A} at (0,0) size 98x10 [color=#0000EE]
                                      RenderImage {IMG} at (412,0) size 98x32
                                    RenderInline {A} at (0,0) size 98x10 [color=#0000EE]
                                      RenderImage {IMG} at (510,0) size 98x32
                                    RenderInline {A} at (0,0) size 117x10 [color=#0000EE]
                                      RenderImage {IMG} at (608,0) size 117x32
                                RenderTableRow {TR} at (0,0) size 0x0
                                  RenderTableCell {TD} at (0,32) size 725x20 [r=1 c=0 rs=1 cs=1]
                                    RenderImage {IMG} at (0,0) size 21x20
                                    RenderInline {A} at (0,0) size 71x10 [color=#0000EE]
                                      RenderImage {IMG} at (21,0) size 71x20
                                    RenderInline {A} at (0,0) size 55x10 [color=#0000EE]
                                      RenderImage {IMG} at (92,0) size 55x20
                                    RenderInline {A} at (0,0) size 71x10 [color=#0000EE]
                                      RenderImage {IMG} at (147,0) size 71x20
                                    RenderInline {A} at (0,0) size 66x10 [color=#0000EE]
                                      RenderImage {IMG} at (218,0) size 66x20
                                    RenderInline {A} at (0,0) size 78x10 [color=#0000EE]
                                      RenderImage {IMG} at (284,0) size 78x20
                                    RenderInline {A} at (0,0) size 72x10 [color=#0000EE]
                                      RenderImage {IMG} at (362,0) size 72x20
                                    RenderInline {A} at (0,0) size 38x10 [color=#0000EE]
                                      RenderImage {IMG} at (434,0) size 38x20
                                    RenderInline {A} at (0,0) size 65x10 [color=#0000EE]
                                      RenderImage {IMG} at (472,0) size 65x20
                                    RenderInline {A} at (0,0) size 75x10 [color=#0000EE]
                                      RenderImage {IMG} at (537,0) size 75x20
                                    RenderInline {A} at (0,0) size 91x10 [color=#0000EE]
                                      RenderImage {IMG} at (612,0) size 91x20
                                    RenderImage {IMG} at (703,0) size 22x20
                          RenderTableCell {TD} at (726,0) size 1x52 [r=0 c=2 rs=1 cs=1]
                            RenderImage {IMG} at (0,0) size 1x52
                  RenderBlock (anonymous) at (0,52) size 185x1
                    RenderImage {IMG} at (92,0) size 1x1
                    RenderText {TEXT} at (0,0) size 0x0
                  RenderBlock {DIV} at (0,63) size 932x400 [color=#76797C]
                    RenderImage {IMG} at (0,0) size 932x75
                    RenderBR {BR} at (0,0) size 0x0
                    RenderInline {A} at (0,0) size 340x12 [color=#0000EE]
                      RenderImage {IMG} at (0,75) size 340x325
                    RenderImage {IMG} at (340,75) size 257x325
                    RenderInline {A} at (0,0) size 335x12 [color=#0000EE]
                      RenderImage {IMG} at (597,75) size 335x325
                  RenderBlock {DIV} at (0,477) size 932x0 [color=#76797C]
                  RenderBlock {DIV} at (0,477) size 932x120 [color=#76797C]
                    RenderBlock (anonymous) at (0,0) size 932x120
                      RenderInline {A} at (0,0) size 188x12 [color=#0000EE]
                        RenderImage {IMG} at (0,0) size 180x120
                      RenderInline {A} at (0,0) size 188x12 [color=#0000EE]
                        RenderImage {IMG} at (188,0) size 180x120
                      RenderInline {A} at (0,0) size 188x12 [color=#0000EE]
                        RenderImage {IMG} at (376,0) size 180x120
                      RenderInline {A} at (0,0) size 188x12 [color=#0000EE]
                        RenderImage {IMG} at (564,0) size 180x120
                      RenderInline {A} at (0,0) size 180x12 [color=#0000EE]
                        RenderImage {IMG} at (752,0) size 180x120
                    RenderBlock {DIV} at (0,120) size 932x0
                      RenderText {TEXT} at (464,-5) size 3x1
                        text run at (464,-5) width 3: " "
                  RenderBlock {DIV} at (0,607) size 932x50 [color=#76797C] [border: (1px solid #D0D2D7) none (1px solid #D0D2D7) none]
                    RenderTable {TABLE} at (140,11) size 652x28 [color=#000000]
                      RenderTableSection {TBODY} at (0,0) size 0x28
                        RenderTableRow {TR} at (0,0) size 0x0
                          RenderTableCell {TD} at (0,2) size 231x24 [r=0 c=0 rs=1 cs=1]
                            RenderBlock {FORM} at (1,1) size 229x22
                              RenderSelect {SELECT} at (0,2) size 150x18
                              RenderText {TEXT} at (0,0) size 0x0
                              RenderInline {NOSCRIPT} at (0,0) size 0x0
                              RenderText {TEXT} at (0,0) size 0x0
                          RenderTableCell {TD} at (231,0) size 237x28 [r=0 c=1 rs=1 cs=1]
                            RenderImage {IMG} at (1,0) size 22x22
                            RenderBlock {FORM} at (1,1) size 235x22
                              RenderSelect {SELECT} at (34,2) size 147x18
                              RenderText {TEXT} at (0,0) size 0x0
                          RenderTableCell {TD} at (468,1) size 184x25 [r=0 c=2 rs=1 cs=1]
                            RenderBlock {FORM} at (1,1) size 182x23
                              RenderLineEdit {INPUT} at (32,2) size 148x19
                              RenderText {TEXT} at (0,0) size 0x0
                              RenderText {TEXT} at (0,0) size 0x0
                              RenderText {TEXT} at (0,0) size 0x0
                              RenderText {TEXT} at (0,0) size 0x0
                              RenderText {TEXT} at (0,0) size 0x0
                              RenderText {TEXT} at (0,0) size 0x0
                  RenderBlock {DIV} at (0,667) size 185x72 [color=#76797C]
                    RenderInline {A} at (0,0) size 98x12 [color=#0000EE]
                      RenderText {TEXT} at (26,0) size 88x12
                        text run at (26,0) width 88: "1-800-MY-APPLE"
                    RenderText {TEXT} at (119,0) size 10x12
                      text run at (119,0) width 10: " | "
                    RenderInline {A} at (0,0) size 163x24 [color=#0000EE]
                      RenderText {TEXT} at (134,0) size 163x24
                        text run at (134,0) width 30: "Find a"
                        text run at (1,12) width 39: "Reseller"
                    RenderText {TEXT} at (45,12) size 10x12
                      text run at (45,12) width 10: " | "
                    RenderInline {A} at (0,0) size 52x12 [color=#0000EE]
                      RenderText {TEXT} at (60,12) size 42x12
                        text run at (60,12) width 42: "Site Map"
                    RenderText {TEXT} at (107,12) size 10x12
                      text run at (107,12) width 10: " | "
                    RenderInline {A} at (0,0) size 59x12 [color=#0000EE]
                      RenderText {TEXT} at (122,12) size 49x12
                        text run at (122,12) width 49: "RSS Feeds"
                    RenderText {TEXT} at (176,12) size 7x12
                      text run at (176,12) width 7: " |"
                    RenderInline {A} at (0,0) size 110x12 [color=#0000EE]
                      RenderText {TEXT} at (27,24) size 100x12
                        text run at (27,24) width 100: "Product Registration"
                    RenderText {TEXT} at (132,24) size 10x12
                      text run at (132,24) width 10: " | "
                    RenderInline {A} at (0,0) size 146x24 [color=#0000EE]
                      RenderText {TEXT} at (147,24) size 146x24
                        text run at (147,24) width 16: "Job"
                        text run at (17,36) width 67: "Opportunities"
                    RenderText {TEXT} at (89,36) size 10x12
                      text run at (89,36) width 10: " | "
                    RenderInline {A} at (0,0) size 61x12 [color=#0000EE]
                      RenderText {TEXT} at (104,36) size 51x12
                        text run at (104,36) width 51: "Media Info"
                    RenderText {TEXT} at (160,36) size 7x12
                      text run at (160,36) width 7: " |"
                    RenderInline {A} at (0,0) size 75x12 [color=#0000EE]
                      RenderText {TEXT} at (14,48) size 65x12
                        text run at (14,48) width 65: "Terms of Use"
                    RenderText {TEXT} at (84,48) size 10x12
                      text run at (84,48) width 10: " | "
                    RenderInline {A} at (0,0) size 75x12 [color=#0000EE]
                      RenderText {TEXT} at (99,48) size 65x12
                        text run at (99,48) width 65: "Privacy Policy"
                    RenderText {TEXT} at (169,48) size 7x12
                      text run at (169,48) width 7: " |"
                    RenderInline {A} at (0,0) size 64x12 [color=#0000EE]
                      RenderText {TEXT} at (32,60) size 54x12
                        text run at (32,60) width 54: "Contact Us"
                    RenderText {TEXT} at (91,60) size 10x12
                      text run at (91,60) width 10: " | "
                    RenderInline {A} at (0,0) size 56x12 [color=#0000EE]
                      RenderText {TEXT} at (106,60) size 46x12
                        text run at (106,60) width 46: "Feedback"
                  RenderBlock {DIV} at (0,749) size 932x99 [color=#76797C] [border: (1px solid #D0D2D7) none]
                    RenderBlock {P} at (0,21) size 932x12
                      RenderText {TEXT} at (182,0) size 567x12
                        text run at (182,0) width 567: "MacBook Pro and iMac performance based on estimated results of industry-standard SPECint and SPECfp rate tests."
                    RenderBlock {P} at (0,43) size 932x12
                      RenderInline {A} at (0,0) size 113x12 [color=#0000EE]
                        RenderText {TEXT} at (200,0) size 113x12
                          text run at (200,0) width 113: "Important Safety Recall"
                      RenderText {TEXT} at (313,0) size 419x12
                        text run at (313,0) width 419: " of rechargeable batteries for 12-inch iBook G4, 12-inch and 15-inch PowerBook G4."
                    RenderBlock {P} at (0,65) size 932x12
                      RenderText {TEXT} at (320,0) size 292x12
                        text run at (320,0) width 292: "Copyright \x{A9} 2006 Apple Computer, Inc. All rights reserved."
                    RenderBlock {P} at (0,87) size 932x12
                      RenderInline {A} at (0,0) size 139x12 [color=#0000EE]
                        RenderText {TEXT} at (396,0) size 139x12
                          text run at (396,0) width 139: "Powered by Mac OS X Server"
                  RenderBlock (anonymous) at (0,858) size 185x1
                    RenderImage {IMG} at (92,0) size 1x1
                    RenderText {TEXT} at (0,0) size 0x0
                    RenderText {TEXT} at (0,0) size 0x0
                    RenderText {TEXT} at (0,0) size 0x0
          RenderText {TEXT} at (248,186) size 66x18
            text run at (248,186) width 66: " the end ..."
caret: position 127 of child 0 {TEXT} of child 1 {P} of child 1 {BODY} of child 0 {HTML} of document
