layer at (0,0) size 820x900
  RenderCanvas at (0,0) size 800x585
layer at (0,0) size 820x900
  RenderBlock {HTML} at (0,0) size 800x900
    RenderBody {BODY} at (8,64) size 784x772
      RenderBlock {DIV} at (64,0) size 748x772 [border: (50px solid #FF0000)]
        RenderBlock {DIV} at (74,74) size 600x624
          RenderText {TEXT} at (0,10) size 598x624
            text run at (0,10) width 552: "Four score and seven years ago our fathers brought forth,"
            text run at (0,58) width 583: "upon this continent, a new nation, conceived in Liberty, and"
            text run at (0,106) width 571: "dedicated to the proposition that all men are created equal."
            text run at (0,154) width 596: "Now we are engaged in a great civil war, testing whether that"
            text run at (0,202) width 559: "nation, or any nation, so conceived, and so dedicated, can"
            text run at (0,250) width 565: "long endure. We are met here on a great battlefield of that"
            text run at (0,298) width 539: "war. We have come to dedicate a portion of it as a final"
            text run at (0,346) width 551: "resting place for those who here gave their lives that that"
            text run at (0,394) width 573: "nation might live. It is altogether fitting and proper that we"
            text run at (0,442) width 559: "should do this. Four score and seven years ago our fathers"
            text run at (0,490) width 598: "brought forth, upon this continent, a new nation, conceived in"
            text run at (0,538) width 554: "Liberty, and dedicated to the proposition that all men are"
            text run at (0,586) width 136: "created equal."
selection is RANGE:
start:      position 0 of child 1 {TEXT} of child 2 {DIV} of root {DIV}
upstream:   position 0 of child 2 {DIV} of root {DIV}
downstream: position 0 of child 1 {TEXT} of child 2 {DIV} of root {DIV}
end:        position 736 of child 1 {TEXT} of child 2 {DIV} of root {DIV}
upstream:   position 736 of child 1 {TEXT} of child 2 {DIV} of root {DIV}
downstream: position 737 of child 1 {TEXT} of child 2 {DIV} of root {DIV}
