EDITING DELEGATE: webViewDidChangeSelection:WebViewDidChangeSelectionNotification
EDITING DELEGATE: shouldChangeSelectedDOMRange:range from 0 of #text > BODY > HTML > #document to 0 of #text > BODY > HTML > #document toDOMRange:range from 1 of #text > BODY > HTML > #document to 5 of BODY > HTML > #document affinity:NSSelectionAffinityDownstream stillSelecting:FALSE
EDITING DELEGATE: webViewDidChangeSelection:WebViewDidChangeSelectionNotification
layer at (0,0) size 812x600
  RenderCanvas at (0,0) size 785x585
layer at (0,0) size 812x600
  RenderBlock {HTML} at (0,0) size 785x600
    RenderBody {BODY} at (64,64) size 748x472 [border: (50px solid #FF0000)]
      RenderBlock {DIV} at (74,74) size 600x0
      RenderBlock (anonymous) at (74,74) size 600x48
        RenderText {TEXT} at (0,10) size 54x48
          text run at (0,10) width 54: "Hello"
      RenderTable {TABLE} at (74,122) size 6x6
        RenderTableSection {TBODY} at (0,0) size 0x6
          RenderTableRow {TR} at (0,0) size 0x0
            RenderTableCell {TD} at (2,2) size 2x2 [r=0 c=0 rs=1 cs=1]
      RenderBlock (anonymous) at (74,128) size 600x48
        RenderBR {BR} at (0,10) size 0x48
selection start: position 1 of child 2 {TEXT} of child 1 {BODY} of child 0 {HTML} of document
selection end:   position 0 of child 5 {BR} of child 1 {BODY} of child 0 {HTML} of document
