EDITING DELEGATE: shouldBeginEditingInDOMRange:range from 0 of DIV > BODY > HTML > #document to 4 of DIV > BODY > HTML > #document
EDITING DELEGATE: webViewDidBeginEditing:WebViewDidBeginEditingNotification
EDITING DELEGATE: webViewDidChangeSelection:WebViewDidChangeSelectionNotification
EDITING DELEGATE: webViewDidChangeSelection:WebViewDidChangeSelectionNotification
layer at (0,0) size 820x600
  RenderCanvas at (0,0) size 785x585
layer at (0,0) size 820x600
  RenderBlock {HTML} at (0,0) size 785x600
    RenderBody {BODY} at (8,64) size 769x472
      RenderBlock {DIV} at (64,0) size 748x196 [border: (50px solid #FF0000)]
        RenderInline {SPAN} at (0,0) size 32x28
          RenderText {TEXT} at (74,84) size 32x48
            text run at (74,84) width 32: "foo"
        RenderText {TEXT} at (106,84) size 40x48
          text run at (106,84) width 40: " baz"
caret: position 1 of child 3 {TEXT} of child 1 {DIV} of child 1 {BODY} of child 0 {HTML} of document
