layer at (0,0) size 781x781
  RenderView at (0,0) size 781x600
layer at (0,0) size 781x781
  RenderBlock {html} at (0,0) size 781x781
    RenderBody {body} at (11,11) size 759x747
      RenderBlock (anonymous) at (0,0) size 759x58
        RenderText {#text} at (0,0) size 758x58
          text run at (0,0) width 357: "The two blocks should look identical. "
          text run at (357,0) width 401: "One uses an SVG, and the other just uses a"
          text run at (0,29) width 179: "normal HTML div."
      RenderBlock {p} at (0,81) size 759x29
        RenderText {#text} at (0,0) size 524x29
          text run at (0,0) width 524: "There should be a red, white and blue pattern below this"
      RenderSVGRoot {svg} at (25,158) size 200x200
        RenderPath {rect} at (53,186) size 144x144 [fill={[type=SOLID] [color=#0000FF]}] [data="M0.00,0.00 L100.00,0.00 L100.00,100.00 L0.00,100.00 Z"]
      RenderBlock {p} at (0,361) size 759x29
        RenderText {#text} at (0,0) size 523x29
          text run at (0,0) width 523: "There should be a red, white and blue pattern above this"
      RenderBlock {hr} at (0,413) size 759x2 [border: (1px inset #000000)]
      RenderBlock {p} at (0,438) size 759x29
        RenderText {#text} at (0,0) size 524x29
          text run at (0,0) width 524: "There should be a red, white and blue pattern below this"
      RenderBlock (floating) {div} at (14,504) size 200x200 [border: (14px solid #FF0000)]
        RenderBlock {div} at (28,28) size 144x144 [bgcolor=#0000FF]
      RenderBlock {p} at (0,718) size 759x29
        RenderText {#text} at (0,0) size 523x29
          text run at (0,0) width 523: "There should be a red, white and blue pattern above this"
