layer at (0,0) size 108x436
  RenderView at (0,0) size 96x26
layer at (0,0) size 108x436
  RenderBlock {HTML} at (0,0) size 96x436
    RenderBody {BODY} at (8,8) size 80x420
      RenderBlock (anonymous) at (0,0) size 80x100
        RenderHTMLCanvas {CANVAS} at (0,0) size 100x100 [bgcolor=#008000]
        RenderText {#text} at (0,0) size 0x0
      RenderBlock {DIV} at (0,100) size 80x320
        RenderText {#text} at (0,0) size 79x176
          text run at (0,0) width 61: "This tests"
          text run at (0,16) width 24: "that"
          text run at (0,32) width 67: "transforms"
          text run at (0,48) width 74: "applied to a"
          text run at (0,64) width 73: "canvas, are"
          text run at (0,80) width 54: "correctly"
          text run at (0,96) width 62: "applied to"
          text run at (0,112) width 63: "the stroke"
          text run at (0,128) width 79: "path defined"
          text run at (0,144) width 35: "in the"
          text run at (0,160) width 53: "context. "
        RenderBR {BR} at (53,173) size 0x0
        RenderText {#text} at (0,176) size 72x144
          text run at (0,176) width 67: "The above"
          text run at (0,192) width 38: "image"
          text run at (0,208) width 72: "should be a"
          text run at (0,224) width 37: "green"
          text run at (0,240) width 43: "square"
          text run at (0,256) width 72: "divided into"
          text run at (0,272) width 70: "quarters by"
          text run at (0,288) width 58: "two black"
          text run at (0,304) width 32: "lines."
