layer at (0,0) size 800x600
  RenderView at (0,0) size 800x600
layer at (0,0) size 800x600
  RenderBlock {HTML} at (0,0) size 800x600
    RenderBody {BODY} at (8,8) size 784x584
      RenderText {#text} at (165,0) size 4x20
        text run at (165,0) width 4: " "
      RenderText {#text} at (334,0) size 4x20
        text run at (334,0) width 4: " "
      RenderText {#text} at (503,0) size 4x20
        text run at (503,0) width 4: " "
      RenderText {#text} at (0,0) size 0x0
      RenderText {#text} at (165,140) size 4x20
        text run at (165,140) width 4: " "
      RenderText {#text} at (334,140) size 4x20
        text run at (334,140) width 4: " "
      RenderText {#text} at (503,140) size 4x20
        text run at (503,140) width 4: " "
      RenderText {#text} at (0,0) size 0x0
      RenderText {#text} at (165,280) size 4x20
        text run at (165,280) width 4: " "
      RenderText {#text} at (334,280) size 4x20
        text run at (334,280) width 4: " "
      RenderText {#text} at (503,280) size 4x20
        text run at (503,280) width 4: " "
      RenderText {#text} at (0,0) size 0x0
      RenderText {#text} at (165,420) size 4x20
        text run at (165,420) width 4: " "
      RenderText {#text} at (334,420) size 4x20
        text run at (334,420) width 4: " "
      RenderText {#text} at (0,0) size 0x0
layer at (28,28) size 125x100 clip at (29,29) size 110x85 scrollWidth 176 scrollHeight 3010
  RenderBlock {DIV} at (20,20) size 125x100 [color=#DCDCDC] [bgcolor=#718D93] [border: (1px solid #D3D3D3)]
    RenderText {#text} at (11,11) size 156x1092
      text run at (11,11) width 60: "Lorem"
      text run at (11,24) width 60: "ipsum"
      text run at (11,37) width 60: "dolor"
      text run at (11,50) width 36: "sit"
      text run at (11,63) width 60: "amet,"
      text run at (11,76) width 144: "consectetuer"
      text run at (11,89) width 120: "adipiscing"
      text run at (11,102) width 60: "elit."
      text run at (11,115) width 60: "Morbi"
      text run at (11,128) width 84: "et nisi"
      text run at (11,141) width 72: "ut est"
      text run at (11,154) width 108: "venenatis"
      text run at (11,167) width 96: "viverra."
      text run at (11,180) width 72: "Aenean"
      text run at (11,193) width 48: "pede"
      text run at (11,206) width 60: "orci,"
      text run at (11,219) width 84: "blandit"
      text run at (11,232) width 60: "quis,"
      text run at (11,245) width 96: "faucibus"
      text run at (11,258) width 60: "quis,"
      text run at (11,271) width 84: "egestas"
      text run at (11,284) width 84: "ut, mi."
      text run at (11,297) width 144: "Pellentesque"
      text run at (11,310) width 48: "enim"
      text run at (11,323) width 72: "purus,"
      text run at (11,336) width 108: "venenatis"
      text run at (11,349) width 120: "dignissim,"
      text run at (11,362) width 108: "tincidunt"
      text run at (11,375) width 24: "a,"
      text run at (11,388) width 132: "ullamcorper"
      text run at (11,401) width 60: "eget,"
      text run at (11,414) width 60: "nibh."
      text run at (11,427) width 72: "Nullam"
      text run at (11,440) width 72: "ut sem"
      text run at (11,453) width 120: "adipiscing"
      text run at (11,466) width 48: "orci"
      text run at (11,479) width 96: "vehicula"
      text run at (11,492) width 108: "interdum."
      text run at (11,505) width 84: "Proin a"
      text run at (11,518) width 60: "enim."
      text run at (11,531) width 108: "Phasellus"
      text run at (11,544) width 156: "sollicitudin,"
      text run at (11,557) width 60: "magna"
      text run at (11,570) width 60: "vitae"
      text run at (11,583) width 120: "vestibulum"
      text run at (11,596) width 120: "facilisis,"
      text run at (11,609) width 72: "tellus"
      text run at (11,622) width 48: "nunc"
      text run at (11,635) width 84: "iaculis"
      text run at (11,648) width 60: "arcu,"
      text run at (11,661) width 24: "in"
      text run at (11,674) width 96: "molestie"
      text run at (11,687) width 36: "sem"
      text run at (11,700) width 60: "velit"
      text run at (11,713) width 72: "tempus"
      text run at (11,726) width 84: "est. In"
      text run at (11,739) width 96: "eleifend"
      text run at (11,752) width 60: "velit"
      text run at (11,765) width 72: "at sem"
      text run at (11,778) width 120: "adipiscing"
      text run at (11,791) width 96: "sodales."
      text run at (11,804) width 48: "Nunc"
      text run at (11,817) width 72: "sapien"
      text run at (11,830) width 72: "felis,"
      text run at (11,843) width 84: "aliquam"
      text run at (11,856) width 36: "et,"
      text run at (11,869) width 96: "volutpat"
      text run at (11,882) width 96: "rhoncus,"
      text run at (11,895) width 132: "condimentum"
      text run at (11,908) width 36: "ut,"
      text run at (11,921) width 84: "tortor."
      text run at (11,934) width 84: "Integer"
      text run at (11,947) width 48: "est."
      text run at (11,960) width 84: "Quisque"
      text run at (11,973) width 96: "viverra."
      text run at (11,986) width 96: "Praesent"
      text run at (11,999) width 36: "sed"
      text run at (11,1012) width 60: "arcu."
      text run at (11,1025) width 96: "Maecenas"
      text run at (11,1038) width 24: "id"
      text run at (11,1051) width 84: "lorem a"
      text run at (11,1064) width 36: "leo"
      text run at (11,1077) width 96: "lobortis"
      text run at (11,1090) width 144: "condimentum."
    RenderBR {BR} at (0,0) size 0x0
    RenderBR {BR} at (11,1103) size 0x13
    RenderText {#text} at (11,1116) size 144x1040
      text run at (11,1116) width 48: "Cras"
      text run at (11,1129) width 84: "commodo"
      text run at (11,1142) width 72: "rutrum"
      text run at (11,1155) width 72: "augue."
      text run at (11,1168) width 84: "Vivamus"
      text run at (11,1181) width 96: "iaculis."
      text run at (11,1194) width 72: "Nullam"
      text run at (11,1207) width 48: "est."
      text run at (11,1220) width 96: "Maecenas"
      text run at (11,1233) width 120: "consequat."
      text run at (11,1246) width 72: "Sed id"
      text run at (11,1259) width 48: "dui."
      text run at (11,1272) width 84: "Vivamus"
      text run at (11,1285) width 84: "a nisl."
      text run at (11,1298) width 60: "Donec"
      text run at (11,1311) width 84: "pretium"
      text run at (11,1324) width 84: "sapien."
      text run at (11,1337) width 60: "Proin"
      text run at (11,1350) width 24: "et"
      text run at (11,1363) width 72: "ligula"
      text run at (11,1376) width 24: "et"
      text run at (11,1389) width 72: "ligula"
      text run at (11,1402) width 96: "placerat"
      text run at (11,1415) width 108: "pulvinar."
      text run at (11,1428) width 84: "Aliquam"
      text run at (11,1441) width 48: "erat"
      text run at (11,1454) width 108: "volutpat."
      text run at (11,1467) width 60: "Proin"
      text run at (11,1480) width 84: "id est."
      text run at (11,1493) width 132: "Suspendisse"
      text run at (11,1506) width 84: "cursus,"
      text run at (11,1519) width 60: "magna"
      text run at (11,1532) width 24: "at"
      text run at (11,1545) width 108: "hendrerit"
      text run at (11,1558) width 120: "consequat,"
      text run at (11,1571) width 72: "mauris"
      text run at (11,1584) width 36: "est"
      text run at (11,1597) width 108: "imperdiet"
      text run at (11,1610) width 72: "neque,"
      text run at (11,1623) width 12: "a"
      text run at (11,1636) width 96: "ultrices"
      text run at (11,1649) width 48: "arcu"
      text run at (11,1662) width 48: "urna"
      text run at (11,1675) width 36: "non"
      text run at (11,1688) width 60: "nunc."
      text run at (11,1701) width 84: "Quisque"
      text run at (11,1714) width 84: "tellus."
      text run at (11,1727) width 60: "Nulla"
      text run at (11,1740) width 60: "nulla"
      text run at (11,1753) width 72: "justo,"
      text run at (11,1766) width 96: "vehicula"
      text run at (11,1779) width 48: "nec,"
      text run at (11,1792) width 144: "pellentesque"
      text run at (11,1805) width 36: "eu,"
      text run at (11,1818) width 84: "iaculis"
      text run at (11,1831) width 36: "et,"
      text run at (11,1844) width 84: "ligula."
      text run at (11,1857) width 96: "Praesent"
      text run at (11,1870) width 72: "mattis"
      text run at (11,1883) width 48: "ante"
      text run at (11,1896) width 36: "vel"
      text run at (11,1909) width 48: "sem."
      text run at (11,1922) width 132: "Suspendisse"
      text run at (11,1935) width 60: "porta"
      text run at (11,1948) width 84: "rhoncus"
      text run at (11,1961) width 60: "urna."
      text run at (11,1974) width 108: "Phasellus"
      text run at (11,1987) width 72: "felis."
      text run at (11,2000) width 96: "Praesent"
      text run at (11,2013) width 84: "viverra"
      text run at (11,2026) width 108: "convallis"
      text run at (11,2039) width 84: "libero."
      text run at (11,2052) width 96: "Maecenas"
      text run at (11,2065) width 36: "non"
      text run at (11,2078) width 72: "augue."
      text run at (11,2091) width 60: "Donec"
      text run at (11,2104) width 108: "hendrerit"
      text run at (11,2117) width 72: "lectus"
      text run at (11,2130) width 24: "id"
      text run at (11,2143) width 72: "enim. "
    RenderBR {BR} at (83,2153) size 0x0
    RenderBR {BR} at (11,2156) size 0x13
    RenderText {#text} at (11,2169) size 144x832
      text run at (11,2169) width 60: "Nulla"
      text run at (11,2182) width 72: "ligula"
      text run at (11,2195) width 48: "dui,"
      text run at (11,2208) width 84: "euismod"
      text run at (11,2221) width 36: "et,"
      text run at (11,2234) width 84: "sodales"
      text run at (11,2247) width 60: "quis,"
      text run at (11,2260) width 144: "sollicitudin"
      text run at (11,2273) width 60: "quis,"
      text run at (11,2286) width 60: "elit."
      text run at (11,2299) width 24: "In"
      text run at (11,2312) width 120: "adipiscing"
      text run at (11,2325) width 84: "est sed"
      text run at (11,2338) width 60: "enim."
      text run at (11,2351) width 60: "Fusce"
      text run at (11,2364) width 24: "at"
      text run at (11,2377) width 60: "massa"
      text run at (11,2390) width 60: "vitae"
      text run at (11,2403) width 60: "metus"
      text run at (11,2416) width 72: "semper"
      text run at (11,2429) width 120: "hendrerit."
      text run at (11,2442) width 84: "Integer"
      text run at (11,2455) width 60: "vitae"
      text run at (11,2468) width 60: "urna."
      text run at (11,2481) width 60: "Nulla"
      text run at (11,2494) width 48: "eget"
      text run at (11,2507) width 84: "ligula."
      text run at (11,2520) width 60: "Etiam"
      text run at (11,2533) width 84: "libero."
      text run at (11,2546) width 96: "Maecenas"
      text run at (11,2559) width 48: "nisi"
      text run at (11,2572) width 60: "nibh,"
      text run at (11,2585) width 108: "convallis"
      text run at (11,2598) width 24: "a,"
      text run at (11,2611) width 84: "feugiat"
      text run at (11,2624) width 72: "vitae,"
      text run at (11,2637) width 96: "pulvinar"
      text run at (11,2650) width 84: "et, mi."
      text run at (11,2663) width 108: "Curabitur"
      text run at (11,2676) width 48: "arcu"
      text run at (11,2689) width 60: "pede,"
      text run at (11,2702) width 120: "adipiscing"
      text run at (11,2715) width 48: "sed,"
      text run at (11,2728) width 84: "egestas"
      text run at (11,2741) width 48: "nec,"
      text run at (11,2754) width 84: "commodo"
      text run at (11,2767) width 36: "in,"
      text run at (11,2780) width 60: "elit."
      text run at (11,2793) width 60: "Nulla"
      text run at (11,2806) width 108: "facilisi."
      text run at (11,2819) width 60: "Proin"
      text run at (11,2832) width 72: "varius"
      text run at (11,2845) width 84: "pede et"
      text run at (11,2858) width 36: "dui"
      text run at (11,2871) width 84: "lacinia"
      text run at (11,2884) width 96: "dapibus."
      text run at (11,2897) width 60: "Morbi"
      text run at (11,2910) width 36: "nec"
      text run at (11,2923) width 72: "augue."
      text run at (11,2936) width 60: "Proin"
      text run at (11,2949) width 108: "imperdiet"
      text run at (11,2962) width 60: "lacus"
      text run at (11,2975) width 24: "eu"
      text run at (11,2988) width 84: "tellus."
layer at (197,28) size 125x100 clip at (198,29) size 110x85 scrollWidth 176 scrollHeight 3010
  RenderBlock {DIV} at (189,20) size 125x100 [color=#DCDCDC] [bgcolor=#718D93] [border: (1px solid #D3D3D3)]
    RenderText {#text} at (11,11) size 156x1092
      text run at (11,11) width 60: "Lorem"
      text run at (11,24) width 60: "ipsum"
      text run at (11,37) width 60: "dolor"
      text run at (11,50) width 36: "sit"
      text run at (11,63) width 60: "amet,"
      text run at (11,76) width 144: "consectetuer"
      text run at (11,89) width 120: "adipiscing"
      text run at (11,102) width 60: "elit."
      text run at (11,115) width 60: "Morbi"
      text run at (11,128) width 84: "et nisi"
      text run at (11,141) width 72: "ut est"
      text run at (11,154) width 108: "venenatis"
      text run at (11,167) width 96: "viverra."
      text run at (11,180) width 72: "Aenean"
      text run at (11,193) width 48: "pede"
      text run at (11,206) width 60: "orci,"
      text run at (11,219) width 84: "blandit"
      text run at (11,232) width 60: "quis,"
      text run at (11,245) width 96: "faucibus"
      text run at (11,258) width 60: "quis,"
      text run at (11,271) width 84: "egestas"
      text run at (11,284) width 84: "ut, mi."
      text run at (11,297) width 144: "Pellentesque"
      text run at (11,310) width 48: "enim"
      text run at (11,323) width 72: "purus,"
      text run at (11,336) width 108: "venenatis"
      text run at (11,349) width 120: "dignissim,"
      text run at (11,362) width 108: "tincidunt"
      text run at (11,375) width 24: "a,"
      text run at (11,388) width 132: "ullamcorper"
      text run at (11,401) width 60: "eget,"
      text run at (11,414) width 60: "nibh."
      text run at (11,427) width 72: "Nullam"
      text run at (11,440) width 72: "ut sem"
      text run at (11,453) width 120: "adipiscing"
      text run at (11,466) width 48: "orci"
      text run at (11,479) width 96: "vehicula"
      text run at (11,492) width 108: "interdum."
      text run at (11,505) width 84: "Proin a"
      text run at (11,518) width 60: "enim."
      text run at (11,531) width 108: "Phasellus"
      text run at (11,544) width 156: "sollicitudin,"
      text run at (11,557) width 60: "magna"
      text run at (11,570) width 60: "vitae"
      text run at (11,583) width 120: "vestibulum"
      text run at (11,596) width 120: "facilisis,"
      text run at (11,609) width 72: "tellus"
      text run at (11,622) width 48: "nunc"
      text run at (11,635) width 84: "iaculis"
      text run at (11,648) width 60: "arcu,"
      text run at (11,661) width 24: "in"
      text run at (11,674) width 96: "molestie"
      text run at (11,687) width 36: "sem"
      text run at (11,700) width 60: "velit"
      text run at (11,713) width 72: "tempus"
      text run at (11,726) width 84: "est. In"
      text run at (11,739) width 96: "eleifend"
      text run at (11,752) width 60: "velit"
      text run at (11,765) width 72: "at sem"
      text run at (11,778) width 120: "adipiscing"
      text run at (11,791) width 96: "sodales."
      text run at (11,804) width 48: "Nunc"
      text run at (11,817) width 72: "sapien"
      text run at (11,830) width 72: "felis,"
      text run at (11,843) width 84: "aliquam"
      text run at (11,856) width 36: "et,"
      text run at (11,869) width 96: "volutpat"
      text run at (11,882) width 96: "rhoncus,"
      text run at (11,895) width 132: "condimentum"
      text run at (11,908) width 36: "ut,"
      text run at (11,921) width 84: "tortor."
      text run at (11,934) width 84: "Integer"
      text run at (11,947) width 48: "est."
      text run at (11,960) width 84: "Quisque"
      text run at (11,973) width 96: "viverra."
      text run at (11,986) width 96: "Praesent"
      text run at (11,999) width 36: "sed"
      text run at (11,1012) width 60: "arcu."
      text run at (11,1025) width 96: "Maecenas"
      text run at (11,1038) width 24: "id"
      text run at (11,1051) width 84: "lorem a"
      text run at (11,1064) width 36: "leo"
      text run at (11,1077) width 96: "lobortis"
      text run at (11,1090) width 144: "condimentum."
    RenderBR {BR} at (0,0) size 0x0
    RenderBR {BR} at (11,1103) size 0x13
    RenderText {#text} at (11,1116) size 144x1040
      text run at (11,1116) width 48: "Cras"
      text run at (11,1129) width 84: "commodo"
      text run at (11,1142) width 72: "rutrum"
      text run at (11,1155) width 72: "augue."
      text run at (11,1168) width 84: "Vivamus"
      text run at (11,1181) width 96: "iaculis."
      text run at (11,1194) width 72: "Nullam"
      text run at (11,1207) width 48: "est."
      text run at (11,1220) width 96: "Maecenas"
      text run at (11,1233) width 120: "consequat."
      text run at (11,1246) width 72: "Sed id"
      text run at (11,1259) width 48: "dui."
      text run at (11,1272) width 84: "Vivamus"
      text run at (11,1285) width 84: "a nisl."
      text run at (11,1298) width 60: "Donec"
      text run at (11,1311) width 84: "pretium"
      text run at (11,1324) width 84: "sapien."
      text run at (11,1337) width 60: "Proin"
      text run at (11,1350) width 24: "et"
      text run at (11,1363) width 72: "ligula"
      text run at (11,1376) width 24: "et"
      text run at (11,1389) width 72: "ligula"
      text run at (11,1402) width 96: "placerat"
      text run at (11,1415) width 108: "pulvinar."
      text run at (11,1428) width 84: "Aliquam"
      text run at (11,1441) width 48: "erat"
      text run at (11,1454) width 108: "volutpat."
      text run at (11,1467) width 60: "Proin"
      text run at (11,1480) width 84: "id est."
      text run at (11,1493) width 132: "Suspendisse"
      text run at (11,1506) width 84: "cursus,"
      text run at (11,1519) width 60: "magna"
      text run at (11,1532) width 24: "at"
      text run at (11,1545) width 108: "hendrerit"
      text run at (11,1558) width 120: "consequat,"
      text run at (11,1571) width 72: "mauris"
      text run at (11,1584) width 36: "est"
      text run at (11,1597) width 108: "imperdiet"
      text run at (11,1610) width 72: "neque,"
      text run at (11,1623) width 12: "a"
      text run at (11,1636) width 96: "ultrices"
      text run at (11,1649) width 48: "arcu"
      text run at (11,1662) width 48: "urna"
      text run at (11,1675) width 36: "non"
      text run at (11,1688) width 60: "nunc."
      text run at (11,1701) width 84: "Quisque"
      text run at (11,1714) width 84: "tellus."
      text run at (11,1727) width 60: "Nulla"
      text run at (11,1740) width 60: "nulla"
      text run at (11,1753) width 72: "justo,"
      text run at (11,1766) width 96: "vehicula"
      text run at (11,1779) width 48: "nec,"
      text run at (11,1792) width 144: "pellentesque"
      text run at (11,1805) width 36: "eu,"
      text run at (11,1818) width 84: "iaculis"
      text run at (11,1831) width 36: "et,"
      text run at (11,1844) width 84: "ligula."
      text run at (11,1857) width 96: "Praesent"
      text run at (11,1870) width 72: "mattis"
      text run at (11,1883) width 48: "ante"
      text run at (11,1896) width 36: "vel"
      text run at (11,1909) width 48: "sem."
      text run at (11,1922) width 132: "Suspendisse"
      text run at (11,1935) width 60: "porta"
      text run at (11,1948) width 84: "rhoncus"
      text run at (11,1961) width 60: "urna."
      text run at (11,1974) width 108: "Phasellus"
      text run at (11,1987) width 72: "felis."
      text run at (11,2000) width 96: "Praesent"
      text run at (11,2013) width 84: "viverra"
      text run at (11,2026) width 108: "convallis"
      text run at (11,2039) width 84: "libero."
      text run at (11,2052) width 96: "Maecenas"
      text run at (11,2065) width 36: "non"
      text run at (11,2078) width 72: "augue."
      text run at (11,2091) width 60: "Donec"
      text run at (11,2104) width 108: "hendrerit"
      text run at (11,2117) width 72: "lectus"
      text run at (11,2130) width 24: "id"
      text run at (11,2143) width 72: "enim. "
    RenderBR {BR} at (83,2153) size 0x0
    RenderBR {BR} at (11,2156) size 0x13
    RenderText {#text} at (11,2169) size 144x832
      text run at (11,2169) width 60: "Nulla"
      text run at (11,2182) width 72: "ligula"
      text run at (11,2195) width 48: "dui,"
      text run at (11,2208) width 84: "euismod"
      text run at (11,2221) width 36: "et,"
      text run at (11,2234) width 84: "sodales"
      text run at (11,2247) width 60: "quis,"
      text run at (11,2260) width 144: "sollicitudin"
      text run at (11,2273) width 60: "quis,"
      text run at (11,2286) width 60: "elit."
      text run at (11,2299) width 24: "In"
      text run at (11,2312) width 120: "adipiscing"
      text run at (11,2325) width 84: "est sed"
      text run at (11,2338) width 60: "enim."
      text run at (11,2351) width 60: "Fusce"
      text run at (11,2364) width 24: "at"
      text run at (11,2377) width 60: "massa"
      text run at (11,2390) width 60: "vitae"
      text run at (11,2403) width 60: "metus"
      text run at (11,2416) width 72: "semper"
      text run at (11,2429) width 120: "hendrerit."
      text run at (11,2442) width 84: "Integer"
      text run at (11,2455) width 60: "vitae"
      text run at (11,2468) width 60: "urna."
      text run at (11,2481) width 60: "Nulla"
      text run at (11,2494) width 48: "eget"
      text run at (11,2507) width 84: "ligula."
      text run at (11,2520) width 60: "Etiam"
      text run at (11,2533) width 84: "libero."
      text run at (11,2546) width 96: "Maecenas"
      text run at (11,2559) width 48: "nisi"
      text run at (11,2572) width 60: "nibh,"
      text run at (11,2585) width 108: "convallis"
      text run at (11,2598) width 24: "a,"
      text run at (11,2611) width 84: "feugiat"
      text run at (11,2624) width 72: "vitae,"
      text run at (11,2637) width 96: "pulvinar"
      text run at (11,2650) width 84: "et, mi."
      text run at (11,2663) width 108: "Curabitur"
      text run at (11,2676) width 48: "arcu"
      text run at (11,2689) width 60: "pede,"
      text run at (11,2702) width 120: "adipiscing"
      text run at (11,2715) width 48: "sed,"
      text run at (11,2728) width 84: "egestas"
      text run at (11,2741) width 48: "nec,"
      text run at (11,2754) width 84: "commodo"
      text run at (11,2767) width 36: "in,"
      text run at (11,2780) width 60: "elit."
      text run at (11,2793) width 60: "Nulla"
      text run at (11,2806) width 108: "facilisi."
      text run at (11,2819) width 60: "Proin"
      text run at (11,2832) width 72: "varius"
      text run at (11,2845) width 84: "pede et"
      text run at (11,2858) width 36: "dui"
      text run at (11,2871) width 84: "lacinia"
      text run at (11,2884) width 96: "dapibus."
      text run at (11,2897) width 60: "Morbi"
      text run at (11,2910) width 36: "nec"
      text run at (11,2923) width 72: "augue."
      text run at (11,2936) width 60: "Proin"
      text run at (11,2949) width 108: "imperdiet"
      text run at (11,2962) width 60: "lacus"
      text run at (11,2975) width 24: "eu"
      text run at (11,2988) width 84: "tellus."
layer at (366,28) size 125x100 clip at (367,29) size 110x85 scrollWidth 420 scrollHeight 748
  RenderBlock {DIV} at (358,20) size 125x100 [color=#DCDCDC] [bgcolor=#718D93] [border: (1px solid #D3D3D3)]
    RenderBlock {DIV} at (1,1) size 420x748
      RenderText {#text} at (10,10) size 396x273
        text run at (10,10) width 324: "Lorem ipsum dolor sit amet,"
        text run at (10,23) width 348: "consectetuer adipiscing elit."
        text run at (10,36) width 360: "Morbi et nisi ut est venenatis"
        text run at (10,49) width 312: "viverra. Aenean pede orci,"
        text run at (10,62) width 336: "blandit quis, faucibus quis,"
        text run at (10,75) width 396: "egestas ut, mi. Pellentesque enim"
        text run at (10,88) width 324: "purus, venenatis dignissim,"
        text run at (10,101) width 360: "tincidunt a, ullamcorper eget,"
        text run at (10,114) width 360: "nibh. Nullam ut sem adipiscing"
        text run at (10,127) width 372: "orci vehicula interdum. Proin a"
        text run at (10,140) width 348: "enim. Phasellus sollicitudin,"
        text run at (10,153) width 396: "magna vitae vestibulum facilisis,"
        text run at (10,166) width 336: "tellus nunc iaculis arcu, in"
        text run at (10,179) width 396: "molestie sem velit tempus est. In"
        text run at (10,192) width 384: "eleifend velit at sem adipiscing"
        text run at (10,205) width 324: "sodales. Nunc sapien felis,"
        text run at (10,218) width 348: "aliquam et, volutpat rhoncus,"
        text run at (10,231) width 372: "condimentum ut, tortor. Integer"
        text run at (10,244) width 360: "est. Quisque viverra. Praesent"
        text run at (10,257) width 396: "sed arcu. Maecenas id lorem a leo"
        text run at (10,270) width 264: "lobortis condimentum. "
      RenderBR {BR} at (274,280) size 0x0
      RenderBR {BR} at (10,283) size 0x13
      RenderText {#text} at (10,296) size 396x247
        text run at (10,296) width 312: "Cras commodo rutrum augue."
        text run at (10,309) width 336: "Vivamus iaculis. Nullam est."
        text run at (10,322) width 372: "Maecenas consequat. Sed id dui."
        text run at (10,335) width 348: "Vivamus a nisl. Donec pretium"
        text run at (10,348) width 396: "sapien. Proin et ligula et ligula"
        text run at (10,361) width 372: "placerat pulvinar. Aliquam erat"
        text run at (10,374) width 276: "volutpat. Proin id est."
        text run at (10,387) width 336: "Suspendisse cursus, magna at"
        text run at (10,400) width 372: "hendrerit consequat, mauris est"
        text run at (10,413) width 384: "imperdiet neque, a ultrices arcu"
        text run at (10,426) width 360: "urna non nunc. Quisque tellus."
        text run at (10,439) width 384: "Nulla nulla justo, vehicula nec,"
        text run at (10,452) width 336: "pellentesque eu, iaculis et,"
        text run at (10,465) width 384: "ligula. Praesent mattis ante vel"
        text run at (10,478) width 360: "sem. Suspendisse porta rhoncus"
        text run at (10,491) width 372: "urna. Phasellus felis. Praesent"
        text run at (10,504) width 300: "viverra convallis libero."
        text run at (10,517) width 300: "Maecenas non augue. Donec"
        text run at (10,530) width 312: "hendrerit lectus id enim. "
      RenderBR {BR} at (322,540) size 0x0
      RenderBR {BR} at (10,543) size 0x13
      RenderText {#text} at (10,556) size 396x182
        text run at (10,556) width 348: "Nulla ligula dui, euismod et,"
        text run at (10,569) width 384: "sodales quis, sollicitudin quis,"
        text run at (10,582) width 396: "elit. In adipiscing est sed enim."
        text run at (10,595) width 396: "Fusce at massa vitae metus semper"
        text run at (10,608) width 360: "hendrerit. Integer vitae urna."
        text run at (10,621) width 384: "Nulla eget ligula. Etiam libero."
        text run at (10,634) width 384: "Maecenas nisi nibh, convallis a,"
        text run at (10,647) width 372: "feugiat vitae, pulvinar et, mi."
        text run at (10,660) width 372: "Curabitur arcu pede, adipiscing"
        text run at (10,673) width 348: "sed, egestas nec, commodo in,"
        text run at (10,686) width 324: "elit. Nulla facilisi. Proin"
        text run at (10,699) width 312: "varius pede et dui lacinia"
        text run at (10,712) width 372: "dapibus. Morbi nec augue. Proin"
        text run at (10,725) width 312: "imperdiet lacus eu tellus."
layer at (535,28) size 125x100 clip at (536,29) size 110x85 scrollWidth 176 scrollHeight 3010
  RenderBlock {DIV} at (527,20) size 125x100 [color=#DCDCDC] [bgcolor=#718D93] [border: (1px solid #D3D3D3)]
    RenderText {#text} at (11,11) size 156x1092
      text run at (11,11) width 60: "Lorem"
      text run at (11,24) width 60: "ipsum"
      text run at (11,37) width 60: "dolor"
      text run at (11,50) width 36: "sit"
      text run at (11,63) width 60: "amet,"
      text run at (11,76) width 144: "consectetuer"
      text run at (11,89) width 120: "adipiscing"
      text run at (11,102) width 60: "elit."
      text run at (11,115) width 60: "Morbi"
      text run at (11,128) width 84: "et nisi"
      text run at (11,141) width 72: "ut est"
      text run at (11,154) width 108: "venenatis"
      text run at (11,167) width 96: "viverra."
      text run at (11,180) width 72: "Aenean"
      text run at (11,193) width 48: "pede"
      text run at (11,206) width 60: "orci,"
      text run at (11,219) width 84: "blandit"
      text run at (11,232) width 60: "quis,"
      text run at (11,245) width 96: "faucibus"
      text run at (11,258) width 60: "quis,"
      text run at (11,271) width 84: "egestas"
      text run at (11,284) width 84: "ut, mi."
      text run at (11,297) width 144: "Pellentesque"
      text run at (11,310) width 48: "enim"
      text run at (11,323) width 72: "purus,"
      text run at (11,336) width 108: "venenatis"
      text run at (11,349) width 120: "dignissim,"
      text run at (11,362) width 108: "tincidunt"
      text run at (11,375) width 24: "a,"
      text run at (11,388) width 132: "ullamcorper"
      text run at (11,401) width 60: "eget,"
      text run at (11,414) width 60: "nibh."
      text run at (11,427) width 72: "Nullam"
      text run at (11,440) width 72: "ut sem"
      text run at (11,453) width 120: "adipiscing"
      text run at (11,466) width 48: "orci"
      text run at (11,479) width 96: "vehicula"
      text run at (11,492) width 108: "interdum."
      text run at (11,505) width 84: "Proin a"
      text run at (11,518) width 60: "enim."
      text run at (11,531) width 108: "Phasellus"
      text run at (11,544) width 156: "sollicitudin,"
      text run at (11,557) width 60: "magna"
      text run at (11,570) width 60: "vitae"
      text run at (11,583) width 120: "vestibulum"
      text run at (11,596) width 120: "facilisis,"
      text run at (11,609) width 72: "tellus"
      text run at (11,622) width 48: "nunc"
      text run at (11,635) width 84: "iaculis"
      text run at (11,648) width 60: "arcu,"
      text run at (11,661) width 24: "in"
      text run at (11,674) width 96: "molestie"
      text run at (11,687) width 36: "sem"
      text run at (11,700) width 60: "velit"
      text run at (11,713) width 72: "tempus"
      text run at (11,726) width 84: "est. In"
      text run at (11,739) width 96: "eleifend"
      text run at (11,752) width 60: "velit"
      text run at (11,765) width 72: "at sem"
      text run at (11,778) width 120: "adipiscing"
      text run at (11,791) width 96: "sodales."
      text run at (11,804) width 48: "Nunc"
      text run at (11,817) width 72: "sapien"
      text run at (11,830) width 72: "felis,"
      text run at (11,843) width 84: "aliquam"
      text run at (11,856) width 36: "et,"
      text run at (11,869) width 96: "volutpat"
      text run at (11,882) width 96: "rhoncus,"
      text run at (11,895) width 132: "condimentum"
      text run at (11,908) width 36: "ut,"
      text run at (11,921) width 84: "tortor."
      text run at (11,934) width 84: "Integer"
      text run at (11,947) width 48: "est."
      text run at (11,960) width 84: "Quisque"
      text run at (11,973) width 96: "viverra."
      text run at (11,986) width 96: "Praesent"
      text run at (11,999) width 36: "sed"
      text run at (11,1012) width 60: "arcu."
      text run at (11,1025) width 96: "Maecenas"
      text run at (11,1038) width 24: "id"
      text run at (11,1051) width 84: "lorem a"
      text run at (11,1064) width 36: "leo"
      text run at (11,1077) width 96: "lobortis"
      text run at (11,1090) width 144: "condimentum."
    RenderBR {BR} at (0,0) size 0x0
    RenderBR {BR} at (11,1103) size 0x13
    RenderText {#text} at (11,1116) size 144x1040
      text run at (11,1116) width 48: "Cras"
      text run at (11,1129) width 84: "commodo"
      text run at (11,1142) width 72: "rutrum"
      text run at (11,1155) width 72: "augue."
      text run at (11,1168) width 84: "Vivamus"
      text run at (11,1181) width 96: "iaculis."
      text run at (11,1194) width 72: "Nullam"
      text run at (11,1207) width 48: "est."
      text run at (11,1220) width 96: "Maecenas"
      text run at (11,1233) width 120: "consequat."
      text run at (11,1246) width 72: "Sed id"
      text run at (11,1259) width 48: "dui."
      text run at (11,1272) width 84: "Vivamus"
      text run at (11,1285) width 84: "a nisl."
      text run at (11,1298) width 60: "Donec"
      text run at (11,1311) width 84: "pretium"
      text run at (11,1324) width 84: "sapien."
      text run at (11,1337) width 60: "Proin"
      text run at (11,1350) width 24: "et"
      text run at (11,1363) width 72: "ligula"
      text run at (11,1376) width 24: "et"
      text run at (11,1389) width 72: "ligula"
      text run at (11,1402) width 96: "placerat"
      text run at (11,1415) width 108: "pulvinar."
      text run at (11,1428) width 84: "Aliquam"
      text run at (11,1441) width 48: "erat"
      text run at (11,1454) width 108: "volutpat."
      text run at (11,1467) width 60: "Proin"
      text run at (11,1480) width 84: "id est."
      text run at (11,1493) width 132: "Suspendisse"
      text run at (11,1506) width 84: "cursus,"
      text run at (11,1519) width 60: "magna"
      text run at (11,1532) width 24: "at"
      text run at (11,1545) width 108: "hendrerit"
      text run at (11,1558) width 120: "consequat,"
      text run at (11,1571) width 72: "mauris"
      text run at (11,1584) width 36: "est"
      text run at (11,1597) width 108: "imperdiet"
      text run at (11,1610) width 72: "neque,"
      text run at (11,1623) width 12: "a"
      text run at (11,1636) width 96: "ultrices"
      text run at (11,1649) width 48: "arcu"
      text run at (11,1662) width 48: "urna"
      text run at (11,1675) width 36: "non"
      text run at (11,1688) width 60: "nunc."
      text run at (11,1701) width 84: "Quisque"
      text run at (11,1714) width 84: "tellus."
      text run at (11,1727) width 60: "Nulla"
      text run at (11,1740) width 60: "nulla"
      text run at (11,1753) width 72: "justo,"
      text run at (11,1766) width 96: "vehicula"
      text run at (11,1779) width 48: "nec,"
      text run at (11,1792) width 144: "pellentesque"
      text run at (11,1805) width 36: "eu,"
      text run at (11,1818) width 84: "iaculis"
      text run at (11,1831) width 36: "et,"
      text run at (11,1844) width 84: "ligula."
      text run at (11,1857) width 96: "Praesent"
      text run at (11,1870) width 72: "mattis"
      text run at (11,1883) width 48: "ante"
      text run at (11,1896) width 36: "vel"
      text run at (11,1909) width 48: "sem."
      text run at (11,1922) width 132: "Suspendisse"
      text run at (11,1935) width 60: "porta"
      text run at (11,1948) width 84: "rhoncus"
      text run at (11,1961) width 60: "urna."
      text run at (11,1974) width 108: "Phasellus"
      text run at (11,1987) width 72: "felis."
      text run at (11,2000) width 96: "Praesent"
      text run at (11,2013) width 84: "viverra"
      text run at (11,2026) width 108: "convallis"
      text run at (11,2039) width 84: "libero."
      text run at (11,2052) width 96: "Maecenas"
      text run at (11,2065) width 36: "non"
      text run at (11,2078) width 72: "augue."
      text run at (11,2091) width 60: "Donec"
      text run at (11,2104) width 108: "hendrerit"
      text run at (11,2117) width 72: "lectus"
      text run at (11,2130) width 24: "id"
      text run at (11,2143) width 72: "enim. "
    RenderBR {BR} at (83,2153) size 0x0
    RenderBR {BR} at (11,2156) size 0x13
    RenderText {#text} at (11,2169) size 144x832
      text run at (11,2169) width 60: "Nulla"
      text run at (11,2182) width 72: "ligula"
      text run at (11,2195) width 48: "dui,"
      text run at (11,2208) width 84: "euismod"
      text run at (11,2221) width 36: "et,"
      text run at (11,2234) width 84: "sodales"
      text run at (11,2247) width 60: "quis,"
      text run at (11,2260) width 144: "sollicitudin"
      text run at (11,2273) width 60: "quis,"
      text run at (11,2286) width 60: "elit."
      text run at (11,2299) width 24: "In"
      text run at (11,2312) width 120: "adipiscing"
      text run at (11,2325) width 84: "est sed"
      text run at (11,2338) width 60: "enim."
      text run at (11,2351) width 60: "Fusce"
      text run at (11,2364) width 24: "at"
      text run at (11,2377) width 60: "massa"
      text run at (11,2390) width 60: "vitae"
      text run at (11,2403) width 60: "metus"
      text run at (11,2416) width 72: "semper"
      text run at (11,2429) width 120: "hendrerit."
      text run at (11,2442) width 84: "Integer"
      text run at (11,2455) width 60: "vitae"
      text run at (11,2468) width 60: "urna."
      text run at (11,2481) width 60: "Nulla"
      text run at (11,2494) width 48: "eget"
      text run at (11,2507) width 84: "ligula."
      text run at (11,2520) width 60: "Etiam"
      text run at (11,2533) width 84: "libero."
      text run at (11,2546) width 96: "Maecenas"
      text run at (11,2559) width 48: "nisi"
      text run at (11,2572) width 60: "nibh,"
      text run at (11,2585) width 108: "convallis"
      text run at (11,2598) width 24: "a,"
      text run at (11,2611) width 84: "feugiat"
      text run at (11,2624) width 72: "vitae,"
      text run at (11,2637) width 96: "pulvinar"
      text run at (11,2650) width 84: "et, mi."
      text run at (11,2663) width 108: "Curabitur"
      text run at (11,2676) width 48: "arcu"
      text run at (11,2689) width 60: "pede,"
      text run at (11,2702) width 120: "adipiscing"
      text run at (11,2715) width 48: "sed,"
      text run at (11,2728) width 84: "egestas"
      text run at (11,2741) width 48: "nec,"
      text run at (11,2754) width 84: "commodo"
      text run at (11,2767) width 36: "in,"
      text run at (11,2780) width 60: "elit."
      text run at (11,2793) width 60: "Nulla"
      text run at (11,2806) width 108: "facilisi."
      text run at (11,2819) width 60: "Proin"
      text run at (11,2832) width 72: "varius"
      text run at (11,2845) width 84: "pede et"
      text run at (11,2858) width 36: "dui"
      text run at (11,2871) width 84: "lacinia"
      text run at (11,2884) width 96: "dapibus."
      text run at (11,2897) width 60: "Morbi"
      text run at (11,2910) width 36: "nec"
      text run at (11,2923) width 72: "augue."
      text run at (11,2936) width 60: "Proin"
      text run at (11,2949) width 108: "imperdiet"
      text run at (11,2962) width 60: "lacus"
      text run at (11,2975) width 24: "eu"
      text run at (11,2988) width 84: "tellus."
layer at (28,168) size 125x100 clip at (29,169) size 110x85 scrollWidth 176 scrollHeight 3010
  RenderBlock {DIV} at (20,160) size 125x100 [color=#DCDCDC] [bgcolor=#718D93] [border: (1px solid #D3D3D3)]
    RenderText {#text} at (11,11) size 156x1092
      text run at (11,11) width 60: "Lorem"
      text run at (11,24) width 60: "ipsum"
      text run at (11,37) width 60: "dolor"
      text run at (11,50) width 36: "sit"
      text run at (11,63) width 60: "amet,"
      text run at (11,76) width 144: "consectetuer"
      text run at (11,89) width 120: "adipiscing"
      text run at (11,102) width 60: "elit."
      text run at (11,115) width 60: "Morbi"
      text run at (11,128) width 84: "et nisi"
      text run at (11,141) width 72: "ut est"
      text run at (11,154) width 108: "venenatis"
      text run at (11,167) width 96: "viverra."
      text run at (11,180) width 72: "Aenean"
      text run at (11,193) width 48: "pede"
      text run at (11,206) width 60: "orci,"
      text run at (11,219) width 84: "blandit"
      text run at (11,232) width 60: "quis,"
      text run at (11,245) width 96: "faucibus"
      text run at (11,258) width 60: "quis,"
      text run at (11,271) width 84: "egestas"
      text run at (11,284) width 84: "ut, mi."
      text run at (11,297) width 144: "Pellentesque"
      text run at (11,310) width 48: "enim"
      text run at (11,323) width 72: "purus,"
      text run at (11,336) width 108: "venenatis"
      text run at (11,349) width 120: "dignissim,"
      text run at (11,362) width 108: "tincidunt"
      text run at (11,375) width 24: "a,"
      text run at (11,388) width 132: "ullamcorper"
      text run at (11,401) width 60: "eget,"
      text run at (11,414) width 60: "nibh."
      text run at (11,427) width 72: "Nullam"
      text run at (11,440) width 72: "ut sem"
      text run at (11,453) width 120: "adipiscing"
      text run at (11,466) width 48: "orci"
      text run at (11,479) width 96: "vehicula"
      text run at (11,492) width 108: "interdum."
      text run at (11,505) width 84: "Proin a"
      text run at (11,518) width 60: "enim."
      text run at (11,531) width 108: "Phasellus"
      text run at (11,544) width 156: "sollicitudin,"
      text run at (11,557) width 60: "magna"
      text run at (11,570) width 60: "vitae"
      text run at (11,583) width 120: "vestibulum"
      text run at (11,596) width 120: "facilisis,"
      text run at (11,609) width 72: "tellus"
      text run at (11,622) width 48: "nunc"
      text run at (11,635) width 84: "iaculis"
      text run at (11,648) width 60: "arcu,"
      text run at (11,661) width 24: "in"
      text run at (11,674) width 96: "molestie"
      text run at (11,687) width 36: "sem"
      text run at (11,700) width 60: "velit"
      text run at (11,713) width 72: "tempus"
      text run at (11,726) width 84: "est. In"
      text run at (11,739) width 96: "eleifend"
      text run at (11,752) width 60: "velit"
      text run at (11,765) width 72: "at sem"
      text run at (11,778) width 120: "adipiscing"
      text run at (11,791) width 96: "sodales."
      text run at (11,804) width 48: "Nunc"
      text run at (11,817) width 72: "sapien"
      text run at (11,830) width 72: "felis,"
      text run at (11,843) width 84: "aliquam"
      text run at (11,856) width 36: "et,"
      text run at (11,869) width 96: "volutpat"
      text run at (11,882) width 96: "rhoncus,"
      text run at (11,895) width 132: "condimentum"
      text run at (11,908) width 36: "ut,"
      text run at (11,921) width 84: "tortor."
      text run at (11,934) width 84: "Integer"
      text run at (11,947) width 48: "est."
      text run at (11,960) width 84: "Quisque"
      text run at (11,973) width 96: "viverra."
      text run at (11,986) width 96: "Praesent"
      text run at (11,999) width 36: "sed"
      text run at (11,1012) width 60: "arcu."
      text run at (11,1025) width 96: "Maecenas"
      text run at (11,1038) width 24: "id"
      text run at (11,1051) width 84: "lorem a"
      text run at (11,1064) width 36: "leo"
      text run at (11,1077) width 96: "lobortis"
      text run at (11,1090) width 144: "condimentum."
    RenderBR {BR} at (0,0) size 0x0
    RenderBR {BR} at (11,1103) size 0x13
    RenderText {#text} at (11,1116) size 144x1040
      text run at (11,1116) width 48: "Cras"
      text run at (11,1129) width 84: "commodo"
      text run at (11,1142) width 72: "rutrum"
      text run at (11,1155) width 72: "augue."
      text run at (11,1168) width 84: "Vivamus"
      text run at (11,1181) width 96: "iaculis."
      text run at (11,1194) width 72: "Nullam"
      text run at (11,1207) width 48: "est."
      text run at (11,1220) width 96: "Maecenas"
      text run at (11,1233) width 120: "consequat."
      text run at (11,1246) width 72: "Sed id"
      text run at (11,1259) width 48: "dui."
      text run at (11,1272) width 84: "Vivamus"
      text run at (11,1285) width 84: "a nisl."
      text run at (11,1298) width 60: "Donec"
      text run at (11,1311) width 84: "pretium"
      text run at (11,1324) width 84: "sapien."
      text run at (11,1337) width 60: "Proin"
      text run at (11,1350) width 24: "et"
      text run at (11,1363) width 72: "ligula"
      text run at (11,1376) width 24: "et"
      text run at (11,1389) width 72: "ligula"
      text run at (11,1402) width 96: "placerat"
      text run at (11,1415) width 108: "pulvinar."
      text run at (11,1428) width 84: "Aliquam"
      text run at (11,1441) width 48: "erat"
      text run at (11,1454) width 108: "volutpat."
      text run at (11,1467) width 60: "Proin"
      text run at (11,1480) width 84: "id est."
      text run at (11,1493) width 132: "Suspendisse"
      text run at (11,1506) width 84: "cursus,"
      text run at (11,1519) width 60: "magna"
      text run at (11,1532) width 24: "at"
      text run at (11,1545) width 108: "hendrerit"
      text run at (11,1558) width 120: "consequat,"
      text run at (11,1571) width 72: "mauris"
      text run at (11,1584) width 36: "est"
      text run at (11,1597) width 108: "imperdiet"
      text run at (11,1610) width 72: "neque,"
      text run at (11,1623) width 12: "a"
      text run at (11,1636) width 96: "ultrices"
      text run at (11,1649) width 48: "arcu"
      text run at (11,1662) width 48: "urna"
      text run at (11,1675) width 36: "non"
      text run at (11,1688) width 60: "nunc."
      text run at (11,1701) width 84: "Quisque"
      text run at (11,1714) width 84: "tellus."
      text run at (11,1727) width 60: "Nulla"
      text run at (11,1740) width 60: "nulla"
      text run at (11,1753) width 72: "justo,"
      text run at (11,1766) width 96: "vehicula"
      text run at (11,1779) width 48: "nec,"
      text run at (11,1792) width 144: "pellentesque"
      text run at (11,1805) width 36: "eu,"
      text run at (11,1818) width 84: "iaculis"
      text run at (11,1831) width 36: "et,"
      text run at (11,1844) width 84: "ligula."
      text run at (11,1857) width 96: "Praesent"
      text run at (11,1870) width 72: "mattis"
      text run at (11,1883) width 48: "ante"
      text run at (11,1896) width 36: "vel"
      text run at (11,1909) width 48: "sem."
      text run at (11,1922) width 132: "Suspendisse"
      text run at (11,1935) width 60: "porta"
      text run at (11,1948) width 84: "rhoncus"
      text run at (11,1961) width 60: "urna."
      text run at (11,1974) width 108: "Phasellus"
      text run at (11,1987) width 72: "felis."
      text run at (11,2000) width 96: "Praesent"
      text run at (11,2013) width 84: "viverra"
      text run at (11,2026) width 108: "convallis"
      text run at (11,2039) width 84: "libero."
      text run at (11,2052) width 96: "Maecenas"
      text run at (11,2065) width 36: "non"
      text run at (11,2078) width 72: "augue."
      text run at (11,2091) width 60: "Donec"
      text run at (11,2104) width 108: "hendrerit"
      text run at (11,2117) width 72: "lectus"
      text run at (11,2130) width 24: "id"
      text run at (11,2143) width 72: "enim. "
    RenderBR {BR} at (83,2153) size 0x0
    RenderBR {BR} at (11,2156) size 0x13
    RenderText {#text} at (11,2169) size 144x832
      text run at (11,2169) width 60: "Nulla"
      text run at (11,2182) width 72: "ligula"
      text run at (11,2195) width 48: "dui,"
      text run at (11,2208) width 84: "euismod"
      text run at (11,2221) width 36: "et,"
      text run at (11,2234) width 84: "sodales"
      text run at (11,2247) width 60: "quis,"
      text run at (11,2260) width 144: "sollicitudin"
      text run at (11,2273) width 60: "quis,"
      text run at (11,2286) width 60: "elit."
      text run at (11,2299) width 24: "In"
      text run at (11,2312) width 120: "adipiscing"
      text run at (11,2325) width 84: "est sed"
      text run at (11,2338) width 60: "enim."
      text run at (11,2351) width 60: "Fusce"
      text run at (11,2364) width 24: "at"
      text run at (11,2377) width 60: "massa"
      text run at (11,2390) width 60: "vitae"
      text run at (11,2403) width 60: "metus"
      text run at (11,2416) width 72: "semper"
      text run at (11,2429) width 120: "hendrerit."
      text run at (11,2442) width 84: "Integer"
      text run at (11,2455) width 60: "vitae"
      text run at (11,2468) width 60: "urna."
      text run at (11,2481) width 60: "Nulla"
      text run at (11,2494) width 48: "eget"
      text run at (11,2507) width 84: "ligula."
      text run at (11,2520) width 60: "Etiam"
      text run at (11,2533) width 84: "libero."
      text run at (11,2546) width 96: "Maecenas"
      text run at (11,2559) width 48: "nisi"
      text run at (11,2572) width 60: "nibh,"
      text run at (11,2585) width 108: "convallis"
      text run at (11,2598) width 24: "a,"
      text run at (11,2611) width 84: "feugiat"
      text run at (11,2624) width 72: "vitae,"
      text run at (11,2637) width 96: "pulvinar"
      text run at (11,2650) width 84: "et, mi."
      text run at (11,2663) width 108: "Curabitur"
      text run at (11,2676) width 48: "arcu"
      text run at (11,2689) width 60: "pede,"
      text run at (11,2702) width 120: "adipiscing"
      text run at (11,2715) width 48: "sed,"
      text run at (11,2728) width 84: "egestas"
      text run at (11,2741) width 48: "nec,"
      text run at (11,2754) width 84: "commodo"
      text run at (11,2767) width 36: "in,"
      text run at (11,2780) width 60: "elit."
      text run at (11,2793) width 60: "Nulla"
      text run at (11,2806) width 108: "facilisi."
      text run at (11,2819) width 60: "Proin"
      text run at (11,2832) width 72: "varius"
      text run at (11,2845) width 84: "pede et"
      text run at (11,2858) width 36: "dui"
      text run at (11,2871) width 84: "lacinia"
      text run at (11,2884) width 96: "dapibus."
      text run at (11,2897) width 60: "Morbi"
      text run at (11,2910) width 36: "nec"
      text run at (11,2923) width 72: "augue."
      text run at (11,2936) width 60: "Proin"
      text run at (11,2949) width 108: "imperdiet"
      text run at (11,2962) width 60: "lacus"
      text run at (11,2975) width 24: "eu"
      text run at (11,2988) width 84: "tellus."
layer at (197,168) size 125x100 clip at (198,169) size 110x85 scrollWidth 420 scrollHeight 748
  RenderBlock {DIV} at (189,160) size 125x100 [color=#DCDCDC] [bgcolor=#718D93] [border: (1px solid #D3D3D3)]
    RenderBlock {DIV} at (1,1) size 420x748
      RenderText {#text} at (10,10) size 396x273
        text run at (10,10) width 324: "Lorem ipsum dolor sit amet,"
        text run at (10,23) width 348: "consectetuer adipiscing elit."
        text run at (10,36) width 360: "Morbi et nisi ut est venenatis"
        text run at (10,49) width 312: "viverra. Aenean pede orci,"
        text run at (10,62) width 336: "blandit quis, faucibus quis,"
        text run at (10,75) width 396: "egestas ut, mi. Pellentesque enim"
        text run at (10,88) width 324: "purus, venenatis dignissim,"
        text run at (10,101) width 360: "tincidunt a, ullamcorper eget,"
        text run at (10,114) width 360: "nibh. Nullam ut sem adipiscing"
        text run at (10,127) width 372: "orci vehicula interdum. Proin a"
        text run at (10,140) width 348: "enim. Phasellus sollicitudin,"
        text run at (10,153) width 396: "magna vitae vestibulum facilisis,"
        text run at (10,166) width 336: "tellus nunc iaculis arcu, in"
        text run at (10,179) width 396: "molestie sem velit tempus est. In"
        text run at (10,192) width 384: "eleifend velit at sem adipiscing"
        text run at (10,205) width 324: "sodales. Nunc sapien felis,"
        text run at (10,218) width 348: "aliquam et, volutpat rhoncus,"
        text run at (10,231) width 372: "condimentum ut, tortor. Integer"
        text run at (10,244) width 360: "est. Quisque viverra. Praesent"
        text run at (10,257) width 396: "sed arcu. Maecenas id lorem a leo"
        text run at (10,270) width 264: "lobortis condimentum. "
      RenderBR {BR} at (274,280) size 0x0
      RenderBR {BR} at (10,283) size 0x13
      RenderText {#text} at (10,296) size 396x247
        text run at (10,296) width 312: "Cras commodo rutrum augue."
        text run at (10,309) width 336: "Vivamus iaculis. Nullam est."
        text run at (10,322) width 372: "Maecenas consequat. Sed id dui."
        text run at (10,335) width 348: "Vivamus a nisl. Donec pretium"
        text run at (10,348) width 396: "sapien. Proin et ligula et ligula"
        text run at (10,361) width 372: "placerat pulvinar. Aliquam erat"
        text run at (10,374) width 276: "volutpat. Proin id est."
        text run at (10,387) width 336: "Suspendisse cursus, magna at"
        text run at (10,400) width 372: "hendrerit consequat, mauris est"
        text run at (10,413) width 384: "imperdiet neque, a ultrices arcu"
        text run at (10,426) width 360: "urna non nunc. Quisque tellus."
        text run at (10,439) width 384: "Nulla nulla justo, vehicula nec,"
        text run at (10,452) width 336: "pellentesque eu, iaculis et,"
        text run at (10,465) width 384: "ligula. Praesent mattis ante vel"
        text run at (10,478) width 360: "sem. Suspendisse porta rhoncus"
        text run at (10,491) width 372: "urna. Phasellus felis. Praesent"
        text run at (10,504) width 300: "viverra convallis libero."
        text run at (10,517) width 300: "Maecenas non augue. Donec"
        text run at (10,530) width 312: "hendrerit lectus id enim. "
      RenderBR {BR} at (322,540) size 0x0
      RenderBR {BR} at (10,543) size 0x13
      RenderText {#text} at (10,556) size 396x182
        text run at (10,556) width 348: "Nulla ligula dui, euismod et,"
        text run at (10,569) width 384: "sodales quis, sollicitudin quis,"
        text run at (10,582) width 396: "elit. In adipiscing est sed enim."
        text run at (10,595) width 396: "Fusce at massa vitae metus semper"
        text run at (10,608) width 360: "hendrerit. Integer vitae urna."
        text run at (10,621) width 384: "Nulla eget ligula. Etiam libero."
        text run at (10,634) width 384: "Maecenas nisi nibh, convallis a,"
        text run at (10,647) width 372: "feugiat vitae, pulvinar et, mi."
        text run at (10,660) width 372: "Curabitur arcu pede, adipiscing"
        text run at (10,673) width 348: "sed, egestas nec, commodo in,"
        text run at (10,686) width 324: "elit. Nulla facilisi. Proin"
        text run at (10,699) width 312: "varius pede et dui lacinia"
        text run at (10,712) width 372: "dapibus. Morbi nec augue. Proin"
        text run at (10,725) width 312: "imperdiet lacus eu tellus."
layer at (366,168) size 125x100 clip at (367,169) size 110x98 scrollWidth 176 scrollHeight 3010
  RenderBlock {DIV} at (358,160) size 125x100 [color=#DCDCDC] [bgcolor=#718D93] [border: (1px solid #D3D3D3)]
    RenderText {#text} at (11,11) size 156x1092
      text run at (11,11) width 60: "Lorem"
      text run at (11,24) width 60: "ipsum"
      text run at (11,37) width 60: "dolor"
      text run at (11,50) width 36: "sit"
      text run at (11,63) width 60: "amet,"
      text run at (11,76) width 144: "consectetuer"
      text run at (11,89) width 120: "adipiscing"
      text run at (11,102) width 60: "elit."
      text run at (11,115) width 60: "Morbi"
      text run at (11,128) width 84: "et nisi"
      text run at (11,141) width 72: "ut est"
      text run at (11,154) width 108: "venenatis"
      text run at (11,167) width 96: "viverra."
      text run at (11,180) width 72: "Aenean"
      text run at (11,193) width 48: "pede"
      text run at (11,206) width 60: "orci,"
      text run at (11,219) width 84: "blandit"
      text run at (11,232) width 60: "quis,"
      text run at (11,245) width 96: "faucibus"
      text run at (11,258) width 60: "quis,"
      text run at (11,271) width 84: "egestas"
      text run at (11,284) width 84: "ut, mi."
      text run at (11,297) width 144: "Pellentesque"
      text run at (11,310) width 48: "enim"
      text run at (11,323) width 72: "purus,"
      text run at (11,336) width 108: "venenatis"
      text run at (11,349) width 120: "dignissim,"
      text run at (11,362) width 108: "tincidunt"
      text run at (11,375) width 24: "a,"
      text run at (11,388) width 132: "ullamcorper"
      text run at (11,401) width 60: "eget,"
      text run at (11,414) width 60: "nibh."
      text run at (11,427) width 72: "Nullam"
      text run at (11,440) width 72: "ut sem"
      text run at (11,453) width 120: "adipiscing"
      text run at (11,466) width 48: "orci"
      text run at (11,479) width 96: "vehicula"
      text run at (11,492) width 108: "interdum."
      text run at (11,505) width 84: "Proin a"
      text run at (11,518) width 60: "enim."
      text run at (11,531) width 108: "Phasellus"
      text run at (11,544) width 156: "sollicitudin,"
      text run at (11,557) width 60: "magna"
      text run at (11,570) width 60: "vitae"
      text run at (11,583) width 120: "vestibulum"
      text run at (11,596) width 120: "facilisis,"
      text run at (11,609) width 72: "tellus"
      text run at (11,622) width 48: "nunc"
      text run at (11,635) width 84: "iaculis"
      text run at (11,648) width 60: "arcu,"
      text run at (11,661) width 24: "in"
      text run at (11,674) width 96: "molestie"
      text run at (11,687) width 36: "sem"
      text run at (11,700) width 60: "velit"
      text run at (11,713) width 72: "tempus"
      text run at (11,726) width 84: "est. In"
      text run at (11,739) width 96: "eleifend"
      text run at (11,752) width 60: "velit"
      text run at (11,765) width 72: "at sem"
      text run at (11,778) width 120: "adipiscing"
      text run at (11,791) width 96: "sodales."
      text run at (11,804) width 48: "Nunc"
      text run at (11,817) width 72: "sapien"
      text run at (11,830) width 72: "felis,"
      text run at (11,843) width 84: "aliquam"
      text run at (11,856) width 36: "et,"
      text run at (11,869) width 96: "volutpat"
      text run at (11,882) width 96: "rhoncus,"
      text run at (11,895) width 132: "condimentum"
      text run at (11,908) width 36: "ut,"
      text run at (11,921) width 84: "tortor."
      text run at (11,934) width 84: "Integer"
      text run at (11,947) width 48: "est."
      text run at (11,960) width 84: "Quisque"
      text run at (11,973) width 96: "viverra."
      text run at (11,986) width 96: "Praesent"
      text run at (11,999) width 36: "sed"
      text run at (11,1012) width 60: "arcu."
      text run at (11,1025) width 96: "Maecenas"
      text run at (11,1038) width 24: "id"
      text run at (11,1051) width 84: "lorem a"
      text run at (11,1064) width 36: "leo"
      text run at (11,1077) width 96: "lobortis"
      text run at (11,1090) width 144: "condimentum."
    RenderBR {BR} at (0,0) size 0x0
    RenderBR {BR} at (11,1103) size 0x13
    RenderText {#text} at (11,1116) size 144x1040
      text run at (11,1116) width 48: "Cras"
      text run at (11,1129) width 84: "commodo"
      text run at (11,1142) width 72: "rutrum"
      text run at (11,1155) width 72: "augue."
      text run at (11,1168) width 84: "Vivamus"
      text run at (11,1181) width 96: "iaculis."
      text run at (11,1194) width 72: "Nullam"
      text run at (11,1207) width 48: "est."
      text run at (11,1220) width 96: "Maecenas"
      text run at (11,1233) width 120: "consequat."
      text run at (11,1246) width 72: "Sed id"
      text run at (11,1259) width 48: "dui."
      text run at (11,1272) width 84: "Vivamus"
      text run at (11,1285) width 84: "a nisl."
      text run at (11,1298) width 60: "Donec"
      text run at (11,1311) width 84: "pretium"
      text run at (11,1324) width 84: "sapien."
      text run at (11,1337) width 60: "Proin"
      text run at (11,1350) width 24: "et"
      text run at (11,1363) width 72: "ligula"
      text run at (11,1376) width 24: "et"
      text run at (11,1389) width 72: "ligula"
      text run at (11,1402) width 96: "placerat"
      text run at (11,1415) width 108: "pulvinar."
      text run at (11,1428) width 84: "Aliquam"
      text run at (11,1441) width 48: "erat"
      text run at (11,1454) width 108: "volutpat."
      text run at (11,1467) width 60: "Proin"
      text run at (11,1480) width 84: "id est."
      text run at (11,1493) width 132: "Suspendisse"
      text run at (11,1506) width 84: "cursus,"
      text run at (11,1519) width 60: "magna"
      text run at (11,1532) width 24: "at"
      text run at (11,1545) width 108: "hendrerit"
      text run at (11,1558) width 120: "consequat,"
      text run at (11,1571) width 72: "mauris"
      text run at (11,1584) width 36: "est"
      text run at (11,1597) width 108: "imperdiet"
      text run at (11,1610) width 72: "neque,"
      text run at (11,1623) width 12: "a"
      text run at (11,1636) width 96: "ultrices"
      text run at (11,1649) width 48: "arcu"
      text run at (11,1662) width 48: "urna"
      text run at (11,1675) width 36: "non"
      text run at (11,1688) width 60: "nunc."
      text run at (11,1701) width 84: "Quisque"
      text run at (11,1714) width 84: "tellus."
      text run at (11,1727) width 60: "Nulla"
      text run at (11,1740) width 60: "nulla"
      text run at (11,1753) width 72: "justo,"
      text run at (11,1766) width 96: "vehicula"
      text run at (11,1779) width 48: "nec,"
      text run at (11,1792) width 144: "pellentesque"
      text run at (11,1805) width 36: "eu,"
      text run at (11,1818) width 84: "iaculis"
      text run at (11,1831) width 36: "et,"
      text run at (11,1844) width 84: "ligula."
      text run at (11,1857) width 96: "Praesent"
      text run at (11,1870) width 72: "mattis"
      text run at (11,1883) width 48: "ante"
      text run at (11,1896) width 36: "vel"
      text run at (11,1909) width 48: "sem."
      text run at (11,1922) width 132: "Suspendisse"
      text run at (11,1935) width 60: "porta"
      text run at (11,1948) width 84: "rhoncus"
      text run at (11,1961) width 60: "urna."
      text run at (11,1974) width 108: "Phasellus"
      text run at (11,1987) width 72: "felis."
      text run at (11,2000) width 96: "Praesent"
      text run at (11,2013) width 84: "viverra"
      text run at (11,2026) width 108: "convallis"
      text run at (11,2039) width 84: "libero."
      text run at (11,2052) width 96: "Maecenas"
      text run at (11,2065) width 36: "non"
      text run at (11,2078) width 72: "augue."
      text run at (11,2091) width 60: "Donec"
      text run at (11,2104) width 108: "hendrerit"
      text run at (11,2117) width 72: "lectus"
      text run at (11,2130) width 24: "id"
      text run at (11,2143) width 72: "enim. "
    RenderBR {BR} at (83,2153) size 0x0
    RenderBR {BR} at (11,2156) size 0x13
    RenderText {#text} at (11,2169) size 144x832
      text run at (11,2169) width 60: "Nulla"
      text run at (11,2182) width 72: "ligula"
      text run at (11,2195) width 48: "dui,"
      text run at (11,2208) width 84: "euismod"
      text run at (11,2221) width 36: "et,"
      text run at (11,2234) width 84: "sodales"
      text run at (11,2247) width 60: "quis,"
      text run at (11,2260) width 144: "sollicitudin"
      text run at (11,2273) width 60: "quis,"
      text run at (11,2286) width 60: "elit."
      text run at (11,2299) width 24: "In"
      text run at (11,2312) width 120: "adipiscing"
      text run at (11,2325) width 84: "est sed"
      text run at (11,2338) width 60: "enim."
      text run at (11,2351) width 60: "Fusce"
      text run at (11,2364) width 24: "at"
      text run at (11,2377) width 60: "massa"
      text run at (11,2390) width 60: "vitae"
      text run at (11,2403) width 60: "metus"
      text run at (11,2416) width 72: "semper"
      text run at (11,2429) width 120: "hendrerit."
      text run at (11,2442) width 84: "Integer"
      text run at (11,2455) width 60: "vitae"
      text run at (11,2468) width 60: "urna."
      text run at (11,2481) width 60: "Nulla"
      text run at (11,2494) width 48: "eget"
      text run at (11,2507) width 84: "ligula."
      text run at (11,2520) width 60: "Etiam"
      text run at (11,2533) width 84: "libero."
      text run at (11,2546) width 96: "Maecenas"
      text run at (11,2559) width 48: "nisi"
      text run at (11,2572) width 60: "nibh,"
      text run at (11,2585) width 108: "convallis"
      text run at (11,2598) width 24: "a,"
      text run at (11,2611) width 84: "feugiat"
      text run at (11,2624) width 72: "vitae,"
      text run at (11,2637) width 96: "pulvinar"
      text run at (11,2650) width 84: "et, mi."
      text run at (11,2663) width 108: "Curabitur"
      text run at (11,2676) width 48: "arcu"
      text run at (11,2689) width 60: "pede,"
      text run at (11,2702) width 120: "adipiscing"
      text run at (11,2715) width 48: "sed,"
      text run at (11,2728) width 84: "egestas"
      text run at (11,2741) width 48: "nec,"
      text run at (11,2754) width 84: "commodo"
      text run at (11,2767) width 36: "in,"
      text run at (11,2780) width 60: "elit."
      text run at (11,2793) width 60: "Nulla"
      text run at (11,2806) width 108: "facilisi."
      text run at (11,2819) width 60: "Proin"
      text run at (11,2832) width 72: "varius"
      text run at (11,2845) width 84: "pede et"
      text run at (11,2858) width 36: "dui"
      text run at (11,2871) width 84: "lacinia"
      text run at (11,2884) width 96: "dapibus."
      text run at (11,2897) width 60: "Morbi"
      text run at (11,2910) width 36: "nec"
      text run at (11,2923) width 72: "augue."
      text run at (11,2936) width 60: "Proin"
      text run at (11,2949) width 108: "imperdiet"
      text run at (11,2962) width 60: "lacus"
      text run at (11,2975) width 24: "eu"
      text run at (11,2988) width 84: "tellus."
layer at (535,168) size 125x100 clip at (536,169) size 123x85 scrollWidth 420 scrollHeight 293
  RenderBlock {DIV} at (527,160) size 125x100 [color=#DCDCDC] [bgcolor=#718D93] [border: (1px solid #D3D3D3)]
    RenderBlock {DIV} at (1,1) size 420x293
      RenderText {#text} at (10,10) size 396x273
        text run at (10,10) width 324: "Lorem ipsum dolor sit amet,"
        text run at (10,23) width 348: "consectetuer adipiscing elit."
        text run at (10,36) width 360: "Morbi et nisi ut est venenatis"
        text run at (10,49) width 312: "viverra. Aenean pede orci,"
        text run at (10,62) width 336: "blandit quis, faucibus quis,"
        text run at (10,75) width 396: "egestas ut, mi. Pellentesque enim"
        text run at (10,88) width 324: "purus, venenatis dignissim,"
        text run at (10,101) width 360: "tincidunt a, ullamcorper eget,"
        text run at (10,114) width 360: "nibh. Nullam ut sem adipiscing"
        text run at (10,127) width 372: "orci vehicula interdum. Proin a"
        text run at (10,140) width 348: "enim. Phasellus sollicitudin,"
        text run at (10,153) width 396: "magna vitae vestibulum facilisis,"
        text run at (10,166) width 336: "tellus nunc iaculis arcu, in"
        text run at (10,179) width 396: "molestie sem velit tempus est. In"
        text run at (10,192) width 384: "eleifend velit at sem adipiscing"
        text run at (10,205) width 324: "sodales. Nunc sapien felis,"
        text run at (10,218) width 348: "aliquam et, volutpat rhoncus,"
        text run at (10,231) width 372: "condimentum ut, tortor. Integer"
        text run at (10,244) width 360: "est. Quisque viverra. Praesent"
        text run at (10,257) width 396: "sed arcu. Maecenas id lorem a leo"
        text run at (10,270) width 252: "lobortis condimentum."
layer at (28,308) size 125x100 clip at (29,309) size 110x98 scrollWidth 176 scrollHeight 3010
  RenderBlock {DIV} at (20,300) size 125x100 [color=#DCDCDC] [bgcolor=#718D93] [border: (1px solid #D3D3D3)]
    RenderText {#text} at (11,11) size 156x1092
      text run at (11,11) width 60: "Lorem"
      text run at (11,24) width 60: "ipsum"
      text run at (11,37) width 60: "dolor"
      text run at (11,50) width 36: "sit"
      text run at (11,63) width 60: "amet,"
      text run at (11,76) width 144: "consectetuer"
      text run at (11,89) width 120: "adipiscing"
      text run at (11,102) width 60: "elit."
      text run at (11,115) width 60: "Morbi"
      text run at (11,128) width 84: "et nisi"
      text run at (11,141) width 72: "ut est"
      text run at (11,154) width 108: "venenatis"
      text run at (11,167) width 96: "viverra."
      text run at (11,180) width 72: "Aenean"
      text run at (11,193) width 48: "pede"
      text run at (11,206) width 60: "orci,"
      text run at (11,219) width 84: "blandit"
      text run at (11,232) width 60: "quis,"
      text run at (11,245) width 96: "faucibus"
      text run at (11,258) width 60: "quis,"
      text run at (11,271) width 84: "egestas"
      text run at (11,284) width 84: "ut, mi."
      text run at (11,297) width 144: "Pellentesque"
      text run at (11,310) width 48: "enim"
      text run at (11,323) width 72: "purus,"
      text run at (11,336) width 108: "venenatis"
      text run at (11,349) width 120: "dignissim,"
      text run at (11,362) width 108: "tincidunt"
      text run at (11,375) width 24: "a,"
      text run at (11,388) width 132: "ullamcorper"
      text run at (11,401) width 60: "eget,"
      text run at (11,414) width 60: "nibh."
      text run at (11,427) width 72: "Nullam"
      text run at (11,440) width 72: "ut sem"
      text run at (11,453) width 120: "adipiscing"
      text run at (11,466) width 48: "orci"
      text run at (11,479) width 96: "vehicula"
      text run at (11,492) width 108: "interdum."
      text run at (11,505) width 84: "Proin a"
      text run at (11,518) width 60: "enim."
      text run at (11,531) width 108: "Phasellus"
      text run at (11,544) width 156: "sollicitudin,"
      text run at (11,557) width 60: "magna"
      text run at (11,570) width 60: "vitae"
      text run at (11,583) width 120: "vestibulum"
      text run at (11,596) width 120: "facilisis,"
      text run at (11,609) width 72: "tellus"
      text run at (11,622) width 48: "nunc"
      text run at (11,635) width 84: "iaculis"
      text run at (11,648) width 60: "arcu,"
      text run at (11,661) width 24: "in"
      text run at (11,674) width 96: "molestie"
      text run at (11,687) width 36: "sem"
      text run at (11,700) width 60: "velit"
      text run at (11,713) width 72: "tempus"
      text run at (11,726) width 84: "est. In"
      text run at (11,739) width 96: "eleifend"
      text run at (11,752) width 60: "velit"
      text run at (11,765) width 72: "at sem"
      text run at (11,778) width 120: "adipiscing"
      text run at (11,791) width 96: "sodales."
      text run at (11,804) width 48: "Nunc"
      text run at (11,817) width 72: "sapien"
      text run at (11,830) width 72: "felis,"
      text run at (11,843) width 84: "aliquam"
      text run at (11,856) width 36: "et,"
      text run at (11,869) width 96: "volutpat"
      text run at (11,882) width 96: "rhoncus,"
      text run at (11,895) width 132: "condimentum"
      text run at (11,908) width 36: "ut,"
      text run at (11,921) width 84: "tortor."
      text run at (11,934) width 84: "Integer"
      text run at (11,947) width 48: "est."
      text run at (11,960) width 84: "Quisque"
      text run at (11,973) width 96: "viverra."
      text run at (11,986) width 96: "Praesent"
      text run at (11,999) width 36: "sed"
      text run at (11,1012) width 60: "arcu."
      text run at (11,1025) width 96: "Maecenas"
      text run at (11,1038) width 24: "id"
      text run at (11,1051) width 84: "lorem a"
      text run at (11,1064) width 36: "leo"
      text run at (11,1077) width 96: "lobortis"
      text run at (11,1090) width 144: "condimentum."
    RenderBR {BR} at (0,0) size 0x0
    RenderBR {BR} at (11,1103) size 0x13
    RenderText {#text} at (11,1116) size 144x1040
      text run at (11,1116) width 48: "Cras"
      text run at (11,1129) width 84: "commodo"
      text run at (11,1142) width 72: "rutrum"
      text run at (11,1155) width 72: "augue."
      text run at (11,1168) width 84: "Vivamus"
      text run at (11,1181) width 96: "iaculis."
      text run at (11,1194) width 72: "Nullam"
      text run at (11,1207) width 48: "est."
      text run at (11,1220) width 96: "Maecenas"
      text run at (11,1233) width 120: "consequat."
      text run at (11,1246) width 72: "Sed id"
      text run at (11,1259) width 48: "dui."
      text run at (11,1272) width 84: "Vivamus"
      text run at (11,1285) width 84: "a nisl."
      text run at (11,1298) width 60: "Donec"
      text run at (11,1311) width 84: "pretium"
      text run at (11,1324) width 84: "sapien."
      text run at (11,1337) width 60: "Proin"
      text run at (11,1350) width 24: "et"
      text run at (11,1363) width 72: "ligula"
      text run at (11,1376) width 24: "et"
      text run at (11,1389) width 72: "ligula"
      text run at (11,1402) width 96: "placerat"
      text run at (11,1415) width 108: "pulvinar."
      text run at (11,1428) width 84: "Aliquam"
      text run at (11,1441) width 48: "erat"
      text run at (11,1454) width 108: "volutpat."
      text run at (11,1467) width 60: "Proin"
      text run at (11,1480) width 84: "id est."
      text run at (11,1493) width 132: "Suspendisse"
      text run at (11,1506) width 84: "cursus,"
      text run at (11,1519) width 60: "magna"
      text run at (11,1532) width 24: "at"
      text run at (11,1545) width 108: "hendrerit"
      text run at (11,1558) width 120: "consequat,"
      text run at (11,1571) width 72: "mauris"
      text run at (11,1584) width 36: "est"
      text run at (11,1597) width 108: "imperdiet"
      text run at (11,1610) width 72: "neque,"
      text run at (11,1623) width 12: "a"
      text run at (11,1636) width 96: "ultrices"
      text run at (11,1649) width 48: "arcu"
      text run at (11,1662) width 48: "urna"
      text run at (11,1675) width 36: "non"
      text run at (11,1688) width 60: "nunc."
      text run at (11,1701) width 84: "Quisque"
      text run at (11,1714) width 84: "tellus."
      text run at (11,1727) width 60: "Nulla"
      text run at (11,1740) width 60: "nulla"
      text run at (11,1753) width 72: "justo,"
      text run at (11,1766) width 96: "vehicula"
      text run at (11,1779) width 48: "nec,"
      text run at (11,1792) width 144: "pellentesque"
      text run at (11,1805) width 36: "eu,"
      text run at (11,1818) width 84: "iaculis"
      text run at (11,1831) width 36: "et,"
      text run at (11,1844) width 84: "ligula."
      text run at (11,1857) width 96: "Praesent"
      text run at (11,1870) width 72: "mattis"
      text run at (11,1883) width 48: "ante"
      text run at (11,1896) width 36: "vel"
      text run at (11,1909) width 48: "sem."
      text run at (11,1922) width 132: "Suspendisse"
      text run at (11,1935) width 60: "porta"
      text run at (11,1948) width 84: "rhoncus"
      text run at (11,1961) width 60: "urna."
      text run at (11,1974) width 108: "Phasellus"
      text run at (11,1987) width 72: "felis."
      text run at (11,2000) width 96: "Praesent"
      text run at (11,2013) width 84: "viverra"
      text run at (11,2026) width 108: "convallis"
      text run at (11,2039) width 84: "libero."
      text run at (11,2052) width 96: "Maecenas"
      text run at (11,2065) width 36: "non"
      text run at (11,2078) width 72: "augue."
      text run at (11,2091) width 60: "Donec"
      text run at (11,2104) width 108: "hendrerit"
      text run at (11,2117) width 72: "lectus"
      text run at (11,2130) width 24: "id"
      text run at (11,2143) width 72: "enim. "
    RenderBR {BR} at (83,2153) size 0x0
    RenderBR {BR} at (11,2156) size 0x13
    RenderText {#text} at (11,2169) size 144x832
      text run at (11,2169) width 60: "Nulla"
      text run at (11,2182) width 72: "ligula"
      text run at (11,2195) width 48: "dui,"
      text run at (11,2208) width 84: "euismod"
      text run at (11,2221) width 36: "et,"
      text run at (11,2234) width 84: "sodales"
      text run at (11,2247) width 60: "quis,"
      text run at (11,2260) width 144: "sollicitudin"
      text run at (11,2273) width 60: "quis,"
      text run at (11,2286) width 60: "elit."
      text run at (11,2299) width 24: "In"
      text run at (11,2312) width 120: "adipiscing"
      text run at (11,2325) width 84: "est sed"
      text run at (11,2338) width 60: "enim."
      text run at (11,2351) width 60: "Fusce"
      text run at (11,2364) width 24: "at"
      text run at (11,2377) width 60: "massa"
      text run at (11,2390) width 60: "vitae"
      text run at (11,2403) width 60: "metus"
      text run at (11,2416) width 72: "semper"
      text run at (11,2429) width 120: "hendrerit."
      text run at (11,2442) width 84: "Integer"
      text run at (11,2455) width 60: "vitae"
      text run at (11,2468) width 60: "urna."
      text run at (11,2481) width 60: "Nulla"
      text run at (11,2494) width 48: "eget"
      text run at (11,2507) width 84: "ligula."
      text run at (11,2520) width 60: "Etiam"
      text run at (11,2533) width 84: "libero."
      text run at (11,2546) width 96: "Maecenas"
      text run at (11,2559) width 48: "nisi"
      text run at (11,2572) width 60: "nibh,"
      text run at (11,2585) width 108: "convallis"
      text run at (11,2598) width 24: "a,"
      text run at (11,2611) width 84: "feugiat"
      text run at (11,2624) width 72: "vitae,"
      text run at (11,2637) width 96: "pulvinar"
      text run at (11,2650) width 84: "et, mi."
      text run at (11,2663) width 108: "Curabitur"
      text run at (11,2676) width 48: "arcu"
      text run at (11,2689) width 60: "pede,"
      text run at (11,2702) width 120: "adipiscing"
      text run at (11,2715) width 48: "sed,"
      text run at (11,2728) width 84: "egestas"
      text run at (11,2741) width 48: "nec,"
      text run at (11,2754) width 84: "commodo"
      text run at (11,2767) width 36: "in,"
      text run at (11,2780) width 60: "elit."
      text run at (11,2793) width 60: "Nulla"
      text run at (11,2806) width 108: "facilisi."
      text run at (11,2819) width 60: "Proin"
      text run at (11,2832) width 72: "varius"
      text run at (11,2845) width 84: "pede et"
      text run at (11,2858) width 36: "dui"
      text run at (11,2871) width 84: "lacinia"
      text run at (11,2884) width 96: "dapibus."
      text run at (11,2897) width 60: "Morbi"
      text run at (11,2910) width 36: "nec"
      text run at (11,2923) width 72: "augue."
      text run at (11,2936) width 60: "Proin"
      text run at (11,2949) width 108: "imperdiet"
      text run at (11,2962) width 60: "lacus"
      text run at (11,2975) width 24: "eu"
      text run at (11,2988) width 84: "tellus."
layer at (197,308) size 125x100 clip at (198,309) size 123x85 scrollWidth 420 scrollHeight 293
  RenderBlock {DIV} at (189,300) size 125x100 [color=#DCDCDC] [bgcolor=#718D93] [border: (1px solid #D3D3D3)]
    RenderBlock {DIV} at (1,1) size 420x293
      RenderText {#text} at (10,10) size 396x273
        text run at (10,10) width 324: "Lorem ipsum dolor sit amet,"
        text run at (10,23) width 348: "consectetuer adipiscing elit."
        text run at (10,36) width 360: "Morbi et nisi ut est venenatis"
        text run at (10,49) width 312: "viverra. Aenean pede orci,"
        text run at (10,62) width 336: "blandit quis, faucibus quis,"
        text run at (10,75) width 396: "egestas ut, mi. Pellentesque enim"
        text run at (10,88) width 324: "purus, venenatis dignissim,"
        text run at (10,101) width 360: "tincidunt a, ullamcorper eget,"
        text run at (10,114) width 360: "nibh. Nullam ut sem adipiscing"
        text run at (10,127) width 372: "orci vehicula interdum. Proin a"
        text run at (10,140) width 348: "enim. Phasellus sollicitudin,"
        text run at (10,153) width 396: "magna vitae vestibulum facilisis,"
        text run at (10,166) width 336: "tellus nunc iaculis arcu, in"
        text run at (10,179) width 396: "molestie sem velit tempus est. In"
        text run at (10,192) width 384: "eleifend velit at sem adipiscing"
        text run at (10,205) width 324: "sodales. Nunc sapien felis,"
        text run at (10,218) width 348: "aliquam et, volutpat rhoncus,"
        text run at (10,231) width 372: "condimentum ut, tortor. Integer"
        text run at (10,244) width 360: "est. Quisque viverra. Praesent"
        text run at (10,257) width 396: "sed arcu. Maecenas id lorem a leo"
        text run at (10,270) width 252: "lobortis condimentum."
layer at (366,308) size 125x100 clip at (367,309) size 110x85 scrollWidth 420 scrollHeight 748
  RenderBlock {DIV} at (358,300) size 125x100 [color=#DCDCDC] [bgcolor=#718D93] [border: (1px solid #D3D3D3)]
    RenderBlock {DIV} at (1,1) size 420x748
      RenderText {#text} at (10,10) size 396x273
        text run at (10,10) width 324: "Lorem ipsum dolor sit amet,"
        text run at (10,23) width 348: "consectetuer adipiscing elit."
        text run at (10,36) width 360: "Morbi et nisi ut est venenatis"
        text run at (10,49) width 312: "viverra. Aenean pede orci,"
        text run at (10,62) width 336: "blandit quis, faucibus quis,"
        text run at (10,75) width 396: "egestas ut, mi. Pellentesque enim"
        text run at (10,88) width 324: "purus, venenatis dignissim,"
        text run at (10,101) width 360: "tincidunt a, ullamcorper eget,"
        text run at (10,114) width 360: "nibh. Nullam ut sem adipiscing"
        text run at (10,127) width 372: "orci vehicula interdum. Proin a"
        text run at (10,140) width 348: "enim. Phasellus sollicitudin,"
        text run at (10,153) width 396: "magna vitae vestibulum facilisis,"
        text run at (10,166) width 336: "tellus nunc iaculis arcu, in"
        text run at (10,179) width 396: "molestie sem velit tempus est. In"
        text run at (10,192) width 384: "eleifend velit at sem adipiscing"
        text run at (10,205) width 324: "sodales. Nunc sapien felis,"
        text run at (10,218) width 348: "aliquam et, volutpat rhoncus,"
        text run at (10,231) width 372: "condimentum ut, tortor. Integer"
        text run at (10,244) width 360: "est. Quisque viverra. Praesent"
        text run at (10,257) width 396: "sed arcu. Maecenas id lorem a leo"
        text run at (10,270) width 264: "lobortis condimentum. "
      RenderBR {BR} at (274,280) size 0x0
      RenderBR {BR} at (10,283) size 0x13
      RenderText {#text} at (10,296) size 396x247
        text run at (10,296) width 312: "Cras commodo rutrum augue."
        text run at (10,309) width 336: "Vivamus iaculis. Nullam est."
        text run at (10,322) width 372: "Maecenas consequat. Sed id dui."
        text run at (10,335) width 348: "Vivamus a nisl. Donec pretium"
        text run at (10,348) width 396: "sapien. Proin et ligula et ligula"
        text run at (10,361) width 372: "placerat pulvinar. Aliquam erat"
        text run at (10,374) width 276: "volutpat. Proin id est."
        text run at (10,387) width 336: "Suspendisse cursus, magna at"
        text run at (10,400) width 372: "hendrerit consequat, mauris est"
        text run at (10,413) width 384: "imperdiet neque, a ultrices arcu"
        text run at (10,426) width 360: "urna non nunc. Quisque tellus."
        text run at (10,439) width 384: "Nulla nulla justo, vehicula nec,"
        text run at (10,452) width 336: "pellentesque eu, iaculis et,"
        text run at (10,465) width 384: "ligula. Praesent mattis ante vel"
        text run at (10,478) width 360: "sem. Suspendisse porta rhoncus"
        text run at (10,491) width 372: "urna. Phasellus felis. Praesent"
        text run at (10,504) width 300: "viverra convallis libero."
        text run at (10,517) width 300: "Maecenas non augue. Donec"
        text run at (10,530) width 312: "hendrerit lectus id enim. "
      RenderBR {BR} at (322,540) size 0x0
      RenderBR {BR} at (10,543) size 0x13
      RenderText {#text} at (10,556) size 396x182
        text run at (10,556) width 348: "Nulla ligula dui, euismod et,"
        text run at (10,569) width 384: "sodales quis, sollicitudin quis,"
        text run at (10,582) width 396: "elit. In adipiscing est sed enim."
        text run at (10,595) width 396: "Fusce at massa vitae metus semper"
        text run at (10,608) width 360: "hendrerit. Integer vitae urna."
        text run at (10,621) width 384: "Nulla eget ligula. Etiam libero."
        text run at (10,634) width 384: "Maecenas nisi nibh, convallis a,"
        text run at (10,647) width 372: "feugiat vitae, pulvinar et, mi."
        text run at (10,660) width 372: "Curabitur arcu pede, adipiscing"
        text run at (10,673) width 348: "sed, egestas nec, commodo in,"
        text run at (10,686) width 324: "elit. Nulla facilisi. Proin"
        text run at (10,699) width 312: "varius pede et dui lacinia"
        text run at (10,712) width 372: "dapibus. Morbi nec augue. Proin"
        text run at (10,725) width 312: "imperdiet lacus eu tellus."
layer at (535,308) size 125x100 clip at (536,309) size 110x85 scrollWidth 420 scrollHeight 748
  RenderBlock {DIV} at (527,300) size 125x100 [color=#DCDCDC] [bgcolor=#718D93] [border: (1px solid #D3D3D3)]
    RenderBlock {DIV} at (1,1) size 420x748
      RenderText {#text} at (10,10) size 396x273
        text run at (10,10) width 324: "Lorem ipsum dolor sit amet,"
        text run at (10,23) width 348: "consectetuer adipiscing elit."
        text run at (10,36) width 360: "Morbi et nisi ut est venenatis"
        text run at (10,49) width 312: "viverra. Aenean pede orci,"
        text run at (10,62) width 336: "blandit quis, faucibus quis,"
        text run at (10,75) width 396: "egestas ut, mi. Pellentesque enim"
        text run at (10,88) width 324: "purus, venenatis dignissim,"
        text run at (10,101) width 360: "tincidunt a, ullamcorper eget,"
        text run at (10,114) width 360: "nibh. Nullam ut sem adipiscing"
        text run at (10,127) width 372: "orci vehicula interdum. Proin a"
        text run at (10,140) width 348: "enim. Phasellus sollicitudin,"
        text run at (10,153) width 396: "magna vitae vestibulum facilisis,"
        text run at (10,166) width 336: "tellus nunc iaculis arcu, in"
        text run at (10,179) width 396: "molestie sem velit tempus est. In"
        text run at (10,192) width 384: "eleifend velit at sem adipiscing"
        text run at (10,205) width 324: "sodales. Nunc sapien felis,"
        text run at (10,218) width 348: "aliquam et, volutpat rhoncus,"
        text run at (10,231) width 372: "condimentum ut, tortor. Integer"
        text run at (10,244) width 360: "est. Quisque viverra. Praesent"
        text run at (10,257) width 396: "sed arcu. Maecenas id lorem a leo"
        text run at (10,270) width 264: "lobortis condimentum. "
      RenderBR {BR} at (274,280) size 0x0
      RenderBR {BR} at (10,283) size 0x13
      RenderText {#text} at (10,296) size 396x247
        text run at (10,296) width 312: "Cras commodo rutrum augue."
        text run at (10,309) width 336: "Vivamus iaculis. Nullam est."
        text run at (10,322) width 372: "Maecenas consequat. Sed id dui."
        text run at (10,335) width 348: "Vivamus a nisl. Donec pretium"
        text run at (10,348) width 396: "sapien. Proin et ligula et ligula"
        text run at (10,361) width 372: "placerat pulvinar. Aliquam erat"
        text run at (10,374) width 276: "volutpat. Proin id est."
        text run at (10,387) width 336: "Suspendisse cursus, magna at"
        text run at (10,400) width 372: "hendrerit consequat, mauris est"
        text run at (10,413) width 384: "imperdiet neque, a ultrices arcu"
        text run at (10,426) width 360: "urna non nunc. Quisque tellus."
        text run at (10,439) width 384: "Nulla nulla justo, vehicula nec,"
        text run at (10,452) width 336: "pellentesque eu, iaculis et,"
        text run at (10,465) width 384: "ligula. Praesent mattis ante vel"
        text run at (10,478) width 360: "sem. Suspendisse porta rhoncus"
        text run at (10,491) width 372: "urna. Phasellus felis. Praesent"
        text run at (10,504) width 300: "viverra convallis libero."
        text run at (10,517) width 300: "Maecenas non augue. Donec"
        text run at (10,530) width 312: "hendrerit lectus id enim. "
      RenderBR {BR} at (322,540) size 0x0
      RenderBR {BR} at (10,543) size 0x13
      RenderText {#text} at (10,556) size 396x182
        text run at (10,556) width 348: "Nulla ligula dui, euismod et,"
        text run at (10,569) width 384: "sodales quis, sollicitudin quis,"
        text run at (10,582) width 396: "elit. In adipiscing est sed enim."
        text run at (10,595) width 396: "Fusce at massa vitae metus semper"
        text run at (10,608) width 360: "hendrerit. Integer vitae urna."
        text run at (10,621) width 384: "Nulla eget ligula. Etiam libero."
        text run at (10,634) width 384: "Maecenas nisi nibh, convallis a,"
        text run at (10,647) width 372: "feugiat vitae, pulvinar et, mi."
        text run at (10,660) width 372: "Curabitur arcu pede, adipiscing"
        text run at (10,673) width 348: "sed, egestas nec, commodo in,"
        text run at (10,686) width 324: "elit. Nulla facilisi. Proin"
        text run at (10,699) width 312: "varius pede et dui lacinia"
        text run at (10,712) width 372: "dapibus. Morbi nec augue. Proin"
        text run at (10,725) width 312: "imperdiet lacus eu tellus."
layer at (28,448) size 125x100 clip at (29,449) size 110x85 scrollWidth 420 scrollHeight 748
  RenderBlock {DIV} at (20,440) size 125x100 [color=#DCDCDC] [bgcolor=#718D93] [border: (1px solid #D3D3D3)]
    RenderBlock {DIV} at (1,1) size 420x748
      RenderText {#text} at (10,10) size 396x273
        text run at (10,10) width 324: "Lorem ipsum dolor sit amet,"
        text run at (10,23) width 348: "consectetuer adipiscing elit."
        text run at (10,36) width 360: "Morbi et nisi ut est venenatis"
        text run at (10,49) width 312: "viverra. Aenean pede orci,"
        text run at (10,62) width 336: "blandit quis, faucibus quis,"
        text run at (10,75) width 396: "egestas ut, mi. Pellentesque enim"
        text run at (10,88) width 324: "purus, venenatis dignissim,"
        text run at (10,101) width 360: "tincidunt a, ullamcorper eget,"
        text run at (10,114) width 360: "nibh. Nullam ut sem adipiscing"
        text run at (10,127) width 372: "orci vehicula interdum. Proin a"
        text run at (10,140) width 348: "enim. Phasellus sollicitudin,"
        text run at (10,153) width 396: "magna vitae vestibulum facilisis,"
        text run at (10,166) width 336: "tellus nunc iaculis arcu, in"
        text run at (10,179) width 396: "molestie sem velit tempus est. In"
        text run at (10,192) width 384: "eleifend velit at sem adipiscing"
        text run at (10,205) width 324: "sodales. Nunc sapien felis,"
        text run at (10,218) width 348: "aliquam et, volutpat rhoncus,"
        text run at (10,231) width 372: "condimentum ut, tortor. Integer"
        text run at (10,244) width 360: "est. Quisque viverra. Praesent"
        text run at (10,257) width 396: "sed arcu. Maecenas id lorem a leo"
        text run at (10,270) width 264: "lobortis condimentum. "
      RenderBR {BR} at (274,280) size 0x0
      RenderBR {BR} at (10,283) size 0x13
      RenderText {#text} at (10,296) size 396x247
        text run at (10,296) width 312: "Cras commodo rutrum augue."
        text run at (10,309) width 336: "Vivamus iaculis. Nullam est."
        text run at (10,322) width 372: "Maecenas consequat. Sed id dui."
        text run at (10,335) width 348: "Vivamus a nisl. Donec pretium"
        text run at (10,348) width 396: "sapien. Proin et ligula et ligula"
        text run at (10,361) width 372: "placerat pulvinar. Aliquam erat"
        text run at (10,374) width 276: "volutpat. Proin id est."
        text run at (10,387) width 336: "Suspendisse cursus, magna at"
        text run at (10,400) width 372: "hendrerit consequat, mauris est"
        text run at (10,413) width 384: "imperdiet neque, a ultrices arcu"
        text run at (10,426) width 360: "urna non nunc. Quisque tellus."
        text run at (10,439) width 384: "Nulla nulla justo, vehicula nec,"
        text run at (10,452) width 336: "pellentesque eu, iaculis et,"
        text run at (10,465) width 384: "ligula. Praesent mattis ante vel"
        text run at (10,478) width 360: "sem. Suspendisse porta rhoncus"
        text run at (10,491) width 372: "urna. Phasellus felis. Praesent"
        text run at (10,504) width 300: "viverra convallis libero."
        text run at (10,517) width 300: "Maecenas non augue. Donec"
        text run at (10,530) width 312: "hendrerit lectus id enim. "
      RenderBR {BR} at (322,540) size 0x0
      RenderBR {BR} at (10,543) size 0x13
      RenderText {#text} at (10,556) size 396x182
        text run at (10,556) width 348: "Nulla ligula dui, euismod et,"
        text run at (10,569) width 384: "sodales quis, sollicitudin quis,"
        text run at (10,582) width 396: "elit. In adipiscing est sed enim."
        text run at (10,595) width 396: "Fusce at massa vitae metus semper"
        text run at (10,608) width 360: "hendrerit. Integer vitae urna."
        text run at (10,621) width 384: "Nulla eget ligula. Etiam libero."
        text run at (10,634) width 384: "Maecenas nisi nibh, convallis a,"
        text run at (10,647) width 372: "feugiat vitae, pulvinar et, mi."
        text run at (10,660) width 372: "Curabitur arcu pede, adipiscing"
        text run at (10,673) width 348: "sed, egestas nec, commodo in,"
        text run at (10,686) width 324: "elit. Nulla facilisi. Proin"
        text run at (10,699) width 312: "varius pede et dui lacinia"
        text run at (10,712) width 372: "dapibus. Morbi nec augue. Proin"
        text run at (10,725) width 312: "imperdiet lacus eu tellus."
layer at (197,448) size 125x100 clip at (198,449) size 110x85 scrollWidth 420 scrollHeight 748
  RenderBlock {DIV} at (189,440) size 125x100 [color=#DCDCDC] [bgcolor=#718D93] [border: (1px solid #D3D3D3)]
    RenderBlock {DIV} at (1,1) size 420x748
      RenderText {#text} at (10,10) size 396x273
        text run at (10,10) width 324: "Lorem ipsum dolor sit amet,"
        text run at (10,23) width 348: "consectetuer adipiscing elit."
        text run at (10,36) width 360: "Morbi et nisi ut est venenatis"
        text run at (10,49) width 312: "viverra. Aenean pede orci,"
        text run at (10,62) width 336: "blandit quis, faucibus quis,"
        text run at (10,75) width 396: "egestas ut, mi. Pellentesque enim"
        text run at (10,88) width 324: "purus, venenatis dignissim,"
        text run at (10,101) width 360: "tincidunt a, ullamcorper eget,"
        text run at (10,114) width 360: "nibh. Nullam ut sem adipiscing"
        text run at (10,127) width 372: "orci vehicula interdum. Proin a"
        text run at (10,140) width 348: "enim. Phasellus sollicitudin,"
        text run at (10,153) width 396: "magna vitae vestibulum facilisis,"
        text run at (10,166) width 336: "tellus nunc iaculis arcu, in"
        text run at (10,179) width 396: "molestie sem velit tempus est. In"
        text run at (10,192) width 384: "eleifend velit at sem adipiscing"
        text run at (10,205) width 324: "sodales. Nunc sapien felis,"
        text run at (10,218) width 348: "aliquam et, volutpat rhoncus,"
        text run at (10,231) width 372: "condimentum ut, tortor. Integer"
        text run at (10,244) width 360: "est. Quisque viverra. Praesent"
        text run at (10,257) width 396: "sed arcu. Maecenas id lorem a leo"
        text run at (10,270) width 264: "lobortis condimentum. "
      RenderBR {BR} at (274,280) size 0x0
      RenderBR {BR} at (10,283) size 0x13
      RenderText {#text} at (10,296) size 396x247
        text run at (10,296) width 312: "Cras commodo rutrum augue."
        text run at (10,309) width 336: "Vivamus iaculis. Nullam est."
        text run at (10,322) width 372: "Maecenas consequat. Sed id dui."
        text run at (10,335) width 348: "Vivamus a nisl. Donec pretium"
        text run at (10,348) width 396: "sapien. Proin et ligula et ligula"
        text run at (10,361) width 372: "placerat pulvinar. Aliquam erat"
        text run at (10,374) width 276: "volutpat. Proin id est."
        text run at (10,387) width 336: "Suspendisse cursus, magna at"
        text run at (10,400) width 372: "hendrerit consequat, mauris est"
        text run at (10,413) width 384: "imperdiet neque, a ultrices arcu"
        text run at (10,426) width 360: "urna non nunc. Quisque tellus."
        text run at (10,439) width 384: "Nulla nulla justo, vehicula nec,"
        text run at (10,452) width 336: "pellentesque eu, iaculis et,"
        text run at (10,465) width 384: "ligula. Praesent mattis ante vel"
        text run at (10,478) width 360: "sem. Suspendisse porta rhoncus"
        text run at (10,491) width 372: "urna. Phasellus felis. Praesent"
        text run at (10,504) width 300: "viverra convallis libero."
        text run at (10,517) width 300: "Maecenas non augue. Donec"
        text run at (10,530) width 312: "hendrerit lectus id enim. "
      RenderBR {BR} at (322,540) size 0x0
      RenderBR {BR} at (10,543) size 0x13
      RenderText {#text} at (10,556) size 396x182
        text run at (10,556) width 348: "Nulla ligula dui, euismod et,"
        text run at (10,569) width 384: "sodales quis, sollicitudin quis,"
        text run at (10,582) width 396: "elit. In adipiscing est sed enim."
        text run at (10,595) width 396: "Fusce at massa vitae metus semper"
        text run at (10,608) width 360: "hendrerit. Integer vitae urna."
        text run at (10,621) width 384: "Nulla eget ligula. Etiam libero."
        text run at (10,634) width 384: "Maecenas nisi nibh, convallis a,"
        text run at (10,647) width 372: "feugiat vitae, pulvinar et, mi."
        text run at (10,660) width 372: "Curabitur arcu pede, adipiscing"
        text run at (10,673) width 348: "sed, egestas nec, commodo in,"
        text run at (10,686) width 324: "elit. Nulla facilisi. Proin"
        text run at (10,699) width 312: "varius pede et dui lacinia"
        text run at (10,712) width 372: "dapibus. Morbi nec augue. Proin"
        text run at (10,725) width 312: "imperdiet lacus eu tellus."
layer at (366,448) size 125x100 clip at (367,449) size 110x85 scrollWidth 420 scrollHeight 748
  RenderBlock {DIV} at (358,440) size 125x100 [color=#DCDCDC] [bgcolor=#718D93] [border: (1px solid #D3D3D3)]
    RenderBlock {DIV} at (1,1) size 420x748
      RenderText {#text} at (10,10) size 396x273
        text run at (10,10) width 324: "Lorem ipsum dolor sit amet,"
        text run at (10,23) width 348: "consectetuer adipiscing elit."
        text run at (10,36) width 360: "Morbi et nisi ut est venenatis"
        text run at (10,49) width 312: "viverra. Aenean pede orci,"
        text run at (10,62) width 336: "blandit quis, faucibus quis,"
        text run at (10,75) width 396: "egestas ut, mi. Pellentesque enim"
        text run at (10,88) width 324: "purus, venenatis dignissim,"
        text run at (10,101) width 360: "tincidunt a, ullamcorper eget,"
        text run at (10,114) width 360: "nibh. Nullam ut sem adipiscing"
        text run at (10,127) width 372: "orci vehicula interdum. Proin a"
        text run at (10,140) width 348: "enim. Phasellus sollicitudin,"
        text run at (10,153) width 396: "magna vitae vestibulum facilisis,"
        text run at (10,166) width 336: "tellus nunc iaculis arcu, in"
        text run at (10,179) width 396: "molestie sem velit tempus est. In"
        text run at (10,192) width 384: "eleifend velit at sem adipiscing"
        text run at (10,205) width 324: "sodales. Nunc sapien felis,"
        text run at (10,218) width 348: "aliquam et, volutpat rhoncus,"
        text run at (10,231) width 372: "condimentum ut, tortor. Integer"
        text run at (10,244) width 360: "est. Quisque viverra. Praesent"
        text run at (10,257) width 396: "sed arcu. Maecenas id lorem a leo"
        text run at (10,270) width 264: "lobortis condimentum. "
      RenderBR {BR} at (274,280) size 0x0
      RenderBR {BR} at (10,283) size 0x13
      RenderText {#text} at (10,296) size 396x247
        text run at (10,296) width 312: "Cras commodo rutrum augue."
        text run at (10,309) width 336: "Vivamus iaculis. Nullam est."
        text run at (10,322) width 372: "Maecenas consequat. Sed id dui."
        text run at (10,335) width 348: "Vivamus a nisl. Donec pretium"
        text run at (10,348) width 396: "sapien. Proin et ligula et ligula"
        text run at (10,361) width 372: "placerat pulvinar. Aliquam erat"
        text run at (10,374) width 276: "volutpat. Proin id est."
        text run at (10,387) width 336: "Suspendisse cursus, magna at"
        text run at (10,400) width 372: "hendrerit consequat, mauris est"
        text run at (10,413) width 384: "imperdiet neque, a ultrices arcu"
        text run at (10,426) width 360: "urna non nunc. Quisque tellus."
        text run at (10,439) width 384: "Nulla nulla justo, vehicula nec,"
        text run at (10,452) width 336: "pellentesque eu, iaculis et,"
        text run at (10,465) width 384: "ligula. Praesent mattis ante vel"
        text run at (10,478) width 360: "sem. Suspendisse porta rhoncus"
        text run at (10,491) width 372: "urna. Phasellus felis. Praesent"
        text run at (10,504) width 300: "viverra convallis libero."
        text run at (10,517) width 300: "Maecenas non augue. Donec"
        text run at (10,530) width 312: "hendrerit lectus id enim. "
      RenderBR {BR} at (322,540) size 0x0
      RenderBR {BR} at (10,543) size 0x13
      RenderText {#text} at (10,556) size 396x182
        text run at (10,556) width 348: "Nulla ligula dui, euismod et,"
        text run at (10,569) width 384: "sodales quis, sollicitudin quis,"
        text run at (10,582) width 396: "elit. In adipiscing est sed enim."
        text run at (10,595) width 396: "Fusce at massa vitae metus semper"
        text run at (10,608) width 360: "hendrerit. Integer vitae urna."
        text run at (10,621) width 384: "Nulla eget ligula. Etiam libero."
        text run at (10,634) width 384: "Maecenas nisi nibh, convallis a,"
        text run at (10,647) width 372: "feugiat vitae, pulvinar et, mi."
        text run at (10,660) width 372: "Curabitur arcu pede, adipiscing"
        text run at (10,673) width 348: "sed, egestas nec, commodo in,"
        text run at (10,686) width 324: "elit. Nulla facilisi. Proin"
        text run at (10,699) width 312: "varius pede et dui lacinia"
        text run at (10,712) width 372: "dapibus. Morbi nec augue. Proin"
        text run at (10,725) width 312: "imperdiet lacus eu tellus."
