layer at (0,0) size 785x742
  RenderView at (0,0) size 785x600
layer at (0,0) size 785x742
  RenderBlock {html} at (0,0) size 785x742
    RenderBody {body} at (8,18) size 769x716
      RenderBlock (anonymous) at (0,0) size 769x0
        RenderInline {parsererror} at (0,0) size 0x0 [bgcolor=#FFDDDD] [border: (2px solid #CC7777)]
      RenderBlock (anonymous) at (0,0) size 769x94
        RenderBlock {h3} at (0,0) size 769x22
          RenderText {#text} at (0,0) size 324x22
            text run at (0,0) width 324: "This page contains the following errors:"
        RenderBlock {div} at (0,40) size 769x14
          RenderText {#text} at (0,0) size 581x14
            text run at (0,0) width 581: "error on line 5 at column 149: Opening and ending tag mismatch: rect line 0 and svg"
            text run at (581,0) width 0: " "
        RenderBlock {h3} at (0,72) size 769x22
          RenderText {#text} at (0,0) size 429x22
            text run at (0,0) width 429: "Below is a rendering of the page up to the first error."
      RenderBlock (anonymous) at (0,112) size 769x604
        RenderInline {parsererror} at (0,0) size 0x0 [bgcolor=#FFDDDD] [border: (2px solid #CC7777)]
        RenderSVGContainer {svg} at (18,140) size 200x200
          RenderPath {rect} at (18,140) size 200x200 [fill={[type=SOLID] [color=#FF0000]}] [data="M10.00,10.00L210.00,10.00L210.00,210.00L10.00,210.00"]
          RenderPath {rect} at (18,140) size 200x200 [fill={[type=SOLID] [color=#FF0000]}] [data="M10.00,10.00L210.00,10.00L210.00,210.00L10.00,210.00"]
