layer at (0,0) size 800x600
  RenderView at (0,0) size 800x600
layer at (0,0) size 800x38
  RenderBlock {HTML} at (0,0) size 800x38
    RenderBody {BODY} at (8,8) size 784x22
      RenderText {#text} at (0,0) size 566x22
        text run at (0,0) width 318: "You should see a 100x100 green square below. "
        text run at (318,0) width 248: "If you see any red, the test has failed."
layer at (8,30) size 200x200 backgroundClip at (108,130) size 100x100 clip at (108,130) size 100x100 outlineClip at (108,130) size 100x100
  RenderBlock (positioned) {DIV} at (8,30) size 200x200 [bgcolor=#008000]
    RenderBlock {DIV} at (0,0) size 100x100 [bgcolor=#FF0000]
