layer at (0,0) size 800x600
  RenderView at (0,0) size 800x600
layer at (0,0) size 800x60
  RenderBlock {HTML} at (0,0) size 800x60
    RenderBody {BODY} at (8,8) size 784x44
      RenderText {#text} at (0,0) size 763x44
        text run at (0,0) width 318: "You should see a 100x100 green square below. "
        text run at (318,0) width 252: "If you see any red, the test has failed. "
        text run at (570,0) width 193: "This test is checking to make"
        text run at (0,22) width 187: "sure overflow is done using "
        text run at (187,22) width 173: "a containing block model."
      RenderText {#text} at (0,0) size 0x0
layer at (8,52) size 100x100 scrollWidth 200 scrollHeight 400
  RenderBlock (positioned) {DIV} at (8,52) size 100x100 [bgcolor=#008000]
    RenderBlock {DIV} at (100,100) size 100x100 [bgcolor=#FF0000]
