layer at (0,0) size 800x600
  RenderView at (0,0) size 800x600
layer at (0,0) size 800x138
  RenderBlock {HTML} at (0,0) size 800x138
    RenderBody {BODY} at (8,8) size 784x122
      RenderBlock (anonymous) at (0,0) size 784x22
        RenderText {#text} at (0,0) size 775x22
          text run at (0,0) width 318: "You should see a 100x100 green square below. "
          text run at (318,0) width 457: "This test makes sure overflow uses containing blocks when clipping."
layer at (8,30) size 100x100 scrollWidth 300 scrollHeight 300
  RenderBlock {DIV} at (0,22) size 100x100 [bgcolor=#008000]
