layer at (0,0) size 800x600
  RenderCanvas at (0,0) size 800x600
layer at (0,0) size 800x37
  RenderBlock {HTML} at (0,0) size 800x37
    RenderBody {BODY} at (8,8) size 784x21
      RenderBlock {DIV} at (0,0) size 784x21
        RenderInline {A} at (0,0) size 30x17 [color=#008000]
          RenderText {TEXT} at (2,2) size 30x17
            text run at (2,2) width 30: "First"
        RenderInline {A} at (0,0) size 49x17 [color=#008000]
          RenderText {TEXT} at (32,2) size 49x17
            text run at (32,2) width 49: "Second"
        RenderInline {A} at (0,0) size 37x17 [color=#008000]
          RenderText {TEXT} at (81,2) size 37x17
            text run at (81,2) width 37: "Third"
