layer at (0,0) size 800x600
  RenderCanvas at (0,0) size 800x600
layer at (0,0) size 800x122
  RenderBlock {HTML} at (0,0) size 800x122
    RenderBody {BODY} at (8,16) size 784x98
      RenderBlock {P} at (0,0) size 784x18
        RenderText {TEXT} at (0,0) size 462x18
          text run at (0,0) width 462: "The following two vertical bars should be at the same horizontal position."
      RenderBlock {DIV} at (0,34) size 84x32
        RenderBlock {DIV} at (56,0) size 0x32
          RenderInline {SPAN} at (0,0) size 6x32
            RenderText {TEXT} at (0,0) size 6x32
              text run at (0,0) width 6: "|"
      RenderBlock {DIV} at (0,66) size 784x32
        RenderInline {SPAN} at (0,0) size 6x32
          RenderText {TEXT} at (56,0) size 6x32
            text run at (56,0) width 6: "|"
