layer at (0,0) size 800x600
  RenderCanvas at (0,0) size 800x600
layer at (0,0) size 800x81
  RenderBlock {HTML} at (0,0) size 800x81
    RenderBody {BODY} at (8,14) size 784x59
      RenderBlock {P} at (0,0) size 784x17
        RenderText {TEXT} at (0,0) size 577x17
          text run at (0,0) width 577: "The following two DIVs should be the same width (resulting in a single 5 by 2 block)."
      RenderBlock {DIV} at (0,31) size 70x14 [bgcolor=#000080]
        RenderBlock {DIV} at (0,0) size 70x14
      RenderBlock {DIV} at (0,45) size 70x14 [bgcolor=#000080]
