layer at (0,0) size 800x600
  RenderCanvas at (0,0) size 800x600
layer at (0,0) size 800x116
  RenderBlock {HTML} at (0,0) size 800x116
    RenderBody {BODY} at (8,8) size 784x100
      RenderBlock {DIV} at (0,0) size 784x100
        RenderText {TEXT} at (0,0) size 421x17
          text run at (0,0) width 421: "I should not have a border and I should not have a tiny width."
