layer at (0,0) size 800x600
  RenderCanvas at (0,0) size 800x600
layer at (0,0) size 800x203
  RenderBlock {HTML} at (0,0) size 800x203
    RenderBody {BODY} at (0,0) size 800x203
      RenderPartObject {IFRAME} at (0,0) size 500x100
        layer at (0,0) size 485x100
          RenderCanvas at (0,0) size 485x100
        layer at (0,0) size 485x70
          RenderBlock {HTML} at (0,0) size 485x70
            RenderBody {BODY} at (8,8) size 469x48
              RenderBlock {P} at (0,0) size 469x17
                RenderText {TEXT} at (0,0) size 122x17
                  text run at (0,0) width 122: "This is some text."
              RenderBlock {P} at (0,31) size 469x17
                RenderText {TEXT} at (0,0) size 163x17
                  text run at (0,0) width 163: "This text is underneath."
      RenderText {TEXT} at (500,86) size 4x17
        text run at (500,86) width 4: " "
      RenderPartObject {OBJECT} at (0,103) size 500x100
        layer at (0,0) size 485x100
          RenderCanvas at (0,0) size 485x100
        layer at (0,0) size 485x70
          RenderBlock {HTML} at (0,0) size 485x70
            RenderBody {BODY} at (8,8) size 469x48
              RenderBlock {P} at (0,0) size 469x17
                RenderText {TEXT} at (0,0) size 122x17
                  text run at (0,0) width 122: "This is some text."
              RenderBlock {P} at (0,31) size 469x17
                RenderText {TEXT} at (0,0) size 163x17
                  text run at (0,0) width 163: "This text is underneath."
