layer at (0,0) size 800x7314
  RenderCanvas at (0,0) size 800x600
layer at (0,0) size 800x7314
  RenderBlock {HTML} at (0,0) size 800x7314
    RenderBody {BODY} at (8,8) size 784x7298
      RenderBlock (anonymous) at (0,0) size 784x17
        RenderText {TEXT} at (0,0) size 470x17
          text run at (0,0) width 470: "This is a test of all the various HTML alignments using LTR direction."
      RenderBlock {DIV} at (0,17) size 784x218
        RenderBlock {DIV} at (6,6) size 772x25
          RenderText {TEXT} at (4,4) size 197x17
            text run at (4,4) width 197: "Normal div inside normal div"
        RenderBlock {DIV} at (6,31) size 772x25
          RenderText {TEXT} at (4,4) size 173x17
            text run at (4,4) width 173: "Left div inside normal div"
        RenderBlock {DIV} at (6,56) size 772x25
          RenderText {TEXT} at (290,4) size 192x17
            text run at (290,4) width 192: "Center div inside normal div"
        RenderBlock {DIV} at (6,81) size 772x25
          RenderText {TEXT} at (585,4) size 183x17
            text run at (585,4) width 183: "Right div inside normal div"
        RenderBlock {CENTER} at (6,106) size 772x25
          RenderText {TEXT} at (289,4) size 193x17
            text run at (289,4) width 193: "Center tag inside normal div"
        RenderTable {TABLE} at (6,131) size 103x27
          RenderTableSection {TBODY} at (2,2) size 0x23
            RenderTableRow {TR} at (0,0) size 0x0
              RenderTableCell {TD} at (2,2) size 95x19 [r=0 c=0 rs=1 cs=1]
                RenderText {TEXT} at (1,1) size 93x17
                  text run at (1,1) width 93: "Normal table."
        RenderTable {TABLE} at (316,158) size 152x27
          RenderTableSection {TBODY} at (2,2) size 0x23
            RenderTableRow {TR} at (0,0) size 0x0
              RenderTableCell {TD} at (2,2) size 144x19 [r=0 c=0 rs=1 cs=1]
                RenderText {TEXT} at (1,1) size 142x17
                  text run at (1,1) width 142: "Center aligned table."
        RenderTable {TABLE} at (8,185) size 205x27
          RenderTableSection {TBODY} at (2,2) size 0x23
            RenderTableRow {TR} at (0,0) size 0x0
              RenderTableCell {TD} at (2,2) size 197x19 [r=0 c=0 rs=1 cs=1]
                RenderText {TEXT} at (1,1) size 195x17
                  text run at (1,1) width 195: "Center table (fixed margins)."
      RenderBlock {DIV} at (0,235) size 784x218
        RenderBlock {DIV} at (6,6) size 408x25
          RenderText {TEXT} at (4,4) size 278x17
            text run at (4,4) width 278: "Normal fixed width div inside normal div"
        RenderBlock {DIV} at (6,31) size 408x25
          RenderText {TEXT} at (4,4) size 254x17
            text run at (4,4) width 254: "Left fixed width div inside normal div"
        RenderBlock {DIV} at (6,56) size 408x25
          RenderText {TEXT} at (67,4) size 273x17
            text run at (67,4) width 273: "Center fixed width div inside normal div"
        RenderBlock {DIV} at (6,81) size 408x25
          RenderText {TEXT} at (140,4) size 264x17
            text run at (140,4) width 264: "Right fixed width div inside normal div"
        RenderBlock {CENTER} at (6,106) size 408x25
          RenderText {TEXT} at (62,4) size 283x17
            text run at (62,4) width 283: "Center tag (fixed width) inside normal div"
        RenderTable {TABLE} at (6,131) size 400x27
          RenderTableSection {TBODY} at (2,2) size 0x23
            RenderTableRow {TR} at (0,0) size 0x0
              RenderTableCell {TD} at (2,2) size 392x19 [r=0 c=0 rs=1 cs=1]
                RenderText {TEXT} at (1,1) size 93x17
                  text run at (1,1) width 93: "Normal table."
        RenderTable {TABLE} at (192,158) size 400x27
          RenderTableSection {TBODY} at (2,2) size 0x23
            RenderTableRow {TR} at (0,0) size 0x0
              RenderTableCell {TD} at (2,2) size 392x19 [r=0 c=0 rs=1 cs=1]
                RenderText {TEXT} at (1,1) size 142x17
                  text run at (1,1) width 142: "Center aligned table."
        RenderTable {TABLE} at (8,185) size 400x27
          RenderTableSection {TBODY} at (2,2) size 0x23
            RenderTableRow {TR} at (0,0) size 0x0
              RenderTableCell {TD} at (2,2) size 392x19 [r=0 c=0 rs=1 cs=1]
                RenderText {TEXT} at (1,1) size 195x17
                  text run at (1,1) width 195: "Center table (fixed margins)."
      RenderBlock {DIV} at (0,453) size 784x218
        RenderBlock {DIV} at (6,6) size 772x25
          RenderText {TEXT} at (4,4) size 216x17
            text run at (4,4) width 216: "Normal div inside align=left div"
        RenderBlock {DIV} at (6,31) size 772x25
          RenderText {TEXT} at (4,4) size 192x17
            text run at (4,4) width 192: "Left div inside align=left div"
        RenderBlock {DIV} at (6,56) size 772x25
          RenderText {TEXT} at (280,4) size 211x17
            text run at (280,4) width 211: "Center div inside align=left div"
        RenderBlock {DIV} at (6,81) size 772x25
          RenderText {TEXT} at (566,4) size 202x17
            text run at (566,4) width 202: "Right div inside align=left div"
        RenderBlock {CENTER} at (6,106) size 772x25
          RenderText {TEXT} at (280,4) size 212x17
            text run at (280,4) width 212: "Center tag inside align=left div"
        RenderTable {TABLE} at (6,131) size 103x27
          RenderTableSection {TBODY} at (2,2) size 0x23
            RenderTableRow {TR} at (0,0) size 0x0
              RenderTableCell {TD} at (2,2) size 95x19 [r=0 c=0 rs=1 cs=1]
                RenderText {TEXT} at (1,1) size 93x17
                  text run at (1,1) width 93: "Normal table."
        RenderTable {TABLE} at (316,158) size 152x27
          RenderTableSection {TBODY} at (2,2) size 0x23
            RenderTableRow {TR} at (0,0) size 0x0
              RenderTableCell {TD} at (2,2) size 144x19 [r=0 c=0 rs=1 cs=1]
                RenderText {TEXT} at (1,1) size 142x17
                  text run at (1,1) width 142: "Center aligned table."
        RenderTable {TABLE} at (8,185) size 205x27
          RenderTableSection {TBODY} at (2,2) size 0x23
            RenderTableRow {TR} at (0,0) size 0x0
              RenderTableCell {TD} at (2,2) size 197x19 [r=0 c=0 rs=1 cs=1]
                RenderText {TEXT} at (1,1) size 195x17
                  text run at (1,1) width 195: "Center table (fixed margins)."
      RenderBlock {DIV} at (0,671) size 784x218
        RenderBlock {DIV} at (6,6) size 408x25
          RenderText {TEXT} at (4,4) size 297x17
            text run at (4,4) width 297: "Normal fixed width div inside align=left div"
        RenderBlock {DIV} at (6,31) size 408x25
          RenderText {TEXT} at (4,4) size 273x17
            text run at (4,4) width 273: "Left fixed width div inside align=left div"
        RenderBlock {DIV} at (6,56) size 408x25
          RenderText {TEXT} at (58,4) size 292x17
            text run at (58,4) width 292: "Center fixed width div inside align=left div"
        RenderBlock {DIV} at (6,81) size 408x25
          RenderText {TEXT} at (121,4) size 283x17
            text run at (121,4) width 283: "Right fixed width div inside align=left div"
        RenderBlock {CENTER} at (6,106) size 408x25
          RenderText {TEXT} at (53,4) size 302x17
            text run at (53,4) width 302: "Center tag (fixed width) inside align=left div"
        RenderTable {TABLE} at (6,131) size 400x27
          RenderTableSection {TBODY} at (2,2) size 0x23
            RenderTableRow {TR} at (0,0) size 0x0
              RenderTableCell {TD} at (2,2) size 392x19 [r=0 c=0 rs=1 cs=1]
                RenderText {TEXT} at (1,1) size 93x17
                  text run at (1,1) width 93: "Normal table."
        RenderTable {TABLE} at (192,158) size 400x27
          RenderTableSection {TBODY} at (2,2) size 0x23
            RenderTableRow {TR} at (0,0) size 0x0
              RenderTableCell {TD} at (2,2) size 392x19 [r=0 c=0 rs=1 cs=1]
                RenderText {TEXT} at (1,1) size 142x17
                  text run at (1,1) width 142: "Center aligned table."
        RenderTable {TABLE} at (8,185) size 400x27
          RenderTableSection {TBODY} at (2,2) size 0x23
            RenderTableRow {TR} at (0,0) size 0x0
              RenderTableCell {TD} at (2,2) size 392x19 [r=0 c=0 rs=1 cs=1]
                RenderText {TEXT} at (1,1) size 195x17
                  text run at (1,1) width 195: "Center table (fixed margins)."
      RenderBlock {DIV} at (0,889) size 784x218
        RenderBlock {DIV} at (6,6) size 772x25
          RenderText {TEXT} at (265,4) size 241x17
            text run at (265,4) width 241: "Normal div inside align= center div"
        RenderBlock {DIV} at (6,31) size 772x25
          RenderText {TEXT} at (4,4) size 212x17
            text run at (4,4) width 212: "Left div inside align=center div"
        RenderBlock {DIV} at (6,56) size 772x25
          RenderText {TEXT} at (270,4) size 231x17
            text run at (270,4) width 231: "Center div inside align=center div"
        RenderBlock {DIV} at (6,81) size 772x25
          RenderText {TEXT} at (546,4) size 222x17
            text run at (546,4) width 222: "Right div inside align=center div"
        RenderBlock {CENTER} at (6,106) size 772x25
          RenderText {TEXT} at (270,4) size 232x17
            text run at (270,4) width 232: "Center tag inside align=center div"
        RenderTable {TABLE} at (340,131) size 103x27
          RenderTableSection {TBODY} at (2,2) size 0x23
            RenderTableRow {TR} at (0,0) size 0x0
              RenderTableCell {TD} at (2,2) size 95x19 [r=0 c=0 rs=1 cs=1]
                RenderText {TEXT} at (1,1) size 93x17
                  text run at (1,1) width 93: "Normal table."
        RenderTable {TABLE} at (316,158) size 152x27
          RenderTableSection {TBODY} at (2,2) size 0x23
            RenderTableRow {TR} at (0,0) size 0x0
              RenderTableCell {TD} at (2,2) size 144x19 [r=0 c=0 rs=1 cs=1]
                RenderText {TEXT} at (1,1) size 142x17
                  text run at (1,1) width 142: "Center aligned table."
        RenderTable {TABLE} at (289,185) size 205x27
          RenderTableSection {TBODY} at (2,2) size 0x23
            RenderTableRow {TR} at (0,0) size 0x0
              RenderTableCell {TD} at (2,2) size 197x19 [r=0 c=0 rs=1 cs=1]
                RenderText {TEXT} at (1,1) size 195x17
                  text run at (1,1) width 195: "Center table (fixed margins)."
      RenderBlock {DIV} at (0,1107) size 784x302
        RenderBlock {DIV} at (188,6) size 408x25
          RenderText {TEXT} at (45,4) size 317x17
            text run at (45,4) width 317: "Normal fixed width div inside align=center div"
        RenderBlock {DIV} at (370,31) size 408x42
          RenderText {TEXT} at (42,4) size 324x34
            text run at (42,4) width 324: "Normal fixed width div (auto left margin) inside"
            text run at (148,21) width 112: "align=center div"
        RenderBlock {DIV} at (6,73) size 408x42
          RenderText {TEXT} at (37,4) size 334x34
            text run at (37,4) width 334: "Normal fixed width div (auto right margin) inside"
            text run at (148,21) width 112: "align=center div"
        RenderBlock {DIV} at (188,115) size 408x25
          RenderText {TEXT} at (4,4) size 293x17
            text run at (4,4) width 293: "Left fixed width div inside align=center div"
        RenderBlock {DIV} at (188,140) size 408x25
          RenderText {TEXT} at (48,4) size 312x17
            text run at (48,4) width 312: "Center fixed width div inside align=center div"
        RenderBlock {DIV} at (188,165) size 408x25
          RenderText {TEXT} at (101,4) size 303x17
            text run at (101,4) width 303: "Right fixed width div inside align=center div"
        RenderBlock {CENTER} at (188,190) size 408x25
          RenderText {TEXT} at (43,4) size 322x17
            text run at (43,4) width 322: "Center tag (fixed width) inside align=center div"
        RenderTable {TABLE} at (192,215) size 400x27
          RenderTableSection {TBODY} at (2,2) size 0x23
            RenderTableRow {TR} at (0,0) size 0x0
              RenderTableCell {TD} at (2,2) size 392x19 [r=0 c=0 rs=1 cs=1]
                RenderText {TEXT} at (1,1) size 93x17
                  text run at (1,1) width 93: "Normal table."
        RenderTable {TABLE} at (192,242) size 400x27
          RenderTableSection {TBODY} at (2,2) size 0x23
            RenderTableRow {TR} at (0,0) size 0x0
              RenderTableCell {TD} at (2,2) size 392x19 [r=0 c=0 rs=1 cs=1]
                RenderText {TEXT} at (1,1) size 142x17
                  text run at (1,1) width 142: "Center aligned table."
        RenderTable {TABLE} at (192,269) size 400x27
          RenderTableSection {TBODY} at (2,2) size 0x23
            RenderTableRow {TR} at (0,0) size 0x0
              RenderTableCell {TD} at (2,2) size 392x19 [r=0 c=0 rs=1 cs=1]
                RenderText {TEXT} at (1,1) size 195x17
                  text run at (1,1) width 195: "Center table (fixed margins)."
      RenderBlock {DIV} at (0,1409) size 784x218
        RenderBlock {DIV} at (6,6) size 772x25
          RenderText {TEXT} at (542,4) size 226x17
            text run at (542,4) width 226: "Normal div inside align=right div"
        RenderBlock {DIV} at (6,31) size 772x25
          RenderText {TEXT} at (4,4) size 202x17
            text run at (4,4) width 202: "Left div inside align=right div"
        RenderBlock {DIV} at (6,56) size 772x25
          RenderText {TEXT} at (275,4) size 221x17
            text run at (275,4) width 221: "Center div inside align=right div"
        RenderBlock {DIV} at (6,81) size 772x25
          RenderText {TEXT} at (556,4) size 212x17
            text run at (556,4) width 212: "Right div inside align=right div"
        RenderBlock {CENTER} at (6,106) size 772x25
          RenderText {TEXT} at (275,4) size 222x17
            text run at (275,4) width 222: "Center tag inside align=right div"
        RenderTable {TABLE} at (675,131) size 103x27
          RenderTableSection {TBODY} at (2,2) size 0x23
            RenderTableRow {TR} at (0,0) size 0x0
              RenderTableCell {TD} at (2,2) size 95x19 [r=0 c=0 rs=1 cs=1]
                RenderText {TEXT} at (1,1) size 93x17
                  text run at (1,1) width 93: "Normal table."
        RenderTable {TABLE} at (316,158) size 152x27
          RenderTableSection {TBODY} at (2,2) size 0x23
            RenderTableRow {TR} at (0,0) size 0x0
              RenderTableCell {TD} at (2,2) size 144x19 [r=0 c=0 rs=1 cs=1]
                RenderText {TEXT} at (1,1) size 142x17
                  text run at (1,1) width 142: "Center aligned table."
        RenderTable {TABLE} at (571,185) size 205x27
          RenderTableSection {TBODY} at (2,2) size 0x23
            RenderTableRow {TR} at (0,0) size 0x0
              RenderTableCell {TD} at (2,2) size 197x19 [r=0 c=0 rs=1 cs=1]
                RenderText {TEXT} at (1,1) size 195x17
                  text run at (1,1) width 195: "Center table (fixed margins)."
      RenderBlock {DIV} at (0,1627) size 784x218
        RenderBlock {DIV} at (370,6) size 408x25
          RenderText {TEXT} at (97,4) size 307x17
            text run at (97,4) width 307: "Normal fixed width div inside align=right div"
        RenderBlock {DIV} at (370,31) size 408x25
          RenderText {TEXT} at (4,4) size 283x17
            text run at (4,4) width 283: "Left fixed width div inside align=right div"
        RenderBlock {DIV} at (370,56) size 408x25
          RenderText {TEXT} at (53,4) size 302x17
            text run at (53,4) width 302: "Center fixed width div inside align=right div"
        RenderBlock {DIV} at (370,81) size 408x25
          RenderText {TEXT} at (111,4) size 293x17
            text run at (111,4) width 293: "Right fixed width div inside align=right div"
        RenderBlock {CENTER} at (370,106) size 408x25
          RenderText {TEXT} at (48,4) size 312x17
            text run at (48,4) width 312: "Center tag (fixed width) inside align=right div"
        RenderTable {TABLE} at (378,131) size 400x27
          RenderTableSection {TBODY} at (2,2) size 0x23
            RenderTableRow {TR} at (0,0) size 0x0
              RenderTableCell {TD} at (2,2) size 392x19 [r=0 c=0 rs=1 cs=1]
                RenderText {TEXT} at (1,1) size 93x17
                  text run at (1,1) width 93: "Normal table."
        RenderTable {TABLE} at (192,158) size 400x27
          RenderTableSection {TBODY} at (2,2) size 0x23
            RenderTableRow {TR} at (0,0) size 0x0
              RenderTableCell {TD} at (2,2) size 392x19 [r=0 c=0 rs=1 cs=1]
                RenderText {TEXT} at (1,1) size 142x17
                  text run at (1,1) width 142: "Center aligned table."
        RenderTable {TABLE} at (376,185) size 400x27
          RenderTableSection {TBODY} at (2,2) size 0x23
            RenderTableRow {TR} at (0,0) size 0x0
              RenderTableCell {TD} at (2,2) size 392x19 [r=0 c=0 rs=1 cs=1]
                RenderText {TEXT} at (1,1) size 195x17
                  text run at (1,1) width 195: "Center table (fixed margins)."
      RenderBlock {P} at (0,1859) size 784x17
        RenderText {TEXT} at (0,0) size 382x17
          text run at (0,0) width 382: "This is a test using TABLE cells (all in the LTR direction)."
      RenderTable {TABLE} at (0,1890) size 784x224
        RenderTableSection {TBODY} at (2,2) size 0x220
          RenderTableRow {TR} at (0,0) size 0x0
            RenderTableCell {TD} at (2,2) size 776x216 [r=0 c=0 rs=1 cs=1]
              RenderBlock {DIV} at (5,5) size 766x25
                RenderText {TEXT} at (4,4) size 191x17
                  text run at (4,4) width 191: "Normal div inside normal td"
              RenderBlock {DIV} at (5,30) size 766x25
                RenderText {TEXT} at (4,4) size 167x17
                  text run at (4,4) width 167: "Left div inside normal td"
              RenderBlock {DIV} at (5,55) size 766x25
                RenderText {TEXT} at (290,4) size 186x17
                  text run at (290,4) width 186: "Center div inside normal td"
              RenderBlock {DIV} at (5,80) size 766x25
                RenderText {TEXT} at (585,4) size 177x17
                  text run at (585,4) width 177: "Right div inside normal td"
              RenderBlock {CENTER} at (5,105) size 766x25
                RenderText {TEXT} at (289,4) size 187x17
                  text run at (289,4) width 187: "Center tag inside normal td"
              RenderTable {TABLE} at (5,130) size 103x27
                RenderTableSection {TBODY} at (2,2) size 0x23
                  RenderTableRow {TR} at (0,0) size 0x0
                    RenderTableCell {TD} at (2,2) size 95x19 [r=0 c=0 rs=1 cs=1]
                      RenderText {TEXT} at (1,1) size 93x17
                        text run at (1,1) width 93: "Normal table."
              RenderTable {TABLE} at (312,157) size 152x27
                RenderTableSection {TBODY} at (2,2) size 0x23
                  RenderTableRow {TR} at (0,0) size 0x0
                    RenderTableCell {TD} at (2,2) size 144x19 [r=0 c=0 rs=1 cs=1]
                      RenderText {TEXT} at (1,1) size 142x17
                        text run at (1,1) width 142: "Center aligned table."
              RenderTable {TABLE} at (7,184) size 205x27
                RenderTableSection {TBODY} at (2,2) size 0x23
                  RenderTableRow {TR} at (0,0) size 0x0
                    RenderTableCell {TD} at (2,2) size 197x19 [r=0 c=0 rs=1 cs=1]
                      RenderText {TEXT} at (1,1) size 195x17
                        text run at (1,1) width 195: "Center table (fixed margins)."
      RenderTable {TABLE} at (0,2114) size 784x224
        RenderTableSection {TBODY} at (2,2) size 0x220
          RenderTableRow {TR} at (0,0) size 0x0
            RenderTableCell {TD} at (2,2) size 776x216 [r=0 c=0 rs=1 cs=1]
              RenderBlock {DIV} at (5,5) size 408x25
                RenderText {TEXT} at (4,4) size 272x17
                  text run at (4,4) width 272: "Normal fixed width div inside normal td"
              RenderBlock {DIV} at (5,30) size 408x25
                RenderText {TEXT} at (4,4) size 248x17
                  text run at (4,4) width 248: "Left fixed width div inside normal td"
              RenderBlock {DIV} at (5,55) size 408x25
                RenderText {TEXT} at (70,4) size 267x17
                  text run at (70,4) width 267: "Center fixed width div inside normal td"
              RenderBlock {DIV} at (5,80) size 408x25
                RenderText {TEXT} at (146,4) size 258x17
                  text run at (146,4) width 258: "Right fixed width div inside normal td"
              RenderBlock {CENTER} at (5,105) size 408x25
                RenderText {TEXT} at (65,4) size 277x17
                  text run at (65,4) width 277: "Center tag (fixed width) inside normal td"
              RenderTable {TABLE} at (5,130) size 400x27
                RenderTableSection {TBODY} at (2,2) size 0x23
                  RenderTableRow {TR} at (0,0) size 0x0
                    RenderTableCell {TD} at (2,2) size 392x19 [r=0 c=0 rs=1 cs=1]
                      RenderText {TEXT} at (1,1) size 93x17
                        text run at (1,1) width 93: "Normal table."
              RenderTable {TABLE} at (188,157) size 400x27
                RenderTableSection {TBODY} at (2,2) size 0x23
                  RenderTableRow {TR} at (0,0) size 0x0
                    RenderTableCell {TD} at (2,2) size 392x19 [r=0 c=0 rs=1 cs=1]
                      RenderText {TEXT} at (1,1) size 142x17
                        text run at (1,1) width 142: "Center aligned table."
              RenderTable {TABLE} at (7,184) size 400x27
                RenderTableSection {TBODY} at (2,2) size 0x23
                  RenderTableRow {TR} at (0,0) size 0x0
                    RenderTableCell {TD} at (2,2) size 392x19 [r=0 c=0 rs=1 cs=1]
                      RenderText {TEXT} at (1,1) size 195x17
                        text run at (1,1) width 195: "Center table (fixed margins)."
      RenderTable {TABLE} at (0,2338) size 784x224
        RenderTableSection {TBODY} at (2,2) size 0x220
          RenderTableRow {TR} at (0,0) size 0x0
            RenderTableCell {TD} at (2,2) size 776x216 [r=0 c=0 rs=1 cs=1]
              RenderBlock {DIV} at (5,5) size 766x25
                RenderText {TEXT} at (4,4) size 210x17
                  text run at (4,4) width 210: "Normal div inside align=left td"
              RenderBlock {DIV} at (5,30) size 766x25
                RenderText {TEXT} at (4,4) size 186x17
                  text run at (4,4) width 186: "Left div inside align=left td"
              RenderBlock {DIV} at (5,55) size 766x25
                RenderText {TEXT} at (280,4) size 205x17
                  text run at (280,4) width 205: "Center div inside align=left td"
              RenderBlock {DIV} at (5,80) size 766x25
                RenderText {TEXT} at (566,4) size 196x17
                  text run at (566,4) width 196: "Right div inside align=left td"
              RenderBlock {CENTER} at (5,105) size 766x25
                RenderText {TEXT} at (280,4) size 206x17
                  text run at (280,4) width 206: "Center tag inside align=left td"
              RenderTable {TABLE} at (5,130) size 103x27
                RenderTableSection {TBODY} at (2,2) size 0x23
                  RenderTableRow {TR} at (0,0) size 0x0
                    RenderTableCell {TD} at (2,2) size 95x19 [r=0 c=0 rs=1 cs=1]
                      RenderText {TEXT} at (1,1) size 93x17
                        text run at (1,1) width 93: "Normal table."
              RenderTable {TABLE} at (312,157) size 152x27
                RenderTableSection {TBODY} at (2,2) size 0x23
                  RenderTableRow {TR} at (0,0) size 0x0
                    RenderTableCell {TD} at (2,2) size 144x19 [r=0 c=0 rs=1 cs=1]
                      RenderText {TEXT} at (1,1) size 142x17
                        text run at (1,1) width 142: "Center aligned table."
              RenderTable {TABLE} at (7,184) size 205x27
                RenderTableSection {TBODY} at (2,2) size 0x23
                  RenderTableRow {TR} at (0,0) size 0x0
                    RenderTableCell {TD} at (2,2) size 197x19 [r=0 c=0 rs=1 cs=1]
                      RenderText {TEXT} at (1,1) size 195x17
                        text run at (1,1) width 195: "Center table (fixed margins)."
      RenderTable {TABLE} at (0,2562) size 784x224
        RenderTableSection {TBODY} at (2,2) size 0x220
          RenderTableRow {TR} at (0,0) size 0x0
            RenderTableCell {TD} at (2,2) size 776x216 [r=0 c=0 rs=1 cs=1]
              RenderBlock {DIV} at (5,5) size 408x25
                RenderText {TEXT} at (4,4) size 291x17
                  text run at (4,4) width 291: "Normal fixed width div inside align=left td"
              RenderBlock {DIV} at (5,30) size 408x25
                RenderText {TEXT} at (4,4) size 267x17
                  text run at (4,4) width 267: "Left fixed width div inside align=left td"
              RenderBlock {DIV} at (5,55) size 408x25
                RenderText {TEXT} at (61,4) size 286x17
                  text run at (61,4) width 286: "Center fixed width div inside align=left td"
              RenderBlock {DIV} at (5,80) size 408x25
                RenderText {TEXT} at (127,4) size 277x17
                  text run at (127,4) width 277: "Right fixed width div inside align=left td"
              RenderBlock {CENTER} at (5,105) size 408x25
                RenderText {TEXT} at (56,4) size 296x17
                  text run at (56,4) width 296: "Center tag (fixed width) inside align=left td"
              RenderTable {TABLE} at (5,130) size 400x27
                RenderTableSection {TBODY} at (2,2) size 0x23
                  RenderTableRow {TR} at (0,0) size 0x0
                    RenderTableCell {TD} at (2,2) size 392x19 [r=0 c=0 rs=1 cs=1]
                      RenderText {TEXT} at (1,1) size 93x17
                        text run at (1,1) width 93: "Normal table."
              RenderTable {TABLE} at (188,157) size 400x27
                RenderTableSection {TBODY} at (2,2) size 0x23
                  RenderTableRow {TR} at (0,0) size 0x0
                    RenderTableCell {TD} at (2,2) size 392x19 [r=0 c=0 rs=1 cs=1]
                      RenderText {TEXT} at (1,1) size 142x17
                        text run at (1,1) width 142: "Center aligned table."
              RenderTable {TABLE} at (7,184) size 400x27
                RenderTableSection {TBODY} at (2,2) size 0x23
                  RenderTableRow {TR} at (0,0) size 0x0
                    RenderTableCell {TD} at (2,2) size 392x19 [r=0 c=0 rs=1 cs=1]
                      RenderText {TEXT} at (1,1) size 195x17
                        text run at (1,1) width 195: "Center table (fixed margins)."
      RenderTable {TABLE} at (0,2786) size 784x224
        RenderTableSection {TBODY} at (2,2) size 0x220
          RenderTableRow {TR} at (0,0) size 0x0
            RenderTableCell {TD} at (2,2) size 776x216 [r=0 c=0 rs=1 cs=1]
              RenderBlock {DIV} at (5,5) size 766x25
                RenderText {TEXT} at (265,4) size 235x17
                  text run at (265,4) width 235: "Normal div inside align= center td"
              RenderBlock {DIV} at (5,30) size 766x25
                RenderText {TEXT} at (4,4) size 206x17
                  text run at (4,4) width 206: "Left div inside align=center td"
              RenderBlock {DIV} at (5,55) size 766x25
                RenderText {TEXT} at (270,4) size 225x17
                  text run at (270,4) width 225: "Center div inside align=center td"
              RenderBlock {DIV} at (5,80) size 766x25
                RenderText {TEXT} at (546,4) size 216x17
                  text run at (546,4) width 216: "Right div inside align=center td"
              RenderBlock {CENTER} at (5,105) size 766x25
                RenderText {TEXT} at (270,4) size 226x17
                  text run at (270,4) width 226: "Center tag inside align=center td"
              RenderTable {TABLE} at (336,130) size 103x27
                RenderTableSection {TBODY} at (2,2) size 0x23
                  RenderTableRow {TR} at (0,0) size 0x0
                    RenderTableCell {TD} at (2,2) size 95x19 [r=0 c=0 rs=1 cs=1]
                      RenderText {TEXT} at (1,1) size 93x17
                        text run at (1,1) width 93: "Normal table."
              RenderTable {TABLE} at (312,157) size 152x27
                RenderTableSection {TBODY} at (2,2) size 0x23
                  RenderTableRow {TR} at (0,0) size 0x0
                    RenderTableCell {TD} at (2,2) size 144x19 [r=0 c=0 rs=1 cs=1]
                      RenderText {TEXT} at (1,1) size 142x17
                        text run at (1,1) width 142: "Center aligned table."
              RenderTable {TABLE} at (285,184) size 205x27
                RenderTableSection {TBODY} at (2,2) size 0x23
                  RenderTableRow {TR} at (0,0) size 0x0
                    RenderTableCell {TD} at (2,2) size 197x19 [r=0 c=0 rs=1 cs=1]
                      RenderText {TEXT} at (1,1) size 195x17
                        text run at (1,1) width 195: "Center table (fixed margins)."
      RenderTable {TABLE} at (0,3010) size 784x224
        RenderTableSection {TBODY} at (2,2) size 0x220
          RenderTableRow {TR} at (0,0) size 0x0
            RenderTableCell {TD} at (2,2) size 776x216 [r=0 c=0 rs=1 cs=1]
              RenderBlock {DIV} at (184,5) size 408x25
                RenderText {TEXT} at (48,4) size 311x17
                  text run at (48,4) width 311: "Normal fixed width div inside align=center td"
              RenderBlock {DIV} at (184,30) size 408x25
                RenderText {TEXT} at (4,4) size 287x17
                  text run at (4,4) width 287: "Left fixed width div inside align=center td"
              RenderBlock {DIV} at (184,55) size 408x25
                RenderText {TEXT} at (51,4) size 306x17
                  text run at (51,4) width 306: "Center fixed width div inside align=center td"
              RenderBlock {DIV} at (184,80) size 408x25
                RenderText {TEXT} at (107,4) size 297x17
                  text run at (107,4) width 297: "Right fixed width div inside align=center td"
              RenderBlock {CENTER} at (184,105) size 408x25
                RenderText {TEXT} at (46,4) size 316x17
                  text run at (46,4) width 316: "Center tag (fixed width) inside align=center td"
              RenderTable {TABLE} at (188,130) size 400x27
                RenderTableSection {TBODY} at (2,2) size 0x23
                  RenderTableRow {TR} at (0,0) size 0x0
                    RenderTableCell {TD} at (2,2) size 392x19 [r=0 c=0 rs=1 cs=1]
                      RenderText {TEXT} at (1,1) size 93x17
                        text run at (1,1) width 93: "Normal table."
              RenderTable {TABLE} at (188,157) size 400x27
                RenderTableSection {TBODY} at (2,2) size 0x23
                  RenderTableRow {TR} at (0,0) size 0x0
                    RenderTableCell {TD} at (2,2) size 392x19 [r=0 c=0 rs=1 cs=1]
                      RenderText {TEXT} at (1,1) size 142x17
                        text run at (1,1) width 142: "Center aligned table."
              RenderTable {TABLE} at (188,184) size 400x27
                RenderTableSection {TBODY} at (2,2) size 0x23
                  RenderTableRow {TR} at (0,0) size 0x0
                    RenderTableCell {TD} at (2,2) size 392x19 [r=0 c=0 rs=1 cs=1]
                      RenderText {TEXT} at (1,1) size 195x17
                        text run at (1,1) width 195: "Center table (fixed margins)."
      RenderTable {TABLE} at (0,3234) size 784x224
        RenderTableSection {TBODY} at (2,2) size 0x220
          RenderTableRow {TR} at (0,0) size 0x0
            RenderTableCell {TD} at (2,2) size 776x216 [r=0 c=0 rs=1 cs=1]
              RenderBlock {DIV} at (5,5) size 766x25
                RenderText {TEXT} at (542,4) size 220x17
                  text run at (542,4) width 220: "Normal div inside align=right td"
              RenderBlock {DIV} at (5,30) size 766x25
                RenderText {TEXT} at (4,4) size 196x17
                  text run at (4,4) width 196: "Left div inside align=right td"
              RenderBlock {DIV} at (5,55) size 766x25
                RenderText {TEXT} at (275,4) size 215x17
                  text run at (275,4) width 215: "Center div inside align=right td"
              RenderBlock {DIV} at (5,80) size 766x25
                RenderText {TEXT} at (556,4) size 206x17
                  text run at (556,4) width 206: "Right div inside align=right td"
              RenderBlock {CENTER} at (5,105) size 766x25
                RenderText {TEXT} at (275,4) size 216x17
                  text run at (275,4) width 216: "Center tag inside align=right td"
              RenderTable {TABLE} at (668,130) size 103x27
                RenderTableSection {TBODY} at (2,2) size 0x23
                  RenderTableRow {TR} at (0,0) size 0x0
                    RenderTableCell {TD} at (2,2) size 95x19 [r=0 c=0 rs=1 cs=1]
                      RenderText {TEXT} at (1,1) size 93x17
                        text run at (1,1) width 93: "Normal table."
              RenderTable {TABLE} at (312,157) size 152x27
                RenderTableSection {TBODY} at (2,2) size 0x23
                  RenderTableRow {TR} at (0,0) size 0x0
                    RenderTableCell {TD} at (2,2) size 144x19 [r=0 c=0 rs=1 cs=1]
                      RenderText {TEXT} at (1,1) size 142x17
                        text run at (1,1) width 142: "Center aligned table."
              RenderTable {TABLE} at (564,184) size 205x27
                RenderTableSection {TBODY} at (2,2) size 0x23
                  RenderTableRow {TR} at (0,0) size 0x0
                    RenderTableCell {TD} at (2,2) size 197x19 [r=0 c=0 rs=1 cs=1]
                      RenderText {TEXT} at (1,1) size 195x17
                        text run at (1,1) width 195: "Center table (fixed margins)."
      RenderTable {TABLE} at (0,3458) size 784x224
        RenderTableSection {TBODY} at (2,2) size 0x220
          RenderTableRow {TR} at (0,0) size 0x0
            RenderTableCell {TD} at (2,2) size 776x216 [r=0 c=0 rs=1 cs=1]
              RenderBlock {DIV} at (363,5) size 408x25
                RenderText {TEXT} at (103,4) size 301x17
                  text run at (103,4) width 301: "Normal fixed width div inside align=right td"
              RenderBlock {DIV} at (363,30) size 408x25
                RenderText {TEXT} at (4,4) size 277x17
                  text run at (4,4) width 277: "Left fixed width div inside align=right td"
              RenderBlock {DIV} at (363,55) size 408x25
                RenderText {TEXT} at (56,4) size 296x17
                  text run at (56,4) width 296: "Center fixed width div inside align=right td"
              RenderBlock {DIV} at (363,80) size 408x25
                RenderText {TEXT} at (117,4) size 287x17
                  text run at (117,4) width 287: "Right fixed width div inside align=right td"
              RenderBlock {CENTER} at (363,105) size 408x25
                RenderText {TEXT} at (51,4) size 306x17
                  text run at (51,4) width 306: "Center tag (fixed width) inside align=right td"
              RenderTable {TABLE} at (371,130) size 400x27
                RenderTableSection {TBODY} at (2,2) size 0x23
                  RenderTableRow {TR} at (0,0) size 0x0
                    RenderTableCell {TD} at (2,2) size 392x19 [r=0 c=0 rs=1 cs=1]
                      RenderText {TEXT} at (1,1) size 93x17
                        text run at (1,1) width 93: "Normal table."
              RenderTable {TABLE} at (188,157) size 400x27
                RenderTableSection {TBODY} at (2,2) size 0x23
                  RenderTableRow {TR} at (0,0) size 0x0
                    RenderTableCell {TD} at (2,2) size 392x19 [r=0 c=0 rs=1 cs=1]
                      RenderText {TEXT} at (1,1) size 142x17
                        text run at (1,1) width 142: "Center aligned table."
              RenderTable {TABLE} at (369,184) size 400x27
                RenderTableSection {TBODY} at (2,2) size 0x23
                  RenderTableRow {TR} at (0,0) size 0x0
                    RenderTableCell {TD} at (2,2) size 392x19 [r=0 c=0 rs=1 cs=1]
                      RenderText {TEXT} at (1,1) size 195x17
                        text run at (1,1) width 195: "Center table (fixed margins)."
      RenderBlock {DIV} at (0,3696) size 784x3602
        RenderBlock (anonymous) at (2,2) size 780x17
          RenderText {TEXT} at (310,0) size 470x17
            text run at (310,0) width 5: "."
            text run at (315,0) width 465: "This is a test of all the various HTML alignments using RTL direction"
        RenderBlock {DIV} at (2,19) size 780x218
          RenderBlock {DIV} at (6,6) size 768x25
            RenderText {TEXT} at (567,4) size 197x17
              text run at (567,4) width 197: "Normal div inside normal div"
          RenderBlock {DIV} at (6,31) size 768x25
            RenderText {TEXT} at (4,4) size 173x17
              text run at (4,4) width 173: "Left div inside normal div"
          RenderBlock {DIV} at (6,56) size 768x25
            RenderText {TEXT} at (288,4) size 192x17
              text run at (288,4) width 192: "Center div inside normal div"
          RenderBlock {DIV} at (6,81) size 768x25
            RenderText {TEXT} at (581,4) size 183x17
              text run at (581,4) width 183: "Right div inside normal div"
          RenderBlock {CENTER} at (6,106) size 768x25
            RenderText {TEXT} at (287,4) size 193x17
              text run at (287,4) width 193: "Center tag inside normal div"
          RenderTable {TABLE} at (665,131) size 103x27
            RenderTableSection {TBODY} at (2,2) size 0x23
              RenderTableRow {TR} at (0,0) size 0x0
                RenderTableCell {TD} at (2,2) size 95x19 [r=0 c=0 rs=1 cs=1]
                  RenderText {TEXT} at (1,1) size 93x17
                    text run at (1,1) width 5: "."
                    text run at (6,1) width 88: "Normal table"
          RenderTable {TABLE} at (308,158) size 152x27
            RenderTableSection {TBODY} at (2,2) size 0x23
              RenderTableRow {TR} at (0,0) size 0x0
                RenderTableCell {TD} at (2,2) size 144x19 [r=0 c=0 rs=1 cs=1]
                  RenderText {TEXT} at (1,1) size 142x17
                    text run at (1,1) width 5: "."
                    text run at (6,1) width 137: "Center aligned table"
          RenderTable {TABLE} at (561,185) size 205x27
            RenderTableSection {TBODY} at (2,2) size 0x23
              RenderTableRow {TR} at (0,0) size 0x0
                RenderTableCell {TD} at (2,2) size 197x19 [r=0 c=0 rs=1 cs=1]
                  RenderText {TEXT} at (0,1) size 196x17
                    text run at (0,1) width 10: ")."
                    text run at (10,1) width 186: "Center table (fixed margins"
        RenderBlock {DIV} at (2,237) size 780x218
          RenderBlock {DIV} at (366,6) size 408x25
            RenderText {TEXT} at (126,4) size 278x17
              text run at (126,4) width 278: "Normal fixed width div inside normal div"
          RenderBlock {DIV} at (366,31) size 408x25
            RenderText {TEXT} at (4,4) size 254x17
              text run at (4,4) width 254: "Left fixed width div inside normal div"
          RenderBlock {DIV} at (366,56) size 408x25
            RenderText {TEXT} at (67,4) size 273x17
              text run at (67,4) width 273: "Center fixed width div inside normal div"
          RenderBlock {DIV} at (366,81) size 408x25
            RenderText {TEXT} at (140,4) size 264x17
              text run at (140,4) width 264: "Right fixed width div inside normal div"
          RenderBlock {CENTER} at (366,106) size 408x25
            RenderText {TEXT} at (62,4) size 283x17
              text run at (62,4) width 283: "Center tag (fixed width) inside normal div"
          RenderTable {TABLE} at (368,131) size 400x27
            RenderTableSection {TBODY} at (2,2) size 0x23
              RenderTableRow {TR} at (0,0) size 0x0
                RenderTableCell {TD} at (2,2) size 392x19 [r=0 c=0 rs=1 cs=1]
                  RenderText {TEXT} at (298,1) size 93x17
                    text run at (298,1) width 5: "."
                    text run at (303,1) width 88: "Normal table"
          RenderTable {TABLE} at (184,158) size 400x27
            RenderTableSection {TBODY} at (2,2) size 0x23
              RenderTableRow {TR} at (0,0) size 0x0
                RenderTableCell {TD} at (2,2) size 392x19 [r=0 c=0 rs=1 cs=1]
                  RenderText {TEXT} at (249,1) size 142x17
                    text run at (249,1) width 5: "."
                    text run at (254,1) width 137: "Center aligned table"
          RenderTable {TABLE} at (366,185) size 400x27
            RenderTableSection {TBODY} at (2,2) size 0x23
              RenderTableRow {TR} at (0,0) size 0x0
                RenderTableCell {TD} at (2,2) size 392x19 [r=0 c=0 rs=1 cs=1]
                  RenderText {TEXT} at (195,1) size 196x17
                    text run at (195,1) width 10: ")."
                    text run at (205,1) width 186: "Center table (fixed margins"
        RenderBlock {DIV} at (2,455) size 780x218
          RenderBlock {DIV} at (6,6) size 768x25
            RenderText {TEXT} at (4,4) size 216x17
              text run at (4,4) width 216: "Normal div inside align=left div"
          RenderBlock {DIV} at (6,31) size 768x25
            RenderText {TEXT} at (4,4) size 192x17
              text run at (4,4) width 192: "Left div inside align=left div"
          RenderBlock {DIV} at (6,56) size 768x25
            RenderText {TEXT} at (278,4) size 211x17
              text run at (278,4) width 211: "Center div inside align=left div"
          RenderBlock {DIV} at (6,81) size 768x25
            RenderText {TEXT} at (562,4) size 202x17
              text run at (562,4) width 202: "Right div inside align=left div"
          RenderBlock {CENTER} at (6,106) size 768x25
            RenderText {TEXT} at (278,4) size 212x17
              text run at (278,4) width 212: "Center tag inside align=left div"
          RenderTable {TABLE} at (0,131) size 103x27
            RenderTableSection {TBODY} at (2,2) size 0x23
              RenderTableRow {TR} at (0,0) size 0x0
                RenderTableCell {TD} at (2,2) size 95x19 [r=0 c=0 rs=1 cs=1]
                  RenderText {TEXT} at (1,1) size 93x17
                    text run at (1,1) width 5: "."
                    text run at (6,1) width 88: "Normal table"
          RenderTable {TABLE} at (308,158) size 152x27
            RenderTableSection {TBODY} at (2,2) size 0x23
              RenderTableRow {TR} at (0,0) size 0x0
                RenderTableCell {TD} at (2,2) size 144x19 [r=0 c=0 rs=1 cs=1]
                  RenderText {TEXT} at (1,1) size 142x17
                    text run at (1,1) width 5: "."
                    text run at (6,1) width 137: "Center aligned table"
          RenderTable {TABLE} at (2,185) size 205x27
            RenderTableSection {TBODY} at (2,2) size 0x23
              RenderTableRow {TR} at (0,0) size 0x0
                RenderTableCell {TD} at (2,2) size 197x19 [r=0 c=0 rs=1 cs=1]
                  RenderText {TEXT} at (0,1) size 196x17
                    text run at (0,1) width 10: ")."
                    text run at (10,1) width 186: "Center table (fixed margins"
        RenderBlock {DIV} at (2,673) size 780x218
          RenderBlock {DIV} at (6,6) size 408x25
            RenderText {TEXT} at (4,4) size 297x17
              text run at (4,4) width 297: "Normal fixed width div inside align=left div"
          RenderBlock {DIV} at (6,31) size 408x25
            RenderText {TEXT} at (4,4) size 273x17
              text run at (4,4) width 273: "Left fixed width div inside align=left div"
          RenderBlock {DIV} at (6,56) size 408x25
            RenderText {TEXT} at (58,4) size 292x17
              text run at (58,4) width 292: "Center fixed width div inside align=left div"
          RenderBlock {DIV} at (6,81) size 408x25
            RenderText {TEXT} at (121,4) size 283x17
              text run at (121,4) width 283: "Right fixed width div inside align=left div"
          RenderBlock {CENTER} at (6,106) size 408x25
            RenderText {TEXT} at (53,4) size 302x17
              text run at (53,4) width 302: "Center tag (fixed width) inside align=left div"
          RenderTable {TABLE} at (0,131) size 400x27
            RenderTableSection {TBODY} at (2,2) size 0x23
              RenderTableRow {TR} at (0,0) size 0x0
                RenderTableCell {TD} at (2,2) size 392x19 [r=0 c=0 rs=1 cs=1]
                  RenderText {TEXT} at (298,1) size 93x17
                    text run at (298,1) width 5: "."
                    text run at (303,1) width 88: "Normal table"
          RenderTable {TABLE} at (184,158) size 400x27
            RenderTableSection {TBODY} at (2,2) size 0x23
              RenderTableRow {TR} at (0,0) size 0x0
                RenderTableCell {TD} at (2,2) size 392x19 [r=0 c=0 rs=1 cs=1]
                  RenderText {TEXT} at (249,1) size 142x17
                    text run at (249,1) width 5: "."
                    text run at (254,1) width 137: "Center aligned table"
          RenderTable {TABLE} at (2,185) size 400x27
            RenderTableSection {TBODY} at (2,2) size 0x23
              RenderTableRow {TR} at (0,0) size 0x0
                RenderTableCell {TD} at (2,2) size 392x19 [r=0 c=0 rs=1 cs=1]
                  RenderText {TEXT} at (195,1) size 196x17
                    text run at (195,1) width 10: ")."
                    text run at (205,1) width 186: "Center table (fixed margins"
        RenderBlock {DIV} at (2,891) size 780x218
          RenderBlock {DIV} at (6,6) size 768x25
            RenderText {TEXT} at (263,4) size 241x17
              text run at (263,4) width 241: "Normal div inside align= center div"
          RenderBlock {DIV} at (6,31) size 768x25
            RenderText {TEXT} at (4,4) size 212x17
              text run at (4,4) width 212: "Left div inside align=center div"
          RenderBlock {DIV} at (6,56) size 768x25
            RenderText {TEXT} at (268,4) size 231x17
              text run at (268,4) width 231: "Center div inside align=center div"
          RenderBlock {DIV} at (6,81) size 768x25
            RenderText {TEXT} at (542,4) size 222x17
              text run at (542,4) width 222: "Right div inside align=center div"
          RenderBlock {CENTER} at (6,106) size 768x25
            RenderText {TEXT} at (268,4) size 232x17
              text run at (268,4) width 232: "Center tag inside align=center div"
          RenderTable {TABLE} at (332,131) size 103x27
            RenderTableSection {TBODY} at (2,2) size 0x23
              RenderTableRow {TR} at (0,0) size 0x0
                RenderTableCell {TD} at (2,2) size 95x19 [r=0 c=0 rs=1 cs=1]
                  RenderText {TEXT} at (1,1) size 93x17
                    text run at (1,1) width 5: "."
                    text run at (6,1) width 88: "Normal table"
          RenderTable {TABLE} at (308,158) size 152x27
            RenderTableSection {TBODY} at (2,2) size 0x23
              RenderTableRow {TR} at (0,0) size 0x0
                RenderTableCell {TD} at (2,2) size 144x19 [r=0 c=0 rs=1 cs=1]
                  RenderText {TEXT} at (1,1) size 142x17
                    text run at (1,1) width 5: "."
                    text run at (6,1) width 137: "Center aligned table"
          RenderTable {TABLE} at (281,185) size 205x27
            RenderTableSection {TBODY} at (2,2) size 0x23
              RenderTableRow {TR} at (0,0) size 0x0
                RenderTableCell {TD} at (2,2) size 197x19 [r=0 c=0 rs=1 cs=1]
                  RenderText {TEXT} at (0,1) size 196x17
                    text run at (0,1) width 10: ")."
                    text run at (10,1) width 186: "Center table (fixed margins"
        RenderBlock {DIV} at (2,1109) size 780x218
          RenderBlock {DIV} at (186,6) size 408x25
            RenderText {TEXT} at (45,4) size 317x17
              text run at (45,4) width 317: "Normal fixed width div inside align=center div"
          RenderBlock {DIV} at (186,31) size 408x25
            RenderText {TEXT} at (4,4) size 293x17
              text run at (4,4) width 293: "Left fixed width div inside align=center div"
          RenderBlock {DIV} at (186,56) size 408x25
            RenderText {TEXT} at (48,4) size 312x17
              text run at (48,4) width 312: "Center fixed width div inside align=center div"
          RenderBlock {DIV} at (186,81) size 408x25
            RenderText {TEXT} at (101,4) size 303x17
              text run at (101,4) width 303: "Right fixed width div inside align=center div"
          RenderBlock {CENTER} at (186,106) size 408x25
            RenderText {TEXT} at (43,4) size 322x17
              text run at (43,4) width 322: "Center tag (fixed width) inside align=center div"
          RenderTable {TABLE} at (184,131) size 400x27
            RenderTableSection {TBODY} at (2,2) size 0x23
              RenderTableRow {TR} at (0,0) size 0x0
                RenderTableCell {TD} at (2,2) size 392x19 [r=0 c=0 rs=1 cs=1]
                  RenderText {TEXT} at (298,1) size 93x17
                    text run at (298,1) width 5: "."
                    text run at (303,1) width 88: "Normal table"
          RenderTable {TABLE} at (184,158) size 400x27
            RenderTableSection {TBODY} at (2,2) size 0x23
              RenderTableRow {TR} at (0,0) size 0x0
                RenderTableCell {TD} at (2,2) size 392x19 [r=0 c=0 rs=1 cs=1]
                  RenderText {TEXT} at (249,1) size 142x17
                    text run at (249,1) width 5: "."
                    text run at (254,1) width 137: "Center aligned table"
          RenderTable {TABLE} at (184,185) size 400x27
            RenderTableSection {TBODY} at (2,2) size 0x23
              RenderTableRow {TR} at (0,0) size 0x0
                RenderTableCell {TD} at (2,2) size 392x19 [r=0 c=0 rs=1 cs=1]
                  RenderText {TEXT} at (195,1) size 196x17
                    text run at (195,1) width 10: ")."
                    text run at (205,1) width 186: "Center table (fixed margins"
        RenderBlock {DIV} at (2,1327) size 780x218
          RenderBlock {DIV} at (6,6) size 768x25
            RenderText {TEXT} at (538,4) size 226x17
              text run at (538,4) width 226: "Normal div inside align=right div"
          RenderBlock {DIV} at (6,31) size 768x25
            RenderText {TEXT} at (4,4) size 202x17
              text run at (4,4) width 202: "Left div inside align=right div"
          RenderBlock {DIV} at (6,56) size 768x25
            RenderText {TEXT} at (273,4) size 221x17
              text run at (273,4) width 221: "Center div inside align=right div"
          RenderBlock {DIV} at (6,81) size 768x25
            RenderText {TEXT} at (552,4) size 212x17
              text run at (552,4) width 212: "Right div inside align=right div"
          RenderBlock {CENTER} at (6,106) size 768x25
            RenderText {TEXT} at (273,4) size 222x17
              text run at (273,4) width 222: "Center tag inside align=right div"
          RenderTable {TABLE} at (665,131) size 103x27
            RenderTableSection {TBODY} at (2,2) size 0x23
              RenderTableRow {TR} at (0,0) size 0x0
                RenderTableCell {TD} at (2,2) size 95x19 [r=0 c=0 rs=1 cs=1]
                  RenderText {TEXT} at (1,1) size 93x17
                    text run at (1,1) width 5: "."
                    text run at (6,1) width 88: "Normal table"
          RenderTable {TABLE} at (308,158) size 152x27
            RenderTableSection {TBODY} at (2,2) size 0x23
              RenderTableRow {TR} at (0,0) size 0x0
                RenderTableCell {TD} at (2,2) size 144x19 [r=0 c=0 rs=1 cs=1]
                  RenderText {TEXT} at (1,1) size 142x17
                    text run at (1,1) width 5: "."
                    text run at (6,1) width 137: "Center aligned table"
          RenderTable {TABLE} at (561,185) size 205x27
            RenderTableSection {TBODY} at (2,2) size 0x23
              RenderTableRow {TR} at (0,0) size 0x0
                RenderTableCell {TD} at (2,2) size 197x19 [r=0 c=0 rs=1 cs=1]
                  RenderText {TEXT} at (0,1) size 196x17
                    text run at (0,1) width 10: ")."
                    text run at (10,1) width 186: "Center table (fixed margins"
        RenderBlock {DIV} at (2,1545) size 780x218
          RenderBlock {DIV} at (366,6) size 408x25
            RenderText {TEXT} at (97,4) size 307x17
              text run at (97,4) width 307: "Normal fixed width div inside align=right div"
          RenderBlock {DIV} at (366,31) size 408x25
            RenderText {TEXT} at (4,4) size 283x17
              text run at (4,4) width 283: "Left fixed width div inside align=right div"
          RenderBlock {DIV} at (366,56) size 408x25
            RenderText {TEXT} at (53,4) size 302x17
              text run at (53,4) width 302: "Center fixed width div inside align=right div"
          RenderBlock {DIV} at (366,81) size 408x25
            RenderText {TEXT} at (111,4) size 293x17
              text run at (111,4) width 293: "Right fixed width div inside align=right div"
          RenderBlock {CENTER} at (366,106) size 408x25
            RenderText {TEXT} at (48,4) size 312x17
              text run at (48,4) width 312: "Center tag (fixed width) inside align=right div"
          RenderTable {TABLE} at (368,131) size 400x27
            RenderTableSection {TBODY} at (2,2) size 0x23
              RenderTableRow {TR} at (0,0) size 0x0
                RenderTableCell {TD} at (2,2) size 392x19 [r=0 c=0 rs=1 cs=1]
                  RenderText {TEXT} at (298,1) size 93x17
                    text run at (298,1) width 5: "."
                    text run at (303,1) width 88: "Normal table"
          RenderTable {TABLE} at (184,158) size 400x27
            RenderTableSection {TBODY} at (2,2) size 0x23
              RenderTableRow {TR} at (0,0) size 0x0
                RenderTableCell {TD} at (2,2) size 392x19 [r=0 c=0 rs=1 cs=1]
                  RenderText {TEXT} at (249,1) size 142x17
                    text run at (249,1) width 5: "."
                    text run at (254,1) width 137: "Center aligned table"
          RenderTable {TABLE} at (366,185) size 400x27
            RenderTableSection {TBODY} at (2,2) size 0x23
              RenderTableRow {TR} at (0,0) size 0x0
                RenderTableCell {TD} at (2,2) size 392x19 [r=0 c=0 rs=1 cs=1]
                  RenderText {TEXT} at (195,1) size 196x17
                    text run at (195,1) width 10: ")."
                    text run at (205,1) width 186: "Center table (fixed margins"
        RenderBlock {P} at (2,1777) size 780x17
          RenderText {TEXT} at (397,0) size 383x17
            text run at (397,0) width 10: ")."
            text run at (407,0) width 373: "This is a test using TABLE cells (all in the RTL direction"
        RenderTable {TABLE} at (0,1808) size 780x224
          RenderTableSection {TBODY} at (2,2) size 0x220
            RenderTableRow {TR} at (0,0) size 0x0
              RenderTableCell {TD} at (2,2) size 772x216 [r=0 c=0 rs=1 cs=1]
                RenderBlock {DIV} at (5,5) size 762x25
                  RenderText {TEXT} at (567,4) size 191x17
                    text run at (567,4) width 191: "Normal div inside normal td"
                RenderBlock {DIV} at (5,30) size 762x25
                  RenderText {TEXT} at (4,4) size 167x17
                    text run at (4,4) width 167: "Left div inside normal td"
                RenderBlock {DIV} at (5,55) size 762x25
                  RenderText {TEXT} at (288,4) size 186x17
                    text run at (288,4) width 186: "Center div inside normal td"
                RenderBlock {DIV} at (5,80) size 762x25
                  RenderText {TEXT} at (581,4) size 177x17
                    text run at (581,4) width 177: "Right div inside normal td"
                RenderBlock {CENTER} at (5,105) size 762x25
                  RenderText {TEXT} at (287,4) size 187x17
                    text run at (287,4) width 187: "Center tag inside normal td"
                RenderTable {TABLE} at (659,130) size 103x27
                  RenderTableSection {TBODY} at (2,2) size 0x23
                    RenderTableRow {TR} at (0,0) size 0x0
                      RenderTableCell {TD} at (2,2) size 95x19 [r=0 c=0 rs=1 cs=1]
                        RenderText {TEXT} at (1,1) size 93x17
                          text run at (1,1) width 5: "."
                          text run at (6,1) width 88: "Normal table"
                RenderTable {TABLE} at (305,157) size 152x27
                  RenderTableSection {TBODY} at (2,2) size 0x23
                    RenderTableRow {TR} at (0,0) size 0x0
                      RenderTableCell {TD} at (2,2) size 144x19 [r=0 c=0 rs=1 cs=1]
                        RenderText {TEXT} at (1,1) size 142x17
                          text run at (1,1) width 5: "."
                          text run at (6,1) width 137: "Center aligned table"
                RenderTable {TABLE} at (555,184) size 205x27
                  RenderTableSection {TBODY} at (2,2) size 0x23
                    RenderTableRow {TR} at (0,0) size 0x0
                      RenderTableCell {TD} at (2,2) size 197x19 [r=0 c=0 rs=1 cs=1]
                        RenderText {TEXT} at (0,1) size 196x17
                          text run at (0,1) width 10: ")."
                          text run at (10,1) width 186: "Center table (fixed margins"
        RenderTable {TABLE} at (0,2032) size 780x224
          RenderTableSection {TBODY} at (2,2) size 0x220
            RenderTableRow {TR} at (0,0) size 0x0
              RenderTableCell {TD} at (2,2) size 772x216 [r=0 c=0 rs=1 cs=1]
                RenderBlock {DIV} at (359,5) size 408x25
                  RenderText {TEXT} at (132,4) size 272x17
                    text run at (132,4) width 272: "Normal fixed width div inside normal td"
                RenderBlock {DIV} at (359,30) size 408x25
                  RenderText {TEXT} at (4,4) size 248x17
                    text run at (4,4) width 248: "Left fixed width div inside normal td"
                RenderBlock {DIV} at (359,55) size 408x25
                  RenderText {TEXT} at (70,4) size 267x17
                    text run at (70,4) width 267: "Center fixed width div inside normal td"
                RenderBlock {DIV} at (359,80) size 408x25
                  RenderText {TEXT} at (146,4) size 258x17
                    text run at (146,4) width 258: "Right fixed width div inside normal td"
                RenderBlock {CENTER} at (359,105) size 408x25
                  RenderText {TEXT} at (65,4) size 277x17
                    text run at (65,4) width 277: "Center tag (fixed width) inside normal td"
                RenderTable {TABLE} at (362,130) size 400x27
                  RenderTableSection {TBODY} at (2,2) size 0x23
                    RenderTableRow {TR} at (0,0) size 0x0
                      RenderTableCell {TD} at (2,2) size 392x19 [r=0 c=0 rs=1 cs=1]
                        RenderText {TEXT} at (298,1) size 93x17
                          text run at (298,1) width 5: "."
                          text run at (303,1) width 88: "Normal table"
                RenderTable {TABLE} at (181,157) size 400x27
                  RenderTableSection {TBODY} at (2,2) size 0x23
                    RenderTableRow {TR} at (0,0) size 0x0
                      RenderTableCell {TD} at (2,2) size 392x19 [r=0 c=0 rs=1 cs=1]
                        RenderText {TEXT} at (249,1) size 142x17
                          text run at (249,1) width 5: "."
                          text run at (254,1) width 137: "Center aligned table"
                RenderTable {TABLE} at (360,184) size 400x27
                  RenderTableSection {TBODY} at (2,2) size 0x23
                    RenderTableRow {TR} at (0,0) size 0x0
                      RenderTableCell {TD} at (2,2) size 392x19 [r=0 c=0 rs=1 cs=1]
                        RenderText {TEXT} at (195,1) size 196x17
                          text run at (195,1) width 10: ")."
                          text run at (205,1) width 186: "Center table (fixed margins"
        RenderTable {TABLE} at (0,2256) size 780x224
          RenderTableSection {TBODY} at (2,2) size 0x220
            RenderTableRow {TR} at (0,0) size 0x0
              RenderTableCell {TD} at (2,2) size 772x216 [r=0 c=0 rs=1 cs=1]
                RenderBlock {DIV} at (5,5) size 762x25
                  RenderText {TEXT} at (4,4) size 210x17
                    text run at (4,4) width 210: "Normal div inside align=left td"
                RenderBlock {DIV} at (5,30) size 762x25
                  RenderText {TEXT} at (4,4) size 186x17
                    text run at (4,4) width 186: "Left div inside align=left td"
                RenderBlock {DIV} at (5,55) size 762x25
                  RenderText {TEXT} at (278,4) size 205x17
                    text run at (278,4) width 205: "Center div inside align=left td"
                RenderBlock {DIV} at (5,80) size 762x25
                  RenderText {TEXT} at (562,4) size 196x17
                    text run at (562,4) width 196: "Right div inside align=left td"
                RenderBlock {CENTER} at (5,105) size 762x25
                  RenderText {TEXT} at (278,4) size 206x17
                    text run at (278,4) width 206: "Center tag inside align=left td"
                RenderTable {TABLE} at (0,130) size 103x27
                  RenderTableSection {TBODY} at (2,2) size 0x23
                    RenderTableRow {TR} at (0,0) size 0x0
                      RenderTableCell {TD} at (2,2) size 95x19 [r=0 c=0 rs=1 cs=1]
                        RenderText {TEXT} at (1,1) size 93x17
                          text run at (1,1) width 5: "."
                          text run at (6,1) width 88: "Normal table"
                RenderTable {TABLE} at (305,157) size 152x27
                  RenderTableSection {TBODY} at (2,2) size 0x23
                    RenderTableRow {TR} at (0,0) size 0x0
                      RenderTableCell {TD} at (2,2) size 144x19 [r=0 c=0 rs=1 cs=1]
                        RenderText {TEXT} at (1,1) size 142x17
                          text run at (1,1) width 5: "."
                          text run at (6,1) width 137: "Center aligned table"
                RenderTable {TABLE} at (2,184) size 205x27
                  RenderTableSection {TBODY} at (2,2) size 0x23
                    RenderTableRow {TR} at (0,0) size 0x0
                      RenderTableCell {TD} at (2,2) size 197x19 [r=0 c=0 rs=1 cs=1]
                        RenderText {TEXT} at (0,1) size 196x17
                          text run at (0,1) width 10: ")."
                          text run at (10,1) width 186: "Center table (fixed margins"
        RenderTable {TABLE} at (0,2480) size 780x224
          RenderTableSection {TBODY} at (2,2) size 0x220
            RenderTableRow {TR} at (0,0) size 0x0
              RenderTableCell {TD} at (2,2) size 772x216 [r=0 c=0 rs=1 cs=1]
                RenderBlock {DIV} at (5,5) size 408x25
                  RenderText {TEXT} at (4,4) size 291x17
                    text run at (4,4) width 291: "Normal fixed width div inside align=left td"
                RenderBlock {DIV} at (5,30) size 408x25
                  RenderText {TEXT} at (4,4) size 267x17
                    text run at (4,4) width 267: "Left fixed width div inside align=left td"
                RenderBlock {DIV} at (5,55) size 408x25
                  RenderText {TEXT} at (61,4) size 286x17
                    text run at (61,4) width 286: "Center fixed width div inside align=left td"
                RenderBlock {DIV} at (5,80) size 408x25
                  RenderText {TEXT} at (127,4) size 277x17
                    text run at (127,4) width 277: "Right fixed width div inside align=left td"
                RenderBlock {CENTER} at (5,105) size 408x25
                  RenderText {TEXT} at (56,4) size 296x17
                    text run at (56,4) width 296: "Center tag (fixed width) inside align=left td"
                RenderTable {TABLE} at (0,130) size 400x27
                  RenderTableSection {TBODY} at (2,2) size 0x23
                    RenderTableRow {TR} at (0,0) size 0x0
                      RenderTableCell {TD} at (2,2) size 392x19 [r=0 c=0 rs=1 cs=1]
                        RenderText {TEXT} at (298,1) size 93x17
                          text run at (298,1) width 5: "."
                          text run at (303,1) width 88: "Normal table"
                RenderTable {TABLE} at (181,157) size 400x27
                  RenderTableSection {TBODY} at (2,2) size 0x23
                    RenderTableRow {TR} at (0,0) size 0x0
                      RenderTableCell {TD} at (2,2) size 392x19 [r=0 c=0 rs=1 cs=1]
                        RenderText {TEXT} at (249,1) size 142x17
                          text run at (249,1) width 5: "."
                          text run at (254,1) width 137: "Center aligned table"
                RenderTable {TABLE} at (2,184) size 400x27
                  RenderTableSection {TBODY} at (2,2) size 0x23
                    RenderTableRow {TR} at (0,0) size 0x0
                      RenderTableCell {TD} at (2,2) size 392x19 [r=0 c=0 rs=1 cs=1]
                        RenderText {TEXT} at (195,1) size 196x17
                          text run at (195,1) width 10: ")."
                          text run at (205,1) width 186: "Center table (fixed margins"
        RenderTable {TABLE} at (0,2704) size 780x224
          RenderTableSection {TBODY} at (2,2) size 0x220
            RenderTableRow {TR} at (0,0) size 0x0
              RenderTableCell {TD} at (2,2) size 772x216 [r=0 c=0 rs=1 cs=1]
                RenderBlock {DIV} at (5,5) size 762x25
                  RenderText {TEXT} at (263,4) size 235x17
                    text run at (263,4) width 235: "Normal div inside align= center td"
                RenderBlock {DIV} at (5,30) size 762x25
                  RenderText {TEXT} at (4,4) size 206x17
                    text run at (4,4) width 206: "Left div inside align=center td"
                RenderBlock {DIV} at (5,55) size 762x25
                  RenderText {TEXT} at (268,4) size 225x17
                    text run at (268,4) width 225: "Center div inside align=center td"
                RenderBlock {DIV} at (5,80) size 762x25
                  RenderText {TEXT} at (542,4) size 216x17
                    text run at (542,4) width 216: "Right div inside align=center td"
                RenderBlock {CENTER} at (5,105) size 762x25
                  RenderText {TEXT} at (268,4) size 226x17
                    text run at (268,4) width 226: "Center tag inside align=center td"
                RenderTable {TABLE} at (329,130) size 103x27
                  RenderTableSection {TBODY} at (2,2) size 0x23
                    RenderTableRow {TR} at (0,0) size 0x0
                      RenderTableCell {TD} at (2,2) size 95x19 [r=0 c=0 rs=1 cs=1]
                        RenderText {TEXT} at (1,1) size 93x17
                          text run at (1,1) width 5: "."
                          text run at (6,1) width 88: "Normal table"
                RenderTable {TABLE} at (305,157) size 152x27
                  RenderTableSection {TBODY} at (2,2) size 0x23
                    RenderTableRow {TR} at (0,0) size 0x0
                      RenderTableCell {TD} at (2,2) size 144x19 [r=0 c=0 rs=1 cs=1]
                        RenderText {TEXT} at (1,1) size 142x17
                          text run at (1,1) width 5: "."
                          text run at (6,1) width 137: "Center aligned table"
                RenderTable {TABLE} at (278,184) size 205x27
                  RenderTableSection {TBODY} at (2,2) size 0x23
                    RenderTableRow {TR} at (0,0) size 0x0
                      RenderTableCell {TD} at (2,2) size 197x19 [r=0 c=0 rs=1 cs=1]
                        RenderText {TEXT} at (0,1) size 196x17
                          text run at (0,1) width 10: ")."
                          text run at (10,1) width 186: "Center table (fixed margins"
        RenderTable {TABLE} at (0,2928) size 780x224
          RenderTableSection {TBODY} at (2,2) size 0x220
            RenderTableRow {TR} at (0,0) size 0x0
              RenderTableCell {TD} at (2,2) size 772x216 [r=0 c=0 rs=1 cs=1]
                RenderBlock {DIV} at (182,5) size 408x25
                  RenderText {TEXT} at (48,4) size 311x17
                    text run at (48,4) width 311: "Normal fixed width div inside align=center td"
                RenderBlock {DIV} at (182,30) size 408x25
                  RenderText {TEXT} at (4,4) size 287x17
                    text run at (4,4) width 287: "Left fixed width div inside align=center td"
                RenderBlock {DIV} at (182,55) size 408x25
                  RenderText {TEXT} at (51,4) size 306x17
                    text run at (51,4) width 306: "Center fixed width div inside align=center td"
                RenderBlock {DIV} at (182,80) size 408x25
                  RenderText {TEXT} at (107,4) size 297x17
                    text run at (107,4) width 297: "Right fixed width div inside align=center td"
                RenderBlock {CENTER} at (182,105) size 408x25
                  RenderText {TEXT} at (46,4) size 316x17
                    text run at (46,4) width 316: "Center tag (fixed width) inside align=center td"
                RenderTable {TABLE} at (181,130) size 400x27
                  RenderTableSection {TBODY} at (2,2) size 0x23
                    RenderTableRow {TR} at (0,0) size 0x0
                      RenderTableCell {TD} at (2,2) size 392x19 [r=0 c=0 rs=1 cs=1]
                        RenderText {TEXT} at (298,1) size 93x17
                          text run at (298,1) width 5: "."
                          text run at (303,1) width 88: "Normal table"
                RenderTable {TABLE} at (181,157) size 400x27
                  RenderTableSection {TBODY} at (2,2) size 0x23
                    RenderTableRow {TR} at (0,0) size 0x0
                      RenderTableCell {TD} at (2,2) size 392x19 [r=0 c=0 rs=1 cs=1]
                        RenderText {TEXT} at (249,1) size 142x17
                          text run at (249,1) width 5: "."
                          text run at (254,1) width 137: "Center aligned table"
                RenderTable {TABLE} at (181,184) size 400x27
                  RenderTableSection {TBODY} at (2,2) size 0x23
                    RenderTableRow {TR} at (0,0) size 0x0
                      RenderTableCell {TD} at (2,2) size 392x19 [r=0 c=0 rs=1 cs=1]
                        RenderText {TEXT} at (195,1) size 196x17
                          text run at (195,1) width 10: ")."
                          text run at (205,1) width 186: "Center table (fixed margins"
        RenderTable {TABLE} at (0,3152) size 780x224
          RenderTableSection {TBODY} at (2,2) size 0x220
            RenderTableRow {TR} at (0,0) size 0x0
              RenderTableCell {TD} at (2,2) size 772x216 [r=0 c=0 rs=1 cs=1]
                RenderBlock {DIV} at (5,5) size 762x25
                  RenderText {TEXT} at (538,4) size 220x17
                    text run at (538,4) width 220: "Normal div inside align=right td"
                RenderBlock {DIV} at (5,30) size 762x25
                  RenderText {TEXT} at (4,4) size 196x17
                    text run at (4,4) width 196: "Left div inside align=right td"
                RenderBlock {DIV} at (5,55) size 762x25
                  RenderText {TEXT} at (273,4) size 215x17
                    text run at (273,4) width 215: "Center div inside align=right td"
                RenderBlock {DIV} at (5,80) size 762x25
                  RenderText {TEXT} at (552,4) size 206x17
                    text run at (552,4) width 206: "Right div inside align=right td"
                RenderBlock {CENTER} at (5,105) size 762x25
                  RenderText {TEXT} at (273,4) size 216x17
                    text run at (273,4) width 216: "Center tag inside align=right td"
                RenderTable {TABLE} at (659,130) size 103x27
                  RenderTableSection {TBODY} at (2,2) size 0x23
                    RenderTableRow {TR} at (0,0) size 0x0
                      RenderTableCell {TD} at (2,2) size 95x19 [r=0 c=0 rs=1 cs=1]
                        RenderText {TEXT} at (1,1) size 93x17
                          text run at (1,1) width 5: "."
                          text run at (6,1) width 88: "Normal table"
                RenderTable {TABLE} at (305,157) size 152x27
                  RenderTableSection {TBODY} at (2,2) size 0x23
                    RenderTableRow {TR} at (0,0) size 0x0
                      RenderTableCell {TD} at (2,2) size 144x19 [r=0 c=0 rs=1 cs=1]
                        RenderText {TEXT} at (1,1) size 142x17
                          text run at (1,1) width 5: "."
                          text run at (6,1) width 137: "Center aligned table"
                RenderTable {TABLE} at (555,184) size 205x27
                  RenderTableSection {TBODY} at (2,2) size 0x23
                    RenderTableRow {TR} at (0,0) size 0x0
                      RenderTableCell {TD} at (2,2) size 197x19 [r=0 c=0 rs=1 cs=1]
                        RenderText {TEXT} at (0,1) size 196x17
                          text run at (0,1) width 10: ")."
                          text run at (10,1) width 186: "Center table (fixed margins"
        RenderTable {TABLE} at (0,3376) size 780x224
          RenderTableSection {TBODY} at (2,2) size 0x220
            RenderTableRow {TR} at (0,0) size 0x0
              RenderTableCell {TD} at (2,2) size 772x216 [r=0 c=0 rs=1 cs=1]
                RenderBlock {DIV} at (359,5) size 408x25
                  RenderText {TEXT} at (103,4) size 301x17
                    text run at (103,4) width 301: "Normal fixed width div inside align=right td"
                RenderBlock {DIV} at (359,30) size 408x25
                  RenderText {TEXT} at (4,4) size 277x17
                    text run at (4,4) width 277: "Left fixed width div inside align=right td"
                RenderBlock {DIV} at (359,55) size 408x25
                  RenderText {TEXT} at (56,4) size 296x17
                    text run at (56,4) width 296: "Center fixed width div inside align=right td"
                RenderBlock {DIV} at (359,80) size 408x25
                  RenderText {TEXT} at (117,4) size 287x17
                    text run at (117,4) width 287: "Right fixed width div inside align=right td"
                RenderBlock {CENTER} at (359,105) size 408x25
                  RenderText {TEXT} at (51,4) size 306x17
                    text run at (51,4) width 306: "Center tag (fixed width) inside align=right td"
                RenderTable {TABLE} at (362,130) size 400x27
                  RenderTableSection {TBODY} at (2,2) size 0x23
                    RenderTableRow {TR} at (0,0) size 0x0
                      RenderTableCell {TD} at (2,2) size 392x19 [r=0 c=0 rs=1 cs=1]
                        RenderText {TEXT} at (298,1) size 93x17
                          text run at (298,1) width 5: "."
                          text run at (303,1) width 88: "Normal table"
                RenderTable {TABLE} at (181,157) size 400x27
                  RenderTableSection {TBODY} at (2,2) size 0x23
                    RenderTableRow {TR} at (0,0) size 0x0
                      RenderTableCell {TD} at (2,2) size 392x19 [r=0 c=0 rs=1 cs=1]
                        RenderText {TEXT} at (249,1) size 142x17
                          text run at (249,1) width 5: "."
                          text run at (254,1) width 137: "Center aligned table"
                RenderTable {TABLE} at (360,184) size 400x27
                  RenderTableSection {TBODY} at (2,2) size 0x23
                    RenderTableRow {TR} at (0,0) size 0x0
                      RenderTableCell {TD} at (2,2) size 392x19 [r=0 c=0 rs=1 cs=1]
                        RenderText {TEXT} at (195,1) size 196x17
                          text run at (195,1) width 10: ")."
                          text run at (205,1) width 186: "Center table (fixed margins"
