layer at (0,0) size 800x600
  RenderCanvas at (0,0) size 800x600
layer at (0,0) size 800x206
  RenderBlock {HTML} at (0,0) size 800x206
    RenderBody {BODY} at (8,8) size 784x190 [color=#FFFFFF] [bgcolor=#000000]
      RenderText {TEXT} at (0,0) size 566x17
        text run at (0,0) width 566: "The three red squares below should all look the same and be filled only with black."
      RenderBR {BR} at (0,0) size 0x0 [bgcolor=#000000]
      RenderText {TEXT} at (0,0) size 0x0
      RenderPartObject {IFRAME} at (0,17) size 170x170 [bgcolor=#000000]
        layer at (0,0) size 0x0
          RenderCanvas at (0,0) size 0x0
      RenderText {TEXT} at (170,173) size 4x17
        text run at (170,173) width 4: " "
      RenderPartObject {OBJECT} at (174,17) size 170x170 [bgcolor=#000000]
        layer at (0,0) size 0x0
          RenderCanvas at (0,0) size 0x0
      RenderText {TEXT} at (344,173) size 4x17
        text run at (344,173) width 4: " "
      RenderPartObject {OBJECT} at (348,17) size 170x170 [bgcolor=#000000]
        layer at (0,0) size 0x0
          RenderCanvas at (0,0) size 0x0
      RenderText {TEXT} at (0,0) size 0x0
