layer at (0,0) size 800x600
  RenderCanvas at (0,0) size 800x600
layer at (0,0) size 800x600
  RenderBlock {HTML} at (0,0) size 800x600
    RenderBody {BODY} at (8,8) size 784x584
      RenderBlock {DIV} at (0,0) size 784x204
        RenderText {TEXT} at (0,186) size 124x18
          text run at (0,186) width 124: "Here is the iFrame: "
        RenderPartObject {IFRAME} at (124,0) size 200x200
          layer at (0,0) size 183x196
            RenderCanvas at (0,0) size 183x196
        RenderText {TEXT} at (0,0) size 0x0
      RenderBlock {DIV} at (0,204) size 784x18
        RenderText {TEXT} at (0,0) size 74x18
          text run at (0,0) width 74: "about:blank"
