layer at (0,0) size 800x600
  RenderView at (0,0) size 800x600
layer at (0,0) size 800x600
  RenderBlock {HTML} at (0,0) size 800x600
    RenderFrameSet {FRAMESET} at (0,0) size 800x600
      RenderFrame {FRAME} at (0,0) size 800x600
        layer at (0,0) size 798x596
          RenderView at (0,0) size 798x596
        layer at (0,0) size 798x596
          RenderBlock {HTML} at (0,0) size 798x596
            RenderBody {BODY} at (8,8) size 782x580
              RenderBlock {DIV} at (0,0) size 782x18
                RenderText {#text} at (0,0) size 208x18
                  text run at (0,0) width 208: "frameElement ID is \"Mr. Frame\""
