layer at (0,0) size 800x600
  RenderView at (0,0) size 800x600
layer at (0,0) size 800x600
  RenderBlock {HTML} at (0,0) size 800x600
    RenderBody {BODY} at (8,8) size 784x584
      RenderBlock {P} at (0,0) size 784x18
        RenderText {#text} at (0,0) size 479x18
          text run at (0,0) width 479: "You should see two 'hello world' frames below, each in 'view source' mode."
      RenderBlock {HR} at (0,34) size 784x2 [border: (1px inset #000000)]
      RenderBlock (anonymous) at (0,44) size 784x154
        RenderPartObject {IFRAME} at (0,0) size 300x150
          layer at (0,0) size 300x150
            RenderView at (0,0) size 300x150
          layer at (0,0) size 300x150
            RenderBlock {HTML} at (0,0) size 300x150
              RenderBody {BODY} at (8,8) size 284x129
                RenderBlock {PRE} at (0,0) size 284x15
                  RenderInline {SPAN} at (0,0) size 24x15 [color=#881280]
                    RenderText {#text} at (0,0) size 24x15
                      text run at (0,0) width 24: "<p>"
                  RenderText {#text} at (24,0) size 88x15
                    text run at (24,0) width 88: "hello world"
                  RenderInline {SPAN} at (0,0) size 32x15 [color=#881280]
                    RenderText {#text} at (112,0) size 32x15
                      text run at (112,0) width 32: "</p>"
        RenderText {#text} at (300,136) size 4x18
          text run at (300,136) width 4: " "
        RenderPartObject {IFRAME} at (304,0) size 300x150
          layer at (0,0) size 300x150
            RenderView at (0,0) size 300x150
          layer at (0,0) size 300x150
            RenderBlock {HTML} at (0,0) size 300x150
              RenderFrameSet {FRAMESET} at (0,0) size 300x150
                RenderFrame {FRAME} at (0,0) size 300x150
                  layer at (0,0) size 298x146
                    RenderView at (0,0) size 298x146
                  layer at (0,0) size 298x146
                    RenderBlock {HTML} at (0,0) size 298x146
                      RenderBody {BODY} at (8,8) size 282x125
                        RenderBlock {PRE} at (0,0) size 282x15
                          RenderInline {SPAN} at (0,0) size 24x15 [color=#881280]
                            RenderText {#text} at (0,0) size 24x15
                              text run at (0,0) width 24: "<p>"
                          RenderText {#text} at (24,0) size 88x15
                            text run at (24,0) width 88: "hello world"
                          RenderInline {SPAN} at (0,0) size 32x15 [color=#881280]
                            RenderText {#text} at (112,0) size 32x15
                              text run at (112,0) width 32: "</p>"
        RenderText {#text} at (0,0) size 0x0
        RenderText {#text} at (0,0) size 0x0
        RenderText {#text} at (0,0) size 0x0
