layer at (0,0) size 96x236
  RenderView at (0,0) size 96x26
layer at (0,0) size 96x236
  RenderBlock {HTML} at (0,0) size 96x236
    RenderBody {BODY} at (8,8) size 80x220
      RenderBlock (anonymous) at (0,0) size 80x48
        RenderText {#text} at (0,0) size 78x48
          text run at (0,0) width 78: "The 2 tables"
          text run at (0,16) width 71: "should look"
          text run at (0,32) width 58: "the same"
      RenderTable {TABLE} at (0,48) size 62x70 [bgcolor=#FFA500] [border: (1px outset #808080)]
        RenderTableSection {TBODY} at (1,1) size 60x68
          RenderTableRow {TR} at (0,2) size 60x20
            RenderTableCell {TD} at (2,2) size 27x20 [border: (1px inset #808080)] [r=0 c=0 rs=1 cs=1]
              RenderText {#text} at (2,2) size 23x16
                text run at (2,2) width 23: "c11"
            RenderTableCell {TD} at (31,2) size 27x20 [border: (1px inset #808080)] [r=0 c=1 rs=1 cs=1]
              RenderText {#text} at (2,2) size 23x16
                text run at (2,2) width 23: "c12"
          RenderTableRow {TR} at (0,24) size 60x20
            RenderTableCell {TD} at (2,24) size 27x20 [border: (1px inset #808080)] [r=1 c=0 rs=1 cs=1]
              RenderText {#text} at (2,2) size 17x16
                text run at (2,2) width 17: "X1"
            RenderTableCell {TD} at (31,24) size 27x20 [border: (1px inset #808080)] [r=1 c=1 rs=1 cs=1]
              RenderText {#text} at (2,2) size 17x16
                text run at (2,2) width 17: "X2"
          RenderTableRow {TR} at (0,46) size 60x20
            RenderTableCell {TD} at (2,46) size 27x20 [border: (1px inset #808080)] [r=2 c=0 rs=1 cs=1]
              RenderText {#text} at (2,2) size 17x16
                text run at (2,2) width 17: "X3"
            RenderTableCell {TD} at (31,46) size 27x20 [border: (1px inset #808080)] [r=2 c=1 rs=1 cs=1]
              RenderText {#text} at (2,2) size 17x16
                text run at (2,2) width 17: "X4"
      RenderBlock (anonymous) at (0,118) size 80x16
        RenderBR {BR} at (0,0) size 0x16
      RenderTable {TABLE} at (0,134) size 62x70 [bgcolor=#FFA500] [border: (1px outset #808080)]
        RenderTableSection {TBODY} at (1,1) size 60x68
          RenderTableRow {TR} at (0,2) size 60x20
            RenderTableCell {TD} at (2,2) size 27x20 [border: (1px inset #808080)] [r=0 c=0 rs=1 cs=1]
              RenderText {#text} at (2,2) size 23x16
                text run at (2,2) width 23: "c11"
            RenderTableCell {TD} at (31,2) size 27x20 [border: (1px inset #808080)] [r=0 c=1 rs=1 cs=1]
              RenderText {#text} at (2,2) size 23x16
                text run at (2,2) width 23: "c12"
          RenderTableRow {TR} at (0,24) size 60x20
            RenderTableCell {TD} at (2,24) size 27x20 [border: (1px inset #808080)] [r=1 c=0 rs=1 cs=1]
              RenderText {#text} at (2,2) size 17x16
                text run at (2,2) width 17: "X1"
            RenderTableCell {TD} at (31,24) size 27x20 [border: (1px inset #808080)] [r=1 c=1 rs=1 cs=1]
              RenderText {#text} at (2,2) size 17x16
                text run at (2,2) width 17: "X2"
          RenderTableRow {TR} at (0,46) size 60x20
            RenderTableCell {TD} at (2,46) size 27x20 [border: (1px inset #808080)] [r=2 c=0 rs=1 cs=1]
              RenderText {#text} at (2,2) size 17x16
                text run at (2,2) width 17: "X3"
            RenderTableCell {TD} at (31,46) size 27x20 [border: (1px inset #808080)] [r=2 c=1 rs=1 cs=1]
              RenderText {#text} at (2,2) size 17x16
                text run at (2,2) width 17: "X4"
      RenderBlock (anonymous) at (0,204) size 80x16
        RenderBR {BR} at (0,0) size 0x16
