layer at (0,0) size 128x176
  RenderView at (0,0) size 96x26
layer at (0,0) size 128x176
  RenderBlock {HTML} at (0,0) size 96x176
    RenderBody {BODY} at (8,8) size 80x160
      RenderBlock (anonymous) at (0,0) size 80x48
        RenderText {#text} at (0,0) size 78x48
          text run at (0,0) width 78: "The 2 tables"
          text run at (0,16) width 71: "should look"
          text run at (0,32) width 58: "the same"
      RenderTable {TABLE} at (0,48) size 120x48 [bgcolor=#FFA500] [border: (1px outset #808080)]
        RenderTableSection {TBODY} at (1,1) size 118x46
          RenderTableRow {TR} at (0,2) size 118x20
            RenderTableCell {TD} at (2,13) size 27x20 [border: (1px inset #808080)] [r=0 c=0 rs=2 cs=1]
              RenderText {#text} at (2,2) size 23x16
                text run at (2,2) width 23: "c12"
            RenderTableCell {TD} at (31,2) size 27x20 [border: (1px inset #808080)] [r=0 c=1 rs=1 cs=1]
              RenderText {#text} at (2,2) size 23x16
                text run at (2,2) width 23: "c13"
          RenderTableRow {TR} at (0,24) size 118x20
            RenderTableCell {TD} at (31,24) size 27x20 [border: (1px inset #808080)] [r=1 c=1 rs=1 cs=1]
              RenderText {#text} at (2,2) size 23x16
                text run at (2,2) width 23: "c12"
            RenderTableCell {TD} at (60,24) size 27x20 [border: (1px inset #808080)] [r=1 c=2 rs=1 cs=1]
              RenderText {#text} at (2,2) size 23x16
                text run at (2,2) width 23: "c22"
            RenderTableCell {TD} at (89,24) size 27x20 [border: (1px inset #808080)] [r=1 c=3 rs=1 cs=1]
              RenderText {#text} at (2,2) size 23x16
                text run at (2,2) width 23: "c23"
      RenderBlock (anonymous) at (0,96) size 80x16
        RenderBR {BR} at (0,0) size 0x16
      RenderTable {TABLE} at (0,112) size 120x48 [bgcolor=#FFA500] [border: (1px outset #808080)]
        RenderTableSection {TBODY} at (1,1) size 118x46
          RenderTableRow {TR} at (0,2) size 118x20
            RenderTableCell {TD} at (2,13) size 27x20 [border: (1px inset #808080)] [r=0 c=0 rs=2 cs=1]
              RenderText {#text} at (2,2) size 23x16
                text run at (2,2) width 23: "c12"
            RenderTableCell {TD} at (31,2) size 27x20 [border: (1px inset #808080)] [r=0 c=1 rs=1 cs=1]
              RenderText {#text} at (2,2) size 23x16
                text run at (2,2) width 23: "c13"
          RenderTableRow {TR} at (0,24) size 118x20
            RenderTableCell {TD} at (31,24) size 27x20 [border: (1px inset #808080)] [r=1 c=1 rs=1 cs=1]
              RenderText {#text} at (2,2) size 23x16
                text run at (2,2) width 23: "c12"
            RenderTableCell {TD} at (60,24) size 27x20 [border: (1px inset #808080)] [r=1 c=2 rs=1 cs=1]
              RenderText {#text} at (2,2) size 23x16
                text run at (2,2) width 23: "c22"
            RenderTableCell {TD} at (89,24) size 27x20 [border: (1px inset #808080)] [r=1 c=3 rs=1 cs=1]
              RenderText {#text} at (2,2) size 23x16
                text run at (2,2) width 23: "c23"
