layer at (0,0) size 800x600
  RenderView at (0,0) size 800x600
layer at (0,0) size 800x600
  RenderBlock {HTML} at (0,0) size 800x600
    RenderFrameSet {FRAMESET} at (0,0) size 800x600
      RenderFrame {FRAME} at (0,0) size 800x0
        layer at (0,0) size 800x0
          RenderView at (0,0) size 800x0
        layer at (0,0) size 800x0
          RenderBlock {HTML} at (0,0) size 800x0
            RenderBody {BODY} at (0,0) size 800x0
      RenderFrame {FRAME} at (0,6) size 800x594
        layer at (0,0) size 800x594
          RenderView at (0,0) size 800x594
        layer at (0,0) size 800x594
          RenderBlock {HTML} at (0,0) size 800x594
            RenderBody {BODY} at (8,8) size 784x572
              RenderBlock (anonymous) at (0,0) size 784x19
                RenderText {#text} at (0,0) size 74x19
                  text run at (0,0) width 74: "ISO-8859-1"
              RenderBlock {P} at (0,33) size 784x19
                RenderText {#text} at (0,0) size 512x19
                  text run at (0,0) width 512: "The above line should be your browser's default encoding, and not x-mac-cyrillic."
