layer at (0,0) size 800x600
  RenderCanvas at (0,0) size 800x600
layer at (0,0) size 800x546
  RenderBlock {HTML} at (0,0) size 800x546
    RenderBody {BODY} at (8,8) size 784x530 [bgcolor=#CCCCCC]
      RenderBlock {P} at (0,0) size 784x17 [bgcolor=#000000]
        RenderText {TEXT} at (0,0) size 385x17
          text run at (0,0) width 385: "The style declarations which apply to the text below are:"
      RenderBlock {PRE} at (0,31) size 784x64 [bgcolor=#000000]
        RenderText {TEXT} at (0,0) size 176x64
          text run at (0,0) width 160: ".one {color: green;}"
          text run at (0,16) width 128: ".1 {color: red;}"
          text run at (0,32) width 152: ".a1 {color: green;}"
          text run at (0,48) width 176: "P.two {color: purple;}"
      RenderBlock {HR} at (1,109) size 782x2 [bgcolor=#000000]
      RenderBlock {P} at (0,125) size 784x17 [color=#008000] [bgcolor=#000000]
        RenderText {TEXT} at (0,0) size 213x17
          text run at (0,0) width 213: "This sentence should be green."
      RenderBlock {P} at (0,156) size 784x17 [bgcolor=#000000]
        RenderText {TEXT} at (0,0) size 613x17
          text run at (0,0) width 613: "This sentence should be black, not red-- class selectors cannot begin with digits in CSS1."
      RenderBlock {P} at (0,187) size 784x17 [color=#008000] [bgcolor=#000000]
        RenderText {TEXT} at (0,0) size 213x17
          text run at (0,0) width 213: "This sentence should be green."
      RenderBlock {P} at (0,218) size 784x17 [color=#800080] [bgcolor=#000000]
        RenderText {TEXT} at (0,0) size 218x17
          text run at (0,0) width 218: "This sentence should be purple."
      RenderBlock {PRE} at (0,249) size 784x16 [bgcolor=#000000]
        RenderText {TEXT} at (0,0) size 280x16
          text run at (0,0) width 280: "This sentence should NOT be purple."
      RenderBlock {UL} at (0,279) size 784x17 [bgcolor=#000000]
        RenderListItem {LI} at (40,0) size 744x17
          RenderListMarker at (0,0) size 0x14
          RenderText {TEXT} at (0,0) size 253x17
            text run at (0,0) width 253: "This sentence should NOT be purple."
      RenderTable {TABLE} at (0,310) size 635x220 [bgcolor=#000000]
        RenderTableSection {TBODY} at (1,1) size 0x218
          RenderTableRow {TR} at (0,0) size 0x0
            RenderTableCell {TD} at (0,0) size 633x25 [bgcolor=#C0C0C0] [r=0 c=0 rs=1 cs=2]
              RenderInline {STRONG} at (0,0) size 164x17 [bgcolor=#000000]
                RenderText {TEXT} at (4,4) size 164x17
                  text run at (4,4) width 164: "TABLE Testing Section"
          RenderTableRow {TR} at (0,0) size 0x0
            RenderTableCell {TD} at (0,109) size 12x25 [bgcolor=#C0C0C0] [r=1 c=0 rs=1 cs=1]
              RenderText {TEXT} at (4,4) size 4x17
                text run at (4,4) width 4: "\x{A0}"
            RenderTableCell {TD} at (12,25) size 621x193 [r=1 c=1 rs=1 cs=1]
              RenderBlock {P} at (4,4) size 613x17 [color=#008000]
                RenderText {TEXT} at (0,0) size 213x17
                  text run at (0,0) width 213: "This sentence should be green."
              RenderBlock {P} at (4,35) size 613x17
                RenderText {TEXT} at (0,0) size 613x17
                  text run at (0,0) width 613: "This sentence should be black, not red-- class selectors cannot begin with digits in CSS1."
              RenderBlock {P} at (4,66) size 613x17 [color=#008000]
                RenderText {TEXT} at (0,0) size 213x17
                  text run at (0,0) width 213: "This sentence should be green."
              RenderBlock {P} at (4,97) size 613x17 [color=#800080]
                RenderText {TEXT} at (0,0) size 218x17
                  text run at (0,0) width 218: "This sentence should be purple."
              RenderBlock {PRE} at (4,128) size 613x16
                RenderText {TEXT} at (0,0) size 280x16
                  text run at (0,0) width 280: "This sentence should NOT be purple."
              RenderBlock {UL} at (4,158) size 613x17
                RenderListItem {LI} at (40,0) size 573x17
                  RenderListMarker at (0,0) size 0x14
                  RenderText {TEXT} at (0,0) size 253x17
                    text run at (0,0) width 253: "This sentence should NOT be purple."
