layer at (0,0) size 800x870
  RenderCanvas at (0,0) size 800x600
layer at (0,0) size 800x870
  RenderBlock {HTML} at (0,0) size 800x870
    RenderBody {BODY} at (8,8) size 784x854 [bgcolor=#CCCCCC]
      RenderBlock {P} at (0,0) size 784x18
        RenderText {TEXT} at (0,0) size 355x18
          text run at (0,0) width 355: "The style declarations which apply to the text below are:"
      RenderBlock {PRE} at (0,34) size 784x225
        RenderText {TEXT} at (0,0) size 336x210
          text run at (0,0) width 232: "/* This is a CSS1 comment. */"
          text run at (0,15) width 336: ".one {color: green;} /* Another comment */"
          text run at (0,30) width 288: "/* The following should not be used:"
          text run at (0,45) width 168: ".two {color: red;} */"
          text run at (0,60) width 320: ".three {color: green; /* color: red; */}"
          text run at (0,75) width 24: "/**"
          text run at (0,90) width 176: ".four {color: red;} */"
          text run at (0,105) width 168: ".five {color: green;}"
          text run at (0,120) width 32: "/**/"
          text run at (0,135) width 160: ".six {color: green;}"
          text run at (0,150) width 88: "/*********/"
          text run at (0,165) width 176: ".seven {color: green;}"
          text run at (0,180) width 128: "/* a comment **/"
          text run at (0,195) width 176: ".eight {color: green;}"
      RenderBlock {HR} at (0,272) size 784x2 [border: (1px inset #000000)]
      RenderBlock {P} at (0,290) size 784x18 [color=#008000]
        RenderText {TEXT} at (0,0) size 194x18
          text run at (0,0) width 194: "This sentence should be green."
      RenderBlock {P} at (0,324) size 784x18
        RenderText {TEXT} at (0,0) size 193x18
          text run at (0,0) width 193: "This sentence should be black."
      RenderBlock {P} at (0,358) size 784x18 [color=#008000]
        RenderText {TEXT} at (0,0) size 194x18
          text run at (0,0) width 194: "This sentence should be green."
      RenderBlock {P} at (0,392) size 784x18
        RenderText {TEXT} at (0,0) size 193x18
          text run at (0,0) width 193: "This sentence should be black."
      RenderBlock {P} at (0,426) size 784x18 [color=#008000]
        RenderText {TEXT} at (0,0) size 194x18
          text run at (0,0) width 194: "This sentence should be green."
      RenderBlock {P} at (0,460) size 784x18 [color=#008000]
        RenderText {TEXT} at (0,0) size 194x18
          text run at (0,0) width 194: "This sentence should be green."
      RenderBlock {P} at (0,494) size 784x18 [color=#008000]
        RenderText {TEXT} at (0,0) size 194x18
          text run at (0,0) width 194: "This sentence should be green."
      RenderBlock {P} at (0,528) size 784x18 [color=#008000]
        RenderText {TEXT} at (0,0) size 194x18
          text run at (0,0) width 194: "This sentence should be green."
      RenderTable {TABLE} at (0,562) size 216x292 [border: (1px outset #808080)]
        RenderTableSection {TBODY} at (1,1) size 0x290
          RenderTableRow {TR} at (0,0) size 0x0
            RenderTableCell {TD} at (0,0) size 214x26 [bgcolor=#C0C0C0] [border: (1px inset #808080)] [r=0 c=0 rs=1 cs=2]
              RenderInline {STRONG} at (0,0) size 163x18
                RenderText {TEXT} at (4,4) size 163x18
                  text run at (4,4) width 163: "TABLE Testing Section"
          RenderTableRow {TR} at (0,0) size 0x0
            RenderTableCell {TD} at (0,145) size 12x26 [bgcolor=#C0C0C0] [border: (1px inset #808080)] [r=1 c=0 rs=1 cs=1]
              RenderText {TEXT} at (4,4) size 4x18
                text run at (4,4) width 4: " "
            RenderTableCell {TD} at (12,26) size 202x264 [border: (1px inset #808080)] [r=1 c=1 rs=1 cs=1]
              RenderBlock {P} at (4,4) size 194x18 [color=#008000]
                RenderText {TEXT} at (0,0) size 194x18
                  text run at (0,0) width 194: "This sentence should be green."
              RenderBlock {P} at (4,38) size 194x18
                RenderText {TEXT} at (0,0) size 193x18
                  text run at (0,0) width 193: "This sentence should be black."
              RenderBlock {P} at (4,72) size 194x18 [color=#008000]
                RenderText {TEXT} at (0,0) size 194x18
                  text run at (0,0) width 194: "This sentence should be green."
              RenderBlock {P} at (4,106) size 194x18
                RenderText {TEXT} at (0,0) size 193x18
                  text run at (0,0) width 193: "This sentence should be black."
              RenderBlock {P} at (4,140) size 194x18 [color=#008000]
                RenderText {TEXT} at (0,0) size 194x18
                  text run at (0,0) width 194: "This sentence should be green."
              RenderBlock {P} at (4,174) size 194x18 [color=#008000]
                RenderText {TEXT} at (0,0) size 194x18
                  text run at (0,0) width 194: "This sentence should be green."
              RenderBlock {P} at (4,208) size 194x18 [color=#008000]
                RenderText {TEXT} at (0,0) size 194x18
                  text run at (0,0) width 194: "This sentence should be green."
              RenderBlock {P} at (4,242) size 194x18 [color=#008000]
                RenderText {TEXT} at (0,0) size 194x18
                  text run at (0,0) width 194: "This sentence should be green."
