layer at (0,0) size 800x600
  RenderView at (0,0) size 800x600
layer at (0,0) size 800x600
  RenderBlock {HTML} at (0,0) size 800x600
    RenderBody {BODY} at (8,8) size 784x584
      RenderText {#text} at (0,0) size 30x22
        text run at (0,0) width 30: "Foo "
      RenderText {#text} at (30,0) size 79x22
        text run at (30,0) width 79: "Hello world"
