layer at (0,0) size 800x600
  RenderView at (0,0) size 800x600
layer at (0,0) size 800x600
  RenderBlock {HTML} at (0,0) size 800x600
    RenderBody {BODY} at (8,8) size 784x584
      RenderBlock (anonymous) at (0,0) size 784x21
        RenderText {#text} at (0,0) size 526x20
          text run at (0,0) width 526: "These demonstrate 11475: the '\\n's at the end of the fragment should be unrendered."
        RenderBR {BR} at (526,17) size 0x0
      RenderBlock {DIV} at (0,21) size 784x42
        RenderText {#text} at (31,0) size 725x41
          text run at (31,0) width 721: "This test checks that pasing in a combination of nested blocks where one starts with a text field doesn't crash or fail"
          text run at (752,0) width 4: " "
          text run at (359,21) width 65: "assertions."
      RenderBlock {DIV} at (0,63) size 784x42
        RenderBlock {DIV} at (0,0) size 784x42
          RenderText {#text} at (458,21) size 4x20
            text run at (458,21) width 4: " "
          RenderInline {SPAN} at (0,0) size 8x20
            RenderText {#text} at (462,21) size 8x20
              text run at (462,21) width 8: "x"
          RenderText {#text} at (0,0) size 0x0
      RenderBlock (anonymous) at (0,105) size 784x0
layer at (323,73) size 141x34 clip at (324,74) size 139x32
  RenderTextControl {TEXTAREA} at (315,2) size 141x34 [bgcolor=#FFFFFF] [border: (1px solid #000000)]
    RenderBlock {DIV} at (3,3) size 135x14
      RenderText {#text} at (0,0) size 3x14
        text run at (0,0) width 3: " "
caret: position 1 of child 0 {#text} of child 3 {SPAN} of child 1 {DIV} of child 4 {DIV} of child 1 {BODY} of child 0 {HTML} of document
