layer at (0,0) size 800x600
  RenderView at (0,0) size 800x600
layer at (0,0) size 800x600
  RenderBlock {HTML} at (0,0) size 800x600
    RenderBody {BODY} at (8,8) size 784x584
      RenderBlock (anonymous) at (0,0) size 784x54
        RenderText {#text} at (0,0) size 772x36
          text run at (0,0) width 772: "This tests the fix for <rdar://problem/6633727> Hitting return at the end of a line with an anchor jumps me to the bottom of"
          text run at (0,18) width 76: "the message"
        RenderBR {BR} at (76,32) size 0x0
        RenderText {#text} at (0,36) size 529x18
          text run at (0,36) width 529: "If the test has passed, the numbers should be in order, and only \"1\" should be a link."
        RenderBR {BR} at (529,50) size 0x0
      RenderBlock {DIV} at (0,54) size 784x54
        RenderBlock (anonymous) at (0,0) size 784x18
          RenderInline {A} at (0,0) size 8x18 [color=#0000EE]
            RenderText {#text} at (0,0) size 8x18
              text run at (0,0) width 8: "1"
        RenderBlock {DIV} at (0,18) size 784x36
          RenderBlock (anonymous) at (0,0) size 784x18
            RenderInline {A} at (0,0) size 0x0 [color=#0000EE]
            RenderText {#text} at (0,0) size 8x18
              text run at (0,0) width 8: "2"
            RenderBR {BR} at (8,14) size 0x0
          RenderBlock {DIV} at (0,18) size 784x18
            RenderText {#text} at (0,0) size 8x18
              text run at (0,0) width 8: "3"
caret: position 1 of child 1 {#text} of child 2 {DIV} of child 5 {DIV} of child 1 {BODY} of child 0 {HTML} of document
