layer at (0,0) size 800x600
  RenderView at (0,0) size 800x600
layer at (0,0) size 800x600
  RenderBlock {HTML} at (0,0) size 800x600
    RenderBody {BODY} at (8,8) size 784x576
      RenderBlock {FORM} at (0,0) size 784x39
        RenderText {#text} at (167,18) size 4x18
          text run at (167,18) width 4: " "
        RenderText {#text} at (338,18) size 4x18
          text run at (338,18) width 4: " "
        RenderButton {INPUT} at (344,19) size 45x18 [bgcolor=#C0C0C0]
          RenderBlock (anonymous) at (8,2) size 29x13
            RenderText at (0,0) size 29x13
              text run at (0,0) width 29: "Reset"
        RenderText {#text} at (0,0) size 0x0
      RenderBlock {P} at (0,55) size 784x72
        RenderText {#text} at (0,0) size 358x18
          text run at (0,0) width 358: "This test verifies that textarea controls are properly reset. "
        RenderBR {BR} at (358,14) size 0x0
        RenderText {#text} at (0,18) size 475x18
          text run at (0,18) width 475: "You should see two element IDs below, and the word \"SUCCESS\" twice: "
        RenderBR {BR} at (475,32) size 0x0
        RenderText {#text} at (0,36) size 175x18
          text run at (0,36) width 175: "noDefaultText: SUCCESS "
        RenderBR {BR} at (175,50) size 0x0
        RenderText {#text} at (0,54) size 176x18
          text run at (0,54) width 176: "hasDefaultText: SUCCESS"
        RenderText {#text} at (0,0) size 0x0
        RenderText {#text} at (0,0) size 0x0
layer at (10,10) size 163x28 clip at (11,11) size 161x26
  RenderTextControl {TEXTAREA} at (2,2) size 163x28 [bgcolor=#FFFFFF] [border: (1px solid #000000)]
    RenderBlock {DIV} at (1,1) size 161x13
layer at (181,10) size 163x28 clip at (182,11) size 161x26
  RenderTextControl {TEXTAREA} at (173,2) size 163x28 [bgcolor=#FFFFFF] [border: (1px solid #000000)]
    RenderBlock {DIV} at (1,1) size 161x13
      RenderText {#text} at (3,0) size 66x13
        text run at (3,0) width 66: "Default Text"
