layer at (0,0) size 800x600
  RenderView at (0,0) size 800x600
layer at (0,0) size 800x94
  RenderBlock {HTML} at (0,0) size 800x94
    RenderBody {BODY} at (8,16) size 784x70
      RenderBlock {P} at (0,0) size 784x18
        RenderText {#text} at (0,0) size 292x18
          text run at (0,0) width 292: "The following two lines should look the same:"
      RenderBlock {DIV} at (0,34) size 784x18
        RenderInline {SPAN} at (0,0) size 8x18
          RenderInline (generated) at (0,0) size 8x18
            RenderCounter at (0,0) size 8x18
              text run at (0,0) width 8: "1"
        RenderText {#text} at (8,0) size 4x18
          text run at (8,0) width 4: " "
        RenderInline {SPAN} at (0,0) size 8x18
          RenderInline (generated) at (0,0) size 8x18
            RenderCounter at (12,0) size 8x18
              text run at (12,0) width 8: "2"
        RenderText {#text} at (20,0) size 4x18
          text run at (20,0) width 4: " "
        RenderInline {SPAN} at (0,0) size 8x18
          RenderInline (generated) at (0,0) size 8x18
            RenderCounter at (24,0) size 8x18
              text run at (24,0) width 8: "3"
        RenderText {#text} at (32,0) size 4x18
          text run at (32,0) width 4: " "
        RenderInline {SPAN} at (0,0) size 8x18
          RenderInline (generated) at (0,0) size 8x18
            RenderCounter at (36,0) size 8x18
              text run at (36,0) width 8: "4"
        RenderText {#text} at (44,0) size 4x18
          text run at (44,0) width 4: " "
        RenderInline {SPAN} at (0,0) size 8x18
          RenderInline (generated) at (0,0) size 8x18
            RenderCounter at (48,0) size 8x18
              text run at (48,0) width 8: "5"
        RenderText {#text} at (56,0) size 4x18
          text run at (56,0) width 4: " "
        RenderInline {SPAN} at (0,0) size 8x18
          RenderInline (generated) at (0,0) size 8x18
            RenderCounter at (60,0) size 8x18
              text run at (60,0) width 8: "6"
        RenderText {#text} at (68,0) size 4x18
          text run at (68,0) width 4: " "
        RenderInline {SPAN} at (0,0) size 8x18
          RenderInline (generated) at (0,0) size 8x18
            RenderCounter at (72,0) size 8x18
              text run at (72,0) width 8: "7"
        RenderText {#text} at (80,0) size 4x18
          text run at (80,0) width 4: " "
        RenderInline {SPAN} at (0,0) size 8x18
          RenderInline (generated) at (0,0) size 8x18
            RenderCounter at (84,0) size 8x18
              text run at (84,0) width 8: "8"
        RenderText {#text} at (92,0) size 4x18
          text run at (92,0) width 4: " "
        RenderInline {SPAN} at (0,0) size 8x18
          RenderInline (generated) at (0,0) size 8x18
            RenderCounter at (96,0) size 8x18
              text run at (96,0) width 8: "9"
        RenderText {#text} at (104,0) size 4x18
          text run at (104,0) width 4: " "
        RenderInline {SPAN} at (0,0) size 16x18
          RenderInline (generated) at (0,0) size 16x18
            RenderCounter at (108,0) size 16x18
              text run at (108,0) width 16: "10"
        RenderText {#text} at (124,0) size 4x18
          text run at (124,0) width 4: " "
        RenderInline {SPAN} at (0,0) size 16x18
          RenderInline (generated) at (0,0) size 16x18
            RenderCounter at (128,0) size 16x18
              text run at (128,0) width 16: "11"
        RenderText {#text} at (144,0) size 4x18
          text run at (144,0) width 4: " "
        RenderInline {SPAN} at (0,0) size 16x18
          RenderInline (generated) at (0,0) size 16x18
            RenderCounter at (148,0) size 16x18
              text run at (148,0) width 16: "12"
        RenderText {#text} at (164,0) size 4x18
          text run at (164,0) width 4: " "
        RenderInline {SPAN} at (0,0) size 16x18
          RenderInline (generated) at (0,0) size 16x18
            RenderCounter at (168,0) size 16x18
              text run at (168,0) width 16: "99"
        RenderText {#text} at (184,0) size 4x18
          text run at (184,0) width 4: " "
        RenderInline {SPAN} at (0,0) size 24x18
          RenderInline (generated) at (0,0) size 24x18
            RenderCounter at (188,0) size 24x18
              text run at (188,0) width 24: "100"
        RenderText {#text} at (212,0) size 4x18
          text run at (212,0) width 4: " "
        RenderInline {SPAN} at (0,0) size 24x18
          RenderInline (generated) at (0,0) size 24x18
            RenderCounter at (216,0) size 24x18
              text run at (216,0) width 24: "101"
        RenderText {#text} at (0,0) size 0x0
      RenderBlock {DIV} at (0,52) size 784x18
        RenderText {#text} at (0,0) size 312x18
          text run at (0,0) width 20: "01 "
          text run at (20,0) width 20: "02 "
          text run at (40,0) width 20: "03 "
          text run at (60,0) width 20: "04 "
          text run at (80,0) width 20: "05 "
          text run at (100,0) width 20: "06 "
          text run at (120,0) width 20: "07 "
          text run at (140,0) width 20: "08 "
          text run at (160,0) width 20: "09 "
          text run at (180,0) width 20: "10 "
          text run at (200,0) width 20: "11 "
          text run at (220,0) width 20: "12 "
          text run at (240,0) width 20: "99 "
          text run at (260,0) width 28: "100 "
          text run at (288,0) width 24: "101"
