layer at (0,0) size 800x600
  RenderView at (0,0) size 800x600
layer at (0,0) size 800x130
  RenderBlock {HTML} at (0,0) size 800x130
    RenderBody {BODY} at (8,16) size 784x106
      RenderBlock {P} at (0,0) size 784x18
        RenderText {#text} at (0,0) size 292x18
          text run at (0,0) width 292: "The following two lines should look the same:"
      RenderBlock {DIV} at (0,34) size 784x36
        RenderInline {SPAN} at (0,0) size 20x18
          RenderInline (generated) at (0,0) size 20x18
            RenderCounter at (0,0) size 20x18
              text run at (0,0) width 20: "1.1"
        RenderText {#text} at (20,0) size 4x18
          text run at (20,0) width 4: " "
        RenderInline {SPAN} at (0,0) size 20x18
          RenderInline (generated) at (0,0) size 20x18
            RenderCounter at (24,0) size 20x18
              text run at (24,0) width 20: "1.2"
        RenderText {#text} at (44,0) size 4x18
          text run at (44,0) width 4: " "
        RenderInline {SPAN} at (0,0) size 20x18
          RenderInline (generated) at (0,0) size 20x18
            RenderCounter at (48,0) size 20x18
              text run at (48,0) width 20: "1.3"
        RenderText {#text} at (68,0) size 4x18
          text run at (68,0) width 4: " "
        RenderInline {SPAN} at (0,0) size 20x18
          RenderInline (generated) at (0,0) size 20x18
            RenderCounter at (72,0) size 20x18
              text run at (72,0) width 20: "1.4"
        RenderText {#text} at (92,0) size 4x18
          text run at (92,0) width 4: " "
        RenderInline {SPAN} at (0,0) size 20x18
          RenderInline (generated) at (0,0) size 20x18
            RenderCounter at (96,0) size 20x18
              text run at (96,0) width 20: "1.5"
        RenderText {#text} at (116,0) size 4x18
          text run at (116,0) width 4: " "
        RenderInline {SPAN} at (0,0) size 20x18
          RenderInline (generated) at (0,0) size 20x18
            RenderCounter at (120,0) size 20x18
              text run at (120,0) width 20: "1.6"
        RenderText {#text} at (140,0) size 4x18
          text run at (140,0) width 4: " "
        RenderInline {SPAN} at (0,0) size 20x18
          RenderInline (generated) at (0,0) size 20x18
            RenderCounter at (144,0) size 20x18
              text run at (144,0) width 20: "1.7"
        RenderText {#text} at (164,0) size 4x18
          text run at (164,0) width 4: " "
        RenderInline {SPAN} at (0,0) size 20x18
          RenderInline (generated) at (0,0) size 20x18
            RenderCounter at (168,0) size 20x18
              text run at (168,0) width 20: "1.8"
        RenderText {#text} at (188,0) size 4x18
          text run at (188,0) width 4: " "
        RenderInline {SPAN} at (0,0) size 20x18
          RenderInline (generated) at (0,0) size 20x18
            RenderCounter at (192,0) size 20x18
              text run at (192,0) width 20: "1.9"
        RenderText {#text} at (212,0) size 4x18
          text run at (212,0) width 4: " "
        RenderInline {SPAN} at (0,0) size 28x18
          RenderInline (generated) at (0,0) size 28x18
            RenderCounter at (216,0) size 28x18
              text run at (216,0) width 28: "1.10"
        RenderText {#text} at (244,0) size 4x18
          text run at (244,0) width 4: " "
        RenderInline {SPAN} at (0,0) size 28x18
          RenderInline (generated) at (0,0) size 28x18
            RenderCounter at (248,0) size 28x18
              text run at (248,0) width 28: "1.11"
        RenderText {#text} at (276,0) size 4x18
          text run at (276,0) width 4: " "
        RenderInline {SPAN} at (0,0) size 28x18
          RenderInline (generated) at (0,0) size 28x18
            RenderCounter at (280,0) size 28x18
              text run at (280,0) width 28: "1.12"
        RenderText {#text} at (308,0) size 4x18
          text run at (308,0) width 4: " "
        RenderInline {SPAN} at (0,0) size 28x18
          RenderInline (generated) at (0,0) size 28x18
            RenderCounter at (312,0) size 28x18
              text run at (312,0) width 28: "1.20"
        RenderText {#text} at (340,0) size 4x18
          text run at (340,0) width 4: " "
        RenderInline {SPAN} at (0,0) size 28x18
          RenderInline (generated) at (0,0) size 28x18
            RenderCounter at (344,0) size 28x18
              text run at (344,0) width 28: "1.30"
        RenderText {#text} at (372,0) size 4x18
          text run at (372,0) width 4: " "
        RenderInline {SPAN} at (0,0) size 28x18
          RenderInline (generated) at (0,0) size 28x18
            RenderCounter at (376,0) size 28x18
              text run at (376,0) width 28: "1.40"
        RenderText {#text} at (404,0) size 4x18
          text run at (404,0) width 4: " "
        RenderInline {SPAN} at (0,0) size 28x18
          RenderInline (generated) at (0,0) size 28x18
            RenderCounter at (408,0) size 28x18
              text run at (408,0) width 28: "1.50"
        RenderText {#text} at (436,0) size 4x18
          text run at (436,0) width 4: " "
        RenderInline {SPAN} at (0,0) size 28x18
          RenderInline (generated) at (0,0) size 28x18
            RenderCounter at (440,0) size 28x18
              text run at (440,0) width 28: "1.60"
        RenderText {#text} at (468,0) size 4x18
          text run at (468,0) width 4: " "
        RenderInline {SPAN} at (0,0) size 28x18
          RenderInline (generated) at (0,0) size 28x18
            RenderCounter at (472,0) size 28x18
              text run at (472,0) width 28: "1.70"
        RenderText {#text} at (500,0) size 4x18
          text run at (500,0) width 4: " "
        RenderInline {SPAN} at (0,0) size 28x18
          RenderInline (generated) at (0,0) size 28x18
            RenderCounter at (504,0) size 28x18
              text run at (504,0) width 28: "1.80"
        RenderText {#text} at (532,0) size 4x18
          text run at (532,0) width 4: " "
        RenderInline {SPAN} at (0,0) size 28x18
          RenderInline (generated) at (0,0) size 28x18
            RenderCounter at (536,0) size 28x18
              text run at (536,0) width 28: "1.90"
        RenderText {#text} at (564,0) size 4x18
          text run at (564,0) width 4: " "
        RenderInline {SPAN} at (0,0) size 36x18
          RenderInline (generated) at (0,0) size 36x18
            RenderCounter at (568,0) size 36x18
              text run at (568,0) width 36: "1.100"
        RenderText {#text} at (604,0) size 4x18
          text run at (604,0) width 4: " "
        RenderInline {SPAN} at (0,0) size 36x18
          RenderInline (generated) at (0,0) size 36x18
            RenderCounter at (608,0) size 36x18
              text run at (608,0) width 36: "1.200"
        RenderText {#text} at (644,0) size 4x18
          text run at (644,0) width 4: " "
        RenderInline {SPAN} at (0,0) size 36x18
          RenderInline (generated) at (0,0) size 36x18
            RenderCounter at (648,0) size 36x18
              text run at (648,0) width 36: "1.300"
        RenderText {#text} at (684,0) size 4x18
          text run at (684,0) width 4: " "
        RenderInline {SPAN} at (0,0) size 36x18
          RenderInline (generated) at (0,0) size 36x18
            RenderCounter at (688,0) size 36x18
              text run at (688,0) width 36: "1.400"
        RenderText {#text} at (724,0) size 4x18
          text run at (724,0) width 4: " "
        RenderInline {SPAN} at (0,0) size 36x18
          RenderInline (generated) at (0,0) size 36x18
            RenderCounter at (728,0) size 36x18
              text run at (728,0) width 36: "1.500"
        RenderText {#text} at (0,0) size 0x0
        RenderInline {SPAN} at (0,0) size 36x18
          RenderInline (generated) at (0,0) size 36x18
            RenderCounter at (0,18) size 36x18
              text run at (0,18) width 36: "1.600"
        RenderText {#text} at (36,18) size 4x18
          text run at (36,18) width 4: " "
        RenderInline {SPAN} at (0,0) size 36x18
          RenderInline (generated) at (0,0) size 36x18
            RenderCounter at (40,18) size 36x18
              text run at (40,18) width 36: "1.700"
        RenderText {#text} at (76,18) size 4x18
          text run at (76,18) width 4: " "
        RenderInline {SPAN} at (0,0) size 36x18
          RenderInline (generated) at (0,0) size 36x18
            RenderCounter at (80,18) size 36x18
              text run at (80,18) width 36: "1.800"
        RenderText {#text} at (116,18) size 4x18
          text run at (116,18) width 4: " "
        RenderInline {SPAN} at (0,0) size 36x18
          RenderInline (generated) at (0,0) size 36x18
            RenderCounter at (120,18) size 36x18
              text run at (120,18) width 36: "1.900"
        RenderText {#text} at (156,18) size 4x18
          text run at (156,18) width 4: " "
        RenderInline {SPAN} at (0,0) size 44x18
          RenderInline (generated) at (0,0) size 44x18
            RenderCounter at (160,18) size 44x18
              text run at (160,18) width 44: "1.1000"
        RenderText {#text} at (204,18) size 4x18
          text run at (204,18) width 4: " "
        RenderInline {SPAN} at (0,0) size 44x18
          RenderInline (generated) at (0,0) size 44x18
            RenderCounter at (208,18) size 44x18
              text run at (208,18) width 44: "1.2000"
        RenderText {#text} at (252,18) size 4x18
          text run at (252,18) width 4: " "
        RenderInline {SPAN} at (0,0) size 44x18
          RenderInline (generated) at (0,0) size 44x18
            RenderCounter at (256,18) size 44x18
              text run at (256,18) width 44: "1.3000"
        RenderText {#text} at (300,18) size 4x18
          text run at (300,18) width 4: " "
        RenderInline {SPAN} at (0,0) size 44x18
          RenderInline (generated) at (0,0) size 44x18
            RenderCounter at (304,18) size 44x18
              text run at (304,18) width 44: "1.4000"
        RenderText {#text} at (348,18) size 4x18
          text run at (348,18) width 4: " "
        RenderInline {SPAN} at (0,0) size 44x18
          RenderInline (generated) at (0,0) size 44x18
            RenderCounter at (352,18) size 44x18
              text run at (352,18) width 44: "1.5000"
        RenderText {#text} at (396,18) size 4x18
          text run at (396,18) width 4: " "
        RenderInline {SPAN} at (0,0) size 44x18
          RenderInline (generated) at (0,0) size 44x18
            RenderCounter at (400,18) size 44x18
              text run at (400,18) width 44: "1.6000"
        RenderText {#text} at (444,18) size 4x18
          text run at (444,18) width 4: " "
        RenderInline {SPAN} at (0,0) size 44x18
          RenderInline (generated) at (0,0) size 44x18
            RenderCounter at (448,18) size 44x18
              text run at (448,18) width 44: "1.7000"
        RenderText {#text} at (492,18) size 4x18
          text run at (492,18) width 4: " "
        RenderInline {SPAN} at (0,0) size 44x18
          RenderInline (generated) at (0,0) size 44x18
            RenderCounter at (496,18) size 44x18
              text run at (496,18) width 44: "1.8000"
        RenderText {#text} at (540,18) size 4x18
          text run at (540,18) width 4: " "
        RenderInline {SPAN} at (0,0) size 44x18
          RenderInline (generated) at (0,0) size 44x18
            RenderCounter at (544,18) size 44x18
              text run at (544,18) width 44: "1.9000"
        RenderText {#text} at (588,18) size 4x18
          text run at (588,18) width 4: " "
        RenderInline {SPAN} at (0,0) size 52x18
          RenderInline (generated) at (0,0) size 52x18
            RenderCounter at (592,18) size 52x18
              text run at (592,18) width 52: "1.10000"
        RenderText {#text} at (644,18) size 4x18
          text run at (644,18) width 4: " "
        RenderInline {SPAN} at (0,0) size 52x18
          RenderInline (generated) at (0,0) size 52x18
            RenderCounter at (648,18) size 52x18
              text run at (648,18) width 52: "1.19999"
        RenderText {#text} at (0,0) size 0x0
      RenderBlock {DIV} at (0,70) size 784x36
        RenderText {#text} at (0,0) size 756x36
          text run at (0,0) width 32: "\x{10D0}.\x{10D0} "
          text run at (32,0) width 32: "\x{10D0}.\x{10D1} "
          text run at (64,0) width 32: "\x{10D0}.\x{10D2} "
          text run at (96,0) width 32: "\x{10D0}.\x{10D3} "
          text run at (128,0) width 32: "\x{10D0}.\x{10D4} "
          text run at (160,0) width 32: "\x{10D0}.\x{10D5} "
          text run at (192,0) width 32: "\x{10D0}.\x{10D6} "
          text run at (224,0) width 32: "\x{10D0}.\x{10F1} "
          text run at (256,0) width 32: "\x{10D0}.\x{10D7} "
          text run at (288,0) width 32: "\x{10D0}.\x{10D8} "
          text run at (320,0) width 44: "\x{10D0}.\x{10D8}\x{10D0} "
          text run at (364,0) width 44: "\x{10D0}.\x{10D8}\x{10D1} "
          text run at (408,0) width 32: "\x{10D0}.\x{10D9} "
          text run at (440,0) width 32: "\x{10D0}.\x{10DA} "
          text run at (472,0) width 32: "\x{10D0}.\x{10DB} "
          text run at (504,0) width 32: "\x{10D0}.\x{10DC} "
          text run at (536,0) width 32: "\x{10D0}.\x{10F2} "
          text run at (568,0) width 32: "\x{10D0}.\x{10DD} "
          text run at (600,0) width 32: "\x{10D0}.\x{10DE} "
          text run at (632,0) width 32: "\x{10D0}.\x{10DF} "
          text run at (664,0) width 32: "\x{10D0}.\x{10E0} "
          text run at (696,0) width 32: "\x{10D0}.\x{10E1} "
          text run at (728,0) width 28: "\x{10D0}.\x{10E2}"
          text run at (0,18) width 32: "\x{10D0}.\x{10F3} "
          text run at (32,18) width 32: "\x{10D0}.\x{10E4} "
          text run at (64,18) width 32: "\x{10D0}.\x{10E5} "
          text run at (96,18) width 32: "\x{10D0}.\x{10E6} "
          text run at (128,18) width 32: "\x{10D0}.\x{10E7} "
          text run at (160,18) width 32: "\x{10D0}.\x{10E8} "
          text run at (192,18) width 32: "\x{10D0}.\x{10E9} "
          text run at (224,18) width 32: "\x{10D0}.\x{10EA} "
          text run at (256,18) width 32: "\x{10D0}.\x{10EB} "
          text run at (288,18) width 32: "\x{10D0}.\x{10EC} "
          text run at (320,18) width 32: "\x{10D0}.\x{10ED} "
          text run at (352,18) width 32: "\x{10D0}.\x{10EE} "
          text run at (384,18) width 32: "\x{10D0}.\x{10F4} "
          text run at (416,18) width 32: "\x{10D0}.\x{10EF} "
          text run at (448,18) width 32: "\x{10D0}.\x{10F0} "
          text run at (480,18) width 32: "\x{10D0}.\x{10F5} "
          text run at (512,18) width 76: "\x{10D0}.\x{10F5}\x{10F0}\x{10E8}\x{10DF}\x{10D7}"
