layer at (0,0) size 800x600
  RenderView at (0,0) size 800x600
layer at (0,0) size 800x112
  RenderBlock {HTML} at (0,0) size 800x112
    RenderBody {BODY} at (8,16) size 784x88
      RenderBlock {P} at (0,0) size 784x18
        RenderText {#text} at (0,0) size 292x18
          text run at (0,0) width 292: "The following two lines should look the same:"
      RenderBlock {DIV} at (0,34) size 784x36
        RenderInline {SPAN} at (0,0) size 8x18
          RenderInline (generated) at (0,0) size 8x18
            RenderCounter at (0,0) size 8x18
              text run at (0,0) width 8: "1"
        RenderText {#text} at (8,0) size 4x18
          text run at (8,0) width 4: " "
        RenderInline {SPAN} at (0,0) size 8x18
          RenderInline (generated) at (0,0) size 8x18
            RenderCounter at (12,0) size 8x18
              text run at (12,0) width 8: "2"
        RenderText {#text} at (20,0) size 4x18
          text run at (20,0) width 4: " "
        RenderInline {SPAN} at (0,0) size 8x18
          RenderInline (generated) at (0,0) size 8x18
            RenderCounter at (24,0) size 8x18
              text run at (24,0) width 8: "3"
        RenderText {#text} at (32,0) size 4x18
          text run at (32,0) width 4: " "
        RenderInline {SPAN} at (0,0) size 8x18
          RenderInline (generated) at (0,0) size 8x18
            RenderCounter at (36,0) size 8x18
              text run at (36,0) width 8: "4"
        RenderText {#text} at (44,0) size 4x18
          text run at (44,0) width 4: " "
        RenderInline {SPAN} at (0,0) size 8x18
          RenderInline (generated) at (0,0) size 8x18
            RenderCounter at (48,0) size 8x18
              text run at (48,0) width 8: "5"
        RenderText {#text} at (56,0) size 4x18
          text run at (56,0) width 4: " "
        RenderInline {SPAN} at (0,0) size 8x18
          RenderInline (generated) at (0,0) size 8x18
            RenderCounter at (60,0) size 8x18
              text run at (60,0) width 8: "6"
        RenderText {#text} at (68,0) size 4x18
          text run at (68,0) width 4: " "
        RenderInline {SPAN} at (0,0) size 8x18
          RenderInline (generated) at (0,0) size 8x18
            RenderCounter at (72,0) size 8x18
              text run at (72,0) width 8: "7"
        RenderText {#text} at (80,0) size 4x18
          text run at (80,0) width 4: " "
        RenderInline {SPAN} at (0,0) size 8x18
          RenderInline (generated) at (0,0) size 8x18
            RenderCounter at (84,0) size 8x18
              text run at (84,0) width 8: "8"
        RenderText {#text} at (92,0) size 4x18
          text run at (92,0) width 4: " "
        RenderInline {SPAN} at (0,0) size 8x18
          RenderInline (generated) at (0,0) size 8x18
            RenderCounter at (96,0) size 8x18
              text run at (96,0) width 8: "9"
        RenderText {#text} at (104,0) size 4x18
          text run at (104,0) width 4: " "
        RenderInline {SPAN} at (0,0) size 16x18
          RenderInline (generated) at (0,0) size 16x18
            RenderCounter at (108,0) size 16x18
              text run at (108,0) width 16: "10"
        RenderText {#text} at (124,0) size 4x18
          text run at (124,0) width 4: " "
        RenderInline {SPAN} at (0,0) size 16x18
          RenderInline (generated) at (0,0) size 16x18
            RenderCounter at (128,0) size 16x18
              text run at (128,0) width 16: "11"
        RenderText {#text} at (144,0) size 4x18
          text run at (144,0) width 4: " "
        RenderInline {SPAN} at (0,0) size 16x18
          RenderInline (generated) at (0,0) size 16x18
            RenderCounter at (148,0) size 16x18
              text run at (148,0) width 16: "12"
        RenderText {#text} at (164,0) size 4x18
          text run at (164,0) width 4: " "
        RenderInline {SPAN} at (0,0) size 16x18
          RenderInline (generated) at (0,0) size 16x18
            RenderCounter at (168,0) size 16x18
              text run at (168,0) width 16: "20"
        RenderText {#text} at (184,0) size 4x18
          text run at (184,0) width 4: " "
        RenderInline {SPAN} at (0,0) size 16x18
          RenderInline (generated) at (0,0) size 16x18
            RenderCounter at (188,0) size 16x18
              text run at (188,0) width 16: "30"
        RenderText {#text} at (204,0) size 4x18
          text run at (204,0) width 4: " "
        RenderInline {SPAN} at (0,0) size 16x18
          RenderInline (generated) at (0,0) size 16x18
            RenderCounter at (208,0) size 16x18
              text run at (208,0) width 16: "40"
        RenderText {#text} at (224,0) size 4x18
          text run at (224,0) width 4: " "
        RenderInline {SPAN} at (0,0) size 16x18
          RenderInline (generated) at (0,0) size 16x18
            RenderCounter at (228,0) size 16x18
              text run at (228,0) width 16: "50"
        RenderText {#text} at (244,0) size 4x18
          text run at (244,0) width 4: " "
        RenderInline {SPAN} at (0,0) size 16x18
          RenderInline (generated) at (0,0) size 16x18
            RenderCounter at (248,0) size 16x18
              text run at (248,0) width 16: "60"
        RenderText {#text} at (264,0) size 4x18
          text run at (264,0) width 4: " "
        RenderInline {SPAN} at (0,0) size 16x18
          RenderInline (generated) at (0,0) size 16x18
            RenderCounter at (268,0) size 16x18
              text run at (268,0) width 16: "70"
        RenderText {#text} at (284,0) size 4x18
          text run at (284,0) width 4: " "
        RenderInline {SPAN} at (0,0) size 16x18
          RenderInline (generated) at (0,0) size 16x18
            RenderCounter at (288,0) size 16x18
              text run at (288,0) width 16: "80"
        RenderText {#text} at (304,0) size 4x18
          text run at (304,0) width 4: " "
        RenderInline {SPAN} at (0,0) size 16x18
          RenderInline (generated) at (0,0) size 16x18
            RenderCounter at (308,0) size 16x18
              text run at (308,0) width 16: "90"
        RenderText {#text} at (324,0) size 4x18
          text run at (324,0) width 4: " "
        RenderInline {SPAN} at (0,0) size 24x18
          RenderInline (generated) at (0,0) size 24x18
            RenderCounter at (328,0) size 24x18
              text run at (328,0) width 24: "100"
        RenderText {#text} at (352,0) size 4x18
          text run at (352,0) width 4: " "
        RenderInline {SPAN} at (0,0) size 24x18
          RenderInline (generated) at (0,0) size 24x18
            RenderCounter at (356,0) size 24x18
              text run at (356,0) width 24: "200"
        RenderText {#text} at (380,0) size 4x18
          text run at (380,0) width 4: " "
        RenderInline {SPAN} at (0,0) size 24x18
          RenderInline (generated) at (0,0) size 24x18
            RenderCounter at (384,0) size 24x18
              text run at (384,0) width 24: "300"
        RenderText {#text} at (408,0) size 4x18
          text run at (408,0) width 4: " "
        RenderInline {SPAN} at (0,0) size 24x18
          RenderInline (generated) at (0,0) size 24x18
            RenderCounter at (412,0) size 24x18
              text run at (412,0) width 24: "400"
        RenderText {#text} at (436,0) size 4x18
          text run at (436,0) width 4: " "
        RenderInline {SPAN} at (0,0) size 24x18
          RenderInline (generated) at (0,0) size 24x18
            RenderCounter at (440,0) size 24x18
              text run at (440,0) width 24: "500"
        RenderText {#text} at (464,0) size 4x18
          text run at (464,0) width 4: " "
        RenderInline {SPAN} at (0,0) size 24x18
          RenderInline (generated) at (0,0) size 24x18
            RenderCounter at (468,0) size 24x18
              text run at (468,0) width 24: "600"
        RenderText {#text} at (492,0) size 4x18
          text run at (492,0) width 4: " "
        RenderInline {SPAN} at (0,0) size 24x18
          RenderInline (generated) at (0,0) size 24x18
            RenderCounter at (496,0) size 24x18
              text run at (496,0) width 24: "700"
        RenderText {#text} at (520,0) size 4x18
          text run at (520,0) width 4: " "
        RenderInline {SPAN} at (0,0) size 24x18
          RenderInline (generated) at (0,0) size 24x18
            RenderCounter at (524,0) size 24x18
              text run at (524,0) width 24: "800"
        RenderText {#text} at (548,0) size 4x18
          text run at (548,0) width 4: " "
        RenderInline {SPAN} at (0,0) size 24x18
          RenderInline (generated) at (0,0) size 24x18
            RenderCounter at (552,0) size 24x18
              text run at (552,0) width 24: "900"
        RenderText {#text} at (576,0) size 4x18
          text run at (576,0) width 4: " "
        RenderInline {SPAN} at (0,0) size 32x18
          RenderInline (generated) at (0,0) size 32x18
            RenderCounter at (580,0) size 32x18
              text run at (580,0) width 32: "1000"
        RenderText {#text} at (612,0) size 4x18
          text run at (612,0) width 4: " "
        RenderInline {SPAN} at (0,0) size 32x18
          RenderInline (generated) at (0,0) size 32x18
            RenderCounter at (616,0) size 32x18
              text run at (616,0) width 32: "2000"
        RenderText {#text} at (648,0) size 4x18
          text run at (648,0) width 4: " "
        RenderInline {SPAN} at (0,0) size 32x18
          RenderInline (generated) at (0,0) size 32x18
            RenderCounter at (652,0) size 32x18
              text run at (652,0) width 32: "3000"
        RenderText {#text} at (684,0) size 4x18
          text run at (684,0) width 4: " "
        RenderInline {SPAN} at (0,0) size 32x18
          RenderInline (generated) at (0,0) size 32x18
            RenderCounter at (688,0) size 32x18
              text run at (688,0) width 32: "4000"
        RenderText {#text} at (720,0) size 4x18
          text run at (720,0) width 4: " "
        RenderInline {SPAN} at (0,0) size 32x18
          RenderInline (generated) at (0,0) size 32x18
            RenderCounter at (724,0) size 32x18
              text run at (724,0) width 32: "5000"
        RenderText {#text} at (0,0) size 0x0
        RenderInline {SPAN} at (0,0) size 32x18
          RenderInline (generated) at (0,0) size 32x18
            RenderCounter at (0,18) size 32x18
              text run at (0,18) width 32: "6000"
        RenderText {#text} at (32,18) size 4x18
          text run at (32,18) width 4: " "
        RenderInline {SPAN} at (0,0) size 32x18
          RenderInline (generated) at (0,0) size 32x18
            RenderCounter at (36,18) size 32x18
              text run at (36,18) width 32: "7000"
        RenderText {#text} at (68,18) size 4x18
          text run at (68,18) width 4: " "
        RenderInline {SPAN} at (0,0) size 32x18
          RenderInline (generated) at (0,0) size 32x18
            RenderCounter at (72,18) size 32x18
              text run at (72,18) width 32: "8000"
        RenderText {#text} at (104,18) size 4x18
          text run at (104,18) width 4: " "
        RenderInline {SPAN} at (0,0) size 32x18
          RenderInline (generated) at (0,0) size 32x18
            RenderCounter at (108,18) size 32x18
              text run at (108,18) width 32: "9000"
        RenderText {#text} at (140,18) size 4x18
          text run at (140,18) width 4: " "
        RenderInline {SPAN} at (0,0) size 32x18
          RenderInline (generated) at (0,0) size 32x18
            RenderCounter at (144,18) size 32x18
              text run at (144,18) width 32: "9999"
        RenderText {#text} at (0,0) size 0x0
      RenderBlock {DIV} at (0,70) size 784x18
        RenderText {#text} at (0,0) size 692x18
          text run at (0,0) width 16: "\x{531} "
          text run at (16,0) width 16: "\x{532} "
          text run at (32,0) width 16: "\x{533} "
          text run at (48,0) width 16: "\x{534} "
          text run at (64,0) width 16: "\x{535} "
          text run at (80,0) width 16: "\x{536} "
          text run at (96,0) width 16: "\x{537} "
          text run at (112,0) width 16: "\x{538} "
          text run at (128,0) width 16: "\x{539} "
          text run at (144,0) width 16: "\x{53A} "
          text run at (160,0) width 28: "\x{53A}\x{531} "
          text run at (188,0) width 28: "\x{53A}\x{532} "
          text run at (216,0) width 16: "\x{53B} "
          text run at (232,0) width 16: "\x{53C} "
          text run at (248,0) width 16: "\x{53D} "
          text run at (264,0) width 16: "\x{53E} "
          text run at (280,0) width 16: "\x{53F} "
          text run at (296,0) width 16: "\x{540} "
          text run at (312,0) width 16: "\x{541} "
          text run at (328,0) width 16: "\x{542} "
          text run at (344,0) width 16: "\x{543} "
          text run at (360,0) width 16: "\x{544} "
          text run at (376,0) width 16: "\x{545} "
          text run at (392,0) width 16: "\x{546} "
          text run at (408,0) width 16: "\x{547} "
          text run at (424,0) width 16: "\x{548} "
          text run at (440,0) width 16: "\x{549} "
          text run at (456,0) width 16: "\x{54A} "
          text run at (472,0) width 16: "\x{54B} "
          text run at (488,0) width 16: "\x{54C} "
          text run at (504,0) width 16: "\x{54D} "
          text run at (520,0) width 16: "\x{54E} "
          text run at (536,0) width 16: "\x{54F} "
          text run at (552,0) width 16: "\x{550} "
          text run at (568,0) width 16: "\x{551} "
          text run at (584,0) width 28: "\x{548}\x{552} "
          text run at (612,0) width 16: "\x{553} "
          text run at (628,0) width 16: "\x{554} "
          text run at (644,0) width 48: "\x{554}\x{54B}\x{542}\x{539}"
