layer at (0,0) size 800x600
  RenderView at (0,0) size 800x600
layer at (0,0) size 800x76
  RenderBlock {HTML} at (0,0) size 800x76
    RenderBody {BODY} at (8,16) size 784x52
      RenderBlock {P} at (0,0) size 784x18
        RenderText {#text} at (0,0) size 309x18
          text run at (0,0) width 309: "Below, you should see twelve boxes on one line."
      RenderBlock {DIV} at (0,34) size 784x18
        RenderInline {SPAN} at (0,0) size 9x18
          RenderInline (generated) at (0,0) size 9x18
            RenderCounter at (0,0) size 9x18
              text run at (0,0) width 9: "\x{25A0}"
        RenderText {#text} at (9,0) size 4x18
          text run at (9,0) width 4: " "
        RenderInline {SPAN} at (0,0) size 9x18
          RenderInline (generated) at (0,0) size 9x18
            RenderCounter at (13,0) size 9x18
              text run at (13,0) width 9: "\x{25A0}"
        RenderText {#text} at (22,0) size 4x18
          text run at (22,0) width 4: " "
        RenderInline {SPAN} at (0,0) size 9x18
          RenderInline (generated) at (0,0) size 9x18
            RenderCounter at (26,0) size 9x18
              text run at (26,0) width 9: "\x{25A0}"
        RenderText {#text} at (35,0) size 4x18
          text run at (35,0) width 4: " "
        RenderInline {SPAN} at (0,0) size 9x18
          RenderInline (generated) at (0,0) size 9x18
            RenderCounter at (39,0) size 9x18
              text run at (39,0) width 9: "\x{25A0}"
        RenderText {#text} at (48,0) size 4x18
          text run at (48,0) width 4: " "
        RenderInline {SPAN} at (0,0) size 9x18
          RenderInline (generated) at (0,0) size 9x18
            RenderCounter at (52,0) size 9x18
              text run at (52,0) width 9: "\x{25A0}"
        RenderText {#text} at (61,0) size 4x18
          text run at (61,0) width 4: " "
        RenderInline {SPAN} at (0,0) size 9x18
          RenderInline (generated) at (0,0) size 9x18
            RenderCounter at (65,0) size 9x18
              text run at (65,0) width 9: "\x{25A0}"
        RenderText {#text} at (74,0) size 4x18
          text run at (74,0) width 4: " "
        RenderInline {SPAN} at (0,0) size 9x18
          RenderInline (generated) at (0,0) size 9x18
            RenderCounter at (78,0) size 9x18
              text run at (78,0) width 9: "\x{25A0}"
        RenderText {#text} at (87,0) size 4x18
          text run at (87,0) width 4: " "
        RenderInline {SPAN} at (0,0) size 9x18
          RenderInline (generated) at (0,0) size 9x18
            RenderCounter at (91,0) size 9x18
              text run at (91,0) width 9: "\x{25A0}"
        RenderText {#text} at (100,0) size 4x18
          text run at (100,0) width 4: " "
        RenderInline {SPAN} at (0,0) size 9x18
          RenderInline (generated) at (0,0) size 9x18
            RenderCounter at (104,0) size 9x18
              text run at (104,0) width 9: "\x{25A0}"
        RenderText {#text} at (113,0) size 4x18
          text run at (113,0) width 4: " "
        RenderInline {SPAN} at (0,0) size 9x18
          RenderInline (generated) at (0,0) size 9x18
            RenderCounter at (117,0) size 9x18
              text run at (117,0) width 9: "\x{25A0}"
        RenderText {#text} at (126,0) size 4x18
          text run at (126,0) width 4: " "
        RenderInline {SPAN} at (0,0) size 9x18
          RenderInline (generated) at (0,0) size 9x18
            RenderCounter at (130,0) size 9x18
              text run at (130,0) width 9: "\x{25A0}"
        RenderText {#text} at (139,0) size 4x18
          text run at (139,0) width 4: " "
        RenderInline {SPAN} at (0,0) size 9x18
          RenderInline (generated) at (0,0) size 9x18
            RenderCounter at (143,0) size 9x18
              text run at (143,0) width 9: "\x{25A0}"
        RenderText {#text} at (0,0) size 0x0
