layer at (0,0) size 800x600
  RenderView at (0,0) size 800x600
layer at (0,0) size 800x94
  RenderBlock {HTML} at (0,0) size 800x94
    RenderBody {BODY} at (8,16) size 784x70
      RenderBlock {P} at (0,0) size 784x18
        RenderText {#text} at (0,0) size 292x18
          text run at (0,0) width 292: "The following two lines should look the same:"
      RenderBlock {DIV} at (0,34) size 784x18
        RenderInline {SPAN} at (0,0) size 20x18
          RenderInline (generated) at (0,0) size 20x18
            RenderCounter at (0,0) size 20x18
              text run at (0,0) width 20: "1.1"
        RenderText {#text} at (20,0) size 4x18
          text run at (20,0) width 4: " "
        RenderInline {SPAN} at (0,0) size 20x18
          RenderInline (generated) at (0,0) size 20x18
            RenderCounter at (24,0) size 20x18
              text run at (24,0) width 20: "1.2"
        RenderText {#text} at (44,0) size 4x18
          text run at (44,0) width 4: " "
        RenderInline {SPAN} at (0,0) size 20x18
          RenderInline (generated) at (0,0) size 20x18
            RenderCounter at (48,0) size 20x18
              text run at (48,0) width 20: "1.3"
        RenderText {#text} at (68,0) size 4x18
          text run at (68,0) width 4: " "
        RenderInline {SPAN} at (0,0) size 20x18
          RenderInline (generated) at (0,0) size 20x18
            RenderCounter at (72,0) size 20x18
              text run at (72,0) width 20: "1.4"
        RenderText {#text} at (92,0) size 4x18
          text run at (92,0) width 4: " "
        RenderInline {SPAN} at (0,0) size 20x18
          RenderInline (generated) at (0,0) size 20x18
            RenderCounter at (96,0) size 20x18
              text run at (96,0) width 20: "1.5"
        RenderText {#text} at (116,0) size 4x18
          text run at (116,0) width 4: " "
        RenderInline {SPAN} at (0,0) size 20x18
          RenderInline (generated) at (0,0) size 20x18
            RenderCounter at (120,0) size 20x18
              text run at (120,0) width 20: "1.6"
        RenderText {#text} at (140,0) size 4x18
          text run at (140,0) width 4: " "
        RenderInline {SPAN} at (0,0) size 20x18
          RenderInline (generated) at (0,0) size 20x18
            RenderCounter at (144,0) size 20x18
              text run at (144,0) width 20: "1.7"
        RenderText {#text} at (164,0) size 4x18
          text run at (164,0) width 4: " "
        RenderInline {SPAN} at (0,0) size 20x18
          RenderInline (generated) at (0,0) size 20x18
            RenderCounter at (168,0) size 20x18
              text run at (168,0) width 20: "1.8"
        RenderText {#text} at (188,0) size 4x18
          text run at (188,0) width 4: " "
        RenderInline {SPAN} at (0,0) size 20x18
          RenderInline (generated) at (0,0) size 20x18
            RenderCounter at (192,0) size 20x18
              text run at (192,0) width 20: "1.9"
        RenderText {#text} at (212,0) size 4x18
          text run at (212,0) width 4: " "
        RenderInline {SPAN} at (0,0) size 28x18
          RenderInline (generated) at (0,0) size 28x18
            RenderCounter at (216,0) size 28x18
              text run at (216,0) width 28: "1.10"
        RenderText {#text} at (244,0) size 4x18
          text run at (244,0) width 4: " "
        RenderInline {SPAN} at (0,0) size 28x18
          RenderInline (generated) at (0,0) size 28x18
            RenderCounter at (248,0) size 28x18
              text run at (248,0) width 28: "1.11"
        RenderText {#text} at (276,0) size 4x18
          text run at (276,0) width 4: " "
        RenderInline {SPAN} at (0,0) size 28x18
          RenderInline (generated) at (0,0) size 28x18
            RenderCounter at (280,0) size 28x18
              text run at (280,0) width 28: "1.12"
        RenderText {#text} at (308,0) size 4x18
          text run at (308,0) width 4: " "
        RenderInline {SPAN} at (0,0) size 28x18
          RenderInline (generated) at (0,0) size 28x18
            RenderCounter at (312,0) size 28x18
              text run at (312,0) width 28: "1.99"
        RenderText {#text} at (340,0) size 4x18
          text run at (340,0) width 4: " "
        RenderInline {SPAN} at (0,0) size 36x18
          RenderInline (generated) at (0,0) size 36x18
            RenderCounter at (344,0) size 36x18
              text run at (344,0) width 36: "1.100"
        RenderText {#text} at (380,0) size 4x18
          text run at (380,0) width 4: " "
        RenderInline {SPAN} at (0,0) size 36x18
          RenderInline (generated) at (0,0) size 36x18
            RenderCounter at (384,0) size 36x18
              text run at (384,0) width 36: "1.101"
        RenderText {#text} at (0,0) size 0x0
      RenderBlock {DIV} at (0,52) size 784x18
        RenderText {#text} at (0,0) size 612x18
          text run at (0,0) width 40: "01.01 "
          text run at (40,0) width 40: "01.02 "
          text run at (80,0) width 40: "01.03 "
          text run at (120,0) width 40: "01.04 "
          text run at (160,0) width 40: "01.05 "
          text run at (200,0) width 40: "01.06 "
          text run at (240,0) width 40: "01.07 "
          text run at (280,0) width 40: "01.08 "
          text run at (320,0) width 40: "01.09 "
          text run at (360,0) width 40: "01.10 "
          text run at (400,0) width 40: "01.11 "
          text run at (440,0) width 40: "01.12 "
          text run at (480,0) width 40: "01.99 "
          text run at (520,0) width 48: "01.100 "
          text run at (568,0) width 44: "01.101"
