layer at (0,0) size 800x600
  RenderView at (0,0) size 800x600
layer at (0,0) size 800x600
  RenderBlock {HTML} at (0,0) size 800x600
    RenderBody {BODY} at (8,8) size 784x578
      RenderBlock {DIV} at (0,0) size 784x0
        RenderInline {SPAN} at (0,0) size 0x0
        RenderInline {SPAN} at (0,0) size 0x0
        RenderInline {SPAN} at (0,0) size 0x0
        RenderInline {SPAN} at (0,0) size 0x0
        RenderInline {SPAN} at (0,0) size 0x0
        RenderInline {SPAN} at (0,0) size 0x0
        RenderInline {SPAN} at (0,0) size 0x0
        RenderInline {SPAN} at (0,0) size 0x0
        RenderText {#text} at (0,0) size 0x0
        RenderInline {SPAN} at (0,0) size 0x0
      RenderBlock {DIV} at (0,0) size 784x76
        RenderBlock {P} at (0,0) size 784x16
          RenderInline {B} at (0,0) size 224x16
            RenderText {#text} at (0,0) size 224x16
              text run at (0,0) width 224: "Expect ref node 'D'; pointer after"
          RenderText {#text} at (224,0) size 92x16
            text run at (224,0) width 92: ": A B C [D] * E F G H I"
        RenderBlock {P} at (0,30) size 784x16
          RenderText {#text} at (0,0) size 60x16
            text run at (0,0) width 60: "remove node 'D'"
        RenderBlock {P} at (0,60) size 784x16
          RenderInline {B} at (0,0) size 224x16
            RenderText {#text} at (0,0) size 224x16
              text run at (0,0) width 224: "Expect ref node 'C'; pointer after"
          RenderText {#text} at (224,0) size 92x16
            text run at (224,0) width 92: ": A B [C] * E F G H I D"
