layer at (0,0) size 800x600
  RenderView at (0,0) size 800x600
layer at (0,0) size 800x600
  RenderBlock {HTML} at (0,0) size 800x600
    RenderBody {BODY} at (8,8) size 784x578
      RenderBlock {DIV} at (0,0) size 784x0
        RenderInline {SPAN} at (0,0) size 0x0
        RenderInline {SPAN} at (0,0) size 0x0
        RenderInline {SPAN} at (0,0) size 0x0
        RenderInline {SPAN} at (0,0) size 0x0
        RenderInline {SPAN} at (0,0) size 0x0
        RenderInline {SPAN} at (0,0) size 0x0
        RenderInline {SPAN} at (0,0) size 0x0
        RenderInline {SPAN} at (0,0) size 0x0
        RenderText {#text} at (0,0) size 0x0
      RenderBlock {DIV} at (0,0) size 784x89
        RenderBlock {P} at (0,0) size 784x21
          RenderInline {B} at (0,0) size 280x20
            RenderText {#text} at (0,0) size 280x20
              text run at (0,0) width 280: "Expect ref node 'E'; pointer before"
          RenderText {#text} at (280,3) size 184x17
            text run at (280,3) width 184: ": A B C D * [E] F G H I"
        RenderBlock {P} at (0,35) size 784x19
          RenderText {#text} at (0,1) size 120x17
            text run at (0,1) width 120: "remove node 'E'"
        RenderBlock {P} at (0,68) size 784x21
          RenderInline {B} at (0,0) size 280x20
            RenderText {#text} at (0,0) size 280x20
              text run at (0,0) width 280: "Expect ref node 'F'; pointer before"
          RenderText {#text} at (280,3) size 168x17
            text run at (280,3) width 168: ": A B C D * [F] G H I"
