layer at (0,0) size 800x850
  RenderView at (0,0) size 800x600
layer at (0,0) size 800x850
  RenderBlock {HTML} at (0,0) size 800x850
    RenderBody {BODY} at (8,8) size 784x828
      RenderBlock {DIV} at (0,0) size 784x0
        RenderInline {SPAN} at (0,0) size 0x0
          RenderText {#text} at (0,0) size 0x0
          RenderInline {SPAN} at (0,0) size 0x0
            RenderText {#text} at (0,0) size 0x0
          RenderText {#text} at (0,0) size 0x0
          RenderInline {SPAN} at (0,0) size 0x0
            RenderText {#text} at (0,0) size 0x0
          RenderText {#text} at (0,0) size 0x0
          RenderInline {SPAN} at (0,0) size 0x0
            RenderText {#text} at (0,0) size 0x0
          RenderText {#text} at (0,0) size 0x0
        RenderText {#text} at (0,0) size 0x0
        RenderInline {SPAN} at (0,0) size 0x0
          RenderText {#text} at (0,0) size 0x0
          RenderInline {SPAN} at (0,0) size 0x0
            RenderText {#text} at (0,0) size 0x0
            RenderInline {SPAN} at (0,0) size 0x0
              RenderText {#text} at (0,0) size 0x0
            RenderText {#text} at (0,0) size 0x0
            RenderInline {SPAN} at (0,0) size 0x0
              RenderText {#text} at (0,0) size 0x0
            RenderText {#text} at (0,0) size 0x0
          RenderText {#text} at (0,0) size 0x0
          RenderInline {SPAN} at (0,0) size 0x0
            RenderText {#text} at (0,0) size 0x0
            RenderInline {SPAN} at (0,0) size 0x0
              RenderText {#text} at (0,0) size 0x0
            RenderText {#text} at (0,0) size 0x0
          RenderText {#text} at (0,0) size 0x0
        RenderText {#text} at (0,0) size 0x0
        RenderInline {SPAN} at (0,0) size 0x0
          RenderText {#text} at (0,0) size 0x0
          RenderInline {SPAN} at (0,0) size 0x0
            RenderText {#text} at (0,0) size 0x0
            RenderInline {SPAN} at (0,0) size 0x0
              RenderText {#text} at (0,0) size 0x0
              RenderInline {SPAN} at (0,0) size 0x0
                RenderText {#text} at (0,0) size 0x0
              RenderText {#text} at (0,0) size 0x0
              RenderInline {SPAN} at (0,0) size 0x0
                RenderText {#text} at (0,0) size 0x0
              RenderText {#text} at (0,0) size 0x0
              RenderInline {SPAN} at (0,0) size 0x0
                RenderText {#text} at (0,0) size 0x0
              RenderText {#text} at (0,0) size 0x0
            RenderText {#text} at (0,0) size 0x0
            RenderInline {SPAN} at (0,0) size 0x0
              RenderText {#text} at (0,0) size 0x0
              RenderInline {SPAN} at (0,0) size 0x0
                RenderText {#text} at (0,0) size 0x0
              RenderText {#text} at (0,0) size 0x0
            RenderText {#text} at (0,0) size 0x0
          RenderText {#text} at (0,0) size 0x0
        RenderText {#text} at (0,0) size 0x0
        RenderInline {SPAN} at (0,0) size 0x0
          RenderText {#text} at (0,0) size 0x0
        RenderText {#text} at (0,0) size 0x0
      RenderBlock {DIV} at (0,0) size 784x828
        RenderBlock (anonymous) at (0,0) size 784x19
          RenderText {#text} at (0,1) size 0x17
            text run at (0,1) width 0: " "
        RenderBlock {P} at (0,33) size 784x381
          RenderInline {B} at (0,0) size 104x20
            RenderText {#text} at (0,0) size 104x20
              text run at (0,0) width 104: "Tree Walker: "
          RenderBR {BR} at (104,15) size 0x0
          RenderText {#text} at (0,21) size 8x17
            text run at (0,21) width 8: "A"
          RenderBR {BR} at (8,33) size 0x0
          RenderText {#text} at (0,40) size 40x17
            text run at (0,40) width 40: "  A.1"
          RenderBR {BR} at (40,52) size 0x0
          RenderText {#text} at (0,59) size 40x17
            text run at (0,59) width 40: "  A.2"
          RenderBR {BR} at (40,71) size 0x0
          RenderText {#text} at (0,78) size 40x17
            text run at (0,78) width 40: "  A.3"
          RenderBR {BR} at (40,90) size 0x0
          RenderText {#text} at (0,97) size 8x17
            text run at (0,97) width 8: "B"
          RenderBR {BR} at (8,109) size 0x0
          RenderText {#text} at (0,116) size 40x17
            text run at (0,116) width 40: "  B.1"
          RenderBR {BR} at (40,128) size 0x0
          RenderText {#text} at (0,135) size 72x17
            text run at (0,135) width 72: "    B.1.1"
          RenderBR {BR} at (72,147) size 0x0
          RenderText {#text} at (0,154) size 72x17
            text run at (0,154) width 72: "    B.1.2"
          RenderBR {BR} at (72,166) size 0x0
          RenderText {#text} at (0,173) size 40x17
            text run at (0,173) width 40: "  B.2"
          RenderBR {BR} at (40,185) size 0x0
          RenderText {#text} at (0,192) size 72x17
            text run at (0,192) width 72: "    B.2.1"
          RenderBR {BR} at (72,204) size 0x0
          RenderText {#text} at (0,211) size 8x17
            text run at (0,211) width 8: "C"
          RenderBR {BR} at (8,223) size 0x0
          RenderText {#text} at (0,230) size 40x17
            text run at (0,230) width 40: "  C.1"
          RenderBR {BR} at (40,242) size 0x0
          RenderText {#text} at (0,249) size 72x17
            text run at (0,249) width 72: "    C.1.1"
          RenderBR {BR} at (72,261) size 0x0
          RenderText {#text} at (0,268) size 104x17
            text run at (0,268) width 104: "      C.1.1.1"
          RenderBR {BR} at (104,280) size 0x0
          RenderText {#text} at (0,287) size 104x17
            text run at (0,287) width 104: "      C.1.1.2"
          RenderBR {BR} at (104,299) size 0x0
          RenderText {#text} at (0,306) size 104x17
            text run at (0,306) width 104: "      C.1.1.3"
          RenderBR {BR} at (104,318) size 0x0
          RenderText {#text} at (0,325) size 72x17
            text run at (0,325) width 72: "    C.1.2"
          RenderBR {BR} at (72,337) size 0x0
          RenderText {#text} at (0,344) size 88x17
            text run at (0,344) width 88: "      C.2.1"
          RenderBR {BR} at (88,356) size 0x0
          RenderText {#text} at (0,363) size 8x17
            text run at (0,363) width 8: "D"
          RenderBR {BR} at (8,375) size 0x0
        RenderBlock {P} at (0,428) size 784x400
          RenderInline {B} at (0,0) size 104x20
            RenderText {#text} at (0,0) size 104x20
              text run at (0,0) width 104: "Tree Walker: "
          RenderBR {BR} at (104,15) size 0x0
          RenderText {#text} at (0,21) size 8x17
            text run at (0,21) width 8: "D"
          RenderBR {BR} at (8,33) size 0x0
          RenderText {#text} at (0,40) size 88x17
            text run at (0,40) width 88: "      C.2.1"
          RenderBR {BR} at (88,52) size 0x0
          RenderText {#text} at (0,59) size 72x17
            text run at (0,59) width 72: "    C.1.2"
          RenderBR {BR} at (72,71) size 0x0
          RenderText {#text} at (0,78) size 104x17
            text run at (0,78) width 104: "      C.1.1.3"
          RenderBR {BR} at (104,90) size 0x0
          RenderText {#text} at (0,97) size 104x17
            text run at (0,97) width 104: "      C.1.1.2"
          RenderBR {BR} at (104,109) size 0x0
          RenderText {#text} at (0,116) size 104x17
            text run at (0,116) width 104: "      C.1.1.1"
          RenderBR {BR} at (104,128) size 0x0
          RenderText {#text} at (0,135) size 72x17
            text run at (0,135) width 72: "    C.1.1"
          RenderBR {BR} at (72,147) size 0x0
          RenderText {#text} at (0,154) size 40x17
            text run at (0,154) width 40: "  C.1"
          RenderBR {BR} at (40,166) size 0x0
          RenderText {#text} at (0,173) size 8x17
            text run at (0,173) width 8: "C"
          RenderBR {BR} at (8,185) size 0x0
          RenderText {#text} at (0,192) size 72x17
            text run at (0,192) width 72: "    B.2.1"
          RenderBR {BR} at (72,204) size 0x0
          RenderText {#text} at (0,211) size 40x17
            text run at (0,211) width 40: "  B.2"
          RenderBR {BR} at (40,223) size 0x0
          RenderText {#text} at (0,230) size 72x17
            text run at (0,230) width 72: "    B.1.2"
          RenderBR {BR} at (72,242) size 0x0
          RenderText {#text} at (0,249) size 72x17
            text run at (0,249) width 72: "    B.1.1"
          RenderBR {BR} at (72,261) size 0x0
          RenderText {#text} at (0,268) size 40x17
            text run at (0,268) width 40: "  B.1"
          RenderBR {BR} at (40,280) size 0x0
          RenderText {#text} at (0,287) size 8x17
            text run at (0,287) width 8: "B"
          RenderBR {BR} at (8,299) size 0x0
          RenderText {#text} at (0,306) size 40x17
            text run at (0,306) width 40: "  A.3"
          RenderBR {BR} at (40,318) size 0x0
          RenderText {#text} at (0,325) size 40x17
            text run at (0,325) width 40: "  A.2"
          RenderBR {BR} at (40,337) size 0x0
          RenderText {#text} at (0,344) size 40x17
            text run at (0,344) width 40: "  A.1"
          RenderBR {BR} at (40,356) size 0x0
          RenderText {#text} at (0,363) size 8x17
            text run at (0,363) width 8: "A"
          RenderBR {BR} at (8,375) size 0x0
          RenderText {#text} at (0,382) size 0x17
            text run at (0,382) width 0: " "
