layer at (0,0) size 800x600
  RenderView at (0,0) size 800x600
layer at (0,0) size 800x600
  RenderBlock {HTML} at (0,0) size 800x600
    RenderBody {BODY} at (8,8) size 784x578
      RenderBlock {DIV} at (0,0) size 784x0
        RenderInline {SPAN} at (0,0) size 0x0
          RenderText {#text} at (0,0) size 0x0
          RenderInline {SPAN} at (0,0) size 0x0
            RenderText {#text} at (0,0) size 0x0
          RenderText {#text} at (0,0) size 0x0
          RenderInline {SPAN} at (0,0) size 0x0
            RenderText {#text} at (0,0) size 0x0
          RenderText {#text} at (0,0) size 0x0
          RenderInline {SPAN} at (0,0) size 0x0
            RenderText {#text} at (0,0) size 0x0
          RenderText {#text} at (0,0) size 0x0
        RenderText {#text} at (0,0) size 0x0
        RenderInline {SPAN} at (0,0) size 0x0
          RenderText {#text} at (0,0) size 0x0
          RenderInline {SPAN} at (0,0) size 0x0
            RenderText {#text} at (0,0) size 0x0
            RenderInline {SPAN} at (0,0) size 0x0
              RenderText {#text} at (0,0) size 0x0
            RenderText {#text} at (0,0) size 0x0
            RenderInline {SPAN} at (0,0) size 0x0
              RenderText {#text} at (0,0) size 0x0
            RenderText {#text} at (0,0) size 0x0
          RenderText {#text} at (0,0) size 0x0
          RenderInline {SPAN} at (0,0) size 0x0
            RenderText {#text} at (0,0) size 0x0
            RenderInline {SPAN} at (0,0) size 0x0
              RenderText {#text} at (0,0) size 0x0
            RenderText {#text} at (0,0) size 0x0
          RenderText {#text} at (0,0) size 0x0
        RenderText {#text} at (0,0) size 0x0
        RenderInline {SPAN} at (0,0) size 0x0
          RenderText {#text} at (0,0) size 0x0
          RenderInline {SPAN} at (0,0) size 0x0
            RenderText {#text} at (0,0) size 0x0
            RenderInline {SPAN} at (0,0) size 0x0
              RenderText {#text} at (0,0) size 0x0
              RenderInline {SPAN} at (0,0) size 0x0
                RenderText {#text} at (0,0) size 0x0
              RenderText {#text} at (0,0) size 0x0
              RenderInline {SPAN} at (0,0) size 0x0
                RenderText {#text} at (0,0) size 0x0
              RenderText {#text} at (0,0) size 0x0
              RenderInline {SPAN} at (0,0) size 0x0
                RenderText {#text} at (0,0) size 0x0
              RenderText {#text} at (0,0) size 0x0
            RenderText {#text} at (0,0) size 0x0
            RenderInline {SPAN} at (0,0) size 0x0
              RenderText {#text} at (0,0) size 0x0
              RenderInline {SPAN} at (0,0) size 0x0
                RenderText {#text} at (0,0) size 0x0
              RenderText {#text} at (0,0) size 0x0
            RenderText {#text} at (0,0) size 0x0
          RenderText {#text} at (0,0) size 0x0
        RenderText {#text} at (0,0) size 0x0
        RenderInline {SPAN} at (0,0) size 0x0
          RenderText {#text} at (0,0) size 0x0
        RenderText {#text} at (0,0) size 0x0
      RenderBlock {DIV} at (0,0) size 784x300
        RenderBlock (anonymous) at (0,0) size 784x19
          RenderText {#text} at (0,1) size 0x17
            text run at (0,1) width 0: " "
        RenderBlock {P} at (0,33) size 784x267
          RenderInline {B} at (0,0) size 104x20
            RenderText {#text} at (0,0) size 104x20
              text run at (0,0) width 104: "Tree Walker: "
          RenderBR {BR} at (104,15) size 0x0
          RenderText {#text} at (0,21) size 8x17
            text run at (0,21) width 8: "B"
          RenderBR {BR} at (8,33) size 0x0
          RenderText {#text} at (0,40) size 40x17
            text run at (0,40) width 40: "  B.2"
          RenderBR {BR} at (40,52) size 0x0
          RenderText {#text} at (0,59) size 72x17
            text run at (0,59) width 72: "    B.2.1"
          RenderBR {BR} at (72,71) size 0x0
          RenderText {#text} at (0,78) size 8x17
            text run at (0,78) width 8: "C"
          RenderBR {BR} at (8,90) size 0x0
          RenderText {#text} at (0,97) size 40x17
            text run at (0,97) width 40: "  C.1"
          RenderBR {BR} at (40,109) size 0x0
          RenderText {#text} at (0,116) size 72x17
            text run at (0,116) width 72: "    C.1.1"
          RenderBR {BR} at (72,128) size 0x0
          RenderText {#text} at (0,135) size 104x17
            text run at (0,135) width 104: "      C.1.1.1"
          RenderBR {BR} at (104,147) size 0x0
          RenderText {#text} at (0,154) size 104x17
            text run at (0,154) width 104: "      C.1.1.2"
          RenderBR {BR} at (104,166) size 0x0
          RenderText {#text} at (0,173) size 104x17
            text run at (0,173) width 104: "      C.1.1.3"
          RenderBR {BR} at (104,185) size 0x0
          RenderText {#text} at (0,192) size 72x17
            text run at (0,192) width 72: "    C.1.2"
          RenderBR {BR} at (72,204) size 0x0
          RenderText {#text} at (0,211) size 88x17
            text run at (0,211) width 88: "      C.2.1"
          RenderBR {BR} at (88,223) size 0x0
          RenderText {#text} at (0,230) size 8x17
            text run at (0,230) width 8: "D"
          RenderBR {BR} at (8,242) size 0x0
          RenderText {#text} at (0,249) size 0x17
            text run at (0,249) width 0: " "
