layer at (0,0) size 99x498
  RenderView at (0,0) size 96x26
layer at (0,0) size 99x498
  RenderBlock {HTML} at (0,0) size 96x498
    RenderBody {BODY} at (8,8) size 80x476
      RenderBlock {DIV} at (0,0) size 80x0
        RenderInline {SPAN} at (0,0) size 0x0
          RenderText {#text} at (0,0) size 0x0
          RenderInline {SPAN} at (0,0) size 0x0
            RenderText {#text} at (0,0) size 0x0
          RenderText {#text} at (0,0) size 0x0
          RenderInline {SPAN} at (0,0) size 0x0
            RenderText {#text} at (0,0) size 0x0
          RenderText {#text} at (0,0) size 0x0
          RenderInline {SPAN} at (0,0) size 0x0
            RenderText {#text} at (0,0) size 0x0
          RenderText {#text} at (0,0) size 0x0
        RenderText {#text} at (0,0) size 0x0
        RenderInline {SPAN} at (0,0) size 0x0
          RenderText {#text} at (0,0) size 0x0
          RenderInline {SPAN} at (0,0) size 0x0
            RenderText {#text} at (0,0) size 0x0
            RenderInline {SPAN} at (0,0) size 0x0
              RenderText {#text} at (0,0) size 0x0
            RenderText {#text} at (0,0) size 0x0
            RenderInline {SPAN} at (0,0) size 0x0
              RenderText {#text} at (0,0) size 0x0
            RenderText {#text} at (0,0) size 0x0
          RenderText {#text} at (0,0) size 0x0
          RenderInline {SPAN} at (0,0) size 0x0
            RenderText {#text} at (0,0) size 0x0
            RenderInline {SPAN} at (0,0) size 0x0
              RenderText {#text} at (0,0) size 0x0
            RenderText {#text} at (0,0) size 0x0
          RenderText {#text} at (0,0) size 0x0
        RenderText {#text} at (0,0) size 0x0
        RenderInline {SPAN} at (0,0) size 0x0
          RenderText {#text} at (0,0) size 0x0
          RenderInline {SPAN} at (0,0) size 0x0
            RenderText {#text} at (0,0) size 0x0
            RenderInline {SPAN} at (0,0) size 0x0
              RenderText {#text} at (0,0) size 0x0
              RenderInline {SPAN} at (0,0) size 0x0
                RenderText {#text} at (0,0) size 0x0
              RenderText {#text} at (0,0) size 0x0
              RenderInline {SPAN} at (0,0) size 0x0
                RenderText {#text} at (0,0) size 0x0
              RenderText {#text} at (0,0) size 0x0
              RenderInline {SPAN} at (0,0) size 0x0
                RenderText {#text} at (0,0) size 0x0
              RenderText {#text} at (0,0) size 0x0
            RenderText {#text} at (0,0) size 0x0
            RenderInline {SPAN} at (0,0) size 0x0
              RenderText {#text} at (0,0) size 0x0
              RenderInline {SPAN} at (0,0) size 0x0
                RenderText {#text} at (0,0) size 0x0
              RenderText {#text} at (0,0) size 0x0
            RenderText {#text} at (0,0) size 0x0
          RenderText {#text} at (0,0) size 0x0
        RenderText {#text} at (0,0) size 0x0
        RenderInline {SPAN} at (0,0) size 0x0
          RenderText {#text} at (0,0) size 0x0
        RenderText {#text} at (0,0) size 0x0
      RenderBlock {DIV} at (0,0) size 80x476
        RenderBlock (anonymous) at (0,0) size 80x16
          RenderText {#text} at (0,0) size 0x16
            text run at (0,0) width 0: " "
        RenderBlock {P} at (0,30) size 80x208
          RenderInline {B} at (0,0) size 91x16
            RenderText {#text} at (0,0) size 91x16
              text run at (0,0) width 91: "Tree Walker: "
          RenderBR {BR} at (0,0) size 0x0
          RenderText {#text} at (0,16) size 4x16
            text run at (0,16) width 4: "A"
          RenderBR {BR} at (4,29) size 0x0
          RenderText {#text} at (0,32) size 20x16
            text run at (0,32) width 20: "  A.1"
          RenderBR {BR} at (20,45) size 0x0
          RenderText {#text} at (0,48) size 20x16
            text run at (0,48) width 20: "  A.2"
          RenderBR {BR} at (20,61) size 0x0
          RenderText {#text} at (0,64) size 20x16
            text run at (0,64) width 20: "  A.3"
          RenderBR {BR} at (20,77) size 0x0
          RenderText {#text} at (0,80) size 4x16
            text run at (0,80) width 4: "B"
          RenderBR {BR} at (4,93) size 0x0
          RenderText {#text} at (0,96) size 20x16
            text run at (0,96) width 20: "  B.2"
          RenderBR {BR} at (20,109) size 0x0
          RenderText {#text} at (0,112) size 36x16
            text run at (0,112) width 36: "    B.2.1"
          RenderBR {BR} at (36,125) size 0x0
          RenderText {#text} at (0,128) size 4x16
            text run at (0,128) width 4: "C"
          RenderBR {BR} at (4,141) size 0x0
          RenderText {#text} at (0,144) size 20x16
            text run at (0,144) width 20: "  C.1"
          RenderBR {BR} at (20,157) size 0x0
          RenderText {#text} at (0,160) size 36x16
            text run at (0,160) width 36: "    C.1.2"
          RenderBR {BR} at (36,173) size 0x0
          RenderText {#text} at (0,176) size 44x16
            text run at (0,176) width 44: "      C.2.1"
          RenderBR {BR} at (44,189) size 0x0
          RenderText {#text} at (0,192) size 4x16
            text run at (0,192) width 4: "D"
          RenderBR {BR} at (4,205) size 0x0
        RenderBlock {P} at (0,252) size 80x224
          RenderInline {B} at (0,0) size 91x16
            RenderText {#text} at (0,0) size 91x16
              text run at (0,0) width 91: "Tree Walker: "
          RenderBR {BR} at (0,0) size 0x0
          RenderText {#text} at (0,16) size 4x16
            text run at (0,16) width 4: "D"
          RenderBR {BR} at (4,29) size 0x0
          RenderText {#text} at (0,32) size 44x16
            text run at (0,32) width 44: "      C.2.1"
          RenderBR {BR} at (44,45) size 0x0
          RenderText {#text} at (0,48) size 36x16
            text run at (0,48) width 36: "    C.1.2"
          RenderBR {BR} at (36,61) size 0x0
          RenderText {#text} at (0,64) size 20x16
            text run at (0,64) width 20: "  C.1"
          RenderBR {BR} at (20,77) size 0x0
          RenderText {#text} at (0,80) size 4x16
            text run at (0,80) width 4: "C"
          RenderBR {BR} at (4,93) size 0x0
          RenderText {#text} at (0,96) size 36x16
            text run at (0,96) width 36: "    B.2.1"
          RenderBR {BR} at (36,109) size 0x0
          RenderText {#text} at (0,112) size 20x16
            text run at (0,112) width 20: "  B.2"
          RenderBR {BR} at (20,125) size 0x0
          RenderText {#text} at (0,128) size 4x16
            text run at (0,128) width 4: "B"
          RenderBR {BR} at (4,141) size 0x0
          RenderText {#text} at (0,144) size 20x16
            text run at (0,144) width 20: "  A.3"
          RenderBR {BR} at (20,157) size 0x0
          RenderText {#text} at (0,160) size 20x16
            text run at (0,160) width 20: "  A.2"
          RenderBR {BR} at (20,173) size 0x0
          RenderText {#text} at (0,176) size 20x16
            text run at (0,176) width 20: "  A.1"
          RenderBR {BR} at (20,189) size 0x0
          RenderText {#text} at (0,192) size 4x16
            text run at (0,192) width 4: "A"
          RenderBR {BR} at (4,205) size 0x0
          RenderText {#text} at (0,208) size 0x16
            text run at (0,208) width 0: " "
