layer at (0,0) size 800x600
  RenderView at (0,0) size 800x600
layer at (0,0) size 800x600
  RenderBlock {HTML} at (0,0) size 800x600
    RenderBody {BODY} at (8,8) size 784x578
      RenderBlock {DIV} at (0,0) size 784x0
        RenderInline {SPAN} at (0,0) size 0x0
          RenderText {#text} at (0,0) size 0x0
          RenderInline {SPAN} at (0,0) size 0x0
            RenderText {#text} at (0,0) size 0x0
          RenderText {#text} at (0,0) size 0x0
          RenderInline {SPAN} at (0,0) size 0x0
            RenderText {#text} at (0,0) size 0x0
          RenderText {#text} at (0,0) size 0x0
          RenderInline {SPAN} at (0,0) size 0x0
            RenderText {#text} at (0,0) size 0x0
          RenderText {#text} at (0,0) size 0x0
        RenderText {#text} at (0,0) size 0x0
        RenderInline {SPAN} at (0,0) size 0x0
          RenderText {#text} at (0,0) size 0x0
          RenderInline {SPAN} at (0,0) size 0x0
            RenderText {#text} at (0,0) size 0x0
            RenderInline {SPAN} at (0,0) size 0x0
              RenderText {#text} at (0,0) size 0x0
            RenderText {#text} at (0,0) size 0x0
          RenderText {#text} at (0,0) size 0x0
        RenderText {#text} at (0,0) size 0x0
        RenderInline {SPAN} at (0,0) size 0x0
          RenderText {#text} at (0,0) size 0x0
          RenderInline {SPAN} at (0,0) size 0x0
            RenderText {#text} at (0,0) size 0x0
            RenderInline {SPAN} at (0,0) size 0x0
              RenderText {#text} at (0,0) size 0x0
              RenderInline {SPAN} at (0,0) size 0x0
                RenderText {#text} at (0,0) size 0x0
              RenderText {#text} at (0,0) size 0x0
              RenderInline {SPAN} at (0,0) size 0x0
                RenderText {#text} at (0,0) size 0x0
              RenderText {#text} at (0,0) size 0x0
              RenderInline {SPAN} at (0,0) size 0x0
                RenderText {#text} at (0,0) size 0x0
              RenderText {#text} at (0,0) size 0x0
            RenderText {#text} at (0,0) size 0x0
            RenderInline {SPAN} at (0,0) size 0x0
              RenderText {#text} at (0,0) size 0x0
              RenderInline {SPAN} at (0,0) size 0x0
                RenderText {#text} at (0,0) size 0x0
              RenderText {#text} at (0,0) size 0x0
            RenderText {#text} at (0,0) size 0x0
          RenderText {#text} at (0,0) size 0x0
        RenderText {#text} at (0,0) size 0x0
        RenderInline {SPAN} at (0,0) size 0x0
          RenderText {#text} at (0,0) size 0x0
        RenderText {#text} at (0,0) size 0x0
      RenderBlock {DIV} at (0,0) size 784x254
        RenderBlock (anonymous) at (0,0) size 784x16
          RenderText {#text} at (0,0) size 0x16
            text run at (0,0) width 0: " "
        RenderBlock {P} at (0,30) size 784x224
          RenderInline {B} at (0,0) size 91x16
            RenderText {#text} at (0,0) size 91x16
              text run at (0,0) width 91: "Tree Walker: "
          RenderBR {BR} at (91,13) size 0x0
          RenderText {#text} at (0,16) size 4x16
            text run at (0,16) width 4: "B"
          RenderBR {BR} at (4,29) size 0x0
          RenderText {#text} at (0,32) size 20x16
            text run at (0,32) width 20: "  B.1"
          RenderBR {BR} at (20,45) size 0x0
          RenderText {#text} at (0,48) size 36x16
            text run at (0,48) width 36: "    B.1.1"
          RenderBR {BR} at (36,61) size 0x0
          RenderText {#text} at (0,64) size 4x16
            text run at (0,64) width 4: "C"
          RenderBR {BR} at (4,77) size 0x0
          RenderText {#text} at (0,80) size 20x16
            text run at (0,80) width 20: "  C.1"
          RenderBR {BR} at (20,93) size 0x0
          RenderText {#text} at (0,96) size 36x16
            text run at (0,96) width 36: "    C.1.1"
          RenderBR {BR} at (36,109) size 0x0
          RenderText {#text} at (0,112) size 52x16
            text run at (0,112) width 52: "      C.1.1.1"
          RenderBR {BR} at (52,125) size 0x0
          RenderText {#text} at (0,128) size 52x16
            text run at (0,128) width 52: "      C.1.1.2"
          RenderBR {BR} at (52,141) size 0x0
          RenderText {#text} at (0,144) size 52x16
            text run at (0,144) width 52: "      C.1.1.3"
          RenderBR {BR} at (52,157) size 0x0
          RenderText {#text} at (0,160) size 36x16
            text run at (0,160) width 36: "    C.1.2"
          RenderBR {BR} at (36,173) size 0x0
          RenderText {#text} at (0,176) size 44x16
            text run at (0,176) width 44: "      C.2.1"
          RenderBR {BR} at (44,189) size 0x0
          RenderText {#text} at (0,192) size 4x16
            text run at (0,192) width 4: "D"
          RenderBR {BR} at (4,205) size 0x0
          RenderText {#text} at (0,208) size 0x16
            text run at (0,208) width 0: " "
