layer at (0,0) size 800x600
  RenderView at (0,0) size 800x600
layer at (0,0) size 800x132
  RenderBlock {HTML} at (0,0) size 800x132
    RenderBody {BODY} at (8,8) size 784x116
      RenderBlock (anonymous) at (0,0) size 784x16
        RenderText {#text} at (0,0) size 537x16
          text run at (0,0) width 302: "You should see a 100x100 green square below. "
          text run at (302,0) width 235: "If you see any red, the test has failed."
layer at (8,24) size 100x100 scrollHeight 200
  RenderBlock {DIV} at (0,16) size 100x100 [bgcolor=#008000]
    RenderBlock {DIV} at (0,100) size 100x100 [bgcolor=#FF0000]
