layer at (0,0) size 250x260
  RenderView at (0,0) size 96x26
layer at (0,0) size 108x260
  RenderBlock {HTML} at (0,0) size 96x260
    RenderBody {BODY} at (8,8) size 80x244
      RenderBlock (anonymous) at (0,0) size 80x144
        RenderText {#text} at (0,0) size 78x144
          text run at (0,0) width 69: "You should"
          text run at (0,16) width 35: "see a"
          text run at (0,32) width 55: "100x100"
          text run at (0,48) width 37: "green"
          text run at (0,64) width 43: "square"
          text run at (0,80) width 43: "below. "
          text run at (43,80) width 34: "If you"
          text run at (0,96) width 78: "see any red,"
          text run at (0,112) width 74: "the test has"
          text run at (0,128) width 37: "failed."
layer at (8,152) size 100x100 scrollWidth 200 scrollHeight 200
  RenderBlock {DIV} at (0,144) size 100x100
    RenderBlock {DIV} at (100,100) size 100x100 [bgcolor=#FF0000]
layer at (150,100) size 100x100
  RenderBlock (positioned) {DIV} at (150,100) size 100x100 [bgcolor=#008000]
