layer at (0,0) size 800x600
  RenderView at (0,0) size 800x600
layer at (0,0) size 800x148
  RenderBlock {HTML} at (0,0) size 800x148
    RenderBody {BODY} at (8,8) size 784x132
      RenderBlock (anonymous) at (0,0) size 784x32
        RenderText {#text} at (0,0) size 754x32
          text run at (0,0) width 302: "You should see a 100x100 green square below. "
          text run at (302,0) width 239: "If you see any red, the test has failed. "
          text run at (541,0) width 213: "This test is checking to make sure"
          text run at (0,16) width 144: "overflow is done using "
          text run at (144,16) width 158: "a containing block model."
layer at (8,40) size 100x100 scrollWidth 200 scrollHeight 400
  RenderBlock (relative positioned) {DIV} at (0,32) size 100x100 [bgcolor=#008000]
    RenderBlock {DIV} at (100,100) size 100x100 [bgcolor=#FF0000]
