layer at (0,0) size 96x272
  RenderView at (0,0) size 96x26
layer at (0,0) size 96x272
  RenderBlock {HTML} at (0,0) size 96x272
    RenderBody {BODY} at (8,8) size 80x256
      RenderText {#text} at (0,0) size 84x256
        text run at (0,0) width 69: "You should"
        text run at (0,16) width 35: "see a"
        text run at (0,32) width 55: "100x100"
        text run at (0,48) width 37: "green"
        text run at (0,64) width 43: "square"
        text run at (0,80) width 43: "below. "
        text run at (43,80) width 34: "If you"
        text run at (0,96) width 78: "see any red,"
        text run at (0,112) width 74: "the test has"
        text run at (0,128) width 41: "failed. "
        text run at (41,128) width 27: "This"
        text run at (0,144) width 37: "test is"
        text run at (0,160) width 72: "checking to"
        text run at (0,176) width 65: "make sure"
        text run at (0,192) width 35: "clip is"
        text run at (0,208) width 69: "applying to"
        text run at (0,224) width 14: "all"
        text run at (0,240) width 84: "descendants."
      RenderText {#text} at (0,0) size 0x0
layer at (8,264) size 200x400 backgroundClip at (8,264) size 88x8 clip at (8,264) size 88x8 outlineClip at (8,264) size 88x8
  RenderBlock (positioned) {DIV} at (8,264) size 100x100 [bgcolor=#008000]
    RenderBlock {DIV} at (100,100) size 100x100 [bgcolor=#FF0000]
