layer at (0,0) size 128x432
  RenderView at (0,0) size 96x26
layer at (0,0) size 96x320
  RenderBlock {HTML} at (0,0) size 96x320
    RenderBody {BODY} at (8,8) size 80x304
      RenderText {#text} at (0,0) size 78x304
        text run at (0,0) width 69: "You should"
        text run at (0,16) width 35: "see a"
        text run at (0,32) width 55: "100x100"
        text run at (0,48) width 37: "green"
        text run at (0,64) width 43: "square"
        text run at (0,80) width 43: "below. "
        text run at (43,80) width 34: "If you"
        text run at (0,96) width 78: "see any red,"
        text run at (0,112) width 74: "the test has"
        text run at (0,128) width 41: "failed. "
        text run at (41,128) width 27: "This"
        text run at (0,144) width 37: "test is"
        text run at (0,160) width 72: "checking to"
        text run at (0,176) width 65: "make sure"
        text run at (0,192) width 70: "clip applies"
        text run at (0,208) width 36: "to the"
        text run at (0,224) width 50: "element"
        text run at (0,240) width 57: "itself and"
        text run at (0,256) width 67: "starts from"
        text run at (0,272) width 65: "the border"
        text run at (0,288) width 39: "edge. "
      RenderText {#text} at (0,0) size 0x0
layer at (8,312) size 120x120 backgroundClip at (18,322) size 100x100 clip at (18,322) size 100x100 outlineClip at (18,322) size 100x100
  RenderBlock (positioned) {DIV} at (8,312) size 120x120 [bgcolor=#008000] [border: (10px solid #FF0000)]
