layer at (0,0) size 800x600
  RenderView at (0,0) size 800x600
layer at (0,0) size 800x600
  RenderBlock {HTML} at (0,0) size 800x600
    RenderBody {BODY} at (8,8) size 784x584
      RenderBlock (anonymous) at (0,0) size 784x48
        RenderText {#text} at (0,0) size 773x32
          text run at (0,0) width 773: "This test is for a bug we had with clipping transparency layers. The bug is visual, so the pixel test is more worthwhile. Below,"
          text run at (0,16) width 569: "\"Peach,\" \"Plum,\" and \"Pear\" should appear. Before, we were clipping out \"Plum\" and \"Pear.\""
        RenderBR {BR} at (569,29) size 0x0
        RenderBR {BR} at (0,32) size 0x16
layer at (8,56) size 784x16
  RenderBlock {DIV} at (0,48) size 784x16
    RenderText {#text} at (0,0) size 44x16
      text run at (0,0) width 44: "Peach "
    RenderText {#text} at (0,0) size 0x0
layer at (8,72) size 30x16
  RenderBlock (positioned) {DIV} at (8,72) size 30x16
    RenderText {#text} at (0,0) size 30x16
      text run at (0,0) width 30: "Plum"
    RenderText {#text} at (0,0) size 0x0
layer at (8,88) size 30x16
  RenderBlock (positioned) {DIV} at (0,16) size 30x16
    RenderText {#text} at (0,0) size 30x16
      text run at (0,0) width 30: "Pear"
