layer at (0,0) size 800x600
  RenderView at (0,0) size 800x600
layer at (0,0) size 800x184
  RenderBlock {HTML} at (0,0) size 800x184
    RenderBody {BODY} at (8,8) size 784x160
      RenderBlock {DIV} at (0,0) size 784x100
      RenderBlock (anonymous) at (0,100) size 784x22
        RenderText {#text} at (0,0) size 520x22
          text run at (0,0) width 328: "This file has a doc type with no public identifier. "
          text run at (328,0) width 192: "We should be in strict mode."
      RenderBlock {UL} at (0,138) size 784x22
        RenderListItem {LI} at (40,0) size 744x22
          RenderBlock {UL} at (0,0) size 744x22
            RenderListItem {LI} at (40,0) size 704x22
              RenderListMarker at (-58,0) size 7x22: bullet
              RenderListMarker at (-18,0) size 7x22: white bullet
              RenderText {#text} at (0,0) size 266x22
                text run at (0,0) width 266: "Both bullets should be on the same line."
layer at (8,8) size 80x80
  RenderBlock (positioned) {DIV} at (8,8) size 80x80 [bgcolor=#008000]
