layer at (0,0) size 800x600
  RenderView at (0,0) size 800x600
layer at (0,0) size 800x600
  RenderBlock {HTML} at (0,0) size 800x600
    RenderBody {BODY} at (8,8) size 784x576
      RenderBlock {P} at (0,0) size 784x18
        RenderText {#text} at (0,0) size 704x18
          text run at (0,0) width 704: "This tests for a bug where extending a selection created with the mouse would blow it away before extending it."
      RenderBlock {DIV} at (0,34) size 784x18
        RenderText {#text} at (0,0) size 355x18
          text run at (0,0) width 355: "There should be five characters selected in this sentence."
      RenderBlock {UL} at (0,68) size 784x18
        RenderListItem {LI} at (40,0) size 744x18
          RenderListMarker at (-17,0) size 7x18: bullet
          RenderText {#text} at (0,0) size 50x18
            text run at (0,0) width 50: "Success"
selection start: position 3 of child 0 {#text} of child 2 {DIV} of child 0 {BODY} of child 0 {HTML} of document
selection end:   position 9 of child 0 {#text} of child 2 {DIV} of child 0 {BODY} of child 0 {HTML} of document
