layer at (0,0) size 800x600
  RenderView at (0,0) size 800x600
layer at (0,0) size 800x104
  RenderBlock {HTML} at (0,0) size 800x104
    RenderBody {BODY} at (8,8) size 784x88
      RenderBlock (anonymous) at (0,0) size 784x16
        RenderInline {DIV} at (0,0) size 217x16 [color=#FFFFFF] [bgcolor=#FF0000]
          RenderText {#text} at (0,0) size 217x16
            text run at (0,0) width 217: "Ahem_font_required_for_this_test."
        RenderText {#text} at (0,0) size 0x0
      RenderBlock {P} at (0,30) size 784x16
        RenderText {#text} at (0,0) size 349x16
          text run at (0,0) width 349: "There should be a single green rectangle square below."
      RenderBlock {DIV} at (0,60) size 56x28 [color=#008000] [bgcolor=#FF0000]
        RenderBlock {DIV} at (28,0) size 28x28
          RenderBlock (compact) {DIV} at (-28,0) size 0x0
            RenderText {#text} at (0,-1) size 19x30
              text run at (0,-1) width 19: "X"
          RenderText {#text} at (0,-1) size 19x30
            text run at (0,-1) width 19: "X"
