CONSOLE MESSAGE: line 0: Not allowed to load local resource: file:////tmp/LayoutTests/fast/dom/resources/abe.png
layer at (0,0) size 800x600
  RenderView at (0,0) size 800x600
layer at (0,0) size 800x600
  RenderBlock {HTML} at (0,0) size 800x600
    RenderFrameSet {FRAMESET} at (0,0) size 800x600
      RenderFrame {FRAME} at (0,0) size 800x196
        layer at (0,0) size 800x196
          RenderView at (0,0) size 800x196
        layer at (0,0) size 800x196
          RenderBlock {HTML} at (0,0) size 800x196
            RenderBody {BODY} at (8,8) size 784x180
              RenderBlock {DIV} at (0,0) size 784x54
                RenderInline {SPAN} at (0,0) size 221x18
                  RenderText {#text} at (0,0) size 221x18
                    text run at (0,0) width 221: "This page was successfully loaded."
                  RenderBR {BR} at (221,14) size 0x0
                RenderInline {SPAN} at (0,0) size 124x18
                  RenderText {#text} at (0,18) size 124x18
                    text run at (0,18) width 124: "My protocol is http:"
                  RenderBR {BR} at (124,32) size 0x0
                RenderInline {SPAN} at (0,0) size 125x18
                  RenderText {#text} at (0,36) size 125x18
                    text run at (0,36) width 125: "My referrer is blank"
                  RenderBR {BR} at (125,50) size 0x0
      RenderFrame {FRAME} at (0,202) size 800x196
        layer at (0,0) size 800x196
          RenderView at (0,0) size 800x196
        layer at (0,0) size 800x58
          RenderBlock {HTML} at (0,0) size 800x58
            RenderBody {BODY} at (8,8) size 784x42
              RenderTable {TABLE} at (0,0) size 133x42
                RenderTableSection {TBODY} at (0,0) size 133x42
                  RenderTableRow {TR} at (0,2) size 133x38
                    RenderTableCell {TD} at (2,2) size 129x38 [r=0 c=0 rs=1 cs=1]
                      RenderBlock {DIV} at (1,1) size 127x18
                        RenderText {#text} at (0,0) size 127x18
                          text run at (0,0) width 127: "Image NOT loaded."
                      RenderBlock (anonymous) at (1,19) size 127x18
                        RenderImage {IMG} at (0,14) size 0x0
      RenderFrame {FRAME} at (0,404) size 800x196
        layer at (0,0) size 800x196
          RenderView at (0,0) size 800x196
        layer at (0,0) size 800x64
          RenderBlock {HTML} at (0,0) size 800x64
            RenderBody {BODY} at (8,8) size 784x48
              RenderTable {TABLE} at (0,0) size 95x48
                RenderTableSection {TBODY} at (0,0) size 95x48
                  RenderTableRow {TR} at (0,2) size 95x44
                    RenderTableCell {TD} at (2,2) size 91x44 [r=0 c=0 rs=1 cs=1]
                      RenderBlock {DIV} at (1,1) size 89x18
                        RenderText {#text} at (0,0) size 89x18
                          text run at (0,0) width 89: "Image loaded."
                      RenderBlock (anonymous) at (1,19) size 89x24
                        RenderImage {IMG} at (0,0) size 20x20
