layer at (0,0) size 781x807
  RenderView at (0,0) size 781x600
layer at (0,0) size 781x807
  RenderBlock {HTML} at (0,0) size 781x807
    RenderBody {BODY} at (8,32) size 765x743
      RenderBlock {P} at (32,0) size 701x111 [color=#000080]
        RenderText {#text} at (0,0) size 673x110
          text run at (0,0) width 673: "\x{21E9} The following blue box should be exactly half the"
          text run at (0,37) width 81: "width "
          text run at (81,37) width 560: "of the viewport, on the left of the 50% ruler"
          text run at (0,74) width 74: "mark."
      RenderBlock (floating) {DIV} at (0,143) size 382x361 [color=#FFFFFF] [bgcolor=#0000FF]
        RenderText {#text} at (0,0) size 382x361
          text run at (0,0) width 382: "ignore this float text ignore this float text ignore this"
          text run at (0,19) width 41: "float "
          text run at (41,19) width 340: "text ignore this float text ignore this float text"
          text run at (0,38) width 78: "ignore this "
          text run at (78,38) width 303: "float text ignore this float text ignore this"
          text run at (0,57) width 124: "float text ignore "
          text run at (124,57) width 257: "this float text ignore this float text"
          text run at (0,76) width 154: "ignore this float text "
          text run at (154,76) width 227: "ignore this float text ignore this"
          text run at (0,95) width 197: "float text ignore this float "
          text run at (197,95) width 184: "text ignore this float text"
          text run at (0,114) width 233: "ignore this float text ignore this "
          text run at (233,114) width 149: "float text ignore this"
          text run at (0,133) width 280: "float text ignore this float text ignore "
          text run at (280,133) width 101: "this float text"
          text run at (0,152) width 309: "ignore this float text ignore this float text "
          text run at (309,152) width 72: "ignore this"
          text run at (0,171) width 353: "float text ignore this float text ignore this float "
          text run at (353,171) width 29: "text"
          text run at (0,190) width 382: "ignore this float text ignore this float text ignore this"
          text run at (0,209) width 382: "float text ignore this float text ignore this float text"
          text run at (0,228) width 47: "ignore "
          text run at (47,228) width 334: "this float text ignore this float text ignore this"
          text run at (0,247) width 76: "float text "
          text run at (76,247) width 305: "ignore this float text ignore this float text"
          text run at (0,266) width 120: "ignore this float "
          text run at (120,266) width 262: "text ignore this float text ignore this"
          text run at (0,285) width 155: "float text ignore this "
          text run at (155,285) width 226: "float text ignore this float text"
          text run at (0,304) width 202: "ignore this float text ignore "
          text run at (202,304) width 179: "this float text ignore this"
          text run at (0,323) width 232: "float text ignore this float text "
          text run at (232,323) width 149: "ignore this float text"
          text run at (0,342) width 259: "ignore this float text ignore this float"
      RenderBlock {DIV} at (0,143) size 765x494 [color=#C0C0C0]
        RenderText {#text} at (382,0) size 765x494
          text run at (382,0) width 383: "this is some dummy text this is some dummy text this is"
          text run at (382,19) width 96: "some dummy "
          text run at (478,19) width 286: "text this is some dummy text this is some"
          text run at (382,38) width 167: "dummy text this is some "
          text run at (549,38) width 215: "dummy text this is some dummy"
          text run at (382,57) width 228: "text this is some dummy text this is "
          text run at (610,57) width 154: "some dummy text this is"
          text run at (382,76) width 302: "some dummy text this is some dummy text "
          text run at (684,76) width 80: "this is some"
          text run at (382,95) width 383: "dummy text this is some dummy text this is some dummy"
          text run at (382,114) width 383: "text this is some dummy text this is some dummy text this is"
          text run at (382,133) width 40: "some "
          text run at (422,133) width 342: "dummy text this is some dummy text this is some"
          text run at (382,152) width 128: "dummy text this is "
          text run at (510,152) width 254: "some dummy text this is some dummy"
          text run at (382,171) width 187: "text this is some dummy text "
          text run at (569,171) width 196: "this is some dummy text this is"
          text run at (382,190) width 271: "some dummy text this is some dummy "
          text run at (653,190) width 111: "text this is some"
          text run at (382,209) width 335: "dummy text this is some dummy text this is some "
          text run at (717,209) width 48: "dummy"
          text run at (382,228) width 383: "text this is some dummy text this is some dummy text this is"
          text run at (382,247) width 383: "some dummy text this is some dummy text this is some"
          text run at (382,266) width 83: "dummy text "
          text run at (465,266) width 299: "this is some dummy text this is some dummy"
          text run at (382,285) width 159: "text this is some dummy "
          text run at (541,285) width 223: "text this is some dummy text this is"
          text run at (382,304) width 215: "some dummy text this is some "
          text run at (597,304) width 167: "dummy text this is some"
          text run at (382,323) width 295: "dummy text this is some dummy text this is "
          text run at (677,323) width 87: "some dummy"
          text run at (382,342) width 346: "text this is some dummy text this is some dummy text "
          text run at (728,342) width 36: "this is"
          text run at (0,361) width 402: "some dummy text this is some dummy text this is some dummy "
          text run at (402,361) width 362: "text this is some dummy text this is some dummy text this"
          text run at (0,380) width 52: "is some "
          text run at (52,380) width 440: "dummy text this is some dummy text this is some dummy text this is "
          text run at (492,380) width 272: "some dummy text this is some dummy text"
          text run at (0,399) width 159: "this is some dummy text "
          text run at (159,399) width 450: "this is some dummy text this is some dummy text this is some dummy "
          text run at (609,399) width 154: "text this is some dummy"
          text run at (0,418) width 276: "text this is some dummy text this is some "
          text run at (276,418) width 455: "dummy text this is some dummy text this is some dummy text this is "
          text run at (731,418) width 33: "some"
          text run at (0,437) width 404: "dummy text this is some dummy text this is some dummy text "
          text run at (404,437) width 360: "this is some dummy text this is some dummy text this is"
          text run at (0,456) width 89: "some dummy "
          text run at (89,456) width 417: "text this is some dummy text this is some dummy text this is some "
          text run at (506,456) width 257: "dummy text this is some dummy text this"
          text run at (0,475) width 170: "is some dummy text this is "
          text run at (170,475) width 268: "some dummy text this is some dummy text"
      RenderBlock {P} at (32,669) size 701x74 [color=#000080]
        RenderText {#text} at (15,0) size 686x73
          text run at (15,0) width 686: "The above gray text should flow around the blue box."
          text run at (674,37) width 27: "\x{21E7}"
