yer at (0,0) size 800x600
  RenderView at (0,0) size 800x600
layer at (0,0) size 800x544
  RenderBlock {HTML} at (0,0) size 800x544
    RenderBody {BODY} at (8,16) size 784x520
      RenderBlock {P} at (0,0) size 784x18
        RenderText {#text} at (0,0) size 695x18
          text run at (0,0) width 486: "Verify that the alignment and writing direction of each selected item matches "
          text run at (486,0) width 209: "the one below the pop-up button."
      RenderBlock {DIV} at (0,34) size 784x242
        RenderMenuList {SELECT} at (0,0) size 500x21 [bgcolor=#FFFFFF]
          RenderBlock (anonymous) at (0,0) size 500x21
            RenderText at (8,2) size 167x16
              text run at (8,2) width 32: "First "
              text run at (40,2) width 49 RTL: ") \x{5E8}\x{5D1}\x{5D9}\x{5E2}\x{5D9}\x{5EA}"
              text run at (89,2) width 17: "03"
              text run at (106,2) width 38 RTL: "\x{5E9}\x{5E0}\x{5D9}\x{5D4} ("
              text run at (144,2) width 31: " fifth"
        RenderBlock {DIV} at (0,23) size 470x36
          RenderText {#text} at (10,10) size 167x16
            text run at (10,10) width 32: "First "
            text run at (42,10) width 49 RTL: ") \x{5E8}\x{5D1}\x{5D9}\x{5E2}\x{5D9}\x{5EA}"
            text run at (91,10) width 17: "03"
            text run at (108,10) width 38 RTL: "\x{5E9}\x{5E0}\x{5D9}\x{5D4} ("
            text run at (146,10) width 31: " fifth"
        RenderMenuList {SELECT} at (0,61) size 500x21 [bgcolor=#FFFFFF]
          RenderBlock (anonymous) at (0,0) size 500x21
            RenderText at (8,2) size 167x16
              text run at (8,2) width 32: "First "
              text run at (40,2) width 49 RTL: ") \x{5E8}\x{5D1}\x{5D9}\x{5E2}\x{5D9}\x{5EA}"
              text run at (89,2) width 17: "03"
              text run at (106,2) width 38 RTL: "\x{5E9}\x{5E0}\x{5D9}\x{5D4} ("
              text run at (144,2) width 31: " fifth"
        RenderBlock {DIV} at (0,84) size 470x36
          RenderText {#text} at (10,10) size 167x16
            text run at (10,10) width 27: "fifth"
            text run at (37,10) width 53 RTL: ") \x{5E8}\x{5D1}\x{5D9}\x{5E2}\x{5D9}\x{5EA} "
            text run at (90,10) width 17: "03"
            text run at (107,10) width 42 RTL: " \x{5E9}\x{5E0}\x{5D9}\x{5D4} ("
            text run at (149,10) width 28: "First"
        RenderMenuList {SELECT} at (0,122) size 500x21 [bgcolor=#FFFFFF]
          RenderBlock (anonymous) at (0,0) size 500x21
            RenderText at (8,2) size 167x16
              text run at (8,2) width 32: "First "
              text run at (40,2) width 49 RTL: ") \x{5E8}\x{5D1}\x{5D9}\x{5E2}\x{5D9}\x{5EA}"
              text run at (89,2) width 17: "03"
              text run at (106,2) width 38 RTL: "\x{5E9}\x{5E0}\x{5D9}\x{5D4} ("
              text run at (144,2) width 31: " fifth"
        RenderBlock {DIV} at (0,145) size 470x36
          RenderText {#text} at (10,10) size 165x16
            text run at (10,10) width 165 LTR override: "First \x{5E9}\x{5E0}\x{5D9}\x{5D4} (03) \x{5E8}\x{5D1}\x{5D9}\x{5E2}\x{5D9}\x{5EA} fifth"
        RenderMenuList {SELECT} at (0,183) size 500x21 [bgcolor=#FFFFFF]
          RenderBlock (anonymous) at (0,0) size 500x21
            RenderText at (8,2) size 167x16
              text run at (8,2) width 32: "First "
              text run at (40,2) width 49 RTL: ") \x{5E8}\x{5D1}\x{5D9}\x{5E2}\x{5D9}\x{5EA}"
              text run at (89,2) width 17: "03"
              text run at (106,2) width 38 RTL: "\x{5E9}\x{5E0}\x{5D9}\x{5D4} ("
              text run at (144,2) width 31: " fifth"
        RenderBlock {DIV} at (0,206) size 470x36
          RenderText {#text} at (10,10) size 165x16
            text run at (10,10) width 165 RTL override: "First \x{5E9}\x{5E0}\x{5D9}\x{5D4} (03) \x{5E8}\x{5D1}\x{5D9}\x{5E2}\x{5D9}\x{5EA} fifth"
      RenderBlock {DIV} at (0,278) size 784x242
        RenderMenuList {SELECT} at (0,0) size 500x21 [bgcolor=#FFFFFF]
          RenderBlock (anonymous) at (0,0) size 500x21
            RenderText at (8,2) size 167x16
              text run at (8,2) width 32: "First "
              text run at (40,2) width 49 RTL: ") \x{5E8}\x{5D1}\x{5D9}\x{5E2}\x{5D9}\x{5EA}"
              text run at (89,2) width 17: "03"
              text run at (106,2) width 38 RTL: "\x{5E9}\x{5E0}\x{5D9}\x{5D4} ("
              text run at (144,2) width 31: " fifth"
        RenderBlock {DIV} at (0,23) size 470x36
          RenderText {#text} at (293,10) size 167x16
            text run at (293,10) width 32: "First "
            text run at (325,10) width 49 RTL: ") \x{5E8}\x{5D1}\x{5D9}\x{5E2}\x{5D9}\x{5EA}"
            text run at (374,10) width 17: "03"
            text run at (391,10) width 38 RTL: "\x{5E9}\x{5E0}\x{5D9}\x{5D4} ("
            text run at (429,10) width 31: " fifth"
        RenderMenuList {SELECT} at (0,61) size 500x21 [bgcolor=#FFFFFF]
          RenderBlock (anonymous) at (0,0) size 500x21
            RenderText at (8,2) size 167x16
              text run at (8,2) width 32: "First "
              text run at (40,2) width 49 RTL: ") \x{5E8}\x{5D1}\x{5D9}\x{5E2}\x{5D9}\x{5EA}"
              text run at (89,2) width 17: "03"
              text run at (106,2) width 38 RTL: "\x{5E9}\x{5E0}\x{5D9}\x{5D4} ("
              text run at (144,2) width 31: " fifth"
        RenderBlock {DIV} at (0,84) size 470x36
          RenderText {#text} at (293,10) size 167x16
            text run at (293,10) width 27: "fifth"
            text run at (320,10) width 53 RTL: ") \x{5E8}\x{5D1}\x{5D9}\x{5E2}\x{5D9}\x{5EA} "
            text run at (373,10) width 17: "03"
            text run at (390,10) width 42 RTL: " \x{5E9}\x{5E0}\x{5D9}\x{5D4} ("
            text run at (432,10) width 28: "First"
        RenderMenuList {SELECT} at (0,122) size 500x21 [bgcolor=#FFFFFF]
          RenderBlock (anonymous) at (0,0) size 500x21
            RenderText at (8,2) size 167x16
              text run at (8,2) width 32: "First "
              text run at (40,2) width 49 RTL: ") \x{5E8}\x{5D1}\x{5D9}\x{5E2}\x{5D9}\x{5EA}"
              text run at (89,2) width 17: "03"
              text run at (106,2) width 38 RTL: "\x{5E9}\x{5E0}\x{5D9}\x{5D4} ("
              text run at (144,2) width 31: " fifth"
        RenderBlock {DIV} at (0,145) size 470x36
          RenderText {#text} at (295,10) size 165x16
            text run at (295,10) width 165 LTR override: "First \x{5E9}\x{5E0}\x{5D9}\x{5D4} (03) \x{5E8}\x{5D1}\x{5D9}\x{5E2}\x{5D9}\x{5EA} fifth"
        RenderMenuList {SELECT} at (0,183) size 500x21 [bgcolor=#FFFFFF]
          RenderBlock (anonymous) at (0,0) size 500x21
            RenderText at (8,2) size 167x16
              text run at (8,2) width 32: "First "
              text run at (40,2) width 49 RTL: ") \x{5E8}\x{5D1}\x{5D9}\x{5E2}\x{5D9}\x{5EA}"
              text run at (89,2) width 17: "03"
              text run at (106,2) width 38 RTL: "\x{5E9}\x{5E0}\x{5D9}\x{5D4} ("
              text run at (144,2) width 31: " fifth"
        RenderBlock {DIV} at (0,206) size 470x36
          RenderText {#text} at (295,10) size 165x16
            text run at (295,10) width 165 RTL override: "First \x{5E9}\x{5E0}\x{5D9}\x{5D4} (03) \x{5E8}\x{5D1}\x{5D9}\x{5E2}\x{5D9}\x{5EA} fifth"
