CONSOLE MESSAGE: line 41: ReferenceError: Can't find variable: test
layer at (0,0) size 800x600
  RenderView at (0,0) size 800x600
layer at (0,0) size 800x424
  RenderBlock {HTML} at (0,0) size 800x424
    RenderBody {BODY} at (8,18) size 784x397
      RenderBlock {P} at (0,0) size 784x27
        RenderText {#text} at (0,4) size 139x19
          text run at (0,4) width 139: "Simple text path"
      RenderBlock (anonymous) at (0,45) size 784x129
        RenderBlock {SPAN} at (0,0) size 27x95
          RenderText {#text} at (4,0) size 95x19
            text run at (4,0) width 95: "ab\x{3042}\x{300C}\x{300D}\x{3002}"
        RenderBR {BR} at (27,79) size 0x19
        RenderBR {BR} at (0,106) size 0x19
      RenderBlock {HR} at (0,183) size 784x2 [border: (1px inset #000000)]
      RenderBlock {P} at (0,203) size 784x27
        RenderText {#text} at (0,4) size 157x19
          text run at (0,4) width 157: "Complex text path"
      RenderBlock (anonymous) at (0,248) size 784x138
        RenderBlock {SPAN} at (0,0) size 27x104
          RenderText {#text} at (4,0) size 104x19
            text run at (4,0) width 104: "ab\x{3042}\x{300C}\x{300D}\x{3002}1\x{20DD}"
        RenderBR {BR} at (27,88) size 0x19
        RenderBR {BR} at (0,115) size 0x19
      RenderBlock {HR} at (0,395) size 784x2 [border: (1px inset #000000)]
