layer at (0,0) size 781x689
  RenderView at (0,0) size 781x600
layer at (0,0) size 781x689
  RenderBlock {HTML} at (0,0) size 781x676
    RenderBody {BODY} at (8,8) size 765x652
      RenderBlock (anonymous) at (0,0) size 765x150
        RenderInline {SPAN} at (0,0) size 264x130 [border: (5px solid #000000)]
          RenderText {#text} at (5,15) size 55x20
            text run at (5,15) width 55: "This text"
          RenderBR {BR} at (60,30) size 0x0
          RenderText {#text} at (0,65) size 76x20
            text run at (0,65) width 76: "should have"
          RenderBR {BR} at (76,80) size 0x0
          RenderText {#text} at (0,115) size 259x20
            text run at (0,115) width 259: "a multi-line shadow with a border-radius."
        RenderText {#text} at (0,0) size 0x0
      RenderBlock {DIV} at (0,150) size 120x120 [border: (10px solid #000000)]
        RenderText {#text} at (10,10) size 87x60
          text run at (10,10) width 29: "50%"
          text run at (10,30) width 69: "transparent"
          text run at (10,50) width 87: "black shadow"
      RenderTable {TABLE} at (0,270) size 184x270
        RenderTableSection {TBODY} at (0,0) size 184x270
          RenderTableRow {TR} at (0,10) size 184x42
            RenderTableCell {TD} at (10,10) size 48x42 [border: (1px solid #000000)] [r=0 c=0 rs=1 cs=1]
              RenderText {#text} at (11,11) size 26x20
                text run at (11,11) width 26: "Cell"
            RenderTableCell {TD} at (68,10) size 48x42 [border: (1px solid #000000)] [r=0 c=1 rs=1 cs=1]
              RenderText {#text} at (11,11) size 26x20
                text run at (11,11) width 26: "Cell"
            RenderTableCell {TD} at (126,10) size 48x42 [border: (1px solid #000000)] [r=0 c=2 rs=1 cs=1]
              RenderText {#text} at (11,11) size 26x20
                text run at (11,11) width 26: "Cell"
          RenderTableRow {TR} at (0,62) size 184x42
            RenderTableCell {TD} at (10,62) size 48x42 [border: (1px solid #000000)] [r=1 c=0 rs=1 cs=1]
              RenderText {#text} at (11,11) size 26x20
                text run at (11,11) width 26: "Cell"
            RenderTableCell {TD} at (68,62) size 48x42 [border: (1px solid #000000)] [r=1 c=1 rs=1 cs=1]
              RenderText {#text} at (11,11) size 26x20
                text run at (11,11) width 26: "Cell"
            RenderTableCell {TD} at (126,62) size 48x42 [border: (1px solid #000000)] [r=1 c=2 rs=1 cs=1]
              RenderText {#text} at (11,11) size 26x20
                text run at (11,11) width 26: "Cell"
          RenderTableRow {TR} at (0,114) size 184x42
            RenderTableCell {TD} at (10,114) size 48x42 [border: (1px solid #000000)] [r=2 c=0 rs=1 cs=1]
              RenderText {#text} at (11,11) size 26x20
                text run at (11,11) width 26: "Cell"
            RenderTableCell {TD} at (68,114) size 48x42 [border: (1px solid #000000)] [r=2 c=1 rs=1 cs=1]
              RenderText {#text} at (11,11) size 26x20
                text run at (11,11) width 26: "Cell"
            RenderTableCell {TD} at (126,114) size 48x42 [border: (1px solid #000000)] [r=2 c=2 rs=1 cs=1]
              RenderText {#text} at (11,11) size 26x20
                text run at (11,11) width 26: "Cell"
          RenderTableRow {TR} at (0,166) size 184x42
            RenderTableCell {TD} at (10,166) size 48x42 [border: (1px solid #000000)] [r=3 c=0 rs=1 cs=1]
              RenderText {#text} at (11,11) size 26x20
                text run at (11,11) width 26: "Cell"
            RenderTableCell {TD} at (68,166) size 48x42 [border: (1px solid #000000)] [r=3 c=1 rs=1 cs=1]
              RenderText {#text} at (11,11) size 26x20
                text run at (11,11) width 26: "Cell"
            RenderTableCell {TD} at (126,166) size 48x42 [border: (1px solid #000000)] [r=3 c=2 rs=1 cs=1]
              RenderText {#text} at (11,11) size 26x20
                text run at (11,11) width 26: "Cell"
          RenderTableRow {TR} at (0,218) size 184x42
            RenderTableCell {TD} at (10,218) size 48x42 [border: (1px solid #000000)] [r=4 c=0 rs=1 cs=1]
              RenderText {#text} at (11,11) size 26x20
                text run at (11,11) width 26: "Cell"
            RenderTableCell {TD} at (68,218) size 48x42 [border: (1px solid #000000)] [r=4 c=1 rs=1 cs=1]
              RenderText {#text} at (11,11) size 26x20
                text run at (11,11) width 26: "Cell"
            RenderTableCell {TD} at (126,218) size 48x42 [border: (1px solid #000000)] [r=4 c=2 rs=1 cs=1]
              RenderText {#text} at (11,11) size 26x20
                text run at (11,11) width 26: "Cell"
      RenderBlock {P} at (0,556) size 765x40
        RenderText {#text} at (0,0) size 356x20
          text run at (0,0) width 356: "The first line of this div should have a box-shadow on it."
        RenderBR {BR} at (356,15) size 0x0
        RenderText {#text} at (0,20) size 177x20
          text run at (0,20) width 177: "This second line should not."
      RenderBlock {P} at (0,612) size 765x40
        RenderBlock (floating) at (0,0) size 39x69 [bgcolor=#EEEEEE] [border: (1px solid #000000)]
          RenderText {#text} at (5,5) size 29x59
            text run at (5,5) width 29: "T"
        RenderText {#text} at (43,0) size 488x20
          text run at (43,0) width 488: "he first letter of this paragraph should have a border and a nice shadow effect."
        RenderBR {BR} at (531,15) size 0x0
        RenderText {#text} at (43,20) size 162x20
          text run at (43,20) width 162: "It should look pretty cool."
