layer at (0,0) size 982x785
  RenderView at (0,0) size 982x785
layer at (0,0) size 982x785
  RenderBlock {HTML} at (0,0) size 982x785
    RenderBody {BODY} at (0,0) size 982x785
      RenderBlock {DIV} at (0,0) size 800x749 [bgcolor=#008000]
        RenderText {#text} at (0,0) size 237x18
          text run at (0,0) width 237: "This test case should output 2 pages."
      RenderBlock (anonymous) at (0,749) size 982x36
        RenderText {#text} at (0,0) size 972x36
          text run at (0,0) width 972: "There should be a blue line above this test. This line is the boundary of 2 pages. As the height of green box is shorter than the height of a page by one"
          text run at (0,18) width 485: "pixel, there should be a white line between the green box and the blue line."
