layer at (0,0) size 800x600
  RenderView at (0,0) size 800x600
layer at (0,0) size 800x163
  RenderBlock {HTML} at (0,0) size 800x163
    RenderBody {BODY} at (8,8) size 784x147
      RenderBlock {DIV} at (0,0) size 784x51
        RenderText {#text} at (0,0) size 757x44
          text run at (0,0) width 557: "This tests that an element with a positive z-index appears behind the full screen element. "
          text run at (557,0) width 200: "After entering full screen mode,"
          text run at (0,25) width 224: "only a green box should be visible. "
          text run at (224,25) width 38: "Click "
        RenderButton {BUTTON} at (264,21) size 111x28 [bgcolor=#C0C0C0] [border: (2px outset #C0C0C0)]
          RenderBlock (anonymous) at (8,4) size 95x19
            RenderText {#text} at (0,0) size 95x19
              text run at (0,0) width 95: "go full screen"
        RenderText {#text} at (377,25) size 93x19
          text run at (377,25) width 93: " to run the test."
      RenderBlock {DIV} at (0,109) size 784x38
        RenderText {#text} at (0,0) size 213x19
          text run at (0,0) width 213: "EVENT(webkitfullscreenchange)"
        RenderBR {BR} at (213,0) size 0x19
        RenderText {#text} at (0,19) size 102x19
          text run at (0,19) width 102: "END OF TEST"
        RenderBR {BR} at (102,19) size 0x19
layer at (58,84) size 108x58
  RenderBlock (relative positioned) zI: 500 {DIV} at (0,51) size 108x58 [bgcolor=#FF0000] [border: (4px solid #8B0000)]
layer at (0,0) size 800x600
  RenderFullScreen zI: 2147483647 at (0,0) size 800x600 [bgcolor=#000000]
    RenderBlock {DIV} at (296,246) size 208x108 [bgcolor=#008000] [border: (4px solid #006400)]
