layer at (0,0) size 800x600
  RenderView at (0,0) size 800x600
layer at (0,0) size 800x205
  RenderBlock {HTML} at (0,0) size 800x205
    RenderBody {BODY} at (8,8) size 784x189
      RenderBlock {DIV} at (0,0) size 784x51
        RenderText {#text} at (0,0) size 767x44
          text run at (0,0) width 679: "This tests that a full screen element in a lower stacking context blocks a sibling in a higher stacking context. "
          text run at (679,0) width 88: "After entering"
          text run at (0,25) width 335: "full screen mode, only a black box should be visible. "
          text run at (335,25) width 38: "Click "
        RenderButton {BUTTON} at (375,21) size 111x28 [bgcolor=#C0C0C0] [border: (2px outset #C0C0C0)]
          RenderBlock (anonymous) at (8,4) size 95x19
            RenderText {#text} at (0,0) size 95x19
              text run at (0,0) width 95: "go full screen"
        RenderText {#text} at (488,25) size 93x19
          text run at (488,25) width 93: " to run the test."
      RenderBlock {DIV} at (0,151) size 784x38
        RenderText {#text} at (0,0) size 213x19
          text run at (0,0) width 213: "EVENT(webkitfullscreenchange)"
        RenderBR {BR} at (213,0) size 0x19
        RenderText {#text} at (0,19) size 102x19
          text run at (0,19) width 102: "END OF TEST"
        RenderBR {BR} at (102,19) size 0x19
layer at (58,109) size 100x100
  RenderBlock (relative positioned) {DIV} at (0,51) size 100x100 [bgcolor=#FF0000]
layer at (0,0) size 800x600
  RenderFullScreen zI: 2147483647 at (0,0) size 800x600 [bgcolor=#000000]
layer at (0,0) size 800x600
  RenderVideo {VIDEO} at (0,0) size 800x600
layer at (0,0) size 800x600
  RenderBlock (relative positioned) {DIV} at (0,0) size 800x600
layer at (0,0) size 800x600 scrollHeight 611
  RenderFlexibleBox (positioned) {DIV} at (0,0) size 800x600
    RenderButton {INPUT} at (0,580) size 20x20
    RenderFlexibleBox {DIV} at (20,580) size 720x20 [border: (1px solid #FFFFFF33) none (1px solid #FFFFFF33)]
      RenderBlock (anonymous) at (1,0) size 65x31
        RenderFlexibleBox {DIV} at (0,1) size 65x30
          RenderBlock (anonymous) at (5,5) size 55x20
            RenderText {#text} at (0,0) size 55x12
              text run at (0,0) width 55: "00:00 / 00:00"
      RenderSlider {INPUT} at (66,0) size 653x20
        RenderBlock {DIV} at (2,4) size 12x12
    RenderButton {INPUT} at (740,580) size 20x20
    RenderButton {INPUT} at (760,580) size 20x20
    RenderButton {INPUT} at (780,580) size 20x20
