layer at (0,0) size 800x600
  RenderCanvas at (0,0) size 800x600
layer at (0,0) size 800x204
  RenderBlock {HTML} at (0,0) size 800x204
    RenderBody {BODY} at (8,8) size 784x188
      RenderBlock (anonymous) at (0,0) size 784x17
        RenderInline {DIV} at (0,0) size 462x14 [color=#FFFFFF] [bgcolor=#FF0000]
          RenderText {TEXT} at (0,3) size 462x14
            text run at (0,3) width 462: "Ahem_font_required_for_this_test."
        RenderText {TEXT} at (0,0) size 0x0
      RenderBlock {P} at (0,31) size 784x17
        RenderText {TEXT} at (0,0) size 697x17
          text run at (0,0) width 697: "There should be three columns below, dark green, light green, and dark green, with no red anywhere."
      RenderTable {TABLE} at (0,62) size 66x126
        RenderTableSection {TBODY} at (3,3) size 0x120
          RenderTableRow {TR} at (0,0) size 0x0
            RenderTableCell {TD} at (0,0) size 60x120 [color=#FF0000] [bgcolor=#FF0000] [r=0 c=0 rs=1 cs=1]
              RenderBlock {DIV} at (0,0) size 60x0
              RenderBlock {DIV} at (0,0) size 60x0
                RenderBlock {DIV} at (0,0) size 60x0 [bgcolor=#000000]
              RenderBlock {DIV} at (0,0) size 60x0
                RenderBlock {DIV} at (0,0) size 60x0 [bgcolor=#000000]
              RenderBlock {DIV} at (0,0) size 60x0
                RenderBlock {DIV} at (0,0) size 60x0 [bgcolor=#000000]
              RenderBlock {DIV} at (0,0) size 60x0
                RenderBlock {DIV} at (0,0) size 60x0 [bgcolor=#000000]
              RenderBlock {DIV} at (0,0) size 60x0
                RenderBlock {DIV} at (0,0) size 60x0 [bgcolor=#000000]
              RenderBlock {DIV} at (0,0) size 60x0
                RenderBlock {DIV} at (0,0) size 60x0 [bgcolor=#000000]
              RenderBlock {DIV} at (0,0) size 60x0
                RenderBlock {DIV} at (0,0) size 60x0 [bgcolor=#000000]
              RenderBlock {DIV} at (0,0) size 60x20 [color=#008000] [bgcolor=#00FF00]
                RenderInline {SPAN} at (0,0) size 20x20 [bgcolor=#000000]
                  RenderText {TEXT} at (0,0) size 20x20
                    text run at (0,0) width 20: "X"
                RenderText {TEXT} at (20,0) size 20x20
                  text run at (20,0) width 20: " "
                RenderInline {SPAN} at (0,0) size 20x20 [bgcolor=#000000]
                  RenderText {TEXT} at (40,0) size 20x20
                    text run at (40,0) width 20: "X"
              RenderBlock {DIV} at (0,20) size 60x20 [color=#008000] [bgcolor=#00FF00]
                RenderInline {SPAN} at (0,0) size 20x20 [bgcolor=#000000]
                  RenderText {TEXT} at (0,0) size 20x20
                    text run at (0,0) width 20: "X"
                RenderText {TEXT} at (20,0) size 20x20
                  text run at (20,0) width 20: " "
                RenderInline {SPAN} at (0,0) size 20x20 [bgcolor=#000000]
                  RenderText {TEXT} at (40,0) size 20x20
                    text run at (40,0) width 20: "X"
              RenderBlock {DIV} at (0,40) size 60x20 [color=#008000] [bgcolor=#00FF00]
                RenderInline {SPAN} at (0,0) size 20x20 [bgcolor=#000000]
                  RenderText {TEXT} at (0,0) size 20x20
                    text run at (0,0) width 20: "X"
                RenderText {TEXT} at (20,0) size 20x20
                  text run at (20,0) width 20: " "
                RenderInline {SPAN} at (0,0) size 20x20 [bgcolor=#000000]
                  RenderText {TEXT} at (40,0) size 20x20
                    text run at (40,0) width 20: "X"
                RenderText {TEXT} at (0,0) size 0x0
              RenderBlock {DIV} at (0,60) size 60x20 [color=#008000] [bgcolor=#00FF00]
                RenderBlock {DIV} at (0,0) size 60x0 [bgcolor=#000000]
                RenderBlock (anonymous) at (0,0) size 60x20 [bgcolor=#000000]
                  RenderInline {SPAN} at (0,0) size 20x20
                    RenderText {TEXT} at (0,0) size 20x20
                      text run at (0,0) width 20: "X"
                  RenderText {TEXT} at (20,0) size 20x20 [bgcolor=#00FF00]
                    text run at (20,0) width 20: " "
                  RenderInline {SPAN} at (0,0) size 20x20
                    RenderText {TEXT} at (40,0) size 20x20
                      text run at (40,0) width 20: "X"
                  RenderText {TEXT} at (0,0) size 0x0 [bgcolor=#00FF00]
              RenderBlock {DIV} at (0,80) size 60x20 [color=#008000] [bgcolor=#00FF00]
                RenderBlock (anonymous) at (0,0) size 60x20 [bgcolor=#000000]
                  RenderInline {SPAN} at (0,0) size 20x20
                    RenderText {TEXT} at (0,0) size 20x20
                      text run at (0,0) width 20: "X"
                  RenderText {TEXT} at (20,0) size 20x20 [bgcolor=#00FF00]
                    text run at (20,0) width 20: " "
                  RenderInline {SPAN} at (0,0) size 20x20
                    RenderText {TEXT} at (40,0) size 20x20
                      text run at (40,0) width 20: "X"
                  RenderText {TEXT} at (0,0) size 0x0 [bgcolor=#00FF00]
                RenderBlock {DIV} at (0,20) size 60x0 [bgcolor=#000000]
              RenderBlock {DIV} at (0,100) size 60x20 [color=#008000] [bgcolor=#00FF00]
                RenderText {TEXT} at (0,0) size 60x20
                  text run at (0,0) width 60: "X X"
