layer at (0,0) size 800x600
  RenderCanvas at (0,0) size 800x600
layer at (0,0) size 800x156
  RenderBlock {HTML} at (0,0) size 800x156
    RenderBody {BODY} at (8,8) size 784x128
      RenderBlock (anonymous) at (0,0) size 784x17
        RenderInline {DIV} at (0,0) size 462x14 [color=#FFFFFF] [bgcolor=#FF0000]
          RenderText {TEXT} at (14,3) size 462x14
            text run at (14,3) width 462: "Ahem_font_required_for_this_test."
        RenderText {TEXT} at (0,0) size 0x0
      RenderBlock {P} at (0,31) size 784x17
        RenderText {TEXT} at (0,0) size 530x17
          text run at (0,0) width 530: "There should be no red below, only two identical striped green and lime bars."
      RenderBlock {DIV} at (20,68) size 744x20
        RenderInline {SPAN} at (0,0) size 220x20 [color=#800000] [bgcolor=#FF0000]
          RenderText {TEXT} at (0,0) size 0x0
          RenderInline {SPAN} at (0,0) size 40x20 [color=#008000] [bgcolor=#00FF00]
            RenderText {TEXT} at (0,0) size 40x20
              text run at (0,0) width 40: "X "
          RenderText {TEXT} at (0,0) size 0x0
          RenderInline {SPAN} at (0,0) size 0x0
            RenderText {TEXT} at (0,0) size 0x0
          RenderText {TEXT} at (0,0) size 0x0
          RenderInline {SPAN} at (0,0) size 40x20 [color=#008000] [bgcolor=#00FF00]
            RenderText {TEXT} at (40,0) size 40x20
              text run at (40,0) width 40: "X "
          RenderText {TEXT} at (0,0) size 0x0
          RenderInline {SPAN} at (0,0) size 40x20 [color=#008000] [bgcolor=#00FF00]
            RenderText {TEXT} at (80,0) size 40x20
              text run at (80,0) width 40: "X "
          RenderText {TEXT} at (0,0) size 0x0
          RenderInline {SPAN} at (0,0) size 40x20 [color=#008000] [bgcolor=#00FF00]
            RenderText {TEXT} at (120,0) size 40x20
              text run at (120,0) width 40: "X "
          RenderText {TEXT} at (0,0) size 0x0
          RenderInline {SPAN} at (0,0) size 20x20 [color=#008000] [bgcolor=#00FF00]
            RenderText {TEXT} at (160,0) size 20x20
              text run at (160,0) width 20: "X"
          RenderInline {SPAN} at (0,0) size 40x20 [color=#008000] [bgcolor=#00FF00]
            RenderText {TEXT} at (180,0) size 40x20
              text run at (180,0) width 40: " X"
            RenderInline {SPAN} at (0,0) size 0x0 [color=#800000] [bgcolor=#FF0000]
              RenderText {TEXT} at (0,0) size 0x0
          RenderText {TEXT} at (0,0) size 0x0
      RenderBlock {DIV} at (20,108) size 744x20
        RenderInline {SPAN} at (0,0) size 220x20 [color=#008000] [bgcolor=#00FF00]
          RenderText {TEXT} at (0,0) size 220x20
            text run at (0,0) width 220: "X X X X X X"
