layer at (0,0) size 800x600
  RenderCanvas at (0,0) size 800x600
layer at (0,0) size 800x136
  RenderBlock {HTML} at (0,0) size 800x136
    RenderBody {BODY} at (8,8) size 784x108
      RenderBlock (anonymous) at (0,0) size 784x17
        RenderInline {DIV} at (0,0) size 462x14 [color=#FFFFFF] [bgcolor=#FF0000]
          RenderText {TEXT} at (14,3) size 462x14
            text run at (14,3) width 462: "Ahem_font_required_for_this_test."
        RenderText {TEXT} at (0,0) size 0x0
      RenderBlock {P} at (0,31) size 784x17
        RenderText {TEXT} at (0,0) size 310x17
          text run at (0,0) width 310: "There should be a green block below, no red."
      RenderBlock {DIV} at (20,68) size 80x40 [color=#008000] [bgcolor=#FF0000]
        RenderText {TEXT} at (0,0) size 80x40
          text run at (0,0) width 80: "xxxx"
          text run at (0,20) width 80: "xxxx"
