layer at (0,0) size 800x600
  RenderCanvas at (0,0) size 800x600
layer at (0,0) size 800x212
  RenderBlock {HTML} at (0,0) size 800x212
    RenderBody {BODY} at (8,8) size 784x196
      RenderBlock (anonymous) at (0,0) size 784x18
        RenderInline {DIV} at (0,0) size 528x16 [color=#FFFFFF] [bgcolor=#FF0000]
          RenderText {TEXT} at (0,1) size 528x16
            text run at (0,1) width 528: "Ahem_font_required_for_this_test."
        RenderText {TEXT} at (0,0) size 0x0
      RenderBlock {P} at (0,34) size 784x18
        RenderText {TEXT} at (0,0) size 594x18
          text run at (0,0) width 594: "There should be a pretty green and lime pattern and the word \"PASS\" in lime on white below."
      RenderBlock {DIV} at (0,68) size 304x128 [color=#00FF00] [bgcolor=#008000]
        RenderText {TEXT} at (0,16) size 304x16
          text run at (0,16) width 304: "1234567890123456789"
        RenderInline {SPAN} at (0,0) size 304x32
          RenderText {TEXT} at (0,32) size 32x16
            text run at (0,32) width 32: "x "
          RenderInline {SPAN} at (0,0) size 112x16
            RenderText {TEXT} at (32,32) size 32x16
              text run at (32,32) width 32: "x "
            RenderInline {SPAN} at (0,0) size 0x0
            RenderText {TEXT} at (64,32) size 16x16
              text run at (64,32) width 16: "x"
            RenderInline {SPAN} at (0,0) size 16x16
              RenderText {TEXT} at (80,32) size 16x16
                text run at (80,32) width 16: " "
            RenderText {TEXT} at (96,32) size 48x16
              text run at (96,32) width 48: "x x"
          RenderText {TEXT} at (144,32) size 48x16
            text run at (144,32) width 48: " x "
          RenderInline {SPAN} at (0,0) size 64x16
            RenderText {TEXT} at (192,32) size 64x16
              text run at (192,32) width 64: "x x "
          RenderText {TEXT} at (256,32) size 32x16
            text run at (256,32) width 32: "x "
          RenderInline {SPAN} at (0,0) size 16x16
            RenderText {TEXT} at (288,32) size 16x16
              text run at (288,32) width 16: "x"
          RenderText {TEXT} at (0,48) size 64x16
            text run at (0,48) width 64: "1234"
        RenderText {TEXT} at (64,48) size 448x16
          text run at (64,48) width 448: "567890123456789 xxxx xxxx xx"
        RenderInline {SPAN} at (0,0) size 112x16
          RenderText {TEXT} at (512,48) size 16x16
            text run at (512,48) width 16: "x"
          RenderInline {SPAN} at (0,0) size 96x16
            RenderText {TEXT} at (528,48) size 96x16
              text run at (528,48) width 96: "x xxxx"
          RenderText {TEXT} at (0,0) size 0x0
        RenderText {TEXT} at (0,64) size 16x16
          text run at (0,64) width 16: "x"
        RenderInline {SPAN} at (0,0) size 112x16
          RenderText {TEXT} at (16,64) size 16x16
            text run at (16,64) width 16: " "
          RenderInline {SPAN} at (0,0) size 16x16
            RenderText {TEXT} at (32,64) size 16x16
              text run at (32,64) width 16: " "
          RenderText {TEXT} at (48,64) size 16x16
            text run at (48,64) width 16: " "
          RenderInline {SPAN} at (0,0) size 16x16
            RenderText {TEXT} at (64,64) size 16x16
              text run at (64,64) width 16: " "
          RenderText {TEXT} at (80,64) size 16x16
            text run at (80,64) width 16: " "
          RenderInline {SPAN} at (0,0) size 16x16
            RenderText {TEXT} at (96,64) size 16x16
              text run at (96,64) width 16: " "
          RenderText {TEXT} at (112,64) size 16x16
            text run at (112,64) width 16: " "
          RenderInline {SPAN} at (0,0) size 0x0
            RenderText {TEXT} at (0,0) size 0x0
          RenderText {TEXT} at (0,0) size 0x0
        RenderText {TEXT} at (128,64) size 32x16
          text run at (128,64) width 32: "  "
        RenderInline {SPAN} at (0,0) size 16x16
          RenderText {TEXT} at (160,64) size 16x16
            text run at (160,64) width 16: " "
        RenderInline {SPAN} at (0,0) size 16x16
          RenderText {TEXT} at (176,64) size 16x16
            text run at (176,64) width 16: " "
        RenderText {TEXT} at (192,64) size 48x16
          text run at (192,64) width 48: "   "
        RenderInline {SPAN} at (0,0) size 16x16
          RenderText {TEXT} at (240,64) size 16x16
            text run at (240,64) width 16: " "
        RenderInline {SPAN} at (0,0) size 0x0
          RenderText {TEXT} at (0,0) size 0x0
        RenderText {TEXT} at (256,64) size 384x16
          text run at (256,64) width 384: "  x x  x x  x x    x    "
        RenderInline {SPAN} at (0,0) size 640x16
          RenderText {TEXT} at (0,80) size 640x16
            text run at (0,80) width 640: "x x x x x x x x x x xxxx xxxx xxxx xxxx "
        RenderText {TEXT} at (0,96) size 624x16
          text run at (0,96) width 624: "x                 x x    x  x    x    x"
        RenderInline {SPAN} at (0,0) size 640x16
          RenderText {TEXT} at (0,112) size 304x16
            text run at (0,112) width 304: "xxxxxxxxxxxxxxxxxxx"
          RenderInline {SPAN} at (0,0) size 336x16
            RenderText {TEXT} at (304,112) size 336x16
              text run at (304,112) width 336: " x    x  x xxxx xxxx "
        RenderText {TEXT} at (0,0) size 0x0
