layer at (0,0) size 800x600
  RenderCanvas at (0,0) size 800x600
layer at (0,0) size 800x57
  RenderBlock {HTML} at (0,0) size 800x57
    RenderBody {BODY} at (8,8) size 784x41
      RenderBlock {DIV} at (0,0) size 204x41
        RenderInline {FONT} at (0,0) size 202x34 [color=#996699]
          RenderText {TEXT} at (0,0) size 0x0
          RenderInline {NOBR} at (0,0) size 159x17
            RenderText {TEXT} at (2,2) size 12x17
              text run at (2,2) width 12: "\x{2022} "
            RenderInline {A} at (0,0) size 127x17 [color=#0000EE]
              RenderText {TEXT} at (14,2) size 127x17
                text run at (14,2) width 127: "Corporate Services"
            RenderText {TEXT} at (141,2) size 20x17
              text run at (141,2) width 20: " \x{A0}\x{A0}\x{A0}\x{A0}"
          RenderText {TEXT} at (0,0) size 0x0
          RenderInline {NOBR} at (0,0) size 202x17
            RenderText {TEXT} at (2,19) size 12x17
              text run at (2,19) width 12: "\x{2022} "
            RenderInline {A} at (0,0) size 170x17 [color=#0000EE]
              RenderText {TEXT} at (14,19) size 152x17
                text run at (14,19) width 52: "1-800-"
                text run at (66,19) width 100: "las-flores.com"
              RenderInline {SUB} at (0,0) size 18x15
                RenderText {TEXT} at (166,24) size 18x15
                  text run at (166,24) width 18: "sm"
            RenderText {TEXT} at (184,19) size 20x17
              text run at (184,19) width 20: " \x{A0}\x{A0}\x{A0}\x{A0}"
          RenderText {TEXT} at (0,0) size 0x0
      RenderBlock (anonymous) at (0,41) size 784x0
        RenderInline {FONT} at (0,0) size 0x0 [color=#996699]
          RenderText {TEXT} at (0,0) size 0x0
          RenderText {TEXT} at (0,0) size 0x0
