layer at (0,0) size 800x600
  RenderCanvas at (0,0) size 800x600
layer at (0,0) size 800x47
  RenderBlock {HTML} at (0,0) size 800x47
    RenderBody {BODY} at (8,8) size 784x31
      RenderTable {TABLE} at (0,0) size 314x31
        RenderTableSection {TBODY} at (0,0) size 0x31
          RenderTableRow {TR} at (0,0) size 0x0
            RenderTableCell {TD} at (2,2) size 310x27 [r=0 c=0 rs=1 cs=1]
              RenderBlock {DIV} at (3,3) size 304x21
                RenderInline {NOBR} at (0,0) size 697x17
                  RenderText {TEXT} at (2,2) size 697x17
                    text run at (2,2) width 241: "This text should be all on one line. "
                    text run at (243,2) width 316: "It should spill out of the 300 pixel wide green "
                    text run at (559,2) width 140: "and blue rectangles."
                RenderText {TEXT} at (0,0) size 0x0
