layer at (0,0) size 800x600
  RenderCanvas at (0,0) size 800x600
layer at (0,0) size 800x600
  RenderBlock {HTML} at (0,0) size 800x600
    RenderBody {BODY} at (8,8) size 784x584
      RenderTable {TABLE} at (0,0) size 450x18
        RenderTableSection {TBODY} at (0,0) size 0x18
          RenderTableRow {TR} at (0,0) size 0x0
            RenderTableCell {TD} at (0,0) size 4x18 [r=0 c=0 rs=1 cs=1]
              RenderInline {B} at (0,0) size 4x18
                RenderText {TEXT} at (0,0) size 4x18
                  text run at (0,0) width 4: "\x{B7}"
            RenderTableCell {TD} at (4,0) size 446x18 [r=0 c=1 rs=1 cs=1]
              RenderText {TEXT} at (0,0) size 388x18
                text run at (0,0) width 388: "There should be space between the bullet and this line of text."
