layer at (0,0) size 800x600
  RenderCanvas at (0,0) size 800x600
layer at (0,0) size 800x600
  RenderBlock {HTML} at (0,0) size 800x600
    RenderBody {BODY} at (8,8) size 784x579
      RenderBlock {PRE} at (0,0) size 784x45
        RenderText {TEXT} at (0,0) size 8x15
          text run at (0,0) width 8: "1"
        RenderBR {BR} at (0,0) size 0x0
        RenderText {TEXT} at (0,30) size 8x15
          text run at (0,30) width 8: "2"
