layer at (0,0) size 800x600
  RenderView at (0,0) size 800x600
layer at (0,0) size 800x76
  RenderBlock {wml} at (0,0) size 800x76
    RenderBlock {card} at (8,16) size 784x52
      RenderBlock (anonymous) at (0,0) size 784x0
        RenderInline {anchor} at (0,0) size 0x0
          RenderText {#text} at (0,0) size 0x0
          RenderInline {noop} at (0,0) size 0x0
          RenderText {#text} at (0,0) size 0x0
        RenderText {#text} at (0,0) size 0x0
      RenderBlock {p} at (0,0) size 784x18
        RenderText {#text} at (0,0) size 383x18
          text run at (0,0) width 383: "Test for the error that specifying noop task to anchor element"
      RenderBlock (anonymous) at (0,34) size 784x18
        RenderText {#text} at (0,0) size 632x18
          text run at (0,0) width 632: "You should NOT see this text, because of the error that specifying unallowed task to anchor element"
