layer at (0,0) size 800x600
  RenderView at (0,0) size 800x600
layer at (0,0) size 800x50
  RenderBlock {wml} at (0,0) size 800x50
    RenderBlock {card} at (8,16) size 784x18
      RenderBlock {p} at (0,0) size 784x18
        RenderText {#text} at (0,0) size 207x18
          text run at (0,0) width 207: "Test for variable name validation"
      RenderBlock (anonymous) at (0,34) size 784x0
        RenderInline {do} at (0,0) size 0x0 [bgcolor=#D3D3D3]
          RenderText {#text} at (0,0) size 0x0
          RenderInline {refresh} at (0,0) size 0x0
            RenderText {#text} at (0,0) size 0x0
            RenderInline {setvar} at (0,0) size 0x0
            RenderText {#text} at (0,0) size 0x0
          RenderText {#text} at (0,0) size 0x0
        RenderText {#text} at (0,0) size 0x0
