layer at (0,0) size 800x600
  RenderView at (0,0) size 800x600
layer at (0,0) size 800x76
  RenderBlock {wml} at (0,0) size 800x76
    RenderBlock {card} at (8,16) size 784x52
      RenderBlock (anonymous) at (0,0) size 784x0
        RenderInline {onevent} at (0,0) size 0x0
          RenderText {#text} at (0,0) size 0x0
          RenderInline {refresh} at (0,0) size 0x0
          RenderText {#text} at (0,0) size 0x0
        RenderText {#text} at (0,0) size 0x0
        RenderInline {onevent} at (0,0) size 0x0
          RenderText {#text} at (0,0) size 0x0
          RenderInline {prev} at (0,0) size 0x0
          RenderText {#text} at (0,0) size 0x0
        RenderText {#text} at (0,0) size 0x0
      RenderBlock {p} at (0,0) size 784x18
        RenderText {#text} at (0,0) size 248x18
          text run at (0,0) width 248: "Test for the error event-binding conflict"
      RenderBlock (anonymous) at (0,34) size 784x18
        RenderText {#text} at (0,0) size 563x18
          text run at (0,0) width 563: "You should NOT see this text, because of the error of event-binding error in card element"
