layer at (0,0) size 800x600
  RenderView at (0,0) size 800x600
layer at (0,0) size 800x600
  RenderBlock {HTML} at (0,0) size 800x600
    RenderBody {BODY} at (8,8) size 784x584
      RenderBlock (anonymous) at (0,0) size 784x18
        RenderText {#text} at (0,0) size 650x18
          text run at (0,0) width 650: "This tests the situation of undoing a paste operation when the caret is outside of the range to be undone."
      RenderBlock {DIV} at (0,18) size 784x18
        RenderText {#text} at (0,0) size 24x18
          text run at (0,0) width 20: "def"
          text run at (20,0) width 4: " "
selection start: position 0 of child 0 {#text} of child 1 {DIV} of body
selection end:   position 3 of child 0 {#text} of child 1 {DIV} of body
