layer at (0,0) size 800x600
  RenderView at (0,0) size 800x600
layer at (0,490) size 800x110
  RenderBlock {HTML} at (0,0) size 800x110 [border: (10px solid #800000)]
    RenderBody {BODY} at (18,18) size 764x74
      RenderText {#text} at (0,1) size 140x45
        text run at (0,1) width 140: "\x{653B}\x{6BBB} \x{6A5F}\x{52D5}\x{968A} "
      RenderRuby (inline) {RUBY} at (0,0) size 128x45
        RenderRubyRun (anonymous) at (140,0) size 56x74
          RenderRubyText {RT} at (0,0) size 56x28
            RenderText {#text} at (0,0) size 56x28
              text run at (0,0) width 56: "\x{3053}\x{3046}\x{304B}\x{304F}"
          RenderRubyBase (anonymous) at (0,28) size 56x46
            RenderText {#text} at (4,0) size 48x45
              text run at (4,0) width 48: "\x{653B}\x{6BBB}"
        RenderRubyRun (anonymous) at (196,0) size 72x74
          RenderRubyText {RT} at (0,0) size 72x28
            RenderText {#text} at (1,0) size 70x28
              text run at (1,0) width 70: "\x{304D}\x{3069}\x{3046}\x{305F}\x{3044}"
          RenderRubyBase (anonymous) at (0,28) size 72x46
            RenderText {#text} at (0,0) size 72x45
              text run at (0,0) width 72: "\x{6A5F}\x{52D5}\x{968A}"
      RenderText {#text} at (0,0) size 0x0
