layer at (0,0) size 800x600
  RenderView at (0,0) size 800x600
layer at (690,0) size 110x600
  RenderBlock {HTML} at (0,0) size 110x600 [border: (10px solid #800000)]
    RenderBody {BODY} at (18,18) size 74x564
      RenderText {#text} at (28,0) size 45x140
        text run at (28,0) width 140: "\x{653B}\x{6BBB} \x{6A5F}\x{52D5}\x{968A} "
      RenderRuby (inline) {RUBY} at (0,0) size 45x128
        RenderRubyRun (anonymous) at (0,140) size 74x56
          RenderRubyText {RT} at (0,0) size 28x56
            RenderText {#text} at (0,0) size 28x56
              text run at (0,0) width 56: "\x{3053}\x{3046}\x{304B}\x{304F}"
          RenderRubyBase (anonymous) at (28,0) size 46x56
            RenderText {#text} at (0,4) size 45x48
              text run at (0,4) width 48: "\x{653B}\x{6BBB}"
        RenderRubyRun (anonymous) at (0,196) size 74x72
          RenderRubyText {RT} at (0,0) size 28x72
            RenderText {#text} at (0,1) size 28x70
              text run at (0,1) width 70: "\x{304D}\x{3069}\x{3046}\x{305F}\x{3044}"
          RenderRubyBase (anonymous) at (28,0) size 46x72
            RenderText {#text} at (0,0) size 45x72
              text run at (0,0) width 72: "\x{6A5F}\x{52D5}\x{968A}"
      RenderText {#text} at (0,0) size 0x0
