layer at (0,0) size 800x692
  RenderCanvas at (0,0) size 800x600
layer at (0,0) size 800x692
  RenderBlock {HTML} at (0,0) size 800x692
    RenderBody {BODY} at (8,8) size 784x670
      RenderBlock {DIV} at (0,0) size 784x0
        RenderInline {SPAN} at (0,0) size 0x0
          RenderText {TEXT} at (0,0) size 0x0
          RenderInline {SPAN} at (0,0) size 0x0
            RenderText {TEXT} at (0,0) size 0x0
          RenderText {TEXT} at (0,0) size 0x0
          RenderInline {SPAN} at (0,0) size 0x0
            RenderText {TEXT} at (0,0) size 0x0
          RenderText {TEXT} at (0,0) size 0x0
          RenderInline {SPAN} at (0,0) size 0x0
            RenderText {TEXT} at (0,0) size 0x0
          RenderText {TEXT} at (0,0) size 0x0
        RenderText {TEXT} at (0,0) size 0x0
        RenderInline {SPAN} at (0,0) size 0x0
          RenderText {TEXT} at (0,0) size 0x0
          RenderInline {SPAN} at (0,0) size 0x0
            RenderText {TEXT} at (0,0) size 0x0
            RenderInline {SPAN} at (0,0) size 0x0
              RenderText {TEXT} at (0,0) size 0x0
            RenderText {TEXT} at (0,0) size 0x0
            RenderInline {SPAN} at (0,0) size 0x0
              RenderText {TEXT} at (0,0) size 0x0
            RenderText {TEXT} at (0,0) size 0x0
          RenderText {TEXT} at (0,0) size 0x0
          RenderInline {SPAN} at (0,0) size 0x0
            RenderText {TEXT} at (0,0) size 0x0
            RenderInline {SPAN} at (0,0) size 0x0
              RenderText {TEXT} at (0,0) size 0x0
            RenderText {TEXT} at (0,0) size 0x0
          RenderText {TEXT} at (0,0) size 0x0
        RenderText {TEXT} at (0,0) size 0x0
        RenderInline {SPAN} at (0,0) size 0x0
          RenderText {TEXT} at (0,0) size 0x0
          RenderInline {SPAN} at (0,0) size 0x0
            RenderText {TEXT} at (0,0) size 0x0
            RenderInline {SPAN} at (0,0) size 0x0
              RenderText {TEXT} at (0,0) size 0x0
              RenderInline {SPAN} at (0,0) size 0x0
                RenderText {TEXT} at (0,0) size 0x0
              RenderText {TEXT} at (0,0) size 0x0
              RenderInline {SPAN} at (0,0) size 0x0
                RenderText {TEXT} at (0,0) size 0x0
              RenderText {TEXT} at (0,0) size 0x0
              RenderInline {SPAN} at (0,0) size 0x0
                RenderText {TEXT} at (0,0) size 0x0
              RenderText {TEXT} at (0,0) size 0x0
            RenderText {TEXT} at (0,0) size 0x0
            RenderInline {SPAN} at (0,0) size 0x0
              RenderText {TEXT} at (0,0) size 0x0
              RenderInline {SPAN} at (0,0) size 0x0
                RenderText {TEXT} at (0,0) size 0x0
              RenderText {TEXT} at (0,0) size 0x0
            RenderText {TEXT} at (0,0) size 0x0
          RenderText {TEXT} at (0,0) size 0x0
        RenderText {TEXT} at (0,0) size 0x0
        RenderInline {SPAN} at (0,0) size 0x0
        RenderText {TEXT} at (0,0) size 0x0
      RenderBlock {DIV} at (0,0) size 784x670
        RenderBlock {P} at (0,0) size 784x320
          RenderInline {B} at (0,0) size 104x16
            RenderText {TEXT} at (0,0) size 104x16
              text run at (0,0) width 104: "Tree Walker: "
          RenderBR {BR} at (0,0) size 0x0
          RenderText {TEXT} at (0,16) size 8x16
            text run at (0,16) width 8: "A"
          RenderBR {BR} at (0,0) size 0x0
          RenderText {TEXT} at (0,32) size 40x16
            text run at (0,32) width 40: "  A.1"
          RenderBR {BR} at (0,0) size 0x0
          RenderText {TEXT} at (0,48) size 40x16
            text run at (0,48) width 40: "  A.2"
          RenderBR {BR} at (0,0) size 0x0
          RenderText {TEXT} at (0,64) size 40x16
            text run at (0,64) width 40: "  A.3"
          RenderBR {BR} at (0,0) size 0x0
          RenderText {TEXT} at (0,80) size 8x16
            text run at (0,80) width 8: "B"
          RenderBR {BR} at (0,0) size 0x0
          RenderText {TEXT} at (0,96) size 40x16
            text run at (0,96) width 40: "  B.1"
          RenderBR {BR} at (0,0) size 0x0
          RenderText {TEXT} at (0,112) size 72x16
            text run at (0,112) width 72: "    B.1.1"
          RenderBR {BR} at (0,0) size 0x0
          RenderText {TEXT} at (0,128) size 72x16
            text run at (0,128) width 72: "    B.1.2"
          RenderBR {BR} at (0,0) size 0x0
          RenderText {TEXT} at (0,144) size 40x16
            text run at (0,144) width 40: "  B.2"
          RenderBR {BR} at (0,0) size 0x0
          RenderText {TEXT} at (0,160) size 72x16
            text run at (0,160) width 72: "    B.2.1"
          RenderBR {BR} at (0,0) size 0x0
          RenderText {TEXT} at (0,176) size 8x16
            text run at (0,176) width 8: "C"
          RenderBR {BR} at (0,0) size 0x0
          RenderText {TEXT} at (0,192) size 40x16
            text run at (0,192) width 40: "  C.1"
          RenderBR {BR} at (0,0) size 0x0
          RenderText {TEXT} at (0,208) size 72x16
            text run at (0,208) width 72: "    C.1.1"
          RenderBR {BR} at (0,0) size 0x0
          RenderText {TEXT} at (0,224) size 104x16
            text run at (0,224) width 104: "      C.1.1.1"
          RenderBR {BR} at (0,0) size 0x0
          RenderText {TEXT} at (0,240) size 104x16
            text run at (0,240) width 104: "      C.1.1.2"
          RenderBR {BR} at (0,0) size 0x0
          RenderText {TEXT} at (0,256) size 104x16
            text run at (0,256) width 104: "      C.1.1.3"
          RenderBR {BR} at (0,0) size 0x0
          RenderText {TEXT} at (0,272) size 72x16
            text run at (0,272) width 72: "    C.1.2"
          RenderBR {BR} at (0,0) size 0x0
          RenderText {TEXT} at (0,288) size 88x16
            text run at (0,288) width 88: "      C.2.1"
          RenderBR {BR} at (0,0) size 0x0
          RenderText {TEXT} at (0,304) size 8x16
            text run at (0,304) width 8: "D"
          RenderBR {BR} at (0,0) size 0x0
        RenderBlock {P} at (0,334) size 784x336
          RenderInline {B} at (0,0) size 104x16
            RenderText {TEXT} at (0,0) size 104x16
              text run at (0,0) width 104: "Tree Walker: "
          RenderBR {BR} at (0,0) size 0x0
          RenderText {TEXT} at (0,16) size 8x16
            text run at (0,16) width 8: "D"
          RenderBR {BR} at (0,0) size 0x0
          RenderText {TEXT} at (0,32) size 88x16
            text run at (0,32) width 88: "      C.2.1"
          RenderBR {BR} at (0,0) size 0x0
          RenderText {TEXT} at (0,48) size 72x16
            text run at (0,48) width 72: "    C.1.2"
          RenderBR {BR} at (0,0) size 0x0
          RenderText {TEXT} at (0,64) size 104x16
            text run at (0,64) width 104: "      C.1.1.3"
          RenderBR {BR} at (0,0) size 0x0
          RenderText {TEXT} at (0,80) size 104x16
            text run at (0,80) width 104: "      C.1.1.2"
          RenderBR {BR} at (0,0) size 0x0
          RenderText {TEXT} at (0,96) size 104x16
            text run at (0,96) width 104: "      C.1.1.1"
          RenderBR {BR} at (0,0) size 0x0
          RenderText {TEXT} at (0,112) size 72x16
            text run at (0,112) width 72: "    C.1.1"
          RenderBR {BR} at (0,0) size 0x0
          RenderText {TEXT} at (0,128) size 40x16
            text run at (0,128) width 40: "  C.1"
          RenderBR {BR} at (0,0) size 0x0
          RenderText {TEXT} at (0,144) size 8x16
            text run at (0,144) width 8: "C"
          RenderBR {BR} at (0,0) size 0x0
          RenderText {TEXT} at (0,160) size 72x16
            text run at (0,160) width 72: "    B.2.1"
          RenderBR {BR} at (0,0) size 0x0
          RenderText {TEXT} at (0,176) size 40x16
            text run at (0,176) width 40: "  B.2"
          RenderBR {BR} at (0,0) size 0x0
          RenderText {TEXT} at (0,192) size 72x16
            text run at (0,192) width 72: "    B.1.2"
          RenderBR {BR} at (0,0) size 0x0
          RenderText {TEXT} at (0,208) size 72x16
            text run at (0,208) width 72: "    B.1.1"
          RenderBR {BR} at (0,0) size 0x0
          RenderText {TEXT} at (0,224) size 40x16
            text run at (0,224) width 40: "  B.1"
          RenderBR {BR} at (0,0) size 0x0
          RenderText {TEXT} at (0,240) size 8x16
            text run at (0,240) width 8: "B"
          RenderBR {BR} at (0,0) size 0x0
          RenderText {TEXT} at (0,256) size 40x16
            text run at (0,256) width 40: "  A.3"
          RenderBR {BR} at (0,0) size 0x0
          RenderText {TEXT} at (0,272) size 40x16
            text run at (0,272) width 40: "  A.2"
          RenderBR {BR} at (0,0) size 0x0
          RenderText {TEXT} at (0,288) size 40x16
            text run at (0,288) width 40: "  A.1"
          RenderBR {BR} at (0,0) size 0x0
          RenderText {TEXT} at (0,304) size 8x16
            text run at (0,304) width 8: "A"
          RenderBR {BR} at (0,0) size 0x0
          RenderText {TEXT} at (0,0) size 0x0
