layer at (0,0) size 800x600
  RenderCanvas at (0,0) size 800x600
layer at (0,0) size 800x600
  RenderBlock {HTML} at (0,0) size 800x600
    RenderBody {BODY} at (8,8) size 784x578
      RenderBlock {DIV} at (0,0) size 784x0
        RenderInline {SPAN} at (0,0) size 0x0
          RenderText {#text} at (0,0) size 0x0
          RenderInline {SPAN} at (0,0) size 0x0
            RenderText {#text} at (0,0) size 0x0
          RenderText {#text} at (0,0) size 0x0
          RenderInline {SPAN} at (0,0) size 0x0
            RenderText {#text} at (0,0) size 0x0
          RenderText {#text} at (0,0) size 0x0
          RenderInline {SPAN} at (0,0) size 0x0
            RenderText {#text} at (0,0) size 0x0
          RenderText {#text} at (0,0) size 0x0
        RenderText {#text} at (0,0) size 0x0
        RenderInline {SPAN} at (0,0) size 0x0
          RenderText {#text} at (0,0) size 0x0
          RenderInline {SPAN} at (0,0) size 0x0
            RenderText {#text} at (0,0) size 0x0
            RenderInline {SPAN} at (0,0) size 0x0
              RenderText {#text} at (0,0) size 0x0
            RenderText {#text} at (0,0) size 0x0
          RenderText {#text} at (0,0) size 0x0
        RenderText {#text} at (0,0) size 0x0
        RenderInline {SPAN} at (0,0) size 0x0
          RenderText {#text} at (0,0) size 0x0
          RenderInline {SPAN} at (0,0) size 0x0
            RenderText {#text} at (0,0) size 0x0
            RenderInline {SPAN} at (0,0) size 0x0
              RenderText {#text} at (0,0) size 0x0
              RenderInline {SPAN} at (0,0) size 0x0
                RenderText {#text} at (0,0) size 0x0
              RenderText {#text} at (0,0) size 0x0
              RenderInline {SPAN} at (0,0) size 0x0
                RenderText {#text} at (0,0) size 0x0
              RenderText {#text} at (0,0) size 0x0
              RenderInline {SPAN} at (0,0) size 0x0
                RenderText {#text} at (0,0) size 0x0
              RenderText {#text} at (0,0) size 0x0
            RenderText {#text} at (0,0) size 0x0
            RenderInline {SPAN} at (0,0) size 0x0
              RenderText {#text} at (0,0) size 0x0
              RenderInline {SPAN} at (0,0) size 0x0
                RenderText {#text} at (0,0) size 0x0
              RenderText {#text} at (0,0) size 0x0
            RenderText {#text} at (0,0) size 0x0
          RenderText {#text} at (0,0) size 0x0
        RenderText {#text} at (0,0) size 0x0
        RenderInline {SPAN} at (0,0) size 0x0
          RenderText {#text} at (0,0) size 0x0
        RenderText {#text} at (0,0) size 0x0
      RenderBlock {DIV} at (0,0) size 784x318
        RenderBlock (anonymous) at (0,0) size 784x16
          RenderText {#text} at (0,0) size 0x16
            text run at (0,0) width 0: " "
        RenderBlock {P} at (0,30) size 784x288
          RenderInline {B} at (0,0) size 104x16
            RenderText {#text} at (0,0) size 104x16
              text run at (0,0) width 104: "Tree Walker: "
          RenderBR {BR} at (104,13) size 0x0
          RenderText {#text} at (0,16) size 8x16
            text run at (0,16) width 8: "A"
          RenderBR {BR} at (8,29) size 0x0
          RenderText {#text} at (0,32) size 40x16
            text run at (0,32) width 40: "  A.1"
          RenderBR {BR} at (40,45) size 0x0
          RenderText {#text} at (0,48) size 40x16
            text run at (0,48) width 40: "  A.2"
          RenderBR {BR} at (40,61) size 0x0
          RenderText {#text} at (0,64) size 40x16
            text run at (0,64) width 40: "  A.3"
          RenderBR {BR} at (40,77) size 0x0
          RenderText {#text} at (0,80) size 8x16
            text run at (0,80) width 8: "B"
          RenderBR {BR} at (8,93) size 0x0
          RenderText {#text} at (0,96) size 40x16
            text run at (0,96) width 40: "  B.1"
          RenderBR {BR} at (40,109) size 0x0
          RenderText {#text} at (0,112) size 72x16
            text run at (0,112) width 72: "    B.1.1"
          RenderBR {BR} at (72,125) size 0x0
          RenderText {#text} at (0,128) size 8x16
            text run at (0,128) width 8: "C"
          RenderBR {BR} at (8,141) size 0x0
          RenderText {#text} at (0,144) size 40x16
            text run at (0,144) width 40: "  C.1"
          RenderBR {BR} at (40,157) size 0x0
          RenderText {#text} at (0,160) size 72x16
            text run at (0,160) width 72: "    C.1.1"
          RenderBR {BR} at (72,173) size 0x0
          RenderText {#text} at (0,176) size 104x16
            text run at (0,176) width 104: "      C.1.1.1"
          RenderBR {BR} at (104,189) size 0x0
          RenderText {#text} at (0,192) size 104x16
            text run at (0,192) width 104: "      C.1.1.2"
          RenderBR {BR} at (104,205) size 0x0
          RenderText {#text} at (0,208) size 104x16
            text run at (0,208) width 104: "      C.1.1.3"
          RenderBR {BR} at (104,221) size 0x0
          RenderText {#text} at (0,224) size 72x16
            text run at (0,224) width 72: "    C.1.2"
          RenderBR {BR} at (72,237) size 0x0
          RenderText {#text} at (0,240) size 88x16
            text run at (0,240) width 88: "      C.2.1"
          RenderBR {BR} at (88,253) size 0x0
          RenderText {#text} at (0,256) size 8x16
            text run at (0,256) width 8: "D"
          RenderBR {BR} at (8,269) size 0x0
          RenderText {#text} at (0,272) size 0x16
            text run at (0,272) width 0: " "
