layer at (0,0) size 800x600
  RenderCanvas at (0,0) size 800x600
layer at (0,0) size 800x600
  RenderBlock {HTML} at (0,0) size 800x600
    RenderBody {BODY} at (8,8) size 784x578
      RenderBlock {DIV} at (0,0) size 784x0
        RenderInline {SPAN} at (0,0) size 0x0
          RenderText {TEXT} at (0,0) size 0x0
          RenderInline {SPAN} at (0,0) size 0x0
            RenderText {TEXT} at (0,0) size 0x0
          RenderText {TEXT} at (0,0) size 0x0
          RenderInline {SPAN} at (0,0) size 0x0
            RenderText {TEXT} at (0,0) size 0x0
          RenderText {TEXT} at (0,0) size 0x0
          RenderInline {SPAN} at (0,0) size 0x0
            RenderText {TEXT} at (0,0) size 0x0
          RenderText {TEXT} at (0,0) size 0x0
        RenderText {TEXT} at (0,0) size 0x0
        RenderInline {SPAN} at (0,0) size 0x0
          RenderText {TEXT} at (0,0) size 0x0
          RenderInline {SPAN} at (0,0) size 0x0
            RenderText {TEXT} at (0,0) size 0x0
            RenderInline {SPAN} at (0,0) size 0x0
              RenderText {TEXT} at (0,0) size 0x0
            RenderText {TEXT} at (0,0) size 0x0
            RenderInline {SPAN} at (0,0) size 0x0
              RenderText {TEXT} at (0,0) size 0x0
            RenderText {TEXT} at (0,0) size 0x0
          RenderText {TEXT} at (0,0) size 0x0
          RenderInline {SPAN} at (0,0) size 0x0
            RenderText {TEXT} at (0,0) size 0x0
            RenderInline {SPAN} at (0,0) size 0x0
              RenderText {TEXT} at (0,0) size 0x0
            RenderText {TEXT} at (0,0) size 0x0
          RenderText {TEXT} at (0,0) size 0x0
        RenderText {TEXT} at (0,0) size 0x0
        RenderInline {SPAN} at (0,0) size 0x0
          RenderText {TEXT} at (0,0) size 0x0
          RenderInline {SPAN} at (0,0) size 0x0
            RenderText {TEXT} at (0,0) size 0x0
            RenderInline {SPAN} at (0,0) size 0x0
              RenderText {TEXT} at (0,0) size 0x0
              RenderInline {SPAN} at (0,0) size 0x0
                RenderText {TEXT} at (0,0) size 0x0
              RenderText {TEXT} at (0,0) size 0x0
              RenderInline {SPAN} at (0,0) size 0x0
                RenderText {TEXT} at (0,0) size 0x0
              RenderText {TEXT} at (0,0) size 0x0
              RenderInline {SPAN} at (0,0) size 0x0
                RenderText {TEXT} at (0,0) size 0x0
              RenderText {TEXT} at (0,0) size 0x0
            RenderText {TEXT} at (0,0) size 0x0
            RenderInline {SPAN} at (0,0) size 0x0
              RenderText {TEXT} at (0,0) size 0x0
              RenderInline {SPAN} at (0,0) size 0x0
                RenderText {TEXT} at (0,0) size 0x0
              RenderText {TEXT} at (0,0) size 0x0
            RenderText {TEXT} at (0,0) size 0x0
          RenderText {TEXT} at (0,0) size 0x0
        RenderText {TEXT} at (0,0) size 0x0
        RenderInline {SPAN} at (0,0) size 0x0
        RenderText {TEXT} at (0,0) size 0x0
      RenderBlock {DIV} at (0,0) size 784x224
        RenderBlock {P} at (0,0) size 784x224
          RenderInline {B} at (0,0) size 104x16
            RenderText {TEXT} at (0,0) size 104x16
              text run at (0,0) width 104: "Tree Walker: "
          RenderBR {BR} at (0,0) size 0x0
          RenderText {TEXT} at (0,16) size 8x16
            text run at (0,16) width 8: "B"
          RenderBR {BR} at (0,0) size 0x0
          RenderText {TEXT} at (0,32) size 40x16
            text run at (0,32) width 40: "  B.2"
          RenderBR {BR} at (0,0) size 0x0
          RenderText {TEXT} at (0,48) size 72x16
            text run at (0,48) width 72: "    B.2.1"
          RenderBR {BR} at (0,0) size 0x0
          RenderText {TEXT} at (0,64) size 8x16
            text run at (0,64) width 8: "C"
          RenderBR {BR} at (0,0) size 0x0
          RenderText {TEXT} at (0,80) size 40x16
            text run at (0,80) width 40: "  C.1"
          RenderBR {BR} at (0,0) size 0x0
          RenderText {TEXT} at (0,96) size 72x16
            text run at (0,96) width 72: "    C.1.1"
          RenderBR {BR} at (0,0) size 0x0
          RenderText {TEXT} at (0,112) size 104x16
            text run at (0,112) width 104: "      C.1.1.1"
          RenderBR {BR} at (0,0) size 0x0
          RenderText {TEXT} at (0,128) size 104x16
            text run at (0,128) width 104: "      C.1.1.2"
          RenderBR {BR} at (0,0) size 0x0
          RenderText {TEXT} at (0,144) size 104x16
            text run at (0,144) width 104: "      C.1.1.3"
          RenderBR {BR} at (0,0) size 0x0
          RenderText {TEXT} at (0,160) size 72x16
            text run at (0,160) width 72: "    C.1.2"
          RenderBR {BR} at (0,0) size 0x0
          RenderText {TEXT} at (0,176) size 88x16
            text run at (0,176) width 88: "      C.2.1"
          RenderBR {BR} at (0,0) size 0x0
          RenderText {TEXT} at (0,192) size 8x16
            text run at (0,192) width 8: "D"
          RenderBR {BR} at (0,0) size 0x0
          RenderText {TEXT} at (0,0) size 0x0
