layer at (0,0) size 800x600
  RenderView at (0,0) size 800x600
layer at (0,0) size 800x54
  RenderBlock {HTML} at (0,0) size 800x54
    RenderBody {BODY} at (8,16) size 784x22
      RenderBlock {DL} at (0,0) size 784x22
        RenderBlock {DD} at (40,0) size 744x22
          RenderInline (run-in) {DT} at (0,0) size 43x22
            RenderText {#text} at (0,0) size 38x22
              text run at (0,0) width 38: "Term"
            RenderInline (generated) at (0,0) size 5x22
              RenderText at (38,0) size 5x22
                text run at (38,0) width 5: ":"
          RenderText {#text} at (43,0) size 67x22
            text run at (43,0) width 67: "Definition"
