layer at (0,0) size 800x600
  RenderView at (0,0) size 800x600
layer at (0,0) size 800x600
  RenderBlock {HTML} at (0,0) size 800x600
    RenderBody {BODY} at (8,8) size 784x576
      RenderBlock {UL} at (0,0) size 784x22
        RenderListItem {LI} at (40,0) size 744x22
          RenderListMarker at (-18,0) size 7x22: bullet
          RenderText {#text} at (0,0) size 8x22
            text run at (0,0) width 8: "x"
      RenderBlock {DIV} at (0,38) size 784x22
        RenderBlock {DIV} at (0,0) size 784x22
          RenderBlock {P} at (0,0) size 784x22
            RenderText {#text} at (0,0) size 8x22
              text run at (0,0) width 8: "x"
