layer at (0,0) size 800x600
  RenderView at (0,0) size 800x600
layer at (792,0) size 8x600
  RenderBlock {HTML} at (0,0) size 8x600
    RenderBody {BODY} at (8,8) size 0x584
      RenderBlock (floating) {DIV} at (8,8) size 154x366 [border: (3px solid #000000)]
        RenderText {#text} at (14,3) size 19x272
          text run at (14,3) width 272: "\x{305B}\x{3063}\x{304B}\x{304F}\x{898B}\x{3064}\x{3051}\x{305F}\x{3059}\x{3070}\x{3089}\x{3057}\x{3044}\x{8A18}\x{4E8B}"
        RenderInline {SPAN} at (0,0) size 49x345
          RenderText {#text} at (14,275) size 49x345
            text run at (14,275) width 73: "\x{304C}\x{3069}\x{3053}\x{306B}"
            text run at (44,3) width 164: "\x{3042}\x{3063}\x{305F}\x{304B}\x{5FD8}\x{308C}\x{3066}\x{3057}\x{307E}"
        RenderText {#text} at (44,167) size 46x328
          text run at (44,167) width 164: "\x{3063}\x{305F}\x{7D4C}\x{9A13}\x{306F}\x{3042}\x{308A}\x{307E}\x{3059}"
          text run at (71,3) width 19: "\x{304B}"
        RenderInline {SPAN} at (0,0) size 19x322
          RenderText {#text} at (71,22) size 19x322
            text run at (71,22) width 322: "\x{306A}\x{3089}\x{30BF}\x{30A4}\x{30C8}\x{30EB}\x{3068}\x{30A2}\x{30C9}\x{30EC}\x{30B9}\x{3060}\x{3051}\x{3067}\x{306A}\x{304F}\x{3001}"
        RenderText {#text} at (71,344) size 76x360
          text run at (71,344) width 19: "\x{8A2A}"
          text run at (101,3) width 345: "\x{554F}\x{3057}\x{305F}\x{30A6}\x{30A7}\x{30D6}\x{30DA}\x{30FC}\x{30B8}\x{306E}\x{30B3}\x{30F3}\x{30C6}\x{30F3}\x{30C4}\x{304B}\x{3089}\x{3082}\x{691C}"
          text run at (128,3) width 200: "\x{7D22}\x{3059}\x{308B}\x{3053}\x{3068}\x{304C}\x{3067}\x{304D}\x{307E}\x{3059}\x{3002}"
      RenderBlock (floating) {DIV} at (178,8) size 157x366 [border: (3px solid #000000)]
        RenderText {#text} at (14,3) size 19x55
          text run at (14,3) width 55: "\x{305B}\x{3063}\x{304B}"
        RenderInline {SPAN} at (0,0) size 19x114
          RenderText {#text} at (14,58) size 19x114
            text run at (14,58) width 114: "\x{304F}\x{898B}\x{3064}\x{3051}\x{305F}\x{3059}"
        RenderInline {SPAN} at (0,0) size 19x76
          RenderText {#text} at (14,172) size 19x76
            text run at (14,172) width 76: "\x{3070}\x{3089}\x{3057}\x{3044}"
        RenderInline {SPAN} at (0,0) size 19x76
          RenderText {#text} at (14,248) size 19x76
            text run at (14,248) width 76: "\x{8A18}\x{4E8B}\x{304C}\x{3069}"
        RenderInline {SPAN} at (0,0) size 49x358
          RenderText {#text} at (14,324) size 49x358
            text run at (14,324) width 37: "\x{3053}\x{306B}"
            text run at (44,3) width 37: "\x{3042}\x{3063}"
        RenderInline {SPAN} at (0,0) size 19x114
          RenderText {#text} at (44,40) size 19x114
            text run at (44,40) width 114: "\x{305F}\x{304B}\x{5FD8}\x{308C}\x{3066}\x{3057}"
        RenderInline {SPAN} at (0,0) size 19x94
          RenderText {#text} at (44,154) size 19x94
            text run at (44,154) width 94: "\x{307E}\x{3063}\x{305F}\x{7D4C}\x{9A13}"
        RenderInline {SPAN} at (0,0) size 49x336
          RenderText {#text} at (44,248) size 49x336
            text run at (44,248) width 91: "\x{306F}\x{3042}\x{308A}\x{307E}\x{3059}"
            text run at (74,3) width 19: "\x{304B}"
        RenderInline {SPAN} at (0,0) size 19x133
          RenderText {#text} at (74,22) size 19x133
            text run at (74,22) width 133: "\x{306A}\x{3089}\x{30BF}\x{30A4}\x{30C8}\x{30EB}\x{3068}"
        RenderInline {SPAN} at (0,0) size 19x152
          RenderText {#text} at (74,155) size 19x152
            text run at (74,155) width 152: "\x{30A2}\x{30C9}\x{30EC}\x{30B9}\x{3060}\x{3051}\x{3067}\x{306A}"
        RenderInline {SPAN} at (0,0) size 49x359
          RenderText {#text} at (74,307) size 49x359
            text run at (74,307) width 55: "\x{304F}\x{3001}\x{8A2A}"
            text run at (104,3) width 73: "\x{554F}\x{3057}\x{305F}\x{30A6}"
        RenderInline {SPAN} at (0,0) size 19x170
          RenderText {#text} at (104,76) size 19x170
            text run at (104,76) width 170: "\x{30A7}\x{30D6}\x{30DA}\x{30FC}\x{30B8}\x{306E}\x{30B3}\x{30F3}\x{30C6}"
        RenderText {#text} at (104,246) size 46x352
          text run at (104,246) width 109: "\x{30F3}\x{30C4}\x{304B}\x{3089}\x{3082}\x{691C}"
          text run at (131,3) width 200: "\x{7D22}\x{3059}\x{308B}\x{3053}\x{3068}\x{304C}\x{3067}\x{304D}\x{307E}\x{3059}\x{3002}"
      RenderBlock (floating) {DIV} at (351,8) size 153x366 [border: (3px solid #000000)]
        RenderText {#text} at (7,3) size 19x55
          text run at (7,3) width 55: "\x{305B}\x{3063}\x{304B}"
        RenderInline {SPAN} at (0,0) size 19x114
          RenderText {#text} at (7,58) size 19x114
            text run at (7,58) width 114: "\x{304F}\x{898B}\x{3064}\x{3051}\x{305F}\x{3059}"
        RenderInline {SPAN} at (0,0) size 19x76
          RenderText {#text} at (7,172) size 19x76
            text run at (7,172) width 76: "\x{3070}\x{3089}\x{3057}\x{3044}"
        RenderInline {SPAN} at (0,0) size 19x76
          RenderText {#text} at (7,248) size 19x76
            text run at (7,248) width 76: "\x{8A18}\x{4E8B}\x{304C}\x{3069}"
        RenderInline {SPAN} at (0,0) size 49x358
          RenderText {#text} at (7,324) size 49x358
            text run at (7,324) width 37: "\x{3053}\x{306B}"
            text run at (37,3) width 37: "\x{3042}\x{3063}"
        RenderInline {SPAN} at (0,0) size 19x114
          RenderText {#text} at (37,40) size 19x114
            text run at (37,40) width 114: "\x{305F}\x{304B}\x{5FD8}\x{308C}\x{3066}\x{3057}"
        RenderInline {SPAN} at (0,0) size 19x94
          RenderText {#text} at (37,154) size 19x94
            text run at (37,154) width 94: "\x{307E}\x{3063}\x{305F}\x{7D4C}\x{9A13}"
        RenderInline {SPAN} at (0,0) size 49x336
          RenderText {#text} at (37,248) size 49x336
            text run at (37,248) width 91: "\x{306F}\x{3042}\x{308A}\x{307E}\x{3059}"
            text run at (67,3) width 19: "\x{304B}"
        RenderInline {SPAN} at (0,0) size 19x133
          RenderText {#text} at (67,22) size 19x133
            text run at (67,22) width 133: "\x{306A}\x{3089}\x{30BF}\x{30A4}\x{30C8}\x{30EB}\x{3068}"
        RenderInline {SPAN} at (0,0) size 19x152
          RenderText {#text} at (67,155) size 19x152
            text run at (67,155) width 152: "\x{30A2}\x{30C9}\x{30EC}\x{30B9}\x{3060}\x{3051}\x{3067}\x{306A}"
        RenderInline {SPAN} at (0,0) size 49x359
          RenderText {#text} at (67,307) size 49x359
            text run at (67,307) width 55: "\x{304F}\x{3001}\x{8A2A}"
            text run at (97,3) width 73: "\x{554F}\x{3057}\x{305F}\x{30A6}"
        RenderInline {SPAN} at (0,0) size 19x170
          RenderText {#text} at (97,76) size 19x170
            text run at (97,76) width 170: "\x{30A7}\x{30D6}\x{30DA}\x{30FC}\x{30B8}\x{306E}\x{30B3}\x{30F3}\x{30C6}"
        RenderText {#text} at (97,246) size 49x352
          text run at (97,246) width 109: "\x{30F3}\x{30C4}\x{304B}\x{3089}\x{3082}\x{691C}"
          text run at (127,3) width 200: "\x{7D22}\x{3059}\x{308B}\x{3053}\x{3068}\x{304C}\x{3067}\x{304D}\x{307E}\x{3059}\x{3002}"
      RenderBlock (floating) {DIV} at (520,8) size 189x366 [border: (3px solid #000000)]
        RenderText {#text} at (14,3) size 19x272
          text run at (14,3) width 272: "\x{305B}\x{3063}\x{304B}\x{304F}\x{898B}\x{3064}\x{3051}\x{305F}\x{3059}\x{3070}\x{3089}\x{3057}\x{3044}\x{8A18}\x{4E8B}"
        RenderInline {SPAN} at (0,0) size 55x345
          RenderText {#text} at (14,275) size 55x345
            text run at (14,275) width 73: "\x{304C}\x{3069}\x{3053}\x{306B}"
            text run at (50,3) width 164: "\x{3042}\x{3063}\x{305F}\x{304B}\x{5FD8}\x{308C}\x{3066}\x{3057}\x{307E}"
        RenderText {#text} at (50,167) size 55x328
          text run at (50,167) width 164: "\x{3063}\x{305F}\x{7D4C}\x{9A13}\x{306F}\x{3042}\x{308A}\x{307E}\x{3059}"
          text run at (86,3) width 19: "\x{304B}"
        RenderInline {SPAN} at (0,0) size 19x322
          RenderText {#text} at (86,22) size 19x322
            text run at (86,22) width 322: "\x{306A}\x{3089}\x{30BF}\x{30A4}\x{30C8}\x{30EB}\x{3068}\x{30A2}\x{30C9}\x{30EC}\x{30B9}\x{3060}\x{3051}\x{3067}\x{306A}\x{304F}\x{3001}"
        RenderText {#text} at (86,344) size 91x360
          text run at (86,344) width 19: "\x{8A2A}"
          text run at (122,3) width 345: "\x{554F}\x{3057}\x{305F}\x{30A6}\x{30A7}\x{30D6}\x{30DA}\x{30FC}\x{30B8}\x{306E}\x{30B3}\x{30F3}\x{30C6}\x{30F3}\x{30C4}\x{304B}\x{3089}\x{3082}\x{691C}"
          text run at (158,3) width 200: "\x{7D22}\x{3059}\x{308B}\x{3053}\x{3068}\x{304C}\x{3067}\x{304D}\x{307E}\x{3059}\x{3002}"
