layer at (0,0) size 800x600
  RenderView at (0,0) size 800x600
layer at (0,0) size 800x600
  RenderBlock {HTML} at (0,0) size 800x600
    RenderBody {BODY} at (8,8) size 784x584 [bgcolor=#CCCCCC]
      RenderBlock {P} at (0,0) size 784x16 [color=#008000]
        RenderText {#text} at (0,0) size 352x16
          text run at (0,0) width 352: "The style declarations which apply to the text below are:"
      RenderBlock {PRE} at (0,30) size 784x64
        RenderText {#text} at (0,0) size 116x64
          text run at (0,0) width 116: "P {color: green ! important;}"
          text run at (116,0) width 0: " "
          text run at (0,16) width 60: "P {color: red;}"
          text run at (60,16) width 0: " "
          text run at (0,32) width 88: "P#id1 {color: purple;}"
          text run at (88,32) width 0: " "
          text run at (0,48) width 0: " "
      RenderBlock {HR} at (0,108) size 784x2 [border: (1px inset #000000)]
      RenderBlock {P} at (0,124) size 784x32 [color=#008000]
        RenderText {#text} at (0,0) size 772x32
          text run at (0,0) width 772: "This sentence should be green, because the declaration marked important should override any other normal declaration for"
          text run at (0,16) width 359: "the same element, even if it occurs later in the stylesheet."
      RenderBlock {P} at (0,170) size 784x32 [color=#008000]
        RenderText {#text} at (0,0) size 405x16
          text run at (0,0) width 405: "This sentence should also be green, even though it has an ID of "
        RenderInline {TT} at (0,0) size 12x16
          RenderText {#text} at (405,0) size 12x16
            text run at (405,0) width 12: "id1"
        RenderText {#text} at (417,0) size 758x32
          text run at (417,0) width 244: ", which would ordinarily make it purple. "
          text run at (661,0) width 97: "This is because"
          text run at (0,16) width 637: "declarations marked important have more weight than normal declarations given in a STYLE attribute."
      RenderBlock {P} at (0,216) size 784x32 [color=#008000]
        RenderText {#text} at (0,0) size 779x32
          text run at (0,0) width 601: "This sentence should also be green, even though it has a STYLE attribute declaring it to be red. "
          text run at (601,0) width 178: "This is because declarations"
          text run at (0,16) width 556: "marked important have more weight than normal declarations given in a STYLE attribute."
      RenderTable {TABLE} at (0,262) size 784x158 [border: (1px outset #808080)]
        RenderTableSection {TBODY} at (1,1) size 782x156
          RenderTableRow {TR} at (0,0) size 782x24
            RenderTableCell {TD} at (0,0) size 782x24 [bgcolor=#C0C0C0] [border: (1px inset #808080)] [r=0 c=0 rs=1 cs=2]
              RenderInline {STRONG} at (0,0) size 157x16
                RenderText {#text} at (4,4) size 157x16
                  text run at (4,4) width 157: "TABLE Testing Section"
          RenderTableRow {TR} at (0,24) size 782x132
            RenderTableCell {TD} at (0,78) size 12x24 [bgcolor=#C0C0C0] [border: (1px inset #808080)] [r=1 c=0 rs=1 cs=1]
              RenderText {#text} at (4,4) size 4x16
                text run at (4,4) width 4: " "
            RenderTableCell {TD} at (12,24) size 770x132 [border: (1px inset #808080)] [r=1 c=1 rs=1 cs=1]
              RenderBlock {P} at (4,4) size 762x32 [color=#008000]
                RenderText {#text} at (0,0) size 751x32
                  text run at (0,0) width 751: "This sentence should be green, because the declaration marked important should override any other normal declaration"
                  text run at (0,16) width 380: "for the same element, even if it occurs later in the stylesheet."
              RenderBlock {P} at (4,50) size 762x32 [color=#008000]
                RenderText {#text} at (0,0) size 405x16
                  text run at (0,0) width 405: "This sentence should also be green, even though it has an ID of "
                RenderInline {TT} at (0,0) size 12x16
                  RenderText {#text} at (405,0) size 12x16
                    text run at (405,0) width 12: "id1"
                RenderText {#text} at (417,0) size 758x32
                  text run at (417,0) width 244: ", which would ordinarily make it purple. "
                  text run at (661,0) width 97: "This is because"
                  text run at (0,16) width 637: "declarations marked important have more weight than normal declarations given in a STYLE attribute."
              RenderBlock {P} at (4,96) size 762x32 [color=#008000]
                RenderText {#text} at (0,0) size 698x32
                  text run at (0,0) width 601: "This sentence should also be green, even though it has a STYLE attribute declaring it to be red. "
                  text run at (601,0) width 97: "This is because"
                  text run at (0,16) width 637: "declarations marked important have more weight than normal declarations given in a STYLE attribute."
