layer at (0,0) size 800x600
  RenderView at (0,0) size 800x600
layer at (0,0) size 800x106
  RenderBlock {HTML} at (0,0) size 800x106
    RenderBody {BODY} at (8,16) size 784x82
      RenderBlock {P} at (0,0) size 784x22
        RenderText {#text} at (0,0) size 306x22
          text run at (0,0) width 306: "The following two lines should look the same:"
      RenderBlock {DIV} at (0,38) size 784x22
        RenderInline {SPAN} at (0,0) size 6x22
          RenderInline (generated) at (0,0) size 6x22
            RenderCounter at (0,0) size 6x22
              text run at (0,0) width 6: "\x{2022}"
      RenderBlock {DIV} at (0,60) size 784x22
        RenderText {#text} at (0,0) size 6x22
          text run at (0,0) width 6: "\x{2022}"
