layer at (0,0) size 800x600
  RenderCanvas at (0,0) size 800x600
layer at (0,0) size 800x118
  RenderBlock {HTML} at (0,0) size 800x118
    RenderBody {BODY} at (8,16) size 784x94
      RenderBlock {P} at (0,0) size 784x18
        RenderText {TEXT} at (0,0) size 324x18
          text run at (0,0) width 324: "There should be a solid vertical bar of green below."
      RenderBlock {DIV} at (0,34) size 784x60
        RenderBlock {DIV} at (0,0) size 784x15
          RenderText {TEXT} at (0,0) size 105x15
            text run at (0,0) width 105: "\x{C2} \x{C2} \x{C2} X"
        RenderBlock {DIV} at (45,15) size 739x15
          RenderText {TEXT} at (0,0) size 15x15
            text run at (0,0) width 15: "X"
        RenderBlock {DIV} at (56,30) size 728x15
          RenderText {TEXT} at (0,0) size 15x15
            text run at (0,0) width 15: "X"
        RenderBlock {DIV} at (45,45) size 739x15
          RenderText {TEXT} at (0,0) size 15x15
            text run at (0,0) width 15: "X"
