layer at (0,0) size 800x600
  RenderCanvas at (0,0) size 800x600
layer at (0,0) size 800x50
  RenderBlock {HTML} at (0,0) size 800x50
    RenderBody {BODY} at (8,16) size 784x18
      RenderBlock {P} at (0,0) size 784x18
        RenderInline {A} at (0,0) size 313x18 [color=#008000]
          RenderText {TEXT} at (0,0) size 313x18
            text run at (0,0) width 313: "Whatever you do to this link, it should stay green."
        RenderText {TEXT} at (313,0) size 197x18
          text run at (313,0) width 197: " (hover, focus, activate, follow)"
