layer at (0,0) size 800x600
  RenderCanvas at (0,0) size 800x600
layer at (0,0) size 800x290
  RenderBlock {HTML} at (0,0) size 800x290
    RenderBody {BODY} at (8,16) size 784x258 [color=#0000FF]
      RenderBlock {P} at (0,0) size 784x36
        RenderText {TEXT} at (0,0) size 491x18
          text run at (0,0) width 491: "There should be a solid blue line directly under every occurance of the word \""
        RenderInline {SPAN} at (0,0) size 74x20 [border: (2px solid #0000FF) none]
          RenderText {TEXT} at (491,0) size 74x18
            text run at (491,0) width 74: "HERE \x{E2}\x{2021}\x{A9}"
        RenderText {TEXT} at (565,0) size 778x36
          text run at (565,0) width 213: "\". (So there should be 8 blue lines"
          text run at (0,18) width 85: "on this page.)"
      RenderTable {TABLE} at (0,52) size 164x76
        RenderTableSection {TBODY} at (0,0) size 0x76
          RenderTableRow {TR} at (0,0) size 0x0
            RenderTableCell {TD} at (2,2) size 160x22 [border: none (2px solid #0000FF) none] [r=0 c=0 rs=1 cs=2]
              RenderText {TEXT} at (43,1) size 74x18
                text run at (43,1) width 74: "HERE \x{E2}\x{2021}\x{A9}"
          RenderTableRow {TR} at (0,0) size 0x0
            RenderTableCell {TD} at (2,39) size 76x22 [border: none (2px solid #0000FF) none] [r=1 c=0 rs=1 cs=1]
              RenderText {TEXT} at (1,1) size 74x18
                text run at (1,1) width 74: "HERE \x{E2}\x{2021}\x{A9}"
            RenderTableCell {TD} at (80,26) size 82x48 [border: none (2px solid #0000FF) none] [r=1 c=1 rs=1 cs=1]
              RenderTable {TABLE} at (1,1) size 80x26
                RenderTableSection {TBODY} at (0,0) size 0x26
                  RenderTableRow {TR} at (0,0) size 0x0
                    RenderTableCell {TD} at (2,2) size 76x22 [border: none (2px solid #0000FF) none] [r=0 c=0 rs=1 cs=1]
                      RenderText {TEXT} at (1,1) size 74x18
                        text run at (1,1) width 74: "HERE \x{E2}\x{2021}\x{A9}"
              RenderBlock (anonymous) at (1,27) size 80x18
                RenderText {TEXT} at (3,0) size 74x18
                  text run at (3,0) width 74: "HERE \x{E2}\x{2021}\x{A9}"
      RenderBlock {UL} at (0,144) size 784x114
        RenderListItem {LI} at (40,0) size 744x74 [border: (2px solid #0000FF) none]
          RenderBlock {UL} at (0,0) size 744x54
            RenderListItem {LI} at (40,0) size 704x18
              RenderListMarker at (0,0) size 0x14
              RenderListMarker at (0,0) size 0x14
              RenderText {TEXT} at (0,0) size 75x18
                text run at (0,0) width 75: "dummy text"
            RenderListItem {LI} at (40,18) size 704x18
              RenderListMarker at (0,0) size 0x14
              RenderText {TEXT} at (0,0) size 75x18
                text run at (0,0) width 75: "dummy text"
            RenderListItem {LI} at (40,36) size 704x18
              RenderListMarker at (0,0) size 0x14
              RenderText {TEXT} at (0,0) size 75x18
                text run at (0,0) width 75: "dummy text"
          RenderBlock (anonymous) at (0,54) size 744x18
            RenderText {TEXT} at (0,0) size 74x18
              text run at (0,0) width 74: "HERE \x{E2}\x{2021}\x{A9}"
        RenderListItem {LI} at (40,74) size 744x20 [border: (2px solid #0000FF) none]
          RenderListMarker at (0,0) size 0x14
          RenderText {TEXT} at (0,0) size 74x18
            text run at (0,0) width 74: "HERE \x{E2}\x{2021}\x{A9}"
        RenderListItem {LI} at (40,94) size 744x20 [border: (2px solid #0000FF) none]
          RenderListMarker at (0,0) size 0x14
          RenderText {TEXT} at (0,0) size 74x18
            text run at (0,0) width 74: "HERE \x{E2}\x{2021}\x{A9}"
