layer at (0,0) size 800x600
  RenderCanvas at (0,0) size 800x600
layer at (0,0) size 800x228
  RenderBlock {HTML} at (0,0) size 800x228
    RenderBody {BODY} at (8,16) size 784x202
      RenderBlock {P} at (0,0) size 784x18 [color=#000080]
        RenderText {TEXT} at (0,0) size 649x18
          text run at (0,0) width 388: "Below you should see four blocks side by side followed by a "
          text run at (388,0) width 261: "matching cross section of the four blocks."
      RenderBlock (floating) {DIV} at (0,44) size 140x130 [bgcolor=#FFFF00] [border: (20px solid #000000)]
        RenderBlock {P} at (40,56) size 60x18
          RenderText {TEXT} at (6,0) size 47x18
            text run at (6,0) width 47: "Yellow"
      RenderBlock (floating) {DIV} at (160,44) size 140x130 [color=#FFFFFF] [bgcolor=#0000FF] [border: (20px solid #000000)]
        RenderBlock {P} at (40,56) size 60x18
          RenderText {TEXT} at (15,0) size 30x18
            text run at (15,0) width 30: "Blue"
      RenderBlock (floating) {DIV} at (320,44) size 140x130 [bgcolor=#FF0000] [border: (20px solid #000000)]
        RenderBlock {P} at (40,56) size 60x18
          RenderText {TEXT} at (17,0) size 26x18
            text run at (17,0) width 26: "Red"
      RenderBlock (floating) {DIV} at (480,44) size 140x130 [color=#FFFFFF] [bgcolor=#008000] [border: (20px solid #000000)]
        RenderBlock {P} at (40,56) size 60x18
          RenderText {TEXT} at (10,0) size 39x18
            text run at (10,0) width 39: "Green"
      RenderBlock {DIV} at (0,184) size 784x18
        RenderTable {TABLE} at (0,0) size 240x18
          RenderTableSection {TBODY} at (0,0) size 0x18
            RenderTableRow {TR} at (0,0) size 0x0
              RenderTableCell {TD} at (0,0) size 16x18 [bgcolor=#000000] [r=0 c=0 rs=1 cs=1]
                RenderText {TEXT} at (0,0) size 16x18
                  text run at (0,0) width 16: "\x{C2} "
              RenderTableCell {TD} at (16,0) size 16x18 [bgcolor=#FFFF00] [r=0 c=1 rs=1 cs=1]
                RenderText {TEXT} at (0,0) size 16x18
                  text run at (0,0) width 16: "\x{C2} "
              RenderTableCell {TD} at (32,0) size 16x18 [bgcolor=#000000] [r=0 c=2 rs=1 cs=1]
                RenderText {TEXT} at (0,0) size 16x18
                  text run at (0,0) width 16: "\x{C2} "
              RenderTableCell {TD} at (48,0) size 16x18 [bgcolor=#FFFFFF] [r=0 c=3 rs=1 cs=1]
                RenderText {TEXT} at (0,0) size 16x18
                  text run at (0,0) width 16: "\x{C2} "
              RenderTableCell {TD} at (64,0) size 16x18 [bgcolor=#000000] [r=0 c=4 rs=1 cs=1]
                RenderText {TEXT} at (0,0) size 16x18
                  text run at (0,0) width 16: "\x{C2} "
              RenderTableCell {TD} at (80,0) size 16x18 [bgcolor=#0000FF] [r=0 c=5 rs=1 cs=1]
                RenderText {TEXT} at (0,0) size 16x18
                  text run at (0,0) width 16: "\x{C2} "
              RenderTableCell {TD} at (96,0) size 16x18 [bgcolor=#000000] [r=0 c=6 rs=1 cs=1]
                RenderText {TEXT} at (0,0) size 16x18
                  text run at (0,0) width 16: "\x{C2} "
              RenderTableCell {TD} at (112,0) size 16x18 [bgcolor=#FFFFFF] [r=0 c=7 rs=1 cs=1]
                RenderText {TEXT} at (0,0) size 16x18
                  text run at (0,0) width 16: "\x{C2} "
              RenderTableCell {TD} at (128,0) size 16x18 [bgcolor=#000000] [r=0 c=8 rs=1 cs=1]
                RenderText {TEXT} at (0,0) size 16x18
                  text run at (0,0) width 16: "\x{C2} "
              RenderTableCell {TD} at (144,0) size 16x18 [bgcolor=#FF0000] [r=0 c=9 rs=1 cs=1]
                RenderText {TEXT} at (0,0) size 16x18
                  text run at (0,0) width 16: "\x{C2} "
              RenderTableCell {TD} at (160,0) size 16x18 [bgcolor=#000000] [r=0 c=10 rs=1 cs=1]
                RenderText {TEXT} at (0,0) size 16x18
                  text run at (0,0) width 16: "\x{C2} "
              RenderTableCell {TD} at (176,0) size 16x18 [bgcolor=#FFFFFF] [r=0 c=11 rs=1 cs=1]
                RenderText {TEXT} at (0,0) size 16x18
                  text run at (0,0) width 16: "\x{C2} "
              RenderTableCell {TD} at (192,0) size 16x18 [bgcolor=#000000] [r=0 c=12 rs=1 cs=1]
                RenderText {TEXT} at (0,0) size 16x18
                  text run at (0,0) width 16: "\x{C2} "
              RenderTableCell {TD} at (208,0) size 16x18 [bgcolor=#008000] [r=0 c=13 rs=1 cs=1]
                RenderText {TEXT} at (0,0) size 16x18
                  text run at (0,0) width 16: "\x{C2} "
              RenderTableCell {TD} at (224,0) size 16x18 [bgcolor=#000000] [r=0 c=14 rs=1 cs=1]
                RenderText {TEXT} at (0,0) size 16x18
                  text run at (0,0) width 16: "\x{C2} "
