layer at (0,0) size 800x600
  RenderCanvas at (0,0) size 800x600
layer at (0,0) size 800x270
  RenderBlock {HTML} at (0,0) size 800x270
    RenderBody {BODY} at (8,16) size 784x244
      RenderBlock {P} at (0,0) size 784x18 [color=#000080]
        RenderText {TEXT} at (0,0) size 774x18
          text run at (0,0) width 774: "There should be a complete unbroken drawing of a yin-yang (\x{E2}\x{2DC}\x{AF}) symbol below, slightly on the left (\x{E2}\x{2021}\x{A6}) inside a blue box."
      RenderBlock {DIV} at (10,34) size 260x210 [border: (5px solid #0000FF)]
        RenderBlock (floating) {P} at (5,5) size 100x100 [color=#000080]
          RenderImage {IMG} at (0,0) size 100x100
          RenderText {TEXT} at (0,0) size 0x0
        RenderBlock (floating) {P} at (105,5) size 100x100 [color=#000080]
          RenderImage {IMG} at (0,0) size 100x100
          RenderText {TEXT} at (0,0) size 0x0
        RenderBlock (floating) {P} at (5,105) size 100x100 [color=#000080]
          RenderImage {IMG} at (0,0) size 100x100
          RenderText {TEXT} at (0,0) size 0x0
        RenderImage {IMG} at (105,105) size 100x100
        RenderText {TEXT} at (0,0) size 0x0
