layer at (0,0) size 800x600
  RenderCanvas at (0,0) size 800x600
layer at (0,0) size 800x68
  RenderBlock {HTML} at (0,0) size 800x68
    RenderBody {BODY} at (8,16) size 784x36
      RenderBlock {P} at (0,0) size 784x36 [color=#000080]
        RenderText {TEXT} at (0,0) size 779x36
          text run at (0,0) width 423: "The blue boxes below should be in numeric order and form a \"D\". "
          text run at (423,0) width 356: "(Boxes labelled \"A\" should be in the first column; boxes"
          text run at (0,18) width 53: "labelled "
          text run at (53,18) width 355: "\"B\" should be in the second; arrows indicate the correct "
          text run at (408,18) width 71: "alignment.)"
      RenderBlock {DIV} at (16,52) size 320x0
        RenderBlock (floating) {P} at (4,4) size 126x32 [color=#FFFFFF] [bgcolor=#000080] [border: (3px solid #0000FF)]
          RenderText {TEXT} at (7,7) size 46x18
            text run at (7,7) width 46: "\x{E2}\x{2021}\x{A6} A 1"
        RenderBlock (floating) {P} at (138,4) size 126x32 [color=#FFFFFF] [bgcolor=#000080] [border: (3px solid #0000FF)]
          RenderText {TEXT} at (7,7) size 45x18
            text run at (7,7) width 45: "\x{E2}\x{2021}\x{A6} B 2"
        RenderBlock (floating) {P} at (4,44) size 126x32 [color=#FFFFFF] [bgcolor=#000080] [border: (3px solid #0000FF)]
          RenderText {TEXT} at (7,7) size 46x18
            text run at (7,7) width 46: "\x{E2}\x{2021}\x{A6} A 3"
        RenderBlock (floating) {P} at (190,44) size 126x32 [color=#FFFFFF] [bgcolor=#000080] [border: (3px solid #0000FF)]
          RenderText {TEXT} at (72,7) size 47x18
            text run at (72,7) width 47: "B 4 \x{E2}\x{2021}\x{A8}"
        RenderBlock (floating) {P} at (4,84) size 126x32 [color=#FFFFFF] [bgcolor=#000080] [border: (3px solid #0000FF)]
          RenderText {TEXT} at (7,7) size 46x18
            text run at (7,7) width 46: "\x{E2}\x{2021}\x{A6} A 5"
        RenderBlock (floating) {P} at (190,84) size 126x32 [color=#FFFFFF] [bgcolor=#000080] [border: (3px solid #0000FF)]
          RenderText {TEXT} at (72,7) size 47x18
            text run at (72,7) width 47: "B 6 \x{E2}\x{2021}\x{A8}"
        RenderBlock (floating) {P} at (190,124) size 126x32 [color=#FFFFFF] [bgcolor=#000080] [border: (3px solid #0000FF)]
          RenderText {TEXT} at (72,7) size 47x18
            text run at (72,7) width 47: "B 8 \x{E2}\x{2021}\x{A8}"
        RenderBlock (floating) {P} at (4,124) size 126x32 [color=#FFFFFF] [bgcolor=#000080] [border: (3px solid #0000FF)]
          RenderText {TEXT} at (7,7) size 46x18
            text run at (7,7) width 46: "\x{E2}\x{2021}\x{A6} A 7"
        RenderBlock (floating) {P} at (4,164) size 126x32 [color=#FFFFFF] [bgcolor=#000080] [border: (3px solid #0000FF)]
          RenderText {TEXT} at (7,7) size 46x18
            text run at (7,7) width 46: "\x{E2}\x{2021}\x{A6} A 9"
        RenderBlock (floating) {P} at (138,164) size 126x32 [color=#FFFFFF] [bgcolor=#000080] [border: (3px solid #0000FF)]
          RenderText {TEXT} at (7,7) size 53x18
            text run at (7,7) width 53: "\x{E2}\x{2021}\x{A6} B 10"
