layer at (0,0) size 800x600
  RenderCanvas at (0,0) size 800x600
layer at (0,0) size 800x152
  RenderBlock {HTML} at (0,0) size 800x152
    RenderBody {BODY} at (8,16) size 784x126
      RenderBlock {P} at (0,0) size 784x18 [color=#000080]
        RenderText {TEXT} at (0,0) size 681x18
          text run at (0,0) width 681: "There should be five numbers, in numerical order, below: on the first line 1, 2 and 3, on the second, 4 and 5."
      RenderBlock {DIV} at (10,34) size 262x92 [color=#000080] [border: (3px solid #0000FF)]
        RenderBlock (floating) {P} at (19,19) size 80x18
          RenderText {TEXT} at (0,0) size 8x18
            text run at (0,0) width 8: "1"
        RenderBlock (floating) {P} at (99,19) size 80x18
          RenderText {TEXT} at (0,0) size 8x18
            text run at (0,0) width 8: "2"
        RenderBlock (floating) {P} at (19,37) size 80x18
          RenderText {TEXT} at (0,0) size 8x18
            text run at (0,0) width 8: "4"
        RenderText {TEXT} at (179,19) size 328x54
          text run at (179,19) width 8: "3"
          text run at (19,55) width 328: "5\x{C2} \x{C2} \x{C2} \x{C2} \x{C2} \x{C2} \x{C2} \x{C2} \x{C2} \x{C2} \x{C2} \x{C2} \x{C2} \x{C2} \x{C2} \x{C2} \x{C2} \x{C2} \x{C2} \x{C2} "
