layer at (0,0) size 800x600
  RenderCanvas at (0,0) size 800x600
layer at (0,0) size 800x286
  RenderBlock {HTML} at (0,0) size 800x286
    RenderBody {BODY} at (8,8) size 784x270
      RenderBlock {P} at (0,0) size 784x18
        RenderText {TEXT} at (0,0) size 504x18
          text run at (0,0) width 504: "There should be a big pattern of green and lime dots below, with no red present."
      RenderBlock {DIV} at (6,24) size 66x246 [color=#00FF00] [bgcolor=#FF0000] [border: (3px solid #000000)]
        RenderBlock {P} at (15,9) size 48x48
          RenderText {TEXT} at (0,6) size 36x48
            text run at (0,6) width 36: "X X"
            text run at (0,30) width 36: "X X"
        RenderBlock {P} at (15,57) size 48x48
          RenderText {TEXT} at (0,6) size 36x48
            text run at (0,6) width 36: "X X"
            text run at (0,30) width 36: "X X"
        RenderBlock {P} at (15,105) size 48x48
          RenderText {TEXT} at (0,6) size 36x48
            text run at (0,6) width 36: "X X"
            text run at (0,30) width 36: "X X"
        RenderBlock {P} at (15,153) size 48x24
          RenderText {TEXT} at (0,0) size 36x24
            text run at (0,0) width 36: "X X"
            text run at (0,12) width 36: "X X"
        RenderBlock {P} at (15,177) size 48x60
          RenderText {TEXT} at (0,9) size 36x60
            text run at (0,9) width 36: "X X"
            text run at (0,39) width 36: "X X"
