layer at (0,0) size 800x600
  RenderCanvas at (0,0) size 800x600
layer at (0,0) size 800x317
  RenderBlock {HTML} at (0,0) size 800x317
    RenderBody {BODY} at (8,16) size 784x286
      RenderBlock {P} at (0,0) size 784x36
        RenderText {TEXT} at (0,0) size 750x36
          text run at (0,0) width 387: "Change your window size. However the lines wrap, the blue "
          text run at (387,0) width 363: "rectanglues should always have their middles on the same"
          text run at (0,18) width 83: "alignment as "
          text run at (83,18) width 204: "other blue rectangles on the line."
      RenderBlock {P} at (15,52) size 754x234 [color=#0000FF] [bgcolor=#FFFFFF] [border: (1px solid #C0C0C0)]
        RenderText {TEXT} at (8,35) size 105x15
          text run at (8,35) width 105: "\x{C3}\x{2030}\x{C3}\x{2030}\x{C3}\x{2030} "
        RenderImage {IMG} at (113,25) size 30x30
        RenderText {TEXT} at (143,35) size 15x15
          text run at (143,35) width 15: " "
        RenderInline {SPAN} at (0,0) size 114x38 [color=#C0C0C0]
          RenderText {TEXT} at (158,17) size 114x38
            text run at (158,17) width 114: "xxx"
        RenderText {TEXT} at (272,35) size 15x15
          text run at (272,35) width 15: " "
        RenderImage {IMG} at (287,15) size 50x50
        RenderText {TEXT} at (337,35) size 120x15
          text run at (337,35) width 15: " "
          text run at (352,35) width 105: "\x{C3}\x{2030}\x{C3}\x{2030}\x{C3}\x{2030} "
        RenderImage {IMG} at (457,35) size 10x10
        RenderText {TEXT} at (467,35) size 15x15
          text run at (467,35) width 15: " "
        RenderInline {SMALL} at (0,0) size 30x10 [color=#C0C0C0]
          RenderText {TEXT} at (482,39) size 30x10
            text run at (482,39) width 30: "xxx"
        RenderText {TEXT} at (512,35) size 15x15
          text run at (512,35) width 15: " "
        RenderImage {IMG} at (527,30) size 20x20
        RenderText {TEXT} at (547,35) size 120x15
          text run at (547,35) width 15: " "
          text run at (562,35) width 105: "\x{C3}\x{2030}\x{C3}\x{2030}\x{C3}\x{2030} "
        RenderImage {IMG} at (667,8) size 65x65
        RenderText {TEXT} at (8,106) size 105x15
          text run at (8,106) width 105: "\x{C3}\x{2030}\x{C3}\x{2030}\x{C3}\x{2030} "
        RenderImage {IMG} at (113,94) size 35x35
        RenderText {TEXT} at (148,106) size 15x15
          text run at (148,106) width 15: " "
        RenderInline {SPAN} at (0,0) size 90x30 [color=#C0C0C0]
          RenderText {TEXT} at (163,94) size 90x30
            text run at (163,94) width 90: "xxx"
        RenderText {TEXT} at (253,106) size 15x15
          text run at (253,106) width 15: " "
        RenderImage {IMG} at (268,86) size 50x50
        RenderText {TEXT} at (318,106) size 15x15
          text run at (318,106) width 15: " "
        RenderInline {SPAN} at (0,0) size 352x23 [color=#C0C0C0]
          RenderText {TEXT} at (333,100) size 92x23
            text run at (333,100) width 92: "xxx "
          RenderInline {SPAN} at (0,0) size 168x56
            RenderText {TEXT} at (425,73) size 168x56
              text run at (425,73) width 168: "xxx"
          RenderText {TEXT} at (593,100) size 92x23
            text run at (593,100) width 92: " xxx"
        RenderText {TEXT} at (0,0) size 0x0
        RenderImage {IMG} at (8,156) size 50x50
        RenderText {TEXT} at (58,176) size 15x15
          text run at (58,176) width 15: " "
        RenderInline {SMALL} at (0,0) size 30x10 [color=#C0C0C0]
          RenderText {TEXT} at (73,180) size 30x10
            text run at (73,180) width 30: "xxx"
        RenderText {TEXT} at (103,176) size 15x15
          text run at (103,176) width 15: " "
        RenderImage {IMG} at (118,174) size 15x15
        RenderText {TEXT} at (133,176) size 15x15
          text run at (133,176) width 15: " "
        RenderInline {BIG} at (0,0) size 60x20 [color=#C0C0C0]
          RenderText {TEXT} at (148,172) size 60x20
            text run at (148,172) width 60: "xxx"
        RenderText {TEXT} at (208,176) size 15x15
          text run at (208,176) width 15: " "
        RenderImage {IMG} at (223,136) size 90x90
        RenderText {TEXT} at (313,176) size 105x15
          text run at (313,176) width 15: " "
          text run at (328,176) width 90: "\x{C3}\x{2030}\x{C3}\x{2030}\x{C3}\x{2030}"
