layer at (0,0) size 800x600
  RenderCanvas at (0,0) size 800x600
layer at (0,0) size 800x254
  RenderBlock {HTML} at (0,0) size 800x254
    RenderBody {BODY} at (8,16) size 784x223
      RenderBlock {P} at (0,0) size 784x36
        RenderText {TEXT} at (0,0) size 727x36
          text run at (0,0) width 387: "Change your window size. However the lines wrap, the blue "
          text run at (387,0) width 340: "rectanglues should always have their tops on the same"
          text run at (0,18) width 83: "alignment as "
          text run at (83,18) width 204: "other blue rectangles on the line."
      RenderBlock {P} at (15,52) size 754x171 [color=#0000FF] [bgcolor=#FFFFFF] [border: (1px solid #C0C0C0)]
        RenderInline {SPAN} at (0,0) size 45x15
          RenderText {TEXT} at (8,8) size 45x15
            text run at (8,8) width 45: "xxx"
        RenderText {TEXT} at (53,8) size 15x15
          text run at (53,8) width 15: " "
        RenderImage {IMG} at (68,8) size 10x10
        RenderText {TEXT} at (78,8) size 15x15
          text run at (78,8) width 15: " "
        RenderInline {SPAN} at (0,0) size 114x38
          RenderText {TEXT} at (93,8) size 114x38
            text run at (93,8) width 114: "xxx"
        RenderText {TEXT} at (207,8) size 15x15
          text run at (207,8) width 15: " "
        RenderImage {IMG} at (222,8) size 10x10
        RenderText {TEXT} at (232,8) size 15x15
          text run at (232,8) width 15: " "
        RenderInline {SPAN} at (0,0) size 45x15
          RenderText {TEXT} at (247,8) size 45x15
            text run at (247,8) width 45: "xxx"
        RenderText {TEXT} at (292,8) size 15x15
          text run at (292,8) width 15: " "
        RenderImage {IMG} at (307,8) size 10x10
        RenderText {TEXT} at (317,8) size 15x15
          text run at (317,8) width 15: " "
        RenderInline {SPAN} at (0,0) size 45x15
          RenderText {TEXT} at (332,8) size 45x15
            text run at (332,8) width 45: "xxx"
        RenderText {TEXT} at (377,8) size 15x15
          text run at (377,8) width 15: " "
        RenderImage {IMG} at (392,8) size 10x10
        RenderText {TEXT} at (402,8) size 15x15
          text run at (402,8) width 15: " "
        RenderInline {BIG} at (0,0) size 60x20
          RenderText {TEXT} at (417,8) size 60x20
            text run at (417,8) width 60: "xxx"
        RenderText {TEXT} at (477,8) size 15x15
          text run at (477,8) width 15: " "
        RenderImage {IMG} at (492,8) size 20x20
        RenderText {TEXT} at (512,8) size 15x15
          text run at (512,8) width 15: " "
        RenderInline {SPAN} at (0,0) size 45x15
          RenderText {TEXT} at (527,8) size 45x15
            text run at (527,8) width 45: "xxx"
        RenderText {TEXT} at (572,8) size 15x15
          text run at (572,8) width 15: " "
        RenderImage {IMG} at (587,8) size 65x65
        RenderText {TEXT} at (652,8) size 15x15
          text run at (652,8) width 15: " "
        RenderInline {SPAN} at (0,0) size 45x15
          RenderText {TEXT} at (667,8) size 45x15
            text run at (667,8) width 45: "xxx"
        RenderText {TEXT} at (0,0) size 0x0
        RenderImage {IMG} at (8,73) size 35x35
        RenderText {TEXT} at (43,73) size 15x15
          text run at (43,73) width 15: " "
        RenderInline {SPAN} at (0,0) size 90x30
          RenderText {TEXT} at (58,73) size 90x30
            text run at (58,73) width 90: "xxx"
        RenderText {TEXT} at (148,73) size 15x15
          text run at (148,73) width 15: " "
        RenderImage {IMG} at (163,73) size 50x50
        RenderText {TEXT} at (213,73) size 15x15
          text run at (213,73) width 15: " "
        RenderInline {SPAN} at (0,0) size 45x15
          RenderText {TEXT} at (228,73) size 45x15
            text run at (228,73) width 45: "xxx"
        RenderText {TEXT} at (273,73) size 15x15
          text run at (273,73) width 15: " "
        RenderImage {IMG} at (288,73) size 15x15
        RenderText {TEXT} at (303,73) size 15x15
          text run at (303,73) width 15: " "
        RenderInline {BIG} at (0,0) size 60x20
          RenderText {TEXT} at (318,73) size 60x20
            text run at (318,73) width 60: "xxx"
        RenderText {TEXT} at (378,73) size 15x15
          text run at (378,73) width 15: " "
        RenderImage {IMG} at (393,73) size 90x90
        RenderText {TEXT} at (0,0) size 0x0
