layer at (0,0) size 800x600
  RenderCanvas at (0,0) size 800x600
layer at (0,0) size 800x118
  RenderBlock {HTML} at (0,0) size 800x118
    RenderBody {BODY} at (8,16) size 784x94
      RenderBlock {P} at (0,0) size 784x18
        RenderText {TEXT} at (0,0) size 358x18
          text run at (0,0) width 358: "There should be no red below, only green lines and dots."
      RenderBlock {DIV} at (0,34) size 200x60 [color=#008000]
        RenderText {TEXT} at (0,1) size 40x12
          text run at (0,1) width 40: "z z "
        RenderInline {EM} at (0,0) size 190x22 [color=#FF0000]
          RenderText {TEXT} at (40,1) size 190x22
            text run at (40,1) width 150: "x x x x x x x x"
            text run at (0,13) width 40: "x x "
        RenderText {TEXT} at (0,0) size 0x0
        RenderInline {SPAN} at (0,0) size 190x58 [border: (10px solid #00FF00)]
          RenderText {TEXT} at (0,0) size 0x0
          RenderInline {EM} at (0,0) size 190x22 [color=#FF0000]
            RenderText {TEXT} at (60,13) size 190x22
              text run at (60,13) width 130: "x x x x x x x"
              text run at (0,25) width 60: "x x x "
              text run at (60,25) width 60: "x x x "
          RenderText {TEXT} at (120,25) size 190x24
            text run at (120,25) width 70: "y y y y"
            text run at (0,37) width 100: "y y y y y "
        RenderText {TEXT} at (120,37) size 190x24
          text run at (120,37) width 70: "y y y y"
          text run at (0,49) width 190: "y y y y y y z z z z"
