layer at (0,0) size 800x600
  RenderCanvas at (0,0) size 800x600
layer at (0,0) size 800x326
  RenderBlock {HTML} at (0,0) size 800x326
    RenderBody {BODY} at (8,16) size 784x298
      RenderBlock {P} at (0,0) size 784x18
        RenderText {TEXT} at (0,0) size 267x18
          text run at (0,0) width 267: "The two blocks below should be identical:"
      RenderBlock {DIV} at (12,34) size 126x126 [color=#00FFFF] [bgcolor=#008080] [border: (3px solid #000080)]
        RenderText {TEXT} at (27,27) size 72x96
          text run at (27,27) width 72: "X X"
          text run at (27,75) width 72: "X X"
      RenderBlock {PRE} at (12,172) size 126x126 [color=#00FFFF] [bgcolor=#008080] [border: (3px solid #000080)]
        RenderText {TEXT} at (3,3) size 120x120
          text run at (3,3) width 120: "     "
          text run at (3,27) width 120: " X X "
          text run at (3,51) width 120: "     "
          text run at (3,75) width 120: " X X "
          text run at (3,99) width 120: "     "
