layer at (0,0) size 1252x585
  RenderView at (0,0) size 800x585
layer at (0,0) size 1252x94
  RenderBlock {HTML} at (0,0) size 800x94
    RenderBody {BODY} at (8,16) size 784x70
      RenderBlock {P} at (0,0) size 784x18
        RenderText {#text} at (0,0) size 292x18
          text run at (0,0) width 292: "The following two lines should look the same:"
      RenderBlock {DIV} at (0,34) size 784x18
        RenderInline {SPAN} at (0,0) size 28x18
          RenderInline (generated) at (0,0) size 28x18
            RenderCounter at (0,0) size 28x18
              text run at (0,0) width 28: "\x{531}.\x{531}"
        RenderText {#text} at (28,0) size 4x18
          text run at (28,0) width 4: " "
        RenderInline {SPAN} at (0,0) size 25x18
          RenderInline (generated) at (0,0) size 25x18
            RenderCounter at (32,0) size 25x18
              text run at (32,0) width 25: "\x{531}.\x{532}"
        RenderText {#text} at (57,0) size 4x18
          text run at (57,0) width 4: " "
        RenderInline {SPAN} at (0,0) size 28x18
          RenderInline (generated) at (0,0) size 28x18
            RenderCounter at (61,0) size 28x18
              text run at (61,0) width 28: "\x{531}.\x{533}"
        RenderText {#text} at (89,0) size 4x18
          text run at (89,0) width 4: " "
        RenderInline {SPAN} at (0,0) size 28x18
          RenderInline (generated) at (0,0) size 28x18
            RenderCounter at (93,0) size 28x18
              text run at (93,0) width 28: "\x{531}.\x{534}"
        RenderText {#text} at (121,0) size 4x18
          text run at (121,0) width 4: " "
        RenderInline {SPAN} at (0,0) size 26x18
          RenderInline (generated) at (0,0) size 26x18
            RenderCounter at (125,0) size 26x18
              text run at (125,0) width 26: "\x{531}.\x{535}"
        RenderText {#text} at (151,0) size 4x18
          text run at (151,0) width 4: " "
        RenderInline {SPAN} at (0,0) size 26x18
          RenderInline (generated) at (0,0) size 26x18
            RenderCounter at (155,0) size 26x18
              text run at (155,0) width 26: "\x{531}.\x{536}"
        RenderText {#text} at (181,0) size 4x18
          text run at (181,0) width 4: " "
        RenderInline {SPAN} at (0,0) size 25x18
          RenderInline (generated) at (0,0) size 25x18
            RenderCounter at (185,0) size 25x18
              text run at (185,0) width 25: "\x{531}.\x{537}"
        RenderText {#text} at (210,0) size 4x18
          text run at (210,0) width 4: " "
        RenderInline {SPAN} at (0,0) size 25x18
          RenderInline (generated) at (0,0) size 25x18
            RenderCounter at (214,0) size 25x18
              text run at (214,0) width 25: "\x{531}.\x{538}"
        RenderText {#text} at (239,0) size 4x18
          text run at (239,0) width 4: " "
        RenderInline {SPAN} at (0,0) size 28x18
          RenderInline (generated) at (0,0) size 28x18
            RenderCounter at (243,0) size 28x18
              text run at (243,0) width 28: "\x{531}.\x{539}"
        RenderText {#text} at (271,0) size 4x18
          text run at (271,0) width 4: " "
        RenderInline {SPAN} at (0,0) size 27x18
          RenderInline (generated) at (0,0) size 27x18
            RenderCounter at (275,0) size 27x18
              text run at (275,0) width 27: "\x{531}.\x{53A}"
        RenderText {#text} at (302,0) size 4x18
          text run at (302,0) width 4: " "
        RenderInline {SPAN} at (0,0) size 39x18
          RenderInline (generated) at (0,0) size 39x18
            RenderCounter at (306,0) size 39x18
              text run at (306,0) width 39: "\x{531}.\x{53A}\x{531}"
        RenderText {#text} at (345,0) size 4x18
          text run at (345,0) width 4: " "
        RenderInline {SPAN} at (0,0) size 36x18
          RenderInline (generated) at (0,0) size 36x18
            RenderCounter at (349,0) size 36x18
              text run at (349,0) width 36: "\x{531}.\x{53A}\x{532}"
        RenderText {#text} at (385,0) size 4x18
          text run at (385,0) width 4: " "
        RenderInline {SPAN} at (0,0) size 25x18
          RenderInline (generated) at (0,0) size 25x18
            RenderCounter at (389,0) size 25x18
              text run at (389,0) width 25: "\x{531}.\x{53B}"
        RenderText {#text} at (414,0) size 4x18
          text run at (414,0) width 4: " "
        RenderInline {SPAN} at (0,0) size 24x18
          RenderInline (generated) at (0,0) size 24x18
            RenderCounter at (418,0) size 24x18
              text run at (418,0) width 24: "\x{531}.\x{53C}"
        RenderText {#text} at (442,0) size 4x18
          text run at (442,0) width 4: " "
        RenderInline {SPAN} at (0,0) size 28x18
          RenderInline (generated) at (0,0) size 28x18
            RenderCounter at (446,0) size 28x18
              text run at (446,0) width 28: "\x{531}.\x{53D}"
        RenderText {#text} at (474,0) size 4x18
          text run at (474,0) width 4: " "
        RenderInline {SPAN} at (0,0) size 27x18
          RenderInline (generated) at (0,0) size 27x18
            RenderCounter at (478,0) size 27x18
              text run at (478,0) width 27: "\x{531}.\x{53E}"
        RenderText {#text} at (505,0) size 4x18
          text run at (505,0) width 4: " "
        RenderInline {SPAN} at (0,0) size 26x18
          RenderInline (generated) at (0,0) size 26x18
            RenderCounter at (509,0) size 26x18
              text run at (509,0) width 26: "\x{531}.\x{53F}"
        RenderText {#text} at (535,0) size 4x18
          text run at (535,0) width 4: " "
        RenderInline {SPAN} at (0,0) size 25x18
          RenderInline (generated) at (0,0) size 25x18
            RenderCounter at (539,0) size 25x18
              text run at (539,0) width 25: "\x{531}.\x{540}"
        RenderText {#text} at (564,0) size 4x18
          text run at (564,0) width 4: " "
        RenderInline {SPAN} at (0,0) size 27x18
          RenderInline (generated) at (0,0) size 27x18
            RenderCounter at (568,0) size 27x18
              text run at (568,0) width 27: "\x{531}.\x{541}"
        RenderText {#text} at (595,0) size 4x18
          text run at (595,0) width 4: " "
        RenderInline {SPAN} at (0,0) size 28x18
          RenderInline (generated) at (0,0) size 28x18
            RenderCounter at (599,0) size 28x18
              text run at (599,0) width 28: "\x{531}.\x{542}"
        RenderText {#text} at (627,0) size 4x18
          text run at (627,0) width 4: " "
        RenderInline {SPAN} at (0,0) size 26x18
          RenderInline (generated) at (0,0) size 26x18
            RenderCounter at (631,0) size 26x18
              text run at (631,0) width 26: "\x{531}.\x{543}"
        RenderText {#text} at (657,0) size 4x18
          text run at (657,0) width 4: " "
        RenderInline {SPAN} at (0,0) size 28x18
          RenderInline (generated) at (0,0) size 28x18
            RenderCounter at (661,0) size 28x18
              text run at (661,0) width 28: "\x{531}.\x{544}"
        RenderText {#text} at (689,0) size 4x18
          text run at (689,0) width 4: " "
        RenderInline {SPAN} at (0,0) size 25x18
          RenderInline (generated) at (0,0) size 25x18
            RenderCounter at (693,0) size 25x18
              text run at (693,0) width 25: "\x{531}.\x{545}"
        RenderText {#text} at (718,0) size 4x18
          text run at (718,0) width 4: " "
        RenderInline {SPAN} at (0,0) size 28x18
          RenderInline (generated) at (0,0) size 28x18
            RenderCounter at (722,0) size 28x18
              text run at (722,0) width 28: "\x{531}.\x{546}"
        RenderText {#text} at (750,0) size 4x18
          text run at (750,0) width 4: " "
        RenderInline {SPAN} at (0,0) size 26x18
          RenderInline (generated) at (0,0) size 26x18
            RenderCounter at (754,0) size 26x18
              text run at (754,0) width 26: "\x{531}.\x{547}"
        RenderText {#text} at (780,0) size 4x18
          text run at (780,0) width 4: " "
        RenderInline {SPAN} at (0,0) size 25x18
          RenderInline (generated) at (0,0) size 25x18
            RenderCounter at (784,0) size 25x18
              text run at (784,0) width 25: "\x{531}.\x{548}"
        RenderText {#text} at (809,0) size 4x18
          text run at (809,0) width 4: " "
        RenderInline {SPAN} at (0,0) size 26x18
          RenderInline (generated) at (0,0) size 26x18
            RenderCounter at (813,0) size 26x18
              text run at (813,0) width 26: "\x{531}.\x{549}"
        RenderText {#text} at (839,0) size 4x18
          text run at (839,0) width 4: " "
        RenderInline {SPAN} at (0,0) size 27x18
          RenderInline (generated) at (0,0) size 27x18
            RenderCounter at (843,0) size 27x18
              text run at (843,0) width 27: "\x{531}.\x{54A}"
        RenderText {#text} at (870,0) size 4x18
          text run at (870,0) width 4: " "
        RenderInline {SPAN} at (0,0) size 26x18
          RenderInline (generated) at (0,0) size 26x18
            RenderCounter at (874,0) size 26x18
              text run at (874,0) width 26: "\x{531}.\x{54B}"
        RenderText {#text} at (900,0) size 4x18
          text run at (900,0) width 4: " "
        RenderInline {SPAN} at (0,0) size 28x18
          RenderInline (generated) at (0,0) size 28x18
            RenderCounter at (904,0) size 28x18
              text run at (904,0) width 28: "\x{531}.\x{54C}"
        RenderText {#text} at (932,0) size 4x18
          text run at (932,0) width 4: " "
        RenderInline {SPAN} at (0,0) size 26x18
          RenderInline (generated) at (0,0) size 26x18
            RenderCounter at (936,0) size 26x18
              text run at (936,0) width 26: "\x{531}.\x{54D}"
        RenderText {#text} at (962,0) size 4x18
          text run at (962,0) width 4: " "
        RenderInline {SPAN} at (0,0) size 28x18
          RenderInline (generated) at (0,0) size 28x18
            RenderCounter at (966,0) size 28x18
              text run at (966,0) width 28: "\x{531}.\x{54E}"
        RenderText {#text} at (994,0) size 4x18
          text run at (994,0) width 4: " "
        RenderInline {SPAN} at (0,0) size 25x18
          RenderInline (generated) at (0,0) size 25x18
            RenderCounter at (998,0) size 25x18
              text run at (998,0) width 25: "\x{531}.\x{54F}"
        RenderText {#text} at (1023,0) size 4x18
          text run at (1023,0) width 4: " "
        RenderInline {SPAN} at (0,0) size 24x18
          RenderInline (generated) at (0,0) size 24x18
            RenderCounter at (1027,0) size 24x18
              text run at (1027,0) width 24: "\x{531}.\x{550}"
        RenderText {#text} at (1051,0) size 4x18
          text run at (1051,0) width 4: " "
        RenderInline {SPAN} at (0,0) size 25x18
          RenderInline (generated) at (0,0) size 25x18
            RenderCounter at (1055,0) size 25x18
              text run at (1055,0) width 25: "\x{531}.\x{551}"
        RenderText {#text} at (1080,0) size 4x18
          text run at (1080,0) width 4: " "
        RenderInline {SPAN} at (0,0) size 35x18
          RenderInline (generated) at (0,0) size 35x18
            RenderCounter at (1084,0) size 35x18
              text run at (1084,0) width 35: "\x{531}.\x{548}\x{552}"
        RenderText {#text} at (1119,0) size 4x18
          text run at (1119,0) width 4: " "
        RenderInline {SPAN} at (0,0) size 27x18
          RenderInline (generated) at (0,0) size 27x18
            RenderCounter at (1123,0) size 27x18
              text run at (1123,0) width 27: "\x{531}.\x{553}"
        RenderText {#text} at (1150,0) size 4x18
          text run at (1150,0) width 4: " "
        RenderInline {SPAN} at (0,0) size 26x18
          RenderInline (generated) at (0,0) size 26x18
            RenderCounter at (1154,0) size 26x18
              text run at (1154,0) width 26: "\x{531}.\x{554}"
        RenderText {#text} at (1180,0) size 4x18
          text run at (1180,0) width 4: " "
        RenderInline {SPAN} at (0,0) size 60x18
          RenderInline (generated) at (0,0) size 60x18
            RenderCounter at (1184,0) size 60x18
              text run at (1184,0) width 60: "\x{531}.\x{554}\x{54B}\x{542}\x{539}"
        RenderText {#text} at (0,0) size 0x0
      RenderBlock {DIV} at (0,52) size 784x18
        RenderText {#text} at (0,0) size 1244x18
          text run at (0,0) width 32: "\x{531}.\x{531} "
          text run at (32,0) width 29: "\x{531}.\x{532} "
          text run at (61,0) width 32: "\x{531}.\x{533} "
          text run at (93,0) width 32: "\x{531}.\x{534} "
          text run at (125,0) width 30: "\x{531}.\x{535} "
          text run at (155,0) width 30: "\x{531}.\x{536} "
          text run at (185,0) width 29: "\x{531}.\x{537} "
          text run at (214,0) width 29: "\x{531}.\x{538} "
          text run at (243,0) width 32: "\x{531}.\x{539} "
          text run at (275,0) width 31: "\x{531}.\x{53A} "
          text run at (306,0) width 43: "\x{531}.\x{53A}\x{531} "
          text run at (349,0) width 40: "\x{531}.\x{53A}\x{532} "
          text run at (389,0) width 29: "\x{531}.\x{53B} "
          text run at (418,0) width 28: "\x{531}.\x{53C} "
          text run at (446,0) width 32: "\x{531}.\x{53D} "
          text run at (478,0) width 31: "\x{531}.\x{53E} "
          text run at (509,0) width 30: "\x{531}.\x{53F} "
          text run at (539,0) width 29: "\x{531}.\x{540} "
          text run at (568,0) width 31: "\x{531}.\x{541} "
          text run at (599,0) width 32: "\x{531}.\x{542} "
          text run at (631,0) width 30: "\x{531}.\x{543} "
          text run at (661,0) width 32: "\x{531}.\x{544} "
          text run at (693,0) width 29: "\x{531}.\x{545} "
          text run at (722,0) width 32: "\x{531}.\x{546} "
          text run at (754,0) width 30: "\x{531}.\x{547} "
          text run at (784,0) width 29: "\x{531}.\x{548} "
          text run at (813,0) width 30: "\x{531}.\x{549} "
          text run at (843,0) width 31: "\x{531}.\x{54A} "
          text run at (874,0) width 30: "\x{531}.\x{54B} "
          text run at (904,0) width 32: "\x{531}.\x{54C} "
          text run at (936,0) width 30: "\x{531}.\x{54D} "
          text run at (966,0) width 32: "\x{531}.\x{54E} "
          text run at (998,0) width 29: "\x{531}.\x{54F} "
          text run at (1027,0) width 28: "\x{531}.\x{550} "
          text run at (1055,0) width 29: "\x{531}.\x{551} "
          text run at (1084,0) width 39: "\x{531}.\x{548}\x{552} "
          text run at (1123,0) width 31: "\x{531}.\x{553} "
          text run at (1154,0) width 30: "\x{531}.\x{554} "
          text run at (1184,0) width 60: "\x{531}.\x{554}\x{54B}\x{542}\x{539}"
