layer at (0,0) size 800x600
  RenderCanvas at (0,0) size 800x600
layer at (0,0) size 800x400
  RenderBlock {HTML} at (0,0) size 800x400
    RenderBody {BODY} at (8,16) size 784x368 [color=#000080]
      RenderBlock {P} at (0,0) size 784x18
        RenderText {TEXT} at (0,0) size 388x18
          text run at (0,0) width 388: "The two columns should look the same, except for alignment."
      RenderBlock {OL} at (0,34) size 784x54
        RenderListItem {LI} at (40,0) size 744x18
          RenderListMarker at (0,0) size 0x14
          RenderText {TEXT} at (0,0) size 8x18
            text run at (0,0) width 8: "i."
        RenderListItem {LI} at (40,18) size 744x18
          RenderListMarker at (0,0) size 0x14
          RenderText {TEXT} at (0,0) size 12x18
            text run at (0,0) width 12: "ii."
        RenderListItem {LI} at (40,36) size 744x18
          RenderListMarker at (0,0) size 0x14
          RenderText {TEXT} at (0,0) size 16x18
            text run at (0,0) width 16: "iii."
      RenderBlock {OL} at (0,104) size 784x54
        RenderListItem {LI} at (40,0) size 744x18
          RenderListMarker at (0,0) size 0x14
          RenderText {TEXT} at (0,0) size 9x18
            text run at (0,0) width 9: "I."
        RenderListItem {LI} at (40,18) size 744x18
          RenderListMarker at (0,0) size 0x14
          RenderText {TEXT} at (0,0) size 14x18
            text run at (0,0) width 14: "II."
        RenderListItem {LI} at (40,36) size 744x18
          RenderListMarker at (0,0) size 0x14
          RenderText {TEXT} at (0,0) size 19x18
            text run at (0,0) width 19: "III."
      RenderBlock {OL} at (0,174) size 784x54
        RenderListItem {LI} at (40,0) size 744x18
          RenderListMarker at (0,0) size 0x14
          RenderText {TEXT} at (0,0) size 11x18
            text run at (0,0) width 11: "a."
        RenderListItem {LI} at (40,18) size 744x18
          RenderListMarker at (0,0) size 0x14
          RenderText {TEXT} at (0,0) size 12x18
            text run at (0,0) width 12: "b."
        RenderListItem {LI} at (40,36) size 744x18
          RenderListMarker at (0,0) size 0x14
          RenderText {TEXT} at (0,0) size 11x18
            text run at (0,0) width 11: "c."
      RenderBlock {OL} at (0,244) size 784x54
        RenderListItem {LI} at (40,0) size 744x18
          RenderListMarker at (0,0) size 0x14
          RenderText {TEXT} at (0,0) size 16x18
            text run at (0,0) width 16: "A."
        RenderListItem {LI} at (40,18) size 744x18
          RenderListMarker at (0,0) size 0x14
          RenderText {TEXT} at (0,0) size 15x18
            text run at (0,0) width 15: "B."
        RenderListItem {LI} at (40,36) size 744x18
          RenderListMarker at (0,0) size 0x14
          RenderText {TEXT} at (0,0) size 15x18
            text run at (0,0) width 15: "C."
      RenderBlock {OL} at (0,314) size 784x54
        RenderListItem {LI} at (40,0) size 744x18
          RenderListMarker at (0,0) size 0x14
          RenderText {TEXT} at (0,0) size 16x18
            text run at (0,0) width 16: "A."
        RenderListItem {LI} at (40,18) size 744x18
          RenderListMarker at (0,0) size 0x14
          RenderText {TEXT} at (0,0) size 15x18
            text run at (0,0) width 15: "B."
        RenderListItem {LI} at (40,36) size 744x18
          RenderListMarker at (0,0) size 0x14
          RenderText {TEXT} at (0,0) size 12x18
            text run at (0,0) width 12: "3."
