layer at (0,0) size 800x600
  RenderCanvas at (0,0) size 800x600
layer at (0,0) size 800x127
  RenderBlock {HTML} at (0,0) size 800x127
    RenderBody {BODY} at (8,8) size 784x111
      RenderBlock {UL} at (0,0) size 784x111 [color=#FF0000]
        RenderListItem {LI} at (48,48) size 688x15
          RenderListMarker at (0,0) size 0x15
          RenderImage {IMG} at (15,0) size 15x15
          RenderText {TEXT} at (30,1) size 4x0
            text run at (30,1) width 4: " "
          RenderInline {SPAN} at (0,0) size 361x18 [color=#000000]
            RenderText {TEXT} at (34,1) size 361x0
              text run at (34,1) width 361: "\x{E2}\x{2021}\x{A6} There should be a green square to the left, and no red."
