layer at (0,0) size 800x600
  RenderCanvas at (0,0) size 800x600
layer at (0,0) size 800x322
  RenderBlock {HTML} at (0,0) size 800x322
    RenderBody {BODY} at (8,16) size 784x298
      RenderBlock {P} at (0,0) size 784x18
        RenderText {TEXT} at (0,0) size 708x18
          text run at (0,0) width 708: "There should be a stripy pattern of yellow and aqua below (each vertical stripe should be straight and unbroken)."
      RenderBlock {DIV} at (0,34) size 432x24 [color=#00FFFF] [bgcolor=#FFFF00]
        RenderText {TEXT} at (0,0) size 528x24
          text run at (0,0) width 528: "x\x{C2} \x{C2} xx\x{C2} \x{C2} xxx\x{C2} \x{C2} xxxx"
      RenderBlock {DIV} at (0,58) size 432x24 [color=#00FFFF] [bgcolor=#FFFF00]
        RenderText {TEXT} at (0,0) size 528x24
          text run at (0,0) width 528: "x\x{C2} \x{C2} xx\x{C2} \x{C2} xxx\x{C2} \x{C2} xxxx"
      RenderBlock {DIV} at (0,82) size 432x24 [color=#00FFFF] [bgcolor=#FFFF00]
        RenderText {TEXT} at (0,0) size 528x24
          text run at (0,0) width 528: "x\x{C2} \x{C2} xx\x{C2} \x{C2} xxx\x{C2} \x{C2} xxxx"
      RenderBlock {DIV} at (0,106) size 432x24 [color=#00FFFF] [bgcolor=#FFFF00]
        RenderText {TEXT} at (0,0) size 384x24
          text run at (0,0) width 384: "x xx xxx xxxx"
      RenderBlock {DIV} at (0,130) size 432x24 [color=#00FFFF] [bgcolor=#FFFF00]
        RenderText {TEXT} at (0,0) size 384x24
          text run at (0,0) width 384: "x xx xxx xxxx"
      RenderBlock {DIV} at (0,154) size 432x24 [color=#00FFFF] [bgcolor=#FFFF00]
        RenderText {TEXT} at (0,0) size 384x24
          text run at (0,0) width 384: "x xx xxx xxxx"
      RenderBlock {DIV} at (0,178) size 432x24 [color=#00FFFF] [bgcolor=#FFFF00]
        RenderText {TEXT} at (0,0) size 384x24
          text run at (0,0) width 384: "x xx xxx xxxx"
      RenderBlock {DIV} at (0,202) size 432x24 [color=#00FFFF] [bgcolor=#FFFF00]
        RenderText {TEXT} at (0,0) size 384x24
          text run at (0,0) width 384: "x xx xxx xxxx"
      RenderBlock {DIV} at (0,226) size 432x24 [color=#00FFFF] [bgcolor=#FFFF00]
        RenderText {TEXT} at (0,0) size 384x24
          text run at (0,0) width 384: "x xx xxx xxxx"
      RenderBlock {DIV} at (0,250) size 432x24 [color=#00FFFF] [bgcolor=#FFFF00]
        RenderText {TEXT} at (0,0) size 402x24
          text run at (0,0) width 402: "x xx xxx xxxx"
      RenderBlock {DIV} at (0,274) size 432x24 [color=#00FFFF] [bgcolor=#FFFF00]
        RenderText {TEXT} at (0,0) size 384x24
          text run at (0,0) width 384: "x xx xxx xxxx"
