layer at (0,0) size 800x600
  RenderView at (0,0) size 800x600
layer at (0,0) size 800x600
  RenderBlock {HTML} at (0,0) size 800x600
    RenderBody {BODY} at (8,8) size 784x578
      RenderBlock (anonymous) at (0,0) size 784x19
        RenderText {#text} at (0,0) size 602x19
          text run at (0,0) width 287: "Random tests of some bizarre combinations. "
          text run at (287,0) width 315: "H2 should allow a form inside it, but p should not. "
        RenderText {#text} at (0,0) size 0x0
      RenderBlock {FORM} at (0,19) size 784x29
        RenderMenuList {SELECT} at (2,2) size 58x25 [bgcolor=#FFFFFF]
          RenderBlock (anonymous) at (8,3) size 42x19
            RenderText at (0,0) size 9x19
              text run at (0,0) width 9: "A"
        RenderText {#text} at (0,0) size 0x0
      RenderBlock {P} at (0,62) size 784x0
layer at (470,44) size 66x64
  RenderBlock (positioned) {H2} at (470,44) size 66x64 [border: (2px solid #008000)]
    RenderBlock {FORM} at (2,2) size 62x39
      RenderMenuList {SELECT} at (2,2) size 58x35 [bgcolor=#FFFFFF]
        RenderBlock (anonymous) at (8,3) size 42x29
          RenderText at (0,0) size 15x29
            text run at (0,0) width 15: "A"
      RenderText {#text} at (0,0) size 0x0
layer at (470,41) size 4x4
  RenderBlock (positioned) {P} at (470,41) size 4x4 [border: (2px solid #008000)]
