layer at (0,0) size 800x1390
  RenderView at (0,0) size 800x600
layer at (0,0) size 800x1390
  RenderBlock {HTML} at (0,0) size 800x1390
    RenderBody {BODY} at (8,8) size 784x1374 [bgcolor=#CCCCCC]
      RenderBlock {P} at (0,0) size 784x19
        RenderText {#text} at (0,0) size 354x19
          text run at (0,0) width 354: "The style declarations which apply to the text below are:"
      RenderBlock {PRE} at (0,33) size 784x209
        RenderText {#text} at (0,1) size 264x207
          text run at (0,1) width 232: ".one {letter-spacing: 0.3in;}"
          text run at (232,1) width 0: " "
          text run at (0,20) width 232: ".two {letter-spacing: 0.5cm;}"
          text run at (232,20) width 0: " "
          text run at (0,39) width 232: ".three {letter-spacing: 5mm;}"
          text run at (232,39) width 0: " "
          text run at (0,58) width 224: ".four {letter-spacing: 3pt;}"
          text run at (224,58) width 0: " "
          text run at (0,77) width 248: ".five {letter-spacing: 0.25pc;}"
          text run at (248,77) width 0: " "
          text run at (0,96) width 216: ".six {letter-spacing: 1em;}"
          text run at (216,96) width 0: " "
          text run at (0,115) width 232: ".seven {letter-spacing: 1ex;}"
          text run at (232,115) width 0: " "
          text run at (0,134) width 232: ".eight {letter-spacing: 5px;}"
          text run at (232,134) width 0: " "
          text run at (0,153) width 248: ".nine {letter-spacing: normal;}"
          text run at (248,153) width 0: " "
          text run at (0,172) width 224: ".ten {letter-spacing: 300%;}"
          text run at (224,172) width 0: " "
          text run at (0,191) width 264: ".eleven {letter-spacing: -0.1em;}"
          text run at (264,191) width 0: " "
      RenderBlock {HR} at (0,256) size 784x2 [border: (1px inset #000000)]
      RenderBlock {P} at (0,272) size 784x76
        RenderText {#text} at (0,0) size 699x76
          text run at (0,0) width 671: "This letters in this"
          text run at (0,19) width 699: "sentence should have"
          text run at (0,38) width 664: "extra space between"
          text run at (0,57) width 176: "them."
      RenderBlock {P} at (0,362) size 784x57
        RenderText {#text} at (0,0) size 771x57
          text run at (0,0) width 695: "This letters in this sentence"
          text run at (0,19) width 771: "should have extra space between"
          text run at (0,38) width 126: "them."
      RenderBlock {P} at (0,433) size 784x57
        RenderText {#text} at (0,0) size 771x57
          text run at (0,0) width 695: "This letters in this sentence"
          text run at (0,19) width 771: "should have extra space between"
          text run at (0,38) width 126: "them."
      RenderBlock {P} at (0,504) size 784x19
        RenderText {#text} at (0,0) size 698x19
          text run at (0,0) width 698: "This letters in this sentence should have extra space between them."
      RenderBlock {P} at (0,537) size 784x19
        RenderText {#text} at (0,0) size 698x19
          text run at (0,0) width 698: "This letters in this sentence should have extra space between them."
      RenderBlock {P} at (0,570) size 784x38
        RenderText {#text} at (0,0) size 723x38
          text run at (0,0) width 723: "This letters in this sentence should"
          text run at (0,19) width 627: "have extra space between them."
      RenderBlock {P} at (0,622) size 784x38
        RenderText {#text} at (0,0) size 703x38
          text run at (0,0) width 703: "This letters in this sentence should have extra space"
          text run at (0,19) width 185: "between them."
      RenderBlock {P} at (0,674) size 784x38
        RenderText {#text} at (0,0) size 765x38
          text run at (0,0) width 765: "This letters in this sentence should have extra space between them,"
          text run at (0,19) width 443: "but the last few words in the sentence "
        RenderInline {SPAN} at (0,0) size 180x19
          RenderText {#text} at (443,19) size 180x19
            text run at (443,19) width 180: "should show normal spacing"
        RenderText {#text} at (623,19) size 9x19
          text run at (623,19) width 9: "."
      RenderBlock {P} at (0,726) size 784x38
        RenderText {#text} at (0,0) size 747x38
          text run at (0,0) width 747: "This letters in this sentence should have normal space between them, since percentage values are not allowed on this"
          text run at (0,19) width 57: "property."
      RenderBlock {P} at (0,778) size 784x19
        RenderText {#text} at (0,0) size 653x19
          text run at (0,0) width 653: "This letters in this sentence should have reduced space between them, since negative values are allowed on this property."
      RenderTable {TABLE} at (0,811) size 784x563 [border: (1px outset #808080)]
        RenderTableSection {TBODY} at (1,1) size 782x561
          RenderTableRow {TR} at (0,0) size 782x28
            RenderTableCell {TD} at (0,0) size 782x28 [bgcolor=#C0C0C0] [border: (1px inset #808080)] [r=0 c=0 rs=1 cs=2]
              RenderInline {STRONG} at (0,0) size 159x20
                RenderText {#text} at (4,4) size 159x20
                  text run at (4,4) width 159: "TABLE Testing Section"
          RenderTableRow {TR} at (0,28) size 782x533
            RenderTableCell {TD} at (0,281) size 12x27 [bgcolor=#C0C0C0] [border: (1px inset #808080)] [r=1 c=0 rs=1 cs=1]
              RenderText {#text} at (4,4) size 4x19
                text run at (4,4) width 4: " "
            RenderTableCell {TD} at (12,28) size 770x533 [border: (1px inset #808080)] [r=1 c=1 rs=1 cs=1]
              RenderBlock {P} at (4,4) size 762x76
                RenderText {#text} at (0,0) size 699x76
                  text run at (0,0) width 671: "This letters in this"
                  text run at (0,19) width 699: "sentence should have"
                  text run at (0,38) width 664: "extra space between"
                  text run at (0,57) width 176: "them."
              RenderBlock {P} at (4,94) size 762x57
                RenderText {#text} at (0,0) size 695x57
                  text run at (0,0) width 695: "This letters in this sentence"
                  text run at (0,19) width 569: "should have extra space"
                  text run at (0,38) width 328: "between them."
              RenderBlock {P} at (4,165) size 762x57
                RenderText {#text} at (0,0) size 695x57
                  text run at (0,0) width 695: "This letters in this sentence"
                  text run at (0,19) width 569: "should have extra space"
                  text run at (0,38) width 328: "between them."
              RenderBlock {P} at (4,236) size 762x19
                RenderText {#text} at (0,0) size 698x19
                  text run at (0,0) width 698: "This letters in this sentence should have extra space between them."
              RenderBlock {P} at (4,269) size 762x19
                RenderText {#text} at (0,0) size 698x19
                  text run at (0,0) width 698: "This letters in this sentence should have extra space between them."
              RenderBlock {P} at (4,302) size 762x38
                RenderText {#text} at (0,0) size 723x38
                  text run at (0,0) width 723: "This letters in this sentence should"
                  text run at (0,19) width 627: "have extra space between them."
              RenderBlock {P} at (4,354) size 762x38
                RenderText {#text} at (0,0) size 703x38
                  text run at (0,0) width 703: "This letters in this sentence should have extra space"
                  text run at (0,19) width 185: "between them."
              RenderBlock {P} at (4,406) size 762x38
                RenderText {#text} at (0,0) size 695x38
                  text run at (0,0) width 695: "This letters in this sentence should have extra space between"
                  text run at (0,19) width 513: "them, but the last few words in the sentence "
                RenderInline {SPAN} at (0,0) size 180x19
                  RenderText {#text} at (513,19) size 180x19
                    text run at (513,19) width 180: "should show normal spacing"
                RenderText {#text} at (693,19) size 9x19
                  text run at (693,19) width 9: "."
              RenderBlock {P} at (4,458) size 762x38
                RenderText {#text} at (0,0) size 747x38
                  text run at (0,0) width 747: "This letters in this sentence should have normal space between them, since percentage values are not allowed on this"
                  text run at (0,19) width 57: "property."
              RenderBlock {P} at (4,510) size 762x19
                RenderText {#text} at (0,0) size 653x19
                  text run at (0,0) width 653: "This letters in this sentence should have reduced space between them, since negative values are allowed on this property."
