layer at (0,0) size 800x2939
  RenderView at (0,0) size 800x600
layer at (0,0) size 800x2939
  RenderBlock {HTML} at (0,0) size 800x2939
    RenderBody {BODY} at (8,8) size 784x2923 [bgcolor=#CCCCCC]
      RenderBlock {P} at (0,0) size 784x19
        RenderText {#text} at (0,0) size 354x19
          text run at (0,0) width 354: "The style declarations which apply to the text below are:"
      RenderBlock {PRE} at (0,33) size 784x266
        RenderText {#text} at (0,1) size 400x264
          text run at (0,1) width 344: ".one {line-height: 0.5in; font-size: 12px;}"
          text run at (344,1) width 0: " "
          text run at (0,20) width 328: ".two {line-height: 2cm; font-size: 12px;}"
          text run at (328,20) width 0: " "
          text run at (0,39) width 352: ".three {line-height: 20mm; font-size: 12px;}"
          text run at (352,39) width 0: " "
          text run at (0,58) width 344: ".four {line-height: 24pt; font-size: 12px;}"
          text run at (344,58) width 0: " "
          text run at (0,77) width 336: ".five {line-height: 2pc; font-size: 12px;}"
          text run at (336,77) width 0: " "
          text run at (0,96) width 328: ".six {line-height: 2em; font-size: 12px;}"
          text run at (328,96) width 0: " "
          text run at (0,115) width 344: ".seven {line-height: 3ex; font-size: 12px;}"
          text run at (344,115) width 0: " "
          text run at (0,134) width 352: ".eight {line-height: 200%; font-size: 12px;}"
          text run at (352,134) width 0: " "
          text run at (0,153) width 320: ".nine {line-height: 2; font-size: 12px;}"
          text run at (320,153) width 0: " "
          text run at (0,172) width 336: ".ten {line-height: 50px; font-size: 12px;}"
          text run at (336,172) width 0: " "
          text run at (0,191) width 360: ".eleven {line-height: -1em; font-size: 12px;}"
          text run at (360,191) width 0: " "
          text run at (0,210) width 400: "TABLE .ten {line-height: normal; font-size: 12px;}"
          text run at (400,210) width 0: " "
          text run at (0,229) width 248: "DIV {background-color: silver;}"
          text run at (248,229) width 0: " "
          text run at (0,248) width 304: "SPAN.color {background-color: silver;}"
          text run at (304,248) width 0: " "
      RenderBlock {HR} at (0,313) size 784x2 [border: (1px inset #000000)]
      RenderBlock {P} at (0,327) size 784x48
        RenderText {#text} at (0,15) size 588x17
          text run at (0,15) width 588: "This sentence should have a line-height of half an inch, which should cause extra spacing between the lines."
      RenderBlock {P} at (0,387) size 784x75
        RenderText {#text} at (0,29) size 610x17
          text run at (0,29) width 610: "This sentence should have a line-height of two centimeters, which should cause extra spacing between the lines."
      RenderBlock {P} at (0,474) size 784x75
        RenderText {#text} at (0,29) size 622x17
          text run at (0,29) width 622: "This sentence should have a line-height of twenty millimeters, which should cause extra spacing between the lines."
      RenderBlock {P} at (0,561) size 784x32
        RenderText {#text} at (0,7) size 621x17
          text run at (0,7) width 621: "This sentence should have a line-height of twenty-four points, which should cause extra spacing between the lines."
      RenderBlock {P} at (0,605) size 784x32
        RenderText {#text} at (0,7) size 576x17
          text run at (0,7) width 576: "This sentence should have a line-height of two picas, which should cause extra spacing between the lines."
      RenderBlock {P} at (0,649) size 784x24
        RenderText {#text} at (0,3) size 564x17
          text run at (0,3) width 564: "This sentence should have a line-height of two em, which should cause extra spacing between the lines."
      RenderBlock {P} at (0,685) size 784x18
        RenderText {#text} at (0,0) size 569x17
          text run at (0,0) width 569: "This sentence should have a line-height of three ex, which should cause extra spacing between the lines."
      RenderBlock {P} at (0,715) size 784x24
        RenderText {#text} at (0,3) size 621x17
          text run at (0,3) width 621: "This sentence should have a line-height of twice the font size, which should cause extra spacing between the lines."
      RenderBlock {DIV} at (0,751) size 784x168 [bgcolor=#C0C0C0]
        RenderBlock (anonymous) at (0,0) size 784x24
          RenderText {#text} at (0,3) size 670x17
            text run at (0,3) width 670: "This first part of the DIV should have a line-height of twice the font size, which should cause extra spacing between the lines."
        RenderBlock {P} at (0,48) size 784x72
          RenderText {#text} at (0,-3) size 740x79
            text run at (0,-3) width 740: "This sentence should have a line-height of twice the DIV's font size, or"
            text run at (0,21) width 736: "28px; this should not cause extra spacing between the lines, since the"
            text run at (0,45) width 560: "line-height and font-size should have the same value."
        RenderBlock (anonymous) at (0,144) size 784x24
          RenderText {#text} at (0,3) size 691x17
            text run at (0,3) width 691: "This second part of the DIV should have a line-height of twice the font size, which should cause extra spacing between the lines."
      RenderBlock {P} at (0,931) size 784x24
        RenderText {#text} at (0,3) size 621x17
          text run at (0,3) width 621: "This sentence should have a line-height of twice the font size, which should cause extra spacing between the lines."
      RenderBlock {DIV} at (0,967) size 784x288 [bgcolor=#C0C0C0]
        RenderBlock (anonymous) at (0,0) size 784x24
          RenderText {#text} at (0,3) size 670x17
            text run at (0,3) width 670: "This first part of the DIV should have a line-height of twice the font size, which should cause extra spacing between the lines."
        RenderBlock {P} at (0,48) size 784x192
          RenderText {#text} at (0,8) size 763x175
            text run at (0,8) width 739: "This sentence should have a line-height of twice the font size, which is"
            text run at (0,56) width 738: "200% normal thanks to an inline style; this should cause extra spacing"
            text run at (0,104) width 763: "between the lines, as the font-size will be 28px and the line-height will be"
            text run at (0,152) width 58: "56px."
        RenderBlock (anonymous) at (0,264) size 784x24
          RenderText {#text} at (0,3) size 691x17
            text run at (0,3) width 691: "This second part of the DIV should have a line-height of twice the font size, which should cause extra spacing between the lines."
      RenderBlock {P} at (0,1267) size 784x100
        RenderText {#text} at (0,16) size 754x67
          text run at (0,16) width 681: "This paragraph should have a line-height of 50 pixels in the first section, which should cause extra spacing between the lines. "
          text run at (681,16) width 73: "In the second"
          text run at (0,66) width 309: "section (within the table) its line-height should be normal."
      RenderBlock {P} at (0,1379) size 784x17
        RenderText {#text} at (0,0) size 585x17
          text run at (0,0) width 585: "This sentence should have a normal line-height, because negative values are not permitted for this property."
      RenderBlock {P} at (0,1408) size 784x225
        RenderInline {SPAN} at (0,0) size 765x167 [bgcolor=#C0C0C0]
          RenderText {#text} at (0,29) size 765x167
            text run at (0,29) width 757: "This sentence should have a line-height of two centimeters, which should cause extra spacing between the lines. The text has a background"
            text run at (0,104) width 765: "color of silver, but no padding or border. The background color has been set on an inline element and should therefore only cover the text, not"
            text run at (0,179) width 113: "the interline spacing."
        RenderText {#text} at (0,0) size 0x0
      RenderTable {TABLE} at (0,1645) size 784x1278 [border: (1px outset #808080)]
        RenderTableSection {TBODY} at (1,1) size 782x1276
          RenderTableRow {TR} at (0,0) size 782x28
            RenderTableCell {TD} at (0,0) size 782x28 [bgcolor=#C0C0C0] [border: (1px inset #808080)] [r=0 c=0 rs=1 cs=2]
              RenderInline {STRONG} at (0,0) size 159x20
                RenderText {#text} at (4,4) size 159x20
                  text run at (4,4) width 159: "TABLE Testing Section"
          RenderTableRow {TR} at (0,28) size 782x1248
            RenderTableCell {TD} at (0,638) size 12x27 [bgcolor=#C0C0C0] [border: (1px inset #808080)] [r=1 c=0 rs=1 cs=1]
              RenderText {#text} at (4,4) size 4x19
                text run at (4,4) width 4: " "
            RenderTableCell {TD} at (12,28) size 770x1248 [border: (1px inset #808080)] [r=1 c=1 rs=1 cs=1]
              RenderBlock {P} at (4,4) size 762x48
                RenderText {#text} at (0,15) size 588x17
                  text run at (0,15) width 588: "This sentence should have a line-height of half an inch, which should cause extra spacing between the lines."
              RenderBlock {P} at (4,64) size 762x75
                RenderText {#text} at (0,29) size 610x17
                  text run at (0,29) width 610: "This sentence should have a line-height of two centimeters, which should cause extra spacing between the lines."
              RenderBlock {P} at (4,151) size 762x75
                RenderText {#text} at (0,29) size 622x17
                  text run at (0,29) width 622: "This sentence should have a line-height of twenty millimeters, which should cause extra spacing between the lines."
              RenderBlock {P} at (4,238) size 762x32
                RenderText {#text} at (0,7) size 621x17
                  text run at (0,7) width 621: "This sentence should have a line-height of twenty-four points, which should cause extra spacing between the lines."
              RenderBlock {P} at (4,282) size 762x32
                RenderText {#text} at (0,7) size 576x17
                  text run at (0,7) width 576: "This sentence should have a line-height of two picas, which should cause extra spacing between the lines."
              RenderBlock {P} at (4,326) size 762x24
                RenderText {#text} at (0,3) size 564x17
                  text run at (0,3) width 564: "This sentence should have a line-height of two em, which should cause extra spacing between the lines."
              RenderBlock {P} at (4,362) size 762x18
                RenderText {#text} at (0,0) size 569x17
                  text run at (0,0) width 569: "This sentence should have a line-height of three ex, which should cause extra spacing between the lines."
              RenderBlock {P} at (4,392) size 762x24
                RenderText {#text} at (0,3) size 621x17
                  text run at (0,3) width 621: "This sentence should have a line-height of twice the font size, which should cause extra spacing between the lines."
              RenderBlock {DIV} at (4,428) size 762x168 [bgcolor=#C0C0C0]
                RenderBlock (anonymous) at (0,0) size 762x24
                  RenderText {#text} at (0,3) size 670x17
                    text run at (0,3) width 670: "This first part of the DIV should have a line-height of twice the font size, which should cause extra spacing between the lines."
                RenderBlock {P} at (0,48) size 762x72
                  RenderText {#text} at (0,-3) size 740x79
                    text run at (0,-3) width 740: "This sentence should have a line-height of twice the DIV's font size, or"
                    text run at (0,21) width 736: "28px; this should not cause extra spacing between the lines, since the"
                    text run at (0,45) width 560: "line-height and font-size should have the same value."
                RenderBlock (anonymous) at (0,144) size 762x24
                  RenderText {#text} at (0,3) size 691x17
                    text run at (0,3) width 691: "This second part of the DIV should have a line-height of twice the font size, which should cause extra spacing between the lines."
              RenderBlock {P} at (4,608) size 762x24
                RenderText {#text} at (0,3) size 621x17
                  text run at (0,3) width 621: "This sentence should have a line-height of twice the font size, which should cause extra spacing between the lines."
              RenderBlock {DIV} at (4,644) size 762x288 [bgcolor=#C0C0C0]
                RenderBlock (anonymous) at (0,0) size 762x24
                  RenderText {#text} at (0,3) size 670x17
                    text run at (0,3) width 670: "This first part of the DIV should have a line-height of twice the font size, which should cause extra spacing between the lines."
                RenderBlock {P} at (0,48) size 762x192
                  RenderText {#text} at (0,8) size 739x175
                    text run at (0,8) width 739: "This sentence should have a line-height of twice the font size, which is"
                    text run at (0,56) width 738: "200% normal thanks to an inline style; this should cause extra spacing"
                    text run at (0,104) width 730: "between the lines, as the font-size will be 28px and the line-height will"
                    text run at (0,152) width 91: "be 56px."
                RenderBlock (anonymous) at (0,264) size 762x24
                  RenderText {#text} at (0,3) size 691x17
                    text run at (0,3) width 691: "This second part of the DIV should have a line-height of twice the font size, which should cause extra spacing between the lines."
              RenderBlock {P} at (4,944) size 762x34
                RenderText {#text} at (0,0) size 754x34
                  text run at (0,0) width 681: "This paragraph should have a line-height of 50 pixels in the first section, which should cause extra spacing between the lines. "
                  text run at (681,0) width 73: "In the second"
                  text run at (0,17) width 309: "section (within the table) its line-height should be normal."
              RenderBlock {P} at (4,990) size 762x17
                RenderText {#text} at (0,0) size 585x17
                  text run at (0,0) width 585: "This sentence should have a normal line-height, because negative values are not permitted for this property."
              RenderBlock {P} at (4,1019) size 762x225
                RenderInline {SPAN} at (0,0) size 757x167 [bgcolor=#C0C0C0]
                  RenderText {#text} at (0,29) size 757x167
                    text run at (0,29) width 757: "This sentence should have a line-height of two centimeters, which should cause extra spacing between the lines. The text has a background"
                    text run at (0,104) width 745: "color of silver, but no padding or border. The background color has been set on an inline element and should therefore only cover the text,"
                    text run at (0,179) width 133: "not the interline spacing."
                RenderText {#text} at (0,0) size 0x0
