layer at (0,0) size 784x1365
  RenderView at (0,0) size 784x600
layer at (0,0) size 784x1365
  RenderBlock {HTML} at (0,0) size 784x1365
    RenderBody {BODY} at (8,8) size 768x1349 [bgcolor=#CCCCCC]
      RenderBlock {P} at (0,0) size 768x21
        RenderText {#text} at (0,0) size 380x21
          text run at (0,0) width 380: "The style declarations which apply to the text below are:"
      RenderBlock {PRE} at (0,37) size 768x176
        RenderText {#text} at (0,0) size 285x176
          text run at (0,0) width 249: ".one {text-indent: 0.5in; background: aqua;}"
          text run at (249,0) width 0: " "
          text run at (0,16) width 245: ".two {text-indent: 2cm; background: aqua;}"
          text run at (245,16) width 0: " "
          text run at (0,32) width 265: ".three {text-indent: 20mm; background: aqua;}"
          text run at (265,32) width 0: " "
          text run at (0,48) width 247: ".four {text-indent: 24pt; background: aqua;}"
          text run at (247,48) width 0: " "
          text run at (0,64) width 242: ".five {text-indent: 2pc; background: aqua;}"
          text run at (242,64) width 0: " "
          text run at (0,80) width 242: ".six {text-indent: 2em; background: aqua;}"
          text run at (242,80) width 0: " "
          text run at (0,96) width 256: ".seven {text-indent: 2ex; background: aqua;}"
          text run at (256,96) width 0: " "
          text run at (0,112) width 254: ".eight {text-indent: 50%; background: aqua;}"
          text run at (254,112) width 0: " "
          text run at (0,128) width 252: ".nine {text-indent: 25px; background: aqua;}"
          text run at (252,128) width 0: " "
          text run at (0,144) width 285: "blockquote {text-indent: 50%; background: aqua;}"
          text run at (285,144) width 0: " "
          text run at (0,160) width 0: " "
      RenderBlock {HR} at (0,226) size 768x2 [border: (1px inset #000000)]
      RenderBlock {P} at (0,244) size 768x21 [bgcolor=#00FFFF]
        RenderText {#text} at (48,0) size 412x21
          text run at (48,0) width 412: "The first line of this sentence should be indented half an inch."
      RenderBlock {P} at (0,281) size 768x21 [bgcolor=#00FFFF]
        RenderText {#text} at (75,0) size 438x21
          text run at (75,0) width 438: "The first line of this sentence should be indented two centimeters."
      RenderBlock {P} at (0,318) size 768x21 [bgcolor=#00FFFF]
        RenderText {#text} at (75,0) size 456x21
          text run at (75,0) width 456: "The first line of this sentence should be indented twenty millimeters."
      RenderBlock {P} at (0,355) size 768x21 [bgcolor=#00FFFF]
        RenderText {#text} at (32,0) size 457x21
          text run at (32,0) width 457: "The first line of this sentence should be indented twenty-four points."
      RenderBlock {P} at (0,392) size 768x21 [bgcolor=#00FFFF]
        RenderText {#text} at (32,0) size 395x21
          text run at (32,0) width 395: "The first line of this sentence should be indented two picas."
      RenderBlock {P} at (0,429) size 768x21 [bgcolor=#00FFFF]
        RenderText {#text} at (32,0) size 381x21
          text run at (32,0) width 381: "The first line of this sentence should be indented two em."
      RenderBlock {P} at (0,466) size 768x21 [bgcolor=#00FFFF]
        RenderText {#text} at (14,0) size 376x21
          text run at (14,0) width 376: "The first line of this sentence should be indented two ex."
      RenderBlock {P} at (0,503) size 768x42 [bgcolor=#00FFFF]
        RenderText {#text} at (384,0) size 766x42
          text run at (384,0) width 382: "The first line of this sentence should be indented halfway"
          text run at (0,21) width 596: "across the page, but the rest of it should be flush with the normal left margin of the page."
      RenderBlock {P} at (0,561) size 768x42 [bgcolor=#00FFFF]
        RenderText {#text} at (25,0) size 744x42
          text run at (25,0) width 719: "The first line of this sentence should be indented 25 pixels, but the rest of it should be flush with the normal"
          text run at (0,21) width 156: "left margin of the page."
      RenderBlock {P} at (0,619) size 768x63 [bgcolor=#00FFFF]
        RenderText {#text} at (48,0) size 443x21
          text run at (48,0) width 443: "Only the first line of this sentence should be indented half an inch,"
        RenderBR {BR} at (491,16) size 0x0
        RenderText {#text} at (0,21) size 283x21
          text run at (0,21) width 283: "no matter where the lines might start, and"
        RenderBR {BR} at (283,37) size 0x0
        RenderInline {EM} at (0,0) size 204x21
          RenderText {#text} at (0,42) size 204x21
            text run at (0,42) width 204: "regardless of any other markup"
        RenderText {#text} at (204,42) size 156x21
          text run at (204,42) width 156: " which may be present."
      RenderBlock {BLOCKQUOTE} at (40,698) size 688x63 [bgcolor=#00FFFF]
        RenderText {#text} at (384,0) size 682x63
          text run at (384,0) width 238: "In the first half of the test page, this"
          text run at (0,21) width 682: "BLOCKQUOTE element should have a text indent equal to 50% of the BODY element's width, since"
          text run at (0,42) width 535: "BLOCKQUOTE is a child of BODY; in the second half, it is a child of TABLE."
      RenderTable {TABLE} at (0,777) size 768x572 [border: (1px outset #808080)]
        RenderTableSection {TBODY} at (1,1) size 766x570
          RenderTableRow {TR} at (0,0) size 766x29
            RenderTableCell {TD} at (0,0) size 766x29 [bgcolor=#C0C0C0] [border: (1px inset #808080)] [r=0 c=0 rs=1 cs=2]
              RenderInline {STRONG} at (0,0) size 163x21
                RenderText {#text} at (4,4) size 163x21
                  text run at (4,4) width 163: "TABLE Testing Section"
          RenderTableRow {TR} at (0,29) size 766x541
            RenderTableCell {TD} at (0,285) size 12x29 [bgcolor=#C0C0C0] [border: (1px inset #808080)] [r=1 c=0 rs=1 cs=1]
              RenderText {#text} at (4,4) size 4x21
                text run at (4,4) width 4: " "
            RenderTableCell {TD} at (12,29) size 754x541 [border: (1px inset #808080)] [r=1 c=1 rs=1 cs=1]
              RenderBlock {P} at (4,4) size 746x21 [bgcolor=#00FFFF]
                RenderText {#text} at (48,0) size 412x21
                  text run at (48,0) width 412: "The first line of this sentence should be indented half an inch."
              RenderBlock {P} at (4,41) size 746x21 [bgcolor=#00FFFF]
                RenderText {#text} at (75,0) size 438x21
                  text run at (75,0) width 438: "The first line of this sentence should be indented two centimeters."
              RenderBlock {P} at (4,78) size 746x21 [bgcolor=#00FFFF]
                RenderText {#text} at (75,0) size 456x21
                  text run at (75,0) width 456: "The first line of this sentence should be indented twenty millimeters."
              RenderBlock {P} at (4,115) size 746x21 [bgcolor=#00FFFF]
                RenderText {#text} at (32,0) size 457x21
                  text run at (32,0) width 457: "The first line of this sentence should be indented twenty-four points."
              RenderBlock {P} at (4,152) size 746x21 [bgcolor=#00FFFF]
                RenderText {#text} at (32,0) size 395x21
                  text run at (32,0) width 395: "The first line of this sentence should be indented two picas."
              RenderBlock {P} at (4,189) size 746x21 [bgcolor=#00FFFF]
                RenderText {#text} at (32,0) size 381x21
                  text run at (32,0) width 381: "The first line of this sentence should be indented two em."
              RenderBlock {P} at (4,226) size 746x21 [bgcolor=#00FFFF]
                RenderText {#text} at (14,0) size 376x21
                  text run at (14,0) width 376: "The first line of this sentence should be indented two ex."
              RenderBlock {P} at (4,263) size 746x42 [bgcolor=#00FFFF]
                RenderText {#text} at (373,0) size 697x42
                  text run at (373,0) width 324: "The first line of this sentence should be indented"
                  text run at (0,21) width 654: "halfway across the page, but the rest of it should be flush with the normal left margin of the page."
              RenderBlock {P} at (4,321) size 746x42 [bgcolor=#00FFFF]
                RenderText {#text} at (25,0) size 744x42
                  text run at (25,0) width 719: "The first line of this sentence should be indented 25 pixels, but the rest of it should be flush with the normal"
                  text run at (0,21) width 156: "left margin of the page."
              RenderBlock {P} at (4,379) size 746x63 [bgcolor=#00FFFF]
                RenderText {#text} at (48,0) size 443x21
                  text run at (48,0) width 443: "Only the first line of this sentence should be indented half an inch,"
                RenderBR {BR} at (491,16) size 0x0
                RenderText {#text} at (0,21) size 283x21
                  text run at (0,21) width 283: "no matter where the lines might start, and"
                RenderBR {BR} at (283,37) size 0x0
                RenderInline {EM} at (0,0) size 204x21
                  RenderText {#text} at (0,42) size 204x21
                    text run at (0,42) width 204: "regardless of any other markup"
                RenderText {#text} at (204,42) size 156x21
                  text run at (204,42) width 156: " which may be present."
              RenderBlock {BLOCKQUOTE} at (44,458) size 666x63 [bgcolor=#00FFFF]
                RenderText {#text} at (373,0) size 645x63
                  text run at (373,0) width 238: "In the first half of the test page, this"
                  text run at (0,21) width 645: "BLOCKQUOTE element should have a text indent equal to 50% of the BODY element's width,"
                  text run at (0,42) width 572: "since BLOCKQUOTE is a child of BODY; in the second half, it is a child of TABLE."
