layer at (0,0) size 800x600
  RenderView at (0,0) size 800x600
layer at (0,0) size 800x600
  RenderBlock {HTML} at (0,0) size 800x600
    RenderBody {BODY} at (8,8) size 784x584 [bgcolor=#CCCCCC]
      RenderBlock {P} at (0,0) size 784x19
        RenderText {#text} at (0,0) size 354x19
          text run at (0,0) width 354: "The style declarations which apply to the text below are:"
      RenderBlock {PRE} at (0,33) size 784x95
        RenderText {#text} at (0,0) size 161x95
          text run at (0,0) width 131: ".one {text-align: left;}"
          text run at (131,0) width 0: " "
          text run at (0,19) width 138: ".two {text-align: right;}"
          text run at (138,19) width 0: " "
          text run at (0,38) width 161: ".three {text-align: center;}"
          text run at (161,38) width 0: " "
          text run at (0,57) width 149: ".four {text-align: justify;}"
          text run at (149,57) width 0: " "
          text run at (0,76) width 0: " "
      RenderBlock {HR} at (0,142) size 784x2 [border: (1px inset #000000)]
      RenderBlock {P} at (0,158) size 784x19
        RenderText {#text} at (0,0) size 235x19
          text run at (0,0) width 235: "This sentence should be left-justified."
      RenderBlock {P} at (0,191) size 784x19
        RenderText {#text} at (540,0) size 244x19
          text run at (540,0) width 244: "This sentence should be right-justified."
      RenderBlock {P} at (0,224) size 784x19
        RenderText {#text} at (282,0) size 219x19
          text run at (282,0) width 219: "This sentence should be centered."
      RenderBlock {P} at (0,257) size 784x57
        RenderText {#text} at (0,0) size 784x57
          text run at (0,0) width 784: "This sentence should be fully justified, which means that the right and left margins of this paragraph should line up, no"
          text run at (0,19) width 784: "matter how long the paragraph becomes; the exception, of course, is the last line, which should be left-justified in Western"
          text run at (0,38) width 70: "languages."
      RenderTable {TABLE} at (0,328) size 784x194 [border: (1px outset #808080)]
        RenderTableSection {TBODY} at (1,1) size 782x192
          RenderTableRow {TR} at (0,0) size 782x28
            RenderTableCell {TD} at (0,0) size 782x28 [bgcolor=#C0C0C0] [border: (1px inset #808080)] [r=0 c=0 rs=1 cs=2]
              RenderInline {STRONG} at (0,0) size 159x20
                RenderText {#text} at (4,4) size 159x20
                  text run at (4,4) width 159: "TABLE Testing Section"
          RenderTableRow {TR} at (0,28) size 782x164
            RenderTableCell {TD} at (0,96) size 12x27 [bgcolor=#C0C0C0] [border: (1px inset #808080)] [r=1 c=0 rs=1 cs=1]
              RenderText {#text} at (4,4) size 4x19
                text run at (4,4) width 4: " "
            RenderTableCell {TD} at (12,28) size 770x164 [border: (1px inset #808080)] [r=1 c=1 rs=1 cs=1]
              RenderBlock {P} at (4,4) size 762x19
                RenderText {#text} at (0,0) size 235x19
                  text run at (0,0) width 235: "This sentence should be left-justified."
              RenderBlock {P} at (4,37) size 762x19
                RenderText {#text} at (518,0) size 244x19
                  text run at (518,0) width 244: "This sentence should be right-justified."
              RenderBlock {P} at (4,70) size 762x19
                RenderText {#text} at (271,0) size 219x19
                  text run at (271,0) width 219: "This sentence should be centered."
              RenderBlock {P} at (4,103) size 762x57
                RenderText {#text} at (0,0) size 762x57
                  text run at (0,0) width 762: "This sentence should be fully justified, which means that the right and left margins of this paragraph should line up, no"
                  text run at (0,19) width 762: "matter how long the paragraph becomes; the exception, of course, is the last line, which should be left-justified in"
                  text run at (0,38) width 127: "Western languages."
