layer at (0,0) size 800x600
  RenderView at (0,0) size 800x600
layer at (0,0) size 800x600
  RenderBlock {HTML} at (0,0) size 800x600
    RenderBody {BODY} at (8,8) size 784x576
      RenderBlock {P} at (0,0) size 784x47
        RenderRuby (inline) {RUBY} at (0,0) size 96x18
          RenderRubyRun (anonymous) at (0,13) size 96x34
            RenderRubyText {RT} at (0,-13) size 96x13
              RenderText {#text} at (18,0) size 59x13
                text run at (18,0) width 59: "K\x{14D}kakukid\x{14D}tai"
            RenderRubyBase (anonymous) at (0,0) size 96x34
              RenderRuby (inline) {RUBY} at (0,0) size 96x18
                RenderRubyRun (anonymous) at (0,10) size 20x24
                  RenderRubyText {RT} at (0,-10) size 20x15
                    RenderText {#text} at (0,0) size 20x13
                      text run at (0,0) width 20: "\x{3053}\x{3046}"
                  RenderRubyBase (anonymous) at (0,0) size 20x24
                    RenderText {#text} at (2,3) size 16x18
                      text run at (2,3) width 16: "\x{653B}"
                RenderRubyRun (anonymous) at (20,10) size 20x24
                  RenderRubyText {RT} at (0,-10) size 20x15
                    RenderText {#text} at (0,0) size 20x13
                      text run at (0,0) width 20: "\x{304B}\x{304F}"
                  RenderRubyBase (anonymous) at (0,0) size 20x24
                    RenderText {#text} at (2,3) size 16x18
                      text run at (2,3) width 16: "\x{6BBB}"
                RenderRubyRun (anonymous) at (40,10) size 16x24
                  RenderRubyText {RT} at (0,-10) size 16x15
                    RenderText {#text} at (3,0) size 10x13
                      text run at (3,0) width 10: "\x{304D}"
                  RenderRubyBase (anonymous) at (0,0) size 16x24
                    RenderText {#text} at (0,3) size 16x18
                      text run at (0,3) width 16: "\x{6A5F}"
                RenderRubyRun (anonymous) at (56,10) size 20x24
                  RenderRubyText {RT} at (0,-10) size 20x15
                    RenderText {#text} at (0,0) size 20x13
                      text run at (0,0) width 20: "\x{3069}\x{3046}"
                  RenderRubyBase (anonymous) at (0,0) size 20x24
                    RenderText {#text} at (2,3) size 16x18
                      text run at (2,3) width 16: "\x{52D5}"
                RenderRubyRun (anonymous) at (76,10) size 20x24
                  RenderRubyText {RT} at (0,-10) size 20x15
                    RenderText {#text} at (0,0) size 20x13
                      text run at (0,0) width 20: "\x{305F}\x{3044}"
                  RenderRubyBase (anonymous) at (0,0) size 20x24
                    RenderText {#text} at (2,3) size 16x18
                      text run at (2,3) width 16: "\x{968A}"
