layer at (0,0) size 800x600
  RenderView at (0,0) size 800x600
layer at (0,0) size 800x600
  RenderBlock {HTML} at (0,0) size 800x600
    RenderBody {BODY} at (8,8) size 784x576
      RenderBlock {P} at (0,0) size 784x18
        RenderText {#text} at (0,0) size 494x18
          text run at (0,0) width 494: "The following is a test for having non-text inline elements as base in a <ruby>."
      RenderBlock {P} at (0,34) size 784x28
        RenderText {#text} at (0,10) size 155x18
          text run at (0,10) width 155: "<ruby> is defined in the "
        RenderRuby (inline) {RUBY} at (0,0) size 134x18
          RenderRubyRun (anonymous) at (155,10) size 41x18
            RenderRubyText {RT} at (0,-10) size 41x10
              RenderText {#text} at (0,0) size 41x10
                text run at (0,0) width 41: "Hyper-text"
            RenderRubyBase (anonymous) at (0,0) size 41x18
              RenderInline {SPAN} at (0,0) size 22x18
                RenderText {#text} at (9,0) size 22x18
                  text run at (9,0) width 22: "HT"
          RenderRubyRun (anonymous) at (196,10) size 93x18
            RenderRubyText {RT} at (0,-10) size 93x10
              RenderText {#text} at (0,0) size 93x10
                text run at (0,0) width 93: "Markup Language Lvl. 5"
            RenderRubyBase (anonymous) at (0,0) size 93x18
              RenderInline {SPAN} at (0,0) size 14x18
                RenderText {#text} at (30,0) size 14x18
                  text run at (30,0) width 14: "M"
              RenderInline {SPAN} at (0,0) size 10x18
                RenderText {#text} at (44,0) size 10x18
                  text run at (44,0) width 10: "L"
              RenderInline {SPAN} at (0,0) size 8x18
                RenderText {#text} at (54,0) size 8x18
                  text run at (54,0) width 8: "5"
        RenderText {#text} at (289,10) size 36x18
          text run at (289,10) width 36: " spec."
