layer at (0,0) size 800x600
  RenderView at (0,0) size 800x600
layer at (0,0) size 800x600
  RenderBlock {HTML} at (0,0) size 800x600
    RenderBody {BODY} at (8,8) size 784x584
      RenderBlock {P} at (0,0) size 784x32
        RenderText {#text} at (0,0) size 105x16
          text run at (0,0) width 105: "This is a test for "
        RenderInline {I} at (0,0) size 749x32
          RenderInline {A} at (0,0) size 330x16 [color=#0000EE]
            RenderText {#text} at (105,0) size 330x16
              text run at (105,0) width 330: "http://bugzilla.opendarwin.org/show_bug.cgi?id=9252"
          RenderText {#text} at (435,0) size 749x32
            text run at (435,0) width 4: " "
            text run at (439,0) width 310: "REGRESSION: Very odd roll-over issues (content"
            text run at (0,16) width 87: "disappearing)"
        RenderText {#text} at (87,16) size 3x16
          text run at (87,16) width 3: "."
      RenderBlock {P} at (0,46) size 784x16
        RenderText {#text} at (0,0) size 245x16
          text run at (0,0) width 245: "There should be a green square below."
      RenderBlock {HR} at (0,76) size 784x2 [border: (1px inset #000000)]
      RenderBlock {DIV} at (0,85) size 784x0
      RenderBlock {DIV} at (0,85) size 100x100 [bgcolor=#008000]
