layer at (0,0) size 800x600
  RenderView at (0,0) size 800x600
layer at (0,0) size 800x600
  RenderBlock {HTML} at (0,0) size 800x600
    RenderBody {BODY} at (8,8) size 784x578
      RenderBlock {PRE} at (0,0) size 784x57
        RenderText {#text} at (0,1) size 184x17
          text run at (0,1) width 184: "[ONE] This is the first"
        RenderWordBreak {WBR} at (0,0) size 0x17
        RenderText {#text} at (184,1) size 568x55
          text run at (184,1) width 48: " line."
          text run at (232,1) width 0: " "
          text run at (0,20) width 568: "[TWO] If this on the same line as the first line, this test has failed."
          text run at (568,20) width 0: " "
          text run at (0,39) width 32: "    "
