layer at (0,0) size 800x600
  RenderView at (0,0) size 800x600
layer at (0,0) size 800x462
  RenderBlock {html} at (0,0) size 800x462
    RenderBody {body} at (8,16) size 784x438
      RenderBlock {p} at (0,0) size 784x18 [color=#000080]
        RenderText {#text} at (0,0) size 406x18
          text run at (0,0) width 406: "There should be a blue circle with the word \"TEST\" in it below."
      RenderBlock (anonymous) at (0,34) size 784x404
        RenderSVGRoot {svg} at (8,50) size 400x400
          RenderPath {rect} at (8,50) size 400x400 [fill={[type=SOLID] [color=#0000FF]}] [data="M0.00,0.00L400.00,0.00L400.00,400.00L0.00,400.00"]
          RenderPath {circle} at (8,50) size 400x400 [fill={[type=SOLID] [color=#000080]}] [data="M400.00,200.00L399.61,212.56L398.42,225.07L396.46,237.48L393.72,249.74L390.21,261.80L385.96,273.62L380.97,285.16L375.26,296.35L368.87,307.17L361.80,317.56L354.10,327.48L345.79,336.91L336.91,345.79L327.48,354.10L317.56,361.80L307.17,368.87L296.35,375.26L285.16,380.97L273.62,385.96L261.80,390.21L249.74,393.72L237.48,396.46L225.07,398.42L212.56,399.61L200.00,400.00L187.44,399.61L174.93,398.42L162.52,396.46L150.26,393.72L138.20,390.21L126.38,385.96L114.84,380.97L103.65,375.26L92.83,368.87L82.44,361.80L72.52,354.10L63.09,345.79L54.21,336.91L45.90,327.48L38.20,317.56L31.13,307.17L24.74,296.35L19.03,285.16L14.04,273.62L9.79,261.80L6.28,249.74L3.54,237.48L1.58,225.07L0.39,212.56L0.00,200.00L0.39,187.44L1.58,174.93L3.54,162.52L6.28,150.26L9.79,138.20L14.04,126.38L19.03,114.84L24.74,103.65L31.13,92.83L38.20,82.44L45.90,72.52L54.21,63.09L63.09,54.21L72.52,45.90L82.44,38.20L92.83,31.13L103.65,24.74L114.84,19.03L126.38,14.04L138.20,9.79L150.26,6.28L162.52,3.54L174.93,1.58L187.44,0.39L200.00,0.00L212.56,0.39L225.07,1.58L237.48,3.54L249.74,6.28L261.80,9.79L273.62,14.04L285.16,19.03L296.35,24.74L307.17,31.13L317.56,38.20L327.48,45.90L336.91,54.21L345.79,63.09L354.10,72.52L361.80,82.44L368.87,92.83L375.26,103.65L380.97,114.84L385.96,126.38L390.21,138.20L393.72,150.26L396.46,162.52L398.42,174.93L399.61,187.44"]
          RenderForeignObject {foreignObject} at (0,0) size 400x50 [color=#FFFFFF]
            RenderBlock {div} at (0,0) size 400x59
              RenderText {#text} at (139,0) size 121x59
                text run at (139,0) width 121: "TEST"
        RenderText {#text} at (0,0) size 0x0
