layer at (0,0) size 108x133
  RenderView at (0,0) size 96x26
layer at (0,0) size 96x133
  RenderBlock {HTML} at (0,0) size 96x133
    RenderBody {BODY} at (8,8) size 80x117
      RenderBlock (floating) {DIV} at (0,1) size 100x100 [bgcolor=#008000]
        RenderInline {A} at (0,0) size 28x16 [color=#0000EE]
          RenderText {#text} at (0,0) size 28x16
            text run at (0,0) width 28: "Test"
      RenderText {#text} at (0,101) size 32x16
        text run at (0,101) width 32: "Hello"
      RenderText {#text} at (0,0) size 0x0
