layer at (0,0) size 800x600
  RenderView at (0,0) size 800x600
layer at (0,0) size 800x600
  RenderBlock {HTML} at (0,0) size 800x600
    RenderBody {BODY} at (8,8) size 784x584
      RenderImage {IMG} at (643,10) size 121x84
      RenderInline {A} at (0,0) size 360x16 [color=#0000EE]
        RenderText {#text} at (0,0) size 360x16
          text run at (0,0) width 360: "http://www.apple.com/pr/library/2003/jan/02ical_isync.html"
      RenderBR {BR} at (360,13) size 0x0
      RenderInline {A} at (0,0) size 161x16 [color=#0000EE]
        RenderText {#text} at (0,16) size 161x16
          text run at (0,16) width 161: "http://www.apple.com/ical/"
      RenderBR {BR} at (161,29) size 0x0
      RenderInline {A} at (0,0) size 172x16 [color=#0000EE]
        RenderText {#text} at (0,32) size 172x16
          text run at (0,32) width 172: "http://www.apple.com/isync/"
