layer at (0,0) size 800x600
  RenderView at (0,0) size 800x600
layer at (0,0) size 800x600
  RenderBlock {HTML} at (0,0) size 800x600
    RenderBody {BODY} at (8,8) size 784x578
      RenderBlock (floating) {DIV} at (664,0) size 120x200 [bgcolor=#FF0000]
      RenderBlock {OL} at (0,0) size 784x0
      RenderBlock {P} at (0,0) size 784x96
        RenderText {#text} at (0,0) size 663x96
          text run at (0,0) width 663: "Vatican approves policy on sex abuse in clergy. The Vatican gave its approval Monday to the revised U.S."
          text run at (0,16) width 600: "bishops' policy to combat sex abuse in the clergy, declaring the need to restore the image of the"
          text run at (0,32) width 662: "priesthood in a scandal that has rocked the Roman Catholic Church. The policy allows bishops to conduct"
          text run at (0,48) width 656: "a confidential, preliminary inquiry when a molestation claim is made to determine whether it is plausible. If"
          text run at (0,64) width 644: "it is, the accused priest is to be put on leave and then must go before a clerical tribunal to determine his"
          text run at (0,80) width 114: "guilt or innocence."
