layer at (0,0) size 470x270
  RenderView at (0,0) size 96x26
layer at (0,0) size 470x270
  RenderBlock {HTML} at (0,0) size 96x270
    RenderBody {BODY} at (8,8) size 80x234
      RenderBlock (anonymous) at (0,0) size 80x16
        RenderInline {P} at (0,0) size 462x16 [color=#FFFFFF] [bgcolor=#FF0000]
          RenderText {#text} at (0,1) size 462x16
            text run at (0,1) width 462: "Ahem_font_required_for_this_test."
        RenderText {#text} at (0,0) size 0x0
      RenderBlock {P} at (0,30) size 80x80
        RenderText {#text} at (0,0) size 71x80
          text run at (0,0) width 25: "The"
          text run at (0,16) width 55: "following"
          text run at (0,32) width 63: "two boxes"
          text run at (0,48) width 71: "should look"
          text run at (0,64) width 55: "identical."
      RenderBlock {DIV} at (28,138) size 34x34 [bgcolor=#FF0000] [border: (3px solid #000000)]
        RenderBlock (floating) {DIV} at (3,3) size 28x28 [color=#008000]
          RenderText {#text} at (0,-1) size 28x30
            text run at (0,-1) width 28: "x"
      RenderBlock {DIV} at (28,200) size 34x34 [bgcolor=#FF0000] [border: (3px solid #000000)]
        RenderBlock (floating) {DIV} at (3,3) size 28x28 [color=#008000]
          RenderText {#text} at (0,-1) size 28x30
            text run at (0,-1) width 28: "x"
