layer at (0,0) size 800x600
  RenderView at (0,0) size 800x600
layer at (0,0) size 800x206
  RenderBlock {HTML} at (0,0) size 800x206
    RenderBody {BODY} at (8,8) size 784x170
      RenderBlock (anonymous) at (0,0) size 784x16
        RenderInline {P} at (0,0) size 258x16 [color=#FFFFFF] [bgcolor=#FF0000]
          RenderText {#text} at (0,0) size 258x16
            text run at (0,0) width 258: "Ahem_font_would_be_nice_for_this_test."
        RenderText {#text} at (0,0) size 0x0
      RenderBlock {P} at (0,30) size 784x16
        RenderText {#text} at (0,0) size 285x16
          text run at (0,0) width 285: "The following two boxes should look identical."
      RenderBlock {DIV} at (28,74) size 90x34 [bgcolor=#FFFFFF] [border: (3px solid #000000)]
        RenderBlock (floating) {DIV} at (51,3) size 36x28 [color=#008000]
          RenderText {#text} at (0,-1) size 36x30
            text run at (0,-1) width 36: "x x"
      RenderBlock {DIV} at (28,136) size 90x34 [bgcolor=#FFFFFF] [border: (3px solid #000000)]
        RenderBlock (floating) {DIV} at (51,3) size 36x28 [color=#008000]
          RenderText {#text} at (0,-1) size 36x30
            text run at (0,-1) width 36: "x x"
