layer at (0,0) size 360x33
  RenderView at (0,0) size 96x26
layer at (0,0) size 96x26
  RenderBlock {HTML} at (0,0) size 96x26
    RenderBody {BODY} at (8,8) size 80x10
      RenderBlock (floating) {DIV} at (0,7) size 352x18 [border: (1px solid #000000)]
        RenderText {#text} at (1,1) size 174x16
          text run at (1,1) width 174: "this div disappears in Safari"
