layer at (0,0) size 96x170
  RenderView at (0,0) size 96x26
layer at (0,0) size 96x170
  RenderBlock {HTML} at (0,0) size 96x170
    RenderBody {BODY} at (8,8) size 80x148
      RenderBlock {DIV} at (0,0) size 80x148
        RenderBlock {DIV} at (0,0) size 80x2
        RenderBlock (floating) {DIV} at (0,2) size 60x45
          RenderImage {IMG} at (0,0) size 60x45
        RenderBlock {UL} at (15,47) size 65x101 [bgcolor=#FF0000]
          RenderListItem {LI} at (0,8) size 65x32
            RenderListMarker at (-16,0) size 6x16: bullet
            RenderText {#text} at (0,0) size 67x32
              text run at (0,0) width 67: "Classroom"
              text run at (0,16) width 52: "Training"
          RenderListItem {LI} at (0,54) size 65x32
            RenderListMarker at (-16,0) size 6x16: bullet
            RenderText {#text} at (0,0) size 39x32
              text run at (0,0) width 39: "Find a"
              text run at (0,16) width 35: "Class"
