layer at (0,0) size 96x524
  RenderView at (0,0) size 96x26
layer at (0,0) size 96x524
  RenderBlock {HTML} at (0,0) size 96x524
    RenderBody {BODY} at (8,8) size 80x508
      RenderTable {TABLE} at (0,0) size 88x508 [border: (1px outset #808080)]
        RenderTableSection {TBODY} at (1,1) size 86x506
          RenderTableRow {TR} at (0,0) size 86x506
            RenderTableCell {TD} at (0,241) size 12x24 [bgcolor=#C0C0C0] [border: (1px inset #808080)] [r=0 c=0 rs=1 cs=1]
              RenderText {#text} at (4,4) size 4x16
                text run at (4,4) width 4: " "
            RenderTableCell {TD} at (12,0) size 74x506 [border: (1px inset #808080)] [r=0 c=1 rs=1 cs=1]
              RenderImage {IMG} at (4,4) size 47x50 [bgcolor=#FFA500]
              RenderBlock {P} at (4,4) size 66x210
                RenderText {#text} at (0,50) size 66x160
                  text run at (0,50) width 54: "This text"
                  text run at (0,66) width 60: "should be"
                  text run at (0,82) width 44: "flowing"
                  text run at (0,98) width 61: "past a tall"
                  text run at (0,114) width 45: "orange"
                  text run at (0,130) width 59: "rectangle"
                  text run at (0,146) width 63: "on the left"
                  text run at (0,162) width 66: "side of the"
                  text run at (0,178) width 50: "browser"
                  text run at (0,194) width 50: "window."
              RenderBlock {DIV} at (4,228) size 66x16 [bgcolor=#008000]
                RenderBR {BR} at (0,0) size 0x16
              RenderImage {IMG} at (4,244) size 47x50 [bgcolor=#FFA500]
              RenderBlock {DIV} at (4,294) size 66x208
                RenderText {#text} at (0,0) size 66x208
                  text run at (0,0) width 27: "This"
                  text run at (0,16) width 66: "paragraph"
                  text run at (0,32) width 41: "should"
                  text run at (0,48) width 45: "appear"
                  text run at (0,64) width 60: "below the"
                  text run at (0,80) width 18: "tall"
                  text run at (0,96) width 45: "orange"
                  text run at (0,112) width 59: "rectangle"
                  text run at (0,128) width 66: "above and"
                  text run at (0,144) width 62: "to the left,"
                  text run at (0,160) width 48: "and not"
                  text run at (0,176) width 56: "flow past"
                  text run at (0,192) width 10: "it."
