layer at (0,0) size 462x242
  RenderView at (0,0) size 96x26
layer at (0,0) size 462x211
  RenderBlock {HTML} at (0,0) size 96x211
    RenderBody {BODY} at (8,8) size 80x195
      RenderBlock {DIV} at (0,0) size 454x145 [border: (2px solid #008000)]
        RenderImage {IMG} at (2,2) size 450x29 [bgcolor=#FFFF00]
        RenderText {#text} at (0,0) size 0x0
        RenderBR {BR} at (0,0) size 0x0
        RenderImage {IMG} at (2,31) size 250x125 [bgcolor=#FFA500]
        RenderText {#text} at (255,31) size 195x112
          text run at (255,31) width 186: "Theme Park Roller Coaster is"
          text run at (255,47) width 195: "an excellent game that lets you"
          text run at (255,63) width 142: "create your own virtual"
          text run at (255,79) width 176: "amusement park. Go behind"
          text run at (255,95) width 188: "the scenes of its development"
          text run at (255,111) width 183: "and its transition from the PC"
          text run at (255,127) width 69: "to the PS2."
      RenderBlock {P} at (0,159) size 80x0
      RenderBlock {DIV} at (0,159) size 304x36 [border: (2px solid #008000)]
        RenderImage {IMG} at (197,5) size 105x70 [bgcolor=#800080]
        RenderText {#text} at (2,2) size 142x16
          text run at (2,2) width 142: "First non-breaking line."
        RenderInline {NOBR} at (0,0) size 163x16
          RenderText {#text} at (2,18) size 163x16
            text run at (2,18) width 163: "Second non-breaking line."
        RenderText {#text} at (0,0) size 0x0
