layer at (0,0) size 118x98
  RenderView at (0,0) size 96x26
layer at (0,0) size 118x98
  RenderBlock {HTML} at (0,0) size 96x98
    RenderBody {BODY} at (8,8) size 80x82
      RenderBlock {DIV} at (0,0) size 110x82 [bgcolor=#808080]
        RenderImage {IMG} at (60,0) size 50x50 [bgcolor=#FFFF00]
        RenderText {#text} at (0,0) size 31x16
          text run at (0,0) width 31: "Blah."
        RenderImage {IMG} at (7,16) size 50x50 [bgcolor=#FF0000]
        RenderText {#text} at (0,66) size 91x16
          text run at (0,66) width 91: "Blah blah blah."
