layer at (0,0) size 201x4926
  RenderView at (0,0) size 96x26
layer at (0,0) size 201x4926
  RenderBlock {HTML} at (0,0) size 96x4926
    RenderBody {BODY} at (8,8) size 80x4904
      RenderBlock {P} at (0,0) size 80x912
        RenderText {#text} at (0,0) size 81x912
          text run at (0,0) width 51: "P1: This"
          text run at (0,16) width 68: "represents"
          text run at (0,32) width 69: "the header"
          text run at (0,48) width 69: "and should"
          text run at (0,64) width 74: "be flush-left."
          text run at (0,80) width 80: "Lorem ipsum"
          text run at (0,96) width 50: "dolor sit"
          text run at (0,112) width 34: "amet,"
          text run at (0,128) width 81: "consectetuer"
          text run at (0,144) width 63: "adipiscing"
          text run at (0,160) width 48: "elit, sed"
          text run at (0,176) width 30: "diam"
          text run at (0,192) width 60: "nonummy"
          text run at (0,208) width 26: "nibh"
          text run at (0,224) width 52: "euismod"
          text run at (0,240) width 67: "tincidunt ut"
          text run at (0,256) width 44: "laoreet"
          text run at (0,272) width 40: "dolore"
          text run at (0,288) width 43: "magna"
          text run at (0,304) width 77: "aliquam erat"
          text run at (0,320) width 70: "volutpat. Ut"
          text run at (0,336) width 77: "wisi enim ad"
          text run at (0,352) width 36: "minim"
          text run at (0,368) width 77: "veniam, quis"
          text run at (0,384) width 47: "nostrud"
          text run at (0,400) width 77: "exerci tation"
          text run at (0,416) width 73: "ullamcorper"
          text run at (0,432) width 46: "suscipit"
          text run at (0,448) width 70: "lobortis nisl"
          text run at (0,464) width 74: "ut aliquip ex"
          text run at (0,480) width 16: "ea"
          text run at (0,496) width 61: "commodo"
          text run at (0,512) width 68: "consequat."
          text run at (0,528) width 69: "Duis autem"
          text run at (0,544) width 48: "vel eum"
          text run at (0,560) width 67: "iriure dolor"
          text run at (0,576) width 72: "in hendrerit"
          text run at (0,592) width 71: "in vulputate"
          text run at (0,608) width 59: "velit esse"
          text run at (0,624) width 52: "molestie"
          text run at (0,640) width 68: "consequat,"
          text run at (0,656) width 49: "vel illum"
          text run at (0,672) width 59: "dolore eu"
          text run at (0,688) width 75: "feugiat nulla"
          text run at (0,704) width 61: "facilisis at"
          text run at (0,720) width 76: "vero eros et"
          text run at (0,736) width 79: "accumsan et"
          text run at (0,752) width 60: "iusto odio"
          text run at (0,768) width 80: "dignissim qui"
          text run at (0,784) width 41: "blandit"
          text run at (0,800) width 56: "praesent"
          text run at (0,816) width 52: "luptatum"
          text run at (0,832) width 71: "zzril delenit"
          text run at (0,848) width 67: "augue duis"
          text run at (0,864) width 56: "dolore te"
          text run at (0,880) width 75: "feugait nulla"
          text run at (0,896) width 41: "facilisi."
      RenderBlock {DIV} at (0,926) size 80x3052
        RenderBlock (floating) {H2} at (0,0) size 98x48
          RenderText {#text} at (42,0) size 82x48
            text run at (42,0) width 56: "H2: This"
            text run at (16,16) width 82: "should float"
            text run at (77,32) width 21: "left"
        RenderBlock {DIV} at (0,0) size 112x3052
          RenderBlock {H3} at (112,0) size 0x112
            RenderText {#text} at (0,0) size 61x112
              text run at (0,0) width 23: "H3:"
              text run at (0,16) width 29: "This"
              text run at (0,32) width 48: "should"
              text run at (0,48) width 17: "be"
              text run at (0,64) width 61: "indented"
              text run at (0,80) width 26: "and"
              text run at (0,96) width 38: "inline"
          RenderBlock {P} at (112,126) size 0x1456
            RenderText {#text} at (0,0) size 81x1456
              text run at (0,0) width 20: "P2:"
              text run at (0,16) width 27: "This"
              text run at (0,32) width 41: "should"
              text run at (0,48) width 15: "be"
              text run at (0,64) width 55: "indented"
              text run at (0,80) width 24: "and"
              text run at (0,96) width 36: "inline."
              text run at (0,112) width 40: "Lorem"
              text run at (0,128) width 36: "ipsum"
              text run at (0,144) width 32: "dolor"
              text run at (0,160) width 14: "sit"
              text run at (0,176) width 34: "amet,"
              text run at (0,192) width 81: "consectetuer"
              text run at (0,208) width 63: "adipiscing"
              text run at (0,224) width 21: "elit,"
              text run at (0,240) width 23: "sed"
              text run at (0,256) width 30: "diam"
              text run at (0,272) width 60: "nonummy"
              text run at (0,288) width 26: "nibh"
              text run at (0,304) width 52: "euismod"
              text run at (0,320) width 52: "tincidunt"
              text run at (0,336) width 11: "ut"
              text run at (0,352) width 44: "laoreet"
              text run at (0,368) width 40: "dolore"
              text run at (0,384) width 43: "magna"
              text run at (0,400) width 48: "aliquam"
              text run at (0,416) width 25: "erat"
              text run at (0,432) width 52: "volutpat."
              text run at (0,448) width 14: "Ut"
              text run at (0,464) width 23: "wisi"
              text run at (0,480) width 30: "enim"
              text run at (0,496) width 16: "ad"
              text run at (0,512) width 36: "minim"
              text run at (0,528) width 48: "veniam,"
              text run at (0,544) width 25: "quis"
              text run at (0,560) width 47: "nostrud"
              text run at (0,576) width 38: "exerci"
              text run at (0,592) width 35: "tation"
              text run at (0,608) width 73: "ullamcorper"
              text run at (0,624) width 46: "suscipit"
              text run at (0,640) width 45: "lobortis"
              text run at (0,656) width 21: "nisl"
              text run at (0,672) width 11: "ut"
              text run at (0,688) width 40: "aliquip"
              text run at (0,704) width 15: "ex"
              text run at (0,720) width 16: "ea"
              text run at (0,736) width 61: "commodo"
              text run at (0,752) width 68: "consequat."
              text run at (0,768) width 27: "Duis"
              text run at (0,784) width 38: "autem"
              text run at (0,800) width 18: "vel"
              text run at (0,816) width 26: "eum"
              text run at (0,832) width 31: "iriure"
              text run at (0,848) width 32: "dolor"
              text run at (0,864) width 11: "in"
              text run at (0,880) width 57: "hendrerit"
              text run at (0,896) width 11: "in"
              text run at (0,912) width 56: "vulputate"
              text run at (0,928) width 25: "velit"
              text run at (0,944) width 30: "esse"
              text run at (0,960) width 52: "molestie"
              text run at (0,976) width 68: "consequat,"
              text run at (0,992) width 18: "vel"
              text run at (0,1008) width 27: "illum"
              text run at (0,1024) width 40: "dolore"
              text run at (0,1040) width 15: "eu"
              text run at (0,1056) width 42: "feugiat"
              text run at (0,1072) width 29: "nulla"
              text run at (0,1088) width 45: "facilisis"
              text run at (0,1104) width 12: "at"
              text run at (0,1120) width 28: "vero"
              text run at (0,1136) width 28: "eros"
              text run at (0,1152) width 12: "et"
              text run at (0,1168) width 63: "accumsan"
              text run at (0,1184) width 12: "et"
              text run at (0,1200) width 29: "iusto"
              text run at (0,1216) width 27: "odio"
              text run at (0,1232) width 58: "dignissim"
              text run at (0,1248) width 18: "qui"
              text run at (0,1264) width 41: "blandit"
              text run at (0,1280) width 56: "praesent"
              text run at (0,1296) width 52: "luptatum"
              text run at (0,1312) width 25: "zzril"
              text run at (0,1328) width 42: "delenit"
              text run at (0,1344) width 38: "augue"
              text run at (0,1360) width 25: "duis"
              text run at (0,1376) width 40: "dolore"
              text run at (0,1392) width 12: "te"
              text run at (0,1408) width 42: "feugait"
              text run at (0,1424) width 29: "nulla"
              text run at (0,1440) width 41: "facilisi."
          RenderBlock {P} at (112,1596) size 0x1456
            RenderText {#text} at (0,0) size 81x1456
              text run at (0,0) width 20: "P3:"
              text run at (0,16) width 27: "This"
              text run at (0,32) width 41: "should"
              text run at (0,48) width 15: "be"
              text run at (0,64) width 55: "indented"
              text run at (0,80) width 24: "and"
              text run at (0,96) width 36: "inline."
              text run at (0,112) width 14: "Ut"
              text run at (0,128) width 23: "wisi"
              text run at (0,144) width 30: "enim"
              text run at (0,160) width 16: "ad"
              text run at (0,176) width 36: "minim"
              text run at (0,192) width 48: "veniam,"
              text run at (0,208) width 25: "quis"
              text run at (0,224) width 47: "nostrud"
              text run at (0,240) width 38: "exerci"
              text run at (0,256) width 35: "tation"
              text run at (0,272) width 73: "ullamcorper"
              text run at (0,288) width 46: "suscipit"
              text run at (0,304) width 45: "lobortis"
              text run at (0,320) width 21: "nisl"
              text run at (0,336) width 11: "ut"
              text run at (0,352) width 40: "aliquip"
              text run at (0,368) width 15: "ex"
              text run at (0,384) width 16: "ea"
              text run at (0,400) width 61: "commodo"
              text run at (0,416) width 68: "consequat."
              text run at (0,432) width 27: "Duis"
              text run at (0,448) width 38: "autem"
              text run at (0,464) width 18: "vel"
              text run at (0,480) width 26: "eum"
              text run at (0,496) width 31: "iriure"
              text run at (0,512) width 32: "dolor"
              text run at (0,528) width 11: "in"
              text run at (0,544) width 57: "hendrerit"
              text run at (0,560) width 11: "in"
              text run at (0,576) width 56: "vulputate"
              text run at (0,592) width 25: "velit"
              text run at (0,608) width 30: "esse"
              text run at (0,624) width 52: "molestie"
              text run at (0,640) width 68: "consequat,"
              text run at (0,656) width 18: "vel"
              text run at (0,672) width 27: "illum"
              text run at (0,688) width 40: "dolore"
              text run at (0,704) width 15: "eu"
              text run at (0,720) width 42: "feugiat"
              text run at (0,736) width 29: "nulla"
              text run at (0,752) width 45: "facilisis"
              text run at (0,768) width 12: "at"
              text run at (0,784) width 28: "vero"
              text run at (0,800) width 28: "eros"
              text run at (0,816) width 12: "et"
              text run at (0,832) width 63: "accumsan"
              text run at (0,848) width 12: "et"
              text run at (0,864) width 29: "iusto"
              text run at (0,880) width 27: "odio"
              text run at (0,896) width 58: "dignissim"
              text run at (0,912) width 18: "qui"
              text run at (0,928) width 41: "blandit"
              text run at (0,944) width 56: "praesent"
              text run at (0,960) width 52: "luptatum"
              text run at (0,976) width 25: "zzril"
              text run at (0,992) width 42: "delenit"
              text run at (0,1008) width 38: "augue"
              text run at (0,1024) width 25: "duis"
              text run at (0,1040) width 40: "dolore"
              text run at (0,1056) width 12: "te"
              text run at (0,1072) width 42: "feugait"
              text run at (0,1088) width 29: "nulla"
              text run at (0,1104) width 41: "facilisi."
              text run at (0,1120) width 40: "Lorem"
              text run at (0,1136) width 36: "ipsum"
              text run at (0,1152) width 32: "dolor"
              text run at (0,1168) width 14: "sit"
              text run at (0,1184) width 34: "amet,"
              text run at (0,1200) width 81: "consectetuer"
              text run at (0,1216) width 63: "adipiscing"
              text run at (0,1232) width 21: "elit,"
              text run at (0,1248) width 23: "sed"
              text run at (0,1264) width 30: "diam"
              text run at (0,1280) width 60: "nonummy"
              text run at (0,1296) width 26: "nibh"
              text run at (0,1312) width 52: "euismod"
              text run at (0,1328) width 52: "tincidunt"
              text run at (0,1344) width 11: "ut"
              text run at (0,1360) width 44: "laoreet"
              text run at (0,1376) width 40: "dolore"
              text run at (0,1392) width 43: "magna"
              text run at (0,1408) width 48: "aliquam"
              text run at (0,1424) width 25: "erat"
              text run at (0,1440) width 52: "volutpat."
      RenderBlock {P} at (0,3992) size 80x912
        RenderText {#text} at (0,0) size 81x912
          text run at (0,0) width 51: "P4: This"
          text run at (0,16) width 68: "represents"
          text run at (0,32) width 61: "the footer"
          text run at (0,48) width 69: "and should"
          text run at (0,64) width 74: "be flush-left."
          text run at (0,80) width 69: "Duis autem"
          text run at (0,96) width 48: "vel eum"
          text run at (0,112) width 67: "iriure dolor"
          text run at (0,128) width 72: "in hendrerit"
          text run at (0,144) width 71: "in vulputate"
          text run at (0,160) width 59: "velit esse"
          text run at (0,176) width 52: "molestie"
          text run at (0,192) width 68: "consequat,"
          text run at (0,208) width 49: "vel illum"
          text run at (0,224) width 59: "dolore eu"
          text run at (0,240) width 75: "feugiat nulla"
          text run at (0,256) width 61: "facilisis at"
          text run at (0,272) width 76: "vero eros et"
          text run at (0,288) width 79: "accumsan et"
          text run at (0,304) width 60: "iusto odio"
          text run at (0,320) width 80: "dignissim qui"
          text run at (0,336) width 41: "blandit"
          text run at (0,352) width 56: "praesent"
          text run at (0,368) width 52: "luptatum"
          text run at (0,384) width 71: "zzril delenit"
          text run at (0,400) width 67: "augue duis"
          text run at (0,416) width 56: "dolore te"
          text run at (0,432) width 75: "feugait nulla"
          text run at (0,448) width 41: "facilisi."
          text run at (0,464) width 80: "Lorem ipsum"
          text run at (0,480) width 50: "dolor sit"
          text run at (0,496) width 34: "amet,"
          text run at (0,512) width 81: "consectetuer"
          text run at (0,528) width 63: "adipiscing"
          text run at (0,544) width 48: "elit, sed"
          text run at (0,560) width 30: "diam"
          text run at (0,576) width 60: "nonummy"
          text run at (0,592) width 26: "nibh"
          text run at (0,608) width 52: "euismod"
          text run at (0,624) width 67: "tincidunt ut"
          text run at (0,640) width 44: "laoreet"
          text run at (0,656) width 40: "dolore"
          text run at (0,672) width 43: "magna"
          text run at (0,688) width 77: "aliquam erat"
          text run at (0,704) width 70: "volutpat. Ut"
          text run at (0,720) width 77: "wisi enim ad"
          text run at (0,736) width 36: "minim"
          text run at (0,752) width 77: "veniam, quis"
          text run at (0,768) width 47: "nostrud"
          text run at (0,784) width 77: "exerci tation"
          text run at (0,800) width 73: "ullamcorper"
          text run at (0,816) width 46: "suscipit"
          text run at (0,832) width 70: "lobortis nisl"
          text run at (0,848) width 74: "ut aliquip ex"
          text run at (0,864) width 16: "ea"
          text run at (0,880) width 61: "commodo"
          text run at (0,896) width 68: "consequat."
