layer at (0,0) size 96x555
  RenderView at (0,0) size 96x26
layer at (0,0) size 96x555
  RenderBlock {HTML} at (0,0) size 96x555
    RenderBody {BODY} at (0,0) size 96x555
      RenderBlock {DIV} at (0,0) size 96x121 [bgcolor=#008000] [border: (1px solid #FFFFFF) none]
        RenderBlock {H1} at (0,51) size 96x70 [color=#FFFFFF]
        RenderBlock {DIV} at (0,171) size 96x0
          RenderBlock {UL} at (0,0) size 96x0
            RenderBlock (floating) {LI} at (0,0) size 96x116 [border: (2px solid #0000FF)]
              RenderText {#text} at (2,2) size 83x112
                text run at (2,2) width 83: "There should"
                text run at (2,18) width 55: "be a gap"
                text run at (2,34) width 79: "between this"
                text run at (2,50) width 79: "float and the"
                text run at (2,66) width 37: "green"
                text run at (2,82) width 59: "rectangle"
                text run at (2,98) width 41: "above."
      RenderBlock {DIV} at (0,221) size 96x192 [bgcolor=#DDDDDD] [border: (2px solid #000000)]
        RenderBlock (floating) {DIV} at (2,66) size 28x28 [bgcolor=#FFFFFF]
        RenderBlock {DIV} at (2,94) size 92x0
        RenderBlock (anonymous) at (2,94) size 92x96
          RenderText {#text} at (0,0) size 91x96
            text run at (0,0) width 54: "This text"
            text run at (0,16) width 60: "should be"
            text run at (0,32) width 85: "inside a black"
            text run at (0,48) width 87: "rectangle and"
            text run at (0,64) width 91: "below the 2em"
            text run at (0,80) width 83: "white square."
      RenderBlock {DIV} at (0,427) size 96x128 [bgcolor=#DDDDDD] [border: (2px solid #000000)]
        RenderBlock (floating) {DIV} at (2,2) size 28x28 [bgcolor=#FFFFFF]
        RenderBlock {DIV} at (2,30) size 92x0
        RenderBlock (anonymous) at (2,30) size 92x96
          RenderText {#text} at (0,0) size 91x96
            text run at (0,0) width 54: "This text"
            text run at (0,16) width 90: "should also be"
            text run at (0,32) width 85: "inside a black"
            text run at (0,48) width 87: "rectangle and"
            text run at (0,64) width 91: "below the 2em"
            text run at (0,80) width 83: "white square."
