layer at (0,0) size 800x600
  RenderView at (0,0) size 800x600
layer at (0,0) size 800x50
  RenderBlock {HTML} at (0,0) size 800x50
    RenderBody {BODY} at (8,8) size 784x34
      RenderBlock (floating) {DIV} at (532,0) size 252x102 [border: (1px solid #FF0000)]
        RenderText {#text} at (1,1) size 77x16
          text run at (1,1) width 77: "TOP-RIGHT"
        RenderBR {BR} at (78,1) size 0x16
        RenderText {#text} at (1,17) size 62x16
          text run at (1,17) width 62: "float:right;"
        RenderBR {BR} at (63,17) size 0x16
        RenderText {#text} at (1,33) size 83x16
          text run at (1,33) width 83: "width: 250px;"
        RenderBR {BR} at (84,33) size 0x16
        RenderText {#text} at (1,49) size 85x16
          text run at (1,49) width 85: "height:100px;"
      RenderBlock {DIV} at (0,0) size 394x34 [border: (1px solid #FF0000)]
        RenderText {#text} at (1,1) size 29x16
          text run at (1,1) width 29: "TOP"
        RenderBR {BR} at (30,1) size 0x16
        RenderText {#text} at (1,17) size 68x16
          text run at (1,17) width 68: "width:50%;"
      RenderBlock (floating) {DIV} at (0,102) size 101x50 [border: (1px solid #FF0000)]
        RenderText {#text} at (1,1) size 99x16
          text run at (1,1) width 99: "BOTTOM-LEFT"
        RenderBR {BR} at (100,1) size 0x16
        RenderText {#text} at (1,17) size 57x16
          text run at (1,17) width 57: "float: left;"
        RenderBR {BR} at (58,17) size 0x16
        RenderText {#text} at (1,33) size 69x16
          text run at (1,33) width 69: "clear: both;"
