layer at (0,0) size 800x600
  RenderView at (0,0) size 800x600
layer at (0,0) size 800x268
  RenderBlock {HTML} at (0,0) size 800x268
    RenderBody {BODY} at (8,8) size 784x252
      RenderBlock {P} at (0,0) size 784x44
        RenderText {#text} at (14,14) size 330x16
          text run at (14,14) width 330: "\"ONE\" and \"TWO\" below should be on the same line."
      RenderBlock (floating) {UL} at (0,44) size 186x20 [border: (2px solid #0000FF)]
        RenderBlock (floating) {LI} at (2,2) size 91x16
          RenderBlock {SPAN} at (0,0) size 91x16 [bgcolor=#EEEEEE]
            RenderText {#text} at (0,0) size 30x16
              text run at (0,0) width 30: "ONE"
        RenderBlock (floating) {LI} at (93,2) size 91x16
          RenderBlock {SPAN} at (0,0) size 91x16 [bgcolor=#EEEEEE]
            RenderText {#text} at (0,0) size 33x16
              text run at (0,0) width 33: "TWO"
        RenderBlock {DIV} at (2,2) size 182x0
      RenderBlock {P} at (0,64) size 784x44
        RenderText {#text} at (14,14) size 331x16
          text run at (14,14) width 331: "\"ONE\" and \"TWO\" below should be on different lines."
      RenderBlock (floating) {UL} at (0,108) size 95x36 [border: (2px solid #0000FF)]
        RenderBlock (floating) {LI} at (2,2) size 91x16
          RenderBlock {SPAN} at (0,0) size 91x16 [bgcolor=#EEEEEE]
            RenderText {#text} at (0,0) size 30x16
              text run at (0,0) width 30: "ONE"
        RenderBlock (floating) {LI} at (2,18) size 91x16
          RenderBlock {SPAN} at (0,0) size 91x16 [bgcolor=#EEEEEE]
            RenderText {#text} at (0,0) size 33x16
              text run at (0,0) width 33: "TWO"
        RenderBlock {DIV} at (2,2) size 91x0
      RenderBlock {P} at (0,144) size 784x44
        RenderText {#text} at (14,14) size 330x16
          text run at (14,14) width 330: "\"ONE\" and \"TWO\" below should be on the same line."
      RenderBlock (floating) {UL} at (0,188) size 186x20 [border: (2px solid #0000FF)]
        RenderBlock (floating) {LI} at (2,2) size 91x16
          RenderBlock {SPAN} at (0,0) size 91x16 [bgcolor=#EEEEEE]
            RenderText {#text} at (0,0) size 30x16
              text run at (0,0) width 30: "ONE"
        RenderBlock (floating) {LI} at (93,2) size 91x16
          RenderBlock {SPAN} at (0,0) size 91x16 [bgcolor=#EEEEEE]
            RenderText {#text} at (0,0) size 33x16
              text run at (0,0) width 33: "TWO"
      RenderBlock {P} at (0,208) size 784x44
        RenderText {#text} at (14,14) size 331x16
          text run at (14,14) width 331: "\"ONE\" and \"TWO\" below should be on different lines."
      RenderBlock (floating) {UL} at (0,252) size 95x36 [border: (2px solid #0000FF)]
        RenderBlock (floating) {LI} at (2,2) size 91x16
          RenderBlock {SPAN} at (0,0) size 91x16 [bgcolor=#EEEEEE]
            RenderText {#text} at (0,0) size 30x16
              text run at (0,0) width 30: "ONE"
        RenderBlock (floating) {LI} at (2,18) size 91x16
          RenderBlock {SPAN} at (0,0) size 91x16 [bgcolor=#EEEEEE]
            RenderText {#text} at (0,0) size 33x16
              text run at (0,0) width 33: "TWO"
