layer at (0,0) size 800x600
  RenderView at (0,0) size 800x600
layer at (0,0) size 800x108
  RenderBlock {HTML} at (0,0) size 800x108
    RenderBody {BODY} at (8,14) size 784x80
      RenderBlock (floating) {DIV} at (576,0) size 208x56 [bgcolor=#CC6666]
        RenderText {#text} at (20,20) size 168x16
          text run at (20,20) width 168: "DIV NUMBER 1: float:right;"
      RenderBlock (floating) {DIV} at (506,56) size 278x56 [bgcolor=#99CC66]
        RenderText {#text} at (20,20) size 238x16
          text run at (20,20) width 238: "DIV NUMBER 2: clear:right; float:right;"
      RenderBlock (floating) {DIV} at (0,56) size 199x56 [bgcolor=#6699FF]
        RenderText {#text} at (20,20) size 159x16
          text run at (20,20) width 159: "DIV NUMBER 3: float:left;"
      RenderBlock {P} at (0,0) size 784x80
        RenderText {#text} at (0,0) size 568x64
          text run at (0,0) width 562: "The first element is floated to the right. The second element clears the right float and also"
          text run at (0,16) width 568: "floats right. The third element is floated to the left, but is forced below the bottom of the first"
          text run at (0,32) width 553: "element. Yet, somehow this paragraph comes at the end of the markup, and manages to"
          text run at (0,48) width 506: "rise to the top of the page. This behavior is present in Firefox, Safari and Opera. "
        RenderInline {A} at (0,0) size 377x32 [color=#0000EE]
          RenderInline {STRONG} at (0,0) size 377x32
            RenderText {#text} at (506,48) size 377x32
              text run at (506,48) width 70: "Click here"
              text run at (199,64) width 245: "for a real world example of this bug."
