layer at (0,0) size 800x600
  RenderView at (0,0) size 800x600
layer at (0,0) size 800x600
  RenderBlock {HTML} at (0,0) size 800x600
    RenderBody {BODY} at (8,8) size 784x584
      RenderBlock {P} at (0,0) size 784x32
        RenderText {#text} at (0,0) size 138x16
          text run at (0,0) width 138: "This is a pixel test for "
        RenderInline {I} at (0,0) size 779x32
          RenderInline {A} at (0,0) size 330x16 [color=#0000EE]
            RenderText {#text} at (138,0) size 330x16
              text run at (138,0) width 330: "http://bugzilla.opendarwin.org/show_bug.cgi?id=4334"
          RenderText {#text} at (468,0) size 779x32
            text run at (468,0) width 4: " "
            text run at (472,0) width 307: "REGRESSION: Flickering when css-hover should"
            text run at (0,16) width 227: "change opacity on floating elements"
        RenderText {#text} at (227,16) size 3x16
          text run at (227,16) width 3: "."
      RenderBlock {P} at (0,46) size 784x16
        RenderText {#text} at (0,0) size 278x16
          text run at (0,0) width 278: "There should be a solid green square below."
      RenderBlock {HR} at (0,76) size 784x2 [border: (1px inset #000000)]
      RenderBlock (floating) {DIV} at (0,85) size 100x100 [bgcolor=#008000]
