layer at (0,0) size 503x321
  RenderView at (0,0) size 96x26
layer at (0,0) size 503x321
  RenderBlock {HTML} at (0,0) size 96x321
    RenderBody {BODY} at (8,8) size 80x305
      RenderBlock {DIV} at (0,0) size 385x305
        RenderBlock {DIV} at (0,0) size 385x16
          RenderText {#text} at (0,0) size 360x16
            text run at (0,0) width 360: "The yellow block should be to the right of the green block."
        RenderBlock (floating) {DIV} at (0,16) size 100x100 [bgcolor=#008000]
        RenderImage {IMG} at (100,30) size 395x275 [bgcolor=#FFFF00]
