layer at (0,0) size 800x600
  RenderView at (0,0) size 800x600
layer at (0,0) size 800x600
  RenderBlock {HTML} at (0,0) size 800x600
    RenderBody {BODY} at (8,8) size 784x584
      RenderBlock {P} at (0,0) size 784x32
        RenderText {#text} at (0,0) size 176x16
          text run at (0,0) width 176: "This is a regression test for "
        RenderInline {I} at (0,0) size 772x32
          RenderInline {A} at (0,0) size 330x16 [color=#0000EE]
            RenderText {#text} at (176,0) size 330x16
              text run at (176,0) width 330: "http://bugzilla.opendarwin.org/show_bug.cgi?id=7395"
          RenderText {#text} at (506,0) size 772x32
            text run at (506,0) width 4: " "
            text run at (510,0) width 262: "Table not properly re-flowed when floated"
            text run at (0,16) width 150: "div removed from layout"
        RenderText {#text} at (150,16) size 3x16
          text run at (150,16) width 3: "."
      RenderBlock {P} at (0,46) size 784x16
        RenderText {#text} at (0,0) size 255x16
          text run at (0,0) width 255: "The two boxes below should be identical."
      RenderBlock {HR} at (0,76) size 784x2 [border: (1px inset #000000)]
      RenderBlock {DIV} at (0,85) size 200x54 [bgcolor=#C0C0C0]
        RenderTable {TABLE} at (0,0) size 200x54
          RenderTableSection {TBODY} at (0,0) size 200x54
            RenderTableRow {TR} at (0,2) size 200x50
              RenderTableCell {TD} at (2,2) size 196x50 [r=0 c=0 rs=1 cs=1]
                RenderText {#text} at (1,1) size 173x48
                  text run at (1,1) width 172: "Lorem ipsum dolor sit amet,"
                  text run at (1,17) width 173: "consectetuer adipiscing elit."
                  text run at (1,33) width 78: "Nunc neque."
      RenderBlock (anonymous) at (0,139) size 784x16
        RenderBR {BR} at (0,0) size 0x16
      RenderBlock {DIV} at (0,155) size 200x54 [bgcolor=#C0C0C0]
        RenderTable {TABLE} at (0,0) size 200x54
          RenderTableSection {TBODY} at (0,0) size 200x54
            RenderTableRow {TR} at (0,2) size 200x50
              RenderTableCell {TD} at (2,2) size 196x50 [r=0 c=0 rs=1 cs=1]
                RenderText {#text} at (1,1) size 173x48
                  text run at (1,1) width 172: "Lorem ipsum dolor sit amet,"
                  text run at (1,17) width 173: "consectetuer adipiscing elit."
                  text run at (1,33) width 78: "Nunc neque."
