layer at (0,0) size 800x600
  RenderCanvas at (0,0) size 800x600
layer at (0,0) size 800x600
  RenderBlock {HTML} at (0,0) size 800x600
    RenderBody {BODY} at (8,8) size 784x584
      RenderBlock {DIV} at (0,0) size 784x84 [border: (2px solid #FF0000)]
        RenderBR {BR} at (14,14) size 0x28
        RenderText {TEXT} at (14,42) size 38x28
          text run at (14,42) width 38: " foo"
caret: position 1 of child 1 {TEXT} of child 0 {DIV} of child 1 {BODY} of child 0 {HTML} of document
