layer at (0,0) size 800x600
  RenderCanvas at (0,0) size 800x600
layer at (0,0) size 800x600
  RenderBlock {HTML} at (0,0) size 800x600
    RenderBody {BODY} at (8,8) size 784x568
      RenderBlock (anonymous) at (0,0) size 784x112
        RenderText {TEXT} at (0,0) size 749x56
          text run at (0,0) width 749: "Test inserting paragraphs and managing typing style correctly: Only \"line 1\" "
          text run at (0,28) width 627: "should be bold. Other lines should be non-bold. Fix for this bug: "
        RenderInline {A} at (0,0) size 260x28 [color=#0000EE]
          RenderText {TEXT} at (0,56) size 260x28
            text run at (0,56) width 260: "<rdar://problem/3944492>"
        RenderText {TEXT} at (260,56) size 724x56
          text run at (260,56) width 464: " after pressing return twice, text is bold when it "
          text run at (0,84) width 116: "shouldn't be"
      RenderBlock {DIV} at (0,112) size 784x12
      RenderBlock {P} at (0,148) size 784x56 [border: (2px solid #0000FF)]
        RenderInline {B} at (0,0) size 56x28
          RenderText {TEXT} at (14,14) size 56x28
            text run at (14,14) width 56: "line 1"
      RenderBlock {P} at (0,228) size 784x56 [border: (2px solid #0000FF)]
        RenderText {TEXT} at (14,14) size 36x28
          text run at (14,14) width 36: "xxx"
      RenderBlock {P} at (0,308) size 784x56 [border: (2px solid #0000FF)]
        RenderBR {BR} at (14,14) size 0x28
      RenderBlock {P} at (0,388) size 784x56 [border: (2px solid #0000FF)]
        RenderText {TEXT} at (14,14) size 36x28
          text run at (14,14) width 36: "xxx"
selection is CARET:
start:      position 3 of child 1 {TEXT} of child 9 {P} of root {BODY}
upstream:   position 3 of child 1 {TEXT} of child 9 {P} of root {BODY}
downstream: position 3 of child 1 {TEXT} of child 9 {P} of root {BODY}
