layer at (0,0) size 800x688
  RenderCanvas at (0,0) size 800x600
layer at (0,0) size 800x688
  RenderBlock {HTML} at (0,0) size 800x688
    RenderBody {BODY} at (8,8) size 784x656
      RenderBlock (anonymous) at (0,0) size 784x84
        RenderText {TEXT} at (0,0) size 766x56
          text run at (0,0) width 766: "Test inserting paragraphs and managing typing style correctly: \"x\" under \"line "
          text run at (0,28) width 344: "2\" should be bold. Fix for this bug: "
        RenderInline {A} at (0,0) size 260x28 [color=#0000EE]
          RenderText {TEXT} at (344,28) size 260x28
            text run at (344,28) width 260: "<rdar://problem/3939523>"
        RenderText {TEXT} at (604,28) size 755x56
          text run at (604,28) width 151: " in some cases, "
          text run at (0,56) width 543: "text does not retain style info after pressing return twice"
      RenderBlock {DIV} at (0,84) size 784x12
      RenderBlock {P} at (0,120) size 784x56 [border: (2px solid #0000FF)]
        RenderText {TEXT} at (14,14) size 55x28
          text run at (14,14) width 55: "line 1"
      RenderBlock {P} at (0,200) size 784x56 [border: (2px solid #0000FF)]
        RenderBR {BR} at (14,14) size 0x28
      RenderBlock {P} at (0,280) size 784x56 [border: (2px solid #0000FF)]
        RenderInline {B} at (0,0) size 56x28
          RenderText {TEXT} at (14,14) size 56x28
            text run at (14,14) width 56: "line 2"
      RenderBlock {P} at (0,360) size 784x56 [border: (2px solid #0000FF)]
        RenderInline {B} at (0,0) size 0x28
          RenderBR {BR} at (14,14) size 0x28
      RenderBlock {P} at (0,440) size 784x56 [border: (2px solid #0000FF)]
        RenderInline {B} at (0,0) size 12x28
          RenderText {TEXT} at (14,14) size 12x28
            text run at (14,14) width 12: "x"
      RenderBlock {P} at (0,520) size 784x56 [border: (2px solid #0000FF)]
        RenderBR {BR} at (14,14) size 0x28
      RenderBlock {P} at (0,600) size 784x56 [border: (2px solid #0000FF)]
        RenderText {TEXT} at (14,14) size 55x28
          text run at (14,14) width 55: "line 3"
selection is CARET:
start:      position 1 of child 1 {TEXT} of child 1 {B} of child 12 {P} of root {BODY}
upstream:   position 1 of child 1 {TEXT} of child 1 {B} of child 12 {P} of root {BODY}
downstream: position 1 of child 1 {TEXT} of child 1 {B} of child 12 {P} of root {BODY}
