layer at (0,0) size 800x600
  RenderCanvas at (0,0) size 800x600
layer at (0,0) size 800x600
  RenderBlock {HTML} at (0,0) size 800x600
    RenderBody {BODY} at (8,8) size 784x584
      RenderBlock (anonymous) at (0,0) size 784x112
        RenderText {TEXT} at (0,0) size 776x56
          text run at (0,0) width 776: "Test inserting paragraphs: should see \"foo\", then an empty blue box, then a blue"
          text run at (0,28) width 410: "box with with \"bar\" in it. Fix for this bug: "
        RenderInline {A} at (0,0) size 260x28 [color=#0000EE]
          RenderText {TEXT} at (410,28) size 260x28
            text run at (410,28) width 260: "<rdar://problem/3924579>"
        RenderText {TEXT} at (0,56) size 763x56
          text run at (0,56) width 763: "REGRESSION (Mail): After deleting, hitting return key does not insert visible"
          text run at (0,84) width 77: "newline"
      RenderBlock {DIV} at (0,112) size 784x12
      RenderBlock (anonymous) at (0,124) size 784x28
        RenderInline {SPAN} at (0,0) size 32x28
          RenderText {TEXT} at (0,0) size 32x28
            text run at (0,0) width 32: "foo"
      RenderBlock (anonymous) at (0,152) size 784x84
        RenderBlock {P} at (0,0) size 784x28 [border: (2px solid #0000FF)]
        RenderBlock {P} at (0,28) size 784x56 [border: (2px solid #0000FF)]
          RenderInline {SPAN} at (0,0) size 31x28
            RenderText {TEXT} at (14,14) size 31x28
              text run at (14,14) width 31: "bar"
      RenderBlock (anonymous) at (0,236) size 784x0
        RenderInline {SPAN} at (0,0) size 0x0
        RenderText {TEXT} at (0,0) size 0x0
        RenderText {TEXT} at (0,0) size 0x0
selection is CARET:
start:      position 0 of child 1 {TEXT} of child 1 {SPAN} of child 3 {P} of child 6 {SPAN} of root {BODY}
upstream:   position 0 of child 3 {P} of child 6 {SPAN} of root {BODY}
downstream: position 0 of child 1 {TEXT} of child 1 {SPAN} of child 3 {P} of child 6 {SPAN} of root {BODY}
