layer at (0,0) size 800x600
  RenderCanvas at (0,0) size 800x600
layer at (0,0) size 800x600
  RenderBlock {HTML} at (0,0) size 800x600
    RenderBody {BODY} at (8,8) size 784x584
      RenderBlock (anonymous) at (0,0) size 784x28
        RenderText {TEXT} at (0,0) size 667x28
          text run at (0,0) width 667: "Test inserting paragraphs: should see an empty blue box below \"bar\""
      RenderBlock {DIV} at (0,28) size 784x12
      RenderBlock (anonymous) at (0,40) size 784x28
        RenderText {TEXT} at (0,0) size 31x28
          text run at (0,0) width 31: "bar"
      RenderBlock {P} at (0,68) size 784x28 [border: (2px solid #0000FF)]
      RenderBlock {DIV} at (0,96) size 784x56 [border: (2px solid #FF0000)]
        RenderText {TEXT} at (14,14) size 34x28
          text run at (14,14) width 34: "baz"
selection is CARET:
start:      position 0 of child 4 {P} of root {BODY}
upstream:   position 0 of child 4 {P} of root {BODY}
downstream: position 1 of child 4 {P} of root {BODY}
