layer at (0,0) size 800x600
  RenderCanvas at (0,0) size 800x600
layer at (0,0) size 800x600
  RenderBlock {HTML} at (0,0) size 800x600
    RenderBody {BODY} at (8,8) size 784x584
      RenderBlock {DIV} at (0,0) size 784x56 [border: (2px solid #FF0000)]
        RenderText {TEXT} at (14,14) size 36x28
          text run at (14,14) width 36: "xxx"
selection is CARET:
start:      position 3 of child 1 {TEXT} of root {DIV}
upstream:   position 3 of child 1 {TEXT} of root {DIV}
downstream: position 3 of child 1 {TEXT} of root {DIV}
