layer at (0,0) size 800x600
  RenderCanvas at (0,0) size 800x600
layer at (0,0) size 800x600
  RenderBlock {HTML} at (0,0) size 800x600
    RenderBody {BODY} at (8,8) size 784x584
      RenderBlock {DIV} at (0,0) size 784x112 [border: (2px solid #FF0000)]
        RenderInline {SPAN} at (0,0) size 32x84
          RenderText {TEXT} at (14,14) size 32x28
            text run at (14,14) width 32: "foo"
          RenderBR {BR} at (0,0) size 0x0
          RenderBR {BR} at (14,42) size 0x28
          RenderText {TEXT} at (14,70) size 12x28
            text run at (14,70) width 12: "x"
          RenderBR {BR} at (0,0) size 0x0
        RenderText {TEXT} at (0,0) size 0x0
caret: position 1 of child 3 {TEXT} of child 1 {SPAN} of child 0 {DIV} of child 1 {BODY} of child 0 {HTML} of document
