layer at (0,0) size 800x600
  RenderCanvas at (0,0) size 800x600
layer at (0,0) size 800x600
  RenderBlock {HTML} at (0,0) size 800x600
    RenderBody {BODY} at (8,8) size 784x584
      RenderBlock {DIV} at (0,0) size 784x252 [border: (2px solid #FF0000)]
        RenderInline {SPAN} at (0,0) size 70x224
          RenderText {TEXT} at (14,14) size 70x28
            text run at (14,14) width 70: "XXxxx"
          RenderBR {BR} at (0,0) size 0x0
          RenderText {TEXT} at (14,42) size 70x28
            text run at (14,42) width 70: "XXxxx"
          RenderBR {BR} at (0,0) size 0x0
          RenderText {TEXT} at (14,70) size 36x28
            text run at (14,70) width 36: "xxx"
          RenderBR {BR} at (0,0) size 0x0
          RenderText {TEXT} at (14,98) size 70x28
            text run at (14,98) width 70: "XXxxx"
          RenderBR {BR} at (0,0) size 0x0
          RenderText {TEXT} at (14,126) size 36x28
            text run at (14,126) width 36: "xxx"
          RenderBR {BR} at (0,0) size 0x0
          RenderText {TEXT} at (14,154) size 36x28
            text run at (14,154) width 36: "xxx"
          RenderBR {BR} at (0,0) size 0x0
          RenderText {TEXT} at (14,182) size 36x28
            text run at (14,182) width 36: "xxx"
          RenderBR {BR} at (0,0) size 0x0
          RenderText {TEXT} at (14,210) size 70x28
            text run at (14,210) width 70: "XXxxx"
        RenderText {TEXT} at (0,0) size 0x0
selection is CARET:
start:      position 5 of child 15 {TEXT} of child 2 {SPAN} of root {DIV}
upstream:   position 5 of child 15 {TEXT} of child 2 {SPAN} of root {DIV}
downstream: position 1 of child 3 {TEXT} of root {DIV}
