layer at (0,0) size 800x600
  RenderView at (0,0) size 800x600
layer at (0,0) size 800x600
  RenderBlock {HTML} at (0,0) size 800x600
    RenderBody {BODY} at (8,8) size 784x584
      RenderTextControl {INPUT} at (2,2) size 148x19 [bgcolor=#FFFFFF] [border: (2px inset #000000)]
      RenderBR {BR} at (152,16) size 0x0
      RenderTextControl {INPUT} at (2,25) size 148x19 [bgcolor=#FFFFFF] [border: (2px inset #000000)]
      RenderText {#text} at (152,25) size 4x18
        text run at (152,25) width 4: " "
      RenderText {#text} at (156,25) size 455x18
        text run at (156,25) width 455: "tabbing between forms in design mode (nothing happens at the moment)"
      RenderBR {BR} at (611,39) size 0x0
layer at (13,13) size 142x13
  RenderBlock {DIV} at (3,3) size 142x13
layer at (13,36) size 142x13
  RenderBlock {DIV} at (3,3) size 142x13
caret: position 0 of child 0 {DIV} of child 1 {INPUT} of child 0 {BODY} of child 0 {HTML} of document
