layer at (0,0) size 800x600
  RenderView at (0,0) size 800x600
layer at (0,0) size 800x600
  RenderBlock {HTML} at (0,0) size 800x600
    RenderFrameSet {FRAMESET} at (0,0) size 800x600
      RenderFrame {FRAME} at (0,0) size 800x534
        layer at (0,0) size 800x534
          RenderView at (0,0) size 800x534
        layer at (0,0) size 800x534
          RenderBlock {HTML} at (0,0) size 800x534
            RenderBody {BODY} at (8,8) size 784x518
              RenderText {#text} at (0,0) size 475x25
                text run at (0,0) width 475: "This 404 error was intentionally generated by a test script."
      RenderFrame {FRAME} at (0,540) size 800x60
        layer at (0,0) size 784x114
          RenderView at (0,0) size 784x60
        layer at (0,0) size 784x114
          RenderBlock {HTML} at (0,0) size 784x114
            RenderBody {BODY} at (8,8) size 768x98
              RenderText {#text} at (0,0) size 762x98
                text run at (0,0) width 762: "This is just a minimal page that we navigate to"
                text run at (0,49) width 517: "as part of testing back/forward."

============== Back Forward List ==============
        http://127.0.0.1:8000/navigation/error404-subframeload.html  **nav target**
        http://127.0.0.1:8000/navigation/resources/frameset.pl?frameURL=otherpage.html  **nav target**
            http://127.0.0.1:8000/navigation/resources/otherpage.html (in frame "footer")
            http://127.0.0.1:8000/navigation/resources/otherpage.html (in frame "main")
curr->  http://127.0.0.1:8000/navigation/resources/frameset.pl?frameURL=otherpage.html
            http://127.0.0.1:8000/navigation/resources/otherpage.html (in frame "footer")
            http://127.0.0.1:8000/navigation/resources/error404.pl (in frame "main")  **nav target**
===============================================
