layer at (0,0) size 800x600
  RenderView at (0,0) size 800x600
layer at (0,0) size 800x600
  RenderBlock {HTML} at (0,0) size 800x600
    RenderFrameSet {FRAMESET} at (0,0) size 800x600
      RenderFrame {FRAME} at (0,0) size 800x534
        layer at (0,0) size 800x534
          RenderView at (0,0) size 800x534
        layer at (0,0) size 800x534
          RenderBlock {HTML} at (0,0) size 800x534
            RenderBody {BODY} at (8,8) size 784x518
              RenderText {#text} at (0,0) size 762x83
                text run at (0,0) width 762: "This is just a minimal page that we navigate in response"
                text run at (0,42) width 272: "to an HTTP POST. "
              RenderBR {BR} at (0,0) size 0x0
              RenderBR {BR} at (0,84) size 0x41
              RenderText {#text} at (0,126) size 749x125
                text run at (0,126) width 697: "If the next line is empty after the colon, it probably"
                text run at (0,168) width 287: "means that we made "
                text run at (287,168) width 462: "a mistake and requested this page"
                text run at (0,210) width 632: "with a GET with no query instead of a POST. "
              RenderBR {BR} at (0,0) size 0x0
              RenderBR {BR} at (0,252) size 0x41
              RenderText {#text} at (0,294) size 754x41
                text run at (0,294) width 754: "The first text field contained: New form text from user "
              RenderBR {BR} at (0,0) size 0x0
              RenderText {#text} at (0,336) size 613x41
                text run at (0,336) width 613: "This page was requested with an HTTP GET"
      RenderFrame {FRAME} at (0,540) size 800x60
        layer at (0,0) size 784x100
          RenderView at (0,0) size 784x60
        layer at (0,0) size 784x100
          RenderBlock {HTML} at (0,0) size 784x100
            RenderBody {BODY} at (8,8) size 768x84
              RenderText {#text} at (0,0) size 739x83
                text run at (0,0) width 739: "This is just a minimal page that we navigate to as part"
                text run at (0,42) width 329: "of testing back/forward."

============== Back Forward List ==============
        http://127.0.0.1:8000/navigation/postredirect-frames.html  **nav target**
        http://127.0.0.1:8000/navigation/resources/frameset.pl?frameURL=success200.html  **nav target**
            http://127.0.0.1:8000/navigation/resources/otherpage.html (in frame "footer")
            http://127.0.0.1:8000/navigation/resources/success200.html (in frame "main")
curr->  http://127.0.0.1:8000/navigation/resources/frameset.pl?frameURL=success200.html
            http://127.0.0.1:8000/navigation/resources/otherpage.html (in frame "footer")
            http://127.0.0.1:8000/navigation/resources/postresult.pl (in frame "main")  **nav target**
===============================================
