layer at (0,0) size 800x600
  RenderView at (0,0) size 800x600
layer at (0,0) size 800x600
  RenderBlock {HTML} at (0,0) size 800x600
    RenderBody {BODY} at (8,8) size 784x584
      RenderBlock {DIV} at (0,0) size 784x210
        RenderText {#text} at (0,188) size 134x22
          text run at (0,188) width 134: "Here is the iFrame: "
        RenderPartObject {IFRAME} at (134,0) size 204x204 [border: (2px inset #000000)]
          layer at (0,0) size 200x200
            RenderView at (0,0) size 200x200
          layer at (0,0) size 200x200
            RenderBlock {HTML} at (0,0) size 200x200
              RenderBody {BODY} at (8,8) size 184x184
        RenderText {#text} at (0,0) size 0x0
      RenderBlock {DIV} at (0,210) size 784x22
        RenderText {#text} at (0,0) size 83x22
          text run at (0,0) width 83: "about:blank"
