layer at (0,0) size 800x600
  RenderView at (0,0) size 800x600
layer at (0,0) size 800x600
  RenderBlock {HTML} at (0,0) size 800x600
    RenderFrameSet {FRAMESET} at (0,0) size 800x600
      RenderFrame {FRAME} at (0,0) size 397x600
        layer at (0,0) size 397x600
          RenderView at (0,0) size 397x600
        layer at (0,0) size 397x600
          RenderBlock {HTML} at (0,0) size 397x600
            RenderBody {BODY} at (8,8) size 381x578
              RenderBlock {P} at (0,0) size 381x38
                RenderText {#text} at (0,0) size 53x19
                  text run at (0,0) width 53: "Test for "
                RenderInline {A} at (0,0) size 60x19 [color=#0000EE]
                  RenderText {#text} at (53,0) size 60x19
                    text run at (53,0) width 60: "bug 3400"
                RenderText {#text} at (113,0) size 373x38
                  text run at (113,0) width 260: ": setting the .src of an iframe to the same"
                  text run at (0,19) width 177: "value does not reload page."
              RenderBlock {P} at (0,52) size 381x38
                RenderText {#text} at (0,0) size 373x38
                  text run at (0,0) width 373: "Testing that setting contentWindow.location.href of a frame"
                  text run at (0,19) width 154: "to the same value works"
              RenderBlock {P} at (0,104) size 381x19
                RenderText {#text} at (0,0) size 66x19
                  text run at (0,0) width 66: "SUCCESS"
      RenderFrame {FRAME} at (403,0) size 397x600
        layer at (0,0) size 397x600
          RenderView at (0,0) size 397x600
        layer at (0,0) size 397x600
          RenderBlock {HTML} at (0,0) size 397x600
            RenderBody {BODY} at (8,8) size 381x584 [bgcolor=#800080]
