layer at (0,0) size 784x701
  RenderView at (0,0) size 784x600
layer at (0,0) size 784x701
  RenderBlock {HTML} at (0,0) size 784x701
    RenderBody {BODY} at (8,8) size 768x685
      RenderBlock {P} at (0,0) size 768x42
        RenderText {#text} at (0,0) size 234x21
          text run at (0,0) width 234: "This page tests the behavior of the "
        RenderInline {TT} at (0,0) size 48x16
          RenderText {#text} at (234,3) size 48x16
            text run at (234,3) width 48: "scrolling"
        RenderText {#text} at (282,0) size 88x21
          text run at (282,0) width 88: " attribute on "
        RenderInline {TT} at (0,0) size 52x16
          RenderText {#text} at (370,3) size 52x16
            text run at (370,3) width 52: "<iframe>"
        RenderText {#text} at (422,0) size 740x42
          text run at (422,0) width 318: " elements which contain a page large enough to"
          text run at (0,21) width 129: "need to be scrolled."
      RenderBlock (anonymous) at (0,58) size 768x627
        RenderPartObject {IFRAME} at (0,0) size 204x204 [border: (2px inset #000000)]
          layer at (0,0) size 408x516
            RenderView at (0,0) size 184x184
          layer at (0,0) size 184x516
            RenderBlock {HTML} at (0,0) size 184x516
              RenderBody {BODY} at (8,8) size 168x500
                RenderBlock {P} at (0,0) size 168x84
                  RenderText {#text} at (0,0) size 141x84
                    text run at (0,0) width 118: "This page is large"
                    text run at (0,21) width 140: "enough to need to be"
                    text run at (0,42) width 141: "scrolled in a 200x200"
                    text run at (0,63) width 44: "frame."
                RenderBlock {DIV} at (0,100) size 400x400 [bgcolor=#0000FF]
        RenderText {#text} at (204,188) size 4x21
          text run at (204,188) width 4: " "
        RenderPartObject {IFRAME} at (208,0) size 204x204 [border: (2px inset #000000)]
          layer at (0,0) size 408x516
            RenderView at (0,0) size 184x184
          layer at (0,0) size 184x516
            RenderBlock {HTML} at (0,0) size 184x516
              RenderBody {BODY} at (8,8) size 168x500
                RenderBlock {P} at (0,0) size 168x84
                  RenderText {#text} at (0,0) size 141x84
                    text run at (0,0) width 118: "This page is large"
                    text run at (0,21) width 140: "enough to need to be"
                    text run at (0,42) width 141: "scrolled in a 200x200"
                    text run at (0,63) width 44: "frame."
                RenderBlock {DIV} at (0,100) size 400x400 [bgcolor=#0000FF]
        RenderText {#text} at (412,188) size 4x21
          text run at (412,188) width 4: " "
        RenderPartObject {IFRAME} at (416,0) size 204x204 [border: (2px inset #000000)]
          layer at (0,0) size 408x516
            RenderView at (0,0) size 184x184
          layer at (0,0) size 184x516
            RenderBlock {HTML} at (0,0) size 184x516
              RenderBody {BODY} at (8,8) size 168x500
                RenderBlock {P} at (0,0) size 168x84
                  RenderText {#text} at (0,0) size 141x84
                    text run at (0,0) width 118: "This page is large"
                    text run at (0,21) width 140: "enough to need to be"
                    text run at (0,42) width 141: "scrolled in a 200x200"
                    text run at (0,63) width 44: "frame."
                RenderBlock {DIV} at (0,100) size 400x400 [bgcolor=#0000FF]
        RenderText {#text} at (620,188) size 4x21
          text run at (620,188) width 4: " "
        RenderPartObject {IFRAME} at (0,209) size 204x204 [border: (2px inset #000000)]
          layer at (0,0) size 408x516
            RenderView at (0,0) size 184x184
          layer at (0,0) size 184x516
            RenderBlock {HTML} at (0,0) size 184x516
              RenderBody {BODY} at (8,8) size 168x500
                RenderBlock {P} at (0,0) size 168x84
                  RenderText {#text} at (0,0) size 141x84
                    text run at (0,0) width 118: "This page is large"
                    text run at (0,21) width 140: "enough to need to be"
                    text run at (0,42) width 141: "scrolled in a 200x200"
                    text run at (0,63) width 44: "frame."
                RenderBlock {DIV} at (0,100) size 400x400 [bgcolor=#0000FF]
        RenderText {#text} at (204,397) size 4x21
          text run at (204,397) width 4: " "
        RenderPartObject {IFRAME} at (208,209) size 204x204 [border: (2px inset #000000)]
          layer at (0,0) size 408x516
            RenderView at (0,0) size 184x184
          layer at (0,0) size 184x516
            RenderBlock {HTML} at (0,0) size 184x516
              RenderBody {BODY} at (8,8) size 168x500
                RenderBlock {P} at (0,0) size 168x84
                  RenderText {#text} at (0,0) size 141x84
                    text run at (0,0) width 118: "This page is large"
                    text run at (0,21) width 140: "enough to need to be"
                    text run at (0,42) width 141: "scrolled in a 200x200"
                    text run at (0,63) width 44: "frame."
                RenderBlock {DIV} at (0,100) size 400x400 [bgcolor=#0000FF]
        RenderText {#text} at (412,397) size 4x21
          text run at (412,397) width 4: " "
        RenderPartObject {IFRAME} at (416,209) size 204x204 [border: (2px inset #000000)]
          layer at (0,0) size 408x495
            RenderView at (0,0) size 200x200
          layer at (0,0) size 200x495
            RenderBlock {HTML} at (0,0) size 200x495
              RenderBody {BODY} at (8,8) size 184x479
                RenderBlock {P} at (0,0) size 184x63
                  RenderText {#text} at (0,0) size 172x63
                    text run at (0,0) width 172: "This page is large enough"
                    text run at (0,21) width 171: "to need to be scrolled in a"
                    text run at (0,42) width 104: "200x200 frame."
                RenderBlock {DIV} at (0,79) size 400x400 [bgcolor=#0000FF]
        RenderText {#text} at (620,397) size 4x21
          text run at (620,397) width 4: " "
        RenderPartObject {IFRAME} at (0,418) size 204x204 [border: (2px inset #000000)]
          layer at (0,0) size 408x516
            RenderView at (0,0) size 184x184
          layer at (0,0) size 184x516
            RenderBlock {HTML} at (0,0) size 184x516
              RenderBody {BODY} at (8,8) size 168x500
                RenderBlock {P} at (0,0) size 168x84
                  RenderText {#text} at (0,0) size 141x84
                    text run at (0,0) width 118: "This page is large"
                    text run at (0,21) width 140: "enough to need to be"
                    text run at (0,42) width 141: "scrolled in a 200x200"
                    text run at (0,63) width 44: "frame."
                RenderBlock {DIV} at (0,100) size 400x400 [bgcolor=#0000FF]
        RenderText {#text} at (204,606) size 4x21
          text run at (204,606) width 4: " "
        RenderPartObject {IFRAME} at (208,418) size 204x204 [border: (2px inset #000000)]
          layer at (0,0) size 408x516
            RenderView at (0,0) size 184x184
          layer at (0,0) size 184x516
            RenderBlock {HTML} at (0,0) size 184x516
              RenderBody {BODY} at (8,8) size 168x500
                RenderBlock {P} at (0,0) size 168x84
                  RenderText {#text} at (0,0) size 141x84
                    text run at (0,0) width 118: "This page is large"
                    text run at (0,21) width 140: "enough to need to be"
                    text run at (0,42) width 141: "scrolled in a 200x200"
                    text run at (0,63) width 44: "frame."
                RenderBlock {DIV} at (0,100) size 400x400 [bgcolor=#0000FF]
        RenderText {#text} at (0,0) size 0x0
