layer at (0,0) size 800x600
  RenderView at (0,0) size 800x600
layer at (0,0) size 800x600
  RenderBlock {HTML} at (0,0) size 800x600
    RenderBody {BODY} at (8,8) size 784x576
      RenderBlock (anonymous) at (0,0) size 784x44
        RenderPartObject {IFRAME} at (0,0) size 204x44 [border: (2px inset #000000)]
          layer at (0,0) size 187x44
            RenderView at (0,0) size 184x24
          layer at (0,0) size 187x44
            RenderBlock {HTML} at (0,0) size 184x44
              RenderBody {BODY} at (8,8) size 168x28
                RenderTextControl {INPUT} at (2,2) size 175x24
          layer at (12,12) size 171x20
            RenderBlock {DIV} at (2,2) size 171x20
        RenderText {#text} at (0,0) size 0x0
      RenderBlock {P} at (0,60) size 784x28
        RenderText {#text} at (0,4) size 399x20
          text run at (0,4) width 399: "This field should look and act focused. Try to type into it: "
        RenderTextControl {INPUT} at (401,2) size 175x24
layer at (411,72) size 171x20
  RenderBlock {DIV} at (2,2) size 171x20
    RenderText {#text} at (1,0) size 44x20
      text run at (1,0) width 44: "PASS"
caret: position 4 of child 0 {#text} of child 0 {DIV} of child 1 {INPUT} of child 3 {P} of child 1 {BODY} of child 0 {HTML} of document
