EDITING DELEGATE: shouldBeginEditingInDOMRange:range from 0 of BODY > HTML > #document to 6 of BODY > HTML > #document
EDITING DELEGATE: webViewDidBeginEditing:WebViewDidBeginEditingNotification
EDITING DELEGATE: webViewDidChangeSelection:WebViewDidChangeSelectionNotification
EDITING DELEGATE: shouldChangeSelectedDOMRange:(null) toDOMRange:range from 0 of DIV > BODY > HTML > #document to 0 of DIV > BODY > HTML > #document affinity:NSSelectionAffinityDownstream stillSelecting:FALSE
EDITING DELEGATE: webViewDidChangeSelection:WebViewDidChangeSelectionNotification
EDITING DELEGATE: webViewDidChange:WebViewDidChangeNotification
layer at (0,0) size 800x600
  RenderView at (0,0) size 800x600
layer at (0,0) size 800x600
  RenderBlock {HTML} at (0,0) size 800x600
    RenderBody {BODY} at (8,8) size 784x562
      RenderBlock {P} at (0,0) size 784x36
        RenderText {#text} at (0,0) size 750x36
          text run at (0,0) width 478: "This tests to see if selection gaps are removed when the selection is deleted. "
          text run at (478,0) width 222: "Nothing should be selected below. "
          text run at (700,0) width 50: "A caret "
          text run at (0,18) width 177: "should be inside the red div."
      RenderBlock {DIV} at (30,66) size 152x20 [border: (1px solid #FF0000)]
        RenderBR {BR} at (1,1) size 0x18
caret: position 0 of child 0 {BR} of child 3 {DIV} of child 2 {BODY} of child 0 {HTML} of document
