layer at (0,0) size 800x600
  RenderView at (0,0) size 800x600
layer at (0,0) size 800x507
  RenderBlock {HTML} at (0,0) size 800x507
    RenderBody {BODY} at (8,16) size 784x475
      RenderBlock {P} at (0,0) size 784x21
        RenderText {#text} at (0,0) size 531x21
          text run at (0,0) width 531: "The following two columns should be pixel perfect identical with no red visible."
      RenderTable {TABLE} at (0,37) size 78x401 [border: (3px solid #000000)]
        RenderTableSection {TBODY} at (3,3) size 72x395
          RenderTableRow {TR} at (0,0) size 72x395
            RenderTableCell {TD} at (0,0) size 36x395 [bgcolor=#FFA500] [r=0 c=0 rs=1 cs=1]
              RenderBlock (anonymous) at (0,0) size 36x0
                RenderInline {SPAN} at (0,0) size 0x0
              RenderBlock (anonymous) at (0,50) size 36x295
                RenderBlock {DIV} at (0,0) size 36x295 [bgcolor=#0000FF]
                  RenderBlock (anonymous) at (0,0) size 36x0
                    RenderInline {SPAN} at (0,0) size 0x0
                  RenderBlock (anonymous) at (0,0) size 36x65
                    RenderBlock {DIV} at (0,0) size 36x65 [bgcolor=#FF0000]
                      RenderBlock (anonymous) at (0,0) size 36x0
                        RenderInline {SPAN} at (0,0) size 0x0
                      RenderBlock (anonymous) at (0,0) size 36x65
                        RenderBlock {DIV} at (0,0) size 36x65 [bgcolor=#FF0000]
                          RenderBlock (anonymous) at (0,0) size 36x0
                            RenderInline {SPAN} at (0,0) size 0x0
                          RenderBlock (anonymous) at (0,0) size 36x65
                            RenderBlock {DIV} at (0,0) size 36x65 [bgcolor=#FFFF00]
                              RenderText {#text} at (0,0) size 36x65
                                text run at (0,0) width 36: "A"
                          RenderBlock (anonymous) at (0,115) size 36x0
                            RenderInline {SPAN} at (0,0) size 0x0
                      RenderBlock (anonymous) at (0,115) size 36x0
                        RenderInline {SPAN} at (0,0) size 0x0
                          RenderInline {SPAN} at (0,0) size 0x0
                      RenderBlock (anonymous) at (0,115) size 36x0
                        RenderBlock {DIV} at (0,0) size 36x0 [bgcolor=#FF0000]
                      RenderBlock (anonymous) at (0,115) size 36x0
                        RenderInline {SPAN} at (0,0) size 0x0
                          RenderInline {SPAN} at (0,0) size 0x0
                  RenderBlock (anonymous) at (0,115) size 36x0
                    RenderInline {SPAN} at (0,0) size 0x0
                    RenderText {#text} at (0,0) size 0x0
                    RenderInline {SPAN} at (0,0) size 0x0
                  RenderBlock (anonymous) at (0,115) size 36x0
                    RenderBlock {DIV} at (0,0) size 36x0 [bgcolor=#FF0000]
                  RenderBlock (anonymous) at (0,115) size 36x0
                    RenderInline {SPAN} at (0,0) size 0x0
                    RenderText {#text} at (0,0) size 0x0
                    RenderInline {SPAN} at (0,0) size 0x0
                  RenderBlock (anonymous) at (0,115) size 36x0
                    RenderBlock {DIV} at (0,0) size 36x0 [bgcolor=#FF0000]
                      RenderBlock (anonymous) at (0,0) size 36x0
                        RenderInline {SPAN} at (0,0) size 0x0
                      RenderBlock (anonymous) at (0,0) size 36x0
                        RenderBlock {DIV} at (0,0) size 36x0 [bgcolor=#FF0000]
                      RenderBlock (anonymous) at (0,0) size 36x0
                        RenderInline {SPAN} at (0,0) size 0x0
                  RenderBlock (anonymous) at (0,115) size 36x0
                    RenderInline {SPAN} at (0,0) size 0x0
                    RenderText {#text} at (0,0) size 0x0
                    RenderInline {SPAN} at (0,0) size 0x0
                  RenderBlock (anonymous) at (0,115) size 36x65
                    RenderBlock {DIV} at (0,0) size 36x65 [bgcolor=#FF0000]
                      RenderBlock (anonymous) at (0,0) size 36x0
                        RenderInline {SPAN} at (0,0) size 0x0
                      RenderBlock (anonymous) at (0,0) size 36x65
                        RenderBlock {DIV} at (0,0) size 36x65 [bgcolor=#00FF00]
                          RenderBlock (anonymous) at (0,0) size 36x0
                            RenderInline {SPAN} at (0,0) size 0x0
                          RenderBlock (anonymous) at (0,0) size 36x0
                            RenderBlock {DIV} at (0,0) size 36x0 [bgcolor=#FF0000]
                          RenderBlock (anonymous) at (0,0) size 36x65
                            RenderInline {SPAN} at (0,0) size 0x0
                            RenderText {#text} at (0,0) size 33x65
                              text run at (0,0) width 33: "B"
                      RenderBlock (anonymous) at (0,115) size 36x0
                        RenderInline {SPAN} at (0,0) size 0x0
                  RenderBlock (anonymous) at (0,230) size 36x0
                    RenderInline {SPAN} at (0,0) size 0x0
                    RenderText {#text} at (0,0) size 0x0
                    RenderInline {SPAN} at (0,0) size 0x0
                  RenderBlock (anonymous) at (0,230) size 36x65
                    RenderBlock {DIV} at (0,0) size 36x65 [bgcolor=#00FFFF]
                      RenderText {#text} at (0,0) size 36x65
                        text run at (0,0) width 36: "C"
                  RenderBlock (anonymous) at (0,345) size 36x0
                    RenderInline {SPAN} at (0,0) size 0x0
                    RenderText {#text} at (0,0) size 0x0
              RenderBlock (anonymous) at (0,395) size 36x0
                RenderInline {SPAN} at (0,0) size 0x0
                RenderText {#text} at (0,0) size 0x0
            RenderTableCell {TD} at (36,0) size 36x395 [bgcolor=#FFA500] [r=0 c=1 rs=1 cs=1]
              RenderBlock {DIV} at (0,50) size 36x295 [bgcolor=#0000FF]
                RenderBlock {DIV} at (0,0) size 36x65 [bgcolor=#FFFF00]
                  RenderText {#text} at (0,0) size 36x65
                    text run at (0,0) width 36: "A"
                RenderBlock {DIV} at (0,115) size 36x65 [bgcolor=#00FF00]
                  RenderText {#text} at (0,0) size 33x65
                    text run at (0,0) width 33: "B"
                RenderBlock {DIV} at (0,230) size 36x65 [bgcolor=#00FFFF]
                  RenderText {#text} at (0,0) size 36x65
                    text run at (0,0) width 36: "C"
      RenderBlock {P} at (0,454) size 784x21
        RenderText {#text} at (0,0) size 274x21
          text run at (0,0) width 274: "This test is meaningless if you don't pass "
        RenderInline {A} at (0,0) size 51x21 [color=#0000EE]
          RenderText {#text} at (274,0) size 51x21
            text run at (274,0) width 51: "test 006"
        RenderText {#text} at (325,0) size 4x21
          text run at (325,0) width 4: "."
