layer at (0,0) size 800x909
  RenderView at (0,0) size 800x600
layer at (0,0) size 800x909
  RenderBlock {HTML} at (0,0) size 800x909
    RenderBody {BODY} at (8,8) size 784x887
      RenderBlock {P} at (0,0) size 784x40
        RenderText {#text} at (0,0) size 53x19
          text run at (0,0) width 53: "Test for "
        RenderInline {I} at (0,0) size 782x39
          RenderInline {A} at (0,0) size 337x19 [color=#0000EE]
            RenderText {#text} at (53,0) size 337x19
              text run at (53,0) width 337: "http://bugzilla.opendarwin.org/show_bug.cgi?id=7216"
          RenderText {#text} at (390,0) size 782x39
            text run at (390,0) width 4: " "
            text run at (394,0) width 388: "white-space: pre-wrap collapses leading whitespace following"
            text run at (0,20) width 60: "a newline"
        RenderText {#text} at (60,20) size 4x19
          text run at (60,20) width 4: "."
      RenderBlock {HR} at (0,54) size 784x2 [border: (1px inset #000000)]
      RenderBlock {P} at (0,70) size 784x20
        RenderText {#text} at (0,0) size 35x19
          text run at (0,0) width 35: "Here "
        RenderInline {CODE} at (0,0) size 24x17
          RenderText {#text} at (35,2) size 24x17
            text run at (35,2) width 24: "bar"
        RenderText {#text} at (59,0) size 143x19
          text run at (59,0) width 143: " should be right under "
        RenderInline {CODE} at (0,0) size 24x17
          RenderText {#text} at (202,2) size 24x17
            text run at (202,2) width 24: "foo"
        RenderText {#text} at (226,0) size 4x19
          text run at (226,0) width 4: ":"
      RenderBlock {PRE} at (0,104) size 42x38 [bgcolor=#C0C0C0]
        RenderText {#text} at (0,1) size 42x36
          text run at (0,1) width 40: "foo  "
          text run at (40,1) width 2: "    "
          text run at (0,20) width 24: "bar"
      RenderBlock {P} at (0,156) size 784x20
        RenderText {#text} at (0,0) size 35x19
          text run at (0,0) width 35: "Here "
        RenderInline {CODE} at (0,0) size 24x17
          RenderText {#text} at (35,2) size 24x17
            text run at (35,2) width 24: "bar"
        RenderText {#text} at (59,0) size 328x19
          text run at (59,0) width 328: " should be on the right hand side of the second line:"
      RenderBlock {PRE} at (0,190) size 42x57 [bgcolor=#C0C0C0]
        RenderText {#text} at (0,1) size 24x17
          text run at (0,1) width 24: "foo"
        RenderBR {BR} at (24,13) size 0x0
        RenderText {#text} at (0,20) size 24x36
          text run at (0,20) width 24: "   "
          text run at (0,39) width 24: "bar"
      RenderBlock {PRE} at (0,261) size 42x57 [bgcolor=#C0C0C0]
        RenderText {#text} at (0,1) size 56x17
          text run at (0,1) width 40: "foo  "
          text run at (40,1) width 16: "  "
        RenderBR {BR} at (56,13) size 0x0
        RenderText {#text} at (0,20) size 24x36
          text run at (0,20) width 24: "   "
          text run at (0,39) width 24: "bar"
      RenderBlock {PRE} at (0,332) size 42x57 [bgcolor=#C0C0C0]
        RenderText {#text} at (0,1) size 24x55
          text run at (0,1) width 24: "foo"
          text run at (24,1) width 0: " "
          text run at (0,20) width 24: "   "
          text run at (0,39) width 24: "bar"
      RenderBlock {PRE} at (0,403) size 42x57 [bgcolor=#C0C0C0]
        RenderText {#text} at (0,1) size 32x55
          text run at (0,1) width 32: "foo "
          text run at (32,1) width 0: " "
          text run at (0,20) width 24: "   "
          text run at (0,39) width 24: "bar"
      RenderBlock {PRE} at (0,474) size 42x57 [bgcolor=#C0C0C0]
        RenderText {#text} at (0,1) size 40x55
          text run at (0,1) width 40: "foo  "
          text run at (40,1) width 0: " "
          text run at (0,20) width 24: "   "
          text run at (0,39) width 24: "bar"
      RenderBlock {PRE} at (0,545) size 42x57 [bgcolor=#C0C0C0]
        RenderText {#text} at (0,1) size 42x55
          text run at (0,1) width 40: "foo  "
          text run at (40,1) width 2: "  "
          text run at (0,20) width 24: "   "
          text run at (0,39) width 24: "bar"
      RenderBlock {PRE} at (0,616) size 42x57 [bgcolor=#C0C0C0]
        RenderText {#text} at (0,1) size 42x55
          text run at (0,1) width 40: "foo  "
          text run at (40,1) width 2: "   "
          text run at (0,20) width 24: "   "
          text run at (0,39) width 24: "bar"
      RenderBlock {P} at (0,687) size 784x20
        RenderText {#text} at (0,0) size 35x19
          text run at (0,0) width 35: "Here "
        RenderInline {CODE} at (0,0) size 24x17
          RenderText {#text} at (35,2) size 24x17
            text run at (35,2) width 24: "bar"
        RenderText {#text} at (59,0) size 310x19
          text run at (59,0) width 310: " should be on the right hand side of the third line:"
      RenderBlock {PRE} at (0,721) size 42x76 [bgcolor=#C0C0C0]
        RenderText {#text} at (0,1) size 24x17
          text run at (0,1) width 24: "foo"
        RenderBR {BR} at (24,13) size 0x0
        RenderText {#text} at (0,20) size 24x55
          text run at (0,20) width 0: " "
          text run at (0,39) width 24: "   "
          text run at (0,58) width 24: "bar"
      RenderBlock {PRE} at (0,811) size 42x76 [bgcolor=#C0C0C0]
        RenderText {#text} at (0,1) size 32x74
          text run at (0,1) width 32: "foo "
          text run at (0,20) width 24: "baz"
          text run at (24,20) width 0: " "
          text run at (0,39) width 24: "   "
          text run at (0,58) width 24: "bar"
