CONSOLE MESSAGE: line 3: <html xmlns='http://www.w3.org/1999/xhtml/'><body><p>Running an XSL-T 1.0 stylesheet with a 2.0 processor.</p></body></html>
layer at (0,0) size 800x600
  RenderView at (0,0) size 800x600
layer at (0,0) size 800x600
  RenderBlock {HTML} at (0,0) size 800x600
    RenderBody {BODY} at (8,8) size 784x576
      RenderBlock {P} at (0,0) size 784x22
        RenderText {#text} at (0,0) size 696x22
          text run at (0,0) width 696: "This tests the xslt document() function. If this test is successful, there should be three paragraphs below."
      RenderBlock {P} at (0,38) size 784x22
        RenderText {#text} at (0,0) size 133x22
          text run at (0,0) width 133: "This is a paragraph"
      RenderBlock {P} at (0,76) size 784x22
        RenderText {#text} at (0,0) size 178x22
          text run at (0,0) width 178: "This is another paragraph"
      RenderBlock {P} at (0,114) size 784x22
        RenderText {#text} at (0,0) size 175x22
          text run at (0,0) width 175: "This is a third paragraph."
