layer at (0,0) size 800x600
  RenderCanvas at (0,0) size 800x600
layer at (0,0) size 800x216
  RenderBlock {html} at (0,0) size 800x216
    RenderBlock (anonymous) at (0,0) size 800x0
      RenderInline {parsererror} at (0,0) size 0x0 [bgcolor=#FFDDDD] [border: (2px solid #CC7777)]
    RenderBlock (anonymous) at (0,18) size 800x148
      RenderBlock {h3} at (0,0) size 800x22
        RenderText {#text} at (0,0) size 324x22
          text run at (0,0) width 324: "This page contains the following errors:"
      RenderBlock {div} at (0,40) size 800x14
        RenderText {#text} at (0,0) size 490x14
          text run at (0,0) width 490: "error on line 2 at column 31: Extra content at the end of the document"
          text run at (490,0) width 0: " "
      RenderBlock {h3} at (0,72) size 800x22
        RenderText {#text} at (0,0) size 429x22
          text run at (0,0) width 429: "Below is a rendering of the page up to the first error."
      RenderBlock {p} at (0,112) size 800x36
        RenderText {#text} at (0,0) size 731x36
          text run at (0,0) width 731: "This document was created as the result of an XSL transformation. The line and column numbers given are from the"
          text run at (0,18) width 117: "transformed result."
    RenderBlock (anonymous) at (0,182) size 800x0
      RenderInline {parsererror} at (0,0) size 0x0 [bgcolor=#FFDDDD] [border: (2px solid #CC7777)]
    RenderBody {body} at (8,182) size 784x18
      RenderBlock {p} at (0,0) size 784x18
        RenderText {#text} at (0,0) size 227x18
          text run at (0,0) width 227: "You should see error text above this"
