layer at (0,0) size 785x1304
  RenderCanvas at (0,0) size 785x600
layer at (0,0) size 785x1304
  RenderBlock {HTML} at (0,0) size 785x1304
    RenderBody {BODY} at (8,8) size 769x1280
      RenderBlock {CENTER} at (0,0) size 769x1280
        RenderBlock (anonymous) at (0,0) size 769x18
          RenderText {#text} at (252,0) size 265x18
            text run at (252,0) width 265: "Build 1999/10/27/08 Win95 - Daily Build"
          RenderBR {BR} at (517,14) size 0x0
        RenderTable {TABLE} at (74,18) size 621x1138 [border: (10px outset #808080)]
          RenderBlock {CAPTION} at (0,0) size 601x18
            RenderText {#text} at (258,0) size 85x18
              text run at (258,0) width 85: "January 2000"
          RenderTableSection {TBODY} at (10,28) size 601x1100
            RenderTableRow {TR} at (0,0) size 601x412
              RenderTableCell {TD} at (0,0) size 87x22 [color=#FFFFFF] [bgcolor=#404080] [border: (1px inset #808080)] [r=0 c=0 rs=1 cs=1]
                RenderText {#text} at (2,2) size 5x18
                  text run at (2,2) width 5: "-"
              RenderTableCell {TD} at (87,0) size 84x22 [color=#FFFFFF] [bgcolor=#404080] [border: (1px inset #808080)] [r=0 c=1 rs=1 cs=1]
                RenderText {#text} at (2,2) size 5x18
                  text run at (2,2) width 5: "-"
              RenderTableCell {TD} at (171,0) size 83x22 [color=#FFFFFF] [bgcolor=#404080] [border: (1px inset #808080)] [r=0 c=2 rs=1 cs=1]
                RenderText {#text} at (2,2) size 5x18
                  text run at (2,2) width 5: "-"
              RenderTableCell {TD} at (254,0) size 83x22 [color=#FFFFFF] [bgcolor=#404080] [border: (1px inset #808080)] [r=0 c=3 rs=1 cs=1]
                RenderText {#text} at (2,2) size 5x18
                  text run at (2,2) width 5: "-"
              RenderTableCell {TD} at (337,0) size 83x22 [color=#FFFFFF] [bgcolor=#404080] [border: (1px inset #808080)] [r=0 c=4 rs=1 cs=1]
                RenderText {#text} at (2,2) size 5x18
                  text run at (2,2) width 5: "-"
              RenderTableCell {TD} at (420,0) size 87x22 [color=#FFFFFF] [bgcolor=#404080] [border: (1px inset #808080)] [r=0 c=5 rs=1 cs=1]
                RenderText {#text} at (2,2) size 5x18
                  text run at (2,2) width 5: "-"
              RenderTableCell {TD} at (507,0) size 94x412 [color=#FFFFFF] [bgcolor=#404080] [border: (1px inset #808080)] [r=0 c=6 rs=1 cs=1]
                RenderTable {TABLE} at (2,2) size 90x390 [color=#000000]
                  RenderTableSection {TBODY} at (0,0) size 90x390
                    RenderTableRow {TR} at (0,0) size 90x390
                      RenderTableCell {TD} at (0,0) size 18x26 [color=#FFFF00] [bgcolor=#404080] [r=0 c=0 rs=1 cs=1]
                        RenderText {#text} at (1,1) size 16x24
                          text run at (1,1) width 16: "1."
                      RenderTableCell {TD} at (18,0) size 72x390 [color=#FFFFFF] [bgcolor=#404080] [r=0 c=1 rs=1 cs=1]
                        RenderTable {TABLE} at (1,1) size 70x388 [color=#000000]
                          RenderTableSection {TBODY} at (0,0) size 70x388 [bgcolor=#FFFF00]
                            RenderTableRow {TR} at (0,0) size 70x388
                              RenderTableCell {TD} at (0,0) size 70x388 [color=#FFFFFF] [bgcolor=#404080] [r=0 c=0 rs=1 cs=1]
                                RenderBlock {P} at (1,1) size 68x72
                                  RenderText {#text} at (0,0) size 48x72
                                    text run at (0,0) width 27: "Test"
                                    text run at (0,18) width 46: "mozilla"
                                    text run at (0,36) width 48: "one last"
                                    text run at (0,54) width 31: "time."
                                RenderBlock {P} at (1,89) size 68x36
                                  RenderText {#text} at (0,0) size 68x36
                                    text run at (0,0) width 31: "New"
                                    text run at (0,18) width 68: "Years day."
                                RenderBlock {P} at (1,141) size 68x18
                                  RenderText {#text} at (0,0) size 47x18
                                    text run at (0,0) width 47: "Y2K!!!"
                                RenderBlock {P} at (1,175) size 68x54
                                  RenderText {#text} at (0,0) size 60x54
                                    text run at (0,0) width 29: "Find"
                                    text run at (0,18) width 48: "Abacus"
                                    text run at (0,36) width 60: "from attic"
                                RenderBlock {P} at (1,245) size 68x72
                                  RenderText {#text} at (0,0) size 52x72
                                    text run at (0,0) width 44: "Eat Ice"
                                    text run at (0,18) width 42: "Cream"
                                    text run at (0,36) width 52: "before it"
                                    text run at (0,54) width 33: "melts"
                                RenderBlock {P} at (1,333) size 68x54
                                  RenderText {#text} at (0,0) size 51x54
                                    text run at (0,0) width 33: "Lock"
                                    text run at (0,18) width 51: "doors &"
                                    text run at (0,36) width 27: "hide"
                RenderBlock (anonymous) at (2,392) size 90x18
                  RenderBR {BR} at (0,0) size 0x18
            RenderTableRow {TR} at (0,412) size 601x274
              RenderTableCell {TD} at (0,412) size 87x202 [color=#FFFFFF] [bgcolor=#404080] [border: (1px inset #808080)] [r=1 c=0 rs=1 cs=1]
                RenderTable {TABLE} at (2,2) size 83x180 [color=#000000]
                  RenderTableSection {TBODY} at (0,0) size 83x180
                    RenderTableRow {TR} at (0,0) size 83x180
                      RenderTableCell {TD} at (0,0) size 18x26 [color=#FFFF00] [bgcolor=#404080] [r=0 c=0 rs=1 cs=1]
                        RenderText {#text} at (1,1) size 16x24
                          text run at (1,1) width 16: "2."
                      RenderTableCell {TD} at (18,0) size 65x180 [color=#FFFFFF] [bgcolor=#404080] [r=0 c=1 rs=1 cs=1]
                        RenderTable {TABLE} at (1,1) size 63x178 [color=#000000]
                          RenderTableSection {TBODY} at (0,0) size 63x178 [bgcolor=#FFFF00]
                            RenderTableRow {TR} at (0,0) size 63x178
                              RenderTableCell {TD} at (0,0) size 63x178 [color=#FFFFFF] [bgcolor=#404080] [r=0 c=0 rs=1 cs=1]
                                RenderBlock {P} at (1,1) size 61x54
                                  RenderText {#text} at (0,0) size 61x54
                                    text run at (0,0) width 56: "Look for"
                                    text run at (0,18) width 32: "Y2K"
                                    text run at (0,36) width 61: "survivers."
                                RenderBlock {P} at (1,71) size 61x36
                                  RenderText {#text} at (0,0) size 57x36
                                    text run at (0,0) width 35: "Build"
                                    text run at (0,18) width 57: "outhouse"
                                RenderBlock {P} at (1,123) size 61x54
                                  RenderText {#text} at (0,0) size 45x54
                                    text run at (0,0) width 21: "Eat"
                                    text run at (0,18) width 45: "reserve"
                                    text run at (0,36) width 29: "food"
                RenderBlock (anonymous) at (2,182) size 83x18
                  RenderBR {BR} at (0,0) size 0x18
              RenderTableCell {TD} at (87,412) size 84x80 [color=#FFFFFF] [bgcolor=#404080] [border: (1px inset #808080)] [r=1 c=1 rs=1 cs=1]
                RenderTable {TABLE} at (2,2) size 80x76 [color=#000000]
                  RenderTableSection {TBODY} at (0,0) size 80x76
                    RenderTableRow {TR} at (0,0) size 80x76
                      RenderTableCell {TD} at (0,0) size 18x26 [color=#FFFF00] [bgcolor=#404080] [r=0 c=0 rs=1 cs=1]
                        RenderText {#text} at (1,1) size 16x24
                          text run at (1,1) width 16: "3."
                      RenderTableCell {TD} at (18,0) size 62x76 [color=#FFFFFF] [bgcolor=#404080] [r=0 c=1 rs=1 cs=1]
                        RenderTable {TABLE} at (1,1) size 60x74 [color=#000000]
                          RenderTableSection {TBODY} at (0,0) size 60x74 [bgcolor=#FFFF00]
                            RenderTableRow {TR} at (0,0) size 60x74
                              RenderTableCell {TD} at (0,0) size 60x74 [color=#FFFFFF] [bgcolor=#404080] [r=0 c=0 rs=1 cs=1]
                                RenderBlock {P} at (1,1) size 58x72
                                  RenderText {#text} at (0,0) size 58x72
                                    text run at (0,0) width 35: "Write"
                                    text run at (0,18) width 47: "letter to"
                                    text run at (0,36) width 45: "electric"
                                    text run at (0,54) width 58: "company"
              RenderTableCell {TD} at (171,412) size 83x238 [color=#FFFFFF] [bgcolor=#404080] [border: (1px inset #808080)] [r=1 c=2 rs=1 cs=1]
                RenderTable {TABLE} at (2,2) size 79x234 [color=#000000]
                  RenderTableSection {TBODY} at (0,0) size 79x234
                    RenderTableRow {TR} at (0,0) size 79x234
                      RenderTableCell {TD} at (0,0) size 18x26 [color=#FFFF00] [bgcolor=#404080] [r=0 c=0 rs=1 cs=1]
                        RenderText {#text} at (1,1) size 16x24
                          text run at (1,1) width 16: "4."
                      RenderTableCell {TD} at (18,0) size 61x234 [color=#FFFFFF] [bgcolor=#404080] [r=0 c=1 rs=1 cs=1]
                        RenderTable {TABLE} at (1,1) size 59x232 [color=#000000]
                          RenderTableSection {TBODY} at (0,0) size 59x232 [bgcolor=#FFFF00]
                            RenderTableRow {TR} at (0,0) size 59x232
                              RenderTableCell {TD} at (0,0) size 59x232 [color=#FFFFFF] [bgcolor=#404080] [r=0 c=0 rs=1 cs=1]
                                RenderBlock {P} at (1,1) size 57x54
                                  RenderText {#text} at (0,0) size 55x54
                                    text run at (0,0) width 55: "Send the"
                                    text run at (0,18) width 29: "snail"
                                    text run at (0,36) width 27: "mail"
                                RenderBlock {P} at (1,71) size 57x90
                                  RenderText {#text} at (0,0) size 56x90
                                    text run at (0,0) width 36: "Go to"
                                    text run at (0,18) width 33: "work"
                                    text run at (0,36) width 56: "and stare"
                                    text run at (0,54) width 45: "at dead"
                                    text run at (0,72) width 49: "monitor"
                                RenderBlock {P} at (1,177) size 57x54
                                  RenderText {#text} at (0,0) size 45x54
                                    text run at (0,0) width 21: "Eat"
                                    text run at (0,18) width 45: "reserve"
                                    text run at (0,36) width 29: "food"
              RenderTableCell {TD} at (254,412) size 83x168 [color=#FFFFFF] [bgcolor=#404080] [border: (1px inset #808080)] [r=1 c=3 rs=1 cs=1]
                RenderTable {TABLE} at (2,2) size 79x164 [color=#000000]
                  RenderTableSection {TBODY} at (0,0) size 79x164
                    RenderTableRow {TR} at (0,0) size 79x164
                      RenderTableCell {TD} at (0,0) size 18x26 [color=#FFFF00] [bgcolor=#404080] [r=0 c=0 rs=1 cs=1]
                        RenderText {#text} at (1,1) size 16x24
                          text run at (1,1) width 16: "5."
                      RenderTableCell {TD} at (18,0) size 61x164 [color=#FFFFFF] [bgcolor=#404080] [r=0 c=1 rs=1 cs=1]
                        RenderTable {TABLE} at (1,1) size 59x162 [color=#000000]
                          RenderTableSection {TBODY} at (0,0) size 59x162 [bgcolor=#FFFF00]
                            RenderTableRow {TR} at (0,0) size 59x162
                              RenderTableCell {TD} at (0,0) size 59x162 [color=#FFFFFF] [bgcolor=#404080] [r=0 c=0 rs=1 cs=1]
                                RenderBlock {P} at (1,1) size 57x90
                                  RenderText {#text} at (0,0) size 56x90
                                    text run at (0,0) width 36: "Go to"
                                    text run at (0,18) width 33: "work"
                                    text run at (0,36) width 56: "and stare"
                                    text run at (0,54) width 45: "at dead"
                                    text run at (0,72) width 49: "monitor"
                                RenderBlock {P} at (1,107) size 57x54
                                  RenderText {#text} at (0,0) size 45x54
                                    text run at (0,0) width 21: "Eat"
                                    text run at (0,18) width 45: "reserve"
                                    text run at (0,36) width 29: "food"
              RenderTableCell {TD} at (337,412) size 83x168 [color=#FFFFFF] [bgcolor=#404080] [border: (1px inset #808080)] [r=1 c=4 rs=1 cs=1]
                RenderTable {TABLE} at (2,2) size 79x164 [color=#000000]
                  RenderTableSection {TBODY} at (0,0) size 79x164
                    RenderTableRow {TR} at (0,0) size 79x164
                      RenderTableCell {TD} at (0,0) size 18x26 [color=#FFFF00] [bgcolor=#404080] [r=0 c=0 rs=1 cs=1]
                        RenderText {#text} at (1,1) size 16x24
                          text run at (1,1) width 16: "6."
                      RenderTableCell {TD} at (18,0) size 61x164 [color=#FFFFFF] [bgcolor=#404080] [r=0 c=1 rs=1 cs=1]
                        RenderTable {TABLE} at (1,1) size 59x162 [color=#000000]
                          RenderTableSection {TBODY} at (0,0) size 59x162 [bgcolor=#FFFF00]
                            RenderTableRow {TR} at (0,0) size 59x162
                              RenderTableCell {TD} at (0,0) size 59x162 [color=#FFFFFF] [bgcolor=#404080] [r=0 c=0 rs=1 cs=1]
                                RenderBlock {P} at (1,1) size 57x90
                                  RenderText {#text} at (0,0) size 56x90
                                    text run at (0,0) width 36: "Go to"
                                    text run at (0,18) width 33: "work"
                                    text run at (0,36) width 56: "and stare"
                                    text run at (0,54) width 45: "at dead"
                                    text run at (0,72) width 49: "monitor"
                                RenderBlock {P} at (1,107) size 57x54
                                  RenderText {#text} at (0,0) size 45x54
                                    text run at (0,0) width 21: "Eat"
                                    text run at (0,18) width 45: "reserve"
                                    text run at (0,36) width 29: "food"
              RenderTableCell {TD} at (420,412) size 87x238 [color=#FFFFFF] [bgcolor=#404080] [border: (1px inset #808080)] [r=1 c=5 rs=1 cs=1]
                RenderTable {TABLE} at (2,2) size 83x234 [color=#000000]
                  RenderTableSection {TBODY} at (0,0) size 83x234
                    RenderTableRow {TR} at (0,0) size 83x234
                      RenderTableCell {TD} at (0,0) size 18x26 [color=#FFFF00] [bgcolor=#404080] [r=0 c=0 rs=1 cs=1]
                        RenderText {#text} at (1,1) size 16x24
                          text run at (1,1) width 16: "7."
                      RenderTableCell {TD} at (18,0) size 65x234 [color=#FFFFFF] [bgcolor=#404080] [r=0 c=1 rs=1 cs=1]
                        RenderTable {TABLE} at (1,1) size 63x232 [color=#000000]
                          RenderTableSection {TBODY} at (0,0) size 63x232 [bgcolor=#FFFF00]
                            RenderTableRow {TR} at (0,0) size 63x232
                              RenderTableCell {TD} at (0,0) size 63x232 [color=#FFFFFF] [bgcolor=#404080] [r=0 c=0 rs=1 cs=1]
                                RenderBlock {P} at (1,1) size 61x72
                                  RenderText {#text} at (0,0) size 60x72
                                    text run at (0,0) width 20: "Go"
                                    text run at (0,18) width 47: "internet"
                                    text run at (0,36) width 60: "exploring"
                                    text run at (0,54) width 55: "for food."
                                RenderBlock {P} at (1,89) size 61x72
                                  RenderText {#text} at (0,0) size 60x72
                                    text run at (0,0) width 48: "Internet"
                                    text run at (0,18) width 60: "exploring"
                                    text run at (0,36) width 44: "doesn't"
                                    text run at (0,54) width 37: "work."
                                RenderBlock {P} at (1,177) size 61x54
                                  RenderText {#text} at (0,0) size 45x54
                                    text run at (0,0) width 21: "Eat"
                                    text run at (0,18) width 45: "reserve"
                                    text run at (0,36) width 29: "food"
              RenderTableCell {TD} at (507,412) size 94x274 [color=#FFFFFF] [bgcolor=#404080] [border: (1px inset #808080)] [r=1 c=6 rs=1 cs=1]
                RenderTable {TABLE} at (2,2) size 90x270 [color=#000000]
                  RenderTableSection {TBODY} at (0,0) size 90x270
                    RenderTableRow {TR} at (0,0) size 90x270
                      RenderTableCell {TD} at (0,0) size 18x26 [color=#FFFF00] [bgcolor=#404080] [r=0 c=0 rs=1 cs=1]
                        RenderText {#text} at (1,1) size 16x24
                          text run at (1,1) width 16: "8."
                      RenderTableCell {TD} at (18,0) size 72x270 [color=#FFFFFF] [bgcolor=#404080] [r=0 c=1 rs=1 cs=1]
                        RenderTable {TABLE} at (1,1) size 70x268 [color=#000000]
                          RenderTableSection {TBODY} at (0,0) size 70x268 [bgcolor=#FFFF00]
                            RenderTableRow {TR} at (0,0) size 70x268
                              RenderTableCell {TD} at (0,0) size 70x268 [color=#FFFFFF] [bgcolor=#404080] [r=0 c=0 rs=1 cs=1]
                                RenderBlock {P} at (1,1) size 68x90
                                  RenderText {#text} at (0,0) size 60x90
                                    text run at (0,0) width 20: "Go"
                                    text run at (0,18) width 47: "internet"
                                    text run at (0,36) width 60: "exploring"
                                    text run at (0,54) width 51: "for food"
                                    text run at (0,72) width 38: "again."
                                RenderBlock {P} at (1,107) size 68x90
                                  RenderText {#text} at (0,0) size 60x90
                                    text run at (0,0) width 48: "Internet"
                                    text run at (0,18) width 60: "exploring"
                                    text run at (0,36) width 44: "doesn't"
                                    text run at (0,54) width 33: "work"
                                    text run at (0,72) width 38: "again."
                                RenderBlock {P} at (1,213) size 68x54
                                  RenderText {#text} at (0,0) size 45x54
                                    text run at (0,0) width 21: "Eat"
                                    text run at (0,18) width 45: "reserve"
                                    text run at (0,36) width 29: "food"
            RenderTableRow {TR} at (0,686) size 601x362
              RenderTableCell {TD} at (0,686) size 87x362 [color=#FFFFFF] [bgcolor=#404080] [border: (1px inset #808080)] [r=2 c=0 rs=1 cs=1]
                RenderTable {TABLE} at (2,2) size 83x340 [color=#000000]
                  RenderTableSection {TBODY} at (0,0) size 83x340
                    RenderTableRow {TR} at (0,0) size 83x340
                      RenderTableCell {TD} at (0,0) size 18x26 [color=#FFFF00] [bgcolor=#404080] [r=0 c=0 rs=1 cs=1]
                        RenderText {#text} at (1,1) size 16x24
                          text run at (1,1) width 16: "9."
                      RenderTableCell {TD} at (18,0) size 65x340 [color=#FFFFFF] [bgcolor=#404080] [r=0 c=1 rs=1 cs=1]
                        RenderTable {TABLE} at (1,1) size 63x338 [color=#000000]
                          RenderTableSection {TBODY} at (0,0) size 63x338 [bgcolor=#FFFF00]
                            RenderTableRow {TR} at (0,0) size 63x338
                              RenderTableCell {TD} at (0,0) size 63x338 [color=#FFFFFF] [bgcolor=#404080] [r=0 c=0 rs=1 cs=1]
                                RenderBlock {P} at (1,1) size 61x72
                                  RenderText {#text} at (0,0) size 60x72
                                    text run at (0,0) width 20: "Go"
                                    text run at (0,18) width 47: "internet"
                                    text run at (0,36) width 60: "exploring"
                                    text run at (0,54) width 55: "for food."
                                RenderBlock {P} at (1,89) size 61x90
                                  RenderText {#text} at (0,0) size 60x90
                                    text run at (0,0) width 48: "Internet"
                                    text run at (0,18) width 60: "exploring"
                                    text run at (0,36) width 22: "still"
                                    text run at (0,54) width 44: "doesn't"
                                    text run at (0,72) width 37: "work."
                                RenderBlock {P} at (1,195) size 61x72
                                  RenderText {#text} at (0,0) size 60x72
                                    text run at (0,0) width 51: "Give up"
                                    text run at (0,18) width 47: "internet"
                                    text run at (0,36) width 60: "exploring"
                                    text run at (0,54) width 55: "for food."
                                RenderBlock {P} at (1,283) size 61x54
                                  RenderText {#text} at (0,0) size 45x54
                                    text run at (0,0) width 21: "Eat"
                                    text run at (0,18) width 45: "reserve"
                                    text run at (0,36) width 29: "food"
                RenderBlock (anonymous) at (2,342) size 83x18
                  RenderBR {BR} at (0,0) size 0x18
              RenderTableCell {TD} at (87,686) size 84x290 [color=#FFFFFF] [bgcolor=#404080] [border: (1px inset #808080)] [r=2 c=1 rs=1 cs=1]
                RenderTable {TABLE} at (2,2) size 80x286 [color=#000000]
                  RenderTableSection {TBODY} at (0,0) size 80x286
                    RenderTableRow {TR} at (0,0) size 80x286
                      RenderTableCell {TD} at (0,0) size 29x26 [color=#FFFF00] [bgcolor=#404080] [r=0 c=0 rs=1 cs=1]
                        RenderText {#text} at (1,1) size 27x24
                          text run at (1,1) width 27: "10."
                      RenderTableCell {TD} at (29,0) size 51x286 [color=#FFFFFF] [bgcolor=#404080] [r=0 c=1 rs=1 cs=1]
                        RenderTable {TABLE} at (1,1) size 49x284 [color=#000000]
                          RenderTableSection {TBODY} at (0,0) size 49x284 [bgcolor=#FFFF00]
                            RenderTableRow {TR} at (0,0) size 49x284
                              RenderTableCell {TD} at (0,0) size 49x284 [color=#FFFFFF] [bgcolor=#404080] [r=0 c=0 rs=1 cs=1]
                                RenderBlock {P} at (1,1) size 47x72
                                  RenderText {#text} at (0,0) size 41x72
                                    text run at (0,0) width 41: "Power"
                                    text run at (0,18) width 40: "comes"
                                    text run at (0,36) width 30: "back"
                                    text run at (0,54) width 20: "on."
                                RenderBlock {P} at (1,89) size 47x90
                                  RenderText {#text} at (0,0) size 46x90
                                    text run at (0,0) width 21: "Put"
                                    text run at (0,18) width 35: "trusty"
                                    text run at (0,36) width 43: "abacus"
                                    text run at (0,54) width 46: "back in"
                                    text run at (0,72) width 26: "attic"
                                RenderBlock {P} at (1,195) size 47x54
                                  RenderText {#text} at (0,0) size 46x54
                                    text run at (0,0) width 32: "Grab"
                                    text run at (0,18) width 32: "latest"
                                    text run at (0,36) width 46: "mozilla"
                                RenderBlock {P} at (1,265) size 47x18
                                  RenderText {#text} at (0,0) size 39x18
                                    text run at (0,0) width 39: "Test it"
              RenderTableCell {TD} at (171,686) size 83x96 [color=#FFFFFF] [bgcolor=#404080] [border: (1px inset #808080)] [r=2 c=2 rs=1 cs=1]
                RenderTable {TABLE} at (2,2) size 79x92 [color=#000000]
                  RenderTableSection {TBODY} at (0,0) size 79x92
                    RenderTableRow {TR} at (0,0) size 79x92
                      RenderTableCell {TD} at (0,0) size 29x26 [color=#FFFF00] [bgcolor=#404080] [r=0 c=0 rs=1 cs=1]
                        RenderText {#text} at (1,1) size 27x24
                          text run at (1,1) width 27: "11."
                      RenderTableCell {TD} at (29,0) size 50x92 [color=#FFFFFF] [bgcolor=#404080] [r=0 c=1 rs=1 cs=1]
                        RenderTable {TABLE} at (1,1) size 48x90 [color=#000000]
                          RenderTableSection {TBODY} at (0,0) size 48x90 [bgcolor=#FFFF00]
                            RenderTableRow {TR} at (0,0) size 48x90
                              RenderTableCell {TD} at (0,0) size 48x90 [color=#FFFFFF] [bgcolor=#404080] [r=0 c=0 rs=1 cs=1]
                                RenderBlock {P} at (1,1) size 46x54
                                  RenderText {#text} at (0,0) size 46x54
                                    text run at (0,0) width 32: "Grab"
                                    text run at (0,18) width 32: "latest"
                                    text run at (0,36) width 46: "mozilla"
                                RenderBlock {P} at (1,71) size 46x18
                                  RenderText {#text} at (0,0) size 39x18
                                    text run at (0,0) width 39: "Test it"
              RenderTableCell {TD} at (254,686) size 83x96 [color=#FFFFFF] [bgcolor=#404080] [border: (1px inset #808080)] [r=2 c=3 rs=1 cs=1]
                RenderTable {TABLE} at (2,2) size 79x92 [color=#000000]
                  RenderTableSection {TBODY} at (0,0) size 79x92
                    RenderTableRow {TR} at (0,0) size 79x92
                      RenderTableCell {TD} at (0,0) size 29x26 [color=#FFFF00] [bgcolor=#404080] [r=0 c=0 rs=1 cs=1]
                        RenderText {#text} at (1,1) size 27x24
                          text run at (1,1) width 27: "12."
                      RenderTableCell {TD} at (29,0) size 50x92 [color=#FFFFFF] [bgcolor=#404080] [r=0 c=1 rs=1 cs=1]
                        RenderTable {TABLE} at (1,1) size 48x90 [color=#000000]
                          RenderTableSection {TBODY} at (0,0) size 48x90 [bgcolor=#FFFF00]
                            RenderTableRow {TR} at (0,0) size 48x90
                              RenderTableCell {TD} at (0,0) size 48x90 [color=#FFFFFF] [bgcolor=#404080] [r=0 c=0 rs=1 cs=1]
                                RenderBlock {P} at (1,1) size 46x54
                                  RenderText {#text} at (0,0) size 46x54
                                    text run at (0,0) width 32: "Grab"
                                    text run at (0,18) width 32: "latest"
                                    text run at (0,36) width 46: "mozilla"
                                RenderBlock {P} at (1,71) size 46x18
                                  RenderText {#text} at (0,0) size 39x18
                                    text run at (0,0) width 39: "Test it"
              RenderTableCell {TD} at (337,686) size 83x96 [color=#FFFFFF] [bgcolor=#404080] [border: (1px inset #808080)] [r=2 c=4 rs=1 cs=1]
                RenderTable {TABLE} at (2,2) size 79x92 [color=#000000]
                  RenderTableSection {TBODY} at (0,0) size 79x92
                    RenderTableRow {TR} at (0,0) size 79x92
                      RenderTableCell {TD} at (0,0) size 29x26 [color=#FFFF00] [bgcolor=#404080] [r=0 c=0 rs=1 cs=1]
                        RenderText {#text} at (1,1) size 27x24
                          text run at (1,1) width 27: "13."
                      RenderTableCell {TD} at (29,0) size 50x92 [color=#FFFFFF] [bgcolor=#404080] [r=0 c=1 rs=1 cs=1]
                        RenderTable {TABLE} at (1,1) size 48x90 [color=#000000]
                          RenderTableSection {TBODY} at (0,0) size 48x90 [bgcolor=#FFFF00]
                            RenderTableRow {TR} at (0,0) size 48x90
                              RenderTableCell {TD} at (0,0) size 48x90 [color=#FFFFFF] [bgcolor=#404080] [r=0 c=0 rs=1 cs=1]
                                RenderBlock {P} at (1,1) size 46x54
                                  RenderText {#text} at (0,0) size 46x54
                                    text run at (0,0) width 32: "Grab"
                                    text run at (0,18) width 32: "latest"
                                    text run at (0,36) width 46: "mozilla"
                                RenderBlock {P} at (1,71) size 46x18
                                  RenderText {#text} at (0,0) size 39x18
                                    text run at (0,0) width 39: "Test it"
              RenderTableCell {TD} at (420,686) size 87x96 [color=#FFFFFF] [bgcolor=#404080] [border: (1px inset #808080)] [r=2 c=5 rs=1 cs=1]
                RenderTable {TABLE} at (2,2) size 83x92 [color=#000000]
                  RenderTableSection {TBODY} at (0,0) size 83x92
                    RenderTableRow {TR} at (0,0) size 83x92
                      RenderTableCell {TD} at (0,0) size 29x26 [color=#FFFF00] [bgcolor=#404080] [r=0 c=0 rs=1 cs=1]
                        RenderText {#text} at (1,1) size 27x24
                          text run at (1,1) width 27: "14."
                      RenderTableCell {TD} at (29,0) size 54x92 [color=#FFFFFF] [bgcolor=#404080] [r=0 c=1 rs=1 cs=1]
                        RenderTable {TABLE} at (1,1) size 52x90 [color=#000000]
                          RenderTableSection {TBODY} at (0,0) size 52x90 [bgcolor=#FFFF00]
                            RenderTableRow {TR} at (0,0) size 52x90
                              RenderTableCell {TD} at (0,0) size 52x90 [color=#FFFFFF] [bgcolor=#404080] [r=0 c=0 rs=1 cs=1]
                                RenderBlock {P} at (1,1) size 50x54
                                  RenderText {#text} at (0,0) size 46x54
                                    text run at (0,0) width 32: "Grab"
                                    text run at (0,18) width 32: "latest"
                                    text run at (0,36) width 46: "mozilla"
                                RenderBlock {P} at (1,71) size 50x18
                                  RenderText {#text} at (0,0) size 39x18
                                    text run at (0,0) width 39: "Test it"
              RenderTableCell {TD} at (507,686) size 94x272 [color=#FFFFFF] [bgcolor=#404080] [border: (1px inset #808080)] [r=2 c=6 rs=1 cs=1]
                RenderTable {TABLE} at (2,2) size 90x268 [color=#000000]
                  RenderTableSection {TBODY} at (0,0) size 90x268
                    RenderTableRow {TR} at (0,0) size 90x268
                      RenderTableCell {TD} at (0,0) size 29x26 [color=#FFFF00] [bgcolor=#404080] [r=0 c=0 rs=1 cs=1]
                        RenderText {#text} at (1,1) size 27x24
                          text run at (1,1) width 27: "15."
                      RenderTableCell {TD} at (29,0) size 61x268 [color=#FFFFFF] [bgcolor=#404080] [r=0 c=1 rs=1 cs=1]
                        RenderTable {TABLE} at (1,1) size 59x266 [color=#000000]
                          RenderTableSection {TBODY} at (0,0) size 59x266 [bgcolor=#FFFF00]
                            RenderTableRow {TR} at (0,0) size 59x266
                              RenderTableCell {TD} at (0,0) size 59x266 [color=#FFFFFF] [bgcolor=#404080] [r=0 c=0 rs=1 cs=1]
                                RenderBlock {P} at (1,1) size 57x54
                                  RenderText {#text} at (0,0) size 46x54
                                    text run at (0,0) width 32: "Grab"
                                    text run at (0,18) width 32: "latest"
                                    text run at (0,36) width 46: "mozilla"
                                RenderBlock {P} at (1,71) size 57x18
                                  RenderText {#text} at (0,0) size 39x18
                                    text run at (0,0) width 39: "Test it"
                                RenderBlock {P} at (1,105) size 57x108
                                  RenderText {#text} at (0,0) size 55x108
                                    text run at (0,0) width 48: "Mozilla"
                                    text run at (0,18) width 53: "removes"
                                    text run at (0,36) width 32: "Y2K"
                                    text run at (0,54) width 55: "Warning"
                                    text run at (0,72) width 30: "from"
                                    text run at (0,90) width 53: "FTP site"
                                RenderBlock {P} at (1,229) size 57x36
                                  RenderText {#text} at (0,0) size 56x36
                                    text run at (0,0) width 56: "This bug"
                                    text run at (0,18) width 46: "is fixed"
            RenderTableRow {TR} at (0,1048) size 601x30
              RenderTableCell {TD} at (0,1048) size 87x30 [color=#FFFFFF] [bgcolor=#404080] [border: (1px inset #808080)] [r=3 c=0 rs=1 cs=1]
                RenderTable {TABLE} at (2,2) size 83x26 [color=#000000]
                  RenderTableSection {TBODY} at (0,0) size 83x26
                    RenderTableRow {TR} at (0,0) size 83x26
                      RenderTableCell {TD} at (0,0) size 29x26 [color=#FFFF00] [bgcolor=#404080] [r=0 c=0 rs=1 cs=1]
                        RenderText {#text} at (1,1) size 27x24
                          text run at (1,1) width 27: "16."
                      RenderTableCell {TD} at (29,0) size 54x22 [color=#FFFFFF] [bgcolor=#404080] [r=0 c=1 rs=1 cs=1]
                        RenderTable {TABLE} at (1,1) size 52x20 [color=#000000]
                          RenderTableSection {TBODY} at (0,0) size 52x20 [bgcolor=#FFFF00]
                            RenderTableRow {TR} at (0,0) size 52x20
                              RenderTableCell {TD} at (0,0) size 52x20 [color=#FFFFFF] [bgcolor=#404080] [r=0 c=0 rs=1 cs=1]
                                RenderText {#text} at (1,1) size 7x18
                                  text run at (1,1) width 7: "?"
              RenderTableCell {TD} at (87,1048) size 84x22 [color=#FFFFFF] [bgcolor=#404080] [border: (1px inset #808080)] [r=3 c=1 rs=1 cs=1]
                RenderText {#text} at (2,2) size 5x18
                  text run at (2,2) width 5: "-"
              RenderTableCell {TD} at (171,1048) size 83x22 [color=#FFFFFF] [bgcolor=#404080] [border: (1px inset #808080)] [r=3 c=2 rs=1 cs=1]
                RenderText {#text} at (2,2) size 5x18
                  text run at (2,2) width 5: "-"
              RenderTableCell {TD} at (254,1048) size 83x22 [color=#FFFFFF] [bgcolor=#404080] [border: (1px inset #808080)] [r=3 c=3 rs=1 cs=1]
                RenderText {#text} at (2,2) size 5x18
                  text run at (2,2) width 5: "-"
              RenderTableCell {TD} at (337,1048) size 83x22 [color=#FFFFFF] [bgcolor=#404080] [border: (1px inset #808080)] [r=3 c=4 rs=1 cs=1]
                RenderText {#text} at (2,2) size 5x18
                  text run at (2,2) width 5: "-"
              RenderTableCell {TD} at (420,1048) size 87x22 [color=#FFFFFF] [bgcolor=#404080] [border: (1px inset #808080)] [r=3 c=5 rs=1 cs=1]
                RenderText {#text} at (2,2) size 5x18
                  text run at (2,2) width 5: "-"
              RenderTableCell {TD} at (507,1048) size 94x22 [color=#FFFFFF] [bgcolor=#404080] [border: (1px inset #808080)] [r=3 c=6 rs=1 cs=1]
                RenderText {#text} at (2,2) size 5x18
                  text run at (2,2) width 5: "-"
            RenderTableRow {TR} at (0,1078) size 601x22
              RenderTableCell {TD} at (0,1078) size 87x22 [color=#FFFFFF] [bgcolor=#404080] [border: (1px inset #808080)] [r=4 c=0 rs=1 cs=1]
                RenderText {#text} at (2,2) size 5x18
                  text run at (2,2) width 5: "-"
              RenderTableCell {TD} at (87,1078) size 84x22 [color=#FFFFFF] [bgcolor=#404080] [border: (1px inset #808080)] [r=4 c=1 rs=1 cs=1]
                RenderText {#text} at (2,2) size 5x18
                  text run at (2,2) width 5: "-"
              RenderTableCell {TD} at (171,1078) size 83x22 [color=#FFFFFF] [bgcolor=#404080] [border: (1px inset #808080)] [r=4 c=2 rs=1 cs=1]
                RenderText {#text} at (2,2) size 5x18
                  text run at (2,2) width 5: "-"
              RenderTableCell {TD} at (254,1078) size 83x22 [color=#FFFFFF] [bgcolor=#404080] [border: (1px inset #808080)] [r=4 c=3 rs=1 cs=1]
                RenderText {#text} at (2,2) size 5x18
                  text run at (2,2) width 5: "-"
              RenderTableCell {TD} at (337,1078) size 83x22 [color=#FFFFFF] [bgcolor=#404080] [border: (1px inset #808080)] [r=4 c=4 rs=1 cs=1]
                RenderText {#text} at (2,2) size 5x18
                  text run at (2,2) width 5: "-"
              RenderTableCell {TD} at (420,1078) size 87x22 [color=#FFFFFF] [bgcolor=#404080] [border: (1px inset #808080)] [r=4 c=5 rs=1 cs=1]
                RenderText {#text} at (2,2) size 5x18
                  text run at (2,2) width 5: "-"
              RenderTableCell {TD} at (507,1078) size 94x22 [color=#FFFFFF] [bgcolor=#404080] [border: (1px inset #808080)] [r=4 c=6 rs=1 cs=1]
                RenderText {#text} at (2,2) size 5x18
                  text run at (2,2) width 5: "-"
        RenderBlock (anonymous) at (0,1156) size 769x36
          RenderBR {BR} at (384,0) size 0x18
          RenderText {#text} at (4,18) size 761x18
            text run at (4,18) width 761: "Notice the scrollbars, they are rendered outside of the table columns, and the yellow day numbers are hidden under them."
        RenderBlock {P} at (0,1208) size 769x72
          RenderText {#text} at (9,0) size 756x72
            text run at (9,0) width 750: "This is probably another bug already covered, or fixed, but day 3 & 16 should have no scrollbar, but the area where the"
            text run at (6,18) width 417: "other scrollbars are drawn is drawn funny. They are not rendered. "
            text run at (423,18) width 339: "They seem to be whatever was drawn there before, or"
            text run at (22,36) width 724: "drawn somewhere else. Day 16 (contaings only the letter \"?\") has a region below the ? mark that is never rendered."
            text run at (122,54) width 524: "Resize the window so the window can scroll down and scroll the page up & down."
