layer at (0,0) size 785x1401
  RenderCanvas at (0,0) size 785x600
layer at (0,0) size 785x1401
  RenderBlock {HTML} at (0,0) size 785x1401
    RenderBody {BODY} at (8,8) size 769x1385
      RenderTable {TABLE} at (0,0) size 200x118 [bgcolor=#FFA500] [border: (10px solid #0000FF)]
        RenderBlock {CAPTION} at (0,0) size 150x18
          RenderText {TEXT} at (20,0) size 109x18
            text run at (20,0) width 109: "clip at table-outer"
        RenderTableSection {TBODY} at (25,43) size 0x50
          RenderTableRow {TR} at (0,0) size 0x0
            RenderTableCell {TD} at (15,15) size 52x20 [bgcolor=#FFFF00] [r=0 c=0 rs=1 cs=1]
              RenderText {TEXT} at (1,1) size 30x18
                text run at (1,1) width 30: "cell1"
            RenderTableCell {TD} at (82,15) size 53x20 [bgcolor=#FFFF00] [r=0 c=1 rs=1 cs=1]
              RenderText {TEXT} at (1,1) size 129x18
                text run at (1,1) width 129: "contentwithoutspace"
      RenderBlock (anonymous) at (0,118) size 769x18
        RenderBR {BR} at (0,0) size 0x18
      RenderTable {TABLE} at (0,136) size 200x118 [bgcolor=#FFA500] [border: (10px solid #0000FF)]
        RenderBlock {CAPTION} at (0,0) size 150x18
          RenderText {TEXT} at (39,0) size 72x18
            text run at (39,0) width 72: "clip at table"
        RenderTableSection {TBODY} at (25,43) size 0x50
          RenderTableRow {TR} at (0,0) size 0x0
            RenderTableCell {TD} at (15,15) size 52x20 [bgcolor=#FFFF00] [r=0 c=0 rs=1 cs=1]
              RenderText {TEXT} at (1,1) size 30x18
                text run at (1,1) width 30: "cell1"
            RenderTableCell {TD} at (82,15) size 53x20 [bgcolor=#FFFF00] [r=0 c=1 rs=1 cs=1]
              RenderText {TEXT} at (1,1) size 129x18
                text run at (1,1) width 129: "contentwithoutspace"
      RenderTable {TABLE} at (0,254) size 200x153 [bgcolor=#FFA500] [border: (10px solid #0000FF)]
        RenderBlock {CAPTION} at (0,0) size 150x18
          RenderText {TEXT} at (49,0) size 51x18
            text run at (49,0) width 51: "clip at tr"
        RenderTableSection {TBODY} at (25,43) size 0x85
          RenderTableRow {TR} at (0,0) size 0x0
            RenderTableCell {TD} at (15,15) size 52x20 [bgcolor=#FFFF00] [r=0 c=0 rs=1 cs=1]
              RenderText {TEXT} at (1,1) size 30x18
                text run at (1,1) width 30: "cell1"
            RenderTableCell {TD} at (82,15) size 53x20 [bgcolor=#FFFF00] [r=0 c=1 rs=1 cs=1]
              RenderText {TEXT} at (1,1) size 129x18
                text run at (1,1) width 129: "contentwithoutspace"
          RenderTableRow {TR} at (0,0) size 0x0
            RenderTableCell {TD} at (15,50) size 52x20 [bgcolor=#FFFF00] [r=1 c=0 rs=1 cs=1]
              RenderText {TEXT} at (1,1) size 30x18
                text run at (1,1) width 30: "cell1"
            RenderTableCell {TD} at (82,50) size 53x20 [bgcolor=#FFFF00] [r=1 c=1 rs=1 cs=1]
              RenderText {TEXT} at (1,1) size 129x18
                text run at (1,1) width 129: "contentwithoutspace"
      RenderTable {TABLE} at (0,407) size 200x153 [bgcolor=#FFA500] [border: (10px solid #0000FF)]
        RenderTableCol {COLGROUP} at (0,0) size 0x0
          RenderTableCol {COL} at (0,0) size 0x0
          RenderTableCol {COL} at (0,0) size 0x0
        RenderBlock {CAPTION} at (0,0) size 150x18
          RenderText {TEXT} at (38,0) size 74x18
            text run at (38,0) width 74: "clip column"
        RenderTableSection {TBODY} at (25,43) size 0x85
          RenderTableRow {TR} at (0,0) size 0x0
            RenderTableCell {TD} at (15,15) size 52x20 [bgcolor=#FFFF00] [r=0 c=0 rs=1 cs=1]
              RenderText {TEXT} at (1,1) size 30x18
                text run at (1,1) width 30: "cell1"
            RenderTableCell {TD} at (82,15) size 53x20 [bgcolor=#FFFF00] [r=0 c=1 rs=1 cs=1]
              RenderText {TEXT} at (1,1) size 129x18
                text run at (1,1) width 129: "contentwithoutspace"
          RenderTableRow {TR} at (0,0) size 0x0
            RenderTableCell {TD} at (15,50) size 52x20 [bgcolor=#FFFF00] [r=1 c=0 rs=1 cs=1]
              RenderText {TEXT} at (1,1) size 30x18
                text run at (1,1) width 30: "cell1"
            RenderTableCell {TD} at (82,50) size 53x20 [bgcolor=#FFFF00] [r=1 c=1 rs=1 cs=1]
              RenderText {TEXT} at (1,1) size 129x18
                text run at (1,1) width 129: "contentwithoutspace"
      RenderTable {TABLE} at (0,560) size 200x153 [bgcolor=#FFA500] [border: (10px solid #0000FF)]
        RenderTableCol {COLGROUP} at (0,0) size 0x0
          RenderTableCol {COL} at (0,0) size 0x0
        RenderTableCol {COLGROUP} at (0,0) size 0x0
          RenderTableCol {COL} at (0,0) size 0x0
        RenderBlock {CAPTION} at (0,0) size 150x18
          RenderText {TEXT} at (19,0) size 111x18
            text run at (19,0) width 111: "clip columngroup"
        RenderTableSection {TBODY} at (25,43) size 0x85
          RenderTableRow {TR} at (0,0) size 0x0
            RenderTableCell {TD} at (15,15) size 52x20 [bgcolor=#FFFF00] [r=0 c=0 rs=1 cs=1]
              RenderText {TEXT} at (1,1) size 30x18
                text run at (1,1) width 30: "cell1"
            RenderTableCell {TD} at (82,15) size 53x20 [bgcolor=#FFFF00] [r=0 c=1 rs=1 cs=1]
              RenderText {TEXT} at (1,1) size 129x18
                text run at (1,1) width 129: "contentwithoutspace"
          RenderTableRow {TR} at (0,0) size 0x0
            RenderTableCell {TD} at (15,50) size 52x20 [bgcolor=#FFFF00] [r=1 c=0 rs=1 cs=1]
              RenderText {TEXT} at (1,1) size 30x18
                text run at (1,1) width 30: "cell1"
            RenderTableCell {TD} at (82,50) size 53x20 [bgcolor=#FFFF00] [r=1 c=1 rs=1 cs=1]
              RenderText {TEXT} at (1,1) size 129x18
                text run at (1,1) width 129: "contentwithoutspace"
      RenderTable {TABLE} at (0,713) size 200x168 [bgcolor=#FFA500] [border: (10px solid #0000FF)]
        RenderBlock {CAPTION} at (0,0) size 150x18
          RenderText {TEXT} at (44,0) size 61x18
            text run at (44,0) width 61: "clip thead"
        RenderTableSection {THEAD} at (25,43) size 0x50
          RenderTableRow {TR} at (0,0) size 0x0
            RenderTableCell {TD} at (15,15) size 52x20 [bgcolor=#FFFF00] [r=0 c=0 rs=1 cs=1]
              RenderText {TEXT} at (1,1) size 30x18
                text run at (1,1) width 30: "cell1"
            RenderTableCell {TD} at (82,15) size 53x20 [bgcolor=#FFFF00] [r=0 c=1 rs=1 cs=1]
              RenderText {TEXT} at (1,1) size 129x18
                text run at (1,1) width 129: "contentwithoutspace"
        RenderTableSection {TBODY} at (25,93) size 0x50
          RenderTableRow {TR} at (0,0) size 0x0
            RenderTableCell {TD} at (15,15) size 52x20 [bgcolor=#FFFF00] [r=0 c=0 rs=1 cs=1]
              RenderText {TEXT} at (1,1) size 30x18
                text run at (1,1) width 30: "cell1"
            RenderTableCell {TD} at (82,15) size 53x20 [bgcolor=#FFFF00] [r=0 c=1 rs=1 cs=1]
              RenderText {TEXT} at (1,1) size 129x18
                text run at (1,1) width 129: "contentwithoutspace"
      RenderTable {TABLE} at (0,881) size 200x168 [bgcolor=#FFA500] [border: (10px solid #0000FF)]
        RenderBlock {CAPTION} at (0,0) size 150x18
          RenderText {TEXT} at (43,0) size 63x18
            text run at (43,0) width 63: "clip tbody"
        RenderTableSection {THEAD} at (25,43) size 0x50
          RenderTableRow {TR} at (0,0) size 0x0
            RenderTableCell {TD} at (15,15) size 52x20 [bgcolor=#FFFF00] [r=0 c=0 rs=1 cs=1]
              RenderText {TEXT} at (1,1) size 30x18
                text run at (1,1) width 30: "cell1"
            RenderTableCell {TD} at (82,15) size 53x20 [bgcolor=#FFFF00] [r=0 c=1 rs=1 cs=1]
              RenderText {TEXT} at (1,1) size 129x18
                text run at (1,1) width 129: "contentwithoutspace"
        RenderTableSection {TBODY} at (25,93) size 0x50
          RenderTableRow {TR} at (0,0) size 0x0
            RenderTableCell {TD} at (15,15) size 52x20 [bgcolor=#FFFF00] [r=0 c=0 rs=1 cs=1]
              RenderText {TEXT} at (1,1) size 30x18
                text run at (1,1) width 30: "cell1"
            RenderTableCell {TD} at (82,15) size 53x20 [bgcolor=#FFFF00] [r=0 c=1 rs=1 cs=1]
              RenderText {TEXT} at (1,1) size 129x18
                text run at (1,1) width 129: "contentwithoutspace"
      RenderTable {TABLE} at (0,1049) size 200x168 [bgcolor=#FFA500] [border: (10px solid #0000FF)]
        RenderBlock {CAPTION} at (0,0) size 150x18
          RenderText {TEXT} at (47,0) size 56x18
            text run at (47,0) width 56: "clip tfoot"
        RenderTableSection {TBODY} at (25,43) size 0x50
          RenderTableRow {TR} at (0,0) size 0x0
            RenderTableCell {TD} at (15,15) size 52x20 [bgcolor=#FFFF00] [r=0 c=0 rs=1 cs=1]
              RenderText {TEXT} at (1,1) size 30x18
                text run at (1,1) width 30: "cell1"
            RenderTableCell {TD} at (82,15) size 53x20 [bgcolor=#FFFF00] [r=0 c=1 rs=1 cs=1]
              RenderText {TEXT} at (1,1) size 129x18
                text run at (1,1) width 129: "contentwithoutspace"
        RenderTableSection {TFOOT} at (25,93) size 0x50
          RenderTableRow {TR} at (0,0) size 0x0
            RenderTableCell {TD} at (15,15) size 52x20 [bgcolor=#FFFF00] [r=0 c=0 rs=1 cs=1]
              RenderText {TEXT} at (1,1) size 30x18
                text run at (1,1) width 30: "cell1"
            RenderTableCell {TD} at (82,15) size 53x20 [bgcolor=#FFFF00] [r=0 c=1 rs=1 cs=1]
              RenderText {TEXT} at (1,1) size 129x18
                text run at (1,1) width 129: "contentwithoutspace"
      RenderTable {TABLE} at (0,1217) size 200x168 [bgcolor=#FFA500] [border: (10px solid #0000FF)]
        RenderBlock {CAPTION} at (0,0) size 150x18
          RenderText {TEXT} at (55,0) size 39x18
            text run at (55,0) width 39: "clip td"
        RenderTableSection {TBODY} at (25,43) size 0x50
          RenderTableRow {TR} at (0,0) size 0x0
            RenderTableCell {TD} at (15,15) size 52x20 [bgcolor=#FFFF00] [r=0 c=0 rs=1 cs=1]
              RenderText {TEXT} at (1,1) size 30x18
                text run at (1,1) width 30: "cell1"
            RenderTableCell {TD} at (82,15) size 53x20 [bgcolor=#FFFF00] [r=0 c=1 rs=1 cs=1]
              RenderText {TEXT} at (1,1) size 129x18
                text run at (1,1) width 129: "contentwithoutspace"
        RenderTableSection {TFOOT} at (25,93) size 0x50
          RenderTableRow {TR} at (0,0) size 0x0
            RenderTableCell {TD} at (15,15) size 52x20 [bgcolor=#FFFF00] [r=0 c=0 rs=1 cs=1]
              RenderText {TEXT} at (1,1) size 30x18
                text run at (1,1) width 30: "cell1"
layer at (115,1333) size 53x20 scrollWidth 130
  RenderTableCell {TD} at (82,15) size 53x20 [bgcolor=#FFFF00] [r=0 c=1 rs=1 cs=1]
    RenderText {TEXT} at (1,1) size 129x18
      text run at (1,1) width 129: "contentwithoutspace"
