layer at (0,0) size 800x600
  RenderCanvas at (0,0) size 800x600
layer at (0,0) size 38x24
  RenderTable {TABLE} at (0,0) size 38x24
    RenderTableSection {TBODY} at (0,0) size 0x24
      RenderTableRow {TR} at (0,0) size 0x0
        RenderTableCell {TD} at (2,2) size 34x20 [r=0 c=0 rs=1 cs=1]
          RenderText {TEXT} at (1,1) size 32x18
            text run at (1,1) width 32: "a test"
