layer at (0,0) size 800x600
  RenderCanvas at (0,0) size 800x600
layer at (0,0) size 800x600
  RenderBlock {HTML} at (0,0) size 800x600
    RenderBody {BODY} at (8,8) size 784x584
      RenderBlock (anonymous) at (0,0) size 784x18
        RenderText {TEXT} at (0,0) size 8x18
          text run at (0,0) width 8: "1"
      RenderTable {TABLE} at (0,18) size 784x10 [border: (1px outset #808080)]
        RenderTableSection {TBODY} at (1,1) size 0x8
          RenderTableRow {TR} at (0,0) size 0x0
            RenderTableCell {TD} at (2,2) size 778x4 [border: (1px inset #808080)] [r=0 c=0 rs=1 cs=1]
      RenderBlock (anonymous) at (0,28) size 784x36
        RenderText {TEXT} at (0,0) size 12x18
          text run at (0,0) width 12: "2 "
        RenderBR {BR} at (0,0) size 0x0
        RenderText {TEXT} at (0,18) size 8x18
          text run at (0,18) width 8: "3"
      RenderTable {TABLE} at (0,64) size 784x4 [border: (1px outset #808080)]
        RenderTableSection {TBODY} at (1,1) size 0x2
          RenderTableRow {TR} at (0,0) size 0x0
      RenderBlock (anonymous) at (0,68) size 784x18
        RenderText {TEXT} at (0,0) size 8x18
          text run at (0,0) width 8: "4"
        RenderText {TEXT} at (0,0) size 0x0
        RenderText {TEXT} at (0,0) size 0x0
