layer at (0,0) size 800x600
  RenderView at (0,0) size 800x600
layer at (0,0) size 800x600
  RenderBlock {HTML} at (0,0) size 800x600
    RenderBody {BODY} at (8,8) size 784x584 [bgcolor=#FFFFFF]
      RenderBlock {HR} at (0,0) size 152x2 [border: (1px inset #000000)]
      RenderTable {TABLE} at (0,10) size 163x94 [bgcolor=#F7D68C] [border: (1px outset #808080)]
        RenderTableSection {TBODY} at (1,1) size 161x92
          RenderTableRow {TR} at (0,0) size 161x92
            RenderTableCell {TD} at (0,27) size 138x38 [border: (1px inset #808080)] [r=0 c=0 rs=1 cs=1]
              RenderText {#text} at (1,1) size 136x36
                text run at (1,1) width 136: "xxxxxxxxxxxxxxxxx"
                text run at (1,19) width 100: "xxxxxx xxxxxx"
            RenderTableCell {TD} at (138,0) size 23x92 [border: (1px inset #808080)] [r=0 c=1 rs=1 cs=1]
              RenderImage {IMG} at (1,1) size 21x45
              RenderImage {IMG} at (1,46) size 21x45
      RenderBlock (anonymous) at (0,104) size 784x18
        RenderBR {BR} at (0,0) size 0x18
      RenderTable {TABLE} at (0,122) size 468x90 [bgcolor=#F7D68C]
        RenderTableSection {TBODY} at (0,0) size 468x90
          RenderTableRow {TR} at (0,0) size 468x44
            RenderTableCell {TD} at (0,0) size 326x22 [r=0 c=0 rs=1 cs=1]
              RenderInline {FONT} at (0,0) size 264x22
                RenderInline {B} at (0,0) size 264x22
                  RenderText {#text} at (0,0) size 264x22
                    text run at (0,0) width 264: " 25 offres d'emploi des entreprises"
            RenderTableCell {TD} at (326,0) size 101x44 [bgcolor=#EE9E02] [r=0 c=1 rs=1 cs=1]
              RenderImage {IMG} at (19,16) size 20x1
              RenderText {#text} at (39,3) size 34x18
                text run at (39,3) width 34: "page "
              RenderInline {FONT} at (0,0) size 28x44
                RenderInline {B} at (0,0) size 28x44
                  RenderText {#text} at (73,0) size 28x44
                    text run at (73,0) width 28: "12 /"
                    text run at (83,22) width 18: "13"
            RenderTableCell {TD} at (427,0) size 41x90 [r=0 c=2 rs=2 cs=1]
              RenderImage {IMG} at (0,0) size 21x45
              RenderImage {IMG} at (0,45) size 21x45
          RenderTableRow {TR} at (0,44) size 468x46
            RenderTableCell {TD} at (0,52) size 326x30 [r=1 c=0 rs=1 cs=1]
              RenderImage {IMG} at (0,0) size 326x30
            RenderTableCell {TD} at (326,52) size 101x30 [r=1 c=1 rs=1 cs=1]
              RenderImage {IMG} at (0,0) size 100x30
