layer at (0,0) size 800x600
  RenderCanvas at (0,0) size 800x600
layer at (0,0) size 800x600
  RenderBlock {HTML} at (0,0) size 800x600
    RenderBody {BODY} at (8,8) size 784x584
      RenderTable at (0,0) size 118x18
        RenderTableSection at (0,0) size 0x18
          RenderTableRow {DIV} at (0,0) size 0x0
            RenderTableCell at (0,0) size 118x18 [r=0 c=0 rs=1 cs=1]
              RenderText {TEXT} at (0,0) size 118x18
                text run at (0,0) width 118: "Second line of text"
      RenderBlock (anonymous) at (0,18) size 784x18
        RenderText {TEXT} at (0,0) size 229x18
          text run at (0,0) width 229: "There should be text below this line:"
