layer at (0,0) size 800x600
  RenderCanvas at (0,0) size 800x600
layer at (0,0) size 800x563
  RenderBlock {HTML} at (0,0) size 800x563 [bgcolor=#00FF99]
    RenderBody {BODY} at (57,64) size 686x435 [bgcolor=#99FFCC] [border: (3px solid #000000)]
      RenderTable at (3,3) size 308x19
        RenderTableSection at (0,0) size 0x19
          RenderTableRow {UL} at (0,0) size 0x0 [bgcolor=#00CC99]
            RenderTableCell {LI} at (0,0) size 77x19 [r=0 c=0 rs=1 cs=1]
              RenderInline {A} at (0,0) size 54x19 [color=#0000EE]
                RenderText {TEXT} at (11,0) size 54x19
                  text run at (11,0) width 54: "people"
            RenderTableCell {LI} at (77,0) size 77x19 [r=0 c=1 rs=1 cs=1]
              RenderInline {A} at (0,0) size 50x19 [color=#0000EE]
                RenderText {TEXT} at (13,0) size 50x19
                  text run at (13,0) width 50: "places"
            RenderTableCell {LI} at (154,0) size 77x19 [r=0 c=2 rs=1 cs=1]
              RenderInline {A} at (0,0) size 77x19 [color=#0000EE]
                RenderText {TEXT} at (0,0) size 77x19
                  text run at (0,0) width 77: "members"
            RenderTableCell {LI} at (231,0) size 77x19 [r=0 c=3 rs=1 cs=1]
              RenderInline {A} at (0,0) size 35x19 [color=#0000EE]
                RenderText {TEXT} at (21,0) size 35x19
                  text run at (21,0) width 35: "links"
      RenderBlock {P} at (3,22) size 680x64
        RenderText {TEXT} at (0,6) size 636x64
          text run at (0,6) width 597: "These links are in an element with display table-row, and the li elements "
          text run at (597,6) width 39: "have"
          text run at (0,38) width 153: "display: table-cell. "
          text run at (153,38) width 131: "They disappear:"
      RenderBlock {DIV} at (3,86) size 680x346
        RenderBlock (anonymous) at (16,16) size 648x19
          RenderText {TEXT} at (0,0) size 514x19
            text run at (0,0) width 228: "This text is not in the form. "
            text run at (228,0) width 286: "The form should be indented 40px."
        RenderBlock {FORM} at (96,35) size 568x279
          RenderBlock {P} at (0,0) size 568x64
            RenderText {TEXT} at (0,6) size 545x64
              text run at (0,6) width 196: "This is text in the form. "
              text run at (196,6) width 230: "It should be indented 40px. "
              text run at (426,6) width 119: "The form itself"
              text run at (0,38) width 376: "has the same table-row/table-cell problem as "
              text run at (376,38) width 55: "above."
          RenderBlock {P} at (0,64) size 568x61
            RenderTable {SPAN} at (0,0) size 137x51
              RenderTableSection at (0,0) size 0x51
                RenderTableRow {SPAN} at (0,0) size 0x0
                  RenderTableCell at (0,0) size 137x28 [r=0 c=0 rs=1 cs=1]
                    RenderText {TEXT} at (0,6) size 137x28
                      text run at (0,6) width 137: "First Name (required)"
                RenderTableRow at (0,0) size 0x0
                  RenderTableCell at (0,28) size 137x23 [r=1 c=0 rs=1 cs=1]
                    RenderLineEdit {INPUT} at (2,2) size 120x19
            RenderText {TEXT} at (137,35) size 6x32
              text run at (137,35) width 6: " "
            RenderTable {SPAN} at (143,0) size 136x51
              RenderTableSection at (0,0) size 0x51
                RenderTableRow {SPAN} at (0,0) size 0x0
                  RenderTableCell at (0,0) size 136x28 [r=0 c=0 rs=1 cs=1]
                    RenderText {TEXT} at (0,6) size 136x28
                      text run at (0,6) width 136: "Last Name (required)"
                RenderTableRow at (0,0) size 0x0
                  RenderTableCell at (0,28) size 136x23 [r=1 c=0 rs=1 cs=1]
                    RenderLineEdit {INPUT} at (2,2) size 120x19
            RenderText {TEXT} at (0,0) size 0x0
          RenderBlock {P} at (0,125) size 568x61
            RenderTable {SPAN} at (0,0) size 291x51
              RenderTableSection at (0,0) size 0x51
                RenderTableRow {SPAN} at (0,0) size 0x0
                  RenderTableCell at (0,0) size 291x28 [r=0 c=0 rs=1 cs=1]
                    RenderText {TEXT} at (0,6) size 91x28
                      text run at (0,6) width 91: "Email Address"
                RenderTableRow at (0,0) size 0x0
                  RenderTableCell at (0,28) size 291x23 [r=1 c=0 rs=1 cs=1]
                    RenderLineEdit {INPUT} at (2,2) size 287x19
            RenderText {TEXT} at (0,0) size 0x0
          RenderBlock {P} at (0,186) size 568x61
            RenderTable {SPAN} at (0,0) size 124x51
              RenderTableSection at (0,0) size 0x51
                RenderTableRow {SPAN} at (0,0) size 0x0
                  RenderTableCell at (0,0) size 124x28 [r=0 c=0 rs=1 cs=1]
                    RenderText {TEXT} at (0,6) size 103x28
                      text run at (0,6) width 103: "Company Name"
                RenderTableRow at (0,0) size 0x0
                  RenderTableCell at (0,28) size 124x23 [r=1 c=0 rs=1 cs=1]
                    RenderLineEdit {INPUT} at (2,2) size 120x19
            RenderText {TEXT} at (124,35) size 6x32
              text run at (124,35) width 6: " "
            RenderTable {SPAN} at (130,0) size 124x51
              RenderTableSection at (0,0) size 0x51
                RenderTableRow {SPAN} at (0,0) size 0x0
                  RenderTableCell at (0,0) size 124x28 [r=0 c=0 rs=1 cs=1]
                    RenderText {TEXT} at (0,6) size 27x28
                      text run at (0,6) width 27: "Title"
                RenderTableRow at (0,0) size 0x0
                  RenderTableCell at (0,28) size 124x23 [r=1 c=0 rs=1 cs=1]
                    RenderLineEdit {INPUT} at (2,2) size 120x19
            RenderText {TEXT} at (0,0) size 0x0
          RenderBlock {P} at (0,247) size 568x32
            RenderButton {INPUT} at (2,9) size 57x18 [bgcolor=#C0C0C0]
              RenderBlock (anonymous) at (8,2) size 41x13
                RenderText at (0,0) size 41x13
                  text run at (0,0) width 41: "Submit!"
            RenderText {TEXT} at (61,6) size 6x32
              text run at (61,6) width 6: " "
            RenderButton {INPUT} at (69,9) size 75x18 [bgcolor=#C0C0C0]
              RenderBlock (anonymous) at (8,2) size 59x13
                RenderText at (0,0) size 59x13
                  text run at (0,0) width 59: "Clear Form"
            RenderText {TEXT} at (0,0) size 0x0
