layer at (0,0) size 800x600
  RenderCanvas at (0,0) size 800x600
layer at (0,0) size 800x600
  RenderBlock {HTML} at (0,0) size 800x600
    RenderBody {BODY} at (8,8) size 784x584
      RenderTable {TABLE} at (0,0) size 784x88
        RenderTableSection {TBODY} at (0,0) size 0x88
          RenderTableRow {TR} at (0,0) size 0x0
            RenderTableCell {TD} at (2,2) size 636x84 [r=0 c=0 rs=1 cs=1]
              RenderTable {TABLE} at (1,1) size 634x82
                RenderTableSection {TBODY} at (0,0) size 0x82
                  RenderTableRow {TR} at (0,0) size 0x0
                    RenderTableCell {TD} at (2,2) size 630x78 [r=0 c=0 rs=1 cs=1]
                      RenderText {TEXT} at (1,1) size 88x18
                        text run at (1,1) width 88: "inside of table"
                      RenderImage {IMG} at (1,19) size 600x58
            RenderTableCell {TD} at (640,25) size 142x38 [r=0 c=1 rs=1 cs=1]
              RenderText {TEXT} at (1,1) size 119x36
                text run at (1,1) width 119: "2nd row of outside"
                text run at (1,19) width 30: "table"
