layer at (0,0) size 800x600
  RenderCanvas at (0,0) size 800x600
layer at (0,0) size 800x164
  RenderBlock {HTML} at (0,0) size 800x164
    RenderBody {BODY} at (8,8) size 784x148
      RenderBlock (anonymous) at (0,0) size 784x18
        RenderText {TEXT} at (0,0) size 206x18
          text run at (0,0) width 206: "Both tables should look identical"
      RenderTable {TABLE} at (0,18) size 200x46 [border: (1px outset #808080)]
        RenderBlock {CAPTION} at (0,0) size 198x18
          RenderText {TEXT} at (76,0) size 46x18
            text run at (76,0) width 46: "caption"
        RenderTableSection {TBODY} at (1,19) size 0x26
          RenderTableRow {TR} at (0,0) size 0x0
            RenderTableCell {TD} at (2,2) size 194x22 [border: (1px inset #808080)] [r=0 c=0 rs=1 cs=1]
              RenderText {TEXT} at (2,2) size 30x18
                text run at (2,2) width 30: "cell1"
      RenderTable {TABLE} at (0,64) size 200x84 [border: (1px outset #808080)]
        RenderBlock {CAPTION} at (0,0) size 198x37
          RenderText {TEXT} at (52,0) size 94x37
            text run at (52,0) width 94: "caption"
        RenderTableSection {TBODY} at (1,38) size 0x45
          RenderTableRow {TR} at (0,0) size 0x0
            RenderTableCell {TD} at (2,2) size 194x41 [border: (1px inset #808080)] [r=0 c=0 rs=1 cs=1]
              RenderText {TEXT} at (2,2) size 62x37
                text run at (2,2) width 62: "cell1"
