layer at (0,0) size 785x826
  RenderCanvas at (0,0) size 785x600
layer at (0,0) size 785x826
  RenderBlock {HTML} at (0,0) size 785x826
    RenderBody {BODY} at (8,8) size 769x810
      RenderBlock (anonymous) at (0,0) size 769x90
        RenderText {TEXT} at (0,0) size 311x18
          text run at (0,0) width 311: "The following three examples are 2 nested tables."
        RenderBR {BR} at (0,0) size 0x0
        RenderText {TEXT} at (0,18) size 768x18
          text run at (0,18) width 768: "The inner table has a height of 100%, the outer table has a height set of 200px, on the <table>, <tr> and <td> respectively."
        RenderBR {BR} at (0,0) size 0x0
        RenderBR {BR} at (0,36) size 0x18
        RenderText {TEXT} at (0,54) size 740x18
          text run at (0,54) width 740: "In all examples the inner table should completely fill the outer table. (with respect of the padding and border ofcourse)"
        RenderBR {BR} at (0,0) size 0x0
        RenderBR {BR} at (0,72) size 0x18
      RenderTable {TABLE} at (0,90) size 270x200 [border: (1px outset #808080)]
        RenderTableSection {TBODY} at (1,1) size 0x198
          RenderTableRow {TR} at (0,0) size 0x0
            RenderTableCell {TD} at (2,2) size 264x194 [border: (1px inset #808080)] [r=0 c=0 rs=1 cs=1]
              RenderTable {TABLE} at (2,2) size 260x190 [border: (1px outset #808080)]
                RenderTableSection {TBODY} at (1,1) size 0x188
                  RenderTableRow {TR} at (0,0) size 0x0
                    RenderTableCell {TD} at (2,83) size 254x22 [border: (1px inset #808080)] [r=0 c=0 rs=1 cs=1]
                      RenderText {TEXT} at (2,2) size 250x18
                        text run at (2,2) width 250: "outer table has height:200px on <table>"
      RenderBlock (anonymous) at (0,290) size 769x18
        RenderBR {BR} at (0,0) size 0x18
      RenderTable {TABLE} at (0,308) size 249x204 [border: (1px outset #808080)]
        RenderTableSection {TBODY} at (1,1) size 0x202
          RenderTableRow {TR} at (0,0) size 0x0
            RenderTableCell {TD} at (2,85) size 243x32 [border: (1px inset #808080)] [r=0 c=0 rs=1 cs=1]
              RenderTable {TABLE} at (2,2) size 239x28 [border: (1px outset #808080)]
                RenderTableSection {TBODY} at (1,1) size 0x26
                  RenderTableRow {TR} at (0,0) size 0x0
                    RenderTableCell {TD} at (2,2) size 233x22 [border: (1px inset #808080)] [r=0 c=0 rs=1 cs=1]
                      RenderText {TEXT} at (2,2) size 229x18
                        text run at (2,2) width 229: "outer table has height:200px on <tr>"
      RenderBlock (anonymous) at (0,512) size 769x18
        RenderBR {BR} at (0,0) size 0x18
      RenderTable {TABLE} at (0,530) size 252x206 [border: (1px outset #808080)]
        RenderTableSection {TBODY} at (1,1) size 0x204
          RenderTableRow {TR} at (0,0) size 0x0
            RenderTableCell {TD} at (2,2) size 246x200 [border: (1px inset #808080)] [r=0 c=0 rs=1 cs=1]
              RenderTable {TABLE} at (2,2) size 242x196 [border: (1px outset #808080)]
                RenderTableSection {TBODY} at (1,1) size 0x194
                  RenderTableRow {TR} at (0,0) size 0x0
                    RenderTableCell {TD} at (2,86) size 236x22 [border: (1px inset #808080)] [r=0 c=0 rs=1 cs=1]
                      RenderText {TEXT} at (2,2) size 232x18
                        text run at (2,2) width 232: "outer table has height:200px on <td>"
      RenderBlock (anonymous) at (0,736) size 769x18
        RenderBR {BR} at (0,0) size 0x18
      RenderTable {TABLE} at (0,754) size 619x56 [border: (1px outset #808080)]
        RenderTableSection {TBODY} at (1,1) size 0x54
          RenderTableRow {TR} at (0,0) size 0x0
            RenderTableCell {TD} at (2,2) size 613x50 [border: (1px inset #808080)] [r=0 c=0 rs=1 cs=1]
              RenderTable {TABLE} at (2,2) size 609x46 [border: (1px outset #808080)]
                RenderTableSection {TBODY} at (1,1) size 0x44
                  RenderTableRow {TR} at (0,0) size 0x0
                    RenderTableCell {TD} at (2,2) size 603x40 [border: (1px inset #808080)] [r=0 c=0 rs=1 cs=1]
                      RenderText {TEXT} at (2,2) size 382x18
                        text run at (2,2) width 382: "outer table has no height set, inner table has a height of 50%."
                      RenderBR {BR} at (0,0) size 0x0
                      RenderText {TEXT} at (2,20) size 599x18
                        text run at (2,20) width 599: "Here the height should be set to auto, because the height of the outer td depends on the content."
