layer at (0,0) size 800x600
  RenderCanvas at (0,0) size 800x600
layer at (0,0) size 800x600
  RenderBlock {HTML} at (0,0) size 800x600
    RenderBody {BODY} at (8,8) size 784x584
      RenderBlock {DIV} at (0,0) size 784x206 [border: (3px solid #0000FF)]
        RenderTable {TABLE} at (358,3) size 68x243 [border: (3px solid #008000)]
          RenderBlock {CAPTION} at (0,0) size 18x83 [border: (3px solid #FFA500)]
            RenderText {TEXT} at (3,3) size 22x18
              text run at (3,3) width 22: "cap"
          RenderTableSection {TBODY} at (3,86) size 0x154
            RenderTableRow {TR} at (0,0) size 0x0
              RenderTableCell {TD} at (2,67) size 58x20 [r=0 c=0 rs=1 cs=1]
                RenderText {TEXT} at (1,1) size 56x18
                  text run at (1,1) width 56: "table cell"
