layer at (0,0) size 800x600
  RenderCanvas at (0,0) size 800x600
layer at (0,0) size 800x415
  RenderBlock {HTML} at (0,0) size 800x415
    RenderBody {BODY} at (8,22) size 784x385
      RenderBlock {H5} at (0,0) size 784x15
        RenderText {TEXT} at (0,0) size 208x15
          text run at (0,0) width 208: "table - color, tbodies color, row color"
      RenderTable {TABLE} at (0,37) size 187x348 [bgcolor=#FFA500] [border: (1px outset #808080)]
        RenderTableSection {TBODY} at (41,41) size 0x164 [bgcolor=#FF0000]
          RenderTableRow {TR} at (0,0) size 0x0 [bgcolor=#FFFF00]
            RenderTableCell {TD} at (40,40) size 25x22 [border: (1px inset #808080)] [r=0 c=0 rs=1 cs=1]
              RenderText {TEXT} at (2,2) size 21x18
                text run at (2,2) width 21: "foo"
          RenderTableRow {TR} at (0,0) size 0x0
            RenderTableCell {TD} at (40,102) size 25x22 [border: (1px inset #808080)] [r=1 c=0 rs=1 cs=1]
              RenderText {TEXT} at (2,2) size 21x18
                text run at (2,2) width 21: "foo"
        RenderTableSection {TBODY} at (41,205) size 0x102 [bgcolor=#008000]
          RenderTableRow {TR} at (0,0) size 0x0
            RenderTableCell {TD} at (40,40) size 25x22 [border: (1px inset #808080)] [r=0 c=0 rs=1 cs=1]
              RenderText {TEXT} at (2,2) size 21x18
                text run at (2,2) width 21: "foo"
