layer at (0,0) size 800x600
  RenderCanvas at (0,0) size 800x600
layer at (0,0) size 800x600
  RenderBlock {HTML} at (0,0) size 800x600
    RenderBody {BODY} at (8,8) size 784x584
      RenderTable {TABLE} at (0,0) size 472x74 [border: (1px outset #808080)]
        RenderTableSection {TBODY} at (1,1) size 0x72
          RenderTableRow {TR} at (0,0) size 0x0
            RenderTableCell {TD} at (2,2) size 282x68 [border: (1px inset #808080)] [r=0 c=0 rs=1 cs=1]
              RenderBlock (anonymous) at (2,2) size 278x18
                RenderText {TEXT} at (0,0) size 253x18
                  text run at (0,0) width 253: "some normal text before the nested table"
              RenderTable {TABLE} at (52,20) size 264x28 [border: (1px outset #808080)]
                RenderTableSection {TBODY} at (1,1) size 0x26
                  RenderTableRow {TR} at (0,0) size 0x0
                    RenderTableCell {TD} at (2,2) size 258x22 [border: (1px inset #808080)] [r=0 c=0 rs=1 cs=1]
                      RenderText {TEXT} at (2,2) size 218x18
                        text run at (2,2) width 218: "selection of words to pad table cell"
              RenderBlock (anonymous) at (2,48) size 278x18
                RenderText {TEXT} at (0,0) size 241x18
                  text run at (0,0) width 241: "some normal text after the nested table"
            RenderTableCell {TD} at (286,25) size 182x22 [border: (1px inset #808080)] [r=0 c=1 rs=1 cs=1]
              RenderText {TEXT} at (2,2) size 178x18
                text run at (2,2) width 178: "contents of table cell to right"
      RenderTable {TABLE} at (0,74) size 41x38 [border: (1px outset #808080)]
        RenderTableSection {TBODY} at (1,1) size 0x36
          RenderTableRow {TR} at (0,0) size 0x0
            RenderTableCell {TD} at (2,2) size 35x32 [border: (1px inset #808080)] [r=0 c=0 rs=1 cs=1]
              RenderTable {TABLE} at (2,2) size 37x28 [border: (1px outset #808080)]
                RenderTableSection {TBODY} at (1,1) size 0x26
                  RenderTableRow {TR} at (0,0) size 0x0
                    RenderTableCell {TD} at (2,2) size 31x22 [border: (1px inset #808080)] [r=0 c=0 rs=1 cs=1]
                      RenderText {TEXT} at (2,2) size 21x18
                        text run at (2,2) width 21: "foo"
