layer at (0,0) size 800x600
  RenderCanvas at (0,0) size 800x600
layer at (0,0) size 800x76
  RenderBlock {HTML} at (0,0) size 800x76
    RenderBody {BODY} at (8,8) size 784x60
      RenderBlock (anonymous) at (0,0) size 784x18
        RenderText {TEXT} at (0,0) size 191x18
          text run at (0,0) width 191: "the text should be courier 24pt"
      RenderTable {TABLE} at (0,18) size 80x24
        RenderTableSection {TBODY} at (0,0) size 0x24
          RenderTableRow {TR} at (0,0) size 0x0
            RenderTableCell {TD} at (2,2) size 76x20 [r=0 c=0 rs=1 cs=1]
              RenderText {TEXT} at (1,1) size 74x18
                text run at (1,1) width 74: "inside a cell"
      RenderBlock {DIV} at (0,42) size 784x18
        RenderText {TEXT} at (0,0) size 72x18
          text run at (0,0) width 72: "inside a div"
