layer at (0,0) size 96x78
  RenderView at (0,0) size 96x26
layer at (0,0) size 96x78
  RenderBlock {HTML} at (0,0) size 96x78
    RenderBody {BODY} at (8,8) size 80x62 [bgcolor=#FFFFFF]
      RenderTable {TABLE} at (0,0) size 69x62 [bgcolor=#008000] [border: (1px solid #0000FF)]
        RenderTableSection {TBODY} at (1,1) size 67x60
          RenderTableRow {TR} at (0,0) size 67x20
            RenderTableCell {TD} at (0,0) size 32x20 [bgcolor=#FF0000] [border: (1px solid #0000FF)] [r=0 c=0 rs=1 cs=1]
              RenderText {#text} at (2,2) size 27x16
                text run at (2,2) width 27: "asdf"
            RenderTableCell {TD} at (32,0) size 35x20 [border: (1px solid #0000FF)] [r=0 c=1 rs=1 cs=1]
              RenderText {#text} at (2,2) size 31x16
                text run at (2,2) width 31: "qwer"
          RenderTableRow {TR} at (0,20) size 67x20
            RenderTableCell {TD} at (0,20) size 32x20 [bgcolor=#FF0000] [border: (1px solid #0000FF)] [r=1 c=0 rs=1 cs=1]
              RenderText {#text} at (2,2) size 27x16
                text run at (2,2) width 27: "fdsa"
            RenderTableCell {TD} at (32,20) size 35x20 [bgcolor=#FF0000] [border: (1px solid #0000FF)] [r=1 c=1 rs=1 cs=1]
              RenderText {#text} at (2,2) size 31x16
                text run at (2,2) width 31: "rewq"
          RenderTableRow {TR} at (0,40) size 67x20
            RenderTableCell {TD} at (0,40) size 32x20 [border: (1px solid #0000FF)] [r=2 c=0 rs=1 cs=1]
              RenderText {#text} at (2,2) size 28x16
                text run at (2,2) width 28: "zxcv"
            RenderTableCell {TD} at (32,40) size 35x20 [border: (1px solid #0000FF)] [r=2 c=1 rs=1 cs=1]
              RenderText {#text} at (2,2) size 26x16
                text run at (2,2) width 26: "uiop"
