layer at (0,0) size 800x600
  RenderView at (0,0) size 800x600
layer at (0,0) size 800x572
  RenderBlock {HTML} at (0,0) size 800x572
    RenderBody {BODY} at (8,14) size 784x544
      RenderBlock {P} at (0,0) size 784x48
        RenderText {#text} at (0,0) size 773x48
          text run at (0,0) width 451: "Following table should have 6px solid blue border around cell 3, red 5px "
          text run at (451,0) width 320: "solid border around the rest of table and green 4px"
          text run at (0,16) width 172: "solid border between cell 1 "
          text run at (172,16) width 482: "and cell 2. The red border should override the green border around the cells "
          text run at (654,16) width 119: "because it's thicker"
          text run at (0,32) width 366: "and the blue border should override the red border for the "
          text run at (366,32) width 85: "same reason."
      RenderTable {TABLE} at (0,62) size 159x30 [border: (3px solid #FF0000)]
        RenderTableSection {TBODY} at (2,3) size 154x24
          RenderTableRow {TR} at (0,0) size 154x24
            RenderTableCell {TD} at (0,0) size 51x23 [border: (3px solid #008000)] [r=0 c=0 rs=1 cs=1]
              RenderText {#text} at (4,4) size 44x16
                text run at (4,4) width 44: "Cell #1"
            RenderTableCell {TD} at (51,0) size 51x23 [border: (3px solid #008000)] [r=0 c=1 rs=1 cs=1]
              RenderText {#text} at (3,4) size 44x16
                text run at (3,4) width 44: "Cell #2"
            RenderTableCell {TD} at (102,0) size 52x24 [border: (3px solid #0000FF)] [r=0 c=2 rs=1 cs=1]
              RenderText {#text} at (4,4) size 44x16
                text run at (4,4) width 44: "Cell #3"
      RenderBlock {P} at (0,106) size 784x16
        RenderText {#text} at (0,0) size 29x16
          text run at (0,0) width 29: "See "
        RenderInline {A} at (0,0) size 221x16 [color=#0000EE]
          RenderText {#text} at (29,0) size 221x16
            text run at (29,0) width 71: "17.6.2 The "
            text run at (100,0) width 150: "collapsing border model"
        RenderText {#text} at (250,0) size 117x16
          text run at (250,0) width 117: " for following tests:"
      RenderTable {TABLE} at (0,136) size 146x242 [border: (2px solid #FFFF00)]
        RenderTableCol {COLGROUP} at (0,0) size 0x0
          RenderTableCol {COL} at (0,0) size 0x0 [border: (3px solid #000000)]
          RenderTableCol {COL} at (0,0) size 0x0
          RenderTableCol {COL} at (0,0) size 0x0
        RenderTableSection {TBODY} at (2,2) size 141x237
          RenderTableRow {TR} at (0,0) size 141x49
            RenderTableCell {TD} at (0,1) size 48x47 [border: (3px solid #FF0000)] [r=0 c=0 rs=1 cs=1]
              RenderText {#text} at (17,17) size 8x16
                text run at (17,17) width 8: "1"
            RenderTableCell {TD} at (48,0) size 46x49 [border: (3px solid #FF0000)] [r=0 c=1 rs=1 cs=1]
              RenderText {#text} at (16,17) size 8x16
                text run at (16,17) width 8: "2"
            RenderTableCell {TD} at (94,0) size 47x49 [border: (3px solid #FF0000)] [r=0 c=2 rs=1 cs=1]
              RenderText {#text} at (15,17) size 8x16
                text run at (15,17) width 8: "3"
          RenderTableRow {TR} at (0,49) size 141x49
            RenderTableCell {TD} at (0,51) size 48x45 [border: (1px solid #FF0000)] [r=1 c=0 rs=1 cs=1]
              RenderText {#text} at (17,15) size 8x16
                text run at (17,15) width 8: "4"
            RenderTableCell {TD} at (48,49) size 46x49 [border: (3px dashed #0000FF)] [r=1 c=1 rs=1 cs=1]
              RenderText {#text} at (17,17) size 8x16
                text run at (17,17) width 8: "5"
            RenderTableCell {TD} at (94,49) size 47x49 [border: (3px solid #008000)] [r=1 c=2 rs=1 cs=1]
              RenderText {#text} at (17,17) size 8x16
                text run at (17,17) width 8: "6"
          RenderTableRow {TR} at (0,98) size 141x47
            RenderTableCell {TD} at (0,99) size 48x45 [border: (1px solid #FF0000)] [r=2 c=0 rs=1 cs=1]
              RenderText {#text} at (17,15) size 8x16
                text run at (17,15) width 8: "7"
            RenderTableCell {TD} at (48,98) size 46x47 [border: (3px solid #FF0000)] [r=2 c=1 rs=1 cs=1]
              RenderText {#text} at (16,17) size 8x16
                text run at (16,17) width 8: "8"
            RenderTableCell {TD} at (94,98) size 47x47 [border: (3px solid #FF0000)] [r=2 c=2 rs=1 cs=1]
              RenderText {#text} at (15,17) size 8x16
                text run at (15,17) width 8: "9"
          RenderTableRow {TR} at (0,145) size 141x45
            RenderTableCell {TD} at (0,145) size 48x45 [border: (1px solid #FF0000)] [r=3 c=0 rs=1 cs=1]
              RenderText {#text} at (17,15) size 16x16
                text run at (17,15) width 16: "10"
            RenderTableCell {TD} at (48,145) size 46x45 [border: (1px solid #FF0000)] [r=3 c=1 rs=1 cs=1]
              RenderText {#text} at (16,15) size 16x16
                text run at (16,15) width 16: "11"
            RenderTableCell {TD} at (94,145) size 47x45 [border: (1px solid #FF0000)] [r=3 c=2 rs=1 cs=1]
              RenderText {#text} at (15,15) size 16x16
                text run at (15,15) width 16: "12"
          RenderTableRow {TR} at (0,190) size 141x47
            RenderTableCell {TD} at (0,190) size 48x47 [border: (1px solid #FF0000)] [r=4 c=0 rs=1 cs=1]
              RenderText {#text} at (17,15) size 16x16
                text run at (17,15) width 16: "13"
            RenderTableCell {TD} at (48,190) size 46x47 [border: (1px solid #FF0000)] [r=4 c=1 rs=1 cs=1]
              RenderText {#text} at (16,15) size 16x16
                text run at (16,15) width 16: "14"
            RenderTableCell {TD} at (94,190) size 47x47 [border: (1px solid #FF0000)] [r=4 c=2 rs=1 cs=1]
              RenderText {#text} at (15,15) size 16x16
                text run at (15,15) width 16: "15"
      RenderBlock {P} at (0,392) size 784x32
        RenderText {#text} at (0,0) size 355x16
          text run at (0,0) width 355: "This is an example rendering for the previous table from "
        RenderInline {A} at (0,0) size 384x16 [color=#0000EE]
          RenderText {#text} at (355,0) size 384x16
            text run at (355,0) width 384: "http://www.w3.org/TR/REC-CSS2/images/tbl-border-conflict.gif"
        RenderText {#text} at (739,0) size 7x16
          text run at (739,0) width 7: ": "
        RenderBR {BR} at (0,0) size 0x0
        RenderImage {IMG} at (0,16) size 205x16
        RenderText {#text} at (0,0) size 0x0
      RenderBlock {P} at (0,438) size 784x32
        RenderText {#text} at (0,0) size 781x32
          text run at (0,0) width 480: "Following table should have 2px solid black line between rows. There should "
          text run at (480,0) width 301: "be a total of two lines. There will be three lines if"
          text run at (0,16) width 172: "user agent doesn't support "
        RenderInline {CODE} at (0,0) size 56x16
          RenderText {#text} at (172,16) size 56x16
            text run at (172,16) width 56: "tr:first-child"
        RenderText {#text} at (228,16) size 3x16
          text run at (228,16) width 3: "."
      RenderTable {TABLE} at (0,484) size 132x60 [border: (1px none #808080)]
        RenderTableSection {TBODY} at (0,1) size 132x59
          RenderTableRow {TR} at (0,0) size 132x20 [border: (2px solid #000000) none]
            RenderTableCell {TD} at (0,0) size 44x20 [border: (1px none #000000)] [r=0 c=0 rs=1 cs=1]
              RenderText {#text} at (18,2) size 8x16
                text run at (18,2) width 8: "a"
            RenderTableCell {TD} at (44,0) size 44x20 [border: (1px none #000000)] [r=0 c=1 rs=1 cs=1]
              RenderText {#text} at (17,2) size 9x16
                text run at (17,2) width 9: "b"
            RenderTableCell {TD} at (88,0) size 44x20 [border: (1px none #000000)] [r=0 c=2 rs=1 cs=1]
              RenderText {#text} at (18,2) size 8x16
                text run at (18,2) width 8: "c"
          RenderTableRow {TR} at (0,20) size 132x20 [border: (2px solid #000000) none]
            RenderTableCell {TD} at (0,20) size 44x20 [border: (1px none #000000)] [r=1 c=0 rs=1 cs=1]
              RenderText {#text} at (18,2) size 8x16
                text run at (18,2) width 8: "3"
            RenderTableCell {TD} at (44,20) size 44x20 [border: (1px none #000000)] [r=1 c=1 rs=1 cs=1]
              RenderText {#text} at (18,2) size 8x16
                text run at (18,2) width 8: "4"
            RenderTableCell {TD} at (88,20) size 44x20 [border: (1px none #000000)] [r=1 c=2 rs=1 cs=1]
              RenderText {#text} at (18,2) size 8x16
                text run at (18,2) width 8: "5"
          RenderTableRow {TR} at (0,40) size 132x19 [border: (2px solid #000000) none]
            RenderTableCell {TD} at (0,40) size 44x19 [border: (1px none #000000)] [r=2 c=0 rs=1 cs=1]
              RenderText {#text} at (18,2) size 8x16
                text run at (18,2) width 8: "5"
            RenderTableCell {TD} at (44,40) size 44x19 [border: (1px none #000000)] [r=2 c=1 rs=1 cs=1]
              RenderText {#text} at (14,2) size 16x16
                text run at (14,2) width 16: "12"
            RenderTableCell {TD} at (88,40) size 44x19 [border: (1px none #000000)] [r=2 c=2 rs=1 cs=1]
              RenderText {#text} at (14,2) size 16x16
                text run at (14,2) width 16: "13"
