layer at (0,0) size 800x600
  RenderView at (0,0) size 800x600
layer at (0,0) size 800x600
  RenderBlock {HTML} at (0,0) size 800x600
    RenderBody {BODY} at (8,8) size 784x584
      RenderText {#text} at (0,0) size 0x0
      RenderText {#text} at (0,0) size 0x0
      RenderText {#text} at (0,0) size 0x0
layer at (10,10) size 141x34 clip at (11,11) size 124x32 scrollHeight 60
  RenderTextControl {TEXTAREA} at (2,2) size 141x34 [bgcolor=#FFFFFF] [border: (1px solid #000000)]
    RenderBlock {DIV} at (3,3) size 120x56
      RenderText {#text} at (0,0) size 120x42
        text run at (0,0) width 89: "<!-- </textarea> -->"
        text run at (89,0) width 0: " "
        text run at (0,14) width 119: "This should be part of the"
        text run at (119,14) width 1: " "
        text run at (0,28) width 36: "textarea"
        text run at (36,28) width 0: " "
      RenderBR {BR} at (0,42) size 0x14
