layer at (0,0) size 800x600
  RenderView at (0,0) size 800x600
layer at (0,0) size 800x600
  RenderBlock {HTML} at (0,0) size 800x600
    RenderBody {BODY} at (8,8) size 784x584
      RenderText {#text} at (145,21) size 249x20
        text run at (145,21) width 249: " --> This should be outside the textarea."
      RenderText {#text} at (0,0) size 0x0
      RenderText {#text} at (0,0) size 0x0
      RenderText {#text} at (0,0) size 0x0
layer at (10,10) size 141x34 clip at (11,11) size 139x32
  RenderTextControl {TEXTAREA} at (2,2) size 141x34 [bgcolor=#FFFFFF] [border: (1px solid #000000)]
    RenderBlock {DIV} at (3,3) size 135x14
      RenderText {#text} at (0,0) size 21x14
        text run at (0,0) width 18: "<!--"
        text run at (18,0) width 3: " "
