layer at (0,0) size 800x600
  RenderCanvas at (0,0) size 800x600
layer at (0,0) size 800x34
  RenderBlock {HTML} at (0,0) size 800x34
    RenderBody {BODY} at (8,8) size 784x18
      RenderInline {A} at (0,0) size 236x18 [color=#0000EE]
        RenderInline {B} at (0,0) size 236x18
          RenderText {TEXT} at (0,0) size 236x18
            text run at (0,0) width 236: "the second copy should not be bold"
      RenderText {TEXT} at (236,0) size 4x18
        text run at (236,0) width 4: " "
      RenderInline {B} at (0,0) size 236x18
        RenderText {TEXT} at (240,0) size 236x18
          text run at (240,0) width 236: "the second copy should not be bold"
