layer at (0,0) size 800x600
  RenderCanvas at (0,0) size 800x600
layer at (0,0) size 800x600
  RenderBlock {HTML} at (0,0) size 800x600
    RenderBody {BODY} at (8,8) size 784x584
      RenderBlock {H1} at (0,0) size 784x37
        RenderText {TEXT} at (0,0) size 195x37
          text run at (0,0) width 195: "Cloning nodes"
      RenderBlock {DIV} at (0,58) size 784x76 [bgcolor=#FFFF00] [border: (2px ridge #000000)]
        RenderInline {SPAN} at (0,0) size 768x72
          RenderText {TEXT} at (2,2) size 60x36
            text run at (2,2) width 60: "Bold"
          RenderInline {SPAN} at (0,0) size 708x36
            RenderText {TEXT} at (62,2) size 205x36
              text run at (62,2) width 205: "Bold+Underline"
            RenderInline {SPAN} at (0,0) size 281x36
              RenderText {TEXT} at (267,2) size 281x36
                text run at (267,2) width 281: "Bold+Underline+Italic"
            RenderText {TEXT} at (548,2) size 222x36
              text run at (548,2) width 222: "Bold+Uunderline"
          RenderText {TEXT} at (2,38) size 60x36
            text run at (2,38) width 60: "Bold"
        RenderText {TEXT} at (0,0) size 0x0
      RenderBlock (anonymous) at (0,134) size 784x18
        RenderText {TEXT} at (0,0) size 189x18
          text run at (0,0) width 189: "Cloned Node with deep=false"
      RenderBlock {DIV} at (0,152) size 784x40 [bgcolor=#FFFF00] [border: (2px ridge #000000)]
        RenderBR {BR} at (2,2) size 0x36
      RenderBlock (anonymous) at (0,192) size 784x18
        RenderText {TEXT} at (0,0) size 184x18
          text run at (0,0) width 184: "Cloned Node with deep=true"
      RenderBlock {DIV} at (0,210) size 784x76 [bgcolor=#FFFF00] [border: (2px ridge #000000)]
        RenderInline {SPAN} at (0,0) size 768x72
          RenderText {TEXT} at (2,2) size 60x36
            text run at (2,2) width 60: "Bold"
          RenderInline {SPAN} at (0,0) size 708x36
            RenderText {TEXT} at (62,2) size 205x36
              text run at (62,2) width 205: "Bold+Underline"
            RenderInline {SPAN} at (0,0) size 281x36
              RenderText {TEXT} at (267,2) size 281x36
                text run at (267,2) width 281: "Bold+Underline+Italic"
            RenderText {TEXT} at (548,2) size 222x36
              text run at (548,2) width 222: "Bold+Uunderline"
          RenderText {TEXT} at (2,38) size 60x36
            text run at (2,38) width 60: "Bold"
        RenderText {TEXT} at (0,0) size 0x0
