layer at (0,0) size 800x600
  RenderView at (0,0) size 800x600
layer at (0,0) size 800x600
  RenderBlock {HTML} at (0,0) size 800x600
    RenderBody {BODY} at (8,8) size 784x576
      RenderBlock {P} at (0,0) size 784x18
        RenderText {#text} at (0,0) size 73x18
          text run at (0,0) width 73: "Test result: "
        RenderInline {SPAN} at (0,0) size 39x18
          RenderText {#text} at (73,0) size 39x18
            text run at (73,0) width 39: "PASS"
layer at (0,0) size 800x600
  RenderView at (0,0) size 800x600
layer at (0,0) size 800x600
  RenderBlock {HTML} at (0,0) size 800x600
    RenderBody {BODY} at (8,8) size 784x576
      RenderBlock {P} at (0,0) size 784x18
        RenderText {#text} at (0,0) size 73x18
          text run at (0,0) width 73: "Test result: "
        RenderInline {SPAN} at (0,0) size 39x18
          RenderText {#text} at (73,0) size 39x18
            text run at (73,0) width 39: "PASS"
