layer at (0,0) size 800x600
  RenderView at (0,0) size 800x600
layer at (2,2) size 796x596
  RenderBlock {HTML} at (2,2) size 796x596
    RenderBody {BODY} at (2,2) size 792x592
      RenderBlock {PRE} at (2,0) size 788x285
        RenderText {#text} at (0,0) size 8x15
          text run at (0,0) width 8: "*"
        RenderBR {BR} at (8,12) size 0x0
        RenderText {#text} at (0,15) size 24x15
          text run at (0,15) width 24: "div"
        RenderBR {BR} at (24,27) size 0x0
        RenderText {#text} at (0,30) size 64x15
          text run at (0,30) width 64: "div span"
        RenderBR {BR} at (64,42) size 0x0
        RenderText {#text} at (0,45) size 80x15
          text run at (0,45) width 80: "div ~ span"
        RenderBR {BR} at (80,57) size 0x0
        RenderText {#text} at (0,60) size 80x15
          text run at (0,60) width 80: "div > span"
        RenderBR {BR} at (80,72) size 0x0
        RenderText {#text} at (0,75) size 80x15
          text run at (0,75) width 80: "div + span"
        RenderBR {BR} at (80,87) size 0x0
        RenderText {#text} at (0,90) size 40x15
          text run at (0,90) width 40: "#temp"
        RenderBR {BR} at (40,102) size 0x0
        RenderText {#text} at (0,105) size 64x15
          text run at (0,105) width 64: "div#temp"
        RenderBR {BR} at (64,117) size 0x0
        RenderText {#text} at (0,120) size 176x15
          text run at (0,120) width 176: "div.test[title=\"test\"]"
        RenderBR {BR} at (176,132) size 0x0
        RenderText {#text} at (0,135) size 160x15
          text run at (0,135) width 160: ".test[title~=\"test\"]"
        RenderBR {BR} at (160,147) size 0x0
        RenderText {#text} at (0,150) size 168x15
          text run at (0,150) width 168: "div > [title|=\"test\"]"
        RenderBR {BR} at (168,162) size 0x0
        RenderText {#text} at (0,165) size 184x15
          text run at (0,165) width 184: "div.test[title^=\"test\"]"
        RenderBR {BR} at (184,177) size 0x0
        RenderText {#text} at (0,180) size 192x15
          text run at (0,180) width 192: "span#test[title$=\"test\"]"
        RenderBR {BR} at (192,192) size 0x0
        RenderText {#text} at (0,195) size 208x15
          text run at (0,195) width 208: "span[title*=\"test\"]::after"
        RenderBR {BR} at (208,207) size 0x0
        RenderText {#text} at (0,210) size 80x15
          text run at (0,210) width 80: "div[title]"
        RenderBR {BR} at (80,222) size 0x0
        RenderText {#text} at (0,225) size 56x15
          text run at (0,225) width 56: "[title]"
        RenderBR {BR} at (56,237) size 0x0
        RenderText {#text} at (0,240) size 48x15
          text run at (0,240) width 48: "a:link"
        RenderBR {BR} at (48,252) size 0x0
        RenderText {#text} at (0,255) size 192x15
          text run at (0,255) width 192: "div, span > div:hover, a"
        RenderBR {BR} at (192,267) size 0x0
        RenderText {#text} at (0,270) size 264x15
          text run at (0,270) width 264: "div span#foo.test div:hover#bar a"
        RenderBR {BR} at (264,282) size 0x0
