EDITING DELEGATE: shouldBeginEditingInDOMRange:range from 0 of DIV > BODY > HTML > #document to 1 of DIV > BODY > HTML > #document
EDITING DELEGATE: shouldChangeSelectedDOMRange:(null) toDOMRange:range from 0 of #text > DIV > BODY > HTML > #document to 19 of #text > DIV > BODY > HTML > #document affinity:NSSelectionAffinityDownstream stillSelecting:FALSE
EDITING DELEGATE: webViewDidChangeSelection:WebViewDidChangeSelectionNotification
layer at (0,0) size 785x894
  RenderCanvas at (0,0) size 785x600
layer at (0,0) size 785x894
  RenderBlock {HTML} at (0,0) size 785x894
    RenderBody {BODY} at (8,8) size 769x878
      RenderBlock (anonymous) at (0,0) size 769x36
        RenderText {TEXT} at (0,0) size 499x18
          text run at (0,0) width 499: "This test will try to call focus() on a contenteditable div, and then a normal div. "
        RenderBR {BR} at (0,0) size 0x0
        RenderText {TEXT} at (0,18) size 373x18
          text run at (0,18) width 373: "The window should scroll to reveal the contenteditable div."
      RenderBlock {DIV} at (0,36) size 500x800
      RenderBlock {DIV} at (0,836) size 769x24 [border: (3px solid #000000)]
        RenderText {TEXT} at (3,3) size 122x18
          text run at (3,3) width 122: "contentEditable div"
      RenderBlock {DIV} at (0,860) size 769x18
        RenderText {TEXT} at (0,0) size 78x18
          text run at (0,0) width 78: "Test Passed."
      RenderBlock {DIV} at (0,878) size 769x0
selection start: position 0 of child 0 {TEXT} of child 5 {DIV} of child 1 {BODY} of child 0 {HTML} of document
selection end:   position 19 of child 0 {TEXT} of child 5 {DIV} of child 1 {BODY} of child 0 {HTML} of document
