layer at (0,0) size 800x600
  RenderCanvas at (0,0) size 800x600
layer at (0,0) size 800x600
  RenderBlock {HTML} at (0,0) size 800x600
    RenderBody {BODY} at (8,8) size 784x584
      RenderBlock {P} at (0,0) size 784x18
        RenderText {TEXT} at (0,0) size 433x18
          text run at (0,0) width 433: "This test attempts to access an HTMLObjectElements form property."
      RenderBlock {DIV} at (0,34) size 784x52
        RenderBlock {P} at (0,0) size 784x18
          RenderText {TEXT} at (0,0) size 86x18
            text run at (0,0) width 86: "Passed Test 1"
        RenderBlock {P} at (0,34) size 784x18
          RenderText {TEXT} at (0,0) size 86x18
            text run at (0,0) width 86: "Passed Test 2"
      RenderBlock {FORM} at (0,102) size 784x150
        RenderPartObject {OBJECT} at (0,0) size 300x150
        RenderText {TEXT} at (0,0) size 0x0
      RenderBlock (anonymous) at (0,268) size 784x150
        RenderPartObject {OBJECT} at (0,0) size 300x150
        RenderText {TEXT} at (0,0) size 0x0
        RenderText {TEXT} at (0,0) size 0x0
