layer at (0,0) size 800x600
  RenderCanvas at (0,0) size 800x600
layer at (0,0) size 800x600
  RenderBlock {HTML} at (0,0) size 800x600
    RenderBody {BODY} at (8,8) size 784x584
      RenderBlock {FORM} at (0,0) size 784x45
        RenderBlock {DIV} at (0,0) size 784x45
          RenderBlock {HR} at (0,0) size 784x2 [border: (1px inset #000000)]
          RenderBlock (anonymous) at (0,10) size 784x25
            RenderText {TEXT} at (0,4) size 322x18
              text run at (0,4) width 322: "This is a searchable index. Enter search keywords: "
            RenderLineEdit {ISINDEX} at (322,0) size 168x25
          RenderBlock {HR} at (0,43) size 784x2 [border: (1px inset #000000)]
      RenderBlock {DIV} at (0,61) size 784x45
        RenderBlock {HR} at (0,0) size 784x2 [border: (1px inset #000000)]
        RenderBlock (anonymous) at (0,10) size 784x25
          RenderText {TEXT} at (0,4) size 322x18
            text run at (0,4) width 322: "This is a searchable index. Enter search keywords: "
          RenderLineEdit {ISINDEX} at (322,0) size 168x25
        RenderBlock {HR} at (0,43) size 784x2 [border: (1px inset #000000)]
