layer at (0,0) size 800x600
  RenderCanvas at (0,0) size 800x600
layer at (0,0) size 800x414
  RenderBlock {HTML} at (0,0) size 800x414
    RenderBody {BODY} at (8,16) size 784x18
      RenderBlock {P} at (0,0) size 784x18
        RenderText {TEXT} at (0,0) size 420x18
          text run at (0,0) width 420: "\x{9}\x{9}\x{9}This test case should produce a sine-wave stroked with 1px black. "
          text run at (420,0) width 0: "\x{9}\x{9}"
    RenderBlock (anonymous) at (0,50) size 800x364
      RenderCanvasImage {CANVAS} at (0,0) size 480x360
