layer at (0,0) size 800x600
  RenderView at (0,0) size 800x600
layer at (0,0) size 800x36
  RenderBlock {HTML} at (0,0) size 800x36
    RenderBody {BODY} at (0,0) size 800x36 [bgcolor=#CCFFCC]
      RenderBlock {DIV} at (0,0) size 800x36
        RenderBlock {DIV} at (0,0) size 800x36
          RenderBlock {DIV} at (0,0) size 800x18
            RenderText {#text} at (0,0) size 33x18
              text run at (0,0) width 33: "test 1"
          RenderBlock {DIV} at (0,18) size 800x18
            RenderText {#text} at (0,0) size 33x18
              text run at (0,0) width 33: "test 2"
