layer at (0,0) size 800x600
  RenderView at (0,0) size 800x600
layer at (0,0) size 800x600
  RenderBlock {HTML} at (0,0) size 800x600
    RenderBody {BODY} at (8,8) size 784x584
layer at (8,8) size 32x46
  RenderTable {TABLE} at (8,8) size 32x46
    RenderTableSection (anonymous) at (0,0) size 32x20
      RenderTableRow (anonymous) at (0,2) size 32x16
        RenderTableCell (anonymous) at (2,2) size 28x16 [r=0 c=0 rs=1 cs=1]
          RenderBlock {FORM} at (0,0) size 28x0
    RenderTableSection {TBODY} at (0,20) size 32x26
      RenderTableRow {TR} at (0,2) size 32x22
        RenderTableCell {TD} at (2,2) size 28x22 [r=0 c=0 rs=1 cs=1]
          RenderText {#text} at (1,1) size 26x19
            text run at (1,1) width 26: "Test"
