layer at (0,0) size 800x600
  RenderView at (0,0) size 800x600
layer at (0,0) size 800x600
  RenderBlock {HTML} at (0,0) size 800x600
    RenderBody {BODY} at (8,8) size 784x584 [bgcolor=#000066]
      RenderBlock (anonymous) at (0,0) size 784x0
        RenderInline {BASEFONT} at (0,0) size 0x0
        RenderText {#text} at (0,0) size 0x0
      RenderTable {TABLE} at (0,0) size 702x112
        RenderTableSection {TBODY} at (0,0) size 702x112
          RenderTableRow {TR} at (0,0) size 702x70
            RenderTableCell {TD} at (0,0) size 232x85 [r=0 c=0 rs=2 cs=1]
              RenderInline {A} at (0,0) size 126x19 [color=#0000EE]
                RenderImage {IMG} at (0,0) size 126x85
              RenderText {#text} at (0,0) size 0x0
            RenderTableCell {TD} at (232,0) size 470x70 [r=0 c=1 rs=1 cs=3]
              RenderInline {NOBR} at (0,0) size 19x19
                RenderPartObject {IFRAME} at (0,0) size 468x60
                  layer at (0,0) size 468x60
                    RenderView at (0,0) size 468x60
                  layer at (0,0) size 468x60
                    RenderBlock {HTML} at (0,0) size 468x60
                      RenderBody {BODY} at (0,0) size 468x60
                        RenderInline {BASE} at (0,0) size 0x0
                        RenderText {#text} at (0,0) size 0x0
                        RenderInline {A} at (0,0) size 468x19 [color=#0000EE]
                          RenderText {#text} at (0,0) size 0x0
                          RenderImage {IMG} at (0,0) size 468x60
                        RenderText {#text} at (0,0) size 0x0
                RenderInline {A} at (0,0) size 19x19 [color=#0000EE]
                  RenderImage {IMG} at (468,0) size 19x60
              RenderBR {BR} at (0,0) size 0x0
              RenderImage {IMG} at (0,60) size 470x10
              RenderBR {BR} at (470,70) size 0x0
          RenderTableRow (anonymous) at (0,70) size 702x16
            RenderTableCell (anonymous) at (232,70) size 227x16 [r=1 c=1 rs=1 cs=1]
              RenderBlock {FORM} at (0,0) size 227x0
          RenderTableRow {TR} at (0,86) size 702x26
            RenderTableCell {TD} at (0,86) size 232x25 [bgcolor=#CCCCCC] [r=2 c=0 rs=1 cs=1]
              RenderImage {IMG} at (0,0) size 232x25
            RenderTableCell {TD} at (232,86) size 227x26 [bgcolor=#CCCCCC] [r=2 c=1 rs=1 cs=1]
              RenderTextControl {INPUT} at (53,2) size 95x22 [bgcolor=#FFFFFF] [border: (2px inset #000000)]
              RenderImage {INPUT} at (150,6) size 25x18
            RenderTableCell {TD} at (459,86) size 243x26 [bgcolor=#CCCCCC] [r=2 c=2 rs=1 cs=1]
              RenderBlock {INPUT} at (5,3) size 13x13
              RenderImage {IMG} at (21,1) size 40x25
              RenderBlock {INPUT} at (66,3) size 13x13
              RenderText {#text} at (82,1) size 4x19
                text run at (82,1) width 4: " "
              RenderImage {IMG} at (86,1) size 46x25
layer at (295,99) size 91x16
  RenderBlock {DIV} at (2,3) size 91x16
