layer at (0,0) size 827x1729
  RenderView at (0,0) size 800x600
layer at (0,0) size 827x1729
  RenderBlock {HTML} at (0,0) size 800x1729
    RenderBody {BODY} at (8,18) size 784x1697 [color=#00FF00] [bgcolor=#333333]
      RenderBlock {H1} at (0,0) size 784x32
        RenderText {#text} at (0,1) size 487x30
          text run at (0,1) width 487: "CSS2 Table Backgrounds Test Suite"
      RenderBlock {H2} at (0,50) size 784x24
        RenderText {#text} at (0,0) size 59x23
          text run at (0,0) width 59: "Notes"
      RenderBlock {P} at (0,91) size 784x48
        RenderText {#text} at (0,0) size 472x16
          text run at (0,0) width 472: "This test suite is not endorsed or approved by the W3C or anyone besides fantasai. It tests conformance to fantasai's "
        RenderInline {A} at (0,0) size 156x16 [color=#FFFF00]
          RenderText {#text} at (472,0) size 156x16
            text run at (472,0) width 156: "table background clarification proposal"
        RenderText {#text} at (628,0) size 780x48
          text run at (628,0) width 152: ", not the official CSS2 specification."
          text run at (0,16) width 768: "The intent is to demonstrate the proposal's effects under various styling conditions and to clarify any ambiguity in the proposal in preparation for a better-worded errata suggestion. It's not"
          text run at (0,32) width 208: "particularly well-designed, but it is comprehensive."
      RenderBlock {P} at (0,153) size 784x32
        RenderText {#text} at (0,0) size 748x32
          text run at (0,0) width 748: "This test suite (this page and all pages linked from the table of contents below) and its background images (listed below) are in the public domain by assertion of their author. No rights"
          text run at (0,16) width 36: "reserved."
      RenderBlock {P} at (0,199) size 784x16
        RenderText {#text} at (0,0) size 196x16
          text run at (0,0) width 196: "The images used as backgrounds are the following:"
      RenderBlock {UL} at (0,229) size 784x746
        RenderListItem {LI} at (40,0) size 744x33
          RenderListMarker at (-16,17) size 6x16: bullet
          RenderImage {IMG} at (0,0) size 80x30
          RenderText {#text} at (0,0) size 0x0
        RenderListItem {LI} at (40,33) size 744x83
          RenderListMarker at (-16,67) size 6x16: bullet
          RenderImage {IMG} at (0,0) size 30x80
          RenderText {#text} at (0,0) size 0x0
        RenderListItem {LI} at (40,116) size 744x630
          RenderListMarker at (-16,0) size 6x16: bullet
          RenderImage {IMG} at (0,16) size 779x611
          RenderText {#text} at (0,0) size 0x0
      RenderBlock {P} at (0,989) size 784x16
        RenderText {#text} at (0,0) size 168x16
          text run at (0,0) width 168: "They are in GIF format, with transparency."
      RenderBlock {P} at (0,1019) size 784x16
        RenderText {#text} at (0,0) size 460x16
          text run at (0,0) width 460: "Each color band in the rainbow backgrounds is 20 pixels wide. Each stripe within the color band is two pixels wide."
      RenderBlock {P} at (0,1049) size 784x16
        RenderText {#text} at (0,0) size 364x16
          text run at (0,0) width 364: "The aqua and purple band is 10 pixels wide. Each stripe within the band is two pixels wide."
      RenderBlock {P} at (0,1079) size 784x16
        RenderText {#text} at (0,0) size 372x16
          text run at (0,0) width 372: "Many image background rules in this test suite are backed up with a 'black' background color."
      RenderBlock {P} at (0,1109) size 784x48
        RenderText {#text} at (0,0) size 116x16
          text run at (0,0) width 116: "This test suite assumes that "
        RenderInline {STRONG} at (0,0) size 773x32
          RenderText {#text} at (116,0) size 517x16
            text run at (116,0) width 517: "the border edge for a table element in a table with collapsed borders is the "
          RenderInline {EM} at (0,0) size 46x16
            RenderText {#text} at (633,0) size 46x16
              text run at (633,0) width 46: "middle"
          RenderText {#text} at (679,0) size 773x32
            text run at (679,0) width 94: " of the border"
            text run at (0,16) width 333: "around the element, not the outer or inner edge."
        RenderText {#text} at (333,16) size 416x16
          text run at (333,16) width 416: " (This also needs to be addressed by CSS2.1.) It also assumes support for proper ordering of tables with"
        RenderInline {CODE} at (0,0) size 28x16
          RenderText {#text} at (0,32) size 28x16
            text run at (0,32) width 28: "<tfoot>"
        RenderText {#text} at (28,32) size 4x16
          text run at (28,32) width 4: "."
      RenderBlock {H2} at (0,1174) size 784x24
        RenderText {#text} at (0,0) size 180x23
          text run at (0,0) width 180: "Table of Contents"
      RenderBlock {OL} at (0,1215) size 784x482
        RenderListItem {LI} at (40,0) size 744x112
          RenderBlock (anonymous) at (0,0) size 744x16
            RenderListMarker at (-20,0) size 16x16: "A"
            RenderText {#text} at (0,0) size 60x16
              text run at (0,0) width 60: "Background Area"
          RenderBlock {OL} at (0,16) size 744x96
            RenderListItem {LI} at (40,0) size 704x16
              RenderListMarker at (-19,0) size 15x16: "1"
              RenderInline {A} at (0,0) size 84x16 [color=#FFFF00]
                RenderText {#text} at (0,0) size 84x16
                  text run at (0,0) width 84: "Background on 'table'"
              RenderText {#text} at (0,0) size 0x0
            RenderListItem {LI} at (40,16) size 704x16
              RenderListMarker at (-19,0) size 15x16: "2"
              RenderInline {A} at (0,0) size 124x16 [color=#FFFF00]
                RenderText {#text} at (0,0) size 124x16
                  text run at (0,0) width 124: "Background on 'table-row-group'"
              RenderText {#text} at (0,0) size 0x0
            RenderListItem {LI} at (40,32) size 704x16
              RenderListMarker at (-19,0) size 15x16: "3"
              RenderInline {A} at (0,0) size 136x16 [color=#FFFF00]
                RenderText {#text} at (0,0) size 136x16
                  text run at (0,0) width 136: "Background on 'table-column-group'"
              RenderText {#text} at (0,0) size 0x0
            RenderListItem {LI} at (40,48) size 704x16
              RenderListMarker at (-19,0) size 15x16: "4"
              RenderInline {A} at (0,0) size 100x16 [color=#FFFF00]
                RenderText {#text} at (0,0) size 100x16
                  text run at (0,0) width 100: "Background on 'table-row'"
              RenderText {#text} at (0,0) size 0x0
            RenderListItem {LI} at (40,64) size 704x16
              RenderListMarker at (-19,0) size 15x16: "5"
              RenderInline {A} at (0,0) size 112x16 [color=#FFFF00]
                RenderText {#text} at (0,0) size 112x16
                  text run at (0,0) width 112: "Background on 'table-column'"
              RenderText {#text} at (0,0) size 0x0
            RenderListItem {LI} at (40,80) size 704x16
              RenderListMarker at (-19,0) size 15x16: "6"
              RenderInline {A} at (0,0) size 104x16 [color=#FFFF00]
                RenderText {#text} at (0,0) size 104x16
                  text run at (0,0) width 104: "Background on 'table-cell'"
              RenderText {#text} at (0,0) size 0x0
        RenderListItem {LI} at (40,112) size 744x112
          RenderBlock (anonymous) at (0,0) size 744x16
            RenderListMarker at (-20,0) size 16x16: "B"
            RenderText {#text} at (0,0) size 76x16
              text run at (0,0) width 76: "Background Position"
          RenderBlock {OL} at (0,16) size 744x96
            RenderListItem {LI} at (40,0) size 704x16
              RenderListMarker at (-19,0) size 15x16: "1"
              RenderInline {A} at (0,0) size 84x16 [color=#FFFF00]
                RenderText {#text} at (0,0) size 84x16
                  text run at (0,0) width 84: "Background on 'table'"
              RenderText {#text} at (0,0) size 0x0
            RenderListItem {LI} at (40,16) size 704x16
              RenderListMarker at (-19,0) size 15x16: "2"
              RenderInline {A} at (0,0) size 124x16 [color=#FFFF00]
                RenderText {#text} at (0,0) size 124x16
                  text run at (0,0) width 124: "Background on 'table-row-group'"
              RenderText {#text} at (0,0) size 0x0
            RenderListItem {LI} at (40,32) size 704x16
              RenderListMarker at (-19,0) size 15x16: "3"
              RenderInline {A} at (0,0) size 136x16 [color=#FFFF00]
                RenderText {#text} at (0,0) size 136x16
                  text run at (0,0) width 136: "Background on 'table-column-group'"
              RenderText {#text} at (0,0) size 0x0
            RenderListItem {LI} at (40,48) size 704x16
              RenderListMarker at (-19,0) size 15x16: "4"
              RenderInline {A} at (0,0) size 100x16 [color=#FFFF00]
                RenderText {#text} at (0,0) size 100x16
                  text run at (0,0) width 100: "Background on 'table-row'"
              RenderText {#text} at (0,0) size 0x0
            RenderListItem {LI} at (40,64) size 704x16
              RenderListMarker at (-19,0) size 15x16: "5"
              RenderInline {A} at (0,0) size 112x16 [color=#FFFF00]
                RenderText {#text} at (0,0) size 112x16
                  text run at (0,0) width 112: "Background on 'table-column'"
              RenderText {#text} at (0,0) size 0x0
            RenderListItem {LI} at (40,80) size 704x16
              RenderListMarker at (-19,0) size 15x16: "6"
              RenderInline {A} at (0,0) size 104x16 [color=#FFFF00]
                RenderText {#text} at (0,0) size 104x16
                  text run at (0,0) width 104: "Background on 'table-cell'"
              RenderText {#text} at (0,0) size 0x0
        RenderListItem {LI} at (40,224) size 744x48
          RenderBlock (anonymous) at (0,0) size 744x16
            RenderListMarker at (-21,0) size 17x16: "C"
            RenderText {#text} at (0,0) size 68x16
              text run at (0,0) width 68: "Background Layers"
          RenderBlock {OL} at (0,16) size 744x32
            RenderListItem {LI} at (40,0) size 704x16
              RenderListMarker at (-19,0) size 15x16: "1"
              RenderInline {A} at (0,0) size 68x16 [color=#FFFF00]
                RenderText {#text} at (0,0) size 68x16
                  text run at (0,0) width 68: "empty-cells: show"
              RenderText {#text} at (0,0) size 0x0
            RenderListItem {LI} at (40,16) size 704x16
              RenderListMarker at (-19,0) size 15x16: "2"
              RenderInline {A} at (0,0) size 68x16 [color=#FFFF00]
                RenderText {#text} at (0,0) size 68x16
                  text run at (0,0) width 68: "empty-cells: hide"
              RenderText {#text} at (0,0) size 0x0
        RenderListItem {LI} at (40,272) size 744x210
          RenderBlock (anonymous) at (0,0) size 744x16
            RenderListMarker at (-21,0) size 17x16: "D"
            RenderText {#text} at (0,0) size 92x16
              text run at (0,0) width 92: "Background with Borders"
          RenderBlock {OL} at (0,16) size 744x144
            RenderListItem {LI} at (40,0) size 704x16
              RenderListMarker at (-19,0) size 15x16: "1"
              RenderInline {A} at (0,0) size 84x16 [color=#FFFF00]
                RenderText {#text} at (0,0) size 84x16
                  text run at (0,0) width 84: "Background on 'table'"
              RenderText {#text} at (0,0) size 0x0
            RenderListItem {LI} at (40,16) size 704x16
              RenderListMarker at (-19,0) size 15x16: "2"
              RenderInline {A} at (0,0) size 124x16 [color=#FFFF00]
                RenderText {#text} at (0,0) size 124x16
                  text run at (0,0) width 124: "Background on 'table-row-group'"
              RenderText {#text} at (0,0) size 0x0
            RenderListItem {LI} at (40,32) size 704x16
              RenderListMarker at (-19,0) size 15x16: "3"
              RenderInline {A} at (0,0) size 136x16 [color=#FFFF00]
                RenderText {#text} at (0,0) size 136x16
                  text run at (0,0) width 136: "Background on 'table-column-group'"
              RenderText {#text} at (0,0) size 0x0
            RenderListItem {LI} at (40,48) size 704x16
              RenderListMarker at (-19,0) size 15x16: "4"
              RenderInline {A} at (0,0) size 100x16 [color=#FFFF00]
                RenderText {#text} at (0,0) size 100x16
                  text run at (0,0) width 100: "Background on 'table-row'"
              RenderText {#text} at (0,0) size 0x0
            RenderListItem {LI} at (40,64) size 704x16
              RenderListMarker at (-19,0) size 15x16: "5"
              RenderInline {A} at (0,0) size 112x16 [color=#FFFF00]
                RenderText {#text} at (0,0) size 112x16
                  text run at (0,0) width 112: "Background on 'table-column'"
              RenderText {#text} at (0,0) size 0x0
            RenderListItem {LI} at (40,80) size 704x16
              RenderListMarker at (-19,0) size 15x16: "6"
              RenderInline {A} at (0,0) size 104x16 [color=#FFFF00]
                RenderText {#text} at (0,0) size 104x16
                  text run at (0,0) width 104: "Background on 'table-cell'"
              RenderText {#text} at (0,0) size 0x0
            RenderListItem {LI} at (40,96) size 704x48
              RenderBlock (anonymous) at (0,0) size 704x16
                RenderListMarker at (-19,0) size 15x16: "7"
                RenderText {#text} at (0,0) size 52x16
                  text run at (0,0) width 52: "Special Tests"
              RenderBlock {OL} at (0,16) size 704x32
                RenderListItem {LI} at (40,0) size 664x16
                  RenderListMarker at (-19,0) size 15x16: "1"
                  RenderInline {A} at (0,0) size 28x16 [color=#FFFF00]
                    RenderText {#text} at (0,0) size 28x16
                      text run at (0,0) width 28: "Opacity"
                  RenderText {#text} at (0,0) size 0x0
                RenderListItem {LI} at (40,16) size 664x16
                  RenderListMarker at (-19,0) size 15x16: "2"
                  RenderInline {A} at (0,0) size 68x16 [color=#FFFF00]
                    RenderText {#text} at (0,0) size 68x16
                      text run at (0,0) width 68: "Fixed Backgrounds"
                  RenderText {#text} at (0,0) size 0x0
          RenderBlock {DIV} at (0,160) size 744x34
            RenderInline {A} at (0,0) size 88x16 [color=#FFFF00]
              RenderImage {IMG} at (0,0) size 88x31
            RenderText {#text} at (0,0) size 0x0
          RenderBlock {ADDRESS} at (0,194) size 744x16
            RenderText {#text} at (0,0) size 594x16
              text run at (0,0) width 594: "CSS2 Table Backgrounds Test Suite designed and written by fantasai <fantasai@escape.com>"
