layer at (0,0) size 800x1341
  RenderView at (0,0) size 800x600
layer at (0,0) size 800x1341
  RenderBlock {HTML} at (0,0) size 800x1341
    RenderBody {BODY} at (8,18) size 784x1315 [color=#00FF00] [bgcolor=#333333]
      RenderBlock {H1} at (0,0) size 784x32
        RenderText {#text} at (0,1) size 487x30
          text run at (0,1) width 487: "CSS2 Table Backgrounds Test Suite"
      RenderBlock {H2} at (0,50) size 784x24
        RenderText {#text} at (0,0) size 252x23
          text run at (0,0) width 252: "Part A: Background Area"
      RenderBlock {H3} at (0,91) size 784x18
        RenderText {#text} at (0,0) size 281x18
          text run at (0,0) width 281: "Background on 'table-column-group'"
      RenderBlock {P} at (0,125) size 784x16
        RenderText {#text} at (0,0) size 432x16
          text run at (0,0) width 180: "The first column group spans the first three "
          text run at (180,0) width 252: "columns. The second column group only contains the last column."
      RenderBlock {P} at (0,155) size 784x32
        RenderText {#text} at (0,0) size 776x32
          text run at (0,0) width 208: "The table column group background should be visible "
          text run at (208,0) width 248: "within the border edge of each cell originating in the column "
          text run at (456,0) width 264: "group. Within each column group, all stripes should line up as if "
          text run at (720,0) width 56: "the cells were"
          text run at (0,16) width 200: "cutouts in a stencil placed over the column group "
          text run at (200,16) width 264: "background. Furthermore, the horizontal stripes should also align "
          text run at (464,16) width 116: "across the two column groups."
      RenderBlock {P} at (0,201) size 784x32
        RenderText {#text} at (0,0) size 764x32
          text run at (0,0) width 188: "A purple band should align with the top border "
          text run at (188,0) width 264: "edge of the cells in the first row. An aqua stripe should align a "
          text run at (452,0) width 256: "few pixels to the right of the left border edge of cells in the "
          text run at (708,0) width 56: "column group's"
          text run at (0,16) width 64: "leftmost column."
      RenderBlock {DL} at (0,247) size 784x96
        RenderBlock {DT} at (0,0) size 784x16
          RenderText {#text} at (0,0) size 16x16
            text run at (0,0) width 16: "next"
        RenderBlock {DD} at (40,16) size 744x16
          RenderInline {A} at (0,0) size 168x16 [color=#FFFF00]
            RenderText {#text} at (0,0) size 168x16
              text run at (0,0) width 168: "Background Area: Background on 'table-row'"
          RenderText {#text} at (0,0) size 0x0
        RenderBlock {DT} at (0,32) size 784x16
          RenderText {#text} at (0,0) size 32x16
            text run at (0,0) width 32: "previous"
        RenderBlock {DD} at (40,48) size 744x16
          RenderInline {A} at (0,0) size 192x16 [color=#FFFF00]
            RenderText {#text} at (0,0) size 192x16
              text run at (0,0) width 192: "Background Area: Background on 'table-row-group'"
          RenderText {#text} at (0,0) size 0x0
        RenderBlock {DT} at (0,64) size 784x16
          RenderText {#text} at (0,0) size 32x16
            text run at (0,0) width 32: "contents"
        RenderBlock {DD} at (40,80) size 744x16
          RenderInline {A} at (0,0) size 68x16 [color=#FFFF00]
            RenderText {#text} at (0,0) size 68x16
              text run at (0,0) width 68: "Table of Contents"
          RenderText {#text} at (0,0) size 0x0
      RenderTable {TABLE} at (0,357) size 618x478 [color=#FFFFFF] [border: (1px dotted #FFFFFF)]
        RenderBlock {CAPTION} at (0,0) size 616x20
          RenderText {#text} at (183,0) size 249x19
            text run at (183,0) width 249: "With 'border-collapse: separate'"
        RenderTableCol {COLGROUP} at (0,0) size 0x0 [bgcolor=#000000]
          RenderTableCol {COL} at (0,0) size 0x0
          RenderTableCol {COL} at (0,0) size 0x0
          RenderTableCol {COL} at (0,0) size 0x0
        RenderTableCol {COLGROUP} at (0,0) size 0x0 [bgcolor=#000000]
          RenderTableCol {COL} at (0,0) size 0x0
        RenderTableSection {THEAD} at (1,21) size 616x114
          RenderTableRow {TR} at (0,7) size 616x100
            RenderTableCell {TH} at (7,45) size 130x24 [border: (1px dotted #FFFFFF)] [r=0 c=0 rs=1 cs=1]
              RenderText {#text} at (45,2) size 39x19
                text run at (45,2) width 39: "TH A"
            RenderTableCell {TH} at (144,33) size 220x48 [border: (13px dotted #FFFFFF)] [r=0 c=1 rs=1 cs=1]
              RenderText {#text} at (91,14) size 38x19
                text run at (91,14) width 38: "TH B"
            RenderTableCell {TH} at (371,45) size 118x24 [border: (1px dotted #FFFFFF)] [r=0 c=2 rs=1 cs=1]
              RenderText {#text} at (39,2) size 39x19
                text run at (39,2) width 39: "TH C"
            RenderTableCell {TH} at (496,45) size 113x24 [border: (1px dotted #FFFFFF)] [r=0 c=3 rs=1 cs=1]
              RenderText {#text} at (37,2) size 39x19
                text run at (37,2) width 39: "TH D"
        RenderTableSection {TFOOT} at (1,348) size 616x129
          RenderTableRow {TR} at (0,7) size 616x115
            RenderTableCell {TD} at (7,52) size 357x24 [border: (1px dotted #FFFFFF)] [r=0 c=0 rs=1 cs=2]
              RenderText {#text} at (2,2) size 40x19
                text run at (2,2) width 40: "TD M"
            RenderTableCell {TD} at (371,52) size 118x24 [border: (1px dotted #FFFFFF)] [r=0 c=2 rs=1 cs=1]
              RenderText {#text} at (2,2) size 40x19
                text run at (2,2) width 40: "TD O"
            RenderTableCell {TD} at (496,52) size 113x24 [border: (1px dotted #FFFFFF)] [r=0 c=3 rs=1 cs=1]
              RenderText {#text} at (2,2) size 38x19
                text run at (2,2) width 38: "TD P"
        RenderTableSection {TBODY} at (1,135) size 616x213
          RenderTableRow {TR} at (0,7) size 616x108
            RenderTableCell {TD} at (7,82) size 130x48 [border: (13px dotted #FFFFFF)] [r=0 c=0 rs=2 cs=1]
              RenderText {#text} at (14,14) size 37x19
                text run at (14,14) width 37: "TD E"
            RenderTableCell {TD} at (144,49) size 220x24 [border: (1px dotted #FFFFFF)] [r=0 c=1 rs=1 cs=1]
              RenderText {#text} at (2,2) size 37x19
                text run at (2,2) width 37: "TD F"
            RenderTableCell {TD} at (371,49) size 118x24 [border: (1px dotted #FFFFFF)] [r=0 c=2 rs=1 cs=1]
              RenderText {#text} at (2,2) size 39x19
                text run at (2,2) width 39: "TD G"
            RenderTableCell {TD} at (496,49) size 113x24 [border: (1px dotted #FFFFFF)] [r=0 c=3 rs=1 cs=1]
              RenderText {#text} at (2,2) size 39x19
                text run at (2,2) width 39: "TD H"
          RenderTableRow {TR} at (0,122) size 616x84
            RenderTableCell {TD} at (144,152) size 220x24 [border: (1px dotted #FFFFFF)] [r=1 c=1 rs=1 cs=1]
              RenderText {#text} at (2,2) size 36x19
                text run at (2,2) width 36: "TD J"
            RenderTableCell {TD} at (371,152) size 118x24 [border: (1px dotted #FFFFFF)] [r=1 c=2 rs=1 cs=1]
              RenderText {#text} at (2,2) size 39x19
                text run at (2,2) width 39: "TD K"
            RenderTableCell {TD} at (496,152) size 113x24 [border: (1px dotted #FFFFFF)] [r=1 c=3 rs=1 cs=1]
              RenderText {#text} at (2,2) size 37x19
                text run at (2,2) width 37: "TD L"
      RenderTable {TABLE} at (0,835) size 578x430 [color=#FFFFFF] [border: (6px dotted #FFFFFF)]
        RenderBlock {CAPTION} at (0,0) size 577x20
          RenderText {#text} at (166,0) size 245x19
            text run at (166,0) width 245: "With 'border-collapse: collapse'"
        RenderTableCol {COLGROUP} at (0,0) size 0x0 [bgcolor=#000000]
          RenderTableCol {COL} at (0,0) size 0x0
          RenderTableCol {COL} at (0,0) size 0x0
          RenderTableCol {COL} at (0,0) size 0x0
        RenderTableCol {COLGROUP} at (0,0) size 0x0 [bgcolor=#000000]
          RenderTableCol {COL} at (0,0) size 0x0
        RenderTableSection {THEAD} at (0,26) size 577x99
          RenderTableRow {TR} at (0,0) size 577x99
            RenderTableCell {TH} at (0,35) size 135x29 [border: (1px dotted #FFFFFF)] [r=0 c=0 rs=1 cs=1]
              RenderText {#text} at (45,2) size 39x19
                text run at (45,2) width 39: "TH A"
            RenderTableCell {TH} at (135,32) size 207x35 [border: (7px dotted #FFFFFF)] [r=0 c=1 rs=1 cs=1]
              RenderText {#text} at (85,8) size 38x19
                text run at (85,8) width 38: "TH B"
            RenderTableCell {TH} at (342,38) size 123x23 [border: (1px dotted #FFFFFF)] [r=0 c=2 rs=1 cs=1]
              RenderText {#text} at (45,2) size 39x19
                text run at (45,2) width 39: "TH C"
            RenderTableCell {TH} at (465,38) size 112x23 [border: (1px dotted #FFFFFF)] [r=0 c=3 rs=1 cs=1]
              RenderText {#text} at (37,2) size 39x19
                text run at (37,2) width 39: "TH D"
        RenderTableSection {TFOOT} at (0,315) size 577x114
          RenderTableRow {TR} at (0,0) size 577x114
            RenderTableCell {TD} at (0,42) size 342x29 [border: (7px dotted #FFFFFF)] [r=0 c=0 rs=1 cs=2]
              RenderText {#text} at (2,8) size 40x19
                text run at (2,8) width 40: "TD M"
            RenderTableCell {TD} at (342,45) size 123x23 [border: (1px dotted #FFFFFF)] [r=0 c=2 rs=1 cs=1]
              RenderText {#text} at (2,2) size 40x19
                text run at (2,2) width 40: "TD O"
            RenderTableCell {TD} at (465,45) size 112x23 [border: (1px dotted #FFFFFF)] [r=0 c=3 rs=1 cs=1]
              RenderText {#text} at (2,2) size 38x19
                text run at (2,2) width 38: "TD P"
        RenderTableSection {TBODY} at (0,125) size 577x190
          RenderTableRow {TR} at (0,0) size 577x107
            RenderTableCell {TD} at (0,77) size 135x35 [border: (7px dotted #FFFFFF)] [r=0 c=0 rs=2 cs=1]
              RenderText {#text} at (8,8) size 37x19
                text run at (8,8) width 37: "TD E"
            RenderTableCell {TD} at (135,39) size 207x29 [border: (7px dotted #FFFFFF)] [r=0 c=1 rs=1 cs=1]
              RenderText {#text} at (8,8) size 37x19
                text run at (8,8) width 37: "TD F"
            RenderTableCell {TD} at (342,42) size 123x23 [border: (1px dotted #FFFFFF)] [r=0 c=2 rs=1 cs=1]
              RenderText {#text} at (2,2) size 39x19
                text run at (2,2) width 39: "TD G"
            RenderTableCell {TD} at (465,42) size 112x23 [border: (1px dotted #FFFFFF)] [r=0 c=3 rs=1 cs=1]
              RenderText {#text} at (2,2) size 39x19
                text run at (2,2) width 39: "TD H"
          RenderTableRow {TR} at (0,107) size 577x83
            RenderTableCell {TD} at (135,137) size 207x23 [border: (1px dotted #FFFFFF)] [r=1 c=1 rs=1 cs=1]
              RenderText {#text} at (8,2) size 36x19
                text run at (8,2) width 36: "TD J"
            RenderTableCell {TD} at (342,137) size 123x23 [border: (1px dotted #FFFFFF)] [r=1 c=2 rs=1 cs=1]
              RenderText {#text} at (2,2) size 39x19
                text run at (2,2) width 39: "TD K"
            RenderTableCell {TD} at (465,137) size 112x23 [border: (1px dotted #FFFFFF)] [r=1 c=3 rs=1 cs=1]
              RenderText {#text} at (2,2) size 37x19
                text run at (2,2) width 37: "TD L"
      RenderBlock {DIV} at (0,1265) size 784x34
        RenderInline {A} at (0,0) size 88x16 [color=#FFFF00]
          RenderImage {IMG} at (0,0) size 88x31
        RenderText {#text} at (0,0) size 0x0
      RenderBlock {ADDRESS} at (0,1299) size 784x16
        RenderText {#text} at (0,0) size 594x16
          text run at (0,0) width 594: "CSS2 Table Backgrounds Test Suite designed and written by fantasai <fantasai@escape.com>"
