layer at (0,0) size 197x2095
  RenderView at (0,0) size 96x26
layer at (0,0) size 197x2095
  RenderBlock {HTML} at (0,0) size 96x2095
    RenderBody {BODY} at (8,18) size 80x2069 [color=#00FF00] [bgcolor=#333333]
      RenderBlock {H1} at (0,0) size 80x160
        RenderText {#text} at (0,1) size 180x158
          text run at (0,1) width 74: "CSS2"
          text run at (0,33) width 74: "Table"
          text run at (0,65) width 180: "Backgrounds"
          text run at (0,97) width 58: "Test"
          text run at (0,129) width 69: "Suite"
      RenderBlock {H2} at (0,178) size 80x72
        RenderText {#text} at (0,0) size 75x71
          text run at (0,0) width 68: "Part E:"
          text run at (0,24) width 75: "Special"
          text run at (0,48) width 56: "Tests"
      RenderBlock {H3} at (0,267) size 80x36
        RenderText {#text} at (0,0) size 61x36
          text run at (0,0) width 61: "opacity:"
          text run at (0,18) width 22: "0.5"
      RenderBlock {UL} at (0,319) size 80x368
        RenderListItem {LI} at (40,0) size 40x64
          RenderListMarker at (-16,0) size 6x16: bullet
          RenderText {#text} at (0,0) size 40x64
            text run at (0,0) width 36: "The first"
            text run at (0,16) width 40: "three rows"
            text run at (0,32) width 36: "should be"
            text run at (0,48) width 16: "red."
        RenderListItem {LI} at (40,64) size 40x48
          RenderListMarker at (-16,0) size 6x16: bullet
          RenderText {#text} at (0,0) size 40x48
            text run at (0,0) width 32: "The last"
            text run at (0,16) width 40: "row should"
            text run at (0,32) width 40: "be orange."
        RenderListItem {LI} at (40,112) size 40x256
          RenderListMarker at (-16,0) size 6x16: bullet
          RenderText {#text} at (0,0) size 40x256
            text run at (0,0) width 24: "Cell A"
            text run at (0,16) width 36: "should be"
            text run at (0,32) width 28: "purple."
            text run at (0,48) width 24: "Cell P"
            text run at (0,64) width 24: "should"
            text run at (0,80) width 28: "also be"
            text run at (0,96) width 28: "purple,"
            text run at (0,112) width 32: "but of a"
            text run at (0,128) width 40: "shade that"
            text run at (0,144) width 32: "reflects"
            text run at (0,160) width 12: "the"
            text run at (0,176) width 40: "underlying"
            text run at (0,192) width 24: "orange"
            text run at (0,208) width 24: "rather"
            text run at (0,224) width 32: "than the"
            text run at (0,240) width 16: "red."
      RenderBlock {DL} at (0,701) size 80x240
        RenderBlock {DT} at (0,0) size 80x16
          RenderText {#text} at (0,0) size 16x16
            text run at (0,0) width 16: "next"
        RenderBlock {DD} at (40,16) size 40x64
          RenderInline {A} at (0,0) size 44x64 [color=#FFFF00]
            RenderText {#text} at (0,0) size 44x64
              text run at (0,0) width 28: "Special"
              text run at (0,16) width 24: "Tests:"
              text run at (0,32) width 20: "Fixed"
              text run at (0,48) width 44: "Backgrounds"
          RenderText {#text} at (0,0) size 0x0
        RenderBlock {DT} at (0,80) size 80x16
          RenderText {#text} at (0,0) size 32x16
            text run at (0,0) width 32: "previous"
        RenderBlock {DD} at (40,96) size 40x96
          RenderInline {A} at (0,0) size 40x96 [color=#FFFF00]
            RenderText {#text} at (0,0) size 40x96
              text run at (0,0) width 40: "Background"
              text run at (0,16) width 16: "with"
              text run at (0,32) width 32: "Borders:"
              text run at (0,48) width 40: "Background"
              text run at (0,64) width 40: "on 'table-"
              text run at (0,80) width 20: "cell'"
          RenderText {#text} at (0,0) size 0x0
        RenderBlock {DT} at (0,192) size 80x16
          RenderText {#text} at (0,0) size 32x16
            text run at (0,0) width 32: "contents"
        RenderBlock {DD} at (40,208) size 40x32
          RenderInline {A} at (0,0) size 32x32 [color=#FFFF00]
            RenderText {#text} at (0,0) size 32x32
              text run at (0,0) width 32: "Table of"
              text run at (0,16) width 32: "Contents"
          RenderText {#text} at (0,0) size 0x0
      RenderTable {TABLE} at (0,955) size 189x498 [color=#000000] [bgcolor=#FFFFFF] [border: (1px dotted #000000)]
        RenderBlock {CAPTION} at (0,0) size 187x40 [color=#FFFFFF]
          RenderText {#text} at (8,0) size 171x39
            text run at (8,0) width 171: "With 'border-collapse:"
            text run at (57,20) width 73: "separate'"
        RenderTableCol {COLGROUP} at (0,0) size 0x0
          RenderTableCol {COL} at (0,0) size 0x0
          RenderTableCol {COL} at (0,0) size 0x0
          RenderTableCol {COL} at (0,0) size 0x0
        RenderTableCol {COLGROUP} at (0,0) size 0x0
          RenderTableCol {COL} at (0,0) size 0x0
        RenderTableSection {THEAD} at (1,41) size 187x114
        RenderTableSection {TBODY} at (1,155) size 187x213
      RenderTable {TABLE} at (0,1453) size 125x470 [color=#000000] [bgcolor=#FFFFFF] [border: (6px dotted #000000)]
        RenderBlock {CAPTION} at (0,0) size 124x60 [color=#FFFFFF]
          RenderText {#text} at (11,0) size 101x59
            text run at (11,0) width 101: "With 'border-"
            text run at (27,20) width 70: "collapse:"
            text run at (27,40) width 69: "collapse'"
        RenderTableCol {COLGROUP} at (0,0) size 0x0
          RenderTableCol {COL} at (0,0) size 0x0
          RenderTableCol {COL} at (0,0) size 0x0
          RenderTableCol {COL} at (0,0) size 0x0
        RenderTableCol {COLGROUP} at (0,0) size 0x0
          RenderTableCol {COL} at (0,0) size 0x0
        RenderTableSection {THEAD} at (0,66) size 124x99
        RenderTableSection {TBODY} at (0,165) size 124x190
      RenderBlock {DIV} at (0,1923) size 80x34
        RenderInline {A} at (0,0) size 88x16 [color=#FFFF00]
          RenderImage {IMG} at (0,0) size 88x31
        RenderText {#text} at (0,0) size 0x0
      RenderBlock {ADDRESS} at (0,1957) size 80x112
        RenderText {#text} at (0,0) size 154x112
          text run at (0,0) width 75: "CSS2 Table"
          text run at (0,16) width 82: "Backgrounds"
          text run at (0,32) width 63: "Test Suite"
          text run at (0,48) width 58: "designed"
          text run at (0,64) width 70: "and written"
          text run at (0,80) width 68: "by fantasai"
          text run at (0,96) width 154: "<fantasai@escape.com>"
layer at (9,1021) size 187x100
  RenderTableRow {TR} at (0,7) size 187x100 [bgcolor=#FF0000]
    RenderTableCell {TH} at (64,23) size 50x68 [border: (13px dotted #000000)] [r=0 c=1 rs=1 cs=1]
      RenderText {#text} at (14,14) size 22x39
        text run at (14,14) width 22: "TH"
        text run at (19,34) width 11: "B"
    RenderTableCell {TH} at (121,55) size 26x4 [border: (1px dotted #000000)] [r=0 c=2 rs=1 cs=1]
    RenderTableCell {TH} at (154,35) size 26x44 [border: (1px dotted #000000)] [r=0 c=3 rs=1 cs=1]
      RenderText {#text} at (2,2) size 22x39
        text run at (2,2) width 22: "TH"
        text run at (7,22) width 12: "D"
layer at (16,1021) size 50x100
  RenderTableCell {TH} at (7,45) size 50x24 [bgcolor=#0000FF] [border: (1px dotted #000000)] [r=0 c=0 rs=1 cs=1]
    RenderText {#text} at (5,2) size 39x19
      text run at (5,2) width 39: "TH A"
layer at (9,1341) size 187x129
  RenderTableSection {TFOOT} at (1,368) size 187x129 [bgcolor=#FFFF00]
layer at (9,1348) size 187x115
  RenderTableRow {TR} at (0,7) size 187x115 [bgcolor=#FF0000]
    RenderTableCell {TD} at (7,52) size 107x24 [border: (1px dotted #000000)] [r=0 c=0 rs=1 cs=2]
      RenderText {#text} at (2,2) size 40x19
        text run at (2,2) width 40: "TD M"
    RenderTableCell {TD} at (121,42) size 26x44 [border: (1px dotted #000000)] [r=0 c=2 rs=1 cs=1]
      RenderText {#text} at (2,2) size 22x39
        text run at (2,2) width 22: "TD"
        text run at (2,22) width 13: "O"
layer at (163,1348) size 26x115
  RenderTableCell {TD} at (154,42) size 26x44 [bgcolor=#0000FF] [border: (1px dotted #000000)] [r=0 c=3 rs=1 cs=1]
    RenderText {#text} at (2,2) size 22x39
      text run at (2,2) width 22: "TD"
      text run at (2,22) width 11: "P"
layer at (9,1135) size 187x108
  RenderTableRow {TR} at (0,7) size 187x108 [bgcolor=#FF0000]
    RenderTableCell {TD} at (7,72) size 50x68 [border: (13px dotted #000000)] [r=0 c=0 rs=2 cs=1]
      RenderText {#text} at (14,14) size 22x39
        text run at (14,14) width 22: "TD"
        text run at (14,34) width 10: "E"
    RenderTableCell {TD} at (64,49) size 50x24 [border: (1px dotted #000000)] [r=0 c=1 rs=1 cs=1]
      RenderText {#text} at (2,2) size 37x19
        text run at (2,2) width 37: "TD F"
    RenderTableCell {TD} at (121,39) size 26x44 [border: (1px dotted #000000)] [r=0 c=2 rs=1 cs=1]
      RenderText {#text} at (2,2) size 22x39
        text run at (2,2) width 22: "TD"
        text run at (2,22) width 12: "G"
    RenderTableCell {TD} at (154,39) size 26x44 [border: (1px dotted #000000)] [r=0 c=3 rs=1 cs=1]
      RenderText {#text} at (2,2) size 22x39
        text run at (2,2) width 22: "TD"
        text run at (2,22) width 12: "H"
layer at (9,1250) size 187x84
  RenderTableRow {TR} at (0,122) size 187x84 [bgcolor=#FF0000]
    RenderTableCell {TD} at (64,152) size 50x24 [border: (1px dotted #000000)] [r=1 c=1 rs=1 cs=1]
      RenderText {#text} at (2,2) size 36x19
        text run at (2,2) width 36: "TD J"
    RenderTableCell {TD} at (121,142) size 26x44 [border: (1px dotted #000000)] [r=1 c=2 rs=1 cs=1]
      RenderText {#text} at (2,2) size 22x39
        text run at (2,2) width 22: "TD"
        text run at (2,22) width 12: "K"
    RenderTableCell {TD} at (154,142) size 26x44 [border: (1px dotted #000000)] [r=1 c=3 rs=1 cs=1]
      RenderText {#text} at (2,2) size 22x39
        text run at (2,2) width 22: "TD"
        text run at (2,22) width 10: "L"
layer at (8,1537) size 124x99
  RenderTableRow {TR} at (0,0) size 124x99 [bgcolor=#FF0000]
    RenderTableCell {TH} at (37,22) size 37x55 [border: (7px dotted #000000)] [r=0 c=1 rs=1 cs=1]
      RenderText {#text} at (8,8) size 22x39
        text run at (8,8) width 22: "TH"
        text run at (13,28) width 11: "B"
    RenderTableCell {TH} at (74,48) size 25x3 [border: (1px dotted #000000)] [r=0 c=2 rs=1 cs=1]
    RenderTableCell {TH} at (99,28) size 25x43 [border: (1px dotted #000000)] [r=0 c=3 rs=1 cs=1]
      RenderText {#text} at (2,2) size 22x39
        text run at (2,2) width 22: "TH"
        text run at (7,22) width 12: "D"
layer at (8,1537) size 37x99
  RenderTableCell {TH} at (0,25) size 37x49 [bgcolor=#0000FF] [border: (1px dotted #000000)] [r=0 c=0 rs=1 cs=1]
    RenderText {#text} at (5,2) size 22x39
      text run at (5,2) width 22: "TH"
      text run at (10,22) width 12: "A"
layer at (8,1826) size 124x114
  RenderTableSection {TFOOT} at (0,355) size 124x114 [bgcolor=#FFFF00]
layer at (8,1826) size 124x114
  RenderTableRow {TR} at (0,0) size 124x114 [bgcolor=#FF0000]
    RenderTableCell {TD} at (0,42) size 74x29 [border: (7px dotted #000000)] [r=0 c=0 rs=1 cs=2]
      RenderText {#text} at (2,8) size 40x19
        text run at (2,8) width 40: "TD M"
    RenderTableCell {TD} at (74,35) size 25x43 [border: (1px dotted #000000)] [r=0 c=2 rs=1 cs=1]
      RenderText {#text} at (2,2) size 22x39
        text run at (2,2) width 22: "TD"
        text run at (2,22) width 13: "O"
layer at (107,1826) size 25x114
  RenderTableCell {TD} at (99,35) size 25x43 [bgcolor=#0000FF] [border: (1px dotted #000000)] [r=0 c=3 rs=1 cs=1]
    RenderText {#text} at (2,2) size 22x39
      text run at (2,2) width 22: "TD"
      text run at (2,22) width 11: "P"
layer at (8,1636) size 124x107
  RenderTableRow {TR} at (0,0) size 124x107 [bgcolor=#FF0000]
    RenderTableCell {TD} at (0,67) size 37x55 [border: (7px dotted #000000)] [r=0 c=0 rs=2 cs=1]
      RenderText {#text} at (8,8) size 22x39
        text run at (8,8) width 22: "TD"
        text run at (8,28) width 10: "E"
    RenderTableCell {TD} at (37,29) size 37x49 [border: (7px dotted #000000)] [r=0 c=1 rs=1 cs=1]
      RenderText {#text} at (8,8) size 22x39
        text run at (8,8) width 22: "TD"
        text run at (8,28) width 10: "F"
    RenderTableCell {TD} at (74,32) size 25x43 [border: (1px dotted #000000)] [r=0 c=2 rs=1 cs=1]
      RenderText {#text} at (2,2) size 22x39
        text run at (2,2) width 22: "TD"
        text run at (2,22) width 12: "G"
    RenderTableCell {TD} at (99,32) size 25x43 [border: (1px dotted #000000)] [r=0 c=3 rs=1 cs=1]
      RenderText {#text} at (2,2) size 22x39
        text run at (2,2) width 22: "TD"
        text run at (2,22) width 12: "H"
layer at (8,1743) size 124x83
  RenderTableRow {TR} at (0,107) size 124x83 [bgcolor=#FF0000]
    RenderTableCell {TD} at (37,127) size 37x43 [border: (1px dotted #000000)] [r=1 c=1 rs=1 cs=1]
      RenderText {#text} at (8,2) size 22x39
        text run at (8,2) width 22: "TD"
        text run at (8,22) width 9: "J"
    RenderTableCell {TD} at (74,127) size 25x43 [border: (1px dotted #000000)] [r=1 c=2 rs=1 cs=1]
      RenderText {#text} at (2,2) size 22x39
        text run at (2,2) width 22: "TD"
        text run at (2,22) width 12: "K"
    RenderTableCell {TD} at (99,127) size 25x43 [border: (1px dotted #000000)] [r=1 c=3 rs=1 cs=1]
      RenderText {#text} at (2,2) size 22x39
        text run at (2,2) width 22: "TD"
        text run at (2,22) width 10: "L"
