layer at (0,0) size 285x210
  RenderView at (0,0) size 96x26
layer at (0,0) size 285x210
  RenderBlock {HTML} at (0,0) size 96x210
    RenderBody {BODY} at (8,8) size 80x194
      RenderTable {TABLE} at (0,0) size 277x194
        RenderBlock {CAPTION} at (0,0) size 277x32
          RenderText {#text} at (11,0) size 254x32
            text run at (11,0) width 254: "Communicator 4.5 Installers for Mac and"
            text run at (78,16) width 120: "Windows Platforms"
        RenderTableSection {TBODY} at (0,32) size 277x162
          RenderTableRow {TR} at (0,2) size 277x34
            RenderTableCell {TH} at (2,18) size 62x2 [r=0 c=0 rs=1 cs=1]
            RenderTableCell {TH} at (66,2) size 75x34 [r=0 c=1 rs=1 cs=1]
              RenderText {#text} at (1,1) size 73x32
                text run at (1,1) width 73: "Macintosh"
                text run at (22,17) width 31: "PPC"
            RenderTableCell {TH} at (143,2) size 65x34 [r=0 c=2 rs=1 cs=1]
              RenderText {#text} at (1,1) size 63x32
                text run at (1,1) width 63: "Windows"
                text run at (24,17) width 16: "95"
            RenderTableCell {TH} at (210,2) size 65x34 [r=0 c=3 rs=1 cs=1]
              RenderText {#text} at (1,1) size 63x32
                text run at (1,1) width 63: "Windows"
                text run at (23,17) width 19: "NT"
          RenderTableRow {TR} at (0,38) size 277x34
            RenderTableCell {TD} at (2,38) size 62x34 [r=1 c=0 rs=1 cs=1]
              RenderText {#text} at (1,1) size 37x32
                text run at (1,1) width 32: "Base"
                text run at (1,17) width 37: "Install"
            RenderTableCell {TD} at (66,46) size 75x18 [r=1 c=1 rs=1 cs=1]
              RenderText {#text} at (1,1) size 22x16
                text run at (1,1) width 22: "yes"
            RenderTableCell {TD} at (143,46) size 65x18 [r=1 c=2 rs=1 cs=1]
              RenderText {#text} at (1,1) size 22x16
                text run at (1,1) width 22: "yes"
            RenderTableCell {TD} at (210,46) size 65x18 [r=1 c=3 rs=1 cs=1]
              RenderText {#text} at (1,1) size 22x16
                text run at (1,1) width 22: "yes"
          RenderTableRow {TR} at (0,74) size 277x34
            RenderTableCell {TD} at (2,74) size 62x34 [r=2 c=0 rs=1 cs=1]
              RenderText {#text} at (1,1) size 60x32
                text run at (1,1) width 60: "Complete"
                text run at (1,17) width 37: "Install"
            RenderTableCell {TD} at (66,82) size 75x18 [r=2 c=1 rs=1 cs=1]
              RenderText {#text} at (1,1) size 22x16
                text run at (1,1) width 22: "yes"
            RenderTableCell {TD} at (143,82) size 65x18 [r=2 c=2 rs=1 cs=1]
              RenderText {#text} at (1,1) size 22x16
                text run at (1,1) width 22: "yes"
            RenderTableCell {TD} at (210,82) size 65x18 [r=2 c=3 rs=1 cs=1]
              RenderText {#text} at (1,1) size 22x16
                text run at (1,1) width 22: "yes"
          RenderTableRow {TR} at (0,110) size 277x50
            RenderTableCell {TD} at (2,110) size 62x50 [r=3 c=0 rs=1 cs=1]
              RenderText {#text} at (1,1) size 43x48
                text run at (1,1) width 22: "Pro"
                text run at (1,17) width 43: "Edition"
                text run at (1,33) width 37: "Install"
            RenderTableCell {TD} at (66,126) size 75x18 [r=3 c=1 rs=1 cs=1]
              RenderText {#text} at (1,1) size 22x16
                text run at (1,1) width 22: "yes"
            RenderTableCell {TD} at (143,126) size 65x18 [r=3 c=2 rs=1 cs=1]
              RenderText {#text} at (1,1) size 22x16
                text run at (1,1) width 22: "yes"
            RenderTableCell {TD} at (210,126) size 65x18 [r=3 c=3 rs=1 cs=1]
              RenderText {#text} at (1,1) size 22x16
                text run at (1,1) width 22: "yes"
