layer at (0,0) size 800x600
  RenderView at (0,0) size 800x600
layer at (0,0) size 800x600
  RenderBlock {HTML} at (0,0) size 800x600
    RenderBody {BODY} at (8,8) size 784x584
      RenderBlock {P} at (0,0) size 784x32
        RenderText {#text} at (0,0) size 758x32
          text run at (0,0) width 758: "The COL element specifies attributes for a table column. In this test case, the COL element is used in conjunction with the"
          text run at (0,16) width 94: "SPAN attribute."
      RenderTable {TABLE} at (0,46) size 570x48 [border: (1px outset #808080)]
        RenderTableCol {COL} at (0,0) size 0x0
        RenderTableSection {TBODY} at (1,1) size 568x46
          RenderTableRow {TR} at (0,2) size 568x20
            RenderTableCell {TH} at (2,2) size 440x20 [border: (1px inset #808080)] [r=0 c=0 rs=1 cs=1]
              RenderText {#text} at (2,2) size 436x16
                text run at (2,2) width 436: "This heading should span across the two columns in this table."
          RenderTableRow {TR} at (0,24) size 568x20
            RenderTableCell {TD} at (2,24) size 440x20 [border: (1px inset #808080)] [r=1 c=0 rs=1 cs=1]
              RenderText {#text} at (2,2) size 120x16
                text run at (2,2) width 120: "This is column one."
            RenderTableCell {TD} at (444,24) size 122x20 [border: (1px inset #808080)] [r=1 c=1 rs=1 cs=1]
              RenderText {#text} at (2,2) size 118x16
                text run at (2,2) width 118: "This is column two."
