layer at (0,0) size 219x170
  RenderView at (0,0) size 96x26
layer at (0,0) size 219x170
  RenderBlock {HTML} at (0,0) size 96x170
    RenderBody {BODY} at (8,8) size 80x154
      RenderBlock (anonymous) at (0,0) size 80x112
        RenderText {#text} at (0,0) size 80x112
          text run at (0,0) width 59: "The table"
          text run at (0,16) width 74: "displayed is"
          text run at (0,32) width 74: "two rows by"
          text run at (0,48) width 33: "three"
          text run at (0,64) width 80: "columns with"
          text run at (0,80) width 16: "no"
          text run at (0,96) width 64: "alignment."
        RenderBR {BR} at (64,109) size 0x0
      RenderTable {TABLE} at (0,112) size 211x42
        RenderTableSection {TBODY} at (0,0) size 211x42
          RenderTableRow {TR} at (0,2) size 211x18
            RenderTableCell {TD} at (2,2) size 67x18 [r=0 c=0 rs=1 cs=1]
              RenderText {#text} at (1,1) size 61x16
                text run at (1,1) width 61: "Navigator"
            RenderTableCell {TD} at (71,2) size 73x18 [r=0 c=1 rs=1 cs=1]
              RenderText {#text} at (1,1) size 71x16
                text run at (1,1) width 71: "Messenger"
            RenderTableCell {TD} at (146,2) size 63x18 [r=0 c=2 rs=1 cs=1]
              RenderText {#text} at (1,1) size 52x16
                text run at (1,1) width 52: "Collabra"
          RenderTableRow {TR} at (0,22) size 211x18
            RenderTableCell {TD} at (2,22) size 67x18 [r=1 c=0 rs=1 cs=1]
              RenderText {#text} at (1,1) size 65x16
                text run at (1,1) width 65: "Composer"
            RenderTableCell {TD} at (71,22) size 73x18 [r=1 c=1 rs=1 cs=1]
              RenderText {#text} at (1,1) size 58x16
                text run at (1,1) width 58: "Calendar"
            RenderTableCell {TD} at (146,22) size 63x18 [r=1 c=2 rs=1 cs=1]
              RenderText {#text} at (1,1) size 61x16
                text run at (1,1) width 61: "Netcaster"
