layer at (0,0) size 180x158
  RenderView at (0,0) size 96x26
layer at (0,0) size 180x158
  RenderBlock {HTML} at (0,0) size 96x158
    RenderBody {BODY} at (8,8) size 80x142
      RenderBlock {P} at (0,0) size 80x64
        RenderText {#text} at (0,0) size 76x64
          text run at (0,0) width 75: "The caption"
          text run at (0,16) width 76: "should be at"
          text run at (0,32) width 66: "the bottom"
          text run at (0,48) width 70: "of the table"
      RenderTable {TABLE} at (0,78) size 172x64 [border: (1px outset #808080)]
        RenderBlock {CAPTION} at (0,48) size 170x16
          RenderText {#text} at (55,0) size 60x16
            text run at (55,0) width 60: "Wild Cats"
        RenderTableSection {TBODY} at (1,1) size 170x46
          RenderTableRow {TR} at (0,2) size 170x20
            RenderTableCell {TD} at (2,2) size 47x20 [border: (1px inset #808080)] [r=0 c=0 rs=1 cs=1]
              RenderText {#text} at (2,2) size 27x16
                text run at (2,2) width 27: "Lion"
            RenderTableCell {TD} at (51,2) size 57x20 [border: (1px inset #808080)] [r=0 c=1 rs=1 cs=1]
              RenderText {#text} at (2,2) size 53x16
                text run at (2,2) width 53: "Leopard"
            RenderTableCell {TD} at (110,2) size 58x20 [border: (1px inset #808080)] [r=0 c=2 rs=1 cs=1]
              RenderText {#text} at (2,2) size 54x16
                text run at (2,2) width 54: "Cheetah"
          RenderTableRow {TR} at (0,24) size 170x20
            RenderTableCell {TD} at (2,24) size 47x20 [border: (1px inset #808080)] [r=1 c=0 rs=1 cs=1]
              RenderText {#text} at (2,2) size 43x16
                text run at (2,2) width 43: "Jaguar"
            RenderTableCell {TD} at (51,24) size 57x20 [border: (1px inset #808080)] [r=1 c=1 rs=1 cs=1]
              RenderText {#text} at (2,2) size 43x16
                text run at (2,2) width 43: "Bobcat"
            RenderTableCell {TD} at (110,24) size 58x20 [border: (1px inset #808080)] [r=1 c=2 rs=1 cs=1]
              RenderText {#text} at (2,2) size 41x16
                text run at (2,2) width 41: "Ocelot"
