layer at (0,0) size 800x600
  RenderView at (0,0) size 800x600
layer at (0,0) size 800x600
  RenderBlock {HTML} at (0,0) size 800x600
    RenderBody {BODY} at (8,8) size 784x584
      RenderBlock (anonymous) at (0,0) size 784x16
        RenderText {#text} at (0,0) size 441x16
          text run at (0,0) width 441: "The table displayed is two rows by three columns with a 3 pixel border."
        RenderBR {BR} at (441,13) size 0x0
      RenderTable {TABLE} at (0,16) size 223x52 [border: (3px outset #808080)]
        RenderTableSection {TBODY} at (3,3) size 217x46
          RenderTableRow {TR} at (0,2) size 217x20
            RenderTableCell {TD} at (2,2) size 69x20 [border: (1px inset #808080)] [r=0 c=0 rs=1 cs=1]
              RenderText {#text} at (2,2) size 61x16
                text run at (2,2) width 61: "Navigator"
            RenderTableCell {TD} at (73,2) size 75x20 [border: (1px inset #808080)] [r=0 c=1 rs=1 cs=1]
              RenderText {#text} at (2,2) size 71x16
                text run at (2,2) width 71: "Messenger"
            RenderTableCell {TD} at (150,2) size 65x20 [border: (1px inset #808080)] [r=0 c=2 rs=1 cs=1]
              RenderText {#text} at (2,2) size 52x16
                text run at (2,2) width 52: "Collabra"
          RenderTableRow {TR} at (0,24) size 217x20
            RenderTableCell {TD} at (2,24) size 69x20 [border: (1px inset #808080)] [r=1 c=0 rs=1 cs=1]
              RenderText {#text} at (2,2) size 65x16
                text run at (2,2) width 65: "Composer"
            RenderTableCell {TD} at (73,24) size 75x20 [border: (1px inset #808080)] [r=1 c=1 rs=1 cs=1]
              RenderText {#text} at (2,2) size 58x16
                text run at (2,2) width 58: "Calendar"
            RenderTableCell {TD} at (150,24) size 65x20 [border: (1px inset #808080)] [r=1 c=2 rs=1 cs=1]
              RenderText {#text} at (2,2) size 61x16
                text run at (2,2) width 61: "Netcaster"
