layer at (0,0) size 308x368
  RenderView at (0,0) size 96x26
layer at (0,0) size 308x368
  RenderBlock {HTML} at (0,0) size 96x368
    RenderBody {BODY} at (8,8) size 80x352
      RenderBlock (anonymous) at (0,0) size 80x304
        RenderText {#text} at (0,0) size 78x304
          text run at (0,0) width 59: "The table"
          text run at (0,16) width 74: "displayed is"
          text run at (0,32) width 74: "two rows by"
          text run at (0,48) width 33: "three"
          text run at (0,64) width 54: "columns."
          text run at (0,80) width 66: "Each table"
          text run at (0,96) width 50: "row has"
          text run at (0,112) width 31: "been"
          text run at (0,128) width 46: "aligned"
          text run at (0,144) width 60: "right. The"
          text run at (0,160) width 57: "table has"
          text run at (0,176) width 31: "been"
          text run at (0,192) width 69: "assigned a"
          text run at (0,208) width 61: "width and"
          text run at (0,224) width 78: "border value"
          text run at (0,240) width 68: "so that it is"
          text run at (0,256) width 55: "easier to"
          text run at (0,272) width 47: "see the"
          text run at (0,288) width 64: "alignment."
        RenderBR {BR} at (64,301) size 0x0
      RenderTable {TABLE} at (0,304) size 300x48 [border: (1px outset #808080)]
        RenderTableSection {TBODY} at (1,1) size 298x46
          RenderTableRow {TR} at (0,2) size 298x20
            RenderTableCell {TD} at (2,2) size 95x20 [border: (1px inset #808080)] [r=0 c=0 rs=1 cs=1]
              RenderText {#text} at (32,2) size 61x16
                text run at (32,2) width 61: "Navigator"
            RenderTableCell {TD} at (99,2) size 104x20 [border: (1px inset #808080)] [r=0 c=1 rs=1 cs=1]
              RenderText {#text} at (31,2) size 71x16
                text run at (31,2) width 71: "Messenger"
            RenderTableCell {TD} at (205,2) size 91x20 [border: (1px inset #808080)] [r=0 c=2 rs=1 cs=1]
              RenderText {#text} at (37,2) size 52x16
                text run at (37,2) width 52: "Collabra"
          RenderTableRow {TR} at (0,24) size 298x20
            RenderTableCell {TD} at (2,24) size 95x20 [border: (1px inset #808080)] [r=1 c=0 rs=1 cs=1]
              RenderText {#text} at (28,2) size 65x16
                text run at (28,2) width 65: "Composer"
            RenderTableCell {TD} at (99,24) size 104x20 [border: (1px inset #808080)] [r=1 c=1 rs=1 cs=1]
              RenderText {#text} at (44,2) size 58x16
                text run at (44,2) width 58: "Calendar"
            RenderTableCell {TD} at (205,24) size 91x20 [border: (1px inset #808080)] [r=1 c=2 rs=1 cs=1]
              RenderText {#text} at (28,2) size 61x16
                text run at (28,2) width 61: "Netcaster"
