layer at (0,0) size 800x600
  RenderView at (0,0) size 800x600
layer at (0,0) size 800x600
  RenderBlock {HTML} at (0,0) size 800x600
    RenderBody {BODY} at (8,8) size 784x584
      RenderBlock (anonymous) at (0,0) size 784x32
        RenderText {#text} at (0,0) size 768x32
          text run at (0,0) width 672: "This test case shows how WIDTH can set the width of the table to a fixed size using PERCENT. PERCENT "
          text run at (672,0) width 96: "is based on the"
          text run at (0,16) width 427: "percentage of the space between the current left and right margins. "
          text run at (427,16) width 252: "This first table has a width of 80 percent"
      RenderTable {TABLE} at (0,32) size 627x42
        RenderTableSection {TBODY} at (0,0) size 627x42
          RenderTableRow {TR} at (0,2) size 627x18
            RenderTableCell {TD} at (2,2) size 204x18 [r=0 c=0 rs=1 cs=1]
              RenderText {#text} at (1,1) size 61x16
                text run at (1,1) width 61: "Navigator"
            RenderTableCell {TD} at (208,2) size 222x18 [r=0 c=1 rs=1 cs=1]
              RenderText {#text} at (1,1) size 71x16
                text run at (1,1) width 71: "Messenger"
            RenderTableCell {TD} at (432,2) size 193x18 [r=0 c=2 rs=1 cs=1]
              RenderText {#text} at (1,1) size 52x16
                text run at (1,1) width 52: "Collabra"
          RenderTableRow {TR} at (0,22) size 627x18
            RenderTableCell {TD} at (2,22) size 204x18 [r=1 c=0 rs=1 cs=1]
              RenderText {#text} at (1,1) size 65x16
                text run at (1,1) width 65: "Composer"
            RenderTableCell {TD} at (208,22) size 222x18 [r=1 c=1 rs=1 cs=1]
              RenderText {#text} at (1,1) size 58x16
                text run at (1,1) width 58: "Calendar"
            RenderTableCell {TD} at (432,22) size 193x18 [r=1 c=2 rs=1 cs=1]
              RenderText {#text} at (1,1) size 61x16
                text run at (1,1) width 61: "Netcaster"
      RenderBlock (anonymous) at (0,74) size 784x32
        RenderBR {BR} at (0,0) size 0x16
        RenderText {#text} at (0,16) size 312x16
          text run at (0,16) width 312: "While, this second table has a width of 50 percent"
      RenderTable {TABLE} at (0,106) size 392x42
        RenderTableSection {TBODY} at (0,0) size 392x42
          RenderTableRow {TR} at (0,2) size 392x18
            RenderTableCell {TD} at (2,2) size 126x18 [r=0 c=0 rs=1 cs=1]
              RenderText {#text} at (1,1) size 61x16
                text run at (1,1) width 61: "Navigator"
            RenderTableCell {TD} at (130,2) size 138x18 [r=0 c=1 rs=1 cs=1]
              RenderText {#text} at (1,1) size 71x16
                text run at (1,1) width 71: "Messenger"
            RenderTableCell {TD} at (270,2) size 120x18 [r=0 c=2 rs=1 cs=1]
              RenderText {#text} at (1,1) size 52x16
                text run at (1,1) width 52: "Collabra"
          RenderTableRow {TR} at (0,22) size 392x18
            RenderTableCell {TD} at (2,22) size 126x18 [r=1 c=0 rs=1 cs=1]
              RenderText {#text} at (1,1) size 65x16
                text run at (1,1) width 65: "Composer"
            RenderTableCell {TD} at (130,22) size 138x18 [r=1 c=1 rs=1 cs=1]
              RenderText {#text} at (1,1) size 58x16
                text run at (1,1) width 58: "Calendar"
            RenderTableCell {TD} at (270,22) size 120x18 [r=1 c=2 rs=1 cs=1]
              RenderText {#text} at (1,1) size 61x16
                text run at (1,1) width 61: "Netcaster"
