layer at (0,0) size 800x600
  RenderView at (0,0) size 800x600
layer at (0,0) size 800x600
  RenderBlock {HTML} at (0,0) size 800x600
    RenderBody {BODY} at (8,8) size 784x584
      RenderBlock (anonymous) at (0,0) size 784x64
        RenderText {#text} at (0,0) size 768x48
          text run at (0,0) width 586: "CELLPADDING controls the padding in pixels between the border of each cells and the cell's "
          text run at (586,0) width 182: "contents.The first table has a"
          text run at (0,16) width 360: "cellpadding of 8 pixels. The second table is not using cell "
          text run at (360,16) width 379: "padding. Notice the difference. There should be a larger gap"
          text run at (0,32) width 200: "between the cell border and it's "
          text run at (200,32) width 161: "contents in the first table. "
        RenderBR {BR} at (0,0) size 0x0
        RenderBR {BR} at (0,48) size 0x16
      RenderTable {TABLE} at (0,64) size 263x78 [border: (2px outset #808080)]
        RenderTableSection {TBODY} at (2,2) size 259x74
          RenderTableRow {TR} at (0,2) size 259x34
            RenderTableCell {TD} at (2,2) size 83x34 [border: (1px inset #808080)] [r=0 c=0 rs=1 cs=1]
              RenderText {#text} at (9,9) size 61x16
                text run at (9,9) width 61: "Navigator"
            RenderTableCell {TD} at (87,2) size 89x34 [border: (1px inset #808080)] [r=0 c=1 rs=1 cs=1]
              RenderText {#text} at (9,9) size 71x16
                text run at (9,9) width 71: "Messenger"
            RenderTableCell {TD} at (178,2) size 79x34 [border: (1px inset #808080)] [r=0 c=2 rs=1 cs=1]
              RenderText {#text} at (9,9) size 52x16
                text run at (9,9) width 52: "Collabra"
          RenderTableRow {TR} at (0,38) size 259x34
            RenderTableCell {TD} at (2,38) size 83x34 [border: (1px inset #808080)] [r=1 c=0 rs=1 cs=1]
              RenderText {#text} at (9,9) size 65x16
                text run at (9,9) width 65: "Composer"
            RenderTableCell {TD} at (87,38) size 89x34 [border: (1px inset #808080)] [r=1 c=1 rs=1 cs=1]
              RenderText {#text} at (9,9) size 58x16
                text run at (9,9) width 58: "Calendar"
            RenderTableCell {TD} at (178,38) size 79x34 [border: (1px inset #808080)] [r=1 c=2 rs=1 cs=1]
              RenderText {#text} at (9,9) size 61x16
                text run at (9,9) width 61: "Netcaster"
      RenderBlock (anonymous) at (0,142) size 784x48
        RenderBR {BR} at (0,0) size 0x16
        RenderBR {BR} at (0,16) size 0x16
        RenderText {#text} at (0,32) size 217x16
          text run at (0,32) width 217: "This table contains no cellpadding."
      RenderTable {TABLE} at (0,190) size 221x50 [border: (2px outset #808080)]
        RenderTableSection {TBODY} at (2,2) size 217x46
          RenderTableRow {TR} at (0,2) size 217x20
            RenderTableCell {TD} at (2,2) size 69x20 [border: (1px inset #808080)] [r=0 c=0 rs=1 cs=1]
              RenderText {#text} at (2,2) size 61x16
                text run at (2,2) width 61: "Navigator"
            RenderTableCell {TD} at (73,2) size 75x20 [border: (1px inset #808080)] [r=0 c=1 rs=1 cs=1]
              RenderText {#text} at (2,2) size 71x16
                text run at (2,2) width 71: "Messenger"
            RenderTableCell {TD} at (150,2) size 65x20 [border: (1px inset #808080)] [r=0 c=2 rs=1 cs=1]
              RenderText {#text} at (2,2) size 52x16
                text run at (2,2) width 52: "Collabra"
          RenderTableRow {TR} at (0,24) size 217x20
            RenderTableCell {TD} at (2,24) size 69x20 [border: (1px inset #808080)] [r=1 c=0 rs=1 cs=1]
              RenderText {#text} at (2,2) size 65x16
                text run at (2,2) width 65: "Composer"
            RenderTableCell {TD} at (73,24) size 75x20 [border: (1px inset #808080)] [r=1 c=1 rs=1 cs=1]
              RenderText {#text} at (2,2) size 58x16
                text run at (2,2) width 58: "Calendar"
            RenderTableCell {TD} at (150,24) size 65x20 [border: (1px inset #808080)] [r=1 c=2 rs=1 cs=1]
              RenderText {#text} at (2,2) size 61x16
                text run at (2,2) width 61: "Netcaster"
