layer at (0,0) size 120x268
  RenderView at (0,0) size 96x26
layer at (0,0) size 120x268
  RenderBlock {HTML} at (0,0) size 96x268
    RenderBody {BODY} at (8,8) size 80x252
      RenderBlock (anonymous) at (0,0) size 80x112
        RenderText {#text} at (0,0) size 75x112
          text run at (0,0) width 72: "The TH tag"
          text run at (0,16) width 53: "uses the"
          text run at (0,32) width 53: "HEIGTH"
          text run at (0,48) width 53: "attribute."
          text run at (0,64) width 75: "The TH has"
          text run at (0,80) width 70: "been set to"
          text run at (0,96) width 59: "80 pixels."
        RenderBR {BR} at (59,109) size 0x0
      RenderTable {TABLE} at (0,112) size 112x140 [border: (1px outset #808080)]
        RenderTableSection {TBODY} at (1,1) size 110x138
          RenderTableRow {TR} at (0,2) size 110x80
            RenderTableCell {TH} at (2,24) size 106x36 [border: (1px inset #808080)] [r=0 c=0 rs=1 cs=1]
              RenderText {#text} at (20,2) size 102x32
                text run at (20,2) width 65: "Netscape"
                text run at (2,18) width 102: "Communicator"
          RenderTableRow {TR} at (0,84) size 110x52
            RenderTableCell {TD} at (2,84) size 106x52 [border: (1px inset #808080)] [r=1 c=0 rs=1 cs=1]
              RenderText {#text} at (2,2) size 100x48
                text run at (2,2) width 100: "Available on the"
                text run at (2,18) width 87: "Mac/PC/UNIX"
                text run at (2,34) width 66: "platforms !"
