layer at (0,0) size 114x320
  RenderView at (0,0) size 96x26
layer at (0,0) size 114x320
  RenderBlock {HTML} at (0,0) size 96x320
    RenderBody {BODY} at (8,8) size 80x304
      RenderBlock (anonymous) at (0,0) size 80x192
        RenderText {#text} at (0,0) size 95x192
          text run at (0,0) width 72: "The TD tag"
          text run at (0,16) width 53: "uses the"
          text run at (0,32) width 42: "ALIGN"
          text run at (0,48) width 53: "attribute."
          text run at (0,64) width 25: "The"
          text run at (0,80) width 69: "contents in"
          text run at (0,96) width 70: "the first TD"
          text run at (0,112) width 20: "tag"
          text run at (0,128) width 65: "(Netscape"
          text run at (0,144) width 95: "Communicator)"
          text run at (0,160) width 60: "should be"
          text run at (0,176) width 72: "aligned left."
        RenderBR {BR} at (72,189) size 0x0
      RenderTable {TABLE} at (0,192) size 106x112 [border: (1px outset #808080)]
        RenderTableSection {TBODY} at (1,1) size 104x110
          RenderTableRow {TR} at (0,2) size 104x36
            RenderTableCell {TD} at (2,2) size 94x36 [border: (1px inset #808080)] [r=0 c=0 rs=1 cs=1]
              RenderText {#text} at (2,2) size 90x32
                text run at (2,2) width 60: "Netscape"
                text run at (2,18) width 90: "Communicator"
            RenderTableCell {TD} at (98,18) size 4x4 [border: (1px inset #808080)] [r=0 c=1 rs=1 cs=1]
          RenderTableRow {TR} at (0,40) size 104x68
            RenderTableCell {TD} at (2,40) size 94x68 [border: (1px inset #808080)] [r=1 c=0 rs=1 cs=1]
              RenderText {#text} at (2,2) size 87x64
                text run at (2,2) width 76: "Available on"
                text run at (2,18) width 20: "the"
                text run at (2,34) width 87: "Mac/PC/UNIX"
                text run at (2,50) width 66: "platforms !"
