layer at (0,0) size 408x404
  RenderView at (0,0) size 96x26
layer at (0,0) size 408x404
  RenderBlock {HTML} at (0,0) size 96x404
    RenderBody {BODY} at (8,8) size 80x388
      RenderBlock (anonymous) at (0,0) size 80x208
        RenderText {#text} at (0,0) size 77x208
          text run at (0,0) width 54: "This test"
          text run at (0,16) width 74: "case shows"
          text run at (0,32) width 76: "how WIDTH"
          text run at (0,48) width 70: "can set the"
          text run at (0,64) width 73: "width of the"
          text run at (0,80) width 58: "table to a"
          text run at (0,96) width 59: "fixed size"
          text run at (0,112) width 33: "using"
          text run at (0,128) width 51: "PIXELS."
          text run at (0,144) width 54: "This first"
          text run at (0,160) width 69: "table has a"
          text run at (0,176) width 77: "width of 400"
          text run at (0,192) width 39: "pixels."
      RenderTable {TABLE} at (0,208) size 400x42
        RenderTableSection {TBODY} at (0,0) size 400x42
          RenderTableRow {TR} at (0,2) size 400x18
            RenderTableCell {TD} at (2,2) size 129x18 [r=0 c=0 rs=1 cs=1]
              RenderText {#text} at (1,1) size 61x16
                text run at (1,1) width 61: "Navigator"
            RenderTableCell {TD} at (133,2) size 141x18 [r=0 c=1 rs=1 cs=1]
              RenderText {#text} at (1,1) size 71x16
                text run at (1,1) width 71: "Messenger"
            RenderTableCell {TD} at (276,2) size 122x18 [r=0 c=2 rs=1 cs=1]
              RenderText {#text} at (1,1) size 52x16
                text run at (1,1) width 52: "Collabra"
          RenderTableRow {TR} at (0,22) size 400x18
            RenderTableCell {TD} at (2,22) size 129x18 [r=1 c=0 rs=1 cs=1]
              RenderText {#text} at (1,1) size 65x16
                text run at (1,1) width 65: "Composer"
            RenderTableCell {TD} at (133,22) size 141x18 [r=1 c=1 rs=1 cs=1]
              RenderText {#text} at (1,1) size 58x16
                text run at (1,1) width 58: "Calendar"
            RenderTableCell {TD} at (276,22) size 122x18 [r=1 c=2 rs=1 cs=1]
              RenderText {#text} at (1,1) size 61x16
                text run at (1,1) width 61: "Netcaster"
      RenderBlock (anonymous) at (0,250) size 80x96
        RenderBR {BR} at (0,0) size 0x16
        RenderText {#text} at (0,16) size 80x80
          text run at (0,16) width 64: "While, this"
          text run at (0,32) width 80: "second table"
          text run at (0,48) width 72: "has a width"
          text run at (0,64) width 40: "of 300"
          text run at (0,80) width 39: "pixels."
      RenderTable {TABLE} at (0,346) size 300x42
        RenderTableSection {TBODY} at (0,0) size 300x42
          RenderTableRow {TR} at (0,2) size 300x18
            RenderTableCell {TD} at (2,2) size 96x18 [r=0 c=0 rs=1 cs=1]
              RenderText {#text} at (1,1) size 61x16
                text run at (1,1) width 61: "Navigator"
            RenderTableCell {TD} at (100,2) size 105x18 [r=0 c=1 rs=1 cs=1]
              RenderText {#text} at (1,1) size 71x16
                text run at (1,1) width 71: "Messenger"
            RenderTableCell {TD} at (207,2) size 91x18 [r=0 c=2 rs=1 cs=1]
              RenderText {#text} at (1,1) size 52x16
                text run at (1,1) width 52: "Collabra"
          RenderTableRow {TR} at (0,22) size 300x18
            RenderTableCell {TD} at (2,22) size 96x18 [r=1 c=0 rs=1 cs=1]
              RenderText {#text} at (1,1) size 65x16
                text run at (1,1) width 65: "Composer"
            RenderTableCell {TD} at (100,22) size 105x18 [r=1 c=1 rs=1 cs=1]
              RenderText {#text} at (1,1) size 58x16
                text run at (1,1) width 58: "Calendar"
            RenderTableCell {TD} at (207,22) size 91x18 [r=1 c=2 rs=1 cs=1]
              RenderText {#text} at (1,1) size 61x16
                text run at (1,1) width 61: "Netcaster"
