layer at (0,0) size 271x619
  RenderView at (0,0) size 96x26
layer at (0,0) size 271x619
  RenderBlock {HTML} at (0,0) size 96x619
    RenderBody {BODY} at (8,8) size 80x603
      RenderBlock (anonymous) at (0,0) size 80x400
        RenderText {#text} at (0,0) size 97x400
          text run at (0,0) width 97: "CELLSPACING"
          text run at (0,16) width 74: "controls the"
          text run at (0,32) width 68: "distance in"
          text run at (0,48) width 36: "pixels"
          text run at (0,64) width 53: "between"
          text run at (0,80) width 71: "each cell in"
          text run at (0,96) width 57: "the table."
          text run at (0,112) width 52: "The first"
          text run at (0,128) width 69: "table has a"
          text run at (0,144) width 70: "cellspacing"
          text run at (0,160) width 76: "of 15 pixels;"
          text run at (0,176) width 70: "the second"
          text run at (0,192) width 59: "table isn't"
          text run at (0,208) width 33: "using"
          text run at (0,224) width 73: "cellspacing."
          text run at (0,240) width 64: "Notice the"
          text run at (0,256) width 63: "difference"
          text run at (0,272) width 61: "here. The"
          text run at (0,288) width 57: "first table"
          text run at (0,304) width 60: "should be"
          text run at (0,320) width 58: "rendered"
          text run at (0,336) width 75: "with a wider"
          text run at (0,352) width 24: "gap"
          text run at (0,368) width 77: "between the"
          text run at (0,384) width 35: "cells. "
        RenderBR {BR} at (0,0) size 0x0
      RenderTable {TABLE} at (0,400) size 263x81
        RenderTableSection {TBODY} at (0,0) size 263x81
          RenderTableRow {TR} at (0,15) size 263x18
            RenderTableCell {TD} at (15,15) size 67x18 [r=0 c=0 rs=1 cs=1]
              RenderText {#text} at (1,1) size 61x16
                text run at (1,1) width 61: "Navigator"
            RenderTableCell {TD} at (97,15) size 73x18 [r=0 c=1 rs=1 cs=1]
              RenderText {#text} at (1,1) size 71x16
                text run at (1,1) width 71: "Messenger"
            RenderTableCell {TD} at (185,15) size 63x18 [r=0 c=2 rs=1 cs=1]
              RenderText {#text} at (1,1) size 52x16
                text run at (1,1) width 52: "Collabra"
          RenderTableRow {TR} at (0,48) size 263x18
            RenderTableCell {TD} at (15,48) size 67x18 [r=1 c=0 rs=1 cs=1]
              RenderText {#text} at (1,1) size 65x16
                text run at (1,1) width 65: "Composer"
            RenderTableCell {TD} at (97,48) size 73x18 [r=1 c=1 rs=1 cs=1]
              RenderText {#text} at (1,1) size 58x16
                text run at (1,1) width 58: "Calendar"
            RenderTableCell {TD} at (185,48) size 63x18 [r=1 c=2 rs=1 cs=1]
              RenderText {#text} at (1,1) size 61x16
                text run at (1,1) width 61: "Netcaster"
      RenderBlock (anonymous) at (0,481) size 80x80
        RenderBR {BR} at (0,0) size 0x16
        RenderBR {BR} at (0,16) size 0x16
        RenderText {#text} at (0,32) size 73x48
          text run at (0,32) width 61: "This table"
          text run at (0,48) width 73: "contains no"
          text run at (0,64) width 73: "cellspacing."
      RenderTable {TABLE} at (0,561) size 211x42
        RenderTableSection {TBODY} at (0,0) size 211x42
          RenderTableRow {TR} at (0,2) size 211x18
            RenderTableCell {TD} at (2,2) size 67x18 [r=0 c=0 rs=1 cs=1]
              RenderText {#text} at (1,1) size 61x16
                text run at (1,1) width 61: "Navigator"
            RenderTableCell {TD} at (71,2) size 73x18 [r=0 c=1 rs=1 cs=1]
              RenderText {#text} at (1,1) size 71x16
                text run at (1,1) width 71: "Messenger"
            RenderTableCell {TD} at (146,2) size 63x18 [r=0 c=2 rs=1 cs=1]
              RenderText {#text} at (1,1) size 52x16
                text run at (1,1) width 52: "Collabra"
          RenderTableRow {TR} at (0,22) size 211x18
            RenderTableCell {TD} at (2,22) size 67x18 [r=1 c=0 rs=1 cs=1]
              RenderText {#text} at (1,1) size 65x16
                text run at (1,1) width 65: "Composer"
            RenderTableCell {TD} at (71,22) size 73x18 [r=1 c=1 rs=1 cs=1]
              RenderText {#text} at (1,1) size 58x16
                text run at (1,1) width 58: "Calendar"
            RenderTableCell {TD} at (146,22) size 63x18 [r=1 c=2 rs=1 cs=1]
              RenderText {#text} at (1,1) size 61x16
                text run at (1,1) width 61: "Netcaster"
