layer at (0,0) size 800x600
  RenderView at (0,0) size 800x600
layer at (0,0) size 800x600
  RenderBlock {HTML} at (0,0) size 800x600
    RenderBody {BODY} at (8,8) size 784x584
      RenderTable {TABLE} at (0,0) size 764x26 [bgcolor=#00FF00] [border: (1px outset #808080)]
        RenderTableSection {TBODY} at (1,1) size 762x24
          RenderTableRow {TR} at (0,2) size 762x20
            RenderTableCell {TD} at (2,2) size 378x20 [border: (1px inset #808080)] [r=0 c=0 rs=1 cs=1]
              RenderText {#text} at (2,2) size 374x16
                text run at (2,2) width 374: "Here is a table with a lime background using the ID attribute."
            RenderTableCell {TD} at (382,2) size 378x20 [border: (1px inset #808080)] [r=0 c=1 rs=1 cs=1]
              RenderText {#text} at (2,2) size 374x16
                text run at (2,2) width 374: "Here is a table with a lime background using the ID attribute."
      RenderBlock (anonymous) at (0,26) size 784x32
        RenderBR {BR} at (0,0) size 0x16
        RenderBR {BR} at (0,16) size 0x16
      RenderTable {TABLE} at (0,58) size 520x26 [border: (1px outset #808080)]
        RenderTableSection {TBODY} at (1,1) size 518x24
          RenderTableRow {TR} at (0,2) size 518x20
            RenderTableCell {TD} at (2,2) size 256x20 [border: (1px inset #808080)] [r=0 c=0 rs=1 cs=1]
              RenderText {#text} at (2,2) size 252x16
                text run at (2,2) width 252: "Here is a table with no ID attribute value."
            RenderTableCell {TD} at (260,2) size 256x20 [border: (1px inset #808080)] [r=0 c=1 rs=1 cs=1]
              RenderText {#text} at (2,2) size 252x16
                text run at (2,2) width 252: "Here is a table with no ID attribute value."
