layer at (0,0) size 108x284
  RenderView at (0,0) size 96x26
layer at (0,0) size 108x284
  RenderBlock {HTML} at (0,0) size 96x284
    RenderBody {BODY} at (8,8) size 80x268
      RenderBlock (anonymous) at (0,0) size 80x112
        RenderText {#text} at (0,0) size 75x112
          text run at (0,0) width 72: "The TD tag"
          text run at (0,16) width 53: "uses the"
          text run at (0,32) width 53: "HEIGTH"
          text run at (0,48) width 53: "attribute."
          text run at (0,64) width 75: "The TD has"
          text run at (0,80) width 70: "been set to"
          text run at (0,96) width 59: "80 pixels."
        RenderBR {BR} at (59,109) size 0x0
      RenderTable {TABLE} at (0,112) size 100x156 [border: (1px outset #808080)]
        RenderTableSection {TBODY} at (1,1) size 98x154
          RenderTableRow {TR} at (0,2) size 98x80
            RenderTableCell {TD} at (2,24) size 94x36 [border: (1px inset #808080)] [r=0 c=0 rs=1 cs=1]
              RenderText {#text} at (2,2) size 90x32
                text run at (2,2) width 60: "Netscape"
                text run at (2,18) width 90: "Communicator"
          RenderTableRow {TR} at (0,84) size 98x68
            RenderTableCell {TD} at (2,84) size 94x68 [border: (1px inset #808080)] [r=1 c=0 rs=1 cs=1]
              RenderText {#text} at (2,2) size 87x64
                text run at (2,2) width 76: "Available on"
                text run at (2,18) width 20: "the"
                text run at (2,34) width 87: "Mac/PC/UNIX"
                text run at (2,50) width 66: "platforms !"
