layer at (0,0) size 108x416
  RenderView at (0,0) size 96x26
layer at (0,0) size 108x416
  RenderBlock {HTML} at (0,0) size 96x416
    RenderBody {BODY} at (8,8) size 80x400
      RenderBlock (anonymous) at (0,0) size 80x144
        RenderText {#text} at (0,0) size 72x144
          text run at (0,0) width 72: "The TD tag"
          text run at (0,16) width 53: "uses the"
          text run at (0,32) width 46: "WIDTH"
          text run at (0,48) width 53: "attribute."
          text run at (0,64) width 52: "The first"
          text run at (0,80) width 63: "table's TD"
          text run at (0,96) width 70: "width is set"
          text run at (0,112) width 40: "to 500"
          text run at (0,128) width 39: "pixels."
        RenderBR {BR} at (39,141) size 0x0
      RenderTable {TABLE} at (0,144) size 100x80 [border: (1px outset #808080)]
        RenderTableSection {TBODY} at (1,1) size 98x78
          RenderTableRow {TR} at (0,2) size 98x52
            RenderTableCell {TD} at (2,2) size 94x52 [border: (1px inset #808080)] [r=0 c=0 rs=1 cs=1]
              RenderText {#text} at (2,2) size 90x48
                text run at (2,2) width 60: "Netscape"
                text run at (2,18) width 90: "Communicator"
                text run at (2,34) width 82: "Version 4.0.6"
          RenderTableRow {TR} at (0,56) size 98x20
            RenderTableCell {TD} at (2,56) size 94x20 [border: (1px inset #808080)] [r=1 c=0 rs=1 cs=1]
              RenderText {#text} at (2,2) size 59x16
                text run at (2,2) width 59: "Platforms"
      RenderBlock (anonymous) at (0,224) size 80x96
        RenderBR {BR} at (0,0) size 0x16
        RenderText {#text} at (0,16) size 77x80
          text run at (0,16) width 77: "This second"
          text run at (0,32) width 63: "table's TD"
          text run at (0,48) width 70: "width is set"
          text run at (0,64) width 40: "to 200"
          text run at (0,80) width 39: "pixels."
        RenderBR {BR} at (39,93) size 0x0
      RenderTable {TABLE} at (0,320) size 100x80 [border: (1px outset #808080)]
        RenderTableSection {TBODY} at (1,1) size 98x78
          RenderTableRow {TR} at (0,2) size 98x52
            RenderTableCell {TD} at (2,2) size 94x52 [border: (1px inset #808080)] [r=0 c=0 rs=1 cs=1]
              RenderText {#text} at (2,2) size 90x48
                text run at (2,2) width 60: "Netscape"
                text run at (2,18) width 90: "Communicator"
                text run at (2,34) width 82: "Version 4.0.6"
          RenderTableRow {TR} at (0,56) size 98x20
            RenderTableCell {TD} at (2,56) size 94x20 [border: (1px inset #808080)] [r=1 c=0 rs=1 cs=1]
              RenderText {#text} at (2,2) size 59x16
                text run at (2,2) width 59: "Platforms"
