layer at (0,0) size 126x272
  RenderView at (0,0) size 96x26
layer at (0,0) size 126x272
  RenderBlock {HTML} at (0,0) size 96x272
    RenderBody {BODY} at (8,8) size 80x256
      RenderBlock (anonymous) at (0,0) size 80x160
        RenderText {#text} at (0,0) size 72x160
          text run at (0,0) width 72: "The TH tag"
          text run at (0,16) width 53: "uses the"
          text run at (0,32) width 42: "ALIGN"
          text run at (0,48) width 53: "attribute."
          text run at (0,64) width 25: "The"
          text run at (0,80) width 69: "contents in"
          text run at (0,96) width 67: "the TH tag"
          text run at (0,112) width 60: "should be"
          text run at (0,128) width 28: "right"
          text run at (0,144) width 49: "aligned."
        RenderBR {BR} at (49,157) size 0x0
      RenderTable {TABLE} at (0,160) size 118x96 [border: (1px outset #808080)]
        RenderTableSection {TBODY} at (1,1) size 116x94
          RenderTableRow {TR} at (0,2) size 116x36
            RenderTableCell {TH} at (2,2) size 106x36 [border: (1px inset #808080)] [r=0 c=0 rs=1 cs=1]
              RenderText {#text} at (39,2) size 102x32
                text run at (39,2) width 65: "Netscape"
                text run at (2,18) width 102: "Communicator"
            RenderTableCell {TH} at (110,18) size 4x4 [border: (1px inset #808080)] [r=0 c=1 rs=1 cs=1]
          RenderTableRow {TR} at (0,40) size 116x52
            RenderTableCell {TD} at (2,40) size 106x52 [border: (1px inset #808080)] [r=1 c=0 rs=1 cs=1]
              RenderText {#text} at (2,2) size 100x48
                text run at (2,2) width 100: "Available on the"
                text run at (2,18) width 87: "Mac/PC/UNIX"
                text run at (2,34) width 66: "platforms !"
