layer at (0,0) size 174x570
  RenderView at (0,0) size 96x26
layer at (0,0) size 174x570
  RenderBlock {HTML} at (0,0) size 96x570
    RenderBody {BODY} at (8,8) size 80x554
      RenderBlock {P} at (0,0) size 80x304
        RenderText {#text} at (0,0) size 110x304
          text run at (0,0) width 77: "The TBODY"
          text run at (0,16) width 50: "element"
          text run at (0,32) width 60: "labels the"
          text run at (0,48) width 79: "body area of"
          text run at (0,64) width 61: "a table. In"
          text run at (0,80) width 76: "this test, the"
          text run at (0,96) width 75: "TBODY text"
          text run at (0,112) width 43: "has an"
          text run at (0,128) width 50: "attribute"
          text run at (0,144) width 49: "value of"
          text run at (0,160) width 110: "ALIGN=JUSTIFY."
          text run at (0,176) width 46: "ALIGN-"
          text run at (0,192) width 56: "JUSTIFY"
          text run at (0,208) width 41: "should"
          text run at (0,224) width 63: "attempt to"
          text run at (0,240) width 62: "justify text"
          text run at (0,256) width 54: "within all"
          text run at (0,272) width 68: "cells of the"
          text run at (0,288) width 51: "TBODY."
      RenderTable {TABLE} at (0,318) size 166x236 [border: (1px outset #808080)]
        RenderTableSection {THEAD} at (1,1) size 164x88
          RenderTableRow {TR} at (0,2) size 164x84
            RenderTableCell {TD} at (2,2) size 79x84 [border: (1px inset #808080)] [r=0 c=0 rs=1 cs=1]
              RenderText {#text} at (2,2) size 74x80
                text run at (2,2) width 68: "This text is"
                text run at (2,18) width 35: "in the"
                text run at (2,34) width 74: "THEADThis"
                text run at (2,50) width 52: "text is in"
                text run at (2,66) width 71: "the THEAD"
            RenderTableCell {TD} at (83,2) size 79x84 [border: (1px inset #808080)] [r=0 c=1 rs=1 cs=1]
              RenderText {#text} at (2,2) size 74x80
                text run at (2,2) width 68: "This text is"
                text run at (2,18) width 35: "in the"
                text run at (2,34) width 74: "THEADThis"
                text run at (2,50) width 52: "text is in"
                text run at (2,66) width 71: "the THEAD"
        RenderTableSection {TFOOT} at (1,147) size 164x88
          RenderTableRow {TR} at (0,2) size 164x84
            RenderTableCell {TD} at (2,2) size 79x84 [border: (1px inset #808080)] [r=0 c=0 rs=1 cs=1]
              RenderText {#text} at (2,2) size 75x80
                text run at (2,2) width 68: "This text is"
                text run at (2,18) width 35: "in the"
                text run at (2,34) width 75: "TFOOTThis"
                text run at (2,50) width 52: "text is in"
                text run at (2,66) width 72: "the TFOOT"
            RenderTableCell {TD} at (83,2) size 79x84 [border: (1px inset #808080)] [r=0 c=1 rs=1 cs=1]
              RenderText {#text} at (2,2) size 75x80
                text run at (2,2) width 68: "This text is"
                text run at (2,18) width 35: "in the"
                text run at (2,34) width 75: "TFOOTThis"
                text run at (2,50) width 52: "text is in"
                text run at (2,66) width 72: "the TFOOT"
        RenderTableSection {TBODY} at (1,89) size 164x56
          RenderTableRow {TR} at (0,2) size 164x52
            RenderTableCell {TD} at (2,2) size 79x52 [border: (1px inset #808080)] [r=0 c=0 rs=1 cs=1]
              RenderText {#text} at (2,2) size 75x48
                text run at (2,2) width 75: "This text is"
                text run at (2,18) width 75: "in the"
                text run at (2,34) width 48: "TBODY"
            RenderTableCell {TD} at (83,2) size 79x52 [border: (1px inset #808080)] [r=0 c=1 rs=1 cs=1]
              RenderText {#text} at (2,2) size 75x48
                text run at (2,2) width 75: "This text is"
                text run at (2,18) width 75: "in the"
                text run at (2,34) width 48: "TBODY"
        RenderTableSection {TBODY} at (1,145) size 164x2
