layer at (0,0) size 800x600
  RenderView at (0,0) size 800x600
layer at (0,0) size 800x600
  RenderBlock {HTML} at (0,0) size 800x600
    RenderBody {BODY} at (8,8) size 784x584
      RenderBlock {P} at (0,0) size 784x32
        RenderText {#text} at (0,0) size 783x32
          text run at (0,0) width 783: "The TBODY element defines the table body within a table. In this test, the numbers contained in the TBODY cells should align"
          text run at (0,16) width 130: "on the decimal point."
      RenderTable {TABLE} at (0,46) size 499x98 [border: (1px outset #808080)]
        RenderTableSection {THEAD} at (1,1) size 497x24
          RenderTableRow {TR} at (0,2) size 497x20
            RenderTableCell {TD} at (2,2) size 163x20 [border: (1px inset #808080)] [r=0 c=0 rs=1 cs=1]
              RenderText {#text} at (2,2) size 158x16
                text run at (2,2) width 158: "This text is in the THEAD"
            RenderTableCell {TD} at (167,2) size 163x20 [border: (1px inset #808080)] [r=0 c=1 rs=1 cs=1]
              RenderText {#text} at (2,2) size 158x16
                text run at (2,2) width 158: "This text is in the THEAD"
            RenderTableCell {TD} at (332,2) size 163x20 [border: (1px inset #808080)] [r=0 c=2 rs=1 cs=1]
              RenderText {#text} at (2,2) size 158x16
                text run at (2,2) width 158: "This text is in the THEAD"
        RenderTableSection {TFOOT} at (1,73) size 497x24
          RenderTableRow {TR} at (0,2) size 497x20
            RenderTableCell {TD} at (2,2) size 163x20 [border: (1px inset #808080)] [r=0 c=0 rs=1 cs=1]
              RenderText {#text} at (2,2) size 159x16
                text run at (2,2) width 159: "This text is in the TFOOT"
            RenderTableCell {TD} at (167,2) size 163x20 [border: (1px inset #808080)] [r=0 c=1 rs=1 cs=1]
              RenderText {#text} at (2,2) size 159x16
                text run at (2,2) width 159: "This text is in the TFOOT"
            RenderTableCell {TD} at (332,2) size 163x20 [border: (1px inset #808080)] [r=0 c=2 rs=1 cs=1]
              RenderText {#text} at (2,2) size 159x16
                text run at (2,2) width 159: "This text is in the TFOOT"
        RenderTableSection {TBODY} at (1,25) size 497x46
          RenderTableRow {TR} at (0,2) size 497x20
            RenderTableCell {TD} at (2,2) size 163x20 [border: (1px inset #808080)] [r=0 c=0 rs=1 cs=1]
              RenderText {#text} at (2,2) size 35x16
                text run at (2,2) width 35: "55.00"
            RenderTableCell {TD} at (167,2) size 163x20 [border: (1px inset #808080)] [r=0 c=1 rs=1 cs=1]
              RenderText {#text} at (2,2) size 59x16
                text run at (2,2) width 59: "55555.00"
            RenderTableCell {TD} at (332,2) size 163x20 [border: (1px inset #808080)] [r=0 c=2 rs=1 cs=1]
              RenderText {#text} at (2,2) size 43x16
                text run at (2,2) width 43: "555.00"
          RenderTableRow {TR} at (0,24) size 497x20
            RenderTableCell {TD} at (2,24) size 163x20 [border: (1px inset #808080)] [r=1 c=0 rs=1 cs=1]
              RenderText {#text} at (2,2) size 51x16
                text run at (2,2) width 51: "1234.56"
            RenderTableCell {TD} at (167,24) size 163x20 [border: (1px inset #808080)] [r=1 c=1 rs=1 cs=1]
              RenderText {#text} at (2,2) size 43x16
                text run at (2,2) width 43: "123.45"
            RenderTableCell {TD} at (332,24) size 163x20 [border: (1px inset #808080)] [r=1 c=2 rs=1 cs=1]
              RenderText {#text} at (2,2) size 59x16
                text run at (2,2) width 59: "12345.67"
        RenderTableSection {TBODY} at (1,71) size 497x2
