layer at (0,0) size 456x243
  RenderView at (0,0) size 96x26
layer at (0,0) size 456x243
  RenderBlock {HTML} at (0,0) size 96x243
    RenderBody {BODY} at (8,8) size 80x227
      RenderBlock (anonymous) at (0,0) size 80x32
        RenderText {#text} at (0,0) size 89x32
          text run at (0,0) width 19: "TH"
          text run at (0,16) width 89: "VALIGN=TOP"
      RenderTable {TABLE} at (0,32) size 448x195 [border: (1px outset #808080)]
        RenderTableSection {TBODY} at (1,1) size 446x193
          RenderTableRow {TR} at (0,2) size 446x189
            RenderTableCell {TH} at (2,2) size 304x189 [border: (1px inset #808080)] [r=0 c=0 rs=1 cs=1]
              RenderImage {IMG} at (2,2) size 300x185
              RenderText {#text} at (0,0) size 0x0
            RenderTableCell {TH} at (308,2) size 67x116 [border: (1px inset #808080)] [r=0 c=1 rs=1 cs=1]
              RenderText {#text} at (4,2) size 63x112
                text run at (4,2) width 58: "This text"
                text run at (9,18) width 48: "should"
                text run at (25,34) width 17: "be"
                text run at (2,50) width 63: "vertically"
                text run at (8,66) width 51: "aligned"
                text run at (13,82) width 40: "to the"
                text run at (22,98) width 23: "top"
            RenderTableCell {TH} at (377,2) size 67x116 [border: (1px inset #808080)] [r=0 c=2 rs=1 cs=1]
              RenderText {#text} at (4,2) size 63x112
                text run at (4,2) width 58: "This text"
                text run at (9,18) width 48: "should"
                text run at (25,34) width 17: "be"
                text run at (2,50) width 63: "vertically"
                text run at (8,66) width 51: "aligned"
                text run at (13,82) width 40: "to the"
                text run at (22,98) width 23: "top"
