layer at (0,0) size 96x106
  RenderView at (0,0) size 96x26
layer at (0,0) size 96x106
  RenderBlock {html} at (0,0) size 96x106
    RenderBody {body} at (8,8) size 80x90
      RenderTable {table} at (0,0) size 80x90 [border: (1px outset #808080)]
        RenderBlock {caption} at (0,0) size 78x64 [bgcolor=#00FF00]
          RenderText {#text} at (0,0) size 77x64
            text run at (0,0) width 77: "This caption"
            text run at (1,16) width 76: "should have"
            text run at (20,32) width 12: "a "
            text run at (32,32) width 25: "lime"
            text run at (2,48) width 73: "background"
        RenderTableSection {tbody} at (1,65) size 78x24
          RenderTableRow {tr} at (0,2) size 78x20
            RenderTableCell {td} at (2,2) size 74x20 [border: (1px inset #808080)] [r=0 c=0 rs=1 cs=1]
              RenderText {#text} at (2,2) size 21x16
                text run at (2,2) width 21: "cell"
