layer at (0,0) size 800x600
  RenderView at (0,0) size 800x600
layer at (0,0) size 800x126
  RenderBlock {html} at (0,0) size 800x126
    RenderBody {body} at (8,14) size 784x104
      RenderBlock {p} at (0,0) size 784x16
        RenderText {#text} at (0,0) size 134x16
          text run at (0,0) width 134: "COL WIDTH=relative"
      RenderTable {table} at (0,30) size 300x74 [border: (1px outset #808080)]
        RenderTableCol {colgroup} at (0,0) size 0x0
          RenderTableCol {col} at (0,0) size 0x0
          RenderTableCol {col} at (0,0) size 0x0
        RenderTableSection {tbody} at (1,1) size 298x72
          RenderTableRow {tr} at (0,2) size 298x68
            RenderTableCell {td} at (2,2) size 144x68 [border: (1px inset #808080)] [r=0 c=0 rs=1 cs=1]
              RenderText {#text} at (2,2) size 139x64
                text run at (2,2) width 132: "Table width is 300px."
                text run at (2,18) width 139: "This column should be"
                text run at (2,34) width 91: "1/2 as wide as"
                text run at (2,50) width 119: "Column 2 or 100px"
            RenderTableCell {td} at (148,2) size 148x68 [border: (1px inset #808080)] [r=0 c=1 rs=1 cs=1]
              RenderText {#text} at (2,2) size 139x64
                text run at (2,2) width 132: "Table width is 300px."
                text run at (2,18) width 139: "This column should be"
                text run at (2,34) width 103: "twice as wide as"
                text run at (2,50) width 119: "Column 1 or 200px"
