layer at (0,0) size 112x122
  RenderView at (0,0) size 96x26
layer at (0,0) size 112x122
  RenderBlock {html} at (0,0) size 96x122
    RenderBody {body} at (8,8) size 80x106
      RenderTable {table} at (0,0) size 104x106 [border: (1px outset #808080)]
        RenderTableCol {colgroup} at (0,0) size 0x0
          RenderTableCol {col} at (0,0) size 0x0
        RenderTableSection {tbody} at (1,1) size 102x104
          RenderTableRow {tr} at (0,2) size 102x100
            RenderTableCell {td} at (2,2) size 48x100 [border: (1px inset #808080)] [r=0 c=0 rs=1 cs=1]
              RenderText {#text} at (2,2) size 44x96
                text run at (2,2) width 27: "This"
                text run at (2,18) width 44: "column"
                text run at (2,34) width 41: "should"
                text run at (2,50) width 15: "be"
                text run at (2,66) width 39: "200px"
                text run at (2,82) width 29: "wide"
            RenderTableCell {td} at (52,2) size 48x100 [border: (1px inset #808080)] [r=0 c=1 rs=1 cs=1]
              RenderText {#text} at (2,2) size 44x96
                text run at (2,2) width 27: "This"
                text run at (2,18) width 44: "column"
                text run at (2,34) width 41: "should"
                text run at (2,50) width 15: "be"
                text run at (2,66) width 39: "200px"
                text run at (2,82) width 29: "wide"
