layer at (0,0) size 408x164
  RenderView at (0,0) size 96x26
layer at (0,0) size 408x164
  RenderBlock {html} at (0,0) size 96x164
    RenderBody {body} at (8,14) size 80x142
      RenderBlock {p} at (0,0) size 80x80
        RenderText {#text} at (0,0) size 75x80
          text run at (0,0) width 70: "Numbers in"
          text run at (0,16) width 75: "table should"
          text run at (0,32) width 65: "be aligned"
          text run at (0,48) width 64: "at decimal"
          text run at (0,64) width 38: "points"
      RenderTable {table} at (0,94) size 400x48 [border: (1px outset #808080)]
        RenderTableCol {colgroup} at (0,0) size 0x0
          RenderTableCol {col} at (0,0) size 0x0
          RenderTableCol {col} at (0,0) size 0x0
        RenderTableSection {tbody} at (1,1) size 398x46
          RenderTableRow {tr} at (0,2) size 398x20
            RenderTableCell {td} at (2,2) size 182x20 [border: (1px inset #808080)] [r=0 c=0 rs=1 cs=1]
              RenderText {#text} at (2,2) size 35x16
                text run at (2,2) width 35: "55.00"
            RenderTableCell {td} at (186,2) size 210x20 [border: (1px inset #808080)] [r=0 c=1 rs=1 cs=1]
              RenderText {#text} at (2,2) size 59x16
                text run at (2,2) width 59: "55555.00"
          RenderTableRow {tr} at (0,24) size 398x20
            RenderTableCell {td} at (2,24) size 182x20 [border: (1px inset #808080)] [r=1 c=0 rs=1 cs=1]
              RenderText {#text} at (2,2) size 51x16
                text run at (2,2) width 51: "1234.56"
            RenderTableCell {td} at (186,24) size 210x20 [border: (1px inset #808080)] [r=1 c=1 rs=1 cs=1]
              RenderText {#text} at (2,2) size 43x16
                text run at (2,2) width 43: "123.45"
