layer at (0,0) size 800x600
  RenderView at (0,0) size 800x600
layer at (0,0) size 800x106
  RenderBlock {html} at (0,0) size 800x106
    RenderBody {body} at (8,8) size 784x90
      RenderTable {table} at (0,0) size 600x90 [border: (1px outset #808080)]
        RenderTableCol {colgroup} at (0,0) size 0x0
          RenderTableCol {col} at (0,0) size 0x0
          RenderTableCol {col} at (0,0) size 0x0
        RenderTableSection {tbody} at (1,1) size 598x88
          RenderTableRow {tr} at (0,2) size 598x84
            RenderTableCell {td} at (2,2) size 296x84 [border: (1px inset #808080)] [r=0 c=0 rs=1 cs=1]
              RenderText {#text} at (2,2) size 289x80
                text run at (2,2) width 260: "The text in this cell text should be justified"
                text run at (2,18) width 114: "which means that "
                text run at (116,18) width 157: "the right and left margins"
                text run at (2,34) width 242: "should line up, no matter how long the "
                text run at (244,34) width 47: "content"
                text run at (2,50) width 287: "becomes (except the last line which should be"
                text run at (2,66) width 23: "left "
                text run at (25,66) width 54: "aligned)."
            RenderTableCell {td} at (300,2) size 296x84 [border: (1px inset #808080)] [r=0 c=1 rs=1 cs=1]
              RenderText {#text} at (2,2) size 289x80
                text run at (2,2) width 260: "The text in this cell text should be justified"
                text run at (2,18) width 114: "which means that "
                text run at (116,18) width 157: "the right and left margins"
                text run at (2,34) width 242: "should line up, no matter how long the "
                text run at (244,34) width 47: "content"
                text run at (2,50) width 287: "becomes (except the last line which should be"
                text run at (2,66) width 23: "left "
                text run at (25,66) width 54: "aligned)."
