layer at (0,0) size 800x600
  RenderView at (0,0) size 800x600
layer at (0,0) size 800x265
  RenderBlock {html} at (0,0) size 800x265
    RenderBody {body} at (8,14) size 784x243
      RenderBlock {p} at (0,0) size 784x16
        RenderText {#text} at (0,0) size 173x16
          text run at (0,0) width 173: "COLGROUP VALIGN=TOP"
      RenderTable {table} at (0,30) size 653x213 [border: (1px outset #808080)]
        RenderTableCol {colgroup} at (0,0) size 0x0
          RenderTableCol {col} at (0,0) size 0x0
          RenderTableCol {col} at (0,0) size 0x0
        RenderTableSection {tbody} at (1,1) size 651x211
          RenderTableRow {tr} at (0,2) size 651x207
            RenderTableCell {td} at (2,2) size 204x207 [border: (1px inset #808080)] [r=0 c=0 rs=1 cs=1]
              RenderImage {img} at (2,2) size 200x200
            RenderTableCell {td} at (208,95) size 441x20 [border: (1px inset #808080)] [r=0 c=1 rs=1 cs=1]
              RenderText {#text} at (2,2) size 437x16
                text run at (2,2) width 375: "The top of this text should be vertically aligned to the top of "
                text run at (377,2) width 62: "the image"
