layer at (0,0) size 800x600
  RenderView at (0,0) size 800x600
layer at (0,0) size 800x122
  RenderBlock {html} at (0,0) size 800x122
    RenderBody {body} at (8,14) size 784x100
      RenderBlock {p} at (0,0) size 784x19
        RenderText {#text} at (0,0) size 157x19
          text run at (0,0) width 157: "COLGROUP WIDTH=pct"
      RenderTable {table} at (0,33) size 400x67 [border: (1px outset #808080)]
        RenderTableCol {colgroup} at (0,0) size 0x0
        RenderTableCol {colgroup} at (0,0) size 0x0
        RenderTableSection at (1,1) size 398x65
          RenderTableRow {tr} at (0,2) size 398x61
            RenderTableCell {td} at (2,2) size 196x61 [border: (1px inset #808080)] [r=0 c=0 rs=1 cs=1]
              RenderText {#text} at (2,2) size 182x57
                text run at (2,2) width 170: "This column should have a"
                text run at (2,21) width 182: "width of 25% of 400 pixels or"
                text run at (2,40) width 39: "100px"
            RenderTableCell {td} at (200,2) size 196x61 [border: (1px inset #808080)] [r=0 c=1 rs=1 cs=1]
              RenderText {#text} at (2,2) size 182x57
                text run at (2,2) width 170: "This column should have a"
                text run at (2,21) width 182: "width of 75% of 400 pixels or"
                text run at (2,40) width 39: "300px"
