layer at (0,0) size 166x218
  RenderView at (0,0) size 96x26
layer at (0,0) size 166x218
  RenderBlock {html} at (0,0) size 96x218
    RenderBody {body} at (8,14) size 80x196
      RenderBlock {p} at (0,0) size 80x96
        RenderText {#text} at (0,0) size 80x96
          text run at (0,0) width 38: "There"
          text run at (0,16) width 80: "should be no"
          text run at (0,32) width 41: "border"
          text run at (0,48) width 68: "around the"
          text run at (0,64) width 76: "frame of the"
          text run at (0,80) width 34: "table "
          text run at (34,80) width 39: "below."
      RenderTable {table} at (0,110) size 158x86
        RenderTableCol {colgroup} at (0,0) size 0x0
          RenderTableCol {col} at (0,0) size 0x0
        RenderTableCol {colgroup} at (0,0) size 0x0
          RenderTableCol {col} at (0,0) size 0x0
        RenderTableCol {colgroup} at (0,0) size 0x0
          RenderTableCol {col} at (0,0) size 0x0
        RenderTableSection {thead} at (0,0) size 158x22
          RenderTableRow {tr} at (0,2) size 158x18
            RenderTableCell {th} at (2,2) size 50x18 [r=0 c=0 rs=1 cs=1]
              RenderText {#text} at (1,1) size 48x16
                text run at (1,1) width 48: "THEAD"
            RenderTableCell {th} at (54,2) size 50x18 [r=0 c=1 rs=1 cs=1]
              RenderText {#text} at (1,1) size 48x16
                text run at (1,1) width 48: "THEAD"
            RenderTableCell {th} at (106,2) size 50x18 [r=0 c=2 rs=1 cs=1]
              RenderText {#text} at (1,1) size 48x16
                text run at (1,1) width 48: "THEAD"
        RenderTableSection {tfoot} at (0,64) size 158x22
          RenderTableRow {tr} at (0,2) size 158x18
            RenderTableCell {td} at (2,2) size 50x18 [r=0 c=0 rs=1 cs=1]
              RenderText {#text} at (1,1) size 48x16
                text run at (1,1) width 48: "TFOOT"
            RenderTableCell {td} at (54,2) size 50x18 [r=0 c=1 rs=1 cs=1]
              RenderText {#text} at (1,1) size 48x16
                text run at (1,1) width 48: "TFOOT"
            RenderTableCell {td} at (106,2) size 50x18 [r=0 c=2 rs=1 cs=1]
              RenderText {#text} at (1,1) size 48x16
                text run at (1,1) width 48: "TFOOT"
        RenderTableSection {tbody} at (0,22) size 158x42
          RenderTableRow {tr} at (0,2) size 158x18
            RenderTableCell {td} at (2,2) size 50x18 [r=0 c=0 rs=1 cs=1]
              RenderText {#text} at (1,1) size 48x16
                text run at (1,1) width 48: "TBODY"
            RenderTableCell {td} at (54,2) size 50x18 [r=0 c=1 rs=1 cs=1]
              RenderText {#text} at (1,1) size 48x16
                text run at (1,1) width 48: "TBODY"
            RenderTableCell {td} at (106,2) size 50x18 [r=0 c=2 rs=1 cs=1]
              RenderText {#text} at (1,1) size 48x16
                text run at (1,1) width 48: "TBODY"
          RenderTableRow {tr} at (0,22) size 158x18
            RenderTableCell {td} at (2,22) size 50x18 [r=1 c=0 rs=1 cs=1]
              RenderText {#text} at (1,1) size 48x16
                text run at (1,1) width 48: "TBODY"
            RenderTableCell {td} at (54,22) size 50x18 [r=1 c=1 rs=1 cs=1]
              RenderText {#text} at (1,1) size 48x16
                text run at (1,1) width 48: "TBODY"
            RenderTableCell {td} at (106,22) size 50x18 [r=1 c=2 rs=1 cs=1]
              RenderText {#text} at (1,1) size 48x16
                text run at (1,1) width 48: "TBODY"
