layer at (0,0) size 166x234
  RenderView at (0,0) size 96x26
layer at (0,0) size 166x234
  RenderBlock {html} at (0,0) size 96x234
    RenderBody {body} at (8,14) size 80x212
      RenderBlock {p} at (0,0) size 80x112
        RenderText {#text} at (0,0) size 74x112
          text run at (0,0) width 64: "No side of"
          text run at (0,16) width 60: "the frame"
          text run at (0,32) width 74: "surrounding"
          text run at (0,48) width 54: "the table"
          text run at (0,64) width 36: "below"
          text run at (0,80) width 60: "should be"
          text run at (0,96) width 41: "visible."
      RenderTable {table} at (0,126) size 158x86
        RenderTableCol {colgroup} at (0,0) size 0x0
          RenderTableCol {col} at (0,0) size 0x0
        RenderTableCol {colgroup} at (0,0) size 0x0
          RenderTableCol {col} at (0,0) size 0x0
        RenderTableCol {colgroup} at (0,0) size 0x0
          RenderTableCol {col} at (0,0) size 0x0
        RenderTableSection {thead} at (0,0) size 158x22
          RenderTableRow {tr} at (0,2) size 158x18
            RenderTableCell {th} at (2,2) size 50x18 [r=0 c=0 rs=1 cs=1]
              RenderText {#text} at (1,1) size 48x16
                text run at (1,1) width 48: "THEAD"
            RenderTableCell {th} at (54,2) size 50x18 [r=0 c=1 rs=1 cs=1]
              RenderText {#text} at (1,1) size 48x16
                text run at (1,1) width 48: "THEAD"
            RenderTableCell {th} at (106,2) size 50x18 [r=0 c=2 rs=1 cs=1]
              RenderText {#text} at (1,1) size 48x16
                text run at (1,1) width 48: "THEAD"
        RenderTableSection {tfoot} at (0,64) size 158x22
          RenderTableRow {tr} at (0,2) size 158x18
            RenderTableCell {td} at (2,2) size 50x18 [r=0 c=0 rs=1 cs=1]
              RenderText {#text} at (1,1) size 48x16
                text run at (1,1) width 48: "TFOOT"
            RenderTableCell {td} at (54,2) size 50x18 [r=0 c=1 rs=1 cs=1]
              RenderText {#text} at (1,1) size 48x16
                text run at (1,1) width 48: "TFOOT"
            RenderTableCell {td} at (106,2) size 50x18 [r=0 c=2 rs=1 cs=1]
              RenderText {#text} at (1,1) size 48x16
                text run at (1,1) width 48: "TFOOT"
        RenderTableSection {tbody} at (0,22) size 158x42
          RenderTableRow {tr} at (0,2) size 158x18
            RenderTableCell {td} at (2,2) size 50x18 [r=0 c=0 rs=1 cs=1]
              RenderText {#text} at (1,1) size 48x16
                text run at (1,1) width 48: "TBODY"
            RenderTableCell {td} at (54,2) size 50x18 [r=0 c=1 rs=1 cs=1]
              RenderText {#text} at (1,1) size 48x16
                text run at (1,1) width 48: "TBODY"
            RenderTableCell {td} at (106,2) size 50x18 [r=0 c=2 rs=1 cs=1]
              RenderText {#text} at (1,1) size 48x16
                text run at (1,1) width 48: "TBODY"
          RenderTableRow {tr} at (0,22) size 158x18
            RenderTableCell {td} at (2,22) size 50x18 [r=1 c=0 rs=1 cs=1]
              RenderText {#text} at (1,1) size 48x16
                text run at (1,1) width 48: "TBODY"
            RenderTableCell {td} at (54,22) size 50x18 [r=1 c=1 rs=1 cs=1]
              RenderText {#text} at (1,1) size 48x16
                text run at (1,1) width 48: "TBODY"
            RenderTableCell {td} at (106,22) size 50x18 [r=1 c=2 rs=1 cs=1]
              RenderText {#text} at (1,1) size 48x16
                text run at (1,1) width 48: "TBODY"
