layer at (0,0) size 800x600
  RenderView at (0,0) size 800x600
layer at (0,0) size 800x42
  RenderBlock {html} at (0,0) size 800x42
    RenderBody {body} at (8,8) size 784x26
      RenderTable {table} at (0,0) size 450x26 [border: (1px outset #808080)]
        RenderTableSection {tbody} at (1,1) size 448x24
          RenderTableRow {tr} at (0,2) size 448x20
            RenderTableCell {td} at (2,2) size 221x20 [border: (1px inset #808080)] [r=0 c=0 rs=1 cs=1]
              RenderText {#text} at (2,2) size 217x16
                text run at (2,2) width 217: "This cell should have 20% spacing"
            RenderTableCell {td} at (225,2) size 221x20 [border: (1px inset #808080)] [r=0 c=1 rs=1 cs=1]
              RenderText {#text} at (2,2) size 217x16
                text run at (2,2) width 217: "This cell should have 20% spacing"
