layer at (0,0) size 800x600
  RenderView at (0,0) size 800x600
layer at (0,0) size 800x58
  RenderBlock {html} at (0,0) size 800x58
    RenderBody {body} at (8,8) size 784x42
      RenderTable {table} at (0,0) size 784x42 [bgcolor=#00FF00] [border: (1px outset #808080)]
        RenderTableSection {tbody} at (1,1) size 782x40
          RenderTableRow {tr} at (0,2) size 782x36
            RenderTableCell {td} at (2,2) size 388x36 [border: (1px inset #808080)] [r=0 c=0 rs=1 cs=1]
              RenderText {#text} at (2,2) size 375x32
                text run at (2,2) width 337: "Here is a bordered table using the CLASS attribute for"
                text run at (2,18) width 375: "background color. The table should have a lime background."
            RenderTableCell {td} at (392,2) size 388x36 [border: (1px inset #808080)] [r=0 c=1 rs=1 cs=1]
              RenderText {#text} at (2,2) size 375x32
                text run at (2,2) width 337: "Here is a bordered table using the CLASS attribute for"
                text run at (2,18) width 375: "background color. The table should have a lime background."
