layer at (0,0) size 146x138
  RenderView at (0,0) size 96x26
layer at (0,0) size 146x138
  RenderBlock {html} at (0,0) size 96x138
    RenderBody {body} at (8,8) size 80x122
      RenderTable {table} at (0,0) size 138x122 [border: (1px outset #808080)]
        RenderTableSection {tbody} at (1,1) size 136x120
          RenderTableRow {tr} at (0,10) size 136x100
            RenderTableCell {td} at (10,10) size 53x100 [border: (1px inset #808080)] [r=0 c=0 rs=1 cs=1]
              RenderText {#text} at (2,2) size 49x96
                text run at (2,2) width 27: "This"
                text run at (2,18) width 21: "cell"
                text run at (2,34) width 41: "should"
                text run at (2,50) width 31: "have"
                text run at (2,66) width 31: "10px"
                text run at (2,82) width 49: "spacing"
            RenderTableCell {td} at (73,10) size 53x100 [border: (1px inset #808080)] [r=0 c=1 rs=1 cs=1]
              RenderText {#text} at (2,2) size 49x96
                text run at (2,2) width 27: "This"
                text run at (2,18) width 21: "cell"
                text run at (2,34) width 41: "should"
                text run at (2,50) width 31: "have"
                text run at (2,66) width 31: "10px"
                text run at (2,82) width 49: "spacing"
