layer at (0,0) size 182x252
  RenderView at (0,0) size 96x26
layer at (0,0) size 182x252
  RenderBlock {html} at (0,0) size 96x252
    RenderBody {body} at (8,14) size 80x230
      RenderBlock {p} at (0,0) size 80x112
        RenderText {#text} at (0,0) size 76x112
          text run at (0,0) width 38: "There"
          text run at (0,16) width 72: "should be a"
          text run at (0,32) width 41: "5 pixel"
          text run at (0,48) width 41: "border"
          text run at (0,64) width 68: "around the"
          text run at (0,80) width 76: "frame of the"
          text run at (0,96) width 34: "table "
          text run at (34,96) width 39: "below."
      RenderTable {table} at (0,126) size 174x104 [border: (5px outset #808080)]
        RenderTableCol {colgroup} at (0,0) size 0x0
          RenderTableCol {col} at (0,0) size 0x0
        RenderTableCol {colgroup} at (0,0) size 0x0
          RenderTableCol {col} at (0,0) size 0x0
        RenderTableCol {colgroup} at (0,0) size 0x0
          RenderTableCol {col} at (0,0) size 0x0
        RenderTableSection {thead} at (5,5) size 164x24
          RenderTableRow {tr} at (0,2) size 164x20
            RenderTableCell {th} at (2,2) size 52x20 [border: (1px inset #808080)] [r=0 c=0 rs=1 cs=1]
              RenderText {#text} at (2,2) size 48x16
                text run at (2,2) width 48: "THEAD"
            RenderTableCell {th} at (56,2) size 52x20 [border: (1px inset #808080)] [r=0 c=1 rs=1 cs=1]
              RenderText {#text} at (2,2) size 48x16
                text run at (2,2) width 48: "THEAD"
            RenderTableCell {th} at (110,2) size 52x20 [border: (1px inset #808080)] [r=0 c=2 rs=1 cs=1]
              RenderText {#text} at (2,2) size 48x16
                text run at (2,2) width 48: "THEAD"
        RenderTableSection {tfoot} at (5,75) size 164x24
          RenderTableRow {tr} at (0,2) size 164x20
            RenderTableCell {td} at (2,2) size 52x20 [border: (1px inset #808080)] [r=0 c=0 rs=1 cs=1]
              RenderText {#text} at (2,2) size 48x16
                text run at (2,2) width 48: "TFOOT"
            RenderTableCell {td} at (56,2) size 52x20 [border: (1px inset #808080)] [r=0 c=1 rs=1 cs=1]
              RenderText {#text} at (2,2) size 48x16
                text run at (2,2) width 48: "TFOOT"
            RenderTableCell {td} at (110,2) size 52x20 [border: (1px inset #808080)] [r=0 c=2 rs=1 cs=1]
              RenderText {#text} at (2,2) size 48x16
                text run at (2,2) width 48: "TFOOT"
        RenderTableSection {tbody} at (5,29) size 164x46
          RenderTableRow {tr} at (0,2) size 164x20
            RenderTableCell {td} at (2,2) size 52x20 [border: (1px inset #808080)] [r=0 c=0 rs=1 cs=1]
              RenderText {#text} at (2,2) size 48x16
                text run at (2,2) width 48: "TBODY"
            RenderTableCell {td} at (56,2) size 52x20 [border: (1px inset #808080)] [r=0 c=1 rs=1 cs=1]
              RenderText {#text} at (2,2) size 48x16
                text run at (2,2) width 48: "TBODY"
            RenderTableCell {td} at (110,2) size 52x20 [border: (1px inset #808080)] [r=0 c=2 rs=1 cs=1]
              RenderText {#text} at (2,2) size 48x16
                text run at (2,2) width 48: "TBODY"
          RenderTableRow {tr} at (0,24) size 164x20
            RenderTableCell {td} at (2,24) size 52x20 [border: (1px inset #808080)] [r=1 c=0 rs=1 cs=1]
              RenderText {#text} at (2,2) size 48x16
                text run at (2,2) width 48: "TBODY"
            RenderTableCell {td} at (56,24) size 52x20 [border: (1px inset #808080)] [r=1 c=1 rs=1 cs=1]
              RenderText {#text} at (2,2) size 48x16
                text run at (2,2) width 48: "TBODY"
            RenderTableCell {td} at (110,24) size 52x20 [border: (1px inset #808080)] [r=1 c=2 rs=1 cs=1]
              RenderText {#text} at (2,2) size 48x16
                text run at (2,2) width 48: "TBODY"
