layer at (0,0) size 800x600
  RenderView at (0,0) size 800x600
layer at (0,0) size 800x296
  RenderBlock {html} at (0,0) size 800x296
    RenderBody {body} at (8,14) size 784x274
      RenderBlock {p} at (0,0) size 784x16
        RenderText {#text} at (0,0) size 265x16
          text run at (0,0) width 265: "The table below should have the following:"
      RenderBlock {ol} at (0,30) size 784x96
        RenderListItem {li} at (40,0) size 744x16
          RenderListMarker at (-19,0) size 15x16: "1"
          RenderText {#text} at (0,0) size 112x16
            text run at (0,0) width 112: "a caption 'TABLE'"
        RenderListItem {li} at (40,16) size 744x16
          RenderListMarker at (-19,0) size 15x16: "2"
          RenderText {#text} at (0,0) size 61x16
            text run at (0,0) width 61: "no border"
        RenderListItem {li} at (40,32) size 744x16
          RenderListMarker at (-19,0) size 15x16: "3"
          RenderText {#text} at (0,0) size 216x16
            text run at (0,0) width 216: "3 colgroups, each with one column"
        RenderListItem {li} at (40,48) size 744x16
          RenderListMarker at (-19,0) size 15x16: "4"
          RenderText {#text} at (0,0) size 143x16
            text run at (0,0) width 143: "a THEAD with one row"
        RenderListItem {li} at (40,64) size 744x16
          RenderListMarker at (-19,0) size 15x16: "5"
          RenderText {#text} at (0,0) size 149x16
            text run at (0,0) width 149: "a TBODY with two rows"
        RenderListItem {li} at (40,80) size 744x16
          RenderListMarker at (-19,0) size 15x16: "6"
          RenderText {#text} at (0,0) size 144x16
            text run at (0,0) width 144: "a TFOOT with one row"
      RenderBlock (anonymous) at (0,140) size 784x32
        RenderBR {br} at (0,0) size 0x16
        RenderBR {br} at (0,16) size 0x16
      RenderTable {table} at (0,172) size 158x102
        RenderBlock {caption} at (0,0) size 158x16
          RenderText {#text} at (57,0) size 44x16
            text run at (57,0) width 44: "TABLE"
        RenderTableCol {colgroup} at (0,0) size 0x0
          RenderTableCol {col} at (0,0) size 0x0
        RenderTableCol {colgroup} at (0,0) size 0x0
          RenderTableCol {col} at (0,0) size 0x0
        RenderTableCol {colgroup} at (0,0) size 0x0
          RenderTableCol {col} at (0,0) size 0x0
        RenderTableSection {thead} at (0,16) size 158x22
          RenderTableRow {tr} at (0,2) size 158x18
            RenderTableCell {th} at (2,2) size 50x18 [r=0 c=0 rs=1 cs=1]
              RenderText {#text} at (1,1) size 48x16
                text run at (1,1) width 48: "THEAD"
            RenderTableCell {th} at (54,2) size 50x18 [r=0 c=1 rs=1 cs=1]
              RenderText {#text} at (1,1) size 48x16
                text run at (1,1) width 48: "THEAD"
            RenderTableCell {th} at (106,2) size 50x18 [r=0 c=2 rs=1 cs=1]
              RenderText {#text} at (1,1) size 48x16
                text run at (1,1) width 48: "THEAD"
        RenderTableSection {tfoot} at (0,80) size 158x22
          RenderTableRow {tr} at (0,2) size 158x18
            RenderTableCell {td} at (2,2) size 50x18 [r=0 c=0 rs=1 cs=1]
              RenderText {#text} at (1,1) size 48x16
                text run at (1,1) width 48: "TFOOT"
            RenderTableCell {td} at (54,2) size 50x18 [r=0 c=1 rs=1 cs=1]
              RenderText {#text} at (1,1) size 48x16
                text run at (1,1) width 48: "TFOOT"
            RenderTableCell {td} at (106,2) size 50x18 [r=0 c=2 rs=1 cs=1]
              RenderText {#text} at (1,1) size 48x16
                text run at (1,1) width 48: "TFOOT"
        RenderTableSection {tbody} at (0,38) size 158x42
          RenderTableRow {tr} at (0,2) size 158x18
            RenderTableCell {td} at (2,2) size 50x18 [r=0 c=0 rs=1 cs=1]
              RenderText {#text} at (1,1) size 48x16
                text run at (1,1) width 48: "TBODY"
            RenderTableCell {td} at (54,2) size 50x18 [r=0 c=1 rs=1 cs=1]
              RenderText {#text} at (1,1) size 48x16
                text run at (1,1) width 48: "TBODY"
            RenderTableCell {td} at (106,2) size 50x18 [r=0 c=2 rs=1 cs=1]
              RenderText {#text} at (1,1) size 48x16
                text run at (1,1) width 48: "TBODY"
          RenderTableRow {tr} at (0,22) size 158x18
            RenderTableCell {td} at (2,22) size 50x18 [r=1 c=0 rs=1 cs=1]
              RenderText {#text} at (1,1) size 48x16
                text run at (1,1) width 48: "TBODY"
            RenderTableCell {td} at (54,22) size 50x18 [r=1 c=1 rs=1 cs=1]
              RenderText {#text} at (1,1) size 48x16
                text run at (1,1) width 48: "TBODY"
            RenderTableCell {td} at (106,22) size 50x18 [r=1 c=2 rs=1 cs=1]
              RenderText {#text} at (1,1) size 48x16
                text run at (1,1) width 48: "TBODY"
