layer at (0,0) size 800x600
  RenderView at (0,0) size 800x600
layer at (0,0) size 800x126
  RenderBlock {html} at (0,0) size 800x126
    RenderBody {body} at (8,14) size 784x104
      RenderBlock {p} at (0,0) size 784x16
        RenderText {#text} at (0,0) size 332x16
          text run at (0,0) width 332: "In this test, the TBODY text should be center aligned."
      RenderTable {table} at (0,30) size 169x74 [border: (1px outset #808080)]
        RenderTableSection {thead} at (1,1) size 167x24
          RenderTableRow {tr} at (0,2) size 167x20
            RenderTableCell {td} at (2,2) size 163x20 [border: (1px inset #808080)] [r=0 c=0 rs=1 cs=1]
              RenderText {#text} at (2,2) size 158x16
                text run at (2,2) width 158: "This text is in the THEAD"
        RenderTableSection {tfoot} at (1,49) size 167x24
          RenderTableRow {tr} at (0,2) size 167x20
            RenderTableCell {td} at (2,2) size 163x20 [border: (1px inset #808080)] [r=0 c=0 rs=1 cs=1]
              RenderText {#text} at (2,2) size 159x16
                text run at (2,2) width 159: "This text is in the TFOOT"
        RenderTableSection {tbody} at (1,25) size 167x24
          RenderTableRow {tr} at (0,2) size 167x20
            RenderTableCell {td} at (2,2) size 163x20 [border: (1px inset #808080)] [r=0 c=0 rs=1 cs=1]
              RenderText {#text} at (57,2) size 48x16
                text run at (57,2) width 48: "TBODY"
