layer at (0,0) size 96x552
  RenderView at (0,0) size 96x26
layer at (0,0) size 96x552
  RenderBlock {html} at (0,0) size 96x552
    RenderBody {body} at (8,14) size 80x530
      RenderBlock {p} at (0,0) size 80x32
        RenderText {#text} at (0,0) size 68x32
          text run at (0,0) width 55: "TEST: td"
          text run at (0,16) width 68: "align=\"left\""
      RenderBlock {p} at (0,46) size 80x48
        RenderInline {b} at (0,0) size 73x16
          RenderText {#text} at (0,0) size 73x16
            text run at (0,0) width 73: "Example 1."
        RenderBR {br} at (73,0) size 0x16
        RenderText {#text} at (0,16) size 78x32
          text run at (0,16) width 35: "Table"
          text run at (0,32) width 78: "width=100%"
      RenderTable {table} at (0,108) size 80x58 [border: (1px outset #808080)]
        RenderTableSection {tbody} at (1,1) size 78x56
          RenderTableRow {tr} at (0,2) size 78x52
            RenderTableCell {td} at (2,2) size 74x52 [border: (1px inset #808080)] [r=0 c=0 rs=1 cs=1]
              RenderText {#text} at (2,2) size 69x48
                text run at (2,2) width 51: "Cell text"
                text run at (2,18) width 60: "should be"
                text run at (2,34) width 69: "left aligned"
      RenderBlock {p} at (0,180) size 80x112
        RenderInline {b} at (0,0) size 73x16
          RenderText {#text} at (0,0) size 73x16
            text run at (0,0) width 73: "Example 2."
        RenderBR {br} at (73,0) size 0x16
        RenderText {#text} at (0,16) size 80x96
          text run at (0,16) width 69: "No specific"
          text run at (0,32) width 71: "table width;"
          text run at (0,48) width 38: "text in"
          text run at (0,64) width 73: "second row"
          text run at (0,80) width 80: "exceeds text"
          text run at (0,96) width 42: "in first "
          text run at (42,96) width 23: "row"
      RenderTable {table} at (0,306) size 80x224 [border: (1px outset #808080)]
        RenderTableSection {tbody} at (1,1) size 78x222
          RenderTableRow {tr} at (0,2) size 78x52
            RenderTableCell {td} at (2,2) size 74x52 [border: (1px inset #808080)] [r=0 c=0 rs=1 cs=1]
              RenderText {#text} at (2,2) size 69x48
                text run at (2,2) width 51: "Cell text"
                text run at (2,18) width 60: "should be"
                text run at (2,34) width 69: "left aligned"
          RenderTableRow {tr} at (0,56) size 78x164
            RenderTableCell {td} at (2,56) size 74x164 [border: (1px inset #808080)] [r=1 c=0 rs=1 cs=1]
              RenderText {#text} at (2,2) size 46x160
                text run at (2,2) width 46: "xxx xxx"
                text run at (2,18) width 46: "xxx xxx"
                text run at (2,34) width 46: "xxx xxx"
                text run at (2,50) width 46: "xxx xxx"
                text run at (2,66) width 46: "xxx xxx"
                text run at (2,82) width 46: "xxx xxx"
                text run at (2,98) width 46: "xxx xxx"
                text run at (2,114) width 46: "xxx xxx"
                text run at (2,130) width 46: "xxx xxx"
                text run at (2,146) width 46: "xxx xxx"
