layer at (0,0) size 96x450
  RenderView at (0,0) size 96x26
layer at (0,0) size 96x450
  RenderBlock {html} at (0,0) size 96x450
    RenderBody {body} at (8,8) size 80x434
      RenderTable {table} at (0,0) size 80x74 [border: (1px outset #808080)]
        RenderTableSection {tbody} at (1,1) size 78x72
          RenderTableRow {tr} at (0,2) size 78x68
            RenderTableCell {td} at (2,2) size 74x68 [border: (1px inset #808080)] [r=0 c=0 rs=1 cs=1]
              RenderText {#text} at (2,2) size 64x64
                text run at (2,2) width 62: "The width"
                text run at (2,18) width 63: "of this cell"
                text run at (2,34) width 60: "should be"
                text run at (2,50) width 64: "100 pixels"
      RenderBlock (anonymous) at (0,74) size 80x16
        RenderBR {br} at (0,0) size 0x16
      RenderTable {table} at (0,90) size 80x74 [border: (1px outset #808080)]
        RenderTableSection {tbody} at (1,1) size 78x72
          RenderTableRow {tr} at (0,2) size 78x68
            RenderTableCell {td} at (2,2) size 74x68 [border: (1px inset #808080)] [r=0 c=0 rs=1 cs=1]
              RenderText {#text} at (2,2) size 64x64
                text run at (2,2) width 62: "The width"
                text run at (2,18) width 63: "of this cell"
                text run at (2,34) width 60: "should be"
                text run at (2,50) width 64: "200 pixels"
      RenderBlock (anonymous) at (0,164) size 80x16
        RenderBR {br} at (0,0) size 0x16
      RenderTable {table} at (0,180) size 80x74 [border: (1px outset #808080)]
        RenderTableSection {tbody} at (1,1) size 78x72
          RenderTableRow {tr} at (0,2) size 78x68
            RenderTableCell {td} at (2,2) size 74x68 [border: (1px inset #808080)] [r=0 c=0 rs=1 cs=1]
              RenderText {#text} at (2,2) size 64x64
                text run at (2,2) width 62: "The width"
                text run at (2,18) width 63: "of this cell"
                text run at (2,34) width 60: "should be"
                text run at (2,50) width 64: "300 pixels"
      RenderBlock (anonymous) at (0,254) size 80x16
        RenderBR {br} at (0,0) size 0x16
      RenderTable {table} at (0,270) size 80x74 [border: (1px outset #808080)]
        RenderTableSection {tbody} at (1,1) size 78x72
          RenderTableRow {tr} at (0,2) size 78x68
            RenderTableCell {td} at (2,2) size 74x68 [border: (1px inset #808080)] [r=0 c=0 rs=1 cs=1]
              RenderText {#text} at (2,2) size 64x64
                text run at (2,2) width 62: "The width"
                text run at (2,18) width 63: "of this cell"
                text run at (2,34) width 60: "should be"
                text run at (2,50) width 64: "400 pixels"
      RenderBlock (anonymous) at (0,344) size 80x16
        RenderBR {br} at (0,0) size 0x16
      RenderTable {table} at (0,360) size 80x74 [border: (1px outset #808080)]
        RenderTableSection {tbody} at (1,1) size 78x72
          RenderTableRow {tr} at (0,2) size 78x68
            RenderTableCell {td} at (2,2) size 74x68 [border: (1px inset #808080)] [r=0 c=0 rs=1 cs=1]
              RenderText {#text} at (2,2) size 64x64
                text run at (2,2) width 62: "The width"
                text run at (2,18) width 63: "of this cell"
                text run at (2,34) width 60: "should be"
                text run at (2,50) width 64: "500 pixels"
