layer at (0,0) size 800x1474
  RenderView at (0,0) size 800x600
layer at (0,0) size 800x1474
  RenderBlock {html} at (0,0) size 800x1474
    RenderBody {body} at (8,14) size 784x1452 [bgcolor=#FFFFFF]
      RenderBlock {p} at (0,0) size 784x16
        RenderText {#text} at (0,0) size 257x16
          text run at (0,0) width 257: "Black table with a white body background"
      RenderTable {table} at (0,30) size 418x48 [border: (1px outset #808080)]
        RenderTableSection {tbody} at (1,1) size 416x46
          RenderTableRow {tr} at (0,2) size 416x20
            RenderTableCell {td} at (2,2) size 136x20 [bgcolor=#000000] [border: (1px inset #808080)] [r=0 c=0 rs=1 cs=1]
              RenderText {#text} at (2,2) size 132x16
                text run at (2,2) width 132: "table table table table"
            RenderTableCell {td} at (140,2) size 136x20 [bgcolor=#000000] [border: (1px inset #808080)] [r=0 c=1 rs=1 cs=1]
              RenderText {#text} at (2,2) size 132x16
                text run at (2,2) width 132: "table table table table"
            RenderTableCell {td} at (278,2) size 136x20 [bgcolor=#000000] [border: (1px inset #808080)] [r=0 c=2 rs=1 cs=1]
              RenderText {#text} at (2,2) size 132x16
                text run at (2,2) width 132: "table table table table"
          RenderTableRow {tr} at (0,24) size 416x20
            RenderTableCell {td} at (2,24) size 136x20 [bgcolor=#000000] [border: (1px inset #808080)] [r=1 c=0 rs=1 cs=1]
              RenderText {#text} at (2,2) size 132x16
                text run at (2,2) width 132: "table table table table"
            RenderTableCell {td} at (140,24) size 136x20 [bgcolor=#000000] [border: (1px inset #808080)] [r=1 c=1 rs=1 cs=1]
              RenderText {#text} at (2,2) size 132x16
                text run at (2,2) width 132: "table table table table"
            RenderTableCell {td} at (278,24) size 136x20 [bgcolor=#000000] [border: (1px inset #808080)] [r=1 c=2 rs=1 cs=1]
              RenderText {#text} at (2,2) size 132x16
                text run at (2,2) width 132: "table table table table"
      RenderBlock {p} at (0,92) size 784x16
        RenderText {#text} at (0,0) size 258x16
          text run at (0,0) width 258: "Silver table with a white body background"
      RenderTable {table} at (0,122) size 418x48 [border: (1px outset #808080)]
        RenderTableSection {tbody} at (1,1) size 416x46
          RenderTableRow {tr} at (0,2) size 416x20
            RenderTableCell {td} at (2,2) size 136x20 [bgcolor=#C0C0C0] [border: (1px inset #808080)] [r=0 c=0 rs=1 cs=1]
              RenderText {#text} at (2,2) size 132x16
                text run at (2,2) width 132: "table table table table"
            RenderTableCell {td} at (140,2) size 136x20 [bgcolor=#C0C0C0] [border: (1px inset #808080)] [r=0 c=1 rs=1 cs=1]
              RenderText {#text} at (2,2) size 132x16
                text run at (2,2) width 132: "table table table table"
            RenderTableCell {td} at (278,2) size 136x20 [bgcolor=#C0C0C0] [border: (1px inset #808080)] [r=0 c=2 rs=1 cs=1]
              RenderText {#text} at (2,2) size 132x16
                text run at (2,2) width 132: "table table table table"
          RenderTableRow {tr} at (0,24) size 416x20
            RenderTableCell {td} at (2,24) size 136x20 [bgcolor=#C0C0C0] [border: (1px inset #808080)] [r=1 c=0 rs=1 cs=1]
              RenderText {#text} at (2,2) size 132x16
                text run at (2,2) width 132: "table table table table"
            RenderTableCell {td} at (140,24) size 136x20 [bgcolor=#C0C0C0] [border: (1px inset #808080)] [r=1 c=1 rs=1 cs=1]
              RenderText {#text} at (2,2) size 132x16
                text run at (2,2) width 132: "table table table table"
            RenderTableCell {td} at (278,24) size 136x20 [bgcolor=#C0C0C0] [border: (1px inset #808080)] [r=1 c=2 rs=1 cs=1]
              RenderText {#text} at (2,2) size 132x16
                text run at (2,2) width 132: "table table table table"
      RenderBlock {p} at (0,184) size 784x16
        RenderText {#text} at (0,0) size 254x16
          text run at (0,0) width 254: "Gray table with a white body background"
      RenderTable {table} at (0,214) size 418x48 [border: (1px outset #808080)]
        RenderTableSection {tbody} at (1,1) size 416x46
          RenderTableRow {tr} at (0,2) size 416x20
            RenderTableCell {td} at (2,2) size 136x20 [bgcolor=#808080] [border: (1px inset #808080)] [r=0 c=0 rs=1 cs=1]
              RenderText {#text} at (2,2) size 132x16
                text run at (2,2) width 132: "table table table table"
            RenderTableCell {td} at (140,2) size 136x20 [bgcolor=#808080] [border: (1px inset #808080)] [r=0 c=1 rs=1 cs=1]
              RenderText {#text} at (2,2) size 132x16
                text run at (2,2) width 132: "table table table table"
            RenderTableCell {td} at (278,2) size 136x20 [bgcolor=#808080] [border: (1px inset #808080)] [r=0 c=2 rs=1 cs=1]
              RenderText {#text} at (2,2) size 132x16
                text run at (2,2) width 132: "table table table table"
          RenderTableRow {tr} at (0,24) size 416x20
            RenderTableCell {td} at (2,24) size 136x20 [bgcolor=#808080] [border: (1px inset #808080)] [r=1 c=0 rs=1 cs=1]
              RenderText {#text} at (2,2) size 132x16
                text run at (2,2) width 132: "table table table table"
            RenderTableCell {td} at (140,24) size 136x20 [bgcolor=#808080] [border: (1px inset #808080)] [r=1 c=1 rs=1 cs=1]
              RenderText {#text} at (2,2) size 132x16
                text run at (2,2) width 132: "table table table table"
            RenderTableCell {td} at (278,24) size 136x20 [bgcolor=#808080] [border: (1px inset #808080)] [r=1 c=2 rs=1 cs=1]
              RenderText {#text} at (2,2) size 132x16
                text run at (2,2) width 132: "table table table table"
      RenderBlock {p} at (0,276) size 784x16
        RenderText {#text} at (0,0) size 259x16
          text run at (0,0) width 259: "White table with a white body background"
      RenderTable {table} at (0,306) size 418x48 [border: (1px outset #808080)]
        RenderTableSection {tbody} at (1,1) size 416x46
          RenderTableRow {tr} at (0,2) size 416x20
            RenderTableCell {td} at (2,2) size 136x20 [bgcolor=#FFFFFF] [border: (1px inset #808080)] [r=0 c=0 rs=1 cs=1]
              RenderText {#text} at (2,2) size 132x16
                text run at (2,2) width 132: "table table table table"
            RenderTableCell {td} at (140,2) size 136x20 [bgcolor=#FFFFFF] [border: (1px inset #808080)] [r=0 c=1 rs=1 cs=1]
              RenderText {#text} at (2,2) size 132x16
                text run at (2,2) width 132: "table table table table"
            RenderTableCell {td} at (278,2) size 136x20 [bgcolor=#FFFFFF] [border: (1px inset #808080)] [r=0 c=2 rs=1 cs=1]
              RenderText {#text} at (2,2) size 132x16
                text run at (2,2) width 132: "table table table table"
          RenderTableRow {tr} at (0,24) size 416x20
            RenderTableCell {td} at (2,24) size 136x20 [bgcolor=#FFFFFF] [border: (1px inset #808080)] [r=1 c=0 rs=1 cs=1]
              RenderText {#text} at (2,2) size 132x16
                text run at (2,2) width 132: "table table table table"
            RenderTableCell {td} at (140,24) size 136x20 [bgcolor=#FFFFFF] [border: (1px inset #808080)] [r=1 c=1 rs=1 cs=1]
              RenderText {#text} at (2,2) size 132x16
                text run at (2,2) width 132: "table table table table"
            RenderTableCell {td} at (278,24) size 136x20 [bgcolor=#FFFFFF] [border: (1px inset #808080)] [r=1 c=2 rs=1 cs=1]
              RenderText {#text} at (2,2) size 132x16
                text run at (2,2) width 132: "table table table table"
      RenderBlock {p} at (0,368) size 784x16
        RenderText {#text} at (0,0) size 272x16
          text run at (0,0) width 272: "Maroon table with a white body background"
      RenderTable {table} at (0,398) size 418x48 [border: (1px outset #808080)]
        RenderTableSection {tbody} at (1,1) size 416x46
          RenderTableRow {tr} at (0,2) size 416x20
            RenderTableCell {td} at (2,2) size 136x20 [bgcolor=#800000] [border: (1px inset #808080)] [r=0 c=0 rs=1 cs=1]
              RenderText {#text} at (2,2) size 132x16
                text run at (2,2) width 132: "table table table table"
            RenderTableCell {td} at (140,2) size 136x20 [bgcolor=#800000] [border: (1px inset #808080)] [r=0 c=1 rs=1 cs=1]
              RenderText {#text} at (2,2) size 132x16
                text run at (2,2) width 132: "table table table table"
            RenderTableCell {td} at (278,2) size 136x20 [bgcolor=#800000] [border: (1px inset #808080)] [r=0 c=2 rs=1 cs=1]
              RenderText {#text} at (2,2) size 132x16
                text run at (2,2) width 132: "table table table table"
          RenderTableRow {tr} at (0,24) size 416x20
            RenderTableCell {td} at (2,24) size 136x20 [bgcolor=#800000] [border: (1px inset #808080)] [r=1 c=0 rs=1 cs=1]
              RenderText {#text} at (2,2) size 132x16
                text run at (2,2) width 132: "table table table table"
            RenderTableCell {td} at (140,24) size 136x20 [bgcolor=#800000] [border: (1px inset #808080)] [r=1 c=1 rs=1 cs=1]
              RenderText {#text} at (2,2) size 132x16
                text run at (2,2) width 132: "table table table table"
            RenderTableCell {td} at (278,24) size 136x20 [bgcolor=#800000] [border: (1px inset #808080)] [r=1 c=2 rs=1 cs=1]
              RenderText {#text} at (2,2) size 132x16
                text run at (2,2) width 132: "table table table table"
      RenderBlock {p} at (0,460) size 784x16
        RenderText {#text} at (0,0) size 249x16
          text run at (0,0) width 249: "Red table with a white body background"
      RenderTable {table} at (0,490) size 418x48 [border: (1px outset #808080)]
        RenderTableSection {tbody} at (1,1) size 416x46
          RenderTableRow {tr} at (0,2) size 416x20
            RenderTableCell {td} at (2,2) size 136x20 [bgcolor=#FF0000] [border: (1px inset #808080)] [r=0 c=0 rs=1 cs=1]
              RenderText {#text} at (2,2) size 132x16
                text run at (2,2) width 132: "table table table table"
            RenderTableCell {td} at (140,2) size 136x20 [bgcolor=#FF0000] [border: (1px inset #808080)] [r=0 c=1 rs=1 cs=1]
              RenderText {#text} at (2,2) size 132x16
                text run at (2,2) width 132: "table table table table"
            RenderTableCell {td} at (278,2) size 136x20 [bgcolor=#FF0000] [border: (1px inset #808080)] [r=0 c=2 rs=1 cs=1]
              RenderText {#text} at (2,2) size 132x16
                text run at (2,2) width 132: "table table table table"
          RenderTableRow {tr} at (0,24) size 416x20
            RenderTableCell {td} at (2,24) size 136x20 [bgcolor=#FF0000] [border: (1px inset #808080)] [r=1 c=0 rs=1 cs=1]
              RenderText {#text} at (2,2) size 132x16
                text run at (2,2) width 132: "table table table table"
            RenderTableCell {td} at (140,24) size 136x20 [bgcolor=#FF0000] [border: (1px inset #808080)] [r=1 c=1 rs=1 cs=1]
              RenderText {#text} at (2,2) size 132x16
                text run at (2,2) width 132: "table table table table"
            RenderTableCell {td} at (278,24) size 136x20 [bgcolor=#FF0000] [border: (1px inset #808080)] [r=1 c=2 rs=1 cs=1]
              RenderText {#text} at (2,2) size 132x16
                text run at (2,2) width 132: "table table table table"
      RenderBlock {p} at (0,552) size 784x16
        RenderText {#text} at (0,0) size 263x16
          text run at (0,0) width 263: "Purple table with a white body background"
      RenderTable {table} at (0,582) size 418x48 [border: (1px outset #808080)]
        RenderTableSection {tbody} at (1,1) size 416x46
          RenderTableRow {tr} at (0,2) size 416x20
            RenderTableCell {td} at (2,2) size 136x20 [bgcolor=#800080] [border: (1px inset #808080)] [r=0 c=0 rs=1 cs=1]
              RenderText {#text} at (2,2) size 132x16
                text run at (2,2) width 132: "table table table table"
            RenderTableCell {td} at (140,2) size 136x20 [bgcolor=#800080] [border: (1px inset #808080)] [r=0 c=1 rs=1 cs=1]
              RenderText {#text} at (2,2) size 132x16
                text run at (2,2) width 132: "table table table table"
            RenderTableCell {td} at (278,2) size 136x20 [bgcolor=#800080] [border: (1px inset #808080)] [r=0 c=2 rs=1 cs=1]
              RenderText {#text} at (2,2) size 132x16
                text run at (2,2) width 132: "table table table table"
          RenderTableRow {tr} at (0,24) size 416x20
            RenderTableCell {td} at (2,24) size 136x20 [bgcolor=#800080] [border: (1px inset #808080)] [r=1 c=0 rs=1 cs=1]
              RenderText {#text} at (2,2) size 132x16
                text run at (2,2) width 132: "table table table table"
            RenderTableCell {td} at (140,24) size 136x20 [bgcolor=#800080] [border: (1px inset #808080)] [r=1 c=1 rs=1 cs=1]
              RenderText {#text} at (2,2) size 132x16
                text run at (2,2) width 132: "table table table table"
            RenderTableCell {td} at (278,24) size 136x20 [bgcolor=#800080] [border: (1px inset #808080)] [r=1 c=2 rs=1 cs=1]
              RenderText {#text} at (2,2) size 132x16
                text run at (2,2) width 132: "table table table table"
      RenderBlock {p} at (0,644) size 784x16
        RenderText {#text} at (0,0) size 271x16
          text run at (0,0) width 271: "Fuchsia table with a white body background"
      RenderTable {table} at (0,674) size 418x48 [border: (1px outset #808080)]
        RenderTableSection {tbody} at (1,1) size 416x46
          RenderTableRow {tr} at (0,2) size 416x20
            RenderTableCell {td} at (2,2) size 136x20 [bgcolor=#FF00FF] [border: (1px inset #808080)] [r=0 c=0 rs=1 cs=1]
              RenderText {#text} at (2,2) size 132x16
                text run at (2,2) width 132: "table table table table"
            RenderTableCell {td} at (140,2) size 136x20 [bgcolor=#FF00FF] [border: (1px inset #808080)] [r=0 c=1 rs=1 cs=1]
              RenderText {#text} at (2,2) size 132x16
                text run at (2,2) width 132: "table table table table"
            RenderTableCell {td} at (278,2) size 136x20 [bgcolor=#FF00FF] [border: (1px inset #808080)] [r=0 c=2 rs=1 cs=1]
              RenderText {#text} at (2,2) size 132x16
                text run at (2,2) width 132: "table table table table"
          RenderTableRow {tr} at (0,24) size 416x20
            RenderTableCell {td} at (2,24) size 136x20 [bgcolor=#FF00FF] [border: (1px inset #808080)] [r=1 c=0 rs=1 cs=1]
              RenderText {#text} at (2,2) size 132x16
                text run at (2,2) width 132: "table table table table"
            RenderTableCell {td} at (140,24) size 136x20 [bgcolor=#FF00FF] [border: (1px inset #808080)] [r=1 c=1 rs=1 cs=1]
              RenderText {#text} at (2,2) size 132x16
                text run at (2,2) width 132: "table table table table"
            RenderTableCell {td} at (278,24) size 136x20 [bgcolor=#FF00FF] [border: (1px inset #808080)] [r=1 c=2 rs=1 cs=1]
              RenderText {#text} at (2,2) size 132x16
                text run at (2,2) width 132: "table table table table"
      RenderBlock {p} at (0,736) size 784x16
        RenderText {#text} at (0,0) size 263x16
          text run at (0,0) width 263: "Green table with a white body background"
      RenderTable {table} at (0,766) size 418x48 [border: (1px outset #808080)]
        RenderTableSection {tbody} at (1,1) size 416x46
          RenderTableRow {tr} at (0,2) size 416x20
            RenderTableCell {td} at (2,2) size 136x20 [bgcolor=#008000] [border: (1px inset #808080)] [r=0 c=0 rs=1 cs=1]
              RenderText {#text} at (2,2) size 132x16
                text run at (2,2) width 132: "table table table table"
            RenderTableCell {td} at (140,2) size 136x20 [bgcolor=#008000] [border: (1px inset #808080)] [r=0 c=1 rs=1 cs=1]
              RenderText {#text} at (2,2) size 132x16
                text run at (2,2) width 132: "table table table table"
            RenderTableCell {td} at (278,2) size 136x20 [bgcolor=#008000] [border: (1px inset #808080)] [r=0 c=2 rs=1 cs=1]
              RenderText {#text} at (2,2) size 132x16
                text run at (2,2) width 132: "table table table table"
          RenderTableRow {tr} at (0,24) size 416x20
            RenderTableCell {td} at (2,24) size 136x20 [bgcolor=#008000] [border: (1px inset #808080)] [r=1 c=0 rs=1 cs=1]
              RenderText {#text} at (2,2) size 132x16
                text run at (2,2) width 132: "table table table table"
            RenderTableCell {td} at (140,24) size 136x20 [bgcolor=#008000] [border: (1px inset #808080)] [r=1 c=1 rs=1 cs=1]
              RenderText {#text} at (2,2) size 132x16
                text run at (2,2) width 132: "table table table table"
            RenderTableCell {td} at (278,24) size 136x20 [bgcolor=#008000] [border: (1px inset #808080)] [r=1 c=2 rs=1 cs=1]
              RenderText {#text} at (2,2) size 132x16
                text run at (2,2) width 132: "table table table table"
      RenderBlock {p} at (0,828) size 784x16
        RenderText {#text} at (0,0) size 253x16
          text run at (0,0) width 253: "Lime table with a white body background"
      RenderTable {table} at (0,858) size 418x48 [border: (1px outset #808080)]
        RenderTableSection {tbody} at (1,1) size 416x46
          RenderTableRow {tr} at (0,2) size 416x20
            RenderTableCell {td} at (2,2) size 136x20 [bgcolor=#00FF00] [border: (1px inset #808080)] [r=0 c=0 rs=1 cs=1]
              RenderText {#text} at (2,2) size 132x16
                text run at (2,2) width 132: "table table table table"
            RenderTableCell {td} at (140,2) size 136x20 [bgcolor=#00FF00] [border: (1px inset #808080)] [r=0 c=1 rs=1 cs=1]
              RenderText {#text} at (2,2) size 132x16
                text run at (2,2) width 132: "table table table table"
            RenderTableCell {td} at (278,2) size 136x20 [bgcolor=#00FF00] [border: (1px inset #808080)] [r=0 c=2 rs=1 cs=1]
              RenderText {#text} at (2,2) size 132x16
                text run at (2,2) width 132: "table table table table"
          RenderTableRow {tr} at (0,24) size 416x20
            RenderTableCell {td} at (2,24) size 136x20 [bgcolor=#00FF00] [border: (1px inset #808080)] [r=1 c=0 rs=1 cs=1]
              RenderText {#text} at (2,2) size 132x16
                text run at (2,2) width 132: "table table table table"
            RenderTableCell {td} at (140,24) size 136x20 [bgcolor=#00FF00] [border: (1px inset #808080)] [r=1 c=1 rs=1 cs=1]
              RenderText {#text} at (2,2) size 132x16
                text run at (2,2) width 132: "table table table table"
            RenderTableCell {td} at (278,24) size 136x20 [bgcolor=#00FF00] [border: (1px inset #808080)] [r=1 c=2 rs=1 cs=1]
              RenderText {#text} at (2,2) size 132x16
                text run at (2,2) width 132: "table table table table"
      RenderBlock {p} at (0,920) size 784x16
        RenderText {#text} at (0,0) size 255x16
          text run at (0,0) width 255: "Olive table with a white body background"
      RenderTable {table} at (0,950) size 418x48 [border: (1px outset #808080)]
        RenderTableSection {tbody} at (1,1) size 416x46
          RenderTableRow {tr} at (0,2) size 416x20
            RenderTableCell {td} at (2,2) size 136x20 [bgcolor=#808000] [border: (1px inset #808080)] [r=0 c=0 rs=1 cs=1]
              RenderText {#text} at (2,2) size 132x16
                text run at (2,2) width 132: "table table table table"
            RenderTableCell {td} at (140,2) size 136x20 [bgcolor=#808000] [border: (1px inset #808080)] [r=0 c=1 rs=1 cs=1]
              RenderText {#text} at (2,2) size 132x16
                text run at (2,2) width 132: "table table table table"
            RenderTableCell {td} at (278,2) size 136x20 [bgcolor=#808000] [border: (1px inset #808080)] [r=0 c=2 rs=1 cs=1]
              RenderText {#text} at (2,2) size 132x16
                text run at (2,2) width 132: "table table table table"
          RenderTableRow {tr} at (0,24) size 416x20
            RenderTableCell {td} at (2,24) size 136x20 [bgcolor=#808000] [border: (1px inset #808080)] [r=1 c=0 rs=1 cs=1]
              RenderText {#text} at (2,2) size 132x16
                text run at (2,2) width 132: "table table table table"
            RenderTableCell {td} at (140,24) size 136x20 [bgcolor=#808000] [border: (1px inset #808080)] [r=1 c=1 rs=1 cs=1]
              RenderText {#text} at (2,2) size 132x16
                text run at (2,2) width 132: "table table table table"
            RenderTableCell {td} at (278,24) size 136x20 [bgcolor=#808000] [border: (1px inset #808080)] [r=1 c=2 rs=1 cs=1]
              RenderText {#text} at (2,2) size 132x16
                text run at (2,2) width 132: "table table table table"
      RenderBlock {p} at (0,1012) size 784x16
        RenderText {#text} at (0,0) size 264x16
          text run at (0,0) width 264: "Yellow table with a white body background"
      RenderTable {table} at (0,1042) size 418x48 [border: (1px outset #808080)]
        RenderTableSection {tbody} at (1,1) size 416x46
          RenderTableRow {tr} at (0,2) size 416x20
            RenderTableCell {td} at (2,2) size 136x20 [bgcolor=#FFFF00] [border: (1px inset #808080)] [r=0 c=0 rs=1 cs=1]
              RenderText {#text} at (2,2) size 132x16
                text run at (2,2) width 132: "table table table table"
            RenderTableCell {td} at (140,2) size 136x20 [bgcolor=#FFFF00] [border: (1px inset #808080)] [r=0 c=1 rs=1 cs=1]
              RenderText {#text} at (2,2) size 132x16
                text run at (2,2) width 132: "table table table table"
            RenderTableCell {td} at (278,2) size 136x20 [bgcolor=#FFFF00] [border: (1px inset #808080)] [r=0 c=2 rs=1 cs=1]
              RenderText {#text} at (2,2) size 132x16
                text run at (2,2) width 132: "table table table table"
          RenderTableRow {tr} at (0,24) size 416x20
            RenderTableCell {td} at (2,24) size 136x20 [bgcolor=#FFFF00] [border: (1px inset #808080)] [r=1 c=0 rs=1 cs=1]
              RenderText {#text} at (2,2) size 132x16
                text run at (2,2) width 132: "table table table table"
            RenderTableCell {td} at (140,24) size 136x20 [bgcolor=#FFFF00] [border: (1px inset #808080)] [r=1 c=1 rs=1 cs=1]
              RenderText {#text} at (2,2) size 132x16
                text run at (2,2) width 132: "table table table table"
            RenderTableCell {td} at (278,24) size 136x20 [bgcolor=#FFFF00] [border: (1px inset #808080)] [r=1 c=2 rs=1 cs=1]
              RenderText {#text} at (2,2) size 132x16
                text run at (2,2) width 132: "table table table table"
      RenderBlock {p} at (0,1104) size 784x16
        RenderText {#text} at (0,0) size 255x16
          text run at (0,0) width 255: "Navy table with a white body background"
      RenderTable {table} at (0,1134) size 418x48 [border: (1px outset #808080)]
        RenderTableSection {tbody} at (1,1) size 416x46
          RenderTableRow {tr} at (0,2) size 416x20
            RenderTableCell {td} at (2,2) size 136x20 [bgcolor=#000080] [border: (1px inset #808080)] [r=0 c=0 rs=1 cs=1]
              RenderText {#text} at (2,2) size 132x16
                text run at (2,2) width 132: "table table table table"
            RenderTableCell {td} at (140,2) size 136x20 [bgcolor=#000080] [border: (1px inset #808080)] [r=0 c=1 rs=1 cs=1]
              RenderText {#text} at (2,2) size 132x16
                text run at (2,2) width 132: "table table table table"
            RenderTableCell {td} at (278,2) size 136x20 [bgcolor=#000080] [border: (1px inset #808080)] [r=0 c=2 rs=1 cs=1]
              RenderText {#text} at (2,2) size 132x16
                text run at (2,2) width 132: "table table table table"
          RenderTableRow {tr} at (0,24) size 416x20
            RenderTableCell {td} at (2,24) size 136x20 [bgcolor=#000080] [border: (1px inset #808080)] [r=1 c=0 rs=1 cs=1]
              RenderText {#text} at (2,2) size 132x16
                text run at (2,2) width 132: "table table table table"
            RenderTableCell {td} at (140,24) size 136x20 [bgcolor=#000080] [border: (1px inset #808080)] [r=1 c=1 rs=1 cs=1]
              RenderText {#text} at (2,2) size 132x16
                text run at (2,2) width 132: "table table table table"
            RenderTableCell {td} at (278,24) size 136x20 [bgcolor=#000080] [border: (1px inset #808080)] [r=1 c=2 rs=1 cs=1]
              RenderText {#text} at (2,2) size 132x16
                text run at (2,2) width 132: "table table table table"
      RenderBlock {p} at (0,1196) size 784x16
        RenderText {#text} at (0,0) size 250x16
          text run at (0,0) width 250: "Blue table with a white body background"
      RenderTable {table} at (0,1226) size 418x48 [border: (1px outset #808080)]
        RenderTableSection {tbody} at (1,1) size 416x46
          RenderTableRow {tr} at (0,2) size 416x20
            RenderTableCell {td} at (2,2) size 136x20 [bgcolor=#0000FF] [border: (1px inset #808080)] [r=0 c=0 rs=1 cs=1]
              RenderText {#text} at (2,2) size 132x16
                text run at (2,2) width 132: "table table table table"
            RenderTableCell {td} at (140,2) size 136x20 [bgcolor=#0000FF] [border: (1px inset #808080)] [r=0 c=1 rs=1 cs=1]
              RenderText {#text} at (2,2) size 132x16
                text run at (2,2) width 132: "table table table table"
            RenderTableCell {td} at (278,2) size 136x20 [bgcolor=#0000FF] [border: (1px inset #808080)] [r=0 c=2 rs=1 cs=1]
              RenderText {#text} at (2,2) size 132x16
                text run at (2,2) width 132: "table table table table"
          RenderTableRow {tr} at (0,24) size 416x20
            RenderTableCell {td} at (2,24) size 136x20 [bgcolor=#0000FF] [border: (1px inset #808080)] [r=1 c=0 rs=1 cs=1]
              RenderText {#text} at (2,2) size 132x16
                text run at (2,2) width 132: "table table table table"
            RenderTableCell {td} at (140,24) size 136x20 [bgcolor=#0000FF] [border: (1px inset #808080)] [r=1 c=1 rs=1 cs=1]
              RenderText {#text} at (2,2) size 132x16
                text run at (2,2) width 132: "table table table table"
            RenderTableCell {td} at (278,24) size 136x20 [bgcolor=#0000FF] [border: (1px inset #808080)] [r=1 c=2 rs=1 cs=1]
              RenderText {#text} at (2,2) size 132x16
                text run at (2,2) width 132: "table table table table"
      RenderBlock {p} at (0,1288) size 784x16
        RenderText {#text} at (0,0) size 251x16
          text run at (0,0) width 251: "Teal table with a white body background"
      RenderTable {table} at (0,1318) size 410x42
        RenderTableSection {tbody} at (0,0) size 410x42
          RenderTableRow {tr} at (0,2) size 410x18
            RenderTableCell {td} at (2,2) size 134x18 [bgcolor=#008080] [r=0 c=0 rs=1 cs=1]
              RenderText {#text} at (1,1) size 132x16
                text run at (1,1) width 132: "table table table table"
            RenderTableCell {td} at (138,2) size 134x18 [bgcolor=#008080] [r=0 c=1 rs=1 cs=1]
              RenderText {#text} at (1,1) size 132x16
                text run at (1,1) width 132: "table table table table"
            RenderTableCell {td} at (274,2) size 134x18 [bgcolor=#008080] [r=0 c=2 rs=1 cs=1]
              RenderText {#text} at (1,1) size 132x16
                text run at (1,1) width 132: "table table table table"
          RenderTableRow {tr} at (0,22) size 410x18
            RenderTableCell {td} at (2,22) size 134x18 [bgcolor=#008080] [r=1 c=0 rs=1 cs=1]
              RenderText {#text} at (1,1) size 132x16
                text run at (1,1) width 132: "table table table table"
            RenderTableCell {td} at (138,22) size 134x18 [bgcolor=#008080] [r=1 c=1 rs=1 cs=1]
              RenderText {#text} at (1,1) size 132x16
                text run at (1,1) width 132: "table table table table"
            RenderTableCell {td} at (274,22) size 134x18 [bgcolor=#008080] [r=1 c=2 rs=1 cs=1]
              RenderText {#text} at (1,1) size 132x16
                text run at (1,1) width 132: "table table table table"
      RenderBlock {p} at (0,1374) size 784x16
        RenderText {#text} at (0,0) size 255x16
          text run at (0,0) width 255: "Aqua table with a white body background"
      RenderTable {table} at (0,1404) size 418x48 [border: (1px outset #808080)]
        RenderTableSection {tbody} at (1,1) size 416x46
          RenderTableRow {tr} at (0,2) size 416x20
            RenderTableCell {td} at (2,2) size 136x20 [bgcolor=#00FFFF] [border: (1px inset #808080)] [r=0 c=0 rs=1 cs=1]
              RenderText {#text} at (2,2) size 132x16
                text run at (2,2) width 132: "table table table table"
            RenderTableCell {td} at (140,2) size 136x20 [bgcolor=#00FFFF] [border: (1px inset #808080)] [r=0 c=1 rs=1 cs=1]
              RenderText {#text} at (2,2) size 132x16
                text run at (2,2) width 132: "table table table table"
            RenderTableCell {td} at (278,2) size 136x20 [bgcolor=#00FFFF] [border: (1px inset #808080)] [r=0 c=2 rs=1 cs=1]
              RenderText {#text} at (2,2) size 132x16
                text run at (2,2) width 132: "table table table table"
          RenderTableRow {tr} at (0,24) size 416x20
            RenderTableCell {td} at (2,24) size 136x20 [bgcolor=#00FFFF] [border: (1px inset #808080)] [r=1 c=0 rs=1 cs=1]
              RenderText {#text} at (2,2) size 132x16
                text run at (2,2) width 132: "table table table table"
            RenderTableCell {td} at (140,24) size 136x20 [bgcolor=#00FFFF] [border: (1px inset #808080)] [r=1 c=1 rs=1 cs=1]
              RenderText {#text} at (2,2) size 132x16
                text run at (2,2) width 132: "table table table table"
            RenderTableCell {td} at (278,24) size 136x20 [bgcolor=#00FFFF] [border: (1px inset #808080)] [r=1 c=2 rs=1 cs=1]
              RenderText {#text} at (2,2) size 132x16
                text run at (2,2) width 132: "table table table table"
