layer at (0,0) size 120x3778
  RenderView at (0,0) size 96x26
layer at (0,0) size 120x3778
  RenderBlock {html} at (0,0) size 96x3778
    RenderBody {body} at (8,14) size 80x3756 [bgcolor=#FFFFFF]
      RenderBlock {p} at (0,0) size 80x64
        RenderText {#text} at (0,0) size 74x64
          text run at (0,0) width 68: "Black table"
          text run at (0,16) width 74: "with a white"
          text run at (0,32) width 30: "body"
          text run at (0,48) width 73: "background"
      RenderTable {table} at (0,78) size 112x144 [border: (1px outset #808080)]
        RenderTableSection {tbody} at (1,1) size 110x142
          RenderTableRow {tr} at (0,2) size 110x68
            RenderTableCell {td} at (2,2) size 34x68 [bgcolor=#000000] [border: (1px inset #808080)] [r=0 c=0 rs=1 cs=1]
              RenderText {#text} at (2,2) size 30x64
                text run at (2,2) width 30: "table"
                text run at (2,18) width 30: "table"
                text run at (2,34) width 30: "table"
                text run at (2,50) width 30: "table"
            RenderTableCell {td} at (38,2) size 34x68 [bgcolor=#000000] [border: (1px inset #808080)] [r=0 c=1 rs=1 cs=1]
              RenderText {#text} at (2,2) size 30x64
                text run at (2,2) width 30: "table"
                text run at (2,18) width 30: "table"
                text run at (2,34) width 30: "table"
                text run at (2,50) width 30: "table"
            RenderTableCell {td} at (74,2) size 34x68 [bgcolor=#000000] [border: (1px inset #808080)] [r=0 c=2 rs=1 cs=1]
              RenderText {#text} at (2,2) size 30x64
                text run at (2,2) width 30: "table"
                text run at (2,18) width 30: "table"
                text run at (2,34) width 30: "table"
                text run at (2,50) width 30: "table"
          RenderTableRow {tr} at (0,72) size 110x68
            RenderTableCell {td} at (2,72) size 34x68 [bgcolor=#000000] [border: (1px inset #808080)] [r=1 c=0 rs=1 cs=1]
              RenderText {#text} at (2,2) size 30x64
                text run at (2,2) width 30: "table"
                text run at (2,18) width 30: "table"
                text run at (2,34) width 30: "table"
                text run at (2,50) width 30: "table"
            RenderTableCell {td} at (38,72) size 34x68 [bgcolor=#000000] [border: (1px inset #808080)] [r=1 c=1 rs=1 cs=1]
              RenderText {#text} at (2,2) size 30x64
                text run at (2,2) width 30: "table"
                text run at (2,18) width 30: "table"
                text run at (2,34) width 30: "table"
                text run at (2,50) width 30: "table"
            RenderTableCell {td} at (74,72) size 34x68 [bgcolor=#000000] [border: (1px inset #808080)] [r=1 c=2 rs=1 cs=1]
              RenderText {#text} at (2,2) size 30x64
                text run at (2,2) width 30: "table"
                text run at (2,18) width 30: "table"
                text run at (2,34) width 30: "table"
                text run at (2,50) width 30: "table"
      RenderBlock {p} at (0,236) size 80x64
        RenderText {#text} at (0,0) size 74x64
          text run at (0,0) width 69: "Silver table"
          text run at (0,16) width 74: "with a white"
          text run at (0,32) width 30: "body"
          text run at (0,48) width 73: "background"
      RenderTable {table} at (0,314) size 112x144 [border: (1px outset #808080)]
        RenderTableSection {tbody} at (1,1) size 110x142
          RenderTableRow {tr} at (0,2) size 110x68
            RenderTableCell {td} at (2,2) size 34x68 [bgcolor=#C0C0C0] [border: (1px inset #808080)] [r=0 c=0 rs=1 cs=1]
              RenderText {#text} at (2,2) size 30x64
                text run at (2,2) width 30: "table"
                text run at (2,18) width 30: "table"
                text run at (2,34) width 30: "table"
                text run at (2,50) width 30: "table"
            RenderTableCell {td} at (38,2) size 34x68 [bgcolor=#C0C0C0] [border: (1px inset #808080)] [r=0 c=1 rs=1 cs=1]
              RenderText {#text} at (2,2) size 30x64
                text run at (2,2) width 30: "table"
                text run at (2,18) width 30: "table"
                text run at (2,34) width 30: "table"
                text run at (2,50) width 30: "table"
            RenderTableCell {td} at (74,2) size 34x68 [bgcolor=#C0C0C0] [border: (1px inset #808080)] [r=0 c=2 rs=1 cs=1]
              RenderText {#text} at (2,2) size 30x64
                text run at (2,2) width 30: "table"
                text run at (2,18) width 30: "table"
                text run at (2,34) width 30: "table"
                text run at (2,50) width 30: "table"
          RenderTableRow {tr} at (0,72) size 110x68
            RenderTableCell {td} at (2,72) size 34x68 [bgcolor=#C0C0C0] [border: (1px inset #808080)] [r=1 c=0 rs=1 cs=1]
              RenderText {#text} at (2,2) size 30x64
                text run at (2,2) width 30: "table"
                text run at (2,18) width 30: "table"
                text run at (2,34) width 30: "table"
                text run at (2,50) width 30: "table"
            RenderTableCell {td} at (38,72) size 34x68 [bgcolor=#C0C0C0] [border: (1px inset #808080)] [r=1 c=1 rs=1 cs=1]
              RenderText {#text} at (2,2) size 30x64
                text run at (2,2) width 30: "table"
                text run at (2,18) width 30: "table"
                text run at (2,34) width 30: "table"
                text run at (2,50) width 30: "table"
            RenderTableCell {td} at (74,72) size 34x68 [bgcolor=#C0C0C0] [border: (1px inset #808080)] [r=1 c=2 rs=1 cs=1]
              RenderText {#text} at (2,2) size 30x64
                text run at (2,2) width 30: "table"
                text run at (2,18) width 30: "table"
                text run at (2,34) width 30: "table"
                text run at (2,50) width 30: "table"
      RenderBlock {p} at (0,472) size 80x64
        RenderText {#text} at (0,0) size 74x64
          text run at (0,0) width 65: "Gray table"
          text run at (0,16) width 74: "with a white"
          text run at (0,32) width 30: "body"
          text run at (0,48) width 73: "background"
      RenderTable {table} at (0,550) size 112x144 [border: (1px outset #808080)]
        RenderTableSection {tbody} at (1,1) size 110x142
          RenderTableRow {tr} at (0,2) size 110x68
            RenderTableCell {td} at (2,2) size 34x68 [bgcolor=#808080] [border: (1px inset #808080)] [r=0 c=0 rs=1 cs=1]
              RenderText {#text} at (2,2) size 30x64
                text run at (2,2) width 30: "table"
                text run at (2,18) width 30: "table"
                text run at (2,34) width 30: "table"
                text run at (2,50) width 30: "table"
            RenderTableCell {td} at (38,2) size 34x68 [bgcolor=#808080] [border: (1px inset #808080)] [r=0 c=1 rs=1 cs=1]
              RenderText {#text} at (2,2) size 30x64
                text run at (2,2) width 30: "table"
                text run at (2,18) width 30: "table"
                text run at (2,34) width 30: "table"
                text run at (2,50) width 30: "table"
            RenderTableCell {td} at (74,2) size 34x68 [bgcolor=#808080] [border: (1px inset #808080)] [r=0 c=2 rs=1 cs=1]
              RenderText {#text} at (2,2) size 30x64
                text run at (2,2) width 30: "table"
                text run at (2,18) width 30: "table"
                text run at (2,34) width 30: "table"
                text run at (2,50) width 30: "table"
          RenderTableRow {tr} at (0,72) size 110x68
            RenderTableCell {td} at (2,72) size 34x68 [bgcolor=#808080] [border: (1px inset #808080)] [r=1 c=0 rs=1 cs=1]
              RenderText {#text} at (2,2) size 30x64
                text run at (2,2) width 30: "table"
                text run at (2,18) width 30: "table"
                text run at (2,34) width 30: "table"
                text run at (2,50) width 30: "table"
            RenderTableCell {td} at (38,72) size 34x68 [bgcolor=#808080] [border: (1px inset #808080)] [r=1 c=1 rs=1 cs=1]
              RenderText {#text} at (2,2) size 30x64
                text run at (2,2) width 30: "table"
                text run at (2,18) width 30: "table"
                text run at (2,34) width 30: "table"
                text run at (2,50) width 30: "table"
            RenderTableCell {td} at (74,72) size 34x68 [bgcolor=#808080] [border: (1px inset #808080)] [r=1 c=2 rs=1 cs=1]
              RenderText {#text} at (2,2) size 30x64
                text run at (2,2) width 30: "table"
                text run at (2,18) width 30: "table"
                text run at (2,34) width 30: "table"
                text run at (2,50) width 30: "table"
      RenderBlock {p} at (0,708) size 80x64
        RenderText {#text} at (0,0) size 74x64
          text run at (0,0) width 70: "White table"
          text run at (0,16) width 74: "with a white"
          text run at (0,32) width 30: "body"
          text run at (0,48) width 73: "background"
      RenderTable {table} at (0,786) size 112x144 [border: (1px outset #808080)]
        RenderTableSection {tbody} at (1,1) size 110x142
          RenderTableRow {tr} at (0,2) size 110x68
            RenderTableCell {td} at (2,2) size 34x68 [bgcolor=#FFFFFF] [border: (1px inset #808080)] [r=0 c=0 rs=1 cs=1]
              RenderText {#text} at (2,2) size 30x64
                text run at (2,2) width 30: "table"
                text run at (2,18) width 30: "table"
                text run at (2,34) width 30: "table"
                text run at (2,50) width 30: "table"
            RenderTableCell {td} at (38,2) size 34x68 [bgcolor=#FFFFFF] [border: (1px inset #808080)] [r=0 c=1 rs=1 cs=1]
              RenderText {#text} at (2,2) size 30x64
                text run at (2,2) width 30: "table"
                text run at (2,18) width 30: "table"
                text run at (2,34) width 30: "table"
                text run at (2,50) width 30: "table"
            RenderTableCell {td} at (74,2) size 34x68 [bgcolor=#FFFFFF] [border: (1px inset #808080)] [r=0 c=2 rs=1 cs=1]
              RenderText {#text} at (2,2) size 30x64
                text run at (2,2) width 30: "table"
                text run at (2,18) width 30: "table"
                text run at (2,34) width 30: "table"
                text run at (2,50) width 30: "table"
          RenderTableRow {tr} at (0,72) size 110x68
            RenderTableCell {td} at (2,72) size 34x68 [bgcolor=#FFFFFF] [border: (1px inset #808080)] [r=1 c=0 rs=1 cs=1]
              RenderText {#text} at (2,2) size 30x64
                text run at (2,2) width 30: "table"
                text run at (2,18) width 30: "table"
                text run at (2,34) width 30: "table"
                text run at (2,50) width 30: "table"
            RenderTableCell {td} at (38,72) size 34x68 [bgcolor=#FFFFFF] [border: (1px inset #808080)] [r=1 c=1 rs=1 cs=1]
              RenderText {#text} at (2,2) size 30x64
                text run at (2,2) width 30: "table"
                text run at (2,18) width 30: "table"
                text run at (2,34) width 30: "table"
                text run at (2,50) width 30: "table"
            RenderTableCell {td} at (74,72) size 34x68 [bgcolor=#FFFFFF] [border: (1px inset #808080)] [r=1 c=2 rs=1 cs=1]
              RenderText {#text} at (2,2) size 30x64
                text run at (2,2) width 30: "table"
                text run at (2,18) width 30: "table"
                text run at (2,34) width 30: "table"
                text run at (2,50) width 30: "table"
      RenderBlock {p} at (0,944) size 80x64
        RenderText {#text} at (0,0) size 73x64
          text run at (0,0) width 49: "Maroon"
          text run at (0,16) width 71: "table with a"
          text run at (0,32) width 67: "white body"
          text run at (0,48) width 73: "background"
      RenderTable {table} at (0,1022) size 112x144 [border: (1px outset #808080)]
        RenderTableSection {tbody} at (1,1) size 110x142
          RenderTableRow {tr} at (0,2) size 110x68
            RenderTableCell {td} at (2,2) size 34x68 [bgcolor=#800000] [border: (1px inset #808080)] [r=0 c=0 rs=1 cs=1]
              RenderText {#text} at (2,2) size 30x64
                text run at (2,2) width 30: "table"
                text run at (2,18) width 30: "table"
                text run at (2,34) width 30: "table"
                text run at (2,50) width 30: "table"
            RenderTableCell {td} at (38,2) size 34x68 [bgcolor=#800000] [border: (1px inset #808080)] [r=0 c=1 rs=1 cs=1]
              RenderText {#text} at (2,2) size 30x64
                text run at (2,2) width 30: "table"
                text run at (2,18) width 30: "table"
                text run at (2,34) width 30: "table"
                text run at (2,50) width 30: "table"
            RenderTableCell {td} at (74,2) size 34x68 [bgcolor=#800000] [border: (1px inset #808080)] [r=0 c=2 rs=1 cs=1]
              RenderText {#text} at (2,2) size 30x64
                text run at (2,2) width 30: "table"
                text run at (2,18) width 30: "table"
                text run at (2,34) width 30: "table"
                text run at (2,50) width 30: "table"
          RenderTableRow {tr} at (0,72) size 110x68
            RenderTableCell {td} at (2,72) size 34x68 [bgcolor=#800000] [border: (1px inset #808080)] [r=1 c=0 rs=1 cs=1]
              RenderText {#text} at (2,2) size 30x64
                text run at (2,2) width 30: "table"
                text run at (2,18) width 30: "table"
                text run at (2,34) width 30: "table"
                text run at (2,50) width 30: "table"
            RenderTableCell {td} at (38,72) size 34x68 [bgcolor=#800000] [border: (1px inset #808080)] [r=1 c=1 rs=1 cs=1]
              RenderText {#text} at (2,2) size 30x64
                text run at (2,2) width 30: "table"
                text run at (2,18) width 30: "table"
                text run at (2,34) width 30: "table"
                text run at (2,50) width 30: "table"
            RenderTableCell {td} at (74,72) size 34x68 [bgcolor=#800000] [border: (1px inset #808080)] [r=1 c=2 rs=1 cs=1]
              RenderText {#text} at (2,2) size 30x64
                text run at (2,2) width 30: "table"
                text run at (2,18) width 30: "table"
                text run at (2,34) width 30: "table"
                text run at (2,50) width 30: "table"
      RenderBlock {p} at (0,1180) size 80x64
        RenderText {#text} at (0,0) size 74x64
          text run at (0,0) width 60: "Red table"
          text run at (0,16) width 74: "with a white"
          text run at (0,32) width 30: "body"
          text run at (0,48) width 73: "background"
      RenderTable {table} at (0,1258) size 112x144 [border: (1px outset #808080)]
        RenderTableSection {tbody} at (1,1) size 110x142
          RenderTableRow {tr} at (0,2) size 110x68
            RenderTableCell {td} at (2,2) size 34x68 [bgcolor=#FF0000] [border: (1px inset #808080)] [r=0 c=0 rs=1 cs=1]
              RenderText {#text} at (2,2) size 30x64
                text run at (2,2) width 30: "table"
                text run at (2,18) width 30: "table"
                text run at (2,34) width 30: "table"
                text run at (2,50) width 30: "table"
            RenderTableCell {td} at (38,2) size 34x68 [bgcolor=#FF0000] [border: (1px inset #808080)] [r=0 c=1 rs=1 cs=1]
              RenderText {#text} at (2,2) size 30x64
                text run at (2,2) width 30: "table"
                text run at (2,18) width 30: "table"
                text run at (2,34) width 30: "table"
                text run at (2,50) width 30: "table"
            RenderTableCell {td} at (74,2) size 34x68 [bgcolor=#FF0000] [border: (1px inset #808080)] [r=0 c=2 rs=1 cs=1]
              RenderText {#text} at (2,2) size 30x64
                text run at (2,2) width 30: "table"
                text run at (2,18) width 30: "table"
                text run at (2,34) width 30: "table"
                text run at (2,50) width 30: "table"
          RenderTableRow {tr} at (0,72) size 110x68
            RenderTableCell {td} at (2,72) size 34x68 [bgcolor=#FF0000] [border: (1px inset #808080)] [r=1 c=0 rs=1 cs=1]
              RenderText {#text} at (2,2) size 30x64
                text run at (2,2) width 30: "table"
                text run at (2,18) width 30: "table"
                text run at (2,34) width 30: "table"
                text run at (2,50) width 30: "table"
            RenderTableCell {td} at (38,72) size 34x68 [bgcolor=#FF0000] [border: (1px inset #808080)] [r=1 c=1 rs=1 cs=1]
              RenderText {#text} at (2,2) size 30x64
                text run at (2,2) width 30: "table"
                text run at (2,18) width 30: "table"
                text run at (2,34) width 30: "table"
                text run at (2,50) width 30: "table"
            RenderTableCell {td} at (74,72) size 34x68 [bgcolor=#FF0000] [border: (1px inset #808080)] [r=1 c=2 rs=1 cs=1]
              RenderText {#text} at (2,2) size 30x64
                text run at (2,2) width 30: "table"
                text run at (2,18) width 30: "table"
                text run at (2,34) width 30: "table"
                text run at (2,50) width 30: "table"
      RenderBlock {p} at (0,1416) size 80x64
        RenderText {#text} at (0,0) size 74x64
          text run at (0,0) width 74: "Purple table"
          text run at (0,16) width 74: "with a white"
          text run at (0,32) width 30: "body"
          text run at (0,48) width 73: "background"
      RenderTable {table} at (0,1494) size 112x144 [border: (1px outset #808080)]
        RenderTableSection {tbody} at (1,1) size 110x142
          RenderTableRow {tr} at (0,2) size 110x68
            RenderTableCell {td} at (2,2) size 34x68 [bgcolor=#800080] [border: (1px inset #808080)] [r=0 c=0 rs=1 cs=1]
              RenderText {#text} at (2,2) size 30x64
                text run at (2,2) width 30: "table"
                text run at (2,18) width 30: "table"
                text run at (2,34) width 30: "table"
                text run at (2,50) width 30: "table"
            RenderTableCell {td} at (38,2) size 34x68 [bgcolor=#800080] [border: (1px inset #808080)] [r=0 c=1 rs=1 cs=1]
              RenderText {#text} at (2,2) size 30x64
                text run at (2,2) width 30: "table"
                text run at (2,18) width 30: "table"
                text run at (2,34) width 30: "table"
                text run at (2,50) width 30: "table"
            RenderTableCell {td} at (74,2) size 34x68 [bgcolor=#800080] [border: (1px inset #808080)] [r=0 c=2 rs=1 cs=1]
              RenderText {#text} at (2,2) size 30x64
                text run at (2,2) width 30: "table"
                text run at (2,18) width 30: "table"
                text run at (2,34) width 30: "table"
                text run at (2,50) width 30: "table"
          RenderTableRow {tr} at (0,72) size 110x68
            RenderTableCell {td} at (2,72) size 34x68 [bgcolor=#800080] [border: (1px inset #808080)] [r=1 c=0 rs=1 cs=1]
              RenderText {#text} at (2,2) size 30x64
                text run at (2,2) width 30: "table"
                text run at (2,18) width 30: "table"
                text run at (2,34) width 30: "table"
                text run at (2,50) width 30: "table"
            RenderTableCell {td} at (38,72) size 34x68 [bgcolor=#800080] [border: (1px inset #808080)] [r=1 c=1 rs=1 cs=1]
              RenderText {#text} at (2,2) size 30x64
                text run at (2,2) width 30: "table"
                text run at (2,18) width 30: "table"
                text run at (2,34) width 30: "table"
                text run at (2,50) width 30: "table"
            RenderTableCell {td} at (74,72) size 34x68 [bgcolor=#800080] [border: (1px inset #808080)] [r=1 c=2 rs=1 cs=1]
              RenderText {#text} at (2,2) size 30x64
                text run at (2,2) width 30: "table"
                text run at (2,18) width 30: "table"
                text run at (2,34) width 30: "table"
                text run at (2,50) width 30: "table"
      RenderBlock {p} at (0,1652) size 80x64
        RenderText {#text} at (0,0) size 73x64
          text run at (0,0) width 48: "Fuchsia"
          text run at (0,16) width 71: "table with a"
          text run at (0,32) width 67: "white body"
          text run at (0,48) width 73: "background"
      RenderTable {table} at (0,1730) size 112x144 [border: (1px outset #808080)]
        RenderTableSection {tbody} at (1,1) size 110x142
          RenderTableRow {tr} at (0,2) size 110x68
            RenderTableCell {td} at (2,2) size 34x68 [bgcolor=#FF00FF] [border: (1px inset #808080)] [r=0 c=0 rs=1 cs=1]
              RenderText {#text} at (2,2) size 30x64
                text run at (2,2) width 30: "table"
                text run at (2,18) width 30: "table"
                text run at (2,34) width 30: "table"
                text run at (2,50) width 30: "table"
            RenderTableCell {td} at (38,2) size 34x68 [bgcolor=#FF00FF] [border: (1px inset #808080)] [r=0 c=1 rs=1 cs=1]
              RenderText {#text} at (2,2) size 30x64
                text run at (2,2) width 30: "table"
                text run at (2,18) width 30: "table"
                text run at (2,34) width 30: "table"
                text run at (2,50) width 30: "table"
            RenderTableCell {td} at (74,2) size 34x68 [bgcolor=#FF00FF] [border: (1px inset #808080)] [r=0 c=2 rs=1 cs=1]
              RenderText {#text} at (2,2) size 30x64
                text run at (2,2) width 30: "table"
                text run at (2,18) width 30: "table"
                text run at (2,34) width 30: "table"
                text run at (2,50) width 30: "table"
          RenderTableRow {tr} at (0,72) size 110x68
            RenderTableCell {td} at (2,72) size 34x68 [bgcolor=#FF00FF] [border: (1px inset #808080)] [r=1 c=0 rs=1 cs=1]
              RenderText {#text} at (2,2) size 30x64
                text run at (2,2) width 30: "table"
                text run at (2,18) width 30: "table"
                text run at (2,34) width 30: "table"
                text run at (2,50) width 30: "table"
            RenderTableCell {td} at (38,72) size 34x68 [bgcolor=#FF00FF] [border: (1px inset #808080)] [r=1 c=1 rs=1 cs=1]
              RenderText {#text} at (2,2) size 30x64
                text run at (2,2) width 30: "table"
                text run at (2,18) width 30: "table"
                text run at (2,34) width 30: "table"
                text run at (2,50) width 30: "table"
            RenderTableCell {td} at (74,72) size 34x68 [bgcolor=#FF00FF] [border: (1px inset #808080)] [r=1 c=2 rs=1 cs=1]
              RenderText {#text} at (2,2) size 30x64
                text run at (2,2) width 30: "table"
                text run at (2,18) width 30: "table"
                text run at (2,34) width 30: "table"
                text run at (2,50) width 30: "table"
      RenderBlock {p} at (0,1888) size 80x64
        RenderText {#text} at (0,0) size 74x64
          text run at (0,0) width 74: "Green table"
          text run at (0,16) width 74: "with a white"
          text run at (0,32) width 30: "body"
          text run at (0,48) width 73: "background"
      RenderTable {table} at (0,1966) size 112x144 [border: (1px outset #808080)]
        RenderTableSection {tbody} at (1,1) size 110x142
          RenderTableRow {tr} at (0,2) size 110x68
            RenderTableCell {td} at (2,2) size 34x68 [bgcolor=#008000] [border: (1px inset #808080)] [r=0 c=0 rs=1 cs=1]
              RenderText {#text} at (2,2) size 30x64
                text run at (2,2) width 30: "table"
                text run at (2,18) width 30: "table"
                text run at (2,34) width 30: "table"
                text run at (2,50) width 30: "table"
            RenderTableCell {td} at (38,2) size 34x68 [bgcolor=#008000] [border: (1px inset #808080)] [r=0 c=1 rs=1 cs=1]
              RenderText {#text} at (2,2) size 30x64
                text run at (2,2) width 30: "table"
                text run at (2,18) width 30: "table"
                text run at (2,34) width 30: "table"
                text run at (2,50) width 30: "table"
            RenderTableCell {td} at (74,2) size 34x68 [bgcolor=#008000] [border: (1px inset #808080)] [r=0 c=2 rs=1 cs=1]
              RenderText {#text} at (2,2) size 30x64
                text run at (2,2) width 30: "table"
                text run at (2,18) width 30: "table"
                text run at (2,34) width 30: "table"
                text run at (2,50) width 30: "table"
          RenderTableRow {tr} at (0,72) size 110x68
            RenderTableCell {td} at (2,72) size 34x68 [bgcolor=#008000] [border: (1px inset #808080)] [r=1 c=0 rs=1 cs=1]
              RenderText {#text} at (2,2) size 30x64
                text run at (2,2) width 30: "table"
                text run at (2,18) width 30: "table"
                text run at (2,34) width 30: "table"
                text run at (2,50) width 30: "table"
            RenderTableCell {td} at (38,72) size 34x68 [bgcolor=#008000] [border: (1px inset #808080)] [r=1 c=1 rs=1 cs=1]
              RenderText {#text} at (2,2) size 30x64
                text run at (2,2) width 30: "table"
                text run at (2,18) width 30: "table"
                text run at (2,34) width 30: "table"
                text run at (2,50) width 30: "table"
            RenderTableCell {td} at (74,72) size 34x68 [bgcolor=#008000] [border: (1px inset #808080)] [r=1 c=2 rs=1 cs=1]
              RenderText {#text} at (2,2) size 30x64
                text run at (2,2) width 30: "table"
                text run at (2,18) width 30: "table"
                text run at (2,34) width 30: "table"
                text run at (2,50) width 30: "table"
      RenderBlock {p} at (0,2124) size 80x64
        RenderText {#text} at (0,0) size 74x64
          text run at (0,0) width 64: "Lime table"
          text run at (0,16) width 74: "with a white"
          text run at (0,32) width 30: "body"
          text run at (0,48) width 73: "background"
      RenderTable {table} at (0,2202) size 112x144 [border: (1px outset #808080)]
        RenderTableSection {tbody} at (1,1) size 110x142
          RenderTableRow {tr} at (0,2) size 110x68
            RenderTableCell {td} at (2,2) size 34x68 [bgcolor=#00FF00] [border: (1px inset #808080)] [r=0 c=0 rs=1 cs=1]
              RenderText {#text} at (2,2) size 30x64
                text run at (2,2) width 30: "table"
                text run at (2,18) width 30: "table"
                text run at (2,34) width 30: "table"
                text run at (2,50) width 30: "table"
            RenderTableCell {td} at (38,2) size 34x68 [bgcolor=#00FF00] [border: (1px inset #808080)] [r=0 c=1 rs=1 cs=1]
              RenderText {#text} at (2,2) size 30x64
                text run at (2,2) width 30: "table"
                text run at (2,18) width 30: "table"
                text run at (2,34) width 30: "table"
                text run at (2,50) width 30: "table"
            RenderTableCell {td} at (74,2) size 34x68 [bgcolor=#00FF00] [border: (1px inset #808080)] [r=0 c=2 rs=1 cs=1]
              RenderText {#text} at (2,2) size 30x64
                text run at (2,2) width 30: "table"
                text run at (2,18) width 30: "table"
                text run at (2,34) width 30: "table"
                text run at (2,50) width 30: "table"
          RenderTableRow {tr} at (0,72) size 110x68
            RenderTableCell {td} at (2,72) size 34x68 [bgcolor=#00FF00] [border: (1px inset #808080)] [r=1 c=0 rs=1 cs=1]
              RenderText {#text} at (2,2) size 30x64
                text run at (2,2) width 30: "table"
                text run at (2,18) width 30: "table"
                text run at (2,34) width 30: "table"
                text run at (2,50) width 30: "table"
            RenderTableCell {td} at (38,72) size 34x68 [bgcolor=#00FF00] [border: (1px inset #808080)] [r=1 c=1 rs=1 cs=1]
              RenderText {#text} at (2,2) size 30x64
                text run at (2,2) width 30: "table"
                text run at (2,18) width 30: "table"
                text run at (2,34) width 30: "table"
                text run at (2,50) width 30: "table"
            RenderTableCell {td} at (74,72) size 34x68 [bgcolor=#00FF00] [border: (1px inset #808080)] [r=1 c=2 rs=1 cs=1]
              RenderText {#text} at (2,2) size 30x64
                text run at (2,2) width 30: "table"
                text run at (2,18) width 30: "table"
                text run at (2,34) width 30: "table"
                text run at (2,50) width 30: "table"
      RenderBlock {p} at (0,2360) size 80x64
        RenderText {#text} at (0,0) size 74x64
          text run at (0,0) width 66: "Olive table"
          text run at (0,16) width 74: "with a white"
          text run at (0,32) width 30: "body"
          text run at (0,48) width 73: "background"
      RenderTable {table} at (0,2438) size 112x144 [border: (1px outset #808080)]
        RenderTableSection {tbody} at (1,1) size 110x142
          RenderTableRow {tr} at (0,2) size 110x68
            RenderTableCell {td} at (2,2) size 34x68 [bgcolor=#808000] [border: (1px inset #808080)] [r=0 c=0 rs=1 cs=1]
              RenderText {#text} at (2,2) size 30x64
                text run at (2,2) width 30: "table"
                text run at (2,18) width 30: "table"
                text run at (2,34) width 30: "table"
                text run at (2,50) width 30: "table"
            RenderTableCell {td} at (38,2) size 34x68 [bgcolor=#808000] [border: (1px inset #808080)] [r=0 c=1 rs=1 cs=1]
              RenderText {#text} at (2,2) size 30x64
                text run at (2,2) width 30: "table"
                text run at (2,18) width 30: "table"
                text run at (2,34) width 30: "table"
                text run at (2,50) width 30: "table"
            RenderTableCell {td} at (74,2) size 34x68 [bgcolor=#808000] [border: (1px inset #808080)] [r=0 c=2 rs=1 cs=1]
              RenderText {#text} at (2,2) size 30x64
                text run at (2,2) width 30: "table"
                text run at (2,18) width 30: "table"
                text run at (2,34) width 30: "table"
                text run at (2,50) width 30: "table"
          RenderTableRow {tr} at (0,72) size 110x68
            RenderTableCell {td} at (2,72) size 34x68 [bgcolor=#808000] [border: (1px inset #808080)] [r=1 c=0 rs=1 cs=1]
              RenderText {#text} at (2,2) size 30x64
                text run at (2,2) width 30: "table"
                text run at (2,18) width 30: "table"
                text run at (2,34) width 30: "table"
                text run at (2,50) width 30: "table"
            RenderTableCell {td} at (38,72) size 34x68 [bgcolor=#808000] [border: (1px inset #808080)] [r=1 c=1 rs=1 cs=1]
              RenderText {#text} at (2,2) size 30x64
                text run at (2,2) width 30: "table"
                text run at (2,18) width 30: "table"
                text run at (2,34) width 30: "table"
                text run at (2,50) width 30: "table"
            RenderTableCell {td} at (74,72) size 34x68 [bgcolor=#808000] [border: (1px inset #808080)] [r=1 c=2 rs=1 cs=1]
              RenderText {#text} at (2,2) size 30x64
                text run at (2,2) width 30: "table"
                text run at (2,18) width 30: "table"
                text run at (2,34) width 30: "table"
                text run at (2,50) width 30: "table"
      RenderBlock {p} at (0,2596) size 80x64
        RenderText {#text} at (0,0) size 75x64
          text run at (0,0) width 75: "Yellow table"
          text run at (0,16) width 74: "with a white"
          text run at (0,32) width 30: "body"
          text run at (0,48) width 73: "background"
      RenderTable {table} at (0,2674) size 112x144 [border: (1px outset #808080)]
        RenderTableSection {tbody} at (1,1) size 110x142
          RenderTableRow {tr} at (0,2) size 110x68
            RenderTableCell {td} at (2,2) size 34x68 [bgcolor=#FFFF00] [border: (1px inset #808080)] [r=0 c=0 rs=1 cs=1]
              RenderText {#text} at (2,2) size 30x64
                text run at (2,2) width 30: "table"
                text run at (2,18) width 30: "table"
                text run at (2,34) width 30: "table"
                text run at (2,50) width 30: "table"
            RenderTableCell {td} at (38,2) size 34x68 [bgcolor=#FFFF00] [border: (1px inset #808080)] [r=0 c=1 rs=1 cs=1]
              RenderText {#text} at (2,2) size 30x64
                text run at (2,2) width 30: "table"
                text run at (2,18) width 30: "table"
                text run at (2,34) width 30: "table"
                text run at (2,50) width 30: "table"
            RenderTableCell {td} at (74,2) size 34x68 [bgcolor=#FFFF00] [border: (1px inset #808080)] [r=0 c=2 rs=1 cs=1]
              RenderText {#text} at (2,2) size 30x64
                text run at (2,2) width 30: "table"
                text run at (2,18) width 30: "table"
                text run at (2,34) width 30: "table"
                text run at (2,50) width 30: "table"
          RenderTableRow {tr} at (0,72) size 110x68
            RenderTableCell {td} at (2,72) size 34x68 [bgcolor=#FFFF00] [border: (1px inset #808080)] [r=1 c=0 rs=1 cs=1]
              RenderText {#text} at (2,2) size 30x64
                text run at (2,2) width 30: "table"
                text run at (2,18) width 30: "table"
                text run at (2,34) width 30: "table"
                text run at (2,50) width 30: "table"
            RenderTableCell {td} at (38,72) size 34x68 [bgcolor=#FFFF00] [border: (1px inset #808080)] [r=1 c=1 rs=1 cs=1]
              RenderText {#text} at (2,2) size 30x64
                text run at (2,2) width 30: "table"
                text run at (2,18) width 30: "table"
                text run at (2,34) width 30: "table"
                text run at (2,50) width 30: "table"
            RenderTableCell {td} at (74,72) size 34x68 [bgcolor=#FFFF00] [border: (1px inset #808080)] [r=1 c=2 rs=1 cs=1]
              RenderText {#text} at (2,2) size 30x64
                text run at (2,2) width 30: "table"
                text run at (2,18) width 30: "table"
                text run at (2,34) width 30: "table"
                text run at (2,50) width 30: "table"
      RenderBlock {p} at (0,2832) size 80x64
        RenderText {#text} at (0,0) size 74x64
          text run at (0,0) width 66: "Navy table"
          text run at (0,16) width 74: "with a white"
          text run at (0,32) width 30: "body"
          text run at (0,48) width 73: "background"
      RenderTable {table} at (0,2910) size 112x144 [border: (1px outset #808080)]
        RenderTableSection {tbody} at (1,1) size 110x142
          RenderTableRow {tr} at (0,2) size 110x68
            RenderTableCell {td} at (2,2) size 34x68 [bgcolor=#000080] [border: (1px inset #808080)] [r=0 c=0 rs=1 cs=1]
              RenderText {#text} at (2,2) size 30x64
                text run at (2,2) width 30: "table"
                text run at (2,18) width 30: "table"
                text run at (2,34) width 30: "table"
                text run at (2,50) width 30: "table"
            RenderTableCell {td} at (38,2) size 34x68 [bgcolor=#000080] [border: (1px inset #808080)] [r=0 c=1 rs=1 cs=1]
              RenderText {#text} at (2,2) size 30x64
                text run at (2,2) width 30: "table"
                text run at (2,18) width 30: "table"
                text run at (2,34) width 30: "table"
                text run at (2,50) width 30: "table"
            RenderTableCell {td} at (74,2) size 34x68 [bgcolor=#000080] [border: (1px inset #808080)] [r=0 c=2 rs=1 cs=1]
              RenderText {#text} at (2,2) size 30x64
                text run at (2,2) width 30: "table"
                text run at (2,18) width 30: "table"
                text run at (2,34) width 30: "table"
                text run at (2,50) width 30: "table"
          RenderTableRow {tr} at (0,72) size 110x68
            RenderTableCell {td} at (2,72) size 34x68 [bgcolor=#000080] [border: (1px inset #808080)] [r=1 c=0 rs=1 cs=1]
              RenderText {#text} at (2,2) size 30x64
                text run at (2,2) width 30: "table"
                text run at (2,18) width 30: "table"
                text run at (2,34) width 30: "table"
                text run at (2,50) width 30: "table"
            RenderTableCell {td} at (38,72) size 34x68 [bgcolor=#000080] [border: (1px inset #808080)] [r=1 c=1 rs=1 cs=1]
              RenderText {#text} at (2,2) size 30x64
                text run at (2,2) width 30: "table"
                text run at (2,18) width 30: "table"
                text run at (2,34) width 30: "table"
                text run at (2,50) width 30: "table"
            RenderTableCell {td} at (74,72) size 34x68 [bgcolor=#000080] [border: (1px inset #808080)] [r=1 c=2 rs=1 cs=1]
              RenderText {#text} at (2,2) size 30x64
                text run at (2,2) width 30: "table"
                text run at (2,18) width 30: "table"
                text run at (2,34) width 30: "table"
                text run at (2,50) width 30: "table"
      RenderBlock {p} at (0,3068) size 80x64
        RenderText {#text} at (0,0) size 74x64
          text run at (0,0) width 61: "Blue table"
          text run at (0,16) width 74: "with a white"
          text run at (0,32) width 30: "body"
          text run at (0,48) width 73: "background"
      RenderTable {table} at (0,3146) size 112x144 [border: (1px outset #808080)]
        RenderTableSection {tbody} at (1,1) size 110x142
          RenderTableRow {tr} at (0,2) size 110x68
            RenderTableCell {td} at (2,2) size 34x68 [bgcolor=#0000FF] [border: (1px inset #808080)] [r=0 c=0 rs=1 cs=1]
              RenderText {#text} at (2,2) size 30x64
                text run at (2,2) width 30: "table"
                text run at (2,18) width 30: "table"
                text run at (2,34) width 30: "table"
                text run at (2,50) width 30: "table"
            RenderTableCell {td} at (38,2) size 34x68 [bgcolor=#0000FF] [border: (1px inset #808080)] [r=0 c=1 rs=1 cs=1]
              RenderText {#text} at (2,2) size 30x64
                text run at (2,2) width 30: "table"
                text run at (2,18) width 30: "table"
                text run at (2,34) width 30: "table"
                text run at (2,50) width 30: "table"
            RenderTableCell {td} at (74,2) size 34x68 [bgcolor=#0000FF] [border: (1px inset #808080)] [r=0 c=2 rs=1 cs=1]
              RenderText {#text} at (2,2) size 30x64
                text run at (2,2) width 30: "table"
                text run at (2,18) width 30: "table"
                text run at (2,34) width 30: "table"
                text run at (2,50) width 30: "table"
          RenderTableRow {tr} at (0,72) size 110x68
            RenderTableCell {td} at (2,72) size 34x68 [bgcolor=#0000FF] [border: (1px inset #808080)] [r=1 c=0 rs=1 cs=1]
              RenderText {#text} at (2,2) size 30x64
                text run at (2,2) width 30: "table"
                text run at (2,18) width 30: "table"
                text run at (2,34) width 30: "table"
                text run at (2,50) width 30: "table"
            RenderTableCell {td} at (38,72) size 34x68 [bgcolor=#0000FF] [border: (1px inset #808080)] [r=1 c=1 rs=1 cs=1]
              RenderText {#text} at (2,2) size 30x64
                text run at (2,2) width 30: "table"
                text run at (2,18) width 30: "table"
                text run at (2,34) width 30: "table"
                text run at (2,50) width 30: "table"
            RenderTableCell {td} at (74,72) size 34x68 [bgcolor=#0000FF] [border: (1px inset #808080)] [r=1 c=2 rs=1 cs=1]
              RenderText {#text} at (2,2) size 30x64
                text run at (2,2) width 30: "table"
                text run at (2,18) width 30: "table"
                text run at (2,34) width 30: "table"
                text run at (2,50) width 30: "table"
      RenderBlock {p} at (0,3304) size 80x64
        RenderText {#text} at (0,0) size 74x64
          text run at (0,0) width 62: "Teal table"
          text run at (0,16) width 74: "with a white"
          text run at (0,32) width 30: "body"
          text run at (0,48) width 73: "background"
      RenderTable {table} at (0,3382) size 104x138
        RenderTableSection {tbody} at (0,0) size 104x138
          RenderTableRow {tr} at (0,2) size 104x66
            RenderTableCell {td} at (2,2) size 32x66 [bgcolor=#008080] [r=0 c=0 rs=1 cs=1]
              RenderText {#text} at (1,1) size 30x64
                text run at (1,1) width 30: "table"
                text run at (1,17) width 30: "table"
                text run at (1,33) width 30: "table"
                text run at (1,49) width 30: "table"
            RenderTableCell {td} at (36,2) size 32x66 [bgcolor=#008080] [r=0 c=1 rs=1 cs=1]
              RenderText {#text} at (1,1) size 30x64
                text run at (1,1) width 30: "table"
                text run at (1,17) width 30: "table"
                text run at (1,33) width 30: "table"
                text run at (1,49) width 30: "table"
            RenderTableCell {td} at (70,2) size 32x66 [bgcolor=#008080] [r=0 c=2 rs=1 cs=1]
              RenderText {#text} at (1,1) size 30x64
                text run at (1,1) width 30: "table"
                text run at (1,17) width 30: "table"
                text run at (1,33) width 30: "table"
                text run at (1,49) width 30: "table"
          RenderTableRow {tr} at (0,70) size 104x66
            RenderTableCell {td} at (2,70) size 32x66 [bgcolor=#008080] [r=1 c=0 rs=1 cs=1]
              RenderText {#text} at (1,1) size 30x64
                text run at (1,1) width 30: "table"
                text run at (1,17) width 30: "table"
                text run at (1,33) width 30: "table"
                text run at (1,49) width 30: "table"
            RenderTableCell {td} at (36,70) size 32x66 [bgcolor=#008080] [r=1 c=1 rs=1 cs=1]
              RenderText {#text} at (1,1) size 30x64
                text run at (1,1) width 30: "table"
                text run at (1,17) width 30: "table"
                text run at (1,33) width 30: "table"
                text run at (1,49) width 30: "table"
            RenderTableCell {td} at (70,70) size 32x66 [bgcolor=#008080] [r=1 c=2 rs=1 cs=1]
              RenderText {#text} at (1,1) size 30x64
                text run at (1,1) width 30: "table"
                text run at (1,17) width 30: "table"
                text run at (1,33) width 30: "table"
                text run at (1,49) width 30: "table"
      RenderBlock {p} at (0,3534) size 80x64
        RenderText {#text} at (0,0) size 74x64
          text run at (0,0) width 66: "Aqua table"
          text run at (0,16) width 74: "with a white"
          text run at (0,32) width 30: "body"
          text run at (0,48) width 73: "background"
      RenderTable {table} at (0,3612) size 112x144 [border: (1px outset #808080)]
        RenderTableSection {tbody} at (1,1) size 110x142
          RenderTableRow {tr} at (0,2) size 110x68
            RenderTableCell {td} at (2,2) size 34x68 [bgcolor=#00FFFF] [border: (1px inset #808080)] [r=0 c=0 rs=1 cs=1]
              RenderText {#text} at (2,2) size 30x64
                text run at (2,2) width 30: "table"
                text run at (2,18) width 30: "table"
                text run at (2,34) width 30: "table"
                text run at (2,50) width 30: "table"
            RenderTableCell {td} at (38,2) size 34x68 [bgcolor=#00FFFF] [border: (1px inset #808080)] [r=0 c=1 rs=1 cs=1]
              RenderText {#text} at (2,2) size 30x64
                text run at (2,2) width 30: "table"
                text run at (2,18) width 30: "table"
                text run at (2,34) width 30: "table"
                text run at (2,50) width 30: "table"
            RenderTableCell {td} at (74,2) size 34x68 [bgcolor=#00FFFF] [border: (1px inset #808080)] [r=0 c=2 rs=1 cs=1]
              RenderText {#text} at (2,2) size 30x64
                text run at (2,2) width 30: "table"
                text run at (2,18) width 30: "table"
                text run at (2,34) width 30: "table"
                text run at (2,50) width 30: "table"
          RenderTableRow {tr} at (0,72) size 110x68
            RenderTableCell {td} at (2,72) size 34x68 [bgcolor=#00FFFF] [border: (1px inset #808080)] [r=1 c=0 rs=1 cs=1]
              RenderText {#text} at (2,2) size 30x64
                text run at (2,2) width 30: "table"
                text run at (2,18) width 30: "table"
                text run at (2,34) width 30: "table"
                text run at (2,50) width 30: "table"
            RenderTableCell {td} at (38,72) size 34x68 [bgcolor=#00FFFF] [border: (1px inset #808080)] [r=1 c=1 rs=1 cs=1]
              RenderText {#text} at (2,2) size 30x64
                text run at (2,2) width 30: "table"
                text run at (2,18) width 30: "table"
                text run at (2,34) width 30: "table"
                text run at (2,50) width 30: "table"
            RenderTableCell {td} at (74,72) size 34x68 [bgcolor=#00FFFF] [border: (1px inset #808080)] [r=1 c=2 rs=1 cs=1]
              RenderText {#text} at (2,2) size 30x64
                text run at (2,2) width 30: "table"
                text run at (2,18) width 30: "table"
                text run at (2,34) width 30: "table"
                text run at (2,50) width 30: "table"
