layer at (0,0) size 170x90
  RenderView at (0,0) size 96x26
layer at (0,0) size 170x90
  RenderBlock {html} at (0,0) size 96x90
    RenderBody {body} at (8,8) size 80x74
      RenderTable {table} at (0,0) size 162x74 [border: (1px outset #808080)]
        RenderTableSection {tbody} at (1,1) size 160x72
          RenderTableRow {tr} at (0,2) size 160x68
            RenderTableCell {td} at (2,2) size 77x68 [bgcolor=#00FF00] [border: (1px inset #808080)] [r=0 c=0 rs=1 cs=1]
              RenderText {#text} at (2,2) size 73x64
                text run at (2,2) width 52: "This cell"
                text run at (2,18) width 41: "should"
                text run at (2,34) width 72: "have a lime"
                text run at (2,50) width 73: "background"
            RenderTableCell {td} at (81,2) size 77x68 [bgcolor=#00FF00] [border: (1px inset #808080)] [r=0 c=1 rs=1 cs=1]
              RenderText {#text} at (2,2) size 73x64
                text run at (2,2) width 52: "This cell"
                text run at (2,18) width 41: "should"
                text run at (2,34) width 72: "have a lime"
                text run at (2,50) width 73: "background"
