layer at (0,0) size 809x64
  RenderView at (0,0) size 96x26
layer at (0,0) size 809x64
  RenderBlock {html} at (0,0) size 96x64
    RenderBody {body} at (8,8) size 80x48
      RenderTable {table} at (0,0) size 801x48 [border: (1px outset #808080)]
        RenderTableSection {tbody} at (1,1) size 799x46
          RenderTableRow {tr} at (0,2) size 799x20
            RenderTableCell {td} at (2,2) size 795x20 [border: (1px inset #808080)] [r=0 c=0 rs=1 cs=1]
              RenderText {#text} at (2,2) size 791x16
                text run at (2,2) width 259: "The text in the cell should not wrap upon "
                text run at (261,2) width 228: "window resizing    x-fill x-fill x-fill x-fill "
                text run at (489,2) width 252: "x-fill x-fill x-fill x-fill x-fill x-fill x-fill x-fill x-fill "
                text run at (741,2) width 52: "x-fill x-fill"
          RenderTableRow {tr} at (0,24) size 799x20
            RenderTableCell {td} at (2,24) size 795x20 [border: (1px inset #808080)] [r=1 c=0 rs=1 cs=1]
              RenderText {#text} at (2,2) size 791x16
                text run at (2,2) width 259: "The text in the cell should not wrap upon "
                text run at (261,2) width 228: "window resizing    x-fill x-fill x-fill x-fill "
                text run at (489,2) width 252: "x-fill x-fill x-fill x-fill x-fill x-fill x-fill x-fill x-fill "
                text run at (741,2) width 52: "x-fill x-fill"
