layer at (0,0) size 800x600
  RenderView at (0,0) size 800x600
layer at (0,0) size 800x287
  RenderBlock {html} at (0,0) size 800x287
    RenderBody {body} at (8,14) size 784x265
      RenderBlock {p} at (0,0) size 784x16
        RenderText {#text} at (0,0) size 150x16
          text run at (0,0) width 150: "TD VALIGN=BASELINE"
      RenderTable {table} at (0,30) size 784x235 [border: (1px outset #808080)]
        RenderTableSection {tbody} at (1,1) size 782x233
          RenderTableRow {tr} at (0,2) size 782x229
            RenderTableCell {td} at (2,27) size 200x84 [border: (1px inset #808080)] [r=0 c=0 rs=1 cs=1]
              RenderText {#text} at (2,2) size 187x80
                text run at (2,2) width 178: "Compare the baseline of the"
                text run at (2,18) width 69: "first line of "
                text run at (71,18) width 118: "text in this cell with"
                text run at (2,34) width 185: "the baseline of the first line of"
                text run at (2,50) width 42: "text in "
                text run at (44,50) width 110: "the next cell: they"
                text run at (2,66) width 169: "should be vertically aligned"
            RenderTableCell {td} at (204,2) size 576x229 [border: (1px inset #808080)] [r=0 c=1 rs=1 cs=1]
              RenderText {#text} at (2,3) size 524x222
                text run at (2,3) width 399: "Compare the baseline "
                text run at (401,3) width 99: "of the"
                text run at (2,48) width 524: "first line of text in this cell with"
                text run at (2,93) width 335: "the baseline of the "
                text run at (337,93) width 181: "first line of"
                text run at (2,138) width 501: "text in the previous cell: they"
                text run at (2,183) width 349: "should be vertically "
                text run at (351,183) width 128: "aligned"
