layer at (0,0) size 800x600
  RenderView at (0,0) size 800x600
layer at (0,0) size 800x313
  RenderBlock {html} at (0,0) size 800x313
    RenderBody {body} at (8,14) size 784x291
      RenderBlock {p} at (0,0) size 784x16
        RenderText {#text} at (0,0) size 173x16
          text run at (0,0) width 173: "TFOOT VALIGN=BOTTOM"
      RenderTable {table} at (0,30) size 784x261 [border: (1px outset #808080)]
        RenderTableSection {thead} at (1,1) size 782x24
          RenderTableRow {tr} at (0,2) size 782x20
            RenderTableCell {td} at (2,2) size 204x20 [border: (1px inset #808080)] [r=0 c=0 rs=1 cs=1]
              RenderText {#text} at (2,2) size 47x16
                text run at (2,2) width 47: "THEAD"
            RenderTableCell {td} at (208,2) size 572x20 [border: (1px inset #808080)] [r=0 c=1 rs=1 cs=1]
              RenderText {#text} at (2,2) size 47x16
                text run at (2,2) width 47: "THEAD"
        RenderTableSection {tfoot} at (1,49) size 782x211
          RenderTableRow {tr} at (0,2) size 782x207
            RenderTableCell {td} at (2,2) size 204x207 [border: (1px inset #808080)] [r=0 c=0 rs=1 cs=1]
              RenderImage {img} at (2,2) size 200x200
            RenderTableCell {td} at (208,157) size 572x52 [border: (1px inset #808080)] [r=0 c=1 rs=1 cs=1]
              RenderText {#text} at (2,2) size 568x48
                text run at (2,2) width 357: "The bottom of this text should be vertically aligned to the "
                text run at (359,2) width 211: "bottom of the image. x-fill x-fill x-fill"
                text run at (2,18) width 84: "x-fill x-fill x-fill "
                text run at (86,18) width 252: "x-fill x-fill x-fill x-fill x-fill x-fill x-fill x-fill x-fill "
                text run at (338,18) width 220: "x-fill x-fill x-fill x-fill x-fill x-fill x-fill x-fill"
                text run at (2,34) width 28: "x-fill "
                text run at (30,34) width 108: "x-fill x-fill x-fill x-fill"
        RenderTableSection {tbody} at (1,25) size 782x24
          RenderTableRow {tr} at (0,2) size 782x20
            RenderTableCell {td} at (2,2) size 204x20 [border: (1px inset #808080)] [r=0 c=0 rs=1 cs=1]
              RenderText {#text} at (2,2) size 48x16
                text run at (2,2) width 48: "TBODY"
            RenderTableCell {td} at (208,2) size 572x20 [border: (1px inset #808080)] [r=0 c=1 rs=1 cs=1]
              RenderText {#text} at (2,2) size 48x16
                text run at (2,2) width 48: "TBODY"
