layer at (0,0) size 96x254
  RenderView at (0,0) size 96x26
layer at (0,0) size 96x254
  RenderBlock {html} at (0,0) size 96x254
    RenderBody {body} at (8,14) size 80x232
      RenderBlock {p} at (0,0) size 80x80
        RenderText {#text} at (0,0) size 72x80
          text run at (0,0) width 68: "In this test,"
          text run at (0,16) width 72: "the TFOOT"
          text run at (0,32) width 68: "text should"
          text run at (0,48) width 38: "be left"
          text run at (0,64) width 46: "aligned"
      RenderTable {table} at (0,94) size 80x138 [border: (1px outset #808080)]
        RenderTableSection {thead} at (1,1) size 78x56
          RenderTableRow {tr} at (0,2) size 78x52
            RenderTableCell {td} at (2,2) size 74x52 [border: (1px inset #808080)] [r=0 c=0 rs=1 cs=1]
              RenderText {#text} at (2,2) size 68x48
                text run at (2,2) width 68: "This text is"
                text run at (2,18) width 35: "in the"
                text run at (2,34) width 47: "THEAD"
        RenderTableSection {tfoot} at (1,113) size 78x24
          RenderTableRow {tr} at (0,2) size 78x20
            RenderTableCell {td} at (2,2) size 74x20 [border: (1px inset #808080)] [r=0 c=0 rs=1 cs=1]
              RenderText {#text} at (2,2) size 48x16
                text run at (2,2) width 48: "TFOOT"
        RenderTableSection {tbody} at (1,57) size 78x56
          RenderTableRow {tr} at (0,2) size 78x52
            RenderTableCell {td} at (2,2) size 74x52 [border: (1px inset #808080)] [r=0 c=0 rs=1 cs=1]
              RenderText {#text} at (2,2) size 68x48
                text run at (2,2) width 68: "This text is"
                text run at (2,18) width 35: "in the"
                text run at (2,34) width 48: "TBODY"
