layer at (0,0) size 800x600
  RenderView at (0,0) size 800x600
layer at (0,0) size 800x335
  RenderBlock {html} at (0,0) size 800x335
    RenderBody {body} at (8,14) size 784x313
      RenderBlock {p} at (0,0) size 784x16
        RenderText {#text} at (0,0) size 178x16
          text run at (0,0) width 178: "THEAD VALIGN=BASELINE"
      RenderTable {table} at (0,30) size 784x283 [border: (1px outset #808080)]
        RenderTableSection {thead} at (1,1) size 782x233
          RenderTableRow {tr} at (0,2) size 782x229
            RenderTableCell {td} at (2,27) size 200x84 [border: (1px inset #808080)] [r=0 c=0 rs=1 cs=1]
              RenderText {#text} at (2,2) size 187x80
                text run at (2,2) width 178: "Compare the baseline of the"
                text run at (2,18) width 162: "first line of text in this cell "
                text run at (164,18) width 25: "with"
                text run at (2,34) width 185: "the baseline of the first line of"
                text run at (2,50) width 152: "text in the next cell: they"
                text run at (2,66) width 169: "should be vertically aligned"
            RenderTableCell {td} at (204,2) size 576x229 [border: (1px inset #808080)] [r=0 c=1 rs=1 cs=1]
              RenderText {#text} at (2,3) size 524x222
                text run at (2,3) width 498: "Compare the baseline of the"
                text run at (2,48) width 148: "first line "
                text run at (150,48) width 376: "of text in this cell with"
                text run at (2,93) width 516: "the baseline of the first line of"
                text run at (2,138) width 117: "text in "
                text run at (119,138) width 384: "the previous cell: they"
                text run at (2,183) width 477: "should be vertically aligned"
        RenderTableSection {tfoot} at (1,258) size 782x24
          RenderTableRow {tr} at (0,2) size 782x20
            RenderTableCell {td} at (2,2) size 200x20 [border: (1px inset #808080)] [r=0 c=0 rs=1 cs=1]
              RenderText {#text} at (2,2) size 48x16
                text run at (2,2) width 48: "TFOOT"
            RenderTableCell {td} at (204,2) size 576x20 [border: (1px inset #808080)] [r=0 c=1 rs=1 cs=1]
              RenderText {#text} at (2,2) size 48x16
                text run at (2,2) width 48: "TFOOT"
        RenderTableSection {tbody} at (1,234) size 782x24
          RenderTableRow {tr} at (0,2) size 782x20
            RenderTableCell {td} at (2,2) size 200x20 [border: (1px inset #808080)] [r=0 c=0 rs=1 cs=1]
              RenderText {#text} at (2,2) size 48x16
                text run at (2,2) width 48: "TBODY"
            RenderTableCell {td} at (204,2) size 576x20 [border: (1px inset #808080)] [r=0 c=1 rs=1 cs=1]
              RenderText {#text} at (2,2) size 48x16
                text run at (2,2) width 48: "TBODY"
