layer at (0,0) size 287x494
  RenderView at (0,0) size 96x26
layer at (0,0) size 287x494
  RenderBlock {html} at (0,0) size 96x494
    RenderBody {body} at (8,14) size 80x472
      RenderBlock {p} at (0,0) size 80x32
        RenderText {#text} at (0,0) size 121x32
          text run at (0,0) width 19: "TH"
          text run at (0,16) width 121: "VALIGN=BOTTOM"
      RenderTable {table} at (0,46) size 279x426 [border: (1px outset #808080)]
        RenderTableSection {tbody} at (1,1) size 277x424
          RenderTableRow {tr} at (0,2) size 277x420
            RenderTableCell {th} at (2,215) size 204x207 [border: (1px inset #808080)] [r=0 c=0 rs=1 cs=1]
              RenderImage {img} at (2,2) size 200x200
            RenderTableCell {th} at (208,2) size 67x420 [border: (1px inset #808080)] [r=0 c=1 rs=1 cs=1]
              RenderText {#text} at (21,2) size 63x416
                text run at (21,2) width 25: "The"
                text run at (9,18) width 49: "bottom"
                text run at (12,34) width 43: "of this"
                text run at (21,50) width 25: "text"
                text run at (9,66) width 48: "should"
                text run at (25,82) width 17: "be"
                text run at (2,98) width 63: "vertically"
                text run at (8,114) width 51: "aligned"
                text run at (13,130) width 40: "to the"
                text run at (9,146) width 49: "bottom"
                text run at (14,162) width 39: "of the"
                text run at (3,178) width 60: "image. x-"
                text run at (2,194) width 62: "fill x-fill x-"
                text run at (2,210) width 51: "fill x-fill "
                text run at (53,210) width 11: "x-"
                text run at (2,226) width 62: "fill x-fill x-"
                text run at (2,242) width 62: "fill x-fill x-"
                text run at (2,258) width 62: "fill x-fill x-"
                text run at (2,274) width 62: "fill x-fill x-"
                text run at (2,290) width 20: "fill "
                text run at (22,290) width 42: "x-fill x-"
                text run at (2,306) width 62: "fill x-fill x-"
                text run at (2,322) width 62: "fill x-fill x-"
                text run at (2,338) width 62: "fill x-fill x-"
                text run at (2,354) width 51: "fill x-fill "
                text run at (53,354) width 11: "x-"
                text run at (2,370) width 62: "fill x-fill x-"
                text run at (2,386) width 62: "fill x-fill x-"
                text run at (10,402) width 47: "fill x-fill"
