layer at (0,0) size 202x164
  RenderView at (0,0) size 96x26
layer at (0,0) size 202x164
  RenderBlock {html} at (0,0) size 96x164
    RenderBody {body} at (8,14) size 80x142
      RenderBlock {p} at (0,0) size 80x80
        RenderText {#text} at (0,0) size 75x80
          text run at (0,0) width 39: "TEST:"
          text run at (0,16) width 55: "Numbers"
          text run at (0,32) width 75: "should align"
          text run at (0,48) width 66: "by decimal"
          text run at (0,64) width 38: "points"
      RenderTable {table} at (0,94) size 194x48 [border: (1px outset #808080)]
        RenderTableSection {tbody} at (1,1) size 192x46
          RenderTableRow {tr} at (0,2) size 192x20
            RenderTableCell {th} at (2,2) size 56x20 [border: (1px inset #808080)] [r=0 c=0 rs=1 cs=1]
              RenderText {#text} at (10,2) size 36x16
                text run at (10,2) width 36: "55.00"
            RenderTableCell {th} at (60,2) size 64x20 [border: (1px inset #808080)] [r=0 c=1 rs=1 cs=1]
              RenderText {#text} at (2,2) size 60x16
                text run at (2,2) width 60: "55555.00"
            RenderTableCell {th} at (126,2) size 64x20 [border: (1px inset #808080)] [r=0 c=2 rs=1 cs=1]
              RenderText {#text} at (10,2) size 44x16
                text run at (10,2) width 44: "555.00"
          RenderTableRow {tr} at (0,24) size 192x20
            RenderTableCell {th} at (2,24) size 56x20 [border: (1px inset #808080)] [r=1 c=0 rs=1 cs=1]
              RenderText {#text} at (2,2) size 52x16
                text run at (2,2) width 52: "1234.56"
            RenderTableCell {th} at (60,24) size 64x20 [border: (1px inset #808080)] [r=1 c=1 rs=1 cs=1]
              RenderText {#text} at (10,2) size 44x16
                text run at (10,2) width 44: "123.45"
            RenderTableCell {th} at (126,24) size 64x20 [border: (1px inset #808080)] [r=1 c=2 rs=1 cs=1]
              RenderText {#text} at (2,2) size 60x16
                text run at (2,2) width 60: "12345.67"
