layer at (0,0) size 800x600
  RenderView at (0,0) size 800x600
layer at (0,0) size 800x42
  RenderBlock {html} at (0,0) size 800x42
    RenderBody {body} at (8,8) size 784x26
      RenderTable {table} at (0,0) size 692x26 [border: (1px outset #808080)]
        RenderTableSection {tbody} at (1,1) size 690x24
          RenderTableRow {tr} at (0,2) size 690x20
            RenderTableCell {th} at (2,2) size 342x20 [bgcolor=#00FF00] [border: (1px inset #808080)] [r=0 c=0 rs=1 cs=1]
              RenderText {#text} at (2,2) size 338x16
                text run at (2,2) width 222: "This heading cell should have a "
                text run at (224,2) width 116: "lime background"
            RenderTableCell {th} at (346,2) size 342x20 [bgcolor=#00FF00] [border: (1px inset #808080)] [r=0 c=1 rs=1 cs=1]
              RenderText {#text} at (2,2) size 338x16
                text run at (2,2) width 222: "This heading cell should have a "
                text run at (224,2) width 116: "lime background"
