layer at (0,0) size 800x600
  RenderView at (0,0) size 800x600
layer at (0,0) size 800x313
  RenderBlock {html} at (0,0) size 800x313
    RenderBody {body} at (8,14) size 784x291
      RenderBlock {p} at (0,0) size 784x16
        RenderText {#text} at (0,0) size 140x16
          text run at (0,0) width 140: "THEAD VALIGN=TOP"
      RenderTable {table} at (0,30) size 653x261 [border: (1px outset #808080)]
        RenderTableSection {thead} at (1,1) size 651x211
          RenderTableRow {tr} at (0,2) size 651x207
            RenderTableCell {td} at (2,2) size 204x207 [border: (1px inset #808080)] [r=0 c=0 rs=1 cs=1]
              RenderImage {img} at (2,2) size 200x200
            RenderTableCell {td} at (208,2) size 441x20 [border: (1px inset #808080)] [r=0 c=1 rs=1 cs=1]
              RenderText {#text} at (2,2) size 437x16
                text run at (2,2) width 375: "The top of this text should be vertically aligned to the top of "
                text run at (377,2) width 62: "the image"
        RenderTableSection {tfoot} at (1,236) size 651x24
          RenderTableRow {tr} at (0,2) size 651x20
            RenderTableCell {td} at (2,2) size 204x20 [border: (1px inset #808080)] [r=0 c=0 rs=1 cs=1]
              RenderText {#text} at (2,2) size 48x16
                text run at (2,2) width 48: "TFOOT"
            RenderTableCell {td} at (208,2) size 441x20 [border: (1px inset #808080)] [r=0 c=1 rs=1 cs=1]
              RenderText {#text} at (2,2) size 48x16
                text run at (2,2) width 48: "TFOOT"
        RenderTableSection {tbody} at (1,212) size 651x24
          RenderTableRow {tr} at (0,2) size 651x20
            RenderTableCell {td} at (2,2) size 204x20 [border: (1px inset #808080)] [r=0 c=0 rs=1 cs=1]
              RenderText {#text} at (2,2) size 48x16
                text run at (2,2) width 48: "TBODY"
            RenderTableCell {td} at (208,2) size 441x20 [border: (1px inset #808080)] [r=0 c=1 rs=1 cs=1]
              RenderText {#text} at (2,2) size 48x16
                text run at (2,2) width 48: "TBODY"
