layer at (0,0) size 800x1630
  RenderView at (0,0) size 800x600
layer at (0,0) size 800x1630
  RenderBlock {html} at (0,0) size 800x1630
    RenderBody {body} at (8,8) size 784x1614
      RenderTable {table} at (0,0) size 303x110 [border: (1px outset #808080)]
        RenderTableSection {tbody} at (1,1) size 301x108
          RenderTableRow {tr} at (0,2) size 301x104
            RenderTableCell {th} at (2,44) size 297x20 [border: (1px inset #808080)] [r=0 c=0 rs=1 cs=1]
              RenderText {#text} at (2,2) size 293x16
                text run at (2,2) width 293: "The height of this cell should be 100 pixels"
      RenderBlock (anonymous) at (0,110) size 784x16
        RenderBR {br} at (0,0) size 0x16
      RenderTable {table} at (0,126) size 303x210 [border: (1px outset #808080)]
        RenderTableSection {tbody} at (1,1) size 301x208
          RenderTableRow {tr} at (0,2) size 301x204
            RenderTableCell {th} at (2,94) size 297x20 [border: (1px inset #808080)] [r=0 c=0 rs=1 cs=1]
              RenderText {#text} at (2,2) size 293x16
                text run at (2,2) width 293: "The height of this cell should be 200 pixels"
      RenderBlock (anonymous) at (0,336) size 784x16
        RenderBR {br} at (0,0) size 0x16
      RenderTable {table} at (0,352) size 303x310 [border: (1px outset #808080)]
        RenderTableSection {tbody} at (1,1) size 301x308
          RenderTableRow {tr} at (0,2) size 301x304
            RenderTableCell {th} at (2,144) size 297x20 [border: (1px inset #808080)] [r=0 c=0 rs=1 cs=1]
              RenderText {#text} at (2,2) size 293x16
                text run at (2,2) width 293: "The height of this cell should be 300 pixels"
      RenderBlock (anonymous) at (0,662) size 784x16
        RenderBR {br} at (0,0) size 0x16
      RenderTable {table} at (0,678) size 303x410 [border: (1px outset #808080)]
        RenderTableSection {tbody} at (1,1) size 301x408
          RenderTableRow {tr} at (0,2) size 301x404
            RenderTableCell {th} at (2,194) size 297x20 [border: (1px inset #808080)] [r=0 c=0 rs=1 cs=1]
              RenderText {#text} at (2,2) size 293x16
                text run at (2,2) width 293: "The height of this cell should be 400 pixels"
      RenderBlock (anonymous) at (0,1088) size 784x16
        RenderBR {br} at (0,0) size 0x16
      RenderTable {table} at (0,1104) size 303x510 [border: (1px outset #808080)]
        RenderTableSection {tbody} at (1,1) size 301x508
          RenderTableRow {tr} at (0,2) size 301x504
            RenderTableCell {th} at (2,244) size 297x20 [border: (1px inset #808080)] [r=0 c=0 rs=1 cs=1]
              RenderText {#text} at (2,2) size 293x16
                text run at (2,2) width 293: "The height of this cell should be 500 pixels"
