layer at (0,0) size 308x238
  RenderView at (0,0) size 96x26
layer at (0,0) size 308x238
  RenderBlock {html} at (0,0) size 96x238
    RenderBody {body} at (8,14) size 80x216
      RenderBlock {p} at (0,0) size 80x64
        RenderText {#text} at (0,0) size 71x64
          text run at (0,0) width 68: "In this test,"
          text run at (0,16) width 71: "the THEAD"
          text run at (0,32) width 68: "text should"
          text run at (0,48) width 69: "be justified."
      RenderTable {table} at (0,78) size 300x138 [border: (1px outset #808080)]
        RenderTableSection {thead} at (1,1) size 298x88
          RenderTableRow {tr} at (0,2) size 298x84
            RenderTableCell {td} at (2,2) size 294x84 [border: (1px inset #808080)] [r=0 c=0 rs=1 cs=1]
              RenderText {#text} at (2,2) size 290x80
                text run at (2,2) width 290: "This THEAD text should be justified which"
                text run at (2,18) width 138: "means that the right "
                text run at (140,18) width 152: "and left margins should"
                text run at (2,34) width 290: "line up, no matter how long the content"
                text run at (2,50) width 290: "becomes (except the last line which should be"
                text run at (2,66) width 74: "left aligned)"
        RenderTableSection {tfoot} at (1,113) size 298x24
          RenderTableRow {tr} at (0,2) size 298x20
            RenderTableCell {td} at (2,2) size 294x20 [border: (1px inset #808080)] [r=0 c=0 rs=1 cs=1]
              RenderText {#text} at (2,2) size 159x16
                text run at (2,2) width 159: "This text is in the TFOOT"
        RenderTableSection {tbody} at (1,89) size 298x24
          RenderTableRow {tr} at (0,2) size 298x20
            RenderTableCell {td} at (2,2) size 294x20 [border: (1px inset #808080)] [r=0 c=0 rs=1 cs=1]
              RenderText {#text} at (2,2) size 159x16
                text run at (2,2) width 159: "This text is in the TBODY"
