layer at (0,0) size 889x64
  RenderView at (0,0) size 96x26
layer at (0,0) size 889x64
  RenderBlock {html} at (0,0) size 96x64
    RenderBody {body} at (8,8) size 80x48
      RenderTable {table} at (0,0) size 881x48 [border: (1px outset #808080)]
        RenderTableSection {tbody} at (1,1) size 879x46
          RenderTableRow {tr} at (0,2) size 879x20
            RenderTableCell {th} at (2,2) size 875x20 [border: (1px inset #808080)] [r=0 c=0 rs=1 cs=1]
              RenderText {#text} at (2,2) size 871x16
                text run at (2,2) width 285: "The text in the cell should not wrap upon "
                text run at (287,2) width 249: "window resizing    x-fill x-fill x-fill x-fill "
                text run at (536,2) width 279: "x-fill x-fill x-fill x-fill x-fill x-fill x-fill x-fill x-fill "
                text run at (815,2) width 58: "x-fill x-fill"
          RenderTableRow {tr} at (0,24) size 879x20
            RenderTableCell {th} at (2,24) size 875x20 [border: (1px inset #808080)] [r=1 c=0 rs=1 cs=1]
              RenderText {#text} at (2,2) size 871x16
                text run at (2,2) width 285: "The text in the cell should not wrap upon "
                text run at (287,2) width 249: "window resizing    x-fill x-fill x-fill x-fill "
                text run at (536,2) width 279: "x-fill x-fill x-fill x-fill x-fill x-fill x-fill x-fill x-fill "
                text run at (815,2) width 58: "x-fill x-fill"
