layer at (0,0) size 96x112
  RenderView at (0,0) size 96x26
layer at (0,0) size 96x112
  RenderBlock {html} at (0,0) size 96x112
    RenderBody {body} at (8,8) size 80x96
      RenderTable {table} at (0,0) size 80x96 [border: (1px outset #808080)]
        RenderTableSection {tbody} at (1,1) size 78x94
          RenderTableRow {tr} at (0,2) size 78x52
            RenderTableCell {th} at (2,2) size 74x52 [border: (1px inset #808080)] [r=0 c=0 rs=1 cs=2]
              RenderText {#text} at (8,2) size 70x48
                text run at (8,2) width 57: "This cell"
                text run at (2,18) width 70: "spans two"
                text run at (7,34) width 59: "columns"
          RenderTableRow {tr} at (0,56) size 78x36
            RenderTableCell {th} at (2,56) size 36x36 [border: (1px inset #808080)] [r=1 c=0 rs=1 cs=1]
              RenderText {#text} at (7,2) size 21x32
                text run at (7,2) width 21: "xxx"
                text run at (7,18) width 21: "xxx"
            RenderTableCell {th} at (40,56) size 36x36 [border: (1px inset #808080)] [r=1 c=1 rs=1 cs=1]
              RenderText {#text} at (7,2) size 21x32
                text run at (7,2) width 21: "xxx"
                text run at (7,18) width 21: "xxx"
