layer at (0,0) size 287x281
  RenderView at (0,0) size 96x26
layer at (0,0) size 287x281
  RenderBlock {html} at (0,0) size 96x281
    RenderBody {body} at (8,14) size 80x259
      RenderBlock {p} at (0,0) size 80x32
        RenderText {#text} at (0,0) size 113x32
          text run at (0,0) width 19: "TH"
          text run at (0,16) width 113: "VALIGN=MIDDLE"
      RenderTable {table} at (0,46) size 279x213 [border: (1px outset #808080)]
        RenderTableSection {tbody} at (1,1) size 277x211
          RenderTableRow {tr} at (0,2) size 277x207
            RenderTableCell {th} at (2,2) size 204x207 [border: (1px inset #808080)] [r=0 c=0 rs=1 cs=1]
              RenderImage {img} at (2,2) size 200x200
            RenderTableCell {th} at (208,31) size 67x148 [border: (1px inset #808080)] [r=0 c=1 rs=1 cs=1]
              RenderText {#text} at (4,2) size 63x144
                text run at (4,2) width 58: "This text"
                text run at (9,18) width 48: "should"
                text run at (25,34) width 17: "be"
                text run at (2,50) width 63: "vertically"
                text run at (8,66) width 51: "aligned"
                text run at (13,82) width 40: "to the"
                text run at (2,98) width 63: "middle of"
                text run at (22,114) width 22: "the"
                text run at (13,130) width 41: "image"
