layer at (0,0) size 170x266
  RenderView at (0,0) size 96x26
layer at (0,0) size 170x266
  RenderBlock {html} at (0,0) size 96x266
    RenderBody {body} at (8,8) size 80x250
      RenderTable {table} at (0,0) size 162x250 [border: (1px outset #808080)]
        RenderTableSection {thead} at (1,1) size 160x72 [bgcolor=#00FF00]
          RenderTableRow {tr} at (0,2) size 160x68
            RenderTableCell {td} at (2,2) size 77x68 [border: (1px inset #808080)] [r=0 c=0 rs=1 cs=1]
              RenderText {#text} at (2,2) size 73x64
                text run at (2,2) width 67: "This thead"
                text run at (2,18) width 41: "should"
                text run at (2,34) width 72: "have a lime"
                text run at (2,50) width 73: "background"
            RenderTableCell {td} at (81,2) size 77x68 [border: (1px inset #808080)] [r=0 c=1 rs=1 cs=1]
              RenderText {#text} at (2,2) size 73x64
                text run at (2,2) width 67: "This thead"
                text run at (2,18) width 41: "should"
                text run at (2,34) width 72: "have a lime"
                text run at (2,50) width 73: "background"
        RenderTableSection {tfoot} at (1,161) size 160x88
          RenderTableRow {tr} at (0,2) size 160x84
            RenderTableCell {td} at (2,2) size 77x84 [border: (1px inset #808080)] [r=0 c=0 rs=1 cs=1]
              RenderText {#text} at (2,2) size 73x80
                text run at (2,2) width 59: "This tfoot"
                text run at (2,18) width 41: "should"
                text run at (2,34) width 65: "NOT have"
                text run at (2,50) width 37: "a lime"
                text run at (2,66) width 73: "background"
            RenderTableCell {td} at (81,2) size 77x84 [border: (1px inset #808080)] [r=0 c=1 rs=1 cs=1]
              RenderText {#text} at (2,2) size 73x80
                text run at (2,2) width 59: "This tfoot"
                text run at (2,18) width 41: "should"
                text run at (2,34) width 65: "NOT have"
                text run at (2,50) width 37: "a lime"
                text run at (2,66) width 73: "background"
        RenderTableSection {tbody} at (1,73) size 160x88
          RenderTableRow {tr} at (0,2) size 160x84
            RenderTableCell {td} at (2,2) size 77x84 [border: (1px inset #808080)] [r=0 c=0 rs=1 cs=1]
              RenderText {#text} at (2,2) size 73x80
                text run at (2,2) width 65: "This tbody"
                text run at (2,18) width 41: "should"
                text run at (2,34) width 65: "NOT have"
                text run at (2,50) width 37: "a lime"
                text run at (2,66) width 73: "background"
            RenderTableCell {td} at (81,2) size 77x84 [border: (1px inset #808080)] [r=0 c=1 rs=1 cs=1]
              RenderText {#text} at (2,2) size 73x80
                text run at (2,2) width 65: "This tbody"
                text run at (2,18) width 41: "should"
                text run at (2,34) width 65: "NOT have"
                text run at (2,50) width 37: "a lime"
                text run at (2,66) width 73: "background"
