layer at (0,0) size 116x122
  RenderView at (0,0) size 96x26
layer at (0,0) size 116x122
  RenderBlock {html} at (0,0) size 96x122
    RenderBody {body} at (8,8) size 80x106
      RenderTable {table} at (0,0) size 108x106 [border: (1px outset #808080)]
        RenderTableSection {tbody} at (1,1) size 106x104
          RenderTableRow {tr} at (0,2) size 106x100
            RenderTableCell {td} at (2,2) size 50x100 [border: (1px inset #808080)] [r=0 c=0 rs=1 cs=1]
              RenderText {#text} at (13,2) size 46x96
                text run at (13,2) width 24: "Cell"
                text run at (13,18) width 23: "text"
                text run at (4,34) width 41: "should"
                text run at (17,50) width 15: "be"
                text run at (5,66) width 40: "center"
                text run at (2,82) width 46: "aligned"
            RenderTableCell {td} at (54,2) size 50x100 [border: (1px inset #808080)] [r=0 c=1 rs=1 cs=1]
              RenderText {#text} at (13,2) size 46x96
                text run at (13,2) width 24: "Cell"
                text run at (13,18) width 23: "text"
                text run at (4,34) width 41: "should"
                text run at (17,50) width 15: "be"
                text run at (5,66) width 40: "center"
                text run at (2,82) width 46: "aligned"
