layer at (0,0) size 608x90
  RenderView at (0,0) size 96x26
layer at (0,0) size 608x90
  RenderBlock {html} at (0,0) size 96x90
    RenderBody {body} at (8,8) size 80x74
      RenderTable {table} at (0,0) size 600x74 [border: (1px outset #808080)]
        RenderTableSection {tbody} at (1,1) size 598x72
          RenderTableRow {tr} at (0,2) size 598x68
            RenderTableCell {td} at (2,2) size 296x68 [border: (1px inset #808080)] [r=0 c=0 rs=1 cs=1]
              RenderText {#text} at (2,2) size 292x64
                text run at (2,2) width 292: "Cell text should be justified which means that"
                text run at (2,18) width 92: "the right and "
                text run at (94,18) width 200: "left margins should line up, no"
                text run at (2,34) width 245: "matter how long the content becomes "
                text run at (247,34) width 47: "(except"
                text run at (2,50) width 257: "the last line which should be left aligned)."
            RenderTableCell {td} at (300,2) size 296x68 [border: (1px inset #808080)] [r=0 c=1 rs=1 cs=1]
              RenderText {#text} at (2,2) size 292x64
                text run at (2,2) width 292: "Cell text should be justified which means that"
                text run at (2,18) width 92: "the right and "
                text run at (94,18) width 200: "left margins should line up, no"
                text run at (2,34) width 245: "matter how long the content becomes "
                text run at (247,34) width 47: "(except"
                text run at (2,50) width 257: "the last line which should be left aligned)."
