layer at (0,0) size 116x106
  RenderView at (0,0) size 96x26
layer at (0,0) size 116x106
  RenderBlock {html} at (0,0) size 96x106
    RenderBody {body} at (8,8) size 80x90
      RenderTable {table} at (0,0) size 108x90 [border: (1px outset #808080)]
        RenderTableSection {tbody} at (1,1) size 106x88
          RenderTableRow {tr} at (0,2) size 106x84
            RenderTableCell {td} at (2,2) size 50x84 [border: (1px inset #808080)] [r=0 c=0 rs=1 cs=1]
              RenderText {#text} at (2,2) size 46x80
                text run at (2,2) width 24: "Cell"
                text run at (2,18) width 23: "text"
                text run at (2,34) width 41: "should"
                text run at (2,50) width 38: "be left"
                text run at (2,66) width 46: "aligned"
            RenderTableCell {td} at (54,2) size 50x84 [border: (1px inset #808080)] [r=0 c=1 rs=1 cs=1]
              RenderText {#text} at (2,2) size 46x80
                text run at (2,2) width 24: "Cell"
                text run at (2,18) width 23: "text"
                text run at (2,34) width 41: "should"
                text run at (2,50) width 38: "be left"
                text run at (2,66) width 46: "aligned"
