layer at (0,0) size 225x2551
  RenderView at (0,0) size 96x26
layer at (0,0) size 225x2551
  RenderBlock {HTML} at (0,0) size 96x2551
    RenderBody {BODY} at (8,18) size 80x2525 [color=#00FF00] [bgcolor=#333333]
      RenderBlock {H1} at (0,0) size 80x160
        RenderText {#text} at (0,1) size 180x158
          text run at (0,1) width 74: "CSS2"
          text run at (0,33) width 74: "Table"
          text run at (0,65) width 180: "Backgrounds"
          text run at (0,97) width 58: "Test"
          text run at (0,129) width 69: "Suite"
      RenderBlock {H2} at (0,178) size 80x96
        RenderText {#text} at (0,0) size 124x95
          text run at (0,0) width 69: "Part D:"
          text run at (0,24) width 124: "Background"
          text run at (0,48) width 42: "with"
          text run at (0,72) width 81: "Borders"
      RenderBlock {H3} at (0,291) size 80x54
        RenderText {#text} at (0,0) size 95x54
          text run at (0,0) width 95: "Background"
          text run at (0,18) width 70: "on 'table-"
          text run at (0,36) width 32: "row'"
      RenderBlock {P} at (0,361) size 80x32
        RenderText {#text} at (0,0) size 56x32
          text run at (0,0) width 56: "Three rows are"
          text run at (0,16) width 28: "styled."
      RenderBlock {P} at (0,407) size 80x256
        RenderText {#text} at (0,0) size 80x256
          text run at (0,0) width 80: "The first row should"
          text run at (0,16) width 60: "have three aqua"
          text run at (0,32) width 76: "stripes just inside"
          text run at (0,48) width 80: "the bottom and right"
          text run at (0,64) width 80: "padding edges of its"
          text run at (0,80) width 56: "last cell. The"
          text run at (0,96) width 80: "bottom three stripes"
          text run at (0,112) width 60: "should continue"
          text run at (0,128) width 60: "across the row,"
          text run at (0,144) width 76: "appearing along the"
          text run at (0,160) width 72: "bottom of cells A,"
          text run at (0,176) width 56: "B, and C. (The"
          text run at (0,192) width 72: "bottom aqua stripe"
          text run at (0,208) width 76: "will be obscured by"
          text run at (0,224) width 72: "the thicker bottom"
          text run at (0,240) width 72: "border in cell B.)"
      RenderBlock {P} at (0,677) size 80x192
        RenderText {#text} at (0,0) size 80x192
          text run at (0,0) width 56: "The second row"
          text run at (0,16) width 68: "should have three"
          text run at (0,32) width 52: "vertical aqua"
          text run at (0,48) width 80: "stripes a few pixels"
          text run at (0,64) width 76: "to the right of the"
          text run at (0,80) width 72: "left padding edge."
          text run at (0,96) width 64: "Three horizontal"
          text run at (0,112) width 76: "aqua stripes should"
          text run at (0,128) width 80: "cut across the first"
          text run at (0,144) width 80: "cell and align along"
          text run at (0,160) width 68: "the bottom border"
          text run at (0,176) width 60: "edge of cell G."
      RenderBlock {P} at (0,883) size 80x176
        RenderText {#text} at (0,0) size 80x176
          text run at (0,0) width 80: "The third row should"
          text run at (0,16) width 40: "have three"
          text run at (0,32) width 60: "horizontal aqua"
          text run at (0,48) width 68: "stripes along the"
          text run at (0,64) width 60: "top of the last"
          text run at (0,80) width 48: "three cells,"
          text run at (0,96) width 76: "aligning along cell"
          text run at (0,112) width 60: "K's top padding"
          text run at (0,128) width 68: "edge. The stripes"
          text run at (0,144) width 68: "will not continue"
          text run at (0,160) width 48: "into cell E."
      RenderBlock {DL} at (0,1073) size 80x288
        RenderBlock {DT} at (0,0) size 80x16
          RenderText {#text} at (0,0) size 16x16
            text run at (0,0) width 16: "next"
        RenderBlock {DD} at (40,16) size 40x96
          RenderInline {A} at (0,0) size 40x96 [color=#FFFF00]
            RenderText {#text} at (0,0) size 40x96
              text run at (0,0) width 40: "Background"
              text run at (0,16) width 16: "with"
              text run at (0,32) width 32: "Borders:"
              text run at (0,48) width 40: "Background"
              text run at (0,64) width 40: "on 'table-"
              text run at (0,80) width 28: "column'"
          RenderText {#text} at (0,0) size 0x0
        RenderBlock {DT} at (0,112) size 80x16
          RenderText {#text} at (0,0) size 32x16
            text run at (0,0) width 32: "previous"
        RenderBlock {DD} at (40,128) size 40x112
          RenderInline {A} at (0,0) size 40x112 [color=#FFFF00]
            RenderText {#text} at (0,0) size 40x112
              text run at (0,0) width 40: "Background"
              text run at (0,16) width 16: "with"
              text run at (0,32) width 32: "Borders:"
              text run at (0,48) width 40: "Background"
              text run at (0,64) width 40: "on 'table-"
              text run at (0,80) width 28: "column-"
              text run at (0,96) width 24: "group'"
          RenderText {#text} at (0,0) size 0x0
        RenderBlock {DT} at (0,240) size 80x16
          RenderText {#text} at (0,0) size 32x16
            text run at (0,0) width 32: "contents"
        RenderBlock {DD} at (40,256) size 40x32
          RenderInline {A} at (0,0) size 32x32 [color=#FFFF00]
            RenderText {#text} at (0,0) size 32x32
              text run at (0,0) width 32: "Table of"
              text run at (0,16) width 32: "Contents"
          RenderText {#text} at (0,0) size 0x0
      RenderTable {TABLE} at (0,1375) size 217x510 [color=#FFFFFF] [border: (3px dotted #FFFFFF)]
        RenderBlock {CAPTION} at (0,0) size 211x40
          RenderText {#text} at (20,0) size 171x39
            text run at (20,0) width 171: "With 'border-collapse:"
            text run at (69,20) width 73: "separate'"
        RenderTableCol {COLGROUP} at (0,0) size 0x0
          RenderTableCol {COL} at (0,0) size 0x0
          RenderTableCol {COL} at (0,0) size 0x0
          RenderTableCol {COL} at (0,0) size 0x0
        RenderTableCol {COLGROUP} at (0,0) size 0x0
          RenderTableCol {COL} at (0,0) size 0x0
        RenderTableSection {THEAD} at (3,43) size 211x122
          RenderTableRow {TR} at (0,7) size 211x108 [bgcolor=#000000] [border: (5px dashed #FFFFFF)]
            RenderTableCell {TH} at (7,49) size 50x24 [border: (1px dotted #FFFFFF)] [r=0 c=0 rs=1 cs=1]
              RenderText {#text} at (5,2) size 39x19
                text run at (5,2) width 39: "TH A"
            RenderTableCell {TH} at (64,27) size 50x68 [border: (13px dotted #FFFFFF)] [r=0 c=1 rs=1 cs=1]
              RenderText {#text} at (14,14) size 22x39
                text run at (14,14) width 22: "TH"
                text run at (19,34) width 11: "B"
            RenderTableCell {TH} at (121,39) size 42x44 [border: (1px dotted #FFFFFF)] [r=0 c=2 rs=1 cs=1]
              RenderText {#text} at (10,2) size 22x39
                text run at (10,2) width 22: "TH"
                text run at (15,22) width 12: "C"
            RenderTableCell {TH} at (170,35) size 34x52 [border: (5px dashed #FFFFFF)] [r=0 c=3 rs=1 cs=1]
              RenderText {#text} at (6,6) size 22x39
                text run at (6,6) width 22: "TH"
                text run at (11,26) width 12: "D"
        RenderTableSection {TFOOT} at (3,378) size 211x129
          RenderTableRow {TR} at (0,7) size 211x115
            RenderTableCell {TD} at (7,52) size 107x24 [border: (1px dotted #FFFFFF)] [r=0 c=0 rs=1 cs=2]
              RenderText {#text} at (2,2) size 40x19
                text run at (2,2) width 40: "TD M"
            RenderTableCell {TD} at (121,42) size 42x44 [border: (1px dotted #FFFFFF)] [r=0 c=2 rs=1 cs=1]
              RenderText {#text} at (2,2) size 22x39
                text run at (2,2) width 22: "TD"
                text run at (2,22) width 13: "O"
            RenderTableCell {TD} at (170,42) size 34x44 [border: (1px dotted #FFFFFF)] [r=0 c=3 rs=1 cs=1]
              RenderText {#text} at (2,2) size 22x39
                text run at (2,2) width 22: "TD"
                text run at (2,22) width 11: "P"
        RenderTableSection {TBODY} at (3,165) size 211x213
          RenderTableRow {TR} at (0,7) size 211x108 [bgcolor=#000000] [border: (9px dashed #FFFFFF)]
            RenderTableCell {TD} at (7,72) size 50x68 [border: (13px dotted #FFFFFF)] [r=0 c=0 rs=2 cs=1]
              RenderText {#text} at (14,14) size 22x39
                text run at (14,14) width 22: "TD"
                text run at (14,34) width 10: "E"
            RenderTableCell {TD} at (64,49) size 50x24 [border: (1px dotted #FFFFFF)] [r=0 c=1 rs=1 cs=1]
              RenderText {#text} at (2,2) size 37x19
                text run at (2,2) width 37: "TD F"
            RenderTableCell {TD} at (121,31) size 42x60 [border: (9px dashed #FFFFFF)] [r=0 c=2 rs=1 cs=1]
              RenderText {#text} at (10,10) size 22x39
                text run at (10,10) width 22: "TD"
                text run at (10,30) width 12: "G"
            RenderTableCell {TD} at (170,39) size 34x44 [border: (1px dotted #FFFFFF)] [r=0 c=3 rs=1 cs=1]
              RenderText {#text} at (2,2) size 22x39
                text run at (2,2) width 22: "TD"
                text run at (2,22) width 12: "H"
          RenderTableRow {TR} at (0,122) size 211x84 [bgcolor=#000000] [border: (5px dashed #FFFFFF)]
            RenderTableCell {TD} at (64,152) size 50x24 [border: (1px dotted #FFFFFF)] [r=1 c=1 rs=1 cs=1]
              RenderText {#text} at (2,2) size 36x19
                text run at (2,2) width 36: "TD J"
            RenderTableCell {TD} at (121,138) size 42x52 [border: (5px dashed #FFFFFF)] [r=1 c=2 rs=1 cs=1]
              RenderText {#text} at (6,6) size 22x39
                text run at (6,6) width 22: "TD"
                text run at (6,26) width 12: "K"
            RenderTableCell {TD} at (170,142) size 34x44 [border: (1px dotted #FFFFFF)] [r=1 c=3 rs=1 cs=1]
              RenderText {#text} at (2,2) size 22x39
                text run at (2,2) width 22: "TD"
                text run at (2,22) width 10: "L"
      RenderTable {TABLE} at (0,1885) size 145x494 [color=#FFFFFF] [border: (6px dotted #FFFFFF)]
        RenderBlock {CAPTION} at (0,0) size 140x60
          RenderText {#text} at (19,0) size 101x59
            text run at (19,0) width 101: "With 'border-"
            text run at (35,20) width 70: "collapse:"
            text run at (35,40) width 69: "collapse'"
        RenderTableCol {COLGROUP} at (0,0) size 0x0
          RenderTableCol {COL} at (0,0) size 0x0
          RenderTableCol {COL} at (0,0) size 0x0
          RenderTableCol {COL} at (0,0) size 0x0
        RenderTableCol {COLGROUP} at (0,0) size 0x0
          RenderTableCol {COL} at (0,0) size 0x0
        RenderTableSection {THEAD} at (2,66) size 140x105
          RenderTableRow {TR} at (0,0) size 140x105 [bgcolor=#000000] [border: (5px dashed #FFFFFF)]
            RenderTableCell {TH} at (0,27) size 37x51 [border: (3px dotted #FFFFFF)] [r=0 c=0 rs=1 cs=1]
              RenderText {#text} at (6,4) size 22x39
                text run at (6,4) width 22: "TH"
                text run at (11,24) width 12: "A"
            RenderTableCell {TH} at (37,25) size 37x55 [border: (7px dotted #FFFFFF)] [r=0 c=1 rs=1 cs=1]
              RenderText {#text} at (8,8) size 22x39
                text run at (8,8) width 22: "TH"
                text run at (13,28) width 11: "B"
            RenderTableCell {TH} at (74,28) size 33x49 [border: (3px dotted #FFFFFF)] [r=0 c=2 rs=1 cs=1]
              RenderText {#text} at (8,4) size 22x39
                text run at (8,4) width 22: "TH"
                text run at (13,24) width 12: "C"
            RenderTableCell {TH} at (107,28) size 33x49 [border: (3px dashed #FFFFFF)] [r=0 c=3 rs=1 cs=1]
              RenderText {#text} at (6,4) size 22x39
                text run at (6,4) width 22: "TH"
                text run at (11,24) width 12: "D"
        RenderTableSection {TFOOT} at (2,375) size 140x117
          RenderTableRow {TR} at (0,0) size 140x117
            RenderTableCell {TD} at (0,43) size 74x30 [border: (7px dotted #FFFFFF)] [r=0 c=0 rs=1 cs=2]
              RenderText {#text} at (3,8) size 40x19
                text run at (3,8) width 40: "TD M"
            RenderTableCell {TD} at (74,35) size 33x46 [border: (3px dotted #FFFFFF)] [r=0 c=2 rs=1 cs=1]
              RenderText {#text} at (2,4) size 22x39
                text run at (2,4) width 22: "TD"
                text run at (2,24) width 13: "O"
            RenderTableCell {TD} at (107,35) size 33x46 [border: (3px dotted #FFFFFF)] [r=0 c=3 rs=1 cs=1]
              RenderText {#text} at (2,4) size 22x39
                text run at (2,4) width 22: "TD"
                text run at (2,24) width 11: "P"
        RenderTableSection {TBODY} at (2,171) size 140x204
          RenderTableRow {TR} at (0,0) size 140x115 [bgcolor=#000000] [border: (9px dashed #FFFFFF)]
            RenderTableCell {TD} at (0,74) size 37x55 [border: (7px dotted #FFFFFF)] [r=0 c=0 rs=2 cs=1]
              RenderText {#text} at (8,8) size 22x39
                text run at (8,8) width 22: "TD"
                text run at (8,28) width 10: "E"
            RenderTableCell {TD} at (37,31) size 37x53 [border: (7px dotted #FFFFFF)] [r=0 c=1 rs=1 cs=1]
              RenderText {#text} at (8,8) size 22x39
                text run at (8,8) width 22: "TD"
                text run at (8,28) width 10: "F"
            RenderTableCell {TD} at (74,32) size 33x51 [border: (5px dashed #FFFFFF)] [r=0 c=2 rs=1 cs=1]
              RenderText {#text} at (6,6) size 22x39
                text run at (6,6) width 22: "TD"
                text run at (6,26) width 12: "G"
            RenderTableCell {TD} at (107,32) size 33x51 [border: (5px dotted #FFFFFF)] [r=0 c=3 rs=1 cs=1]
              RenderText {#text} at (6,6) size 22x39
                text run at (6,6) width 22: "TD"
                text run at (6,26) width 12: "H"
          RenderTableRow {TR} at (0,115) size 140x89 [bgcolor=#000000] [border: (5px dashed #FFFFFF)]
            RenderTableCell {TD} at (37,135) size 37x49 [border: (5px dotted #FFFFFF)] [r=1 c=1 rs=1 cs=1]
              RenderText {#text} at (8,6) size 22x39
                text run at (8,6) width 22: "TD"
                text run at (8,26) width 9: "J"
            RenderTableCell {TD} at (74,135) size 33x49 [border: (5px dashed #FFFFFF)] [r=1 c=2 rs=1 cs=1]
              RenderText {#text} at (4,6) size 22x39
                text run at (4,6) width 22: "TD"
                text run at (4,26) width 12: "K"
            RenderTableCell {TD} at (107,135) size 33x49 [border: (5px dotted #FFFFFF)] [r=1 c=3 rs=1 cs=1]
              RenderText {#text} at (4,6) size 22x39
                text run at (4,6) width 22: "TD"
                text run at (4,26) width 10: "L"
      RenderBlock {DIV} at (0,2379) size 80x34
        RenderInline {A} at (0,0) size 88x16 [color=#FFFF00]
          RenderImage {IMG} at (0,0) size 88x31
        RenderText {#text} at (0,0) size 0x0
      RenderBlock {ADDRESS} at (0,2413) size 80x112
        RenderText {#text} at (0,0) size 154x112
          text run at (0,0) width 75: "CSS2 Table"
          text run at (0,16) width 82: "Backgrounds"
          text run at (0,32) width 63: "Test Suite"
          text run at (0,48) width 58: "designed"
          text run at (0,64) width 70: "and written"
          text run at (0,80) width 68: "by fantasai"
          text run at (0,96) width 154: "<fantasai@escape.com>"
