layer at (0,0) size 800x1335
  RenderView at (0,0) size 800x600
layer at (0,0) size 800x1335
  RenderBlock {HTML} at (0,0) size 800x1335
    RenderBody {BODY} at (8,18) size 784x1309 [color=#00FF00] [bgcolor=#333333]
      RenderBlock {H1} at (0,0) size 784x32
        RenderText {#text} at (0,1) size 487x30
          text run at (0,1) width 487: "CSS2 Table Backgrounds Test Suite"
      RenderBlock {H2} at (0,50) size 784x24
        RenderText {#text} at (0,0) size 334x23
          text run at (0,0) width 334: "Part D: Background with Borders"
      RenderBlock {H3} at (0,91) size 784x18
        RenderText {#text} at (0,0) size 252x18
          text run at (0,0) width 252: "Background on 'table-row-group'"
      RenderBlock {P} at (0,125) size 784x32
        RenderText {#text} at (0,0) size 768x32
          text run at (0,0) width 768: "There should be three aqua stripes along the top of cells A, B, C, and D in the first row and three stripes along the right edge of D, the last cell in that row. The stripes should align to be"
          text run at (0,16) width 156: "just inside the padding edge of cell D."
      RenderBlock {P} at (0,171) size 784x32
        RenderText {#text} at (0,0) size 772x32
          text run at (0,0) width 772: "There should be three aqua stripes along the bottom of cells J, K, and L. The stripes continue across the bottom of cell E, but are partially obscured by the border. The stripes turn up at cell"
          text run at (0,16) width 668: "E's bottom left corner to run under its border a few pixels to the right of its left border edge. The stripes will align to be just above cell K's bottom padding edge."
      RenderBlock {DL} at (0,217) size 784x96
        RenderBlock {DT} at (0,0) size 784x16
          RenderText {#text} at (0,0) size 16x16
            text run at (0,0) width 16: "next"
        RenderBlock {DD} at (40,16) size 744x16
          RenderInline {A} at (0,0) size 236x16 [color=#FFFF00]
            RenderText {#text} at (0,0) size 236x16
              text run at (0,0) width 236: "Background with Borders: Background on 'table-column-group'"
          RenderText {#text} at (0,0) size 0x0
        RenderBlock {DT} at (0,32) size 784x16
          RenderText {#text} at (0,0) size 32x16
            text run at (0,0) width 32: "previous"
        RenderBlock {DD} at (40,48) size 744x16
          RenderInline {A} at (0,0) size 184x16 [color=#FFFF00]
            RenderText {#text} at (0,0) size 184x16
              text run at (0,0) width 184: "Background with Borders: Background on 'table'"
          RenderText {#text} at (0,0) size 0x0
        RenderBlock {DT} at (0,64) size 784x16
          RenderText {#text} at (0,0) size 32x16
            text run at (0,0) width 32: "contents"
        RenderBlock {DD} at (40,80) size 744x16
          RenderInline {A} at (0,0) size 68x16 [color=#FFFF00]
            RenderText {#text} at (0,0) size 68x16
              text run at (0,0) width 68: "Table of Contents"
          RenderText {#text} at (0,0) size 0x0
      RenderTable {TABLE} at (0,327) size 630x490 [color=#FFFFFF] [border: (3px dotted #FFFFFF)]
        RenderBlock {CAPTION} at (0,0) size 624x20
          RenderText {#text} at (187,0) size 249x19
            text run at (187,0) width 249: "With 'border-collapse: separate'"
        RenderTableCol {COLGROUP} at (0,0) size 0x0
          RenderTableCol {COL} at (0,0) size 0x0
          RenderTableCol {COL} at (0,0) size 0x0
          RenderTableCol {COL} at (0,0) size 0x0
        RenderTableCol {COLGROUP} at (0,0) size 0x0
          RenderTableCol {COL} at (0,0) size 0x0
        RenderTableSection {THEAD} at (3,23) size 624x122 [bgcolor=#000000] [border: (5px dashed #FFFFFF)]
          RenderTableRow {TR} at (0,7) size 624x108
            RenderTableCell {TH} at (7,49) size 130x24 [border: (1px dotted #FFFFFF)] [r=0 c=0 rs=1 cs=1]
              RenderText {#text} at (45,2) size 39x19
                text run at (45,2) width 39: "TH A"
            RenderTableCell {TH} at (144,37) size 220x48 [border: (13px dotted #FFFFFF)] [r=0 c=1 rs=1 cs=1]
              RenderText {#text} at (91,14) size 38x19
                text run at (91,14) width 38: "TH B"
            RenderTableCell {TH} at (371,49) size 118x24 [border: (1px dotted #FFFFFF)] [r=0 c=2 rs=1 cs=1]
              RenderText {#text} at (39,2) size 39x19
                text run at (39,2) width 39: "TH C"
            RenderTableCell {TH} at (496,45) size 121x32 [border: (5px dashed #FFFFFF)] [r=0 c=3 rs=1 cs=1]
              RenderText {#text} at (41,6) size 39x19
                text run at (41,6) width 39: "TH D"
        RenderTableSection {TFOOT} at (3,358) size 624x129
          RenderTableRow {TR} at (0,7) size 624x115
            RenderTableCell {TD} at (7,52) size 357x24 [border: (1px dotted #FFFFFF)] [r=0 c=0 rs=1 cs=2]
              RenderText {#text} at (2,2) size 40x19
                text run at (2,2) width 40: "TD M"
            RenderTableCell {TD} at (371,52) size 118x24 [border: (1px dotted #FFFFFF)] [r=0 c=2 rs=1 cs=1]
              RenderText {#text} at (2,2) size 40x19
                text run at (2,2) width 40: "TD O"
            RenderTableCell {TD} at (496,52) size 121x24 [border: (1px dotted #FFFFFF)] [r=0 c=3 rs=1 cs=1]
              RenderText {#text} at (2,2) size 38x19
                text run at (2,2) width 38: "TD P"
        RenderTableSection {TBODY} at (3,145) size 624x213 [bgcolor=#000000] [border: (5px dashed #FFFFFF)]
          RenderTableRow {TR} at (0,7) size 624x108
            RenderTableCell {TD} at (7,82) size 130x48 [border: (13px dotted #FFFFFF)] [r=0 c=0 rs=2 cs=1]
              RenderText {#text} at (14,14) size 37x19
                text run at (14,14) width 37: "TD E"
            RenderTableCell {TD} at (144,49) size 220x24 [border: (1px dotted #FFFFFF)] [r=0 c=1 rs=1 cs=1]
              RenderText {#text} at (2,2) size 37x19
                text run at (2,2) width 37: "TD F"
            RenderTableCell {TD} at (371,49) size 118x24 [border: (1px dotted #FFFFFF)] [r=0 c=2 rs=1 cs=1]
              RenderText {#text} at (2,2) size 39x19
                text run at (2,2) width 39: "TD G"
            RenderTableCell {TD} at (496,49) size 121x24 [border: (1px dotted #FFFFFF)] [r=0 c=3 rs=1 cs=1]
              RenderText {#text} at (2,2) size 39x19
                text run at (2,2) width 39: "TD H"
          RenderTableRow {TR} at (0,122) size 624x84
            RenderTableCell {TD} at (144,152) size 220x24 [border: (1px dotted #FFFFFF)] [r=1 c=1 rs=1 cs=1]
              RenderText {#text} at (2,2) size 36x19
                text run at (2,2) width 36: "TD J"
            RenderTableCell {TD} at (371,148) size 118x32 [border: (5px dashed #FFFFFF)] [r=1 c=2 rs=1 cs=1]
              RenderText {#text} at (6,6) size 39x19
                text run at (6,6) width 39: "TD K"
            RenderTableCell {TD} at (496,152) size 121x24 [border: (1px dotted #FFFFFF)] [r=1 c=3 rs=1 cs=1]
              RenderText {#text} at (2,2) size 37x19
                text run at (2,2) width 37: "TD L"
      RenderTable {TABLE} at (0,817) size 590x442 [color=#FFFFFF] [border: (6px dotted #FFFFFF)]
        RenderBlock {CAPTION} at (0,0) size 585x20
          RenderText {#text} at (170,0) size 245x19
            text run at (170,0) width 245: "With 'border-collapse: collapse'"
        RenderTableCol {COLGROUP} at (0,0) size 0x0
          RenderTableCol {COL} at (0,0) size 0x0
          RenderTableCol {COL} at (0,0) size 0x0
          RenderTableCol {COL} at (0,0) size 0x0
        RenderTableCol {COLGROUP} at (0,0) size 0x0
          RenderTableCol {COL} at (0,0) size 0x0
        RenderTableSection {THEAD} at (2,26) size 585x103 [bgcolor=#000000] [border: (5px dashed #FFFFFF)]
          RenderTableRow {TR} at (0,0) size 585x103
            RenderTableCell {TH} at (0,36) size 137x31 [border: (3px dotted #FFFFFF)] [r=0 c=0 rs=1 cs=1]
              RenderText {#text} at (47,4) size 39x19
                text run at (47,4) width 39: "TH A"
            RenderTableCell {TH} at (137,34) size 207x35 [border: (7px dotted #FFFFFF)] [r=0 c=1 rs=1 cs=1]
              RenderText {#text} at (85,8) size 38x19
                text run at (85,8) width 38: "TH B"
            RenderTableCell {TH} at (344,38) size 125x27 [border: (3px dotted #FFFFFF)] [r=0 c=2 rs=1 cs=1]
              RenderText {#text} at (45,4) size 39x19
                text run at (45,4) width 39: "TH C"
            RenderTableCell {TH} at (469,38) size 116x27 [border: (3px dashed #FFFFFF)] [r=0 c=3 rs=1 cs=1]
              RenderText {#text} at (39,4) size 39x19
                text run at (39,4) width 39: "TH D"
        RenderTableSection {TFOOT} at (2,323) size 585x117
          RenderTableRow {TR} at (0,0) size 585x117
            RenderTableCell {TD} at (0,43) size 344x30 [border: (7px dotted #FFFFFF)] [r=0 c=0 rs=1 cs=2]
              RenderText {#text} at (3,8) size 40x19
                text run at (3,8) width 40: "TD M"
            RenderTableCell {TD} at (344,45) size 125x26 [border: (3px dotted #FFFFFF)] [r=0 c=2 rs=1 cs=1]
              RenderText {#text} at (2,4) size 40x19
                text run at (2,4) width 40: "TD O"
            RenderTableCell {TD} at (469,45) size 116x26 [border: (3px dotted #FFFFFF)] [r=0 c=3 rs=1 cs=1]
              RenderText {#text} at (2,4) size 38x19
                text run at (2,4) width 38: "TD P"
        RenderTableSection {TBODY} at (2,129) size 585x194 [bgcolor=#000000] [border: (5px dashed #FFFFFF)]
          RenderTableRow {TR} at (0,0) size 585x109
            RenderTableCell {TD} at (0,79) size 137x35 [border: (7px dotted #FFFFFF)] [r=0 c=0 rs=2 cs=1]
              RenderText {#text} at (8,8) size 37x19
                text run at (8,8) width 37: "TD E"
            RenderTableCell {TD} at (137,40) size 207x29 [border: (7px dotted #FFFFFF)] [r=0 c=1 rs=1 cs=1]
              RenderText {#text} at (8,8) size 37x19
                text run at (8,8) width 37: "TD F"
            RenderTableCell {TD} at (344,41) size 125x27 [border: (3px dotted #FFFFFF)] [r=0 c=2 rs=1 cs=1]
              RenderText {#text} at (2,4) size 39x19
                text run at (2,4) width 39: "TD G"
            RenderTableCell {TD} at (469,42) size 116x25 [border: (3px dotted #FFFFFF)] [r=0 c=3 rs=1 cs=1]
              RenderText {#text} at (2,4) size 39x19
                text run at (2,4) width 39: "TD H"
          RenderTableRow {TR} at (0,109) size 585x85
            RenderTableCell {TD} at (137,139) size 207x25 [border: (1px dotted #FFFFFF)] [r=1 c=1 rs=1 cs=1]
              RenderText {#text} at (8,2) size 36x19
                text run at (8,2) width 36: "TD J"
            RenderTableCell {TD} at (344,138) size 125x27 [border: (3px dashed #FFFFFF)] [r=1 c=2 rs=1 cs=1]
              RenderText {#text} at (4,4) size 39x19
                text run at (4,4) width 39: "TD K"
            RenderTableCell {TD} at (469,139) size 116x25 [border: (1px dotted #FFFFFF)] [r=1 c=3 rs=1 cs=1]
              RenderText {#text} at (4,2) size 37x19
                text run at (4,2) width 37: "TD L"
      RenderBlock {DIV} at (0,1259) size 784x34
        RenderInline {A} at (0,0) size 88x16 [color=#FFFF00]
          RenderImage {IMG} at (0,0) size 88x31
        RenderText {#text} at (0,0) size 0x0
      RenderBlock {ADDRESS} at (0,1293) size 784x16
        RenderText {#text} at (0,0) size 594x16
          text run at (0,0) width 594: "CSS2 Table Backgrounds Test Suite designed and written by fantasai <fantasai@escape.com>"
