layer at (0,0) size 800x1263
  RenderView at (0,0) size 800x600
layer at (0,0) size 800x1263
  RenderBlock {HTML} at (0,0) size 800x1263
    RenderBody {BODY} at (8,18) size 784x1237 [color=#00FF00] [bgcolor=#333333]
      RenderBlock {H1} at (0,0) size 784x32
        RenderText {#text} at (0,1) size 487x30
          text run at (0,1) width 487: "CSS2 Table Backgrounds Test Suite"
      RenderBlock {H2} at (0,50) size 784x24
        RenderText {#text} at (0,0) size 334x23
          text run at (0,0) width 334: "Part D: Background with Borders"
      RenderBlock {H3} at (0,91) size 784x18
        RenderText {#text} at (0,0) size 168x18
          text run at (0,0) width 168: "Background on 'table'"
      RenderBlock {P} at (0,125) size 784x16
        RenderText {#text} at (0,0) size 328x16
          text run at (0,0) width 328: "There should be three aqua stripes just inside the bottom and right table borders."
      RenderBlock {DL} at (0,155) size 784x96
        RenderBlock {DT} at (0,0) size 784x16
          RenderText {#text} at (0,0) size 16x16
            text run at (0,0) width 16: "next"
        RenderBlock {DD} at (40,16) size 744x16
          RenderInline {A} at (0,0) size 224x16 [color=#FFFF00]
            RenderText {#text} at (0,0) size 224x16
              text run at (0,0) width 224: "Background with Borders: Background on 'table-row-group'"
          RenderText {#text} at (0,0) size 0x0
        RenderBlock {DT} at (0,32) size 784x16
          RenderText {#text} at (0,0) size 32x16
            text run at (0,0) width 32: "previous"
        RenderBlock {DD} at (40,48) size 744x16
          RenderInline {A} at (0,0) size 204x16 [color=#FFFF00]
            RenderText {#text} at (0,0) size 204x16
              text run at (0,0) width 204: "Background with Borders: Background on 'table-cell'"
          RenderText {#text} at (0,0) size 0x0
        RenderBlock {DT} at (0,64) size 784x16
          RenderText {#text} at (0,0) size 32x16
            text run at (0,0) width 32: "contents"
        RenderBlock {DD} at (40,80) size 744x16
          RenderInline {A} at (0,0) size 68x16 [color=#FFFF00]
            RenderText {#text} at (0,0) size 68x16
              text run at (0,0) width 68: "Table of Contents"
          RenderText {#text} at (0,0) size 0x0
      RenderTable {TABLE} at (0,265) size 626x486 [color=#FFFFFF] [bgcolor=#000000] [border: (5px dotted #FFFFFF)]
        RenderBlock {CAPTION} at (0,0) size 616x20
          RenderText {#text} at (183,0) size 249x19
            text run at (183,0) width 249: "With 'border-collapse: separate'"
        RenderTableCol {COLGROUP} at (0,0) size 0x0
          RenderTableCol {COL} at (0,0) size 0x0
          RenderTableCol {COL} at (0,0) size 0x0
          RenderTableCol {COL} at (0,0) size 0x0
        RenderTableCol {COLGROUP} at (0,0) size 0x0
          RenderTableCol {COL} at (0,0) size 0x0
        RenderTableSection {THEAD} at (5,25) size 616x114
          RenderTableRow {TR} at (0,7) size 616x100
            RenderTableCell {TH} at (7,45) size 130x24 [border: (1px dotted #FFFFFF)] [r=0 c=0 rs=1 cs=1]
              RenderText {#text} at (45,2) size 39x19
                text run at (45,2) width 39: "TH A"
            RenderTableCell {TH} at (144,33) size 220x48 [border: (13px dotted #FFFFFF)] [r=0 c=1 rs=1 cs=1]
              RenderText {#text} at (91,14) size 38x19
                text run at (91,14) width 38: "TH B"
            RenderTableCell {TH} at (371,45) size 118x24 [border: (1px dotted #FFFFFF)] [r=0 c=2 rs=1 cs=1]
              RenderText {#text} at (39,2) size 39x19
                text run at (39,2) width 39: "TH C"
            RenderTableCell {TH} at (496,45) size 113x24 [border: (1px dotted #FFFFFF)] [r=0 c=3 rs=1 cs=1]
              RenderText {#text} at (37,2) size 39x19
                text run at (37,2) width 39: "TH D"
        RenderTableSection {TBODY} at (5,139) size 616x213
          RenderTableRow {TR} at (0,7) size 616x108
            RenderTableCell {TD} at (7,82) size 130x48 [border: (13px dotted #FFFFFF)] [r=0 c=0 rs=2 cs=1]
              RenderText {#text} at (14,14) size 37x19
                text run at (14,14) width 37: "TD E"
            RenderTableCell {TD} at (144,49) size 220x24 [border: (1px dotted #FFFFFF)] [r=0 c=1 rs=1 cs=1]
              RenderText {#text} at (2,2) size 37x19
                text run at (2,2) width 37: "TD F"
            RenderTableCell {TD} at (371,49) size 118x24 [border: (1px dotted #FFFFFF)] [r=0 c=2 rs=1 cs=1]
              RenderText {#text} at (2,2) size 39x19
                text run at (2,2) width 39: "TD G"
            RenderTableCell {TD} at (496,49) size 113x24 [border: (1px dotted #FFFFFF)] [r=0 c=3 rs=1 cs=1]
              RenderText {#text} at (2,2) size 39x19
                text run at (2,2) width 39: "TD H"
          RenderTableRow {TR} at (0,122) size 616x84
            RenderTableCell {TD} at (144,152) size 220x24 [border: (1px dotted #FFFFFF)] [r=1 c=1 rs=1 cs=1]
              RenderText {#text} at (2,2) size 36x19
                text run at (2,2) width 36: "TD J"
            RenderTableCell {TD} at (371,152) size 118x24 [border: (1px dotted #FFFFFF)] [r=1 c=2 rs=1 cs=1]
              RenderText {#text} at (2,2) size 39x19
                text run at (2,2) width 39: "TD K"
            RenderTableCell {TD} at (496,152) size 113x24 [border: (1px dotted #FFFFFF)] [r=1 c=3 rs=1 cs=1]
              RenderText {#text} at (2,2) size 37x19
                text run at (2,2) width 37: "TD L"
        RenderTableSection {TFOOT} at (5,352) size 616x129
          RenderTableRow {TR} at (0,7) size 616x115
            RenderTableCell {TD} at (7,52) size 357x24 [border: (1px dotted #FFFFFF)] [r=0 c=0 rs=1 cs=2]
              RenderText {#text} at (2,2) size 40x19
                text run at (2,2) width 40: "TD M"
            RenderTableCell {TD} at (371,52) size 118x24 [border: (1px dotted #FFFFFF)] [r=0 c=2 rs=1 cs=1]
              RenderText {#text} at (2,2) size 40x19
                text run at (2,2) width 40: "TD O"
            RenderTableCell {TD} at (496,52) size 113x24 [border: (1px dotted #FFFFFF)] [r=0 c=3 rs=1 cs=1]
              RenderText {#text} at (2,2) size 38x19
                text run at (2,2) width 38: "TD P"
      RenderTable {TABLE} at (0,751) size 586x436 [color=#FFFFFF] [bgcolor=#000000] [border: (6px dotted #FFFFFF)]
        RenderBlock {CAPTION} at (0,0) size 581x20
          RenderText {#text} at (168,0) size 245x19
            text run at (168,0) width 245: "With 'border-collapse: collapse'"
        RenderTableCol {COLGROUP} at (0,0) size 0x0
          RenderTableCol {COL} at (0,0) size 0x0
          RenderTableCol {COL} at (0,0) size 0x0
          RenderTableCol {COL} at (0,0) size 0x0
        RenderTableCol {COLGROUP} at (0,0) size 0x0
          RenderTableCol {COL} at (0,0) size 0x0
        RenderTableSection {THEAD} at (2,26) size 581x101
          RenderTableRow {TR} at (0,0) size 581x101
            RenderTableCell {TH} at (0,35) size 137x31 [border: (3px dotted #FFFFFF)] [r=0 c=0 rs=1 cs=1]
              RenderText {#text} at (47,4) size 39x19
                text run at (47,4) width 39: "TH A"
            RenderTableCell {TH} at (137,33) size 207x35 [border: (7px dotted #FFFFFF)] [r=0 c=1 rs=1 cs=1]
              RenderText {#text} at (85,8) size 38x19
                text run at (85,8) width 38: "TH B"
            RenderTableCell {TH} at (344,38) size 123x25 [border: (3px dotted #FFFFFF)] [r=0 c=2 rs=1 cs=1]
              RenderText {#text} at (45,4) size 39x19
                text run at (45,4) width 39: "TH C"
            RenderTableCell {TH} at (467,38) size 114x25 [border: (3px dotted #FFFFFF)] [r=0 c=3 rs=1 cs=1]
              RenderText {#text} at (37,4) size 39x19
                text run at (37,4) width 39: "TH D"
        RenderTableSection {TFOOT} at (2,317) size 581x116
          RenderTableRow {TR} at (0,0) size 581x116
            RenderTableCell {TD} at (0,42) size 344x31 [border: (7px dotted #FFFFFF)] [r=0 c=0 rs=1 cs=2]
              RenderText {#text} at (4,8) size 40x19
                text run at (4,8) width 40: "TD M"
            RenderTableCell {TD} at (344,45) size 123x25 [border: (1px dotted #FFFFFF)] [r=0 c=2 rs=1 cs=1]
              RenderText {#text} at (2,2) size 40x19
                text run at (2,2) width 40: "TD O"
            RenderTableCell {TD} at (467,45) size 114x25 [border: (1px dotted #FFFFFF)] [r=0 c=3 rs=1 cs=1]
              RenderText {#text} at (2,2) size 38x19
                text run at (2,2) width 38: "TD P"
        RenderTableSection {TBODY} at (2,127) size 581x190
          RenderTableRow {TR} at (0,0) size 581x107
            RenderTableCell {TD} at (0,77) size 137x35 [border: (7px dotted #FFFFFF)] [r=0 c=0 rs=2 cs=1]
              RenderText {#text} at (8,8) size 37x19
                text run at (8,8) width 37: "TD E"
            RenderTableCell {TD} at (137,39) size 207x29 [border: (7px dotted #FFFFFF)] [r=0 c=1 rs=1 cs=1]
              RenderText {#text} at (8,8) size 37x19
                text run at (8,8) width 37: "TD F"
            RenderTableCell {TD} at (344,42) size 123x23 [border: (1px dotted #FFFFFF)] [r=0 c=2 rs=1 cs=1]
              RenderText {#text} at (2,2) size 39x19
                text run at (2,2) width 39: "TD G"
            RenderTableCell {TD} at (467,42) size 114x23 [border: (1px dotted #FFFFFF)] [r=0 c=3 rs=1 cs=1]
              RenderText {#text} at (2,2) size 39x19
                text run at (2,2) width 39: "TD H"
          RenderTableRow {TR} at (0,107) size 581x83
            RenderTableCell {TD} at (137,137) size 207x23 [border: (1px dotted #FFFFFF)] [r=1 c=1 rs=1 cs=1]
              RenderText {#text} at (8,2) size 36x19
                text run at (8,2) width 36: "TD J"
            RenderTableCell {TD} at (344,137) size 123x23 [border: (1px dotted #FFFFFF)] [r=1 c=2 rs=1 cs=1]
              RenderText {#text} at (2,2) size 39x19
                text run at (2,2) width 39: "TD K"
            RenderTableCell {TD} at (467,137) size 114x23 [border: (1px dotted #FFFFFF)] [r=1 c=3 rs=1 cs=1]
              RenderText {#text} at (2,2) size 37x19
                text run at (2,2) width 37: "TD L"
      RenderBlock {DIV} at (0,1187) size 784x34
        RenderInline {A} at (0,0) size 88x16 [color=#FFFF00]
          RenderImage {IMG} at (0,0) size 88x31
        RenderText {#text} at (0,0) size 0x0
      RenderBlock {ADDRESS} at (0,1221) size 784x16
        RenderText {#text} at (0,0) size 594x16
          text run at (0,0) width 594: "CSS2 Table Backgrounds Test Suite designed and written by fantasai <fantasai@escape.com>"
