layer at (0,0) size 540x619
  RenderView at (0,0) size 96x26
layer at (0,0) size 540x619
  RenderBlock {HTML} at (0,0) size 96x619
    RenderBody {BODY} at (8,8) size 80x603
      RenderTable {TABLE} at (0,0) size 228x603 [border: (1px outset #808080)]
        RenderBlock {CAPTION} at (0,0) size 226x206 [border: (3px solid #FFA500)]
          RenderText {#text} at (101,3) size 23x16
            text run at (101,3) width 23: "cap"
        RenderTableSection {TBODY} at (1,207) size 226x395
          RenderTableRow {TR} at (0,30) size 226x335
            RenderTableCell {TD} at (30,173) size 52x48 [border: (1px inset #808080)] [r=0 c=0 rs=1 cs=1]
              RenderText {#text} at (16,16) size 20x16
                text run at (16,16) width 20: "foo"
            RenderTableCell {TD} at (112,30) size 84x335 [border: (1px inset #808080)] [r=0 c=1 rs=1 cs=1]
              RenderBlock {DIV} at (16,16) size 52x52 [border: (1px solid #008000)]
                RenderBlock {DIV} at (1,1) size 402x302 [border: (1px solid #FF0000)]
                  RenderText {#text} at (1,1) size 8x16
                    text run at (1,1) width 8: "d"
