layer at (0,0) size 527x666
  RenderView at (0,0) size 96x26
layer at (0,0) size 527x666
  RenderBlock {HTML} at (0,0) size 96x666
    RenderBody {BODY} at (8,8) size 80x650
      RenderTable {TABLE} at (0,0) size 200x650 [border: (1px outset #808080)]
        RenderBlock {CAPTION} at (0,0) size 198x206 [border: (3px solid #FFA500)]
          RenderText {#text} at (73,4) size 52x34
            text run at (73,4) width 52: "cap"
        RenderTableSection {TBODY} at (1,207) size 198x442
          RenderTableRow {TR} at (0,30) size 198x47
            RenderTableCell {TD} at (30,45) size 54x17 [border: (1px inset #808080)] [r=0 c=0 rs=1 cs=1]
              RenderText {#text} at (1,1) size 18x15
                text run at (1,1) width 18: "foo"
            RenderTableCell {TD} at (114,30) size 54x47 [border: (1px inset #808080)] [r=0 c=1 rs=1 cs=1]
              RenderText {#text} at (1,1) size 18x15
                text run at (1,1) width 18: "bar"
              RenderBR {BR} at (19,1) size 0x15
              RenderText {#text} at (1,16) size 21x15
                text run at (1,16) width 21: "baz"
              RenderBR {BR} at (22,16) size 0x15
              RenderText {#text} at (1,31) size 21x15
                text run at (1,31) width 21: "zap"
          RenderTableRow {TR} at (0,107) size 198x305
            RenderTableCell {TD} at (30,204) size 54x110 [border: (1px inset #808080)] [r=1 c=0 rs=1 cs=1]
              RenderText {#text} at (1,2) size 52x106
                text run at (1,2) width 45: "foo"
                text run at (1,38) width 47: "bar"
                text run at (1,74) width 52: "baz"
            RenderTableCell {TD} at (114,107) size 54x305 [border: (1px inset #808080)] [r=1 c=1 rs=1 cs=1]
              RenderBlock {DIV} at (1,1) size 52x52 [border: (1px solid #008000)]
                RenderBlock {DIV} at (1,1) size 402x302 [border: (1px solid #FF0000)]
                  RenderText {#text} at (1,2) size 18x34
                    text run at (1,2) width 18: "d"
