layer at (0,0) size 208x429
  RenderView at (0,0) size 96x26
layer at (0,0) size 208x429
  RenderBlock {HTML} at (0,0) size 96x429
    RenderBody {BODY} at (8,8) size 80x413
      RenderTable {TABLE} at (0,0) size 200x413 [border: (1px outset #808080)]
        RenderTableSection {TBODY} at (1,1) size 198x411
          RenderTableRow {TR} at (0,2) size 198x407
            RenderTableCell {TD} at (2,195) size 115x20 [border: (1px inset #808080)] [r=0 c=0 rs=1 cs=1]
              RenderText {#text} at (2,2) size 20x16
                text run at (2,2) width 20: "foo"
            RenderTableCell {TD} at (119,2) size 77x407 [border: (1px inset #808080)] [r=0 c=1 rs=1 cs=1]
              RenderBlock {DIV} at (63,2) size 12x12 [border: (1px solid #008000)]
                RenderBlock {DIV} at (-291,1) size 302x402 [border: (1px solid #FF0000)]
                  RenderText {#text} at (293,1) size 8x16
                    text run at (293,1) width 8: "d"
