layer at (0,0) size 800x600
  RenderView at (0,0) size 800x600
layer at (0,0) size 800x600
  RenderBlock {HTML} at (0,0) size 800x600
    RenderBody {BODY} at (8,8) size 784x584
      RenderBlock {P} at (0,0) size 784x16
        RenderText {#text} at (0,0) size 432x16
          text run at (0,0) width 432: "The caption should be aligned at the right side of the top of the table."
      RenderTable {TABLE} at (0,30) size 172x64 [border: (1px outset #808080)]
        RenderBlock {CAPTION} at (0,0) size 170x16
          RenderText {#text} at (55,0) size 60x16
            text run at (55,0) width 60: "Wild Cats"
        RenderTableSection {TBODY} at (1,17) size 170x46
          RenderTableRow {TR} at (0,2) size 170x20
            RenderTableCell {TD} at (2,2) size 47x20 [border: (1px inset #808080)] [r=0 c=0 rs=1 cs=1]
              RenderText {#text} at (2,2) size 27x16
                text run at (2,2) width 27: "Lion"
            RenderTableCell {TD} at (51,2) size 57x20 [border: (1px inset #808080)] [r=0 c=1 rs=1 cs=1]
              RenderText {#text} at (2,2) size 53x16
                text run at (2,2) width 53: "Leopard"
            RenderTableCell {TD} at (110,2) size 58x20 [border: (1px inset #808080)] [r=0 c=2 rs=1 cs=1]
              RenderText {#text} at (2,2) size 54x16
                text run at (2,2) width 54: "Cheetah"
          RenderTableRow {TR} at (0,24) size 170x20
            RenderTableCell {TD} at (2,24) size 47x20 [border: (1px inset #808080)] [r=1 c=0 rs=1 cs=1]
              RenderText {#text} at (2,2) size 43x16
                text run at (2,2) width 43: "Jaguar"
            RenderTableCell {TD} at (51,24) size 57x20 [border: (1px inset #808080)] [r=1 c=1 rs=1 cs=1]
              RenderText {#text} at (2,2) size 43x16
                text run at (2,2) width 43: "Bobcat"
            RenderTableCell {TD} at (110,24) size 58x20 [border: (1px inset #808080)] [r=1 c=2 rs=1 cs=1]
              RenderText {#text} at (2,2) size 41x16
                text run at (2,2) width 41: "Ocelot"
