layer at (0,0) size 557x365
  RenderView at (0,0) size 96x26
layer at (0,0) size 557x365
  RenderBlock {HTML} at (0,0) size 96x365
    RenderBody {BODY} at (8,8) size 80x349
      RenderTable {TABLE} at (0,0) size 200x349 [border: (1px outset #808080)]
        RenderBlock {CAPTION} at (0,0) size 198x42 [border: (3px solid #FFA500)]
          RenderText {#text} at (73,4) size 52x34
            text run at (73,4) width 52: "cap"
        RenderTableSection {TBODY} at (1,43) size 198x305
          RenderTableRow {TR} at (0,0) size 198x305
            RenderTableCell {TD} at (0,115) size 144x74 [border: (1px inset #808080)] [r=0 c=0 rs=1 cs=1]
              RenderText {#text} at (1,2) size 101x70
                text run at (1,2) width 101: "foo bar"
                text run at (1,38) width 52: "baz"
            RenderTableCell {TD} at (144,0) size 54x305 [border: (1px inset #808080)] [r=0 c=1 rs=1 cs=1]
              RenderBlock {DIV} at (1,1) size 52x52 [border: (1px solid #008000)]
                RenderBlock {DIV} at (1,1) size 402x302 [border: (1px solid #FF0000)]
                  RenderText {#text} at (1,2) size 18x34
                    text run at (1,2) width 18: "d"
