layer at (0,0) size 527x589
  RenderView at (0,0) size 96x26
layer at (0,0) size 527x589
  RenderBlock {HTML} at (0,0) size 96x589
    RenderBody {BODY} at (8,8) size 80x573
      RenderTable {TABLE} at (0,0) size 200x573 [border: (1px outset #808080)]
        RenderBlock {CAPTION} at (0,0) size 198x206 [border: (3px solid #FFA500)]
          RenderText {#text} at (73,4) size 52x34
            text run at (73,4) width 52: "cap"
        RenderTableSection {TBODY} at (1,207) size 198x365
          RenderTableRow {TR} at (0,30) size 198x305
            RenderTableCell {TD} at (30,163) size 54x38 [border: (1px inset #808080)] [r=0 c=0 rs=1 cs=1]
              RenderText {#text} at (1,1) size 49x36
                text run at (1,1) width 49: "foo bar"
                text run at (1,19) width 26: "baz"
            RenderTableCell {TD} at (114,30) size 54x305 [border: (1px inset #808080)] [r=0 c=1 rs=1 cs=1]
              RenderBlock {DIV} at (1,1) size 52x52 [border: (1px solid #008000)]
                RenderBlock {DIV} at (1,1) size 402x302 [border: (1px solid #FF0000)]
                  RenderText {#text} at (1,1) size 9x18
                    text run at (1,1) width 9: "d"
