layer at (0,0) size 800x600
  RenderView at (0,0) size 800x600
layer at (0,0) size 800x600
  RenderBlock {HTML} at (0,0) size 800x600
    RenderBody {BODY} at (8,8) size 784x584
      RenderTable {TABLE} at (0,0) size 408x101 [border: (2px outset #808080)]
        RenderBlock {CAPTION} at (0,0) size 403x16
          RenderText {#text} at (12,0) size 378x16
            text run at (12,0) width 378: "Communicator 4.5 Installers for Mac and Windows Platforms"
        RenderTableSection {TBODY} at (2,18) size 403x80
          RenderTableRow {TR} at (0,0) size 403x21
            RenderTableCell {TH} at (0,8) size 115x5 [border: (3px inset #808080)] [r=0 c=0 rs=1 cs=1]
            RenderTableCell {TH} at (115,0) size 111x21 [border: (3px inset #808080)] [r=0 c=1 rs=1 cs=1]
              RenderText {#text} at (2,4) size 108x16
                text run at (2,4) width 108: "Macintosh PPC"
            RenderTableCell {TH} at (226,0) size 86x21 [border: (3px inset #808080)] [r=0 c=2 rs=1 cs=1]
              RenderText {#text} at (2,4) size 83x16
                text run at (2,4) width 83: "Windows 95"
            RenderTableCell {TH} at (312,0) size 91x21 [border: (3px inset #808080)] [r=0 c=3 rs=1 cs=1]
              RenderText {#text} at (2,4) size 86x16
                text run at (2,4) width 86: "Windows NT"
          RenderTableRow {TR} at (0,21) size 403x19
            RenderTableCell {TD} at (0,21) size 115x19 [border: (1px inset #808080)] [r=1 c=0 rs=1 cs=1]
              RenderText {#text} at (4,2) size 73x16
                text run at (4,2) width 73: "Base Install"
            RenderTableCell {TD} at (115,21) size 111x19 [border: (1px inset #808080)] [r=1 c=1 rs=1 cs=1]
              RenderText {#text} at (2,2) size 22x16
                text run at (2,2) width 22: "yes"
            RenderTableCell {TD} at (226,21) size 86x19 [border: (1px inset #808080)] [r=1 c=2 rs=1 cs=1]
              RenderText {#text} at (2,2) size 22x16
                text run at (2,2) width 22: "yes"
            RenderTableCell {TD} at (312,21) size 91x19 [border: (1px inset #808080)] [r=1 c=3 rs=1 cs=1]
              RenderText {#text} at (2,2) size 22x16
                text run at (2,2) width 22: "yes"
          RenderTableRow {TR} at (0,40) size 403x19
            RenderTableCell {TD} at (0,40) size 115x19 [border: (1px inset #808080)] [r=2 c=0 rs=1 cs=1]
              RenderText {#text} at (4,2) size 101x16
                text run at (4,2) width 101: "Complete Install"
            RenderTableCell {TD} at (115,40) size 111x19 [border: (1px inset #808080)] [r=2 c=1 rs=1 cs=1]
              RenderText {#text} at (2,2) size 22x16
                text run at (2,2) width 22: "yes"
            RenderTableCell {TD} at (226,40) size 86x19 [border: (1px inset #808080)] [r=2 c=2 rs=1 cs=1]
              RenderText {#text} at (2,2) size 22x16
                text run at (2,2) width 22: "yes"
            RenderTableCell {TD} at (312,40) size 91x19 [border: (1px inset #808080)] [r=2 c=3 rs=1 cs=1]
              RenderText {#text} at (2,2) size 22x16
                text run at (2,2) width 22: "yes"
          RenderTableRow {TR} at (0,59) size 403x21
            RenderTableCell {TD} at (0,59) size 115x21 [border: (1px inset #808080)] [r=3 c=0 rs=1 cs=1]
              RenderText {#text} at (4,2) size 110x16
                text run at (4,2) width 110: "Pro Edition Install"
            RenderTableCell {TD} at (115,59) size 111x21 [border: (1px inset #808080)] [r=3 c=1 rs=1 cs=1]
              RenderText {#text} at (2,2) size 22x16
                text run at (2,2) width 22: "yes"
            RenderTableCell {TD} at (226,59) size 86x21 [border: (1px inset #808080)] [r=3 c=2 rs=1 cs=1]
              RenderText {#text} at (2,2) size 22x16
                text run at (2,2) width 22: "yes"
            RenderTableCell {TD} at (312,59) size 91x21 [border: (1px inset #808080)] [r=3 c=3 rs=1 cs=1]
              RenderText {#text} at (2,2) size 22x16
                text run at (2,2) width 22: "yes"
