layer at (0,0) size 800x600
  RenderView at (0,0) size 800x600
layer at (0,0) size 800x78
  RenderBlock {html} at (0,0) size 800x78
    RenderBody {body} at (8,14) size 784x56
      RenderBlock {p} at (0,0) size 784x16
        RenderText {#text} at (0,0) size 154x16
          text run at (0,0) width 154: "COLGROUP WIDTH=px"
      RenderTable {table} at (0,30) size 592x26 [border: (1px outset #808080)]
        RenderTableCol {colgroup} at (0,0) size 0x0
          RenderTableCol {col} at (0,0) size 0x0
          RenderTableCol {col} at (0,0) size 0x0
        RenderTableSection {tbody} at (1,1) size 590x24
          RenderTableRow {tr} at (0,2) size 590x20
            RenderTableCell {td} at (2,2) size 292x20 [border: (1px inset #808080)] [r=0 c=0 rs=1 cs=1]
              RenderText {#text} at (2,2) size 288x16
                text run at (2,2) width 288: "This column should have a width of 200 pixels"
            RenderTableCell {td} at (296,2) size 292x20 [border: (1px inset #808080)] [r=0 c=1 rs=1 cs=1]
              RenderText {#text} at (2,2) size 288x16
                text run at (2,2) width 288: "This column should have a width of 200 pixels"
