layer at (0,0) size 800x600
  RenderView at (0,0) size 800x600
layer at (0,0) size 800x139
  RenderBlock {html} at (0,0) size 800x139
    RenderBody {body} at (8,14) size 784x117
      RenderBlock {p} at (0,0) size 784x16
        RenderText {#text} at (0,0) size 494x16
          text run at (0,0) width 389: "Only the bottom side of the frame surrounding the table below "
          text run at (389,0) width 105: "should be visible."
      RenderTable {table} at (0,30) size 158x87 [border: none (1px solid #808080) none]
        RenderTableCol {colgroup} at (0,0) size 0x0
          RenderTableCol {col} at (0,0) size 0x0
        RenderTableCol {colgroup} at (0,0) size 0x0
          RenderTableCol {col} at (0,0) size 0x0
        RenderTableCol {colgroup} at (0,0) size 0x0
          RenderTableCol {col} at (0,0) size 0x0
        RenderTableSection {thead} at (0,0) size 158x22
          RenderTableRow {tr} at (0,2) size 158x18
            RenderTableCell {th} at (2,2) size 50x18 [r=0 c=0 rs=1 cs=1]
              RenderText {#text} at (1,1) size 48x16
                text run at (1,1) width 48: "THEAD"
            RenderTableCell {th} at (54,2) size 50x18 [r=0 c=1 rs=1 cs=1]
              RenderText {#text} at (1,1) size 48x16
                text run at (1,1) width 48: "THEAD"
            RenderTableCell {th} at (106,2) size 50x18 [r=0 c=2 rs=1 cs=1]
              RenderText {#text} at (1,1) size 48x16
                text run at (1,1) width 48: "THEAD"
        RenderTableSection {tfoot} at (0,64) size 158x22
          RenderTableRow {tr} at (0,2) size 158x18
            RenderTableCell {td} at (2,2) size 50x18 [r=0 c=0 rs=1 cs=1]
              RenderText {#text} at (1,1) size 48x16
                text run at (1,1) width 48: "TFOOT"
            RenderTableCell {td} at (54,2) size 50x18 [r=0 c=1 rs=1 cs=1]
              RenderText {#text} at (1,1) size 48x16
                text run at (1,1) width 48: "TFOOT"
            RenderTableCell {td} at (106,2) size 50x18 [r=0 c=2 rs=1 cs=1]
              RenderText {#text} at (1,1) size 48x16
                text run at (1,1) width 48: "TFOOT"
        RenderTableSection {tbody} at (0,22) size 158x42
          RenderTableRow {tr} at (0,2) size 158x18
            RenderTableCell {td} at (2,2) size 50x18 [r=0 c=0 rs=1 cs=1]
              RenderText {#text} at (1,1) size 48x16
                text run at (1,1) width 48: "TBODY"
            RenderTableCell {td} at (54,2) size 50x18 [r=0 c=1 rs=1 cs=1]
              RenderText {#text} at (1,1) size 48x16
                text run at (1,1) width 48: "TBODY"
            RenderTableCell {td} at (106,2) size 50x18 [r=0 c=2 rs=1 cs=1]
              RenderText {#text} at (1,1) size 48x16
                text run at (1,1) width 48: "TBODY"
          RenderTableRow {tr} at (0,22) size 158x18
            RenderTableCell {td} at (2,22) size 50x18 [r=1 c=0 rs=1 cs=1]
              RenderText {#text} at (1,1) size 48x16
                text run at (1,1) width 48: "TBODY"
            RenderTableCell {td} at (54,22) size 50x18 [r=1 c=1 rs=1 cs=1]
              RenderText {#text} at (1,1) size 48x16
                text run at (1,1) width 48: "TBODY"
            RenderTableCell {td} at (106,22) size 50x18 [r=1 c=2 rs=1 cs=1]
              RenderText {#text} at (1,1) size 48x16
                text run at (1,1) width 48: "TBODY"
