layer at (0,0) size 162x225
  RenderView at (0,0) size 96x26
layer at (0,0) size 162x225
  RenderBlock {html} at (0,0) size 96x225
    RenderBody {body} at (8,14) size 80x203
      RenderBlock {p} at (0,0) size 80x112
        RenderText {#text} at (0,0) size 78x112
          text run at (0,0) width 38: "There"
          text run at (0,16) width 60: "should be"
          text run at (0,32) width 78: "rules around"
          text run at (0,48) width 58: "each row"
          text run at (0,64) width 72: "and column"
          text run at (0,80) width 75: "group in the"
          text run at (0,96) width 73: "table below."
      RenderTable {table} at (0,126) size 154x77 [border: none]
        RenderTableCol {colgroup} at (0,0) size 0x0 [border: (1px solid #000000) none (1px solid #000000)]
          RenderTableCol {col} at (0,0) size 0x0
        RenderTableCol {colgroup} at (0,0) size 0x0 [border: (1px solid #000000) none (1px solid #000000)]
          RenderTableCol {col} at (0,0) size 0x0
        RenderTableCol {colgroup} at (0,0) size 0x0 [border: (1px solid #000000) none (1px solid #000000)]
          RenderTableCol {col} at (0,0) size 0x0
        RenderTableSection {thead} at (0,0) size 153x19 [border: (1px solid #808080) none (1px solid #808080) none]
          RenderTableRow {tr} at (0,0) size 153x19
            RenderTableCell {th} at (0,0) size 51x19 [border: (1px inset #808080)] [r=0 c=0 rs=1 cs=1]
              RenderText {#text} at (2,2) size 48x16
                text run at (2,2) width 48: "THEAD"
            RenderTableCell {th} at (51,0) size 51x19 [border: (1px inset #808080)] [r=0 c=1 rs=1 cs=1]
              RenderText {#text} at (2,2) size 48x16
                text run at (2,2) width 48: "THEAD"
            RenderTableCell {th} at (102,0) size 51x19 [border: (1px inset #808080)] [r=0 c=2 rs=1 cs=1]
              RenderText {#text} at (2,2) size 48x16
                text run at (2,2) width 48: "THEAD"
        RenderTableSection {tfoot} at (0,57) size 153x19 [border: (1px solid #808080) none (1px solid #808080) none]
          RenderTableRow {tr} at (0,0) size 153x19
            RenderTableCell {td} at (0,0) size 51x19 [border: (1px inset #808080)] [r=0 c=0 rs=1 cs=1]
              RenderText {#text} at (2,2) size 48x16
                text run at (2,2) width 48: "TFOOT"
            RenderTableCell {td} at (51,0) size 51x19 [border: (1px inset #808080)] [r=0 c=1 rs=1 cs=1]
              RenderText {#text} at (2,2) size 48x16
                text run at (2,2) width 48: "TFOOT"
            RenderTableCell {td} at (102,0) size 51x19 [border: (1px inset #808080)] [r=0 c=2 rs=1 cs=1]
              RenderText {#text} at (2,2) size 48x16
                text run at (2,2) width 48: "TFOOT"
        RenderTableSection {tbody} at (0,19) size 153x38 [border: (1px solid #808080) none (1px solid #808080) none]
          RenderTableRow {tr} at (0,0) size 153x19
            RenderTableCell {td} at (0,0) size 51x19 [border: (1px inset #808080)] [r=0 c=0 rs=1 cs=1]
              RenderText {#text} at (2,2) size 48x16
                text run at (2,2) width 48: "TBODY"
            RenderTableCell {td} at (51,0) size 51x19 [border: (1px inset #808080)] [r=0 c=1 rs=1 cs=1]
              RenderText {#text} at (2,2) size 48x16
                text run at (2,2) width 48: "TBODY"
            RenderTableCell {td} at (102,0) size 51x19 [border: (1px inset #808080)] [r=0 c=2 rs=1 cs=1]
              RenderText {#text} at (2,2) size 48x16
                text run at (2,2) width 48: "TBODY"
          RenderTableRow {tr} at (0,19) size 153x19
            RenderTableCell {td} at (0,19) size 51x19 [border: (1px inset #808080)] [r=1 c=0 rs=1 cs=1]
              RenderText {#text} at (2,2) size 48x16
                text run at (2,2) width 48: "TBODY"
            RenderTableCell {td} at (51,19) size 51x19 [border: (1px inset #808080)] [r=1 c=1 rs=1 cs=1]
              RenderText {#text} at (2,2) size 48x16
                text run at (2,2) width 48: "TBODY"
            RenderTableCell {td} at (102,19) size 51x19 [border: (1px inset #808080)] [r=1 c=2 rs=1 cs=1]
              RenderText {#text} at (2,2) size 48x16
                text run at (2,2) width 48: "TBODY"
