layer at (0,0) size 800x600
  RenderView at (0,0) size 800x600
layer at (0,0) size 800x54
  RenderBlock {html} at (0,0) size 800x54
    RenderBody {body} at (8,16) size 784x22 [color=#000080]
      RenderBlock {p} at (0,0) size 784x22
        RenderText {#text} at (0,0) size 240x22
          text run at (0,0) width 240: "The entire canvas should be yellow."
