layer at (0,0) size 800x600
  RenderView at (0,0) size 800x600
layer at (50,50) size 700x158
  RenderBlock {html} at (50,50) size 700x158 [bgcolor=#FFFFFF] [border: (1px solid #000000)]
    RenderBody {body} at (51,51) size 598x56 [color=#000080] [border: (1px solid #000080)]
      RenderBlock {p} at (1,17) size 596x22
        RenderText {#text} at (0,0) size 370x22
          text run at (0,0) width 370: "There should be a yellow square in the top-left corner, "
        RenderInline {em} at (0,0) size 38x22
          RenderText {#text} at (370,0) size 38x22
            text run at (370,0) width 38: "inside"
        RenderText {#text} at (408,0) size 120x22
          text run at (408,0) width 120: " the inner border."
