layer at (0,0) size 923x584
  RenderView at (0,0) size 800x584
layer at (0,0) size 800x584
  RenderBlock {HTML} at (0,0) size 800x584
    RenderBody {BODY} at (8,8) size 784x568
      RenderText {#text} at (0,0) size 771x88
        text run at (0,0) width 546: "In this test, you should see three blocks that are aligned right within a black box. "
        text run at (546,0) width 225: "They should be stacked vertically"
        text run at (0,22) width 317: "with the green box in between two olive boxes. "
        text run at (317,22) width 432: "The olive boxes and the green box should be 100x100, and there"
        text run at (0,44) width 443: "should be 100 pixels of padding on the right side of the box stack. "
        text run at (443,44) width 314: "The black box's top should be aligned with the"
        text run at (0,66) width 675: "end of the last line in this parargaph and its left side should begin right after the end of this sentence."
      RenderText {#text} at (0,0) size 0x0
layer at (683,74) size 240x340
  RenderBlock (positioned) {SPAN} at (683,74) size 240x340 [border: (20px solid #000000)]
layer at (803,194) size 100x100
  RenderBlock (positioned) {DIV} at (120,120) size 100x100 [bgcolor=#008000]
layer at (803,94) size 100x100
  RenderBlock (positioned) {DIV} at (120,20) size 100x100 [bgcolor=#808000]
layer at (803,294) size 100x100
  RenderBlock (positioned) {DIV} at (120,220) size 100x100 [bgcolor=#808000]
