layer at (0,0) size 800x600
  RenderView at (0,0) size 800x600
layer at (0,0) size 800x131
  RenderBlock {HTML} at (0,0) size 800x131
    RenderBody {BODY} at (8,8) size 784x110
      RenderBlock (anonymous) at (0,0) size 784x110
        RenderFileUploadControl {INPUT} at (2,90) size 237x18 "abe.png"
          RenderButton {INPUT} at (0,0) size 78x18 [bgcolor=#C0C0C0]
            RenderBlock (anonymous) at (8,2) size 62x13
              RenderText at (0,0) size 62x13
                text run at (0,0) width 62: "Choose File"
        RenderText {#text} at (241,89) size 4x18
          text run at (241,89) width 4: " "
        RenderImage {IMG} at (245,0) size 76x103
        RenderText {#text} at (0,0) size 0x0
      RenderBlock {PRE} at (0,123) size 784x0
