layer at (0,0) size 784x963
  RenderView at (0,0) size 784x600
layer at (0,0) size 784x963
  RenderBlock {HTML} at (0,0) size 784x963
    RenderBody {BODY} at (8,8) size 768x939 [bgcolor=#FFFFFF]
      RenderBlock {H1} at (0,0) size 768x42
        RenderText {#text} at (0,0) size 359x41
          text run at (0,0) width 359: "Tests de conformit\x{E9} CSS 2"
      RenderBlock {H3} at (0,63) size 768x25
        RenderText {#text} at (0,0) size 155x25
          text run at (0,0) width 155: "Tableaux, test 13.8"
      RenderBlock {H6} at (0,112) size 768x14
        RenderText {#text} at (0,0) size 119x14
          text run at (0,0) width 119: "\x{A9} \x{C9}ditions Eyrolles 1998"
      RenderTable {TABLE} at (192,150) size 576x49
        RenderTableSection {TBODY} at (0,0) size 576x49
          RenderTableRow {TR} at (0,2) size 576x20
            RenderTableCell {TD} at (2,2) size 572x20 [r=0 c=0 rs=1 cs=3]
              RenderBlock {HR} at (1,9) size 572x2 [bgcolor=#808080] [border: (1px solid #808080)]
          RenderTableRow {TR} at (0,24) size 576x23
            RenderTableCell {TD} at (2,24) size 142x23 [r=1 c=0 rs=1 cs=1]
              RenderInline {A} at (0,0) size 94x21 [color=#0000EE]
                RenderText {#text} at (1,1) size 94x21
                  text run at (1,1) width 94: "test pr\x{E9}c\x{E9}dent"
            RenderTableCell {TD} at (146,24) size 284x23 [r=1 c=1 rs=1 cs=1]
              RenderInline {B} at (0,0) size 132x21
                RenderText {#text} at (76,1) size 132x21
                  text run at (76,1) width 132: "Cadres de tableaux"
            RenderTableCell {TD} at (432,24) size 142x23 [r=1 c=2 rs=1 cs=1]
              RenderInline {A} at (0,0) size 76x21 [color=#0000EE]
                RenderText {#text} at (65,1) size 76x21
                  text run at (65,1) width 76: "test suivant"
      RenderBlock {P} at (0,150) size 768x21
        RenderText {#text} at (0,0) size 4x21
          text run at (0,0) width 4: " "
      RenderBlock {P} at (0,187) size 768x21
        RenderText {#text} at (0,0) size 4x21
          text run at (0,0) width 4: " "
      RenderBlock {P} at (0,224) size 768x21
        RenderText {#text} at (0,0) size 405x21
          text run at (0,0) width 405: "Ce test v\x{E9}rifie que les cadres s'appliquent bien aux tableaux."
      RenderBlock {PRE} at (0,261) size 768x192
        RenderText {#text} at (0,0) size 375x192
          text run at (0,0) width 309: ".firsttable { border-width : 10pt ; border-color : yellow ;"
          text run at (309,0) width 0: " "
          text run at (0,16) width 190: "                border-style : double }"
          text run at (190,16) width 0: " "
          text run at (0,32) width 276: ".t1 { border-color : black ; border-style : double ;"
          text run at (276,32) width 0: " "
          text run at (0,48) width 172: "                border-width : 5pt }"
          text run at (172,48) width 0: " "
          text run at (0,64) width 252: ".t2 { border-color : red ; border-style : solid ;"
          text run at (252,64) width 0: " "
          text run at (0,80) width 176: "                border-width : 5pt  }"
          text run at (176,80) width 0: " "
          text run at (0,96) width 270: ".t3 { border-color : lime ; border-style : groove ;"
          text run at (270,96) width 0: " "
          text run at (0,112) width 176: "                border-width : 5pt  }"
          text run at (176,112) width 0: " "
          text run at (0,128) width 375: ".t4 { border-color : blue ; border-style : inset ; border-width : 5pt  }"
          text run at (375,128) width 0: " "
          text run at (0,144) width 329: ".secondtable { border-width : 10pt ; border-color : yellow ;"
          text run at (329,144) width 0: " "
          text run at (0,160) width 190: "                border-style : double ;"
          text run at (190,160) width 0: " "
          text run at (0,176) width 220: "                border-collapse : collapse }"
      RenderTable {TABLE} at (96,466) size 576x139 [border: (13px double #FFFF00)]
        RenderTableSection {TBODY} at (13,13) size 550x113
          RenderTableRow {TR} at (0,2) size 550x35
            RenderTableCell {TD} at (2,2) size 180x35 [border: (6px double #000000)] [r=0 c=0 rs=1 cs=1]
              RenderText {#text} at (7,7) size 8x21
                text run at (7,7) width 8: "1"
            RenderTableCell {TD} at (184,2) size 181x35 [border: (6px solid #FF0000)] [r=0 c=1 rs=1 cs=1]
              RenderText {#text} at (7,7) size 8x21
                text run at (7,7) width 8: "2"
            RenderTableCell {TD} at (367,2) size 181x35 [border: (6px groove #00FF00)] [r=0 c=2 rs=1 cs=1]
              RenderText {#text} at (7,7) size 8x21
                text run at (7,7) width 8: "3"
          RenderTableRow {TR} at (0,39) size 550x35
            RenderTableCell {TD} at (2,39) size 180x35 [border: (6px inset #0000FF)] [r=1 c=0 rs=1 cs=1]
              RenderText {#text} at (7,7) size 8x21
                text run at (7,7) width 8: "4"
            RenderTableCell {TD} at (184,39) size 181x35 [border: (6px double #000000)] [r=1 c=1 rs=1 cs=1]
              RenderText {#text} at (7,7) size 8x21
                text run at (7,7) width 8: "5"
            RenderTableCell {TD} at (367,39) size 181x35 [border: (6px solid #FF0000)] [r=1 c=2 rs=1 cs=1]
              RenderText {#text} at (7,7) size 8x21
                text run at (7,7) width 8: "6"
          RenderTableRow {TR} at (0,76) size 550x35
            RenderTableCell {TD} at (2,76) size 180x35 [border: (6px groove #00FF00)] [r=2 c=0 rs=1 cs=1]
              RenderText {#text} at (7,7) size 8x21
                text run at (7,7) width 8: "7"
            RenderTableCell {TD} at (184,76) size 181x35 [border: (6px inset #0000FF)] [r=2 c=1 rs=1 cs=1]
              RenderText {#text} at (7,7) size 8x21
                text run at (7,7) width 8: "8"
            RenderTableCell {TD} at (367,76) size 181x35 [border: (6px double #000000)] [r=2 c=2 rs=1 cs=1]
              RenderText {#text} at (7,7) size 8x21
                text run at (7,7) width 8: "9"
      RenderBlock (anonymous) at (0,605) size 768x21
        RenderBR {BR} at (0,0) size 0x21
      RenderTable {TABLE} at (96,626) size 576x107 [border: (6px double #FFFF00)]
        RenderTableSection {TBODY} at (6,6) size 563x94
          RenderTableRow {TR} at (0,0) size 563x33
            RenderTableCell {TD} at (0,0) size 204x33 [border: (7px double #000000)] [r=0 c=0 rs=1 cs=1]
              RenderText {#text} at (8,8) size 8x21
                text run at (8,8) width 8: "1"
            RenderTableCell {TD} at (204,0) size 164x33 [border: (7px solid #FF0000)] [r=0 c=1 rs=1 cs=1]
              RenderText {#text} at (4,8) size 8x21
                text run at (4,8) width 8: "2"
            RenderTableCell {TD} at (368,0) size 195x33 [border: (7px groove #00FF00)] [r=0 c=2 rs=1 cs=1]
              RenderText {#text} at (4,8) size 8x21
                text run at (4,8) width 8: "3"
          RenderTableRow {TR} at (0,33) size 563x29
            RenderTableCell {TD} at (0,33) size 204x29 [border: (3px inset #0000FF)] [r=1 c=0 rs=1 cs=1]
              RenderText {#text} at (8,4) size 8x21
                text run at (8,4) width 8: "4"
            RenderTableCell {TD} at (204,33) size 164x29 [border: (3px double #000000)] [r=1 c=1 rs=1 cs=1]
              RenderText {#text} at (4,4) size 8x21
                text run at (4,4) width 8: "5"
            RenderTableCell {TD} at (368,33) size 195x29 [border: (3px solid #FF0000)] [r=1 c=2 rs=1 cs=1]
              RenderText {#text} at (4,4) size 8x21
                text run at (4,4) width 8: "6"
          RenderTableRow {TR} at (0,62) size 563x32
            RenderTableCell {TD} at (0,62) size 204x32 [border: (3px groove #00FF00)] [r=2 c=0 rs=1 cs=1]
              RenderText {#text} at (8,4) size 8x21
                text run at (8,4) width 8: "7"
            RenderTableCell {TD} at (204,62) size 164x32 [border: (3px inset #0000FF)] [r=2 c=1 rs=1 cs=1]
              RenderText {#text} at (4,4) size 8x21
                text run at (4,4) width 8: "8"
            RenderTableCell {TD} at (368,62) size 195x32 [border: (3px double #000000)] [r=2 c=2 rs=1 cs=1]
              RenderText {#text} at (4,4) size 8x21
                text run at (4,4) width 8: "9"
      RenderBlock {P} at (0,749) size 768x42
        RenderText {#text} at (0,0) size 737x42
          text run at (0,0) width 319: "Si toutes les conditions exprim\x{E9}es par les r\x{E8}gles "
          text run at (319,0) width 418: "CSS ci-dessus se retrouvent dans le formatage des tableaux ci-"
          text run at (0,21) width 114: "dessus, la valeur "
          text run at (114,21) width 167: "de ce test est 2 et 0 sinon."
      RenderTable {TABLE} at (192,807) size 576x49
        RenderTableSection {TBODY} at (0,0) size 576x49
          RenderTableRow {TR} at (0,2) size 576x20
            RenderTableCell {TD} at (2,2) size 572x20 [r=0 c=0 rs=1 cs=3]
              RenderBlock {HR} at (1,9) size 572x2 [bgcolor=#808080] [border: (1px solid #808080)]
          RenderTableRow {TR} at (0,24) size 576x23
            RenderTableCell {TD} at (2,24) size 142x23 [r=1 c=0 rs=1 cs=1]
              RenderText {#text} at (1,1) size 94x21
                text run at (1,1) width 94: "test pr\x{E9}c\x{E9}dent"
            RenderTableCell {TD} at (146,24) size 284x23 [r=1 c=1 rs=1 cs=1]
              RenderInline {B} at (0,0) size 132x21
                RenderText {#text} at (76,1) size 132x21
                  text run at (76,1) width 132: "Cadres de tableaux"
            RenderTableCell {TD} at (432,24) size 142x23 [r=1 c=2 rs=1 cs=1]
              RenderInline {A} at (0,0) size 76x21 [color=#0000EE]
                RenderText {#text} at (65,1) size 76x21
                  text run at (65,1) width 76: "test suivant"
      RenderBlock {P} at (0,807) size 768x21
        RenderText {#text} at (0,0) size 4x21
          text run at (0,0) width 4: " "
      RenderBlock {P} at (0,844) size 768x21
        RenderText {#text} at (0,0) size 4x21
          text run at (0,0) width 4: " "
      RenderBlock {P} at (0,881) size 768x21
        RenderText {#text} at (0,0) size 4x21
          text run at (0,0) width 4: " "
      RenderBlock {P} at (0,918) size 768x21
        RenderText {#text} at (0,0) size 175x21
          text run at (0,0) width 175: "Auteur : Daniel Glazman."
