layer at (0,0) size 784x1520
  RenderView at (0,0) size 784x600
layer at (0,0) size 784x1520
  RenderBlock {HTML} at (0,0) size 784x1520
    RenderBody {BODY} at (8,8) size 768x1496
      RenderBlock {CENTER} at (0,0) size 768x1496
        RenderBlock (anonymous) at (0,0) size 768x21
          RenderText {#text} at (248,0) size 272x21
            text run at (248,0) width 272: "Build 1999/10/27/08 Win95 - Daily Build"
          RenderBR {BR} at (520,16) size 0x0
        RenderTable {TABLE} at (62,21) size 643x1312 [border: (10px outset #808080)]
          RenderBlock {CAPTION} at (0,0) size 623x21
            RenderText {#text} at (265,0) size 93x21
              text run at (265,0) width 93: "January 2000"
          RenderTableSection {TBODY} at (10,31) size 623x1271
            RenderTableRow {TR} at (0,0) size 623x487
              RenderTableCell {TD} at (0,0) size 92x25 [color=#FFFFFF] [bgcolor=#404080] [border: (1px inset #808080)] [r=0 c=0 rs=1 cs=1]
                RenderText {#text} at (2,2) size 5x21
                  text run at (2,2) width 5: "-"
              RenderTableCell {TD} at (92,0) size 88x25 [color=#FFFFFF] [bgcolor=#404080] [border: (1px inset #808080)] [r=0 c=1 rs=1 cs=1]
                RenderText {#text} at (2,2) size 5x21
                  text run at (2,2) width 5: "-"
              RenderTableCell {TD} at (180,0) size 85x25 [color=#FFFFFF] [bgcolor=#404080] [border: (1px inset #808080)] [r=0 c=2 rs=1 cs=1]
                RenderText {#text} at (2,2) size 5x21
                  text run at (2,2) width 5: "-"
              RenderTableCell {TD} at (265,0) size 85x25 [color=#FFFFFF] [bgcolor=#404080] [border: (1px inset #808080)] [r=0 c=3 rs=1 cs=1]
                RenderText {#text} at (2,2) size 5x21
                  text run at (2,2) width 5: "-"
              RenderTableCell {TD} at (350,0) size 85x25 [color=#FFFFFF] [bgcolor=#404080] [border: (1px inset #808080)] [r=0 c=4 rs=1 cs=1]
                RenderText {#text} at (2,2) size 5x21
                  text run at (2,2) width 5: "-"
              RenderTableCell {TD} at (435,0) size 90x25 [color=#FFFFFF] [bgcolor=#404080] [border: (1px inset #808080)] [r=0 c=5 rs=1 cs=1]
                RenderText {#text} at (2,2) size 5x21
                  text run at (2,2) width 5: "-"
              RenderTableCell {TD} at (525,0) size 98x487 [color=#FFFFFF] [bgcolor=#404080] [border: (1px inset #808080)] [r=0 c=6 rs=1 cs=1]
                RenderTable {TABLE} at (2,2) size 94x462 [color=#000000]
                  RenderTableSection {TBODY} at (0,0) size 94x462
                    RenderTableRow {TR} at (0,0) size 94x462
                      RenderTableCell {TD} at (0,0) size 18x29 [color=#FFFF00] [bgcolor=#404080] [r=0 c=0 rs=1 cs=1]
                        RenderText {#text} at (1,1) size 16x28
                          text run at (1,1) width 16: "1."
                      RenderTableCell {TD} at (18,0) size 76x462 [color=#FFFFFF] [bgcolor=#404080] [r=0 c=1 rs=1 cs=1]
                        RenderTable {TABLE} at (1,1) size 74x460 [color=#000000]
                          RenderTableSection {TBODY} at (0,0) size 74x460 [bgcolor=#FFFF00]
                            RenderTableRow {TR} at (0,0) size 74x460
                              RenderTableCell {TD} at (0,0) size 74x460 [color=#FFFFFF] [bgcolor=#404080] [r=0 c=0 rs=1 cs=1]
                                RenderBlock {P} at (1,1) size 72x84
                                  RenderText {#text} at (0,0) size 51x84
                                    text run at (0,0) width 29: "Test"
                                    text run at (0,21) width 48: "mozilla"
                                    text run at (0,42) width 51: "one last"
                                    text run at (0,63) width 33: "time."
                                RenderBlock {P} at (1,101) size 72x63
                                  RenderText {#text} at (0,0) size 40x63
                                    text run at (0,0) width 31: "New"
                                    text run at (0,21) width 40: "Years"
                                    text run at (0,42) width 29: "day."
                                RenderBlock {P} at (1,180) size 72x21
                                  RenderText {#text} at (0,0) size 47x21
                                    text run at (0,0) width 47: "Y2K!!!"
                                RenderBlock {P} at (1,217) size 72x63
                                  RenderText {#text} at (0,0) size 66x63
                                    text run at (0,0) width 32: "Find"
                                    text run at (0,21) width 51: "Abacus"
                                    text run at (0,42) width 66: "from attic"
                                RenderBlock {P} at (1,296) size 72x84
                                  RenderText {#text} at (0,0) size 56x84
                                    text run at (0,0) width 48: "Eat Ice"
                                    text run at (0,21) width 47: "Cream"
                                    text run at (0,42) width 56: "before it"
                                    text run at (0,63) width 35: "melts"
                                RenderBlock {P} at (1,396) size 72x63
                                  RenderText {#text} at (0,0) size 55x63
                                    text run at (0,0) width 35: "Lock"
                                    text run at (0,21) width 55: "doors &"
                                    text run at (0,42) width 29: "hide"
                RenderBlock (anonymous) at (2,464) size 94x21
                  RenderBR {BR} at (0,0) size 0x21
            RenderTableRow {TR} at (0,487) size 623x313
              RenderTableCell {TD} at (0,487) size 92x229 [color=#FFFFFF] [bgcolor=#404080] [border: (1px inset #808080)] [r=1 c=0 rs=1 cs=1]
                RenderTable {TABLE} at (2,2) size 88x204 [color=#000000]
                  RenderTableSection {TBODY} at (0,0) size 88x204
                    RenderTableRow {TR} at (0,0) size 88x204
                      RenderTableCell {TD} at (0,0) size 18x29 [color=#FFFF00] [bgcolor=#404080] [r=0 c=0 rs=1 cs=1]
                        RenderText {#text} at (1,1) size 16x28
                          text run at (1,1) width 16: "2."
                      RenderTableCell {TD} at (18,0) size 70x204 [color=#FFFFFF] [bgcolor=#404080] [r=0 c=1 rs=1 cs=1]
                        RenderTable {TABLE} at (1,1) size 68x202 [color=#000000]
                          RenderTableSection {TBODY} at (0,0) size 68x202 [bgcolor=#FFFF00]
                            RenderTableRow {TR} at (0,0) size 68x202
                              RenderTableCell {TD} at (0,0) size 68x202 [color=#FFFFFF] [bgcolor=#404080] [r=0 c=0 rs=1 cs=1]
                                RenderBlock {P} at (1,1) size 66x63
                                  RenderText {#text} at (0,0) size 66x63
                                    text run at (0,0) width 60: "Look for"
                                    text run at (0,21) width 32: "Y2K"
                                    text run at (0,42) width 66: "survivers."
                                RenderBlock {P} at (1,80) size 66x42
                                  RenderText {#text} at (0,0) size 61x42
                                    text run at (0,0) width 37: "Build"
                                    text run at (0,21) width 61: "outhouse"
                                RenderBlock {P} at (1,138) size 66x63
                                  RenderText {#text} at (0,0) size 49x63
                                    text run at (0,0) width 24: "Eat"
                                    text run at (0,21) width 49: "reserve"
                                    text run at (0,42) width 30: "food"
                RenderBlock (anonymous) at (2,206) size 88x21
                  RenderBR {BR} at (0,0) size 0x21
              RenderTableCell {TD} at (92,487) size 88x92 [color=#FFFFFF] [bgcolor=#404080] [border: (1px inset #808080)] [r=1 c=1 rs=1 cs=1]
                RenderTable {TABLE} at (2,2) size 84x88 [color=#000000]
                  RenderTableSection {TBODY} at (0,0) size 84x88
                    RenderTableRow {TR} at (0,0) size 84x88
                      RenderTableCell {TD} at (0,0) size 18x29 [color=#FFFF00] [bgcolor=#404080] [r=0 c=0 rs=1 cs=1]
                        RenderText {#text} at (1,1) size 16x28
                          text run at (1,1) width 16: "3."
                      RenderTableCell {TD} at (18,0) size 66x88 [color=#FFFFFF] [bgcolor=#404080] [r=0 c=1 rs=1 cs=1]
                        RenderTable {TABLE} at (1,1) size 64x86 [color=#000000]
                          RenderTableSection {TBODY} at (0,0) size 64x86 [bgcolor=#FFFF00]
                            RenderTableRow {TR} at (0,0) size 64x86
                              RenderTableCell {TD} at (0,0) size 64x86 [color=#FFFFFF] [bgcolor=#404080] [r=0 c=0 rs=1 cs=1]
                                RenderBlock {P} at (1,1) size 62x84
                                  RenderText {#text} at (0,0) size 62x84
                                    text run at (0,0) width 39: "Write"
                                    text run at (0,21) width 52: "letter to"
                                    text run at (0,42) width 48: "electric"
                                    text run at (0,63) width 62: "company"
              RenderTableCell {TD} at (180,487) size 85x292 [color=#FFFFFF] [bgcolor=#404080] [border: (1px inset #808080)] [r=1 c=2 rs=1 cs=1]
                RenderTable {TABLE} at (2,2) size 81x288 [color=#000000]
                  RenderTableSection {TBODY} at (0,0) size 81x288
                    RenderTableRow {TR} at (0,0) size 81x288
                      RenderTableCell {TD} at (0,0) size 18x29 [color=#FFFF00] [bgcolor=#404080] [r=0 c=0 rs=1 cs=1]
                        RenderText {#text} at (1,1) size 16x28
                          text run at (1,1) width 16: "4."
                      RenderTableCell {TD} at (18,0) size 63x288 [color=#FFFFFF] [bgcolor=#404080] [r=0 c=1 rs=1 cs=1]
                        RenderTable {TABLE} at (1,1) size 61x286 [color=#000000]
                          RenderTableSection {TBODY} at (0,0) size 61x286 [bgcolor=#FFFF00]
                            RenderTableRow {TR} at (0,0) size 61x286
                              RenderTableCell {TD} at (0,0) size 61x286 [color=#FFFFFF] [bgcolor=#404080] [r=0 c=0 rs=1 cs=1]
                                RenderBlock {P} at (1,1) size 59x63
                                  RenderText {#text} at (0,0) size 59x63
                                    text run at (0,0) width 59: "Send the"
                                    text run at (0,21) width 31: "snail"
                                    text run at (0,42) width 29: "mail"
                                RenderBlock {P} at (1,80) size 59x126
                                  RenderText {#text} at (0,0) size 54x126
                                    text run at (0,0) width 37: "Go to"
                                    text run at (0,21) width 36: "work"
                                    text run at (0,42) width 26: "and"
                                    text run at (0,63) width 50: "stare at"
                                    text run at (0,84) width 33: "dead"
                                    text run at (0,105) width 54: "monitor"
                                RenderBlock {P} at (1,222) size 59x63
                                  RenderText {#text} at (0,0) size 49x63
                                    text run at (0,0) width 24: "Eat"
                                    text run at (0,21) width 49: "reserve"
                                    text run at (0,42) width 30: "food"
              RenderTableCell {TD} at (265,487) size 85x213 [color=#FFFFFF] [bgcolor=#404080] [border: (1px inset #808080)] [r=1 c=3 rs=1 cs=1]
                RenderTable {TABLE} at (2,2) size 81x209 [color=#000000]
                  RenderTableSection {TBODY} at (0,0) size 81x209
                    RenderTableRow {TR} at (0,0) size 81x209
                      RenderTableCell {TD} at (0,0) size 18x29 [color=#FFFF00] [bgcolor=#404080] [r=0 c=0 rs=1 cs=1]
                        RenderText {#text} at (1,1) size 16x28
                          text run at (1,1) width 16: "5."
                      RenderTableCell {TD} at (18,0) size 63x209 [color=#FFFFFF] [bgcolor=#404080] [r=0 c=1 rs=1 cs=1]
                        RenderTable {TABLE} at (1,1) size 61x207 [color=#000000]
                          RenderTableSection {TBODY} at (0,0) size 61x207 [bgcolor=#FFFF00]
                            RenderTableRow {TR} at (0,0) size 61x207
                              RenderTableCell {TD} at (0,0) size 61x207 [color=#FFFFFF] [bgcolor=#404080] [r=0 c=0 rs=1 cs=1]
                                RenderBlock {P} at (1,1) size 59x126
                                  RenderText {#text} at (0,0) size 54x126
                                    text run at (0,0) width 37: "Go to"
                                    text run at (0,21) width 36: "work"
                                    text run at (0,42) width 26: "and"
                                    text run at (0,63) width 50: "stare at"
                                    text run at (0,84) width 33: "dead"
                                    text run at (0,105) width 54: "monitor"
                                RenderBlock {P} at (1,143) size 59x63
                                  RenderText {#text} at (0,0) size 49x63
                                    text run at (0,0) width 24: "Eat"
                                    text run at (0,21) width 49: "reserve"
                                    text run at (0,42) width 30: "food"
              RenderTableCell {TD} at (350,487) size 85x213 [color=#FFFFFF] [bgcolor=#404080] [border: (1px inset #808080)] [r=1 c=4 rs=1 cs=1]
                RenderTable {TABLE} at (2,2) size 81x209 [color=#000000]
                  RenderTableSection {TBODY} at (0,0) size 81x209
                    RenderTableRow {TR} at (0,0) size 81x209
                      RenderTableCell {TD} at (0,0) size 18x29 [color=#FFFF00] [bgcolor=#404080] [r=0 c=0 rs=1 cs=1]
                        RenderText {#text} at (1,1) size 16x28
                          text run at (1,1) width 16: "6."
                      RenderTableCell {TD} at (18,0) size 63x209 [color=#FFFFFF] [bgcolor=#404080] [r=0 c=1 rs=1 cs=1]
                        RenderTable {TABLE} at (1,1) size 61x207 [color=#000000]
                          RenderTableSection {TBODY} at (0,0) size 61x207 [bgcolor=#FFFF00]
                            RenderTableRow {TR} at (0,0) size 61x207
                              RenderTableCell {TD} at (0,0) size 61x207 [color=#FFFFFF] [bgcolor=#404080] [r=0 c=0 rs=1 cs=1]
                                RenderBlock {P} at (1,1) size 59x126
                                  RenderText {#text} at (0,0) size 54x126
                                    text run at (0,0) width 37: "Go to"
                                    text run at (0,21) width 36: "work"
                                    text run at (0,42) width 26: "and"
                                    text run at (0,63) width 50: "stare at"
                                    text run at (0,84) width 33: "dead"
                                    text run at (0,105) width 54: "monitor"
                                RenderBlock {P} at (1,143) size 59x63
                                  RenderText {#text} at (0,0) size 49x63
                                    text run at (0,0) width 24: "Eat"
                                    text run at (0,21) width 49: "reserve"
                                    text run at (0,42) width 30: "food"
              RenderTableCell {TD} at (435,487) size 90x271 [color=#FFFFFF] [bgcolor=#404080] [border: (1px inset #808080)] [r=1 c=5 rs=1 cs=1]
                RenderTable {TABLE} at (2,2) size 86x267 [color=#000000]
                  RenderTableSection {TBODY} at (0,0) size 86x267
                    RenderTableRow {TR} at (0,0) size 86x267
                      RenderTableCell {TD} at (0,0) size 18x29 [color=#FFFF00] [bgcolor=#404080] [r=0 c=0 rs=1 cs=1]
                        RenderText {#text} at (1,1) size 16x28
                          text run at (1,1) width 16: "7."
                      RenderTableCell {TD} at (18,0) size 68x267 [color=#FFFFFF] [bgcolor=#404080] [r=0 c=1 rs=1 cs=1]
                        RenderTable {TABLE} at (1,1) size 66x265 [color=#000000]
                          RenderTableSection {TBODY} at (0,0) size 66x265 [bgcolor=#FFFF00]
                            RenderTableRow {TR} at (0,0) size 66x265
                              RenderTableCell {TD} at (0,0) size 66x265 [color=#FFFFFF] [bgcolor=#404080] [r=0 c=0 rs=1 cs=1]
                                RenderBlock {P} at (1,1) size 64x84
                                  RenderText {#text} at (0,0) size 64x84
                                    text run at (0,0) width 20: "Go"
                                    text run at (0,21) width 53: "internet"
                                    text run at (0,42) width 64: "exploring"
                                    text run at (0,63) width 58: "for food."
                                RenderBlock {P} at (1,101) size 64x84
                                  RenderText {#text} at (0,0) size 64x84
                                    text run at (0,0) width 55: "Internet"
                                    text run at (0,21) width 64: "exploring"
                                    text run at (0,42) width 48: "doesn't"
                                    text run at (0,63) width 40: "work."
                                RenderBlock {P} at (1,201) size 64x63
                                  RenderText {#text} at (0,0) size 49x63
                                    text run at (0,0) width 24: "Eat"
                                    text run at (0,21) width 49: "reserve"
                                    text run at (0,42) width 30: "food"
              RenderTableCell {TD} at (525,487) size 98x313 [color=#FFFFFF] [bgcolor=#404080] [border: (1px inset #808080)] [r=1 c=6 rs=1 cs=1]
                RenderTable {TABLE} at (2,2) size 94x309 [color=#000000]
                  RenderTableSection {TBODY} at (0,0) size 94x309
                    RenderTableRow {TR} at (0,0) size 94x309
                      RenderTableCell {TD} at (0,0) size 18x29 [color=#FFFF00] [bgcolor=#404080] [r=0 c=0 rs=1 cs=1]
                        RenderText {#text} at (1,1) size 16x28
                          text run at (1,1) width 16: "8."
                      RenderTableCell {TD} at (18,0) size 76x309 [color=#FFFFFF] [bgcolor=#404080] [r=0 c=1 rs=1 cs=1]
                        RenderTable {TABLE} at (1,1) size 74x307 [color=#000000]
                          RenderTableSection {TBODY} at (0,0) size 74x307 [bgcolor=#FFFF00]
                            RenderTableRow {TR} at (0,0) size 74x307
                              RenderTableCell {TD} at (0,0) size 74x307 [color=#FFFFFF] [bgcolor=#404080] [r=0 c=0 rs=1 cs=1]
                                RenderBlock {P} at (1,1) size 72x105
                                  RenderText {#text} at (0,0) size 64x105
                                    text run at (0,0) width 20: "Go"
                                    text run at (0,21) width 53: "internet"
                                    text run at (0,42) width 64: "exploring"
                                    text run at (0,63) width 54: "for food"
                                    text run at (0,84) width 41: "again."
                                RenderBlock {P} at (1,122) size 72x105
                                  RenderText {#text} at (0,0) size 64x105
                                    text run at (0,0) width 55: "Internet"
                                    text run at (0,21) width 64: "exploring"
                                    text run at (0,42) width 48: "doesn't"
                                    text run at (0,63) width 36: "work"
                                    text run at (0,84) width 41: "again."
                                RenderBlock {P} at (1,243) size 72x63
                                  RenderText {#text} at (0,0) size 49x63
                                    text run at (0,0) width 24: "Eat"
                                    text run at (0,21) width 49: "reserve"
                                    text run at (0,42) width 30: "food"
            RenderTableRow {TR} at (0,800) size 623x413
              RenderTableCell {TD} at (0,800) size 92x413 [color=#FFFFFF] [bgcolor=#404080] [border: (1px inset #808080)] [r=2 c=0 rs=1 cs=1]
                RenderTable {TABLE} at (2,2) size 88x388 [color=#000000]
                  RenderTableSection {TBODY} at (0,0) size 88x388
                    RenderTableRow {TR} at (0,0) size 88x388
                      RenderTableCell {TD} at (0,0) size 18x29 [color=#FFFF00] [bgcolor=#404080] [r=0 c=0 rs=1 cs=1]
                        RenderText {#text} at (1,1) size 16x28
                          text run at (1,1) width 16: "9."
                      RenderTableCell {TD} at (18,0) size 70x388 [color=#FFFFFF] [bgcolor=#404080] [r=0 c=1 rs=1 cs=1]
                        RenderTable {TABLE} at (1,1) size 68x386 [color=#000000]
                          RenderTableSection {TBODY} at (0,0) size 68x386 [bgcolor=#FFFF00]
                            RenderTableRow {TR} at (0,0) size 68x386
                              RenderTableCell {TD} at (0,0) size 68x386 [color=#FFFFFF] [bgcolor=#404080] [r=0 c=0 rs=1 cs=1]
                                RenderBlock {P} at (1,1) size 66x84
                                  RenderText {#text} at (0,0) size 64x84
                                    text run at (0,0) width 20: "Go"
                                    text run at (0,21) width 53: "internet"
                                    text run at (0,42) width 64: "exploring"
                                    text run at (0,63) width 58: "for food."
                                RenderBlock {P} at (1,101) size 66x105
                                  RenderText {#text} at (0,0) size 64x105
                                    text run at (0,0) width 55: "Internet"
                                    text run at (0,21) width 64: "exploring"
                                    text run at (0,42) width 23: "still"
                                    text run at (0,63) width 48: "doesn't"
                                    text run at (0,84) width 40: "work."
                                RenderBlock {P} at (1,222) size 66x84
                                  RenderText {#text} at (0,0) size 64x84
                                    text run at (0,0) width 53: "Give up"
                                    text run at (0,21) width 53: "internet"
                                    text run at (0,42) width 64: "exploring"
                                    text run at (0,63) width 58: "for food."
                                RenderBlock {P} at (1,322) size 66x63
                                  RenderText {#text} at (0,0) size 49x63
                                    text run at (0,0) width 24: "Eat"
                                    text run at (0,21) width 49: "reserve"
                                    text run at (0,42) width 30: "food"
                RenderBlock (anonymous) at (2,390) size 88x21
                  RenderBR {BR} at (0,0) size 0x21
              RenderTableCell {TD} at (92,800) size 88x329 [color=#FFFFFF] [bgcolor=#404080] [border: (1px inset #808080)] [r=2 c=1 rs=1 cs=1]
                RenderTable {TABLE} at (2,2) size 84x325 [color=#000000]
                  RenderTableSection {TBODY} at (0,0) size 84x325
                    RenderTableRow {TR} at (0,0) size 84x325
                      RenderTableCell {TD} at (0,0) size 29x29 [color=#FFFF00] [bgcolor=#404080] [r=0 c=0 rs=1 cs=1]
                        RenderText {#text} at (1,1) size 27x28
                          text run at (1,1) width 27: "10."
                      RenderTableCell {TD} at (29,0) size 55x325 [color=#FFFFFF] [bgcolor=#404080] [r=0 c=1 rs=1 cs=1]
                        RenderTable {TABLE} at (1,1) size 53x323 [color=#000000]
                          RenderTableSection {TBODY} at (0,0) size 53x323 [bgcolor=#FFFF00]
                            RenderTableRow {TR} at (0,0) size 53x323
                              RenderTableCell {TD} at (0,0) size 53x323 [color=#FFFFFF] [bgcolor=#404080] [r=0 c=0 rs=1 cs=1]
                                RenderBlock {P} at (1,1) size 51x84
                                  RenderText {#text} at (0,0) size 44x84
                                    text run at (0,0) width 44: "Power"
                                    text run at (0,21) width 41: "comes"
                                    text run at (0,42) width 33: "back"
                                    text run at (0,63) width 21: "on."
                                RenderBlock {P} at (1,101) size 51x105
                                  RenderText {#text} at (0,0) size 50x105
                                    text run at (0,0) width 24: "Put"
                                    text run at (0,21) width 40: "trusty"
                                    text run at (0,42) width 47: "abacus"
                                    text run at (0,63) width 50: "back in"
                                    text run at (0,84) width 29: "attic"
                                RenderBlock {P} at (1,222) size 51x63
                                  RenderText {#text} at (0,0) size 48x63
                                    text run at (0,0) width 36: "Grab"
                                    text run at (0,21) width 35: "latest"
                                    text run at (0,42) width 48: "mozilla"
                                RenderBlock {P} at (1,301) size 51x21
                                  RenderText {#text} at (0,0) size 42x21
                                    text run at (0,0) width 42: "Test it"
              RenderTableCell {TD} at (180,800) size 85x108 [color=#FFFFFF] [bgcolor=#404080] [border: (1px inset #808080)] [r=2 c=2 rs=1 cs=1]
                RenderTable {TABLE} at (2,2) size 81x104 [color=#000000]
                  RenderTableSection {TBODY} at (0,0) size 81x104
                    RenderTableRow {TR} at (0,0) size 81x104
                      RenderTableCell {TD} at (0,0) size 29x29 [color=#FFFF00] [bgcolor=#404080] [r=0 c=0 rs=1 cs=1]
                        RenderText {#text} at (1,1) size 27x28
                          text run at (1,1) width 27: "11."
                      RenderTableCell {TD} at (29,0) size 52x104 [color=#FFFFFF] [bgcolor=#404080] [r=0 c=1 rs=1 cs=1]
                        RenderTable {TABLE} at (1,1) size 50x102 [color=#000000]
                          RenderTableSection {TBODY} at (0,0) size 50x102 [bgcolor=#FFFF00]
                            RenderTableRow {TR} at (0,0) size 50x102
                              RenderTableCell {TD} at (0,0) size 50x102 [color=#FFFFFF] [bgcolor=#404080] [r=0 c=0 rs=1 cs=1]
                                RenderBlock {P} at (1,1) size 48x63
                                  RenderText {#text} at (0,0) size 48x63
                                    text run at (0,0) width 36: "Grab"
                                    text run at (0,21) width 35: "latest"
                                    text run at (0,42) width 48: "mozilla"
                                RenderBlock {P} at (1,80) size 48x21
                                  RenderText {#text} at (0,0) size 42x21
                                    text run at (0,0) width 42: "Test it"
              RenderTableCell {TD} at (265,800) size 85x108 [color=#FFFFFF] [bgcolor=#404080] [border: (1px inset #808080)] [r=2 c=3 rs=1 cs=1]
                RenderTable {TABLE} at (2,2) size 81x104 [color=#000000]
                  RenderTableSection {TBODY} at (0,0) size 81x104
                    RenderTableRow {TR} at (0,0) size 81x104
                      RenderTableCell {TD} at (0,0) size 29x29 [color=#FFFF00] [bgcolor=#404080] [r=0 c=0 rs=1 cs=1]
                        RenderText {#text} at (1,1) size 27x28
                          text run at (1,1) width 27: "12."
                      RenderTableCell {TD} at (29,0) size 52x104 [color=#FFFFFF] [bgcolor=#404080] [r=0 c=1 rs=1 cs=1]
                        RenderTable {TABLE} at (1,1) size 50x102 [color=#000000]
                          RenderTableSection {TBODY} at (0,0) size 50x102 [bgcolor=#FFFF00]
                            RenderTableRow {TR} at (0,0) size 50x102
                              RenderTableCell {TD} at (0,0) size 50x102 [color=#FFFFFF] [bgcolor=#404080] [r=0 c=0 rs=1 cs=1]
                                RenderBlock {P} at (1,1) size 48x63
                                  RenderText {#text} at (0,0) size 48x63
                                    text run at (0,0) width 36: "Grab"
                                    text run at (0,21) width 35: "latest"
                                    text run at (0,42) width 48: "mozilla"
                                RenderBlock {P} at (1,80) size 48x21
                                  RenderText {#text} at (0,0) size 42x21
                                    text run at (0,0) width 42: "Test it"
              RenderTableCell {TD} at (350,800) size 85x108 [color=#FFFFFF] [bgcolor=#404080] [border: (1px inset #808080)] [r=2 c=4 rs=1 cs=1]
                RenderTable {TABLE} at (2,2) size 81x104 [color=#000000]
                  RenderTableSection {TBODY} at (0,0) size 81x104
                    RenderTableRow {TR} at (0,0) size 81x104
                      RenderTableCell {TD} at (0,0) size 29x29 [color=#FFFF00] [bgcolor=#404080] [r=0 c=0 rs=1 cs=1]
                        RenderText {#text} at (1,1) size 27x28
                          text run at (1,1) width 27: "13."
                      RenderTableCell {TD} at (29,0) size 52x104 [color=#FFFFFF] [bgcolor=#404080] [r=0 c=1 rs=1 cs=1]
                        RenderTable {TABLE} at (1,1) size 50x102 [color=#000000]
                          RenderTableSection {TBODY} at (0,0) size 50x102 [bgcolor=#FFFF00]
                            RenderTableRow {TR} at (0,0) size 50x102
                              RenderTableCell {TD} at (0,0) size 50x102 [color=#FFFFFF] [bgcolor=#404080] [r=0 c=0 rs=1 cs=1]
                                RenderBlock {P} at (1,1) size 48x63
                                  RenderText {#text} at (0,0) size 48x63
                                    text run at (0,0) width 36: "Grab"
                                    text run at (0,21) width 35: "latest"
                                    text run at (0,42) width 48: "mozilla"
                                RenderBlock {P} at (1,80) size 48x21
                                  RenderText {#text} at (0,0) size 42x21
                                    text run at (0,0) width 42: "Test it"
              RenderTableCell {TD} at (435,800) size 90x108 [color=#FFFFFF] [bgcolor=#404080] [border: (1px inset #808080)] [r=2 c=5 rs=1 cs=1]
                RenderTable {TABLE} at (2,2) size 86x104 [color=#000000]
                  RenderTableSection {TBODY} at (0,0) size 86x104
                    RenderTableRow {TR} at (0,0) size 86x104
                      RenderTableCell {TD} at (0,0) size 29x29 [color=#FFFF00] [bgcolor=#404080] [r=0 c=0 rs=1 cs=1]
                        RenderText {#text} at (1,1) size 27x28
                          text run at (1,1) width 27: "14."
                      RenderTableCell {TD} at (29,0) size 57x104 [color=#FFFFFF] [bgcolor=#404080] [r=0 c=1 rs=1 cs=1]
                        RenderTable {TABLE} at (1,1) size 55x102 [color=#000000]
                          RenderTableSection {TBODY} at (0,0) size 55x102 [bgcolor=#FFFF00]
                            RenderTableRow {TR} at (0,0) size 55x102
                              RenderTableCell {TD} at (0,0) size 55x102 [color=#FFFFFF] [bgcolor=#404080] [r=0 c=0 rs=1 cs=1]
                                RenderBlock {P} at (1,1) size 53x63
                                  RenderText {#text} at (0,0) size 48x63
                                    text run at (0,0) width 36: "Grab"
                                    text run at (0,21) width 35: "latest"
                                    text run at (0,42) width 48: "mozilla"
                                RenderBlock {P} at (1,80) size 53x21
                                  RenderText {#text} at (0,0) size 42x21
                                    text run at (0,0) width 42: "Test it"
              RenderTableCell {TD} at (525,800) size 98x308 [color=#FFFFFF] [bgcolor=#404080] [border: (1px inset #808080)] [r=2 c=6 rs=1 cs=1]
                RenderTable {TABLE} at (2,2) size 94x304 [color=#000000]
                  RenderTableSection {TBODY} at (0,0) size 94x304
                    RenderTableRow {TR} at (0,0) size 94x304
                      RenderTableCell {TD} at (0,0) size 29x29 [color=#FFFF00] [bgcolor=#404080] [r=0 c=0 rs=1 cs=1]
                        RenderText {#text} at (1,1) size 27x28
                          text run at (1,1) width 27: "15."
                      RenderTableCell {TD} at (29,0) size 65x304 [color=#FFFFFF] [bgcolor=#404080] [r=0 c=1 rs=1 cs=1]
                        RenderTable {TABLE} at (1,1) size 63x302 [color=#000000]
                          RenderTableSection {TBODY} at (0,0) size 63x302 [bgcolor=#FFFF00]
                            RenderTableRow {TR} at (0,0) size 63x302
                              RenderTableCell {TD} at (0,0) size 63x302 [color=#FFFFFF] [bgcolor=#404080] [r=0 c=0 rs=1 cs=1]
                                RenderBlock {P} at (1,1) size 61x63
                                  RenderText {#text} at (0,0) size 48x63
                                    text run at (0,0) width 36: "Grab"
                                    text run at (0,21) width 35: "latest"
                                    text run at (0,42) width 48: "mozilla"
                                RenderBlock {P} at (1,80) size 61x21
                                  RenderText {#text} at (0,0) size 42x21
                                    text run at (0,0) width 42: "Test it"
                                RenderBlock {P} at (1,117) size 61x126
                                  RenderText {#text} at (0,0) size 61x126
                                    text run at (0,0) width 50: "Mozilla"
                                    text run at (0,21) width 56: "removes"
                                    text run at (0,42) width 32: "Y2K"
                                    text run at (0,63) width 61: "Warning"
                                    text run at (0,84) width 33: "from"
                                    text run at (0,105) width 57: "FTP site"
                                RenderBlock {P} at (1,259) size 61x42
                                  RenderText {#text} at (0,0) size 60x42
                                    text run at (0,0) width 60: "This bug"
                                    text run at (0,21) width 47: "is fixed"
            RenderTableRow {TR} at (0,1213) size 623x33
              RenderTableCell {TD} at (0,1213) size 92x33 [color=#FFFFFF] [bgcolor=#404080] [border: (1px inset #808080)] [r=3 c=0 rs=1 cs=1]
                RenderTable {TABLE} at (2,2) size 88x29 [color=#000000]
                  RenderTableSection {TBODY} at (0,0) size 88x29
                    RenderTableRow {TR} at (0,0) size 88x29
                      RenderTableCell {TD} at (0,0) size 29x29 [color=#FFFF00] [bgcolor=#404080] [r=0 c=0 rs=1 cs=1]
                        RenderText {#text} at (1,1) size 27x28
                          text run at (1,1) width 27: "16."
                      RenderTableCell {TD} at (29,0) size 59x25 [color=#FFFFFF] [bgcolor=#404080] [r=0 c=1 rs=1 cs=1]
                        RenderTable {TABLE} at (1,1) size 57x23 [color=#000000]
                          RenderTableSection {TBODY} at (0,0) size 57x23 [bgcolor=#FFFF00]
                            RenderTableRow {TR} at (0,0) size 57x23
                              RenderTableCell {TD} at (0,0) size 57x23 [color=#FFFFFF] [bgcolor=#404080] [r=0 c=0 rs=1 cs=1]
                                RenderText {#text} at (1,1) size 8x21
                                  text run at (1,1) width 8: "?"
              RenderTableCell {TD} at (92,1213) size 88x25 [color=#FFFFFF] [bgcolor=#404080] [border: (1px inset #808080)] [r=3 c=1 rs=1 cs=1]
                RenderText {#text} at (2,2) size 5x21
                  text run at (2,2) width 5: "-"
              RenderTableCell {TD} at (180,1213) size 85x25 [color=#FFFFFF] [bgcolor=#404080] [border: (1px inset #808080)] [r=3 c=2 rs=1 cs=1]
                RenderText {#text} at (2,2) size 5x21
                  text run at (2,2) width 5: "-"
              RenderTableCell {TD} at (265,1213) size 85x25 [color=#FFFFFF] [bgcolor=#404080] [border: (1px inset #808080)] [r=3 c=3 rs=1 cs=1]
                RenderText {#text} at (2,2) size 5x21
                  text run at (2,2) width 5: "-"
              RenderTableCell {TD} at (350,1213) size 85x25 [color=#FFFFFF] [bgcolor=#404080] [border: (1px inset #808080)] [r=3 c=4 rs=1 cs=1]
                RenderText {#text} at (2,2) size 5x21
                  text run at (2,2) width 5: "-"
              RenderTableCell {TD} at (435,1213) size 90x25 [color=#FFFFFF] [bgcolor=#404080] [border: (1px inset #808080)] [r=3 c=5 rs=1 cs=1]
                RenderText {#text} at (2,2) size 5x21
                  text run at (2,2) width 5: "-"
              RenderTableCell {TD} at (525,1213) size 98x25 [color=#FFFFFF] [bgcolor=#404080] [border: (1px inset #808080)] [r=3 c=6 rs=1 cs=1]
                RenderText {#text} at (2,2) size 5x21
                  text run at (2,2) width 5: "-"
            RenderTableRow {TR} at (0,1246) size 623x25
              RenderTableCell {TD} at (0,1246) size 92x25 [color=#FFFFFF] [bgcolor=#404080] [border: (1px inset #808080)] [r=4 c=0 rs=1 cs=1]
                RenderText {#text} at (2,2) size 5x21
                  text run at (2,2) width 5: "-"
              RenderTableCell {TD} at (92,1246) size 88x25 [color=#FFFFFF] [bgcolor=#404080] [border: (1px inset #808080)] [r=4 c=1 rs=1 cs=1]
                RenderText {#text} at (2,2) size 5x21
                  text run at (2,2) width 5: "-"
              RenderTableCell {TD} at (180,1246) size 85x25 [color=#FFFFFF] [bgcolor=#404080] [border: (1px inset #808080)] [r=4 c=2 rs=1 cs=1]
                RenderText {#text} at (2,2) size 5x21
                  text run at (2,2) width 5: "-"
              RenderTableCell {TD} at (265,1246) size 85x25 [color=#FFFFFF] [bgcolor=#404080] [border: (1px inset #808080)] [r=4 c=3 rs=1 cs=1]
                RenderText {#text} at (2,2) size 5x21
                  text run at (2,2) width 5: "-"
              RenderTableCell {TD} at (350,1246) size 85x25 [color=#FFFFFF] [bgcolor=#404080] [border: (1px inset #808080)] [r=4 c=4 rs=1 cs=1]
                RenderText {#text} at (2,2) size 5x21
                  text run at (2,2) width 5: "-"
              RenderTableCell {TD} at (435,1246) size 90x25 [color=#FFFFFF] [bgcolor=#404080] [border: (1px inset #808080)] [r=4 c=5 rs=1 cs=1]
                RenderText {#text} at (2,2) size 5x21
                  text run at (2,2) width 5: "-"
              RenderTableCell {TD} at (525,1246) size 98x25 [color=#FFFFFF] [bgcolor=#404080] [border: (1px inset #808080)] [r=4 c=6 rs=1 cs=1]
                RenderText {#text} at (2,2) size 5x21
                  text run at (2,2) width 5: "-"
        RenderBlock (anonymous) at (0,1333) size 768x63
          RenderBR {BR} at (384,0) size 0x21
          RenderText {#text} at (17,21) size 734x42
            text run at (17,21) width 734: "Notice the scrollbars, they are rendered outside of the table columns, and the yellow day numbers are hidden"
            text run at (342,42) width 84: "under them."
        RenderBlock {P} at (0,1412) size 768x84
          RenderText {#text} at (15,0) size 752x84
            text run at (15,0) width 738: "This is probably another bug already covered, or fixed, but day 3 & 16 should have no scrollbar, but the area"
            text run at (17,21) width 528: "where the other scrollbars are drawn is drawn funny. They are not rendered. "
            text run at (545,21) width 206: "They seem to be whatever was"
            text run at (14,42) width 740: "drawn there before, or drawn somewhere else. Day 16 (contaings only the letter \"?\") has a region below the ?"
            text run at (8,63) width 752: "mark that is never rendered. Resize the window so the window can scroll down and scroll the page up & down."
