layer at (0,0) size 800x600
  RenderView at (0,0) size 800x600
layer at (0,0) size 800x600
  RenderBlock {HTML} at (0,0) size 800x600
    RenderBody {BODY} at (8,8) size 784x584
      RenderTable {TABLE} at (0,0) size 784x299 [border: (1px outset #808080)]
        RenderTableSection {TBODY} at (1,1) size 782x297
          RenderTableRow {TR} at (0,2) size 782x25
            RenderTableCell {TD} at (2,2) size 670x293 [border: (1px inset #808080)] [r=0 c=0 rs=2 cs=1]
              RenderBlock {UL} at (2,2) size 666x273
                RenderListItem {LI} at (40,0) size 626x21
                  RenderListMarker at (-18,0) size 7x21: bullet
                  RenderInline {A} at (0,0) size 184x21 [color=#0000EE]
                    RenderText {#text} at (0,0) size 184x21
                      text run at (0,0) width 184: "500 list items in a single UL"
                RenderListItem {LI} at (40,21) size 626x21
                  RenderListMarker at (-18,0) size 7x21: bullet
                  RenderInline {A} at (0,0) size 217x21 [color=#0000EE]
                    RenderText {#text} at (0,0) size 217x21
                      text run at (0,0) width 217: "500 list items in 25 top-level ULs"
                RenderListItem {LI} at (40,42) size 626x21
                  RenderListMarker at (-18,0) size 7x21: bullet
                  RenderInline {A} at (0,0) size 244x21 [color=#0000EE]
                    RenderText {#text} at (0,0) size 244x21
                      text run at (0,0) width 221: "500 list items in a 25-level nested "
                      text run at (221,0) width 23: "UL"
                RenderListItem {LI} at (40,63) size 626x21
                  RenderListMarker at (-18,0) size 7x21: bullet
                  RenderInline {A} at (0,0) size 169x21 [color=#0000EE]
                    RenderText {#text} at (0,0) size 169x21
                      text run at (0,0) width 169: "300 text input form fields"
                RenderListItem {LI} at (40,84) size 626x21
                  RenderListMarker at (-18,0) size 7x21: bullet
                  RenderInline {A} at (0,0) size 156x21 [color=#0000EE]
                    RenderText {#text} at (0,0) size 156x21
                      text run at (0,0) width 156: "Massively nested tables"
                RenderListItem {LI} at (40,105) size 626x21
                  RenderListMarker at (-18,0) size 7x21: bullet
                  RenderInline {A} at (0,0) size 334x21 [color=#0000EE]
                    RenderText {#text} at (0,0) size 334x21
                      text run at (0,0) width 281: "Massively nested DIVs with padding and "
                      text run at (281,0) width 53: "borders"
                RenderListItem {LI} at (40,126) size 626x21
                  RenderListMarker at (-18,0) size 7x21: bullet
                  RenderInline {A} at (0,0) size 338x21 [color=#0000EE]
                    RenderText {#text} at (0,0) size 338x21
                      text run at (0,0) width 338: "1000 OPTIONs in a single SELECT form element"
                RenderListItem {LI} at (40,147) size 626x21
                  RenderListMarker at (-18,0) size 7x21: bullet
                  RenderInline {A} at (0,0) size 248x21 [color=#0000EE]
                    RenderText {#text} at (0,0) size 248x21
                      text run at (0,0) width 248: "10,000 cell table with text in each cell"
                RenderListItem {LI} at (40,168) size 626x21
                  RenderListMarker at (-18,0) size 7x21: bullet
                  RenderInline {A} at (0,0) size 316x21 [color=#0000EE]
                    RenderText {#text} at (0,0) size 316x21
                      text run at (0,0) width 294: "10,000 cell table with text and color in each "
                      text run at (294,0) width 22: "cell"
                RenderListItem {LI} at (40,189) size 626x21
                  RenderListMarker at (-18,0) size 7x21: bullet
                  RenderInline {A} at (0,0) size 305x21 [color=#0000EE]
                    RenderText {#text} at (0,0) size 305x21
                      text run at (0,0) width 305: "A 713k HTML document packed full of links"
                RenderListItem {LI} at (40,210) size 626x21
                  RenderListMarker at (-18,0) size 7x21: bullet
                  RenderInline {A} at (0,0) size 330x21 [color=#0000EE]
                    RenderText {#text} at (0,0) size 330x21
                      text run at (0,0) width 295: "Extraordinarily long HTML doc (approx 1 "
                      text run at (295,0) width 35: "Meg)"
                RenderListItem {LI} at (40,231) size 626x21
                  RenderListMarker at (-18,0) size 7x21: bullet
                  RenderInline {A} at (0,0) size 297x21 [color=#0000EE]
                    RenderText {#text} at (0,0) size 297x21
                      text run at (0,0) width 297: "Another large HTML doc, with colored text"
                RenderListItem {LI} at (40,252) size 626x21
                  RenderListMarker at (-18,0) size 7x21: bullet
                  RenderInline {A} at (0,0) size 499x21 [color=#0000EE]
                    RenderText {#text} at (0,0) size 499x21
                      text run at (0,0) width 350: "A relatively large (150k) document with an average "
                      text run at (350,0) width 149: "mix of HTML content"
            RenderTableCell {TD} at (674,2) size 52x25 [border: (1px inset #808080)] [r=0 c=1 rs=1 cs=1]
              RenderText {#text} at (2,2) size 33x21
                text run at (2,2) width 33: "foo 1"
            RenderTableCell {TD} at (728,2) size 52x25 [border: (1px inset #808080)] [r=0 c=2 rs=1 cs=1]
              RenderText {#text} at (2,2) size 33x21
                text run at (2,2) width 33: "foo 2"
          RenderTableRow {TR} at (0,29) size 782x266
            RenderTableCell {TD} at (674,149) size 52x25 [border: (1px inset #808080)] [r=1 c=1 rs=1 cs=1]
              RenderText {#text} at (2,2) size 38x21
                text run at (2,2) width 38: "Foo 3"
            RenderTableCell {TD} at (728,149) size 52x25 [border: (1px inset #808080)] [r=1 c=2 rs=1 cs=1]
              RenderText {#text} at (2,2) size 38x21
                text run at (2,2) width 38: "Foo 4"
