layer at (0,0) size 784x772
  RenderView at (0,0) size 784x600
layer at (0,0) size 784x772
  RenderBlock {HTML} at (0,0) size 784x772
    RenderBody {BODY} at (8,8) size 768x756
      RenderTable {TABLE} at (0,0) size 768x756
        RenderTableSection {TBODY} at (0,0) size 768x756
          RenderTableRow {TR} at (0,0) size 768x378
            RenderTableCell {TD} at (0,0) size 230x378 [r=0 c=0 rs=1 cs=1]
              RenderTable {TABLE} at (0,0) size 230x378
                RenderTableSection {THEAD} at (0,0) size 230x21
                  RenderTableRow {TR} at (0,0) size 230x21
                    RenderTableCell {TH} at (0,0) size 230x21 [r=0 c=0 rs=1 cs=1]
                      RenderText {#text} at (78,0) size 74x21
                        text run at (78,0) width 74: "Header 1/1"
                RenderTableSection {TBODY} at (0,21) size 230x357
                  RenderTableRow {TR} at (0,0) size 230x357
                    RenderTableCell {TD} at (0,0) size 230x357 [r=0 c=0 rs=1 cs=1]
                      RenderText {#text} at (0,0) size 230x357
                        text run at (0,0) width 230: "1 2 3 - - - - - - - - - - - - - - - - - - - - - -"
                        text run at (0,21) width 230: "- - - - - - - - - - - - - - - - - - - - - - - - - -"
                        text run at (0,42) width 230: "- - - - - - - - - - - - - - - - - - - - - - - - - -"
                        text run at (0,63) width 230: "- - - - - - - - - - - - - - - - - - - - - - - - - -"
                        text run at (0,84) width 230: "- - - - - - - - - - - - - - - - - - - - - - - - - -"
                        text run at (0,105) width 230: "- - - - - - - - - - - - - - - - - - - - - - - - - -"
                        text run at (0,126) width 230: "- - - - - - - - - - - - - - - - - - - - - - - - - -"
                        text run at (0,147) width 230: "- - - - - - - - - - - - - - - - - - - - - - - - - -"
                        text run at (0,168) width 27: "- - - "
                        text run at (27,168) width 203: "- - - - - - - - - - - - - - - - - - - - - - -"
                        text run at (0,189) width 230: "- - - - - - - - - - - - - - - - - - - - - - - - - -"
                        text run at (0,210) width 230: "- - - - - - - - - - - - - - - - - - - - - - - - - -"
                        text run at (0,231) width 230: "- - - - - - - - - - - - - - - - - - - - - - - - - -"
                        text run at (0,252) width 230: "- - - - - - - - - - - - - - - - - - - - - - - - - -"
                        text run at (0,273) width 230: "- - - - - - - - - - - - - - - - - - - - - - - - - -"
                        text run at (0,294) width 230: "- - - - - - - - - - - - - - - - - - - - - - - - - -"
                        text run at (0,315) width 230: "- - - - - - - - - - - - - - - - - - - - - - - - - -"
                        text run at (0,336) width 41: "- - - - -"
            RenderTableCell {TD} at (230,0) size 307x378 [r=0 c=1 rs=1 cs=1]
              RenderTable {TABLE} at (0,0) size 307x378
                RenderTableSection {THEAD} at (0,0) size 307x21
                  RenderTableRow {TR} at (0,0) size 307x21
                    RenderTableCell {TH} at (0,0) size 307x21 [r=0 c=0 rs=1 cs=1]
                      RenderText {#text} at (116,0) size 75x21
                        text run at (116,0) width 75: "Header 2/1"
                RenderTableSection {TBODY} at (0,21) size 307x357
                  RenderTableRow {TR} at (0,0) size 307x357
                    RenderTableCell {TD} at (0,0) size 307x357 [r=0 c=0 rs=1 cs=1]
                      RenderText {#text} at (0,0) size 296x357
                        text run at (0,0) width 296: "1 2 3 # # # # # # # # # # # # # # # # # # # # # #"
                        text run at (0,21) width 296: "# # # # # # # # # # # # # # # # # # # # # # # # #"
                        text run at (0,42) width 296: "# # # # # # # # # # # # # # # # # # # # # # # # #"
                        text run at (0,63) width 296: "# # # # # # # # # # # # # # # # # # # # # # # # #"
                        text run at (0,84) width 296: "# # # # # # # # # # # # # # # # # # # # # # # # #"
                        text run at (0,105) width 296: "# # # # # # # # # # # # # # # # # # # # # # # # #"
                        text run at (0,126) width 296: "# # # # # # # # # # # # # # # # # # # # # # # # #"
                        text run at (0,147) width 296: "# # # # # # # # # # # # # # # # # # # # # # # # #"
                        text run at (0,168) width 120: "# # # # # # # # # # "
                        text run at (120,168) width 176: "# # # # # # # # # # # # # # #"
                        text run at (0,189) width 296: "# # # # # # # # # # # # # # # # # # # # # # # # #"
                        text run at (0,210) width 296: "# # # # # # # # # # # # # # # # # # # # # # # # #"
                        text run at (0,231) width 296: "# # # # # # # # # # # # # # # # # # # # # # # # #"
                        text run at (0,252) width 296: "# # # # # # # # # # # # # # # # # # # # # # # # #"
                        text run at (0,273) width 296: "# # # # # # # # # # # # # # # # # # # # # # # # #"
                        text run at (0,294) width 296: "# # # # # # # # # # # # # # # # # # # # # # # # #"
                        text run at (0,315) width 296: "# # # # # # # # # # # # # # # # # # # # # # # # #"
                        text run at (0,336) width 236: "# # # # # # # # # # # # # # # # # # # #"
            RenderTableCell {TD} at (537,0) size 231x378 [r=0 c=2 rs=1 cs=1]
              RenderTable {TABLE} at (0,0) size 231x378
                RenderTableSection {THEAD} at (0,0) size 231x21
                  RenderTableRow {TR} at (0,0) size 231x21
                    RenderTableCell {TH} at (0,0) size 231x21 [r=0 c=0 rs=1 cs=1]
                      RenderText {#text} at (78,0) size 75x21
                        text run at (78,0) width 75: "Header 3/1"
                RenderTableSection {TBODY} at (0,21) size 231x357
                  RenderTableRow {TR} at (0,0) size 231x357
                    RenderTableCell {TD} at (0,0) size 231x357 [r=0 c=0 rs=1 cs=1]
                      RenderText {#text} at (0,0) size 230x357
                        text run at (0,0) width 230: "1 2 3 ! ! ! ! ! ! ! ! ! ! ! ! ! ! ! ! ! ! ! ! ! !"
                        text run at (0,21) width 230: "! ! ! ! ! ! ! ! ! ! ! ! ! ! ! ! ! ! ! ! ! ! ! ! ! !"
                        text run at (0,42) width 230: "! ! ! ! ! ! ! ! ! ! ! ! ! ! ! ! ! ! ! ! ! ! ! ! ! !"
                        text run at (0,63) width 230: "! ! ! ! ! ! ! ! ! ! ! ! ! ! ! ! ! ! ! ! ! ! ! ! ! !"
                        text run at (0,84) width 230: "! ! ! ! ! ! ! ! ! ! ! ! ! ! ! ! ! ! ! ! ! ! ! ! ! !"
                        text run at (0,105) width 230: "! ! ! ! ! ! ! ! ! ! ! ! ! ! ! ! ! ! ! ! ! ! ! ! ! !"
                        text run at (0,126) width 230: "! ! ! ! ! ! ! ! ! ! ! ! ! ! ! ! ! ! ! ! ! ! ! ! ! !"
                        text run at (0,147) width 230: "! ! ! ! ! ! ! ! ! ! ! ! ! ! ! ! ! ! ! ! ! ! ! ! ! !"
                        text run at (0,168) width 27: "! ! ! "
                        text run at (27,168) width 203: "! ! ! ! ! ! ! ! ! ! ! ! ! ! ! ! ! ! ! ! ! ! !"
                        text run at (0,189) width 230: "! ! ! ! ! ! ! ! ! ! ! ! ! ! ! ! ! ! ! ! ! ! ! ! ! !"
                        text run at (0,210) width 230: "! ! ! ! ! ! ! ! ! ! ! ! ! ! ! ! ! ! ! ! ! ! ! ! ! !"
                        text run at (0,231) width 230: "! ! ! ! ! ! ! ! ! ! ! ! ! ! ! ! ! ! ! ! ! ! ! ! ! !"
                        text run at (0,252) width 230: "! ! ! ! ! ! ! ! ! ! ! ! ! ! ! ! ! ! ! ! ! ! ! ! ! !"
                        text run at (0,273) width 230: "! ! ! ! ! ! ! ! ! ! ! ! ! ! ! ! ! ! ! ! ! ! ! ! ! !"
                        text run at (0,294) width 230: "! ! ! ! ! ! ! ! ! ! ! ! ! ! ! ! ! ! ! ! ! ! ! ! ! !"
                        text run at (0,315) width 230: "! ! ! ! ! ! ! ! ! ! ! ! ! ! ! ! ! ! ! ! ! ! ! ! ! !"
                        text run at (0,336) width 41: "! ! ! ! !"
            RenderTableCell {TD} at (768,0) size 0x0 [r=0 c=3 rs=1 cs=1]
          RenderTableRow {TR} at (0,378) size 768x378
            RenderTableCell {TD} at (0,378) size 230x378 [r=1 c=0 rs=1 cs=1]
              RenderTable {TABLE} at (0,0) size 230x378
                RenderTableSection {THEAD} at (0,0) size 230x21
                  RenderTableRow {TR} at (0,0) size 230x21
                    RenderTableCell {TH} at (0,0) size 230x21 [r=0 c=0 rs=1 cs=1]
                      RenderText {#text} at (78,0) size 74x21
                        text run at (78,0) width 74: "Header 1/2"
                RenderTableSection {TBODY} at (0,21) size 230x357
                  RenderTableRow {TR} at (0,0) size 230x357
                    RenderTableCell {TD} at (0,0) size 230x357 [r=0 c=0 rs=1 cs=1]
                      RenderText {#text} at (0,0) size 230x357
                        text run at (0,0) width 230: "1 2 3 - - - - - - - - - - - - - - - - - - - - - -"
                        text run at (0,21) width 230: "- - - - - - - - - - - - - - - - - - - - - - - - - -"
                        text run at (0,42) width 230: "- - - - - - - - - - - - - - - - - - - - - - - - - -"
                        text run at (0,63) width 230: "- - - - - - - - - - - - - - - - - - - - - - - - - -"
                        text run at (0,84) width 230: "- - - - - - - - - - - - - - - - - - - - - - - - - -"
                        text run at (0,105) width 230: "- - - - - - - - - - - - - - - - - - - - - - - - - -"
                        text run at (0,126) width 230: "- - - - - - - - - - - - - - - - - - - - - - - - - -"
                        text run at (0,147) width 230: "- - - - - - - - - - - - - - - - - - - - - - - - - -"
                        text run at (0,168) width 27: "- - - "
                        text run at (27,168) width 203: "- - - - - - - - - - - - - - - - - - - - - - -"
                        text run at (0,189) width 230: "- - - - - - - - - - - - - - - - - - - - - - - - - -"
                        text run at (0,210) width 230: "- - - - - - - - - - - - - - - - - - - - - - - - - -"
                        text run at (0,231) width 230: "- - - - - - - - - - - - - - - - - - - - - - - - - -"
                        text run at (0,252) width 230: "- - - - - - - - - - - - - - - - - - - - - - - - - -"
                        text run at (0,273) width 230: "- - - - - - - - - - - - - - - - - - - - - - - - - -"
                        text run at (0,294) width 230: "- - - - - - - - - - - - - - - - - - - - - - - - - -"
                        text run at (0,315) width 230: "- - - - - - - - - - - - - - - - - - - - - - - - - -"
                        text run at (0,336) width 41: "- - - - -"
            RenderTableCell {TD} at (230,378) size 307x378 [r=1 c=1 rs=1 cs=1]
              RenderTable {TABLE} at (0,0) size 307x378
                RenderTableSection {THEAD} at (0,0) size 307x21
                  RenderTableRow {TR} at (0,0) size 307x21
                    RenderTableCell {TH} at (0,0) size 307x21 [r=0 c=0 rs=1 cs=1]
                      RenderText {#text} at (116,0) size 75x21
                        text run at (116,0) width 75: "Header 2/2"
                RenderTableSection {TBODY} at (0,21) size 307x357
                  RenderTableRow {TR} at (0,0) size 307x357
                    RenderTableCell {TD} at (0,0) size 307x357 [r=0 c=0 rs=1 cs=1]
                      RenderText {#text} at (0,0) size 296x357
                        text run at (0,0) width 296: "1 2 3 # # # # # # # # # # # # # # # # # # # # # #"
                        text run at (0,21) width 296: "# # # # # # # # # # # # # # # # # # # # # # # # #"
                        text run at (0,42) width 296: "# # # # # # # # # # # # # # # # # # # # # # # # #"
                        text run at (0,63) width 296: "# # # # # # # # # # # # # # # # # # # # # # # # #"
                        text run at (0,84) width 296: "# # # # # # # # # # # # # # # # # # # # # # # # #"
                        text run at (0,105) width 296: "# # # # # # # # # # # # # # # # # # # # # # # # #"
                        text run at (0,126) width 296: "# # # # # # # # # # # # # # # # # # # # # # # # #"
                        text run at (0,147) width 296: "# # # # # # # # # # # # # # # # # # # # # # # # #"
                        text run at (0,168) width 120: "# # # # # # # # # # "
                        text run at (120,168) width 176: "# # # # # # # # # # # # # # #"
                        text run at (0,189) width 296: "# # # # # # # # # # # # # # # # # # # # # # # # #"
                        text run at (0,210) width 296: "# # # # # # # # # # # # # # # # # # # # # # # # #"
                        text run at (0,231) width 296: "# # # # # # # # # # # # # # # # # # # # # # # # #"
                        text run at (0,252) width 296: "# # # # # # # # # # # # # # # # # # # # # # # # #"
                        text run at (0,273) width 296: "# # # # # # # # # # # # # # # # # # # # # # # # #"
                        text run at (0,294) width 296: "# # # # # # # # # # # # # # # # # # # # # # # # #"
                        text run at (0,315) width 296: "# # # # # # # # # # # # # # # # # # # # # # # # #"
                        text run at (0,336) width 236: "# # # # # # # # # # # # # # # # # # # #"
            RenderTableCell {TD} at (537,378) size 231x378 [r=1 c=2 rs=1 cs=1]
              RenderTable {TABLE} at (0,0) size 231x378
                RenderTableSection {THEAD} at (0,0) size 231x21
                  RenderTableRow {TR} at (0,0) size 231x21
                    RenderTableCell {TH} at (0,0) size 231x21 [r=0 c=0 rs=1 cs=1]
                      RenderText {#text} at (78,0) size 75x21
                        text run at (78,0) width 75: "Header 3/2"
                RenderTableSection {TBODY} at (0,21) size 231x357
                  RenderTableRow {TR} at (0,0) size 231x357
                    RenderTableCell {TD} at (0,0) size 231x357 [r=0 c=0 rs=1 cs=1]
                      RenderText {#text} at (0,0) size 230x357
                        text run at (0,0) width 230: "1 2 3 ! ! ! ! ! ! ! ! ! ! ! ! ! ! ! ! ! ! ! ! ! !"
                        text run at (0,21) width 230: "! ! ! ! ! ! ! ! ! ! ! ! ! ! ! ! ! ! ! ! ! ! ! ! ! !"
                        text run at (0,42) width 230: "! ! ! ! ! ! ! ! ! ! ! ! ! ! ! ! ! ! ! ! ! ! ! ! ! !"
                        text run at (0,63) width 230: "! ! ! ! ! ! ! ! ! ! ! ! ! ! ! ! ! ! ! ! ! ! ! ! ! !"
                        text run at (0,84) width 230: "! ! ! ! ! ! ! ! ! ! ! ! ! ! ! ! ! ! ! ! ! ! ! ! ! !"
                        text run at (0,105) width 230: "! ! ! ! ! ! ! ! ! ! ! ! ! ! ! ! ! ! ! ! ! ! ! ! ! !"
                        text run at (0,126) width 230: "! ! ! ! ! ! ! ! ! ! ! ! ! ! ! ! ! ! ! ! ! ! ! ! ! !"
                        text run at (0,147) width 230: "! ! ! ! ! ! ! ! ! ! ! ! ! ! ! ! ! ! ! ! ! ! ! ! ! !"
                        text run at (0,168) width 27: "! ! ! "
                        text run at (27,168) width 203: "! ! ! ! ! ! ! ! ! ! ! ! ! ! ! ! ! ! ! ! ! ! !"
                        text run at (0,189) width 230: "! ! ! ! ! ! ! ! ! ! ! ! ! ! ! ! ! ! ! ! ! ! ! ! ! !"
                        text run at (0,210) width 230: "! ! ! ! ! ! ! ! ! ! ! ! ! ! ! ! ! ! ! ! ! ! ! ! ! !"
                        text run at (0,231) width 230: "! ! ! ! ! ! ! ! ! ! ! ! ! ! ! ! ! ! ! ! ! ! ! ! ! !"
                        text run at (0,252) width 230: "! ! ! ! ! ! ! ! ! ! ! ! ! ! ! ! ! ! ! ! ! ! ! ! ! !"
                        text run at (0,273) width 230: "! ! ! ! ! ! ! ! ! ! ! ! ! ! ! ! ! ! ! ! ! ! ! ! ! !"
                        text run at (0,294) width 230: "! ! ! ! ! ! ! ! ! ! ! ! ! ! ! ! ! ! ! ! ! ! ! ! ! !"
                        text run at (0,315) width 230: "! ! ! ! ! ! ! ! ! ! ! ! ! ! ! ! ! ! ! ! ! ! ! ! ! !"
                        text run at (0,336) width 41: "! ! ! ! !"
