layer at (0,0) size 800x600
  RenderView at (0,0) size 800x600
layer at (0,0) size 800x600
  RenderBlock {HTML} at (0,0) size 800x600
    RenderBody {BODY} at (8,8) size 784x584
      RenderBlock {H2} at (0,0) size 784x31
        RenderText {#text} at (0,0) size 598x32
          text run at (0,0) width 598: "HTML 4.0 Table Column Proportional Width Constraints"
      RenderBlock {P} at (0,50) size 784x21
        RenderText {#text} at (0,0) size 708x21
          text run at (0,0) width 708: "The table below is 350 pixels wide. The columns are assigned proportional widths using COLs as follows:"
      RenderBlock (anonymous) at (0,87) size 784x64
        RenderInline {TT} at (0,0) size 89x64
          RenderText {#text} at (0,0) size 89x16
            text run at (0,0) width 89: "<col width=50>"
          RenderBR {BR} at (89,13) size 0x0
          RenderText {#text} at (0,16) size 87x16
            text run at (0,16) width 87: "<col width=2*>"
          RenderBR {BR} at (87,29) size 0x0
          RenderText {#text} at (0,32) size 87x16
            text run at (0,32) width 87: "<col width=1*>"
          RenderBR {BR} at (87,45) size 0x0
          RenderText {#text} at (0,48) size 87x16
            text run at (0,48) width 87: "<col width=3*>"
        RenderText {#text} at (0,0) size 0x0
      RenderBlock {P} at (0,167) size 784x84
        RenderText {#text} at (0,0) size 767x84
          text run at (0,0) width 742: "This means the first column should be 50 pixels wide. The remaining width should be divided among the three"
          text run at (0,21) width 751: "remaining columns according to the proportional width statements into six (2+1+3) parts. Since the Table is 350"
          text run at (0,42) width 767: "pixels wide, and the remaining width is 300 pixels (350-50), the remaining columns should be 100 (2*50), 50 (1*50)"
          text run at (0,63) width 186: "and 150 (3*50) pixels wide, "
          text run at (186,63) width 83: "respectively."
      RenderTable {TABLE} at (0,267) size 350x58 [border: (1px outset #808080)]
        RenderTableCol {COLGROUP} at (0,0) size 0x0
          RenderTableCol {COL} at (0,0) size 0x0
          RenderTableCol {COL} at (0,0) size 0x0
          RenderTableCol {COL} at (0,0) size 0x0
          RenderTableCol {COL} at (0,0) size 0x0
        RenderTableSection {TBODY} at (1,1) size 348x56
          RenderTableRow {TR} at (0,2) size 348x25
            RenderTableCell {TH} at (2,2) size 50x25 [border: (1px inset #808080)] [r=0 c=0 rs=1 cs=1]
              RenderText {#text} at (11,2) size 28x21
                text run at (11,2) width 28: "One"
            RenderTableCell {TH} at (54,2) size 96x25 [border: (1px inset #808080)] [r=0 c=1 rs=1 cs=1]
              RenderText {#text} at (32,2) size 32x21
                text run at (32,2) width 32: "Two"
            RenderTableCell {TH} at (152,2) size 94x25 [border: (1px inset #808080)] [r=0 c=2 rs=1 cs=1]
              RenderText {#text} at (26,2) size 42x21
                text run at (26,2) width 42: "Three"
            RenderTableCell {TH} at (248,2) size 98x25 [border: (1px inset #808080)] [r=0 c=3 rs=1 cs=1]
              RenderText {#text} at (32,2) size 34x21
                text run at (32,2) width 34: "Four"
          RenderTableRow {TR} at (0,29) size 348x25
            RenderTableCell {TD} at (2,29) size 50x25 [border: (1px inset #808080)] [r=1 c=0 rs=1 cs=1]
              RenderText {#text} at (2,2) size 28x21
                text run at (2,2) width 28: "Red"
            RenderTableCell {TD} at (54,29) size 96x25 [border: (1px inset #808080)] [r=1 c=1 rs=1 cs=1]
              RenderText {#text} at (2,2) size 42x21
                text run at (2,2) width 42: "Green"
            RenderTableCell {TD} at (152,29) size 94x25 [border: (1px inset #808080)] [r=1 c=2 rs=1 cs=1]
              RenderText {#text} at (2,2) size 31x21
                text run at (2,2) width 31: "Blue"
            RenderTableCell {TD} at (248,29) size 98x25 [border: (1px inset #808080)] [r=1 c=3 rs=1 cs=1]
              RenderText {#text} at (2,2) size 42x21
                text run at (2,2) width 42: "Green"
