layer at (0,0) size 800x600
  RenderView at (0,0) size 800x600
layer at (0,0) size 800x468
  RenderBlock {HTML} at (0,0) size 800x468
    RenderBody {BODY} at (8,8) size 784x452
      RenderBlock {HR} at (0,0) size 784x2 [border: (1px inset #000000)]
      RenderBlock {H3} at (0,20) size 784x25
        RenderText {#text} at (0,0) size 62x25
          text run at (0,0) width 62: "Table 1"
      RenderBlock {PRE} at (0,63) size 784x64
        RenderText {#text} at (0,0) size 186x64
          text run at (0,0) width 186: "<TABLE width=\"500\" border=1>"
          text run at (186,0) width 0: " "
          text run at (0,16) width 153: "<COLGROUP width=\"1*\">"
          text run at (153,16) width 0: " "
          text run at (0,32) width 153: "<COLGROUP width=\"1*\">"
          text run at (153,32) width 0: " "
          text run at (0,48) width 153: "<COLGROUP width=\"3*\">"
          text run at (153,48) width 0: " "
      RenderTable {TABLE} at (0,140) size 500x85 [border: (1px outset #808080)]
        RenderTableCol {COLGROUP} at (0,0) size 0x0
        RenderTableCol {COLGROUP} at (0,0) size 0x0
        RenderTableCol {COLGROUP} at (0,0) size 0x0
        RenderTableSection {TBODY} at (1,1) size 498x83
          RenderTableRow {TR} at (0,2) size 498x25
            RenderTableCell {TD} at (2,2) size 163x25 [border: (1px inset #808080)] [r=0 c=0 rs=1 cs=1]
              RenderText {#text} at (2,2) size 43x21
                text run at (2,2) width 43: "Cell A"
            RenderTableCell {TD} at (167,2) size 163x25 [border: (1px inset #808080)] [r=0 c=1 rs=1 cs=1]
              RenderText {#text} at (2,2) size 42x21
                text run at (2,2) width 42: "Cell B"
            RenderTableCell {TD} at (332,2) size 164x25 [border: (1px inset #808080)] [r=0 c=2 rs=1 cs=1]
              RenderText {#text} at (2,2) size 43x21
                text run at (2,2) width 43: "Cell C"
          RenderTableRow {TR} at (0,29) size 498x25
            RenderTableCell {TD} at (2,29) size 163x25 [border: (1px inset #808080)] [r=1 c=0 rs=1 cs=1]
              RenderText {#text} at (2,2) size 43x21
                text run at (2,2) width 43: "Cell D"
            RenderTableCell {TD} at (167,29) size 163x25 [border: (1px inset #808080)] [r=1 c=1 rs=1 cs=1]
              RenderText {#text} at (2,2) size 42x21
                text run at (2,2) width 42: "Cell E"
            RenderTableCell {TD} at (332,29) size 164x25 [border: (1px inset #808080)] [r=1 c=2 rs=1 cs=1]
              RenderText {#text} at (2,2) size 41x21
                text run at (2,2) width 41: "Cell F"
          RenderTableRow {TR} at (0,56) size 498x25
            RenderTableCell {TD} at (2,56) size 163x25 [border: (1px inset #808080)] [r=2 c=0 rs=1 cs=1]
              RenderText {#text} at (2,2) size 43x21
                text run at (2,2) width 43: "Cell G"
            RenderTableCell {TD} at (167,56) size 163x25 [border: (1px inset #808080)] [r=2 c=1 rs=1 cs=1]
              RenderText {#text} at (2,2) size 43x21
                text run at (2,2) width 43: "Cell H"
            RenderTableCell {TD} at (332,56) size 164x25 [border: (1px inset #808080)] [r=2 c=2 rs=1 cs=1]
              RenderText {#text} at (2,2) size 37x21
                text run at (2,2) width 37: "Cell I"
      RenderBlock {HR} at (0,233) size 784x2 [border: (1px inset #000000)]
      RenderBlock {H3} at (0,253) size 784x25
        RenderText {#text} at (0,0) size 62x25
          text run at (0,0) width 62: "Table 2"
      RenderBlock {PRE} at (0,296) size 784x48
        RenderText {#text} at (0,0) size 200x48
          text run at (0,0) width 186: "<TABLE width=\"500\" border=1>"
          text run at (186,0) width 0: " "
          text run at (0,16) width 200: "<COLGROUP span=2 width=\"1*\">"
          text run at (200,16) width 0: " "
          text run at (0,32) width 153: "<COLGROUP width=\"3*\">"
          text run at (153,32) width 0: " "
      RenderTable {TABLE} at (0,357) size 500x85 [border: (1px outset #808080)]
        RenderTableCol {COLGROUP} at (0,0) size 0x0
        RenderTableCol {COLGROUP} at (0,0) size 0x0
        RenderTableSection {TBODY} at (1,1) size 498x83
          RenderTableRow {TR} at (0,2) size 498x25
            RenderTableCell {TD} at (2,2) size 163x25 [border: (1px inset #808080)] [r=0 c=0 rs=1 cs=1]
              RenderText {#text} at (2,2) size 43x21
                text run at (2,2) width 43: "Cell A"
            RenderTableCell {TD} at (167,2) size 163x25 [border: (1px inset #808080)] [r=0 c=1 rs=1 cs=1]
              RenderText {#text} at (2,2) size 42x21
                text run at (2,2) width 42: "Cell B"
            RenderTableCell {TD} at (332,2) size 164x25 [border: (1px inset #808080)] [r=0 c=2 rs=1 cs=1]
              RenderText {#text} at (2,2) size 43x21
                text run at (2,2) width 43: "Cell C"
          RenderTableRow {TR} at (0,29) size 498x25
            RenderTableCell {TD} at (2,29) size 163x25 [border: (1px inset #808080)] [r=1 c=0 rs=1 cs=1]
              RenderText {#text} at (2,2) size 43x21
                text run at (2,2) width 43: "Cell D"
            RenderTableCell {TD} at (167,29) size 163x25 [border: (1px inset #808080)] [r=1 c=1 rs=1 cs=1]
              RenderText {#text} at (2,2) size 42x21
                text run at (2,2) width 42: "Cell E"
            RenderTableCell {TD} at (332,29) size 164x25 [border: (1px inset #808080)] [r=1 c=2 rs=1 cs=1]
              RenderText {#text} at (2,2) size 41x21
                text run at (2,2) width 41: "Cell F"
          RenderTableRow {TR} at (0,56) size 498x25
            RenderTableCell {TD} at (2,56) size 163x25 [border: (1px inset #808080)] [r=2 c=0 rs=1 cs=1]
              RenderText {#text} at (2,2) size 43x21
                text run at (2,2) width 43: "Cell G"
            RenderTableCell {TD} at (167,56) size 163x25 [border: (1px inset #808080)] [r=2 c=1 rs=1 cs=1]
              RenderText {#text} at (2,2) size 43x21
                text run at (2,2) width 43: "Cell H"
            RenderTableCell {TD} at (332,56) size 164x25 [border: (1px inset #808080)] [r=2 c=2 rs=1 cs=1]
              RenderText {#text} at (2,2) size 37x21
                text run at (2,2) width 37: "Cell I"
      RenderBlock {HR} at (0,450) size 784x2 [border: (1px inset #000000)]
