layer at (0,0) size 800x600
  RenderView at (0,0) size 800x600
layer at (0,0) size 800x600
  RenderBlock {HTML} at (0,0) size 800x600
    RenderBody {BODY} at (8,8) size 784x584
      RenderTable {TABLE} at (356,0) size 71x60 [border: (3px solid #008000)]
        RenderBlock {CAPTION} at (0,0) size 19x27 [border: (3px solid #FFA500)]
          RenderText {#text} at (3,3) size 24x21
            text run at (3,3) width 24: "cap"
        RenderTableSection {TBODY} at (3,30) size 65x27
          RenderTableRow {TR} at (0,2) size 65x23
            RenderTableCell {TD} at (2,2) size 61x23 [r=0 c=0 rs=1 cs=1]
              RenderText {#text} at (1,1) size 59x21
                text run at (1,1) width 59: "table cell"
