layer at (0,0) size 800x600
  RenderView at (0,0) size 800x600
layer at (0,0) size 800x600
  RenderBlock {HTML} at (0,0) size 800x600
    RenderBody {BODY} at (8,8) size 784x584
      RenderBlock (anonymous) at (0,0) size 784x21
        RenderText {#text} at (0,0) size 4x21
          text run at (0,0) width 4: " "
      RenderTable {TABLE} at (0,21) size 392x68 [border: (1px outset #808080)]
        RenderTableSection {TBODY} at (1,1) size 390x66
          RenderTableRow {TR} at (0,2) size 390x62
            RenderTableCell {TD} at (2,2) size 268x62 [border: (1px inset #808080)] [r=0 c=0 rs=1 cs=1]
              RenderTable {TABLE} at (2,2) size 80x58 [border: (1px outset #808080)]
                RenderTableSection {TBODY} at (1,1) size 78x56
                  RenderTableRow {TR} at (0,2) size 78x25
                    RenderTableCell {TD} at (2,2) size 36x25 [border: (1px inset #808080)] [r=0 c=0 rs=1 cs=1]
                      RenderText {#text} at (2,2) size 32x21
                        text run at (2,2) width 32: "hello"
                    RenderTableCell {TD} at (40,2) size 36x25 [border: (1px inset #808080)] [r=0 c=1 rs=1 cs=1]
                      RenderText {#text} at (2,2) size 32x21
                        text run at (2,2) width 32: "hello"
                  RenderTableRow {TR} at (0,29) size 78x25
                    RenderTableCell {TD} at (2,29) size 36x25 [border: (1px inset #808080)] [r=1 c=0 rs=1 cs=1]
                      RenderText {#text} at (2,2) size 32x21
                        text run at (2,2) width 32: "hello"
                    RenderTableCell {TD} at (40,29) size 36x25 [border: (1px inset #808080)] [r=1 c=1 rs=1 cs=1]
                      RenderText {#text} at (2,2) size 32x21
                        text run at (2,2) width 32: "hello"
            RenderTableCell {TD} at (272,20) size 116x25 [border: (1px inset #808080)] [r=0 c=1 rs=1 cs=1]
              RenderText {#text} at (2,2) size 32x21
                text run at (2,2) width 32: "hello"
