layer at (0,0) size 800x600
  RenderView at (0,0) size 800x600
layer at (0,0) size 800x600
  RenderBlock {HTML} at (0,0) size 800x600
    RenderBody {BODY} at (8,8) size 784x584
      RenderTable {TABLE} at (0,0) size 166x72 [border: (3px solid #008000)]
        RenderTableSection {TBODY} at (3,3) size 160x66
          RenderTableRow {TR} at (0,2) size 160x62
            RenderTableCell {TD} at (2,2) size 156x62 [r=0 c=0 rs=1 cs=1]
              RenderTable {TABLE} at (1,1) size 154x60 [border: (3px solid #008000)]
                RenderBlock {CAPTION} at (0,0) size 80x27 [border: (3px solid #FFA500)]
                  RenderText {#text} at (28,3) size 24x21
                    text run at (28,3) width 24: "cap"
                RenderTableSection {TBODY} at (3,30) size 148x27
                  RenderTableRow {TR} at (0,2) size 148x23
                    RenderTableCell {TD} at (2,2) size 144x23 [r=0 c=0 rs=1 cs=1]
                      RenderText {#text} at (1,1) size 142x21
                        text run at (1,1) width 142: "table cell foo and bar"
