layer at (0,0) size 800x600
  RenderView at (0,0) size 800x600
layer at (0,0) size 800x600
  RenderBlock {HTML} at (0,0) size 800x600
    RenderBody {BODY} at (8,8) size 784x584
      RenderTable {TABLE} at (189,0) size 406x62 [border: (3px solid #008000)]
        RenderBlock {CAPTION} at (0,0) size 406x28 [border: (3px solid #FFA500)]
          RenderText {#text} at (191,3) size 24x22
            text run at (191,3) width 24: "cap"
        RenderTableSection {TBODY} at (3,31) size 400x28
          RenderTableRow {TR} at (0,2) size 400x24
            RenderTableCell {TD} at (2,2) size 396x24 [r=0 c=0 rs=1 cs=1]
              RenderText {#text} at (1,1) size 59x22
                text run at (1,1) width 59: "table cell"
