layer at (0,0) size 800x600
  RenderView at (0,0) size 800x600
layer at (0,0) size 800x600
  RenderBlock {HTML} at (0,0) size 800x600
    RenderBody {BODY} at (8,8) size 784x584 [bgcolor=#FFFFFF]
      RenderTable {TABLE} at (0,0) size 784x406 [border: (1px outset #808080)]
        RenderTableSection {TBODY} at (1,1) size 782x404
          RenderTableRow {TR} at (0,2) size 782x400
            RenderTableCell {TD} at (2,2) size 778x400 [border: (1px inset #808080)] [r=0 c=0 rs=1 cs=1]
              RenderTable {TABLE} at (2,2) size 774x396 [border: (3px solid #008000)]
                RenderBlock {CAPTION} at (0,0) size 406x27 [border: (3px solid #FFA500)]
                  RenderText {#text} at (80,3) size 246x21
                    text run at (80,3) width 246: "caption text caption text caption text"
                RenderTableSection {TBODY} at (3,30) size 768x363
                  RenderTableRow {TR} at (0,2) size 768x359
                    RenderTableCell {TD} at (2,2) size 764x359 [r=0 c=0 rs=1 cs=1]
                      RenderText {#text} at (1,1) size 756x357
                        text run at (1,1) width 756: "table text which should wrap table text which should wrap table text which should wrap table text which should"
                        text run at (1,22) width 747: "wrap table text which should wrap table text which should wrap table text which should wrap table text which"
                        text run at (1,43) width 751: "should wrap table text which should wrap table text which should wrap table text which should wrap table text"
                        text run at (1,64) width 730: "which should wrap table text which should wrap table text which should wrap table text which should wrap"
                        text run at (1,85) width 756: "table text which should wrap table text which should wrap table text which should wrap table text which should"
                        text run at (1,106) width 747: "wrap table text which should wrap table text which should wrap table text which should wrap table text which"
                        text run at (1,127) width 751: "should wrap table text which should wrap table text which should wrap table text which should wrap table text"
                        text run at (1,148) width 730: "which should wrap table text which should wrap table text which should wrap table text which should wrap"
                        text run at (1,169) width 756: "table text which should wrap table text which should wrap table text which should wrap table text which should"
                        text run at (1,190) width 747: "wrap table text which should wrap table text which should wrap table text which should wrap table text which"
                        text run at (1,211) width 751: "should wrap table text which should wrap table text which should wrap table text which should wrap table text"
                        text run at (1,232) width 726: "which should wraptable text which should wrap table text which should wrap table text which should wrap"
                        text run at (1,253) width 756: "table text which should wrap table text which should wrap table text which should wrap table text which should"
                        text run at (1,274) width 747: "wrap table text which should wrap table text which should wrap table text which should wrap table text which"
                        text run at (1,295) width 751: "should wrap table text which should wrap table text which should wrap table text which should wrap table text"
                        text run at (1,316) width 730: "which should wrap table text which should wrap table text which should wrap table text which should wrap"
                        text run at (1,337) width 596: "table text which should wrap table text which should wrap table text which should wrap"
