layer at (0,0) size 800x600
  RenderView at (0,0) size 800x600
layer at (0,0) size 800x600
  RenderBlock {HTML} at (0,0) size 800x600
    RenderBody {BODY} at (8,8) size 784x584 [bgcolor=#FFFFFF]
      RenderTable {TABLE} at (0,0) size 784x414 [border: (3px solid #008000)]
        RenderBlock {CAPTION} at (0,0) size 406x28 [border: (3px solid #FFA500)]
          RenderText {#text} at (80,3) size 246x22
            text run at (80,3) width 246: "caption text caption text caption text"
        RenderTableSection {TBODY} at (3,31) size 778x380
          RenderTableRow {TR} at (0,2) size 778x376
            RenderTableCell {TD} at (2,2) size 774x376 [r=0 c=0 rs=1 cs=1]
              RenderText {#text} at (1,1) size 767x374
                text run at (1,1) width 756: "table text which should wrap table text which should wrap table text which should wrap table text which should"
                text run at (1,23) width 747: "wrap table text which should wrap table text which should wrap table text which should wrap table text which"
                text run at (1,45) width 751: "should wrap table text which should wrap table text which should wrap table text which should wrap table text"
                text run at (1,67) width 767: "which should wrap table text which should wrap table text which should wrap table text which should wrap table"
                text run at (1,89) width 759: "text which should wrap table text which should wrap table text which should wrap table text which should wrap"
                text run at (1,111) width 756: "table text which should wrap table text which should wrap table text which should wrap table text which should"
                text run at (1,133) width 747: "wrap table text which should wrap table text which should wrap table text which should wrap table text which"
                text run at (1,155) width 751: "should wrap table text which should wrap table text which should wrap table text which should wrap table text"
                text run at (1,177) width 767: "which should wrap table text which should wrap table text which should wrap table text which should wrap table"
                text run at (1,199) width 759: "text which should wrap table text which should wrap table text which should wrap table text which should wrap"
                text run at (1,221) width 756: "table text which should wrap table text which should wrap table text which should wrap table text which should"
                text run at (1,243) width 743: "wraptable text which should wrap table text which should wrap table text which should wrap table text which"
                text run at (1,265) width 751: "should wrap table text which should wrap table text which should wrap table text which should wrap table text"
                text run at (1,287) width 767: "which should wrap table text which should wrap table text which should wrap table text which should wrap table"
                text run at (1,309) width 759: "text which should wrap table text which should wrap table text which should wrap table text which should wrap"
                text run at (1,331) width 756: "table text which should wrap table text which should wrap table text which should wrap table text which should"
                text run at (1,353) width 436: "wrap table text which should wrap table text which should wrap"
