layer at (0,0) size 784x900
  RenderView at (0,0) size 784x600
layer at (0,0) size 784x900
  RenderBlock {HTML} at (0,0) size 784x900
    RenderBody {BODY} at (8,8) size 768x884
      RenderBlock (anonymous) at (0,0) size 768x147
        RenderText {#text} at (0,0) size 330x21
          text run at (0,0) width 330: "The following three examples are 2 nested tables."
        RenderBR {BR} at (330,16) size 0x0
        RenderText {#text} at (0,21) size 734x42
          text run at (0,21) width 734: "The inner table has a height of 100%, the outer table has a height set of 200px, on the <table>, <tr> and <td>"
          text run at (0,42) width 83: "respectively."
        RenderBR {BR} at (83,58) size 0x0
        RenderBR {BR} at (0,63) size 0x21
        RenderText {#text} at (0,84) size 729x42
          text run at (0,84) width 729: "In all examples the inner table should completely fill the outer table. (with respect of the padding and border"
          text run at (0,105) width 62: "ofcourse)"
        RenderBR {BR} at (62,121) size 0x0
        RenderBR {BR} at (0,126) size 0x21
      RenderTable {TABLE} at (0,147) size 288x200 [border: (1px outset #808080)]
        RenderTableSection {TBODY} at (1,1) size 286x198
          RenderTableRow {TR} at (0,2) size 286x194
            RenderTableCell {TD} at (2,2) size 282x194 [border: (1px inset #808080)] [r=0 c=0 rs=1 cs=1]
              RenderTable {TABLE} at (2,2) size 278x190 [border: (1px outset #808080)]
                RenderTableSection {TBODY} at (1,1) size 276x188
                  RenderTableRow {TR} at (0,2) size 276x184
                    RenderTableCell {TD} at (2,81) size 272x25 [border: (1px inset #808080)] [r=0 c=0 rs=1 cs=1]
                      RenderText {#text} at (2,2) size 268x21
                        text run at (2,2) width 268: "outer table has height:200px on <table>"
      RenderBlock (anonymous) at (0,347) size 768x21
        RenderBR {BR} at (0,0) size 0x21
      RenderTable {TABLE} at (0,368) size 267x206 [border: (1px outset #808080)]
        RenderTableSection {TBODY} at (1,1) size 265x204
          RenderTableRow {TR} at (0,2) size 265x200
            RenderTableCell {TD} at (2,84) size 261x35 [border: (1px inset #808080)] [r=0 c=0 rs=1 cs=1]
              RenderTable {TABLE} at (2,2) size 257x31 [border: (1px outset #808080)]
                RenderTableSection {TBODY} at (1,1) size 255x29
                  RenderTableRow {TR} at (0,2) size 255x25
                    RenderTableCell {TD} at (2,2) size 251x25 [border: (1px inset #808080)] [r=0 c=0 rs=1 cs=1]
                      RenderText {#text} at (2,2) size 247x21
                        text run at (2,2) width 247: "outer table has height:200px on <tr>"
      RenderBlock (anonymous) at (0,574) size 768x21
        RenderBR {BR} at (0,0) size 0x21
      RenderTable {TABLE} at (0,595) size 269x206 [border: (1px outset #808080)]
        RenderTableSection {TBODY} at (1,1) size 267x204
          RenderTableRow {TR} at (0,2) size 267x200
            RenderTableCell {TD} at (2,2) size 263x200 [border: (1px inset #808080)] [r=0 c=0 rs=1 cs=1]
              RenderTable {TABLE} at (2,2) size 259x196 [border: (1px outset #808080)]
                RenderTableSection {TBODY} at (1,1) size 257x194
                  RenderTableRow {TR} at (0,2) size 257x190
                    RenderTableCell {TD} at (2,84) size 253x25 [border: (1px inset #808080)] [r=0 c=0 rs=1 cs=1]
                      RenderText {#text} at (2,2) size 249x21
                        text run at (2,2) width 249: "outer table has height:200px on <td>"
      RenderBlock (anonymous) at (0,801) size 768x21
        RenderBR {BR} at (0,0) size 0x21
      RenderTable {TABLE} at (0,822) size 662x62 [border: (1px outset #808080)]
        RenderTableSection {TBODY} at (1,1) size 660x60
          RenderTableRow {TR} at (0,2) size 660x56
            RenderTableCell {TD} at (2,2) size 656x56 [border: (1px inset #808080)] [r=0 c=0 rs=1 cs=1]
              RenderTable {TABLE} at (2,2) size 652x52 [border: (1px outset #808080)]
                RenderTableSection {TBODY} at (1,1) size 650x50
                  RenderTableRow {TR} at (0,2) size 650x46
                    RenderTableCell {TD} at (2,2) size 646x46 [border: (1px inset #808080)] [r=0 c=0 rs=1 cs=1]
                      RenderText {#text} at (2,2) size 412x21
                        text run at (2,2) width 412: "outer table has no height set, inner table has a height of 50%."
                      RenderBR {BR} at (414,18) size 0x0
                      RenderText {#text} at (2,23) size 642x21
                        text run at (2,23) width 642: "Here the height should be set to auto, because the height of the outer td depends on the content."
