layer at (0,0) size 800x600
  RenderView at (0,0) size 800x600
layer at (0,0) size 800x600
  RenderBlock {HTML} at (0,0) size 800x600
    RenderBody {BODY} at (8,8) size 784x576
      RenderBlock (anonymous) at (0,0) size 784x44
        RenderText {#text} at (0,0) size 726x44
          text run at (0,0) width 726: "This page shows a difference between IE and Netscape 6 rendering of tables / cells with heights expressed in"
          text run at (0,22) width 84: "percentages."
      RenderBlock {P} at (0,60) size 784x44
        RenderText {#text} at (0,0) size 773x44
          text run at (0,0) width 220: "The table A below has two cells. "
          text run at (220,0) width 417: "Cell A1 contains an invisible image to make the cell fairly tall. "
          text run at (637,0) width 136: "Cell A2 has a height"
          text run at (0,22) width 368: "attribute of 100%, and contains another table, table B."
      RenderBlock {P} at (0,120) size 784x66
        RenderText {#text} at (0,0) size 782x66
          text run at (0,0) width 230: "Table B has two cells, B1 and B2. "
          text run at (230,0) width 264: "B1 has a fixed pixel height of 30 pixels. "
          text run at (494,0) width 173: "B2 has a height of 100%. "
          text run at (667,0) width 115: "In IE, this causes"
          text run at (0,22) width 774: "B2 to stretch to fill the entire height of cell A2, while in Netscape 6 / Gecko, it seems to have no impact on the height"
          text run at (0,44) width 67: "of cell A2."
      RenderBlock {P} at (0,202) size 784x210
        RenderTable {TABLE} at (0,0) size 129x210 [border: (1px outset #808080)]
          RenderTableSection {TBODY} at (1,1) size 127x208
            RenderTableRow {TR} at (0,0) size 127x208
              RenderTableCell {TD} at (0,0) size 63x208 [border: (1px inset #808080)] [r=0 c=0 rs=1 cs=1]
                RenderImage {IMG} at (1,1) size 10x200
                RenderText {#text} at (11,185) size 51x22
                  text run at (11,185) width 51: "Cell A1"
              RenderTableCell {TD} at (63,70) size 64x68 [border: (1px inset #808080)] [r=0 c=1 rs=1 cs=1]
                RenderTable {TABLE} at (1,1) size 62x66 [border: (2px outset #808080)]
                  RenderTableSection {TBODY} at (2,2) size 58x62
                    RenderTableRow {TR} at (0,2) size 58x30
                      RenderTableCell {TD} at (2,4) size 54x26 [border: (1px inset #808080)] [r=0 c=0 rs=1 cs=1]
                        RenderText {#text} at (2,2) size 50x22
                          text run at (2,2) width 50: "Cell B1"
                    RenderTableRow {TR} at (0,34) size 58x26
                      RenderTableCell {TD} at (2,34) size 54x26 [bgcolor=#99CC99] [border: (1px inset #808080)] [r=1 c=0 rs=1 cs=1]
                        RenderText {#text} at (2,2) size 50x22
                          text run at (2,2) width 50: "Cell B2"
