layer at (0,0) size 800x600
  RenderView at (0,0) size 800x600
layer at (0,0) size 800x600
  RenderBlock {HTML} at (0,0) size 800x600
    RenderBody {BODY} at (8,8) size 784x584
      RenderBlock {P} at (0,0) size 784x63
        RenderText {#text} at (0,0) size 780x63
          text run at (0,0) width 750: "(1) Table with 2 columns. Relative width value for first column is \"1*\" and for column 2 is \"3*\". Table width is"
          text run at (0,21) width 780: "100%. The first column should span 1/4 of the window width and the second column should span 3/4 of the window"
          text run at (0,42) width 47: "width. "
        RenderInline {B} at (0,0) size 172x21
          RenderText {#text} at (47,42) size 172x21
            text run at (47,42) width 172: "5.0 renders this correctly."
      RenderTable {TABLE} at (0,79) size 784x31 [border: (1px outset #808080)]
        RenderTableCol {COLGROUP} at (0,0) size 0x0
          RenderTableCol {COL} at (0,0) size 0x0
          RenderTableCol {COL} at (0,0) size 0x0
        RenderTableSection {TBODY} at (1,1) size 782x29
          RenderTableRow {TR} at (0,2) size 782x25
            RenderTableCell {TD} at (2,2) size 388x25 [border: (1px inset #808080)] [r=0 c=0 rs=1 cs=1]
              RenderText {#text} at (2,2) size 29x21
                text run at (2,2) width 29: "Test"
            RenderTableCell {TD} at (392,2) size 388x25 [border: (1px inset #808080)] [r=0 c=1 rs=1 cs=1]
              RenderText {#text} at (2,2) size 29x21
                text run at (2,2) width 29: "Test"
      RenderBlock (anonymous) at (0,110) size 784x42
        RenderBR {BR} at (0,0) size 0x21
        RenderBR {BR} at (0,21) size 0x21
      RenderBlock {P} at (0,168) size 784x42
        RenderText {#text} at (0,0) size 750x42
          text run at (0,0) width 750: "(2) Table with 1 column. Relative width value for column is \"0*\" with table width of 100%. The column should"
          text run at (0,21) width 446: "span the minimum width necessary to hold the column's contents. "
        RenderInline {B} at (0,0) size 62x21
          RenderText {#text} at (446,21) size 62x21
            text run at (446,21) width 62: "Problem."
      RenderTable {TABLE} at (0,226) size 784x31 [border: (1px outset #808080)]
        RenderTableCol {COLGROUP} at (0,0) size 0x0
          RenderTableCol {COL} at (0,0) size 0x0
        RenderTableSection {TBODY} at (1,1) size 782x29
          RenderTableRow {TR} at (0,2) size 782x25
            RenderTableCell {TD} at (2,2) size 778x25 [border: (1px inset #808080)] [r=0 c=0 rs=1 cs=1]
              RenderText {#text} at (2,2) size 29x21
                text run at (2,2) width 29: "Test"
      RenderBlock (anonymous) at (0,257) size 784x42
        RenderBR {BR} at (0,0) size 0x21
        RenderBR {BR} at (0,21) size 0x21
      RenderBlock {P} at (0,315) size 784x84
        RenderText {#text} at (0,0) size 750x63
          text run at (0,0) width 750: "(3) Table with 2 columns. Relative width value for first column is \"0*\" and for column 2 is \"3*\". Table width is"
          text run at (0,21) width 736: "100%. The first column should span the minimum width necessary to hold the column's contents. The second"
          text run at (0,42) width 135: "column should ????"
        RenderInline {B} at (0,0) size 757x42
          RenderText {#text} at (135,42) size 757x42
            text run at (135,42) width 622: "The first column is rendered properly, but there seems to be a problem with the width of the"
            text run at (0,63) width 104: "second column."
      RenderTable {TABLE} at (0,415) size 784x31 [border: (1px outset #808080)]
        RenderTableCol {COLGROUP} at (0,0) size 0x0
          RenderTableCol {COL} at (0,0) size 0x0
          RenderTableCol {COL} at (0,0) size 0x0
        RenderTableSection {TBODY} at (1,1) size 782x29
          RenderTableRow {TR} at (0,2) size 782x25
            RenderTableCell {TD} at (2,2) size 388x25 [border: (1px inset #808080)] [r=0 c=0 rs=1 cs=1]
              RenderText {#text} at (2,2) size 29x21
                text run at (2,2) width 29: "Test"
            RenderTableCell {TD} at (392,2) size 388x25 [border: (1px inset #808080)] [r=0 c=1 rs=1 cs=1]
              RenderText {#text} at (2,2) size 29x21
                text run at (2,2) width 29: "Test"
