layer at (0,0) size 800x600
  RenderView at (0,0) size 800x600
layer at (0,0) size 800x600
  RenderBlock {HTML} at (0,0) size 800x600
    RenderBody {BODY} at (8,8) size 784x584
      RenderBlock {P} at (0,0) size 784x21
        RenderText {#text} at (0,0) size 135x21
          text run at (0,0) width 135: "A paragraph of text"
      RenderTable {TABLE} at (0,37) size 276x384 [border: (1px outset #808080)]
        RenderTableSection {THEAD} at (1,1) size 274x29
          RenderTableRow {TR} at (0,2) size 274x25
            RenderTableCell {TH} at (2,2) size 66x25 [border: (1px inset #808080)] [r=0 c=0 rs=1 cs=1]
              RenderText {#text} at (2,2) size 62x21
                text run at (2,2) width 62: "column 1"
            RenderTableCell {TH} at (70,2) size 66x25 [border: (1px inset #808080)] [r=0 c=1 rs=1 cs=1]
              RenderText {#text} at (2,2) size 62x21
                text run at (2,2) width 62: "column 2"
            RenderTableCell {TH} at (138,2) size 66x25 [border: (1px inset #808080)] [r=0 c=2 rs=1 cs=1]
              RenderText {#text} at (2,2) size 62x21
                text run at (2,2) width 62: "column 3"
            RenderTableCell {TH} at (206,2) size 66x25 [border: (1px inset #808080)] [r=0 c=3 rs=1 cs=1]
              RenderText {#text} at (2,2) size 62x21
                text run at (2,2) width 62: "column 4"
        RenderTableSection {TBODY} at (1,30) size 274x353
          RenderTableRow {TR} at (0,2) size 274x25
            RenderTableCell {TD} at (2,2) size 66x25 [border: (1px inset #808080)] [r=0 c=0 rs=1 cs=1]
              RenderText {#text} at (2,2) size 24x21
                text run at (2,2) width 24: "one"
            RenderTableCell {TD} at (70,2) size 66x25 [border: (1px inset #808080)] [r=0 c=1 rs=1 cs=1]
              RenderText {#text} at (2,2) size 25x21
                text run at (2,2) width 25: "two"
            RenderTableCell {TD} at (138,2) size 66x25 [border: (1px inset #808080)] [r=0 c=2 rs=1 cs=1]
              RenderText {#text} at (2,2) size 35x21
                text run at (2,2) width 35: "three"
            RenderTableCell {TD} at (206,2) size 66x25 [border: (1px inset #808080)] [r=0 c=3 rs=1 cs=1]
              RenderText {#text} at (2,2) size 29x21
                text run at (2,2) width 29: "four"
          RenderTableRow {TR} at (0,29) size 274x25
            RenderTableCell {TD} at (2,29) size 66x25 [border: (1px inset #808080)] [r=1 c=0 rs=1 cs=1]
              RenderText {#text} at (2,2) size 24x21
                text run at (2,2) width 24: "one"
            RenderTableCell {TD} at (70,29) size 66x25 [border: (1px inset #808080)] [r=1 c=1 rs=1 cs=1]
              RenderText {#text} at (2,2) size 25x21
                text run at (2,2) width 25: "two"
            RenderTableCell {TD} at (138,29) size 66x25 [border: (1px inset #808080)] [r=1 c=2 rs=1 cs=1]
              RenderText {#text} at (2,2) size 35x21
                text run at (2,2) width 35: "three"
            RenderTableCell {TD} at (206,29) size 66x25 [border: (1px inset #808080)] [r=1 c=3 rs=1 cs=1]
              RenderText {#text} at (2,2) size 29x21
                text run at (2,2) width 29: "four"
          RenderTableRow {TR} at (0,56) size 274x25
            RenderTableCell {TD} at (2,56) size 66x25 [border: (1px inset #808080)] [r=2 c=0 rs=1 cs=1]
              RenderText {#text} at (2,2) size 24x21
                text run at (2,2) width 24: "one"
            RenderTableCell {TD} at (70,56) size 66x25 [border: (1px inset #808080)] [r=2 c=1 rs=1 cs=1]
              RenderText {#text} at (2,2) size 25x21
                text run at (2,2) width 25: "two"
            RenderTableCell {TD} at (138,56) size 66x25 [border: (1px inset #808080)] [r=2 c=2 rs=1 cs=1]
              RenderText {#text} at (2,2) size 35x21
                text run at (2,2) width 35: "three"
            RenderTableCell {TD} at (206,56) size 66x25 [border: (1px inset #808080)] [r=2 c=3 rs=1 cs=1]
              RenderText {#text} at (2,2) size 29x21
                text run at (2,2) width 29: "four"
          RenderTableRow {TR} at (0,83) size 274x25
            RenderTableCell {TD} at (2,83) size 66x25 [border: (1px inset #808080)] [r=3 c=0 rs=1 cs=1]
              RenderText {#text} at (2,2) size 24x21
                text run at (2,2) width 24: "one"
            RenderTableCell {TD} at (70,83) size 66x25 [border: (1px inset #808080)] [r=3 c=1 rs=1 cs=1]
              RenderText {#text} at (2,2) size 25x21
                text run at (2,2) width 25: "two"
            RenderTableCell {TD} at (138,83) size 66x25 [border: (1px inset #808080)] [r=3 c=2 rs=1 cs=1]
              RenderText {#text} at (2,2) size 35x21
                text run at (2,2) width 35: "three"
            RenderTableCell {TD} at (206,83) size 66x25 [border: (1px inset #808080)] [r=3 c=3 rs=1 cs=1]
              RenderText {#text} at (2,2) size 29x21
                text run at (2,2) width 29: "four"
          RenderTableRow {TR} at (0,110) size 274x25
            RenderTableCell {TD} at (2,110) size 66x25 [border: (1px inset #808080)] [r=4 c=0 rs=1 cs=1]
              RenderText {#text} at (2,2) size 24x21
                text run at (2,2) width 24: "one"
            RenderTableCell {TD} at (70,110) size 66x25 [border: (1px inset #808080)] [r=4 c=1 rs=1 cs=1]
              RenderText {#text} at (2,2) size 25x21
                text run at (2,2) width 25: "two"
            RenderTableCell {TD} at (138,110) size 66x25 [border: (1px inset #808080)] [r=4 c=2 rs=1 cs=1]
              RenderText {#text} at (2,2) size 35x21
                text run at (2,2) width 35: "three"
            RenderTableCell {TD} at (206,110) size 66x25 [border: (1px inset #808080)] [r=4 c=3 rs=1 cs=1]
              RenderText {#text} at (2,2) size 29x21
                text run at (2,2) width 29: "four"
          RenderTableRow {TR} at (0,137) size 274x25
            RenderTableCell {TD} at (2,137) size 66x25 [border: (1px inset #808080)] [r=5 c=0 rs=1 cs=1]
              RenderText {#text} at (2,2) size 24x21
                text run at (2,2) width 24: "one"
            RenderTableCell {TD} at (70,137) size 66x25 [border: (1px inset #808080)] [r=5 c=1 rs=1 cs=1]
              RenderText {#text} at (2,2) size 25x21
                text run at (2,2) width 25: "two"
            RenderTableCell {TD} at (138,137) size 66x25 [border: (1px inset #808080)] [r=5 c=2 rs=1 cs=1]
              RenderText {#text} at (2,2) size 35x21
                text run at (2,2) width 35: "three"
            RenderTableCell {TD} at (206,137) size 66x25 [border: (1px inset #808080)] [r=5 c=3 rs=1 cs=1]
              RenderText {#text} at (2,2) size 29x21
                text run at (2,2) width 29: "four"
          RenderTableRow {TR} at (0,164) size 274x25
            RenderTableCell {TD} at (2,164) size 66x25 [border: (1px inset #808080)] [r=6 c=0 rs=1 cs=1]
              RenderText {#text} at (2,2) size 24x21
                text run at (2,2) width 24: "one"
            RenderTableCell {TD} at (70,164) size 66x25 [border: (1px inset #808080)] [r=6 c=1 rs=1 cs=1]
              RenderText {#text} at (2,2) size 25x21
                text run at (2,2) width 25: "two"
            RenderTableCell {TD} at (138,164) size 66x25 [border: (1px inset #808080)] [r=6 c=2 rs=1 cs=1]
              RenderText {#text} at (2,2) size 35x21
                text run at (2,2) width 35: "three"
            RenderTableCell {TD} at (206,164) size 66x25 [border: (1px inset #808080)] [r=6 c=3 rs=1 cs=1]
              RenderText {#text} at (2,2) size 29x21
                text run at (2,2) width 29: "four"
          RenderTableRow {TR} at (0,191) size 274x25
            RenderTableCell {TD} at (2,191) size 66x25 [border: (1px inset #808080)] [r=7 c=0 rs=1 cs=1]
              RenderText {#text} at (2,2) size 24x21
                text run at (2,2) width 24: "one"
            RenderTableCell {TD} at (70,191) size 66x25 [border: (1px inset #808080)] [r=7 c=1 rs=1 cs=1]
              RenderText {#text} at (2,2) size 25x21
                text run at (2,2) width 25: "two"
            RenderTableCell {TD} at (138,191) size 66x25 [border: (1px inset #808080)] [r=7 c=2 rs=1 cs=1]
              RenderText {#text} at (2,2) size 35x21
                text run at (2,2) width 35: "three"
            RenderTableCell {TD} at (206,191) size 66x25 [border: (1px inset #808080)] [r=7 c=3 rs=1 cs=1]
              RenderText {#text} at (2,2) size 29x21
                text run at (2,2) width 29: "four"
          RenderTableRow {TR} at (0,218) size 274x25
            RenderTableCell {TD} at (2,218) size 66x25 [border: (1px inset #808080)] [r=8 c=0 rs=1 cs=1]
              RenderText {#text} at (2,2) size 24x21
                text run at (2,2) width 24: "one"
            RenderTableCell {TD} at (70,218) size 66x25 [border: (1px inset #808080)] [r=8 c=1 rs=1 cs=1]
              RenderText {#text} at (2,2) size 25x21
                text run at (2,2) width 25: "two"
            RenderTableCell {TD} at (138,218) size 66x25 [border: (1px inset #808080)] [r=8 c=2 rs=1 cs=1]
              RenderText {#text} at (2,2) size 35x21
                text run at (2,2) width 35: "three"
            RenderTableCell {TD} at (206,218) size 66x25 [border: (1px inset #808080)] [r=8 c=3 rs=1 cs=1]
              RenderText {#text} at (2,2) size 29x21
                text run at (2,2) width 29: "four"
          RenderTableRow {TR} at (0,245) size 274x25
            RenderTableCell {TD} at (2,245) size 66x25 [border: (1px inset #808080)] [r=9 c=0 rs=1 cs=1]
              RenderText {#text} at (2,2) size 24x21
                text run at (2,2) width 24: "one"
            RenderTableCell {TD} at (70,245) size 66x25 [border: (1px inset #808080)] [r=9 c=1 rs=1 cs=1]
              RenderText {#text} at (2,2) size 25x21
                text run at (2,2) width 25: "two"
            RenderTableCell {TD} at (138,245) size 66x25 [border: (1px inset #808080)] [r=9 c=2 rs=1 cs=1]
              RenderText {#text} at (2,2) size 35x21
                text run at (2,2) width 35: "three"
            RenderTableCell {TD} at (206,245) size 66x25 [border: (1px inset #808080)] [r=9 c=3 rs=1 cs=1]
              RenderText {#text} at (2,2) size 29x21
                text run at (2,2) width 29: "four"
          RenderTableRow {TR} at (0,272) size 274x25
            RenderTableCell {TD} at (2,272) size 66x25 [border: (1px inset #808080)] [r=10 c=0 rs=1 cs=1]
              RenderText {#text} at (2,2) size 24x21
                text run at (2,2) width 24: "one"
            RenderTableCell {TD} at (70,272) size 66x25 [border: (1px inset #808080)] [r=10 c=1 rs=1 cs=1]
              RenderText {#text} at (2,2) size 25x21
                text run at (2,2) width 25: "two"
            RenderTableCell {TD} at (138,272) size 66x25 [border: (1px inset #808080)] [r=10 c=2 rs=1 cs=1]
              RenderText {#text} at (2,2) size 35x21
                text run at (2,2) width 35: "three"
            RenderTableCell {TD} at (206,272) size 66x25 [border: (1px inset #808080)] [r=10 c=3 rs=1 cs=1]
              RenderText {#text} at (2,2) size 29x21
                text run at (2,2) width 29: "four"
          RenderTableRow {TR} at (0,299) size 274x25
            RenderTableCell {TD} at (2,299) size 66x25 [border: (1px inset #808080)] [r=11 c=0 rs=1 cs=1]
              RenderText {#text} at (2,2) size 24x21
                text run at (2,2) width 24: "one"
            RenderTableCell {TD} at (70,299) size 66x25 [border: (1px inset #808080)] [r=11 c=1 rs=1 cs=1]
              RenderText {#text} at (2,2) size 25x21
                text run at (2,2) width 25: "two"
            RenderTableCell {TD} at (138,299) size 66x25 [border: (1px inset #808080)] [r=11 c=2 rs=1 cs=1]
              RenderText {#text} at (2,2) size 35x21
                text run at (2,2) width 35: "three"
            RenderTableCell {TD} at (206,299) size 66x25 [border: (1px inset #808080)] [r=11 c=3 rs=1 cs=1]
              RenderText {#text} at (2,2) size 29x21
                text run at (2,2) width 29: "four"
          RenderTableRow {TR} at (0,326) size 274x25
            RenderTableCell {TD} at (2,326) size 66x25 [border: (1px inset #808080)] [r=12 c=0 rs=1 cs=1]
              RenderText {#text} at (2,2) size 24x21
                text run at (2,2) width 24: "one"
            RenderTableCell {TD} at (70,326) size 66x25 [border: (1px inset #808080)] [r=12 c=1 rs=1 cs=1]
              RenderText {#text} at (2,2) size 25x21
                text run at (2,2) width 25: "two"
            RenderTableCell {TD} at (138,326) size 66x25 [border: (1px inset #808080)] [r=12 c=2 rs=1 cs=1]
              RenderText {#text} at (2,2) size 35x21
                text run at (2,2) width 35: "three"
            RenderTableCell {TD} at (206,326) size 66x25 [border: (1px inset #808080)] [r=12 c=3 rs=1 cs=1]
              RenderText {#text} at (2,2) size 29x21
                text run at (2,2) width 29: "four"
