layer at (0,0) size 800x600
  RenderView at (0,0) size 800x600
layer at (0,0) size 800x600
  RenderBlock {HTML} at (0,0) size 800x600
    RenderBody {BODY} at (8,8) size 784x584
      RenderTable {TABLE} at (0,0) size 504x120 [border: (3px outset #808080)]
        RenderTableSection {TBODY} at (3,3) size 498x114
          RenderTableRow {TR} at (0,2) size 498x110
            RenderTableCell {TD} at (2,2) size 494x110 [border: (1px inset #808080)] [r=0 c=0 rs=1 cs=1]
              RenderTable {TABLE} at (2,2) size 500x106 [border: (2px outset #808080)]
                RenderTableSection {TBODY} at (2,2) size 496x102
                  RenderTableRow {TR} at (0,2) size 496x98
                    RenderTableCell {TD} at (2,2) size 400x98 [border: (1px inset #808080)] [r=0 c=0 rs=1 cs=1]
                      RenderTable {TABLE} at (11,11) size 378x76 [border: (1px outset #808080)]
                        RenderTableSection {TBODY} at (1,1) size 376x74
                          RenderTableRow {TR} at (0,2) size 376x70
                            RenderTableCell {TD} at (2,2) size 372x70 [border: (1px inset #808080)] [r=0 c=0 rs=1 cs=1]
                              RenderText {#text} at (2,2) size 362x66
                                text run at (2,2) width 347: "Have a tip or rumor to share? Just click on the icon"
                                text run at (2,24) width 356: "and if you get a BrowserWatch net.fame be sure and"
                                text run at (2,46) width 362: "display the icon on your own home page for all to see!"
                    RenderTableCell {TD} at (404,29) size 90x44 [border: (1px inset #808080)] [r=0 c=1 rs=1 cs=1]
                      RenderText {#text} at (11,11) size 21x22
                        text run at (11,11) width 21: "foo"
