layer at (0,0) size 800x600
  RenderView at (0,0) size 800x600
layer at (0,0) size 800x174
  RenderBlock {HTML} at (0,0) size 800x174
    RenderBody {BODY} at (8,8) size 784x158
      RenderBlock {DIV} at (0,0) size 784x158
        RenderTable {TABLE} at (78,0) size 627x158 [bgcolor=#0000FF] [border: (1px outset #808080)]
          RenderTableSection {TBODY} at (1,1) size 625x156
            RenderTableRow {TR} at (0,2) size 625x152
              RenderTableCell {TD} at (2,2) size 621x152 [border: (1px inset #808080)] [r=0 c=0 rs=1 cs=1]
                RenderBlock (anonymous) at (2,2) size 617x22
                  RenderText {#text} at (0,0) size 43x22
                    text run at (0,0) width 43: "before"
                RenderTable {TABLE} at (2,24) size 617x104 [bgcolor=#FF0000] [border: (1px outset #808080)]
                  RenderTableSection {TBODY} at (1,1) size 615x102
                    RenderTableRow {TR} at (0,2) size 615x26
                      RenderTableCell {TD} at (2,2) size 386x26 [border: (1px inset #808080)] [r=0 c=0 rs=1 cs=1]
                        RenderText {#text} at (2,2) size 277x22
                          text run at (2,2) width 277: "This is some text. This is some text. Cell 1"
                      RenderTableCell {TD} at (390,2) size 223x26 [border: (1px inset #808080)] [r=0 c=1 rs=1 cs=1]
                        RenderText {#text} at (2,2) size 158x22
                          text run at (2,2) width 158: "This is some text. Cell 2"
                    RenderTableRow {TR} at (0,30) size 615x70
                      RenderTableCell {TD} at (2,30) size 611x70 [border: (1px inset #808080)] [r=1 c=0 rs=1 cs=2]
                        RenderText {#text} at (2,2) size 591x66
                          text run at (2,2) width 591: "This is some text. This is some text. This is some text. This is some text. This is some text."
                          text run at (2,24) width 591: "This is some text. This is some text. This is some text. This is some text. This is some text."
                          text run at (2,46) width 472: "This is some text. This is some text. This is some text. This is some text."
                RenderBlock (anonymous) at (2,128) size 617x22
                  RenderText {#text} at (0,0) size 32x22
                    text run at (0,0) width 32: "after"
