layer at (0,0) size 784x668
  RenderView at (0,0) size 784x600
layer at (0,0) size 784x668
  RenderBlock {HTML} at (0,0) size 784x668
    RenderBody {BODY} at (8,8) size 768x652
      RenderTable {TABLE} at (0,0) size 332x48 [border: (1px outset #808080)]
        RenderTableCol {COLGROUP} at (0,0) size 0x0
          RenderTableCol {COL} at (0,0) size 0x0
          RenderTableCol {COL} at (0,0) size 0x0
        RenderTableSection {TBODY} at (1,1) size 330x46
          RenderTableRow {TR} at (0,10) size 330x26
            RenderTableCell {TD} at (10,10) size 100x26 [border: (1px inset #808080)] [r=0 c=0 rs=1 cs=1]
              RenderText {#text} at (2,2) size 21x22
                text run at (2,2) width 21: "foo"
            RenderTableCell {TD} at (120,10) size 200x26 [border: (1px inset #808080)] [r=0 c=1 rs=1 cs=1]
              RenderText {#text} at (2,2) size 24x22
                text run at (2,2) width 24: "bar"
      RenderBlock (anonymous) at (0,48) size 768x22
        RenderBR {BR} at (0,0) size 0x22
      RenderTable {TABLE} at (0,70) size 400x28 [border: (1px outset #808080)]
        RenderTableCol {COLGROUP} at (0,0) size 0x0
          RenderTableCol {COL} at (0,0) size 0x0
          RenderTableCol {COL} at (0,0) size 0x0
        RenderTableSection {TBODY} at (1,1) size 398x26
          RenderTableRow {TR} at (0,0) size 398x26
            RenderTableCell {TD} at (0,0) size 133x26 [border: (1px inset #808080)] [r=0 c=0 rs=1 cs=1]
              RenderText {#text} at (2,2) size 21x22
                text run at (2,2) width 21: "foo"
            RenderTableCell {TD} at (133,0) size 265x26 [border: (1px inset #808080)] [r=0 c=1 rs=1 cs=1]
              RenderText {#text} at (2,2) size 24x22
                text run at (2,2) width 24: "bar"
      RenderBlock (anonymous) at (0,98) size 768x22
        RenderBR {BR} at (0,0) size 0x22
      RenderTable {TABLE} at (0,120) size 302x28 [border: (1px outset #808080)]
        RenderTableCol {COLGROUP} at (0,0) size 0x0
          RenderTableCol {COL} at (0,0) size 0x0
          RenderTableCol {COL} at (0,0) size 0x0
        RenderTableSection {TBODY} at (1,1) size 300x26
          RenderTableRow {TR} at (0,0) size 300x26
            RenderTableCell {TD} at (0,0) size 100x26 [border: (1px inset #808080)] [r=0 c=0 rs=1 cs=1]
              RenderText {#text} at (2,2) size 21x22
                text run at (2,2) width 21: "foo"
            RenderTableCell {TD} at (100,0) size 200x26 [border: (1px inset #808080)] [r=0 c=1 rs=1 cs=1]
              RenderText {#text} at (2,2) size 24x22
                text run at (2,2) width 24: "bar"
      RenderBlock (anonymous) at (0,148) size 768x22
        RenderBR {BR} at (0,0) size 0x22
      RenderTable {TABLE} at (0,170) size 336x48 [border: (1px outset #808080)]
        RenderTableCol {COLGROUP} at (0,0) size 0x0
          RenderTableCol {COL} at (0,0) size 0x0
        RenderTableSection {TBODY} at (1,1) size 334x46
          RenderTableRow {TR} at (0,10) size 334x26
            RenderTableCell {TD} at (10,10) size 100x26 [border: (1px inset #808080)] [r=0 c=0 rs=1 cs=1]
              RenderText {#text} at (2,2) size 21x22
                text run at (2,2) width 21: "foo"
            RenderTableCell {TD} at (120,10) size 204x26 [border: (1px inset #808080)] [r=0 c=1 rs=1 cs=1]
              RenderText {#text} at (2,2) size 24x22
                text run at (2,2) width 24: "bar"
      RenderBlock (anonymous) at (0,218) size 768x22
        RenderBR {BR} at (0,0) size 0x22
      RenderTable {TABLE} at (0,240) size 313x30 [border: (1px outset #808080)]
        RenderTableSection {TBODY} at (1,1) size 311x28
          RenderTableRow {TR} at (0,1) size 311x26
            RenderTableCell {TD} at (1,1) size 104x26 [border: (1px inset #808080)] [r=0 c=0 rs=1 cs=1]
              RenderText {#text} at (2,2) size 21x22
                text run at (2,2) width 21: "foo"
            RenderTableCell {TD} at (106,1) size 204x26 [border: (1px inset #808080)] [r=0 c=1 rs=1 cs=1]
              RenderText {#text} at (2,2) size 24x22
                text run at (2,2) width 24: "bar"
      RenderBlock (anonymous) at (0,270) size 768x22
        RenderBR {BR} at (0,0) size 0x22
      RenderTable {TABLE} at (0,292) size 768x114 [border: (1px outset #808080)]
        RenderTableSection {TBODY} at (1,1) size 766x112
          RenderTableRow {TR} at (0,20) size 766x26
            RenderTableCell {TD} at (20,20) size 295x26 [border: (1px inset #808080)] [r=0 c=0 rs=1 cs=2]
              RenderText {#text} at (2,2) size 21x22
                text run at (2,2) width 21: "foo"
            RenderTableCell {TD} at (335,20) size 411x26 [border: (1px inset #808080)] [r=0 c=2 rs=1 cs=1]
              RenderText {#text} at (2,2) size 24x22
                text run at (2,2) width 24: "bar"
          RenderTableRow {TR} at (0,66) size 766x26
            RenderTableCell {TD} at (20,66) size 138x26 [border: (1px inset #808080)] [r=1 c=0 rs=1 cs=1]
              RenderText {#text} at (2,2) size 21x22
                text run at (2,2) width 21: "foo"
            RenderTableCell {TD} at (178,66) size 137x26 [border: (1px inset #808080)] [r=1 c=1 rs=1 cs=1]
              RenderText {#text} at (2,2) size 24x22
                text run at (2,2) width 24: "bar"
            RenderTableCell {TD} at (335,66) size 411x26 [border: (1px inset #808080)] [r=1 c=2 rs=1 cs=1]
              RenderText {#text} at (2,2) size 24x22
                text run at (2,2) width 24: "bar"
      RenderBlock (anonymous) at (0,406) size 768x22
        RenderBR {BR} at (0,0) size 0x22
      RenderTable {TABLE} at (0,428) size 768x104 [border: (1px outset #808080)]
        RenderTableCol {COLGROUP} at (0,0) size 0x0
          RenderTableCol {COL} at (0,0) size 0x0
          RenderTableCol {COL} at (0,0) size 0x0
        RenderTableSection {TBODY} at (1,1) size 766x102
          RenderTableRow {TR} at (0,10) size 766x82
            RenderTableCell {TD} at (10,10) size 295x82 [border: (10px solid #000000)] [r=0 c=0 rs=1 cs=1]
              RenderText {#text} at (30,30) size 21x22
                text run at (30,30) width 21: "foo"
            RenderTableCell {TD} at (315,19) size 441x64 [border: (1px inset #808080)] [r=0 c=1 rs=1 cs=1]
              RenderText {#text} at (21,21) size 24x22
                text run at (21,21) width 24: "bar"
      RenderBlock (anonymous) at (0,532) size 768x22
        RenderBR {BR} at (0,0) size 0x22
      RenderTable {TABLE} at (0,554) size 100x48 [border: (1px outset #808080)]
        RenderTableCol {COLGROUP} at (0,0) size 0x0
          RenderTableCol {COL} at (0,0) size 0x0
          RenderTableCol {COL} at (0,0) size 0x0
        RenderTableSection {TBODY} at (1,1) size 98x46
          RenderTableRow {TR} at (0,10) size 98x26
            RenderTableCell {TD} at (10,10) size 16x26 [border: (1px inset #808080)] [r=0 c=0 rs=1 cs=1]
              RenderText {#text} at (2,2) size 21x22
                text run at (2,2) width 21: "foo"
            RenderTableCell {TD} at (36,10) size 22x26 [border: (1px inset #808080)] [r=0 c=1 rs=1 cs=1]
              RenderText {#text} at (2,2) size 21x22
                text run at (2,2) width 21: "foo"
            RenderTableCell {TD} at (68,10) size 20x26 [border: (1px inset #808080)] [r=0 c=2 rs=1 cs=1]
              RenderText {#text} at (2,2) size 21x22
                text run at (2,2) width 21: "foo"
      RenderBlock (anonymous) at (0,602) size 768x22
        RenderBR {BR} at (0,0) size 0x22
      RenderTable {TABLE} at (0,624) size 302x28 [border: (1px outset #808080)]
        RenderTableCol {COLGROUP} at (0,0) size 0x0
          RenderTableCol {COL} at (0,0) size 0x0
          RenderTableCol {COL} at (0,0) size 0x0
        RenderTableSection {TBODY} at (1,1) size 300x26
          RenderTableRow {TR} at (0,0) size 300x26
            RenderTableCell {TD} at (0,0) size 100x26 [border: (1px inset #808080)] [r=0 c=0 rs=1 cs=1]
              RenderText {#text} at (2,2) size 21x22
                text run at (2,2) width 21: "foo"
            RenderTableCell {TD} at (100,0) size 200x26 [border: (1px inset #808080)] [r=0 c=1 rs=1 cs=1]
              RenderText {#text} at (2,2) size 24x22
                text run at (2,2) width 24: "bar"
