layer at (0,0) size 800x600
  RenderView at (0,0) size 800x600
layer at (0,0) size 800x600
  RenderBlock {HTML} at (0,0) size 800x600
    RenderBody {BODY} at (8,8) size 784x584
      RenderTable {TABLE} at (0,0) size 496x83 [border: (1px outset #808080)]
        RenderTableSection {TBODY} at (1,1) size 494x81
          RenderTableRow {TR} at (0,2) size 494x77
            RenderTableCell {TD} at (2,2) size 294x77 [border: (1px inset #808080)] [r=0 c=0 rs=1 cs=1]
              RenderBlock (anonymous) at (2,2) size 290x21
                RenderText {#text} at (0,0) size 272x21
                  text run at (0,0) width 272: "some normal text before the nested table"
              RenderTable {TABLE} at (52,23) size 275x31 [border: (1px outset #808080)]
                RenderTableSection {TBODY} at (1,1) size 273x29
                  RenderTableRow {TR} at (0,2) size 273x25
                    RenderTableCell {TD} at (2,2) size 269x25 [border: (1px inset #808080)] [r=0 c=0 rs=1 cs=1]
                      RenderText {#text} at (2,2) size 230x21
                        text run at (2,2) width 230: "selection of words to pad table cell"
              RenderBlock (anonymous) at (2,54) size 290x21
                RenderText {#text} at (0,0) size 261x21
                  text run at (0,0) width 261: "some normal text after the nested table"
            RenderTableCell {TD} at (298,28) size 194x25 [border: (1px inset #808080)] [r=0 c=1 rs=1 cs=1]
              RenderText {#text} at (2,2) size 190x21
                text run at (2,2) width 190: "contents of table cell to right"
      RenderTable {TABLE} at (0,83) size 41x41 [border: (1px outset #808080)]
        RenderTableSection {TBODY} at (1,1) size 39x39
          RenderTableRow {TR} at (0,2) size 39x35
            RenderTableCell {TD} at (2,2) size 35x35 [border: (1px inset #808080)] [r=0 c=0 rs=1 cs=1]
              RenderTable {TABLE} at (2,2) size 37x31 [border: (1px outset #808080)]
                RenderTableSection {TBODY} at (1,1) size 35x29
                  RenderTableRow {TR} at (0,2) size 35x25
                    RenderTableCell {TD} at (2,2) size 31x25 [border: (1px inset #808080)] [r=0 c=0 rs=1 cs=1]
                      RenderText {#text} at (2,2) size 21x21
                        text run at (2,2) width 21: "foo"
