layer at (0,0) size 784x4633
  RenderView at (0,0) size 784x600
layer at (0,0) size 784x4633
  RenderBlock {HTML} at (0,0) size 784x4633
    RenderBody {BODY} at (8,8) size 768x4617
      RenderBlock {DIV} at (0,0) size 768x4601
        RenderBlock (anonymous) at (0,0) size 768x21
          RenderText {#text} at (0,0) size 4x21
            text run at (0,0) width 4: " "
        RenderTable {TABLE} at (67,21) size 473x4532
          RenderTableSection {TBODY} at (0,0) size 473x4532
            RenderTableRow {TR} at (0,0) size 473x23
              RenderTableCell {TD} at (0,0) size 473x23 [r=0 c=0 rs=1 cs=4]
                RenderBlock {P} at (7,0) size 459x0
                  RenderInline {B} at (0,0) size 0x0
                    RenderInline {SPAN} at (0,0) size 0x0
                      RenderInline {O:P} at (0,0) size 0x0
                RenderBlock {P} at (7,0) size 459x23
                  RenderInline {B} at (0,0) size 445x16
                    RenderInline {SPAN} at (0,0) size 445x16
                      RenderInline {FONT} at (0,0) size 445x23 [color=#008080]
                        RenderText {#text} at (7,0) size 445x23
                          text run at (7,0) width 209: "Radio Channel usage at "
                          text run at (216,0) width 236: "Bayside.    Rev date 6-25-01"
                RenderBlock {P} at (7,23) size 459x0
                  RenderInline {B} at (0,0) size 0x0
                    RenderInline {SPAN} at (0,0) size 0x0
                      RenderInline {O:P} at (0,0) size 0x0
            RenderTableRow {TR} at (0,23) size 473x40
              RenderTableCell {TD} at (0,23) size 98x40 [r=1 c=0 rs=1 cs=1]
                RenderInline {B} at (0,0) size 54x41
                  RenderInline {SPAN} at (0,0) size 54x40
                    RenderText {#text} at (22,0) size 54x40
                      text run at (22,0) width 54: "Channel"
                      text run at (23,20) width 52: "number"
                RenderText {#text} at (0,0) size 0x0
              RenderTableCell {TD} at (98,23) size 170x20 [r=1 c=1 rs=1 cs=1]
                RenderInline {B} at (0,0) size 96x21
                  RenderInline {SPAN} at (0,0) size 96x20
                    RenderText {#text} at (37,0) size 96x20
                      text run at (37,0) width 96: "Member name"
                RenderText {#text} at (0,0) size 0x0
              RenderTableCell {TD} at (268,23) size 99x38 [r=1 c=2 rs=1 cs=1]
                RenderBlock {P} at (7,0) size 85x19
                  RenderInline {B} at (0,0) size 49x16
                    RenderInline {SPAN} at (0,0) size 49x19
                      RenderText {#text} at (18,0) size 49x19
                        text run at (18,0) width 49: "Proper"
                      RenderInline {SPAN} at (0,0) size 1x19
                        RenderInline {O:P} at (0,0) size 1x19
                RenderBlock {P} at (7,19) size 85x19
                  RenderInline {B} at (0,0) size 39x16
                    RenderInline {SPAN} at (0,0) size 39x19
                      RenderText {#text} at (23,0) size 39x19
                        text run at (23,0) width 39: "Plane"
              RenderTableCell {TD} at (367,23) size 106x38 [r=1 c=3 rs=1 cs=1]
                RenderBlock {P} at (7,0) size 92x19
                  RenderInline {B} at (0,0) size 72x16
                    RenderInline {SPAN} at (0,0) size 72x19
                      RenderText {#text} at (10,0) size 72x19
                        text run at (10,0) width 72: "Helicopter"
                      RenderInline {SPAN} at (0,0) size 0x19
                        RenderInline {O:P} at (0,0) size 0x19
                RenderBlock {P} at (7,19) size 92x19
                  RenderInline {B} at (0,0) size 54x16
                    RenderInline {SPAN} at (0,0) size 54x19
                      RenderText {#text} at (19,0) size 54x19
                        text run at (19,0) width 54: "thingy.-"
            RenderTableRow {TR} at (0,63) size 473x32
              RenderTableCell {TD} at (0,63) size 98x16 [r=2 c=0 rs=1 cs=1]
                RenderBlock {P} at (7,0) size 84x16
                  RenderText {#text} at (35,0) size 14x16
                    text run at (35,0) width 14: "00"
                  RenderInline {SPAN} at (0,0) size 0x16
                    RenderInline {O:P} at (0,0) size 0x16
              RenderTableCell {TD} at (98,63) size 170x32 [r=2 c=1 rs=1 cs=1]
                RenderBlock {P} at (7,0) size 156x16
                  RenderText {#text} at (0,0) size 61x16
                    text run at (0,0) width 61: "Paul Scott"
                RenderBlock {P} at (7,16) size 156x16
                  RenderText {#text} at (0,0) size 95x16
                    text run at (0,0) width 95: "Donald Carvalho"
                  RenderInline {SPAN} at (0,0) size 0x16
                    RenderInline {O:P} at (0,0) size 0x16
              RenderTableCell {TD} at (268,63) size 99x16 [r=2 c=2 rs=1 cs=1]
                RenderBlock {P} at (7,0) size 85x16
                  RenderText {#text} at (34,0) size 17x16
                    text run at (34,0) width 17: "No"
                  RenderInline {SPAN} at (0,0) size 1x16
                    RenderInline {O:P} at (0,0) size 1x16
              RenderTableCell {TD} at (367,63) size 106x16 [r=2 c=3 rs=1 cs=1]
                RenderBlock {P} at (7,0) size 92x16
                  RenderText {#text} at (34,0) size 24x16
                    text run at (34,0) width 24: "Yes"
                  RenderInline {SPAN} at (0,0) size 1x16
                    RenderInline {O:P} at (0,0) size 1x16
            RenderTableRow {TR} at (0,95) size 473x16
              RenderTableCell {TD} at (0,95) size 98x16 [r=3 c=0 rs=1 cs=1]
                RenderBlock {P} at (7,0) size 84x16
                  RenderText {#text} at (35,0) size 14x16
                    text run at (35,0) width 14: "01"
                  RenderInline {SPAN} at (0,0) size 0x16
                    RenderInline {O:P} at (0,0) size 0x16
              RenderTableCell {TD} at (98,95) size 170x16 [r=3 c=1 rs=1 cs=1]
                RenderBlock {P} at (7,0) size 156x16
                  RenderText {#text} at (0,0) size 61x16
                    text run at (0,0) width 61: "Paul Scott"
                  RenderInline {SPAN} at (0,0) size 0x16
                    RenderInline {O:P} at (0,0) size 0x16
              RenderTableCell {TD} at (268,95) size 99x16 [r=3 c=2 rs=1 cs=1]
                RenderBlock {P} at (7,0) size 85x16
                  RenderText {#text} at (34,0) size 17x16
                    text run at (34,0) width 17: "No"
                  RenderInline {SPAN} at (0,0) size 1x16
                    RenderInline {O:P} at (0,0) size 1x16
              RenderTableCell {TD} at (367,95) size 106x16 [r=3 c=3 rs=1 cs=1]
                RenderBlock {P} at (7,0) size 92x16
                  RenderText {#text} at (34,0) size 24x16
                    text run at (34,0) width 24: "Yes"
                  RenderInline {SPAN} at (0,0) size 1x16
                    RenderInline {O:P} at (0,0) size 1x16
            RenderTableRow {TR} at (0,111) size 473x21
              RenderTableCell {TD} at (0,111) size 98x16 [r=4 c=0 rs=1 cs=1]
                RenderBlock {P} at (7,0) size 84x16
                  RenderInline {FONT} at (0,0) size 14x16
                    RenderText {#text} at (35,0) size 14x16
                      text run at (35,0) width 14: "02"
                  RenderText {#text} at (0,0) size 0x0
              RenderTableCell {TD} at (98,111) size 170x16 [r=4 c=1 rs=1 cs=1]
                RenderInline {FONT} at (0,0) size 57x16
                  RenderText {#text} at (7,0) size 57x16
                    text run at (7,0) width 57: "Don Coon"
                RenderText {#text} at (0,0) size 0x0
              RenderTableCell {TD} at (268,111) size 99x21 [r=4 c=2 rs=1 cs=1]
                RenderText {#text} at (7,0) size 4x21
                  text run at (7,0) width 4: " "
              RenderTableCell {TD} at (367,111) size 106x21 [r=4 c=3 rs=1 cs=1]
                RenderText {#text} at (7,0) size 4x21
                  text run at (7,0) width 4: " "
            RenderTableRow {TR} at (0,132) size 473x32
              RenderTableCell {TD} at (0,132) size 98x16 [r=5 c=0 rs=1 cs=1]
                RenderInline {FONT} at (0,0) size 14x16
                  RenderText {#text} at (42,0) size 14x16
                    text run at (42,0) width 14: "05"
                RenderText {#text} at (0,0) size 0x0
              RenderTableCell {TD} at (98,132) size 170x32 [r=5 c=1 rs=1 cs=1]
                RenderBlock {P} at (7,0) size 156x16
                  RenderInline {FONT} at (0,0) size 61x16
                    RenderText {#text} at (0,0) size 61x16
                      text run at (0,0) width 61: "Paul Scott"
                RenderBlock {P} at (7,16) size 156x16
                  RenderInline {FONT} at (0,0) size 49x16
                    RenderText {#text} at (0,0) size 49x16
                      text run at (0,0) width 49: "Bill Hunt"
                    RenderInline {SPAN} at (0,0) size 0x16
                      RenderInline {O:P} at (0,0) size 0x16
              RenderTableCell {TD} at (268,132) size 99x16 [r=5 c=2 rs=1 cs=1]
                RenderBlock {P} at (7,0) size 85x16
                  RenderInline {FONT} at (0,0) size 17x16
                    RenderText {#text} at (34,0) size 17x16
                      text run at (34,0) width 17: "No"
                    RenderInline {SPAN} at (0,0) size 1x16
                      RenderInline {O:P} at (0,0) size 1x16
              RenderTableCell {TD} at (367,132) size 106x16 [r=5 c=3 rs=1 cs=1]
                RenderBlock {P} at (7,0) size 92x16
                  RenderInline {FONT} at (0,0) size 24x16
                    RenderText {#text} at (34,0) size 24x16
                      text run at (34,0) width 24: "Yes"
                    RenderInline {SPAN} at (0,0) size 1x16
                      RenderInline {O:P} at (0,0) size 1x16
            RenderTableRow {TR} at (0,164) size 473x32
              RenderTableCell {TD} at (0,164) size 98x16 [r=6 c=0 rs=1 cs=1]
                RenderInline {FONT} at (0,0) size 14x16
                  RenderText {#text} at (42,0) size 14x16
                    text run at (42,0) width 14: "06"
                RenderText {#text} at (0,0) size 0x0
              RenderTableCell {TD} at (98,164) size 170x32 [r=6 c=1 rs=1 cs=1]
                RenderInline {FONT} at (0,0) size 156x32
                  RenderText {#text} at (7,0) size 156x32
                    text run at (7,0) width 156: "Gene Pheiffer                   "
                    text run at (7,16) width 87: "Alberto Lanzas"
                RenderText {#text} at (0,0) size 0x0
              RenderTableCell {TD} at (268,164) size 99x32 [r=6 c=2 rs=1 cs=1]
                RenderBlock {P} at (7,0) size 85x16
                  RenderText {#text} at (31,0) size 23x16
                    text run at (31,0) width 23: "Yes"
                RenderBlock {P} at (7,16) size 85x16
                  RenderText {#text} at (31,0) size 23x16
                    text run at (31,0) width 23: "Yes"
              RenderTableCell {TD} at (367,164) size 106x32 [r=6 c=3 rs=1 cs=1]
                RenderBlock (anonymous) at (7,0) size 92x16
                  RenderInline {SPAN} at (0,0) size 16x21
                    RenderInline {FONT} at (0,0) size 16x16
                      RenderText {#text} at (38,0) size 16x16
                        text run at (38,0) width 16: "No"
                  RenderText {#text} at (0,0) size 0x0
                RenderBlock {P} at (7,16) size 92x16
                  RenderText {#text} at (34,0) size 24x16
                    text run at (34,0) width 24: "Yes"
            RenderTableRow {TR} at (0,196) size 473x16
              RenderTableCell {TD} at (0,196) size 98x16 [r=7 c=0 rs=1 cs=1]
                RenderBlock {P} at (7,0) size 84x16
                  RenderInline {FONT} at (0,0) size 14x16
                    RenderText {#text} at (35,0) size 14x16
                      text run at (35,0) width 14: "07"
                  RenderText {#text} at (0,0) size 0x0
              RenderTableCell {TD} at (98,196) size 170x16 [r=7 c=1 rs=1 cs=1]
                RenderInline {FONT} at (0,0) size 52x16
                  RenderText {#text} at (7,0) size 52x16
                    text run at (7,0) width 52: "Phil Cole"
                RenderText {#text} at (0,0) size 0x0
              RenderTableCell {TD} at (268,196) size 99x16 [r=7 c=2 rs=1 cs=1]
                RenderBlock {P} at (7,0) size 85x16
                  RenderInline {FONT} at (0,0) size 23x16
                    RenderText {#text} at (31,0) size 23x16
                      text run at (31,0) width 23: "Yes"
                  RenderText {#text} at (0,0) size 0x0
              RenderTableCell {TD} at (367,196) size 106x16 [r=7 c=3 rs=1 cs=1]
                RenderBlock {P} at (7,0) size 92x16
                  RenderInline {FONT} at (0,0) size 24x16
                    RenderText {#text} at (34,0) size 24x16
                      text run at (34,0) width 24: "Yes"
                  RenderText {#text} at (0,0) size 0x0
            RenderTableRow {TR} at (0,212) size 473x32
              RenderTableCell {TD} at (0,212) size 98x16 [r=8 c=0 rs=1 cs=1]
                RenderBlock {P} at (7,0) size 84x16
                  RenderText {#text} at (35,0) size 14x16
                    text run at (35,0) width 14: "08"
                  RenderInline {SPAN} at (0,0) size 0x16
                    RenderInline {O:P} at (0,0) size 0x16
              RenderTableCell {TD} at (98,212) size 170x32 [r=8 c=1 rs=1 cs=1]
                RenderBlock {P} at (7,0) size 156x16
                  RenderText {#text} at (0,0) size 61x16
                    text run at (0,0) width 61: "Paul Scott"
                RenderBlock {P} at (7,16) size 156x16
                  RenderText {#text} at (0,0) size 80x16
                    text run at (0,0) width 80: "Gene Pheiffer"
                  RenderInline {SPAN} at (0,0) size 0x16
                    RenderInline {O:P} at (0,0) size 0x16
              RenderTableCell {TD} at (268,212) size 99x32 [r=8 c=2 rs=1 cs=1]
                RenderBlock {P} at (7,0) size 85x16
                  RenderText {#text} at (34,0) size 17x16
                    text run at (34,0) width 17: "No"
                RenderBlock {P} at (7,16) size 85x16
                  RenderText {#text} at (31,0) size 23x16
                    text run at (31,0) width 23: "Yes"
                  RenderInline {SPAN} at (0,0) size 0x16
                    RenderInline {O:P} at (0,0) size 0x16
              RenderTableCell {TD} at (367,212) size 106x32 [r=8 c=3 rs=1 cs=1]
                RenderBlock {P} at (7,0) size 92x16
                  RenderText {#text} at (34,0) size 24x16
                    text run at (34,0) width 24: "Yes"
                RenderBlock {P} at (7,16) size 92x16
                  RenderText {#text} at (38,0) size 16x16
                    text run at (38,0) width 16: "No"
                  RenderInline {SPAN} at (0,0) size 0x16
                    RenderInline {O:P} at (0,0) size 0x16
            RenderTableRow {TR} at (0,244) size 473x48
              RenderTableCell {TD} at (0,244) size 98x16 [r=9 c=0 rs=1 cs=1]
                RenderBlock {P} at (7,0) size 84x16
                  RenderText {#text} at (0,0) size 84x16
                    text run at (0,0) width 84: "Programmable"
                  RenderInline {SPAN} at (0,0) size 0x16
                    RenderInline {O:P} at (0,0) size 0x16
              RenderTableCell {TD} at (98,244) size 170x48 [r=9 c=1 rs=1 cs=1]
                RenderBlock {P} at (7,0) size 156x16
                  RenderText {#text} at (0,0) size 113x16
                    text run at (0,0) width 113: "Richard Pevehouse"
                  RenderInline {SPAN} at (0,0) size 0x16
                    RenderInline {O:P} at (0,0) size 0x16
                RenderBlock {P} at (7,16) size 156x16
                  RenderText {#text} at (0,0) size 66x16
                    text run at (0,0) width 66: "Gary Heath"
                RenderBlock {P} at (7,32) size 156x16
                  RenderText {#text} at (0,0) size 69x16
                    text run at (0,0) width 69: "Scott Hersh"
                  RenderInline {SPAN} at (0,0) size 0x16
                    RenderInline {O:P} at (0,0) size 0x16
              RenderTableCell {TD} at (268,244) size 99x32 [r=9 c=2 rs=1 cs=1]
                RenderBlock {P} at (7,0) size 85x16
                  RenderText {#text} at (31,0) size 23x16
                    text run at (31,0) width 23: "Yes"
                  RenderInline {SPAN} at (0,0) size 0x16
                    RenderInline {O:P} at (0,0) size 0x16
                RenderBlock {P} at (7,16) size 85x16
                  RenderText {#text} at (34,0) size 17x16
                    text run at (34,0) width 17: "No"
                  RenderInline {SPAN} at (0,0) size 1x16
                    RenderInline {O:P} at (0,0) size 1x16
              RenderTableCell {TD} at (367,244) size 106x32 [r=9 c=3 rs=1 cs=1]
                RenderBlock {P} at (7,0) size 92x16
                  RenderText {#text} at (38,0) size 16x16
                    text run at (38,0) width 16: "No"
                  RenderInline {SPAN} at (0,0) size 0x16
                    RenderInline {O:P} at (0,0) size 0x16
                RenderBlock {P} at (7,16) size 92x16
                  RenderText {#text} at (34,0) size 24x16
                    text run at (34,0) width 24: "Yes"
                  RenderInline {SPAN} at (0,0) size 1x16
                    RenderInline {O:P} at (0,0) size 1x16
            RenderTableRow {TR} at (0,292) size 473x112
              RenderTableCell {TD} at (0,292) size 98x16 [r=10 c=0 rs=1 cs=1]
                RenderBlock {P} at (7,0) size 84x16
                  RenderText {#text} at (35,0) size 14x16
                    text run at (35,0) width 14: "11"
                  RenderInline {SPAN} at (0,0) size 0x16
                    RenderInline {O:P} at (0,0) size 0x16
              RenderTableCell {TD} at (98,292) size 170x112 [r=10 c=1 rs=1 cs=1]
                RenderBlock {P} at (7,0) size 156x16
                  RenderText {#text} at (0,0) size 85x16
                    text run at (0,0) width 85: "George Cowan"
                  RenderInline {SPAN} at (0,0) size 0x16
                    RenderInline {O:P} at (0,0) size 0x16
                RenderBlock {P} at (7,16) size 156x16
                  RenderText {#text} at (0,0) size 78x16
                    text run at (0,0) width 78: "Rick Klement"
                  RenderInline {SPAN} at (0,0) size 0x16
                    RenderInline {O:P} at (0,0) size 0x16
                RenderBlock {P} at (7,32) size 156x16
                  RenderText {#text} at (0,0) size 84x16
                    text run at (0,0) width 84: "John Mathews"
                RenderBlock {P} at (7,48) size 156x16
                  RenderText {#text} at (0,0) size 58x16
                    text run at (0,0) width 58: "Ed Cypret"
                RenderBlock {P} at (7,64) size 156x16
                  RenderText {#text} at (0,0) size 88x16
                    text run at (0,0) width 88: "John Chamorro"
                RenderBlock {P} at (7,80) size 156x16
                  RenderText {#text} at (0,0) size 89x16
                    text run at (0,0) width 89: "John Yearwood"
                RenderBlock {P} at (7,96) size 156x16
                  RenderText {#text} at (0,0) size 94x16
                    text run at (0,0) width 94: "Jason Anderson"
                  RenderInline {SPAN} at (0,0) size 0x16
                    RenderInline {O:P} at (0,0) size 0x16
              RenderTableCell {TD} at (268,292) size 99x112 [r=10 c=2 rs=1 cs=1]
                RenderBlock {P} at (7,0) size 85x16
                  RenderText {#text} at (31,0) size 23x16
                    text run at (31,0) width 23: "Yes"
                  RenderInline {SPAN} at (0,0) size 0x16
                    RenderInline {O:P} at (0,0) size 0x16
                RenderBlock {P} at (7,16) size 85x16
                  RenderText {#text} at (31,0) size 23x16
                    text run at (31,0) width 23: "Yes"
                  RenderInline {SPAN} at (0,0) size 0x16
                    RenderInline {O:P} at (0,0) size 0x16
                RenderBlock {P} at (7,32) size 85x16
                  RenderText {#text} at (31,0) size 23x16
                    text run at (31,0) width 23: "Yes"
                RenderBlock {P} at (7,48) size 85x16
                  RenderText {#text} at (40,0) size 5x16
                    text run at (40,0) width 5: " "
                RenderBlock {P} at (7,64) size 85x16
                  RenderText {#text} at (40,0) size 5x16
                    text run at (40,0) width 5: " "
                RenderBlock {P} at (7,80) size 85x16
                  RenderText {#text} at (31,0) size 23x16
                    text run at (31,0) width 23: "Yes"
                RenderBlock {P} at (7,96) size 85x16
                  RenderText {#text} at (31,0) size 23x16
                    text run at (31,0) width 23: "Yes"
                  RenderInline {SPAN} at (0,0) size 0x16
                    RenderInline {O:P} at (0,0) size 0x16
              RenderTableCell {TD} at (367,292) size 106x112 [r=10 c=3 rs=1 cs=1]
                RenderBlock {P} at (7,0) size 92x16
                  RenderText {#text} at (38,0) size 16x16
                    text run at (38,0) width 16: "No"
                  RenderInline {SPAN} at (0,0) size 0x16
                    RenderInline {O:P} at (0,0) size 0x16
                RenderBlock {P} at (7,16) size 92x16
                  RenderText {#text} at (34,0) size 24x16
                    text run at (34,0) width 24: "Yes"
                  RenderInline {SPAN} at (0,0) size 1x16
                    RenderInline {O:P} at (0,0) size 1x16
                RenderBlock {P} at (7,32) size 92x16
                  RenderText {#text} at (38,0) size 16x16
                    text run at (38,0) width 16: "No"
                RenderBlock {P} at (7,48) size 92x16
                  RenderText {#text} at (44,0) size 4x16
                    text run at (44,0) width 4: " "
                RenderBlock {P} at (7,64) size 92x16
                  RenderText {#text} at (44,0) size 4x16
                    text run at (44,0) width 4: " "
                RenderBlock {P} at (7,80) size 92x16
                  RenderText {#text} at (38,0) size 16x16
                    text run at (38,0) width 16: "No"
                RenderBlock {P} at (7,96) size 92x16
                  RenderText {#text} at (38,0) size 16x16
                    text run at (38,0) width 16: "No"
                  RenderInline {SPAN} at (0,0) size 0x16
                    RenderInline {O:P} at (0,0) size 0x16
            RenderTableRow {TR} at (0,404) size 473x80
              RenderTableCell {TD} at (0,404) size 98x16 [r=11 c=0 rs=1 cs=1]
                RenderBlock {P} at (7,0) size 84x16
                  RenderText {#text} at (35,0) size 14x16
                    text run at (35,0) width 14: "12"
                  RenderInline {SPAN} at (0,0) size 0x16
                    RenderInline {O:P} at (0,0) size 0x16
              RenderTableCell {TD} at (98,404) size 170x80 [r=11 c=1 rs=1 cs=1]
                RenderBlock {P} at (7,0) size 156x16
                  RenderText {#text} at (0,0) size 78x16
                    text run at (0,0) width 78: "Rick Klement"
                RenderBlock {P} at (7,16) size 156x16
                  RenderText {#text} at (0,0) size 89x16
                    text run at (0,0) width 89: "George Coward"
                RenderBlock {P} at (7,32) size 156x16
                  RenderText {#text} at (0,0) size 89x16
                    text run at (0,0) width 89: "Gerald Cardinal"
                RenderBlock {P} at (7,48) size 156x16
                  RenderText {#text} at (0,0) size 74x16
                    text run at (0,0) width 74: "Brock Brown"
                RenderBlock {P} at (7,64) size 156x16
                  RenderText {#text} at (0,0) size 99x16
                    text run at (0,0) width 99: "Ellsworth Crowell"
              RenderTableCell {TD} at (268,404) size 99x80 [r=11 c=2 rs=1 cs=1]
                RenderBlock {P} at (7,0) size 85x16
                  RenderText {#text} at (31,0) size 23x16
                    text run at (31,0) width 23: "Yes"
                RenderBlock {P} at (7,16) size 85x16
                  RenderText {#text} at (31,0) size 23x16
                    text run at (31,0) width 23: "Yes"
                RenderBlock {P} at (7,32) size 85x16
                  RenderText {#text} at (40,0) size 5x16
                    text run at (40,0) width 5: " "
                RenderBlock {P} at (7,48) size 85x16
                  RenderText {#text} at (31,0) size 23x16
                    text run at (31,0) width 23: "Yes"
                RenderBlock {P} at (7,64) size 85x16
                  RenderText {#text} at (31,0) size 23x16
                    text run at (31,0) width 23: "Yes"
                  RenderInline {SPAN} at (0,0) size 0x16
                    RenderInline {O:P} at (0,0) size 0x16
              RenderTableCell {TD} at (367,404) size 106x80 [r=11 c=3 rs=1 cs=1]
                RenderBlock {P} at (7,0) size 92x16
                  RenderText {#text} at (34,0) size 24x16
                    text run at (34,0) width 24: "Yes"
                RenderBlock {P} at (7,16) size 92x16
                  RenderText {#text} at (38,0) size 16x16
                    text run at (38,0) width 16: "No"
                RenderBlock {P} at (7,32) size 92x16
                  RenderText {#text} at (44,0) size 4x16
                    text run at (44,0) width 4: " "
                RenderBlock {P} at (7,48) size 92x16
                  RenderText {#text} at (38,0) size 16x16
                    text run at (38,0) width 16: "No"
                RenderBlock {P} at (7,64) size 92x16
                  RenderText {#text} at (38,0) size 16x16
                    text run at (38,0) width 16: "No"
                  RenderInline {SPAN} at (0,0) size 0x16
                    RenderInline {O:P} at (0,0) size 0x16
            RenderTableRow {TR} at (0,484) size 473x64
              RenderTableCell {TD} at (0,484) size 98x16 [r=12 c=0 rs=1 cs=1]
                RenderBlock {P} at (7,0) size 84x16
                  RenderText {#text} at (35,0) size 14x16
                    text run at (35,0) width 14: "13"
                  RenderInline {SPAN} at (0,0) size 0x16
                    RenderInline {O:P} at (0,0) size 0x16
              RenderTableCell {TD} at (98,484) size 170x64 [r=12 c=1 rs=1 cs=1]
                RenderBlock {P} at (7,0) size 156x16
                  RenderText {#text} at (0,0) size 69x16
                    text run at (0,0) width 69: " Oliver Baer"
                RenderBlock {P} at (7,16) size 156x16
                  RenderText {#text} at (0,0) size 62x16
                    text run at (0,0) width 62: "Joe Araujo"
                RenderBlock {P} at (7,32) size 156x16
                  RenderText {#text} at (0,0) size 76x16
                    text run at (0,0) width 76: "Jim Mirowski"
                RenderBlock {P} at (7,48) size 156x16
                  RenderText {#text} at (0,0) size 69x16
                    text run at (0,0) width 69: "Scott Hersh"
                  RenderInline {SPAN} at (0,0) size 0x16
                    RenderInline {O:P} at (0,0) size 0x16
              RenderTableCell {TD} at (268,484) size 99x64 [r=12 c=2 rs=1 cs=1]
                RenderBlock {P} at (7,0) size 85x16
                  RenderText {#text} at (29,0) size 27x16
                    text run at (29,0) width 27: " Yes"
                RenderBlock {P} at (7,16) size 85x16
                  RenderText {#text} at (40,0) size 5x16
                    text run at (40,0) width 5: " "
                RenderBlock {P} at (7,32) size 85x16
                  RenderText {#text} at (40,0) size 5x16
                    text run at (40,0) width 5: " "
                RenderBlock {P} at (7,48) size 85x16
                  RenderText {#text} at (31,0) size 23x16
                    text run at (31,0) width 23: "Yes"
                  RenderInline {SPAN} at (0,0) size 0x16
                    RenderInline {O:P} at (0,0) size 0x16
              RenderTableCell {TD} at (367,484) size 106x64 [r=12 c=3 rs=1 cs=1]
                RenderBlock {P} at (7,0) size 92x16
                  RenderText {#text} at (36,0) size 20x16
                    text run at (36,0) width 20: " No"
                RenderBlock {P} at (7,16) size 92x16
                  RenderText {#text} at (44,0) size 4x16
                    text run at (44,0) width 4: " "
                RenderBlock {P} at (7,32) size 92x16
                  RenderText {#text} at (44,0) size 4x16
                    text run at (44,0) width 4: " "
                RenderBlock {P} at (7,48) size 92x16
                  RenderText {#text} at (38,0) size 16x16
                    text run at (38,0) width 16: "No"
                  RenderInline {SPAN} at (0,0) size 0x16
                    RenderInline {O:P} at (0,0) size 0x16
            RenderTableRow {TR} at (0,548) size 473x48
              RenderTableCell {TD} at (0,548) size 98x16 [r=13 c=0 rs=1 cs=1]
                RenderBlock {P} at (7,0) size 84x16
                  RenderText {#text} at (35,0) size 14x16
                    text run at (35,0) width 14: "14"
                  RenderInline {SPAN} at (0,0) size 0x16
                    RenderInline {O:P} at (0,0) size 0x16
              RenderTableCell {TD} at (98,548) size 170x48 [r=13 c=1 rs=1 cs=1]
                RenderBlock {P} at (7,0) size 156x16
                  RenderText {#text} at (0,0) size 66x16
                    text run at (0,0) width 66: " Joe Araujo"
                RenderBlock {P} at (7,16) size 156x16
                  RenderText {#text} at (0,0) size 76x16
                    text run at (0,0) width 76: "Steve Gilbert"
                RenderBlock {P} at (7,32) size 156x16
                  RenderText {#text} at (0,0) size 81x16
                    text run at (0,0) width 81: "Gary Williams"
                  RenderInline {SPAN} at (0,0) size 0x16
                    RenderInline {O:P} at (0,0) size 0x16
              RenderTableCell {TD} at (268,548) size 99x32 [r=13 c=2 rs=1 cs=1]
                RenderBlock {P} at (7,0) size 85x16
                  RenderText {#text} at (40,0) size 5x16
                    text run at (40,0) width 5: " "
                RenderBlock {P} at (7,16) size 85x16
                  RenderText {#text} at (31,0) size 23x16
                    text run at (31,0) width 23: "Yes"
                  RenderInline {SPAN} at (0,0) size 0x16
                    RenderInline {O:P} at (0,0) size 0x16
              RenderTableCell {TD} at (367,548) size 106x32 [r=13 c=3 rs=1 cs=1]
                RenderBlock {P} at (7,0) size 92x16
                  RenderText {#text} at (44,0) size 4x16
                    text run at (44,0) width 4: " "
                RenderBlock {P} at (7,16) size 92x16
                  RenderText {#text} at (38,0) size 16x16
                    text run at (38,0) width 16: "No"
                  RenderInline {SPAN} at (0,0) size 0x16
                    RenderInline {O:P} at (0,0) size 0x16
            RenderTableRow {TR} at (0,596) size 473x80
              RenderTableCell {TD} at (0,596) size 98x16 [r=14 c=0 rs=1 cs=1]
                RenderBlock {P} at (7,0) size 84x16
                  RenderText {#text} at (35,0) size 14x16
                    text run at (35,0) width 14: "15"
                  RenderInline {SPAN} at (0,0) size 0x16
                    RenderInline {O:P} at (0,0) size 0x16
              RenderTableCell {TD} at (98,596) size 170x80 [r=14 c=1 rs=1 cs=1]
                RenderBlock {P} at (7,0) size 156x16
                  RenderText {#text} at (0,0) size 69x16
                    text run at (0,0) width 69: " Oliver Baer"
                RenderBlock {P} at (7,16) size 156x16
                  RenderText {#text} at (0,0) size 59x16
                    text run at (0,0) width 59: "Joe Smith"
                RenderBlock {P} at (7,32) size 156x16
                  RenderText {#text} at (0,0) size 62x16
                    text run at (0,0) width 62: "John Paye"
                RenderBlock {P} at (7,48) size 156x16
                  RenderText {#text} at (0,0) size 89x16
                    text run at (0,0) width 89: "John Yearwood"
                RenderBlock {P} at (7,64) size 156x16
                  RenderText {#text} at (0,0) size 74x16
                    text run at (0,0) width 74: "Harald Close"
                  RenderInline {SPAN} at (0,0) size 0x16
                    RenderInline {O:P} at (0,0) size 0x16
              RenderTableCell {TD} at (268,596) size 99x80 [r=14 c=2 rs=1 cs=1]
                RenderBlock {P} at (7,0) size 85x16
                  RenderText {#text} at (29,0) size 27x16
                    text run at (29,0) width 27: " Yes"
                RenderBlock {P} at (7,16) size 85x16
                  RenderText {#text} at (40,0) size 5x16
                    text run at (40,0) width 5: " "
                RenderBlock {P} at (7,32) size 85x16
                  RenderText {#text} at (40,0) size 5x16
                    text run at (40,0) width 5: " "
                RenderBlock {P} at (7,48) size 85x16
                  RenderText {#text} at (31,0) size 23x16
                    text run at (31,0) width 23: "Yes"
                RenderBlock {P} at (7,64) size 85x16
                  RenderText {#text} at (31,0) size 23x16
                    text run at (31,0) width 23: "Yes"
                  RenderInline {SPAN} at (0,0) size 0x16
                    RenderInline {O:P} at (0,0) size 0x16
              RenderTableCell {TD} at (367,596) size 106x80 [r=14 c=3 rs=1 cs=1]
                RenderBlock {P} at (7,0) size 92x16
                  RenderText {#text} at (36,0) size 20x16
                    text run at (36,0) width 20: " No"
                RenderBlock {P} at (7,16) size 92x16
                  RenderText {#text} at (44,0) size 4x16
                    text run at (44,0) width 4: " "
                RenderBlock {P} at (7,32) size 92x16
                  RenderText {#text} at (44,0) size 4x16
                    text run at (44,0) width 4: " "
                RenderBlock {P} at (7,48) size 92x16
                  RenderText {#text} at (38,0) size 16x16
                    text run at (38,0) width 16: "No"
                RenderBlock {P} at (7,64) size 92x16
                  RenderText {#text} at (38,0) size 16x16
                    text run at (38,0) width 16: "No"
                  RenderInline {SPAN} at (0,0) size 0x16
                    RenderInline {O:P} at (0,0) size 0x16
            RenderTableRow {TR} at (0,676) size 473x32
              RenderTableCell {TD} at (0,676) size 98x16 [r=15 c=0 rs=1 cs=1]
                RenderBlock {P} at (7,0) size 84x16
                  RenderText {#text} at (35,0) size 14x16
                    text run at (35,0) width 14: "16"
                  RenderInline {SPAN} at (0,0) size 0x16
                    RenderInline {O:P} at (0,0) size 0x16
              RenderTableCell {TD} at (98,676) size 170x32 [r=15 c=1 rs=1 cs=1]
                RenderBlock {P} at (7,0) size 156x16
                  RenderText {#text} at (0,0) size 94x16
                    text run at (0,0) width 94: " James Haladus"
                RenderBlock {P} at (7,16) size 156x16
                  RenderText {#text} at (0,0) size 59x16
                    text run at (0,0) width 59: "Joe Smith"
                  RenderInline {SPAN} at (0,0) size 0x16
                    RenderInline {O:P} at (0,0) size 0x16
              RenderTableCell {TD} at (268,676) size 99x16 [r=15 c=2 rs=1 cs=1]
                RenderBlock {P} at (7,0) size 85x16
                  RenderText {#text} at (29,0) size 27x16
                    text run at (29,0) width 27: " Yes"
                  RenderInline {SPAN} at (0,0) size 0x16
                    RenderInline {O:P} at (0,0) size 0x16
              RenderTableCell {TD} at (367,676) size 106x16 [r=15 c=3 rs=1 cs=1]
                RenderBlock {P} at (7,0) size 92x16
                  RenderText {#text} at (36,0) size 20x16
                    text run at (36,0) width 20: " No"
                  RenderInline {SPAN} at (0,0) size 0x16
                    RenderInline {O:P} at (0,0) size 0x16
            RenderTableRow {TR} at (0,708) size 473x80
              RenderTableCell {TD} at (0,708) size 98x16 [r=16 c=0 rs=1 cs=1]
                RenderBlock {P} at (7,0) size 84x16
                  RenderText {#text} at (35,0) size 14x16
                    text run at (35,0) width 14: "17"
                  RenderInline {SPAN} at (0,0) size 0x16
                    RenderInline {O:P} at (0,0) size 0x16
              RenderTableCell {TD} at (98,708) size 170x80 [r=16 c=1 rs=1 cs=1]
                RenderBlock {P} at (7,0) size 156x16
                  RenderText {#text} at (0,0) size 62x16
                    text run at (0,0) width 62: "Doug Field"
                  RenderInline {SPAN} at (0,0) size 0x16
                    RenderInline {O:P} at (0,0) size 0x16
                RenderBlock {P} at (7,16) size 156x16
                  RenderText {#text} at (0,0) size 71x16
                    text run at (0,0) width 71: "Dave Neves"
                RenderBlock {P} at (7,32) size 156x16
                  RenderText {#text} at (0,0) size 65x16
                    text run at (0,0) width 65: "Oliver Baer"
                RenderBlock {P} at (7,48) size 156x16
                  RenderText {#text} at (0,0) size 61x16
                    text run at (0,0) width 61: "John Todd"
                RenderBlock {P} at (7,64) size 156x16
                  RenderText {#text} at (0,0) size 106x16
                    text run at (0,0) width 106: "Dave Christiansen"
                  RenderInline {SPAN} at (0,0) size 0x16
                    RenderInline {O:P} at (0,0) size 0x16
              RenderTableCell {TD} at (268,708) size 99x80 [r=16 c=2 rs=1 cs=1]
                RenderBlock {P} at (7,0) size 85x16
                  RenderText {#text} at (31,0) size 23x16
                    text run at (31,0) width 23: "Yes"
                  RenderInline {SPAN} at (0,0) size 0x16
                    RenderInline {O:P} at (0,0) size 0x16
                RenderBlock {P} at (7,16) size 85x16
                  RenderText {#text} at (31,0) size 23x16
                    text run at (31,0) width 23: "Yes"
                RenderBlock {P} at (7,32) size 85x16
                  RenderText {#text} at (31,0) size 23x16
                    text run at (31,0) width 23: "Yes"
                RenderBlock {P} at (7,48) size 85x16
                  RenderText {#text} at (40,0) size 5x16
                    text run at (40,0) width 5: " "
                RenderBlock {P} at (7,64) size 85x16
                  RenderText {#text} at (31,0) size 23x16
                    text run at (31,0) width 23: "Yes"
                  RenderInline {SPAN} at (0,0) size 0x16
                    RenderInline {O:P} at (0,0) size 0x16
              RenderTableCell {TD} at (367,708) size 106x80 [r=16 c=3 rs=1 cs=1]
                RenderBlock {P} at (7,0) size 92x16
                  RenderText {#text} at (38,0) size 16x16
                    text run at (38,0) width 16: "No"
                  RenderInline {SPAN} at (0,0) size 0x16
                    RenderInline {O:P} at (0,0) size 0x16
                RenderBlock {P} at (7,16) size 92x16
                  RenderText {#text} at (34,0) size 24x16
                    text run at (34,0) width 24: "Yes"
                RenderBlock {P} at (7,32) size 92x16
                  RenderText {#text} at (38,0) size 16x16
                    text run at (38,0) width 16: "No"
                RenderBlock {P} at (7,48) size 92x16
                  RenderText {#text} at (44,0) size 4x16
                    text run at (44,0) width 4: " "
                RenderBlock {P} at (7,64) size 92x16
                  RenderText {#text} at (38,0) size 16x16
                    text run at (38,0) width 16: "No"
                  RenderInline {SPAN} at (0,0) size 0x16
                    RenderInline {O:P} at (0,0) size 0x16
            RenderTableRow {TR} at (0,788) size 473x112
              RenderTableCell {TD} at (0,788) size 98x16 [r=17 c=0 rs=1 cs=1]
                RenderBlock {P} at (7,0) size 84x16
                  RenderText {#text} at (35,0) size 14x16
                    text run at (35,0) width 14: "18"
                  RenderInline {SPAN} at (0,0) size 0x16
                    RenderInline {O:P} at (0,0) size 0x16
              RenderTableCell {TD} at (98,788) size 170x112 [r=17 c=1 rs=1 cs=1]
                RenderBlock {P} at (7,0) size 156x16
                  RenderText {#text} at (0,0) size 84x16
                    text run at (0,0) width 84: "Robert Barnett"
                RenderBlock {P} at (7,16) size 156x16
                  RenderText {#text} at (0,0) size 78x16
                    text run at (0,0) width 78: "Jim Mahoney"
                RenderBlock {P} at (7,32) size 156x16
                  RenderText {#text} at (0,0) size 83x16
                    text run at (0,0) width 83: "Dave Marshall"
                RenderBlock {P} at (7,48) size 156x16
                  RenderText {#text} at (0,0) size 89x16
                    text run at (0,0) width 89: "Gerald Cardinal"
                RenderBlock {P} at (7,64) size 156x16
                  RenderText {#text} at (0,0) size 106x16
                    text run at (0,0) width 106: "Dan & Will Sievert"
                RenderBlock {P} at (7,80) size 156x16
                  RenderText {#text} at (0,0) size 99x16
                    text run at (0,0) width 99: "Ellsworth Crowell"
                RenderBlock {P} at (7,96) size 156x16
                  RenderText {#text} at (0,0) size 61x16
                    text run at (0,0) width 61: "Jim Colvin"
                  RenderInline {SPAN} at (0,0) size 0x16
                    RenderInline {O:P} at (0,0) size 0x16
              RenderTableCell {TD} at (268,788) size 99x96 [r=17 c=2 rs=1 cs=1]
                RenderBlock {P} at (7,0) size 85x16
                  RenderText {#text} at (31,0) size 23x16
                    text run at (31,0) width 23: "Yes"
                RenderBlock {P} at (7,16) size 85x16
                  RenderText {#text} at (31,0) size 23x16
                    text run at (31,0) width 23: "Yes"
                RenderBlock {P} at (7,32) size 85x16
                  RenderText {#text} at (31,0) size 23x16
                    text run at (31,0) width 23: "Yes"
                RenderBlock {P} at (7,48) size 85x16
                  RenderText {#text} at (40,0) size 5x16
                    text run at (40,0) width 5: " "
                RenderBlock {P} at (7,64) size 85x16
                  RenderText {#text} at (31,0) size 23x16
                    text run at (31,0) width 23: "Yes"
                RenderBlock {P} at (7,80) size 85x16
                  RenderText {#text} at (31,0) size 23x16
                    text run at (31,0) width 23: "Yes"
                  RenderInline {SPAN} at (0,0) size 0x16
                    RenderInline {O:P} at (0,0) size 0x16
              RenderTableCell {TD} at (367,788) size 106x96 [r=17 c=3 rs=1 cs=1]
                RenderBlock {P} at (7,0) size 92x16
                  RenderText {#text} at (38,0) size 16x16
                    text run at (38,0) width 16: "No"
                RenderBlock {P} at (7,16) size 92x16
                  RenderText {#text} at (34,0) size 24x16
                    text run at (34,0) width 24: "Yes"
                RenderBlock {P} at (7,32) size 92x16
                  RenderText {#text} at (38,0) size 16x16
                    text run at (38,0) width 16: "No"
                RenderBlock {P} at (7,48) size 92x16
                  RenderText {#text} at (44,0) size 4x16
                    text run at (44,0) width 4: " "
                RenderBlock {P} at (7,64) size 92x16
                  RenderText {#text} at (38,0) size 16x16
                    text run at (38,0) width 16: "No"
                RenderBlock {P} at (7,80) size 92x16
                  RenderText {#text} at (38,0) size 16x16
                    text run at (38,0) width 16: "No"
                  RenderInline {SPAN} at (0,0) size 0x16
                    RenderInline {O:P} at (0,0) size 0x16
            RenderTableRow {TR} at (0,900) size 473x64
              RenderTableCell {TD} at (0,900) size 98x16 [r=18 c=0 rs=1 cs=1]
                RenderBlock {P} at (7,0) size 84x16
                  RenderText {#text} at (35,0) size 14x16
                    text run at (35,0) width 14: "19"
                  RenderInline {SPAN} at (0,0) size 0x16
                    RenderInline {O:P} at (0,0) size 0x16
              RenderTableCell {TD} at (98,900) size 170x64 [r=18 c=1 rs=1 cs=1]
                RenderBlock {P} at (7,0) size 156x16
                  RenderInline {SPAN} at (0,0) size 68x16
                    RenderText {#text} at (0,0) size 68x16
                      text run at (0,0) width 41: "Noriya "
                      text run at (41,0) width 27: "Kato"
                RenderBlock {P} at (7,16) size 156x16
                  RenderText {#text} at (0,0) size 61x16
                    text run at (0,0) width 61: "John Todd"
                RenderBlock {P} at (7,32) size 156x16
                  RenderText {#text} at (0,0) size 79x16
                    text run at (0,0) width 79: "James Brown"
                RenderBlock {P} at (7,48) size 156x16
                  RenderText {#text} at (0,0) size 87x16
                    text run at (0,0) width 87: "Mike Anderson"
                  RenderInline {SPAN} at (0,0) size 0x16
                    RenderInline {O:P} at (0,0) size 0x16
              RenderTableCell {TD} at (268,900) size 99x64 [r=18 c=2 rs=1 cs=1]
                RenderBlock {P} at (7,0) size 85x16
                  RenderInline {SPAN} at (0,0) size 23x16
                    RenderText {#text} at (31,0) size 23x16
                      text run at (31,0) width 23: "Yes"
                RenderBlock {P} at (7,16) size 85x16
                  RenderText {#text} at (40,0) size 5x16
                    text run at (40,0) width 5: " "
                RenderBlock {P} at (7,32) size 85x16
                  RenderInline {SPAN} at (0,0) size 23x16
                    RenderText {#text} at (31,0) size 23x16
                      text run at (31,0) width 23: "Yes"
                RenderBlock {P} at (7,48) size 85x16
                  RenderInline {SPAN} at (0,0) size 23x16
                    RenderText {#text} at (31,0) size 23x16
                      text run at (31,0) width 23: "Yes"
                  RenderInline {SPAN} at (0,0) size 0x16
                    RenderInline {O:P} at (0,0) size 0x16
              RenderTableCell {TD} at (367,900) size 106x64 [r=18 c=3 rs=1 cs=1]
                RenderBlock {P} at (7,0) size 92x16
                  RenderInline {SPAN} at (0,0) size 16x16
                    RenderText {#text} at (38,0) size 16x16
                      text run at (38,0) width 16: "No"
                RenderBlock {P} at (7,16) size 92x16
                  RenderText {#text} at (44,0) size 4x16
                    text run at (44,0) width 4: " "
                RenderBlock {P} at (7,32) size 92x16
                  RenderInline {SPAN} at (0,0) size 16x16
                    RenderText {#text} at (38,0) size 16x16
                      text run at (38,0) width 16: "No"
                RenderBlock {P} at (7,48) size 92x16
                  RenderInline {SPAN} at (0,0) size 16x16
                    RenderText {#text} at (38,0) size 16x16
                      text run at (38,0) width 16: "No"
                  RenderInline {SPAN} at (0,0) size 0x16
                    RenderInline {O:P} at (0,0) size 0x16
            RenderTableRow {TR} at (0,964) size 473x48
              RenderTableCell {TD} at (0,964) size 98x16 [r=19 c=0 rs=1 cs=1]
                RenderBlock {P} at (7,0) size 84x16
                  RenderText {#text} at (35,0) size 14x16
                    text run at (35,0) width 14: "20"
                  RenderInline {SPAN} at (0,0) size 0x16
                    RenderInline {O:P} at (0,0) size 0x16
              RenderTableCell {TD} at (98,964) size 170x48 [r=19 c=1 rs=1 cs=1]
                RenderBlock {P} at (7,0) size 156x16
                  RenderText {#text} at (0,0) size 71x16
                    text run at (0,0) width 71: "Bill Johnson"
                RenderBlock {P} at (7,16) size 156x16
                  RenderText {#text} at (0,0) size 91x16
                    text run at (0,0) width 91: "Dominic Bayani"
                RenderBlock {P} at (7,32) size 156x16
                  RenderText {#text} at (0,0) size 73x16
                    text run at (0,0) width 73: "Rick Latham"
                  RenderInline {SPAN} at (0,0) size 0x16
                    RenderInline {O:P} at (0,0) size 0x16
              RenderTableCell {TD} at (268,964) size 99x48 [r=19 c=2 rs=1 cs=1]
                RenderBlock {P} at (7,0) size 85x16
                  RenderText {#text} at (31,0) size 23x16
                    text run at (31,0) width 23: "Yes"
                RenderBlock {P} at (7,16) size 85x16
                  RenderText {#text} at (40,0) size 5x16
                    text run at (40,0) width 5: " "
                RenderBlock {P} at (7,32) size 85x16
                  RenderText {#text} at (31,0) size 23x16
                    text run at (31,0) width 23: "Yes"
                  RenderInline {SPAN} at (0,0) size 0x16
                    RenderInline {O:P} at (0,0) size 0x16
              RenderTableCell {TD} at (367,964) size 106x48 [r=19 c=3 rs=1 cs=1]
                RenderBlock {P} at (7,0) size 92x16
                  RenderText {#text} at (38,0) size 16x16
                    text run at (38,0) width 16: "No"
                RenderBlock {P} at (7,16) size 92x16
                  RenderText {#text} at (44,0) size 4x16
                    text run at (44,0) width 4: " "
                RenderBlock {P} at (7,32) size 92x16
                  RenderText {#text} at (38,0) size 16x16
                    text run at (38,0) width 16: "No"
                  RenderInline {SPAN} at (0,0) size 0x16
                    RenderInline {O:P} at (0,0) size 0x16
            RenderTableRow {TR} at (0,1012) size 473x16
              RenderTableCell {TD} at (0,1012) size 98x16 [r=20 c=0 rs=1 cs=1]
                RenderBlock {P} at (7,0) size 84x16
                  RenderText {#text} at (35,0) size 14x16
                    text run at (35,0) width 14: "21"
                  RenderInline {SPAN} at (0,0) size 0x16
                    RenderInline {O:P} at (0,0) size 0x16
              RenderTableCell {TD} at (98,1012) size 170x16 [r=20 c=1 rs=1 cs=1]
                RenderBlock {P} at (7,0) size 156x16
                  RenderText {#text} at (0,0) size 71x16
                    text run at (0,0) width 71: " Simon Tam"
                  RenderInline {SPAN} at (0,0) size 0x16
                    RenderInline {O:P} at (0,0) size 0x16
              RenderTableCell {TD} at (268,1012) size 99x16 [r=20 c=2 rs=1 cs=1]
                RenderBlock {P} at (7,0) size 85x16
                  RenderText {#text} at (40,0) size 5x16
                    text run at (40,0) width 5: " "
                  RenderInline {SPAN} at (0,0) size 1x16
                    RenderInline {O:P} at (0,0) size 1x16
              RenderTableCell {TD} at (367,1012) size 106x16 [r=20 c=3 rs=1 cs=1]
                RenderBlock {P} at (7,0) size 92x16
                  RenderText {#text} at (44,0) size 4x16
                    text run at (44,0) width 4: " "
                  RenderInline {SPAN} at (0,0) size 0x16
                    RenderInline {O:P} at (0,0) size 0x16
            RenderTableRow {TR} at (0,1028) size 473x80
              RenderTableCell {TD} at (0,1028) size 98x16 [r=21 c=0 rs=1 cs=1]
                RenderBlock {P} at (7,0) size 84x16
                  RenderText {#text} at (35,0) size 14x16
                    text run at (35,0) width 14: "22"
                  RenderInline {SPAN} at (0,0) size 0x16
                    RenderInline {O:P} at (0,0) size 0x16
              RenderTableCell {TD} at (98,1028) size 170x80 [r=21 c=1 rs=1 cs=1]
                RenderBlock {P} at (7,0) size 156x16
                  RenderText {#text} at (0,0) size 71x16
                    text run at (0,0) width 71: "Dave Neves"
                  RenderInline {SPAN} at (0,0) size 0x16
                    RenderInline {O:P} at (0,0) size 0x16
                RenderBlock {P} at (7,16) size 156x16
                  RenderText {#text} at (0,0) size 98x16
                    text run at (0,0) width 98: "Grant Sanderson"
                  RenderInline {SPAN} at (0,0) size 0x16
                    RenderInline {O:P} at (0,0) size 0x16
                RenderBlock {P} at (7,32) size 156x16
                  RenderText {#text} at (0,0) size 88x16
                    text run at (0,0) width 88: "Maurice Burton"
                RenderBlock {P} at (7,48) size 156x16
                  RenderText {#text} at (0,0) size 123x16
                    text run at (0,0) width 123: "Mike Gilmartin ?????"
                RenderBlock {P} at (7,64) size 156x16
                  RenderText {#text} at (0,0) size 70x16
                    text run at (0,0) width 70: "Chris Walsh"
                  RenderInline {SPAN} at (0,0) size 0x16
                    RenderInline {O:P} at (0,0) size 0x16
              RenderTableCell {TD} at (268,1028) size 99x80 [r=21 c=2 rs=1 cs=1]
                RenderBlock {P} at (7,0) size 85x16
                  RenderText {#text} at (31,0) size 23x16
                    text run at (31,0) width 23: "Yes"
                  RenderInline {SPAN} at (0,0) size 0x16
                    RenderInline {O:P} at (0,0) size 0x16
                RenderBlock {P} at (7,16) size 85x16
                  RenderText {#text} at (31,0) size 23x16
                    text run at (31,0) width 23: "Yes"
                  RenderInline {SPAN} at (0,0) size 0x16
                    RenderInline {O:P} at (0,0) size 0x16
                RenderBlock {P} at (7,32) size 85x16
                  RenderText {#text} at (31,0) size 23x16
                    text run at (31,0) width 23: "Yes"
                RenderBlock {P} at (7,48) size 85x16
                  RenderText {#text} at (31,0) size 23x16
                    text run at (31,0) width 23: "Yes"
                RenderBlock {P} at (7,64) size 85x16
                  RenderText {#text} at (31,0) size 23x16
                    text run at (31,0) width 23: "Yes"
                  RenderInline {SPAN} at (0,0) size 0x16
                    RenderInline {O:P} at (0,0) size 0x16
              RenderTableCell {TD} at (367,1028) size 106x80 [r=21 c=3 rs=1 cs=1]
                RenderBlock {P} at (7,0) size 92x16
                  RenderText {#text} at (34,0) size 24x16
                    text run at (34,0) width 24: "Yes"
                  RenderInline {SPAN} at (0,0) size 1x16
                    RenderInline {O:P} at (0,0) size 1x16
                RenderBlock {P} at (7,16) size 92x16
                  RenderText {#text} at (38,0) size 16x16
                    text run at (38,0) width 16: "No"
                  RenderInline {SPAN} at (0,0) size 0x16
                    RenderInline {O:P} at (0,0) size 0x16
                RenderBlock {P} at (7,32) size 92x16
                  RenderText {#text} at (38,0) size 16x16
                    text run at (38,0) width 16: "No"
                RenderBlock {P} at (7,48) size 92x16
                  RenderText {#text} at (34,0) size 24x16
                    text run at (34,0) width 24: "Yes"
                RenderBlock {P} at (7,64) size 92x16
                  RenderText {#text} at (38,0) size 16x16
                    text run at (38,0) width 16: "No"
                  RenderInline {SPAN} at (0,0) size 0x16
                    RenderInline {O:P} at (0,0) size 0x16
            RenderTableRow {TR} at (0,1108) size 473x80
              RenderTableCell {TD} at (0,1108) size 98x16 [r=22 c=0 rs=1 cs=1]
                RenderBlock {P} at (7,0) size 84x16
                  RenderText {#text} at (35,0) size 14x16
                    text run at (35,0) width 14: "23"
                  RenderInline {SPAN} at (0,0) size 0x16
                    RenderInline {O:P} at (0,0) size 0x16
              RenderTableCell {TD} at (98,1108) size 170x80 [r=22 c=1 rs=1 cs=1]
                RenderBlock {P} at (7,0) size 156x16
                  RenderText {#text} at (0,0) size 71x16
                    text run at (0,0) width 71: "Dave Neves"
                  RenderInline {SPAN} at (0,0) size 0x16
                    RenderInline {O:P} at (0,0) size 0x16
                RenderBlock {P} at (7,16) size 156x16
                  RenderText {#text} at (0,0) size 88x16
                    text run at (0,0) width 88: "Maurice Burton"
                RenderBlock {P} at (7,32) size 156x16
                  RenderText {#text} at (0,0) size 65x16
                    text run at (0,0) width 65: "Oliver Baer"
                RenderBlock {P} at (7,48) size 156x16
                  RenderText {#text} at (0,0) size 61x16
                    text run at (0,0) width 61: "John Todd"
                RenderBlock {P} at (7,64) size 156x16
                  RenderText {#text} at (0,0) size 71x16
                    text run at (0,0) width 71: "Rich Saunef"
                  RenderInline {SPAN} at (0,0) size 0x16
                    RenderInline {O:P} at (0,0) size 0x16
              RenderTableCell {TD} at (268,1108) size 99x80 [r=22 c=2 rs=1 cs=1]
                RenderBlock {P} at (7,0) size 85x16
                  RenderText {#text} at (31,0) size 23x16
                    text run at (31,0) width 23: "Yes"
                  RenderInline {SPAN} at (0,0) size 0x16
                    RenderInline {O:P} at (0,0) size 0x16
                RenderBlock {P} at (7,16) size 85x16
                  RenderText {#text} at (31,0) size 23x16
                    text run at (31,0) width 23: "Yes"
                RenderBlock {P} at (7,32) size 85x16
                  RenderText {#text} at (31,0) size 23x16
                    text run at (31,0) width 23: "Yes"
                RenderBlock {P} at (7,48) size 85x16
                  RenderText {#text} at (40,0) size 5x16
                    text run at (40,0) width 5: " "
                RenderBlock {P} at (7,64) size 85x16
                  RenderText {#text} at (31,0) size 23x16
                    text run at (31,0) width 23: "Yes"
                  RenderInline {SPAN} at (0,0) size 0x16
                    RenderInline {O:P} at (0,0) size 0x16
              RenderTableCell {TD} at (367,1108) size 106x80 [r=22 c=3 rs=1 cs=1]
                RenderBlock {P} at (7,0) size 92x16
                  RenderText {#text} at (34,0) size 24x16
                    text run at (34,0) width 24: "Yes"
                  RenderInline {SPAN} at (0,0) size 1x16
                    RenderInline {O:P} at (0,0) size 1x16
                RenderBlock {P} at (7,16) size 92x16
                  RenderText {#text} at (38,0) size 16x16
                    text run at (38,0) width 16: "No"
                RenderBlock {P} at (7,32) size 92x16
                  RenderText {#text} at (38,0) size 16x16
                    text run at (38,0) width 16: "No"
                RenderBlock {P} at (7,48) size 92x16
                  RenderText {#text} at (44,0) size 4x16
                    text run at (44,0) width 4: " "
                RenderBlock {P} at (7,64) size 92x16
                  RenderText {#text} at (38,0) size 16x16
                    text run at (38,0) width 16: "No"
                  RenderInline {SPAN} at (0,0) size 0x16
                    RenderInline {O:P} at (0,0) size 0x16
            RenderTableRow {TR} at (0,1188) size 473x80
              RenderTableCell {TD} at (0,1188) size 98x16 [r=23 c=0 rs=1 cs=1]
                RenderBlock {P} at (7,0) size 84x16
                  RenderText {#text} at (35,0) size 14x16
                    text run at (35,0) width 14: "24"
                  RenderInline {SPAN} at (0,0) size 0x16
                    RenderInline {O:P} at (0,0) size 0x16
              RenderTableCell {TD} at (98,1188) size 170x80 [r=23 c=1 rs=1 cs=1]
                RenderBlock {P} at (7,0) size 156x16
                  RenderText {#text} at (0,0) size 72x16
                    text run at (0,0) width 72: " Dan Sievert"
                RenderBlock {P} at (7,16) size 156x16
                  RenderText {#text} at (0,0) size 66x16
                    text run at (0,0) width 66: "Jerry Davis"
                RenderBlock {P} at (7,32) size 156x16
                  RenderText {#text} at (0,0) size 69x16
                    text run at (0,0) width 69: "Scott Hersh"
                RenderBlock {P} at (7,48) size 156x16
                  RenderText {#text} at (0,0) size 52x16
                    text run at (0,0) width 52: "Rick Bell"
                RenderBlock {P} at (7,64) size 156x16
                  RenderText {#text} at (0,0) size 61x16
                    text run at (0,0) width 61: "Eric Shum"
                  RenderInline {SPAN} at (0,0) size 0x16
                    RenderInline {O:P} at (0,0) size 0x16
              RenderTableCell {TD} at (268,1188) size 99x80 [r=23 c=2 rs=1 cs=1]
                RenderBlock {P} at (7,0) size 85x16
                  RenderText {#text} at (29,0) size 27x16
                    text run at (29,0) width 27: " Yes"
                RenderBlock {P} at (7,16) size 85x16
                  RenderText {#text} at (31,0) size 23x16
                    text run at (31,0) width 23: "Yes"
                RenderBlock {P} at (7,32) size 85x16
                  RenderText {#text} at (31,0) size 23x16
                    text run at (31,0) width 23: "Yes"
                RenderBlock {P} at (7,48) size 85x16
                  RenderText {#text} at (31,0) size 23x16
                    text run at (31,0) width 23: "Yes"
                RenderBlock {P} at (7,64) size 85x16
                  RenderText {#text} at (31,0) size 23x16
                    text run at (31,0) width 23: "Yes"
                  RenderInline {SPAN} at (0,0) size 0x16
                    RenderInline {O:P} at (0,0) size 0x16
              RenderTableCell {TD} at (367,1188) size 106x80 [r=23 c=3 rs=1 cs=1]
                RenderBlock {P} at (7,0) size 92x16
                  RenderText {#text} at (36,0) size 20x16
                    text run at (36,0) width 20: " No"
                RenderBlock {P} at (7,16) size 92x16
                  RenderText {#text} at (38,0) size 16x16
                    text run at (38,0) width 16: "No"
                RenderBlock {P} at (7,32) size 92x16
                  RenderText {#text} at (38,0) size 16x16
                    text run at (38,0) width 16: "No"
                RenderBlock {P} at (7,48) size 92x16
                  RenderText {#text} at (38,0) size 16x16
                    text run at (38,0) width 16: "No"
                RenderBlock {P} at (7,64) size 92x16
                  RenderText {#text} at (38,0) size 16x16
                    text run at (38,0) width 16: "No"
                  RenderInline {SPAN} at (0,0) size 0x16
                    RenderInline {O:P} at (0,0) size 0x16
            RenderTableRow {TR} at (0,1268) size 473x32
              RenderTableCell {TD} at (0,1268) size 98x16 [r=24 c=0 rs=1 cs=1]
                RenderBlock {P} at (7,0) size 84x16
                  RenderText {#text} at (35,0) size 14x16
                    text run at (35,0) width 14: "25"
                  RenderInline {SPAN} at (0,0) size 0x16
                    RenderInline {O:P} at (0,0) size 0x16
              RenderTableCell {TD} at (98,1268) size 170x32 [r=24 c=1 rs=1 cs=1]
                RenderBlock {P} at (7,0) size 156x16
                  RenderText {#text} at (0,0) size 80x16
                    text run at (0,0) width 80: "James Davey"
                RenderBlock {P} at (7,16) size 156x16
                  RenderText {#text} at (0,0) size 98x16
                    text run at (0,0) width 98: "Ruenjoe (Joe) Lu"
                  RenderInline {SPAN} at (0,0) size 0x16
                    RenderInline {O:P} at (0,0) size 0x16
              RenderTableCell {TD} at (268,1268) size 99x16 [r=24 c=2 rs=1 cs=1]
                RenderBlock {P} at (7,0) size 85x16
                  RenderText {#text} at (31,0) size 23x16
                    text run at (31,0) width 23: "Yes"
                  RenderInline {SPAN} at (0,0) size 0x16
                    RenderInline {O:P} at (0,0) size 0x16
              RenderTableCell {TD} at (367,1268) size 106x16 [r=24 c=3 rs=1 cs=1]
                RenderBlock {P} at (7,0) size 92x16
                  RenderText {#text} at (34,0) size 24x16
                    text run at (34,0) width 24: "Yes"
                  RenderInline {SPAN} at (0,0) size 1x16
                    RenderInline {O:P} at (0,0) size 1x16
            RenderTableRow {TR} at (0,1300) size 473x160
              RenderTableCell {TD} at (0,1300) size 98x16 [r=25 c=0 rs=1 cs=1]
                RenderBlock {P} at (7,0) size 84x16
                  RenderText {#text} at (35,0) size 14x16
                    text run at (35,0) width 14: "26"
                  RenderInline {SPAN} at (0,0) size 0x16
                    RenderInline {O:P} at (0,0) size 0x16
              RenderTableCell {TD} at (98,1300) size 170x160 [r=25 c=1 rs=1 cs=1]
                RenderBlock {P} at (7,0) size 156x16
                  RenderText {#text} at (0,0) size 88x16
                    text run at (0,0) width 88: "Alan Littlewood"
                  RenderInline {SPAN} at (0,0) size 0x16
                    RenderInline {O:P} at (0,0) size 0x16
                RenderBlock {P} at (7,16) size 156x16
                  RenderText {#text} at (0,0) size 76x16
                    text run at (0,0) width 76: "Darren Braun"
                  RenderInline {SPAN} at (0,0) size 0x16
                    RenderInline {O:P} at (0,0) size 0x16
                RenderBlock {P} at (7,32) size 156x16
                  RenderText {#text} at (0,0) size 67x16
                    text run at (0,0) width 67: "Simon Tam"
                RenderBlock {P} at (7,48) size 156x16
                  RenderText {#text} at (0,0) size 81x16
                    text run at (0,0) width 81: "Chuck Pringle"
                RenderBlock {P} at (7,64) size 156x16
                  RenderText {#text} at (0,0) size 98x16
                    text run at (0,0) width 98: "Gary Pendergras"
                RenderBlock {P} at (7,80) size 156x16
                  RenderText {#text} at (0,0) size 88x16
                    text run at (0,0) width 88: "Peter Mazanec"
                RenderBlock {P} at (7,96) size 156x16
                  RenderText {#text} at (0,0) size 86x16
                    text run at (0,0) width 86: "Harry Imamura"
                RenderBlock {P} at (7,112) size 156x16
                  RenderText {#text} at (0,0) size 62x16
                    text run at (0,0) width 62: "Joe Araujo"
                RenderBlock {P} at (7,128) size 156x16
                  RenderText {#text} at (0,0) size 81x16
                    text run at (0,0) width 81: "Gary Williams"
                RenderBlock {P} at (7,144) size 156x16
                  RenderText {#text} at (0,0) size 95x16
                    text run at (0,0) width 95: "Jack Goodfriend"
                  RenderInline {SPAN} at (0,0) size 0x16
                    RenderInline {O:P} at (0,0) size 0x16
              RenderTableCell {TD} at (268,1300) size 99x112 [r=25 c=2 rs=1 cs=1]
                RenderBlock {P} at (7,0) size 85x16
                  RenderText {#text} at (31,0) size 23x16
                    text run at (31,0) width 23: "Yes"
                  RenderInline {SPAN} at (0,0) size 0x16
                    RenderInline {O:P} at (0,0) size 0x16
                RenderBlock {P} at (7,16) size 85x16
                  RenderText {#text} at (31,0) size 23x16
                    text run at (31,0) width 23: "Yes"
                  RenderInline {SPAN} at (0,0) size 0x16
                    RenderInline {O:P} at (0,0) size 0x16
                RenderBlock {P} at (7,32) size 85x16
                  RenderText {#text} at (31,0) size 23x16
                    text run at (31,0) width 23: "Yes"
                RenderBlock {P} at (7,48) size 85x16
                  RenderText {#text} at (31,0) size 23x16
                    text run at (31,0) width 23: "Yes"
                RenderBlock {P} at (7,64) size 85x16
                  RenderText {#text} at (31,0) size 23x16
                    text run at (31,0) width 23: "Yes"
                RenderBlock {P} at (7,80) size 85x16
                  RenderText {#text} at (31,0) size 23x16
                    text run at (31,0) width 23: "Yes"
                RenderBlock {P} at (7,96) size 85x16
                  RenderText {#text} at (34,0) size 17x16
                    text run at (34,0) width 17: "No"
                  RenderInline {SPAN} at (0,0) size 1x16
                    RenderInline {O:P} at (0,0) size 1x16
              RenderTableCell {TD} at (367,1300) size 106x112 [r=25 c=3 rs=1 cs=1]
                RenderBlock {P} at (7,0) size 92x16
                  RenderText {#text} at (38,0) size 16x16
                    text run at (38,0) width 16: "No"
                  RenderInline {SPAN} at (0,0) size 0x16
                    RenderInline {O:P} at (0,0) size 0x16
                RenderBlock {P} at (7,16) size 92x16
                  RenderText {#text} at (38,0) size 16x16
                    text run at (38,0) width 16: "No"
                  RenderInline {SPAN} at (0,0) size 0x16
                    RenderInline {O:P} at (0,0) size 0x16
                RenderBlock {P} at (7,32) size 92x16
                  RenderText {#text} at (38,0) size 16x16
                    text run at (38,0) width 16: "No"
                RenderBlock {P} at (7,48) size 92x16
                  RenderText {#text} at (38,0) size 16x16
                    text run at (38,0) width 16: "No"
                RenderBlock {P} at (7,64) size 92x16
                  RenderText {#text} at (38,0) size 16x16
                    text run at (38,0) width 16: "No"
                RenderBlock {P} at (7,80) size 92x16
                  RenderText {#text} at (38,0) size 16x16
                    text run at (38,0) width 16: "No"
                RenderBlock {P} at (7,96) size 92x16
                  RenderText {#text} at (34,0) size 24x16
                    text run at (34,0) width 24: "Yes"
                  RenderInline {SPAN} at (0,0) size 1x16
                    RenderInline {O:P} at (0,0) size 1x16
            RenderTableRow {TR} at (0,1460) size 473x96
              RenderTableCell {TD} at (0,1460) size 98x16 [r=26 c=0 rs=1 cs=1]
                RenderBlock {P} at (7,0) size 84x16
                  RenderText {#text} at (35,0) size 14x16
                    text run at (35,0) width 14: "27"
                  RenderInline {SPAN} at (0,0) size 0x16
                    RenderInline {O:P} at (0,0) size 0x16
              RenderTableCell {TD} at (98,1460) size 170x96 [r=26 c=1 rs=1 cs=1]
                RenderBlock {P} at (7,0) size 156x16
                  RenderText {#text} at (0,0) size 76x16
                    text run at (0,0) width 76: "Darren Braun"
                  RenderInline {SPAN} at (0,0) size 0x16
                    RenderInline {O:P} at (0,0) size 0x16
                RenderBlock {P} at (7,16) size 156x16
                  RenderText {#text} at (0,0) size 100x16
                    text run at (0,0) width 100: "Ian + Brad Carter"
                  RenderInline {SPAN} at (0,0) size 0x16
                    RenderInline {O:P} at (0,0) size 0x16
                RenderBlock {P} at (7,32) size 156x16
                  RenderText {#text} at (0,0) size 83x16
                    text run at (0,0) width 83: "Pete Peterson"
                RenderBlock {P} at (7,48) size 156x16
                  RenderText {#text} at (0,0) size 88x16
                    text run at (0,0) width 88: "John Chamorro"
                RenderBlock {P} at (7,64) size 156x16
                  RenderText {#text} at (0,0) size 70x16
                    text run at (0,0) width 70: "Ali Erdengiz"
                RenderBlock {P} at (7,80) size 156x16
                  RenderText {#text} at (0,0) size 63x16
                    text run at (0,0) width 63: "Saibal Sen"
                  RenderInline {SPAN} at (0,0) size 0x16
                    RenderInline {O:P} at (0,0) size 0x16
              RenderTableCell {TD} at (268,1460) size 99x96 [r=26 c=2 rs=1 cs=1]
                RenderBlock {P} at (7,0) size 85x16
                  RenderText {#text} at (31,0) size 23x16
                    text run at (31,0) width 23: "Yes"
                  RenderInline {SPAN} at (0,0) size 0x16
                    RenderInline {O:P} at (0,0) size 0x16
                RenderBlock {P} at (7,16) size 85x16
                  RenderText {#text} at (31,0) size 23x16
                    text run at (31,0) width 23: "Yes"
                  RenderInline {SPAN} at (0,0) size 0x16
                    RenderInline {O:P} at (0,0) size 0x16
                RenderBlock {P} at (7,32) size 85x16
                  RenderText {#text} at (31,0) size 23x16
                    text run at (31,0) width 23: "Yes"
                RenderBlock {P} at (7,48) size 85x16
                  RenderText {#text} at (40,0) size 5x16
                    text run at (40,0) width 5: " "
                RenderBlock {P} at (7,64) size 85x16
                  RenderText {#text} at (40,0) size 5x16
                    text run at (40,0) width 5: " "
                RenderBlock {P} at (7,80) size 85x16
                  RenderText {#text} at (31,0) size 23x16
                    text run at (31,0) width 23: "Yes"
                  RenderInline {SPAN} at (0,0) size 0x16
                    RenderInline {O:P} at (0,0) size 0x16
              RenderTableCell {TD} at (367,1460) size 106x96 [r=26 c=3 rs=1 cs=1]
                RenderBlock {P} at (7,0) size 92x16
                  RenderText {#text} at (38,0) size 16x16
                    text run at (38,0) width 16: "No"
                  RenderInline {SPAN} at (0,0) size 0x16
                    RenderInline {O:P} at (0,0) size 0x16
                RenderBlock {P} at (7,16) size 92x16
                  RenderText {#text} at (38,0) size 16x16
                    text run at (38,0) width 16: "No"
                  RenderInline {SPAN} at (0,0) size 0x16
                    RenderInline {O:P} at (0,0) size 0x16
                RenderBlock {P} at (7,32) size 92x16
                  RenderText {#text} at (38,0) size 16x16
                    text run at (38,0) width 16: "No"
                RenderBlock {P} at (7,48) size 92x16
                  RenderText {#text} at (44,0) size 4x16
                    text run at (44,0) width 4: " "
                RenderBlock {P} at (7,64) size 92x16
                  RenderText {#text} at (44,0) size 4x16
                    text run at (44,0) width 4: " "
                RenderBlock {P} at (7,80) size 92x16
                  RenderText {#text} at (38,0) size 16x16
                    text run at (38,0) width 16: "No"
                  RenderInline {SPAN} at (0,0) size 0x16
                    RenderInline {O:P} at (0,0) size 0x16
            RenderTableRow {TR} at (0,1556) size 473x144
              RenderTableCell {TD} at (0,1556) size 98x16 [r=27 c=0 rs=1 cs=1]
                RenderBlock {P} at (7,0) size 84x16
                  RenderText {#text} at (35,0) size 14x16
                    text run at (35,0) width 14: "28"
                  RenderInline {SPAN} at (0,0) size 0x16
                    RenderInline {O:P} at (0,0) size 0x16
              RenderTableCell {TD} at (98,1556) size 170x144 [r=27 c=1 rs=1 cs=1]
                RenderBlock {P} at (7,0) size 156x16
                  RenderText {#text} at (0,0) size 100x16
                    text run at (0,0) width 100: "Zak + Mike West"
                  RenderInline {SPAN} at (0,0) size 0x16
                    RenderInline {O:P} at (0,0) size 0x16
                RenderBlock {P} at (7,16) size 156x16
                  RenderText {#text} at (0,0) size 71x16
                    text run at (0,0) width 71: "Dave Neves"
                  RenderInline {SPAN} at (0,0) size 0x16
                    RenderInline {O:P} at (0,0) size 0x16
                RenderBlock {P} at (7,32) size 156x16
                  RenderText {#text} at (0,0) size 83x16
                    text run at (0,0) width 83: "Richard Green"
                  RenderInline {SPAN} at (0,0) size 0x16
                    RenderInline {O:P} at (0,0) size 0x16
                RenderBlock {P} at (7,48) size 156x16
                  RenderText {#text} at (0,0) size 75x16
                    text run at (0,0) width 75: "Javier Flores"
                RenderBlock {P} at (7,64) size 156x16
                  RenderText {#text} at (0,0) size 89x16
                    text run at (0,0) width 89: "Gerald Cardinal"
                RenderBlock {P} at (7,80) size 156x16
                  RenderText {#text} at (0,0) size 68x16
                    text run at (0,0) width 68: "Dan Sievert"
                RenderBlock {P} at (7,96) size 156x16
                  RenderText {#text} at (0,0) size 70x16
                    text run at (0,0) width 70: "Ali Erdengiz"
                RenderBlock {P} at (7,112) size 156x16
                  RenderText {#text} at (0,0) size 67x16
                    text run at (0,0) width 67: "Paul Walter"
                RenderBlock {P} at (7,128) size 156x16
                  RenderText {#text} at (0,0) size 66x16
                    text run at (0,0) width 66: "Jerry Davis"
                  RenderInline {SPAN} at (0,0) size 0x16
                    RenderInline {O:P} at (0,0) size 0x16
              RenderTableCell {TD} at (268,1556) size 99x144 [r=27 c=2 rs=1 cs=1]
                RenderBlock {P} at (7,0) size 85x16
                  RenderText {#text} at (31,0) size 23x16
                    text run at (31,0) width 23: "Yes"
                  RenderInline {SPAN} at (0,0) size 0x16
                    RenderInline {O:P} at (0,0) size 0x16
                RenderBlock {P} at (7,16) size 85x16
                  RenderText {#text} at (31,0) size 23x16
                    text run at (31,0) width 23: "Yes"
                  RenderInline {SPAN} at (0,0) size 0x16
                    RenderInline {O:P} at (0,0) size 0x16
                RenderBlock {P} at (7,32) size 85x16
                  RenderText {#text} at (31,0) size 23x16
                    text run at (31,0) width 23: "Yes"
                  RenderInline {SPAN} at (0,0) size 0x16
                    RenderInline {O:P} at (0,0) size 0x16
                RenderBlock {P} at (7,48) size 85x16
                  RenderText {#text} at (31,0) size 23x16
                    text run at (31,0) width 23: "Yes"
                RenderBlock {P} at (7,64) size 85x16
                  RenderText {#text} at (40,0) size 5x16
                    text run at (40,0) width 5: " "
                RenderBlock {P} at (7,80) size 85x16
                  RenderText {#text} at (31,0) size 23x16
                    text run at (31,0) width 23: "Yes"
                RenderBlock {P} at (7,96) size 85x16
                  RenderText {#text} at (40,0) size 5x16
                    text run at (40,0) width 5: " "
                RenderBlock {P} at (7,112) size 85x16
                  RenderText {#text} at (40,0) size 5x16
                    text run at (40,0) width 5: " "
                RenderBlock {P} at (7,128) size 85x16
                  RenderText {#text} at (31,0) size 23x16
                    text run at (31,0) width 23: "Yes"
                  RenderInline {SPAN} at (0,0) size 0x16
                    RenderInline {O:P} at (0,0) size 0x16
              RenderTableCell {TD} at (367,1556) size 106x144 [r=27 c=3 rs=1 cs=1]
                RenderBlock {P} at (7,0) size 92x16
                  RenderText {#text} at (34,0) size 24x16
                    text run at (34,0) width 24: "Yes"
                  RenderInline {SPAN} at (0,0) size 1x16
                    RenderInline {O:P} at (0,0) size 1x16
                RenderBlock {P} at (7,16) size 92x16
                  RenderText {#text} at (34,0) size 24x16
                    text run at (34,0) width 24: "Yes"
                  RenderInline {SPAN} at (0,0) size 1x16
                    RenderInline {O:P} at (0,0) size 1x16
                RenderBlock {P} at (7,32) size 92x16
                  RenderText {#text} at (38,0) size 16x16
                    text run at (38,0) width 16: "No"
                  RenderInline {SPAN} at (0,0) size 0x16
                    RenderInline {O:P} at (0,0) size 0x16
                RenderBlock {P} at (7,48) size 92x16
                  RenderText {#text} at (38,0) size 16x16
                    text run at (38,0) width 16: "No"
                RenderBlock {P} at (7,64) size 92x16
                  RenderText {#text} at (44,0) size 4x16
                    text run at (44,0) width 4: " "
                RenderBlock {P} at (7,80) size 92x16
                  RenderText {#text} at (38,0) size 16x16
                    text run at (38,0) width 16: "No"
                RenderBlock {P} at (7,96) size 92x16
                  RenderText {#text} at (44,0) size 4x16
                    text run at (44,0) width 4: " "
                RenderBlock {P} at (7,112) size 92x16
                  RenderText {#text} at (44,0) size 4x16
                    text run at (44,0) width 4: " "
                RenderBlock {P} at (7,128) size 92x16
                  RenderText {#text} at (38,0) size 16x16
                    text run at (38,0) width 16: "No"
                  RenderInline {SPAN} at (0,0) size 0x16
                    RenderInline {O:P} at (0,0) size 0x16
            RenderTableRow {TR} at (0,1700) size 473x48
              RenderTableCell {TD} at (0,1700) size 98x16 [r=28 c=0 rs=1 cs=1]
                RenderBlock {P} at (7,0) size 84x16
                  RenderText {#text} at (35,0) size 14x16
                    text run at (35,0) width 14: "29"
                  RenderInline {SPAN} at (0,0) size 0x16
                    RenderInline {O:P} at (0,0) size 0x16
              RenderTableCell {TD} at (98,1700) size 170x48 [r=28 c=1 rs=1 cs=1]
                RenderBlock {P} at (7,0) size 156x16
                  RenderText {#text} at (0,0) size 75x16
                    text run at (0,0) width 75: "Javier Flores"
                  RenderInline {SPAN} at (0,0) size 0x16
                    RenderInline {O:P} at (0,0) size 0x16
                RenderBlock {P} at (7,16) size 156x16
                  RenderText {#text} at (0,0) size 71x16
                    text run at (0,0) width 71: "Bill Johnson"
                RenderBlock {P} at (7,32) size 156x16
                  RenderText {#text} at (0,0) size 61x16
                    text run at (0,0) width 61: "John Todd"
                  RenderInline {SPAN} at (0,0) size 0x16
                    RenderInline {O:P} at (0,0) size 0x16
              RenderTableCell {TD} at (268,1700) size 99x32 [r=28 c=2 rs=1 cs=1]
                RenderBlock {P} at (7,0) size 85x16
                  RenderText {#text} at (31,0) size 23x16
                    text run at (31,0) width 23: "Yes"
                  RenderInline {SPAN} at (0,0) size 0x16
                    RenderInline {O:P} at (0,0) size 0x16
                RenderBlock {P} at (7,16) size 85x16
                  RenderText {#text} at (31,0) size 23x16
                    text run at (31,0) width 23: "Yes"
                  RenderInline {SPAN} at (0,0) size 0x16
                    RenderInline {O:P} at (0,0) size 0x16
              RenderTableCell {TD} at (367,1700) size 106x32 [r=28 c=3 rs=1 cs=1]
                RenderBlock {P} at (7,0) size 92x16
                  RenderText {#text} at (38,0) size 16x16
                    text run at (38,0) width 16: "No"
                  RenderInline {SPAN} at (0,0) size 0x16
                    RenderInline {O:P} at (0,0) size 0x16
                RenderBlock {P} at (7,16) size 92x16
                  RenderText {#text} at (38,0) size 16x16
                    text run at (38,0) width 16: "No"
                  RenderInline {SPAN} at (0,0) size 0x16
                    RenderInline {O:P} at (0,0) size 0x16
            RenderTableRow {TR} at (0,1748) size 473x112
              RenderTableCell {TD} at (0,1748) size 98x16 [r=29 c=0 rs=1 cs=1]
                RenderBlock {P} at (7,0) size 84x16
                  RenderText {#text} at (35,0) size 14x16
                    text run at (35,0) width 14: "30"
                  RenderInline {SPAN} at (0,0) size 0x16
                    RenderInline {O:P} at (0,0) size 0x16
              RenderTableCell {TD} at (98,1748) size 170x112 [r=29 c=1 rs=1 cs=1]
                RenderBlock {P} at (7,0) size 156x16
                  RenderText {#text} at (0,0) size 88x16
                    text run at (0,0) width 88: "Alan Littlewood"
                  RenderInline {SPAN} at (0,0) size 0x16
                    RenderInline {O:P} at (0,0) size 0x16
                RenderBlock {P} at (7,16) size 156x16
                  RenderText {#text} at (0,0) size 89x16
                    text run at (0,0) width 89: "George Coward"
                  RenderInline {SPAN} at (0,0) size 0x16
                    RenderInline {O:P} at (0,0) size 0x16
                RenderBlock {P} at (7,32) size 156x16
                  RenderText {#text} at (0,0) size 88x16
                    text run at (0,0) width 88: "Maurice Burton"
                RenderBlock {P} at (7,48) size 156x16
                  RenderText {#text} at (0,0) size 68x16
                    text run at (0,0) width 68: "Dan Sievert"
                RenderBlock {P} at (7,64) size 156x16
                  RenderText {#text} at (0,0) size 116x16
                    text run at (0,0) width 116: "Michael DeGiovanni"
                RenderBlock {P} at (7,80) size 156x16
                  RenderText {#text} at (0,0) size 95x16
                    text run at (0,0) width 95: "Jack Goodfriend"
                RenderBlock {P} at (7,96) size 156x16
                  RenderText {#text} at (0,0) size 99x16
                    text run at (0,0) width 99: "Richard Sanchez"
                  RenderInline {SPAN} at (0,0) size 0x16
                    RenderInline {O:P} at (0,0) size 0x16
              RenderTableCell {TD} at (268,1748) size 99x112 [r=29 c=2 rs=1 cs=1]
                RenderBlock {P} at (7,0) size 85x16
                  RenderText {#text} at (31,0) size 23x16
                    text run at (31,0) width 23: "Yes"
                  RenderInline {SPAN} at (0,0) size 0x16
                    RenderInline {O:P} at (0,0) size 0x16
                RenderBlock {P} at (7,16) size 85x16
                  RenderText {#text} at (31,0) size 23x16
                    text run at (31,0) width 23: "Yes"
                  RenderInline {SPAN} at (0,0) size 0x16
                    RenderInline {O:P} at (0,0) size 0x16
                RenderBlock {P} at (7,32) size 85x16
                  RenderText {#text} at (31,0) size 23x16
                    text run at (31,0) width 23: "Yes"
                RenderBlock {P} at (7,48) size 85x16
                  RenderText {#text} at (31,0) size 23x16
                    text run at (31,0) width 23: "Yes"
                RenderBlock {P} at (7,64) size 85x16
                  RenderText {#text} at (40,0) size 5x16
                    text run at (40,0) width 5: " "
                RenderBlock {P} at (7,80) size 85x16
                  RenderText {#text} at (40,0) size 5x16
                    text run at (40,0) width 5: " "
                RenderBlock {P} at (7,96) size 85x16
                  RenderText {#text} at (34,0) size 17x16
                    text run at (34,0) width 17: "No"
                  RenderInline {SPAN} at (0,0) size 1x16
                    RenderInline {O:P} at (0,0) size 1x16
              RenderTableCell {TD} at (367,1748) size 106x112 [r=29 c=3 rs=1 cs=1]
                RenderBlock {P} at (7,0) size 92x16
                  RenderText {#text} at (38,0) size 16x16
                    text run at (38,0) width 16: "No"
                  RenderInline {SPAN} at (0,0) size 0x16
                    RenderInline {O:P} at (0,0) size 0x16
                RenderBlock {P} at (7,16) size 92x16
                  RenderText {#text} at (38,0) size 16x16
                    text run at (38,0) width 16: "No"
                  RenderInline {SPAN} at (0,0) size 0x16
                    RenderInline {O:P} at (0,0) size 0x16
                RenderBlock {P} at (7,32) size 92x16
                  RenderText {#text} at (38,0) size 16x16
                    text run at (38,0) width 16: "No"
                RenderBlock {P} at (7,48) size 92x16
                  RenderText {#text} at (38,0) size 16x16
                    text run at (38,0) width 16: "No"
                RenderBlock {P} at (7,64) size 92x16
                  RenderText {#text} at (44,0) size 4x16
                    text run at (44,0) width 4: " "
                RenderBlock {P} at (7,80) size 92x16
                  RenderText {#text} at (44,0) size 4x16
                    text run at (44,0) width 4: " "
                RenderBlock {P} at (7,96) size 92x16
                  RenderText {#text} at (34,0) size 24x16
                    text run at (34,0) width 24: "Yes"
                  RenderInline {SPAN} at (0,0) size 1x16
                    RenderInline {O:P} at (0,0) size 1x16
            RenderTableRow {TR} at (0,1860) size 473x48
              RenderTableCell {TD} at (0,1860) size 98x16 [r=30 c=0 rs=1 cs=1]
                RenderBlock {P} at (7,0) size 84x16
                  RenderText {#text} at (35,0) size 14x16
                    text run at (35,0) width 14: "31"
                  RenderInline {SPAN} at (0,0) size 0x16
                    RenderInline {O:P} at (0,0) size 0x16
              RenderTableCell {TD} at (98,1860) size 170x48 [r=30 c=1 rs=1 cs=1]
                RenderBlock {P} at (7,0) size 156x16
                  RenderText {#text} at (0,0) size 71x16
                    text run at (0,0) width 71: "Dave Neves"
                RenderBlock {P} at (7,16) size 156x16
                  RenderText {#text} at (0,0) size 90x16
                    text run at (0,0) width 90: "James Haladus"
                RenderBlock {P} at (7,32) size 156x16
                  RenderText {#text} at (0,0) size 67x16
                    text run at (0,0) width 67: "Randy Reid"
                  RenderInline {SPAN} at (0,0) size 0x16
                    RenderInline {O:P} at (0,0) size 0x16
              RenderTableCell {TD} at (268,1860) size 99x32 [r=30 c=2 rs=1 cs=1]
                RenderBlock {P} at (7,0) size 85x16
                  RenderText {#text} at (31,0) size 23x16
                    text run at (31,0) width 23: "Yes"
                RenderBlock {P} at (7,16) size 85x16
                  RenderText {#text} at (31,0) size 23x16
                    text run at (31,0) width 23: "Yes"
                  RenderInline {SPAN} at (0,0) size 0x16
                    RenderInline {O:P} at (0,0) size 0x16
              RenderTableCell {TD} at (367,1860) size 106x32 [r=30 c=3 rs=1 cs=1]
                RenderBlock {P} at (7,0) size 92x16
                  RenderText {#text} at (34,0) size 24x16
                    text run at (34,0) width 24: "Yes"
                RenderBlock {P} at (7,16) size 92x16
                  RenderText {#text} at (38,0) size 16x16
                    text run at (38,0) width 16: "No"
                  RenderInline {SPAN} at (0,0) size 0x16
                    RenderInline {O:P} at (0,0) size 0x16
            RenderTableRow {TR} at (0,1908) size 473x64
              RenderTableCell {TD} at (0,1908) size 98x16 [r=31 c=0 rs=1 cs=1]
                RenderBlock {P} at (7,0) size 84x16
                  RenderText {#text} at (35,0) size 14x16
                    text run at (35,0) width 14: "32"
                  RenderInline {SPAN} at (0,0) size 0x16
                    RenderInline {O:P} at (0,0) size 0x16
              RenderTableCell {TD} at (98,1908) size 170x64 [r=31 c=1 rs=1 cs=1]
                RenderBlock {P} at (7,0) size 156x16
                  RenderText {#text} at (0,0) size 69x16
                    text run at (0,0) width 69: " Oliver Baer"
                RenderBlock {P} at (7,16) size 156x16
                  RenderText {#text} at (0,0) size 72x16
                    text run at (0,0) width 72: "Dale Barnett"
                RenderBlock {P} at (7,32) size 156x16
                  RenderText {#text} at (0,0) size 61x16
                    text run at (0,0) width 61: "John Todd"
                RenderBlock {P} at (7,48) size 156x16
                  RenderText {#text} at (0,0) size 91x16
                    text run at (0,0) width 91: "Dominic Bayani"
                  RenderInline {SPAN} at (0,0) size 0x16
                    RenderInline {O:P} at (0,0) size 0x16
              RenderTableCell {TD} at (268,1908) size 99x32 [r=31 c=2 rs=1 cs=1]
                RenderBlock {P} at (7,0) size 85x16
                  RenderText {#text} at (29,0) size 27x16
                    text run at (29,0) width 27: " Yes"
                RenderBlock {P} at (7,16) size 85x16
                  RenderText {#text} at (31,0) size 23x16
                    text run at (31,0) width 23: "Yes"
                  RenderInline {SPAN} at (0,0) size 0x16
                    RenderInline {O:P} at (0,0) size 0x16
              RenderTableCell {TD} at (367,1908) size 106x32 [r=31 c=3 rs=1 cs=1]
                RenderBlock {P} at (7,0) size 92x16
                  RenderText {#text} at (36,0) size 20x16
                    text run at (36,0) width 20: " No"
                RenderBlock {P} at (7,16) size 92x16
                  RenderText {#text} at (38,0) size 16x16
                    text run at (38,0) width 16: "No"
                  RenderInline {SPAN} at (0,0) size 0x16
                    RenderInline {O:P} at (0,0) size 0x16
            RenderTableRow {TR} at (0,1972) size 473x144
              RenderTableCell {TD} at (0,1972) size 98x16 [r=32 c=0 rs=1 cs=1]
                RenderBlock {P} at (7,0) size 84x16
                  RenderText {#text} at (35,0) size 14x16
                    text run at (35,0) width 14: "33"
                  RenderInline {SPAN} at (0,0) size 0x16
                    RenderInline {O:P} at (0,0) size 0x16
              RenderTableCell {TD} at (98,1972) size 170x144 [r=32 c=1 rs=1 cs=1]
                RenderBlock {P} at (7,0) size 156x16
                  RenderText {#text} at (0,0) size 74x16
                    text run at (0,0) width 74: "Tom Wagner"
                  RenderInline {SPAN} at (0,0) size 0x16
                    RenderInline {O:P} at (0,0) size 0x16
                RenderBlock {P} at (7,16) size 156x16
                  RenderText {#text} at (0,0) size 80x16
                    text run at (0,0) width 80: "Gene Langley"
                RenderBlock {P} at (7,32) size 156x16
                  RenderText {#text} at (0,0) size 90x16
                    text run at (0,0) width 90: "James Haladus"
                RenderBlock {P} at (7,48) size 156x16
                  RenderText {#text} at (0,0) size 87x16
                    text run at (0,0) width 87: "Daniel Buckley"
                RenderBlock {P} at (7,64) size 156x16
                  RenderText {#text} at (0,0) size 73x16
                    text run at (0,0) width 73: "Chris Larsen"
                RenderBlock {P} at (7,80) size 156x16
                  RenderText {#text} at (0,0) size 76x16
                    text run at (0,0) width 76: "Mike Chansu"
                RenderBlock {P} at (7,96) size 156x16
                  RenderText {#text} at (0,0) size 79x16
                    text run at (0,0) width 79: "James Brown"
                RenderBlock {P} at (7,112) size 156x16
                  RenderText {#text} at (0,0) size 66x16
                    text run at (0,0) width 66: "Will Sievert"
                RenderBlock {P} at (7,128) size 156x16
                  RenderText {#text} at (0,0) size 71x16
                    text run at (0,0) width 71: "Terry Chong"
                  RenderInline {SPAN} at (0,0) size 0x16
                    RenderInline {O:P} at (0,0) size 0x16
              RenderTableCell {TD} at (268,1972) size 99x144 [r=32 c=2 rs=1 cs=1]
                RenderBlock {P} at (7,0) size 85x16
                  RenderText {#text} at (31,0) size 23x16
                    text run at (31,0) width 23: "Yes"
                  RenderInline {SPAN} at (0,0) size 0x16
                    RenderInline {O:P} at (0,0) size 0x16
                RenderBlock {P} at (7,16) size 85x16
                  RenderText {#text} at (31,0) size 23x16
                    text run at (31,0) width 23: "Yes"
                RenderBlock {P} at (7,32) size 85x16
                  RenderText {#text} at (31,0) size 23x16
                    text run at (31,0) width 23: "Yes"
                RenderBlock {P} at (7,48) size 85x16
                  RenderText {#text} at (31,0) size 23x16
                    text run at (31,0) width 23: "Yes"
                RenderBlock {P} at (7,64) size 85x16
                  RenderText {#text} at (40,0) size 5x16
                    text run at (40,0) width 5: " "
                RenderBlock {P} at (7,80) size 85x16
                  RenderText {#text} at (31,0) size 23x16
                    text run at (31,0) width 23: "Yes"
                RenderBlock {P} at (7,96) size 85x16
                  RenderText {#text} at (31,0) size 23x16
                    text run at (31,0) width 23: "Yes"
                RenderBlock {P} at (7,112) size 85x16
                  RenderText {#text} at (31,0) size 23x16
                    text run at (31,0) width 23: "Yes"
                RenderBlock {P} at (7,128) size 85x16
                  RenderText {#text} at (31,0) size 23x16
                    text run at (31,0) width 23: "Yes"
                  RenderInline {SPAN} at (0,0) size 0x16
                    RenderInline {O:P} at (0,0) size 0x16
              RenderTableCell {TD} at (367,1972) size 106x144 [r=32 c=3 rs=1 cs=1]
                RenderBlock {P} at (7,0) size 92x16
                  RenderText {#text} at (38,0) size 16x16
                    text run at (38,0) width 16: "No"
                  RenderInline {SPAN} at (0,0) size 0x16
                    RenderInline {O:P} at (0,0) size 0x16
                RenderBlock {P} at (7,16) size 92x16
                  RenderText {#text} at (4,0) size 84x16
                    text run at (4,0) width 84: "Gyro wannabe"
                RenderBlock {P} at (7,32) size 92x16
                  RenderText {#text} at (38,0) size 16x16
                    text run at (38,0) width 16: "No"
                RenderBlock {P} at (7,48) size 92x16
                  RenderText {#text} at (38,0) size 16x16
                    text run at (38,0) width 16: "No"
                RenderBlock {P} at (7,64) size 92x16
                  RenderText {#text} at (44,0) size 4x16
                    text run at (44,0) width 4: " "
                RenderBlock {P} at (7,80) size 92x16
                  RenderText {#text} at (38,0) size 16x16
                    text run at (38,0) width 16: "No"
                RenderBlock {P} at (7,96) size 92x16
                  RenderText {#text} at (38,0) size 16x16
                    text run at (38,0) width 16: "No"
                RenderBlock {P} at (7,112) size 92x16
                  RenderText {#text} at (38,0) size 16x16
                    text run at (38,0) width 16: "No"
                RenderBlock {P} at (7,128) size 92x16
                  RenderText {#text} at (38,0) size 16x16
                    text run at (38,0) width 16: "No"
                  RenderInline {SPAN} at (0,0) size 0x16
                    RenderInline {O:P} at (0,0) size 0x16
            RenderTableRow {TR} at (0,2116) size 473x128
              RenderTableCell {TD} at (0,2116) size 98x16 [r=33 c=0 rs=1 cs=1]
                RenderBlock {P} at (7,0) size 84x16
                  RenderText {#text} at (35,0) size 14x16
                    text run at (35,0) width 14: "34"
                  RenderInline {SPAN} at (0,0) size 0x16
                    RenderInline {O:P} at (0,0) size 0x16
              RenderTableCell {TD} at (98,2116) size 170x128 [r=33 c=1 rs=1 cs=1]
                RenderBlock {P} at (7,0) size 156x16
                  RenderText {#text} at (0,0) size 62x16
                    text run at (0,0) width 62: "Jay Ribera"
                RenderBlock {P} at (7,16) size 156x16
                  RenderText {#text} at (0,0) size 89x16
                    text run at (0,0) width 89: "Gerald Cardinal"
                RenderBlock {P} at (7,32) size 156x16
                  RenderText {#text} at (0,0) size 72x16
                    text run at (0,0) width 72: "Dale Barnett"
                RenderBlock {P} at (7,48) size 156x16
                  RenderText {#text} at (0,0) size 67x16
                    text run at (0,0) width 67: "Paul Walter"
                RenderBlock {P} at (7,64) size 156x16
                  RenderText {#text} at (0,0) size 91x16
                    text run at (0,0) width 91: "Dominic Bayani"
                RenderBlock {P} at (7,80) size 156x16
                  RenderText {#text} at (0,0) size 95x16
                    text run at (0,0) width 95: "Donald Carvalho"
                RenderBlock {P} at (7,96) size 156x16
                  RenderText {#text} at (0,0) size 84x16
                    text run at (0,0) width 84: "Jack Peterson"
                RenderBlock {P} at (7,112) size 156x16
                  RenderText {#text} at (0,0) size 69x16
                    text run at (0,0) width 69: "Scott Hersh"
                  RenderInline {SPAN} at (0,0) size 0x16
                    RenderInline {O:P} at (0,0) size 0x16
              RenderTableCell {TD} at (268,2116) size 99x128 [r=33 c=2 rs=1 cs=1]
                RenderBlock {P} at (7,0) size 85x16
                  RenderText {#text} at (31,0) size 23x16
                    text run at (31,0) width 23: "Yes"
                RenderBlock {P} at (7,16) size 85x16
                  RenderText {#text} at (40,0) size 5x16
                    text run at (40,0) width 5: " "
                RenderBlock {P} at (7,32) size 85x16
                  RenderText {#text} at (31,0) size 23x16
                    text run at (31,0) width 23: "Yes"
                RenderBlock {P} at (7,48) size 85x16
                  RenderText {#text} at (40,0) size 5x16
                    text run at (40,0) width 5: " "
                RenderBlock {P} at (7,64) size 85x16
                  RenderText {#text} at (40,0) size 5x16
                    text run at (40,0) width 5: " "
                RenderBlock {P} at (7,80) size 85x16
                  RenderText {#text} at (40,0) size 5x16
                    text run at (40,0) width 5: " "
                RenderBlock {P} at (7,96) size 85x16
                  RenderText {#text} at (40,0) size 5x16
                    text run at (40,0) width 5: " "
                RenderBlock {P} at (7,112) size 85x16
                  RenderText {#text} at (31,0) size 23x16
                    text run at (31,0) width 23: "Yes"
                  RenderInline {SPAN} at (0,0) size 0x16
                    RenderInline {O:P} at (0,0) size 0x16
              RenderTableCell {TD} at (367,2116) size 106x128 [r=33 c=3 rs=1 cs=1]
                RenderBlock {P} at (7,0) size 92x16
                  RenderText {#text} at (38,0) size 16x16
                    text run at (38,0) width 16: "No"
                RenderBlock {P} at (7,16) size 92x16
                  RenderText {#text} at (44,0) size 4x16
                    text run at (44,0) width 4: " "
                RenderBlock {P} at (7,32) size 92x16
                  RenderText {#text} at (38,0) size 16x16
                    text run at (38,0) width 16: "No"
                RenderBlock {P} at (7,48) size 92x16
                  RenderText {#text} at (44,0) size 4x16
                    text run at (44,0) width 4: " "
                RenderBlock {P} at (7,64) size 92x16
                  RenderText {#text} at (44,0) size 4x16
                    text run at (44,0) width 4: " "
                RenderBlock {P} at (7,80) size 92x16
                  RenderText {#text} at (44,0) size 4x16
                    text run at (44,0) width 4: " "
                RenderBlock {P} at (7,96) size 92x16
                  RenderText {#text} at (44,0) size 4x16
                    text run at (44,0) width 4: " "
                RenderBlock {P} at (7,112) size 92x16
                  RenderText {#text} at (38,0) size 16x16
                    text run at (38,0) width 16: "No"
                  RenderInline {SPAN} at (0,0) size 0x16
                    RenderInline {O:P} at (0,0) size 0x16
            RenderTableRow {TR} at (0,2244) size 473x80
              RenderTableCell {TD} at (0,2244) size 98x16 [r=34 c=0 rs=1 cs=1]
                RenderBlock {P} at (7,0) size 84x16
                  RenderText {#text} at (35,0) size 14x16
                    text run at (35,0) width 14: "35"
                  RenderInline {SPAN} at (0,0) size 0x16
                    RenderInline {O:P} at (0,0) size 0x16
              RenderTableCell {TD} at (98,2244) size 170x80 [r=34 c=1 rs=1 cs=1]
                RenderBlock {P} at (7,0) size 156x16
                  RenderText {#text} at (0,0) size 87x16
                    text run at (0,0) width 87: " Richard Green"
                RenderBlock {P} at (7,16) size 156x16
                  RenderText {#text} at (0,0) size 66x16
                    text run at (0,0) width 66: "David Allen"
                RenderBlock {P} at (7,32) size 156x16
                  RenderText {#text} at (0,0) size 61x16
                    text run at (0,0) width 61: "Jim Colvin"
                RenderBlock {P} at (7,48) size 156x16
                  RenderText {#text} at (0,0) size 74x16
                    text run at (0,0) width 74: "Harald Close"
                RenderBlock {P} at (7,64) size 156x16
                  RenderText {#text} at (0,0) size 65x16
                    text run at (0,0) width 65: "Oliver Baer"
                  RenderInline {SPAN} at (0,0) size 0x16
                    RenderInline {O:P} at (0,0) size 0x16
              RenderTableCell {TD} at (268,2244) size 99x80 [r=34 c=2 rs=1 cs=1]
                RenderBlock {P} at (7,0) size 85x16
                  RenderText {#text} at (40,0) size 5x16
                    text run at (40,0) width 5: " "
                RenderBlock {P} at (7,16) size 85x16
                  RenderText {#text} at (40,0) size 5x16
                    text run at (40,0) width 5: " "
                RenderBlock {P} at (7,32) size 85x16
                  RenderText {#text} at (40,0) size 5x16
                    text run at (40,0) width 5: " "
                RenderBlock {P} at (7,48) size 85x16
                  RenderText {#text} at (31,0) size 23x16
                    text run at (31,0) width 23: "Yes"
                RenderBlock {P} at (7,64) size 85x16
                  RenderText {#text} at (31,0) size 23x16
                    text run at (31,0) width 23: "Yes"
                  RenderInline {SPAN} at (0,0) size 0x16
                    RenderInline {O:P} at (0,0) size 0x16
              RenderTableCell {TD} at (367,2244) size 106x80 [r=34 c=3 rs=1 cs=1]
                RenderBlock {P} at (7,0) size 92x16
                  RenderText {#text} at (44,0) size 4x16
                    text run at (44,0) width 4: " "
                RenderBlock {P} at (7,16) size 92x16
                  RenderText {#text} at (44,0) size 4x16
                    text run at (44,0) width 4: " "
                RenderBlock {P} at (7,32) size 92x16
                  RenderText {#text} at (44,0) size 4x16
                    text run at (44,0) width 4: " "
                RenderBlock {P} at (7,48) size 92x16
                  RenderText {#text} at (34,0) size 24x16
                    text run at (34,0) width 24: "Yes"
                RenderBlock {P} at (7,64) size 92x16
                  RenderText {#text} at (38,0) size 16x16
                    text run at (38,0) width 16: "No"
                  RenderInline {SPAN} at (0,0) size 0x16
                    RenderInline {O:P} at (0,0) size 0x16
            RenderTableRow {TR} at (0,2324) size 473x80
              RenderTableCell {TD} at (0,2324) size 98x16 [r=35 c=0 rs=1 cs=1]
                RenderBlock {P} at (7,0) size 84x16
                  RenderText {#text} at (35,0) size 14x16
                    text run at (35,0) width 14: "36"
                  RenderInline {SPAN} at (0,0) size 0x16
                    RenderInline {O:P} at (0,0) size 0x16
              RenderTableCell {TD} at (98,2324) size 170x80 [r=35 c=1 rs=1 cs=1]
                RenderBlock {P} at (7,0) size 156x16
                  RenderText {#text} at (0,0) size 80x16
                    text run at (0,0) width 80: "Jason Beehm"
                RenderBlock {P} at (7,16) size 156x16
                  RenderText {#text} at (0,0) size 97x16
                    text run at (0,0) width 97: "Darrell Carpenter"
                RenderBlock {P} at (7,32) size 156x16
                  RenderText {#text} at (0,0) size 86x16
                    text run at (0,0) width 86: "Stefan Kiritzov"
                RenderBlock {P} at (7,48) size 156x16
                  RenderText {#text} at (0,0) size 72x16
                    text run at (0,0) width 72: "Dale Barnett"
                RenderBlock {P} at (7,64) size 156x16
                  RenderText {#text} at (0,0) size 68x16
                    text run at (0,0) width 68: "Dan Sievert"
                  RenderInline {SPAN} at (0,0) size 0x16
                    RenderInline {O:P} at (0,0) size 0x16
              RenderTableCell {TD} at (268,2324) size 99x80 [r=35 c=2 rs=1 cs=1]
                RenderBlock {P} at (7,0) size 85x16
                  RenderText {#text} at (31,0) size 23x16
                    text run at (31,0) width 23: "Yes"
                RenderBlock {P} at (7,16) size 85x16
                  RenderText {#text} at (31,0) size 23x16
                    text run at (31,0) width 23: "Yes"
                RenderBlock {P} at (7,32) size 85x16
                  RenderText {#text} at (31,0) size 23x16
                    text run at (31,0) width 23: "Yes"
                RenderBlock {P} at (7,48) size 85x16
                  RenderText {#text} at (31,0) size 23x16
                    text run at (31,0) width 23: "Yes"
                RenderBlock {P} at (7,64) size 85x16
                  RenderText {#text} at (31,0) size 23x16
                    text run at (31,0) width 23: "Yes"
                  RenderInline {SPAN} at (0,0) size 0x16
                    RenderInline {O:P} at (0,0) size 0x16
              RenderTableCell {TD} at (367,2324) size 106x80 [r=35 c=3 rs=1 cs=1]
                RenderBlock {P} at (7,0) size 92x16
                  RenderText {#text} at (38,0) size 16x16
                    text run at (38,0) width 16: "No"
                RenderBlock {P} at (7,16) size 92x16
                  RenderText {#text} at (38,0) size 16x16
                    text run at (38,0) width 16: "No"
                RenderBlock {P} at (7,32) size 92x16
                  RenderText {#text} at (34,0) size 24x16
                    text run at (34,0) width 24: "Yes"
                RenderBlock {P} at (7,48) size 92x16
                  RenderText {#text} at (38,0) size 16x16
                    text run at (38,0) width 16: "No"
                RenderBlock {P} at (7,64) size 92x16
                  RenderText {#text} at (38,0) size 16x16
                    text run at (38,0) width 16: "No"
                  RenderInline {SPAN} at (0,0) size 0x16
                    RenderInline {O:P} at (0,0) size 0x16
            RenderTableRow {TR} at (0,2404) size 473x64
              RenderTableCell {TD} at (0,2404) size 98x16 [r=36 c=0 rs=1 cs=1]
                RenderBlock {P} at (7,0) size 84x16
                  RenderText {#text} at (35,0) size 14x16
                    text run at (35,0) width 14: "37"
                  RenderInline {SPAN} at (0,0) size 0x16
                    RenderInline {O:P} at (0,0) size 0x16
              RenderTableCell {TD} at (98,2404) size 170x64 [r=36 c=1 rs=1 cs=1]
                RenderBlock {P} at (7,0) size 156x16
                  RenderText {#text} at (0,0) size 94x16
                    text run at (0,0) width 94: "Dominic Civiletti"
                RenderBlock {P} at (7,16) size 156x16
                  RenderText {#text} at (0,0) size 88x16
                    text run at (0,0) width 88: "John Chamorro"
                RenderBlock {P} at (7,32) size 156x16
                  RenderText {#text} at (0,0) size 76x16
                    text run at (0,0) width 76: "Jim Mirowski"
                RenderBlock {P} at (7,48) size 156x16
                  RenderText {#text} at (0,0) size 82x16
                    text run at (0,0) width 82: "Soohong  Kim"
                  RenderInline {SPAN} at (0,0) size 0x16
                    RenderInline {O:P} at (0,0) size 0x16
              RenderTableCell {TD} at (268,2404) size 99x64 [r=36 c=2 rs=1 cs=1]
                RenderBlock {P} at (7,0) size 85x16
                  RenderText {#text} at (31,0) size 23x16
                    text run at (31,0) width 23: "Yes"
                RenderBlock {P} at (7,16) size 85x16
                  RenderText {#text} at (40,0) size 5x16
                    text run at (40,0) width 5: " "
                RenderBlock {P} at (7,32) size 85x16
                  RenderText {#text} at (40,0) size 5x16
                    text run at (40,0) width 5: " "
                RenderBlock {P} at (7,48) size 85x16
                  RenderText {#text} at (31,0) size 23x16
                    text run at (31,0) width 23: "Yes"
                  RenderInline {SPAN} at (0,0) size 0x16
                    RenderInline {O:P} at (0,0) size 0x16
              RenderTableCell {TD} at (367,2404) size 106x64 [r=36 c=3 rs=1 cs=1]
                RenderBlock {P} at (7,0) size 92x16
                  RenderText {#text} at (38,0) size 16x16
                    text run at (38,0) width 16: "No"
                RenderBlock {P} at (7,16) size 92x16
                  RenderText {#text} at (44,0) size 4x16
                    text run at (44,0) width 4: " "
                RenderBlock {P} at (7,32) size 92x16
                  RenderText {#text} at (44,0) size 4x16
                    text run at (44,0) width 4: " "
                RenderBlock {P} at (7,48) size 92x16
                  RenderText {#text} at (38,0) size 16x16
                    text run at (38,0) width 16: "No"
                  RenderInline {SPAN} at (0,0) size 0x16
                    RenderInline {O:P} at (0,0) size 0x16
            RenderTableRow {TR} at (0,2468) size 473x96
              RenderTableCell {TD} at (0,2468) size 98x16 [r=37 c=0 rs=1 cs=1]
                RenderBlock {P} at (7,0) size 84x16
                  RenderText {#text} at (35,0) size 14x16
                    text run at (35,0) width 14: "38"
                  RenderInline {SPAN} at (0,0) size 0x16
                    RenderInline {O:P} at (0,0) size 0x16
              RenderTableCell {TD} at (98,2468) size 170x96 [r=37 c=1 rs=1 cs=1]
                RenderBlock {P} at (7,0) size 156x16
                  RenderText {#text} at (0,0) size 102x16
                    text run at (0,0) width 102: "Karl Allmendinger"
                  RenderInline {SPAN} at (0,0) size 0x16
                    RenderInline {O:P} at (0,0) size 0x16
                RenderBlock {P} at (7,16) size 156x16
                  RenderText {#text} at (0,0) size 69x16
                    text run at (0,0) width 69: "John Bernal"
                  RenderInline {SPAN} at (0,0) size 0x16
                    RenderInline {O:P} at (0,0) size 0x16
                RenderBlock {P} at (7,32) size 156x16
                  RenderText {#text} at (0,0) size 80x16
                    text run at (0,0) width 80: "Gene Langley"
                RenderBlock {P} at (7,48) size 156x16
                  RenderText {#text} at (0,0) size 81x16
                    text run at (0,0) width 81: "Chuck Pringle"
                RenderBlock {P} at (7,64) size 156x16
                  RenderText {#text} at (0,0) size 60x16
                    text run at (0,0) width 60: "Jimmy Lei"
                RenderBlock {P} at (7,80) size 156x16
                  RenderText {#text} at (0,0) size 98x16
                    text run at (0,0) width 98: "Ruenjoe (Joe) Lu"
                  RenderInline {SPAN} at (0,0) size 0x16
                    RenderInline {O:P} at (0,0) size 0x16
              RenderTableCell {TD} at (268,2468) size 99x64 [r=37 c=2 rs=1 cs=1]
                RenderBlock {P} at (7,0) size 85x16
                  RenderText {#text} at (31,0) size 23x16
                    text run at (31,0) width 23: "Yes"
                  RenderInline {SPAN} at (0,0) size 0x16
                    RenderInline {O:P} at (0,0) size 0x16
                RenderBlock {P} at (7,16) size 85x16
                  RenderText {#text} at (31,0) size 23x16
                    text run at (31,0) width 23: "Yes"
                  RenderInline {SPAN} at (0,0) size 0x16
                    RenderInline {O:P} at (0,0) size 0x16
                RenderBlock {P} at (7,32) size 85x16
                  RenderText {#text} at (31,0) size 23x16
                    text run at (31,0) width 23: "Yes"
                RenderBlock {P} at (7,48) size 85x16
                  RenderText {#text} at (31,0) size 23x16
                    text run at (31,0) width 23: "Yes"
                  RenderInline {SPAN} at (0,0) size 0x16
                    RenderInline {O:P} at (0,0) size 0x16
              RenderTableCell {TD} at (367,2468) size 106x64 [r=37 c=3 rs=1 cs=1]
                RenderBlock {P} at (7,0) size 92x16
                  RenderText {#text} at (38,0) size 16x16
                    text run at (38,0) width 16: "No"
                  RenderInline {SPAN} at (0,0) size 0x16
                    RenderInline {O:P} at (0,0) size 0x16
                RenderBlock {P} at (7,16) size 92x16
                  RenderText {#text} at (38,0) size 16x16
                    text run at (38,0) width 16: "No"
                  RenderInline {SPAN} at (0,0) size 0x16
                    RenderInline {O:P} at (0,0) size 0x16
                RenderBlock {P} at (7,32) size 92x16
                  RenderText {#text} at (4,0) size 84x16
                    text run at (4,0) width 84: "Gyro wannabe"
                RenderBlock {P} at (7,48) size 92x16
                  RenderText {#text} at (38,0) size 16x16
                    text run at (38,0) width 16: "No"
                  RenderInline {SPAN} at (0,0) size 0x16
                    RenderInline {O:P} at (0,0) size 0x16
            RenderTableRow {TR} at (0,2564) size 473x48
              RenderTableCell {TD} at (0,2564) size 98x16 [r=38 c=0 rs=1 cs=1]
                RenderBlock {P} at (7,0) size 84x16
                  RenderText {#text} at (35,0) size 14x16
                    text run at (35,0) width 14: "39"
                  RenderInline {SPAN} at (0,0) size 0x16
                    RenderInline {O:P} at (0,0) size 0x16
              RenderTableCell {TD} at (98,2564) size 170x48 [r=38 c=1 rs=1 cs=1]
                RenderBlock {P} at (7,0) size 156x16
                  RenderText {#text} at (0,0) size 74x16
                    text run at (0,0) width 74: "Tom Wagner"
                RenderBlock {P} at (7,16) size 156x16
                  RenderText {#text} at (0,0) size 65x16
                    text run at (0,0) width 65: "Oliver Baer"
                RenderBlock {P} at (7,32) size 156x16
                  RenderText {#text} at (0,0) size 66x16
                    text run at (0,0) width 66: "Will Sievert"
                  RenderInline {SPAN} at (0,0) size 0x16
                    RenderInline {O:P} at (0,0) size 0x16
              RenderTableCell {TD} at (268,2564) size 99x48 [r=38 c=2 rs=1 cs=1]
                RenderBlock {P} at (7,0) size 85x16
                  RenderText {#text} at (31,0) size 23x16
                    text run at (31,0) width 23: "Yes"
                RenderBlock {P} at (7,16) size 85x16
                  RenderText {#text} at (31,0) size 23x16
                    text run at (31,0) width 23: "Yes"
                RenderBlock {P} at (7,32) size 85x16
                  RenderText {#text} at (31,0) size 23x16
                    text run at (31,0) width 23: "Yes"
                  RenderInline {SPAN} at (0,0) size 0x16
                    RenderInline {O:P} at (0,0) size 0x16
              RenderTableCell {TD} at (367,2564) size 106x48 [r=38 c=3 rs=1 cs=1]
                RenderBlock {P} at (7,0) size 92x16
                  RenderText {#text} at (38,0) size 16x16
                    text run at (38,0) width 16: "No"
                RenderBlock {P} at (7,16) size 92x16
                  RenderText {#text} at (38,0) size 16x16
                    text run at (38,0) width 16: "No"
                RenderBlock {P} at (7,32) size 92x16
                  RenderText {#text} at (38,0) size 16x16
                    text run at (38,0) width 16: "No"
                  RenderInline {SPAN} at (0,0) size 0x16
                    RenderInline {O:P} at (0,0) size 0x16
            RenderTableRow {TR} at (0,2612) size 473x128
              RenderTableCell {TD} at (0,2612) size 98x16 [r=39 c=0 rs=1 cs=1]
                RenderBlock {P} at (7,0) size 84x16
                  RenderText {#text} at (35,0) size 14x16
                    text run at (35,0) width 14: "40"
                  RenderInline {SPAN} at (0,0) size 0x16
                    RenderInline {O:P} at (0,0) size 0x16
              RenderTableCell {TD} at (98,2612) size 170x128 [r=39 c=1 rs=1 cs=1]
                RenderBlock {P} at (7,0) size 156x16
                  RenderText {#text} at (0,0) size 87x16
                    text run at (0,0) width 87: "Alberto Lanzas"
                  RenderInline {SPAN} at (0,0) size 0x16
                    RenderInline {O:P} at (0,0) size 0x16
                RenderBlock {P} at (7,16) size 156x16
                  RenderText {#text} at (0,0) size 100x16
                    text run at (0,0) width 100: "Zak + Mike West"
                  RenderInline {SPAN} at (0,0) size 0x16
                    RenderInline {O:P} at (0,0) size 0x16
                RenderBlock {P} at (7,32) size 156x16
                  RenderText {#text} at (0,0) size 75x16
                    text run at (0,0) width 75: "Javier Flores"
                  RenderInline {SPAN} at (0,0) size 0x16
                    RenderInline {O:P} at (0,0) size 0x16
                RenderBlock {P} at (7,48) size 156x16
                  RenderText {#text} at (0,0) size 71x16
                    text run at (0,0) width 71: "Bill Johnson"
                  RenderInline {SPAN} at (0,0) size 0x16
                    RenderInline {O:P} at (0,0) size 0x16
                RenderBlock {P} at (7,64) size 156x16
                  RenderText {#text} at (0,0) size 80x16
                    text run at (0,0) width 80: "Gene Langley"
                RenderBlock {P} at (7,80) size 156x16
                  RenderText {#text} at (0,0) size 72x16
                    text run at (0,0) width 72: "Rich Burnett"
                RenderBlock {P} at (7,96) size 156x16
                  RenderText {#text} at (0,0) size 95x16
                    text run at (0,0) width 95: "Jack Goodfriend"
                RenderBlock {P} at (7,112) size 156x16
                  RenderText {#text} at (0,0) size 74x16
                    text run at (0,0) width 74: "Harald Close"
                  RenderInline {SPAN} at (0,0) size 0x16
                    RenderInline {O:P} at (0,0) size 0x16
              RenderTableCell {TD} at (268,2612) size 99x128 [r=39 c=2 rs=1 cs=1]
                RenderBlock {P} at (7,0) size 85x16
                  RenderText {#text} at (31,0) size 23x16
                    text run at (31,0) width 23: "Yes"
                  RenderInline {SPAN} at (0,0) size 0x16
                    RenderInline {O:P} at (0,0) size 0x16
                RenderBlock {P} at (7,16) size 85x16
                  RenderText {#text} at (31,0) size 23x16
                    text run at (31,0) width 23: "Yes"
                  RenderInline {SPAN} at (0,0) size 0x16
                    RenderInline {O:P} at (0,0) size 0x16
                RenderBlock {P} at (7,32) size 85x16
                  RenderText {#text} at (31,0) size 23x16
                    text run at (31,0) width 23: "Yes"
                  RenderInline {SPAN} at (0,0) size 0x16
                    RenderInline {O:P} at (0,0) size 0x16
                RenderBlock {P} at (7,48) size 85x16
                  RenderText {#text} at (31,0) size 23x16
                    text run at (31,0) width 23: "Yes"
                  RenderInline {SPAN} at (0,0) size 0x16
                    RenderInline {O:P} at (0,0) size 0x16
                RenderBlock {P} at (7,64) size 85x16
                  RenderText {#text} at (31,0) size 23x16
                    text run at (31,0) width 23: "Yes"
                RenderBlock {P} at (7,80) size 85x16
                  RenderText {#text} at (40,0) size 5x16
                    text run at (40,0) width 5: " "
                RenderBlock {P} at (7,96) size 85x16
                  RenderText {#text} at (40,0) size 5x16
                    text run at (40,0) width 5: " "
                RenderBlock {P} at (7,112) size 85x16
                  RenderText {#text} at (31,0) size 23x16
                    text run at (31,0) width 23: "Yes"
                  RenderInline {SPAN} at (0,0) size 0x16
                    RenderInline {O:P} at (0,0) size 0x16
              RenderTableCell {TD} at (367,2612) size 106x128 [r=39 c=3 rs=1 cs=1]
                RenderBlock {P} at (7,0) size 92x16
                  RenderText {#text} at (34,0) size 24x16
                    text run at (34,0) width 24: "Yes"
                  RenderInline {SPAN} at (0,0) size 1x16
                    RenderInline {O:P} at (0,0) size 1x16
                RenderBlock {P} at (7,16) size 92x16
                  RenderText {#text} at (34,0) size 24x16
                    text run at (34,0) width 24: "Yes"
                  RenderInline {SPAN} at (0,0) size 1x16
                    RenderInline {O:P} at (0,0) size 1x16
                RenderBlock {P} at (7,32) size 92x16
                  RenderText {#text} at (38,0) size 16x16
                    text run at (38,0) width 16: "No"
                  RenderInline {SPAN} at (0,0) size 0x16
                    RenderInline {O:P} at (0,0) size 0x16
                RenderBlock {P} at (7,48) size 92x16
                  RenderText {#text} at (38,0) size 16x16
                    text run at (38,0) width 16: "No"
                  RenderInline {SPAN} at (0,0) size 0x16
                    RenderInline {O:P} at (0,0) size 0x16
                RenderBlock {P} at (7,64) size 92x16
                  RenderText {#text} at (29,0) size 34x16
                    text run at (29,0) width 34: "Glider"
                RenderBlock {P} at (7,80) size 92x16
                  RenderText {#text} at (44,0) size 4x16
                    text run at (44,0) width 4: " "
                RenderBlock {P} at (7,96) size 92x16
                  RenderText {#text} at (44,0) size 4x16
                    text run at (44,0) width 4: " "
                RenderBlock {P} at (7,112) size 92x16
                  RenderText {#text} at (38,0) size 16x16
                    text run at (38,0) width 16: "No"
                  RenderInline {SPAN} at (0,0) size 0x16
                    RenderInline {O:P} at (0,0) size 0x16
            RenderTableRow {TR} at (0,2740) size 473x128
              RenderTableCell {TD} at (0,2740) size 98x16 [r=40 c=0 rs=1 cs=1]
                RenderBlock {P} at (7,0) size 84x16
                  RenderText {#text} at (35,0) size 14x16
                    text run at (35,0) width 14: "41"
                  RenderInline {SPAN} at (0,0) size 0x16
                    RenderInline {O:P} at (0,0) size 0x16
              RenderTableCell {TD} at (98,2740) size 170x128 [r=40 c=1 rs=1 cs=1]
                RenderBlock {P} at (7,0) size 156x16
                  RenderText {#text} at (0,0) size 94x16
                    text run at (0,0) width 94: "Dominic Civiletti"
                  RenderInline {SPAN} at (0,0) size 0x16
                    RenderInline {O:P} at (0,0) size 0x16
                RenderBlock {P} at (7,16) size 156x16
                  RenderText {#text} at (0,0) size 110x16
                    text run at (0,0) width 110: "Corbin Christensen"
                  RenderInline {SPAN} at (0,0) size 0x16
                    RenderInline {O:P} at (0,0) size 0x16
                RenderBlock {P} at (7,32) size 156x16
                  RenderText {#text} at (0,0) size 60x16
                    text run at (0,0) width 60: "Hal Hirsch"
                  RenderInline {SPAN} at (0,0) size 0x16
                    RenderInline {O:P} at (0,0) size 0x16
                RenderBlock {P} at (7,48) size 156x16
                  RenderText {#text} at (0,0) size 99x16
                    text run at (0,0) width 99: "Richard Sanchez"
                RenderBlock {P} at (7,64) size 156x16
                  RenderText {#text} at (0,0) size 69x16
                    text run at (0,0) width 69: "John Bernal"
                RenderBlock {P} at (7,80) size 156x16
                  RenderText {#text} at (0,0) size 72x16
                    text run at (0,0) width 72: "Rich Burnett"
                RenderBlock {P} at (7,96) size 156x16
                  RenderText {#text} at (0,0) size 74x16
                    text run at (0,0) width 74: "Brock Brown"
                RenderBlock {P} at (7,112) size 156x16
                  RenderText {#text} at (0,0) size 62x16
                    text run at (0,0) width 62: "John Paye"
                  RenderInline {SPAN} at (0,0) size 0x16
                    RenderInline {O:P} at (0,0) size 0x16
              RenderTableCell {TD} at (268,2740) size 99x112 [r=40 c=2 rs=1 cs=1]
                RenderBlock {P} at (7,0) size 85x16
                  RenderText {#text} at (31,0) size 23x16
                    text run at (31,0) width 23: "Yes"
                  RenderInline {SPAN} at (0,0) size 0x16
                    RenderInline {O:P} at (0,0) size 0x16
                RenderBlock {P} at (7,16) size 85x16
                  RenderText {#text} at (31,0) size 23x16
                    text run at (31,0) width 23: "Yes"
                  RenderInline {SPAN} at (0,0) size 0x16
                    RenderInline {O:P} at (0,0) size 0x16
                RenderBlock {P} at (7,32) size 85x16
                  RenderText {#text} at (31,0) size 23x16
                    text run at (31,0) width 23: "Yes"
                  RenderInline {SPAN} at (0,0) size 0x16
                    RenderInline {O:P} at (0,0) size 0x16
                RenderBlock {P} at (7,48) size 85x16
                  RenderText {#text} at (34,0) size 17x16
                    text run at (34,0) width 17: "No"
                RenderBlock {P} at (7,64) size 85x16
                  RenderText {#text} at (31,0) size 23x16
                    text run at (31,0) width 23: "Yes"
                RenderBlock {P} at (7,80) size 85x16
                  RenderText {#text} at (40,0) size 5x16
                    text run at (40,0) width 5: " "
                RenderBlock {P} at (7,96) size 85x16
                  RenderText {#text} at (31,0) size 23x16
                    text run at (31,0) width 23: "Yes"
                  RenderInline {SPAN} at (0,0) size 0x16
                    RenderInline {O:P} at (0,0) size 0x16
              RenderTableCell {TD} at (367,2740) size 106x112 [r=40 c=3 rs=1 cs=1]
                RenderBlock {P} at (7,0) size 92x16
                  RenderText {#text} at (38,0) size 16x16
                    text run at (38,0) width 16: "No"
                  RenderInline {SPAN} at (0,0) size 0x16
                    RenderInline {O:P} at (0,0) size 0x16
                RenderBlock {P} at (7,16) size 92x16
                  RenderText {#text} at (38,0) size 16x16
                    text run at (38,0) width 16: "No"
                  RenderInline {SPAN} at (0,0) size 0x16
                    RenderInline {O:P} at (0,0) size 0x16
                RenderBlock {P} at (7,32) size 92x16
                  RenderText {#text} at (38,0) size 16x16
                    text run at (38,0) width 16: "No"
                  RenderInline {SPAN} at (0,0) size 0x16
                    RenderInline {O:P} at (0,0) size 0x16
                RenderBlock {P} at (7,48) size 92x16
                  RenderText {#text} at (34,0) size 24x16
                    text run at (34,0) width 24: "Yes"
                RenderBlock {P} at (7,64) size 92x16
                  RenderText {#text} at (38,0) size 16x16
                    text run at (38,0) width 16: "No"
                RenderBlock {P} at (7,80) size 92x16
                  RenderText {#text} at (44,0) size 4x16
                    text run at (44,0) width 4: " "
                RenderBlock {P} at (7,96) size 92x16
                  RenderText {#text} at (38,0) size 16x16
                    text run at (38,0) width 16: "No"
                  RenderInline {SPAN} at (0,0) size 0x16
                    RenderInline {O:P} at (0,0) size 0x16
            RenderTableRow {TR} at (0,2868) size 473x128
              RenderTableCell {TD} at (0,2868) size 98x16 [r=41 c=0 rs=1 cs=1]
                RenderBlock {P} at (7,0) size 84x16
                  RenderText {#text} at (35,0) size 14x16
                    text run at (35,0) width 14: "42"
                  RenderInline {SPAN} at (0,0) size 0x16
                    RenderInline {O:P} at (0,0) size 0x16
              RenderTableCell {TD} at (98,2868) size 170x128 [r=41 c=1 rs=1 cs=1]
                RenderBlock {P} at (7,0) size 156x16
                  RenderText {#text} at (0,0) size 49x16
                    text run at (0,0) width 49: "Tony Yu"
                  RenderInline {SPAN} at (0,0) size 0x16
                    RenderInline {O:P} at (0,0) size 0x16
                RenderBlock {P} at (7,16) size 156x16
                  RenderText {#text} at (0,0) size 70x16
                    text run at (0,0) width 70: "Jason Miller"
                  RenderInline {SPAN} at (0,0) size 0x16
                    RenderInline {O:P} at (0,0) size 0x16
                RenderBlock {P} at (7,32) size 156x16
                  RenderText {#text} at (0,0) size 88x16
                    text run at (0,0) width 88: "Maurice Burton"
                RenderBlock {P} at (7,48) size 156x16
                  RenderText {#text} at (0,0) size 68x16
                    text run at (0,0) width 68: "Dan Sievert"
                RenderBlock {P} at (7,64) size 156x16
                  RenderText {#text} at (0,0) size 66x16
                    text run at (0,0) width 66: "Jerry Davis"
                RenderBlock {P} at (7,80) size 156x16
                  RenderText {#text} at (0,0) size 62x16
                    text run at (0,0) width 62: "John Paye"
                RenderBlock {P} at (7,96) size 156x16
                  RenderText {#text} at (0,0) size 76x16
                    text run at (0,0) width 76: "Gordon Frost"
                RenderBlock {P} at (7,112) size 156x16
                  RenderText {#text} at (0,0) size 70x16
                    text run at (0,0) width 70: "Chris Walsh"
                  RenderInline {SPAN} at (0,0) size 0x16
                    RenderInline {O:P} at (0,0) size 0x16
              RenderTableCell {TD} at (268,2868) size 99x80 [r=41 c=2 rs=1 cs=1]
                RenderBlock {P} at (7,0) size 85x16
                  RenderText {#text} at (31,0) size 23x16
                    text run at (31,0) width 23: "Yes"
                  RenderInline {SPAN} at (0,0) size 0x16
                    RenderInline {O:P} at (0,0) size 0x16
                RenderBlock {P} at (7,16) size 85x16
                  RenderText {#text} at (31,0) size 23x16
                    text run at (31,0) width 23: "Yes"
                  RenderInline {SPAN} at (0,0) size 0x16
                    RenderInline {O:P} at (0,0) size 0x16
                RenderBlock {P} at (7,32) size 85x16
                  RenderText {#text} at (31,0) size 23x16
                    text run at (31,0) width 23: "Yes"
                RenderBlock {P} at (7,48) size 85x16
                  RenderText {#text} at (31,0) size 23x16
                    text run at (31,0) width 23: "Yes"
                RenderBlock {P} at (7,64) size 85x16
                  RenderText {#text} at (31,0) size 23x16
                    text run at (31,0) width 23: "Yes"
                  RenderInline {SPAN} at (0,0) size 0x16
                    RenderInline {O:P} at (0,0) size 0x16
              RenderTableCell {TD} at (367,2868) size 106x80 [r=41 c=3 rs=1 cs=1]
                RenderBlock {P} at (7,0) size 92x16
                  RenderText {#text} at (38,0) size 16x16
                    text run at (38,0) width 16: "No"
                  RenderInline {SPAN} at (0,0) size 0x16
                    RenderInline {O:P} at (0,0) size 0x16
                RenderBlock {P} at (7,16) size 92x16
                  RenderText {#text} at (38,0) size 16x16
                    text run at (38,0) width 16: "No"
                  RenderInline {SPAN} at (0,0) size 0x16
                    RenderInline {O:P} at (0,0) size 0x16
                RenderBlock {P} at (7,32) size 92x16
                  RenderText {#text} at (38,0) size 16x16
                    text run at (38,0) width 16: "No"
                RenderBlock {P} at (7,48) size 92x16
                  RenderText {#text} at (38,0) size 16x16
                    text run at (38,0) width 16: "No"
                RenderBlock {P} at (7,64) size 92x16
                  RenderText {#text} at (38,0) size 16x16
                    text run at (38,0) width 16: "No"
                  RenderInline {SPAN} at (0,0) size 0x16
                    RenderInline {O:P} at (0,0) size 0x16
            RenderTableRow {TR} at (0,2996) size 473x112
              RenderTableCell {TD} at (0,2996) size 98x16 [r=42 c=0 rs=1 cs=1]
                RenderBlock {P} at (7,0) size 84x16
                  RenderText {#text} at (35,0) size 14x16
                    text run at (35,0) width 14: "43"
                  RenderInline {SPAN} at (0,0) size 0x16
                    RenderInline {O:P} at (0,0) size 0x16
              RenderTableCell {TD} at (98,2996) size 170x112 [r=42 c=1 rs=1 cs=1]
                RenderBlock {P} at (7,0) size 156x16
                  RenderText {#text} at (0,0) size 94x16
                    text run at (0,0) width 94: "Dominic Civiletti"
                  RenderInline {SPAN} at (0,0) size 0x16
                    RenderInline {O:P} at (0,0) size 0x16
                RenderBlock {P} at (7,16) size 156x16
                  RenderText {#text} at (0,0) size 67x16
                    text run at (0,0) width 67: "Ken Gullion"
                  RenderInline {SPAN} at (0,0) size 0x16
                    RenderInline {O:P} at (0,0) size 0x16
                RenderBlock {P} at (7,32) size 156x16
                  RenderText {#text} at (0,0) size 66x16
                    text run at (0,0) width 66: "Will Sievert"
                RenderBlock {P} at (7,48) size 156x16
                  RenderText {#text} at (0,0) size 78x16
                    text run at (0,0) width 78: "Jim Mahoney"
                RenderBlock {P} at (7,64) size 156x16
                  RenderText {#text} at (0,0) size 69x16
                    text run at (0,0) width 69: "Ken Manuel"
                RenderBlock {P} at (7,80) size 156x16
                  RenderText {#text} at (0,0) size 61x16
                    text run at (0,0) width 61: "John Todd"
                RenderBlock {P} at (7,96) size 156x16
                  RenderText {#text} at (0,0) size 99x16
                    text run at (0,0) width 99: "Rick Rasmussen"
                  RenderInline {SPAN} at (0,0) size 0x16
                    RenderInline {O:P} at (0,0) size 0x16
              RenderTableCell {TD} at (268,2996) size 99x80 [r=42 c=2 rs=1 cs=1]
                RenderBlock {P} at (7,0) size 85x16
                  RenderText {#text} at (31,0) size 23x16
                    text run at (31,0) width 23: "Yes"
                  RenderInline {SPAN} at (0,0) size 0x16
                    RenderInline {O:P} at (0,0) size 0x16
                RenderBlock {P} at (7,16) size 85x16
                  RenderText {#text} at (31,0) size 23x16
                    text run at (31,0) width 23: "Yes"
                  RenderInline {SPAN} at (0,0) size 0x16
                    RenderInline {O:P} at (0,0) size 0x16
                RenderBlock {P} at (7,32) size 85x16
                  RenderText {#text} at (31,0) size 23x16
                    text run at (31,0) width 23: "Yes"
                RenderBlock {P} at (7,48) size 85x16
                  RenderText {#text} at (31,0) size 23x16
                    text run at (31,0) width 23: "Yes"
                RenderBlock {P} at (7,64) size 85x16
                  RenderText {#text} at (31,0) size 23x16
                    text run at (31,0) width 23: "Yes"
                  RenderInline {SPAN} at (0,0) size 0x16
                    RenderInline {O:P} at (0,0) size 0x16
              RenderTableCell {TD} at (367,2996) size 106x80 [r=42 c=3 rs=1 cs=1]
                RenderBlock {P} at (7,0) size 92x16
                  RenderText {#text} at (38,0) size 16x16
                    text run at (38,0) width 16: "No"
                  RenderInline {SPAN} at (0,0) size 0x16
                    RenderInline {O:P} at (0,0) size 0x16
                RenderBlock {P} at (7,16) size 92x16
                  RenderText {#text} at (38,0) size 16x16
                    text run at (38,0) width 16: "No"
                  RenderInline {SPAN} at (0,0) size 0x16
                    RenderInline {O:P} at (0,0) size 0x16
                RenderBlock {P} at (7,32) size 92x16
                  RenderText {#text} at (18,0) size 56x16
                    text run at (18,0) width 56: "Someday"
                RenderBlock {P} at (7,48) size 92x16
                  RenderText {#text} at (34,0) size 24x16
                    text run at (34,0) width 24: "Yes"
                RenderBlock {P} at (7,64) size 92x16
                  RenderText {#text} at (38,0) size 16x16
                    text run at (38,0) width 16: "No"
                  RenderInline {SPAN} at (0,0) size 0x16
                    RenderInline {O:P} at (0,0) size 0x16
            RenderTableRow {TR} at (0,3108) size 473x64
              RenderTableCell {TD} at (0,3108) size 98x16 [r=43 c=0 rs=1 cs=1]
                RenderBlock {P} at (7,0) size 84x16
                  RenderText {#text} at (35,0) size 14x16
                    text run at (35,0) width 14: "44"
                  RenderInline {SPAN} at (0,0) size 0x16
                    RenderInline {O:P} at (0,0) size 0x16
              RenderTableCell {TD} at (98,3108) size 170x64 [r=43 c=1 rs=1 cs=1]
                RenderBlock {P} at (7,0) size 156x16
                  RenderText {#text} at (0,0) size 66x16
                    text run at (0,0) width 66: "Gary Heath"
                  RenderInline {SPAN} at (0,0) size 0x16
                    RenderInline {O:P} at (0,0) size 0x16
                RenderBlock {P} at (7,16) size 156x16
                  RenderText {#text} at (0,0) size 82x16
                    text run at (0,0) width 82: "Quinn Chuong"
                RenderBlock {P} at (7,32) size 156x16
                  RenderText {#text} at (0,0) size 68x16
                    text run at (0,0) width 68: "Dan Sievert"
                RenderBlock {P} at (7,48) size 156x16
                  RenderText {#text} at (0,0) size 89x16
                    text run at (0,0) width 89: "Alexander Wert"
                  RenderInline {SPAN} at (0,0) size 0x16
                    RenderInline {O:P} at (0,0) size 0x16
              RenderTableCell {TD} at (268,3108) size 99x64 [r=43 c=2 rs=1 cs=1]
                RenderBlock {P} at (7,0) size 85x16
                  RenderText {#text} at (34,0) size 17x16
                    text run at (34,0) width 17: "No"
                  RenderInline {SPAN} at (0,0) size 1x16
                    RenderInline {O:P} at (0,0) size 1x16
                RenderBlock {P} at (7,16) size 85x16
                  RenderText {#text} at (31,0) size 23x16
                    text run at (31,0) width 23: "Yes"
                RenderBlock {P} at (7,32) size 85x16
                  RenderText {#text} at (31,0) size 23x16
                    text run at (31,0) width 23: "Yes"
                RenderBlock {P} at (7,48) size 85x16
                  RenderText {#text} at (34,0) size 17x16
                    text run at (34,0) width 17: "No"
                  RenderInline {SPAN} at (0,0) size 1x16
                    RenderInline {O:P} at (0,0) size 1x16
              RenderTableCell {TD} at (367,3108) size 106x64 [r=43 c=3 rs=1 cs=1]
                RenderBlock {P} at (7,0) size 92x16
                  RenderText {#text} at (34,0) size 24x16
                    text run at (34,0) width 24: "Yes"
                  RenderInline {SPAN} at (0,0) size 1x16
                    RenderInline {O:P} at (0,0) size 1x16
                RenderBlock {P} at (7,16) size 92x16
                  RenderText {#text} at (34,0) size 24x16
                    text run at (34,0) width 24: "Yes"
                RenderBlock {P} at (7,32) size 92x16
                  RenderText {#text} at (38,0) size 16x16
                    text run at (38,0) width 16: "No"
                RenderBlock {P} at (7,48) size 92x16
                  RenderText {#text} at (34,0) size 24x16
                    text run at (34,0) width 24: "Yes"
                  RenderInline {SPAN} at (0,0) size 1x16
                    RenderInline {O:P} at (0,0) size 1x16
            RenderTableRow {TR} at (0,3172) size 473x48
              RenderTableCell {TD} at (0,3172) size 98x16 [r=44 c=0 rs=1 cs=1]
                RenderBlock {P} at (7,0) size 84x16
                  RenderText {#text} at (35,0) size 14x16
                    text run at (35,0) width 14: "45"
                  RenderInline {SPAN} at (0,0) size 0x16
                    RenderInline {O:P} at (0,0) size 0x16
              RenderTableCell {TD} at (98,3172) size 170x48 [r=44 c=1 rs=1 cs=1]
                RenderBlock {P} at (7,0) size 156x16
                  RenderText {#text} at (0,0) size 90x16
                    text run at (0,0) width 90: "James Holaduz"
                RenderBlock {P} at (7,16) size 156x16
                  RenderInline {FONT} at (0,0) size 57x16
                    RenderText {#text} at (0,0) size 57x16
                      text run at (0,0) width 57: "Don Coon"
                RenderBlock {P} at (7,32) size 156x16
                  RenderText {#text} at (0,0) size 89x16
                    text run at (0,0) width 89: "John Yearwood"
                  RenderInline {SPAN} at (0,0) size 0x16
                    RenderInline {O:P} at (0,0) size 0x16
              RenderTableCell {TD} at (268,3172) size 99x48 [r=44 c=2 rs=1 cs=1]
                RenderBlock {P} at (7,0) size 85x16
                  RenderText {#text} at (31,0) size 23x16
                    text run at (31,0) width 23: "Yes"
                RenderBlock {P} at (7,16) size 85x16
                  RenderText {#text} at (40,0) size 5x16
                    text run at (40,0) width 5: " "
                RenderBlock {P} at (7,32) size 85x16
                  RenderText {#text} at (31,0) size 23x16
                    text run at (31,0) width 23: "Yes"
                  RenderInline {SPAN} at (0,0) size 0x16
                    RenderInline {O:P} at (0,0) size 0x16
              RenderTableCell {TD} at (367,3172) size 106x48 [r=44 c=3 rs=1 cs=1]
                RenderBlock {P} at (7,0) size 92x16
                  RenderText {#text} at (38,0) size 16x16
                    text run at (38,0) width 16: "No"
                RenderBlock {P} at (7,16) size 92x16
                  RenderText {#text} at (44,0) size 4x16
                    text run at (44,0) width 4: " "
                RenderBlock {P} at (7,32) size 92x16
                  RenderText {#text} at (38,0) size 16x16
                    text run at (38,0) width 16: "No"
                  RenderInline {SPAN} at (0,0) size 0x16
                    RenderInline {O:P} at (0,0) size 0x16
            RenderTableRow {TR} at (0,3220) size 473x128
              RenderTableCell {TD} at (0,3220) size 98x16 [r=45 c=0 rs=1 cs=1]
                RenderBlock {P} at (7,0) size 84x16
                  RenderText {#text} at (35,0) size 14x16
                    text run at (35,0) width 14: "46"
                  RenderInline {SPAN} at (0,0) size 0x16
                    RenderInline {O:P} at (0,0) size 0x16
              RenderTableCell {TD} at (98,3220) size 170x128 [r=45 c=1 rs=1 cs=1]
                RenderBlock {P} at (7,0) size 156x16
                  RenderText {#text} at (0,0) size 56x16
                    text run at (0,0) width 56: "Zak West"
                  RenderInline {SPAN} at (0,0) size 0x16
                    RenderInline {O:P} at (0,0) size 0x16
                RenderBlock {P} at (7,16) size 156x16
                  RenderText {#text} at (0,0) size 102x16
                    text run at (0,0) width 102: "Karl Allmendinger"
                RenderBlock {P} at (7,32) size 156x16
                  RenderText {#text} at (0,0) size 94x16
                    text run at (0,0) width 94: "John Espectzde"
                RenderBlock {P} at (7,48) size 156x16
                  RenderText {#text} at (0,0) size 80x16
                    text run at (0,0) width 80: "Gene Pheiffer"
                RenderBlock {P} at (7,64) size 156x16
                  RenderText {#text} at (0,0) size 70x16
                    text run at (0,0) width 70: "Harold Todd"
                RenderBlock {P} at (7,80) size 156x16
                  RenderText {#text} at (0,0) size 89x16
                    text run at (0,0) width 89: "Gerald Cardinal"
                RenderBlock {P} at (7,96) size 156x16
                  RenderText {#text} at (0,0) size 70x16
                    text run at (0,0) width 70: "Ali Erdengiz"
                RenderBlock {P} at (7,112) size 156x16
                  RenderText {#text} at (0,0) size 94x16
                    text run at (0,0) width 94: "Jason Anderson"
                  RenderInline {SPAN} at (0,0) size 0x16
                    RenderInline {O:P} at (0,0) size 0x16
              RenderTableCell {TD} at (268,3220) size 99x128 [r=45 c=2 rs=1 cs=1]
                RenderBlock {P} at (7,0) size 85x16
                  RenderText {#text} at (31,0) size 23x16
                    text run at (31,0) width 23: "Yes"
                  RenderInline {SPAN} at (0,0) size 0x16
                    RenderInline {O:P} at (0,0) size 0x16
                RenderBlock {P} at (7,16) size 85x16
                  RenderText {#text} at (31,0) size 23x16
                    text run at (31,0) width 23: "Yes"
                RenderBlock {P} at (7,32) size 85x16
                  RenderText {#text} at (40,0) size 5x16
                    text run at (40,0) width 5: " "
                RenderBlock {P} at (7,48) size 85x16
                  RenderText {#text} at (31,0) size 23x16
                    text run at (31,0) width 23: "Yes"
                RenderBlock {P} at (7,64) size 85x16
                  RenderText {#text} at (40,0) size 5x16
                    text run at (40,0) width 5: " "
                RenderBlock {P} at (7,80) size 85x16
                  RenderText {#text} at (40,0) size 5x16
                    text run at (40,0) width 5: " "
                RenderBlock {P} at (7,96) size 85x16
                  RenderText {#text} at (40,0) size 5x16
                    text run at (40,0) width 5: " "
                RenderBlock {P} at (7,112) size 85x16
                  RenderText {#text} at (31,0) size 23x16
                    text run at (31,0) width 23: "Yes"
                  RenderInline {SPAN} at (0,0) size 0x16
                    RenderInline {O:P} at (0,0) size 0x16
              RenderTableCell {TD} at (367,3220) size 106x128 [r=45 c=3 rs=1 cs=1]
                RenderBlock {P} at (7,0) size 92x16
                  RenderText {#text} at (34,0) size 24x16
                    text run at (34,0) width 24: "Yes"
                  RenderInline {SPAN} at (0,0) size 1x16
                    RenderInline {O:P} at (0,0) size 1x16
                RenderBlock {P} at (7,16) size 92x16
                  RenderText {#text} at (38,0) size 16x16
                    text run at (38,0) width 16: "No"
                RenderBlock {P} at (7,32) size 92x16
                  RenderText {#text} at (44,0) size 4x16
                    text run at (44,0) width 4: " "
                RenderBlock {P} at (7,48) size 92x16
                  RenderText {#text} at (38,0) size 16x16
                    text run at (38,0) width 16: "No"
                RenderBlock {P} at (7,64) size 92x16
                  RenderText {#text} at (44,0) size 4x16
                    text run at (44,0) width 4: " "
                RenderBlock {P} at (7,80) size 92x16
                  RenderText {#text} at (44,0) size 4x16
                    text run at (44,0) width 4: " "
                RenderBlock {P} at (7,96) size 92x16
                  RenderText {#text} at (44,0) size 4x16
                    text run at (44,0) width 4: " "
                RenderBlock {P} at (7,112) size 92x16
                  RenderText {#text} at (38,0) size 16x16
                    text run at (38,0) width 16: "No"
                  RenderInline {SPAN} at (0,0) size 0x16
                    RenderInline {O:P} at (0,0) size 0x16
            RenderTableRow {TR} at (0,3348) size 473x176
              RenderTableCell {TD} at (0,3348) size 98x16 [r=46 c=0 rs=1 cs=1]
                RenderBlock {P} at (7,0) size 84x16
                  RenderText {#text} at (35,0) size 14x16
                    text run at (35,0) width 14: "47"
                  RenderInline {SPAN} at (0,0) size 0x16
                    RenderInline {O:P} at (0,0) size 0x16
              RenderTableCell {TD} at (98,3348) size 170x176 [r=46 c=1 rs=1 cs=1]
                RenderBlock {P} at (7,0) size 156x16
                  RenderText {#text} at (0,0) size 90x16
                    text run at (0,0) width 90: "James Holaduz"
                  RenderInline {SPAN} at (0,0) size 0x16
                    RenderInline {O:P} at (0,0) size 0x16
                RenderBlock {P} at (7,16) size 156x16
                  RenderText {#text} at (0,0) size 49x16
                    text run at (0,0) width 49: "Tony Yu"
                  RenderInline {SPAN} at (0,0) size 0x16
                    RenderInline {O:P} at (0,0) size 0x16
                RenderBlock {P} at (7,32) size 156x16
                  RenderText {#text} at (0,0) size 86x16
                    text run at (0,0) width 86: "Quang Nguyen"
                  RenderInline {SPAN} at (0,0) size 0x16
                    RenderInline {O:P} at (0,0) size 0x16
                RenderBlock {P} at (7,48) size 156x16
                  RenderText {#text} at (0,0) size 78x16
                    text run at (0,0) width 78: "Rick Klement"
                  RenderInline {SPAN} at (0,0) size 0x16
                    RenderInline {O:P} at (0,0) size 0x16
                RenderBlock {P} at (7,64) size 156x16
                  RenderText {#text} at (0,0) size 83x16
                    text run at (0,0) width 83: "Mark Glanville"
                  RenderInline {SPAN} at (0,0) size 0x16
                    RenderInline {O:P} at (0,0) size 0x16
                RenderBlock {P} at (7,80) size 156x16
                  RenderText {#text} at (0,0) size 93x16
                    text run at (0,0) width 93: "Michael Chansu"
                RenderBlock {P} at (7,96) size 156x16
                  RenderText {#text} at (0,0) size 70x16
                    text run at (0,0) width 70: "Harold Todd"
                RenderBlock {P} at (7,112) size 156x16
                  RenderInline {FONT} at (0,0) size 57x16
                    RenderText {#text} at (0,0) size 57x16
                      text run at (0,0) width 57: "Don Coon"
                RenderBlock {P} at (7,128) size 156x16
                  RenderText {#text} at (0,0) size 62x16
                    text run at (0,0) width 62: "John Paye"
                RenderBlock {P} at (7,144) size 156x16
                  RenderText {#text} at (0,0) size 66x16
                    text run at (0,0) width 66: "David Allen"
                RenderBlock {P} at (7,160) size 156x16
                  RenderText {#text} at (0,0) size 112x16
                    text run at (0,0) width 112: "Raymund Leonardo"
                  RenderInline {SPAN} at (0,0) size 0x16
                    RenderInline {O:P} at (0,0) size 0x16
              RenderTableCell {TD} at (268,3348) size 99x176 [r=46 c=2 rs=1 cs=1]
                RenderBlock {P} at (7,0) size 85x16
                  RenderText {#text} at (31,0) size 23x16
                    text run at (31,0) width 23: "Yes"
                  RenderInline {SPAN} at (0,0) size 0x16
                    RenderInline {O:P} at (0,0) size 0x16
                RenderBlock {P} at (7,16) size 85x16
                  RenderText {#text} at (31,0) size 23x16
                    text run at (31,0) width 23: "Yes"
                  RenderInline {SPAN} at (0,0) size 0x16
                    RenderInline {O:P} at (0,0) size 0x16
                RenderBlock {P} at (7,32) size 85x16
                  RenderText {#text} at (31,0) size 23x16
                    text run at (31,0) width 23: "Yes"
                  RenderInline {SPAN} at (0,0) size 0x16
                    RenderInline {O:P} at (0,0) size 0x16
                RenderBlock {P} at (7,48) size 85x16
                  RenderText {#text} at (31,0) size 23x16
                    text run at (31,0) width 23: "Yes"
                  RenderInline {SPAN} at (0,0) size 0x16
                    RenderInline {O:P} at (0,0) size 0x16
                RenderBlock {P} at (7,64) size 85x16
                  RenderText {#text} at (31,0) size 23x16
                    text run at (31,0) width 23: "Yes"
                  RenderInline {SPAN} at (0,0) size 0x16
                    RenderInline {O:P} at (0,0) size 0x16
                RenderBlock {P} at (7,80) size 85x16
                  RenderText {#text} at (31,0) size 23x16
                    text run at (31,0) width 23: "Yes"
                RenderBlock {P} at (7,96) size 85x16
                  RenderText {#text} at (40,0) size 5x16
                    text run at (40,0) width 5: " "
                RenderBlock {P} at (7,112) size 85x16
                  RenderText {#text} at (40,0) size 5x16
                    text run at (40,0) width 5: " "
                RenderBlock {P} at (7,128) size 85x16
                  RenderText {#text} at (40,0) size 5x16
                    text run at (40,0) width 5: " "
                RenderBlock {P} at (7,144) size 85x16
                  RenderText {#text} at (40,0) size 5x16
                    text run at (40,0) width 5: " "
                RenderBlock {P} at (7,160) size 85x16
                  RenderText {#text} at (34,0) size 17x16
                    text run at (34,0) width 17: "No"
                  RenderInline {SPAN} at (0,0) size 1x16
                    RenderInline {O:P} at (0,0) size 1x16
              RenderTableCell {TD} at (367,3348) size 106x176 [r=46 c=3 rs=1 cs=1]
                RenderBlock {P} at (7,0) size 92x16
                  RenderText {#text} at (38,0) size 16x16
                    text run at (38,0) width 16: "No"
                  RenderInline {SPAN} at (0,0) size 0x16
                    RenderInline {O:P} at (0,0) size 0x16
                RenderBlock {P} at (7,16) size 92x16
                  RenderText {#text} at (38,0) size 16x16
                    text run at (38,0) width 16: "No"
                  RenderInline {SPAN} at (0,0) size 0x16
                    RenderInline {O:P} at (0,0) size 0x16
                RenderBlock {P} at (7,32) size 92x16
                  RenderText {#text} at (38,0) size 16x16
                    text run at (38,0) width 16: "No"
                  RenderInline {SPAN} at (0,0) size 0x16
                    RenderInline {O:P} at (0,0) size 0x16
                RenderBlock {P} at (7,48) size 92x16
                  RenderText {#text} at (34,0) size 24x16
                    text run at (34,0) width 24: "Yes"
                  RenderInline {SPAN} at (0,0) size 1x16
                    RenderInline {O:P} at (0,0) size 1x16
                RenderBlock {P} at (7,64) size 92x16
                  RenderText {#text} at (38,0) size 16x16
                    text run at (38,0) width 16: "No"
                  RenderInline {SPAN} at (0,0) size 0x16
                    RenderInline {O:P} at (0,0) size 0x16
                RenderBlock {P} at (7,80) size 92x16
                  RenderText {#text} at (38,0) size 16x16
                    text run at (38,0) width 16: "No"
                RenderBlock {P} at (7,96) size 92x16
                  RenderText {#text} at (44,0) size 4x16
                    text run at (44,0) width 4: " "
                RenderBlock {P} at (7,112) size 92x16
                  RenderText {#text} at (44,0) size 4x16
                    text run at (44,0) width 4: " "
                RenderBlock {P} at (7,128) size 92x16
                  RenderText {#text} at (44,0) size 4x16
                    text run at (44,0) width 4: " "
                RenderBlock {P} at (7,144) size 92x16
                  RenderText {#text} at (44,0) size 4x16
                    text run at (44,0) width 4: " "
                RenderBlock {P} at (7,160) size 92x16
                  RenderText {#text} at (34,0) size 24x16
                    text run at (34,0) width 24: "Yes"
                  RenderInline {SPAN} at (0,0) size 1x16
                    RenderInline {O:P} at (0,0) size 1x16
            RenderTableRow {TR} at (0,3524) size 473x144
              RenderTableCell {TD} at (0,3524) size 98x16 [r=47 c=0 rs=1 cs=1]
                RenderBlock {P} at (7,0) size 84x16
                  RenderText {#text} at (35,0) size 14x16
                    text run at (35,0) width 14: "48"
                  RenderInline {SPAN} at (0,0) size 0x16
                    RenderInline {O:P} at (0,0) size 0x16
              RenderTableCell {TD} at (98,3524) size 170x144 [r=47 c=1 rs=1 cs=1]
                RenderBlock {P} at (7,0) size 156x16
                  RenderText {#text} at (0,0) size 83x16
                    text run at (0,0) width 83: "Mark Glanville"
                  RenderInline {SPAN} at (0,0) size 0x16
                    RenderInline {O:P} at (0,0) size 0x16
                RenderBlock {P} at (7,16) size 156x16
                  RenderText {#text} at (0,0) size 100x16
                    text run at (0,0) width 100: "Ian + Brad Carter"
                RenderBlock {P} at (7,32) size 156x16
                  RenderText {#text} at (0,0) size 86x16
                    text run at (0,0) width 86: "Stefan Kiritzov"
                RenderBlock {P} at (7,48) size 156x16
                  RenderText {#text} at (0,0) size 62x16
                    text run at (0,0) width 62: "Joe Araujo"
                RenderBlock {P} at (7,64) size 156x16
                  RenderText {#text} at (0,0) size 70x16
                    text run at (0,0) width 70: "Harold Todd"
                RenderBlock {P} at (7,80) size 156x16
                  RenderText {#text} at (0,0) size 76x16
                    text run at (0,0) width 76: "Steve Gilbert"
                RenderBlock {P} at (7,96) size 156x16
                  RenderText {#text} at (0,0) size 55x16
                    text run at (0,0) width 55: "Mark Diel"
                RenderBlock {P} at (7,112) size 156x16
                  RenderText {#text} at (0,0) size 95x16
                    text run at (0,0) width 95: "Jack Goodfriend"
                RenderBlock {P} at (7,128) size 156x16
                  RenderText {#text} at (0,0) size 98x16
                    text run at (0,0) width 98: "Ruenjoe (Joe) Lu"
                  RenderInline {SPAN} at (0,0) size 0x16
                    RenderInline {O:P} at (0,0) size 0x16
              RenderTableCell {TD} at (268,3524) size 99x96 [r=47 c=2 rs=1 cs=1]
                RenderBlock {P} at (7,0) size 85x16
                  RenderText {#text} at (31,0) size 23x16
                    text run at (31,0) width 23: "Yes"
                  RenderInline {SPAN} at (0,0) size 0x16
                    RenderInline {O:P} at (0,0) size 0x16
                RenderBlock {P} at (7,16) size 85x16
                  RenderText {#text} at (31,0) size 23x16
                    text run at (31,0) width 23: "Yes"
                RenderBlock {P} at (7,32) size 85x16
                  RenderText {#text} at (31,0) size 23x16
                    text run at (31,0) width 23: "Yes"
                RenderBlock {P} at (7,48) size 85x16
                  RenderText {#text} at (40,0) size 5x16
                    text run at (40,0) width 5: " "
                RenderBlock {P} at (7,64) size 85x16
                  RenderText {#text} at (40,0) size 5x16
                    text run at (40,0) width 5: " "
                RenderBlock {P} at (7,80) size 85x16
                  RenderText {#text} at (31,0) size 23x16
                    text run at (31,0) width 23: "Yes"
                  RenderInline {SPAN} at (0,0) size 0x16
                    RenderInline {O:P} at (0,0) size 0x16
              RenderTableCell {TD} at (367,3524) size 106x96 [r=47 c=3 rs=1 cs=1]
                RenderBlock {P} at (7,0) size 92x16
                  RenderText {#text} at (38,0) size 16x16
                    text run at (38,0) width 16: "No"
                  RenderInline {SPAN} at (0,0) size 0x16
                    RenderInline {O:P} at (0,0) size 0x16
                RenderBlock {P} at (7,16) size 92x16
                  RenderText {#text} at (38,0) size 16x16
                    text run at (38,0) width 16: "No"
                RenderBlock {P} at (7,32) size 92x16
                  RenderText {#text} at (34,0) size 24x16
                    text run at (34,0) width 24: "Yes"
                RenderBlock {P} at (7,48) size 92x16
                  RenderText {#text} at (44,0) size 4x16
                    text run at (44,0) width 4: " "
                RenderBlock {P} at (7,64) size 92x16
                  RenderText {#text} at (44,0) size 4x16
                    text run at (44,0) width 4: " "
                RenderBlock {P} at (7,80) size 92x16
                  RenderText {#text} at (38,0) size 16x16
                    text run at (38,0) width 16: "No"
                  RenderInline {SPAN} at (0,0) size 0x16
                    RenderInline {O:P} at (0,0) size 0x16
            RenderTableRow {TR} at (0,3668) size 473x64
              RenderTableCell {TD} at (0,3668) size 98x16 [r=48 c=0 rs=1 cs=1]
                RenderBlock {P} at (7,0) size 84x16
                  RenderText {#text} at (35,0) size 14x16
                    text run at (35,0) width 14: "49"
                  RenderInline {SPAN} at (0,0) size 0x16
                    RenderInline {O:P} at (0,0) size 0x16
              RenderTableCell {TD} at (98,3668) size 170x64 [r=48 c=1 rs=1 cs=1]
                RenderBlock {P} at (7,0) size 156x16
                  RenderText {#text} at (0,0) size 70x16
                    text run at (0,0) width 70: "Ali Erdengiz"
                RenderBlock {P} at (7,16) size 156x16
                  RenderText {#text} at (0,0) size 66x16
                    text run at (0,0) width 66: "David Allen"
                RenderBlock {P} at (7,32) size 156x16
                  RenderInline {SPAN} at (0,0) size 78x16
                    RenderInline {O:P} at (0,0) size 0x0
                    RenderText {#text} at (0,0) size 78x16
                      text run at (0,0) width 78: "Narayen Raju"
                RenderBlock {P} at (7,48) size 156x16
                  RenderInline {SPAN} at (0,0) size 94x16
                    RenderText {#text} at (0,0) size 94x16
                      text run at (0,0) width 39: "Jason "
                      text run at (39,0) width 55: "Anderson"
              RenderTableCell {TD} at (268,3668) size 99x64 [r=48 c=2 rs=1 cs=1]
                RenderBlock {P} at (7,0) size 85x16
                  RenderText {#text} at (40,0) size 5x16
                    text run at (40,0) width 5: " "
                RenderBlock {P} at (7,16) size 85x16
                  RenderText {#text} at (40,0) size 5x16
                    text run at (40,0) width 5: " "
                RenderBlock {P} at (7,32) size 85x16
                  RenderText {#text} at (40,0) size 5x16
                    text run at (40,0) width 5: " "
                RenderBlock {P} at (7,48) size 85x16
                  RenderText {#text} at (31,0) size 23x16
                    text run at (31,0) width 23: "Yes"
                  RenderInline {SPAN} at (0,0) size 0x16
                    RenderInline {O:P} at (0,0) size 0x16
              RenderTableCell {TD} at (367,3668) size 106x64 [r=48 c=3 rs=1 cs=1]
                RenderBlock {P} at (7,0) size 92x16
                  RenderText {#text} at (44,0) size 4x16
                    text run at (44,0) width 4: " "
                RenderBlock {P} at (7,16) size 92x16
                  RenderText {#text} at (44,0) size 4x16
                    text run at (44,0) width 4: " "
                RenderBlock {P} at (7,32) size 92x16
                  RenderText {#text} at (44,0) size 4x16
                    text run at (44,0) width 4: " "
                RenderBlock {P} at (7,48) size 92x16
                  RenderText {#text} at (38,0) size 16x16
                    text run at (38,0) width 16: "No"
                  RenderInline {SPAN} at (0,0) size 0x16
                    RenderInline {O:P} at (0,0) size 0x16
            RenderTableRow {TR} at (0,3732) size 473x144
              RenderTableCell {TD} at (0,3732) size 98x16 [r=49 c=0 rs=1 cs=1]
                RenderBlock {P} at (7,0) size 84x16
                  RenderText {#text} at (35,0) size 14x16
                    text run at (35,0) width 14: "50"
                  RenderInline {SPAN} at (0,0) size 0x16
                    RenderInline {O:P} at (0,0) size 0x16
              RenderTableCell {TD} at (98,3732) size 170x144 [r=49 c=1 rs=1 cs=1]
                RenderBlock {P} at (7,0) size 156x16
                  RenderText {#text} at (0,0) size 56x16
                    text run at (0,0) width 56: "Zak West"
                  RenderInline {SPAN} at (0,0) size 0x16
                    RenderInline {O:P} at (0,0) size 0x16
                RenderBlock {P} at (7,16) size 156x16
                  RenderText {#text} at (0,0) size 78x16
                    text run at (0,0) width 78: "Rick Klement"
                  RenderInline {SPAN} at (0,0) size 0x16
                    RenderInline {O:P} at (0,0) size 0x16
                RenderBlock {P} at (7,32) size 156x16
                  RenderText {#text} at (0,0) size 62x16
                    text run at (0,0) width 62: "Jim Bernal"
                RenderBlock {P} at (7,48) size 156x16
                  RenderText {#text} at (0,0) size 88x16
                    text run at (0,0) width 88: "Alan Littlewood"
                RenderBlock {P} at (7,64) size 156x16
                  RenderText {#text} at (0,0) size 66x16
                    text run at (0,0) width 66: "Jerry Davis"
                RenderBlock {P} at (7,80) size 156x16
                  RenderText {#text} at (0,0) size 91x16
                    text run at (0,0) width 91: "Lauren Bussard"
                RenderBlock {P} at (7,96) size 156x16
                  RenderText {#text} at (0,0) size 89x16
                    text run at (0,0) width 89: "John Yearwood"
                RenderBlock {P} at (7,112) size 156x16
                  RenderText {#text} at (0,0) size 78x16
                    text run at (0,0) width 78: "Narayan Raju"
                RenderBlock {P} at (7,128) size 156x16
                  RenderText {#text} at (0,0) size 69x16
                    text run at (0,0) width 69: "Ken Manuel"
                  RenderInline {SPAN} at (0,0) size 0x16
                    RenderInline {O:P} at (0,0) size 0x16
              RenderTableCell {TD} at (268,3732) size 99x112 [r=49 c=2 rs=1 cs=1]
                RenderBlock {P} at (7,0) size 85x16
                  RenderText {#text} at (31,0) size 23x16
                    text run at (31,0) width 23: "Yes"
                  RenderInline {SPAN} at (0,0) size 0x16
                    RenderInline {O:P} at (0,0) size 0x16
                RenderBlock {P} at (7,16) size 85x16
                  RenderText {#text} at (31,0) size 23x16
                    text run at (31,0) width 23: "Yes"
                  RenderInline {SPAN} at (0,0) size 0x16
                    RenderInline {O:P} at (0,0) size 0x16
                RenderBlock {P} at (7,32) size 85x16
                  RenderText {#text} at (31,0) size 23x16
                    text run at (31,0) width 23: "Yes"
                RenderBlock {P} at (7,48) size 85x16
                  RenderText {#text} at (31,0) size 23x16
                    text run at (31,0) width 23: "Yes"
                RenderBlock {P} at (7,64) size 85x16
                  RenderText {#text} at (31,0) size 23x16
                    text run at (31,0) width 23: "Yes"
                RenderBlock {P} at (7,80) size 85x16
                  RenderText {#text} at (40,0) size 5x16
                    text run at (40,0) width 5: " "
                RenderBlock {P} at (7,96) size 85x16
                  RenderText {#text} at (31,0) size 23x16
                    text run at (31,0) width 23: "Yes"
                  RenderInline {SPAN} at (0,0) size 0x16
                    RenderInline {O:P} at (0,0) size 0x16
              RenderTableCell {TD} at (367,3732) size 106x112 [r=49 c=3 rs=1 cs=1]
                RenderBlock {P} at (7,0) size 92x16
                  RenderText {#text} at (34,0) size 24x16
                    text run at (34,0) width 24: "Yes"
                  RenderInline {SPAN} at (0,0) size 1x16
                    RenderInline {O:P} at (0,0) size 1x16
                RenderBlock {P} at (7,16) size 92x16
                  RenderText {#text} at (34,0) size 24x16
                    text run at (34,0) width 24: "Yes"
                  RenderInline {SPAN} at (0,0) size 1x16
                    RenderInline {O:P} at (0,0) size 1x16
                RenderBlock {P} at (7,32) size 92x16
                  RenderText {#text} at (38,0) size 16x16
                    text run at (38,0) width 16: "No"
                RenderBlock {P} at (7,48) size 92x16
                  RenderText {#text} at (38,0) size 16x16
                    text run at (38,0) width 16: "No"
                RenderBlock {P} at (7,64) size 92x16
                  RenderText {#text} at (34,0) size 24x16
                    text run at (34,0) width 24: "Yes"
                RenderBlock {P} at (7,80) size 92x16
                  RenderText {#text} at (44,0) size 4x16
                    text run at (44,0) width 4: " "
                RenderBlock {P} at (7,96) size 92x16
                  RenderText {#text} at (38,0) size 16x16
                    text run at (38,0) width 16: "No"
                  RenderInline {SPAN} at (0,0) size 0x16
                    RenderInline {O:P} at (0,0) size 0x16
            RenderTableRow {TR} at (0,3876) size 473x48
              RenderTableCell {TD} at (0,3876) size 98x16 [r=50 c=0 rs=1 cs=1]
                RenderBlock {P} at (7,0) size 84x16
                  RenderText {#text} at (35,0) size 14x16
                    text run at (35,0) width 14: "51"
                  RenderInline {SPAN} at (0,0) size 0x16
                    RenderInline {O:P} at (0,0) size 0x16
              RenderTableCell {TD} at (98,3876) size 170x48 [r=50 c=1 rs=1 cs=1]
                RenderBlock {P} at (7,0) size 156x16
                  RenderText {#text} at (0,0) size 84x16
                    text run at (0,0) width 84: "Robert Barnett"
                RenderBlock {P} at (7,16) size 156x16
                  RenderText {#text} at (0,0) size 78x16
                    text run at (0,0) width 78: "Jim Mahoney"
                RenderBlock {P} at (7,32) size 156x16
                  RenderText {#text} at (0,0) size 94x16
                    text run at (0,0) width 94: "Jason Anderson"
                  RenderInline {SPAN} at (0,0) size 0x16
                    RenderInline {O:P} at (0,0) size 0x16
              RenderTableCell {TD} at (268,3876) size 99x48 [r=50 c=2 rs=1 cs=1]
                RenderBlock {P} at (7,0) size 85x16
                  RenderText {#text} at (31,0) size 23x16
                    text run at (31,0) width 23: "Yes"
                RenderBlock {P} at (7,16) size 85x16
                  RenderText {#text} at (31,0) size 23x16
                    text run at (31,0) width 23: "Yes"
                RenderBlock {P} at (7,32) size 85x16
                  RenderText {#text} at (31,0) size 23x16
                    text run at (31,0) width 23: "Yes"
                  RenderInline {SPAN} at (0,0) size 0x16
                    RenderInline {O:P} at (0,0) size 0x16
              RenderTableCell {TD} at (367,3876) size 106x48 [r=50 c=3 rs=1 cs=1]
                RenderBlock {P} at (7,0) size 92x16
                  RenderInline {SPAN} at (0,0) size 16x16
                    RenderText {#text} at (38,0) size 16x16
                      text run at (38,0) width 16: "No"
                    RenderInline {O:P} at (0,0) size 0x16
                RenderBlock {P} at (7,16) size 92x16
                  RenderInline {SPAN} at (0,0) size 24x16
                    RenderText {#text} at (34,0) size 24x16
                      text run at (34,0) width 24: "Yes"
                RenderBlock {P} at (7,32) size 92x16
                  RenderInline {SPAN} at (0,0) size 16x16
                    RenderText {#text} at (38,0) size 16x16
                      text run at (38,0) width 16: "No"
                  RenderInline {SPAN} at (0,0) size 0x16
                    RenderInline {O:P} at (0,0) size 0x16
            RenderTableRow {TR} at (0,3924) size 473x80
              RenderTableCell {TD} at (0,3924) size 98x16 [r=51 c=0 rs=1 cs=1]
                RenderBlock {P} at (7,0) size 84x16
                  RenderText {#text} at (35,0) size 14x16
                    text run at (35,0) width 14: "52"
                  RenderInline {SPAN} at (0,0) size 0x16
                    RenderInline {O:P} at (0,0) size 0x16
              RenderTableCell {TD} at (98,3924) size 170x80 [r=51 c=1 rs=1 cs=1]
                RenderBlock {P} at (7,0) size 156x16
                  RenderText {#text} at (0,0) size 62x16
                    text run at (0,0) width 62: "Mike West"
                  RenderInline {SPAN} at (0,0) size 0x16
                    RenderInline {O:P} at (0,0) size 0x16
                RenderBlock {P} at (7,16) size 156x16
                  RenderText {#text} at (0,0) size 86x16
                    text run at (0,0) width 86: "Robert Frogner"
                RenderBlock {P} at (7,32) size 156x16
                  RenderText {#text} at (0,0) size 90x16
                    text run at (0,0) width 90: "Chris McDowell"
                RenderBlock {P} at (7,48) size 156x16
                  RenderText {#text} at (0,0) size 58x16
                    text run at (0,0) width 58: "Ed Cypret"
                RenderBlock {P} at (7,64) size 156x16
                  RenderText {#text} at (0,0) size 72x16
                    text run at (0,0) width 72: "Dale Barnett"
                  RenderInline {SPAN} at (0,0) size 0x16
                    RenderInline {O:P} at (0,0) size 0x16
              RenderTableCell {TD} at (268,3924) size 99x80 [r=51 c=2 rs=1 cs=1]
                RenderBlock {P} at (7,0) size 85x16
                  RenderText {#text} at (31,0) size 23x16
                    text run at (31,0) width 23: "Yes"
                  RenderInline {SPAN} at (0,0) size 0x16
                    RenderInline {O:P} at (0,0) size 0x16
                RenderBlock {P} at (7,16) size 85x16
                  RenderText {#text} at (31,0) size 23x16
                    text run at (31,0) width 23: "Yes"
                RenderBlock {P} at (7,32) size 85x16
                  RenderText {#text} at (31,0) size 23x16
                    text run at (31,0) width 23: "Yes"
                RenderBlock {P} at (7,48) size 85x16
                  RenderText {#text} at (40,0) size 5x16
                    text run at (40,0) width 5: " "
                RenderBlock {P} at (7,64) size 85x16
                  RenderText {#text} at (31,0) size 23x16
                    text run at (31,0) width 23: "Yes"
                  RenderInline {SPAN} at (0,0) size 0x16
                    RenderInline {O:P} at (0,0) size 0x16
              RenderTableCell {TD} at (367,3924) size 106x80 [r=51 c=3 rs=1 cs=1]
                RenderBlock {P} at (7,0) size 92x16
                  RenderText {#text} at (34,0) size 24x16
                    text run at (34,0) width 24: "Yes"
                  RenderInline {SPAN} at (0,0) size 1x16
                    RenderInline {O:P} at (0,0) size 1x16
                RenderBlock {P} at (7,16) size 92x16
                  RenderText {#text} at (38,0) size 16x16
                    text run at (38,0) width 16: "No"
                RenderBlock {P} at (7,32) size 92x16
                  RenderText {#text} at (38,0) size 16x16
                    text run at (38,0) width 16: "No"
                RenderBlock {P} at (7,48) size 92x16
                  RenderText {#text} at (44,0) size 4x16
                    text run at (44,0) width 4: " "
                RenderBlock {P} at (7,64) size 92x16
                  RenderText {#text} at (38,0) size 16x16
                    text run at (38,0) width 16: "No"
                  RenderInline {SPAN} at (0,0) size 0x16
                    RenderInline {O:P} at (0,0) size 0x16
            RenderTableRow {TR} at (0,4004) size 473x80
              RenderTableCell {TD} at (0,4004) size 98x16 [r=52 c=0 rs=1 cs=1]
                RenderBlock {P} at (7,0) size 84x16
                  RenderText {#text} at (35,0) size 14x16
                    text run at (35,0) width 14: "53"
                  RenderInline {SPAN} at (0,0) size 0x16
                    RenderInline {O:P} at (0,0) size 0x16
              RenderTableCell {TD} at (98,4004) size 170x80 [r=52 c=1 rs=1 cs=1]
                RenderBlock {P} at (7,0) size 156x16
                  RenderText {#text} at (0,0) size 87x16
                    text run at (0,0) width 87: "Alberto Lanzas"
                  RenderInline {SPAN} at (0,0) size 0x16
                    RenderInline {O:P} at (0,0) size 0x16
                RenderBlock {P} at (7,16) size 156x16
                  RenderText {#text} at (0,0) size 71x16
                    text run at (0,0) width 71: "Bill Johnson"
                RenderBlock {P} at (7,32) size 156x16
                  RenderText {#text} at (0,0) size 43x16
                    text run at (0,0) width 43: "Al Wert"
                RenderBlock {P} at (7,48) size 156x16
                  RenderText {#text} at (0,0) size 72x16
                    text run at (0,0) width 72: "Dale Barnett"
                RenderBlock {P} at (7,64) size 156x16
                  RenderText {#text} at (0,0) size 109x16
                    text run at (0,0) width 109: "Ramin Khoshnevis"
                  RenderInline {SPAN} at (0,0) size 0x16
                    RenderInline {O:P} at (0,0) size 0x16
              RenderTableCell {TD} at (268,4004) size 99x80 [r=52 c=2 rs=1 cs=1]
                RenderBlock {P} at (7,0) size 85x16
                  RenderText {#text} at (31,0) size 23x16
                    text run at (31,0) width 23: "Yes"
                  RenderInline {SPAN} at (0,0) size 0x16
                    RenderInline {O:P} at (0,0) size 0x16
                RenderBlock {P} at (7,16) size 85x16
                  RenderText {#text} at (31,0) size 23x16
                    text run at (31,0) width 23: "Yes"
                RenderBlock {P} at (7,32) size 85x16
                  RenderText {#text} at (34,0) size 17x16
                    text run at (34,0) width 17: "No"
                RenderBlock {P} at (7,48) size 85x16
                  RenderText {#text} at (31,0) size 23x16
                    text run at (31,0) width 23: "Yes"
                RenderBlock {P} at (7,64) size 85x16
                  RenderText {#text} at (31,0) size 23x16
                    text run at (31,0) width 23: "Yes"
                  RenderInline {SPAN} at (0,0) size 0x16
                    RenderInline {O:P} at (0,0) size 0x16
              RenderTableCell {TD} at (367,4004) size 106x80 [r=52 c=3 rs=1 cs=1]
                RenderBlock {P} at (7,0) size 92x16
                  RenderText {#text} at (34,0) size 24x16
                    text run at (34,0) width 24: "Yes"
                  RenderInline {SPAN} at (0,0) size 1x16
                    RenderInline {O:P} at (0,0) size 1x16
                RenderBlock {P} at (7,16) size 92x16
                  RenderText {#text} at (38,0) size 16x16
                    text run at (38,0) width 16: "No"
                RenderBlock {P} at (7,32) size 92x16
                  RenderText {#text} at (34,0) size 24x16
                    text run at (34,0) width 24: "Yes"
                RenderBlock {P} at (7,48) size 92x16
                  RenderText {#text} at (38,0) size 16x16
                    text run at (38,0) width 16: "No"
                RenderBlock {P} at (7,64) size 92x16
                  RenderText {#text} at (38,0) size 16x16
                    text run at (38,0) width 16: "No"
                  RenderInline {SPAN} at (0,0) size 0x16
                    RenderInline {O:P} at (0,0) size 0x16
            RenderTableRow {TR} at (0,4084) size 473x112
              RenderTableCell {TD} at (0,4084) size 98x16 [r=53 c=0 rs=1 cs=1]
                RenderBlock {P} at (7,0) size 84x16
                  RenderText {#text} at (35,0) size 14x16
                    text run at (35,0) width 14: "54"
                  RenderInline {SPAN} at (0,0) size 0x16
                    RenderInline {O:P} at (0,0) size 0x16
              RenderTableCell {TD} at (98,4084) size 170x112 [r=53 c=1 rs=1 cs=1]
                RenderBlock {P} at (7,0) size 156x16
                  RenderText {#text} at (0,0) size 80x16
                    text run at (0,0) width 80: "Gene Langley"
                RenderBlock {P} at (7,16) size 156x16
                  RenderText {#text} at (0,0) size 71x16
                    text run at (0,0) width 71: "Bill Johnson"
                RenderBlock {P} at (7,32) size 156x16
                  RenderText {#text} at (0,0) size 55x16
                    text run at (0,0) width 55: "Mark Diel"
                RenderBlock {P} at (7,48) size 156x16
                  RenderText {#text} at (0,0) size 66x16
                    text run at (0,0) width 66: "Jerry Davis"
                RenderBlock {P} at (7,64) size 156x16
                  RenderText {#text} at (0,0) size 63x16
                    text run at (0,0) width 63: "Peter Starr"
                RenderBlock {P} at (7,80) size 156x16
                  RenderText {#text} at (0,0) size 89x16
                    text run at (0,0) width 89: "John Yearwood"
                RenderBlock {P} at (7,96) size 156x16
                  RenderText {#text} at (0,0) size 69x16
                    text run at (0,0) width 69: "Scott Hersh"
                  RenderInline {SPAN} at (0,0) size 0x16
                    RenderInline {O:P} at (0,0) size 0x16
              RenderTableCell {TD} at (268,4084) size 99x112 [r=53 c=2 rs=1 cs=1]
                RenderBlock {P} at (7,0) size 85x16
                  RenderText {#text} at (31,0) size 23x16
                    text run at (31,0) width 23: "Yes"
                RenderBlock {P} at (7,16) size 85x16
                  RenderText {#text} at (31,0) size 23x16
                    text run at (31,0) width 23: "Yes"
                RenderBlock {P} at (7,32) size 85x16
                  RenderText {#text} at (40,0) size 5x16
                    text run at (40,0) width 5: " "
                RenderBlock {P} at (7,48) size 85x16
                  RenderText {#text} at (31,0) size 23x16
                    text run at (31,0) width 23: "Yes"
                RenderBlock {P} at (7,64) size 85x16
                  RenderText {#text} at (40,0) size 5x16
                    text run at (40,0) width 5: " "
                RenderBlock {P} at (7,80) size 85x16
                  RenderText {#text} at (31,0) size 23x16
                    text run at (31,0) width 23: "Yes"
                RenderBlock {P} at (7,96) size 85x16
                  RenderText {#text} at (31,0) size 23x16
                    text run at (31,0) width 23: "Yes"
                  RenderInline {SPAN} at (0,0) size 0x16
                    RenderInline {O:P} at (0,0) size 0x16
              RenderTableCell {TD} at (367,4084) size 106x112 [r=53 c=3 rs=1 cs=1]
                RenderBlock {P} at (7,0) size 92x16
                  RenderText {#text} at (4,0) size 84x16
                    text run at (4,0) width 84: "Gyro wannabe"
                RenderBlock {P} at (7,16) size 92x16
                  RenderText {#text} at (38,0) size 16x16
                    text run at (38,0) width 16: "No"
                RenderBlock {P} at (7,32) size 92x16
                  RenderText {#text} at (44,0) size 4x16
                    text run at (44,0) width 4: " "
                RenderBlock {P} at (7,48) size 92x16
                  RenderText {#text} at (38,0) size 16x16
                    text run at (38,0) width 16: "No"
                RenderBlock {P} at (7,64) size 92x16
                  RenderText {#text} at (44,0) size 4x16
                    text run at (44,0) width 4: " "
                RenderBlock {P} at (7,80) size 92x16
                  RenderText {#text} at (38,0) size 16x16
                    text run at (38,0) width 16: "No"
                RenderBlock {P} at (7,96) size 92x16
                  RenderText {#text} at (38,0) size 16x16
                    text run at (38,0) width 16: "No"
                  RenderInline {SPAN} at (0,0) size 0x16
                    RenderInline {O:P} at (0,0) size 0x16
            RenderTableRow {TR} at (0,4196) size 473x48
              RenderTableCell {TD} at (0,4196) size 98x16 [r=54 c=0 rs=1 cs=1]
                RenderBlock {P} at (7,0) size 84x16
                  RenderText {#text} at (35,0) size 14x16
                    text run at (35,0) width 14: "55"
                  RenderInline {SPAN} at (0,0) size 0x16
                    RenderInline {O:P} at (0,0) size 0x16
              RenderTableCell {TD} at (98,4196) size 170x48 [r=54 c=1 rs=1 cs=1]
                RenderBlock {P} at (7,0) size 156x16
                  RenderText {#text} at (0,0) size 87x16
                    text run at (0,0) width 87: "Alberto Lanzas"
                  RenderInline {SPAN} at (0,0) size 0x16
                    RenderInline {O:P} at (0,0) size 0x16
                RenderBlock {P} at (7,16) size 156x16
                  RenderText {#text} at (0,0) size 61x16
                    text run at (0,0) width 61: "Bob Roger"
                RenderBlock {P} at (7,32) size 156x16
                  RenderText {#text} at (0,0) size 80x16
                    text run at (0,0) width 80: "Randy StClair"
                  RenderInline {SPAN} at (0,0) size 0x16
                    RenderInline {O:P} at (0,0) size 0x16
              RenderTableCell {TD} at (268,4196) size 99x48 [r=54 c=2 rs=1 cs=1]
                RenderBlock {P} at (7,0) size 85x16
                  RenderText {#text} at (31,0) size 23x16
                    text run at (31,0) width 23: "Yes"
                  RenderInline {SPAN} at (0,0) size 0x16
                    RenderInline {O:P} at (0,0) size 0x16
                RenderBlock {P} at (7,16) size 85x16
                  RenderText {#text} at (31,0) size 23x16
                    text run at (31,0) width 23: "Yes"
                RenderBlock {P} at (7,32) size 85x16
                  RenderText {#text} at (31,0) size 23x16
                    text run at (31,0) width 23: "Yes"
                  RenderInline {SPAN} at (0,0) size 0x16
                    RenderInline {O:P} at (0,0) size 0x16
              RenderTableCell {TD} at (367,4196) size 106x48 [r=54 c=3 rs=1 cs=1]
                RenderBlock {P} at (7,0) size 92x16
                  RenderText {#text} at (34,0) size 24x16
                    text run at (34,0) width 24: "Yes"
                  RenderInline {SPAN} at (0,0) size 1x16
                    RenderInline {O:P} at (0,0) size 1x16
                RenderBlock {P} at (7,16) size 92x16
                  RenderText {#text} at (38,0) size 16x16
                    text run at (38,0) width 16: "No"
                RenderBlock {P} at (7,32) size 92x16
                  RenderText {#text} at (38,0) size 16x16
                    text run at (38,0) width 16: "No"
                  RenderInline {SPAN} at (0,0) size 0x16
                    RenderInline {O:P} at (0,0) size 0x16
            RenderTableRow {TR} at (0,4244) size 473x80
              RenderTableCell {TD} at (0,4244) size 98x16 [r=55 c=0 rs=1 cs=1]
                RenderBlock {P} at (7,0) size 84x16
                  RenderText {#text} at (35,0) size 14x16
                    text run at (35,0) width 14: "56"
                  RenderInline {SPAN} at (0,0) size 0x16
                    RenderInline {O:P} at (0,0) size 0x16
              RenderTableCell {TD} at (98,4244) size 170x80 [r=55 c=1 rs=1 cs=1]
                RenderBlock {P} at (7,0) size 156x16
                  RenderText {#text} at (0,0) size 83x16
                    text run at (0,0) width 83: "Mark Glanville"
                RenderBlock {P} at (7,16) size 156x16
                  RenderText {#text} at (0,0) size 76x16
                    text run at (0,0) width 76: "Steve Gilbert"
                RenderBlock {P} at (7,32) size 156x16
                  RenderText {#text} at (0,0) size 66x16
                    text run at (0,0) width 66: "Jerry Davis"
                RenderBlock {P} at (7,48) size 156x16
                  RenderText {#text} at (0,0) size 71x16
                    text run at (0,0) width 71: "Rich Saunef"
                RenderBlock {P} at (7,64) size 156x16
                  RenderText {#text} at (0,0) size 74x16
                    text run at (0,0) width 74: "Harald Close"
                  RenderInline {SPAN} at (0,0) size 0x16
                    RenderInline {O:P} at (0,0) size 0x16
              RenderTableCell {TD} at (268,4244) size 99x80 [r=55 c=2 rs=1 cs=1]
                RenderBlock {P} at (7,0) size 85x16
                  RenderText {#text} at (31,0) size 23x16
                    text run at (31,0) width 23: "Yes"
                RenderBlock {P} at (7,16) size 85x16
                  RenderText {#text} at (31,0) size 23x16
                    text run at (31,0) width 23: "Yes"
                RenderBlock {P} at (7,32) size 85x16
                  RenderText {#text} at (31,0) size 23x16
                    text run at (31,0) width 23: "Yes"
                RenderBlock {P} at (7,48) size 85x16
                  RenderText {#text} at (31,0) size 23x16
                    text run at (31,0) width 23: "Yes"
                RenderBlock {P} at (7,64) size 85x16
                  RenderText {#text} at (31,0) size 23x16
                    text run at (31,0) width 23: "Yes"
                  RenderInline {SPAN} at (0,0) size 0x16
                    RenderInline {O:P} at (0,0) size 0x16
              RenderTableCell {TD} at (367,4244) size 106x80 [r=55 c=3 rs=1 cs=1]
                RenderBlock {P} at (7,0) size 92x16
                  RenderText {#text} at (38,0) size 16x16
                    text run at (38,0) width 16: "No"
                RenderBlock {P} at (7,16) size 92x16
                  RenderText {#text} at (38,0) size 16x16
                    text run at (38,0) width 16: "No"
                RenderBlock {P} at (7,32) size 92x16
                  RenderText {#text} at (38,0) size 16x16
                    text run at (38,0) width 16: "No"
                RenderBlock {P} at (7,48) size 92x16
                  RenderText {#text} at (38,0) size 16x16
                    text run at (38,0) width 16: "No"
                RenderBlock {P} at (7,64) size 92x16
                  RenderText {#text} at (38,0) size 16x16
                    text run at (38,0) width 16: "No"
                  RenderInline {SPAN} at (0,0) size 0x16
                    RenderInline {O:P} at (0,0) size 0x16
            RenderTableRow {TR} at (0,4324) size 473x48
              RenderTableCell {TD} at (0,4324) size 98x16 [r=56 c=0 rs=1 cs=1]
                RenderBlock {P} at (7,0) size 84x16
                  RenderText {#text} at (35,0) size 14x16
                    text run at (35,0) width 14: "57"
                  RenderInline {SPAN} at (0,0) size 0x16
                    RenderInline {O:P} at (0,0) size 0x16
              RenderTableCell {TD} at (98,4324) size 170x48 [r=56 c=1 rs=1 cs=1]
                RenderBlock {P} at (7,0) size 156x16
                  RenderText {#text} at (0,0) size 61x16
                    text run at (0,0) width 61: "Bob Roger"
                RenderBlock {P} at (7,16) size 156x16
                  RenderText {#text} at (0,0) size 72x16
                    text run at (0,0) width 72: "Rich Burnett"
                RenderBlock {P} at (7,32) size 156x16
                  RenderText {#text} at (0,0) size 67x16
                    text run at (0,0) width 67: "David Dunn"
                  RenderInline {SPAN} at (0,0) size 0x16
                    RenderInline {O:P} at (0,0) size 0x16
              RenderTableCell {TD} at (268,4324) size 99x16 [r=56 c=2 rs=1 cs=1]
                RenderBlock {P} at (7,0) size 85x16
                  RenderText {#text} at (31,0) size 23x16
                    text run at (31,0) width 23: "Yes"
                  RenderInline {SPAN} at (0,0) size 0x16
                    RenderInline {O:P} at (0,0) size 0x16
              RenderTableCell {TD} at (367,4324) size 106x16 [r=56 c=3 rs=1 cs=1]
                RenderBlock {P} at (7,0) size 92x16
                  RenderText {#text} at (38,0) size 16x16
                    text run at (38,0) width 16: "No"
                  RenderInline {SPAN} at (0,0) size 0x16
                    RenderInline {O:P} at (0,0) size 0x16
            RenderTableRow {TR} at (0,4372) size 473x64
              RenderTableCell {TD} at (0,4372) size 98x16 [r=57 c=0 rs=1 cs=1]
                RenderBlock {P} at (7,0) size 84x16
                  RenderText {#text} at (35,0) size 14x16
                    text run at (35,0) width 14: "58"
                  RenderInline {SPAN} at (0,0) size 0x16
                    RenderInline {O:P} at (0,0) size 0x16
              RenderTableCell {TD} at (98,4372) size 170x64 [r=57 c=1 rs=1 cs=1]
                RenderBlock {P} at (7,0) size 156x16
                  RenderText {#text} at (0,0) size 100x16
                    text run at (0,0) width 100: "Ian + Brad Carter"
                  RenderInline {SPAN} at (0,0) size 0x16
                    RenderInline {O:P} at (0,0) size 0x16
                RenderBlock {P} at (7,16) size 156x16
                  RenderText {#text} at (0,0) size 71x16
                    text run at (0,0) width 71: "Bill Johnson"
                RenderBlock {P} at (7,32) size 156x16
                  RenderText {#text} at (0,0) size 81x16
                    text run at (0,0) width 81: "Chuck Pringle"
                RenderBlock {P} at (7,48) size 156x16
                  RenderText {#text} at (0,0) size 67x16
                    text run at (0,0) width 67: "David Dunn"
                  RenderInline {SPAN} at (0,0) size 0x16
                    RenderInline {O:P} at (0,0) size 0x16
              RenderTableCell {TD} at (268,4372) size 99x48 [r=57 c=2 rs=1 cs=1]
                RenderBlock {P} at (7,0) size 85x16
                  RenderText {#text} at (31,0) size 23x16
                    text run at (31,0) width 23: "Yes"
                  RenderInline {SPAN} at (0,0) size 0x16
                    RenderInline {O:P} at (0,0) size 0x16
                RenderBlock {P} at (7,16) size 85x16
                  RenderText {#text} at (31,0) size 23x16
                    text run at (31,0) width 23: "Yes"
                RenderBlock {P} at (7,32) size 85x16
                  RenderText {#text} at (31,0) size 23x16
                    text run at (31,0) width 23: "Yes"
                  RenderInline {SPAN} at (0,0) size 0x16
                    RenderInline {O:P} at (0,0) size 0x16
              RenderTableCell {TD} at (367,4372) size 106x48 [r=57 c=3 rs=1 cs=1]
                RenderBlock {P} at (7,0) size 92x16
                  RenderText {#text} at (38,0) size 16x16
                    text run at (38,0) width 16: "No"
                  RenderInline {SPAN} at (0,0) size 0x16
                    RenderInline {O:P} at (0,0) size 0x16
                RenderBlock {P} at (7,16) size 92x16
                  RenderText {#text} at (38,0) size 16x16
                    text run at (38,0) width 16: "No"
                RenderBlock {P} at (7,32) size 92x16
                  RenderText {#text} at (38,0) size 16x16
                    text run at (38,0) width 16: "No"
                  RenderInline {SPAN} at (0,0) size 0x16
                    RenderInline {O:P} at (0,0) size 0x16
            RenderTableRow {TR} at (0,4436) size 473x32
              RenderTableCell {TD} at (0,4436) size 98x16 [r=58 c=0 rs=1 cs=1]
                RenderBlock {P} at (7,0) size 84x16
                  RenderText {#text} at (35,0) size 14x16
                    text run at (35,0) width 14: "59"
                  RenderInline {SPAN} at (0,0) size 0x16
                    RenderInline {O:P} at (0,0) size 0x16
              RenderTableCell {TD} at (98,4436) size 170x32 [r=58 c=1 rs=1 cs=1]
                RenderBlock {P} at (7,0) size 156x16
                  RenderText {#text} at (0,0) size 61x16
                    text run at (0,0) width 61: "Bob Roger"
                RenderBlock {P} at (7,16) size 156x16
                  RenderText {#text} at (0,0) size 72x16
                    text run at (0,0) width 72: "Rich Burnett"
                  RenderInline {SPAN} at (0,0) size 0x16
                    RenderInline {O:P} at (0,0) size 0x16
              RenderTableCell {TD} at (268,4436) size 99x16 [r=58 c=2 rs=1 cs=1]
                RenderBlock {P} at (7,0) size 85x16
                  RenderText {#text} at (31,0) size 23x16
                    text run at (31,0) width 23: "Yes"
                  RenderInline {SPAN} at (0,0) size 0x16
                    RenderInline {O:P} at (0,0) size 0x16
              RenderTableCell {TD} at (367,4436) size 106x16 [r=58 c=3 rs=1 cs=1]
                RenderBlock {P} at (7,0) size 92x16
                  RenderText {#text} at (38,0) size 16x16
                    text run at (38,0) width 16: "No"
                  RenderInline {SPAN} at (0,0) size 0x16
                    RenderInline {O:P} at (0,0) size 0x16
            RenderTableRow {TR} at (0,4468) size 473x64
              RenderTableCell {TD} at (0,4468) size 98x16 [r=59 c=0 rs=1 cs=1]
                RenderBlock {P} at (7,0) size 84x16
                  RenderText {#text} at (35,0) size 14x16
                    text run at (35,0) width 14: "60"
                  RenderInline {SPAN} at (0,0) size 0x16
                    RenderInline {O:P} at (0,0) size 0x16
              RenderTableCell {TD} at (98,4468) size 170x64 [r=59 c=1 rs=1 cs=1]
                RenderBlock {P} at (7,0) size 156x16
                  RenderText {#text} at (0,0) size 71x16
                    text run at (0,0) width 71: "Bill Johnson"
                RenderBlock {P} at (7,16) size 156x16
                  RenderText {#text} at (0,0) size 95x16
                    text run at (0,0) width 95: "Vladimir Dvorkin"
                RenderBlock {P} at (7,32) size 156x16
                  RenderText {#text} at (0,0) size 57x16
                    text run at (0,0) width 57: "Ken Price"
                RenderBlock {P} at (7,48) size 156x16
                  RenderText {#text} at (0,0) size 99x16
                    text run at (0,0) width 99: "Rick Rasmussen"
                  RenderInline {SPAN} at (0,0) size 0x16
                    RenderInline {O:P} at (0,0) size 0x16
              RenderTableCell {TD} at (268,4468) size 99x32 [r=59 c=2 rs=1 cs=1]
                RenderBlock {P} at (7,0) size 85x16
                  RenderText {#text} at (31,0) size 23x16
                    text run at (31,0) width 23: "Yes"
                RenderBlock {P} at (7,16) size 85x16
                  RenderText {#text} at (34,0) size 17x16
                    text run at (34,0) width 17: "No"
                  RenderInline {SPAN} at (0,0) size 1x16
                    RenderInline {O:P} at (0,0) size 1x16
              RenderTableCell {TD} at (367,4468) size 106x32 [r=59 c=3 rs=1 cs=1]
                RenderBlock {P} at (7,0) size 92x16
                  RenderText {#text} at (38,0) size 16x16
                    text run at (38,0) width 16: "No"
                RenderBlock {P} at (7,16) size 92x16
                  RenderText {#text} at (34,0) size 24x16
                    text run at (34,0) width 24: "Yes"
                  RenderInline {SPAN} at (0,0) size 1x16
                    RenderInline {O:P} at (0,0) size 1x16
        RenderBlock {P} at (0,4553) size 768x16
          RenderInline {SPAN} at (0,0) size 4x16
            RenderText {#text} at (0,0) size 4x16
              text run at (0,0) width 4: " "
        RenderBlock {P} at (0,4569) size 768x16
          RenderText {#text} at (0,0) size 4x16
            text run at (0,0) width 4: " "
        RenderBlock {P} at (0,4585) size 768x16
          RenderText {#text} at (0,0) size 4x16
            text run at (0,0) width 4: " "
      RenderBlock {P} at (0,4601) size 768x16
        RenderText {#text} at (382,0) size 4x16
          text run at (382,0) width 4: " "
