layer at (0,0) size 808x584
  RenderView at (0,0) size 800x584
layer at (0,0) size 800x584
  RenderBlock {HTML} at (0,0) size 800x584
    RenderBody {BODY} at (8,8) size 784x568
      RenderBlock {P} at (0,0) size 784x63
        RenderText {#text} at (0,0) size 775x63
          text run at (0,0) width 772: "This table contains an <applet> that will not load -- you can see the space get allocated and then reflow. Notice that"
          text run at (0,21) width 695: "the final table is clipped on the right hand side -- try shrinking the window and notice how the clipping "
          text run at (695,21) width 80: "increases. (I"
          text run at (0,42) width 418: "couldn't really simplify this further without losing some of the "
          text run at (418,42) width 122: "original 'flavour'.)"
      RenderBlock (anonymous) at (0,79) size 784x21
        RenderBR {BR} at (0,0) size 0x21
      RenderTable {TABLE} at (0,100) size 800x152 [border: (1px outset #808080)]
        RenderTableSection {TBODY} at (1,1) size 798x150
          RenderTableRow {TR} at (0,2) size 798x146
            RenderTableCell {TD} at (2,2) size 794x146 [border: (1px inset #808080)] [r=0 c=0 rs=1 cs=1]
              RenderTable {TABLE} at (2,2) size 790x142 [border: (1px outset #808080)]
                RenderTableSection {TBODY} at (1,1) size 788x140
                  RenderTableRow {TR} at (0,2) size 788x74
                    RenderTableCell {TD} at (2,2) size 784x74 [border: (1px inset #808080)] [r=0 c=0 rs=1 cs=1]
                      RenderTable {TABLE} at (386,2) size 12x12 [border: (2px outset #808080)]
                        RenderTableSection {TBODY} at (2,2) size 8x8
                          RenderTableRow {TR} at (0,2) size 8x4
                            RenderTableCell {TD} at (2,2) size 4x4 [border: (1px inset #808080)] [r=0 c=0 rs=1 cs=1]
                              RenderInline {APPLET} at (0,0) size 0x0
                                RenderText {#text} at (0,0) size 0x0
                                RenderText {#text} at (0,0) size 0x0
                              RenderText {#text} at (0,0) size 0x0
                      RenderBlock {P} at (2,30) size 780x42
                        RenderText {#text} at (0,0) size 775x42
                          text run at (0,0) width 452: "The Porto Elounda Mare is built on the sea front, on a 110,000 m2 "
                          text run at (452,0) width 323: "plot of land with a 150 meter long private sandy"
                          text run at (0,21) width 151: "beach. The view from "
                          text run at (151,21) width 420: "decorated with antique and contemporary furniture and rugs."
                  RenderTableRow {TR} at (0,78) size 788x60
                    RenderTableCell {TD} at (2,78) size 784x60 [border: (1px inset #808080)] [r=1 c=0 rs=1 cs=1]
                      RenderTable {TABLE} at (2,2) size 780x56 [border: (1px outset #808080)]
                        RenderTableSection {TBODY} at (1,1) size 778x54
                          RenderTableRow {TR} at (0,0) size 778x54
                            RenderTableCell {TD} at (0,10) size 324x33 [border: (1px inset #808080)] [r=0 c=0 rs=1 cs=1]
                              RenderText {#text} at (6,6) size 312x21
                                text run at (6,6) width 146: "99 Rates in Drahmas "
                                text run at (152,6) width 131: "Per Person on H/B "
                                text run at (283,6) width 35: "Basis"
                            RenderTableCell {TD} at (324,0) size 101x54 [border: (1px inset #808080)] [r=0 c=1 rs=1 cs=1]
                              RenderText {#text} at (6,6) size 89x21
                                text run at (6,6) width 89: "27/03 - 30/04 "
                              RenderBR {BR} at (95,22) size 0x0
                              RenderText {#text} at (6,27) size 85x21
                                text run at (6,27) width 85: "16/10 - 31/10"
                            RenderTableCell {TD} at (425,10) size 175x33 [border: (1px inset #808080)] [r=0 c=2 rs=1 cs=1]
                              RenderText {#text} at (6,6) size 163x21
                                text run at (6,6) width 163: "01/5- 21/5 & 2/10 - 15/10"
                            RenderTableCell {TD} at (600,0) size 89x54 [border: (1px inset #808080)] [r=0 c=3 rs=1 cs=1]
                              RenderText {#text} at (6,6) size 77x21
                                text run at (6,6) width 77: "22/5 - 16/07"
                              RenderBR {BR} at (83,22) size 0x0
                              RenderText {#text} at (6,27) size 77x21
                                text run at (6,27) width 77: "28/8 - 01/10"
                            RenderTableCell {TD} at (689,10) size 89x33 [border: (1px inset #808080)] [r=0 c=4 rs=1 cs=1]
                              RenderText {#text} at (6,6) size 77x21
                                text run at (6,6) width 77: "17/07 - 27/8"
      RenderBlock (anonymous) at (0,252) size 784x21
        RenderBR {BR} at (0,0) size 0x21
      RenderBlock {P} at (0,289) size 784x21
        RenderText {#text} at (0,0) size 579x21
          text run at (0,0) width 452: "This table repeats the previous table, but removes the 'bad applet'. "
          text run at (452,0) width 127: "Table lays out OK."
      RenderBlock (anonymous) at (0,326) size 784x21
        RenderBR {BR} at (0,0) size 0x21
      RenderTable {TABLE} at (0,347) size 800x173 [border: (1px outset #808080)]
        RenderTableSection {TBODY} at (1,1) size 798x171
          RenderTableRow {TR} at (0,2) size 798x167
            RenderTableCell {TD} at (2,2) size 794x167 [border: (1px inset #808080)] [r=0 c=0 rs=1 cs=1]
              RenderTable {TABLE} at (2,2) size 790x163 [border: (1px outset #808080)]
                RenderTableSection {TBODY} at (1,1) size 788x161
                  RenderTableRow {TR} at (0,2) size 788x95
                    RenderTableCell {TD} at (2,2) size 784x95 [border: (1px inset #808080)] [r=0 c=0 rs=1 cs=1]
                      RenderTable {TABLE} at (333,2) size 118x33 [border: (2px outset #808080)]
                        RenderTableSection {TBODY} at (2,2) size 114x29
                          RenderTableRow {TR} at (0,2) size 114x25
                            RenderTableCell {TD} at (2,2) size 110x25 [border: (1px inset #808080)] [r=0 c=0 rs=1 cs=1]
                              RenderText {#text} at (2,2) size 106x21
                                text run at (2,2) width 106: "applet was here"
                      RenderBlock {P} at (2,51) size 780x42
                        RenderText {#text} at (0,0) size 775x42
                          text run at (0,0) width 452: "The Porto Elounda Mare is built on the sea front, on a 110,000 m2 "
                          text run at (452,0) width 323: "plot of land with a 150 meter long private sandy"
                          text run at (0,21) width 151: "beach. The view from "
                          text run at (151,21) width 420: "decorated with antique and contemporary furniture and rugs."
                  RenderTableRow {TR} at (0,99) size 788x60
                    RenderTableCell {TD} at (2,99) size 784x60 [border: (1px inset #808080)] [r=1 c=0 rs=1 cs=1]
                      RenderTable {TABLE} at (2,2) size 780x56 [border: (1px outset #808080)]
                        RenderTableSection {TBODY} at (1,1) size 778x54
                          RenderTableRow {TR} at (0,0) size 778x54
                            RenderTableCell {TD} at (0,10) size 324x33 [border: (1px inset #808080)] [r=0 c=0 rs=1 cs=1]
                              RenderText {#text} at (6,6) size 312x21
                                text run at (6,6) width 146: "99 Rates in Drahmas "
                                text run at (152,6) width 131: "Per Person on H/B "
                                text run at (283,6) width 35: "Basis"
                            RenderTableCell {TD} at (324,0) size 101x54 [border: (1px inset #808080)] [r=0 c=1 rs=1 cs=1]
                              RenderText {#text} at (6,6) size 89x21
                                text run at (6,6) width 89: "27/03 - 30/04 "
                              RenderBR {BR} at (95,22) size 0x0
                              RenderText {#text} at (6,27) size 85x21
                                text run at (6,27) width 85: "16/10 - 31/10"
                            RenderTableCell {TD} at (425,10) size 175x33 [border: (1px inset #808080)] [r=0 c=2 rs=1 cs=1]
                              RenderText {#text} at (6,6) size 163x21
                                text run at (6,6) width 163: "01/5- 21/5 & 2/10 - 15/10"
                            RenderTableCell {TD} at (600,0) size 89x54 [border: (1px inset #808080)] [r=0 c=3 rs=1 cs=1]
                              RenderText {#text} at (6,6) size 77x21
                                text run at (6,6) width 77: "22/5 - 16/07"
                              RenderBR {BR} at (83,22) size 0x0
                              RenderText {#text} at (6,27) size 77x21
                                text run at (6,27) width 77: "28/8 - 01/10"
                            RenderTableCell {TD} at (689,10) size 89x33 [border: (1px inset #808080)] [r=0 c=4 rs=1 cs=1]
                              RenderText {#text} at (6,6) size 77x21
                                text run at (6,6) width 77: "17/07 - 27/8"
