CONSOLE MESSAGE: line 14: TypeError: 'undefined' is not an object (evaluating 'document.styleSheets[1].disabled = false')
layer at (0,0) size 800x600
  RenderView at (0,0) size 800x600
layer at (0,0) size 800x85
  RenderBlock {HTML} at (0,0) size 800x85
    RenderBody {BODY} at (8,8) size 784x69
      RenderBlock (anonymous) at (0,0) size 784x21
        RenderText {#text} at (0,0) size 206x21
          text run at (0,0) width 206: "the text should be courier 24pt"
      RenderTable {TABLE} at (0,21) size 83x27
        RenderTableSection {TBODY} at (0,0) size 83x27
          RenderTableRow {TR} at (0,2) size 83x23
            RenderTableCell {TD} at (2,2) size 79x23 [r=0 c=0 rs=1 cs=1]
              RenderText {#text} at (1,1) size 77x21
                text run at (1,1) width 77: "inside a cell"
      RenderBlock {DIV} at (0,48) size 784x21
        RenderText {#text} at (0,0) size 76x21
          text run at (0,0) width 76: "inside a div"
