layer at (0,0) size 800x600
  RenderView at (0,0) size 800x600
layer at (0,0) size 800x600
  RenderBlock {HTML} at (0,0) size 800x600
    RenderBody {BODY} at (8,8) size 784x576
      RenderBlock {FORM} at (0,0) size 784x99
        RenderTable {TABLE} at (0,0) size 328x99 [border: (1px outset #808080)]
          RenderTableSection {TBODY} at (1,1) size 326x97
            RenderTableRow {TR} at (0,2) size 326x93
              RenderTableCell {TD} at (2,2) size 322x93 [border: (1px inset #808080)] [r=0 c=0 rs=1 cs=1]
                RenderTable {TABLE} at (2,2) size 318x89 [border: (2px outset #808080)]
                  RenderTableSection {TBODY} at (2,2) size 314x85
                    RenderTableRow {TR} at (0,2) size 314x46
                      RenderTableCell {TD} at (2,2) size 89x46 [border: (1px inset #808080)] [r=0 c=0 rs=1 cs=1]
                        RenderText {#text} at (2,2) size 62x42
                          text run at (2,2) width 58: "Member"
                          text run at (2,23) width 62: "Number:"
                      RenderTableCell {TD} at (93,8) size 213x33 [border: (1px inset #808080)] [r=0 c=1 rs=1 cs=1]
                        RenderTextControl {INPUT} at (4,4) size 166x25
                        RenderText {#text} at (0,0) size 0x0
                    RenderTableRow {TR} at (0,50) size 314x33
                      RenderTableCell {TD} at (2,54) size 89x25 [border: (1px inset #808080)] [r=1 c=0 rs=1 cs=1]
                        RenderText {#text} at (2,2) size 33x21
                          text run at (2,2) width 33: "PIN:"
                      RenderTableCell {TD} at (93,50) size 213x33 [border: (1px inset #808080)] [r=1 c=1 rs=1 cs=1]
                        RenderTextControl {INPUT} at (4,4) size 166x25
                        RenderText {#text} at (0,0) size 0x0
                      RenderTableCell {TD} at (308,64) size 4x4 [border: (1px inset #808080)] [r=1 c=2 rs=1 cs=1]
layer at (114,29) size 162x21
  RenderBlock {DIV} at (2,2) size 162x21
layer at (114,71) size 162x21
  RenderBlock {DIV} at (2,2) size 162x21
