layer at (0,0) size 784x1894
  RenderView at (0,0) size 784x600
layer at (0,0) size 784x1894
  RenderBlock {HTML} at (0,0) size 784x1894 [border: (1px solid #000000)]
    RenderBody {BODY} at (9,9) size 766x1876 [bgcolor=#FFFFFF] [border: (1px solid #000000)]
      RenderBlock {H1} at (1,1) size 764x44 [border: (1px solid #000000)]
        RenderText {#text} at (1,1) size 288x41
          text run at (1,1) width 288: "Caption Margin Test"
      RenderBlock {DIV} at (1,66) size 102x23 [border: (1px solid #008000)]
        RenderText {#text} at (1,1) size 41x21
          text run at (1,1) width 41: "100px"
      RenderBlock {DIV} at (1,89) size 52x23 [border: (1px solid #FF0000)]
        RenderText {#text} at (1,1) size 33x21
          text run at (1,1) width 33: "50px"
      RenderBlock {H2} at (1,131) size 764x33 [border: (1px solid #000000)]
        RenderText {#text} at (1,1) size 80x32
          text run at (1,1) width 80: "Control"
      RenderTable {TABLE} at (1,183) size 180x54 [border: (1px solid #000000)]
        RenderBlock {CAPTION} at (0,0) size 178x23 [border: (1px solid #000000)]
          RenderText {#text} at (77,1) size 24x21
            text run at (77,1) width 24: "TA"
        RenderTableSection {TBODY} at (1,24) size 178x29 [border: (1px solid #000000)]
          RenderTableRow {TR} at (0,2) size 178x25 [border: (1px solid #000000)]
            RenderTableCell {TD} at (2,2) size 86x25 [border: (1px solid #000000)] [r=0 c=0 rs=1 cs=1]
              RenderText {#text} at (2,2) size 82x21
                text run at (2,2) width 82: "Table Cell 1"
            RenderTableCell {TD} at (90,2) size 86x25 [border: (1px solid #000000)] [r=0 c=1 rs=1 cs=1]
              RenderText {#text} at (2,2) size 82x21
                text run at (2,2) width 82: "Table Cell 2"
      RenderTable {TABLE} at (1,237) size 352x54 [border: (1px solid #000000)]
        RenderBlock {CAPTION} at (0,0) size 350x23 [border: (1px solid #000000)]
          RenderText {#text} at (164,1) size 22x21
            text run at (164,1) width 22: "TB"
        RenderTableSection {TBODY} at (1,24) size 350x29 [border: (1px solid #000000)]
          RenderTableRow {TR} at (0,2) size 350x25 [border: (1px solid #000000)]
            RenderTableCell {TD} at (2,2) size 172x25 [border: (1px solid #000000)] [r=0 c=0 rs=1 cs=1]
              RenderText {#text} at (2,2) size 168x21
                text run at (2,2) width 168: "Table Cell 1 Table Cell 1"
            RenderTableCell {TD} at (176,2) size 172x25 [border: (1px solid #000000)] [r=0 c=1 rs=1 cs=1]
              RenderText {#text} at (2,2) size 168x21
                text run at (2,2) width 168: "Table Cell 2 Table Cell 2"
      RenderBlock {H2} at (1,310) size 764x33 [border: (1px solid #000000)]
        RenderText {#text} at (1,1) size 288x32
          text run at (1,1) width 288: "Test 1 - \"margin-left: 50px\""
      RenderTable {TABLE} at (1,362) size 180x54 [border: (1px solid #000000)]
        RenderBlock {CAPTION} at (50,0) size 128x23 [border: (1px solid #000000)]
          RenderText {#text} at (52,1) size 24x21
            text run at (52,1) width 24: "TA"
        RenderTableSection {TBODY} at (1,24) size 178x29 [border: (1px solid #000000)]
          RenderTableRow {TR} at (0,2) size 178x25 [border: (1px solid #000000)]
            RenderTableCell {TD} at (2,2) size 86x25 [border: (1px solid #000000)] [r=0 c=0 rs=1 cs=1]
              RenderText {#text} at (2,2) size 82x21
                text run at (2,2) width 82: "Table Cell 1"
            RenderTableCell {TD} at (90,2) size 86x25 [border: (1px solid #000000)] [r=0 c=1 rs=1 cs=1]
              RenderText {#text} at (2,2) size 82x21
                text run at (2,2) width 82: "Table Cell 2"
      RenderTable {TABLE} at (1,416) size 352x54 [border: (1px solid #000000)]
        RenderBlock {CAPTION} at (50,0) size 300x23 [border: (1px solid #000000)]
          RenderText {#text} at (139,1) size 22x21
            text run at (139,1) width 22: "TB"
        RenderTableSection {TBODY} at (1,24) size 350x29 [border: (1px solid #000000)]
          RenderTableRow {TR} at (0,2) size 350x25 [border: (1px solid #000000)]
            RenderTableCell {TD} at (2,2) size 172x25 [border: (1px solid #000000)] [r=0 c=0 rs=1 cs=1]
              RenderText {#text} at (2,2) size 168x21
                text run at (2,2) width 168: "Table Cell 1 Table Cell 1"
            RenderTableCell {TD} at (176,2) size 172x25 [border: (1px solid #000000)] [r=0 c=1 rs=1 cs=1]
              RenderText {#text} at (2,2) size 168x21
                text run at (2,2) width 168: "Table Cell 2 Table Cell 2"
      RenderBlock {H2} at (1,489) size 764x33 [border: (1px solid #000000)]
        RenderText {#text} at (1,1) size 305x32
          text run at (1,1) width 305: "Test 2 - \"margin-right: 50px\""
      RenderTable {TABLE} at (1,541) size 180x54 [border: (1px solid #000000)]
        RenderBlock {CAPTION} at (0,0) size 128x23 [border: (1px solid #000000)]
          RenderText {#text} at (52,1) size 24x21
            text run at (52,1) width 24: "TA"
        RenderTableSection {TBODY} at (1,24) size 178x29 [border: (1px solid #000000)]
          RenderTableRow {TR} at (0,2) size 178x25 [border: (1px solid #000000)]
            RenderTableCell {TD} at (2,2) size 86x25 [border: (1px solid #000000)] [r=0 c=0 rs=1 cs=1]
              RenderText {#text} at (2,2) size 82x21
                text run at (2,2) width 82: "Table Cell 1"
            RenderTableCell {TD} at (90,2) size 86x25 [border: (1px solid #000000)] [r=0 c=1 rs=1 cs=1]
              RenderText {#text} at (2,2) size 82x21
                text run at (2,2) width 82: "Table Cell 2"
      RenderTable {TABLE} at (1,595) size 352x54 [border: (1px solid #000000)]
        RenderBlock {CAPTION} at (0,0) size 300x23 [border: (1px solid #000000)]
          RenderText {#text} at (139,1) size 22x21
            text run at (139,1) width 22: "TB"
        RenderTableSection {TBODY} at (1,24) size 350x29 [border: (1px solid #000000)]
          RenderTableRow {TR} at (0,2) size 350x25 [border: (1px solid #000000)]
            RenderTableCell {TD} at (2,2) size 172x25 [border: (1px solid #000000)] [r=0 c=0 rs=1 cs=1]
              RenderText {#text} at (2,2) size 168x21
                text run at (2,2) width 168: "Table Cell 1 Table Cell 1"
            RenderTableCell {TD} at (176,2) size 172x25 [border: (1px solid #000000)] [r=0 c=1 rs=1 cs=1]
              RenderText {#text} at (2,2) size 168x21
                text run at (2,2) width 168: "Table Cell 2 Table Cell 2"
      RenderBlock {H2} at (1,668) size 764x33 [border: (1px solid #000000)]
        RenderText {#text} at (1,1) size 246x32
          text run at (1,1) width 246: "Test 3 - \"margin: 50px\""
      RenderTable {TABLE} at (1,720) size 180x154 [border: (1px solid #000000)]
        RenderBlock {CAPTION} at (50,0) size 78x23 [border: (1px solid #000000)]
          RenderText {#text} at (27,1) size 24x21
            text run at (27,1) width 24: "TA"
        RenderTableSection {TBODY} at (1,124) size 178x29 [border: (1px solid #000000)]
          RenderTableRow {TR} at (0,2) size 178x25 [border: (1px solid #000000)]
            RenderTableCell {TD} at (2,2) size 86x25 [border: (1px solid #000000)] [r=0 c=0 rs=1 cs=1]
              RenderText {#text} at (2,2) size 82x21
                text run at (2,2) width 82: "Table Cell 1"
            RenderTableCell {TD} at (90,2) size 86x25 [border: (1px solid #000000)] [r=0 c=1 rs=1 cs=1]
              RenderText {#text} at (2,2) size 82x21
                text run at (2,2) width 82: "Table Cell 2"
      RenderTable {TABLE} at (1,874) size 352x154 [border: (1px solid #000000)]
        RenderBlock {CAPTION} at (50,0) size 250x23 [border: (1px solid #000000)]
          RenderText {#text} at (114,1) size 22x21
            text run at (114,1) width 22: "TB"
        RenderTableSection {TBODY} at (1,124) size 350x29 [border: (1px solid #000000)]
          RenderTableRow {TR} at (0,2) size 350x25 [border: (1px solid #000000)]
            RenderTableCell {TD} at (2,2) size 172x25 [border: (1px solid #000000)] [r=0 c=0 rs=1 cs=1]
              RenderText {#text} at (2,2) size 168x21
                text run at (2,2) width 168: "Table Cell 1 Table Cell 1"
            RenderTableCell {TD} at (176,2) size 172x25 [border: (1px solid #000000)] [r=0 c=1 rs=1 cs=1]
              RenderText {#text} at (2,2) size 168x21
                text run at (2,2) width 168: "Table Cell 2 Table Cell 2"
      RenderTable {TABLE} at (1,1028) size 524x154 [border: (1px solid #000000)]
        RenderBlock {CAPTION} at (50,0) size 422x23 [border: (1px solid #000000)]
          RenderText {#text} at (199,1) size 24x21
            text run at (199,1) width 24: "TC"
        RenderTableSection {TBODY} at (1,124) size 522x29 [border: (1px solid #000000)]
          RenderTableRow {TR} at (0,2) size 522x25 [border: (1px solid #000000)]
            RenderTableCell {TD} at (2,2) size 258x25 [border: (1px solid #000000)] [r=0 c=0 rs=1 cs=1]
              RenderText {#text} at (2,2) size 254x21
                text run at (2,2) width 254: "Table Cell 1 Table Cell 1 Table Cell 1"
            RenderTableCell {TD} at (262,2) size 258x25 [border: (1px solid #000000)] [r=0 c=1 rs=1 cs=1]
              RenderText {#text} at (2,2) size 254x21
                text run at (2,2) width 254: "Table Cell 2 Table Cell 2 Table Cell 2"
      RenderBlock {H2} at (1,1201) size 764x33 [border: (1px solid #000000)]
        RenderText {#text} at (1,1) size 275x32
          text run at (1,1) width 275: "Test 4 - \"margin-left: 5%\""
      RenderTable {TABLE} at (1,1253) size 180x54 [border: (1px solid #000000)]
        RenderBlock {CAPTION} at (8,0) size 170x23 [border: (1px solid #000000)]
          RenderText {#text} at (73,1) size 24x21
            text run at (73,1) width 24: "TA"
        RenderTableSection {TBODY} at (1,24) size 178x29 [border: (1px solid #000000)]
          RenderTableRow {TR} at (0,2) size 178x25 [border: (1px solid #000000)]
            RenderTableCell {TD} at (2,2) size 86x25 [border: (1px solid #000000)] [r=0 c=0 rs=1 cs=1]
              RenderText {#text} at (2,2) size 82x21
                text run at (2,2) width 82: "Table Cell 1"
            RenderTableCell {TD} at (90,2) size 86x25 [border: (1px solid #000000)] [r=0 c=1 rs=1 cs=1]
              RenderText {#text} at (2,2) size 82x21
                text run at (2,2) width 82: "Table Cell 2"
      RenderTable {TABLE} at (1,1307) size 352x54 [border: (1px solid #000000)]
        RenderBlock {CAPTION} at (17,0) size 333x23 [border: (1px solid #000000)]
          RenderText {#text} at (155,1) size 23x21
            text run at (155,1) width 23: "TB"
        RenderTableSection {TBODY} at (1,24) size 350x29 [border: (1px solid #000000)]
          RenderTableRow {TR} at (0,2) size 350x25 [border: (1px solid #000000)]
            RenderTableCell {TD} at (2,2) size 172x25 [border: (1px solid #000000)] [r=0 c=0 rs=1 cs=1]
              RenderText {#text} at (2,2) size 168x21
                text run at (2,2) width 168: "Table Cell 1 Table Cell 1"
            RenderTableCell {TD} at (176,2) size 172x25 [border: (1px solid #000000)] [r=0 c=1 rs=1 cs=1]
              RenderText {#text} at (2,2) size 168x21
                text run at (2,2) width 168: "Table Cell 2 Table Cell 2"
      RenderBlock {H2} at (1,1380) size 764x33 [border: (1px solid #000000)]
        RenderText {#text} at (1,1) size 292x32
          text run at (1,1) width 292: "Test 5 - \"margin-right: 5%\""
      RenderTable {TABLE} at (1,1432) size 180x54 [border: (1px solid #000000)]
        RenderBlock {CAPTION} at (0,0) size 170x23 [border: (1px solid #000000)]
          RenderText {#text} at (73,1) size 24x21
            text run at (73,1) width 24: "TA"
        RenderTableSection {TBODY} at (1,24) size 178x29 [border: (1px solid #000000)]
          RenderTableRow {TR} at (0,2) size 178x25 [border: (1px solid #000000)]
            RenderTableCell {TD} at (2,2) size 86x25 [border: (1px solid #000000)] [r=0 c=0 rs=1 cs=1]
              RenderText {#text} at (2,2) size 82x21
                text run at (2,2) width 82: "Table Cell 1"
            RenderTableCell {TD} at (90,2) size 86x25 [border: (1px solid #000000)] [r=0 c=1 rs=1 cs=1]
              RenderText {#text} at (2,2) size 82x21
                text run at (2,2) width 82: "Table Cell 2"
      RenderTable {TABLE} at (1,1486) size 352x54 [border: (1px solid #000000)]
        RenderBlock {CAPTION} at (0,0) size 333x23 [border: (1px solid #000000)]
          RenderText {#text} at (155,1) size 23x21
            text run at (155,1) width 23: "TB"
        RenderTableSection {TBODY} at (1,24) size 350x29 [border: (1px solid #000000)]
          RenderTableRow {TR} at (0,2) size 350x25 [border: (1px solid #000000)]
            RenderTableCell {TD} at (2,2) size 172x25 [border: (1px solid #000000)] [r=0 c=0 rs=1 cs=1]
              RenderText {#text} at (2,2) size 168x21
                text run at (2,2) width 168: "Table Cell 1 Table Cell 1"
            RenderTableCell {TD} at (176,2) size 172x25 [border: (1px solid #000000)] [r=0 c=1 rs=1 cs=1]
              RenderText {#text} at (2,2) size 168x21
                text run at (2,2) width 168: "Table Cell 2 Table Cell 2"
      RenderBlock {H2} at (1,1559) size 764x33 [border: (1px solid #000000)]
        RenderText {#text} at (1,1) size 233x32
          text run at (1,1) width 233: "Test 6 - \"margin: 5%\""
      RenderTable {TABLE} at (1,1611) size 180x70 [border: (1px solid #000000)]
        RenderBlock {CAPTION} at (8,0) size 162x23 [border: (1px solid #000000)]
          RenderText {#text} at (69,1) size 24x21
            text run at (69,1) width 24: "TA"
        RenderTableSection {TBODY} at (1,40) size 178x29 [border: (1px solid #000000)]
          RenderTableRow {TR} at (0,2) size 178x25 [border: (1px solid #000000)]
            RenderTableCell {TD} at (2,2) size 86x25 [border: (1px solid #000000)] [r=0 c=0 rs=1 cs=1]
              RenderText {#text} at (2,2) size 82x21
                text run at (2,2) width 82: "Table Cell 1"
            RenderTableCell {TD} at (90,2) size 86x25 [border: (1px solid #000000)] [r=0 c=1 rs=1 cs=1]
              RenderText {#text} at (2,2) size 82x21
                text run at (2,2) width 82: "Table Cell 2"
      RenderTable {TABLE} at (1,1681) size 352x88 [border: (1px solid #000000)]
        RenderBlock {CAPTION} at (17,0) size 316x23 [border: (1px solid #000000)]
          RenderText {#text} at (147,1) size 22x21
            text run at (147,1) width 22: "TB"
        RenderTableSection {TBODY} at (1,58) size 350x29 [border: (1px solid #000000)]
          RenderTableRow {TR} at (0,2) size 350x25 [border: (1px solid #000000)]
            RenderTableCell {TD} at (2,2) size 172x25 [border: (1px solid #000000)] [r=0 c=0 rs=1 cs=1]
              RenderText {#text} at (2,2) size 168x21
                text run at (2,2) width 168: "Table Cell 1 Table Cell 1"
            RenderTableCell {TD} at (176,2) size 172x25 [border: (1px solid #000000)] [r=0 c=1 rs=1 cs=1]
              RenderText {#text} at (2,2) size 168x21
                text run at (2,2) width 168: "Table Cell 2 Table Cell 2"
      RenderTable {TABLE} at (1,1769) size 524x106 [border: (1px solid #000000)]
        RenderBlock {CAPTION} at (26,0) size 470x23 [border: (1px solid #000000)]
          RenderText {#text} at (224,1) size 22x21
            text run at (224,1) width 22: "TB"
        RenderTableSection {TBODY} at (1,76) size 522x29 [border: (1px solid #000000)]
          RenderTableRow {TR} at (0,2) size 522x25 [border: (1px solid #000000)]
            RenderTableCell {TD} at (2,2) size 258x25 [border: (1px solid #000000)] [r=0 c=0 rs=1 cs=1]
              RenderText {#text} at (2,2) size 254x21
                text run at (2,2) width 254: "Table Cell 1 Table Cell 1 Table Cell 1"
            RenderTableCell {TD} at (262,2) size 258x25 [border: (1px solid #000000)] [r=0 c=1 rs=1 cs=1]
              RenderText {#text} at (2,2) size 254x21
                text run at (2,2) width 254: "Table Cell 2 Table Cell 2 Table Cell 2"
