layer at (0,0) size 800x600
  RenderView at (0,0) size 800x600
layer at (0,0) size 800x365
  RenderBlock {HTML} at (0,0) size 800x365
    RenderBody {BODY} at (8,14) size 784x343
      RenderBlock {P} at (0,0) size 784x40
        RenderText {#text} at (0,0) size 181x19
          text run at (0,0) width 181: "Test for regressions against "
        RenderInline {I} at (0,0) size 748x39
          RenderInline {A} at (0,0) size 337x19 [color=#0000EE]
            RenderText {#text} at (181,0) size 337x19
              text run at (181,0) width 337: "http://bugzilla.opendarwin.org/show_bug.cgi?id=3922"
          RenderText {#text} at (518,0) size 748x39
            text run at (518,0) width 230: " Variable word/letter spacing and full"
            text run at (0,20) width 318: "justification not supported for ATSUI-rendered text"
        RenderText {#text} at (318,20) size 4x19
          text run at (318,20) width 4: "."
      RenderBlock (anonymous) at (0,54) size 784x19
        RenderText {#text} at (0,0) size 506x19
          text run at (0,0) width 506: "Each green box should be identical to the blue box it follows, except for accents."
      RenderBlock {HR} at (0,80) size 784x2 [border: (1px inset #000000)]
      RenderTable {TABLE} at (0,89) size 620x254
        RenderTableSection {TBODY} at (0,0) size 620x254
          RenderTableRow {TR} at (0,2) size 620x21
            RenderTableCell {TD} at (2,2) size 204x21 [r=0 c=0 rs=1 cs=1]
              RenderText {#text} at (58,1) size 87x19
                text run at (58,1) width 87: "Word spacing"
            RenderTableCell {TD} at (208,2) size 204x21 [r=0 c=1 rs=1 cs=1]
              RenderText {#text} at (57,1) size 90x19
                text run at (57,1) width 90: "Letter spacing"
            RenderTableCell {TD} at (414,2) size 204x21 [r=0 c=2 rs=1 cs=1]
              RenderText {#text} at (65,1) size 74x19
                text run at (65,1) width 74: "Justification"
          RenderTableRow {TR} at (0,25) size 620x227
            RenderTableCell {TD} at (2,25) size 204x208 [r=1 c=0 rs=1 cs=1]
              RenderBlock {DIV} at (1,1) size 202x206
                RenderBlock {DIV} at (0,0) size 202x78 [border: (1px solid #0000FF)]
                  RenderText {#text} at (73,1) size 172x76
                    text run at (73,1) width 128 RTL: "\x{5D9}\x{5B0}\x{5D4}\x{5B4}\x{5D9}, \x{5D0}\x{5B8}\x{5D7}\x{5B4}\x{5D9}, \x{5DC}\x{5B0}\x{5DA}\x{5B8}"
                    text run at (71,20) width 130 RTL: "\x{5E1}\x{5B5}\x{5E4}\x{5B6}\x{5E8} \x{5E9}\x{5C1}\x{5B0}\x{5DC}\x{5B7}\x{5D7}\x{5B0}\x{5EA}\x{5BC}\x{5B4}\x{5D9}\x{5D5}"
                    text run at (29,39) width 84 RTL: "\x{5E6}\x{5B0}\x{5DE}\x{5B4}\x{5D9}\x{5EA}\x{5D5}\x{5BC}\x{5EA}"
                    text run at (113,39) width 88 RTL: "\x{5D5}\x{5BC}\x{5DE}\x{5B4}\x{5DE}\x{5B0}\x{5DB}\x{5BC}\x{5B6}\x{5E8}\x{5B6}\x{5EA} "
                    text run at (81,58) width 120 RTL: "\x{5DC}\x{5B8}\x{5DA}\x{5B0} \x{5DE}\x{5B0}\x{5DB}\x{5B7}\x{5E8}\x{5B0}\x{5EA}\x{5BC}\x{5B4}\x{5D9}\x{5D5}."
                RenderBlock {DIV} at (0,83) size 202x59 [border: (1px solid #0000FF)]
                  RenderText {#text} at (1,1) size 137x57
                    text run at (1,1) width 137: "Lore\x{300}m ipsum dolor sit"
                    text run at (1,20) width 122: "ame\x{300}t, consectetuer"
                    text run at (1,39) width 89: "adipiscing e\x{300}lit."
                RenderBlock {DIV} at (0,147) size 202x59 [border: (1px solid #008000)]
                  RenderText {#text} at (1,1) size 167x57
                    text run at (1,1) width 167: "Lorem ipsum dolor sit"
                    text run at (1,20) width 132: "amet, consectetuer"
                    text run at (1,39) width 99: "adipiscing elit."
            RenderTableCell {TD} at (208,25) size 204x227 [r=1 c=1 rs=1 cs=1]
              RenderBlock {DIV} at (1,1) size 202x225
                RenderBlock {DIV} at (0,0) size 202x78 [border: (1px solid #0000FF)]
                  RenderText {#text} at (27,1) size 174x76
                    text run at (27,1) width 174 RTL: "\x{5D9}\x{5B0}\x{5D4}\x{5B4}\x{5D9}, \x{5D0}\x{5B8}\x{5D7}\x{5B4}\x{5D9}, \x{5DC}\x{5B0}\x{5DA}\x{5B8} \x{5E1}\x{5B5}\x{5E4}\x{5B6}\x{5E8}"
                    text run at (29,20) width 172 RTL: "\x{5E9}\x{5C1}\x{5B0}\x{5DC}\x{5B7}\x{5D7}\x{5B0}\x{5EA}\x{5BC}\x{5B4}\x{5D9}\x{5D5} \x{5D5}\x{5BC}\x{5DE}\x{5B4}\x{5DE}\x{5B0}\x{5DB}\x{5BC}\x{5B6}\x{5E8}\x{5B6}\x{5EA}"
                    text run at (85,39) width 116 RTL: "\x{5E6}\x{5B0}\x{5DE}\x{5B4}\x{5D9}\x{5EA}\x{5D5}\x{5BC}\x{5EA} \x{5DC}\x{5B8}\x{5DA}\x{5B0}"
                    text run at (113,58) width 88 RTL: "\x{5DE}\x{5B0}\x{5DB}\x{5B7}\x{5E8}\x{5B0}\x{5EA}\x{5BC}\x{5B4}\x{5D9}\x{5D5}."
                RenderBlock {DIV} at (0,83) size 202x59 [border: (1px solid #0000FF)]
                  RenderText {#text} at (1,1) size 140x57
                    text run at (1,1) width 119: "Lore\x{300}m ipsum dolor"
                    text run at (1,20) width 140: "sit ame\x{300}t, consectetue\x{300}r"
                    text run at (1,39) width 89: "adipiscing e\x{300}lit."
                RenderBlock {DIV} at (0,147) size 202x78 [border: (1px solid #008000)]
                  RenderText {#text} at (1,1) size 169x76
                    text run at (1,1) width 138: "Lorem ipsum"
                    text run at (1,20) width 165: "dolor sit amet,"
                    text run at (1,39) width 142: "consectetuer"
                    text run at (1,58) width 169: "adipiscing elit."
            RenderTableCell {TD} at (414,25) size 204x170 [r=1 c=2 rs=1 cs=1]
              RenderBlock {DIV} at (1,1) size 202x168
                RenderBlock {DIV} at (0,0) size 202x78 [border: (1px solid #0000FF)]
                  RenderText {#text} at (1,1) size 200x76
                    text run at (1,1) width 200 RTL: "\x{5D9}\x{5B0}\x{5D4}\x{5B4}\x{5D9}, \x{5D0}\x{5B8}\x{5D7}\x{5B4}\x{5D9}, \x{5DC}\x{5B0}\x{5DA}\x{5B8} \x{5E1}\x{5B5}\x{5E4}\x{5B6}\x{5E8}"
                    text run at (1,20) width 200 RTL: "\x{5E9}\x{5C1}\x{5B0}\x{5DC}\x{5B7}\x{5D7}\x{5B0}\x{5EA}\x{5BC}\x{5B4}\x{5D9}\x{5D5} \x{5D5}\x{5BC}\x{5DE}\x{5B4}\x{5DE}\x{5B0}\x{5DB}\x{5BC}\x{5B6}\x{5E8}\x{5B6}\x{5EA}"
                    text run at (1,39) width 200 RTL: "\x{5E6}\x{5B0}\x{5DE}\x{5B4}\x{5D9}\x{5EA}\x{5D5}\x{5BC}\x{5EA} \x{5DC}\x{5B8}\x{5DA}\x{5B0}"
                    text run at (113,58) width 88 RTL: "\x{5DE}\x{5B0}\x{5DB}\x{5B7}\x{5E8}\x{5B0}\x{5EA}\x{5BC}\x{5B4}\x{5D9}\x{5D5}."
                RenderBlock {DIV} at (0,83) size 202x40 [border: (1px solid #0000FF)]
                  RenderText {#text} at (1,1) size 200x38
                    text run at (1,1) width 200: "Lore\x{300}m ipsum dolor sit ame\x{300}t,"
                    text run at (1,20) width 175: "consectetue\x{300}r adipiscing e\x{300}lit."
                RenderBlock {DIV} at (0,128) size 202x40 [border: (1px solid #008000)]
                  RenderText {#text} at (1,1) size 200x38
                    text run at (1,1) width 200: "Lorem ipsum dolor sit amet,"
                    text run at (1,20) width 175: "consectetuer adipiscing elit."
