layer at (0,0) size 800x1115
  RenderView at (0,0) size 800x600
layer at (0,0) size 800x1115
  RenderBlock {HTML} at (0,0) size 800x1115
    RenderBody {BODY} at (8,8) size 784x1099
      RenderBlock (anonymous) at (0,0) size 784x19
        RenderText {#text} at (0,0) size 689x19
          text run at (0,0) width 689: "This example tests that word-break properly shrinks a cell to one character per line when it is set to break-all."
      RenderTable {TABLE} at (0,19) size 784x128 [border: (1px outset #808080)]
        RenderTableSection {TBODY} at (1,1) size 782x126
          RenderTableRow {TR} at (0,0) size 782x126
            RenderTableCell {TD} at (0,0) size 20x126 [border: (1px inset #808080)] [r=0 c=0 rs=1 cs=1]
              RenderText {#text} at (6,7) size 8x112
                text run at (6,7) width 8: "N"
                text run at (6,26) width 8: "a"
                text run at (6,45) width 8: "r"
                text run at (6,64) width 8: "r"
                text run at (6,83) width 8: "o"
                text run at (6,102) width 8: "w"
            RenderTableCell {TD} at (20,47) size 762x31 [border: (1px inset #808080)] [r=0 c=1 rs=1 cs=1]
              RenderText {#text} at (6,7) size 168x17
                text run at (6,7) width 168: "This cell should grow"
      RenderBlock (anonymous) at (0,147) size 784x38
        RenderBR {BR} at (0,0) size 0x19
        RenderText {#text} at (0,19) size 433x19
          text run at (0,19) width 433: "This test checks that word-break is ignored when white-space is pre."
      RenderBlock {PRE} at (0,199) size 110x29 [border: (5px solid #000000)]
        RenderText {#text} at (5,6) size 448x17
          text run at (5,6) width 448: "Thislongwordshouldnotgetbrokenbutshouldstickoutofthepre."
          text run at (453,6) width 0: " "
      RenderBlock (anonymous) at (0,242) size 784x76
        RenderBR {BR} at (0,0) size 0x19
        RenderText {#text} at (0,19) size 783x57
          text run at (0,19) width 468: "The next two examples test our custom break-word value for word-break. "
          text run at (468,19) width 299: "We should get the same results as break-all for"
          text run at (0,38) width 783: "the first test, but we should break up the word in the second test (since our behavior matches word-wrap: break-word in that"
          text run at (0,57) width 39: "case)."
      RenderTable {TABLE} at (0,318) size 784x128 [border: (1px outset #808080)]
        RenderTableSection {TBODY} at (1,1) size 782x126
          RenderTableRow {TR} at (0,0) size 782x126
            RenderTableCell {TD} at (0,0) size 20x126 [border: (1px inset #808080)] [r=0 c=0 rs=1 cs=1]
              RenderText {#text} at (6,7) size 8x112
                text run at (6,7) width 8: "N"
                text run at (6,26) width 8: "a"
                text run at (6,45) width 8: "r"
                text run at (6,64) width 8: "r"
                text run at (6,83) width 8: "o"
                text run at (6,102) width 8: "w"
            RenderTableCell {TD} at (20,47) size 762x31 [border: (1px inset #808080)] [r=0 c=1 rs=1 cs=1]
              RenderText {#text} at (6,7) size 168x17
                text run at (6,7) width 168: "This cell should grow"
      RenderBlock (anonymous) at (0,446) size 784x19
        RenderBR {BR} at (0,0) size 0x19
      RenderBlock {PRE} at (0,479) size 110x105 [border: (5px solid #000000)]
        RenderText {#text} at (5,6) size 96x93
          text run at (5,6) width 96: "Thislongword"
          text run at (5,25) width 96: "shouldnotget"
          text run at (5,44) width 96: "brokenbutsho"
          text run at (5,63) width 96: "uldstickouto"
          text run at (5,82) width 64: "fthepre."
          text run at (69,82) width 0: " "
      RenderBlock (anonymous) at (0,598) size 784x57
        RenderBR {BR} at (0,0) size 0x19
        RenderText {#text} at (0,19) size 784x38
          text run at (0,19) width 628: "This test makes sure floating and positioned elements do the right thing with word-break: break-all. "
          text run at (628,19) width 124: "The minimum width"
          text run at (0,38) width 298: "should be less than the containing block width. "
          text run at (298,38) width 486: "The breaking should be \"dumb\" and just occur when the end of the line is hit."
      RenderBlock {DIV} at (0,655) size 304x61 [border: (2px solid #000000)]
        RenderBlock (floating) {DIV} at (2,2) size 300x57
          RenderText {#text} at (0,1) size 296x55
            text run at (0,1) width 296: "Eventhoughthishasareallylongword itsh"
            text run at (0,20) width 296: "ouldnotstick out oftheenclosing300pxb"
            text run at (0,39) width 40: "lock."
        RenderBR {BR} at (302,3) size 0x17
      RenderBlock (anonymous) at (0,716) size 784x19
        RenderBR {BR} at (0,0) size 0x19
      RenderBlock (anonymous) at (0,839) size 784x76
        RenderBR {BR} at (0,0) size 0x19
        RenderText {#text} at (0,19) size 769x57
          text run at (0,19) width 645: "This test makes sure floating and positioned elements do the right thing with word-break: break-word. "
          text run at (645,19) width 124: "The minimum width"
          text run at (0,38) width 298: "should be less than the containing block width. "
          text run at (298,38) width 457: "The breaking should be \"smart\" and be like word-wrap: break-word, with"
          text run at (0,57) width 488: "words preferring to wrap first before allowing break opportunities within them."
      RenderBlock {DIV} at (0,915) size 304x61 [border: (2px solid #000000)]
        RenderBlock (floating) {DIV} at (2,2) size 300x57
          RenderText {#text} at (0,1) size 256x55
            text run at (0,1) width 256: "Eventhoughthishasareallylongword"
            text run at (0,20) width 160: "itshouldnotstick out"
            text run at (0,39) width 200: "oftheenclosing300pxblock."
        RenderBR {BR} at (302,3) size 0x17
      RenderBlock (anonymous) at (0,976) size 784x19
        RenderBR {BR} at (0,0) size 0x19
layer at (8,743) size 304x104
  RenderBlock (relative positioned) {DIV} at (0,735) size 304x104 [border: (2px solid #000000)]
layer at (10,745) size 300x57
  RenderBlock (positioned) {DIV} at (2,2) size 300x57
    RenderText {#text} at (0,1) size 296x55
      text run at (0,1) width 296: "Eventhoughthishasareallylongword itsh"
      text run at (0,20) width 296: "ouldnotstick out oftheenclosing300pxb"
      text run at (0,39) width 40: "lock."
layer at (8,1003) size 304x104
  RenderBlock (relative positioned) {DIV} at (0,995) size 304x104 [border: (2px solid #000000)]
layer at (10,1005) size 300x57
  RenderBlock (positioned) {DIV} at (2,2) size 300x57
    RenderText {#text} at (0,1) size 256x55
      text run at (0,1) width 256: "Eventhoughthishasareallylongword"
      text run at (0,20) width 160: "itshouldnotstick out"
      text run at (0,39) width 200: "oftheenclosing300pxblock."
