layer at (0,0) size 800x600
  RenderView at (0,0) size 800x600
layer at (0,0) size 800x512
  RenderBlock {HTML} at (0,0) size 800x512
    RenderBody {BODY} at (8,16) size 784x480
      RenderBlock {P} at (0,0) size 784x22
        RenderText {#text} at (0,0) size 531x22
          text run at (0,0) width 531: "The following two columns should be pixel perfect identical with no red visible."
      RenderTable {TABLE} at (0,38) size 78x404 [border: (3px solid #000000)]
        RenderTableSection {TBODY} at (3,3) size 72x398
          RenderTableRow {TR} at (0,0) size 72x398
            RenderTableCell {TD} at (0,0) size 36x398 [bgcolor=#FFA500] [r=0 c=0 rs=1 cs=1]
              RenderBlock {DIV} at (0,50) size 36x298 [bgcolor=#0000FF]
                RenderBlock {DIV} at (0,0) size 36x66 [bgcolor=#FF0000]
                  RenderBlock {DIV} at (0,0) size 36x66
                    RenderBlock {DIV} at (0,0) size 36x66 [bgcolor=#FFFF00]
                      RenderText {#text} at (0,0) size 36x66
                        text run at (0,0) width 36: "A"
                  RenderBlock {DIV} at (0,116) size 36x0
                RenderBlock {DIV} at (0,116) size 36x0 [bgcolor=#FF0000]
                RenderBlock {DIV} at (0,116) size 36x0 [bgcolor=#FF0000]
                  RenderBlock {DIV} at (0,0) size 36x0
                RenderBlock {DIV} at (0,116) size 36x66 [bgcolor=#FF0000]
                  RenderBlock {DIV} at (0,0) size 36x66 [bgcolor=#00FF00]
                    RenderBlock {DIV} at (0,0) size 36x0 [bgcolor=#FF0000]
                    RenderBlock (anonymous) at (0,0) size 36x66
                      RenderText {#text} at (0,0) size 33x66
                        text run at (0,0) width 33: "B"
                RenderBlock {DIV} at (0,232) size 36x66 [bgcolor=#00FFFF]
                  RenderText {#text} at (0,0) size 36x66
                    text run at (0,0) width 36: "C"
            RenderTableCell {TD} at (36,0) size 36x398 [bgcolor=#FFA500] [r=0 c=1 rs=1 cs=1]
              RenderBlock {DIV} at (0,50) size 36x298 [bgcolor=#0000FF]
                RenderBlock {DIV} at (0,0) size 36x66 [bgcolor=#FFFF00]
                  RenderText {#text} at (0,0) size 36x66
                    text run at (0,0) width 36: "A"
                RenderBlock {DIV} at (0,116) size 36x66 [bgcolor=#00FF00]
                  RenderText {#text} at (0,0) size 33x66
                    text run at (0,0) width 33: "B"
                RenderBlock {DIV} at (0,232) size 36x66 [bgcolor=#00FFFF]
                  RenderText {#text} at (0,0) size 36x66
                    text run at (0,0) width 36: "C"
      RenderBlock {P} at (0,458) size 784x22
        RenderText {#text} at (0,0) size 274x22
          text run at (0,0) width 274: "This test is meaningless if you don't pass "
        RenderInline {A} at (0,0) size 51x22 [color=#0000EE]
          RenderText {#text} at (274,0) size 51x22
            text run at (274,0) width 51: "test 006"
        RenderText {#text} at (325,0) size 4x22
          text run at (325,0) width 4: "."
