layer at (0,0) size 800x600
  RenderView at (0,0) size 800x600
layer at (0,0) size 800x364
  RenderBlock {HTML} at (0,0) size 800x364
    RenderBody {BODY} at (8,16) size 784x332
      RenderBlock {P} at (0,0) size 784x22
        RenderText {#text} at (0,0) size 613x22
          text run at (0,0) width 613: "The square should consist of exactly five equal bands, orange, lime, orange, yellow, orange."
      RenderTable {TABLE} at (0,38) size 256x256 [bgcolor=#FFA500] [border: (3px solid #000000)]
        RenderTableSection {TBODY} at (3,3) size 250x250
          RenderTableRow {TR} at (0,0) size 250x250
            RenderTableCell {TD} at (0,0) size 50x250 [r=0 c=0 rs=1 cs=1]
              RenderBlock {DIV} at (0,50) size 50x50 [bgcolor=#00FF00]
              RenderBlock {DIV} at (0,150) size 50x50 [bgcolor=#FFFF00]
            RenderTableCell {TD} at (50,0) size 50x250 [r=0 c=1 rs=1 cs=1]
              RenderBlock {DIV} at (0,50) size 50x50 [bgcolor=#00FF00]
              RenderBlock {DIV} at (0,150) size 50x50 [bgcolor=#FFFF00]
            RenderTableCell {TD} at (100,0) size 50x250 [r=0 c=2 rs=1 cs=1]
              RenderBlock {DIV} at (0,50) size 50x50 [bgcolor=#00FF00]
              RenderBlock {DIV} at (0,150) size 50x50 [bgcolor=#FFFF00]
            RenderTableCell {TD} at (150,0) size 50x250 [r=0 c=3 rs=1 cs=1]
              RenderBlock {DIV} at (0,50) size 50x50 [bgcolor=#00FF00]
              RenderBlock {DIV} at (0,150) size 50x50 [bgcolor=#FFFF00]
            RenderTableCell {TD} at (200,0) size 50x250 [r=0 c=4 rs=1 cs=1]
              RenderBlock {DIV} at (0,50) size 50x50 [bgcolor=#00FF00]
              RenderBlock {DIV} at (0,150) size 50x50 [bgcolor=#FFFF00]
      RenderBlock {P} at (0,310) size 784x22
        RenderText {#text} at (0,0) size 274x22
          text run at (0,0) width 274: "This test is meaningless if you don't pass "
        RenderInline {A} at (0,0) size 51x22 [color=#0000EE]
          RenderText {#text} at (274,0) size 51x22
            text run at (274,0) width 51: "test 006"
        RenderText {#text} at (325,0) size 4x22
          text run at (325,0) width 4: "."
