layer at (0,0) size 800x600
  RenderView at (0,0) size 800x600
layer at (0,0) size 800x214
  RenderBlock {HTML} at (0,0) size 800x214
    RenderBody {BODY} at (8,16) size 784x182
      RenderBlock {P} at (0,0) size 784x22
        RenderText {#text} at (0,0) size 247x22
          text run at (0,0) width 247: "There should be no red on this page."
      RenderTable {TABLE} at (0,38) size 156x106 [bgcolor=#FF0000] [border: (3px solid #000000)]
        RenderTableSection {TBODY} at (3,3) size 150x100
          RenderTableRow {TR} at (0,0) size 150x100
            RenderTableCell {TD} at (0,0) size 50x100 [r=0 c=0 rs=1 cs=1]
              RenderBlock {DIV} at (0,0) size 50x55 [bgcolor=#00FF00]
                RenderBlock {DIV} at (0,0) size 50x50
              RenderBlock {DIV} at (0,55) size 50x45 [bgcolor=#00FF00]
            RenderTableCell {TD} at (50,0) size 50x100 [r=0 c=1 rs=1 cs=1]
              RenderBlock {DIV} at (0,0) size 50x50 [bgcolor=#00FF00]
                RenderBlock {DIV} at (0,0) size 50x50
              RenderBlock {DIV} at (0,50) size 50x50 [bgcolor=#00FF00]
            RenderTableCell {TD} at (100,0) size 50x100 [r=0 c=2 rs=1 cs=1]
              RenderBlock {DIV} at (0,0) size 50x45 [bgcolor=#00FF00]
                RenderBlock {DIV} at (0,0) size 50x50
              RenderBlock {DIV} at (0,45) size 50x55 [bgcolor=#00FF00]
      RenderBlock {P} at (0,160) size 784x22
        RenderText {#text} at (0,0) size 62x22
          text run at (0,0) width 62: "See also: "
        RenderInline {A} at (0,0) size 81x22 [color=#0000EE]
          RenderText {#text} at (62,0) size 81x22
            text run at (62,0) width 81: "prerequisite"
        RenderText {#text} at (143,0) size 4x22
          text run at (143,0) width 4: "."
