layer at (0,0) size 800x600
  RenderView at (0,0) size 800x600
layer at (0,0) size 800x110
  RenderBlock {HTML} at (0,0) size 800x110
    RenderBody {BODY} at (8,16) size 784x86
      RenderBlock {P} at (0,0) size 784x22
        RenderText {#text} at (0,0) size 206x22
          text run at (0,0) width 206: "There should be no red below."
      RenderBlock {DIV} at (0,38) size 784x48 [bgcolor=#FF0000] [border: (16px solid #00FF00) none (16px solid #00FF00) none]
        RenderBlock {DIV} at (0,16) size 784x16 [border: (16px solid #FF0000) none]
        RenderBlock {DIV} at (0,16) size 784x16 [border: (16px solid #00FF00) none]
