layer at (0,0) size 800x600
  RenderView at (0,0) size 800x600
layer at (0,0) size 800x100
  RenderBlock {HTML} at (0,0) size 800x100
    RenderBody {BODY} at (8,16) size 784x76
      RenderBlock {P} at (0,0) size 784x22
        RenderText {#text} at (0,0) size 206x22
          text run at (0,0) width 206: "There should be no red below."
      RenderBlock {DIV} at (0,54) size 784x22 [bgcolor=#FF0000]
        RenderBlock {DIV} at (0,0) size 784x22
          RenderBlock {DIV} at (0,0) size 784x22
            RenderBlock {DIV} at (0,0) size 784x22 [color=#FFFFFF] [bgcolor=#008000]
              RenderText {#text} at (0,0) size 173x22
                text run at (0,0) width 173: "This line should be green."
