layer at (0,0) size 800x600
  RenderView at (0,0) size 800x600
layer at (0,0) size 800x94
  RenderBlock {HTML} at (0,0) size 800x94 [border: (1px solid #C0C0C0)]
    RenderBody {BODY} at (1,1) size 798x76
      RenderBlock (floating) {DIV} at (16,0) size 336x38 [bgcolor=#00FFFF]
        RenderText {#text} at (8,8) size 56x22
          text run at (8,8) width 56: "FLOAT"
      RenderBlock {DIV} at (16,38) size 766x38 [bgcolor=#FFFF00]
        RenderText {#text} at (8,8) size 58x22
          text run at (8,8) width 58: "BLOCK"
