layer at (0,0) size 800x600
  RenderView at (0,0) size 800x600
layer at (0,0) size 800x600
  RenderBlock {HTML} at (0,0) size 800x600
    RenderBody {BODY} at (8,8) size 784x584
      RenderBlock {DIV} at (0,0) size 385x525
        RenderImage {IMG} at (0,0) size 395x275
        RenderBlock {H2} at (0,315) size 385x33
          RenderText {#text} at (0,0) size 316x33
            text run at (0,0) width 316: "This text should be on line one."
        RenderBlock (anonymous) at (0,367) size 385x44
          RenderText {#text} at (0,0) size 356x44
            text run at (0,0) width 282: "This text should be on the following lines. "
            text run at (282,0) width 74: "These lines"
            text run at (0,22) width 130: "should not overlap."
        RenderBlock {H2} at (0,451) size 385x33
          RenderText {#text} at (0,0) size 211x33
            text run at (0,0) width 211: "Here's what's weird."
        RenderBlock (anonymous) at (0,503) size 385x22
          RenderText {#text} at (0,0) size 147x22
            text run at (0,0) width 147: "The problem persists!"
