layer at (0,0) size 800x600
  RenderView at (0,0) size 800x600
layer at (0,0) size 800x600
  RenderBlock {HTML} at (0,0) size 800x600
    RenderBody {BODY} at (8,8) size 784x584
      RenderBlock {DIV} at (0,0) size 385x355
        RenderBlock {P} at (0,0) size 385x48 [border: (2px solid #0000FF)]
          RenderText {#text} at (2,2) size 370x44
            text run at (2,2) width 370: "There should be only 2em between this paragraph and"
            text run at (2,24) width 113: "the image below."
        RenderImage {IMG} at (0,80) size 395x275
