layer at (0,0) size 800x1782
  RenderView at (0,0) size 800x600
layer at (0,0) size 800x1782
  RenderBlock {HTML} at (0,0) size 800x1782
    RenderBody {BODY} at (8,20) size 784x1742 [bgcolor=#A6A972]
      RenderBlock {DIV} at (91,0) size 602x1742 [bgcolor=#FDFDE9] [border: (1px solid #000000)]
        RenderBlock {DIV} at (1,31) size 600x70
        RenderBlock {DIV} at (1,114) size 600x1556
          RenderBlock {P} at (20,0) size 560x80 [color=#333333]
            RenderText {#text} at (0,1) size 517x38
              text run at (0,1) width 517: "We are trying to understand how UVic students perform Shakespeare related research for"
              text run at (0,21) width 263: "classes as well as for their own interest. The "
            RenderInline {A} at (0,0) size 175x18
              RenderText {#text} at (263,21) size 175x18
                text run at (263,21) width 175: "Internet Shakespeare Editions"
            RenderText {#text} at (438,21) size 559x58
              text run at (438,21) width 120: " are being developed"
              text run at (0,41) width 215: "for students as well as Shakespeare "
              text run at (215,41) width 344: "scholars world wide to better understand the man, his plays"
              text run at (0,61) width 148: "and our interpretations of "
              text run at (148,61) width 33: "them."
          RenderBlock {P} at (20,93) size 560x20 [color=#333333]
            RenderText {#text} at (0,1) size 451x18
              text run at (0,1) width 451: "Please take the time to carefully review and complete the following questions."
          RenderBlock {FORM} at (20,138) size 560x1384
            RenderBlock {H2} at (0,0) size 560x20 [color=#333333]
              RenderText {#text} at (0,0) size 183x20
                text run at (0,0) width 183: "PERSONAL INFORMATION"
            RenderBlock (floating) {SPAN} at (0,30) size 325x20 [color=#333333]
              RenderText {#text} at (0,1) size 70x18
                text run at (0,1) width 70: "Your Name*"
            RenderTextControl {INPUT} at (325,30) size 186x26 [bgcolor=#FFFFFF] [border: (2px inset #000000)]
            RenderBlock (floating) {SPAN} at (0,58) size 325x20 [color=#333333]
              RenderText {#text} at (0,1) size 121x18
                text run at (0,1) width 121: "Your e-mail address*"
            RenderTextControl {INPUT} at (325,58) size 186x26 [bgcolor=#FFFFFF] [border: (2px inset #000000)]
            RenderBlock (floating) {SPAN} at (0,86) size 325x20 [color=#333333]
              RenderText {#text} at (0,1) size 126x18
                text run at (0,1) width 126: "Your degree program*"
            RenderMenuList {SELECT} at (325,86) size 180x25 [bgcolor=#FFFFFF]
              RenderBlock (anonymous) at (8,3) size 148x19
                RenderText at (0,0) size 105x19
                  text run at (0,0) width 105: "Program options"
            RenderBlock (floating) {SPAN} at (0,113) size 325x20 [color=#333333]
              RenderText {#text} at (0,1) size 112x18
                text run at (0,1) width 112: "Your year of study*"
            RenderMenuList {SELECT} at (325,113) size 180x25 [bgcolor=#FFFFFF]
              RenderBlock (anonymous) at (8,3) size 148x19
                RenderText at (0,0) size 151x19
                  text run at (0,0) width 151: "Years you've been here"
            RenderBlock (floating) {SPAN} at (0,140) size 325x20 [color=#333333]
              RenderText {#text} at (0,1) size 161x18
                text run at (0,1) width 161: "Shakespeare classes taken"
            RenderMenuList {SELECT} at (325,140) size 180x25 [bgcolor=#FFFFFF]
              RenderBlock (anonymous) at (8,3) size 148x19
                RenderText at (0,0) size 90x19
                  text run at (0,0) width 90: "Number taken"
            RenderBlock {P} at (0,178) size 560x20 [color=#333333]
              RenderText {#text} at (0,1) size 150x18
                text run at (0,1) width 150: "* indicates a required field"
            RenderBlock {H2} at (0,223) size 560x20 [color=#333333]
              RenderText {#text} at (0,0) size 270x20
                text run at (0,0) width 270: "SHAKESPEARE RESEARCH QUESTIONS"
            RenderBlock (floating) {SPAN} at (0,253) size 325x20 [color=#333333]
              RenderText {#text} at (0,1) size 320x18
                text run at (0,1) width 320: "What percentage of your research time is spent online?"
            RenderMenuList {SELECT} at (325,253) size 180x25 [bgcolor=#FFFFFF]
              RenderBlock (anonymous) at (8,3) size 148x19
                RenderText at (0,0) size 127x19
                  text run at (0,0) width 127: "Percentages of time"
            RenderBlock (floating) {SPAN} at (0,280) size 325x20 [color=#333333]
              RenderText {#text} at (0,1) size 298x38
                text run at (0,1) width 298: "What is holding you back from doing more research"
                text run at (0,21) width 41: "online?"
            RenderMenuList {SELECT} at (325,280) size 180x25 [bgcolor=#FFFFFF]
              RenderBlock (anonymous) at (8,3) size 148x19
                RenderText at (0,0) size 56x19
                  text run at (0,0) width 56: "Reasons"
            RenderBlock (floating) {SPAN} at (0,307) size 325x20 [color=#333333]
              RenderText {#text} at (0,1) size 220x18
                text run at (0,1) width 220: "Your research is primarily focused on:"
            RenderBlock {SPAN} at (325,307) size 180x20 [color=#333333]
              RenderBlock {INPUT} at (2,3) size 13x13 [color=#000000] [bgcolor=#C0C0C0]
              RenderText {#text} at (17,1) size 33x18
                text run at (17,1) width 33: "Texts"
            RenderBlock {SPAN} at (325,327) size 180x20 [color=#333333]
              RenderBlock {INPUT} at (2,3) size 13x13 [color=#000000] [bgcolor=#C0C0C0]
              RenderText {#text} at (17,1) size 131x18
                text run at (17,1) width 131: "Performance materials"
            RenderBlock {SPAN} at (325,347) size 180x20 [color=#333333]
              RenderBlock {INPUT} at (2,3) size 13x13 [color=#000000] [bgcolor=#C0C0C0]
              RenderText {#text} at (17,1) size 18x18
                text run at (17,1) width 18: "n/a"
            RenderBlock {H2} at (0,392) size 560x20 [color=#333333]
              RenderText {#text} at (0,0) size 335x20
                text run at (0,0) width 335: "INTERNET SHAKESPEARE EDITIONS QUESTIONS"
            RenderBlock (floating) {SPAN} at (0,422) size 325x20 [color=#333333]
              RenderText {#text} at (0,1) size 314x18
                text run at (0,1) width 314: "Have you used UVic's Internet Shakespeare Editions?"
            RenderBlock {SPAN} at (325,422) size 180x20 [color=#333333]
              RenderText {#text} at (0,1) size 23x18
                text run at (0,1) width 23: "Yes"
              RenderBlock {INPUT} at (25,3) size 13x13 [color=#000000] [bgcolor=#C0C0C0]
              RenderText {#text} at (40,1) size 20x18
                text run at (40,1) width 4: " "
                text run at (44,1) width 16: "No"
              RenderBlock {INPUT} at (62,3) size 13x13 [color=#000000] [bgcolor=#C0C0C0]
              RenderText {#text} at (0,0) size 0x0
            RenderBlock {P} at (0,455) size 560x20 [color=#333333]
              RenderText {#text} at (0,1) size 371x18
                text run at (0,1) width 371: "-- If you answered no to this question, skip to the next section --"
            RenderBlock (floating) {SPAN} at (0,488) size 325x20 [color=#333333]
              RenderText {#text} at (0,1) size 278x18
                text run at (0,1) width 278: "Which area of the ISE did you find most useful?"
            RenderMenuList {SELECT} at (325,488) size 180x25 [bgcolor=#FFFFFF]
              RenderBlock (anonymous) at (8,3) size 148x19
                RenderText at (0,0) size 120x19
                  text run at (0,0) width 120: "Sections of the ISE"
            RenderBlock (floating) {SPAN} at (0,515) size 325x20 [color=#333333]
              RenderText {#text} at (0,1) size 251x18
                text run at (0,1) width 251: "How did you find the navigation of the ISE?"
            RenderMenuList {SELECT} at (325,515) size 180x25 [bgcolor=#FFFFFF]
              RenderBlock (anonymous) at (8,3) size 148x19
                RenderText at (0,0) size 105x19
                  text run at (0,0) width 105: "Level of difficulty"
            RenderBlock (floating) {SPAN} at (0,542) size 325x20 [color=#333333]
              RenderText {#text} at (0,1) size 214x18
                text run at (0,1) width 214: "Please describe your use of the ISE."
            RenderTextControl {TEXTAREA} at (0,565) size 502x102 [bgcolor=#FFFFFF] [border: (1px solid #000000)]
            RenderBlock {H2} at (0,692) size 560x20 [color=#333333]
              RenderText {#text} at (0,0) size 264x20
                text run at (0,0) width 264: "TOOLS IN DEVELOPMENT QUESTIONS"
            RenderBlock {P} at (0,725) size 560x60 [color=#333333]
              RenderText {#text} at (0,1) size 544x58
                text run at (0,1) width 444: "We are in the process of both making new material available and developing "
                text run at (444,1) width 100: "new tools to view"
                text run at (0,21) width 348: "and extrapolate information from Shakespeare's works. The "
                text run at (348,21) width 156: "following images are visual"
                text run at (0,41) width 336: "representations of some of the ideas being thrown around."
            RenderBlock {P} at (0,798) size 560x20 [color=#333333]
              RenderText {#text} at (0,1) size 332x18
                text run at (0,1) width 332: "Please review them carefully and provide feedback below"
            RenderBlock (floating) {SPAN} at (0,831) size 325x20 [color=#333333]
              RenderText {#text} at (0,1) size 147x18
                text run at (0,1) width 147: "Your comments on Fig. 1"
            RenderTextControl {TEXTAREA} at (0,851) size 502x102 [bgcolor=#FFFFFF] [border: (1px solid #000000)]
            RenderBlock (floating) {SPAN} at (0,958) size 325x20 [color=#333333]
              RenderText {#text} at (0,1) size 147x18
                text run at (0,1) width 147: "Your comments on Fig. 2"
            RenderTextControl {TEXTAREA} at (0,978) size 502x102 [bgcolor=#FFFFFF] [border: (1px solid #000000)]
            RenderBlock (floating) {SPAN} at (0,1085) size 325x20 [color=#333333]
              RenderText {#text} at (0,1) size 147x18
                text run at (0,1) width 147: "Your comments on Fig. 3"
            RenderTextControl {TEXTAREA} at (0,1105) size 502x102 [bgcolor=#FFFFFF] [border: (1px solid #000000)]
            RenderBlock {H2} at (0,1232) size 560x20 [color=#333333]
              RenderText {#text} at (0,0) size 131x20
                text run at (0,0) width 131: "OTHER FEEDBACK"
            RenderBlock (floating) {SPAN} at (0,1262) size 325x20 [color=#333333]
              RenderText {#text} at (0,1) size 218x18
                text run at (0,1) width 218: "Please enter any other thoughts here."
            RenderTextControl {TEXTAREA} at (0,1282) size 502x102 [bgcolor=#FFFFFF] [border: (1px solid #000000)]
          RenderBlock {P} at (20,1536) size 560x20 [color=#333333]
            RenderText {#text} at (0,1) size 223x18
              text run at (0,1) width 223: "Thank you for your time filling this out."
        RenderBlock {DIV} at (1,1690) size 600x51 [border: (1px dashed #A6A972) none]
          RenderBlock {SPAN} at (0,16) size 600x20 [color=#333333]
            RenderText {#text} at (244,1) size 112x18
              text run at (244,1) width 112: "\x{A9}2003 Kevin Davis"
layer at (448,305) size 180x20
  RenderBlock {DIV} at (3,3) size 180x20
layer at (448,333) size 180x20
  RenderBlock {DIV} at (3,3) size 180x20
layer at (121,838) size 500x100
  RenderBlock {DIV} at (1,1) size 500x100
layer at (121,1124) size 500x100
  RenderBlock {DIV} at (1,1) size 500x100
layer at (121,1251) size 500x100
  RenderBlock {DIV} at (1,1) size 500x100
layer at (121,1378) size 500x100
  RenderBlock {DIV} at (1,1) size 500x100
layer at (121,1555) size 500x100
  RenderBlock {DIV} at (1,1) size 500x100
