layer at (0,0) size 784x1134
  RenderView at (0,0) size 784x600
layer at (0,0) size 784x1134
  RenderBlock {HTML} at (0,0) size 784x1134
    RenderBody {BODY} at (8,8) size 768x1118
      RenderBlock {SPAN} at (0,0) size 768x22
        RenderBlock (floating) {DIV} at (0,0) size 100x100 [bgcolor=#00FF00]
          RenderText {#text} at (0,0) size 90x66
            text run at (0,0) width 90: "This is a float"
            text run at (0,22) width 86: "that is 100px"
            text run at (0,44) width 34: "high."
        RenderText {#text} at (100,0) size 309x22
          text run at (100,0) width 309: "This paragraph has a bottom margin of 50px."
      RenderBlock {SPAN} at (0,100) size 768x0
      RenderBlock {SPAN} at (0,100) size 768x22
        RenderText {#text} at (0,0) size 322x22
          text run at (0,0) width 322: "This text should be immediately under the float."
      RenderBlock {HR} at (0,130) size 768x2 [border: (1px inset #000000)]
      RenderBlock {SPAN} at (0,140) size 768x22
        RenderBlock (floating) {DIV} at (0,0) size 100x100 [bgcolor=#00FF00]
          RenderText {#text} at (0,0) size 90x66
            text run at (0,0) width 90: "This is a float"
            text run at (0,22) width 86: "that is 100px"
            text run at (0,44) width 34: "high."
        RenderText {#text} at (100,0) size 309x22
          text run at (100,0) width 309: "This paragraph has a bottom margin of 50px."
      RenderBlock {SPAN} at (0,240) size 768x0
      RenderBlock {SPAN} at (0,250) size 768x22
        RenderText {#text} at (0,0) size 273x22
          text run at (0,0) width 273: "This text should be 10px under the float."
      RenderBlock {HR} at (0,280) size 768x2 [border: (1px inset #000000)]
      RenderBlock {SPAN} at (0,290) size 768x22
        RenderBlock (floating) {DIV} at (0,0) size 100x100 [bgcolor=#00FF00]
          RenderText {#text} at (0,0) size 90x66
            text run at (0,0) width 90: "This is a float"
            text run at (0,22) width 86: "that is 100px"
            text run at (0,44) width 34: "high."
        RenderText {#text} at (100,0) size 309x22
          text run at (100,0) width 309: "This paragraph has a bottom margin of 50px."
      RenderBlock {SPAN} at (0,390) size 768x0
      RenderBlock {SPAN} at (0,390) size 768x22
        RenderText {#text} at (0,0) size 322x22
          text run at (0,0) width 322: "This text should be immediately under the float."
      RenderBlock {HR} at (0,420) size 768x2 [border: (1px inset #000000)]
      RenderBlock {SPAN} at (0,430) size 768x22
        RenderBlock (floating) {DIV} at (0,0) size 100x100 [bgcolor=#00FF00]
          RenderText {#text} at (0,0) size 90x66
            text run at (0,0) width 90: "This is a float"
            text run at (0,22) width 86: "that is 100px"
            text run at (0,44) width 34: "high."
        RenderText {#text} at (100,0) size 309x22
          text run at (100,0) width 309: "This paragraph has a bottom margin of 50px."
      RenderBlock {SPAN} at (0,530) size 768x0
      RenderBlock {SPAN} at (0,530) size 768x22
        RenderText {#text} at (0,0) size 322x22
          text run at (0,0) width 322: "This text should be immediately under the float."
      RenderBlock {HR} at (0,560) size 768x2 [border: (1px inset #000000)]
      RenderBlock {SPAN} at (0,570) size 768x22
        RenderBlock (floating) {DIV} at (0,0) size 100x100 [bgcolor=#00FF00]
          RenderText {#text} at (0,0) size 90x66
            text run at (0,0) width 90: "This is a float"
            text run at (0,22) width 86: "that is 100px"
            text run at (0,44) width 34: "high."
        RenderText {#text} at (100,0) size 309x22
          text run at (100,0) width 309: "This paragraph has a bottom margin of 50px."
      RenderBlock {SPAN} at (0,670) size 768x0
      RenderBlock {SPAN} at (0,680) size 768x22
        RenderText {#text} at (0,0) size 273x22
          text run at (0,0) width 273: "This text should be 10px under the float."
      RenderBlock {HR} at (0,710) size 768x2 [border: (1px inset #000000)]
      RenderBlock {SPAN} at (0,720) size 768x22
        RenderBlock (floating) {DIV} at (0,0) size 100x100 [bgcolor=#00FF00]
          RenderText {#text} at (0,0) size 90x66
            text run at (0,0) width 90: "This is a float"
            text run at (0,22) width 86: "that is 100px"
            text run at (0,44) width 34: "high."
        RenderText {#text} at (100,0) size 309x22
          text run at (100,0) width 309: "This paragraph has a bottom margin of 50px."
      RenderBlock {SPAN} at (0,820) size 768x0
      RenderBlock {SPAN} at (0,820) size 768x22
        RenderText {#text} at (0,0) size 322x22
          text run at (0,0) width 322: "This text should be immediately under the float."
      RenderBlock {HR} at (0,850) size 768x2 [border: (1px inset #000000)]
      RenderBlock {SPAN} at (0,860) size 768x120 [border: (10px dotted #000000)]
        RenderBlock {SPAN} at (10,10) size 748x22
          RenderBlock (floating) {DIV} at (0,0) size 100x100 [bgcolor=#00FF00]
            RenderText {#text} at (0,0) size 90x66
              text run at (0,0) width 90: "This is a float"
              text run at (0,22) width 86: "that is 100px"
              text run at (0,44) width 34: "high."
          RenderText {#text} at (100,0) size 309x22
            text run at (100,0) width 309: "This paragraph has a bottom margin of 50px."
        RenderBlock {SPAN} at (10,110) size 748x0
      RenderBlock {HR} at (0,988) size 768x2 [border: (1px inset #000000)]
      RenderBlock {SPAN} at (0,998) size 768x120 [border: (10px dotted #000000)]
        RenderBlock {SPAN} at (10,10) size 748x22
          RenderBlock (floating) {DIV} at (0,0) size 100x100 [bgcolor=#00FF00]
            RenderText {#text} at (0,0) size 90x66
              text run at (0,0) width 90: "This is a float"
              text run at (0,22) width 86: "that is 100px"
              text run at (0,44) width 34: "high."
          RenderText {#text} at (100,0) size 309x22
            text run at (100,0) width 309: "This paragraph has a bottom margin of 50px."
        RenderBlock {SPAN} at (10,110) size 748x0
