layer at (0,0) size 800x600
  RenderView at (0,0) size 800x600
layer at (0,0) size 800x94
  RenderBlock {HTML} at (0,0) size 800x94
    RenderBody {BODY} at (8,16) size 784x70
      RenderBlock {P} at (0,0) size 784x22
        RenderText {#text} at (0,0) size 206x22
          text run at (0,0) width 206: "There should be no red below."
      RenderBlock {DIV} at (0,38) size 80x32 [bgcolor=#FF0000]
        RenderBlock {DIV} at (0,0) size 80x16 [bgcolor=#0000FF]
        RenderImage {IMG} at (0,16) size 80x16 [bgcolor=#FFFF00]
