layer at (0,0) size 800x600
  RenderCanvas at (0,0) size 800x600
layer at (0,0) size 800x600
  RenderBlock {HTML} at (0,0) size 800x600
    RenderBody {BODY} at (8,8) size 784x576
      RenderBlock {CENTER} at (0,0) size 784x154
        RenderTable {TABLE} at (337,0) size 110x94
          RenderTableSection {THEAD} at (0,0) size 0x24
            RenderTableRow {TR} at (0,0) size 0x0
              RenderTableCell {TD} at (2,2) size 35x20 [r=0 c=0 rs=1 cs=1]
                RenderText {TEXT} at (1,1) size 29x18
                  text run at (1,1) width 29: "EST"
              RenderTableCell {TD} at (39,2) size 29x20 [r=0 c=1 rs=1 cs=1]
                RenderText {TEXT} at (1,1) size 27x18
                  text run at (1,1) width 27: "1am"
              RenderTableCell {TD} at (70,2) size 38x20 [r=0 c=2 rs=1 cs=1]
                RenderText {TEXT} at (1,1) size 28x18
                  text run at (1,1) width 28: "8pm"
          RenderTableSection {TBODY} at (0,24) size 0x46
            RenderTableRow {TR} at (0,0) size 0x0
              RenderTableCell {TD} at (2,2) size 35x20 [r=0 c=0 rs=1 cs=1]
                RenderText {TEXT} at (1,1) size 30x18
                  text run at (1,1) width 30: "CST"
              RenderTableCell {TD} at (39,2) size 29x20 [r=0 c=1 rs=1 cs=1]
                RenderText {TEXT} at (1,1) size 27x18
                  text run at (1,1) width 27: "2am"
              RenderTableCell {TD} at (70,2) size 38x20 [r=0 c=2 rs=1 cs=1]
                RenderText {TEXT} at (1,1) size 28x18
                  text run at (1,1) width 28: "9pm"
            RenderTableRow {TR} at (0,0) size 0x0
              RenderTableCell {TD} at (2,24) size 35x20 [r=1 c=0 rs=1 cs=1]
                RenderText {TEXT} at (1,1) size 33x18
                  text run at (1,1) width 33: "MST"
              RenderTableCell {TD} at (39,24) size 29x20 [r=1 c=1 rs=1 cs=1]
                RenderText {TEXT} at (1,1) size 27x18
                  text run at (1,1) width 27: "3am"
              RenderTableCell {TD} at (70,24) size 38x20 [r=1 c=2 rs=1 cs=1]
                RenderText {TEXT} at (1,1) size 36x18
                  text run at (1,1) width 36: "10pm"
          RenderTableSection {TFOOT} at (0,70) size 0x24
            RenderTableRow {TR} at (0,0) size 0x0
              RenderTableCell {TD} at (2,2) size 35x20 [r=0 c=0 rs=1 cs=1]
                RenderText {TEXT} at (1,1) size 28x18
                  text run at (1,1) width 28: "PST"
              RenderTableCell {TD} at (39,2) size 29x20 [r=0 c=1 rs=1 cs=1]
                RenderText {TEXT} at (1,1) size 27x18
                  text run at (1,1) width 27: "4am"
              RenderTableCell {TD} at (70,2) size 38x20 [r=0 c=2 rs=1 cs=1]
                RenderText {TEXT} at (1,1) size 36x18
                  text run at (1,1) width 36: "11pm"
        RenderBlock {P} at (0,110) size 784x44
          RenderButton {BUTTON} at (264,2) size 76x18 [bgcolor=#C0C0C0] [border: (2px outset #C0C0C0) none (2px outset #C0C0C0)]
            RenderBlock (anonymous) at (8,2) size 60x13
              RenderText {TEXT} at (0,0) size 60x13
                text run at (0,0) width 18: "No "
                text run at (18,0) width 42: "borders"
          RenderButton {BUTTON} at (344,2) size 97x18 [bgcolor=#C0C0C0] [border: (2px outset #C0C0C0) none (2px outset #C0C0C0)]
            RenderBlock (anonymous) at (8,2) size 81x13
              RenderText {TEXT} at (0,0) size 81x13
                text run at (0,0) width 45: "Exterior "
                text run at (45,0) width 36: "border"
          RenderButton {BUTTON} at (445,2) size 75x18 [bgcolor=#C0C0C0] [border: (2px outset #C0C0C0) none (2px outset #C0C0C0)]
            RenderBlock (anonymous) at (8,2) size 59x13
              RenderText {TEXT} at (0,0) size 59x13
                text run at (0,0) width 17: "All "
                text run at (17,0) width 42: "borders"
          RenderBR {BR} at (0,0) size 0x0
          RenderButton {BUTTON} at (229,24) size 103x18 [bgcolor=#C0C0C0] [border: (2px outset #C0C0C0) none (2px outset #C0C0C0)]
            RenderBlock (anonymous) at (8,2) size 87x13
              RenderText {TEXT} at (0,0) size 87x13
                text run at (0,0) width 45: "Column "
                text run at (45,0) width 42: "borders"
          RenderButton {BUTTON} at (336,24) size 100x18 [bgcolor=#C0C0C0] [border: (2px outset #C0C0C0) none (2px outset #C0C0C0)]
            RenderBlock (anonymous) at (8,2) size 84x13
              RenderText {TEXT} at (0,0) size 84x13
                text run at (0,0) width 42: "Groups "
                text run at (42,0) width 42: "borders"
          RenderButton {BUTTON} at (440,24) size 114x18 [bgcolor=#C0C0C0] [border: (2px outset #C0C0C0) none (2px outset #C0C0C0)]
            RenderBlock (anonymous) at (8,2) size 98x13
              RenderText {TEXT} at (0,0) size 98x13
                text run at (0,0) width 33: "Table "
                text run at (33,0) width 65: "row borders"
          RenderText {TEXT} at (0,0) size 0x0
