layer at (0,0) size 800x600
  RenderView at (0,0) size 800x600
layer at (0,0) size 800x600
  RenderBlock {HTML} at (0,0) size 800x600
    RenderBody {BODY} at (8,8) size 784x584
      RenderBlock {P} at (0,0) size 784x18
        RenderText {#text} at (0,0) size 153x18
          text run at (0,0) width 153: "Test controls placement."
      RenderBlock (anonymous) at (0,34) size 784x86
        RenderMedia {AUDIO} at (0,0) size 200x16 [bgcolor=#0000FF]
        RenderBR {BR} at (200,16) size 0x0
        RenderBR {BR} at (0,16) size 0x18
        RenderMedia {AUDIO} at (0,34) size 320x16 [bgcolor=#0000FF]
        RenderBR {BR} at (320,50) size 0x0
        RenderBR {BR} at (0,50) size 0x18
        RenderBR {BR} at (0,68) size 0x18
layer at (8,42) size 200x16
  RenderBlock (relative positioned) {DIV} at (0,0) size 200x16
layer at (8,42) size 200x18
  RenderBlock (positioned) {DIV} at (0,0) size 200x16
    RenderButton {INPUT} at (0,0) size 200x18
layer at (8,42) size 17x16
  RenderButton {INPUT} at (0,0) size 17x16
layer at (24,42) size 17x16
  RenderButton {INPUT} at (16,0) size 17x16
layer at (40,42) size 136x16
  RenderBlock (positioned) {DIV} at (32,0) size 136x16
layer at (40,42) size 136x16
  RenderSlider {INPUT} at (0,0) size 136x16
layer at (42,43) size 13x14
  RenderBlock (relative positioned) {DIV} at (2,0) size 13x14
layer at (175,42) size 17x16
  RenderButton {INPUT} at (167,0) size 17x16
layer at (191,42) size 17x16
  RenderButton {INPUT} at (183,0) size 17x16
layer at (8,76) size 320x16
  RenderBlock (relative positioned) {DIV} at (0,0) size 320x16
layer at (8,76) size 320x18
  RenderBlock (positioned) {DIV} at (0,0) size 320x16
    RenderButton {INPUT} at (0,0) size 320x18
layer at (8,76) size 17x16
  RenderButton {INPUT} at (0,0) size 17x16
layer at (24,76) size 17x16
  RenderButton {INPUT} at (16,0) size 17x16
layer at (40,76) size 256x16
  RenderBlock (positioned) {DIV} at (32,0) size 256x16
layer at (40,76) size 256x16
  RenderSlider {INPUT} at (0,0) size 256x16
layer at (42,77) size 13x14
  RenderBlock (relative positioned) {DIV} at (2,0) size 13x14
layer at (295,76) size 17x16
  RenderButton {INPUT} at (287,0) size 17x16
layer at (311,76) size 17x16
  RenderButton {INPUT} at (303,0) size 17x16
layer at (8,110) size 320x100
  RenderMedia {AUDIO} at (8,110) size 320x100 [bgcolor=#0000FF]
layer at (8,110) size 320x100
  RenderBlock (relative positioned) {DIV} at (0,0) size 320x100
layer at (8,110) size 320x100
  RenderBlock (positioned) {DIV} at (0,0) size 320x100
    RenderButton {INPUT} at (0,0) size 320x18
layer at (8,194) size 17x16
  RenderButton {INPUT} at (0,84) size 17x16
layer at (24,194) size 17x16
  RenderButton {INPUT} at (16,84) size 17x16
layer at (40,194) size 256x16
  RenderBlock (positioned) {DIV} at (32,84) size 256x16
layer at (40,194) size 256x16
  RenderSlider {INPUT} at (0,0) size 256x16
layer at (42,195) size 13x14
  RenderBlock (relative positioned) {DIV} at (2,0) size 13x14
layer at (295,194) size 17x16
  RenderButton {INPUT} at (287,84) size 17x16
layer at (311,194) size 17x16
  RenderButton {INPUT} at (303,84) size 17x16
