layer at (0,0) size 800x600
  RenderView at (0,0) size 800x600
layer at (0,0) size 800x600
  RenderBlock {HTML} at (0,0) size 800x600
    RenderBody {BODY} at (8,8) size 784x584
      RenderBlock {P} at (0,0) size 784x18
        RenderText {#text} at (0,0) size 274x18
          text run at (0,0) width 274: "The look of the controls should not change."
      RenderBlock {DIV} at (0,34) size 784x240 [color=#0000FF]
        RenderText {#text} at (0,0) size 0x0
      RenderBlock (anonymous) at (0,274) size 784x240
        RenderText {#text} at (0,0) size 0x0
        RenderText {#text} at (0,0) size 0x0
        RenderText {#text} at (0,0) size 0x0
layer at (18,42) size 320x240
  RenderVideo {VIDEO} at (10,0) size 320x240
layer at (8,282) size 320x240
  RenderVideo {VIDEO} at (0,0) size 320x240
layer at (18,42) size 320x240
  RenderBlock (relative positioned) {DIV} at (0,0) size 320x240
layer at (18,257) size 320x25
  RenderFlexibleBox (positioned) {DIV} at (0,215) size 320x25
    RenderButton {INPUT} at (7,4) size 16x16
    RenderButton {INPUT} at (297,4) size 16x16
    RenderButton {INPUT} at (37,4) size 16x16
    RenderFlexibleBox {DIV} at (60,6) size 230x13
      RenderSlider {INPUT} at (45,0) size 140x13
        RenderBlock {DIV} at (0,2) size 11x9
layer at (78,263) size 45x13
  RenderFlexibleBox {DIV} at (0,0) size 45x13 [color=#000000]
    RenderBlock (anonymous) at (9,1) size 26x11
      RenderText {#text} at (0,0) size 26x11
        text run at (0,0) width 26: "00:00"
layer at (263,263) size 45x13
  RenderFlexibleBox {DIV} at (185,0) size 45x13 [color=#000000]
    RenderBlock (anonymous) at (6,1) size 32x11
      RenderText {#text} at (0,0) size 32x11
        text run at (0,0) width 32: "-00:06"
layer at (8,282) size 320x240
  RenderBlock (relative positioned) {DIV} at (0,0) size 320x240
layer at (8,497) size 320x25
  RenderFlexibleBox (positioned) {DIV} at (0,215) size 320x25
    RenderButton {INPUT} at (7,4) size 16x16
    RenderButton {INPUT} at (297,4) size 16x16
    RenderButton {INPUT} at (37,4) size 16x16
    RenderFlexibleBox {DIV} at (60,6) size 230x13
      RenderSlider {INPUT} at (45,0) size 140x13
        RenderBlock {DIV} at (0,2) size 11x9
layer at (68,503) size 45x13
  RenderFlexibleBox {DIV} at (0,0) size 45x13
    RenderBlock (anonymous) at (9,1) size 26x11
      RenderText {#text} at (0,0) size 26x11
        text run at (0,0) width 26: "00:00"
layer at (253,503) size 45x13
  RenderFlexibleBox {DIV} at (185,0) size 45x13
    RenderBlock (anonymous) at (6,1) size 32x11
      RenderText {#text} at (0,0) size 32x11
        text run at (0,0) width 32: "-00:06"
