layer at (0,0) size 785x762
  RenderView at (0,0) size 785x600
layer at (0,0) size 785x600
  RenderBlock {HTML} at (0,0) size 785x600
    RenderBody {BODY} at (8,8) size 769x584
      RenderBlock {P} at (0,0) size 769x18
        RenderText {#text} at (0,0) size 153x18
          text run at (0,0) width 153: "Test controls placement."
      RenderBlock {DIV} at (0,34) size 769x240
        RenderVideo {VIDEO} at (0,0) size 320x240
        RenderText {#text} at (0,0) size 0x0
      RenderBlock {DIV} at (0,274) size 769x240
        RenderVideo {VIDEO} at (0,0) size 320x240
        RenderText {#text} at (0,0) size 0x0
      RenderBlock {DIV} at (0,514) size 769x0
layer at (8,42) size 320x240
  RenderBlock (relative positioned) {DIV} at (0,0) size 320x240
layer at (8,42) size 320x240
  RenderBlock (positioned) {DIV} at (0,0) size 320x240
    RenderButton {INPUT} at (0,0) size 320x18
layer at (8,266) size 17x16
  RenderButton {INPUT} at (0,224) size 17x16
layer at (24,266) size 17x16
  RenderButton {INPUT} at (16,224) size 17x16
layer at (40,266) size 256x16
  RenderBlock (positioned) {DIV} at (32,224) size 256x16
layer at (40,266) size 256x16
  RenderSlider {INPUT} at (0,0) size 256x16
layer at (42,267) size 13x14
  RenderBlock (relative positioned) {DIV} at (2,0) size 13x14
layer at (295,266) size 17x16
  RenderButton {INPUT} at (287,224) size 17x16
layer at (311,266) size 17x16
  RenderButton {INPUT} at (303,224) size 17x16
layer at (8,282) size 320x240
  RenderBlock (relative positioned) {DIV} at (0,0) size 320x240
layer at (8,282) size 320x240
  RenderBlock (positioned) {DIV} at (0,0) size 320x240
    RenderButton {INPUT} at (0,0) size 320x18
layer at (8,506) size 17x16
  RenderButton {INPUT} at (0,224) size 17x16
layer at (24,506) size 17x16
  RenderButton {INPUT} at (16,224) size 17x16
layer at (40,506) size 256x16
  RenderBlock (positioned) {DIV} at (32,224) size 256x16
layer at (40,506) size 256x16
  RenderSlider {INPUT} at (0,0) size 256x16
layer at (42,507) size 13x14
  RenderBlock (relative positioned) {DIV} at (2,0) size 13x14
layer at (295,506) size 17x16
  RenderButton {INPUT} at (287,224) size 17x16
layer at (311,506) size 17x16
  RenderButton {INPUT} at (303,224) size 17x16
layer at (8,522) size 320x240
  RenderVideo {VIDEO} at (8,522) size 320x240
layer at (8,522) size 320x240
  RenderBlock (relative positioned) {DIV} at (0,0) size 320x240
layer at (8,522) size 320x240
  RenderBlock (positioned) {DIV} at (0,0) size 320x240
    RenderButton {INPUT} at (0,0) size 320x18
layer at (8,746) size 17x16
  RenderButton {INPUT} at (0,224) size 17x16
layer at (24,746) size 17x16
  RenderButton {INPUT} at (16,224) size 17x16
layer at (40,746) size 256x16
  RenderBlock (positioned) {DIV} at (32,224) size 256x16
layer at (40,746) size 256x16
  RenderSlider {INPUT} at (0,0) size 256x16
layer at (42,747) size 13x14
  RenderBlock (relative positioned) {DIV} at (2,0) size 13x14
layer at (295,746) size 17x16
  RenderButton {INPUT} at (287,224) size 17x16
layer at (311,746) size 17x16
  RenderButton {INPUT} at (303,224) size 17x16
