layer at (0,0) size 800x600
  RenderView at (0,0) size 800x600
layer at (0,0) size 800x600
  RenderBlock {HTML} at (0,0) size 800x600
    RenderBody {BODY} at (8,8) size 784x584
      RenderBlock {P} at (0,0) size 784x18
        RenderText {#text} at (0,0) size 436x18
          text run at (0,0) width 436: "Test video element control visibility when mouse is not over element."
      RenderBlock {P} at (0,34) size 784x18
        RenderText {#text} at (0,0) size 174x18
          text run at (0,0) width 174: "This test only runs in DRT!"
      RenderBlock {P} at (0,68) size 784x18
        RenderInline {SPAN} at (0,0) size 200x34 [bgcolor=#0000FF]
          RenderText {#text} at (8,0) size 184x18
            text run at (8,0) width 184: "mouse parks here, am I blue?"
      RenderBlock (anonymous) at (0,102) size 784x122
        RenderVideo {VIDEO} at (0,0) size 320x100 [bgcolor=#FFFF00]
        RenderText {#text} at (320,86) size 4x18
          text run at (320,86) width 4: " "
        RenderBR {BR} at (0,0) size 0x0
        RenderBR {BR} at (0,104) size 0x18
      RenderBlock {DIV} at (0,224) size 784x36
        RenderText {#text} at (0,0) size 136x18
          text run at (0,0) width 136: "TEST(video.paused) "
        RenderInline {SPAN} at (0,0) size 24x18 [color=#008000]
          RenderText {#text} at (136,0) size 24x18
            text run at (136,0) width 24: "OK"
        RenderBR {BR} at (160,14) size 0x0
        RenderText {#text} at (0,18) size 141x18
          text run at (0,18) width 141: "TEST(!video.paused) "
        RenderInline {SPAN} at (0,0) size 24x18 [color=#008000]
          RenderText {#text} at (141,18) size 24x18
            text run at (141,18) width 24: "OK"
        RenderBR {BR} at (165,32) size 0x0
layer at (8,110) size 320x100
  RenderBlock (relative positioned) {DIV} at (0,0) size 320x100
layer at (8,110) size 320x100
  RenderBlock (positioned) {DIV} at (0,0) size 320x100
    RenderButton {INPUT} at (0,0) size 320x18
layer at (8,194) size 17x16
  RenderButton {INPUT} at (0,84) size 17x16
layer at (24,194) size 17x16
  RenderButton {INPUT} at (16,84) size 17x16
layer at (40,194) size 256x16
  RenderBlock (positioned) {DIV} at (32,84) size 256x16
layer at (40,194) size 256x16
  RenderSlider {INPUT} at (0,0) size 256x16
layer at (67,195) size 13x14
  RenderBlock (relative positioned) {DIV} at (2,0) size 13x14
layer at (295,194) size 17x16
  RenderButton {INPUT} at (287,84) size 17x16
layer at (311,194) size 17x16
  RenderButton {INPUT} at (303,84) size 17x16
