layer at (0,0) size 800x600
  RenderView at (0,0) size 800x600
layer at (0,0) size 800x600
  RenderBlock {HTML} at (0,0) size 800x600
    RenderBody {BODY} at (8,8) size 784x584
      RenderBlock {P} at (0,0) size 784x38
        RenderText {#text} at (0,0) size 759x38
          text run at (0,0) width 471: "This tests for a bug when inserting after a link at the end of the document. "
          text run at (471,0) width 288: "Like TextEdit, we insert content outside of the"
          text run at (0,19) width 647: "link, but inserting outside of the link shouldn't cause the content to be inserted in the wrong paragraph."
      RenderBlock {DIV} at (0,52) size 784x38
        RenderBlock (anonymous) at (0,0) size 784x19
          RenderText {#text} at (0,0) size 260x19
            text run at (0,0) width 260: "This paragraph should not contains links."
        RenderBlock {DIV} at (0,19) size 784x19
          RenderInline {A} at (0,0) size 196x19 [color=#0000EE]
            RenderText {#text} at (0,0) size 196x19
              text run at (0,0) width 196: "This sentence should be a link."
          RenderText {#text} at (196,0) size 167x19
            text run at (196,0) width 167: " This sentence should not."
        RenderBlock (anonymous) at (0,38) size 784x0
caret: position 26 of child 1 {#text} of child 1 {DIV} of child 2 {DIV} of child 0 {BODY} of child 0 {HTML} of document
