layer at (0,0) size 800x600
  RenderView at (0,0) size 800x600
layer at (0,0) size 800x600
  RenderBlock {HTML} at (0,0) size 800x600
    RenderBody {BODY} at (8,8) size 784x578
      RenderBlock {P} at (0,0) size 784x40
        RenderText {#text} at (0,0) size 587x19
          text run at (0,0) width 336: "This tests for a bug when creating a list from a table. "
          text run at (336,0) width 251: "The table should be inside a a list item. "
        RenderInline {B} at (0,0) size 763x40
          RenderText {#text} at (587,0) size 763x40
            text run at (587,0) width 176: "This demonstrates a bug:"
            text run at (0,20) width 373: "the table should be below the list marker, not above it."
      RenderBlock {DIV} at (0,54) size 784x48
        RenderBlock {UL} at (0,0) size 784x48
          RenderListItem {LI} at (40,0) size 744x48
            RenderTable {TABLE} at (0,0) size 30x29 [border: (1px outset #808080)]
              RenderTableSection {TBODY} at (1,1) size 28x27
                RenderTableRow {TR} at (0,2) size 28x23
                  RenderTableCell {TD} at (2,2) size 24x23 [border: (1px inset #808080)] [r=0 c=0 rs=1 cs=1]
                    RenderText {#text} at (2,2) size 20x19
                      text run at (2,2) width 20: "foo"
            RenderBlock (anonymous) at (0,29) size 744x19
              RenderListMarker at (-17,0) size 7x19: bullet
        RenderBlock (anonymous) at (0,62) size 784x0
selection start: position 0 of child 0 {TABLE} of child 0 {LI} of child 0 {UL} of child 2 {DIV} of child 1 {BODY} of child 0 {HTML} of document
selection end:   position 1 of child 0 {TABLE} of child 0 {LI} of child 0 {UL} of child 2 {DIV} of child 1 {BODY} of child 0 {HTML} of document
