layer at (0,0) size 800x600
  RenderView at (0,0) size 800x600
layer at (0,0) size 800x600
  RenderBlock {HTML} at (0,0) size 800x600
    RenderBody {BODY} at (8,8) size 784x584
      RenderBlock {P} at (0,0) size 784x19
        RenderText {#text} at (0,0) size 565x19
          text run at (0,0) width 266: "This tests CreateLink for caret selections. "
          text run at (266,0) width 299: "A link containing the url text should be inserted."
      RenderBlock {DIV} at (0,33) size 784x19
        RenderText {#text} at (0,0) size 324x19
          text run at (0,0) width 324: "There should be a link between these two braces: {"
        RenderInline {A} at (0,0) size 140x19 [color=#0000EE]
          RenderText {#text} at (324,0) size 140x19
            text run at (324,0) width 140: "http://www.apple.com/"
        RenderText {#text} at (464,0) size 5x19
          text run at (464,0) width 5: "}"
selection start: position 0 of child 0 {#text} of child 1 {A} of child 2 {DIV} of child 0 {BODY} of child 0 {HTML} of document
selection end:   position 21 of child 0 {#text} of child 1 {A} of child 2 {DIV} of child 0 {BODY} of child 0 {HTML} of document
