layer at (0,0) size 800x600
  RenderView at (0,0) size 800x600
layer at (0,0) size 800x600
  RenderBlock {HTML} at (0,0) size 800x600
    RenderBody {BODY} at (8,8) size 784x578
      RenderBlock {P} at (0,0) size 784x38
        RenderText {#text} at (0,0) size 751x38
          text run at (0,0) width 751: "This tests for a bug where content before a list made into a list item would be placed at the end of the list instead of the"
          text run at (0,19) width 546: "beginning. The list items below should contain \"One\", \"Two\" and \"Three\", in that order."
      RenderBlock {DIV} at (0,52) size 784x57
        RenderBlock {UL} at (0,0) size 784x57
          RenderListItem {LI} at (40,0) size 744x19
            RenderListMarker at (-17,0) size 7x19: bullet
            RenderText {#text} at (0,0) size 27x19
              text run at (0,0) width 27: "One"
          RenderListItem {LI} at (40,19) size 744x19
            RenderListMarker at (-17,0) size 7x19: bullet
            RenderText {#text} at (0,0) size 27x19
              text run at (0,0) width 27: "Two"
          RenderListItem {LI} at (40,38) size 744x19
            RenderListMarker at (-17,0) size 7x19: bullet
            RenderText {#text} at (0,0) size 38x19
              text run at (0,0) width 38: "Three"
caret: position 0 of child 0 {#text} of child 0 {LI} of child 0 {UL} of child 2 {DIV} of child 0 {BODY} of child 0 {HTML} of document
