layer at (0,0) size 800x600
  RenderView at (0,0) size 800x600
layer at (0,0) size 800x600
  RenderBlock {HTML} at (0,0) size 800x600
    RenderBody {BODY} at (8,8) size 784x584
      RenderBlock {P} at (0,0) size 784x19
        RenderText {#text} at (0,0) size 677x19
          text run at (0,0) width 184: "This tests for a deletion bug. "
          text run at (184,0) width 493: "The paragraph inside the table should be in a list, and the test shouldn't hang."
      RenderBlock {DIV} at (0,33) size 784x62
        RenderBlock {DIV} at (0,0) size 784x43
          RenderTable {TABLE} at (0,0) size 70x43 [border: (1px outset #808080)]
            RenderTableSection {TBODY} at (1,1) size 68x41
              RenderTableRow {TR} at (0,2) size 68x37
                RenderTableCell {TD} at (2,2) size 64x37 [border: (1px inset #808080)] [r=0 c=0 rs=1 cs=1]
                  RenderBlock {UL} at (2,2) size 60x19
                    RenderListItem {LI} at (40,0) size 20x19
                      RenderListMarker at (-17,0) size 7x19: bullet
                      RenderText {#text} at (0,0) size 20x19
                        text run at (0,0) width 20: "foo"
                  RenderBlock (anonymous) at (2,35) size 60x0
        RenderBlock (anonymous) at (0,43) size 784x19
          RenderBR {BR} at (0,0) size 0x19
selection start: position 0 of child 0 {#text} of child 0 {LI} of child 0 {UL} of child 0 {TD} of child 0 {TR} of child 0 {TBODY} of child 0 {TABLE} of child 0 {DIV} of child 2 {DIV} of child 0 {BODY} of child 0 {HTML} of document
selection end:   position 1 of child 0 {TABLE} of child 0 {DIV} of child 2 {DIV} of child 0 {BODY} of child 0 {HTML} of document
