layer at (0,0) size 800x600
  RenderView at (0,0) size 800x600
layer at (0,0) size 800x600
  RenderBlock {HTML} at (0,0) size 800x600
    RenderBody {BODY} at (8,8) size 784x584
      RenderBlock {P} at (0,0) size 784x38
        RenderText {#text} at (0,0) size 756x38
          text run at (0,0) width 184: "This tests for a deletion bug. "
          text run at (184,0) width 398: "Only the second paragraph inside the table should be deleted. "
          text run at (582,0) width 174: "You should see a table with"
          text run at (0,19) width 97: "'foo' in it below."
      RenderBlock {DIV} at (0,52) size 784x48
        RenderTable {TABLE} at (0,0) size 30x48 [border: (1px outset #808080)]
          RenderTableSection {TBODY} at (1,1) size 28x46
            RenderTableRow {TR} at (0,2) size 28x42
              RenderTableCell {TD} at (2,2) size 24x42 [border: (1px inset #808080)] [r=0 c=0 rs=1 cs=1]
                RenderBlock {DIV} at (2,2) size 20x19
                  RenderText {#text} at (0,0) size 20x19
                    text run at (0,0) width 20: "foo"
                RenderBlock (anonymous) at (2,21) size 20x19
                  RenderBR {BR} at (0,0) size 0x19
caret: position 0 of child 1 {BR} of child 0 {TD} of child 0 {TR} of child 0 {TBODY} of child 0 {TABLE} of child 2 {DIV} of child 1 {BODY} of child 0 {HTML} of document
