EDITING DELEGATE: shouldBeginEditingInDOMRange:range from 0 of DIV > BODY > HTML > #document to 7 of DIV > BODY > HTML > #document
EDITING DELEGATE: webViewDidBeginEditing:WebViewDidBeginEditingNotification
EDITING DELEGATE: webViewDidChangeSelection:WebViewDidChangeSelectionNotification
EDITING DELEGATE: webViewDidChangeSelection:WebViewDidChangeSelectionNotification
EDITING DELEGATE: shouldChangeSelectedDOMRange:(null) toDOMRange:range from 0 of SPAN > DIV > BODY > HTML > #document to 0 of SPAN > DIV > BODY > HTML > #document affinity:NSSelectionAffinityDownstream stillSelecting:FALSE
EDITING DELEGATE: webViewDidChangeSelection:WebViewDidChangeSelectionNotification
EDITING DELEGATE: webViewDidChange:WebViewDidChangeNotification
EDITING DELEGATE: webViewDidChangeSelection:WebViewDidChangeSelectionNotification
EDITING DELEGATE: webViewDidChangeSelection:WebViewDidChangeSelectionNotification
EDITING DELEGATE: shouldChangeSelectedDOMRange:(null) toDOMRange:range from 0 of #text > DIV > BODY > HTML > #document to 0 of #text > DIV > BODY > HTML > #document affinity:NSSelectionAffinityDownstream stillSelecting:FALSE
EDITING DELEGATE: webViewDidChangeSelection:WebViewDidChangeSelectionNotification
EDITING DELEGATE: webViewDidChange:WebViewDidChangeNotification
EDITING DELEGATE: webViewDidChangeSelection:WebViewDidChangeSelectionNotification
EDITING DELEGATE: webViewDidChangeSelection:WebViewDidChangeSelectionNotification
EDITING DELEGATE: shouldChangeSelectedDOMRange:(null) toDOMRange:range from 0 of #text > DIV > BODY > HTML > #document to 0 of #text > DIV > BODY > HTML > #document affinity:NSSelectionAffinityDownstream stillSelecting:FALSE
EDITING DELEGATE: webViewDidChangeSelection:WebViewDidChangeSelectionNotification
EDITING DELEGATE: webViewDidChange:WebViewDidChangeNotification
EDITING DELEGATE: webViewDidChangeSelection:WebViewDidChangeSelectionNotification
EDITING DELEGATE: webViewDidChangeSelection:WebViewDidChangeSelectionNotification
EDITING DELEGATE: shouldChangeSelectedDOMRange:(null) toDOMRange:range from 0 of #text > DIV > BODY > HTML > #document to 0 of #text > DIV > BODY > HTML > #document affinity:NSSelectionAffinityDownstream stillSelecting:FALSE
EDITING DELEGATE: webViewDidChangeSelection:WebViewDidChangeSelectionNotification
EDITING DELEGATE: webViewDidChange:WebViewDidChangeNotification
EDITING DELEGATE: webViewDidChangeSelection:WebViewDidChangeSelectionNotification
EDITING DELEGATE: webViewDidChangeSelection:WebViewDidChangeSelectionNotification
EDITING DELEGATE: shouldChangeSelectedDOMRange:(null) toDOMRange:range from 15 of DIV > BODY > HTML > #document to 15 of DIV > BODY > HTML > #document affinity:NSSelectionAffinityDownstream stillSelecting:FALSE
EDITING DELEGATE: webViewDidChangeSelection:WebViewDidChangeSelectionNotification
EDITING DELEGATE: webViewDidChange:WebViewDidChangeNotification
layer at (0,0) size 800x600
  RenderView at (0,0) size 800x600
layer at (0,0) size 800x600
  RenderBlock {HTML} at (0,0) size 800x600
    RenderBody {BODY} at (8,8) size 784x584
      RenderBlock {P} at (0,0) size 784x38
        RenderText {#text} at (0,0) size 740x38
          text run at (0,0) width 740: "This test checks to see that Insert{Un}OrderedList can remove items from a list, can remove empty list when they are"
          text run at (0,19) width 374: "emptied, and can remove content from orphaned list items."
      RenderBlock {DIV} at (0,52) size 784x315
        RenderBlock {OL} at (0,0) size 784x21 [border: (1px solid #FF0000)]
          RenderListItem {LI} at (41,1) size 742x19
            RenderListMarker at (-20,0) size 16x19: "1"
            RenderText {#text} at (0,0) size 20x19
              text run at (0,0) width 20: "foo"
          RenderBlock (anonymous) at (41,20) size 742x0
        RenderBlock (anonymous) at (0,35) size 784x19
          RenderInline {SPAN} at (0,0) size 154x19
            RenderText {#text} at (0,0) size 154x19
              text run at (0,0) width 154: "This should not be a list."
          RenderText {#text} at (154,0) size 4x19
            text run at (154,0) width 4: " "
          RenderBR {BR} at (158,14) size 0x0
        RenderBlock {OL} at (0,68) size 784x59 [border: (1px solid #FF0000)]
          RenderBlock (anonymous) at (41,1) size 742x38
            RenderBR {BR} at (0,0) size 0x19
            RenderText {#text} at (0,19) size 21x19
              text run at (0,19) width 21: "bar"
          RenderListItem {LI} at (41,39) size 742x19
            RenderListMarker at (-20,0) size 16x19: "1"
            RenderText {#text} at (0,0) size 23x19
              text run at (0,0) width 23: "baz"
          RenderBlock (anonymous) at (41,58) size 742x0
        RenderBlock (anonymous) at (0,141) size 784x19
          RenderText {#text} at (0,0) size 169x19
            text run at (0,0) width 169: "This should not be in a list."
          RenderBR {BR} at (169,14) size 0x0
        RenderBlock {OL} at (0,174) size 784x21 [border: (1px solid #FF0000)]
          RenderListItem {LI} at (41,1) size 742x19
            RenderListMarker at (-20,0) size 16x19: "1"
            RenderText {#text} at (0,0) size 20x19
              text run at (0,0) width 20: "foo"
        RenderBlock (anonymous) at (0,209) size 784x19
          RenderText {#text} at (0,0) size 169x19
            text run at (0,0) width 169: "This should not be in a list."
          RenderBR {BR} at (169,14) size 0x0
        RenderBlock {OL} at (0,242) size 784x21 [border: (1px solid #FF0000)]
          RenderBlock (anonymous) at (41,1) size 742x0
          RenderListItem {LI} at (41,1) size 742x19
            RenderListMarker at (-20,0) size 16x19: "1"
            RenderText {#text} at (0,0) size 21x19
              text run at (0,0) width 21: "bar"
        RenderBlock (anonymous) at (0,277) size 784x38
          RenderText {#text} at (0,0) size 169x19
            text run at (0,0) width 169: "This should not be in a list."
          RenderBR {BR} at (169,14) size 0x0
          RenderText {#text} at (0,19) size 169x19
            text run at (0,19) width 169: "This should not be in a list."
caret: position 0 of child 16 {#text} of child 2 {DIV} of child 1 {BODY} of child 0 {HTML} of document
