EDITING DELEGATE: shouldBeginEditingInDOMRange:range from 0 of DIV > BODY > HTML > #document to 6 of DIV > BODY > HTML > #document
EDITING DELEGATE: webViewDidBeginEditing:WebViewDidBeginEditingNotification
EDITING DELEGATE: webViewDidChangeSelection:WebViewDidChangeSelectionNotification
EDITING DELEGATE: webViewDidChangeSelection:WebViewDidChangeSelectionNotification
EDITING DELEGATE: shouldChangeSelectedDOMRange:(null) toDOMRange:range from 0 of LI > UL > SPAN > DIV > BODY > HTML > #document to 0 of LI > UL > SPAN > DIV > BODY > HTML > #document affinity:NSSelectionAffinityDownstream stillSelecting:FALSE
EDITING DELEGATE: webViewDidChangeSelection:WebViewDidChangeSelectionNotification
EDITING DELEGATE: webViewDidChange:WebViewDidChangeNotification
EDITING DELEGATE: webViewDidChangeSelection:WebViewDidChangeSelectionNotification
EDITING DELEGATE: webViewDidChangeSelection:WebViewDidChangeSelectionNotification
EDITING DELEGATE: shouldChangeSelectedDOMRange:(null) toDOMRange:range from 0 of LI > UL > DIV > BODY > HTML > #document to 0 of LI > UL > DIV > BODY > HTML > #document affinity:NSSelectionAffinityDownstream stillSelecting:FALSE
EDITING DELEGATE: webViewDidChangeSelection:WebViewDidChangeSelectionNotification
EDITING DELEGATE: webViewDidChange:WebViewDidChangeNotification
EDITING DELEGATE: webViewDidChangeSelection:WebViewDidChangeSelectionNotification
EDITING DELEGATE: webViewDidChangeSelection:WebViewDidChangeSelectionNotification
EDITING DELEGATE: shouldChangeSelectedDOMRange:(null) toDOMRange:range from 0 of LI > UL > DIV > BODY > HTML > #document to 0 of LI > UL > DIV > BODY > HTML > #document affinity:NSSelectionAffinityDownstream stillSelecting:FALSE
EDITING DELEGATE: webViewDidChangeSelection:WebViewDidChangeSelectionNotification
EDITING DELEGATE: webViewDidChange:WebViewDidChangeNotification
EDITING DELEGATE: webViewDidChangeSelection:WebViewDidChangeSelectionNotification
EDITING DELEGATE: webViewDidChangeSelection:WebViewDidChangeSelectionNotification
EDITING DELEGATE: shouldChangeSelectedDOMRange:(null) toDOMRange:range from 0 of LI > OL > DIV > BODY > HTML > #document to 0 of LI > OL > DIV > BODY > HTML > #document affinity:NSSelectionAffinityDownstream stillSelecting:FALSE
EDITING DELEGATE: webViewDidChangeSelection:WebViewDidChangeSelectionNotification
EDITING DELEGATE: webViewDidChange:WebViewDidChangeNotification
layer at (0,0) size 800x600
  RenderView at (0,0) size 800x600
layer at (0,0) size 800x600
  RenderBlock {HTML} at (0,0) size 800x600
    RenderBody {BODY} at (8,8) size 784x578
      RenderBlock {P} at (0,0) size 784x19
        RenderText {#text} at (0,0) size 496x19
          text run at (0,0) width 496: "This test checks to see if InsertOrderedList can switch the list type of list items."
      RenderBlock {DIV} at (0,33) size 784x329
        RenderBlock {OL} at (0,0) size 784x21 [border: (1px solid #FF0000)]
          RenderListItem {LI} at (41,1) size 742x19
            RenderListMarker at (-20,0) size 16x19: "1"
            RenderText {#text} at (0,0) size 207x19
              text run at (0,0) width 207: "This should be in an ordered list."
          RenderBlock (anonymous) at (41,20) size 742x0
        RenderBlock (anonymous) at (0,35) size 784x0
          RenderInline {SPAN} at (0,0) size 0x0
        RenderBlock (anonymous) at (0,35) size 784x19
          RenderBlock {UL} at (0,0) size 784x19
            RenderListItem {LI} at (40,0) size 744x19
              RenderListMarker at (-17,0) size 7x19: bullet
              RenderInline {SPAN} at (0,0) size 223x19
                RenderText {#text} at (0,0) size 223x19
                  text run at (0,0) width 223: "This should be in an unordered list."
              RenderText {#text} at (223,0) size 4x19
                text run at (223,0) width 4: " "
        RenderBlock (anonymous) at (0,68) size 784x0
          RenderInline {SPAN} at (0,0) size 0x0
        RenderBlock {OL} at (0,68) size 784x59 [border: (1px solid #FF0000)]
          RenderBlock (anonymous) at (41,1) size 742x38
            RenderBR {BR} at (0,0) size 0x19
            RenderText {#text} at (0,19) size 207x19
              text run at (0,19) width 207: "This should be in an ordered list."
          RenderListItem {LI} at (41,39) size 742x19
            RenderListMarker at (-20,0) size 16x19: "1"
            RenderText {#text} at (0,0) size 207x19
              text run at (0,0) width 207: "This should be in an ordered list."
          RenderBlock (anonymous) at (41,58) size 742x0
        RenderBlock {UL} at (0,141) size 784x19
          RenderListItem {LI} at (40,0) size 744x19
            RenderListMarker at (-17,0) size 7x19: bullet
            RenderText {#text} at (0,0) size 223x19
              text run at (0,0) width 223: "This should be in an unordered list."
        RenderBlock (anonymous) at (0,174) size 784x0
        RenderBlock {OL} at (0,174) size 784x21 [border: (1px solid #FF0000)]
          RenderListItem {LI} at (41,1) size 742x19
            RenderListMarker at (-20,0) size 16x19: "1"
            RenderText {#text} at (0,0) size 207x19
              text run at (0,0) width 207: "This should be in an ordered list."
        RenderBlock {UL} at (0,209) size 784x19
          RenderListItem {LI} at (40,0) size 744x19
            RenderListMarker at (-17,0) size 7x19: bullet
            RenderText {#text} at (0,0) size 223x19
              text run at (0,0) width 223: "This should be in an unordered list."
        RenderBlock (anonymous) at (0,242) size 784x0
        RenderBlock {OL} at (0,242) size 784x21 [border: (1px solid #FF0000)]
          RenderBlock (anonymous) at (41,1) size 742x0
          RenderListItem {LI} at (41,1) size 742x19
            RenderListMarker at (-20,0) size 16x19: "1"
            RenderText {#text} at (0,0) size 207x19
              text run at (0,0) width 207: "This should be in an ordered list."
        RenderBlock (anonymous) at (0,277) size 784x19
          RenderText {#text} at (0,0) size 169x19
            text run at (0,0) width 169: "This should not be in a list."
          RenderBR {BR} at (169,14) size 0x0
        RenderBlock {OL} at (0,310) size 784x19
          RenderListItem {LI} at (40,0) size 744x19
            RenderListMarker at (-20,0) size 16x19: "1"
            RenderText {#text} at (0,0) size 207x19
              text run at (0,0) width 207: "This should be in an ordered list."
        RenderBlock (anonymous) at (0,343) size 784x0
caret: position 0 of child 0 {#text} of child 0 {LI} of child 10 {OL} of child 2 {DIV} of child 1 {BODY} of child 0 {HTML} of document
