layer at (0,0) size 1155x1072
  RenderView at (0,0) size 784x584
layer at (0,0) size 784x1072
  RenderBlock {HTML} at (0,0) size 784x1072
    RenderBody {BODY} at (8,16) size 768x1048
      RenderBlock {P} at (0,0) size 768x44
        RenderText {#text} at (0,0) size 57x22
          text run at (0,0) width 57: "Test for "
        RenderInline {I} at (0,0) size 736x44
          RenderInline {A} at (0,0) size 296x22 [color=#0000EE]
            RenderText {#text} at (57,0) size 296x22
              text run at (57,0) width 296: "http://bugs.webkit.org/show_bug.cgi?id=5399"
          RenderText {#text} at (353,0) size 736x44
            text run at (353,0) width 4: " "
            text run at (357,0) width 379: "no-repeat on negatively positioned background images are"
            text run at (0,22) width 50: "ignored"
        RenderText {#text} at (50,22) size 4x22
          text run at (50,22) width 4: "."
      RenderBlock {P} at (0,60) size 768x22
        RenderText {#text} at (0,0) size 488x22
          text run at (0,0) width 488: "Element with background image starting at (-13, -13) with no-repeat set:"
      RenderBlock (floating) {DIV} at (6,104) size 34x34 [border: (1px dotted #008000)]
      RenderBlock (floating) {DIV} at (52,104) size 29x29 [border: (1px dotted #008000)]
      RenderBlock (floating) {DIV} at (93,104) size 24x24 [border: (1px dotted #008000)]
      RenderBlock {P} at (0,144) size 768x22
        RenderText {#text} at (0,0) size 479x22
          text run at (0,0) width 479: "Element with background image starting at (-13, -13) with repeat-y set:"
      RenderBlock (floating) {DIV} at (6,188) size 34x34 [border: (1px dotted #008000)]
      RenderBlock (floating) {DIV} at (52,188) size 29x29 [border: (1px dotted #008000)]
      RenderBlock (floating) {DIV} at (93,188) size 24x24 [border: (1px dotted #008000)]
      RenderBlock {P} at (0,228) size 768x22
        RenderText {#text} at (0,0) size 479x22
          text run at (0,0) width 479: "Element with background image starting at (-13, -13) with repeat-x set:"
      RenderBlock (floating) {DIV} at (6,272) size 34x34 [border: (1px dotted #008000)]
      RenderBlock (floating) {DIV} at (52,272) size 29x29 [border: (1px dotted #008000)]
      RenderBlock (floating) {DIV} at (93,272) size 24x24 [border: (1px dotted #008000)]
      RenderBlock {P} at (0,312) size 768x22
        RenderText {#text} at (0,0) size 478x22
          text run at (0,0) width 478: "Element with background image starting at (13, 13) with no-repeat set:"
      RenderBlock (floating) {DIV} at (6,356) size 34x34 [border: (1px dotted #008000)]
      RenderBlock (floating) {DIV} at (52,356) size 29x29 [border: (1px dotted #008000)]
      RenderBlock (floating) {DIV} at (93,356) size 24x24 [border: (1px dotted #008000)]
      RenderBlock {P} at (0,396) size 768x22
        RenderText {#text} at (0,0) size 469x22
          text run at (0,0) width 469: "Element with background image starting at (13, 13) with repeat-y set:"
      RenderBlock (floating) {DIV} at (6,440) size 34x34 [border: (1px dotted #008000)]
      RenderBlock (floating) {DIV} at (52,440) size 29x29 [border: (1px dotted #008000)]
      RenderBlock (floating) {DIV} at (93,440) size 24x24 [border: (1px dotted #008000)]
      RenderBlock {P} at (0,480) size 768x22
        RenderText {#text} at (0,0) size 469x22
          text run at (0,0) width 469: "Element with background image starting at (13, 13) with repeat-x set:"
      RenderBlock (floating) {DIV} at (6,524) size 34x34 [border: (1px dotted #008000)]
      RenderBlock (floating) {DIV} at (52,524) size 29x29 [border: (1px dotted #008000)]
      RenderBlock (floating) {DIV} at (93,524) size 24x24 [border: (1px dotted #008000)]
layer at (8,580) size 497x484
  RenderTable {TABLE} at (0,564) size 497x484 [border: (5px outset #808080)]
    RenderTableSection {TBODY} at (5,5) size 487x474
      RenderTableRow {TR} at (0,2) size 487x470
        RenderTableCell {TD} at (2,2) size 483x470 [border: (1px inset #808080)] [r=0 c=0 rs=1 cs=1]
          RenderBlock (floating) {DIV} at (8,8) size 34x34 [border: (1px dotted #008000)]
          RenderBlock (floating) {DIV} at (54,8) size 29x29 [border: (1px dotted #008000)]
          RenderBlock (floating) {DIV} at (95,8) size 24x24 [border: (1px dotted #008000)]
          RenderBlock {P} at (2,48) size 479x22
            RenderText {#text} at (0,0) size 479x22
              text run at (0,0) width 479: "Element with background image starting at (-13, -13) with repeat-y set:"
          RenderBlock (floating) {DIV} at (8,92) size 34x34 [border: (1px dotted #008000)]
          RenderBlock (floating) {DIV} at (54,92) size 29x29 [border: (1px dotted #008000)]
          RenderBlock (floating) {DIV} at (95,92) size 24x24 [border: (1px dotted #008000)]
          RenderBlock {P} at (2,132) size 479x22
            RenderText {#text} at (0,0) size 479x22
              text run at (0,0) width 479: "Element with background image starting at (-13, -13) with repeat-x set:"
          RenderBlock (floating) {DIV} at (8,176) size 34x34 [border: (1px dotted #008000)]
          RenderBlock (floating) {DIV} at (54,176) size 29x29 [border: (1px dotted #008000)]
          RenderBlock (floating) {DIV} at (95,176) size 24x24 [border: (1px dotted #008000)]
          RenderBlock {P} at (2,216) size 479x22
            RenderText {#text} at (0,0) size 478x22
              text run at (0,0) width 478: "Element with background image starting at (13, 13) with no-repeat set:"
          RenderBlock (floating) {DIV} at (8,260) size 34x34 [border: (1px dotted #008000)]
          RenderBlock (floating) {DIV} at (54,260) size 29x29 [border: (1px dotted #008000)]
          RenderBlock (floating) {DIV} at (95,260) size 24x24 [border: (1px dotted #008000)]
          RenderBlock {P} at (2,300) size 479x22
            RenderText {#text} at (0,0) size 469x22
              text run at (0,0) width 469: "Element with background image starting at (13, 13) with repeat-y set:"
          RenderBlock (floating) {DIV} at (8,344) size 34x34 [border: (1px dotted #008000)]
          RenderBlock (floating) {DIV} at (54,344) size 29x29 [border: (1px dotted #008000)]
          RenderBlock (floating) {DIV} at (95,344) size 24x24 [border: (1px dotted #008000)]
          RenderBlock {P} at (2,384) size 479x22
            RenderText {#text} at (0,0) size 469x22
              text run at (0,0) width 469: "Element with background image starting at (13, 13) with repeat-x set:"
          RenderBlock (floating) {DIV} at (8,428) size 34x34 [border: (1px dotted #008000)]
          RenderBlock (floating) {DIV} at (54,428) size 29x29 [border: (1px dotted #008000)]
          RenderBlock (floating) {DIV} at (95,428) size 24x24 [border: (1px dotted #008000)]
