layer at (0,0) size 200x150
  RenderView at (0,0) size 96x26
layer at (0,0) size 200x150
  RenderBlock {HTML} at (0,0) size 96x150
    RenderBody {BODY} at (8,14) size 80x128
      RenderBlock {PRE} at (0,0) size 80x48
        RenderText {#text} at (0,0) size 84x48
          text run at (0,0) width 60: "table width=50%"
          text run at (60,0) width 0: " "
          text run at (0,16) width 48: "  td nowrap "
          text run at (48,16) width 0: " "
          text run at (0,32) width 84: "    input width=100% "
          text run at (84,32) width 0: " "
      RenderTable {TABLE} at (0,62) size 192x50 [bgcolor=#C0C0C0] [border: (1px outset #808080)]
        RenderTableSection {TBODY} at (1,1) size 190x48
          RenderTableRow {TR} at (0,2) size 190x44
            RenderTableCell {TD} at (2,2) size 186x44 [bgcolor=#AABBFF] [border: (1px inset #808080)] [r=0 c=0 rs=1 cs=1]
              RenderTextControl {INPUT} at (9,11) size 174x22 [bgcolor=#FFFFFF] [border: (2px inset #000000)]
              RenderText {#text} at (0,0) size 0x0
      RenderBlock (anonymous) at (0,112) size 80x16
        RenderBR {BR} at (0,0) size 0x16
layer at (23,93) size 168x16
  RenderBlock {DIV} at (3,3) size 168x16
