layer at (0,0) size 103x186
  RenderView at (0,0) size 96x26
layer at (0,0) size 103x186
  RenderBlock {HTML} at (0,0) size 96x186
    RenderBody {BODY} at (8,8) size 80x170 [bgcolor=#FFFFFF]
      RenderTable {TABLE} at (0,0) size 95x170 [border: (1px outset #808080)]
        RenderTableSection {TBODY} at (1,1) size 93x168
          RenderTableRow {TR} at (0,2) size 93x164
            RenderTableCell {TD} at (2,74) size 33x20 [border: (1px inset #808080)] [r=0 c=0 rs=1 cs=1]
              RenderText {#text} at (2,2) size 29x16
                text run at (2,2) width 29: "Hurz"
            RenderTableCell {TD} at (37,2) size 54x164 [border: (1px inset #808080)] [r=0 c=1 rs=1 cs=1]
              RenderText {#text} at (2,2) size 50x160
                text run at (2,2) width 27: "very"
                text run at (2,18) width 27: "long"
                text run at (2,34) width 23: "text"
                text run at (2,50) width 24: "that"
                text run at (2,66) width 39: "forces"
                text run at (2,82) width 20: "the"
                text run at (2,98) width 50: "browser"
                text run at (2,114) width 47: "window"
                text run at (2,130) width 31: "to be"
                text run at (2,146) width 49: "scrolled"
