layer at (0,0) size 800x600
  RenderView at (0,0) size 800x600
layer at (0,0) size 800x600
  RenderBlock {HTML} at (0,0) size 800x600
    RenderBody {BODY} at (8,8) size 784x584
      RenderTable {TABLE} at (0,0) size 450x72 [border: (1px solid #000000)]
        RenderTableSection {TBODY} at (1,1) size 448x70
          RenderTableRow {TR} at (0,2) size 448x66
            RenderTableCell {TD} at (2,2) size 444x66 [r=0 c=0 rs=1 cs=1]
              RenderTable {TABLE} at (1,1) size 442x24 [border: (1px solid #FF0000)]
                RenderTableSection {TBODY} at (1,1) size 440x22
                  RenderTableRow {TR} at (0,2) size 440x18
                    RenderTableCell {TD} at (2,2) size 436x18 [r=0 c=0 rs=1 cs=1]
                      RenderText {#text} at (1,1) size 23x16
                        text run at (1,1) width 23: "test"
              RenderTable {TABLE} at (1,1) size 437x64 [border: (1px solid #000000)]
                RenderTableSection {TBODY} at (1,1) size 435x62
                  RenderTableRow {TR} at (0,2) size 435x58
                    RenderTableCell {TD} at (2,2) size 431x58 [r=0 c=0 rs=1 cs=1]
                      RenderTable {TABLE} at (1,1) size 304x56 [border: (1px solid #000000)]
                        RenderTableSection {TBODY} at (1,1) size 302x54
                          RenderTableRow {TR} at (0,2) size 302x50
                            RenderTableCell {TD} at (2,2) size 298x50 [r=0 c=0 rs=1 cs=1]
                              RenderImage {IMG} at (1,5) size 9x9
                              RenderText {#text} at (10,1) size 122x16
                                text run at (10,1) width 122: " Shop Till You Drop"
                              RenderBR {BR} at (132,14) size 0x0
                              RenderText {#text} at (1,17) size 262x16
                                text run at (1,17) width 262: "From Regina Lewis, AOL's Online Advisor"
                              RenderBR {BR} at (263,30) size 0x0
                              RenderImage {IMG} at (1,37) size 9x9
                              RenderText {#text} at (10,33) size 287x16
                                text run at (10,33) width 287: " Forget Dates? Don't Worry We'll Remind You"
                              RenderBR {BR} at (297,46) size 0x0
