layer at (0,0) size 800x600
  RenderView at (0,0) size 800x600
layer at (0,0) size 800x600
  RenderBlock {HTML} at (0,0) size 800x600
    RenderBody {BODY} at (8,8) size 784x584
      RenderBlock (anonymous) at (0,0) size 784x32
        RenderText {#text} at (0,0) size 254x16
          text run at (0,0) width 254: "Tables: both lines should be 1 pixel thick."
        RenderBR {BR} at (254,13) size 0x0
        RenderBR {BR} at (0,16) size 0x16
      RenderTable {TABLE} at (0,32) size 37x5
        RenderTableSection {TBODY} at (0,0) size 37x5
          RenderTableRow {TR} at (0,2) size 37x1
            RenderTableCell {TD} at (2,2) size 30x1 [bgcolor=#FF0000] [r=0 c=0 rs=1 cs=1]
              RenderImage {IMG} at (0,0) size 30x1
            RenderTableCell {TD} at (34,2) size 1x0 [r=0 c=1 rs=1 cs=1]
      RenderBlock (anonymous) at (0,37) size 784x16
        RenderBR {BR} at (0,0) size 0x16
      RenderTable {TABLE} at (0,53) size 34x5
        RenderTableSection {TBODY} at (0,0) size 34x5
          RenderTableRow {TR} at (0,2) size 34x1
            RenderTableCell {TD} at (2,2) size 30x1 [bgcolor=#FF0000] [r=0 c=0 rs=1 cs=1]
              RenderImage {IMG} at (0,0) size 30x1
      RenderBlock (anonymous) at (0,58) size 784x166
        RenderBR {BR} at (0,0) size 0x16
        RenderBR {BR} at (0,16) size 0x16
        RenderBR {BR} at (0,32) size 0x16
        RenderText {#text} at (0,48) size 382x16
          text run at (0,48) width 204: "2 texts, FACE=\"Arial, Helvetica\", "
          text run at (204,48) width 178: "1st at size=0, 2nd at size=-4"
        RenderBR {BR} at (382,61) size 0x0
        RenderBR {BR} at (0,64) size 0x16
        RenderInline {FONT} at (0,0) size 143x32
          RenderText {#text} at (0,80) size 143x16
            text run at (0,80) width 143: "Detonator 3.53 Drivers"
          RenderBR {BR} at (143,93) size 0x0
          RenderText {#text} at (0,96) size 102x16
            text run at (0,96) width 102: "Available NOW! "
        RenderBR {BR} at (102,109) size 0x0
        RenderBR {BR} at (0,112) size 0x16
        RenderInline {FONT} at (0,0) size 95x22
          RenderText {#text} at (0,128) size 95x11
            text run at (0,128) width 95: "Detonator 3.53 Drivers"
          RenderBR {BR} at (95,137) size 0x0
          RenderText {#text} at (0,139) size 69x11
            text run at (0,139) width 69: "Available NOW! "
        RenderBR {BR} at (69,148) size 0x0
        RenderBR {BR} at (0,150) size 0x16
