layer at (0,0) size 96x203
  RenderView at (0,0) size 96x26
layer at (0,0) size 96x203
  RenderBlock {HTML} at (0,0) size 96x203
    RenderBody {BODY} at (8,8) size 80x187
      RenderBlock (anonymous) at (0,0) size 80x117
        RenderInline {FONT} at (0,0) size 74x116
          RenderText {#text} at (0,0) size 0x0
          RenderText {#text} at (0,0) size 74x116
            text run at (0,0) width 66: "This text node"
            text run at (0,13) width 74: "only exists once"
            text run at (0,26) width 62: "in the original"
            text run at (0,39) width 51: "document! "
            text run at (51,39) width 16: "If it"
            text run at (0,52) width 55: "were a large"
            text run at (0,65) width 56: "collection of"
            text run at (0,78) width 74: "inlines, the page"
            text run at (0,91) width 30: "would "
            text run at (30,91) width 23: "hang"
            text run at (0,104) width 37: "forever."
          RenderInline {A} at (0,0) size 0x0
      RenderBlock (anonymous) at (0,130) size 80x57
        RenderBlock {H2} at (0,0) size 80x40
          RenderInline {A} at (0,0) size 73x39
            RenderText {#text} at (0,0) size 73x39
              text run at (0,0) width 64: "Table of"
              text run at (0,20) width 73: "Contents"
        RenderTable {TABLE} at (0,53) size 4x4
          RenderTableSection {TBODY} at (0,0) size 4x4
            RenderTableRow {TR} at (0,2) size 4x0
      RenderBlock (anonymous) at (0,187) size 80x0
        RenderInline {FONT} at (0,0) size 0x0
