layer at (0,0) size 128x71
  RenderView at (0,0) size 96x26
layer at (0,0) size 128x71
  RenderBlock {HTML} at (0,0) size 96x71
    RenderBody {BODY} at (8,8) size 80x55
      RenderBlock {DIV} at (0,0) size 80x55
        RenderTable {TABLE} at (0,0) size 120x55 [border: (1px outset #808080)]
          RenderTableSection {TBODY} at (1,1) size 118x53
            RenderTableRow {TR} at (0,2) size 118x49
              RenderTableCell {TD} at (2,2) size 114x49 [border: (1px inset #808080)] [r=0 c=0 rs=1 cs=1]
                RenderText {#text} at (2,3) size 110x42
                  text run at (2,3) width 110: "aaaaa"
