layer at (0,0) size 96x38
  RenderView at (0,0) size 96x26
layer at (0,0) size 96x38
  RenderBlock {HTML} at (0,0) size 96x38
    RenderBody {BODY} at (8,8) size 80x22 [bgcolor=#FFFFFF]
      RenderTable {TABLE} at (0,0) size 0x0
      RenderTable {TABLE} at (0,0) size 80x22
        RenderTableSection {TBODY} at (0,0) size 80x22
          RenderTableRow {TR} at (0,2) size 80x18
            RenderTableCell {TD} at (2,2) size 13x10 [r=0 c=0 rs=1 cs=1]
              RenderTable {TABLE} at (1,1) size 8x8
                RenderTableSection {TBODY} at (0,0) size 8x8
                  RenderTableRow {TR} at (0,0) size 8x8
                    RenderTableCell {TD} at (0,0) size 8x8 [r=0 c=0 rs=1 cs=1]
            RenderTableCell {TD} at (17,10) size 2x2 [r=0 c=1 rs=1 cs=1]
            RenderTableCell {TD} at (21,10) size 2x2 [r=0 c=2 rs=1 cs=1]
            RenderTableCell {TD} at (25,10) size 2x2 [r=0 c=3 rs=1 cs=1]
            RenderTableCell {TD} at (29,10) size 2x2 [r=0 c=4 rs=1 cs=1]
            RenderTableCell {TD} at (33,10) size 2x2 [r=0 c=5 rs=1 cs=1]
            RenderTableCell {TD} at (37,2) size 41x18 [r=0 c=6 rs=1 cs=1]
              RenderText {#text} at (1,1) size 20x16
                text run at (1,1) width 20: "bull"
