layer at (0,0) size 800x600
  RenderView at (0,0) size 800x600
layer at (0,0) size 800x600
  RenderBlock {HTML} at (0,0) size 800x600
    RenderBody {BODY} at (8,8) size 784x584
      RenderTable {TABLE} at (0,0) size 63x98 [border: (1px outset #808080)]
        RenderBlock {CAPTION} at (0,0) size 61x48 [color=#008000] [bgcolor=#FFFFE0]
          RenderText {#text} at (2,0) size 56x48
            text run at (2,0) width 56: "Where is"
            text run at (20,16) width 20: "the"
            text run at (11,32) width 38: "table?"
        RenderTableSection {THEAD} at (1,49) size 61x24
          RenderTableRow {TR} at (0,2) size 61x20
            RenderTableCell {TD} at (2,2) size 57x20 [border: (1px inset #808080)] [r=0 c=0 rs=1 cs=1]
              RenderText {#text} at (2,2) size 47x16
                text run at (2,2) width 47: "Header"
        RenderTableSection {TBODY} at (1,73) size 61x24
          RenderTableRow {TR} at (0,2) size 61x20
            RenderTableCell {TD} at (2,2) size 57x20 [border: (1px inset #808080)] [r=0 c=0 rs=1 cs=1]
              RenderText {#text} at (2,2) size 53x16
                text run at (2,2) width 53: "Kibology"
      RenderBlock {HR} at (0,105) size 784x2 [border: (1px inset #000000)]
      RenderTable {TABLE} at (0,114) size 63x50 [border: (1px outset #808080)]
        RenderTableSection {THEAD} at (1,1) size 61x24
          RenderTableRow {TR} at (0,2) size 61x20
            RenderTableCell {TD} at (2,2) size 57x20 [border: (1px inset #808080)] [r=0 c=0 rs=1 cs=1]
              RenderText {#text} at (2,2) size 47x16
                text run at (2,2) width 47: "Header"
        RenderTableSection {TBODY} at (1,25) size 61x24
          RenderTableRow {TR} at (0,2) size 61x20
            RenderTableCell {TD} at (2,2) size 57x20 [border: (1px inset #808080)] [r=0 c=0 rs=1 cs=1]
              RenderText {#text} at (2,2) size 53x16
                text run at (2,2) width 53: "Kibology"
      RenderBlock {HR} at (0,171) size 784x2 [border: (1px inset #000000)]
      RenderTable {TABLE} at (0,180) size 63x82 [border: (1px outset #808080)]
        RenderBlock {CAPTION} at (0,0) size 61x32 [color=#008000] [bgcolor=#FFFFE0]
          RenderText {#text} at (8,0) size 54x32
            text run at (8,0) width 45: "Here is"
            text run at (3,16) width 54: "the table"
        RenderTableSection {THEAD} at (1,33) size 61x24
          RenderTableRow {TR} at (0,2) size 61x20
            RenderTableCell {TD} at (2,2) size 57x20 [border: (1px inset #808080)] [r=0 c=0 rs=1 cs=1]
              RenderText {#text} at (2,2) size 47x16
                text run at (2,2) width 47: "Header"
        RenderTableSection {TBODY} at (1,57) size 61x24
          RenderTableRow {TR} at (0,2) size 61x20
            RenderTableCell {TD} at (2,2) size 57x20 [border: (1px inset #808080)] [r=0 c=0 rs=1 cs=1]
              RenderText {#text} at (2,2) size 53x16
                text run at (2,2) width 53: "Kibology"
      RenderTable {TABLE} at (0,262) size 63x98 [border: (1px outset #808080)]
        RenderTableSection {THEAD} at (1,49) size 61x24
          RenderTableRow {TR} at (0,2) size 61x20
            RenderTableCell {TD} at (2,2) size 57x20 [border: (1px inset #808080)] [r=0 c=0 rs=1 cs=1]
              RenderText {#text} at (2,2) size 47x16
                text run at (2,2) width 47: "Header"
        RenderBlock {CAPTION} at (0,0) size 61x48 [color=#008000] [bgcolor=#FFFFE0]
          RenderText {#text} at (2,0) size 56x48
            text run at (2,0) width 56: "Where is"
            text run at (20,16) width 20: "the"
            text run at (11,32) width 38: "table?"
        RenderTableSection {TBODY} at (1,73) size 61x24
          RenderTableRow {TR} at (0,2) size 61x20
            RenderTableCell {TD} at (2,2) size 57x20 [border: (1px inset #808080)] [r=0 c=0 rs=1 cs=1]
              RenderText {#text} at (2,2) size 53x16
                text run at (2,2) width 53: "Kibology"
      RenderBlock {HR} at (0,367) size 784x2 [border: (1px inset #000000)]
      RenderTable {TABLE} at (0,376) size 63x50 [border: (1px outset #808080)]
        RenderTableSection {THEAD} at (1,1) size 61x24
          RenderTableRow {TR} at (0,2) size 61x20
            RenderTableCell {TD} at (2,2) size 57x20 [border: (1px inset #808080)] [r=0 c=0 rs=1 cs=1]
              RenderText {#text} at (2,2) size 47x16
                text run at (2,2) width 47: "Header"
        RenderTableSection {TBODY} at (1,25) size 61x24
          RenderTableRow {TR} at (0,2) size 61x20
            RenderTableCell {TD} at (2,2) size 57x20 [border: (1px inset #808080)] [r=0 c=0 rs=1 cs=1]
              RenderText {#text} at (2,2) size 53x16
                text run at (2,2) width 53: "Kibology"
      RenderBlock {HR} at (0,433) size 784x2 [border: (1px inset #000000)]
      RenderTable {TABLE} at (0,442) size 63x82 [border: (1px outset #808080)]
        RenderTableSection {THEAD} at (1,33) size 61x24
          RenderTableRow {TR} at (0,2) size 61x20
            RenderTableCell {TD} at (2,2) size 57x20 [border: (1px inset #808080)] [r=0 c=0 rs=1 cs=1]
              RenderText {#text} at (2,2) size 47x16
                text run at (2,2) width 47: "Header"
        RenderBlock {CAPTION} at (0,0) size 61x32 [color=#008000] [bgcolor=#FFFFE0]
          RenderText {#text} at (8,0) size 54x32
            text run at (8,0) width 45: "Here is"
            text run at (3,16) width 54: "the table"
        RenderTableSection {TBODY} at (1,57) size 61x24
          RenderTableRow {TR} at (0,2) size 61x20
            RenderTableCell {TD} at (2,2) size 57x20 [border: (1px inset #808080)] [r=0 c=0 rs=1 cs=1]
              RenderText {#text} at (2,2) size 53x16
                text run at (2,2) width 53: "Kibology"
