layer at (0,0) size 458x276
  RenderView at (0,0) size 96x26
layer at (0,0) size 458x276
  RenderBlock {HTML} at (0,0) size 96x276
    RenderBody {BODY} at (8,8) size 80x260 [bgcolor=#FFFFFF]
      RenderBlock {H4} at (0,0) size 80x64
        RenderText {#text} at (0,0) size 61x48
          text run at (0,0) width 61: "Testcase"
          text run at (0,16) width 55: "distilled"
          text run at (0,32) width 31: "from"
        RenderInline {A} at (0,0) size 162x16 [color=#0000EE]
          RenderText {#text} at (0,48) size 162x16
            text run at (0,48) width 162: "http://www.weather.com"
      RenderTable {TABLE} at (0,82) size 450x178
        RenderTableSection {TBODY} at (0,0) size 450x178
          RenderTableRow {TR} at (0,0) size 450x17
            RenderTableCell {TD} at (0,0) size 325x17 [r=0 c=0 rs=1 cs=3]
              RenderImage {IMG} at (0,0) size 318x17
            RenderTableCell {TD} at (325,0) size 125x178 [r=0 c=3 rs=2 cs=1]
              RenderTable {TABLE} at (0,0) size 125x178 [bgcolor=#E0EBF5]
                RenderTableSection {TBODY} at (0,0) size 125x178
                  RenderTableRow {TR} at (0,0) size 125x178
                    RenderTableCell {TD} at (0,0) size 125x178 [r=0 c=0 rs=1 cs=1]
                      RenderImage {IMG} at (0,0) size 125x34
                      RenderBR {BR} at (125,34) size 0x0
                      RenderText {#text} at (0,34) size 118x32
                        text run at (0,34) width 118: "Jose moving out to"
                        text run at (0,50) width 23: "sea"
                      RenderBR {BR} at (23,63) size 0x0
                      RenderBR {BR} at (0,66) size 0x16
                      RenderBR {BR} at (0,82) size 0x16
                      RenderBR {BR} at (0,98) size 0x16
                      RenderBR {BR} at (0,114) size 0x16
                      RenderBR {BR} at (0,130) size 0x16
                      RenderBR {BR} at (0,146) size 0x16
                      RenderBR {BR} at (0,162) size 0x16
          RenderTableRow {TR} at (0,17) size 450x161
            RenderTableCell {TD} at (0,17) size 167x105 [r=1 c=0 rs=1 cs=1]
              RenderImage {IMG} at (0,0) size 167x105
              RenderText {#text} at (0,0) size 0x0
            RenderTableCell {TD} at (167,89) size 4x16 [r=1 c=1 rs=1 cs=1]
              RenderText {#text} at (0,0) size 4x16
                text run at (0,0) width 4: " "
            RenderTableCell {TD} at (171,17) size 154x52 [r=1 c=2 rs=1 cs=1]
              RenderInline {FONT} at (0,0) size 142x51
                RenderInline {B} at (0,0) size 54x12
                  RenderText {#text} at (0,0) size 54x12
                    text run at (0,0) width 54: "Chilly time"
                RenderBR {BR} at (54,10) size 0x0
                RenderText {#text} at (0,13) size 142x38
                  text run at (0,13) width 142: "Though the calendar disagrees,"
                  text run at (0,26) width 132: "the feel of winter is in the air"
                  text run at (0,39) width 115: "across much of the East."
              RenderText {#text} at (0,0) size 0x0
