layer at (0,0) size 800x600
  RenderView at (0,0) size 800x600
layer at (0,0) size 800x600
  RenderBlock {HTML} at (0,0) size 800x600
    RenderBody {BODY} at (8,8) size 784x584
      RenderTable {TABLE} at (0,0) size 146x66 [border: (1px outset #808080)]
        RenderTableSection {TBODY} at (1,1) size 144x64
          RenderTableRow {TR} at (0,2) size 144x20
            RenderTableCell {TD} at (2,2) size 140x20 [border: (1px inset #808080)] [r=0 c=0 rs=1 cs=1]
              RenderText {#text} at (2,2) size 107x16
                text run at (2,2) width 107: "cell of outer table"
          RenderTableRow {TR} at (0,24) size 144x38
            RenderTableCell {TD} at (2,24) size 140x38 [border: (1px inset #808080)] [r=1 c=0 rs=1 cs=1]
              RenderTable {TABLE} at (2,2) size 136x34 [border: (5px outset #808080)]
                RenderTableSection {TBODY} at (5,5) size 126x24
                  RenderTableRow {TR} at (0,2) size 126x20
                    RenderTableCell {TD} at (2,2) size 122x20 [border: (1px inset #808080)] [r=0 c=0 rs=1 cs=1]
                      RenderText {#text} at (2,2) size 118x16
                        text run at (2,2) width 118: "cell of nested table"
      RenderBlock (anonymous) at (0,66) size 784x16
        RenderBR {BR} at (0,0) size 0x16
      RenderBlock {HR} at (0,89) size 202x2 [border: (1px inset #000000)]
      RenderBlock (anonymous) at (0,98) size 784x16
        RenderText {#text} at (0,0) size 214x16
          text run at (0,0) width 214: "nested table width includes border"
      RenderTable {TABLE} at (0,114) size 204x48 [border: (1px outset #808080)]
        RenderTableSection {TBODY} at (1,1) size 202x46
          RenderTableRow {TR} at (0,0) size 202x46
            RenderTableCell {TD} at (0,0) size 202x46 [border: (1px inset #808080)] [r=0 c=0 rs=1 cs=1]
              RenderTable {TABLE} at (1,1) size 200x44 [border: (10px outset #808080)]
                RenderTableSection {TBODY} at (10,10) size 180x24
                  RenderTableRow {TR} at (0,2) size 180x20
                    RenderTableCell {TD} at (2,2) size 176x20 [border: (1px inset #808080)] [r=0 c=0 rs=1 cs=1]
                      RenderText {#text} at (2,2) size 105x16
                        text run at (2,2) width 105: "200 nested table"
      RenderBlock (anonymous) at (0,162) size 784x32
        RenderBR {BR} at (0,0) size 0x16
        RenderText {#text} at (0,16) size 214x16
          text run at (0,16) width 214: "nested table width includes border"
      RenderTable {TABLE} at (0,194) size 140x48 [border: (1px outset #808080)]
        RenderTableSection {TBODY} at (1,1) size 138x46
          RenderTableRow {TR} at (0,0) size 138x46
            RenderTableCell {TD} at (0,0) size 138x46 [border: (1px inset #808080)] [r=0 c=0 rs=1 cs=1]
              RenderTable {TABLE} at (1,1) size 136x44 [border: (10px outset #808080)]
                RenderTableSection {TBODY} at (10,10) size 116x24
                  RenderTableRow {TR} at (0,2) size 116x20
                    RenderTableCell {TD} at (2,2) size 112x20 [border: (1px inset #808080)] [r=0 c=0 rs=1 cs=1]
                      RenderText {#text} at (2,2) size 108x16
                        text run at (2,2) width 108: "auto nested table"
      RenderBlock (anonymous) at (0,242) size 784x32
        RenderBR {BR} at (0,0) size 0x16
        RenderText {#text} at (0,16) size 214x16
          text run at (0,16) width 214: "nested table width includes border"
      RenderTable {TABLE} at (0,274) size 784x28 [border: (5px outset #808080)]
        RenderTableSection {TBODY} at (5,5) size 774x18
          RenderTableRow {TR} at (0,0) size 774x18
            RenderTableCell {TD} at (0,0) size 774x18 [border: (1px inset #808080)] [r=0 c=0 rs=1 cs=1]
              RenderText {#text} at (1,1) size 107x16
                text run at (1,1) width 107: "100% width table"
      RenderBlock (anonymous) at (0,302) size 784x32
        RenderBR {BR} at (0,0) size 0x16
        RenderText {#text} at (0,16) size 214x16
          text run at (0,16) width 214: "nested table width includes border"
      RenderTable {TABLE} at (0,334) size 149x48 [border: (1px outset #808080)]
        RenderTableSection {TBODY} at (1,1) size 147x46
          RenderTableRow {TR} at (0,0) size 147x46
            RenderTableCell {TD} at (0,0) size 147x46 [border: (1px inset #808080)] [r=0 c=0 rs=1 cs=1]
              RenderTable {TABLE} at (1,1) size 145x44 [border: (10px outset #808080)]
                RenderTableSection {TBODY} at (10,10) size 125x24
                  RenderTableRow {TR} at (0,2) size 125x20
                    RenderTableCell {TD} at (2,2) size 121x20 [border: (1px inset #808080)] [r=0 c=0 rs=1 cs=1]
                      RenderText {#text} at (2,2) size 117x16
                        text run at (2,2) width 117: "100% nested table"
