layer at (0,0) size 800x600
  RenderView at (0,0) size 800x600
layer at (0,0) size 800x600
  RenderBlock {HTML} at (0,0) size 800x600
    RenderBody {BODY} at (8,8) size 784x584
      RenderTable {TABLE} at (0,0) size 600x107
        RenderTableSection {TBODY} at (0,0) size 600x107
          RenderTableRow {TR} at (0,0) size 600x107
            RenderTableCell {TD} at (0,0) size 600x107 [r=0 c=0 rs=1 cs=1]
              RenderBlock (anonymous) at (0,0) size 600x48
                RenderBR {BR} at (300,0) size 0x16
                RenderBR {BR} at (300,16) size 0x16
                RenderBR {BR} at (300,32) size 0x16
              RenderTable {TABLE} at (0,48) size 600x59 [border: (1px outset #808080)]
                RenderTableSection {TBODY} at (1,1) size 598x57
                  RenderTableRow {TR} at (0,0) size 598x57
                    RenderTableCell {TD} at (0,0) size 299x57 [border: (1px inset #808080)] [r=0 c=0 rs=1 cs=1]
                      RenderTable {TABLE} at (1,1) size 297x55
                        RenderTableSection {TBODY} at (0,0) size 297x55
                          RenderTableRow {TR} at (0,1) size 297x17 [bgcolor=#CD9944]
                            RenderTableCell {TD} at (1,1) size 104x17 [r=0 c=0 rs=1 cs=1]
                              RenderInline {FONT} at (0,0) size 36x11 [color=#FFFFFF]
                                RenderText {#text} at (3,3) size 36x11
                                  text run at (3,3) width 36: "Funktion"
                          RenderTableRow {TR} at (0,19) size 297x17 [bgcolor=#E7E7AD]
                            RenderTableCell {TD} at (1,19) size 104x17 [r=1 c=0 rs=1 cs=1]
                              RenderInline {FONT} at (0,0) size 58x11
                                RenderText {#text} at (3,3) size 58x11
                                  text run at (3,3) width 58: "Umlaufrendite"
                          RenderTableRow {TR} at (0,37) size 297x17 [bgcolor=#E7DEA5]
                            RenderTableCell {TD} at (1,37) size 104x17 [r=2 c=0 rs=1 cs=1]
                              RenderInline {FONT} at (0,0) size 63x11
                                RenderText {#text} at (3,3) size 63x11
                                  text run at (3,3) width 63: "10 Jahre US %"
                            RenderTableCell {TD} at (106,37) size 36x17 [r=2 c=1 rs=1 cs=1]
                              RenderInline {FONT} at (0,0) size 18x11
                                RenderText {#text} at (3,3) size 18x11
                                  text run at (3,3) width 18: "4,75"
                            RenderTableCell {TD} at (143,37) size 26x17 [r=2 c=2 rs=1 cs=1]
                              RenderImage {IMG} at (7,3) size 11x11
                            RenderTableCell {TD} at (170,37) size 41x17 [r=2 c=3 rs=1 cs=1]
                              RenderInline {FONT} at (0,0) size 21x11
                                RenderText {#text} at (3,3) size 21x11
                                  text run at (3,3) width 21: "-0.02"
                            RenderTableCell {TD} at (212,37) size 49x17 [r=2 c=4 rs=1 cs=1]
                              RenderInline {FONT} at (0,0) size 26x11
                                RenderText {#text} at (3,3) size 26x11
                                  text run at (3,3) width 26: "03.12."
                            RenderTableCell {TD} at (262,37) size 34x16 [r=2 c=5 rs=1 cs=1]
                              RenderInline {FONT} at (0,0) size 16x9
                                RenderInline {A} at (0,0) size 16x9 [color=#0000EE]
                                  RenderImage {IMG} at (9,3) size 16x10
                    RenderTableCell {TD} at (299,0) size 299x57 [border: (1px inset #808080)] [r=0 c=1 rs=1 cs=1]
                      RenderTable {TABLE} at (1,1) size 297x55
                        RenderTableSection {TBODY} at (0,0) size 297x55
                          RenderTableRow {TR} at (0,1) size 297x17 [bgcolor=#CD9944]
                            RenderTableCell {TD} at (1,1) size 200x17 [r=0 c=0 rs=1 cs=1]
                              RenderInline {FONT} at (0,0) size 41x11 [color=#FFFFFF]
                                RenderText {#text} at (3,3) size 41x11
                                  text run at (3,3) width 41: "Rohstoffe"
                          RenderTableRow {TR} at (0,19) size 297x17 [bgcolor=#E7E7AD]
                            RenderTableCell {TD} at (1,19) size 200x17 [r=1 c=0 rs=1 cs=1]
                              RenderImage {IMG} at (94,3) size 11x11
                            RenderTableCell {TD} at (202,19) size 94x16 [r=1 c=1 rs=1 cs=1]
                              RenderInline {FONT} at (0,0) size 16x9
                                RenderInline {A} at (0,0) size 16x9 [color=#0000EE]
                                  RenderImage {IMG} at (39,3) size 16x10
                          RenderTableRow {TR} at (0,37) size 297x17 [bgcolor=#E7DEA5]
                            RenderTableCell {TD} at (1,37) size 200x17 [r=2 c=0 rs=1 cs=1]
                              RenderImage {IMG} at (94,3) size 11x11
                            RenderTableCell {TD} at (202,37) size 94x16 [r=2 c=1 rs=1 cs=1]
                              RenderInline {FONT} at (0,0) size 16x9
                                RenderInline {A} at (0,0) size 16x9 [color=#0000EE]
                                  RenderImage {IMG} at (39,3) size 16x10
