layer at (0,0) size 800x9879
  RenderView at (0,0) size 800x600
layer at (0,0) size 800x9879
  RenderBlock {HTML} at (0,0) size 800x9879
    RenderBody {BODY} at (8,8) size 784x9863
      RenderTable {TABLE} at (0,0) size 591x9863 [border: (1px outset #808080)]
        RenderTableSection {TBODY} at (1,1) size 589x9861
          RenderTableRow {TR} at (0,2) size 589x9857
            RenderTableCell {TD} at (2,2) size 11x20 [border: (1px inset #808080)] [r=0 c=0 rs=1 cs=1]
              RenderText {#text} at (2,2) size 7x16
                text run at (2,2) width 7: "x"
            RenderTableCell {TD} at (15,2) size 572x9857 [border: (1px inset #808080)] [r=0 c=1 rs=1 cs=1]
              RenderBlock (anonymous) at (2,2) size 568x0
                RenderInline {FONT} at (0,0) size 0x0
                  RenderText {#text} at (0,0) size 0x0
              RenderBlock (anonymous) at (2,2) size 568x9853
                RenderTable {TABLE} at (0,0) size 552x48 [border: (1px outset #808080)]
                  RenderTableSection {TBODY} at (1,1) size 550x46
                    RenderTableRow {TR} at (0,2) size 550x20
                      RenderTableCell {TD} at (2,2) size 97x20 [border: (1px inset #808080)] [r=0 c=0 rs=1 cs=1]
                        RenderText {#text} at (2,2) size 4x16
                          text run at (2,2) width 4: " "
                      RenderTableCell {TD} at (101,2) size 447x4 [border: (1px inset #808080)] [r=0 c=1 rs=1 cs=1]
                    RenderTableRow {TR} at (0,24) size 550x20
                      RenderTableCell {TD} at (2,24) size 97x20 [border: (1px inset #808080)] [r=1 c=0 rs=1 cs=1]
                        RenderText {#text} at (2,2) size 93x16
                          text run at (2,2) width 93: "Search again..."
                RenderBlock (anonymous) at (0,48) size 568x13
                  RenderText {#text} at (0,0) size 568x12
                    text run at (0,0) width 262: "This text node only exists once in the original document! "
                    text run at (262,0) width 243: "If it were a large collection of inlines, the page would "
                    text run at (505,0) width 63: "hang forever."
                  RenderInline {A} at (0,0) size 0x0
                RenderBlock {H2} at (0,74) size 568x20
                  RenderInline {A} at (0,0) size 142x19
                    RenderText {#text} at (0,0) size 142x19
                      text run at (0,0) width 142: "Table of Contents"
                RenderBlock {P} at (0,107) size 568x130
                  RenderInline {B} at (0,0) size 59x12
                    RenderInline {A} at (0,0) size 59x12 [color=#0000EE]
                      RenderText {#text} at (0,0) size 59x12
                        text run at (0,0) width 59: "Introduction"
                  RenderBR {BR} at (59,10) size 0x0
                  RenderBR {BR} at (0,13) size 0x12
                  RenderInline {A} at (0,0) size 125x12 [color=#0000EE]
                    RenderText {#text} at (0,26) size 125x12
                      text run at (0,26) width 125: "Who Should Use This Book"
                  RenderText {#text} at (125,26) size 3x12
                    text run at (125,26) width 3: " "
                  RenderBR {BR} at (128,36) size 0x0
                  RenderInline {A} at (0,0) size 105x12 [color=#0000EE]
                    RenderText {#text} at (0,39) size 105x12
                      text run at (0,39) width 105: "How To Use This Book"
                  RenderText {#text} at (105,39) size 3x12
                    text run at (105,39) width 3: " "
                  RenderBR {BR} at (108,49) size 0x0
                  RenderInline {A} at (0,0) size 132x12 [color=#0000EE]
                    RenderText {#text} at (0,52) size 132x12
                      text run at (0,52) width 132: "How This Book is Structured"
                  RenderText {#text} at (132,52) size 3x12
                    text run at (132,52) width 3: " "
                  RenderBR {BR} at (135,62) size 0x0
                  RenderInline {A} at (0,0) size 161x12 [color=#0000EE]
                    RenderText {#text} at (0,65) size 161x12
                      text run at (0,65) width 161: "How to Read the Syntax Diagrams"
                  RenderText {#text} at (161,65) size 3x12
                    text run at (161,65) width 3: " "
                  RenderBR {BR} at (164,75) size 0x0
                  RenderInline {A} at (0,0) size 154x12 [color=#0000EE]
                    RenderText {#text} at (0,78) size 154x12
                      text run at (0,78) width 154: "Conventions Used in This Manual"
                  RenderText {#text} at (154,78) size 3x12
                    text run at (154,78) width 3: " "
                  RenderBR {BR} at (157,88) size 0x0
                  RenderInline {A} at (0,0) size 79x12 [color=#0000EE]
                    RenderText {#text} at (0,91) size 79x12
                      text run at (0,91) width 79: "Error Conditions"
                  RenderText {#text} at (79,91) size 3x12
                    text run at (79,91) width 3: " "
                  RenderBR {BR} at (82,101) size 0x0
                  RenderInline {A} at (0,0) size 119x12 [color=#0000EE]
                    RenderText {#text} at (0,104) size 119x12
                      text run at (0,104) width 119: "Highlighting Conventions"
                  RenderText {#text} at (119,104) size 3x12
                    text run at (119,104) width 3: " "
                  RenderBR {BR} at (122,114) size 0x0
                  RenderInline {A} at (0,0) size 172x12 [color=#0000EE]
                    RenderText {#text} at (0,117) size 172x12
                      text run at (0,117) width 172: "Related Documentation for This Book"
                  RenderText {#text} at (0,0) size 0x0
                RenderBlock {P} at (0,248) size 568x858
                  RenderInline {B} at (0,0) size 47x12
                    RenderInline {A} at (0,0) size 47x12 [color=#0000EE]
                      RenderText {#text} at (0,0) size 47x12
                        text run at (0,0) width 47: "Concepts"
                  RenderBR {BR} at (47,10) size 0x0
                  RenderBR {BR} at (0,13) size 0x12
                  RenderInline {A} at (0,0) size 90x12 [color=#0000EE]
                    RenderText {#text} at (0,26) size 90x12
                      text run at (0,26) width 90: "Relational Database"
                  RenderText {#text} at (90,26) size 3x12
                    text run at (90,26) width 3: " "
                  RenderBR {BR} at (93,36) size 0x0
                  RenderInline {A} at (0,0) size 158x12 [color=#0000EE]
                    RenderText {#text} at (0,39) size 158x12
                      text run at (0,39) width 158: "Structured Query Language (SQL)"
                  RenderText {#text} at (158,39) size 3x12
                    text run at (158,39) width 3: " "
                  RenderBR {BR} at (161,49) size 0x0
                  RenderInline {A} at (0,0) size 73x12 [color=#0000EE]
                    RenderText {#text} at (0,52) size 73x12
                      text run at (0,52) width 73: "Embedded SQL"
                  RenderText {#text} at (73,52) size 3x12
                    text run at (73,52) width 3: " "
                  RenderBR {BR} at (76,62) size 0x0
                  RenderInline {A} at (0,0) size 51x12 [color=#0000EE]
                    RenderText {#text} at (0,65) size 51x12
                      text run at (0,65) width 51: "Static SQL"
                  RenderText {#text} at (51,65) size 3x12
                    text run at (51,65) width 3: " "
                  RenderBR {BR} at (54,75) size 0x0
                  RenderInline {A} at (0,0) size 63x12 [color=#0000EE]
                    RenderText {#text} at (0,78) size 63x12
                      text run at (0,78) width 63: "Dynamic SQL"
                  RenderText {#text} at (63,78) size 3x12
                    text run at (63,78) width 3: " "
                  RenderBR {BR} at (66,88) size 0x0
                  RenderInline {A} at (0,0) size 329x12 [color=#0000EE]
                    RenderText {#text} at (0,91) size 329x12
                      text run at (0,91) width 329: "DB2 Call Level Interface (CLI) & Open Database Connectivity (ODBC)"
                  RenderText {#text} at (329,91) size 3x12
                    text run at (329,91) width 3: " "
                  RenderBR {BR} at (332,101) size 0x0
                  RenderInline {A} at (0,0) size 390x12 [color=#0000EE]
                    RenderText {#text} at (0,104) size 390x12
                      text run at (0,104) width 390: "Java Database Connectivity (JDBC) and Embedded SQL for Java (SQLJ) Programs"
                  RenderText {#text} at (390,104) size 3x12
                    text run at (390,104) width 3: " "
                  RenderBR {BR} at (393,114) size 0x0
                  RenderInline {A} at (0,0) size 73x12 [color=#0000EE]
                    RenderText {#text} at (0,117) size 73x12
                      text run at (0,117) width 73: "Interactive SQL"
                  RenderText {#text} at (73,117) size 3x12
                    text run at (73,117) width 3: " "
                  RenderBR {BR} at (76,127) size 0x0
                  RenderInline {A} at (0,0) size 41x12 [color=#0000EE]
                    RenderText {#text} at (0,130) size 41x12
                      text run at (0,130) width 41: "Schemas"
                  RenderText {#text} at (41,130) size 3x12
                    text run at (41,130) width 3: " "
                  RenderBR {BR} at (44,140) size 0x0
                  RenderInline {A} at (0,0) size 130x12 [color=#0000EE]
                    RenderText {#text} at (0,143) size 130x12
                      text run at (0,143) width 130: "Controlling Use of Schemas"
                  RenderText {#text} at (130,143) size 3x12
                    text run at (130,143) width 3: " "
                  RenderBR {BR} at (133,153) size 0x0
                  RenderInline {A} at (0,0) size 28x12 [color=#0000EE]
                    RenderText {#text} at (0,156) size 28x12
                      text run at (0,156) width 28: "Tables"
                  RenderText {#text} at (28,156) size 3x12
                    text run at (28,156) width 3: " "
                  RenderBR {BR} at (31,166) size 0x0
                  RenderInline {A} at (0,0) size 27x12 [color=#0000EE]
                    RenderText {#text} at (0,169) size 27x12
                      text run at (0,169) width 27: "Views"
                  RenderText {#text} at (27,169) size 3x12
                    text run at (27,169) width 3: " "
                  RenderBR {BR} at (30,179) size 0x0
                  RenderInline {A} at (0,0) size 31x12 [color=#0000EE]
                    RenderText {#text} at (0,182) size 31x12
                      text run at (0,182) width 31: "Aliases"
                  RenderText {#text} at (31,182) size 3x12
                    text run at (31,182) width 3: " "
                  RenderBR {BR} at (34,192) size 0x0
                  RenderInline {A} at (0,0) size 36x12 [color=#0000EE]
                    RenderText {#text} at (0,195) size 36x12
                      text run at (0,195) width 36: "Indexes"
                  RenderText {#text} at (36,195) size 3x12
                    text run at (36,195) width 3: " "
                  RenderBR {BR} at (39,205) size 0x0
                  RenderInline {A} at (0,0) size 22x12 [color=#0000EE]
                    RenderText {#text} at (0,208) size 22x12
                      text run at (0,208) width 22: "Keys"
                  RenderText {#text} at (22,208) size 3x12
                    text run at (22,208) width 3: " "
                  RenderBR {BR} at (25,218) size 0x0
                  RenderInline {A} at (0,0) size 57x12 [color=#0000EE]
                    RenderText {#text} at (0,221) size 57x12
                      text run at (0,221) width 57: "Unique Keys"
                  RenderText {#text} at (57,221) size 3x12
                    text run at (57,221) width 3: " "
                  RenderBR {BR} at (60,231) size 0x0
                  RenderInline {A} at (0,0) size 60x12 [color=#0000EE]
                    RenderText {#text} at (0,234) size 60x12
                      text run at (0,234) width 60: "Primary Keys"
                  RenderText {#text} at (60,234) size 3x12
                    text run at (60,234) width 3: " "
                  RenderBR {BR} at (63,244) size 0x0
                  RenderInline {A} at (0,0) size 60x12 [color=#0000EE]
                    RenderText {#text} at (0,247) size 60x12
                      text run at (0,247) width 60: "Foreign Keys"
                  RenderText {#text} at (60,247) size 3x12
                    text run at (60,247) width 3: " "
                  RenderBR {BR} at (63,257) size 0x0
                  RenderInline {A} at (0,0) size 79x12 [color=#0000EE]
                    RenderText {#text} at (0,260) size 79x12
                      text run at (0,260) width 79: "Partitioning Keys"
                  RenderText {#text} at (79,260) size 3x12
                    text run at (79,260) width 3: " "
                  RenderBR {BR} at (82,270) size 0x0
                  RenderInline {A} at (0,0) size 55x12 [color=#0000EE]
                    RenderText {#text} at (0,273) size 55x12
                      text run at (0,273) width 55: "Constraints"
                  RenderText {#text} at (55,273) size 3x12
                    text run at (55,273) width 3: " "
                  RenderBR {BR} at (58,283) size 0x0
                  RenderInline {A} at (0,0) size 90x12 [color=#0000EE]
                    RenderText {#text} at (0,286) size 90x12
                      text run at (0,286) width 90: "Unique Constraints"
                  RenderText {#text} at (90,286) size 3x12
                    text run at (90,286) width 3: " "
                  RenderBR {BR} at (93,296) size 0x0
                  RenderInline {A} at (0,0) size 107x12 [color=#0000EE]
                    RenderText {#text} at (0,299) size 107x12
                      text run at (0,299) width 107: "Referential Constraints"
                  RenderText {#text} at (107,299) size 3x12
                    text run at (107,299) width 3: " "
                  RenderBR {BR} at (110,309) size 0x0
                  RenderInline {A} at (0,0) size 113x12 [color=#0000EE]
                    RenderText {#text} at (0,312) size 113x12
                      text run at (0,312) width 113: "Table Check Constraints"
                  RenderText {#text} at (113,312) size 3x12
                    text run at (113,312) width 3: " "
                  RenderBR {BR} at (116,322) size 0x0
                  RenderInline {A} at (0,0) size 37x12 [color=#0000EE]
                    RenderText {#text} at (0,325) size 37x12
                      text run at (0,325) width 37: "Triggers"
                  RenderText {#text} at (37,325) size 3x12
                    text run at (37,325) width 3: " "
                  RenderBR {BR} at (40,335) size 0x0
                  RenderInline {A} at (0,0) size 73x12 [color=#0000EE]
                    RenderText {#text} at (0,338) size 73x12
                      text run at (0,338) width 73: "Event Monitors"
                  RenderText {#text} at (73,338) size 3x12
                    text run at (73,338) width 3: " "
                  RenderBR {BR} at (76,348) size 0x0
                  RenderInline {A} at (0,0) size 34x12 [color=#0000EE]
                    RenderText {#text} at (0,351) size 34x12
                      text run at (0,351) width 34: "Queries"
                  RenderText {#text} at (34,351) size 3x12
                    text run at (34,351) width 3: " "
                  RenderBR {BR} at (37,361) size 0x0
                  RenderInline {A} at (0,0) size 83x12 [color=#0000EE]
                    RenderText {#text} at (0,364) size 83x12
                      text run at (0,364) width 83: "Table Expressions"
                  RenderText {#text} at (83,364) size 3x12
                    text run at (83,364) width 3: " "
                  RenderBR {BR} at (86,374) size 0x0
                  RenderInline {A} at (0,0) size 128x12 [color=#0000EE]
                    RenderText {#text} at (0,377) size 128x12
                      text run at (0,377) width 128: "Common Table Expressions"
                  RenderText {#text} at (128,377) size 3x12
                    text run at (128,377) width 3: " "
                  RenderBR {BR} at (131,387) size 0x0
                  RenderInline {A} at (0,0) size 43x12 [color=#0000EE]
                    RenderText {#text} at (0,390) size 43x12
                      text run at (0,390) width 43: "Packages"
                  RenderText {#text} at (43,390) size 3x12
                    text run at (43,390) width 3: " "
                  RenderBR {BR} at (46,400) size 0x0
                  RenderInline {A} at (0,0) size 66x12 [color=#0000EE]
                    RenderText {#text} at (0,403) size 66x12
                      text run at (0,403) width 66: "Catalog Views"
                  RenderText {#text} at (66,403) size 3x12
                    text run at (66,403) width 3: " "
                  RenderBR {BR} at (69,413) size 0x0
                  RenderInline {A} at (0,0) size 235x12 [color=#0000EE]
                    RenderText {#text} at (0,416) size 235x12
                      text run at (0,416) width 235: "Application Processes, Concurrency, and Recovery"
                  RenderText {#text} at (235,416) size 3x12
                    text run at (235,416) width 3: " "
                  RenderBR {BR} at (238,426) size 0x0
                  RenderInline {A} at (0,0) size 66x12 [color=#0000EE]
                    RenderText {#text} at (0,429) size 66x12
                      text run at (0,429) width 66: "Isolation Level"
                  RenderText {#text} at (66,429) size 3x12
                    text run at (66,429) width 3: " "
                  RenderBR {BR} at (69,439) size 0x0
                  RenderInline {A} at (0,0) size 101x12 [color=#0000EE]
                    RenderText {#text} at (0,442) size 101x12
                      text run at (0,442) width 101: "Repeatable Read (RR)"
                  RenderText {#text} at (101,442) size 3x12
                    text run at (101,442) width 3: " "
                  RenderBR {BR} at (104,452) size 0x0
                  RenderInline {A} at (0,0) size 88x12 [color=#0000EE]
                    RenderText {#text} at (0,455) size 88x12
                      text run at (0,455) width 88: "Read Stability (RS)"
                  RenderText {#text} at (88,455) size 3x12
                    text run at (88,455) width 3: " "
                  RenderBR {BR} at (91,465) size 0x0
                  RenderInline {A} at (0,0) size 98x12 [color=#0000EE]
                    RenderText {#text} at (0,468) size 98x12
                      text run at (0,468) width 98: "Cursor Stability (CS)"
                  RenderText {#text} at (98,468) size 3x12
                    text run at (98,468) width 3: " "
                  RenderBR {BR} at (101,478) size 0x0
                  RenderInline {A} at (0,0) size 114x12 [color=#0000EE]
                    RenderText {#text} at (0,481) size 114x12
                      text run at (0,481) width 114: "Uncommitted Read (UR)"
                  RenderText {#text} at (114,481) size 3x12
                    text run at (114,481) width 3: " "
                  RenderBR {BR} at (117,491) size 0x0
                  RenderInline {A} at (0,0) size 143x12 [color=#0000EE]
                    RenderText {#text} at (0,494) size 143x12
                      text run at (0,494) width 143: "Comparison of Isolation Levels"
                  RenderText {#text} at (143,494) size 3x12
                    text run at (143,494) width 3: " "
                  RenderBR {BR} at (146,504) size 0x0
                  RenderInline {A} at (0,0) size 144x12 [color=#0000EE]
                    RenderText {#text} at (0,507) size 144x12
                      text run at (0,507) width 144: "Distributed Relational Database"
                  RenderText {#text} at (144,507) size 3x12
                    text run at (144,507) width 3: " "
                  RenderBR {BR} at (147,517) size 0x0
                  RenderInline {A} at (0,0) size 90x12 [color=#0000EE]
                    RenderText {#text} at (0,520) size 90x12
                      text run at (0,520) width 90: "Application Servers"
                  RenderText {#text} at (90,520) size 3x12
                    text run at (90,520) width 3: " "
                  RenderBR {BR} at (93,530) size 0x0
                  RenderInline {A} at (0,0) size 209x12 [color=#0000EE]
                    RenderText {#text} at (0,533) size 209x12
                      text run at (0,533) width 209: "CONNECT (Type 1) and CONNECT (Type 2)"
                  RenderText {#text} at (209,533) size 3x12
                    text run at (209,533) width 3: " "
                  RenderBR {BR} at (212,543) size 0x0
                  RenderInline {A} at (0,0) size 98x12 [color=#0000EE]
                    RenderText {#text} at (0,546) size 98x12
                      text run at (0,546) width 98: "Remote Unit of Work"
                  RenderText {#text} at (98,546) size 3x12
                    text run at (98,546) width 3: " "
                  RenderBR {BR} at (101,556) size 0x0
                  RenderInline {A} at (0,0) size 211x12 [color=#0000EE]
                    RenderText {#text} at (0,559) size 211x12
                      text run at (0,559) width 211: "Application-Directed Distributed Unit of Work"
                  RenderText {#text} at (211,559) size 3x12
                    text run at (211,559) width 3: " "
                  RenderBR {BR} at (214,569) size 0x0
                  RenderInline {A} at (0,0) size 168x12 [color=#0000EE]
                    RenderText {#text} at (0,572) size 168x12
                      text run at (0,572) width 168: "Data Representation Considerations"
                  RenderText {#text} at (168,572) size 3x12
                    text run at (168,572) width 3: " "
                  RenderBR {BR} at (171,582) size 0x0
                  RenderInline {A} at (0,0) size 112x12 [color=#0000EE]
                    RenderText {#text} at (0,585) size 112x12
                      text run at (0,585) width 112: "DB2 Federated Systems"
                  RenderText {#text} at (112,585) size 3x12
                    text run at (112,585) width 3: " "
                  RenderBR {BR} at (115,595) size 0x0
                  RenderInline {A} at (0,0) size 285x12 [color=#0000EE]
                    RenderText {#text} at (0,598) size 285x12
                      text run at (0,598) width 285: "The Federated Server, Federated Database, and Data Sources"
                  RenderText {#text} at (285,598) size 3x12
                    text run at (285,598) width 3: " "
                  RenderBR {BR} at (288,608) size 0x0
                  RenderInline {A} at (0,0) size 208x12 [color=#0000EE]
                    RenderText {#text} at (0,611) size 208x12
                      text run at (0,611) width 208: "Tasks to Perform in a DB2 Federated System"
                  RenderText {#text} at (208,611) size 3x12
                    text run at (208,611) width 3: " "
                  RenderBR {BR} at (211,621) size 0x0
                  RenderInline {A} at (0,0) size 147x12 [color=#0000EE]
                    RenderText {#text} at (0,624) size 147x12
                      text run at (0,624) width 147: "Wrappers and Wrapper Modules"
                  RenderText {#text} at (147,624) size 3x12
                    text run at (147,624) width 3: " "
                  RenderBR {BR} at (150,634) size 0x0
                  RenderInline {A} at (0,0) size 178x12 [color=#0000EE]
                    RenderText {#text} at (0,637) size 178x12
                      text run at (0,637) width 178: "Server Definitions and Server Options"
                  RenderText {#text} at (178,637) size 3x12
                    text run at (178,637) width 3: " "
                  RenderBR {BR} at (181,647) size 0x0
                  RenderInline {A} at (0,0) size 155x12 [color=#0000EE]
                    RenderText {#text} at (0,650) size 155x12
                      text run at (0,650) width 155: "User Mappings and User Options"
                  RenderText {#text} at (155,650) size 3x12
                    text run at (155,650) width 3: " "
                  RenderBR {BR} at (158,660) size 0x0
                  RenderInline {A} at (0,0) size 94x12 [color=#0000EE]
                    RenderText {#text} at (0,663) size 94x12
                      text run at (0,663) width 94: "Data Type Mappings"
                  RenderText {#text} at (94,663) size 3x12
                    text run at (94,663) width 3: " "
                  RenderBR {BR} at (97,673) size 0x0
                  RenderInline {A} at (0,0) size 331x12 [color=#0000EE]
                    RenderText {#text} at (0,676) size 331x12
                      text run at (0,676) width 331: "Function Mappings, Function Templates, and Function Mapping Options"
                  RenderText {#text} at (331,676) size 3x12
                    text run at (331,676) width 3: " "
                  RenderBR {BR} at (334,686) size 0x0
                  RenderInline {A} at (0,0) size 147x12 [color=#0000EE]
                    RenderText {#text} at (0,689) size 147x12
                      text run at (0,689) width 147: "Nicknames and Column Options"
                  RenderText {#text} at (147,689) size 3x12
                    text run at (147,689) width 3: " "
                  RenderBR {BR} at (150,699) size 0x0
                  RenderInline {A} at (0,0) size 93x12 [color=#0000EE]
                    RenderText {#text} at (0,702) size 93x12
                      text run at (0,702) width 93: "Index Specifications"
                  RenderText {#text} at (93,702) size 3x12
                    text run at (93,702) width 3: " "
                  RenderBR {BR} at (96,712) size 0x0
                  RenderInline {A} at (0,0) size 96x12 [color=#0000EE]
                    RenderText {#text} at (0,715) size 96x12
                      text run at (0,715) width 96: "Distributed Requests"
                  RenderText {#text} at (96,715) size 3x12
                    text run at (96,715) width 3: " "
                  RenderBR {BR} at (99,725) size 0x0
                  RenderInline {A} at (0,0) size 67x12 [color=#0000EE]
                    RenderText {#text} at (0,728) size 67x12
                      text run at (0,728) width 67: "Compensation"
                  RenderText {#text} at (67,728) size 3x12
                    text run at (67,728) width 3: " "
                  RenderBR {BR} at (70,738) size 0x0
                  RenderInline {A} at (0,0) size 64x12 [color=#0000EE]
                    RenderText {#text} at (0,741) size 64x12
                      text run at (0,741) width 64: "Pass-Through"
                  RenderText {#text} at (64,741) size 3x12
                    text run at (64,741) width 3: " "
                  RenderBR {BR} at (67,751) size 0x0
                  RenderInline {A} at (0,0) size 103x12 [color=#0000EE]
                    RenderText {#text} at (0,754) size 103x12
                      text run at (0,754) width 103: "Character Conversion"
                  RenderText {#text} at (103,754) size 3x12
                    text run at (103,754) width 3: " "
                  RenderBR {BR} at (106,764) size 0x0
                  RenderInline {A} at (0,0) size 149x12 [color=#0000EE]
                    RenderText {#text} at (0,767) size 149x12
                      text run at (0,767) width 149: "Character Sets and Code Pages"
                  RenderText {#text} at (149,767) size 3x12
                    text run at (149,767) width 3: " "
                  RenderBR {BR} at (152,777) size 0x0
                  RenderInline {A} at (0,0) size 100x12 [color=#0000EE]
                    RenderText {#text} at (0,780) size 100x12
                      text run at (0,780) width 100: "Code Page Attributes"
                  RenderText {#text} at (100,780) size 3x12
                    text run at (100,780) width 3: " "
                  RenderBR {BR} at (103,790) size 0x0
                  RenderInline {A} at (0,0) size 129x12 [color=#0000EE]
                    RenderText {#text} at (0,793) size 129x12
                      text run at (0,793) width 129: "Authorization and Privileges"
                  RenderText {#text} at (129,793) size 3x12
                    text run at (129,793) width 3: " "
                  RenderBR {BR} at (132,803) size 0x0
                  RenderInline {A} at (0,0) size 200x12 [color=#0000EE]
                    RenderText {#text} at (0,806) size 200x12
                      text run at (0,806) width 200: "Table Spaces and Other Storage Structures"
                  RenderText {#text} at (200,806) size 3x12
                    text run at (200,806) width 3: " "
                  RenderBR {BR} at (203,816) size 0x0
                  RenderInline {A} at (0,0) size 200x12 [color=#0000EE]
                    RenderText {#text} at (0,819) size 200x12
                      text run at (0,819) width 200: "Data Partitioning Across Multiple Partitions"
                  RenderText {#text} at (200,819) size 3x12
                    text run at (200,819) width 3: " "
                  RenderBR {BR} at (203,829) size 0x0
                  RenderInline {A} at (0,0) size 82x12 [color=#0000EE]
                    RenderText {#text} at (0,832) size 82x12
                      text run at (0,832) width 82: "Partitioning Maps"
                  RenderText {#text} at (82,832) size 3x12
                    text run at (82,832) width 3: " "
                  RenderBR {BR} at (85,842) size 0x0
                  RenderInline {A} at (0,0) size 78x12 [color=#0000EE]
                    RenderText {#text} at (0,845) size 78x12
                      text run at (0,845) width 78: "Table Collocation"
                  RenderText {#text} at (0,0) size 0x0
                RenderBlock {P} at (0,1117) size 568x1729
                  RenderInline {B} at (0,0) size 97x12
                    RenderInline {A} at (0,0) size 97x12 [color=#0000EE]
                      RenderText {#text} at (0,0) size 97x12
                        text run at (0,0) width 97: "Language Elements"
                  RenderBR {BR} at (97,10) size 0x0
                  RenderBR {BR} at (0,13) size 0x12
                  RenderInline {A} at (0,0) size 51x12 [color=#0000EE]
                    RenderText {#text} at (0,26) size 51x12
                      text run at (0,26) width 51: "Characters"
                  RenderText {#text} at (51,26) size 3x12
                    text run at (51,26) width 3: " "
                  RenderBR {BR} at (54,36) size 0x0
                  RenderInline {A} at (0,0) size 104x12 [color=#0000EE]
                    RenderText {#text} at (0,39) size 104x12
                      text run at (0,39) width 104: "MBCS Considerations"
                  RenderText {#text} at (104,39) size 3x12
                    text run at (104,39) width 3: " "
                  RenderBR {BR} at (107,49) size 0x0
                  RenderInline {A} at (0,0) size 32x12 [color=#0000EE]
                    RenderText {#text} at (0,52) size 32x12
                      text run at (0,52) width 32: "Tokens"
                  RenderText {#text} at (32,52) size 3x12
                    text run at (32,52) width 3: " "
                  RenderBR {BR} at (35,62) size 0x0
                  RenderInline {A} at (0,0) size 104x12 [color=#0000EE]
                    RenderText {#text} at (0,65) size 104x12
                      text run at (0,65) width 104: "MBCS Considerations"
                  RenderText {#text} at (104,65) size 3x12
                    text run at (104,65) width 3: " "
                  RenderBR {BR} at (107,75) size 0x0
                  RenderInline {A} at (0,0) size 46x12 [color=#0000EE]
                    RenderText {#text} at (0,78) size 46x12
                      text run at (0,78) width 46: "Identifiers"
                  RenderText {#text} at (46,78) size 3x12
                    text run at (46,78) width 3: " "
                  RenderBR {BR} at (49,88) size 0x0
                  RenderInline {A} at (0,0) size 70x12 [color=#0000EE]
                    RenderText {#text} at (0,91) size 70x12
                      text run at (0,91) width 70: "SQL Identifiers"
                  RenderText {#text} at (70,91) size 3x12
                    text run at (70,91) width 3: " "
                  RenderBR {BR} at (73,101) size 0x0
                  RenderInline {A} at (0,0) size 72x12 [color=#0000EE]
                    RenderText {#text} at (0,104) size 72x12
                      text run at (0,104) width 72: "Host Identifiers"
                  RenderText {#text} at (72,104) size 3x12
                    text run at (72,104) width 3: " "
                  RenderBR {BR} at (75,114) size 0x0
                  RenderInline {A} at (0,0) size 279x12 [color=#0000EE]
                    RenderText {#text} at (0,117) size 279x12
                      text run at (0,117) width 279: "Naming Conventions and Implicit Object Name Qualifications"
                  RenderText {#text} at (279,117) size 3x12
                    text run at (279,117) width 3: " "
                  RenderBR {BR} at (282,127) size 0x0
                  RenderInline {A} at (0,0) size 31x12 [color=#0000EE]
                    RenderText {#text} at (0,130) size 31x12
                      text run at (0,130) width 31: "Aliases"
                  RenderText {#text} at (31,130) size 3x12
                    text run at (31,130) width 3: " "
                  RenderBR {BR} at (34,140) size 0x0
                  RenderInline {A} at (0,0) size 197x12 [color=#0000EE]
                    RenderText {#text} at (0,143) size 197x12
                      text run at (0,143) width 197: "Authorization IDs and authorization-names"
                  RenderText {#text} at (197,143) size 3x12
                    text run at (197,143) width 3: " "
                  RenderBR {BR} at (200,153) size 0x0
                  RenderInline {A} at (0,0) size 188x12 [color=#0000EE]
                    RenderText {#text} at (0,156) size 188x12
                      text run at (0,156) width 188: "Dynamic SQL Characteristics at run-time"
                  RenderText {#text} at (188,156) size 3x12
                    text run at (188,156) width 3: " "
                  RenderBR {BR} at (191,166) size 0x0
                  RenderInline {A} at (0,0) size 209x12 [color=#0000EE]
                    RenderText {#text} at (0,169) size 209x12
                      text run at (0,169) width 209: "Authorization IDs and Statement Preparation"
                  RenderText {#text} at (209,169) size 3x12
                    text run at (209,169) width 3: " "
                  RenderBR {BR} at (212,179) size 0x0
                  RenderInline {A} at (0,0) size 51x12 [color=#0000EE]
                    RenderText {#text} at (0,182) size 51x12
                      text run at (0,182) width 51: "Data Types"
                  RenderText {#text} at (51,182) size 3x12
                    text run at (51,182) width 3: " "
                  RenderBR {BR} at (54,192) size 0x0
                  RenderInline {A} at (0,0) size 22x12 [color=#0000EE]
                    RenderText {#text} at (0,195) size 22x12
                      text run at (0,195) width 22: "Nulls"
                  RenderText {#text} at (22,195) size 3x12
                    text run at (22,195) width 3: " "
                  RenderBR {BR} at (25,205) size 0x0
                  RenderInline {A} at (0,0) size 101x12 [color=#0000EE]
                    RenderText {#text} at (0,208) size 101x12
                      text run at (0,208) width 101: "Large Objects (LOBs)"
                  RenderText {#text} at (101,208) size 3x12
                    text run at (101,208) width 3: " "
                  RenderBR {BR} at (104,218) size 0x0
                  RenderInline {A} at (0,0) size 83x12 [color=#0000EE]
                    RenderText {#text} at (0,221) size 83x12
                      text run at (0,221) width 83: "Character Strings"
                  RenderText {#text} at (83,221) size 3x12
                    text run at (83,221) width 3: " "
                  RenderBR {BR} at (86,231) size 0x0
                  RenderInline {A} at (0,0) size 73x12 [color=#0000EE]
                    RenderText {#text} at (0,234) size 73x12
                      text run at (0,234) width 73: "Graphic Strings"
                  RenderText {#text} at (73,234) size 3x12
                    text run at (73,234) width 3: " "
                  RenderBR {BR} at (76,244) size 0x0
                  RenderInline {A} at (0,0) size 61x12 [color=#0000EE]
                    RenderText {#text} at (0,247) size 61x12
                      text run at (0,247) width 61: "Binary String"
                  RenderText {#text} at (61,247) size 3x12
                    text run at (61,247) width 3: " "
                  RenderBR {BR} at (64,257) size 0x0
                  RenderInline {A} at (0,0) size 41x12 [color=#0000EE]
                    RenderText {#text} at (0,260) size 41x12
                      text run at (0,260) width 41: "Numbers"
                  RenderText {#text} at (41,260) size 3x12
                    text run at (41,260) width 3: " "
                  RenderBR {BR} at (44,270) size 0x0
                  RenderInline {A} at (0,0) size 73x12 [color=#0000EE]
                    RenderText {#text} at (0,273) size 73x12
                      text run at (0,273) width 73: "Datetime Values"
                  RenderText {#text} at (73,273) size 3x12
                    text run at (73,273) width 3: " "
                  RenderBR {BR} at (76,283) size 0x0
                  RenderInline {A} at (0,0) size 83x12 [color=#0000EE]
                    RenderText {#text} at (0,286) size 83x12
                      text run at (0,286) width 83: "DATALINK Values"
                  RenderText {#text} at (83,286) size 3x12
                    text run at (83,286) width 3: " "
                  RenderBR {BR} at (86,296) size 0x0
                  RenderInline {A} at (0,0) size 90x12 [color=#0000EE]
                    RenderText {#text} at (0,299) size 90x12
                      text run at (0,299) width 90: "User Defined Types"
                  RenderText {#text} at (90,299) size 3x12
                    text run at (90,299) width 3: " "
                  RenderBR {BR} at (93,309) size 0x0
                  RenderInline {A} at (0,0) size 116x12 [color=#0000EE]
                    RenderText {#text} at (0,312) size 116x12
                      text run at (0,312) width 116: "Promotion of Data Types"
                  RenderText {#text} at (116,312) size 3x12
                    text run at (116,312) width 3: " "
                  RenderBR {BR} at (119,322) size 0x0
                  RenderInline {A} at (0,0) size 133x12 [color=#0000EE]
                    RenderText {#text} at (0,325) size 133x12
                      text run at (0,325) width 133: "Casting Between Data Types"
                  RenderText {#text} at (133,325) size 3x12
                    text run at (133,325) width 3: " "
                  RenderBR {BR} at (136,335) size 0x0
                  RenderInline {A} at (0,0) size 143x12 [color=#0000EE]
                    RenderText {#text} at (0,338) size 143x12
                      text run at (0,338) width 143: "Assignments and Comparisons"
                  RenderText {#text} at (143,338) size 3x12
                    text run at (143,338) width 3: " "
                  RenderBR {BR} at (146,348) size 0x0
                  RenderInline {A} at (0,0) size 99x12 [color=#0000EE]
                    RenderText {#text} at (0,351) size 99x12
                      text run at (0,351) width 99: "Numeric Assignments"
                  RenderText {#text} at (99,351) size 3x12
                    text run at (99,351) width 3: " "
                  RenderBR {BR} at (102,361) size 0x0
                  RenderInline {A} at (0,0) size 91x12 [color=#0000EE]
                    RenderText {#text} at (0,364) size 91x12
                      text run at (0,364) width 91: "String Assignments"
                  RenderText {#text} at (91,364) size 3x12
                    text run at (91,364) width 3: " "
                  RenderBR {BR} at (94,374) size 0x0
                  RenderInline {A} at (0,0) size 103x12 [color=#0000EE]
                    RenderText {#text} at (0,377) size 103x12
                      text run at (0,377) width 103: "Datetime Assignments"
                  RenderText {#text} at (103,377) size 3x12
                    text run at (103,377) width 3: " "
                  RenderBR {BR} at (106,387) size 0x0
                  RenderInline {A} at (0,0) size 113x12 [color=#0000EE]
                    RenderText {#text} at (0,390) size 113x12
                      text run at (0,390) width 113: "DATALINK Assignments"
                  RenderText {#text} at (113,390) size 3x12
                    text run at (113,390) width 3: " "
                  RenderBR {BR} at (116,400) size 0x0
                  RenderInline {A} at (0,0) size 146x12 [color=#0000EE]
                    RenderText {#text} at (0,403) size 146x12
                      text run at (0,403) width 146: "User-defined Type Assignments"
                  RenderText {#text} at (146,403) size 3x12
                    text run at (146,403) width 3: " "
                  RenderBR {BR} at (149,413) size 0x0
                  RenderInline {A} at (0,0) size 132x12 [color=#0000EE]
                    RenderText {#text} at (0,416) size 132x12
                      text run at (0,416) width 132: "Reference Type Assignments"
                  RenderText {#text} at (132,416) size 3x12
                    text run at (132,416) width 3: " "
                  RenderBR {BR} at (135,426) size 0x0
                  RenderInline {A} at (0,0) size 101x12 [color=#0000EE]
                    RenderText {#text} at (0,429) size 101x12
                      text run at (0,429) width 101: "Numeric Comparisons"
                  RenderText {#text} at (101,429) size 3x12
                    text run at (101,429) width 3: " "
                  RenderBR {BR} at (104,439) size 0x0
                  RenderInline {A} at (0,0) size 93x12 [color=#0000EE]
                    RenderText {#text} at (0,442) size 93x12
                      text run at (0,442) width 93: "String Comparisons"
                  RenderText {#text} at (93,442) size 3x12
                    text run at (93,442) width 3: " "
                  RenderBR {BR} at (96,452) size 0x0
                  RenderInline {A} at (0,0) size 105x12 [color=#0000EE]
                    RenderText {#text} at (0,455) size 105x12
                      text run at (0,455) width 105: "Datetime Comparisons"
                  RenderText {#text} at (105,455) size 3x12
                    text run at (105,455) width 3: " "
                  RenderBR {BR} at (108,465) size 0x0
                  RenderInline {A} at (0,0) size 148x12 [color=#0000EE]
                    RenderText {#text} at (0,468) size 148x12
                      text run at (0,468) width 148: "User-defined Type Comparisons"
                  RenderText {#text} at (148,468) size 3x12
                    text run at (148,468) width 3: " "
                  RenderBR {BR} at (151,478) size 0x0
                  RenderInline {A} at (0,0) size 134x12 [color=#0000EE]
                    RenderText {#text} at (0,481) size 134x12
                      text run at (0,481) width 134: "Reference Type Comparisons"
                  RenderText {#text} at (134,481) size 3x12
                    text run at (134,481) width 3: " "
                  RenderBR {BR} at (137,491) size 0x0
                  RenderInline {A} at (0,0) size 126x12 [color=#0000EE]
                    RenderText {#text} at (0,494) size 126x12
                      text run at (0,494) width 126: "Rules for Result Data Types"
                  RenderText {#text} at (126,494) size 3x12
                    text run at (126,494) width 3: " "
                  RenderBR {BR} at (129,504) size 0x0
                  RenderInline {A} at (0,0) size 83x12 [color=#0000EE]
                    RenderText {#text} at (0,507) size 83x12
                      text run at (0,507) width 83: "Character Strings"
                  RenderText {#text} at (83,507) size 3x12
                    text run at (83,507) width 3: " "
                  RenderBR {BR} at (86,517) size 0x0
                  RenderInline {A} at (0,0) size 73x12 [color=#0000EE]
                    RenderText {#text} at (0,520) size 73x12
                      text run at (0,520) width 73: "Graphic Strings"
                  RenderText {#text} at (73,520) size 3x12
                    text run at (73,520) width 3: " "
                  RenderBR {BR} at (76,530) size 0x0
                  RenderInline {A} at (0,0) size 130x12 [color=#0000EE]
                    RenderText {#text} at (0,533) size 130x12
                      text run at (0,533) width 130: "Binary Large Object (BLOB)"
                  RenderText {#text} at (130,533) size 3x12
                    text run at (130,533) width 3: " "
                  RenderBR {BR} at (133,543) size 0x0
                  RenderInline {A} at (0,0) size 37x12 [color=#0000EE]
                    RenderText {#text} at (0,546) size 37x12
                      text run at (0,546) width 37: "Numeric"
                  RenderText {#text} at (37,546) size 3x12
                    text run at (37,546) width 3: " "
                  RenderBR {BR} at (40,556) size 0x0
                  RenderInline {A} at (0,0) size 27x12 [color=#0000EE]
                    RenderText {#text} at (0,559) size 27x12
                      text run at (0,559) width 27: "DATE"
                  RenderText {#text} at (27,559) size 3x12
                    text run at (27,559) width 3: " "
                  RenderBR {BR} at (30,569) size 0x0
                  RenderInline {A} at (0,0) size 24x12 [color=#0000EE]
                    RenderText {#text} at (0,572) size 24x12
                      text run at (0,572) width 24: "TIME"
                  RenderText {#text} at (24,572) size 3x12
                    text run at (24,572) width 3: " "
                  RenderBR {BR} at (27,582) size 0x0
                  RenderInline {A} at (0,0) size 59x12 [color=#0000EE]
                    RenderText {#text} at (0,585) size 59x12
                      text run at (0,585) width 59: "TIMESTAMP"
                  RenderText {#text} at (59,585) size 3x12
                    text run at (59,585) width 3: " "
                  RenderBR {BR} at (62,595) size 0x0
                  RenderInline {A} at (0,0) size 51x12 [color=#0000EE]
                    RenderText {#text} at (0,598) size 51x12
                      text run at (0,598) width 51: "DATALINK"
                  RenderText {#text} at (51,598) size 3x12
                    text run at (51,598) width 3: " "
                  RenderBR {BR} at (54,608) size 0x0
                  RenderInline {A} at (0,0) size 89x12 [color=#0000EE]
                    RenderText {#text} at (0,611) size 89x12
                      text run at (0,611) width 89: "User-defined Types"
                  RenderText {#text} at (89,611) size 3x12
                    text run at (89,611) width 3: " "
                  RenderBR {BR} at (92,621) size 0x0
                  RenderInline {A} at (0,0) size 123x12 [color=#0000EE]
                    RenderText {#text} at (0,624) size 123x12
                      text run at (0,624) width 123: "Nullable Attribute of Result"
                  RenderText {#text} at (123,624) size 3x12
                    text run at (123,624) width 3: " "
                  RenderBR {BR} at (126,634) size 0x0
                  RenderInline {A} at (0,0) size 135x12 [color=#0000EE]
                    RenderText {#text} at (0,637) size 135x12
                      text run at (0,637) width 135: "Rules for String Conversions"
                  RenderText {#text} at (135,637) size 3x12
                    text run at (135,637) width 3: " "
                  RenderBR {BR} at (138,647) size 0x0
                  RenderInline {A} at (0,0) size 103x12 [color=#0000EE]
                    RenderText {#text} at (0,650) size 103x12
                      text run at (0,650) width 103: "Partition Compatibility"
                  RenderText {#text} at (103,650) size 3x12
                    text run at (103,650) width 3: " "
                  RenderBR {BR} at (106,660) size 0x0
                  RenderInline {A} at (0,0) size 49x12 [color=#0000EE]
                    RenderText {#text} at (0,663) size 49x12
                      text run at (0,663) width 49: "Constants"
                  RenderText {#text} at (49,663) size 3x12
                    text run at (49,663) width 3: " "
                  RenderBR {BR} at (52,673) size 0x0
                  RenderInline {A} at (0,0) size 85x12 [color=#0000EE]
                    RenderText {#text} at (0,676) size 85x12
                      text run at (0,676) width 85: "Integer Constants"
                  RenderText {#text} at (85,676) size 3x12
                    text run at (85,676) width 3: " "
                  RenderBR {BR} at (88,686) size 0x0
                  RenderInline {A} at (0,0) size 118x12 [color=#0000EE]
                    RenderText {#text} at (0,689) size 118x12
                      text run at (0,689) width 118: "Floating-Point Constants"
                  RenderText {#text} at (118,689) size 3x12
                    text run at (118,689) width 3: " "
                  RenderBR {BR} at (121,699) size 0x0
                  RenderInline {A} at (0,0) size 87x12 [color=#0000EE]
                    RenderText {#text} at (0,702) size 87x12
                      text run at (0,702) width 87: "Decimal Constants"
                  RenderText {#text} at (87,702) size 3x12
                    text run at (87,702) width 3: " "
                  RenderBR {BR} at (90,712) size 0x0
                  RenderInline {A} at (0,0) size 130x12 [color=#0000EE]
                    RenderText {#text} at (0,715) size 130x12
                      text run at (0,715) width 130: "Character String Constants"
                  RenderText {#text} at (130,715) size 3x12
                    text run at (130,715) width 3: " "
                  RenderBR {BR} at (133,725) size 0x0
                  RenderInline {A} at (0,0) size 109x12 [color=#0000EE]
                    RenderText {#text} at (0,728) size 109x12
                      text run at (0,728) width 109: "Hexadecimal Constants"
                  RenderText {#text} at (109,728) size 3x12
                    text run at (109,728) width 3: " "
                  RenderBR {BR} at (112,738) size 0x0
                  RenderInline {A} at (0,0) size 120x12 [color=#0000EE]
                    RenderText {#text} at (0,741) size 120x12
                      text run at (0,741) width 120: "Graphic String Constants"
                  RenderText {#text} at (120,741) size 3x12
                    text run at (120,741) width 3: " "
                  RenderBR {BR} at (123,751) size 0x0
                  RenderInline {A} at (0,0) size 194x12 [color=#0000EE]
                    RenderText {#text} at (0,754) size 194x12
                      text run at (0,754) width 194: "Using Constants with User-defined Types"
                  RenderText {#text} at (194,754) size 3x12
                    text run at (194,754) width 3: " "
                  RenderBR {BR} at (197,764) size 0x0
                  RenderInline {A} at (0,0) size 78x12 [color=#0000EE]
                    RenderText {#text} at (0,767) size 78x12
                      text run at (0,767) width 78: "Special Registers"
                  RenderText {#text} at (78,767) size 3x12
                    text run at (78,767) width 3: " "
                  RenderBR {BR} at (81,777) size 0x0
                  RenderInline {A} at (0,0) size 80x12 [color=#0000EE]
                    RenderText {#text} at (0,780) size 80x12
                      text run at (0,780) width 80: "CURRENT DATE"
                  RenderText {#text} at (80,780) size 3x12
                    text run at (80,780) width 3: " "
                  RenderBR {BR} at (83,790) size 0x0
                  RenderInline {A} at (0,0) size 208x12 [color=#0000EE]
                    RenderText {#text} at (0,793) size 208x12
                      text run at (0,793) width 208: "CURRENT DEFAULT TRANSFORM GROUP"
                  RenderText {#text} at (208,793) size 3x12
                    text run at (208,793) width 3: " "
                  RenderBR {BR} at (211,803) size 0x0
                  RenderInline {A} at (0,0) size 97x12 [color=#0000EE]
                    RenderText {#text} at (0,806) size 97x12
                      text run at (0,806) width 97: "CURRENT DEGREE"
                  RenderText {#text} at (97,806) size 3x12
                    text run at (97,806) width 3: " "
                  RenderBR {BR} at (100,816) size 0x0
                  RenderInline {A} at (0,0) size 133x12 [color=#0000EE]
                    RenderText {#text} at (0,819) size 133x12
                      text run at (0,819) width 133: "CURRENT EXPLAIN MODE"
                  RenderText {#text} at (133,819) size 3x12
                    text run at (133,819) width 3: " "
                  RenderBR {BR} at (136,829) size 0x0
                  RenderInline {A} at (0,0) size 158x12 [color=#0000EE]
                    RenderText {#text} at (0,832) size 158x12
                      text run at (0,832) width 158: "CURRENT EXPLAIN SNAPSHOT"
                  RenderText {#text} at (158,832) size 3x12
                    text run at (158,832) width 3: " "
                  RenderBR {BR} at (161,842) size 0x0
                  RenderInline {A} at (0,0) size 84x12 [color=#0000EE]
                    RenderText {#text} at (0,845) size 84x12
                      text run at (0,845) width 84: "CURRENT NODE"
                  RenderText {#text} at (84,845) size 3x12
                    text run at (84,845) width 3: " "
                  RenderBR {BR} at (87,855) size 0x0
                  RenderInline {A} at (0,0) size 80x12 [color=#0000EE]
                    RenderText {#text} at (0,858) size 80x12
                      text run at (0,858) width 80: "CURRENT PATH"
                  RenderText {#text} at (80,858) size 3x12
                    text run at (80,858) width 3: " "
                  RenderBR {BR} at (83,868) size 0x0
                  RenderInline {A} at (0,0) size 166x12 [color=#0000EE]
                    RenderText {#text} at (0,871) size 166x12
                      text run at (0,871) width 166: "CURRENT QUERY OPTIMIZATION"
                  RenderText {#text} at (166,871) size 3x12
                    text run at (166,871) width 3: " "
                  RenderBR {BR} at (169,881) size 0x0
                  RenderInline {A} at (0,0) size 127x12 [color=#0000EE]
                    RenderText {#text} at (0,884) size 127x12
                      text run at (0,884) width 127: "CURRENT REFRESH AGE"
                  RenderText {#text} at (127,884) size 3x12
                    text run at (127,884) width 3: " "
                  RenderBR {BR} at (130,894) size 0x0
                  RenderInline {A} at (0,0) size 99x12 [color=#0000EE]
                    RenderText {#text} at (0,897) size 99x12
                      text run at (0,897) width 99: "CURRENT SCHEMA"
                  RenderText {#text} at (99,897) size 3x12
                    text run at (99,897) width 3: " "
                  RenderBR {BR} at (102,907) size 0x0
                  RenderInline {A} at (0,0) size 95x12 [color=#0000EE]
                    RenderText {#text} at (0,910) size 95x12
                      text run at (0,910) width 95: "CURRENT SERVER"
                  RenderText {#text} at (95,910) size 3x12
                    text run at (95,910) width 3: " "
                  RenderBR {BR} at (98,920) size 0x0
                  RenderInline {A} at (0,0) size 77x12 [color=#0000EE]
                    RenderText {#text} at (0,923) size 77x12
                      text run at (0,923) width 77: "CURRENT TIME"
                  RenderText {#text} at (77,923) size 3x12
                    text run at (77,923) width 3: " "
                  RenderBR {BR} at (80,933) size 0x0
                  RenderInline {A} at (0,0) size 112x12 [color=#0000EE]
                    RenderText {#text} at (0,936) size 112x12
                      text run at (0,936) width 112: "CURRENT TIMESTAMP"
                  RenderText {#text} at (112,936) size 3x12
                    text run at (112,936) width 3: " "
                  RenderBR {BR} at (115,946) size 0x0
                  RenderInline {A} at (0,0) size 107x12 [color=#0000EE]
                    RenderText {#text} at (0,949) size 107x12
                      text run at (0,949) width 107: "CURRENT TIMEZONE"
                  RenderText {#text} at (107,949) size 3x12
                    text run at (107,949) width 3: " "
                  RenderBR {BR} at (110,959) size 0x0
                  RenderInline {A} at (0,0) size 29x12 [color=#0000EE]
                    RenderText {#text} at (0,962) size 29x12
                      text run at (0,962) width 29: "USER"
                  RenderText {#text} at (29,962) size 3x12
                    text run at (29,962) width 3: " "
                  RenderBR {BR} at (32,972) size 0x0
                  RenderInline {A} at (0,0) size 69x12 [color=#0000EE]
                    RenderText {#text} at (0,975) size 69x12
                      text run at (0,975) width 69: "Column Names"
                  RenderText {#text} at (69,975) size 3x12
                    text run at (69,975) width 3: " "
                  RenderBR {BR} at (72,985) size 0x0
                  RenderInline {A} at (0,0) size 111x12 [color=#0000EE]
                    RenderText {#text} at (0,988) size 111x12
                      text run at (0,988) width 111: "Qualified Column Names"
                  RenderText {#text} at (111,988) size 3x12
                    text run at (111,988) width 3: " "
                  RenderBR {BR} at (114,998) size 0x0
                  RenderInline {A} at (0,0) size 86x12 [color=#0000EE]
                    RenderText {#text} at (0,1001) size 86x12
                      text run at (0,1001) width 86: "Correlation Names"
                  RenderText {#text} at (86,1001) size 3x12
                    text run at (86,1001) width 3: " "
                  RenderBR {BR} at (89,1011) size 0x0
                  RenderInline {A} at (0,0) size 200x12 [color=#0000EE]
                    RenderText {#text} at (0,1014) size 200x12
                      text run at (0,1014) width 200: "Column Name Qualifiers to Avoid Ambiguity"
                  RenderText {#text} at (200,1014) size 3x12
                    text run at (200,1014) width 3: " "
                  RenderBR {BR} at (203,1024) size 0x0
                  RenderInline {A} at (0,0) size 226x12 [color=#0000EE]
                    RenderText {#text} at (0,1027) size 226x12
                      text run at (0,1027) width 226: "Column Name Qualifiers in Correlated References"
                  RenderText {#text} at (226,1027) size 3x12
                    text run at (226,1027) width 3: " "
                  RenderBR {BR} at (229,1037) size 0x0
                  RenderInline {A} at (0,0) size 134x12 [color=#0000EE]
                    RenderText {#text} at (0,1040) size 134x12
                      text run at (0,1040) width 134: "References to Host Variables"
                  RenderText {#text} at (134,1040) size 3x12
                    text run at (134,1040) width 3: " "
                  RenderBR {BR} at (137,1050) size 0x0
                  RenderInline {A} at (0,0) size 144x12 [color=#0000EE]
                    RenderText {#text} at (0,1053) size 144x12
                      text run at (0,1053) width 144: "Host Variables in Dynamic SQL"
                  RenderText {#text} at (144,1053) size 3x12
                    text run at (144,1053) width 3: " "
                  RenderBR {BR} at (147,1063) size 0x0
                  RenderInline {A} at (0,0) size 270x12 [color=#0000EE]
                    RenderText {#text} at (0,1066) size 270x12
                      text run at (0,1066) width 270: "References to BLOB, CLOB, and DBCLOB Host Variables"
                  RenderText {#text} at (270,1066) size 3x12
                    text run at (270,1066) width 3: " "
                  RenderBR {BR} at (273,1076) size 0x0
                  RenderInline {A} at (0,0) size 147x12 [color=#0000EE]
                    RenderText {#text} at (0,1079) size 147x12
                      text run at (0,1079) width 147: "References to Locator Variables"
                  RenderText {#text} at (147,1079) size 3x12
                    text run at (147,1079) width 3: " "
                  RenderBR {BR} at (150,1089) size 0x0
                  RenderInline {A} at (0,0) size 311x12 [color=#0000EE]
                    RenderText {#text} at (0,1092) size 311x12
                      text run at (0,1092) width 311: "References to BLOB, CLOB, and DBCLOB File Reference Variables"
                  RenderText {#text} at (311,1092) size 3x12
                    text run at (311,1092) width 3: " "
                  RenderBR {BR} at (314,1102) size 0x0
                  RenderInline {A} at (0,0) size 210x12 [color=#0000EE]
                    RenderText {#text} at (0,1105) size 210x12
                      text run at (0,1105) width 210: "References to Structured Type Host Variables"
                  RenderText {#text} at (210,1105) size 3x12
                    text run at (210,1105) width 3: " "
                  RenderBR {BR} at (213,1115) size 0x0
                  RenderInline {A} at (0,0) size 45x12 [color=#0000EE]
                    RenderText {#text} at (0,1118) size 45x12
                      text run at (0,1118) width 45: "Functions"
                  RenderText {#text} at (45,1118) size 3x12
                    text run at (45,1118) width 3: " "
                  RenderBR {BR} at (48,1128) size 0x0
                  RenderInline {A} at (0,0) size 240x12 [color=#0000EE]
                    RenderText {#text} at (0,1131) size 240x12
                      text run at (0,1131) width 240: "External, SQL and Sourced User-Defined Functions"
                  RenderText {#text} at (240,1131) size 3x12
                    text run at (240,1131) width 3: " "
                  RenderBR {BR} at (243,1141) size 0x0
                  RenderInline {A} at (0,0) size 255x12 [color=#0000EE]
                    RenderText {#text} at (0,1144) size 255x12
                      text run at (0,1144) width 255: "Scalar, Column, Row and Table User-Defined Functions"
                  RenderText {#text} at (255,1144) size 3x12
                    text run at (255,1144) width 3: " "
                  RenderBR {BR} at (258,1154) size 0x0
                  RenderInline {A} at (0,0) size 90x12 [color=#0000EE]
                    RenderText {#text} at (0,1157) size 90x12
                      text run at (0,1157) width 90: "Function signatures"
                  RenderText {#text} at (90,1157) size 3x12
                    text run at (90,1157) width 3: " "
                  RenderBR {BR} at (93,1167) size 0x0
                  RenderInline {A} at (0,0) size 46x12 [color=#0000EE]
                    RenderText {#text} at (0,1170) size 46x12
                      text run at (0,1170) width 46: "SQL Path"
                  RenderText {#text} at (46,1170) size 3x12
                    text run at (46,1170) width 3: " "
                  RenderBR {BR} at (49,1180) size 0x0
                  RenderInline {A} at (0,0) size 91x12 [color=#0000EE]
                    RenderText {#text} at (0,1183) size 91x12
                      text run at (0,1183) width 91: "Function Resolution"
                  RenderText {#text} at (91,1183) size 3x12
                    text run at (91,1183) width 3: " "
                  RenderBR {BR} at (94,1193) size 0x0
                  RenderInline {A} at (0,0) size 92x12 [color=#0000EE]
                    RenderText {#text} at (0,1196) size 92x12
                      text run at (0,1196) width 92: "Function Invocation"
                  RenderText {#text} at (92,1196) size 3x12
                    text run at (92,1196) width 3: " "
                  RenderBR {BR} at (95,1206) size 0x0
                  RenderInline {A} at (0,0) size 41x12 [color=#0000EE]
                    RenderText {#text} at (0,1209) size 41x12
                      text run at (0,1209) width 41: "Methods"
                  RenderText {#text} at (41,1209) size 3x12
                    text run at (41,1209) width 3: " "
                  RenderBR {BR} at (44,1219) size 0x0
                  RenderInline {A} at (0,0) size 192x12 [color=#0000EE]
                    RenderText {#text} at (0,1222) size 192x12
                      text run at (0,1222) width 192: "External and SQL User-Defined Methods"
                  RenderText {#text} at (192,1222) size 3x12
                    text run at (192,1222) width 3: " "
                  RenderBR {BR} at (195,1232) size 0x0
                  RenderInline {A} at (0,0) size 88x12 [color=#0000EE]
                    RenderText {#text} at (0,1235) size 88x12
                      text run at (0,1235) width 88: "Method Signatures"
                  RenderText {#text} at (88,1235) size 3x12
                    text run at (88,1235) width 3: " "
                  RenderBR {BR} at (91,1245) size 0x0
                  RenderInline {A} at (0,0) size 88x12 [color=#0000EE]
                    RenderText {#text} at (0,1248) size 88x12
                      text run at (0,1248) width 88: "Method Invocation"
                  RenderText {#text} at (88,1248) size 3x12
                    text run at (88,1248) width 3: " "
                  RenderBR {BR} at (91,1258) size 0x0
                  RenderInline {A} at (0,0) size 87x12 [color=#0000EE]
                    RenderText {#text} at (0,1261) size 87x12
                      text run at (0,1261) width 87: "Method Resolution"
                  RenderText {#text} at (87,1261) size 3x12
                    text run at (87,1261) width 3: " "
                  RenderBR {BR} at (90,1271) size 0x0
                  RenderInline {A} at (0,0) size 154x12 [color=#0000EE]
                    RenderText {#text} at (0,1274) size 154x12
                      text run at (0,1274) width 154: "Method of Choosing the Best Fit"
                  RenderText {#text} at (154,1274) size 3x12
                    text run at (154,1274) width 3: " "
                  RenderBR {BR} at (157,1284) size 0x0
                  RenderInline {A} at (0,0) size 142x12 [color=#0000EE]
                    RenderText {#text} at (0,1287) size 142x12
                      text run at (0,1287) width 142: "Example of Method Resolution"
                  RenderText {#text} at (142,1287) size 3x12
                    text run at (142,1287) width 3: " "
                  RenderBR {BR} at (145,1297) size 0x0
                  RenderInline {A} at (0,0) size 88x12 [color=#0000EE]
                    RenderText {#text} at (0,1300) size 88x12
                      text run at (0,1300) width 88: "Method Invocation"
                  RenderText {#text} at (88,1300) size 3x12
                    text run at (88,1300) width 3: " "
                  RenderBR {BR} at (91,1310) size 0x0
                  RenderInline {A} at (0,0) size 150x12 [color=#0000EE]
                    RenderText {#text} at (0,1313) size 150x12
                      text run at (0,1313) width 150: "Conservative Binding Semantics"
                  RenderText {#text} at (150,1313) size 3x12
                    text run at (150,1313) width 3: " "
                  RenderBR {BR} at (153,1323) size 0x0
                  RenderInline {A} at (0,0) size 57x12 [color=#0000EE]
                    RenderText {#text} at (0,1326) size 57x12
                      text run at (0,1326) width 57: "Expressions"
                  RenderText {#text} at (57,1326) size 3x12
                    text run at (57,1326) width 3: " "
                  RenderBR {BR} at (60,1336) size 0x0
                  RenderInline {A} at (0,0) size 86x12 [color=#0000EE]
                    RenderText {#text} at (0,1339) size 86x12
                      text run at (0,1339) width 86: "Without Operators"
                  RenderText {#text} at (86,1339) size 3x12
                    text run at (86,1339) width 3: " "
                  RenderBR {BR} at (89,1349) size 0x0
                  RenderInline {A} at (0,0) size 155x12 [color=#0000EE]
                    RenderText {#text} at (0,1352) size 155x12
                      text run at (0,1352) width 155: "With the Concatenation Operator"
                  RenderText {#text} at (155,1352) size 3x12
                    text run at (155,1352) width 3: " "
                  RenderBR {BR} at (158,1362) size 0x0
                  RenderInline {A} at (0,0) size 121x12 [color=#0000EE]
                    RenderText {#text} at (0,1365) size 121x12
                      text run at (0,1365) width 121: "With Arithmetic Operators"
                  RenderText {#text} at (121,1365) size 3x12
                    text run at (121,1365) width 3: " "
                  RenderBR {BR} at (124,1375) size 0x0
                  RenderInline {A} at (0,0) size 103x12 [color=#0000EE]
                    RenderText {#text} at (0,1378) size 103x12
                      text run at (0,1378) width 103: "Two Integer Operands"
                  RenderText {#text} at (103,1378) size 3x12
                    text run at (103,1378) width 3: " "
                  RenderBR {BR} at (106,1388) size 0x0
                  RenderInline {A} at (0,0) size 139x12 [color=#0000EE]
                    RenderText {#text} at (0,1391) size 139x12
                      text run at (0,1391) width 139: "Integer and Decimal Operands"
                  RenderText {#text} at (139,1391) size 3x12
                    text run at (139,1391) width 3: " "
                  RenderBR {BR} at (142,1401) size 0x0
                  RenderInline {A} at (0,0) size 105x12 [color=#0000EE]
                    RenderText {#text} at (0,1404) size 105x12
                      text run at (0,1404) width 105: "Two Decimal Operands"
                  RenderText {#text} at (105,1404) size 3x12
                    text run at (105,1404) width 3: " "
                  RenderBR {BR} at (108,1414) size 0x0
                  RenderInline {A} at (0,0) size 120x12 [color=#0000EE]
                    RenderText {#text} at (0,1417) size 120x12
                      text run at (0,1417) width 120: "Decimal Arithmetic in SQL"
                  RenderText {#text} at (120,1417) size 3x12
                    text run at (120,1417) width 3: " "
                  RenderBR {BR} at (123,1427) size 0x0
                  RenderInline {A} at (0,0) size 114x12 [color=#0000EE]
                    RenderText {#text} at (0,1430) size 114x12
                      text run at (0,1430) width 114: "Floating-Point Operands"
                  RenderText {#text} at (114,1430) size 3x12
                    text run at (114,1430) width 3: " "
                  RenderBR {BR} at (117,1440) size 0x0
                  RenderInline {A} at (0,0) size 150x12 [color=#0000EE]
                    RenderText {#text} at (0,1443) size 150x12
                      text run at (0,1443) width 150: "User-defined Types as Operands"
                  RenderText {#text} at (150,1443) size 3x12
                    text run at (150,1443) width 3: " "
                  RenderBR {BR} at (153,1453) size 0x0
                  RenderInline {A} at (0,0) size 72x12 [color=#0000EE]
                    RenderText {#text} at (0,1456) size 72x12
                      text run at (0,1456) width 72: "Scalar Fullselect"
                  RenderText {#text} at (72,1456) size 3x12
                    text run at (72,1456) width 3: " "
                  RenderBR {BR} at (75,1466) size 0x0
                  RenderInline {A} at (0,0) size 163x12 [color=#0000EE]
                    RenderText {#text} at (0,1469) size 163x12
                      text run at (0,1469) width 163: "Datetime Operations and Durations"
                  RenderText {#text} at (163,1469) size 3x12
                    text run at (163,1469) width 3: " "
                  RenderBR {BR} at (166,1479) size 0x0
                  RenderInline {A} at (0,0) size 126x12 [color=#0000EE]
                    RenderText {#text} at (0,1482) size 126x12
                      text run at (0,1482) width 126: "Datetime Arithmetic in SQL"
                  RenderText {#text} at (126,1482) size 3x12
                    text run at (126,1482) width 3: " "
                  RenderBR {BR} at (129,1492) size 0x0
                  RenderInline {A} at (0,0) size 120x12 [color=#0000EE]
                    RenderText {#text} at (0,1495) size 120x12
                      text run at (0,1495) width 120: "Precedence of Operations"
                  RenderText {#text} at (120,1495) size 3x12
                    text run at (120,1495) width 3: " "
                  RenderBR {BR} at (123,1505) size 0x0
                  RenderInline {A} at (0,0) size 89x12 [color=#0000EE]
                    RenderText {#text} at (0,1508) size 89x12
                      text run at (0,1508) width 89: "CASE Expressions"
                  RenderText {#text} at (89,1508) size 3x12
                    text run at (89,1508) width 3: " "
                  RenderBR {BR} at (92,1518) size 0x0
                  RenderInline {A} at (0,0) size 94x12 [color=#0000EE]
                    RenderText {#text} at (0,1521) size 94x12
                      text run at (0,1521) width 94: "CAST Specifications"
                  RenderText {#text} at (94,1521) size 3x12
                    text run at (94,1521) width 3: " "
                  RenderBR {BR} at (97,1531) size 0x0
                  RenderInline {A} at (0,0) size 110x12 [color=#0000EE]
                    RenderText {#text} at (0,1534) size 110x12
                      text run at (0,1534) width 110: "Dereference Operations"
                  RenderText {#text} at (110,1534) size 3x12
                    text run at (110,1534) width 3: " "
                  RenderBR {BR} at (113,1544) size 0x0
                  RenderInline {A} at (0,0) size 76x12 [color=#0000EE]
                    RenderText {#text} at (0,1547) size 76x12
                      text run at (0,1547) width 76: "OLAP Functions"
                  RenderText {#text} at (76,1547) size 3x12
                    text run at (76,1547) width 3: " "
                  RenderBR {BR} at (79,1557) size 0x0
                  RenderInline {A} at (0,0) size 88x12 [color=#0000EE]
                    RenderText {#text} at (0,1560) size 88x12
                      text run at (0,1560) width 88: "Method Invocation"
                  RenderText {#text} at (88,1560) size 3x12
                    text run at (88,1560) width 3: " "
                  RenderBR {BR} at (91,1570) size 0x0
                  RenderInline {A} at (0,0) size 87x12 [color=#0000EE]
                    RenderText {#text} at (0,1573) size 87x12
                      text run at (0,1573) width 87: "Subtype Treatment"
                  RenderText {#text} at (87,1573) size 3x12
                    text run at (87,1573) width 3: " "
                  RenderBR {BR} at (90,1583) size 0x0
                  RenderInline {A} at (0,0) size 48x12 [color=#0000EE]
                    RenderText {#text} at (0,1586) size 48x12
                      text run at (0,1586) width 48: "Predicates"
                  RenderText {#text} at (48,1586) size 3x12
                    text run at (48,1586) width 3: " "
                  RenderBR {BR} at (51,1596) size 0x0
                  RenderInline {A} at (0,0) size 70x12 [color=#0000EE]
                    RenderText {#text} at (0,1599) size 70x12
                      text run at (0,1599) width 70: "Basic Predicate"
                  RenderText {#text} at (70,1599) size 3x12
                    text run at (70,1599) width 3: " "
                  RenderBR {BR} at (73,1609) size 0x0
                  RenderInline {A} at (0,0) size 93x12 [color=#0000EE]
                    RenderText {#text} at (0,1612) size 93x12
                      text run at (0,1612) width 93: "Quantified Predicate"
                  RenderText {#text} at (93,1612) size 3x12
                    text run at (93,1612) width 3: " "
                  RenderBR {BR} at (96,1622) size 0x0
                  RenderInline {A} at (0,0) size 96x12 [color=#0000EE]
                    RenderText {#text} at (0,1625) size 96x12
                      text run at (0,1625) width 96: "BETWEEN Predicate"
                  RenderText {#text} at (96,1625) size 3x12
                    text run at (96,1625) width 3: " "
                  RenderBR {BR} at (99,1635) size 0x0
                  RenderInline {A} at (0,0) size 82x12 [color=#0000EE]
                    RenderText {#text} at (0,1638) size 82x12
                      text run at (0,1638) width 82: "EXISTS Predicate"
                  RenderText {#text} at (82,1638) size 3x12
                    text run at (82,1638) width 3: " "
                  RenderBR {BR} at (85,1648) size 0x0
                  RenderInline {A} at (0,0) size 57x12 [color=#0000EE]
                    RenderText {#text} at (0,1651) size 57x12
                      text run at (0,1651) width 57: "IN Predicate"
                  RenderText {#text} at (57,1651) size 3x12
                    text run at (57,1651) width 3: " "
                  RenderBR {BR} at (60,1661) size 0x0
                  RenderInline {A} at (0,0) size 69x12 [color=#0000EE]
                    RenderText {#text} at (0,1664) size 69x12
                      text run at (0,1664) width 69: "LIKE Predicate"
                  RenderText {#text} at (69,1664) size 3x12
                    text run at (69,1664) width 3: " "
                  RenderBR {BR} at (72,1674) size 0x0
                  RenderInline {A} at (0,0) size 74x12 [color=#0000EE]
                    RenderText {#text} at (0,1677) size 74x12
                      text run at (0,1677) width 74: "NULL Predicate"
                  RenderText {#text} at (74,1677) size 3x12
                    text run at (74,1677) width 3: " "
                  RenderBR {BR} at (77,1687) size 0x0
                  RenderInline {A} at (0,0) size 72x12 [color=#0000EE]
                    RenderText {#text} at (0,1690) size 72x12
                      text run at (0,1690) width 72: "TYPE Predicate"
                  RenderText {#text} at (72,1690) size 3x12
                    text run at (72,1690) width 3: " "
                  RenderBR {BR} at (75,1700) size 0x0
                  RenderInline {A} at (0,0) size 86x12 [color=#0000EE]
                    RenderText {#text} at (0,1703) size 86x12
                      text run at (0,1703) width 86: "Search Conditions"
                  RenderText {#text} at (86,1703) size 3x12
                    text run at (86,1703) width 3: " "
                  RenderBR {BR} at (89,1713) size 0x0
                  RenderInline {A} at (0,0) size 44x12 [color=#0000EE]
                    RenderText {#text} at (0,1716) size 44x12
                      text run at (0,1716) width 44: "Examples"
                  RenderText {#text} at (0,0) size 0x0
                RenderBlock {P} at (0,2857) size 568x1677
                  RenderInline {B} at (0,0) size 48x12
                    RenderInline {A} at (0,0) size 48x12 [color=#0000EE]
                      RenderText {#text} at (0,0) size 48x12
                        text run at (0,0) width 48: "Functions"
                  RenderBR {BR} at (48,10) size 0x0
                  RenderBR {BR} at (0,13) size 0x12
                  RenderInline {A} at (0,0) size 83x12 [color=#0000EE]
                    RenderText {#text} at (0,26) size 83x12
                      text run at (0,26) width 83: "Column Functions"
                  RenderText {#text} at (83,26) size 3x12
                    text run at (83,26) width 3: " "
                  RenderBR {BR} at (86,36) size 0x0
                  RenderInline {A} at (0,0) size 22x12 [color=#0000EE]
                    RenderText {#text} at (0,39) size 22x12
                      text run at (0,39) width 22: "AVG"
                  RenderText {#text} at (22,39) size 3x12
                    text run at (22,39) width 3: " "
                  RenderBR {BR} at (25,49) size 0x0
                  RenderInline {A} at (0,0) size 74x12 [color=#0000EE]
                    RenderText {#text} at (0,52) size 74x12
                      text run at (0,52) width 74: "CORRELATION"
                  RenderText {#text} at (74,52) size 3x12
                    text run at (74,52) width 3: " "
                  RenderBR {BR} at (77,62) size 0x0
                  RenderInline {A} at (0,0) size 37x12 [color=#0000EE]
                    RenderText {#text} at (0,65) size 37x12
                      text run at (0,65) width 37: "COUNT"
                  RenderText {#text} at (37,65) size 3x12
                    text run at (37,65) width 3: " "
                  RenderBR {BR} at (40,75) size 0x0
                  RenderInline {A} at (0,0) size 61x12 [color=#0000EE]
                    RenderText {#text} at (0,78) size 61x12
                      text run at (0,78) width 61: "COUNT_BIG"
                  RenderText {#text} at (61,78) size 3x12
                    text run at (61,78) width 3: " "
                  RenderBR {BR} at (64,88) size 0x0
                  RenderInline {A} at (0,0) size 70x12 [color=#0000EE]
                    RenderText {#text} at (0,91) size 70x12
                      text run at (0,91) width 70: "COVARIANCE"
                  RenderText {#text} at (70,91) size 3x12
                    text run at (70,91) width 3: " "
                  RenderBR {BR} at (73,101) size 0x0
                  RenderInline {A} at (0,0) size 57x12 [color=#0000EE]
                    RenderText {#text} at (0,104) size 57x12
                      text run at (0,104) width 57: "GROUPING"
                  RenderText {#text} at (57,104) size 3x12
                    text run at (57,104) width 3: " "
                  RenderBR {BR} at (60,114) size 0x0
                  RenderInline {A} at (0,0) size 23x12 [color=#0000EE]
                    RenderText {#text} at (0,117) size 23x12
                      text run at (0,117) width 23: "MAX"
                  RenderText {#text} at (23,117) size 3x12
                    text run at (23,117) width 3: " "
                  RenderBR {BR} at (26,127) size 0x0
                  RenderInline {A} at (0,0) size 20x12 [color=#0000EE]
                    RenderText {#text} at (0,130) size 20x12
                      text run at (0,130) width 20: "MIN"
                  RenderText {#text} at (20,130) size 3x12
                    text run at (20,130) width 3: " "
                  RenderBR {BR} at (23,140) size 0x0
                  RenderInline {A} at (0,0) size 117x12 [color=#0000EE]
                    RenderText {#text} at (0,143) size 117x12
                      text run at (0,143) width 117: "REGRESSION Functions"
                  RenderText {#text} at (117,143) size 3x12
                    text run at (117,143) width 3: " "
                  RenderBR {BR} at (120,153) size 0x0
                  RenderInline {A} at (0,0) size 42x12 [color=#0000EE]
                    RenderText {#text} at (0,156) size 42x12
                      text run at (0,156) width 42: "STDDEV"
                  RenderText {#text} at (42,156) size 3x12
                    text run at (42,156) width 3: " "
                  RenderBR {BR} at (45,166) size 0x0
                  RenderInline {A} at (0,0) size 24x12 [color=#0000EE]
                    RenderText {#text} at (0,169) size 24x12
                      text run at (0,169) width 24: "SUM"
                  RenderText {#text} at (24,169) size 3x12
                    text run at (24,169) width 3: " "
                  RenderBR {BR} at (27,179) size 0x0
                  RenderInline {A} at (0,0) size 54x12 [color=#0000EE]
                    RenderText {#text} at (0,182) size 54x12
                      text run at (0,182) width 54: "VARIANCE"
                  RenderText {#text} at (54,182) size 3x12
                    text run at (54,182) width 3: " "
                  RenderBR {BR} at (57,192) size 0x0
                  RenderInline {A} at (0,0) size 76x12 [color=#0000EE]
                    RenderText {#text} at (0,195) size 76x12
                      text run at (0,195) width 76: "Scalar Functions"
                  RenderText {#text} at (76,195) size 3x12
                    text run at (76,195) width 3: " "
                  RenderBR {BR} at (79,205) size 0x0
                  RenderInline {A} at (0,0) size 78x12 [color=#0000EE]
                    RenderText {#text} at (0,208) size 78x12
                      text run at (0,208) width 78: "ABS or ABSVAL"
                  RenderText {#text} at (78,208) size 3x12
                    text run at (78,208) width 3: " "
                  RenderBR {BR} at (81,218) size 0x0
                  RenderInline {A} at (0,0) size 30x12 [color=#0000EE]
                    RenderText {#text} at (0,221) size 30x12
                      text run at (0,221) width 30: "ACOS"
                  RenderText {#text} at (30,221) size 3x12
                    text run at (30,221) width 3: " "
                  RenderBR {BR} at (33,231) size 0x0
                  RenderInline {A} at (0,0) size 28x12 [color=#0000EE]
                    RenderText {#text} at (0,234) size 28x12
                      text run at (0,234) width 28: "ASCII"
                  RenderText {#text} at (28,234) size 3x12
                    text run at (28,234) width 3: " "
                  RenderBR {BR} at (31,244) size 0x0
                  RenderInline {A} at (0,0) size 25x12 [color=#0000EE]
                    RenderText {#text} at (0,247) size 25x12
                      text run at (0,247) width 25: "ASIN"
                  RenderText {#text} at (25,247) size 3x12
                    text run at (25,247) width 3: " "
                  RenderBR {BR} at (28,257) size 0x0
                  RenderInline {A} at (0,0) size 27x12 [color=#0000EE]
                    RenderText {#text} at (0,260) size 27x12
                      text run at (0,260) width 27: "ATAN"
                  RenderText {#text} at (27,260) size 3x12
                    text run at (27,260) width 3: " "
                  RenderBR {BR} at (30,270) size 0x0
                  RenderInline {A} at (0,0) size 33x12 [color=#0000EE]
                    RenderText {#text} at (0,273) size 33x12
                      text run at (0,273) width 33: "ATAN2"
                  RenderText {#text} at (33,273) size 3x12
                    text run at (33,273) width 3: " "
                  RenderBR {BR} at (36,283) size 0x0
                  RenderInline {A} at (0,0) size 34x12 [color=#0000EE]
                    RenderText {#text} at (0,286) size 34x12
                      text run at (0,286) width 34: "BIGINT"
                  RenderText {#text} at (34,286) size 3x12
                    text run at (34,286) width 3: " "
                  RenderBR {BR} at (37,296) size 0x0
                  RenderInline {A} at (0,0) size 28x12 [color=#0000EE]
                    RenderText {#text} at (0,299) size 28x12
                      text run at (0,299) width 28: "BLOB"
                  RenderText {#text} at (28,299) size 3x12
                    text run at (28,299) width 3: " "
                  RenderBR {BR} at (31,309) size 0x0
                  RenderInline {A} at (0,0) size 83x12 [color=#0000EE]
                    RenderText {#text} at (0,312) size 83x12
                      text run at (0,312) width 83: "CEILING or CEIL"
                  RenderText {#text} at (83,312) size 3x12
                    text run at (83,312) width 3: " "
                  RenderBR {BR} at (86,322) size 0x0
                  RenderInline {A} at (0,0) size 30x12 [color=#0000EE]
                    RenderText {#text} at (0,325) size 30x12
                      text run at (0,325) width 30: "CHAR"
                  RenderText {#text} at (30,325) size 3x12
                    text run at (30,325) width 3: " "
                  RenderBR {BR} at (33,335) size 0x0
                  RenderInline {A} at (0,0) size 23x12 [color=#0000EE]
                    RenderText {#text} at (0,338) size 23x12
                      text run at (0,338) width 23: "CHR"
                  RenderText {#text} at (23,338) size 3x12
                    text run at (23,338) width 3: " "
                  RenderBR {BR} at (26,348) size 0x0
                  RenderInline {A} at (0,0) size 29x12 [color=#0000EE]
                    RenderText {#text} at (0,351) size 29x12
                      text run at (0,351) width 29: "CLOB"
                  RenderText {#text} at (29,351) size 3x12
                    text run at (29,351) width 3: " "
                  RenderBR {BR} at (32,361) size 0x0
                  RenderInline {A} at (0,0) size 58x12 [color=#0000EE]
                    RenderText {#text} at (0,364) size 58x12
                      text run at (0,364) width 58: "COALESCE"
                  RenderText {#text} at (58,364) size 3x12
                    text run at (58,364) width 3: " "
                  RenderBR {BR} at (61,374) size 0x0
                  RenderInline {A} at (0,0) size 44x12 [color=#0000EE]
                    RenderText {#text} at (0,377) size 44x12
                      text run at (0,377) width 44: "CONCAT"
                  RenderText {#text} at (44,377) size 3x12
                    text run at (44,377) width 3: " "
                  RenderBR {BR} at (47,387) size 0x0
                  RenderInline {A} at (0,0) size 23x12 [color=#0000EE]
                    RenderText {#text} at (0,390) size 23x12
                      text run at (0,390) width 23: "COS"
                  RenderText {#text} at (23,390) size 3x12
                    text run at (23,390) width 3: " "
                  RenderBR {BR} at (26,400) size 0x0
                  RenderInline {A} at (0,0) size 21x12 [color=#0000EE]
                    RenderText {#text} at (0,403) size 21x12
                      text run at (0,403) width 21: "COT"
                  RenderText {#text} at (21,403) size 3x12
                    text run at (21,403) width 3: " "
                  RenderBR {BR} at (24,413) size 0x0
                  RenderInline {A} at (0,0) size 27x12 [color=#0000EE]
                    RenderText {#text} at (0,416) size 27x12
                      text run at (0,416) width 27: "DATE"
                  RenderText {#text} at (27,416) size 3x12
                    text run at (27,416) width 3: " "
                  RenderBR {BR} at (30,426) size 0x0
                  RenderInline {A} at (0,0) size 22x12 [color=#0000EE]
                    RenderText {#text} at (0,429) size 22x12
                      text run at (0,429) width 22: "DAY"
                  RenderText {#text} at (22,429) size 3x12
                    text run at (22,429) width 3: " "
                  RenderBR {BR} at (25,439) size 0x0
                  RenderInline {A} at (0,0) size 53x12 [color=#0000EE]
                    RenderText {#text} at (0,442) size 53x12
                      text run at (0,442) width 53: "DAYNAME"
                  RenderText {#text} at (53,442) size 3x12
                    text run at (53,442) width 3: " "
                  RenderBR {BR} at (56,452) size 0x0
                  RenderInline {A} at (0,0) size 66x12 [color=#0000EE]
                    RenderText {#text} at (0,455) size 66x12
                      text run at (0,455) width 66: "DAYOFWEEK"
                  RenderText {#text} at (66,455) size 3x12
                    text run at (66,455) width 3: " "
                  RenderBR {BR} at (69,465) size 0x0
                  RenderInline {A} at (0,0) size 90x12 [color=#0000EE]
                    RenderText {#text} at (0,468) size 90x12
                      text run at (0,468) width 90: "DAYOFWEEK_ISO"
                  RenderText {#text} at (90,468) size 3x12
                    text run at (90,468) width 3: " "
                  RenderBR {BR} at (93,478) size 0x0
                  RenderInline {A} at (0,0) size 64x12 [color=#0000EE]
                    RenderText {#text} at (0,481) size 64x12
                      text run at (0,481) width 64: "DAYOFYEAR"
                  RenderText {#text} at (64,481) size 3x12
                    text run at (64,481) width 3: " "
                  RenderBR {BR} at (67,491) size 0x0
                  RenderInline {A} at (0,0) size 29x12 [color=#0000EE]
                    RenderText {#text} at (0,494) size 29x12
                      text run at (0,494) width 29: "DAYS"
                  RenderText {#text} at (29,494) size 3x12
                    text run at (29,494) width 3: " "
                  RenderBR {BR} at (32,504) size 0x0
                  RenderInline {A} at (0,0) size 44x12 [color=#0000EE]
                    RenderText {#text} at (0,507) size 44x12
                      text run at (0,507) width 44: "DBCLOB"
                  RenderText {#text} at (44,507) size 3x12
                    text run at (44,507) width 3: " "
                  RenderBR {BR} at (47,517) size 0x0
                  RenderInline {A} at (0,0) size 48x12 [color=#0000EE]
                    RenderText {#text} at (0,520) size 48x12
                      text run at (0,520) width 48: "DECIMAL"
                  RenderText {#text} at (48,520) size 3x12
                    text run at (48,520) width 3: " "
                  RenderBR {BR} at (51,530) size 0x0
                  RenderInline {A} at (0,0) size 51x12 [color=#0000EE]
                    RenderText {#text} at (0,533) size 51x12
                      text run at (0,533) width 51: "DEGREES"
                  RenderText {#text} at (51,533) size 3x12
                    text run at (51,533) width 3: " "
                  RenderBR {BR} at (54,543) size 0x0
                  RenderInline {A} at (0,0) size 35x12 [color=#0000EE]
                    RenderText {#text} at (0,546) size 35x12
                      text run at (0,546) width 35: "DEREF"
                  RenderText {#text} at (35,546) size 3x12
                    text run at (35,546) width 3: " "
                  RenderBR {BR} at (38,556) size 0x0
                  RenderInline {A} at (0,0) size 67x12 [color=#0000EE]
                    RenderText {#text} at (0,559) size 67x12
                      text run at (0,559) width 67: "DIFFERENCE"
                  RenderText {#text} at (67,559) size 3x12
                    text run at (67,559) width 3: " "
                  RenderBR {BR} at (70,569) size 0x0
                  RenderInline {A} at (0,0) size 34x12 [color=#0000EE]
                    RenderText {#text} at (0,572) size 34x12
                      text run at (0,572) width 34: "DIGITS"
                  RenderText {#text} at (34,572) size 3x12
                    text run at (34,572) width 3: " "
                  RenderBR {BR} at (37,582) size 0x0
                  RenderInline {A} at (0,0) size 68x12 [color=#0000EE]
                    RenderText {#text} at (0,585) size 68x12
                      text run at (0,585) width 68: "DLCOMMENT"
                  RenderText {#text} at (68,585) size 3x12
                    text run at (68,585) width 3: " "
                  RenderBR {BR} at (71,595) size 0x0
                  RenderInline {A} at (0,0) size 64x12 [color=#0000EE]
                    RenderText {#text} at (0,598) size 64x12
                      text run at (0,598) width 64: "DLLINKTYPE"
                  RenderText {#text} at (64,598) size 3x12
                    text run at (64,598) width 3: " "
                  RenderBR {BR} at (67,608) size 0x0
                  RenderInline {A} at (0,0) size 92x12 [color=#0000EE]
                    RenderText {#text} at (0,611) size 92x12
                      text run at (0,611) width 92: "DLURLCOMPLETE"
                  RenderText {#text} at (92,611) size 3x12
                    text run at (92,611) width 3: " "
                  RenderBR {BR} at (95,621) size 0x0
                  RenderInline {A} at (0,0) size 62x12 [color=#0000EE]
                    RenderText {#text} at (0,624) size 62x12
                      text run at (0,624) width 62: "DLURLPATH"
                  RenderText {#text} at (62,624) size 3x12
                    text run at (62,624) width 3: " "
                  RenderBR {BR} at (65,634) size 0x0
                  RenderInline {A} at (0,0) size 91x12 [color=#0000EE]
                    RenderText {#text} at (0,637) size 91x12
                      text run at (0,637) width 91: "DLURLPATHONLY"
                  RenderText {#text} at (91,637) size 3x12
                    text run at (91,637) width 3: " "
                  RenderBR {BR} at (94,647) size 0x0
                  RenderInline {A} at (0,0) size 81x12 [color=#0000EE]
                    RenderText {#text} at (0,650) size 81x12
                      text run at (0,650) width 81: "DLURLSCHEME"
                  RenderText {#text} at (81,650) size 3x12
                    text run at (81,650) width 3: " "
                  RenderBR {BR} at (84,660) size 0x0
                  RenderInline {A} at (0,0) size 77x12 [color=#0000EE]
                    RenderText {#text} at (0,663) size 77x12
                      text run at (0,663) width 77: "DLURLSERVER"
                  RenderText {#text} at (77,663) size 3x12
                    text run at (77,663) width 3: " "
                  RenderBR {BR} at (80,673) size 0x0
                  RenderInline {A} at (0,0) size 49x12 [color=#0000EE]
                    RenderText {#text} at (0,676) size 49x12
                      text run at (0,676) width 49: "DLVALUE"
                  RenderText {#text} at (49,676) size 3x12
                    text run at (49,676) width 3: " "
                  RenderBR {BR} at (52,686) size 0x0
                  RenderInline {A} at (0,0) size 44x12 [color=#0000EE]
                    RenderText {#text} at (0,689) size 44x12
                      text run at (0,689) width 44: "DOUBLE"
                  RenderText {#text} at (44,689) size 3x12
                    text run at (44,689) width 3: " "
                  RenderBR {BR} at (47,699) size 0x0
                  RenderInline {A} at (0,0) size 102x12 [color=#0000EE]
                    RenderText {#text} at (0,702) size 102x12
                      text run at (0,702) width 102: "EVENT_MON_STATE"
                  RenderText {#text} at (102,702) size 3x12
                    text run at (102,702) width 3: " "
                  RenderBR {BR} at (105,712) size 0x0
                  RenderInline {A} at (0,0) size 21x12 [color=#0000EE]
                    RenderText {#text} at (0,715) size 21x12
                      text run at (0,715) width 21: "EXP"
                  RenderText {#text} at (21,715) size 3x12
                    text run at (21,715) width 3: " "
                  RenderBR {BR} at (24,725) size 0x0
                  RenderInline {A} at (0,0) size 32x12 [color=#0000EE]
                    RenderText {#text} at (0,728) size 32x12
                      text run at (0,728) width 32: "FLOAT"
                  RenderText {#text} at (32,728) size 3x12
                    text run at (32,728) width 3: " "
                  RenderBR {BR} at (35,738) size 0x0
                  RenderInline {A} at (0,0) size 35x12 [color=#0000EE]
                    RenderText {#text} at (0,741) size 35x12
                      text run at (0,741) width 35: "FLOOR"
                  RenderText {#text} at (35,741) size 3x12
                    text run at (35,741) width 3: " "
                  RenderBR {BR} at (38,751) size 0x0
                  RenderInline {A} at (0,0) size 104x12 [color=#0000EE]
                    RenderText {#text} at (0,754) size 104x12
                      text run at (0,754) width 104: "GENERATE_UNIQUE"
                  RenderText {#text} at (104,754) size 3x12
                    text run at (104,754) width 3: " "
                  RenderBR {BR} at (107,764) size 0x0
                  RenderInline {A} at (0,0) size 48x12 [color=#0000EE]
                    RenderText {#text} at (0,767) size 48x12
                      text run at (0,767) width 48: "GRAPHIC"
                  RenderText {#text} at (48,767) size 3x12
                    text run at (48,767) width 3: " "
                  RenderBR {BR} at (51,777) size 0x0
                  RenderInline {A} at (0,0) size 22x12 [color=#0000EE]
                    RenderText {#text} at (0,780) size 22x12
                      text run at (0,780) width 22: "HEX"
                  RenderText {#text} at (22,780) size 3x12
                    text run at (22,780) width 3: " "
                  RenderBR {BR} at (25,790) size 0x0
                  RenderInline {A} at (0,0) size 31x12 [color=#0000EE]
                    RenderText {#text} at (0,793) size 31x12
                      text run at (0,793) width 31: "HOUR"
                  RenderText {#text} at (31,793) size 3x12
                    text run at (31,793) width 3: " "
                  RenderBR {BR} at (34,803) size 0x0
                  RenderInline {A} at (0,0) size 37x12 [color=#0000EE]
                    RenderText {#text} at (0,806) size 37x12
                      text run at (0,806) width 37: "INSERT"
                  RenderText {#text} at (37,806) size 3x12
                    text run at (37,806) width 3: " "
                  RenderBR {BR} at (40,816) size 0x0
                  RenderInline {A} at (0,0) size 45x12 [color=#0000EE]
                    RenderText {#text} at (0,819) size 45x12
                      text run at (0,819) width 45: "INTEGER"
                  RenderText {#text} at (45,819) size 3x12
                    text run at (45,819) width 3: " "
                  RenderBR {BR} at (48,829) size 0x0
                  RenderInline {A} at (0,0) size 65x12 [color=#0000EE]
                    RenderText {#text} at (0,832) size 65x12
                      text run at (0,832) width 65: "JULIAN_DAY"
                  RenderText {#text} at (65,832) size 3x12
                    text run at (65,832) width 3: " "
                  RenderBR {BR} at (68,842) size 0x0
                  RenderInline {A} at (0,0) size 88x12 [color=#0000EE]
                    RenderText {#text} at (0,845) size 88x12
                      text run at (0,845) width 88: "LCASE or LOWER"
                  RenderText {#text} at (88,845) size 3x12
                    text run at (88,845) width 3: " "
                  RenderBR {BR} at (91,855) size 0x0
                  RenderInline {A} at (0,0) size 126x12 [color=#0000EE]
                    RenderText {#text} at (0,858) size 126x12
                      text run at (0,858) width 126: "LCASE (SYSFUN schema)"
                  RenderText {#text} at (126,858) size 3x12
                    text run at (126,858) width 3: " "
                  RenderBR {BR} at (129,868) size 0x0
                  RenderInline {A} at (0,0) size 24x12 [color=#0000EE]
                    RenderText {#text} at (0,871) size 24x12
                      text run at (0,871) width 24: "LEFT"
                  RenderText {#text} at (24,871) size 3x12
                    text run at (24,871) width 3: " "
                  RenderBR {BR} at (27,881) size 0x0
                  RenderInline {A} at (0,0) size 42x12 [color=#0000EE]
                    RenderText {#text} at (0,884) size 42x12
                      text run at (0,884) width 42: "LENGTH"
                  RenderText {#text} at (42,884) size 3x12
                    text run at (42,884) width 3: " "
                  RenderBR {BR} at (45,894) size 0x0
                  RenderInline {A} at (0,0) size 14x12 [color=#0000EE]
                    RenderText {#text} at (0,897) size 14x12
                      text run at (0,897) width 14: "LN"
                  RenderText {#text} at (14,897) size 3x12
                    text run at (14,897) width 3: " "
                  RenderBR {BR} at (17,907) size 0x0
                  RenderInline {A} at (0,0) size 41x12 [color=#0000EE]
                    RenderText {#text} at (0,910) size 41x12
                      text run at (0,910) width 41: "LOCATE"
                  RenderText {#text} at (41,910) size 3x12
                    text run at (41,910) width 3: " "
                  RenderBR {BR} at (44,920) size 0x0
                  RenderInline {A} at (0,0) size 22x12 [color=#0000EE]
                    RenderText {#text} at (0,923) size 22x12
                      text run at (0,923) width 22: "LOG"
                  RenderText {#text} at (22,923) size 3x12
                    text run at (22,923) width 3: " "
                  RenderBR {BR} at (25,933) size 0x0
                  RenderInline {A} at (0,0) size 34x12 [color=#0000EE]
                    RenderText {#text} at (0,936) size 34x12
                      text run at (0,936) width 34: "LOG10"
                  RenderText {#text} at (34,936) size 3x12
                    text run at (34,936) width 3: " "
                  RenderBR {BR} at (37,946) size 0x0
                  RenderInline {A} at (0,0) size 87x12 [color=#0000EE]
                    RenderText {#text} at (0,949) size 87x12
                      text run at (0,949) width 87: "LONG_VARCHAR"
                  RenderText {#text} at (87,949) size 3x12
                    text run at (87,949) width 3: " "
                  RenderBR {BR} at (90,959) size 0x0
                  RenderInline {A} at (0,0) size 105x12 [color=#0000EE]
                    RenderText {#text} at (0,962) size 105x12
                      text run at (0,962) width 105: "LONG_VARGRAPHIC"
                  RenderText {#text} at (105,962) size 3x12
                    text run at (105,962) width 3: " "
                  RenderBR {BR} at (108,972) size 0x0
                  RenderInline {A} at (0,0) size 30x12 [color=#0000EE]
                    RenderText {#text} at (0,975) size 30x12
                      text run at (0,975) width 30: "LTRIM"
                  RenderText {#text} at (30,975) size 3x12
                    text run at (30,975) width 3: " "
                  RenderBR {BR} at (33,985) size 0x0
                  RenderInline {A} at (0,0) size 121x12 [color=#0000EE]
                    RenderText {#text} at (0,988) size 121x12
                      text run at (0,988) width 121: "LTRIM (SYSFUN schema)"
                  RenderText {#text} at (121,988) size 3x12
                    text run at (121,988) width 3: " "
                  RenderBR {BR} at (124,998) size 0x0
                  RenderInline {A} at (0,0) size 81x12 [color=#0000EE]
                    RenderText {#text} at (0,1001) size 81x12
                      text run at (0,1001) width 81: "MICROSECOND"
                  RenderText {#text} at (81,1001) size 3x12
                    text run at (81,1001) width 3: " "
                  RenderBR {BR} at (84,1011) size 0x0
                  RenderInline {A} at (0,0) size 111x12 [color=#0000EE]
                    RenderText {#text} at (0,1014) size 111x12
                      text run at (0,1014) width 111: "MIDNIGHT_SECONDS"
                  RenderText {#text} at (111,1014) size 3x12
                    text run at (111,1014) width 3: " "
                  RenderBR {BR} at (114,1024) size 0x0
                  RenderInline {A} at (0,0) size 40x12 [color=#0000EE]
                    RenderText {#text} at (0,1027) size 40x12
                      text run at (0,1027) width 40: "MINUTE"
                  RenderText {#text} at (40,1027) size 3x12
                    text run at (40,1027) width 3: " "
                  RenderBR {BR} at (43,1037) size 0x0
                  RenderInline {A} at (0,0) size 25x12 [color=#0000EE]
                    RenderText {#text} at (0,1040) size 25x12
                      text run at (0,1040) width 25: "MOD"
                  RenderText {#text} at (25,1040) size 3x12
                    text run at (25,1040) width 3: " "
                  RenderBR {BR} at (28,1050) size 0x0
                  RenderInline {A} at (0,0) size 38x12 [color=#0000EE]
                    RenderText {#text} at (0,1053) size 38x12
                      text run at (0,1053) width 38: "MONTH"
                  RenderText {#text} at (38,1053) size 3x12
                    text run at (38,1053) width 3: " "
                  RenderBR {BR} at (41,1063) size 0x0
                  RenderInline {A} at (0,0) size 69x12 [color=#0000EE]
                    RenderText {#text} at (0,1066) size 69x12
                      text run at (0,1066) width 69: "MONTHNAME"
                  RenderText {#text} at (69,1066) size 3x12
                    text run at (69,1066) width 3: " "
                  RenderBR {BR} at (72,1076) size 0x0
                  RenderInline {A} at (0,0) size 77x12 [color=#0000EE]
                    RenderText {#text} at (0,1079) size 77x12
                      text run at (0,1079) width 77: "NODENUMBER"
                  RenderText {#text} at (77,1079) size 3x12
                    text run at (77,1079) width 3: " "
                  RenderBR {BR} at (80,1089) size 0x0
                  RenderInline {A} at (0,0) size 37x12 [color=#0000EE]
                    RenderText {#text} at (0,1092) size 37x12
                      text run at (0,1092) width 37: "NULLIF"
                  RenderText {#text} at (37,1092) size 3x12
                    text run at (37,1092) width 3: " "
                  RenderBR {BR} at (40,1102) size 0x0
                  RenderInline {A} at (0,0) size 53x12 [color=#0000EE]
                    RenderText {#text} at (0,1105) size 53x12
                      text run at (0,1105) width 53: "PARTITION"
                  RenderText {#text} at (53,1105) size 3x12
                    text run at (53,1105) width 3: " "
                  RenderBR {BR} at (56,1115) size 0x0
                  RenderInline {A} at (0,0) size 41x12 [color=#0000EE]
                    RenderText {#text} at (0,1118) size 41x12
                      text run at (0,1118) width 41: "POSSTR"
                  RenderText {#text} at (41,1118) size 3x12
                    text run at (41,1118) width 3: " "
                  RenderBR {BR} at (44,1128) size 0x0
                  RenderInline {A} at (0,0) size 38x12 [color=#0000EE]
                    RenderText {#text} at (0,1131) size 38x12
                      text run at (0,1131) width 38: "POWER"
                  RenderText {#text} at (38,1131) size 3x12
                    text run at (38,1131) width 3: " "
                  RenderBR {BR} at (41,1141) size 0x0
                  RenderInline {A} at (0,0) size 49x12 [color=#0000EE]
                    RenderText {#text} at (0,1144) size 49x12
                      text run at (0,1144) width 49: "QUARTER"
                  RenderText {#text} at (49,1144) size 3x12
                    text run at (49,1144) width 3: " "
                  RenderBR {BR} at (52,1154) size 0x0
                  RenderInline {A} at (0,0) size 47x12 [color=#0000EE]
                    RenderText {#text} at (0,1157) size 47x12
                      text run at (0,1157) width 47: "RADIANS"
                  RenderText {#text} at (47,1157) size 3x12
                    text run at (47,1157) width 3: " "
                  RenderBR {BR} at (50,1167) size 0x0
                  RenderInline {A} at (0,0) size 73x12 [color=#0000EE]
                    RenderText {#text} at (0,1170) size 73x12
                      text run at (0,1170) width 73: "RAISE_ERROR"
                  RenderText {#text} at (73,1170) size 3x12
                    text run at (73,1170) width 3: " "
                  RenderBR {BR} at (76,1180) size 0x0
                  RenderInline {A} at (0,0) size 30x12 [color=#0000EE]
                    RenderText {#text} at (0,1183) size 30x12
                      text run at (0,1183) width 30: "RAND"
                  RenderText {#text} at (30,1183) size 3x12
                    text run at (30,1183) width 3: " "
                  RenderBR {BR} at (33,1193) size 0x0
                  RenderInline {A} at (0,0) size 27x12 [color=#0000EE]
                    RenderText {#text} at (0,1196) size 27x12
                      text run at (0,1196) width 27: "REAL"
                  RenderText {#text} at (27,1196) size 3x12
                    text run at (27,1196) width 3: " "
                  RenderBR {BR} at (30,1206) size 0x0
                  RenderInline {A} at (0,0) size 40x12 [color=#0000EE]
                    RenderText {#text} at (0,1209) size 40x12
                      text run at (0,1209) width 40: "REPEAT"
                  RenderText {#text} at (40,1209) size 3x12
                    text run at (40,1209) width 3: " "
                  RenderBR {BR} at (43,1219) size 0x0
                  RenderInline {A} at (0,0) size 49x12 [color=#0000EE]
                    RenderText {#text} at (0,1222) size 49x12
                      text run at (0,1222) width 49: "REPLACE"
                  RenderText {#text} at (49,1222) size 3x12
                    text run at (49,1222) width 3: " "
                  RenderBR {BR} at (52,1232) size 0x0
                  RenderInline {A} at (0,0) size 31x12 [color=#0000EE]
                    RenderText {#text} at (0,1235) size 31x12
                      text run at (0,1235) width 31: "RIGHT"
                  RenderText {#text} at (31,1235) size 3x12
                    text run at (31,1235) width 3: " "
                  RenderBR {BR} at (34,1245) size 0x0
                  RenderInline {A} at (0,0) size 39x12 [color=#0000EE]
                    RenderText {#text} at (0,1248) size 39x12
                      text run at (0,1248) width 39: "ROUND"
                  RenderText {#text} at (39,1248) size 3x12
                    text run at (39,1248) width 3: " "
                  RenderBR {BR} at (42,1258) size 0x0
                  RenderInline {A} at (0,0) size 31x12 [color=#0000EE]
                    RenderText {#text} at (0,1261) size 31x12
                      text run at (0,1261) width 31: "RTRIM"
                  RenderText {#text} at (31,1261) size 3x12
                    text run at (31,1261) width 3: " "
                  RenderBR {BR} at (34,1271) size 0x0
                  RenderInline {A} at (0,0) size 122x12 [color=#0000EE]
                    RenderText {#text} at (0,1274) size 122x12
                      text run at (0,1274) width 122: "RTRIM (SYSFUN schema)"
                  RenderText {#text} at (122,1274) size 3x12
                    text run at (122,1274) width 3: " "
                  RenderBR {BR} at (125,1284) size 0x0
                  RenderInline {A} at (0,0) size 46x12 [color=#0000EE]
                    RenderText {#text} at (0,1287) size 46x12
                      text run at (0,1287) width 46: "SECOND"
                  RenderText {#text} at (46,1287) size 3x12
                    text run at (46,1287) width 3: " "
                  RenderBR {BR} at (49,1297) size 0x0
                  RenderInline {A} at (0,0) size 26x12 [color=#0000EE]
                    RenderText {#text} at (0,1300) size 26x12
                      text run at (0,1300) width 26: "SIGN"
                  RenderText {#text} at (26,1300) size 3x12
                    text run at (26,1300) width 3: " "
                  RenderBR {BR} at (29,1310) size 0x0
                  RenderInline {A} at (0,0) size 18x12 [color=#0000EE]
                    RenderText {#text} at (0,1313) size 18x12
                      text run at (0,1313) width 18: "SIN"
                  RenderText {#text} at (18,1313) size 3x12
                    text run at (18,1313) width 3: " "
                  RenderBR {BR} at (21,1323) size 0x0
                  RenderInline {A} at (0,0) size 51x12 [color=#0000EE]
                    RenderText {#text} at (0,1326) size 51x12
                      text run at (0,1326) width 51: "SMALLINT"
                  RenderText {#text} at (51,1326) size 3x12
                    text run at (51,1326) width 3: " "
                  RenderBR {BR} at (54,1336) size 0x0
                  RenderInline {A} at (0,0) size 53x12 [color=#0000EE]
                    RenderText {#text} at (0,1339) size 53x12
                      text run at (0,1339) width 53: "SOUNDEX"
                  RenderText {#text} at (53,1339) size 3x12
                    text run at (53,1339) width 3: " "
                  RenderBR {BR} at (56,1349) size 0x0
                  RenderInline {A} at (0,0) size 36x12 [color=#0000EE]
                    RenderText {#text} at (0,1352) size 36x12
                      text run at (0,1352) width 36: "SPACE"
                  RenderText {#text} at (36,1352) size 3x12
                    text run at (36,1352) width 3: " "
                  RenderBR {BR} at (39,1362) size 0x0
                  RenderInline {A} at (0,0) size 27x12 [color=#0000EE]
                    RenderText {#text} at (0,1365) size 27x12
                      text run at (0,1365) width 27: "SQRT"
                  RenderText {#text} at (27,1365) size 3x12
                    text run at (27,1365) width 3: " "
                  RenderBR {BR} at (30,1375) size 0x0
                  RenderInline {A} at (0,0) size 41x12 [color=#0000EE]
                    RenderText {#text} at (0,1378) size 41x12
                      text run at (0,1378) width 41: "SUBSTR"
                  RenderText {#text} at (41,1378) size 3x12
                    text run at (41,1378) width 3: " "
                  RenderBR {BR} at (44,1388) size 0x0
                  RenderInline {A} at (0,0) size 69x12 [color=#0000EE]
                    RenderText {#text} at (0,1391) size 69x12
                      text run at (0,1391) width 69: "TABLE_NAME"
                  RenderText {#text} at (69,1391) size 3x12
                    text run at (69,1391) width 3: " "
                  RenderBR {BR} at (72,1401) size 0x0
                  RenderInline {A} at (0,0) size 84x12 [color=#0000EE]
                    RenderText {#text} at (0,1404) size 84x12
                      text run at (0,1404) width 84: "TABLE_SCHEMA"
                  RenderText {#text} at (84,1404) size 3x12
                    text run at (84,1404) width 3: " "
                  RenderBR {BR} at (87,1414) size 0x0
                  RenderInline {A} at (0,0) size 20x12 [color=#0000EE]
                    RenderText {#text} at (0,1417) size 20x12
                      text run at (0,1417) width 20: "TAN"
                  RenderText {#text} at (20,1417) size 3x12
                    text run at (20,1417) width 3: " "
                  RenderBR {BR} at (23,1427) size 0x0
                  RenderInline {A} at (0,0) size 24x12 [color=#0000EE]
                    RenderText {#text} at (0,1430) size 24x12
                      text run at (0,1430) width 24: "TIME"
                  RenderText {#text} at (24,1430) size 3x12
                    text run at (24,1430) width 3: " "
                  RenderBR {BR} at (27,1440) size 0x0
                  RenderInline {A} at (0,0) size 59x12 [color=#0000EE]
                    RenderText {#text} at (0,1443) size 59x12
                      text run at (0,1443) width 59: "TIMESTAMP"
                  RenderText {#text} at (59,1443) size 3x12
                    text run at (59,1443) width 3: " "
                  RenderBR {BR} at (62,1453) size 0x0
                  RenderInline {A} at (0,0) size 83x12 [color=#0000EE]
                    RenderText {#text} at (0,1456) size 83x12
                      text run at (0,1456) width 83: "TIMESTAMP_ISO"
                  RenderText {#text} at (83,1456) size 3x12
                    text run at (83,1456) width 3: " "
                  RenderBR {BR} at (86,1466) size 0x0
                  RenderInline {A} at (0,0) size 82x12 [color=#0000EE]
                    RenderText {#text} at (0,1469) size 82x12
                      text run at (0,1469) width 82: "TIMESTAMPDIFF"
                  RenderText {#text} at (82,1469) size 3x12
                    text run at (82,1469) width 3: " "
                  RenderBR {BR} at (85,1479) size 0x0
                  RenderInline {A} at (0,0) size 59x12 [color=#0000EE]
                    RenderText {#text} at (0,1482) size 59x12
                      text run at (0,1482) width 59: "TRANSLATE"
                  RenderText {#text} at (59,1482) size 3x12
                    text run at (59,1482) width 3: " "
                  RenderBR {BR} at (62,1492) size 0x0
                  RenderInline {A} at (0,0) size 107x12 [color=#0000EE]
                    RenderText {#text} at (0,1495) size 107x12
                      text run at (0,1495) width 107: "TRUNCATE or TRUNC"
                  RenderText {#text} at (107,1495) size 3x12
                    text run at (107,1495) width 3: " "
                  RenderBR {BR} at (110,1505) size 0x0
                  RenderInline {A} at (0,0) size 43x12 [color=#0000EE]
                    RenderText {#text} at (0,1508) size 43x12
                      text run at (0,1508) width 43: "TYPE_ID"
                  RenderText {#text} at (43,1508) size 3x12
                    text run at (43,1508) width 3: " "
                  RenderBR {BR} at (46,1518) size 0x0
                  RenderInline {A} at (0,0) size 63x12 [color=#0000EE]
                    RenderText {#text} at (0,1521) size 63x12
                      text run at (0,1521) width 63: "TYPE_NAME"
                  RenderText {#text} at (63,1521) size 3x12
                    text run at (63,1521) width 3: " "
                  RenderBR {BR} at (66,1531) size 0x0
                  RenderInline {A} at (0,0) size 78x12 [color=#0000EE]
                    RenderText {#text} at (0,1534) size 78x12
                      text run at (0,1534) width 78: "TYPE_SCHEMA"
                  RenderText {#text} at (78,1534) size 3x12
                    text run at (78,1534) width 3: " "
                  RenderBR {BR} at (81,1544) size 0x0
                  RenderInline {A} at (0,0) size 89x12 [color=#0000EE]
                    RenderText {#text} at (0,1547) size 89x12
                      text run at (0,1547) width 89: "UCASE or UPPER"
                  RenderText {#text} at (89,1547) size 3x12
                    text run at (89,1547) width 3: " "
                  RenderBR {BR} at (92,1557) size 0x0
                  RenderInline {A} at (0,0) size 35x12 [color=#0000EE]
                    RenderText {#text} at (0,1560) size 35x12
                      text run at (0,1560) width 35: "VALUE"
                  RenderText {#text} at (35,1560) size 3x12
                    text run at (35,1560) width 3: " "
                  RenderBR {BR} at (38,1570) size 0x0
                  RenderInline {A} at (0,0) size 51x12 [color=#0000EE]
                    RenderText {#text} at (0,1573) size 51x12
                      text run at (0,1573) width 51: "VARCHAR"
                  RenderText {#text} at (51,1573) size 3x12
                    text run at (51,1573) width 3: " "
                  RenderBR {BR} at (54,1583) size 0x0
                  RenderInline {A} at (0,0) size 69x12 [color=#0000EE]
                    RenderText {#text} at (0,1586) size 69x12
                      text run at (0,1586) width 69: "VARGRAPHIC"
                  RenderText {#text} at (69,1586) size 3x12
                    text run at (69,1586) width 3: " "
                  RenderBR {BR} at (72,1596) size 0x0
                  RenderInline {A} at (0,0) size 30x12 [color=#0000EE]
                    RenderText {#text} at (0,1599) size 30x12
                      text run at (0,1599) width 30: "WEEK"
                  RenderText {#text} at (30,1599) size 3x12
                    text run at (30,1599) width 3: " "
                  RenderBR {BR} at (33,1609) size 0x0
                  RenderInline {A} at (0,0) size 54x12 [color=#0000EE]
                    RenderText {#text} at (0,1612) size 54x12
                      text run at (0,1612) width 54: "WEEK_ISO"
                  RenderText {#text} at (54,1612) size 3x12
                    text run at (54,1612) width 3: " "
                  RenderBR {BR} at (57,1622) size 0x0
                  RenderInline {A} at (0,0) size 28x12 [color=#0000EE]
                    RenderText {#text} at (0,1625) size 28x12
                      text run at (0,1625) width 28: "YEAR"
                  RenderText {#text} at (28,1625) size 3x12
                    text run at (28,1625) width 3: " "
                  RenderBR {BR} at (31,1635) size 0x0
                  RenderInline {A} at (0,0) size 71x12 [color=#0000EE]
                    RenderText {#text} at (0,1638) size 71x12
                      text run at (0,1638) width 71: "Table Functions"
                  RenderText {#text} at (71,1638) size 3x12
                    text run at (71,1638) width 3: " "
                  RenderBR {BR} at (74,1648) size 0x0
                  RenderInline {A} at (0,0) size 122x12 [color=#0000EE]
                    RenderText {#text} at (0,1651) size 122x12
                      text run at (0,1651) width 122: "SQLCACHE_SNAPSHOT"
                  RenderText {#text} at (122,1651) size 3x12
                    text run at (122,1651) width 3: " "
                  RenderBR {BR} at (125,1661) size 0x0
                  RenderInline {A} at (0,0) size 110x12 [color=#0000EE]
                    RenderText {#text} at (0,1664) size 110x12
                      text run at (0,1664) width 110: "User-Defined Functions"
                  RenderText {#text} at (0,0) size 0x0
                RenderBlock {P} at (0,4545) size 568x299
                  RenderInline {B} at (0,0) size 39x12
                    RenderInline {A} at (0,0) size 39x12 [color=#0000EE]
                      RenderText {#text} at (0,0) size 39x12
                        text run at (0,0) width 39: "Queries"
                  RenderBR {BR} at (39,10) size 0x0
                  RenderBR {BR} at (0,13) size 0x12
                  RenderInline {A} at (0,0) size 42x12 [color=#0000EE]
                    RenderText {#text} at (0,26) size 42x12
                      text run at (0,26) width 42: "subselect"
                  RenderText {#text} at (42,26) size 3x12
                    text run at (42,26) width 3: " "
                  RenderBR {BR} at (45,36) size 0x0
                  RenderInline {A} at (0,0) size 57x12 [color=#0000EE]
                    RenderText {#text} at (0,39) size 57x12
                      text run at (0,39) width 57: "select-clause"
                  RenderText {#text} at (57,39) size 3x12
                    text run at (57,39) width 3: " "
                  RenderBR {BR} at (60,49) size 0x0
                  RenderInline {A} at (0,0) size 53x12 [color=#0000EE]
                    RenderText {#text} at (0,52) size 53x12
                      text run at (0,52) width 53: "from-clause"
                  RenderText {#text} at (53,52) size 3x12
                    text run at (53,52) width 3: " "
                  RenderBR {BR} at (56,62) size 0x0
                  RenderInline {A} at (0,0) size 69x12 [color=#0000EE]
                    RenderText {#text} at (0,65) size 69x12
                      text run at (0,65) width 69: "table-reference"
                  RenderText {#text} at (69,65) size 3x12
                    text run at (69,65) width 3: " "
                  RenderBR {BR} at (72,75) size 0x0
                  RenderInline {A} at (0,0) size 53x12 [color=#0000EE]
                    RenderText {#text} at (0,78) size 53x12
                      text run at (0,78) width 53: "joined-table"
                  RenderText {#text} at (53,78) size 3x12
                    text run at (53,78) width 3: " "
                  RenderBR {BR} at (56,88) size 0x0
                  RenderInline {A} at (0,0) size 59x12 [color=#0000EE]
                    RenderText {#text} at (0,91) size 59x12
                      text run at (0,91) width 59: "where-clause"
                  RenderText {#text} at (59,91) size 3x12
                    text run at (59,91) width 3: " "
                  RenderBR {BR} at (62,101) size 0x0
                  RenderInline {A} at (0,0) size 73x12 [color=#0000EE]
                    RenderText {#text} at (0,104) size 73x12
                      text run at (0,104) width 73: "group-by-clause"
                  RenderText {#text} at (73,104) size 3x12
                    text run at (73,104) width 3: " "
                  RenderBR {BR} at (76,114) size 0x0
                  RenderInline {A} at (0,0) size 62x12 [color=#0000EE]
                    RenderText {#text} at (0,117) size 62x12
                      text run at (0,117) width 62: "having-clause"
                  RenderText {#text} at (62,117) size 3x12
                    text run at (62,117) width 3: " "
                  RenderBR {BR} at (65,127) size 0x0
                  RenderInline {A} at (0,0) size 107x12 [color=#0000EE]
                    RenderText {#text} at (0,130) size 107x12
                      text run at (0,130) width 107: "Examples of subselects"
                  RenderText {#text} at (107,130) size 3x12
                    text run at (107,130) width 3: " "
                  RenderBR {BR} at (110,140) size 0x0
                  RenderInline {A} at (0,0) size 84x12 [color=#0000EE]
                    RenderText {#text} at (0,143) size 84x12
                      text run at (0,143) width 84: "Examples of Joins"
                  RenderText {#text} at (84,143) size 3x12
                    text run at (84,143) width 3: " "
                  RenderBR {BR} at (87,153) size 0x0
                  RenderInline {A} at (0,0) size 211x12 [color=#0000EE]
                    RenderText {#text} at (0,156) size 211x12
                      text run at (0,156) width 211: "Examples of Grouping Sets, Cube, and Rollup"
                  RenderText {#text} at (211,156) size 3x12
                    text run at (211,156) width 3: " "
                  RenderBR {BR} at (214,166) size 0x0
                  RenderInline {A} at (0,0) size 39x12 [color=#0000EE]
                    RenderText {#text} at (0,169) size 39x12
                      text run at (0,169) width 39: "fullselect"
                  RenderText {#text} at (39,169) size 3x12
                    text run at (39,169) width 3: " "
                  RenderBR {BR} at (42,179) size 0x0
                  RenderInline {A} at (0,0) size 107x12 [color=#0000EE]
                    RenderText {#text} at (0,182) size 107x12
                      text run at (0,182) width 107: "Examples of a fullselect"
                  RenderText {#text} at (107,182) size 3x12
                    text run at (107,182) width 3: " "
                  RenderBR {BR} at (110,192) size 0x0
                  RenderInline {A} at (0,0) size 76x12 [color=#0000EE]
                    RenderText {#text} at (0,195) size 76x12
                      text run at (0,195) width 76: "select-statement"
                  RenderText {#text} at (76,195) size 3x12
                    text run at (76,195) width 3: " "
                  RenderBR {BR} at (79,205) size 0x0
                  RenderInline {A} at (0,0) size 119x12 [color=#0000EE]
                    RenderText {#text} at (0,208) size 119x12
                      text run at (0,208) width 119: "common-table-expression"
                  RenderText {#text} at (119,208) size 3x12
                    text run at (119,208) width 3: " "
                  RenderBR {BR} at (122,218) size 0x0
                  RenderInline {A} at (0,0) size 71x12 [color=#0000EE]
                    RenderText {#text} at (0,221) size 71x12
                      text run at (0,221) width 71: "order-by-clause"
                  RenderText {#text} at (71,221) size 3x12
                    text run at (71,221) width 3: " "
                  RenderBR {BR} at (74,231) size 0x0
                  RenderInline {A} at (0,0) size 62x12 [color=#0000EE]
                    RenderText {#text} at (0,234) size 62x12
                      text run at (0,234) width 62: "update-clause"
                  RenderText {#text} at (62,234) size 3x12
                    text run at (62,234) width 3: " "
                  RenderBR {BR} at (65,244) size 0x0
                  RenderInline {A} at (0,0) size 74x12 [color=#0000EE]
                    RenderText {#text} at (0,247) size 74x12
                      text run at (0,247) width 74: "read-only-clause"
                  RenderText {#text} at (74,247) size 3x12
                    text run at (74,247) width 3: " "
                  RenderBR {BR} at (77,257) size 0x0
                  RenderInline {A} at (0,0) size 78x12 [color=#0000EE]
                    RenderText {#text} at (0,260) size 78x12
                      text run at (0,260) width 78: "fetch-first-clause"
                  RenderText {#text} at (78,260) size 3x12
                    text run at (78,260) width 3: " "
                  RenderBR {BR} at (81,270) size 0x0
                  RenderInline {A} at (0,0) size 87x12 [color=#0000EE]
                    RenderText {#text} at (0,273) size 87x12
                      text run at (0,273) width 87: "optimize-for-clause"
                  RenderText {#text} at (87,273) size 3x12
                    text run at (87,273) width 3: " "
                  RenderBR {BR} at (90,283) size 0x0
                  RenderInline {A} at (0,0) size 144x12 [color=#0000EE]
                    RenderText {#text} at (0,286) size 144x12
                      text run at (0,286) width 144: "Examples of a select-statement"
                  RenderText {#text} at (0,0) size 0x0
                RenderBlock {P} at (0,4855) size 568x1534
                  RenderInline {B} at (0,0) size 82x12
                    RenderInline {A} at (0,0) size 82x12 [color=#0000EE]
                      RenderText {#text} at (0,0) size 82x12
                        text run at (0,0) width 82: "SQL Statements"
                  RenderBR {BR} at (82,10) size 0x0
                  RenderBR {BR} at (0,13) size 0x12
                  RenderInline {A} at (0,0) size 161x12 [color=#0000EE]
                    RenderText {#text} at (0,26) size 161x12
                      text run at (0,26) width 161: "How SQL Statements Are Invoked"
                  RenderText {#text} at (161,26) size 3x12
                    text run at (161,26) width 3: " "
                  RenderBR {BR} at (164,36) size 0x0
                  RenderInline {A} at (0,0) size 233x12 [color=#0000EE]
                    RenderText {#text} at (0,39) size 233x12
                      text run at (0,39) width 233: "Embedding a Statement in an Application Program"
                  RenderText {#text} at (233,39) size 3x12
                    text run at (233,39) width 3: " "
                  RenderBR {BR} at (236,49) size 0x0
                  RenderInline {A} at (0,0) size 165x12 [color=#0000EE]
                    RenderText {#text} at (0,52) size 165x12
                      text run at (0,52) width 165: "Dynamic Preparation and Execution"
                  RenderText {#text} at (165,52) size 3x12
                    text run at (165,52) width 3: " "
                  RenderBR {BR} at (168,62) size 0x0
                  RenderInline {A} at (0,0) size 179x12 [color=#0000EE]
                    RenderText {#text} at (0,65) size 179x12
                      text run at (0,65) width 179: "Static Invocation of a select-statement"
                  RenderText {#text} at (179,65) size 3x12
                    text run at (179,65) width 3: " "
                  RenderBR {BR} at (182,75) size 0x0
                  RenderInline {A} at (0,0) size 191x12 [color=#0000EE]
                    RenderText {#text} at (0,78) size 191x12
                      text run at (0,78) width 191: "Dynamic Invocation of a select-statement"
                  RenderText {#text} at (191,78) size 3x12
                    text run at (191,78) width 3: " "
                  RenderBR {BR} at (194,88) size 0x0
                  RenderInline {A} at (0,0) size 101x12 [color=#0000EE]
                    RenderText {#text} at (0,91) size 101x12
                      text run at (0,91) width 101: "Interactive Invocation"
                  RenderText {#text} at (101,91) size 3x12
                    text run at (101,91) width 3: " "
                  RenderBR {BR} at (104,101) size 0x0
                  RenderInline {A} at (0,0) size 88x12 [color=#0000EE]
                    RenderText {#text} at (0,104) size 88x12
                      text run at (0,104) width 88: "SQL Return Codes"
                  RenderText {#text} at (88,104) size 3x12
                    text run at (88,104) width 3: " "
                  RenderBR {BR} at (91,114) size 0x0
                  RenderInline {A} at (0,0) size 52x12 [color=#0000EE]
                    RenderText {#text} at (0,117) size 52x12
                      text run at (0,117) width 52: "SQLCODE"
                  RenderText {#text} at (52,117) size 3x12
                    text run at (52,117) width 3: " "
                  RenderBR {BR} at (55,127) size 0x0
                  RenderInline {A} at (0,0) size 52x12 [color=#0000EE]
                    RenderText {#text} at (0,130) size 52x12
                      text run at (0,130) width 52: "SQLSTATE"
                  RenderText {#text} at (52,130) size 3x12
                    text run at (52,130) width 3: " "
                  RenderBR {BR} at (55,140) size 0x0
                  RenderInline {A} at (0,0) size 74x12 [color=#0000EE]
                    RenderText {#text} at (0,143) size 74x12
                      text run at (0,143) width 74: "SQL Comments"
                  RenderText {#text} at (74,143) size 3x12
                    text run at (74,143) width 3: " "
                  RenderBR {BR} at (77,153) size 0x0
                  RenderInline {A} at (0,0) size 105x12 [color=#0000EE]
                    RenderText {#text} at (0,156) size 105x12
                      text run at (0,156) width 105: "ALTER BUFFERPOOL"
                  RenderText {#text} at (105,156) size 3x12
                    text run at (105,156) width 3: " "
                  RenderBR {BR} at (108,166) size 0x0
                  RenderInline {A} at (0,0) size 92x12 [color=#0000EE]
                    RenderText {#text} at (0,169) size 92x12
                      text run at (0,169) width 92: "ALTER NICKNAME"
                  RenderText {#text} at (92,169) size 3x12
                    text run at (92,169) width 3: " "
                  RenderBR {BR} at (95,179) size 0x0
                  RenderInline {A} at (0,0) size 104x12 [color=#0000EE]
                    RenderText {#text} at (0,182) size 104x12
                      text run at (0,182) width 104: "ALTER NODEGROUP"
                  RenderText {#text} at (104,182) size 3x12
                    text run at (104,182) width 3: " "
                  RenderBR {BR} at (107,192) size 0x0
                  RenderInline {A} at (0,0) size 77x12 [color=#0000EE]
                    RenderText {#text} at (0,195) size 77x12
                      text run at (0,195) width 77: "ALTER SERVER"
                  RenderText {#text} at (77,195) size 3x12
                    text run at (77,195) width 3: " "
                  RenderBR {BR} at (80,205) size 0x0
                  RenderInline {A} at (0,0) size 67x12 [color=#0000EE]
                    RenderText {#text} at (0,208) size 67x12
                      text run at (0,208) width 67: "ALTER TABLE"
                  RenderText {#text} at (67,208) size 3x12
                    text run at (67,208) width 3: " "
                  RenderBR {BR} at (70,218) size 0x0
                  RenderInline {A} at (0,0) size 103x12 [color=#0000EE]
                    RenderText {#text} at (0,221) size 103x12
                      text run at (0,221) width 103: "ALTER TABLESPACE"
                  RenderText {#text} at (103,221) size 3x12
                    text run at (103,221) width 3: " "
                  RenderBR {BR} at (106,231) size 0x0
                  RenderInline {A} at (0,0) size 121x12 [color=#0000EE]
                    RenderText {#text} at (0,234) size 121x12
                      text run at (0,234) width 121: "ALTER TYPE (Structured)"
                  RenderText {#text} at (121,234) size 3x12
                    text run at (121,234) width 3: " "
                  RenderBR {BR} at (124,244) size 0x0
                  RenderInline {A} at (0,0) size 116x12 [color=#0000EE]
                    RenderText {#text} at (0,247) size 116x12
                      text run at (0,247) width 116: "ALTER USER MAPPING"
                  RenderText {#text} at (116,247) size 3x12
                    text run at (116,247) width 3: " "
                  RenderBR {BR} at (119,257) size 0x0
                  RenderInline {A} at (0,0) size 61x12 [color=#0000EE]
                    RenderText {#text} at (0,260) size 61x12
                      text run at (0,260) width 61: "ALTER VIEW"
                  RenderText {#text} at (61,260) size 3x12
                    text run at (61,260) width 3: " "
                  RenderBR {BR} at (64,270) size 0x0
                  RenderInline {A} at (0,0) size 135x12 [color=#0000EE]
                    RenderText {#text} at (0,273) size 135x12
                      text run at (0,273) width 135: "BEGIN DECLARE SECTION"
                  RenderText {#text} at (135,273) size 3x12
                    text run at (135,273) width 3: " "
                  RenderBR {BR} at (138,283) size 0x0
                  RenderInline {A} at (0,0) size 27x12 [color=#0000EE]
                    RenderText {#text} at (0,286) size 27x12
                      text run at (0,286) width 27: "CALL"
                  RenderText {#text} at (27,286) size 3x12
                    text run at (27,286) width 3: " "
                  RenderBR {BR} at (30,296) size 0x0
                  RenderInline {A} at (0,0) size 36x12 [color=#0000EE]
                    RenderText {#text} at (0,299) size 36x12
                      text run at (0,299) width 36: "CLOSE"
                  RenderText {#text} at (36,299) size 3x12
                    text run at (36,299) width 3: " "
                  RenderBR {BR} at (39,309) size 0x0
                  RenderInline {A} at (0,0) size 73x12 [color=#0000EE]
                    RenderText {#text} at (0,312) size 73x12
                      text run at (0,312) width 73: "COMMENT ON"
                  RenderText {#text} at (73,312) size 3x12
                    text run at (73,312) width 3: " "
                  RenderBR {BR} at (76,322) size 0x0
                  RenderInline {A} at (0,0) size 42x12 [color=#0000EE]
                    RenderText {#text} at (0,325) size 42x12
                      text run at (0,325) width 42: "COMMIT"
                  RenderText {#text} at (42,325) size 3x12
                    text run at (42,325) width 3: " "
                  RenderBR {BR} at (45,335) size 0x0
                  RenderInline {A} at (0,0) size 135x12 [color=#0000EE]
                    RenderText {#text} at (0,338) size 135x12
                      text run at (0,338) width 135: "Compound SQL (Embedded)"
                  RenderText {#text} at (135,338) size 3x12
                    text run at (135,338) width 3: " "
                  RenderBR {BR} at (138,348) size 0x0
                  RenderInline {A} at (0,0) size 93x12 [color=#0000EE]
                    RenderText {#text} at (0,351) size 93x12
                      text run at (0,351) width 93: "CONNECT (Type 1)"
                  RenderText {#text} at (93,351) size 3x12
                    text run at (93,351) width 3: " "
                  RenderBR {BR} at (96,361) size 0x0
                  RenderInline {A} at (0,0) size 93x12 [color=#0000EE]
                    RenderText {#text} at (0,364) size 93x12
                      text run at (0,364) width 93: "CONNECT (Type 2)"
                  RenderText {#text} at (93,364) size 3x12
                    text run at (93,364) width 3: " "
                  RenderBR {BR} at (96,374) size 0x0
                  RenderInline {A} at (0,0) size 74x12 [color=#0000EE]
                    RenderText {#text} at (0,377) size 74x12
                      text run at (0,377) width 74: "CREATE ALIAS"
                  RenderText {#text} at (74,377) size 3x12
                    text run at (74,377) width 3: " "
                  RenderBR {BR} at (77,387) size 0x0
                  RenderInline {A} at (0,0) size 114x12 [color=#0000EE]
                    RenderText {#text} at (0,390) size 114x12
                      text run at (0,390) width 114: "CREATE BUFFERPOOL"
                  RenderText {#text} at (114,390) size 3x12
                    text run at (114,390) width 3: " "
                  RenderBR {BR} at (117,400) size 0x0
                  RenderInline {A} at (0,0) size 120x12 [color=#0000EE]
                    RenderText {#text} at (0,403) size 120x12
                      text run at (0,403) width 120: "CREATE DISTINCT TYPE"
                  RenderText {#text} at (120,403) size 3x12
                    text run at (120,403) width 3: " "
                  RenderBR {BR} at (123,413) size 0x0
                  RenderInline {A} at (0,0) size 129x12 [color=#0000EE]
                    RenderText {#text} at (0,416) size 129x12
                      text run at (0,416) width 129: "CREATE EVENT MONITOR"
                  RenderText {#text} at (129,416) size 3x12
                    text run at (129,416) width 3: " "
                  RenderBR {BR} at (132,426) size 0x0
                  RenderInline {A} at (0,0) size 98x12 [color=#0000EE]
                    RenderText {#text} at (0,429) size 98x12
                      text run at (0,429) width 98: "CREATE FUNCTION"
                  RenderText {#text} at (98,429) size 3x12
                    text run at (98,429) width 3: " "
                  RenderBR {BR} at (101,439) size 0x0
                  RenderInline {A} at (0,0) size 179x12 [color=#0000EE]
                    RenderText {#text} at (0,442) size 179x12
                      text run at (0,442) width 179: "CREATE FUNCTION (External Scalar)"
                  RenderText {#text} at (179,442) size 3x12
                    text run at (179,442) width 3: " "
                  RenderBR {BR} at (182,452) size 0x0
                  RenderInline {A} at (0,0) size 174x12 [color=#0000EE]
                    RenderText {#text} at (0,455) size 174x12
                      text run at (0,455) width 174: "CREATE FUNCTION (External Table)"
                  RenderText {#text} at (174,455) size 3x12
                    text run at (174,455) width 3: " "
                  RenderBR {BR} at (177,465) size 0x0
                  RenderInline {A} at (0,0) size 216x12 [color=#0000EE]
                    RenderText {#text} at (0,468) size 216x12
                      text run at (0,468) width 216: "CREATE FUNCTION (OLE DB External Table)"
                  RenderText {#text} at (216,468) size 3x12
                    text run at (216,468) width 3: " "
                  RenderBR {BR} at (219,478) size 0x0
                  RenderInline {A} at (0,0) size 197x12 [color=#0000EE]
                    RenderText {#text} at (0,481) size 197x12
                      text run at (0,481) width 197: "CREATE FUNCTION (Source or Template)"
                  RenderText {#text} at (197,481) size 3x12
                    text run at (197,481) width 3: " "
                  RenderBR {BR} at (200,491) size 0x0
                  RenderInline {A} at (0,0) size 227x12 [color=#0000EE]
                    RenderText {#text} at (0,494) size 227x12
                      text run at (0,494) width 227: "CREATE FUNCTION (SQL Scalar, Table or Row)"
                  RenderText {#text} at (227,494) size 3x12
                    text run at (227,494) width 3: " "
                  RenderBR {BR} at (230,504) size 0x0
                  RenderInline {A} at (0,0) size 150x12 [color=#0000EE]
                    RenderText {#text} at (0,507) size 150x12
                      text run at (0,507) width 150: "CREATE FUNCTION MAPPING"
                  RenderText {#text} at (150,507) size 3x12
                    text run at (150,507) width 3: " "
                  RenderBR {BR} at (153,517) size 0x0
                  RenderInline {A} at (0,0) size 77x12 [color=#0000EE]
                    RenderText {#text} at (0,520) size 77x12
                      text run at (0,520) width 77: "CREATE INDEX"
                  RenderText {#text} at (77,520) size 3x12
                    text run at (77,520) width 3: " "
                  RenderBR {BR} at (80,530) size 0x0
                  RenderInline {A} at (0,0) size 140x12 [color=#0000EE]
                    RenderText {#text} at (0,533) size 140x12
                      text run at (0,533) width 140: "CREATE INDEX EXTENSION"
                  RenderText {#text} at (140,533) size 3x12
                    text run at (140,533) width 3: " "
                  RenderBR {BR} at (143,543) size 0x0
                  RenderInline {A} at (0,0) size 89x12 [color=#0000EE]
                    RenderText {#text} at (0,546) size 89x12
                      text run at (0,546) width 89: "CREATE METHOD"
                  RenderText {#text} at (89,546) size 3x12
                    text run at (89,546) width 3: " "
                  RenderBR {BR} at (92,556) size 0x0
                  RenderInline {A} at (0,0) size 101x12 [color=#0000EE]
                    RenderText {#text} at (0,559) size 101x12
                      text run at (0,559) width 101: "CREATE NICKNAME"
                  RenderText {#text} at (101,559) size 3x12
                    text run at (101,559) width 3: " "
                  RenderBR {BR} at (104,569) size 0x0
                  RenderInline {A} at (0,0) size 113x12 [color=#0000EE]
                    RenderText {#text} at (0,572) size 113x12
                      text run at (0,572) width 113: "CREATE NODEGROUP"
                  RenderText {#text} at (113,572) size 3x12
                    text run at (113,572) width 3: " "
                  RenderBR {BR} at (116,582) size 0x0
                  RenderInline {A} at (0,0) size 111x12 [color=#0000EE]
                    RenderText {#text} at (0,585) size 111x12
                      text run at (0,585) width 111: "CREATE PROCEDURE"
                  RenderText {#text} at (111,585) size 3x12
                    text run at (111,585) width 3: " "
                  RenderBR {BR} at (114,595) size 0x0
                  RenderInline {A} at (0,0) size 90x12 [color=#0000EE]
                    RenderText {#text} at (0,598) size 90x12
                      text run at (0,598) width 90: "CREATE SCHEMA"
                  RenderText {#text} at (90,598) size 3x12
                    text run at (90,598) width 3: " "
                  RenderBR {BR} at (93,608) size 0x0
                  RenderInline {A} at (0,0) size 86x12 [color=#0000EE]
                    RenderText {#text} at (0,611) size 86x12
                      text run at (0,611) width 86: "CREATE SERVER"
                  RenderText {#text} at (86,611) size 3x12
                    text run at (86,611) width 3: " "
                  RenderBR {BR} at (89,621) size 0x0
                  RenderInline {A} at (0,0) size 76x12 [color=#0000EE]
                    RenderText {#text} at (0,624) size 76x12
                      text run at (0,624) width 76: "CREATE TABLE"
                  RenderText {#text} at (76,624) size 3x12
                    text run at (76,624) width 3: " "
                  RenderBR {BR} at (79,634) size 0x0
                  RenderInline {A} at (0,0) size 112x12 [color=#0000EE]
                    RenderText {#text} at (0,637) size 112x12
                      text run at (0,637) width 112: "CREATE TABLESPACE"
                  RenderText {#text} at (112,637) size 3x12
                    text run at (112,637) width 3: " "
                  RenderBR {BR} at (115,647) size 0x0
                  RenderInline {A} at (0,0) size 108x12 [color=#0000EE]
                    RenderText {#text} at (0,650) size 108x12
                      text run at (0,650) width 108: "CREATE TRANSFORM"
                  RenderText {#text} at (108,650) size 3x12
                    text run at (108,650) width 3: " "
                  RenderBR {BR} at (111,660) size 0x0
                  RenderInline {A} at (0,0) size 89x12 [color=#0000EE]
                    RenderText {#text} at (0,663) size 89x12
                      text run at (0,663) width 89: "CREATE TRIGGER"
                  RenderText {#text} at (89,663) size 3x12
                    text run at (89,663) width 3: " "
                  RenderBR {BR} at (92,673) size 0x0
                  RenderInline {A} at (0,0) size 130x12 [color=#0000EE]
                    RenderText {#text} at (0,676) size 130x12
                      text run at (0,676) width 130: "CREATE TYPE (Structured)"
                  RenderText {#text} at (130,676) size 3x12
                    text run at (130,676) width 3: " "
                  RenderBR {BR} at (133,686) size 0x0
                  RenderInline {A} at (0,0) size 122x12 [color=#0000EE]
                    RenderText {#text} at (0,689) size 122x12
                      text run at (0,689) width 122: "CREATE TYPE MAPPING"
                  RenderText {#text} at (122,689) size 3x12
                    text run at (122,689) width 3: " "
                  RenderBR {BR} at (125,699) size 0x0
                  RenderInline {A} at (0,0) size 125x12 [color=#0000EE]
                    RenderText {#text} at (0,702) size 125x12
                      text run at (0,702) width 125: "CREATE USER MAPPING"
                  RenderText {#text} at (125,702) size 3x12
                    text run at (125,702) width 3: " "
                  RenderBR {BR} at (128,712) size 0x0
                  RenderInline {A} at (0,0) size 70x12 [color=#0000EE]
                    RenderText {#text} at (0,715) size 70x12
                      text run at (0,715) width 70: "CREATE VIEW"
                  RenderText {#text} at (70,715) size 3x12
                    text run at (70,715) width 3: " "
                  RenderBR {BR} at (73,725) size 0x0
                  RenderInline {A} at (0,0) size 95x12 [color=#0000EE]
                    RenderText {#text} at (0,728) size 95x12
                      text run at (0,728) width 95: "CREATE WRAPPER"
                  RenderText {#text} at (95,728) size 3x12
                    text run at (95,728) width 3: " "
                  RenderBR {BR} at (98,738) size 0x0
                  RenderInline {A} at (0,0) size 98x12 [color=#0000EE]
                    RenderText {#text} at (0,741) size 98x12
                      text run at (0,741) width 98: "DECLARE CURSOR"
                  RenderText {#text} at (98,741) size 3x12
                    text run at (98,741) width 3: " "
                  RenderBR {BR} at (101,751) size 0x0
                  RenderInline {A} at (0,0) size 197x12 [color=#0000EE]
                    RenderText {#text} at (0,754) size 197x12
                      text run at (0,754) width 197: "DECLARE GLOBAL TEMPORARY TABLE"
                  RenderText {#text} at (197,754) size 3x12
                    text run at (197,754) width 3: " "
                  RenderBR {BR} at (200,764) size 0x0
                  RenderInline {A} at (0,0) size 40x12 [color=#0000EE]
                    RenderText {#text} at (0,767) size 40x12
                      text run at (0,767) width 40: "DELETE"
                  RenderText {#text} at (40,767) size 3x12
                    text run at (40,767) width 3: " "
                  RenderBR {BR} at (43,777) size 0x0
                  RenderInline {A} at (0,0) size 54x12 [color=#0000EE]
                    RenderText {#text} at (0,780) size 54x12
                      text run at (0,780) width 54: "DESCRIBE"
                  RenderText {#text} at (54,780) size 3x12
                    text run at (54,780) width 3: " "
                  RenderBR {BR} at (57,790) size 0x0
                  RenderInline {A} at (0,0) size 70x12 [color=#0000EE]
                    RenderText {#text} at (0,793) size 70x12
                      text run at (0,793) width 70: "DISCONNECT"
                  RenderText {#text} at (70,793) size 3x12
                    text run at (70,793) width 3: " "
                  RenderBR {BR} at (73,803) size 0x0
                  RenderInline {A} at (0,0) size 30x12 [color=#0000EE]
                    RenderText {#text} at (0,806) size 30x12
                      text run at (0,806) width 30: "DROP"
                  RenderText {#text} at (30,806) size 3x12
                    text run at (30,806) width 3: " "
                  RenderBR {BR} at (33,816) size 0x0
                  RenderInline {A} at (0,0) size 125x12 [color=#0000EE]
                    RenderText {#text} at (0,819) size 125x12
                      text run at (0,819) width 125: "END DECLARE SECTION"
                  RenderText {#text} at (125,819) size 3x12
                    text run at (125,819) width 3: " "
                  RenderBR {BR} at (128,829) size 0x0
                  RenderInline {A} at (0,0) size 49x12 [color=#0000EE]
                    RenderText {#text} at (0,832) size 49x12
                      text run at (0,832) width 49: "EXECUTE"
                  RenderText {#text} at (49,832) size 3x12
                    text run at (49,832) width 3: " "
                  RenderBR {BR} at (52,842) size 0x0
                  RenderInline {A} at (0,0) size 110x12 [color=#0000EE]
                    RenderText {#text} at (0,845) size 110x12
                      text run at (0,845) width 110: "EXECUTE IMMEDIATE"
                  RenderText {#text} at (110,845) size 3x12
                    text run at (110,845) width 3: " "
                  RenderBR {BR} at (113,855) size 0x0
                  RenderInline {A} at (0,0) size 45x12 [color=#0000EE]
                    RenderText {#text} at (0,858) size 45x12
                      text run at (0,858) width 45: "EXPLAIN"
                  RenderText {#text} at (45,858) size 3x12
                    text run at (45,858) width 3: " "
                  RenderBR {BR} at (48,868) size 0x0
                  RenderInline {A} at (0,0) size 34x12 [color=#0000EE]
                    RenderText {#text} at (0,871) size 34x12
                      text run at (0,871) width 34: "FETCH"
                  RenderText {#text} at (34,871) size 3x12
                    text run at (34,871) width 3: " "
                  RenderBR {BR} at (37,881) size 0x0
                  RenderInline {A} at (0,0) size 123x12 [color=#0000EE]
                    RenderText {#text} at (0,884) size 123x12
                      text run at (0,884) width 123: "FLUSH EVENT MONITOR"
                  RenderText {#text} at (123,884) size 3x12
                    text run at (123,884) width 3: " "
                  RenderBR {BR} at (126,894) size 0x0
                  RenderInline {A} at (0,0) size 79x12 [color=#0000EE]
                    RenderText {#text} at (0,897) size 79x12
                      text run at (0,897) width 79: "FREE LOCATOR"
                  RenderText {#text} at (79,897) size 3x12
                    text run at (79,897) width 3: " "
                  RenderBR {BR} at (82,907) size 0x0
                  RenderInline {A} at (0,0) size 142x12 [color=#0000EE]
                    RenderText {#text} at (0,910) size 142x12
                      text run at (0,910) width 142: "GRANT (Database Authorities)"
                  RenderText {#text} at (142,910) size 3x12
                    text run at (142,910) width 3: " "
                  RenderBR {BR} at (145,920) size 0x0
                  RenderInline {A} at (0,0) size 119x12 [color=#0000EE]
                    RenderText {#text} at (0,923) size 119x12
                      text run at (0,923) width 119: "GRANT (Index Privileges)"
                  RenderText {#text} at (119,923) size 3x12
                    text run at (119,923) width 3: " "
                  RenderBR {BR} at (122,933) size 0x0
                  RenderInline {A} at (0,0) size 131x12 [color=#0000EE]
                    RenderText {#text} at (0,936) size 131x12
                      text run at (0,936) width 131: "GRANT (Package Privileges)"
                  RenderText {#text} at (131,936) size 3x12
                    text run at (131,936) width 3: " "
                  RenderBR {BR} at (134,946) size 0x0
                  RenderInline {A} at (0,0) size 129x12 [color=#0000EE]
                    RenderText {#text} at (0,949) size 129x12
                      text run at (0,949) width 129: "GRANT (Schema Privileges)"
                  RenderText {#text} at (129,949) size 3x12
                    text run at (129,949) width 3: " "
                  RenderBR {BR} at (132,959) size 0x0
                  RenderInline {A} at (0,0) size 124x12 [color=#0000EE]
                    RenderText {#text} at (0,962) size 124x12
                      text run at (0,962) width 124: "GRANT (Server Privileges)"
                  RenderText {#text} at (124,962) size 3x12
                    text run at (124,962) width 3: " "
                  RenderBR {BR} at (127,972) size 0x0
                  RenderInline {A} at (0,0) size 207x12 [color=#0000EE]
                    RenderText {#text} at (0,975) size 207x12
                      text run at (0,975) width 207: "GRANT (Table, View, or Nickname Privileges)"
                  RenderText {#text} at (207,975) size 3x12
                    text run at (207,975) width 3: " "
                  RenderBR {BR} at (210,985) size 0x0
                  RenderInline {A} at (0,0) size 147x12 [color=#0000EE]
                    RenderText {#text} at (0,988) size 147x12
                      text run at (0,988) width 147: "GRANT (Table Space Privileges)"
                  RenderText {#text} at (147,988) size 3x12
                    text run at (147,988) width 3: " "
                  RenderBR {BR} at (150,998) size 0x0
                  RenderInline {A} at (0,0) size 48x12 [color=#0000EE]
                    RenderText {#text} at (0,1001) size 48x12
                      text run at (0,1001) width 48: "INCLUDE"
                  RenderText {#text} at (48,1001) size 3x12
                    text run at (48,1001) width 3: " "
                  RenderBR {BR} at (51,1011) size 0x0
                  RenderInline {A} at (0,0) size 37x12 [color=#0000EE]
                    RenderText {#text} at (0,1014) size 37x12
                      text run at (0,1014) width 37: "INSERT"
                  RenderText {#text} at (37,1014) size 3x12
                    text run at (37,1014) width 3: " "
                  RenderBR {BR} at (40,1024) size 0x0
                  RenderInline {A} at (0,0) size 64x12 [color=#0000EE]
                    RenderText {#text} at (0,1027) size 64x12
                      text run at (0,1027) width 64: "LOCK TABLE"
                  RenderText {#text} at (64,1027) size 3x12
                    text run at (64,1027) width 3: " "
                  RenderBR {BR} at (67,1037) size 0x0
                  RenderInline {A} at (0,0) size 30x12 [color=#0000EE]
                    RenderText {#text} at (0,1040) size 30x12
                      text run at (0,1040) width 30: "OPEN"
                  RenderText {#text} at (30,1040) size 3x12
                    text run at (30,1040) width 3: " "
                  RenderBR {BR} at (33,1050) size 0x0
                  RenderInline {A} at (0,0) size 49x12 [color=#0000EE]
                    RenderText {#text} at (0,1053) size 49x12
                      text run at (0,1053) width 49: "PREPARE"
                  RenderText {#text} at (49,1053) size 3x12
                    text run at (49,1053) width 3: " "
                  RenderBR {BR} at (52,1063) size 0x0
                  RenderInline {A} at (0,0) size 84x12 [color=#0000EE]
                    RenderText {#text} at (0,1066) size 84x12
                      text run at (0,1066) width 84: "REFRESH TABLE"
                  RenderText {#text} at (84,1066) size 3x12
                    text run at (84,1066) width 3: " "
                  RenderBR {BR} at (87,1076) size 0x0
                  RenderInline {A} at (0,0) size 113x12 [color=#0000EE]
                    RenderText {#text} at (0,1079) size 113x12
                      text run at (0,1079) width 113: "RELEASE (Connection)"
                  RenderText {#text} at (113,1079) size 3x12
                    text run at (113,1079) width 3: " "
                  RenderBR {BR} at (116,1089) size 0x0
                  RenderInline {A} at (0,0) size 110x12 [color=#0000EE]
                    RenderText {#text} at (0,1092) size 110x12
                      text run at (0,1092) width 110: "RELEASE SAVEPOINT"
                  RenderText {#text} at (110,1092) size 3x12
                    text run at (110,1092) width 3: " "
                  RenderBR {BR} at (113,1102) size 0x0
                  RenderInline {A} at (0,0) size 80x12 [color=#0000EE]
                    RenderText {#text} at (0,1105) size 80x12
                      text run at (0,1105) width 80: "RENAME TABLE"
                  RenderText {#text} at (80,1105) size 3x12
                    text run at (80,1105) width 3: " "
                  RenderBR {BR} at (83,1115) size 0x0
                  RenderInline {A} at (0,0) size 116x12 [color=#0000EE]
                    RenderText {#text} at (0,1118) size 116x12
                      text run at (0,1118) width 116: "RENAME TABLESPACE"
                  RenderText {#text} at (116,1118) size 3x12
                    text run at (116,1118) width 3: " "
                  RenderBR {BR} at (119,1128) size 0x0
                  RenderInline {A} at (0,0) size 150x12 [color=#0000EE]
                    RenderText {#text} at (0,1131) size 150x12
                      text run at (0,1131) width 150: "REVOKE (Database Authorities)"
                  RenderText {#text} at (150,1131) size 3x12
                    text run at (150,1131) width 3: " "
                  RenderBR {BR} at (153,1141) size 0x0
                  RenderInline {A} at (0,0) size 127x12 [color=#0000EE]
                    RenderText {#text} at (0,1144) size 127x12
                      text run at (0,1144) width 127: "REVOKE (Index Privileges)"
                  RenderText {#text} at (127,1144) size 3x12
                    text run at (127,1144) width 3: " "
                  RenderBR {BR} at (130,1154) size 0x0
                  RenderInline {A} at (0,0) size 139x12 [color=#0000EE]
                    RenderText {#text} at (0,1157) size 139x12
                      text run at (0,1157) width 139: "REVOKE (Package Privileges)"
                  RenderText {#text} at (139,1157) size 3x12
                    text run at (139,1157) width 3: " "
                  RenderBR {BR} at (142,1167) size 0x0
                  RenderInline {A} at (0,0) size 137x12 [color=#0000EE]
                    RenderText {#text} at (0,1170) size 137x12
                      text run at (0,1170) width 137: "REVOKE (Schema Privileges)"
                  RenderText {#text} at (137,1170) size 3x12
                    text run at (137,1170) width 3: " "
                  RenderBR {BR} at (140,1180) size 0x0
                  RenderInline {A} at (0,0) size 132x12 [color=#0000EE]
                    RenderText {#text} at (0,1183) size 132x12
                      text run at (0,1183) width 132: "REVOKE (Server Privileges)"
                  RenderText {#text} at (132,1183) size 3x12
                    text run at (132,1183) width 3: " "
                  RenderBR {BR} at (135,1193) size 0x0
                  RenderInline {A} at (0,0) size 215x12 [color=#0000EE]
                    RenderText {#text} at (0,1196) size 215x12
                      text run at (0,1196) width 215: "REVOKE (Table, View, or Nickname Privileges)"
                  RenderText {#text} at (215,1196) size 3x12
                    text run at (215,1196) width 3: " "
                  RenderBR {BR} at (218,1206) size 0x0
                  RenderInline {A} at (0,0) size 155x12 [color=#0000EE]
                    RenderText {#text} at (0,1209) size 155x12
                      text run at (0,1209) width 155: "REVOKE (Table Space Privileges)"
                  RenderText {#text} at (155,1209) size 3x12
                    text run at (155,1209) width 3: " "
                  RenderBR {BR} at (158,1219) size 0x0
                  RenderInline {A} at (0,0) size 56x12 [color=#0000EE]
                    RenderText {#text} at (0,1222) size 56x12
                      text run at (0,1222) width 56: "ROLLBACK"
                  RenderText {#text} at (56,1222) size 3x12
                    text run at (56,1222) width 3: " "
                  RenderBR {BR} at (59,1232) size 0x0
                  RenderInline {A} at (0,0) size 59x12 [color=#0000EE]
                    RenderText {#text} at (0,1235) size 59x12
                      text run at (0,1235) width 59: "SAVEPOINT"
                  RenderText {#text} at (59,1235) size 3x12
                    text run at (59,1235) width 3: " "
                  RenderBR {BR} at (62,1245) size 0x0
                  RenderInline {A} at (0,0) size 40x12 [color=#0000EE]
                    RenderText {#text} at (0,1248) size 40x12
                      text run at (0,1248) width 40: "SELECT"
                  RenderText {#text} at (40,1248) size 3x12
                    text run at (40,1248) width 3: " "
                  RenderBR {BR} at (43,1258) size 0x0
                  RenderInline {A} at (0,0) size 67x12 [color=#0000EE]
                    RenderText {#text} at (0,1261) size 67x12
                      text run at (0,1261) width 67: "SELECT INTO"
                  RenderText {#text} at (67,1261) size 3x12
                    text run at (67,1261) width 3: " "
                  RenderBR {BR} at (70,1271) size 0x0
                  RenderInline {A} at (0,0) size 93x12 [color=#0000EE]
                    RenderText {#text} at (0,1274) size 93x12
                      text run at (0,1274) width 93: "SET CONNECTION"
                  RenderText {#text} at (93,1274) size 3x12
                    text run at (93,1274) width 3: " "
                  RenderBR {BR} at (96,1284) size 0x0
                  RenderInline {A} at (0,0) size 230x12 [color=#0000EE]
                    RenderText {#text} at (0,1287) size 230x12
                      text run at (0,1287) width 230: "SET CURRENT DEFAULT TRANSFORM GROUP"
                  RenderText {#text} at (230,1287) size 3x12
                    text run at (230,1287) width 3: " "
                  RenderBR {BR} at (233,1297) size 0x0
                  RenderInline {A} at (0,0) size 119x12 [color=#0000EE]
                    RenderText {#text} at (0,1300) size 119x12
                      text run at (0,1300) width 119: "SET CURRENT DEGREE"
                  RenderText {#text} at (119,1300) size 3x12
                    text run at (119,1300) width 3: " "
                  RenderBR {BR} at (122,1310) size 0x0
                  RenderInline {A} at (0,0) size 155x12 [color=#0000EE]
                    RenderText {#text} at (0,1313) size 155x12
                      text run at (0,1313) width 155: "SET CURRENT EXPLAIN MODE"
                  RenderText {#text} at (155,1313) size 3x12
                    text run at (155,1313) width 3: " "
                  RenderBR {BR} at (158,1323) size 0x0
                  RenderInline {A} at (0,0) size 180x12 [color=#0000EE]
                    RenderText {#text} at (0,1326) size 180x12
                      text run at (0,1326) width 180: "SET CURRENT EXPLAIN SNAPSHOT"
                  RenderText {#text} at (180,1326) size 3x12
                    text run at (180,1326) width 3: " "
                  RenderBR {BR} at (183,1336) size 0x0
                  RenderInline {A} at (0,0) size 145x12 [color=#0000EE]
                    RenderText {#text} at (0,1339) size 145x12
                      text run at (0,1339) width 145: "SET CURRENT PACKAGESET"
                  RenderText {#text} at (145,1339) size 3x12
                    text run at (145,1339) width 3: " "
                  RenderBR {BR} at (148,1349) size 0x0
                  RenderInline {A} at (0,0) size 188x12 [color=#0000EE]
                    RenderText {#text} at (0,1352) size 188x12
                      text run at (0,1352) width 188: "SET CURRENT QUERY OPTIMIZATION"
                  RenderText {#text} at (188,1352) size 3x12
                    text run at (188,1352) width 3: " "
                  RenderBR {BR} at (191,1362) size 0x0
                  RenderInline {A} at (0,0) size 149x12 [color=#0000EE]
                    RenderText {#text} at (0,1365) size 149x12
                      text run at (0,1365) width 149: "SET CURRENT REFRESH AGE"
                  RenderText {#text} at (149,1365) size 3x12
                    text run at (149,1365) width 3: " "
                  RenderBR {BR} at (152,1375) size 0x0
                  RenderInline {A} at (0,0) size 141x12 [color=#0000EE]
                    RenderText {#text} at (0,1378) size 141x12
                      text run at (0,1378) width 141: "SET EVENT MONITOR STATE"
                  RenderText {#text} at (141,1378) size 3x12
                    text run at (141,1378) width 3: " "
                  RenderBR {BR} at (144,1388) size 0x0
                  RenderInline {A} at (0,0) size 75x12 [color=#0000EE]
                    RenderText {#text} at (0,1391) size 75x12
                      text run at (0,1391) width 75: "SET INTEGRITY"
                  RenderText {#text} at (75,1391) size 3x12
                    text run at (75,1391) width 3: " "
                  RenderBR {BR} at (78,1401) size 0x0
                  RenderInline {A} at (0,0) size 78x12 [color=#0000EE]
                    RenderText {#text} at (0,1404) size 78x12
                      text run at (0,1404) width 78: "SET PASSTHRU"
                  RenderText {#text} at (78,1404) size 3x12
                    text run at (78,1404) width 3: " "
                  RenderBR {BR} at (81,1414) size 0x0
                  RenderInline {A} at (0,0) size 49x12 [color=#0000EE]
                    RenderText {#text} at (0,1417) size 49x12
                      text run at (0,1417) width 49: "SET PATH"
                  RenderText {#text} at (49,1417) size 3x12
                    text run at (49,1417) width 3: " "
                  RenderBR {BR} at (52,1427) size 0x0
                  RenderInline {A} at (0,0) size 68x12 [color=#0000EE]
                    RenderText {#text} at (0,1430) size 68x12
                      text run at (0,1430) width 68: "SET SCHEMA"
                  RenderText {#text} at (68,1430) size 3x12
                    text run at (68,1430) width 3: " "
                  RenderBR {BR} at (71,1440) size 0x0
                  RenderInline {A} at (0,0) size 106x12 [color=#0000EE]
                    RenderText {#text} at (0,1443) size 106x12
                      text run at (0,1443) width 106: "SET SERVER OPTION"
                  RenderText {#text} at (106,1443) size 3x12
                    text run at (106,1443) width 3: " "
                  RenderBR {BR} at (109,1453) size 0x0
                  RenderInline {A} at (0,0) size 105x12 [color=#0000EE]
                    RenderText {#text} at (0,1456) size 105x12
                      text run at (0,1456) width 105: "SET transition-variable"
                  RenderText {#text} at (105,1456) size 3x12
                    text run at (105,1456) width 3: " "
                  RenderBR {BR} at (108,1466) size 0x0
                  RenderInline {A} at (0,0) size 94x12 [color=#0000EE]
                    RenderText {#text} at (0,1469) size 94x12
                      text run at (0,1469) width 94: "SIGNAL SQLSTATE"
                  RenderText {#text} at (94,1469) size 3x12
                    text run at (94,1469) width 3: " "
                  RenderBR {BR} at (97,1479) size 0x0
                  RenderInline {A} at (0,0) size 42x12 [color=#0000EE]
                    RenderText {#text} at (0,1482) size 42x12
                      text run at (0,1482) width 42: "UPDATE"
                  RenderText {#text} at (42,1482) size 3x12
                    text run at (42,1482) width 3: " "
                  RenderBR {BR} at (45,1492) size 0x0
                  RenderInline {A} at (0,0) size 42x12 [color=#0000EE]
                    RenderText {#text} at (0,1495) size 42x12
                      text run at (0,1495) width 42: "VALUES"
                  RenderText {#text} at (42,1495) size 3x12
                    text run at (42,1495) width 3: " "
                  RenderBR {BR} at (45,1505) size 0x0
                  RenderInline {A} at (0,0) size 69x12 [color=#0000EE]
                    RenderText {#text} at (0,1508) size 69x12
                      text run at (0,1508) width 69: "VALUES INTO"
                  RenderText {#text} at (69,1508) size 3x12
                    text run at (69,1508) width 3: " "
                  RenderBR {BR} at (72,1518) size 0x0
                  RenderInline {A} at (0,0) size 60x12 [color=#0000EE]
                    RenderText {#text} at (0,1521) size 60x12
                      text run at (0,1521) width 60: "WHENEVER"
                  RenderText {#text} at (0,0) size 0x0
                RenderBlock {P} at (0,6400) size 568x260
                  RenderInline {B} at (0,0) size 80x12
                    RenderInline {A} at (0,0) size 80x12 [color=#0000EE]
                      RenderText {#text} at (0,0) size 80x12
                        text run at (0,0) width 80: "SQL Procedures"
                  RenderBR {BR} at (80,10) size 0x0
                  RenderBR {BR} at (0,13) size 0x12
                  RenderInline {A} at (0,0) size 122x12 [color=#0000EE]
                    RenderText {#text} at (0,26) size 122x12
                      text run at (0,26) width 122: "SQL Procedure Statement"
                  RenderText {#text} at (122,26) size 3x12
                    text run at (122,26) width 3: " "
                  RenderBR {BR} at (125,36) size 0x0
                  RenderInline {A} at (0,0) size 153x12 [color=#0000EE]
                    RenderText {#text} at (0,39) size 153x12
                      text run at (0,39) width 153: "ALLOCATE CURSOR Statement"
                  RenderText {#text} at (153,39) size 3x12
                    text run at (153,39) width 3: " "
                  RenderBR {BR} at (156,49) size 0x0
                  RenderInline {A} at (0,0) size 105x12 [color=#0000EE]
                    RenderText {#text} at (0,52) size 105x12
                      text run at (0,52) width 105: "Assignment Statement"
                  RenderText {#text} at (105,52) size 3x12
                    text run at (105,52) width 3: " "
                  RenderBR {BR} at (108,62) size 0x0
                  RenderInline {A} at (0,0) size 169x12 [color=#0000EE]
                    RenderText {#text} at (0,65) size 169x12
                      text run at (0,65) width 169: "ASSOCIATE LOCATORS Statement"
                  RenderText {#text} at (169,65) size 3x12
                    text run at (169,65) width 3: " "
                  RenderBR {BR} at (172,75) size 0x0
                  RenderInline {A} at (0,0) size 80x12 [color=#0000EE]
                    RenderText {#text} at (0,78) size 80x12
                      text run at (0,78) width 80: "CASE Statement"
                  RenderText {#text} at (80,78) size 3x12
                    text run at (80,78) width 3: " "
                  RenderBR {BR} at (83,88) size 0x0
                  RenderInline {A} at (0,0) size 102x12 [color=#0000EE]
                    RenderText {#text} at (0,91) size 102x12
                      text run at (0,91) width 102: "Compound Statement"
                  RenderText {#text} at (102,91) size 3x12
                    text run at (102,91) width 3: " "
                  RenderBR {BR} at (105,101) size 0x0
                  RenderInline {A} at (0,0) size 72x12 [color=#0000EE]
                    RenderText {#text} at (0,104) size 72x12
                      text run at (0,104) width 72: "FOR Statement"
                  RenderText {#text} at (72,104) size 3x12
                    text run at (72,104) width 3: " "
                  RenderBR {BR} at (75,114) size 0x0
                  RenderInline {A} at (0,0) size 146x12 [color=#0000EE]
                    RenderText {#text} at (0,117) size 146x12
                      text run at (0,117) width 146: "GET DIAGNOSTICS Statement"
                  RenderText {#text} at (146,117) size 3x12
                    text run at (146,117) width 3: " "
                  RenderBR {BR} at (149,127) size 0x0
                  RenderInline {A} at (0,0) size 80x12 [color=#0000EE]
                    RenderText {#text} at (0,130) size 80x12
                      text run at (0,130) width 80: "GOTO Statement"
                  RenderText {#text} at (80,130) size 3x12
                    text run at (80,130) width 3: " "
                  RenderBR {BR} at (83,140) size 0x0
                  RenderInline {A} at (0,0) size 60x12 [color=#0000EE]
                    RenderText {#text} at (0,143) size 60x12
                      text run at (0,143) width 60: "IF Statement"
                  RenderText {#text} at (60,143) size 3x12
                    text run at (60,143) width 3: " "
                  RenderBR {BR} at (63,153) size 0x0
                  RenderInline {A} at (0,0) size 92x12 [color=#0000EE]
                    RenderText {#text} at (0,156) size 92x12
                      text run at (0,156) width 92: "ITERATE Statement"
                  RenderText {#text} at (92,156) size 3x12
                    text run at (92,156) width 3: " "
                  RenderBR {BR} at (95,166) size 0x0
                  RenderInline {A} at (0,0) size 85x12 [color=#0000EE]
                    RenderText {#text} at (0,169) size 85x12
                      text run at (0,169) width 85: "LEAVE Statement"
                  RenderText {#text} at (85,169) size 3x12
                    text run at (85,169) width 3: " "
                  RenderBR {BR} at (88,179) size 0x0
                  RenderInline {A} at (0,0) size 80x12 [color=#0000EE]
                    RenderText {#text} at (0,182) size 80x12
                      text run at (0,182) width 80: "LOOP Statement"
                  RenderText {#text} at (80,182) size 3x12
                    text run at (80,182) width 3: " "
                  RenderBR {BR} at (83,192) size 0x0
                  RenderInline {A} at (0,0) size 91x12 [color=#0000EE]
                    RenderText {#text} at (0,195) size 91x12
                      text run at (0,195) width 91: "REPEAT Statement"
                  RenderText {#text} at (91,195) size 3x12
                    text run at (91,195) width 3: " "
                  RenderBR {BR} at (94,205) size 0x0
                  RenderInline {A} at (0,0) size 104x12 [color=#0000EE]
                    RenderText {#text} at (0,208) size 104x12
                      text run at (0,208) width 104: "RESIGNAL Statement"
                  RenderText {#text} at (104,208) size 3x12
                    text run at (104,208) width 3: " "
                  RenderBR {BR} at (107,218) size 0x0
                  RenderInline {A} at (0,0) size 93x12 [color=#0000EE]
                    RenderText {#text} at (0,221) size 93x12
                      text run at (0,221) width 93: "RETURN Statement"
                  RenderText {#text} at (93,221) size 3x12
                    text run at (93,221) width 3: " "
                  RenderBR {BR} at (96,231) size 0x0
                  RenderInline {A} at (0,0) size 90x12 [color=#0000EE]
                    RenderText {#text} at (0,234) size 90x12
                      text run at (0,234) width 90: "SIGNAL Statement"
                  RenderText {#text} at (90,234) size 3x12
                    text run at (90,234) width 3: " "
                  RenderBR {BR} at (93,244) size 0x0
                  RenderInline {A} at (0,0) size 84x12 [color=#0000EE]
                    RenderText {#text} at (0,247) size 84x12
                      text run at (0,247) width 84: "WHILE Statement"
                  RenderText {#text} at (0,0) size 0x0
                RenderBlock {P} at (0,6671) size 568x13
                  RenderInline {B} at (0,0) size 120x12
                    RenderInline {A} at (0,0) size 120x12 [color=#0000EE]
                      RenderText {#text} at (0,0) size 120x12
                        text run at (0,0) width 120: "Appendix A. SQL Limits"
                  RenderBR {BR} at (120,10) size 0x0
                RenderBlock {P} at (0,6695) size 568x78
                  RenderInline {B} at (0,0) size 219x12
                    RenderInline {A} at (0,0) size 219x12 [color=#0000EE]
                      RenderText {#text} at (0,0) size 219x12
                        text run at (0,0) width 219: "Appendix B. SQL Communications (SQLCA)"
                  RenderBR {BR} at (219,10) size 0x0
                  RenderBR {BR} at (0,13) size 0x12
                  RenderInline {A} at (0,0) size 152x12 [color=#0000EE]
                    RenderText {#text} at (0,26) size 152x12
                      text run at (0,26) width 152: "Viewing the SQLCA Interactively"
                  RenderText {#text} at (152,26) size 3x12
                    text run at (152,26) width 3: " "
                  RenderBR {BR} at (155,36) size 0x0
                  RenderInline {A} at (0,0) size 121x12 [color=#0000EE]
                    RenderText {#text} at (0,39) size 121x12
                      text run at (0,39) width 121: "SQLCA Field Descriptions"
                  RenderText {#text} at (121,39) size 3x12
                    text run at (121,39) width 3: " "
                  RenderBR {BR} at (124,49) size 0x0
                  RenderInline {A} at (0,0) size 117x12 [color=#0000EE]
                    RenderText {#text} at (0,52) size 117x12
                      text run at (0,52) width 117: "Order of Error Reporting"
                  RenderText {#text} at (117,52) size 3x12
                    text run at (117,52) width 3: " "
                  RenderBR {BR} at (120,62) size 0x0
                  RenderInline {A} at (0,0) size 265x12 [color=#0000EE]
                    RenderText {#text} at (0,65) size 265x12
                      text run at (0,65) width 265: "DB2 Enterprise - Extended Edition Usage of the SQLCA"
                  RenderText {#text} at (0,0) size 0x0
                RenderBlock {P} at (0,6784) size 568x143
                  RenderInline {B} at (0,0) size 214x12
                    RenderInline {A} at (0,0) size 214x12 [color=#0000EE]
                      RenderText {#text} at (0,0) size 214x12
                        text run at (0,0) width 214: "Appendix C. SQL Descriptor Area (SQLDA)"
                  RenderBR {BR} at (214,10) size 0x0
                  RenderBR {BR} at (0,13) size 0x12
                  RenderInline {A} at (0,0) size 82x12 [color=#0000EE]
                    RenderText {#text} at (0,26) size 82x12
                      text run at (0,26) width 82: "Field Descriptions"
                  RenderText {#text} at (82,26) size 3x12
                    text run at (82,26) width 3: " "
                  RenderBR {BR} at (85,36) size 0x0
                  RenderInline {A} at (0,0) size 130x12 [color=#0000EE]
                    RenderText {#text} at (0,39) size 130x12
                      text run at (0,39) width 130: "Fields in the SQLDA Header"
                  RenderText {#text} at (130,39) size 3x12
                    text run at (130,39) width 3: " "
                  RenderBR {BR} at (133,49) size 0x0
                  RenderInline {A} at (0,0) size 197x12 [color=#0000EE]
                    RenderText {#text} at (0,52) size 197x12
                      text run at (0,52) width 197: "Fields in an Occurrence of a Base SQLVAR"
                  RenderText {#text} at (197,52) size 3x12
                    text run at (197,52) width 3: " "
                  RenderBR {BR} at (200,62) size 0x0
                  RenderInline {A} at (0,0) size 224x12 [color=#0000EE]
                    RenderText {#text} at (0,65) size 224x12
                      text run at (0,65) width 224: "Fields in an Occurrence of a Secondary SQLVAR"
                  RenderText {#text} at (224,65) size 3x12
                    text run at (224,65) width 3: " "
                  RenderBR {BR} at (227,75) size 0x0
                  RenderInline {A} at (0,0) size 171x12 [color=#0000EE]
                    RenderText {#text} at (0,78) size 171x12
                      text run at (0,78) width 171: "Effect of DESCRIBE on the SQLDA"
                  RenderText {#text} at (171,78) size 3x12
                    text run at (171,78) width 3: " "
                  RenderBR {BR} at (174,88) size 0x0
                  RenderInline {A} at (0,0) size 112x12 [color=#0000EE]
                    RenderText {#text} at (0,91) size 112x12
                      text run at (0,91) width 112: "SQLTYPE and SQLLEN"
                  RenderText {#text} at (112,91) size 3x12
                    text run at (112,91) width 3: " "
                  RenderBR {BR} at (115,101) size 0x0
                  RenderInline {A} at (0,0) size 205x12 [color=#0000EE]
                    RenderText {#text} at (0,104) size 205x12
                      text run at (0,104) width 205: "Unrecognized and Unsupported SQLTYPES"
                  RenderText {#text} at (205,104) size 3x12
                    text run at (205,104) width 3: " "
                  RenderBR {BR} at (208,114) size 0x0
                  RenderInline {A} at (0,0) size 115x12 [color=#0000EE]
                    RenderText {#text} at (0,117) size 115x12
                      text run at (0,117) width 115: "Packed Decimal Numbers"
                  RenderText {#text} at (115,117) size 3x12
                    text run at (115,117) width 3: " "
                  RenderBR {BR} at (118,127) size 0x0
                  RenderInline {A} at (0,0) size 121x12 [color=#0000EE]
                    RenderText {#text} at (0,130) size 121x12
                      text run at (0,130) width 121: "SQLLEN Field for Decimal"
                  RenderText {#text} at (0,0) size 0x0
                RenderBlock {P} at (0,6938) size 568x949
                  RenderInline {B} at (0,0) size 137x12
                    RenderInline {A} at (0,0) size 137x12 [color=#0000EE]
                      RenderText {#text} at (0,0) size 137x12
                        text run at (0,0) width 137: "Appendix D. Catalog Views"
                  RenderBR {BR} at (137,10) size 0x0
                  RenderBR {BR} at (0,13) size 0x12
                  RenderInline {A} at (0,0) size 116x12 [color=#0000EE]
                    RenderText {#text} at (0,26) size 116x12
                      text run at (0,26) width 116: "Updatable Catalog Views"
                  RenderText {#text} at (116,26) size 3x12
                    text run at (116,26) width 3: " "
                  RenderBR {BR} at (119,36) size 0x0
                  RenderInline {A} at (0,0) size 129x12 [color=#0000EE]
                    RenderText {#text} at (0,39) size 129x12
                      text run at (0,39) width 129: "'Roadmap' to Catalog Views"
                  RenderText {#text} at (129,39) size 3x12
                    text run at (129,39) width 3: " "
                  RenderBR {BR} at (132,49) size 0x0
                  RenderInline {A} at (0,0) size 179x12 [color=#0000EE]
                    RenderText {#text} at (0,52) size 179x12
                      text run at (0,52) width 179: "'Roadmap' to Updatable Catalog Views"
                  RenderText {#text} at (179,52) size 3x12
                    text run at (179,52) width 3: " "
                  RenderBR {BR} at (182,62) size 0x0
                  RenderInline {A} at (0,0) size 111x12 [color=#0000EE]
                    RenderText {#text} at (0,65) size 111x12
                      text run at (0,65) width 111: "SYSIBM.SYSDUMMY1"
                  RenderText {#text} at (111,65) size 3x12
                    text run at (111,65) width 3: " "
                  RenderBR {BR} at (114,75) size 0x0
                  RenderInline {A} at (0,0) size 105x12 [color=#0000EE]
                    RenderText {#text} at (0,78) size 105x12
                      text run at (0,78) width 105: "SYSCAT.ATTRIBUTES"
                  RenderText {#text} at (105,78) size 3x12
                    text run at (105,78) width 3: " "
                  RenderBR {BR} at (108,88) size 0x0
                  RenderInline {A} at (0,0) size 152x12 [color=#0000EE]
                    RenderText {#text} at (0,91) size 152x12
                      text run at (0,91) width 152: "SYSCAT.BUFFERPOOLNODES"
                  RenderText {#text} at (152,91) size 3x12
                    text run at (152,91) width 3: " "
                  RenderBR {BR} at (155,101) size 0x0
                  RenderInline {A} at (0,0) size 121x12 [color=#0000EE]
                    RenderText {#text} at (0,104) size 121x12
                      text run at (0,104) width 121: "SYSCAT.BUFFERPOOLS"
                  RenderText {#text} at (121,104) size 3x12
                    text run at (121,104) width 3: " "
                  RenderBR {BR} at (124,114) size 0x0
                  RenderInline {A} at (0,0) size 132x12 [color=#0000EE]
                    RenderText {#text} at (0,117) size 132x12
                      text run at (0,117) width 132: "SYSCAT.CASTFUNCTIONS"
                  RenderText {#text} at (132,117) size 3x12
                    text run at (132,117) width 3: " "
                  RenderBR {BR} at (135,127) size 0x0
                  RenderInline {A} at (0,0) size 89x12 [color=#0000EE]
                    RenderText {#text} at (0,130) size 89x12
                      text run at (0,130) width 89: "SYSCAT.CHECKS"
                  RenderText {#text} at (89,130) size 3x12
                    text run at (89,130) width 3: " "
                  RenderBR {BR} at (92,140) size 0x0
                  RenderInline {A} at (0,0) size 94x12 [color=#0000EE]
                    RenderText {#text} at (0,143) size 94x12
                      text run at (0,143) width 94: "SYSCAT.COLAUTH"
                  RenderText {#text} at (94,143) size 3x12
                    text run at (94,143) width 3: " "
                  RenderBR {BR} at (97,153) size 0x0
                  RenderInline {A} at (0,0) size 111x12 [color=#0000EE]
                    RenderText {#text} at (0,156) size 111x12
                      text run at (0,156) width 111: "SYSCAT.COLCHECKS"
                  RenderText {#text} at (111,156) size 3x12
                    text run at (111,156) width 3: " "
                  RenderBR {BR} at (114,166) size 0x0
                  RenderInline {A} at (0,0) size 89x12 [color=#0000EE]
                    RenderText {#text} at (0,169) size 89x12
                      text run at (0,169) width 89: "SYSCAT.COLDIST"
                  RenderText {#text} at (89,169) size 3x12
                    text run at (89,169) width 3: " "
                  RenderBR {BR} at (92,179) size 0x0
                  RenderInline {A} at (0,0) size 112x12 [color=#0000EE]
                    RenderText {#text} at (0,182) size 112x12
                      text run at (0,182) width 112: "SYSCAT.COLOPTIONS"
                  RenderText {#text} at (112,182) size 3x12
                    text run at (112,182) width 3: " "
                  RenderBR {BR} at (115,192) size 0x0
                  RenderInline {A} at (0,0) size 98x12 [color=#0000EE]
                    RenderText {#text} at (0,195) size 98x12
                      text run at (0,195) width 98: "SYSCAT.COLUMNS"
                  RenderText {#text} at (98,195) size 3x12
                    text run at (98,195) width 3: " "
                  RenderBR {BR} at (101,205) size 0x0
                  RenderInline {A} at (0,0) size 102x12 [color=#0000EE]
                    RenderText {#text} at (0,208) size 102x12
                      text run at (0,208) width 102: "SYSCAT.CONSTDEP"
                  RenderText {#text} at (102,208) size 3x12
                    text run at (102,208) width 3: " "
                  RenderBR {BR} at (105,218) size 0x0
                  RenderInline {A} at (0,0) size 104x12 [color=#0000EE]
                    RenderText {#text} at (0,221) size 104x12
                      text run at (0,221) width 104: "SYSCAT.DATATYPES"
                  RenderText {#text} at (104,221) size 3x12
                    text run at (104,221) width 3: " "
                  RenderBR {BR} at (107,231) size 0x0
                  RenderInline {A} at (0,0) size 87x12 [color=#0000EE]
                    RenderText {#text} at (0,234) size 87x12
                      text run at (0,234) width 87: "SYSCAT.DBAUTH"
                  RenderText {#text} at (87,234) size 3x12
                    text run at (87,234) width 3: " "
                  RenderBR {BR} at (90,244) size 0x0
                  RenderInline {A} at (0,0) size 133x12 [color=#0000EE]
                    RenderText {#text} at (0,247) size 133x12
                      text run at (0,247) width 133: "SYSCAT.EVENTMONITORS"
                  RenderText {#text} at (133,247) size 3x12
                    text run at (133,247) width 3: " "
                  RenderBR {BR} at (136,257) size 0x0
                  RenderInline {A} at (0,0) size 85x12 [color=#0000EE]
                    RenderText {#text} at (0,260) size 85x12
                      text run at (0,260) width 85: "SYSCAT.EVENTS"
                  RenderText {#text} at (85,260) size 3x12
                    text run at (85,260) width 3: " "
                  RenderBR {BR} at (88,270) size 0x0
                  RenderInline {A} at (0,0) size 142x12 [color=#0000EE]
                    RenderText {#text} at (0,273) size 142x12
                      text run at (0,273) width 142: "SYSCAT.FULLHIERARCHIES"
                  RenderText {#text} at (142,273) size 3x12
                    text run at (142,273) width 3: " "
                  RenderBR {BR} at (145,283) size 0x0
                  RenderInline {A} at (0,0) size 96x12 [color=#0000EE]
                    RenderText {#text} at (0,286) size 96x12
                      text run at (0,286) width 96: "SYSCAT.FUNCDEP"
                  RenderText {#text} at (96,286) size 3x12
                    text run at (96,286) width 3: " "
                  RenderBR {BR} at (99,296) size 0x0
                  RenderInline {A} at (0,0) size 143x12 [color=#0000EE]
                    RenderText {#text} at (0,299) size 143x12
                      text run at (0,299) width 143: "SYSCAT.FUNCMAPOPTIONS"
                  RenderText {#text} at (143,299) size 3x12
                    text run at (143,299) width 3: " "
                  RenderBR {BR} at (146,309) size 0x0
                  RenderInline {A} at (0,0) size 173x12 [color=#0000EE]
                    RenderText {#text} at (0,312) size 173x12
                      text run at (0,312) width 173: "SYSCAT.FUNCMAPPARMOPTIONS"
                  RenderText {#text} at (173,312) size 3x12
                    text run at (173,312) width 3: " "
                  RenderBR {BR} at (176,322) size 0x0
                  RenderInline {A} at (0,0) size 130x12 [color=#0000EE]
                    RenderText {#text} at (0,325) size 130x12
                      text run at (0,325) width 130: "SYSCAT.FUNCMAPPINGS"
                  RenderText {#text} at (130,325) size 3x12
                    text run at (130,325) width 3: " "
                  RenderBR {BR} at (133,335) size 0x0
                  RenderInline {A} at (0,0) size 111x12 [color=#0000EE]
                    RenderText {#text} at (0,338) size 111x12
                      text run at (0,338) width 111: "SYSCAT.FUNCPARMS"
                  RenderText {#text} at (111,338) size 3x12
                    text run at (111,338) width 3: " "
                  RenderBR {BR} at (114,348) size 0x0
                  RenderInline {A} at (0,0) size 105x12 [color=#0000EE]
                    RenderText {#text} at (0,351) size 105x12
                      text run at (0,351) width 105: "SYSCAT.FUNCTIONS"
                  RenderText {#text} at (105,351) size 3x12
                    text run at (105,351) width 3: " "
                  RenderBR {BR} at (108,361) size 0x0
                  RenderInline {A} at (0,0) size 116x12 [color=#0000EE]
                    RenderText {#text} at (0,364) size 116x12
                      text run at (0,364) width 116: "SYSCAT.HIERARCHIES"
                  RenderText {#text} at (116,364) size 3x12
                    text run at (116,364) width 3: " "
                  RenderBR {BR} at (119,374) size 0x0
                  RenderInline {A} at (0,0) size 105x12 [color=#0000EE]
                    RenderText {#text} at (0,377) size 105x12
                      text run at (0,377) width 105: "SYSCAT.INDEXAUTH"
                  RenderText {#text} at (105,377) size 3x12
                    text run at (105,377) width 3: " "
                  RenderBR {BR} at (108,387) size 0x0
                  RenderInline {A} at (0,0) size 121x12 [color=#0000EE]
                    RenderText {#text} at (0,390) size 121x12
                      text run at (0,390) width 121: "SYSCAT.INDEXCOLUSE"
                  RenderText {#text} at (121,390) size 3x12
                    text run at (121,390) width 3: " "
                  RenderBR {BR} at (124,400) size 0x0
                  RenderInline {A} at (0,0) size 99x12 [color=#0000EE]
                    RenderText {#text} at (0,403) size 99x12
                      text run at (0,403) width 99: "SYSCAT.INDEXDEP"
                  RenderText {#text} at (99,403) size 3x12
                    text run at (99,403) width 3: " "
                  RenderBR {BR} at (102,413) size 0x0
                  RenderInline {A} at (0,0) size 91x12 [color=#0000EE]
                    RenderText {#text} at (0,416) size 91x12
                      text run at (0,416) width 91: "SYSCAT.INDEXES"
                  RenderText {#text} at (91,416) size 3x12
                    text run at (91,416) width 3: " "
                  RenderBR {BR} at (94,426) size 0x0
                  RenderInline {A} at (0,0) size 123x12 [color=#0000EE]
                    RenderText {#text} at (0,429) size 123x12
                      text run at (0,429) width 123: "SYSCAT.INDEXOPTIONS"
                  RenderText {#text} at (123,429) size 3x12
                    text run at (123,429) width 3: " "
                  RenderBR {BR} at (126,439) size 0x0
                  RenderInline {A} at (0,0) size 109x12 [color=#0000EE]
                    RenderText {#text} at (0,442) size 109x12
                      text run at (0,442) width 109: "SYSCAT.KEYCOLUSE"
                  RenderText {#text} at (109,442) size 3x12
                    text run at (109,442) width 3: " "
                  RenderBR {BR} at (112,452) size 0x0
                  RenderInline {A} at (0,0) size 131x12 [color=#0000EE]
                    RenderText {#text} at (0,455) size 131x12
                      text run at (0,455) width 131: "SYSCAT.NAMEMAPPINGS"
                  RenderText {#text} at (131,455) size 3x12
                    text run at (131,455) width 3: " "
                  RenderBR {BR} at (134,465) size 0x0
                  RenderInline {A} at (0,0) size 134x12 [color=#0000EE]
                    RenderText {#text} at (0,468) size 134x12
                      text run at (0,468) width 134: "SYSCAT.NODEGROUPDEF"
                  RenderText {#text} at (134,468) size 3x12
                    text run at (134,468) width 3: " "
                  RenderBR {BR} at (137,478) size 0x0
                  RenderInline {A} at (0,0) size 120x12 [color=#0000EE]
                    RenderText {#text} at (0,481) size 120x12
                      text run at (0,481) width 120: "SYSCAT.NODEGROUPS"
                  RenderText {#text} at (120,481) size 3x12
                    text run at (120,481) width 3: " "
                  RenderBR {BR} at (123,491) size 0x0
                  RenderInline {A} at (0,0) size 123x12 [color=#0000EE]
                    RenderText {#text} at (0,494) size 123x12
                      text run at (0,494) width 123: "SYSCAT.PACKAGEAUTH"
                  RenderText {#text} at (123,494) size 3x12
                    text run at (123,494) width 3: " "
                  RenderBR {BR} at (126,504) size 0x0
                  RenderInline {A} at (0,0) size 117x12 [color=#0000EE]
                    RenderText {#text} at (0,507) size 117x12
                      text run at (0,507) width 117: "SYSCAT.PACKAGEDEP"
                  RenderText {#text} at (117,507) size 3x12
                    text run at (117,507) width 3: " "
                  RenderBR {BR} at (120,517) size 0x0
                  RenderInline {A} at (0,0) size 102x12 [color=#0000EE]
                    RenderText {#text} at (0,520) size 102x12
                      text run at (0,520) width 102: "SYSCAT.PACKAGES"
                  RenderText {#text} at (102,520) size 3x12
                    text run at (102,520) width 3: " "
                  RenderBR {BR} at (105,530) size 0x0
                  RenderInline {A} at (0,0) size 127x12 [color=#0000EE]
                    RenderText {#text} at (0,533) size 127x12
                      text run at (0,533) width 127: "SYSCAT.PARTITIONMAPS"
                  RenderText {#text} at (127,533) size 3x12
                    text run at (127,533) width 3: " "
                  RenderBR {BR} at (130,543) size 0x0
                  RenderInline {A} at (0,0) size 128x12 [color=#0000EE]
                    RenderText {#text} at (0,546) size 128x12
                      text run at (0,546) width 128: "SYSCAT.PASSTHRUAUTH"
                  RenderText {#text} at (128,546) size 3x12
                    text run at (128,546) width 3: " "
                  RenderBR {BR} at (131,556) size 0x0
                  RenderInline {A} at (0,0) size 118x12 [color=#0000EE]
                    RenderText {#text} at (0,559) size 118x12
                      text run at (0,559) width 118: "SYSCAT.PROCEDURES"
                  RenderText {#text} at (118,559) size 3x12
                    text run at (118,559) width 3: " "
                  RenderBR {BR} at (121,569) size 0x0
                  RenderInline {A} at (0,0) size 120x12 [color=#0000EE]
                    RenderText {#text} at (0,572) size 120x12
                      text run at (0,572) width 120: "SYSCAT.PROCOPTIONS"
                  RenderText {#text} at (120,572) size 3x12
                    text run at (120,572) width 3: " "
                  RenderBR {BR} at (123,582) size 0x0
                  RenderInline {A} at (0,0) size 150x12 [color=#0000EE]
                    RenderText {#text} at (0,585) size 150x12
                      text run at (0,585) width 150: "SYSCAT.PROCPARMOPTIONS"
                  RenderText {#text} at (150,585) size 3x12
                    text run at (150,585) width 3: " "
                  RenderBR {BR} at (153,595) size 0x0
                  RenderInline {A} at (0,0) size 111x12 [color=#0000EE]
                    RenderText {#text} at (0,598) size 111x12
                      text run at (0,598) width 111: "SYSCAT.PROCPARMS"
                  RenderText {#text} at (111,598) size 3x12
                    text run at (111,598) width 3: " "
                  RenderBR {BR} at (114,608) size 0x0
                  RenderInline {A} at (0,0) size 115x12 [color=#0000EE]
                    RenderText {#text} at (0,611) size 115x12
                      text run at (0,611) width 115: "SYSCAT.REFERENCES"
                  RenderText {#text} at (115,611) size 3x12
                    text run at (115,611) width 3: " "
                  RenderBR {BR} at (118,621) size 0x0
                  RenderInline {A} at (0,0) size 147x12 [color=#0000EE]
                    RenderText {#text} at (0,624) size 147x12
                      text run at (0,624) width 147: "SYSCAT.REVTYPEMAPPINGS"
                  RenderText {#text} at (147,624) size 3x12
                    text run at (147,624) width 3: " "
                  RenderBR {BR} at (150,634) size 0x0
                  RenderInline {A} at (0,0) size 118x12 [color=#0000EE]
                    RenderText {#text} at (0,637) size 118x12
                      text run at (0,637) width 118: "SYSCAT.SCHEMAAUTH"
                  RenderText {#text} at (118,637) size 3x12
                    text run at (118,637) width 3: " "
                  RenderBR {BR} at (121,647) size 0x0
                  RenderInline {A} at (0,0) size 102x12 [color=#0000EE]
                    RenderText {#text} at (0,650) size 102x12
                      text run at (0,650) width 102: "SYSCAT.SCHEMATA"
                  RenderText {#text} at (102,650) size 3x12
                    text run at (102,650) width 3: " "
                  RenderBR {BR} at (105,660) size 0x0
                  RenderInline {A} at (0,0) size 132x12 [color=#0000EE]
                    RenderText {#text} at (0,663) size 132x12
                      text run at (0,663) width 132: "SYSCAT.SERVEROPTIONS"
                  RenderText {#text} at (132,663) size 3x12
                    text run at (132,663) width 3: " "
                  RenderBR {BR} at (135,673) size 0x0
                  RenderInline {A} at (0,0) size 93x12 [color=#0000EE]
                    RenderText {#text} at (0,676) size 93x12
                      text run at (0,676) width 93: "SYSCAT.SERVERS"
                  RenderText {#text} at (93,676) size 3x12
                    text run at (93,676) width 3: " "
                  RenderBR {BR} at (96,686) size 0x0
                  RenderInline {A} at (0,0) size 111x12 [color=#0000EE]
                    RenderText {#text} at (0,689) size 111x12
                      text run at (0,689) width 111: "SYSCAT.STATEMENTS"
                  RenderText {#text} at (111,689) size 3x12
                    text run at (111,689) width 3: " "
                  RenderBR {BR} at (114,699) size 0x0
                  RenderInline {A} at (0,0) size 91x12 [color=#0000EE]
                    RenderText {#text} at (0,702) size 91x12
                      text run at (0,702) width 91: "SYSCAT.TABAUTH"
                  RenderText {#text} at (91,702) size 3x12
                    text run at (91,702) width 3: " "
                  RenderBR {BR} at (94,712) size 0x0
                  RenderInline {A} at (0,0) size 99x12 [color=#0000EE]
                    RenderText {#text} at (0,715) size 99x12
                      text run at (0,715) width 99: "SYSCAT.TABCONST"
                  RenderText {#text} at (99,715) size 3x12
                    text run at (99,715) width 3: " "
                  RenderBR {BR} at (102,725) size 0x0
                  RenderInline {A} at (0,0) size 83x12 [color=#0000EE]
                    RenderText {#text} at (0,728) size 83x12
                      text run at (0,728) width 83: "SYSCAT.TABLES"
                  RenderText {#text} at (83,728) size 3x12
                    text run at (83,728) width 3: " "
                  RenderBR {BR} at (86,738) size 0x0
                  RenderInline {A} at (0,0) size 119x12 [color=#0000EE]
                    RenderText {#text} at (0,741) size 119x12
                      text run at (0,741) width 119: "SYSCAT.TABLESPACES"
                  RenderText {#text} at (119,741) size 3x12
                    text run at (119,741) width 3: " "
                  RenderBR {BR} at (122,751) size 0x0
                  RenderInline {A} at (0,0) size 109x12 [color=#0000EE]
                    RenderText {#text} at (0,754) size 109x12
                      text run at (0,754) width 109: "SYSCAT.TABOPTIONS"
                  RenderText {#text} at (109,754) size 3x12
                    text run at (109,754) width 3: " "
                  RenderBR {BR} at (112,764) size 0x0
                  RenderInline {A} at (0,0) size 120x12 [color=#0000EE]
                    RenderText {#text} at (0,767) size 120x12
                      text run at (0,767) width 120: "SYSCAT.TBSPACEAUTH"
                  RenderText {#text} at (120,767) size 3x12
                    text run at (120,767) width 3: " "
                  RenderBR {BR} at (123,777) size 0x0
                  RenderInline {A} at (0,0) size 89x12 [color=#0000EE]
                    RenderText {#text} at (0,780) size 89x12
                      text run at (0,780) width 89: "SYSCAT.TRIGDEP"
                  RenderText {#text} at (89,780) size 3x12
                    text run at (89,780) width 3: " "
                  RenderBR {BR} at (92,790) size 0x0
                  RenderInline {A} at (0,0) size 96x12 [color=#0000EE]
                    RenderText {#text} at (0,793) size 96x12
                      text run at (0,793) width 96: "SYSCAT.TRIGGERS"
                  RenderText {#text} at (96,793) size 3x12
                    text run at (96,793) width 3: " "
                  RenderBR {BR} at (99,803) size 0x0
                  RenderInline {A} at (0,0) size 126x12 [color=#0000EE]
                    RenderText {#text} at (0,806) size 126x12
                      text run at (0,806) width 126: "SYSCAT.TYPEMAPPINGS"
                  RenderText {#text} at (126,806) size 3x12
                    text run at (126,806) width 3: " "
                  RenderBR {BR} at (129,816) size 0x0
                  RenderInline {A} at (0,0) size 119x12 [color=#0000EE]
                    RenderText {#text} at (0,819) size 119x12
                      text run at (0,819) width 119: "SYSCAT.USEROPTIONS"
                  RenderText {#text} at (119,819) size 3x12
                    text run at (119,819) width 3: " "
                  RenderBR {BR} at (122,829) size 0x0
                  RenderInline {A} at (0,0) size 92x12 [color=#0000EE]
                    RenderText {#text} at (0,832) size 92x12
                      text run at (0,832) width 92: "SYSCAT.VIEWDEP"
                  RenderText {#text} at (92,832) size 3x12
                    text run at (92,832) width 3: " "
                  RenderBR {BR} at (95,842) size 0x0
                  RenderInline {A} at (0,0) size 77x12 [color=#0000EE]
                    RenderText {#text} at (0,845) size 77x12
                      text run at (0,845) width 77: "SYSCAT.VIEWS"
                  RenderText {#text} at (77,845) size 3x12
                    text run at (77,845) width 3: " "
                  RenderBR {BR} at (80,855) size 0x0
                  RenderInline {A} at (0,0) size 120x12 [color=#0000EE]
                    RenderText {#text} at (0,858) size 120x12
                      text run at (0,858) width 120: "SYSCAT.WRAPOPTIONS"
                  RenderText {#text} at (120,858) size 3x12
                    text run at (120,858) width 3: " "
                  RenderBR {BR} at (123,868) size 0x0
                  RenderInline {A} at (0,0) size 102x12 [color=#0000EE]
                    RenderText {#text} at (0,871) size 102x12
                      text run at (0,871) width 102: "SYSCAT.WRAPPERS"
                  RenderText {#text} at (102,871) size 3x12
                    text run at (102,871) width 3: " "
                  RenderBR {BR} at (105,881) size 0x0
                  RenderInline {A} at (0,0) size 93x12 [color=#0000EE]
                    RenderText {#text} at (0,884) size 93x12
                      text run at (0,884) width 93: "SYSSTAT.COLDIST"
                  RenderText {#text} at (93,884) size 3x12
                    text run at (93,884) width 3: " "
                  RenderBR {BR} at (96,894) size 0x0
                  RenderInline {A} at (0,0) size 102x12 [color=#0000EE]
                    RenderText {#text} at (0,897) size 102x12
                      text run at (0,897) width 102: "SYSSTAT.COLUMNS"
                  RenderText {#text} at (102,897) size 3x12
                    text run at (102,897) width 3: " "
                  RenderBR {BR} at (105,907) size 0x0
                  RenderInline {A} at (0,0) size 109x12 [color=#0000EE]
                    RenderText {#text} at (0,910) size 109x12
                      text run at (0,910) width 109: "SYSSTAT.FUNCTIONS"
                  RenderText {#text} at (109,910) size 3x12
                    text run at (109,910) width 3: " "
                  RenderBR {BR} at (112,920) size 0x0
                  RenderInline {A} at (0,0) size 95x12 [color=#0000EE]
                    RenderText {#text} at (0,923) size 95x12
                      text run at (0,923) width 95: "SYSSTAT.INDEXES"
                  RenderText {#text} at (95,923) size 3x12
                    text run at (95,923) width 3: " "
                  RenderBR {BR} at (98,933) size 0x0
                  RenderInline {A} at (0,0) size 87x12 [color=#0000EE]
                    RenderText {#text} at (0,936) size 87x12
                      text run at (0,936) width 87: "SYSSTAT.TABLES"
                  RenderText {#text} at (0,0) size 0x0
                RenderBlock {P} at (0,7898) size 568x143
                  RenderInline {B} at (0,0) size 293x12
                    RenderInline {A} at (0,0) size 293x12 [color=#0000EE]
                      RenderText {#text} at (0,0) size 293x12
                        text run at (0,0) width 293: "Appendix E. Catalog Views For Use With Structured Types"
                  RenderBR {BR} at (293,10) size 0x0
                  RenderBR {BR} at (0,13) size 0x12
                  RenderInline {A} at (0,0) size 129x12 [color=#0000EE]
                    RenderText {#text} at (0,26) size 129x12
                      text run at (0,26) width 129: "'Roadmap' to Catalog Views"
                  RenderText {#text} at (129,26) size 3x12
                    text run at (129,26) width 3: " "
                  RenderBR {BR} at (132,36) size 0x0
                  RenderInline {A} at (0,0) size 90x12 [color=#0000EE]
                    RenderText {#text} at (0,39) size 90x12
                      text run at (0,39) width 90: "OBJCAT.INDEXES"
                  RenderText {#text} at (90,39) size 3x12
                    text run at (90,39) width 3: " "
                  RenderBR {BR} at (93,49) size 0x0
                  RenderInline {A} at (0,0) size 154x12 [color=#0000EE]
                    RenderText {#text} at (0,52) size 154x12
                      text run at (0,52) width 154: "OBJCAT.INDEXEXPLOITRULES"
                  RenderText {#text} at (154,52) size 3x12
                    text run at (154,52) width 3: " "
                  RenderBR {BR} at (157,62) size 0x0
                  RenderInline {A} at (0,0) size 158x12 [color=#0000EE]
                    RenderText {#text} at (0,65) size 158x12
                      text run at (0,65) width 158: "OBJCAT.INDEXEXTENSIONDEP"
                  RenderText {#text} at (158,65) size 3x12
                    text run at (158,65) width 3: " "
                  RenderBR {BR} at (161,75) size 0x0
                  RenderInline {A} at (0,0) size 188x12 [color=#0000EE]
                    RenderText {#text} at (0,78) size 188x12
                      text run at (0,78) width 188: "OBJCAT.INDEXEXTENSIONMETHODS"
                  RenderText {#text} at (188,78) size 3x12
                    text run at (188,78) width 3: " "
                  RenderBR {BR} at (191,88) size 0x0
                  RenderInline {A} at (0,0) size 173x12 [color=#0000EE]
                    RenderText {#text} at (0,91) size 173x12
                      text run at (0,91) width 173: "OBJCAT.INDEXEXTENSIONPARMS"
                  RenderText {#text} at (173,91) size 3x12
                    text run at (173,91) width 3: " "
                  RenderBR {BR} at (176,101) size 0x0
                  RenderInline {A} at (0,0) size 143x12 [color=#0000EE]
                    RenderText {#text} at (0,104) size 143x12
                      text run at (0,104) width 143: "OBJCAT.INDEXEXTENSIONS"
                  RenderText {#text} at (143,104) size 3x12
                    text run at (143,104) width 3: " "
                  RenderBR {BR} at (146,114) size 0x0
                  RenderInline {A} at (0,0) size 138x12 [color=#0000EE]
                    RenderText {#text} at (0,117) size 138x12
                      text run at (0,117) width 138: "OBJCAT.PREDICATESPECS"
                  RenderText {#text} at (138,117) size 3x12
                    text run at (138,117) width 3: " "
                  RenderBR {BR} at (141,127) size 0x0
                  RenderInline {A} at (0,0) size 114x12 [color=#0000EE]
                    RenderText {#text} at (0,130) size 114x12
                      text run at (0,130) width 114: "OBJCAT.TRANSFORMS"
                  RenderText {#text} at (0,0) size 0x0
                RenderBlock {P} at (0,8052) size 568x208
                  RenderInline {B} at (0,0) size 160x12
                    RenderInline {A} at (0,0) size 160x12 [color=#0000EE]
                      RenderText {#text} at (0,0) size 160x12
                        text run at (0,0) width 160: "Appendix F. Federated Systems"
                  RenderBR {BR} at (160,10) size 0x0
                  RenderBR {BR} at (0,13) size 0x12
                  RenderInline {A} at (0,0) size 60x12 [color=#0000EE]
                    RenderText {#text} at (0,26) size 60x12
                      text run at (0,26) width 60: "Server Types"
                  RenderText {#text} at (60,26) size 3x12
                    text run at (60,26) width 3: " "
                  RenderBR {BR} at (63,36) size 0x0
                  RenderInline {A} at (0,0) size 169x12 [color=#0000EE]
                    RenderText {#text} at (0,39) size 169x12
                      text run at (0,39) width 169: "SQL Options for Federated Systems"
                  RenderText {#text} at (169,39) size 3x12
                    text run at (169,39) width 3: " "
                  RenderBR {BR} at (172,49) size 0x0
                  RenderInline {A} at (0,0) size 75x12 [color=#0000EE]
                    RenderText {#text} at (0,52) size 75x12
                      text run at (0,52) width 75: "Column Options"
                  RenderText {#text} at (75,52) size 3x12
                    text run at (75,52) width 3: " "
                  RenderBR {BR} at (78,62) size 0x0
                  RenderInline {A} at (0,0) size 123x12 [color=#0000EE]
                    RenderText {#text} at (0,65) size 123x12
                      text run at (0,65) width 123: "Function Mapping Options"
                  RenderText {#text} at (123,65) size 3x12
                    text run at (123,65) width 3: " "
                  RenderBR {BR} at (126,75) size 0x0
                  RenderInline {A} at (0,0) size 71x12 [color=#0000EE]
                    RenderText {#text} at (0,78) size 71x12
                      text run at (0,78) width 71: "Server Options"
                  RenderText {#text} at (71,78) size 3x12
                    text run at (71,78) width 3: " "
                  RenderBR {BR} at (74,88) size 0x0
                  RenderInline {A} at (0,0) size 62x12 [color=#0000EE]
                    RenderText {#text} at (0,91) size 62x12
                      text run at (0,91) width 62: "User Options"
                  RenderText {#text} at (62,91) size 3x12
                    text run at (62,91) width 3: " "
                  RenderBR {BR} at (65,101) size 0x0
                  RenderInline {A} at (0,0) size 130x12 [color=#0000EE]
                    RenderText {#text} at (0,104) size 130x12
                      text run at (0,104) width 130: "Default Data Type Mappings"
                  RenderText {#text} at (130,104) size 3x12
                    text run at (130,104) width 3: " "
                  RenderBR {BR} at (133,114) size 0x0
                  RenderInline {A} at (0,0) size 547x12 [color=#0000EE]
                    RenderText {#text} at (0,117) size 547x12
                      text run at (0,117) width 547: "Default Type Mappings between DB2 and DB2 Universal Database for OS/390 (and DB2 for MVS/ESA) Data Sources"
                  RenderText {#text} at (547,117) size 3x12
                    text run at (547,117) width 3: " "
                  RenderBR {BR} at (550,127) size 0x0
                  RenderInline {A} at (0,0) size 520x12 [color=#0000EE]
                    RenderText {#text} at (0,130) size 520x12
                      text run at (0,130) width 520: "Default Type Mappings between DB2 and 2 Universal Database for AS/400 (and DB2 for OS/400) Data Sources"
                  RenderText {#text} at (520,130) size 3x12
                    text run at (520,130) width 3: " "
                  RenderBR {BR} at (523,140) size 0x0
                  RenderInline {A} at (0,0) size 288x12 [color=#0000EE]
                    RenderText {#text} at (0,143) size 288x12
                      text run at (0,143) width 288: "Default Type Mappings between DB2 and Oracle Data Sources"
                  RenderText {#text} at (288,143) size 3x12
                    text run at (288,143) width 3: " "
                  RenderBR {BR} at (291,153) size 0x0
                  RenderInline {A} at (0,0) size 430x12 [color=#0000EE]
                    RenderText {#text} at (0,156) size 430x12
                      text run at (0,156) width 430: "Default Type Mappings between DB2 and DB2 for VM and VSE (and SQL/DS) Data Sources"
                  RenderText {#text} at (430,156) size 3x12
                    text run at (430,156) width 3: " "
                  RenderBR {BR} at (433,166) size 0x0
                  RenderInline {A} at (0,0) size 152x12 [color=#0000EE]
                    RenderText {#text} at (0,169) size 152x12
                      text run at (0,169) width 152: "Pass-Through Facility Processing"
                  RenderText {#text} at (152,169) size 3x12
                    text run at (152,169) width 3: " "
                  RenderBR {BR} at (155,179) size 0x0
                  RenderInline {A} at (0,0) size 197x12 [color=#0000EE]
                    RenderText {#text} at (0,182) size 197x12
                      text run at (0,182) width 197: "SQL Processing in Pass-Through Sessions"
                  RenderText {#text} at (197,182) size 3x12
                    text run at (197,182) width 3: " "
                  RenderBR {BR} at (200,192) size 0x0
                  RenderInline {A} at (0,0) size 148x12 [color=#0000EE]
                    RenderText {#text} at (0,195) size 148x12
                      text run at (0,195) width 148: "Considerations and Restrictions"
                  RenderText {#text} at (0,0) size 0x0
                RenderBlock {P} at (0,8271) size 568x338
                  RenderInline {B} at (0,0) size 189x12
                    RenderInline {A} at (0,0) size 189x12 [color=#0000EE]
                      RenderText {#text} at (0,0) size 189x12
                        text run at (0,0) width 189: "Appendix G. Sample Database Tables"
                  RenderBR {BR} at (189,10) size 0x0
                  RenderBR {BR} at (0,13) size 0x12
                  RenderInline {A} at (0,0) size 98x12 [color=#0000EE]
                    RenderText {#text} at (0,26) size 98x12
                      text run at (0,26) width 98: "The Sample Database"
                  RenderText {#text} at (98,26) size 3x12
                    text run at (98,26) width 3: " "
                  RenderBR {BR} at (101,36) size 0x0
                  RenderInline {A} at (0,0) size 145x12 [color=#0000EE]
                    RenderText {#text} at (0,39) size 145x12
                      text run at (0,39) width 145: "To Create the Sample Database"
                  RenderText {#text} at (145,39) size 3x12
                    text run at (145,39) width 3: " "
                  RenderBR {BR} at (148,49) size 0x0
                  RenderInline {A} at (0,0) size 140x12 [color=#0000EE]
                    RenderText {#text} at (0,52) size 140x12
                      text run at (0,52) width 140: "To Erase the Sample Database"
                  RenderText {#text} at (140,52) size 3x12
                    text run at (140,52) width 3: " "
                  RenderBR {BR} at (143,62) size 0x0
                  RenderInline {A} at (0,0) size 84x12 [color=#0000EE]
                    RenderText {#text} at (0,65) size 84x12
                      text run at (0,65) width 84: "CL_SCHED Table"
                  RenderText {#text} at (84,65) size 3x12
                    text run at (84,65) width 3: " "
                  RenderBR {BR} at (87,75) size 0x0
                  RenderInline {A} at (0,0) size 96x12 [color=#0000EE]
                    RenderText {#text} at (0,78) size 96x12
                      text run at (0,78) width 96: "DEPARTMENT Table"
                  RenderText {#text} at (96,78) size 3x12
                    text run at (96,78) width 3: " "
                  RenderBR {BR} at (99,88) size 0x0
                  RenderInline {A} at (0,0) size 84x12 [color=#0000EE]
                    RenderText {#text} at (0,91) size 84x12
                      text run at (0,91) width 84: "EMPLOYEE Table"
                  RenderText {#text} at (84,91) size 3x12
                    text run at (84,91) width 3: " "
                  RenderBR {BR} at (87,101) size 0x0
                  RenderInline {A} at (0,0) size 75x12 [color=#0000EE]
                    RenderText {#text} at (0,104) size 75x12
                      text run at (0,104) width 75: "EMP_ACT Table"
                  RenderText {#text} at (75,104) size 3x12
                    text run at (75,104) width 3: " "
                  RenderBR {BR} at (78,114) size 0x0
                  RenderInline {A} at (0,0) size 91x12 [color=#0000EE]
                    RenderText {#text} at (0,117) size 91x12
                      text run at (0,117) width 91: "EMP_PHOTO Table"
                  RenderText {#text} at (91,117) size 3x12
                    text run at (91,117) width 3: " "
                  RenderBR {BR} at (94,127) size 0x0
                  RenderInline {A} at (0,0) size 100x12 [color=#0000EE]
                    RenderText {#text} at (0,130) size 100x12
                      text run at (0,130) width 100: "EMP_RESUME Table"
                  RenderText {#text} at (100,130) size 3x12
                    text run at (100,130) width 3: " "
                  RenderBR {BR} at (103,140) size 0x0
                  RenderInline {A} at (0,0) size 69x12 [color=#0000EE]
                    RenderText {#text} at (0,143) size 69x12
                      text run at (0,143) width 69: "IN_TRAY Table"
                  RenderText {#text} at (69,143) size 3x12
                    text run at (69,143) width 3: " "
                  RenderBR {BR} at (72,153) size 0x0
                  RenderInline {A} at (0,0) size 49x12 [color=#0000EE]
                    RenderText {#text} at (0,156) size 49x12
                      text run at (0,156) width 49: "ORG Table"
                  RenderText {#text} at (49,156) size 3x12
                    text run at (49,156) width 3: " "
                  RenderBR {BR} at (52,166) size 0x0
                  RenderInline {A} at (0,0) size 73x12 [color=#0000EE]
                    RenderText {#text} at (0,169) size 73x12
                      text run at (0,169) width 73: "PROJECT Table"
                  RenderText {#text} at (73,169) size 3x12
                    text run at (73,169) width 3: " "
                  RenderBR {BR} at (76,179) size 0x0
                  RenderInline {A} at (0,0) size 60x12 [color=#0000EE]
                    RenderText {#text} at (0,182) size 60x12
                      text run at (0,182) width 60: "SALES Table"
                  RenderText {#text} at (60,182) size 3x12
                    text run at (60,182) width 3: " "
                  RenderBR {BR} at (63,192) size 0x0
                  RenderInline {A} at (0,0) size 57x12 [color=#0000EE]
                    RenderText {#text} at (0,195) size 57x12
                      text run at (0,195) width 57: "STAFF Table"
                  RenderText {#text} at (57,195) size 3x12
                    text run at (57,195) width 3: " "
                  RenderBR {BR} at (60,205) size 0x0
                  RenderInline {A} at (0,0) size 65x12 [color=#0000EE]
                    RenderText {#text} at (0,208) size 65x12
                      text run at (0,208) width 65: "STAFFG Table"
                  RenderText {#text} at (65,208) size 3x12
                    text run at (65,208) width 3: " "
                  RenderBR {BR} at (68,218) size 0x0
                  RenderInline {A} at (0,0) size 211x12 [color=#0000EE]
                    RenderText {#text} at (0,221) size 211x12
                      text run at (0,221) width 211: "Sample Files with BLOB and CLOB Data Type"
                  RenderText {#text} at (211,221) size 3x12
                    text run at (211,221) width 3: " "
                  RenderBR {BR} at (214,231) size 0x0
                  RenderInline {A} at (0,0) size 73x12 [color=#0000EE]
                    RenderText {#text} at (0,234) size 73x12
                      text run at (0,234) width 73: "Quintana Photo"
                  RenderText {#text} at (73,234) size 3x12
                    text run at (73,234) width 3: " "
                  RenderBR {BR} at (76,244) size 0x0
                  RenderInline {A} at (0,0) size 79x12 [color=#0000EE]
                    RenderText {#text} at (0,247) size 79x12
                      text run at (0,247) width 79: "Quintana Resume"
                  RenderText {#text} at (79,247) size 3x12
                    text run at (79,247) width 3: " "
                  RenderBR {BR} at (82,257) size 0x0
                  RenderInline {A} at (0,0) size 68x12 [color=#0000EE]
                    RenderText {#text} at (0,260) size 68x12
                      text run at (0,260) width 68: "Nicholls Photo"
                  RenderText {#text} at (68,260) size 3x12
                    text run at (68,260) width 3: " "
                  RenderBR {BR} at (71,270) size 0x0
                  RenderInline {A} at (0,0) size 74x12 [color=#0000EE]
                    RenderText {#text} at (0,273) size 74x12
                      text run at (0,273) width 74: "Nicholls Resume"
                  RenderText {#text} at (74,273) size 3x12
                    text run at (74,273) width 3: " "
                  RenderBR {BR} at (77,283) size 0x0
                  RenderInline {A} at (0,0) size 75x12 [color=#0000EE]
                    RenderText {#text} at (0,286) size 75x12
                      text run at (0,286) width 75: "Adamson Photo"
                  RenderText {#text} at (75,286) size 3x12
                    text run at (75,286) width 3: " "
                  RenderBR {BR} at (78,296) size 0x0
                  RenderInline {A} at (0,0) size 81x12 [color=#0000EE]
                    RenderText {#text} at (0,299) size 81x12
                      text run at (0,299) width 81: "Adamson Resume"
                  RenderText {#text} at (81,299) size 3x12
                    text run at (81,299) width 3: " "
                  RenderBR {BR} at (84,309) size 0x0
                  RenderInline {A} at (0,0) size 62x12 [color=#0000EE]
                    RenderText {#text} at (0,312) size 62x12
                      text run at (0,312) width 62: "Walker Photo"
                  RenderText {#text} at (62,312) size 3x12
                    text run at (62,312) width 3: " "
                  RenderBR {BR} at (65,322) size 0x0
                  RenderInline {A} at (0,0) size 68x12 [color=#0000EE]
                    RenderText {#text} at (0,325) size 68x12
                      text run at (0,325) width 68: "Walker Resume"
                  RenderText {#text} at (0,0) size 0x0
                RenderBlock {P} at (0,8620) size 568x78
                  RenderInline {B} at (0,0) size 298x12
                    RenderInline {A} at (0,0) size 298x12 [color=#0000EE]
                      RenderText {#text} at (0,0) size 298x12
                        text run at (0,0) width 298: "Appendix H. Reserved Schema Names and Reserved Words"
                  RenderBR {BR} at (298,10) size 0x0
                  RenderBR {BR} at (0,13) size 0x12
                  RenderInline {A} at (0,0) size 87x12 [color=#0000EE]
                    RenderText {#text} at (0,26) size 87x12
                      text run at (0,26) width 87: "Reserved Schemas"
                  RenderText {#text} at (87,26) size 3x12
                    text run at (87,26) width 3: " "
                  RenderBR {BR} at (90,36) size 0x0
                  RenderInline {A} at (0,0) size 76x12 [color=#0000EE]
                    RenderText {#text} at (0,39) size 76x12
                      text run at (0,39) width 76: "Reserved Words"
                  RenderText {#text} at (76,39) size 3x12
                    text run at (76,39) width 3: " "
                  RenderBR {BR} at (79,49) size 0x0
                  RenderInline {A} at (0,0) size 122x12 [color=#0000EE]
                    RenderText {#text} at (0,52) size 122x12
                      text run at (0,52) width 122: "IBM SQL Reserved Words"
                  RenderText {#text} at (122,52) size 3x12
                    text run at (122,52) width 3: " "
                  RenderBR {BR} at (125,62) size 0x0
                  RenderInline {A} at (0,0) size 158x12 [color=#0000EE]
                    RenderText {#text} at (0,65) size 158x12
                      text run at (0,65) width 158: "ISO/ANS SQL92 Reserved Words"
                  RenderText {#text} at (0,0) size 0x0
                RenderBlock {P} at (0,8709) size 568x13
                  RenderInline {B} at (0,0) size 215x12
                    RenderInline {A} at (0,0) size 215x12 [color=#0000EE]
                      RenderText {#text} at (0,0) size 215x12
                        text run at (0,0) width 215: "Appendix I. Comparison of Isolation Levels"
                  RenderBR {BR} at (215,10) size 0x0
                RenderBlock {P} at (0,8733) size 568x13
                  RenderInline {B} at (0,0) size 257x12
                    RenderInline {A} at (0,0) size 257x12 [color=#0000EE]
                      RenderText {#text} at (0,0) size 257x12
                        text run at (0,0) width 257: "Appendix J. Interaction of Triggers and Constraints"
                  RenderBR {BR} at (257,10) size 0x0
                RenderBlock {P} at (0,8757) size 568x273
                  RenderInline {B} at (0,0) size 216x12
                    RenderInline {A} at (0,0) size 216x12 [color=#0000EE]
                      RenderText {#text} at (0,0) size 216x12
                        text run at (0,0) width 216: "Appendix K. Explain Tables and Definitions"
                  RenderBR {BR} at (216,10) size 0x0
                  RenderBR {BR} at (0,13) size 0x12
                  RenderInline {A} at (0,0) size 136x12 [color=#0000EE]
                    RenderText {#text} at (0,26) size 136x12
                      text run at (0,26) width 136: "EXPLAIN_ARGUMENT Table"
                  RenderText {#text} at (136,26) size 3x12
                    text run at (136,26) width 3: " "
                  RenderBR {BR} at (139,36) size 0x0
                  RenderInline {A} at (0,0) size 130x12 [color=#0000EE]
                    RenderText {#text} at (0,39) size 130x12
                      text run at (0,39) width 130: "EXPLAIN_INSTANCE Table"
                  RenderText {#text} at (130,39) size 3x12
                    text run at (130,39) width 3: " "
                  RenderBR {BR} at (133,49) size 0x0
                  RenderInline {A} at (0,0) size 117x12 [color=#0000EE]
                    RenderText {#text} at (0,52) size 117x12
                      text run at (0,52) width 117: "EXPLAIN_OBJECT Table"
                  RenderText {#text} at (117,52) size 3x12
                    text run at (117,52) width 3: " "
                  RenderBR {BR} at (120,62) size 0x0
                  RenderInline {A} at (0,0) size 133x12 [color=#0000EE]
                    RenderText {#text} at (0,65) size 133x12
                      text run at (0,65) width 133: "EXPLAIN_OPERATOR Table"
                  RenderText {#text} at (133,65) size 3x12
                    text run at (133,65) width 3: " "
                  RenderBR {BR} at (136,75) size 0x0
                  RenderInline {A} at (0,0) size 136x12 [color=#0000EE]
                    RenderText {#text} at (0,78) size 136x12
                      text run at (0,78) width 136: "EXPLAIN_PREDICATE Table"
                  RenderText {#text} at (136,78) size 3x12
                    text run at (136,78) width 3: " "
                  RenderBR {BR} at (139,88) size 0x0
                  RenderInline {A} at (0,0) size 137x12 [color=#0000EE]
                    RenderText {#text} at (0,91) size 137x12
                      text run at (0,91) width 137: "EXPLAIN_STATEMENT Table"
                  RenderText {#text} at (137,91) size 3x12
                    text run at (137,91) width 3: " "
                  RenderBR {BR} at (140,101) size 0x0
                  RenderInline {A} at (0,0) size 119x12 [color=#0000EE]
                    RenderText {#text} at (0,104) size 119x12
                      text run at (0,104) width 119: "EXPLAIN_STREAM Table"
                  RenderText {#text} at (119,104) size 3x12
                    text run at (119,104) width 3: " "
                  RenderBR {BR} at (122,114) size 0x0
                  RenderInline {A} at (0,0) size 104x12 [color=#0000EE]
                    RenderText {#text} at (0,117) size 104x12
                      text run at (0,117) width 104: "ADVISE_INDEX Table"
                  RenderText {#text} at (104,117) size 3x12
                    text run at (104,117) width 3: " "
                  RenderBR {BR} at (107,127) size 0x0
                  RenderInline {A} at (0,0) size 131x12 [color=#0000EE]
                    RenderText {#text} at (0,130) size 131x12
                      text run at (0,130) width 131: "ADVISE_WORKLOAD Table"
                  RenderText {#text} at (131,130) size 3x12
                    text run at (131,130) width 3: " "
                  RenderBR {BR} at (134,140) size 0x0
                  RenderInline {A} at (0,0) size 161x12 [color=#0000EE]
                    RenderText {#text} at (0,143) size 161x12
                      text run at (0,143) width 161: "Table Definitions for Explain Tables"
                  RenderText {#text} at (161,143) size 3x12
                    text run at (161,143) width 3: " "
                  RenderBR {BR} at (164,153) size 0x0
                  RenderInline {A} at (0,0) size 184x12 [color=#0000EE]
                    RenderText {#text} at (0,156) size 184x12
                      text run at (0,156) width 184: "EXPLAIN_ARGUMENT Table Definition"
                  RenderText {#text} at (184,156) size 3x12
                    text run at (184,156) width 3: " "
                  RenderBR {BR} at (187,166) size 0x0
                  RenderInline {A} at (0,0) size 178x12 [color=#0000EE]
                    RenderText {#text} at (0,169) size 178x12
                      text run at (0,169) width 178: "EXPLAIN_INSTANCE Table Definition"
                  RenderText {#text} at (178,169) size 3x12
                    text run at (178,169) width 3: " "
                  RenderBR {BR} at (181,179) size 0x0
                  RenderInline {A} at (0,0) size 165x12 [color=#0000EE]
                    RenderText {#text} at (0,182) size 165x12
                      text run at (0,182) width 165: "EXPLAIN_OBJECT Table Definition"
                  RenderText {#text} at (165,182) size 3x12
                    text run at (165,182) width 3: " "
                  RenderBR {BR} at (168,192) size 0x0
                  RenderInline {A} at (0,0) size 181x12 [color=#0000EE]
                    RenderText {#text} at (0,195) size 181x12
                      text run at (0,195) width 181: "EXPLAIN_OPERATOR Table Definition"
                  RenderText {#text} at (181,195) size 3x12
                    text run at (181,195) width 3: " "
                  RenderBR {BR} at (184,205) size 0x0
                  RenderInline {A} at (0,0) size 184x12 [color=#0000EE]
                    RenderText {#text} at (0,208) size 184x12
                      text run at (0,208) width 184: "EXPLAIN_PREDICATE Table Definition"
                  RenderText {#text} at (184,208) size 3x12
                    text run at (184,208) width 3: " "
                  RenderBR {BR} at (187,218) size 0x0
                  RenderInline {A} at (0,0) size 185x12 [color=#0000EE]
                    RenderText {#text} at (0,221) size 185x12
                      text run at (0,221) width 185: "EXPLAIN_STATEMENT Table Definition"
                  RenderText {#text} at (185,221) size 3x12
                    text run at (185,221) width 3: " "
                  RenderBR {BR} at (188,231) size 0x0
                  RenderInline {A} at (0,0) size 167x12 [color=#0000EE]
                    RenderText {#text} at (0,234) size 167x12
                      text run at (0,234) width 167: "EXPLAIN_STREAM Table Definition"
                  RenderText {#text} at (167,234) size 3x12
                    text run at (167,234) width 3: " "
                  RenderBR {BR} at (170,244) size 0x0
                  RenderInline {A} at (0,0) size 152x12 [color=#0000EE]
                    RenderText {#text} at (0,247) size 152x12
                      text run at (0,247) width 152: "ADVISE_INDEX Table Definition"
                  RenderText {#text} at (152,247) size 3x12
                    text run at (152,247) width 3: " "
                  RenderBR {BR} at (155,257) size 0x0
                  RenderInline {A} at (0,0) size 179x12 [color=#0000EE]
                    RenderText {#text} at (0,260) size 179x12
                      text run at (0,260) width 179: "ADVISE_WORKLOAD Table Definition"
                  RenderText {#text} at (0,0) size 0x0
                RenderBlock {P} at (0,9041) size 568x13
                  RenderInline {B} at (0,0) size 183x12
                    RenderInline {A} at (0,0) size 183x12 [color=#0000EE]
                      RenderText {#text} at (0,0) size 183x12
                        text run at (0,0) width 183: "Appendix L. Explain Register Values"
                  RenderBR {BR} at (183,10) size 0x0
                RenderBlock {P} at (0,9065) size 568x65
                  RenderInline {B} at (0,0) size 248x12
                    RenderInline {A} at (0,0) size 248x12 [color=#0000EE]
                      RenderText {#text} at (0,0) size 248x12
                        text run at (0,0) width 248: "Appendix M. Recursion Example: Bill of Materials"
                  RenderBR {BR} at (248,10) size 0x0
                  RenderBR {BR} at (0,13) size 0x12
                  RenderInline {A} at (0,0) size 158x12 [color=#0000EE]
                    RenderText {#text} at (0,26) size 158x12
                      text run at (0,26) width 158: "Example 1: Single Level Explosion"
                  RenderText {#text} at (158,26) size 3x12
                    text run at (158,26) width 3: " "
                  RenderBR {BR} at (161,36) size 0x0
                  RenderInline {A} at (0,0) size 158x12 [color=#0000EE]
                    RenderText {#text} at (0,39) size 158x12
                      text run at (0,39) width 158: "Example 2: Summarized Explosion"
                  RenderText {#text} at (158,39) size 3x12
                    text run at (158,39) width 3: " "
                  RenderBR {BR} at (161,49) size 0x0
                  RenderInline {A} at (0,0) size 138x12 [color=#0000EE]
                    RenderText {#text} at (0,52) size 138x12
                      text run at (0,52) width 138: "Example 3: Controlling Depth"
                  RenderText {#text} at (0,0) size 0x0
                RenderBlock {P} at (0,9141) size 568x65
                  RenderInline {B} at (0,0) size 151x12
                    RenderInline {A} at (0,0) size 151x12 [color=#0000EE]
                      RenderText {#text} at (0,0) size 151x12
                        text run at (0,0) width 151: "Appendix N. Exception Tables"
                  RenderBR {BR} at (151,10) size 0x0
                  RenderBR {BR} at (0,13) size 0x12
                  RenderInline {A} at (0,0) size 174x12 [color=#0000EE]
                    RenderText {#text} at (0,26) size 174x12
                      text run at (0,26) width 174: "Rules for Creating an Exception Table"
                  RenderText {#text} at (174,26) size 3x12
                    text run at (174,26) width 3: " "
                  RenderBR {BR} at (177,36) size 0x0
                  RenderInline {A} at (0,0) size 180x12 [color=#0000EE]
                    RenderText {#text} at (0,39) size 180x12
                      text run at (0,39) width 180: "Handling Rows in the Exception Tables"
                  RenderText {#text} at (180,39) size 3x12
                    text run at (180,39) width 3: " "
                  RenderBR {BR} at (183,49) size 0x0
                  RenderInline {A} at (0,0) size 140x12 [color=#0000EE]
                    RenderText {#text} at (0,52) size 140x12
                      text run at (0,52) width 140: "Querying the Exception Tables"
                  RenderText {#text} at (0,0) size 0x0
                RenderBlock {P} at (0,9217) size 568x286
                  RenderInline {B} at (0,0) size 340x12
                    RenderInline {A} at (0,0) size 340x12 [color=#0000EE]
                      RenderText {#text} at (0,0) size 340x12
                        text run at (0,0) width 340: "Appendix O. Japanese and Traditional-Chinese EUC Considerations"
                  RenderBR {BR} at (340,10) size 0x0
                  RenderBR {BR} at (0,13) size 0x12
                  RenderInline {A} at (0,0) size 89x12 [color=#0000EE]
                    RenderText {#text} at (0,26) size 89x12
                      text run at (0,26) width 89: "Language Elements"
                  RenderText {#text} at (89,26) size 3x12
                    text run at (89,26) width 3: " "
                  RenderBR {BR} at (92,36) size 0x0
                  RenderInline {A} at (0,0) size 51x12 [color=#0000EE]
                    RenderText {#text} at (0,39) size 51x12
                      text run at (0,39) width 51: "Characters"
                  RenderText {#text} at (51,39) size 3x12
                    text run at (51,39) width 3: " "
                  RenderBR {BR} at (54,49) size 0x0
                  RenderInline {A} at (0,0) size 32x12 [color=#0000EE]
                    RenderText {#text} at (0,52) size 32x12
                      text run at (0,52) width 32: "Tokens"
                  RenderText {#text} at (32,52) size 3x12
                    text run at (32,52) width 3: " "
                  RenderBR {BR} at (35,62) size 0x0
                  RenderInline {A} at (0,0) size 46x12 [color=#0000EE]
                    RenderText {#text} at (0,65) size 46x12
                      text run at (0,65) width 46: "Identifiers"
                  RenderText {#text} at (46,65) size 3x12
                    text run at (46,65) width 3: " "
                  RenderBR {BR} at (49,75) size 0x0
                  RenderInline {A} at (0,0) size 51x12 [color=#0000EE]
                    RenderText {#text} at (0,78) size 51x12
                      text run at (0,78) width 51: "Data Types"
                  RenderText {#text} at (51,78) size 3x12
                    text run at (51,78) width 3: " "
                  RenderBR {BR} at (54,88) size 0x0
                  RenderInline {A} at (0,0) size 143x12 [color=#0000EE]
                    RenderText {#text} at (0,91) size 143x12
                      text run at (0,91) width 143: "Assignments and Comparisons"
                  RenderText {#text} at (143,91) size 3x12
                    text run at (143,91) width 3: " "
                  RenderBR {BR} at (146,101) size 0x0
                  RenderInline {A} at (0,0) size 126x12 [color=#0000EE]
                    RenderText {#text} at (0,104) size 126x12
                      text run at (0,104) width 126: "Rules for Result Data Types"
                  RenderText {#text} at (126,104) size 3x12
                    text run at (126,104) width 3: " "
                  RenderBR {BR} at (129,114) size 0x0
                  RenderInline {A} at (0,0) size 135x12 [color=#0000EE]
                    RenderText {#text} at (0,117) size 135x12
                      text run at (0,117) width 135: "Rules for String Conversions"
                  RenderText {#text} at (135,117) size 3x12
                    text run at (135,117) width 3: " "
                  RenderBR {BR} at (138,127) size 0x0
                  RenderInline {A} at (0,0) size 49x12 [color=#0000EE]
                    RenderText {#text} at (0,130) size 49x12
                      text run at (0,130) width 49: "Constants"
                  RenderText {#text} at (49,130) size 3x12
                    text run at (49,130) width 3: " "
                  RenderBR {BR} at (52,140) size 0x0
                  RenderInline {A} at (0,0) size 45x12 [color=#0000EE]
                    RenderText {#text} at (0,143) size 45x12
                      text run at (0,143) width 45: "Functions"
                  RenderText {#text} at (45,143) size 3x12
                    text run at (45,143) width 3: " "
                  RenderBR {BR} at (48,153) size 0x0
                  RenderInline {A} at (0,0) size 57x12 [color=#0000EE]
                    RenderText {#text} at (0,156) size 57x12
                      text run at (0,156) width 57: "Expressions"
                  RenderText {#text} at (57,156) size 3x12
                    text run at (57,156) width 3: " "
                  RenderBR {BR} at (60,166) size 0x0
                  RenderInline {A} at (0,0) size 48x12 [color=#0000EE]
                    RenderText {#text} at (0,169) size 48x12
                      text run at (0,169) width 48: "Predicates"
                  RenderText {#text} at (48,169) size 3x12
                    text run at (48,169) width 3: " "
                  RenderBR {BR} at (51,179) size 0x0
                  RenderInline {A} at (0,0) size 45x12 [color=#0000EE]
                    RenderText {#text} at (0,182) size 45x12
                      text run at (0,182) width 45: "Functions"
                  RenderText {#text} at (45,182) size 3x12
                    text run at (45,182) width 3: " "
                  RenderBR {BR} at (48,192) size 0x0
                  RenderInline {A} at (0,0) size 42x12 [color=#0000EE]
                    RenderText {#text} at (0,195) size 42x12
                      text run at (0,195) width 42: "LENGTH"
                  RenderText {#text} at (42,195) size 3x12
                    text run at (42,195) width 3: " "
                  RenderBR {BR} at (45,205) size 0x0
                  RenderInline {A} at (0,0) size 41x12 [color=#0000EE]
                    RenderText {#text} at (0,208) size 41x12
                      text run at (0,208) width 41: "SUBSTR"
                  RenderText {#text} at (41,208) size 3x12
                    text run at (41,208) width 3: " "
                  RenderBR {BR} at (44,218) size 0x0
                  RenderInline {A} at (0,0) size 59x12 [color=#0000EE]
                    RenderText {#text} at (0,221) size 59x12
                      text run at (0,221) width 59: "TRANSLATE"
                  RenderText {#text} at (59,221) size 3x12
                    text run at (59,221) width 3: " "
                  RenderBR {BR} at (62,231) size 0x0
                  RenderInline {A} at (0,0) size 69x12 [color=#0000EE]
                    RenderText {#text} at (0,234) size 69x12
                      text run at (0,234) width 69: "VARGRAPHIC"
                  RenderText {#text} at (69,234) size 3x12
                    text run at (69,234) width 3: " "
                  RenderBR {BR} at (72,244) size 0x0
                  RenderInline {A} at (0,0) size 53x12 [color=#0000EE]
                    RenderText {#text} at (0,247) size 53x12
                      text run at (0,247) width 53: "Statements"
                  RenderText {#text} at (53,247) size 3x12
                    text run at (53,247) width 3: " "
                  RenderBR {BR} at (56,257) size 0x0
                  RenderInline {A} at (0,0) size 52x12 [color=#0000EE]
                    RenderText {#text} at (0,260) size 52x12
                      text run at (0,260) width 52: "CONNECT"
                  RenderText {#text} at (52,260) size 3x12
                    text run at (52,260) width 3: " "
                  RenderBR {BR} at (55,270) size 0x0
                  RenderInline {A} at (0,0) size 49x12 [color=#0000EE]
                    RenderText {#text} at (0,273) size 49x12
                      text run at (0,273) width 49: "PREPARE"
                  RenderText {#text} at (0,0) size 0x0
                RenderBlock {P} at (0,9514) size 568x13
                  RenderInline {B} at (0,0) size 238x12
                    RenderInline {A} at (0,0) size 238x12 [color=#0000EE]
                      RenderText {#text} at (0,0) size 238x12
                        text run at (0,0) width 238: "Appendix P. BNF Specifications for DATALINKs"
                  RenderBR {BR} at (238,10) size 0x0
                RenderBlock {P} at (0,9538) size 568x156
                  RenderInline {B} at (0,0) size 173x12
                    RenderInline {A} at (0,0) size 173x12 [color=#0000EE]
                      RenderText {#text} at (0,0) size 173x12
                        text run at (0,0) width 173: "Appendix Q. Using the DB2 Library"
                  RenderBR {BR} at (173,10) size 0x0
                  RenderBR {BR} at (0,13) size 0x12
                  RenderInline {A} at (0,0) size 157x12 [color=#0000EE]
                    RenderText {#text} at (0,26) size 157x12
                      text run at (0,26) width 157: "DB2 PDF Files and Printed Books"
                  RenderText {#text} at (157,26) size 3x12
                    text run at (157,26) width 3: " "
                  RenderBR {BR} at (160,36) size 0x0
                  RenderInline {A} at (0,0) size 78x12 [color=#0000EE]
                    RenderText {#text} at (0,39) size 78x12
                      text run at (0,39) width 78: "DB2 Information"
                  RenderText {#text} at (78,39) size 3x12
                    text run at (78,39) width 3: " "
                  RenderBR {BR} at (81,49) size 0x0
                  RenderInline {A} at (0,0) size 111x12 [color=#0000EE]
                    RenderText {#text} at (0,52) size 111x12
                      text run at (0,52) width 111: "Printing the PDF Books"
                  RenderText {#text} at (111,52) size 3x12
                    text run at (111,52) width 3: " "
                  RenderBR {BR} at (114,62) size 0x0
                  RenderInline {A} at (0,0) size 128x12 [color=#0000EE]
                    RenderText {#text} at (0,65) size 128x12
                      text run at (0,65) width 128: "Ordering the Printed Books"
                  RenderText {#text} at (128,65) size 3x12
                    text run at (128,65) width 3: " "
                  RenderBR {BR} at (131,75) size 0x0
                  RenderInline {A} at (0,0) size 126x12 [color=#0000EE]
                    RenderText {#text} at (0,78) size 126x12
                      text run at (0,78) width 126: "DB2 Online Documentation"
                  RenderText {#text} at (126,78) size 3x12
                    text run at (126,78) width 3: " "
                  RenderBR {BR} at (129,88) size 0x0
                  RenderInline {A} at (0,0) size 102x12 [color=#0000EE]
                    RenderText {#text} at (0,91) size 102x12
                      text run at (0,91) width 102: "Accessing Online Help"
                  RenderText {#text} at (102,91) size 3x12
                    text run at (102,91) width 3: " "
                  RenderBR {BR} at (105,101) size 0x0
                  RenderInline {A} at (0,0) size 125x12 [color=#0000EE]
                    RenderText {#text} at (0,104) size 125x12
                      text run at (0,104) width 125: "Viewing Information Online"
                  RenderText {#text} at (125,104) size 3x12
                    text run at (125,104) width 3: " "
                  RenderBR {BR} at (128,114) size 0x0
                  RenderInline {A} at (0,0) size 90x12 [color=#0000EE]
                    RenderText {#text} at (0,117) size 90x12
                      text run at (0,117) width 90: "Using DB2 Wizards"
                  RenderText {#text} at (90,117) size 3x12
                    text run at (90,117) width 3: " "
                  RenderBR {BR} at (93,127) size 0x0
                  RenderInline {A} at (0,0) size 143x12 [color=#0000EE]
                    RenderText {#text} at (0,130) size 143x12
                      text run at (0,130) width 143: "Setting Up a Document Server"
                  RenderText {#text} at (143,130) size 3x12
                    text run at (143,130) width 3: " "
                  RenderBR {BR} at (146,140) size 0x0
                  RenderInline {A} at (0,0) size 135x12 [color=#0000EE]
                    RenderText {#text} at (0,143) size 135x12
                      text run at (0,143) width 135: "Searching Information Online"
                  RenderText {#text} at (0,0) size 0x0
                RenderBlock {P} at (0,9705) size 568x39
                  RenderInline {B} at (0,0) size 102x12
                    RenderInline {A} at (0,0) size 102x12 [color=#0000EE]
                      RenderText {#text} at (0,0) size 102x12
                        text run at (0,0) width 102: "Appendix R. Notices"
                  RenderBR {BR} at (102,10) size 0x0
                  RenderBR {BR} at (0,13) size 0x12
                  RenderInline {A} at (0,0) size 52x12 [color=#0000EE]
                    RenderText {#text} at (0,26) size 52x12
                      text run at (0,26) width 52: "Trademarks"
                  RenderText {#text} at (0,0) size 0x0
                RenderBlock {P} at (0,9755) size 568x13
                  RenderInline {B} at (0,0) size 28x12
                    RenderInline {A} at (0,0) size 28x12 [color=#0000EE]
                      RenderText {#text} at (0,0) size 28x12
                        text run at (0,0) width 28: "Index"
                  RenderBR {BR} at (28,10) size 0x0
                RenderBlock {P} at (0,9779) size 568x39
                  RenderInline {B} at (0,0) size 77x12
                    RenderInline {A} at (0,0) size 77x12 [color=#0000EE]
                      RenderText {#text} at (0,0) size 77x12
                        text run at (0,0) width 77: "Contacting IBM"
                  RenderBR {BR} at (77,10) size 0x0
                  RenderBR {BR} at (0,13) size 0x12
                  RenderInline {A} at (0,0) size 94x12 [color=#0000EE]
                    RenderText {#text} at (0,26) size 94x12
                      text run at (0,26) width 94: "Product Information"
                  RenderText {#text} at (0,0) size 0x0
                  RenderInline {A} at (0,0) size 0x0
                  RenderText {#text} at (0,0) size 0x0
                RenderTable {TABLE} at (0,9829) size 24x24
                  RenderTableSection {TBODY} at (0,0) size 24x24
                    RenderTableRow {TR} at (0,2) size 24x0
                    RenderTableRow {TR} at (0,4) size 24x18
                      RenderTableCell {TD} at (2,4) size 9x18 [r=1 c=0 rs=1 cs=1]
                        RenderText {#text} at (1,1) size 7x16
                          text run at (1,1) width 7: "x"
                      RenderTableCell {TD} at (13,4) size 9x18 [r=1 c=1 rs=1 cs=1]
                        RenderText {#text} at (1,1) size 7x16
                          text run at (1,1) width 7: "x"
              RenderBlock (anonymous) at (2,9855) size 568x0
                RenderInline {FONT} at (0,0) size 0x0
