layer at (0,0) size 800x600
  RenderView at (0,0) size 800x600
layer at (0,0) size 800x600
  RenderBlock {HTML} at (0,0) size 800x600
    RenderBody {BODY} at (8,8) size 784x584
      RenderTable {TABLE} at (0,0) size 784x74 [bgcolor=#FFFF00] [border: (1px outset #808080)]
        RenderTableSection {TBODY} at (1,1) size 782x72
          RenderTableRow {TR} at (0,0) size 782x72
            RenderTableCell {TD} at (0,26) size 74x20 [bgcolor=#FF0000] [border: (1px inset #808080)] [r=0 c=0 rs=1 cs=1]
              RenderText {#text} at (26,2) size 21x16
                text run at (26,2) width 21: "xxx"
            RenderTableCell {TD} at (74,0) size 634x72 [border: (1px inset #808080)] [r=0 c=1 rs=1 cs=1]
              RenderTable {TABLE} at (2,2) size 630x22 [bgcolor=#00FF00] [border: (1px outset #808080)]
                RenderTableSection {TBODY} at (1,1) size 628x20
                  RenderTableRow {TR} at (0,0) size 628x20
                    RenderTableCell {TH} at (0,0) size 628x20 [border: (1px inset #808080)] [r=0 c=0 rs=1 cs=1]
                      RenderText {#text} at (170,2) size 287x16
                        text run at (170,2) width 287: "IceWM, The Window Manager Cool As Ice"
              RenderBlock {P} at (2,38) size 630x32
                RenderText {#text} at (0,0) size 348x16
                  text run at (0,0) width 348: "IceWM is a small, but powerful window manager for the "
                RenderInline {A} at (0,0) size 129x16 [color=#0000EE]
                  RenderText {#text} at (348,0) size 129x16
                    text run at (348,0) width 129: "X11 Window System"
                RenderText {#text} at (477,0) size 619x32
                  text run at (477,0) width 142: " whose main goals are"
                  text run at (0,16) width 82: "the following:"
            RenderTableCell {TD} at (708,26) size 74x20 [bgcolor=#0000FF] [border: (1px inset #808080)] [r=0 c=2 rs=1 cs=1]
              RenderText {#text} at (26,2) size 21x16
                text run at (26,2) width 21: "yyy"
