layer at (0,0) size 800x600
  RenderView at (0,0) size 800x600
layer at (0,0) size 800x600
  RenderBlock {HTML} at (0,0) size 800x600
    RenderBody {BODY} at (8,8) size 784x578
      RenderBlock {P} at (0,0) size 784x38
        RenderBlock (anonymous) at (0,0) size 784x16
          RenderInline {CODE} at (0,0) size 124x16
            RenderText {#text} at (0,0) size 124x16
              text run at (0,0) width 124: "<TABLE border=\"0\" frame=\"void\">"
          RenderText {#text} at (0,0) size 0x0
        RenderTable {TABLE} at (0,16) size 67x22
          RenderTableSection {TBODY} at (0,0) size 67x22
            RenderTableRow {TR} at (0,2) size 67x18
              RenderTableCell {TD} at (2,2) size 26x18 [r=0 c=0 rs=1 cs=1]
                RenderText {#text} at (1,1) size 24x16
                  text run at (1,1) width 24: "Left"
              RenderTableCell {TD} at (30,2) size 35x18 [r=0 c=1 rs=1 cs=1]
                RenderText {#text} at (1,1) size 33x16
                  text run at (1,1) width 33: "Right"
