layer at (0,0) size 342x77
  RenderView at (0,0) size 96x26
layer at (0,0) size 342x77
  RenderBlock {HTML} at (0,0) size 96x77
    RenderBody {BODY} at (8,8) size 80x61
      RenderTable {TABLE} at (0,0) size 334x61 [border: (1px outset #808080)]
        RenderTableSection {TBODY} at (1,1) size 332x59
          RenderTableRow {TR} at (0,2) size 332x55
            RenderTableCell {TD} at (2,3) size 267x52 [border: (1px inset #808080)] [r=0 c=0 rs=1 cs=1]
              RenderText {#text} at (2,2) size 247x48
                text run at (2,2) width 247: "This section will provide you with all the"
                text run at (2,18) width 100: "information you "
                text run at (102,18) width 147: "may need to use any of"
                text run at (2,34) width 141: "your Internet software."
            RenderTableCell {TD} at (271,2) size 59x55 [border: (1px inset #808080)] [r=0 c=1 rs=1 cs=1]
              RenderImage {IMG} at (5,2) size 52x51
