layer at (0,0) size 113x113
  RenderView at (0,0) size 96x26
layer at (0,0) size 96x8
  RenderBlock {HTML} at (0,0) size 96x8
    RenderBody {BODY} at (8,8) size 80x0
layer at (37,37) size 76x76
  RenderTable {TABLE} at (37,37) size 76x76 [border: (10px solid #000060)]
    RenderTableSection {TBODY} at (10,10) size 56x56
      RenderTableRow {TR} at (0,0) size 56x28
        RenderTableCell {TD} at (0,0) size 56x28 [border: (10px none #000000)] [r=0 c=0 rs=1 cs=1]
          RenderText {#text} at (11,11) size 34x16
            text run at (11,11) width 34: "line 1"
      RenderTableRow {TR} at (0,28) size 56x28
        RenderTableCell {TD} at (0,28) size 56x28 [border: none] [r=1 c=0 rs=1 cs=1]
          RenderText {#text} at (11,1) size 34x16
            text run at (11,1) width 34: "line 2"
