layer at (0,0) size 800x606
  RenderView at (0,0) size 800x600
layer at (0,0) size 800x606
  RenderBlock {HTML} at (0,0) size 800x606
    RenderBody {BODY} at (8,8) size 784x584
      RenderTable {TABLE} at (0,0) size 25x0
        RenderTableSection {TBODY} at (0,0) size 25x0
          RenderTableRow {TR} at (0,0) size 25x0
            RenderTableCell {TD} at (0,0) size 2x0 [r=0 c=0 rs=1 cs=1]
            RenderTableCell {TD} at (2,0) size 1x0 [r=0 c=1 rs=1 cs=1]
            RenderTableCell {TD} at (3,0) size 1x0 [r=0 c=2 rs=1 cs=1]
            RenderTableCell {TD} at (4,0) size 1x0 [r=0 c=3 rs=1 cs=1]
            RenderTableCell {TD} at (5,0) size 1x0 [r=0 c=4 rs=1 cs=1]
            RenderTableCell {TD} at (6,0) size 1x0 [r=0 c=5 rs=1 cs=1]
            RenderTableCell {TD} at (7,0) size 1x0 [r=0 c=6 rs=1 cs=1]
            RenderTableCell {TD} at (8,0) size 1x0 [r=0 c=7 rs=1 cs=1]
            RenderTableCell {TD} at (9,0) size 1x0 [r=0 c=8 rs=1 cs=1]
            RenderTableCell {TD} at (10,0) size 1x0 [r=0 c=9 rs=1 cs=1]
            RenderTableCell {TD} at (11,0) size 1x0 [r=0 c=10 rs=1 cs=1]
            RenderTableCell {TD} at (12,0) size 1x0 [r=0 c=11 rs=1 cs=1]
            RenderTableCell {TD} at (13,0) size 1x0 [r=0 c=12 rs=1 cs=1]
            RenderTableCell {TD} at (14,0) size 1x0 [r=0 c=13 rs=1 cs=1]
            RenderTableCell {TD} at (15,0) size 1x0 [r=0 c=14 rs=1 cs=1]
            RenderTableCell {TD} at (16,0) size 1x0 [r=0 c=15 rs=1 cs=1]
            RenderTableCell {TD} at (17,0) size 8x0 [r=0 c=16 rs=1 cs=1]
      RenderTable {TABLE} at (0,0) size 12x0
        RenderTableSection {TBODY} at (0,0) size 12x0
          RenderTableRow {TR} at (0,0) size 12x0
            RenderTableCell {TD} at (0,0) size 1x0 [r=0 c=0 rs=1 cs=1]
            RenderTableCell {TD} at (1,0) size 1x0 [r=0 c=1 rs=1 cs=1]
            RenderTableCell {TD} at (2,0) size 1x0 [r=0 c=2 rs=1 cs=1]
            RenderTableCell {TD} at (3,0) size 1x0 [r=0 c=3 rs=1 cs=1]
            RenderTableCell {TD} at (4,0) size 8x0 [r=0 c=4 rs=1 cs=1]
      RenderTable {TABLE} at (0,0) size 13x0
        RenderTableSection {TBODY} at (0,0) size 13x0
          RenderTableRow {TR} at (0,0) size 13x0
            RenderTableCell {TD} at (0,0) size 2x0 [r=0 c=0 rs=1 cs=1]
            RenderTableCell {TD} at (2,0) size 1x0 [r=0 c=1 rs=1 cs=1]
            RenderTableCell {TD} at (3,0) size 1x0 [r=0 c=2 rs=1 cs=1]
            RenderTableCell {TD} at (4,0) size 1x0 [r=0 c=3 rs=1 cs=1]
            RenderTableCell {TD} at (5,0) size 8x0 [r=0 c=4 rs=1 cs=1]
      RenderTable {TABLE} at (0,0) size 24x0
        RenderTableSection {TBODY} at (0,0) size 24x0
          RenderTableRow {TR} at (0,0) size 24x0
            RenderTableCell {TD} at (0,0) size 2x0 [r=0 c=0 rs=1 cs=1]
            RenderTableCell {TD} at (2,0) size 2x0 [r=0 c=1 rs=1 cs=1]
            RenderTableCell {TD} at (4,0) size 2x0 [r=0 c=2 rs=1 cs=1]
            RenderTableCell {TD} at (6,0) size 2x0 [r=0 c=3 rs=1 cs=1]
            RenderTableCell {TD} at (8,0) size 16x0 [r=0 c=4 rs=1 cs=1]
      RenderTable {TABLE} at (0,0) size 25x0
        RenderTableSection {TBODY} at (0,0) size 25x0
          RenderTableRow {TR} at (0,0) size 25x0
            RenderTableCell {TD} at (0,0) size 3x0 [r=0 c=0 rs=1 cs=1]
            RenderTableCell {TD} at (3,0) size 2x0 [r=0 c=1 rs=1 cs=1]
            RenderTableCell {TD} at (5,0) size 2x0 [r=0 c=2 rs=1 cs=1]
            RenderTableCell {TD} at (7,0) size 2x0 [r=0 c=3 rs=1 cs=1]
            RenderTableCell {TD} at (9,0) size 16x0 [r=0 c=4 rs=1 cs=1]
      RenderTable {TABLE} at (0,0) size 17x0
        RenderTableSection {TBODY} at (0,0) size 17x0
          RenderTableRow {TR} at (0,0) size 17x0
            RenderTableCell {TD} at (0,0) size 2x0 [r=0 c=0 rs=1 cs=1]
            RenderTableCell {TD} at (2,0) size 2x0 [r=0 c=1 rs=1 cs=1]
            RenderTableCell {TD} at (4,0) size 2x0 [r=0 c=2 rs=1 cs=1]
            RenderTableCell {TD} at (6,0) size 2x0 [r=0 c=3 rs=1 cs=1]
            RenderTableCell {TD} at (8,0) size 2x0 [r=0 c=4 rs=1 cs=1]
            RenderTableCell {TD} at (10,0) size 2x0 [r=0 c=5 rs=1 cs=1]
            RenderTableCell {TD} at (12,0) size 2x0 [r=0 c=6 rs=1 cs=1]
            RenderTableCell {TD} at (14,0) size 1x0 [r=0 c=7 rs=1 cs=1]
            RenderTableCell {TD} at (15,0) size 1x0 [r=0 c=8 rs=1 cs=1]
            RenderTableCell {TD} at (16,0) size 1x0 [r=0 c=9 rs=1 cs=1]
      RenderBlock {PRE} at (0,14) size 784x570
        RenderText {#text} at (0,1) size 216x17
          text run at (0,1) width 216: "Specified table width: 25px"
          text run at (216,1) width 0: " "
        RenderText {#text} at (0,20) size 216x17
          text run at (0,20) width 216: "Actual table width:    25px"
          text run at (216,20) width 0: " "
        RenderText {#text} at (0,39) size 168x17
          text run at (0,39) width 168: "Specified TD widths: "
        RenderText {#text} at (168,39) size 32x17
          text run at (168,39) width 32: "1px "
        RenderText {#text} at (200,39) size 32x17
          text run at (200,39) width 32: "1px "
        RenderText {#text} at (232,39) size 32x17
          text run at (232,39) width 32: "1px "
        RenderText {#text} at (264,39) size 32x17
          text run at (264,39) width 32: "1px "
        RenderText {#text} at (296,39) size 32x17
          text run at (296,39) width 32: "1px "
        RenderText {#text} at (328,39) size 32x17
          text run at (328,39) width 32: "1px "
        RenderText {#text} at (360,39) size 32x17
          text run at (360,39) width 32: "1px "
        RenderText {#text} at (392,39) size 32x17
          text run at (392,39) width 32: "1px "
        RenderText {#text} at (424,39) size 32x17
          text run at (424,39) width 32: "1px "
        RenderText {#text} at (456,39) size 32x17
          text run at (456,39) width 32: "1px "
        RenderText {#text} at (488,39) size 32x17
          text run at (488,39) width 32: "1px "
        RenderText {#text} at (520,39) size 32x17
          text run at (520,39) width 32: "1px "
        RenderText {#text} at (552,39) size 32x17
          text run at (552,39) width 32: "1px "
        RenderText {#text} at (584,39) size 32x17
          text run at (584,39) width 32: "1px "
        RenderText {#text} at (616,39) size 32x17
          text run at (616,39) width 32: "1px "
        RenderText {#text} at (648,39) size 32x17
          text run at (648,39) width 32: "1px "
        RenderText {#text} at (680,39) size 32x17
          text run at (680,39) width 32: "8px "
        RenderText {#text} at (712,39) size 0x17
          text run at (712,39) width 0: " "
        RenderText {#text} at (0,58) size 168x17
          text run at (0,58) width 168: "Actual TD widths:    "
        RenderText {#text} at (168,58) size 32x17
          text run at (168,58) width 32: "2px "
        RenderText {#text} at (200,58) size 32x17
          text run at (200,58) width 32: "1px "
        RenderText {#text} at (232,58) size 32x17
          text run at (232,58) width 32: "1px "
        RenderText {#text} at (264,58) size 32x17
          text run at (264,58) width 32: "1px "
        RenderText {#text} at (296,58) size 32x17
          text run at (296,58) width 32: "1px "
        RenderText {#text} at (328,58) size 32x17
          text run at (328,58) width 32: "1px "
        RenderText {#text} at (360,58) size 32x17
          text run at (360,58) width 32: "1px "
        RenderText {#text} at (392,58) size 32x17
          text run at (392,58) width 32: "1px "
        RenderText {#text} at (424,58) size 32x17
          text run at (424,58) width 32: "1px "
        RenderText {#text} at (456,58) size 32x17
          text run at (456,58) width 32: "1px "
        RenderText {#text} at (488,58) size 32x17
          text run at (488,58) width 32: "1px "
        RenderText {#text} at (520,58) size 32x17
          text run at (520,58) width 32: "1px "
        RenderText {#text} at (552,58) size 32x17
          text run at (552,58) width 32: "1px "
        RenderText {#text} at (584,58) size 32x17
          text run at (584,58) width 32: "1px "
        RenderText {#text} at (616,58) size 32x17
          text run at (616,58) width 32: "1px "
        RenderText {#text} at (648,58) size 32x17
          text run at (648,58) width 32: "1px "
        RenderText {#text} at (680,58) size 32x17
          text run at (680,58) width 32: "8px "
        RenderText {#text} at (712,58) size 712x36
          text run at (712,58) width 0: " "
          text run at (0,77) width 0: " "
        RenderText {#text} at (0,96) size 216x17
          text run at (0,96) width 216: "Specified table width: 12px"
          text run at (216,96) width 0: " "
        RenderText {#text} at (0,115) size 216x17
          text run at (0,115) width 216: "Actual table width:    12px"
          text run at (216,115) width 0: " "
        RenderText {#text} at (0,134) size 168x17
          text run at (0,134) width 168: "Specified TD widths: "
        RenderText {#text} at (168,134) size 32x17
          text run at (168,134) width 32: "1px "
        RenderText {#text} at (200,134) size 32x17
          text run at (200,134) width 32: "1px "
        RenderText {#text} at (232,134) size 32x17
          text run at (232,134) width 32: "1px "
        RenderText {#text} at (264,134) size 32x17
          text run at (264,134) width 32: "1px "
        RenderText {#text} at (296,134) size 32x17
          text run at (296,134) width 32: "8px "
        RenderText {#text} at (328,134) size 0x17
          text run at (328,134) width 0: " "
        RenderText {#text} at (0,153) size 168x17
          text run at (0,153) width 168: "Actual TD widths:    "
        RenderText {#text} at (168,153) size 32x17
          text run at (168,153) width 32: "1px "
        RenderText {#text} at (200,153) size 32x17
          text run at (200,153) width 32: "1px "
        RenderText {#text} at (232,153) size 32x17
          text run at (232,153) width 32: "1px "
        RenderText {#text} at (264,153) size 32x17
          text run at (264,153) width 32: "1px "
        RenderText {#text} at (296,153) size 32x17
          text run at (296,153) width 32: "8px "
        RenderText {#text} at (328,153) size 328x36
          text run at (328,153) width 0: " "
          text run at (0,172) width 0: " "
        RenderText {#text} at (0,191) size 216x17
          text run at (0,191) width 216: "Specified table width: 13px"
          text run at (216,191) width 0: " "
        RenderText {#text} at (0,210) size 216x17
          text run at (0,210) width 216: "Actual table width:    13px"
          text run at (216,210) width 0: " "
        RenderText {#text} at (0,229) size 168x17
          text run at (0,229) width 168: "Specified TD widths: "
        RenderText {#text} at (168,229) size 32x17
          text run at (168,229) width 32: "1px "
        RenderText {#text} at (200,229) size 32x17
          text run at (200,229) width 32: "1px "
        RenderText {#text} at (232,229) size 32x17
          text run at (232,229) width 32: "1px "
        RenderText {#text} at (264,229) size 32x17
          text run at (264,229) width 32: "1px "
        RenderText {#text} at (296,229) size 32x17
          text run at (296,229) width 32: "8px "
        RenderText {#text} at (328,229) size 0x17
          text run at (328,229) width 0: " "
        RenderText {#text} at (0,248) size 168x17
          text run at (0,248) width 168: "Actual TD widths:    "
        RenderText {#text} at (168,248) size 32x17
          text run at (168,248) width 32: "2px "
        RenderText {#text} at (200,248) size 32x17
          text run at (200,248) width 32: "1px "
        RenderText {#text} at (232,248) size 32x17
          text run at (232,248) width 32: "1px "
        RenderText {#text} at (264,248) size 32x17
          text run at (264,248) width 32: "1px "
        RenderText {#text} at (296,248) size 32x17
          text run at (296,248) width 32: "8px "
        RenderText {#text} at (328,248) size 328x36
          text run at (328,248) width 0: " "
          text run at (0,267) width 0: " "
        RenderText {#text} at (0,286) size 216x17
          text run at (0,286) width 216: "Specified table width: 24px"
          text run at (216,286) width 0: " "
        RenderText {#text} at (0,305) size 216x17
          text run at (0,305) width 216: "Actual table width:    24px"
          text run at (216,305) width 0: " "
        RenderText {#text} at (0,324) size 168x17
          text run at (0,324) width 168: "Specified TD widths: "
        RenderText {#text} at (168,324) size 32x17
          text run at (168,324) width 32: "1px "
        RenderText {#text} at (200,324) size 32x17
          text run at (200,324) width 32: "1px "
        RenderText {#text} at (232,324) size 32x17
          text run at (232,324) width 32: "1px "
        RenderText {#text} at (264,324) size 32x17
          text run at (264,324) width 32: "1px "
        RenderText {#text} at (296,324) size 32x17
          text run at (296,324) width 32: "8px "
        RenderText {#text} at (328,324) size 0x17
          text run at (328,324) width 0: " "
        RenderText {#text} at (0,343) size 168x17
          text run at (0,343) width 168: "Actual TD widths:    "
        RenderText {#text} at (168,343) size 32x17
          text run at (168,343) width 32: "2px "
        RenderText {#text} at (200,343) size 32x17
          text run at (200,343) width 32: "2px "
        RenderText {#text} at (232,343) size 32x17
          text run at (232,343) width 32: "2px "
        RenderText {#text} at (264,343) size 32x17
          text run at (264,343) width 32: "2px "
        RenderText {#text} at (296,343) size 40x17
          text run at (296,343) width 40: "16px "
        RenderText {#text} at (336,343) size 336x36
          text run at (336,343) width 0: " "
          text run at (0,362) width 0: " "
        RenderText {#text} at (0,381) size 216x17
          text run at (0,381) width 216: "Specified table width: 25px"
          text run at (216,381) width 0: " "
        RenderText {#text} at (0,400) size 216x17
          text run at (0,400) width 216: "Actual table width:    25px"
          text run at (216,400) width 0: " "
        RenderText {#text} at (0,419) size 168x17
          text run at (0,419) width 168: "Specified TD widths: "
        RenderText {#text} at (168,419) size 32x17
          text run at (168,419) width 32: "1px "
        RenderText {#text} at (200,419) size 32x17
          text run at (200,419) width 32: "1px "
        RenderText {#text} at (232,419) size 32x17
          text run at (232,419) width 32: "1px "
        RenderText {#text} at (264,419) size 32x17
          text run at (264,419) width 32: "1px "
        RenderText {#text} at (296,419) size 32x17
          text run at (296,419) width 32: "8px "
        RenderText {#text} at (328,419) size 0x17
          text run at (328,419) width 0: " "
        RenderText {#text} at (0,438) size 168x17
          text run at (0,438) width 168: "Actual TD widths:    "
        RenderText {#text} at (168,438) size 32x17
          text run at (168,438) width 32: "3px "
        RenderText {#text} at (200,438) size 32x17
          text run at (200,438) width 32: "2px "
        RenderText {#text} at (232,438) size 32x17
          text run at (232,438) width 32: "2px "
        RenderText {#text} at (264,438) size 32x17
          text run at (264,438) width 32: "2px "
        RenderText {#text} at (296,438) size 40x17
          text run at (296,438) width 40: "16px "
        RenderText {#text} at (336,438) size 336x36
          text run at (336,438) width 0: " "
          text run at (0,457) width 0: " "
        RenderText {#text} at (0,476) size 216x17
          text run at (0,476) width 216: "Specified table width: 17px"
          text run at (216,476) width 0: " "
        RenderText {#text} at (0,495) size 216x17
          text run at (0,495) width 216: "Actual table width:    17px"
          text run at (216,495) width 0: " "
        RenderText {#text} at (0,514) size 168x17
          text run at (0,514) width 168: "Specified TD widths: "
        RenderText {#text} at (168,514) size 32x17
          text run at (168,514) width 32: "10% "
        RenderText {#text} at (200,514) size 32x17
          text run at (200,514) width 32: "10% "
        RenderText {#text} at (232,514) size 32x17
          text run at (232,514) width 32: "10% "
        RenderText {#text} at (264,514) size 32x17
          text run at (264,514) width 32: "10% "
        RenderText {#text} at (296,514) size 32x17
          text run at (296,514) width 32: "10% "
        RenderText {#text} at (328,514) size 32x17
          text run at (328,514) width 32: "10% "
        RenderText {#text} at (360,514) size 32x17
          text run at (360,514) width 32: "10% "
        RenderText {#text} at (392,514) size 32x17
          text run at (392,514) width 32: "10% "
        RenderText {#text} at (424,514) size 32x17
          text run at (424,514) width 32: "10% "
        RenderText {#text} at (456,514) size 32x17
          text run at (456,514) width 32: "10% "
        RenderText {#text} at (488,514) size 0x17
          text run at (488,514) width 0: " "
        RenderText {#text} at (0,533) size 168x17
          text run at (0,533) width 168: "Actual TD widths:    "
        RenderText {#text} at (168,533) size 32x17
          text run at (168,533) width 32: "2px "
        RenderText {#text} at (200,533) size 32x17
          text run at (200,533) width 32: "2px "
        RenderText {#text} at (232,533) size 32x17
          text run at (232,533) width 32: "2px "
        RenderText {#text} at (264,533) size 32x17
          text run at (264,533) width 32: "2px "
        RenderText {#text} at (296,533) size 32x17
          text run at (296,533) width 32: "2px "
        RenderText {#text} at (328,533) size 32x17
          text run at (328,533) width 32: "2px "
        RenderText {#text} at (360,533) size 32x17
          text run at (360,533) width 32: "2px "
        RenderText {#text} at (392,533) size 32x17
          text run at (392,533) width 32: "1px "
        RenderText {#text} at (424,533) size 32x17
          text run at (424,533) width 32: "1px "
        RenderText {#text} at (456,533) size 32x17
          text run at (456,533) width 32: "1px "
        RenderText {#text} at (488,533) size 488x36
          text run at (488,533) width 0: " "
          text run at (0,552) width 0: " "
