layer at (0,0) size 504x118
  RenderView at (0,0) size 96x26
layer at (0,0) size 504x118
  RenderBlock {HTML} at (0,0) size 96x118
    RenderBody {BODY} at (8,8) size 80x102
      RenderTable {TABLE} at (0,0) size 496x102
        RenderTableSection {TBODY} at (0,0) size 496x102
          RenderTableRow {TR} at (0,2) size 496x98
            RenderTableCell {TD} at (2,2) size 40x98 [r=0 c=0 rs=1 cs=1]
              RenderText {#text} at (1,1) size 38x96
                text run at (1,1) width 30: "Let's"
                text run at (1,17) width 19: "put"
                text run at (1,33) width 34: "some"
                text run at (1,49) width 38: "space"
                text run at (1,65) width 11: "in"
                text run at (1,81) width 33: "here!"
            RenderTableCell {TD} at (44,21) size 450x60 [r=0 c=1 rs=1 cs=1]
              RenderTable {TABLE} at (1,1) size 448x58
                RenderTableSection {TBODY} at (0,0) size 448x58
                  RenderTableRow {TR} at (0,2) size 448x54
                    RenderTableCell {TD} at (2,2) size 444x54 [r=0 c=0 rs=1 cs=1]
                      RenderTable {TABLE} at (1,1) size 442x52
                        RenderTableSection {TBODY} at (0,0) size 442x52
                          RenderTableRow {TR} at (0,2) size 442x48
                            RenderTableCell {TD} at (2,2) size 438x48 [r=0 c=0 rs=1 cs=1]
                              RenderImage {IMG} at (1,1) size 4x1
                              RenderImage {IMG} at (1,7) size 436x35
                              RenderText {#text} at (0,0) size 0x0
                              RenderInline {MAP} at (0,0) size 0x0
                                RenderText {#text} at (0,0) size 0x0
                                RenderText {#text} at (0,0) size 0x0
                                RenderText {#text} at (0,0) size 0x0
                                RenderText {#text} at (0,0) size 0x0
                                RenderText {#text} at (0,0) size 0x0
                                RenderText {#text} at (0,0) size 0x0
                                RenderText {#text} at (0,0) size 0x0
                                RenderText {#text} at (0,0) size 0x0
                                RenderText {#text} at (0,0) size 0x0
                                RenderText {#text} at (0,0) size 0x0
                              RenderText {#text} at (0,0) size 0x0
