layer at (0,0) size 808x46
  RenderView at (0,0) size 96x26
layer at (0,0) size 808x46
  RenderBlock {HTML} at (0,0) size 96x46
    RenderBody {BODY} at (8,8) size 80x30
      RenderTable {TABLE} at (0,0) size 800x30 [border: (1px outset #808080)]
        RenderTableSection {TBODY} at (1,1) size 798x28
          RenderTableRow {TR} at (0,2) size 798x24
            RenderTableCell {TD} at (2,2) size 794x24 [border: (1px inset #808080)] [r=0 c=0 rs=1 cs=1]
              RenderTable {TABLE} at (2,2) size 790x20 [border: (1px outset #808080)]
                RenderTableSection {TBODY} at (1,1) size 788x18
                  RenderTableRow {TR} at (0,2) size 788x14
                    RenderTableCell {TD} at (2,2) size 784x20 [border: (1px inset #808080)] [r=0 c=0 rs=1 cs=1]
                      RenderPartObject {IFRAME} at (2,2) size 790x16 [border: (5px solid #0000FF)]
                        layer at (0,0) size 776x1642
                          RenderView at (0,0) size 776x2
                        layer at (0,0) size 776x1642
                          RenderBlock {HTML} at (0,0) size 776x1642
                            RenderBody {BODY} at (0,0) size 776x1642 [bgcolor=#53799F]
                              RenderBlock {CENTER} at (0,0) size 776x1642
                                RenderBlock (anonymous) at (0,0) size 776x16
                                  RenderBR {BR} at (388,0) size 0x16
                                RenderTable {TABLE} at (19,16) size 737x1610 [border: (1px solid #000000)]
                                  RenderTableSection {TBODY} at (1,1) size 735x1608
                                    RenderTableRow {TR} at (0,0) size 735x18
                                      RenderTableCell {TD} at (0,0) size 735x18 [bgcolor=#3F5694] [border: (1px solid #000000)] [r=0 c=0 rs=1 cs=1]
                                        RenderText {#text} at (350,1) size 35x16
                                          text run at (350,1) width 35: "News"
                                    RenderTableRow {TR} at (0,18) size 735x34
                                      RenderTableCell {TD} at (0,18) size 735x34 [border: (1px solid #000000)] [r=1 c=0 rs=1 cs=1]
                                        RenderInline {B} at (0,0) size 93x16
                                          RenderText {#text} at (321,1) size 93x16
                                            text run at (321,1) width 93: "11. M\x{E4}rz 2002"
                                        RenderBR {BR} at (414,14) size 0x0
                                        RenderText {#text} at (61,17) size 613x16
                                          text run at (61,17) width 480: "nun gibt es auch eine kommerzielle Version vom PopUp-Manager, mehr Info "
                                          text run at (541,17) width 133: "unter komerz. Scripte"
                                    RenderTableRow {TR} at (0,52) size 735x34
                                      RenderTableCell {TD} at (0,52) size 735x34 [border: (1px solid #000000)] [r=2 c=0 rs=1 cs=1]
                                        RenderInline {B} at (0,0) size 89x16
                                          RenderText {#text} at (323,1) size 89x16
                                            text run at (323,1) width 89: "09.M\x{E4}rz 2002"
                                          RenderBR {BR} at (412,14) size 0x0
                                        RenderText {#text} at (167,17) size 400x16
                                          text run at (167,17) width 400: "neues Script ist online, PopUp-Manager, mehr Info unter Scripte"
                                    RenderTableRow {TR} at (0,86) size 735x34
                                      RenderTableCell {TD} at (0,86) size 735x34 [border: (1px solid #000000)] [r=3 c=0 rs=1 cs=1]
                                        RenderText {#text} at (306,1) size 123x16
                                          text run at (306,1) width 123: "17. November 2001"
                                        RenderBR {BR} at (429,14) size 0x0
                                        RenderText {#text} at (289,17) size 157x16
                                          text run at (289,17) width 157: "Endlich wieder Online! :-)"
                                    RenderTableRow {TR} at (0,120) size 735x146
                                      RenderTableCell {TD} at (0,120) size 735x146 [border: (1px solid #000000)] [r=4 c=0 rs=1 cs=1]
                                        RenderText {#text} at (275,1) size 185x16
                                          text run at (275,1) width 185: "23. Oktober 2001 (21:00 Uhr)"
                                        RenderBR {BR} at (460,14) size 0x0
                                        RenderText {#text} at (314,17) size 106x16
                                          text run at (314,17) width 106: "Es ist vollbracht! "
                                        RenderBR {BR} at (420,30) size 0x0
                                        RenderText {#text} at (210,33) size 315x16
                                          text run at (210,33) width 315: "Ich habe nun den .htaccess-BUG bei den Scripten:"
                                        RenderBR {BR} at (525,46) size 0x0
                                        RenderText {#text} at (106,49) size 522x16
                                          text run at (106,49) width 522: "The Real Topsites, Sponsor Manager, Download Manager und Password Manager"
                                        RenderBR {BR} at (628,62) size 0x0
                                        RenderText {#text} at (125,65) size 485x16
                                          text run at (125,65) width 428: "abgeschafft, brauchte 2 Tage daf\x{FC}r, dabei lag der Fehler vor meiner "
                                          text run at (553,65) width 57: "Nase ! :-)"
                                        RenderBR {BR} at (610,78) size 0x0
                                        RenderText {#text} at (11,81) size 727x64
                                          text run at (11,81) width 373: "F\x{FC}r Euch hei\x{DF}t es, wenn Ihr eines der Scripte benutzt, ladet "
                                          text run at (384,81) width 340: "Euch die admin.cgi runter und vereinbart unbedingt ein"
                                          text run at (17,97) width 112: "neues Password! "
                                          text run at (129,97) width 435: "Au\x{DF}erdem wurde bei der Toplist die Sache mit dem Button Load/Klick "
                                          text run at (564,97) width 153: "um programmiert, f\x{FC}r die"
                                          text run at (4,113) width 295: "Leute die den Button Load/Klick Modus haben, "
                                          text run at (299,113) width 432: "Ihr m\x{FC}st Euch auch die topsites.cgi laden und im Admin Bereich unter"
                                          text run at (215,129) width 305: "Modus unten die URL zu Eurem Button angeben!"
                                    RenderTableRow {TR} at (0,266) size 735x34
                                      RenderTableCell {TD} at (0,266) size 735x34 [border: (1px solid #000000)] [r=5 c=0 rs=1 cs=1]
                                        RenderText {#text} at (313,1) size 109x16
                                          text run at (313,1) width 109: "22. Oktober 2001"
                                        RenderBR {BR} at (422,14) size 0x0
                                        RenderText {#text} at (133,17) size 469x16
                                          text run at (133,17) width 424: "Download-Bereich ist vorrerst geschlo\x{DF}en, kommen Sie bitte sp\x{E4}ter "
                                          text run at (557,17) width 45: "wieder."
                                    RenderTableRow {TR} at (0,300) size 735x50
                                      RenderTableCell {TD} at (0,300) size 735x50 [border: (1px solid #000000)] [r=6 c=0 rs=1 cs=1]
                                        RenderText {#text} at (275,1) size 185x16
                                          text run at (275,1) width 185: "21. Oktober 2001 (22:45 Uhr)"
                                        RenderBR {BR} at (460,14) size 0x0
                                        RenderText {#text} at (8,17) size 719x32
                                          text run at (8,17) width 398: "OK, sorry f\x{FC}r die Unannehmlichkeiten, aber Ihr m\x{FC}sst Euch nun "
                                          text run at (406,17) width 321: "noch mal die Scripte runter laden und die admin.cgi"
                                          text run at (78,33) width 137: "erneuern, hier kommt "
                                          text run at (215,33) width 442: "noch das Password-Manager-Script dazu, sollte jetzt alles sicher sein! "
                                        RenderBR {BR} at (0,0) size 0x0
                                    RenderTableRow {TR} at (0,350) size 735x98
                                      RenderTableCell {TD} at (0,350) size 735x98 [border: (1px solid #000000)] [r=7 c=0 rs=1 cs=1]
                                        RenderText {#text} at (275,1) size 185x16
                                          text run at (275,1) width 185: "21. Oktober 2001 (20:50 Uhr)"
                                        RenderBR {BR} at (460,14) size 0x0
                                        RenderText {#text} at (179,17) size 376x16
                                          text run at (179,17) width 376: "An alle Leute die follgende Scripte von G5-Scripts benutzen:"
                                        RenderBR {BR} at (555,30) size 0x0
                                        RenderText {#text} at (187,33) size 361x16
                                          text run at (187,33) width 361: "The Real Topsites, Download Counter, Sponsor Manager"
                                        RenderBR {BR} at (548,46) size 0x0
                                        RenderText {#text} at (34,49) size 666x16
                                          text run at (34,49) width 461: "bitte noch ein mal runter laden und die admin.cgi erneuern, beim Sponsor "
                                          text run at (495,49) width 205: "Manager kommt noch eine Datei"
                                        RenderBR {BR} at (700,62) size 0x0
                                        RenderText {#text} at (312,65) size 111x16
                                          text run at (312,65) width 111: "'variable.pl' dazu!!"
                                        RenderBR {BR} at (423,78) size 0x0
                                        RenderText {#text} at (77,81) size 581x16
                                          text run at (77,81) width 475: "Der Grund : man hat festgestellt das .htaccess Password Schutz doch nicht "
                                          text run at (552,81) width 106: "das sicherste ist!"
                                    RenderTableRow {TR} at (0,448) size 735x160
                                      RenderTableCell {TD} at (0,448) size 735x160 [border: (1px solid #000000)] [r=8 c=0 rs=1 cs=1]
                                        RenderBlock {P} at (1,1) size 733x112
                                          RenderText {#text} at (312,0) size 109x16
                                            text run at (312,0) width 109: "13. Oktober 2001"
                                          RenderBR {BR} at (421,13) size 0x0
                                          RenderText {#text} at (86,16) size 561x16
                                            text run at (86,16) width 481: "Ich habe es nun endlich geschafft das Gateway bei der Toplist mit IP-Sperre "
                                            text run at (567,16) width 80: "zu versehen,"
                                          RenderBR {BR} at (647,29) size 0x0
                                          RenderText {#text} at (5,32) size 723x16
                                            text run at (5,32) width 444: "dabei war der Fehler den ich vorher nicht verstand eine simple Sache, "
                                            text run at (449,32) width 279: "h\x{E4}tte ich doch ein wenig mehr nachgedacht!"
                                          RenderBR {BR} at (728,45) size 0x0
                                          RenderText {#text} at (12,48) size 709x64
                                            text run at (12,48) width 428: "Des weiteren habe ich noch die Datensicherung umgeschrieben, f\x{FC}r "
                                            text run at (440,48) width 281: "alle die Listen deren Hits ab und zu mal auf 0"
                                            text run at (22,64) width 141: "gesetzt werden, sollte "
                                            text run at (163,64) width 457: "jetzt nicht mehr passieren und ich habe noch den Mail Versand aus dem "
                                            text run at (620,64) width 91: "Admin-Bereich"
                                            text run at (24,80) width 343: "umgeschrieben und zwar wurde fr\x{FC}her der Text immer "
                                            text run at (367,80) width 341: "zusammen gequetscht, die Enters wurden so zu sagen"
                                            text run at (287,96) width 89: "ignoriert, jetzt "
                                            text run at (376,96) width 70: "nicht mehr!"
                                        RenderBlock {P} at (1,127) size 733x32
                                          RenderText {#text} at (7,0) size 719x32
                                            text run at (7,0) width 370: ">> F\x{FC}r alle die das Script vor dem 11.10.01 runter geladen "
                                            text run at (377,0) width 349: "haben, Ihr solltet es Euch noch mal runter laden und die"
                                            text run at (139,16) width 120: "folgenden Dateien "
                                            text run at (259,16) width 334: "durch die neuen ersetzen: topsites.cgi und admin.cgi ."
                                    RenderTableRow {TR} at (0,608) size 735x34
                                      RenderTableCell {TD} at (0,608) size 735x34 [border: (1px solid #000000)] [r=9 c=0 rs=1 cs=1]
                                        RenderText {#text} at (313,1) size 109x16
                                          text run at (313,1) width 109: "11. Oktober 2001"
                                        RenderBR {BR} at (422,14) size 0x0
                                        RenderText {#text} at (126,17) size 482x16
                                          text run at (126,17) width 482: "neues Script ist online, .htaccess-Password-Manager, mehr Info unter Scripte"
                                    RenderTableRow {TR} at (0,642) size 735x34
                                      RenderTableCell {TD} at (0,642) size 735x34 [border: (1px solid #000000)] [r=10 c=0 rs=1 cs=1]
                                        RenderText {#text} at (304,1) size 127x16
                                          text run at (304,1) width 127: "08. September 2001"
                                        RenderBR {BR} at (431,14) size 0x0
                                        RenderText {#text} at (204,17) size 326x16
                                          text run at (204,17) width 326: "Eine neu Version des Download Counters ist online!"
                                    RenderTableRow {TR} at (0,676) size 735x50
                                      RenderTableCell {TD} at (0,676) size 735x50 [border: (1px solid #000000)] [r=11 c=0 rs=1 cs=1]
                                        RenderText {#text} at (317,1) size 101x16
                                          text run at (317,1) width 101: "11. August 2001"
                                        RenderBR {BR} at (418,14) size 0x0
                                        RenderText {#text} at (35,17) size 665x16
                                          text run at (35,17) width 447: "Ich habe so eben eine random.cgi f\x{FC}r den Topsites Script geschrieben. "
                                          text run at (482,17) width 218: "Die random.cgi f\x{FC}hrt den Besucher"
                                        RenderBR {BR} at (700,30) size 0x0
                                        RenderText {#text} at (258,33) size 219x16
                                          text run at (258,33) width 219: "auf eine zuf\x{E4}llig ausgew\x{E4}hlte Seite."
                                    RenderTableRow {TR} at (0,726) size 735x50
                                      RenderTableCell {TD} at (0,726) size 735x50 [border: (1px solid #000000)] [r=12 c=0 rs=1 cs=1]
                                        RenderText {#text} at (317,1) size 101x16
                                          text run at (317,1) width 101: "08. August 2001"
                                        RenderBR {BR} at (418,14) size 0x0
                                        RenderText {#text} at (102,17) size 531x16
                                          text run at (102,17) width 459: "Ich schreibe gerade eine neue Version von dem Download Counter, bitte "
                                          text run at (561,17) width 72: "schreibt mir"
                                        RenderBR {BR} at (633,30) size 0x0
                                        RenderText {#text} at (193,33) size 349x16
                                          text run at (193,33) width 349: "ins Forum was Ihr da alles haben wollt, wer das benutzt!"
                                    RenderTableRow {TR} at (0,776) size 735x50
                                      RenderTableCell {TD} at (0,776) size 735x50 [border: (1px solid #000000)] [r=13 c=0 rs=1 cs=1]
                                        RenderText {#text} at (328,1) size 79x16
                                          text run at (328,1) width 79: "09. Juli 2001"
                                        RenderBR {BR} at (407,14) size 0x0
                                        RenderText {#text} at (22,17) size 690x32
                                          text run at (22,17) width 443: "eine kleiner Bug in der Topsites.cgi wurde behoben! Wer m\x{F6}chte kann "
                                          text run at (465,17) width 247: "sich die jetzige Zip runter laden und die"
                                          text run at (189,33) width 167: "topsites.cgi auktualisieren, "
                                          text run at (356,33) width 190: "mu\x{DF} aber nicht unbedingt sein!"
                                    RenderTableRow {TR} at (0,826) size 735x50
                                      RenderTableCell {TD} at (0,826) size 735x50 [border: (1px solid #000000)] [r=14 c=0 rs=1 cs=1]
                                        RenderText {#text} at (328,1) size 79x16
                                          text run at (328,1) width 79: "01. Juli 2001"
                                        RenderBR {BR} at (407,14) size 0x0
                                        RenderText {#text} at (86,17) size 562x16
                                          text run at (86,17) width 498: "Jetzt haben wir einen Support Forum, postet Eure Fragen da rein und versuche "
                                          text run at (584,17) width 64: "Sie alle zu"
                                        RenderBR {BR} at (648,30) size 0x0
                                        RenderText {#text} at (63,33) size 609x16
                                          text run at (63,33) width 384: "beantworten! Au\x{DF}erdem k\x{F6}nnt Ihr dort auch Eure Vorschl\x{E4}ge "
                                          text run at (447,33) width 225: "zu den einzelnen Scripten abgeben!"
                                    RenderTableRow {TR} at (0,876) size 735x50
                                      RenderTableCell {TD} at (0,876) size 735x50 [border: (1px solid #000000)] [r=15 c=0 rs=1 cs=1]
                                        RenderText {#text} at (328,1) size 79x16
                                          text run at (328,1) width 79: "01. Juli 2001"
                                        RenderBR {BR} at (407,14) size 0x0
                                        RenderText {#text} at (116,17) size 502x16
                                          text run at (116,17) width 479: "Und wieder eine neue Version von The Real Topsites ist online, die Version "
                                          text run at (595,17) width 23: "3.4!"
                                        RenderBR {BR} at (618,30) size 0x0
                                        RenderText {#text} at (149,33) size 437x16
                                          text run at (149,33) width 437: "Es gibt einige neue Funktionen und es wurde auch einiges verbessert!"
                                    RenderTableRow {TR} at (0,926) size 735x50
                                      RenderTableCell {TD} at (0,926) size 735x50 [border: (1px solid #000000)] [r=16 c=0 rs=1 cs=1]
                                        RenderText {#text} at (325,1) size 84x16
                                          text run at (325,1) width 84: "20. Juni 2001"
                                        RenderBR {BR} at (409,14) size 0x0
                                        RenderText {#text} at (124,17) size 486x16
                                          text run at (124,17) width 454: "unser Hoster hat ein paar kleine Probleme also sollte irgend was an der "
                                          text run at (578,17) width 32: "Seite"
                                        RenderBR {BR} at (610,30) size 0x0
                                        RenderText {#text} at (244,33) size 246x16
                                          text run at (244,33) width 246: "nicht gehen, einfach wieder versuchen!"
                                    RenderTableRow {TR} at (0,976) size 735x82
                                      RenderTableCell {TD} at (0,976) size 735x82 [border: (1px solid #000000)] [r=17 c=0 rs=1 cs=1]
                                        RenderText {#text} at (325,1) size 84x16
                                          text run at (325,1) width 84: "09. Juni 2001"
                                        RenderBR {BR} at (409,14) size 0x0
                                        RenderText {#text} at (92,17) size 550x16
                                          text run at (92,17) width 442: "Die neue Version (3.3) von The Real Topsites ist online, es gibt einige "
                                          text run at (534,17) width 108: "neue Funktionen "
                                        RenderBR {BR} at (642,30) size 0x0
                                        RenderText {#text} at (249,33) size 236x16
                                          text run at (249,33) width 236: "und es wurde auch einiges ver\x{E4}ndert!"
                                        RenderBR {BR} at (485,46) size 0x0
                                        RenderText {#text} at (243,49) size 249x16
                                          text run at (243,49) width 249: "Mehr Info unter \"Perl Scripte\" im Men\x{FC}. "
                                        RenderBR {BR} at (492,62) size 0x0
                                        RenderText {#text} at (160,65) size 414x16
                                          text run at (160,65) width 414: "P.S. den Umstieg auf die Version3.3 kann ich Euch nur empfehlen!"
                                    RenderTableRow {TR} at (0,1058) size 735x66
                                      RenderTableCell {TD} at (0,1058) size 735x66 [border: (1px solid #000000)] [r=18 c=0 rs=1 cs=1]
                                        RenderText {#text} at (325,1) size 84x16
                                          text run at (325,1) width 84: "04. Juni 2001"
                                        RenderBR {BR} at (409,14) size 0x0
                                        RenderText {#text} at (143,17) size 448x16
                                          text run at (143,17) width 448: "Ein kleiner Bug bei Topsites Script wurde gefunden und sofort behoben!"
                                        RenderBR {BR} at (591,30) size 0x0
                                        RenderText {#text} at (149,33) size 437x16
                                          text run at (149,33) width 437: "Bug: es wurde immer wieder die selbe Site Of The Moment angezeigt!"
                                        RenderBR {BR} at (586,46) size 0x0
                                        RenderText {#text} at (150,49) size 435x16
                                          text run at (150,49) width 431: "Ladet Euch die jetzige Version runter und ersetzt nur die topsites.cgi "
                                          text run at (581,49) width 4: "!"
                                    RenderTableRow {TR} at (0,1124) size 735x50
                                      RenderTableCell {TD} at (0,1124) size 735x50 [border: (1px solid #000000)] [r=19 c=0 rs=1 cs=1]
                                        RenderText {#text} at (325,1) size 84x16
                                          text run at (325,1) width 84: "01. Juni 2001"
                                        RenderBR {BR} at (409,14) size 0x0
                                        RenderText {#text} at (219,17) size 296x16
                                          text run at (219,17) width 296: "Ein neues Script ist online! G5-ICQ Newsletter. "
                                        RenderBR {BR} at (515,30) size 0x0
                                        RenderText {#text} at (245,33) size 245x16
                                          text run at (245,33) width 245: "Mehr Info unter \"Perl Scripte\" im Men\x{FC}."
                                    RenderTableRow {TR} at (0,1174) size 735x50
                                      RenderTableCell {TD} at (0,1174) size 735x50 [border: (1px solid #000000)] [r=20 c=0 rs=1 cs=1]
                                        RenderText {#text} at (326,1) size 82x16
                                          text run at (326,1) width 82: "31. Mai 2001"
                                        RenderBR {BR} at (408,14) size 0x0
                                        RenderText {#text} at (164,17) size 406x16
                                          text run at (164,17) width 406: "Ich habe einen ICQ-Newsletter Script installiert, unter dem Men\x{FC}."
                                        RenderBR {BR} at (570,30) size 0x0
                                        RenderText {#text} at (181,33) size 373x16
                                          text run at (181,33) width 373: "Tragt Euch ein, dann seit Ihr immer auf dem neusten Stand!"
                                    RenderTableRow {TR} at (0,1224) size 735x34
                                      RenderTableCell {TD} at (0,1224) size 735x34 [border: (1px solid #000000)] [r=21 c=0 rs=1 cs=1]
                                        RenderText {#text} at (326,1) size 82x16
                                          text run at (326,1) width 82: "26. Mai 2001"
                                        RenderBR {BR} at (408,14) size 0x0
                                        RenderText {#text} at (262,17) size 210x16
                                          text run at (262,17) width 210: "The Real Topsites v3.0 ist online!"
                                    RenderTableRow {TR} at (0,1258) size 735x50
                                      RenderTableCell {TD} at (0,1258) size 735x50 [border: (1px solid #000000)] [r=22 c=0 rs=1 cs=1]
                                        RenderText {#text} at (326,1) size 82x16
                                          text run at (326,1) width 82: "25. Mai 2001"
                                        RenderBR {BR} at (408,14) size 0x0
                                        RenderText {#text} at (211,17) size 313x16
                                          text run at (211,17) width 313: "Ein neues Script ist online! G5-Download Counter."
                                        RenderBR {BR} at (524,30) size 0x0
                                        RenderText {#text} at (245,33) size 245x16
                                          text run at (245,33) width 245: "Mehr Info unter \"Perl Scripte\" im Men\x{FC}."
                                    RenderTableRow {TR} at (0,1308) size 735x82
                                      RenderTableCell {TD} at (0,1308) size 735x82 [border: (1px solid #000000)] [r=23 c=0 rs=1 cs=1]
                                        RenderText {#text} at (326,1) size 82x16
                                          text run at (326,1) width 82: "24. Mai 2001"
                                        RenderBR {BR} at (408,14) size 0x0
                                        RenderText {#text} at (123,17) size 489x16
                                          text run at (123,17) width 418: "Ich habe es mir sehr lange \x{FC}berlegt, die Entscheidung war wirklich "
                                          text run at (541,17) width 71: "nicht leicht!"
                                        RenderBR {BR} at (612,30) size 0x0
                                        RenderText {#text} at (96,33) size 542x16
                                          text run at (96,33) width 399: "Ich habe mich entschieden den Script \"The Real Topsites\" zum "
                                          text run at (495,33) width 143: "Download freizugeben."
                                        RenderBR {BR} at (638,46) size 0x0
                                        RenderText {#text} at (223,49) size 288x16
                                          text run at (223,49) width 288: "Ihr k\x{F6}nnt es Euch jetzt kostenlos runter laden!"
                                        RenderBR {BR} at (511,62) size 0x0
                                        RenderText {#text} at (317,65) size 101x16
                                          text run at (317,65) width 101: "Viel Spa\x{DF} damit!"
                                    RenderTableRow {TR} at (0,1390) size 735x50
                                      RenderTableCell {TD} at (0,1390) size 735x50 [border: (1px solid #000000)] [r=24 c=0 rs=1 cs=1]
                                        RenderText {#text} at (326,1) size 82x16
                                          text run at (326,1) width 82: "13. Mai 2001"
                                        RenderBR {BR} at (408,14) size 0x0
                                        RenderText {#text} at (6,17) size 722x32
                                          text run at (6,17) width 461: "Es gab nur eine kleine Ver\x{E4}nderung bei G5-Sponsor-Manager, man kann "
                                          text run at (467,17) width 261: "den Script jetzt auch via Java aufrufen, so"
                                          text run at (68,33) width 170: "das Euer Server jetzt nicht "
                                          text run at (238,33) width 359: "unbedingt SSI unterst\x{FC}tzen mu\x{DF} um den Script ausf\x{FC}hren "
                                          text run at (597,33) width 69: "zu k\x{F6}nnen!"
                                    RenderTableRow {TR} at (0,1440) size 735x50
                                      RenderTableCell {TD} at (0,1440) size 735x50 [border: (1px solid #000000)] [r=25 c=0 rs=1 cs=1]
                                        RenderText {#text} at (324,1) size 87x16
                                          text run at (324,1) width 87: "22. April 2001"
                                        RenderBR {BR} at (411,14) size 0x0
                                        RenderText {#text} at (212,17) size 310x16
                                          text run at (212,17) width 310: "Ein neues Script ist online! G5-Sponsor-Manager."
                                        RenderBR {BR} at (522,30) size 0x0
                                        RenderText {#text} at (245,33) size 245x16
                                          text run at (245,33) width 245: "Mehr Info unter \"Perl Scripte\" im Men\x{FC}."
                                    RenderTableRow {TR} at (0,1490) size 735x66
                                      RenderTableCell {TD} at (0,1490) size 735x66 [border: (1px solid #000000)] [r=26 c=0 rs=1 cs=1]
                                        RenderText {#text} at (324,1) size 87x16
                                          text run at (324,1) width 87: "20. April 2001"
                                        RenderBR {BR} at (411,14) size 0x0
                                        RenderText {#text} at (198,17) size 339x16
                                          text run at (198,17) width 339: "Auf einige Anfragen habe ich eine Demonstration von "
                                        RenderBR {BR} at (537,30) size 0x0
                                        RenderText {#text} at (212,33) size 311x16
                                          text run at (212,33) width 311: "\"The Real Topsites\" (Toplist Script) ver\x{F6}ffentlicht!"
                                        RenderBR {BR} at (523,46) size 0x0
                                        RenderText {#text} at (245,49) size 245x16
                                          text run at (245,49) width 245: "Mehr Info unter \"Perl Scripte\" im Men\x{FC}."
                                    RenderTableRow {TR} at (0,1556) size 735x34
                                      RenderTableCell {TD} at (0,1556) size 735x34 [border: (1px solid #000000)] [r=27 c=0 rs=1 cs=1]
                                        RenderText {#text} at (322,1) size 91x16
                                          text run at (322,1) width 91: "13. M\x{E4}rz 2001"
                                        RenderBR {BR} at (413,14) size 0x0
                                        RenderText {#text} at (229,17) size 277x16
                                          text run at (229,17) width 277: "An diesem Tag ging die G5-Script.de online!"
                                    RenderTableRow {TR} at (0,1590) size 735x18
                                      RenderTableCell {TD} at (0,1590) size 735x18 [border: (1px solid #000000)] [r=28 c=0 rs=1 cs=1]
                                        RenderText {#text} at (365,1) size 4x16
                                          text run at (365,1) width 4: " "
                                RenderBlock (anonymous) at (0,1626) size 776x16
                                  RenderBR {BR} at (388,0) size 0x16
