layer at (0,0) size 123x228
  RenderView at (0,0) size 96x26
layer at (0,0) size 123x228
  RenderBlock {HTML} at (0,0) size 96x228
    RenderBody {BODY} at (8,8) size 80x212 [bgcolor=#FFFFFF]
      RenderTable {TABLE} at (0,0) size 115x212 [border: (1px outset #808080)]
        RenderTableSection {TBODY} at (1,1) size 113x210
          RenderTableRow {TR} at (0,2) size 113x206
            RenderTableCell {TD} at (2,2) size 109x206 [border: (1px inset #808080)] [r=0 c=0 rs=1 cs=1]
              RenderTable {TABLE} at (2,2) size 105x202 [border: (1px outset #808080)]
                RenderTableSection {TBODY} at (1,1) size 103x200
                  RenderTableRow {TR} at (0,2) size 103x196
                    RenderTableCell {TD} at (2,2) size 99x196 [border: (1px inset #808080)] [r=0 c=0 rs=1 cs=1]
                      RenderText {#text} at (2,2) size 95x192
                        text run at (2,2) width 71: "WINGs is a"
                        text run at (2,18) width 77: "small widget"
                        text run at (2,34) width 72: "set with the"
                        text run at (2,50) width 71: "N*XTSTEP"
                        text run at (2,66) width 84: "look and feel."
                        text run at (2,82) width 58: "It's API is"
                        text run at (2,98) width 65: "inspired in"
                        text run at (2,114) width 92: "OpenStep and"
                        text run at (2,130) width 17: "it's"
                        text run at (2,146) width 95: "implementation"
                        text run at (2,162) width 88: "borrows some"
                        text run at (2,178) width 89: "ideas from Tk."
