layer at (0,0) size 162x366
  RenderView at (0,0) size 96x26
layer at (0,0) size 162x366
  RenderBlock {HTML} at (0,0) size 96x366
    RenderBody {BODY} at (8,18) size 80x334
      RenderBlock {H4} at (0,0) size 80x16
        RenderText {#text} at (0,0) size 46x16
          text run at (0,0) width 46: "table 1"
      RenderTable {TABLE} at (0,34) size 154x70 [border: (1px outset #808080)]
        RenderTableSection {TBODY} at (1,1) size 152x68
          RenderTableRow {TR} at (0,2) size 152x20
            RenderTableCell {TD} at (2,2) size 23x20 [border: (1px inset #808080)] [r=0 c=0 rs=1 cs=1]
              RenderText {#text} at (2,2) size 19x16
                text run at (2,2) width 19: "1.1"
            RenderTableCell {TD} at (27,13) size 23x20 [border: (1px inset #808080)] [r=0 c=1 rs=2 cs=1]
              RenderText {#text} at (2,2) size 19x16
                text run at (2,2) width 19: "1.2"
            RenderTableCell {TD} at (52,2) size 23x20 [border: (1px inset #808080)] [r=0 c=2 rs=1 cs=1]
              RenderText {#text} at (2,2) size 19x16
                text run at (2,2) width 19: "1.3"
            RenderTableCell {TD} at (77,2) size 23x20 [border: (1px inset #808080)] [r=0 c=3 rs=1 cs=1]
              RenderText {#text} at (2,2) size 19x16
                text run at (2,2) width 19: "1.4"
            RenderTableCell {TD} at (102,13) size 23x20 [border: (1px inset #808080)] [r=0 c=4 rs=2 cs=1]
              RenderText {#text} at (2,2) size 19x16
                text run at (2,2) width 19: "1.5"
            RenderTableCell {TD} at (127,13) size 23x20 [border: (1px inset #808080)] [r=0 c=5 rs=2 cs=1]
              RenderText {#text} at (2,2) size 19x16
                text run at (2,2) width 19: "1.6"
          RenderTableRow {TR} at (0,24) size 152x20
            RenderTableCell {TD} at (2,24) size 123x20 [border: (1px inset #808080)] [r=1 c=0 rs=1 cs=5]
              RenderText {#text} at (52,2) size 19x16
                text run at (52,2) width 19: "2.1"
          RenderTableRow {TR} at (0,46) size 152x20
            RenderTableCell {TD} at (2,46) size 23x20 [border: (1px inset #808080)] [r=2 c=0 rs=1 cs=1]
              RenderText {#text} at (2,2) size 19x16
                text run at (2,2) width 19: "3.1"
            RenderTableCell {TD} at (27,46) size 23x20 [border: (1px inset #808080)] [r=2 c=1 rs=1 cs=1]
              RenderText {#text} at (2,2) size 19x16
                text run at (2,2) width 19: "3.2"
            RenderTableCell {TD} at (52,46) size 23x20 [border: (1px inset #808080)] [r=2 c=2 rs=1 cs=1]
              RenderText {#text} at (2,2) size 19x16
                text run at (2,2) width 19: "3.3"
            RenderTableCell {TD} at (77,46) size 23x20 [border: (1px inset #808080)] [r=2 c=3 rs=1 cs=1]
              RenderText {#text} at (2,2) size 19x16
                text run at (2,2) width 19: "3.4"
            RenderTableCell {TD} at (102,46) size 23x20 [border: (1px inset #808080)] [r=2 c=4 rs=1 cs=1]
              RenderText {#text} at (2,2) size 19x16
                text run at (2,2) width 19: "3.5"
            RenderTableCell {TD} at (127,46) size 23x20 [border: (1px inset #808080)] [r=2 c=5 rs=1 cs=1]
              RenderText {#text} at (2,2) size 19x16
                text run at (2,2) width 19: "3.6"
      RenderBlock {P} at (0,118) size 80x32
        RenderText {#text} at (0,0) size 81x32
          text run at (0,0) width 71: "cell 1.5 has"
          text run at (0,16) width 81: "rowspan=\"2\""
      RenderBlock {H4} at (0,168) size 80x16
        RenderText {#text} at (0,0) size 46x16
          text run at (0,0) width 46: "table 2"
      RenderTable {TABLE} at (0,202) size 154x70 [border: (1px outset #808080)]
        RenderTableSection {TBODY} at (1,1) size 152x68
          RenderTableRow {TR} at (0,2) size 152x20
            RenderTableCell {TD} at (2,2) size 23x20 [border: (1px inset #808080)] [r=0 c=0 rs=1 cs=1]
              RenderText {#text} at (2,2) size 19x16
                text run at (2,2) width 19: "1.1"
            RenderTableCell {TD} at (27,13) size 23x20 [border: (1px inset #808080)] [r=0 c=1 rs=2 cs=1]
              RenderText {#text} at (2,2) size 19x16
                text run at (2,2) width 19: "1.2"
            RenderTableCell {TD} at (52,2) size 23x20 [border: (1px inset #808080)] [r=0 c=2 rs=1 cs=1]
              RenderText {#text} at (2,2) size 19x16
                text run at (2,2) width 19: "1.3"
            RenderTableCell {TD} at (77,2) size 23x20 [border: (1px inset #808080)] [r=0 c=3 rs=1 cs=1]
              RenderText {#text} at (2,2) size 19x16
                text run at (2,2) width 19: "1.4"
            RenderTableCell {TD} at (102,13) size 48x20 [border: (1px inset #808080)] [r=0 c=4 rs=2 cs=2]
              RenderText {#text} at (14,2) size 19x16
                text run at (14,2) width 19: "1.5"
          RenderTableRow {TR} at (0,24) size 152x20
            RenderTableCell {TD} at (2,24) size 123x20 [border: (1px inset #808080)] [r=1 c=0 rs=1 cs=5]
              RenderText {#text} at (52,2) size 19x16
                text run at (52,2) width 19: "2.1"
          RenderTableRow {TR} at (0,46) size 152x20
            RenderTableCell {TD} at (2,46) size 23x20 [border: (1px inset #808080)] [r=2 c=0 rs=1 cs=1]
              RenderText {#text} at (2,2) size 19x16
                text run at (2,2) width 19: "3.1"
            RenderTableCell {TD} at (27,46) size 23x20 [border: (1px inset #808080)] [r=2 c=1 rs=1 cs=1]
              RenderText {#text} at (2,2) size 19x16
                text run at (2,2) width 19: "3.2"
            RenderTableCell {TD} at (52,46) size 23x20 [border: (1px inset #808080)] [r=2 c=2 rs=1 cs=1]
              RenderText {#text} at (2,2) size 19x16
                text run at (2,2) width 19: "3.3"
            RenderTableCell {TD} at (77,46) size 23x20 [border: (1px inset #808080)] [r=2 c=3 rs=1 cs=1]
              RenderText {#text} at (2,2) size 19x16
                text run at (2,2) width 19: "3.4"
            RenderTableCell {TD} at (102,46) size 23x20 [border: (1px inset #808080)] [r=2 c=4 rs=1 cs=1]
              RenderText {#text} at (2,2) size 19x16
                text run at (2,2) width 19: "3.5"
            RenderTableCell {TD} at (127,46) size 23x20 [border: (1px inset #808080)] [r=2 c=5 rs=1 cs=1]
              RenderText {#text} at (2,2) size 19x16
                text run at (2,2) width 19: "3.6"
      RenderBlock {P} at (0,286) size 80x48
        RenderText {#text} at (0,0) size 81x48
          text run at (0,0) width 71: "cell 1.5 has"
          text run at (0,16) width 76: "colspan=\"2\""
          text run at (0,32) width 81: "rowspan=\"2\""
