layer at (0,0) size 274x411
  RenderView at (0,0) size 96x26
layer at (0,0) size 274x411
  RenderBlock {HTML} at (0,0) size 96x411
    RenderBody {BODY} at (8,8) size 80x395
      RenderBlock {H3} at (0,0) size 80x18
        RenderText {#text} at (0,0) size 145x18
          text run at (0,0) width 145: "Thead/Tfoot/Tbody"
      RenderBlock {PRE} at (0,34) size 80x117
        RenderInline {FONT} at (0,0) size 159x116
          RenderText {#text} at (0,0) size 3x12
            text run at (0,0) width 3: " "
            text run at (3,0) width 0: " "
          RenderInline {B} at (0,0) size 28x12
            RenderText {#text} at (0,13) size 28x12
              text run at (0,13) width 28: "thead"
          RenderText {#text} at (28,13) size 159x25
            text run at (28,13) width 39: " Row 1;      "
            text run at (67,13) width 0: " "
            text run at (0,26) width 159: "      background-color: cyan;     text-align: center;"
          RenderBR {BR} at (0,0) size 0x0
          RenderText {#text} at (0,39) size 0x12
            text run at (0,39) width 0: " "
          RenderInline {B} at (0,0) size 28x12
            RenderText {#text} at (0,52) size 28x12
              text run at (0,52) width 28: "tbody"
          RenderText {#text} at (28,52) size 156x25
            text run at (28,52) width 39: " Rows 2,3,4; "
            text run at (67,52) width 0: " "
            text run at (0,65) width 156: "      background-color: #9999ff;  text-align: right;"
          RenderBR {BR} at (0,0) size 0x0
          RenderText {#text} at (0,78) size 0x12
            text run at (0,78) width 0: " "
          RenderInline {B} at (0,0) size 24x12
            RenderText {#text} at (0,91) size 24x12
              text run at (0,91) width 24: "tfoot"
          RenderText {#text} at (24,91) size 159x25
            text run at (24,91) width 39: " Rows 5, 6;  "
            text run at (63,91) width 0: " "
            text run at (0,104) width 159: "      background-color: #ff99ff;  text-align: center;"
            text run at (159,104) width 0: " "
      RenderTable {TABLE} at (0,165) size 266x230 [border: (1px outset #808080)]
        RenderTableSection {THEAD} at (1,1) size 264x48 [bgcolor=#00FFFF]
          RenderTableRow {TR} at (0,4) size 264x28
            RenderTableCell {TD} at (4,4) size 48x28 [border: (1px inset #808080)] [r=0 c=0 rs=1 cs=1]
              RenderText {#text} at (6,6) size 36x16
                text run at (6,6) width 36: "R1C1"
            RenderTableCell {TD} at (56,4) size 48x28 [border: (1px inset #808080)] [r=0 c=1 rs=1 cs=1]
              RenderText {#text} at (6,6) size 36x16
                text run at (6,6) width 36: "R1C2"
            RenderTableCell {TD} at (108,4) size 48x28 [border: (1px inset #808080)] [r=0 c=2 rs=1 cs=1]
              RenderText {#text} at (6,6) size 36x16
                text run at (6,6) width 36: "R1C3"
            RenderTableCell {TD} at (160,2) size 48x44 [border: (1px inset #808080)] [r=0 c=3 rs=2 cs=1]
              RenderText {#text} at (6,6) size 26x32
                text run at (6,6) width 22: "R1-"
                text run at (6,22) width 26: "2C4"
            RenderTableCell {TD} at (212,4) size 48x28 [border: (1px inset #808080)] [r=0 c=4 rs=1 cs=1]
              RenderText {#text} at (6,6) size 36x16
                text run at (6,6) width 36: "R1C5"
        RenderTableSection {TBODY} at (1,49) size 264x112 [bgcolor=#9999FF]
          RenderTableRow {TR} at (0,4) size 264x28
            RenderTableCell {TD} at (4,4) size 48x28 [border: (1px inset #808080)] [r=0 c=0 rs=1 cs=1]
              RenderText {#text} at (6,6) size 36x16
                text run at (6,6) width 36: "R2C1"
            RenderTableCell {TD} at (56,4) size 48x28 [border: (1px inset #808080)] [r=0 c=1 rs=1 cs=1]
              RenderText {#text} at (6,6) size 36x16
                text run at (6,6) width 36: "R2C3"
            RenderTableCell {TD} at (108,4) size 48x28 [border: (1px inset #808080)] [r=0 c=2 rs=1 cs=1]
              RenderText {#text} at (6,6) size 36x16
                text run at (6,6) width 36: "R2C3"
            RenderTableCell {TD} at (160,4) size 48x28 [border: (1px inset #808080)] [r=0 c=3 rs=1 cs=1]
              RenderText {#text} at (6,6) size 36x16
                text run at (6,6) width 36: "R2C5"
          RenderTableRow {TR} at (0,36) size 264x28
            RenderTableCell {TD} at (4,36) size 48x28 [border: (1px inset #808080)] [r=1 c=0 rs=1 cs=1]
              RenderText {#text} at (6,6) size 36x16
                text run at (6,6) width 36: "R3C1"
            RenderTableCell {TD} at (56,36) size 48x28 [border: (1px inset #808080)] [r=1 c=1 rs=1 cs=1]
              RenderText {#text} at (6,6) size 36x16
                text run at (6,6) width 36: "R3C2"
            RenderTableCell {TD} at (108,36) size 152x28 [border: (1px inset #808080)] [r=1 c=2 rs=1 cs=3]
              RenderText {#text} at (6,6) size 48x16
                text run at (6,6) width 48: "R3C3-5"
          RenderTableRow {TR} at (0,68) size 264x28
            RenderTableCell {TD} at (4,68) size 152x28 [border: (1px inset #808080)] [r=2 c=0 rs=1 cs=3]
              RenderText {#text} at (6,6) size 48x16
                text run at (6,6) width 48: "R4C1-3"
            RenderTableCell {TD} at (160,66) size 48x44 [border: (1px inset #808080)] [r=2 c=3 rs=3 cs=1]
              RenderText {#text} at (6,6) size 26x32
                text run at (6,6) width 22: "R4-"
                text run at (6,22) width 26: "6C4"
            RenderTableCell {TD} at (212,68) size 48x28 [border: (1px inset #808080)] [r=2 c=4 rs=1 cs=1]
              RenderText {#text} at (6,6) size 36x16
                text run at (6,6) width 36: "R4C5"
        RenderTableSection {TFOOT} at (1,161) size 264x68 [bgcolor=#FF99FF]
          RenderTableRow {TR} at (0,4) size 264x28
            RenderTableCell {TD} at (4,4) size 48x28 [border: (1px inset #808080)] [r=0 c=0 rs=1 cs=1]
              RenderText {#text} at (6,6) size 36x16
                text run at (6,6) width 36: "R5C1"
            RenderTableCell {TD} at (56,4) size 48x28 [border: (1px inset #808080)] [r=0 c=1 rs=1 cs=1]
              RenderText {#text} at (6,6) size 36x16
                text run at (6,6) width 36: "R5C2"
            RenderTableCell {TD} at (108,12) size 48x44 [border: (1px inset #808080)] [r=0 c=2 rs=2 cs=1]
              RenderText {#text} at (6,6) size 26x32
                text run at (6,6) width 22: "R5-"
                text run at (6,22) width 26: "6C3"
            RenderTableCell {TD} at (160,4) size 48x28 [border: (1px inset #808080)] [r=0 c=3 rs=1 cs=1]
              RenderText {#text} at (6,6) size 36x16
                text run at (6,6) width 36: "R5C5"
          RenderTableRow {TR} at (0,36) size 264x28
            RenderTableCell {TD} at (4,36) size 48x28 [border: (1px inset #808080)] [r=1 c=0 rs=1 cs=1]
              RenderText {#text} at (6,6) size 36x16
                text run at (6,6) width 36: "R6C1"
            RenderTableCell {TD} at (56,36) size 48x28 [border: (1px inset #808080)] [r=1 c=1 rs=1 cs=1]
              RenderText {#text} at (6,6) size 36x16
                text run at (6,6) width 36: "R6C2"
            RenderTableCell {TD} at (160,36) size 48x28 [border: (1px inset #808080)] [r=1 c=3 rs=1 cs=1]
              RenderText {#text} at (6,6) size 36x16
                text run at (6,6) width 36: "R6C5"
