layer at (0,0) size 96x58
  RenderView at (0,0) size 96x26
layer at (0,0) size 96x58
  RenderBlock {HTML} at (0,0) size 96x58
    RenderBody {BODY} at (8,8) size 80x42
      RenderTable {TABLE} at (0,0) size 80x42 [border: (1px outset #808080)]
        RenderTableSection {TBODY} at (1,1) size 78x40
          RenderTableRow {TR} at (0,0) size 78x20
            RenderTableCell {TD} at (0,0) size 78x20 [border: (1px inset #808080)] [r=0 c=0 rs=1 cs=1]
              RenderText {#text} at (2,2) size 74x16
                text run at (2,2) width 74: "height: 70%"
          RenderTableRow {TR} at (0,20) size 78x20
            RenderTableCell {TD} at (0,20) size 78x20 [border: (1px inset #808080)] [r=1 c=0 rs=1 cs=1]
              RenderText {#text} at (2,2) size 74x16
                text run at (2,2) width 74: "height: 30%"
