layer at (0,0) size 96x34
  RenderView at (0,0) size 96x26
layer at (0,0) size 96x26
  RenderBlock {HTML} at (0,0) size 96x26
    RenderBody {BODY} at (0,8) size 96x10 [bgcolor=#C0C0C0]
      RenderTable {TABLE} at (0,0) size 96x26 [border: (1px outset #808080)]
        RenderTableSection {TBODY} at (1,1) size 94x24
          RenderTableRow {TR} at (0,2) size 94x20
            RenderTableCell {TD} at (2,2) size 90x20 [border: (1px inset #808080)] [r=0 c=0 rs=1 cs=1]
              RenderText {#text} at (2,2) size 23x16
                text run at (2,2) width 23: "text"
