layer at (0,0) size 158x62
  RenderView at (0,0) size 96x26
layer at (0,0) size 158x62
  RenderBlock {HTML} at (0,0) size 96x62
    RenderBody {BODY} at (8,8) size 80x46
      RenderTable {TABLE} at (0,0) size 150x16 [bgcolor=#FFCCCC]
        RenderTableCol {COL} at (0,0) size 0x0
        RenderTableCol {COL} at (0,0) size 0x0
        RenderTableSection {TBODY} at (0,0) size 150x16
          RenderTableRow {TR} at (0,0) size 150x16
            RenderTableCell {TD} at (0,0) size 150x16 [r=0 c=0 rs=1 cs=2]
              RenderText {#text} at (0,0) size 97x16
                text run at (0,0) width 97: "Correct Display"
          RenderTableRow {TR} at (0,16) size 150x0
            RenderTableCell {TD} at (0,16) size 74x0 [r=1 c=0 rs=1 cs=1]
            RenderTableCell {TD} at (74,16) size 76x0 [r=1 c=1 rs=1 cs=1]
      RenderBlock {P} at (0,30) size 80x0
      RenderTable {TABLE} at (0,30) size 150x16 [bgcolor=#FFCCCC]
        RenderTableCol {COL} at (0,0) size 0x0
        RenderTableCol {COL} at (0,0) size 0x0
        RenderTableSection {TBODY} at (0,0) size 150x16
          RenderTableRow {TR} at (0,0) size 150x16
            RenderTableCell {TD} at (0,0) size 150x16 [r=0 c=0 rs=1 cs=2]
              RenderText {#text} at (0,0) size 106x16
                text run at (0,0) width 106: "Incorrect Display"
