layer at (0,0) size 162x41616
  RenderView at (0,0) size 96x26
layer at (0,0) size 162x41616
  RenderBlock {HTML} at (0,0) size 96x41616
    RenderBody {BODY} at (8,18) size 80x41584
      RenderBlock {H1} at (0,0) size 80x96
        RenderText {#text} at (0,1) size 92x94
          text run at (0,1) width 75: "table-"
          text run at (0,33) width 92: "layout:"
          text run at (0,65) width 66: "fixed"
      RenderBlock {P} at (0,114) size 80x176
        RenderText {#text} at (0,0) size 72x176
          text run at (0,0) width 25: "The"
          text run at (0,16) width 55: "following"
          text run at (0,32) width 37: "tables"
          text run at (0,48) width 60: "should be"
          text run at (0,64) width 60: "laid out in"
          text run at (0,80) width 20: "the"
          text run at (0,96) width 62: "traditional"
          text run at (0,112) width 48: "manner"
          text run at (0,128) width 52: "because"
          text run at (0,144) width 72: "their widths"
          text run at (0,160) width 25: "are "
        RenderInline {CODE} at (0,0) size 16x16
          RenderText {#text} at (25,160) size 16x16
            text run at (25,160) width 16: "auto"
        RenderText {#text} at (41,160) size 3x16
          text run at (41,160) width 3: ":"
      RenderTable {TABLE} at (0,304) size 110x46
        RenderTableSection {TBODY} at (0,0) size 110x46
          RenderTableRow {TR} at (0,2) size 110x20
            RenderTableCell {TD} at (2,2) size 34x20 [border: (1px solid #000000)] [r=0 c=0 rs=1 cs=1]
              RenderText {#text} at (2,2) size 30x16
                text run at (2,2) width 30: "Data"
            RenderTableCell {TD} at (38,2) size 34x20 [border: (1px solid #000000)] [r=0 c=1 rs=1 cs=1]
              RenderText {#text} at (2,2) size 30x16
                text run at (2,2) width 30: "Data"
            RenderTableCell {TD} at (74,2) size 34x20 [border: (1px solid #000000)] [r=0 c=2 rs=1 cs=1]
              RenderText {#text} at (2,2) size 30x16
                text run at (2,2) width 30: "Data"
          RenderTableRow {TR} at (0,24) size 110x20
            RenderTableCell {TD} at (2,24) size 34x20 [border: (1px solid #000000)] [r=1 c=0 rs=1 cs=1]
              RenderText {#text} at (2,2) size 30x16
                text run at (2,2) width 30: "Data"
            RenderTableCell {TD} at (38,24) size 34x20 [border: (1px solid #000000)] [r=1 c=1 rs=1 cs=1]
              RenderText {#text} at (2,2) size 30x16
                text run at (2,2) width 30: "Data"
            RenderTableCell {TD} at (74,24) size 34x20 [border: (1px solid #000000)] [r=1 c=2 rs=1 cs=1]
              RenderText {#text} at (2,2) size 30x16
                text run at (2,2) width 30: "Data"
      RenderTable {TABLE} at (0,350) size 111x6750
        RenderTableSection {TBODY} at (0,0) size 111x6750
          RenderTableRow {TR} at (0,2) size 111x20
            RenderTableCell {TD} at (2,2) size 34x20 [border: (1px solid #000000)] [r=0 c=0 rs=1 cs=1]
              RenderText {#text} at (2,2) size 30x16
                text run at (2,2) width 30: "Data"
            RenderTableCell {TD} at (38,2) size 34x20 [border: (1px solid #000000)] [r=0 c=1 rs=1 cs=1]
              RenderText {#text} at (2,2) size 30x16
                text run at (2,2) width 30: "Data"
            RenderTableCell {TD} at (74,2) size 35x20 [border: (1px solid #000000)] [r=0 c=2 rs=1 cs=1]
              RenderText {#text} at (2,2) size 30x16
                text run at (2,2) width 30: "Data"
          RenderTableRow {TR} at (0,24) size 111x6724
            RenderTableCell {TD} at (2,3376) size 34x20 [border: (1px solid #000000)] [r=1 c=0 rs=1 cs=1]
              RenderText {#text} at (2,2) size 30x16
                text run at (2,2) width 30: "Data"
            RenderTableCell {TD} at (38,3376) size 34x20 [border: (1px solid #000000)] [r=1 c=1 rs=1 cs=1]
              RenderText {#text} at (2,2) size 30x16
                text run at (2,2) width 30: "Data"
            RenderTableCell {TD} at (74,24) size 35x6724 [border: (1px solid #000000)] [r=1 c=2 rs=1 cs=1]
              RenderText {#text} at (2,2) size 31x6720
                text run at (2,2) width 27: "Lots"
                text run at (2,18) width 24: "and"
                text run at (2,34) width 22: "lots"
                text run at (2,50) width 24: "and"
                text run at (2,66) width 22: "lots"
                text run at (2,82) width 12: "of"
                text run at (2,98) width 31: "data."
                text run at (2,114) width 27: "Lots"
                text run at (2,130) width 24: "and"
                text run at (2,146) width 22: "lots"
                text run at (2,162) width 24: "and"
                text run at (2,178) width 22: "lots"
                text run at (2,194) width 12: "of"
                text run at (2,210) width 31: "data."
                text run at (2,226) width 27: "Lots"
                text run at (2,242) width 24: "and"
                text run at (2,258) width 22: "lots"
                text run at (2,274) width 24: "and"
                text run at (2,290) width 22: "lots"
                text run at (2,306) width 12: "of"
                text run at (2,322) width 31: "data."
                text run at (2,338) width 27: "Lots"
                text run at (2,354) width 24: "and"
                text run at (2,370) width 22: "lots"
                text run at (2,386) width 24: "and"
                text run at (2,402) width 22: "lots"
                text run at (2,418) width 12: "of"
                text run at (2,434) width 31: "data."
                text run at (2,450) width 27: "Lots"
                text run at (2,466) width 24: "and"
                text run at (2,482) width 22: "lots"
                text run at (2,498) width 24: "and"
                text run at (2,514) width 22: "lots"
                text run at (2,530) width 12: "of"
                text run at (2,546) width 31: "data."
                text run at (2,562) width 27: "Lots"
                text run at (2,578) width 24: "and"
                text run at (2,594) width 22: "lots"
                text run at (2,610) width 24: "and"
                text run at (2,626) width 22: "lots"
                text run at (2,642) width 12: "of"
                text run at (2,658) width 31: "data."
                text run at (2,674) width 27: "Lots"
                text run at (2,690) width 24: "and"
                text run at (2,706) width 22: "lots"
                text run at (2,722) width 24: "and"
                text run at (2,738) width 22: "lots"
                text run at (2,754) width 12: "of"
                text run at (2,770) width 31: "data."
                text run at (2,786) width 27: "Lots"
                text run at (2,802) width 24: "and"
                text run at (2,818) width 22: "lots"
                text run at (2,834) width 24: "and"
                text run at (2,850) width 22: "lots"
                text run at (2,866) width 12: "of"
                text run at (2,882) width 31: "data."
                text run at (2,898) width 27: "Lots"
                text run at (2,914) width 24: "and"
                text run at (2,930) width 22: "lots"
                text run at (2,946) width 24: "and"
                text run at (2,962) width 22: "lots"
                text run at (2,978) width 12: "of"
                text run at (2,994) width 31: "data."
                text run at (2,1010) width 27: "Lots"
                text run at (2,1026) width 24: "and"
                text run at (2,1042) width 22: "lots"
                text run at (2,1058) width 24: "and"
                text run at (2,1074) width 22: "lots"
                text run at (2,1090) width 12: "of"
                text run at (2,1106) width 31: "data."
                text run at (2,1122) width 27: "Lots"
                text run at (2,1138) width 24: "and"
                text run at (2,1154) width 22: "lots"
                text run at (2,1170) width 24: "and"
                text run at (2,1186) width 22: "lots"
                text run at (2,1202) width 12: "of"
                text run at (2,1218) width 31: "data."
                text run at (2,1234) width 27: "Lots"
                text run at (2,1250) width 24: "and"
                text run at (2,1266) width 22: "lots"
                text run at (2,1282) width 24: "and"
                text run at (2,1298) width 22: "lots"
                text run at (2,1314) width 12: "of"
                text run at (2,1330) width 31: "data."
                text run at (2,1346) width 27: "Lots"
                text run at (2,1362) width 24: "and"
                text run at (2,1378) width 22: "lots"
                text run at (2,1394) width 24: "and"
                text run at (2,1410) width 22: "lots"
                text run at (2,1426) width 12: "of"
                text run at (2,1442) width 31: "data."
                text run at (2,1458) width 27: "Lots"
                text run at (2,1474) width 24: "and"
                text run at (2,1490) width 22: "lots"
                text run at (2,1506) width 24: "and"
                text run at (2,1522) width 22: "lots"
                text run at (2,1538) width 12: "of"
                text run at (2,1554) width 31: "data."
                text run at (2,1570) width 27: "Lots"
                text run at (2,1586) width 24: "and"
                text run at (2,1602) width 22: "lots"
                text run at (2,1618) width 24: "and"
                text run at (2,1634) width 22: "lots"
                text run at (2,1650) width 12: "of"
                text run at (2,1666) width 31: "data."
                text run at (2,1682) width 27: "Lots"
                text run at (2,1698) width 24: "and"
                text run at (2,1714) width 22: "lots"
                text run at (2,1730) width 24: "and"
                text run at (2,1746) width 22: "lots"
                text run at (2,1762) width 12: "of"
                text run at (2,1778) width 31: "data."
                text run at (2,1794) width 27: "Lots"
                text run at (2,1810) width 24: "and"
                text run at (2,1826) width 22: "lots"
                text run at (2,1842) width 24: "and"
                text run at (2,1858) width 22: "lots"
                text run at (2,1874) width 12: "of"
                text run at (2,1890) width 31: "data."
                text run at (2,1906) width 27: "Lots"
                text run at (2,1922) width 24: "and"
                text run at (2,1938) width 22: "lots"
                text run at (2,1954) width 24: "and"
                text run at (2,1970) width 22: "lots"
                text run at (2,1986) width 12: "of"
                text run at (2,2002) width 31: "data."
                text run at (2,2018) width 27: "Lots"
                text run at (2,2034) width 24: "and"
                text run at (2,2050) width 22: "lots"
                text run at (2,2066) width 24: "and"
                text run at (2,2082) width 22: "lots"
                text run at (2,2098) width 12: "of"
                text run at (2,2114) width 31: "data."
                text run at (2,2130) width 27: "Lots"
                text run at (2,2146) width 24: "and"
                text run at (2,2162) width 22: "lots"
                text run at (2,2178) width 24: "and"
                text run at (2,2194) width 22: "lots"
                text run at (2,2210) width 12: "of"
                text run at (2,2226) width 31: "data."
                text run at (2,2242) width 27: "Lots"
                text run at (2,2258) width 24: "and"
                text run at (2,2274) width 22: "lots"
                text run at (2,2290) width 24: "and"
                text run at (2,2306) width 22: "lots"
                text run at (2,2322) width 12: "of"
                text run at (2,2338) width 31: "data."
                text run at (2,2354) width 27: "Lots"
                text run at (2,2370) width 24: "and"
                text run at (2,2386) width 22: "lots"
                text run at (2,2402) width 24: "and"
                text run at (2,2418) width 22: "lots"
                text run at (2,2434) width 12: "of"
                text run at (2,2450) width 31: "data."
                text run at (2,2466) width 27: "Lots"
                text run at (2,2482) width 24: "and"
                text run at (2,2498) width 22: "lots"
                text run at (2,2514) width 24: "and"
                text run at (2,2530) width 22: "lots"
                text run at (2,2546) width 12: "of"
                text run at (2,2562) width 31: "data."
                text run at (2,2578) width 27: "Lots"
                text run at (2,2594) width 24: "and"
                text run at (2,2610) width 22: "lots"
                text run at (2,2626) width 24: "and"
                text run at (2,2642) width 22: "lots"
                text run at (2,2658) width 12: "of"
                text run at (2,2674) width 31: "data."
                text run at (2,2690) width 27: "Lots"
                text run at (2,2706) width 24: "and"
                text run at (2,2722) width 22: "lots"
                text run at (2,2738) width 24: "and"
                text run at (2,2754) width 22: "lots"
                text run at (2,2770) width 12: "of"
                text run at (2,2786) width 31: "data."
                text run at (2,2802) width 27: "Lots"
                text run at (2,2818) width 24: "and"
                text run at (2,2834) width 22: "lots"
                text run at (2,2850) width 24: "and"
                text run at (2,2866) width 22: "lots"
                text run at (2,2882) width 12: "of"
                text run at (2,2898) width 31: "data."
                text run at (2,2914) width 27: "Lots"
                text run at (2,2930) width 24: "and"
                text run at (2,2946) width 22: "lots"
                text run at (2,2962) width 24: "and"
                text run at (2,2978) width 22: "lots"
                text run at (2,2994) width 12: "of"
                text run at (2,3010) width 31: "data."
                text run at (2,3026) width 27: "Lots"
                text run at (2,3042) width 24: "and"
                text run at (2,3058) width 22: "lots"
                text run at (2,3074) width 24: "and"
                text run at (2,3090) width 22: "lots"
                text run at (2,3106) width 12: "of"
                text run at (2,3122) width 31: "data."
                text run at (2,3138) width 27: "Lots"
                text run at (2,3154) width 24: "and"
                text run at (2,3170) width 22: "lots"
                text run at (2,3186) width 24: "and"
                text run at (2,3202) width 22: "lots"
                text run at (2,3218) width 12: "of"
                text run at (2,3234) width 31: "data."
                text run at (2,3250) width 27: "Lots"
                text run at (2,3266) width 24: "and"
                text run at (2,3282) width 22: "lots"
                text run at (2,3298) width 24: "and"
                text run at (2,3314) width 22: "lots"
                text run at (2,3330) width 12: "of"
                text run at (2,3346) width 31: "data."
                text run at (2,3362) width 27: "Lots"
                text run at (2,3378) width 24: "and"
                text run at (2,3394) width 22: "lots"
                text run at (2,3410) width 24: "and"
                text run at (2,3426) width 22: "lots"
                text run at (2,3442) width 12: "of"
                text run at (2,3458) width 31: "data."
                text run at (2,3474) width 27: "Lots"
                text run at (2,3490) width 24: "and"
                text run at (2,3506) width 22: "lots"
                text run at (2,3522) width 24: "and"
                text run at (2,3538) width 22: "lots"
                text run at (2,3554) width 12: "of"
                text run at (2,3570) width 31: "data."
                text run at (2,3586) width 27: "Lots"
                text run at (2,3602) width 24: "and"
                text run at (2,3618) width 22: "lots"
                text run at (2,3634) width 24: "and"
                text run at (2,3650) width 22: "lots"
                text run at (2,3666) width 12: "of"
                text run at (2,3682) width 31: "data."
                text run at (2,3698) width 27: "Lots"
                text run at (2,3714) width 24: "and"
                text run at (2,3730) width 22: "lots"
                text run at (2,3746) width 24: "and"
                text run at (2,3762) width 22: "lots"
                text run at (2,3778) width 12: "of"
                text run at (2,3794) width 31: "data."
                text run at (2,3810) width 27: "Lots"
                text run at (2,3826) width 24: "and"
                text run at (2,3842) width 22: "lots"
                text run at (2,3858) width 24: "and"
                text run at (2,3874) width 22: "lots"
                text run at (2,3890) width 12: "of"
                text run at (2,3906) width 31: "data."
                text run at (2,3922) width 27: "Lots"
                text run at (2,3938) width 24: "and"
                text run at (2,3954) width 22: "lots"
                text run at (2,3970) width 24: "and"
                text run at (2,3986) width 22: "lots"
                text run at (2,4002) width 12: "of"
                text run at (2,4018) width 31: "data."
                text run at (2,4034) width 27: "Lots"
                text run at (2,4050) width 24: "and"
                text run at (2,4066) width 22: "lots"
                text run at (2,4082) width 24: "and"
                text run at (2,4098) width 22: "lots"
                text run at (2,4114) width 12: "of"
                text run at (2,4130) width 31: "data."
                text run at (2,4146) width 27: "Lots"
                text run at (2,4162) width 24: "and"
                text run at (2,4178) width 22: "lots"
                text run at (2,4194) width 24: "and"
                text run at (2,4210) width 22: "lots"
                text run at (2,4226) width 12: "of"
                text run at (2,4242) width 31: "data."
                text run at (2,4258) width 27: "Lots"
                text run at (2,4274) width 24: "and"
                text run at (2,4290) width 22: "lots"
                text run at (2,4306) width 24: "and"
                text run at (2,4322) width 22: "lots"
                text run at (2,4338) width 12: "of"
                text run at (2,4354) width 31: "data."
                text run at (2,4370) width 27: "Lots"
                text run at (2,4386) width 24: "and"
                text run at (2,4402) width 22: "lots"
                text run at (2,4418) width 24: "and"
                text run at (2,4434) width 22: "lots"
                text run at (2,4450) width 12: "of"
                text run at (2,4466) width 31: "data."
                text run at (2,4482) width 27: "Lots"
                text run at (2,4498) width 24: "and"
                text run at (2,4514) width 22: "lots"
                text run at (2,4530) width 24: "and"
                text run at (2,4546) width 22: "lots"
                text run at (2,4562) width 12: "of"
                text run at (2,4578) width 31: "data."
                text run at (2,4594) width 27: "Lots"
                text run at (2,4610) width 24: "and"
                text run at (2,4626) width 22: "lots"
                text run at (2,4642) width 24: "and"
                text run at (2,4658) width 22: "lots"
                text run at (2,4674) width 12: "of"
                text run at (2,4690) width 31: "data."
                text run at (2,4706) width 27: "Lots"
                text run at (2,4722) width 24: "and"
                text run at (2,4738) width 22: "lots"
                text run at (2,4754) width 24: "and"
                text run at (2,4770) width 22: "lots"
                text run at (2,4786) width 12: "of"
                text run at (2,4802) width 31: "data."
                text run at (2,4818) width 27: "Lots"
                text run at (2,4834) width 24: "and"
                text run at (2,4850) width 22: "lots"
                text run at (2,4866) width 24: "and"
                text run at (2,4882) width 22: "lots"
                text run at (2,4898) width 12: "of"
                text run at (2,4914) width 31: "data."
                text run at (2,4930) width 27: "Lots"
                text run at (2,4946) width 24: "and"
                text run at (2,4962) width 22: "lots"
                text run at (2,4978) width 24: "and"
                text run at (2,4994) width 22: "lots"
                text run at (2,5010) width 12: "of"
                text run at (2,5026) width 31: "data."
                text run at (2,5042) width 27: "Lots"
                text run at (2,5058) width 24: "and"
                text run at (2,5074) width 22: "lots"
                text run at (2,5090) width 24: "and"
                text run at (2,5106) width 22: "lots"
                text run at (2,5122) width 12: "of"
                text run at (2,5138) width 31: "data."
                text run at (2,5154) width 27: "Lots"
                text run at (2,5170) width 24: "and"
                text run at (2,5186) width 22: "lots"
                text run at (2,5202) width 24: "and"
                text run at (2,5218) width 22: "lots"
                text run at (2,5234) width 12: "of"
                text run at (2,5250) width 31: "data."
                text run at (2,5266) width 27: "Lots"
                text run at (2,5282) width 24: "and"
                text run at (2,5298) width 22: "lots"
                text run at (2,5314) width 24: "and"
                text run at (2,5330) width 22: "lots"
                text run at (2,5346) width 12: "of"
                text run at (2,5362) width 31: "data."
                text run at (2,5378) width 27: "Lots"
                text run at (2,5394) width 24: "and"
                text run at (2,5410) width 22: "lots"
                text run at (2,5426) width 24: "and"
                text run at (2,5442) width 22: "lots"
                text run at (2,5458) width 12: "of"
                text run at (2,5474) width 31: "data."
                text run at (2,5490) width 27: "Lots"
                text run at (2,5506) width 24: "and"
                text run at (2,5522) width 22: "lots"
                text run at (2,5538) width 24: "and"
                text run at (2,5554) width 22: "lots"
                text run at (2,5570) width 12: "of"
                text run at (2,5586) width 31: "data."
                text run at (2,5602) width 27: "Lots"
                text run at (2,5618) width 24: "and"
                text run at (2,5634) width 22: "lots"
                text run at (2,5650) width 24: "and"
                text run at (2,5666) width 22: "lots"
                text run at (2,5682) width 12: "of"
                text run at (2,5698) width 31: "data."
                text run at (2,5714) width 27: "Lots"
                text run at (2,5730) width 24: "and"
                text run at (2,5746) width 22: "lots"
                text run at (2,5762) width 24: "and"
                text run at (2,5778) width 22: "lots"
                text run at (2,5794) width 12: "of"
                text run at (2,5810) width 31: "data."
                text run at (2,5826) width 27: "Lots"
                text run at (2,5842) width 24: "and"
                text run at (2,5858) width 22: "lots"
                text run at (2,5874) width 24: "and"
                text run at (2,5890) width 22: "lots"
                text run at (2,5906) width 12: "of"
                text run at (2,5922) width 31: "data."
                text run at (2,5938) width 27: "Lots"
                text run at (2,5954) width 24: "and"
                text run at (2,5970) width 22: "lots"
                text run at (2,5986) width 24: "and"
                text run at (2,6002) width 22: "lots"
                text run at (2,6018) width 12: "of"
                text run at (2,6034) width 31: "data."
                text run at (2,6050) width 27: "Lots"
                text run at (2,6066) width 24: "and"
                text run at (2,6082) width 22: "lots"
                text run at (2,6098) width 24: "and"
                text run at (2,6114) width 22: "lots"
                text run at (2,6130) width 12: "of"
                text run at (2,6146) width 31: "data."
                text run at (2,6162) width 27: "Lots"
                text run at (2,6178) width 24: "and"
                text run at (2,6194) width 22: "lots"
                text run at (2,6210) width 24: "and"
                text run at (2,6226) width 22: "lots"
                text run at (2,6242) width 12: "of"
                text run at (2,6258) width 31: "data."
                text run at (2,6274) width 27: "Lots"
                text run at (2,6290) width 24: "and"
                text run at (2,6306) width 22: "lots"
                text run at (2,6322) width 24: "and"
                text run at (2,6338) width 22: "lots"
                text run at (2,6354) width 12: "of"
                text run at (2,6370) width 31: "data."
                text run at (2,6386) width 27: "Lots"
                text run at (2,6402) width 24: "and"
                text run at (2,6418) width 22: "lots"
                text run at (2,6434) width 24: "and"
                text run at (2,6450) width 22: "lots"
                text run at (2,6466) width 12: "of"
                text run at (2,6482) width 31: "data."
                text run at (2,6498) width 27: "Lots"
                text run at (2,6514) width 24: "and"
                text run at (2,6530) width 22: "lots"
                text run at (2,6546) width 24: "and"
                text run at (2,6562) width 22: "lots"
                text run at (2,6578) width 12: "of"
                text run at (2,6594) width 31: "data."
                text run at (2,6610) width 27: "Lots"
                text run at (2,6626) width 24: "and"
                text run at (2,6642) width 22: "lots"
                text run at (2,6658) width 24: "and"
                text run at (2,6674) width 22: "lots"
                text run at (2,6690) width 12: "of"
                text run at (2,6706) width 31: "data."
      RenderTable {TABLE} at (0,7100) size 111x6750
        RenderTableSection {TBODY} at (0,0) size 111x6750
          RenderTableRow {TR} at (0,2) size 111x6724
            RenderTableCell {TD} at (2,3354) size 34x20 [border: (1px solid #000000)] [r=0 c=0 rs=1 cs=1]
              RenderText {#text} at (2,2) size 30x16
                text run at (2,2) width 30: "Data"
            RenderTableCell {TD} at (38,3354) size 34x20 [border: (1px solid #000000)] [r=0 c=1 rs=1 cs=1]
              RenderText {#text} at (2,2) size 30x16
                text run at (2,2) width 30: "Data"
            RenderTableCell {TD} at (74,2) size 35x6724 [border: (1px solid #000000)] [r=0 c=2 rs=1 cs=1]
              RenderText {#text} at (2,2) size 31x6720
                text run at (2,2) width 27: "Lots"
                text run at (2,18) width 24: "and"
                text run at (2,34) width 22: "lots"
                text run at (2,50) width 24: "and"
                text run at (2,66) width 22: "lots"
                text run at (2,82) width 12: "of"
                text run at (2,98) width 31: "data."
                text run at (2,114) width 27: "Lots"
                text run at (2,130) width 24: "and"
                text run at (2,146) width 22: "lots"
                text run at (2,162) width 24: "and"
                text run at (2,178) width 22: "lots"
                text run at (2,194) width 12: "of"
                text run at (2,210) width 31: "data."
                text run at (2,226) width 27: "Lots"
                text run at (2,242) width 24: "and"
                text run at (2,258) width 22: "lots"
                text run at (2,274) width 24: "and"
                text run at (2,290) width 22: "lots"
                text run at (2,306) width 12: "of"
                text run at (2,322) width 31: "data."
                text run at (2,338) width 27: "Lots"
                text run at (2,354) width 24: "and"
                text run at (2,370) width 22: "lots"
                text run at (2,386) width 24: "and"
                text run at (2,402) width 22: "lots"
                text run at (2,418) width 12: "of"
                text run at (2,434) width 31: "data."
                text run at (2,450) width 27: "Lots"
                text run at (2,466) width 24: "and"
                text run at (2,482) width 22: "lots"
                text run at (2,498) width 24: "and"
                text run at (2,514) width 22: "lots"
                text run at (2,530) width 12: "of"
                text run at (2,546) width 31: "data."
                text run at (2,562) width 27: "Lots"
                text run at (2,578) width 24: "and"
                text run at (2,594) width 22: "lots"
                text run at (2,610) width 24: "and"
                text run at (2,626) width 22: "lots"
                text run at (2,642) width 12: "of"
                text run at (2,658) width 31: "data."
                text run at (2,674) width 27: "Lots"
                text run at (2,690) width 24: "and"
                text run at (2,706) width 22: "lots"
                text run at (2,722) width 24: "and"
                text run at (2,738) width 22: "lots"
                text run at (2,754) width 12: "of"
                text run at (2,770) width 31: "data."
                text run at (2,786) width 27: "Lots"
                text run at (2,802) width 24: "and"
                text run at (2,818) width 22: "lots"
                text run at (2,834) width 24: "and"
                text run at (2,850) width 22: "lots"
                text run at (2,866) width 12: "of"
                text run at (2,882) width 31: "data."
                text run at (2,898) width 27: "Lots"
                text run at (2,914) width 24: "and"
                text run at (2,930) width 22: "lots"
                text run at (2,946) width 24: "and"
                text run at (2,962) width 22: "lots"
                text run at (2,978) width 12: "of"
                text run at (2,994) width 31: "data."
                text run at (2,1010) width 27: "Lots"
                text run at (2,1026) width 24: "and"
                text run at (2,1042) width 22: "lots"
                text run at (2,1058) width 24: "and"
                text run at (2,1074) width 22: "lots"
                text run at (2,1090) width 12: "of"
                text run at (2,1106) width 31: "data."
                text run at (2,1122) width 27: "Lots"
                text run at (2,1138) width 24: "and"
                text run at (2,1154) width 22: "lots"
                text run at (2,1170) width 24: "and"
                text run at (2,1186) width 22: "lots"
                text run at (2,1202) width 12: "of"
                text run at (2,1218) width 31: "data."
                text run at (2,1234) width 27: "Lots"
                text run at (2,1250) width 24: "and"
                text run at (2,1266) width 22: "lots"
                text run at (2,1282) width 24: "and"
                text run at (2,1298) width 22: "lots"
                text run at (2,1314) width 12: "of"
                text run at (2,1330) width 31: "data."
                text run at (2,1346) width 27: "Lots"
                text run at (2,1362) width 24: "and"
                text run at (2,1378) width 22: "lots"
                text run at (2,1394) width 24: "and"
                text run at (2,1410) width 22: "lots"
                text run at (2,1426) width 12: "of"
                text run at (2,1442) width 31: "data."
                text run at (2,1458) width 27: "Lots"
                text run at (2,1474) width 24: "and"
                text run at (2,1490) width 22: "lots"
                text run at (2,1506) width 24: "and"
                text run at (2,1522) width 22: "lots"
                text run at (2,1538) width 12: "of"
                text run at (2,1554) width 31: "data."
                text run at (2,1570) width 27: "Lots"
                text run at (2,1586) width 24: "and"
                text run at (2,1602) width 22: "lots"
                text run at (2,1618) width 24: "and"
                text run at (2,1634) width 22: "lots"
                text run at (2,1650) width 12: "of"
                text run at (2,1666) width 31: "data."
                text run at (2,1682) width 27: "Lots"
                text run at (2,1698) width 24: "and"
                text run at (2,1714) width 22: "lots"
                text run at (2,1730) width 24: "and"
                text run at (2,1746) width 22: "lots"
                text run at (2,1762) width 12: "of"
                text run at (2,1778) width 31: "data."
                text run at (2,1794) width 27: "Lots"
                text run at (2,1810) width 24: "and"
                text run at (2,1826) width 22: "lots"
                text run at (2,1842) width 24: "and"
                text run at (2,1858) width 22: "lots"
                text run at (2,1874) width 12: "of"
                text run at (2,1890) width 31: "data."
                text run at (2,1906) width 27: "Lots"
                text run at (2,1922) width 24: "and"
                text run at (2,1938) width 22: "lots"
                text run at (2,1954) width 24: "and"
                text run at (2,1970) width 22: "lots"
                text run at (2,1986) width 12: "of"
                text run at (2,2002) width 31: "data."
                text run at (2,2018) width 27: "Lots"
                text run at (2,2034) width 24: "and"
                text run at (2,2050) width 22: "lots"
                text run at (2,2066) width 24: "and"
                text run at (2,2082) width 22: "lots"
                text run at (2,2098) width 12: "of"
                text run at (2,2114) width 31: "data."
                text run at (2,2130) width 27: "Lots"
                text run at (2,2146) width 24: "and"
                text run at (2,2162) width 22: "lots"
                text run at (2,2178) width 24: "and"
                text run at (2,2194) width 22: "lots"
                text run at (2,2210) width 12: "of"
                text run at (2,2226) width 31: "data."
                text run at (2,2242) width 27: "Lots"
                text run at (2,2258) width 24: "and"
                text run at (2,2274) width 22: "lots"
                text run at (2,2290) width 24: "and"
                text run at (2,2306) width 22: "lots"
                text run at (2,2322) width 12: "of"
                text run at (2,2338) width 31: "data."
                text run at (2,2354) width 27: "Lots"
                text run at (2,2370) width 24: "and"
                text run at (2,2386) width 22: "lots"
                text run at (2,2402) width 24: "and"
                text run at (2,2418) width 22: "lots"
                text run at (2,2434) width 12: "of"
                text run at (2,2450) width 31: "data."
                text run at (2,2466) width 27: "Lots"
                text run at (2,2482) width 24: "and"
                text run at (2,2498) width 22: "lots"
                text run at (2,2514) width 24: "and"
                text run at (2,2530) width 22: "lots"
                text run at (2,2546) width 12: "of"
                text run at (2,2562) width 31: "data."
                text run at (2,2578) width 27: "Lots"
                text run at (2,2594) width 24: "and"
                text run at (2,2610) width 22: "lots"
                text run at (2,2626) width 24: "and"
                text run at (2,2642) width 22: "lots"
                text run at (2,2658) width 12: "of"
                text run at (2,2674) width 31: "data."
                text run at (2,2690) width 27: "Lots"
                text run at (2,2706) width 24: "and"
                text run at (2,2722) width 22: "lots"
                text run at (2,2738) width 24: "and"
                text run at (2,2754) width 22: "lots"
                text run at (2,2770) width 12: "of"
                text run at (2,2786) width 31: "data."
                text run at (2,2802) width 27: "Lots"
                text run at (2,2818) width 24: "and"
                text run at (2,2834) width 22: "lots"
                text run at (2,2850) width 24: "and"
                text run at (2,2866) width 22: "lots"
                text run at (2,2882) width 12: "of"
                text run at (2,2898) width 31: "data."
                text run at (2,2914) width 27: "Lots"
                text run at (2,2930) width 24: "and"
                text run at (2,2946) width 22: "lots"
                text run at (2,2962) width 24: "and"
                text run at (2,2978) width 22: "lots"
                text run at (2,2994) width 12: "of"
                text run at (2,3010) width 31: "data."
                text run at (2,3026) width 27: "Lots"
                text run at (2,3042) width 24: "and"
                text run at (2,3058) width 22: "lots"
                text run at (2,3074) width 24: "and"
                text run at (2,3090) width 22: "lots"
                text run at (2,3106) width 12: "of"
                text run at (2,3122) width 31: "data."
                text run at (2,3138) width 27: "Lots"
                text run at (2,3154) width 24: "and"
                text run at (2,3170) width 22: "lots"
                text run at (2,3186) width 24: "and"
                text run at (2,3202) width 22: "lots"
                text run at (2,3218) width 12: "of"
                text run at (2,3234) width 31: "data."
                text run at (2,3250) width 27: "Lots"
                text run at (2,3266) width 24: "and"
                text run at (2,3282) width 22: "lots"
                text run at (2,3298) width 24: "and"
                text run at (2,3314) width 22: "lots"
                text run at (2,3330) width 12: "of"
                text run at (2,3346) width 31: "data."
                text run at (2,3362) width 27: "Lots"
                text run at (2,3378) width 24: "and"
                text run at (2,3394) width 22: "lots"
                text run at (2,3410) width 24: "and"
                text run at (2,3426) width 22: "lots"
                text run at (2,3442) width 12: "of"
                text run at (2,3458) width 31: "data."
                text run at (2,3474) width 27: "Lots"
                text run at (2,3490) width 24: "and"
                text run at (2,3506) width 22: "lots"
                text run at (2,3522) width 24: "and"
                text run at (2,3538) width 22: "lots"
                text run at (2,3554) width 12: "of"
                text run at (2,3570) width 31: "data."
                text run at (2,3586) width 27: "Lots"
                text run at (2,3602) width 24: "and"
                text run at (2,3618) width 22: "lots"
                text run at (2,3634) width 24: "and"
                text run at (2,3650) width 22: "lots"
                text run at (2,3666) width 12: "of"
                text run at (2,3682) width 31: "data."
                text run at (2,3698) width 27: "Lots"
                text run at (2,3714) width 24: "and"
                text run at (2,3730) width 22: "lots"
                text run at (2,3746) width 24: "and"
                text run at (2,3762) width 22: "lots"
                text run at (2,3778) width 12: "of"
                text run at (2,3794) width 31: "data."
                text run at (2,3810) width 27: "Lots"
                text run at (2,3826) width 24: "and"
                text run at (2,3842) width 22: "lots"
                text run at (2,3858) width 24: "and"
                text run at (2,3874) width 22: "lots"
                text run at (2,3890) width 12: "of"
                text run at (2,3906) width 31: "data."
                text run at (2,3922) width 27: "Lots"
                text run at (2,3938) width 24: "and"
                text run at (2,3954) width 22: "lots"
                text run at (2,3970) width 24: "and"
                text run at (2,3986) width 22: "lots"
                text run at (2,4002) width 12: "of"
                text run at (2,4018) width 31: "data."
                text run at (2,4034) width 27: "Lots"
                text run at (2,4050) width 24: "and"
                text run at (2,4066) width 22: "lots"
                text run at (2,4082) width 24: "and"
                text run at (2,4098) width 22: "lots"
                text run at (2,4114) width 12: "of"
                text run at (2,4130) width 31: "data."
                text run at (2,4146) width 27: "Lots"
                text run at (2,4162) width 24: "and"
                text run at (2,4178) width 22: "lots"
                text run at (2,4194) width 24: "and"
                text run at (2,4210) width 22: "lots"
                text run at (2,4226) width 12: "of"
                text run at (2,4242) width 31: "data."
                text run at (2,4258) width 27: "Lots"
                text run at (2,4274) width 24: "and"
                text run at (2,4290) width 22: "lots"
                text run at (2,4306) width 24: "and"
                text run at (2,4322) width 22: "lots"
                text run at (2,4338) width 12: "of"
                text run at (2,4354) width 31: "data."
                text run at (2,4370) width 27: "Lots"
                text run at (2,4386) width 24: "and"
                text run at (2,4402) width 22: "lots"
                text run at (2,4418) width 24: "and"
                text run at (2,4434) width 22: "lots"
                text run at (2,4450) width 12: "of"
                text run at (2,4466) width 31: "data."
                text run at (2,4482) width 27: "Lots"
                text run at (2,4498) width 24: "and"
                text run at (2,4514) width 22: "lots"
                text run at (2,4530) width 24: "and"
                text run at (2,4546) width 22: "lots"
                text run at (2,4562) width 12: "of"
                text run at (2,4578) width 31: "data."
                text run at (2,4594) width 27: "Lots"
                text run at (2,4610) width 24: "and"
                text run at (2,4626) width 22: "lots"
                text run at (2,4642) width 24: "and"
                text run at (2,4658) width 22: "lots"
                text run at (2,4674) width 12: "of"
                text run at (2,4690) width 31: "data."
                text run at (2,4706) width 27: "Lots"
                text run at (2,4722) width 24: "and"
                text run at (2,4738) width 22: "lots"
                text run at (2,4754) width 24: "and"
                text run at (2,4770) width 22: "lots"
                text run at (2,4786) width 12: "of"
                text run at (2,4802) width 31: "data."
                text run at (2,4818) width 27: "Lots"
                text run at (2,4834) width 24: "and"
                text run at (2,4850) width 22: "lots"
                text run at (2,4866) width 24: "and"
                text run at (2,4882) width 22: "lots"
                text run at (2,4898) width 12: "of"
                text run at (2,4914) width 31: "data."
                text run at (2,4930) width 27: "Lots"
                text run at (2,4946) width 24: "and"
                text run at (2,4962) width 22: "lots"
                text run at (2,4978) width 24: "and"
                text run at (2,4994) width 22: "lots"
                text run at (2,5010) width 12: "of"
                text run at (2,5026) width 31: "data."
                text run at (2,5042) width 27: "Lots"
                text run at (2,5058) width 24: "and"
                text run at (2,5074) width 22: "lots"
                text run at (2,5090) width 24: "and"
                text run at (2,5106) width 22: "lots"
                text run at (2,5122) width 12: "of"
                text run at (2,5138) width 31: "data."
                text run at (2,5154) width 27: "Lots"
                text run at (2,5170) width 24: "and"
                text run at (2,5186) width 22: "lots"
                text run at (2,5202) width 24: "and"
                text run at (2,5218) width 22: "lots"
                text run at (2,5234) width 12: "of"
                text run at (2,5250) width 31: "data."
                text run at (2,5266) width 27: "Lots"
                text run at (2,5282) width 24: "and"
                text run at (2,5298) width 22: "lots"
                text run at (2,5314) width 24: "and"
                text run at (2,5330) width 22: "lots"
                text run at (2,5346) width 12: "of"
                text run at (2,5362) width 31: "data."
                text run at (2,5378) width 27: "Lots"
                text run at (2,5394) width 24: "and"
                text run at (2,5410) width 22: "lots"
                text run at (2,5426) width 24: "and"
                text run at (2,5442) width 22: "lots"
                text run at (2,5458) width 12: "of"
                text run at (2,5474) width 31: "data."
                text run at (2,5490) width 27: "Lots"
                text run at (2,5506) width 24: "and"
                text run at (2,5522) width 22: "lots"
                text run at (2,5538) width 24: "and"
                text run at (2,5554) width 22: "lots"
                text run at (2,5570) width 12: "of"
                text run at (2,5586) width 31: "data."
                text run at (2,5602) width 27: "Lots"
                text run at (2,5618) width 24: "and"
                text run at (2,5634) width 22: "lots"
                text run at (2,5650) width 24: "and"
                text run at (2,5666) width 22: "lots"
                text run at (2,5682) width 12: "of"
                text run at (2,5698) width 31: "data."
                text run at (2,5714) width 27: "Lots"
                text run at (2,5730) width 24: "and"
                text run at (2,5746) width 22: "lots"
                text run at (2,5762) width 24: "and"
                text run at (2,5778) width 22: "lots"
                text run at (2,5794) width 12: "of"
                text run at (2,5810) width 31: "data."
                text run at (2,5826) width 27: "Lots"
                text run at (2,5842) width 24: "and"
                text run at (2,5858) width 22: "lots"
                text run at (2,5874) width 24: "and"
                text run at (2,5890) width 22: "lots"
                text run at (2,5906) width 12: "of"
                text run at (2,5922) width 31: "data."
                text run at (2,5938) width 27: "Lots"
                text run at (2,5954) width 24: "and"
                text run at (2,5970) width 22: "lots"
                text run at (2,5986) width 24: "and"
                text run at (2,6002) width 22: "lots"
                text run at (2,6018) width 12: "of"
                text run at (2,6034) width 31: "data."
                text run at (2,6050) width 27: "Lots"
                text run at (2,6066) width 24: "and"
                text run at (2,6082) width 22: "lots"
                text run at (2,6098) width 24: "and"
                text run at (2,6114) width 22: "lots"
                text run at (2,6130) width 12: "of"
                text run at (2,6146) width 31: "data."
                text run at (2,6162) width 27: "Lots"
                text run at (2,6178) width 24: "and"
                text run at (2,6194) width 22: "lots"
                text run at (2,6210) width 24: "and"
                text run at (2,6226) width 22: "lots"
                text run at (2,6242) width 12: "of"
                text run at (2,6258) width 31: "data."
                text run at (2,6274) width 27: "Lots"
                text run at (2,6290) width 24: "and"
                text run at (2,6306) width 22: "lots"
                text run at (2,6322) width 24: "and"
                text run at (2,6338) width 22: "lots"
                text run at (2,6354) width 12: "of"
                text run at (2,6370) width 31: "data."
                text run at (2,6386) width 27: "Lots"
                text run at (2,6402) width 24: "and"
                text run at (2,6418) width 22: "lots"
                text run at (2,6434) width 24: "and"
                text run at (2,6450) width 22: "lots"
                text run at (2,6466) width 12: "of"
                text run at (2,6482) width 31: "data."
                text run at (2,6498) width 27: "Lots"
                text run at (2,6514) width 24: "and"
                text run at (2,6530) width 22: "lots"
                text run at (2,6546) width 24: "and"
                text run at (2,6562) width 22: "lots"
                text run at (2,6578) width 12: "of"
                text run at (2,6594) width 31: "data."
                text run at (2,6610) width 27: "Lots"
                text run at (2,6626) width 24: "and"
                text run at (2,6642) width 22: "lots"
                text run at (2,6658) width 24: "and"
                text run at (2,6674) width 22: "lots"
                text run at (2,6690) width 12: "of"
                text run at (2,6706) width 31: "data."
          RenderTableRow {TR} at (0,6728) size 111x20
            RenderTableCell {TD} at (2,6728) size 34x20 [border: (1px solid #000000)] [r=1 c=0 rs=1 cs=1]
              RenderText {#text} at (2,2) size 30x16
                text run at (2,2) width 30: "Data"
            RenderTableCell {TD} at (38,6728) size 34x20 [border: (1px solid #000000)] [r=1 c=1 rs=1 cs=1]
              RenderText {#text} at (2,2) size 30x16
                text run at (2,2) width 30: "Data"
            RenderTableCell {TD} at (74,6728) size 35x20 [border: (1px solid #000000)] [r=1 c=2 rs=1 cs=1]
              RenderText {#text} at (2,2) size 30x16
                text run at (2,2) width 30: "Data"
      RenderBlock {P} at (0,13864) size 80x192
        RenderText {#text} at (0,0) size 79x192
          text run at (0,0) width 39: "All the"
          text run at (0,16) width 66: "columns in"
          text run at (0,32) width 79: "the following"
          text run at (0,48) width 74: "three tables"
          text run at (0,64) width 41: "should"
          text run at (0,80) width 37: "divide"
          text run at (0,96) width 68: "equally the"
          text run at (0,112) width 55: "available"
          text run at (0,128) width 38: "space"
          text run at (0,144) width 57: "(100% of"
          text run at (0,160) width 73: "the width of"
          text run at (0,176) width 64: "the page):"
      RenderTable {TABLE} at (0,14070) size 80x46
        RenderTableSection {TBODY} at (0,0) size 80x46
          RenderTableRow {TR} at (0,2) size 80x20
            RenderTableCell {TD} at (2,2) size 24x20 [border: (1px solid #000000)] [r=0 c=0 rs=1 cs=1]
              RenderText {#text} at (2,2) size 30x16
                text run at (2,2) width 30: "Data"
            RenderTableCell {TD} at (28,2) size 24x20 [border: (1px solid #000000)] [r=0 c=1 rs=1 cs=1]
              RenderText {#text} at (2,2) size 30x16
                text run at (2,2) width 30: "Data"
            RenderTableCell {TD} at (54,2) size 24x20 [border: (1px solid #000000)] [r=0 c=2 rs=1 cs=1]
              RenderText {#text} at (2,2) size 30x16
                text run at (2,2) width 30: "Data"
          RenderTableRow {TR} at (0,24) size 80x20
            RenderTableCell {TD} at (2,24) size 24x20 [border: (1px solid #000000)] [r=1 c=0 rs=1 cs=1]
              RenderText {#text} at (2,2) size 30x16
                text run at (2,2) width 30: "Data"
            RenderTableCell {TD} at (28,24) size 24x20 [border: (1px solid #000000)] [r=1 c=1 rs=1 cs=1]
              RenderText {#text} at (2,2) size 30x16
                text run at (2,2) width 30: "Data"
            RenderTableCell {TD} at (54,24) size 24x20 [border: (1px solid #000000)] [r=1 c=2 rs=1 cs=1]
              RenderText {#text} at (2,2) size 30x16
                text run at (2,2) width 30: "Data"
      RenderTable {TABLE} at (0,14116) size 80x6750
        RenderTableSection {TBODY} at (0,0) size 80x6750
          RenderTableRow {TR} at (0,2) size 80x20
            RenderTableCell {TD} at (2,2) size 24x20 [border: (1px solid #000000)] [r=0 c=0 rs=1 cs=1]
              RenderText {#text} at (2,2) size 30x16
                text run at (2,2) width 30: "Data"
            RenderTableCell {TD} at (28,2) size 24x20 [border: (1px solid #000000)] [r=0 c=1 rs=1 cs=1]
              RenderText {#text} at (2,2) size 30x16
                text run at (2,2) width 30: "Data"
            RenderTableCell {TD} at (54,2) size 24x20 [border: (1px solid #000000)] [r=0 c=2 rs=1 cs=1]
              RenderText {#text} at (2,2) size 30x16
                text run at (2,2) width 30: "Data"
          RenderTableRow {TR} at (0,24) size 80x6724
            RenderTableCell {TD} at (2,3376) size 24x20 [border: (1px solid #000000)] [r=1 c=0 rs=1 cs=1]
              RenderText {#text} at (2,2) size 30x16
                text run at (2,2) width 30: "Data"
            RenderTableCell {TD} at (28,3376) size 24x20 [border: (1px solid #000000)] [r=1 c=1 rs=1 cs=1]
              RenderText {#text} at (2,2) size 30x16
                text run at (2,2) width 30: "Data"
            RenderTableCell {TD} at (54,24) size 24x6724 [border: (1px solid #000000)] [r=1 c=2 rs=1 cs=1]
              RenderText {#text} at (2,2) size 31x6720
                text run at (2,2) width 27: "Lots"
                text run at (2,18) width 24: "and"
                text run at (2,34) width 22: "lots"
                text run at (2,50) width 24: "and"
                text run at (2,66) width 22: "lots"
                text run at (2,82) width 12: "of"
                text run at (2,98) width 31: "data."
                text run at (2,114) width 27: "Lots"
                text run at (2,130) width 24: "and"
                text run at (2,146) width 22: "lots"
                text run at (2,162) width 24: "and"
                text run at (2,178) width 22: "lots"
                text run at (2,194) width 12: "of"
                text run at (2,210) width 31: "data."
                text run at (2,226) width 27: "Lots"
                text run at (2,242) width 24: "and"
                text run at (2,258) width 22: "lots"
                text run at (2,274) width 24: "and"
                text run at (2,290) width 22: "lots"
                text run at (2,306) width 12: "of"
                text run at (2,322) width 31: "data."
                text run at (2,338) width 27: "Lots"
                text run at (2,354) width 24: "and"
                text run at (2,370) width 22: "lots"
                text run at (2,386) width 24: "and"
                text run at (2,402) width 22: "lots"
                text run at (2,418) width 12: "of"
                text run at (2,434) width 31: "data."
                text run at (2,450) width 27: "Lots"
                text run at (2,466) width 24: "and"
                text run at (2,482) width 22: "lots"
                text run at (2,498) width 24: "and"
                text run at (2,514) width 22: "lots"
                text run at (2,530) width 12: "of"
                text run at (2,546) width 31: "data."
                text run at (2,562) width 27: "Lots"
                text run at (2,578) width 24: "and"
                text run at (2,594) width 22: "lots"
                text run at (2,610) width 24: "and"
                text run at (2,626) width 22: "lots"
                text run at (2,642) width 12: "of"
                text run at (2,658) width 31: "data."
                text run at (2,674) width 27: "Lots"
                text run at (2,690) width 24: "and"
                text run at (2,706) width 22: "lots"
                text run at (2,722) width 24: "and"
                text run at (2,738) width 22: "lots"
                text run at (2,754) width 12: "of"
                text run at (2,770) width 31: "data."
                text run at (2,786) width 27: "Lots"
                text run at (2,802) width 24: "and"
                text run at (2,818) width 22: "lots"
                text run at (2,834) width 24: "and"
                text run at (2,850) width 22: "lots"
                text run at (2,866) width 12: "of"
                text run at (2,882) width 31: "data."
                text run at (2,898) width 27: "Lots"
                text run at (2,914) width 24: "and"
                text run at (2,930) width 22: "lots"
                text run at (2,946) width 24: "and"
                text run at (2,962) width 22: "lots"
                text run at (2,978) width 12: "of"
                text run at (2,994) width 31: "data."
                text run at (2,1010) width 27: "Lots"
                text run at (2,1026) width 24: "and"
                text run at (2,1042) width 22: "lots"
                text run at (2,1058) width 24: "and"
                text run at (2,1074) width 22: "lots"
                text run at (2,1090) width 12: "of"
                text run at (2,1106) width 31: "data."
                text run at (2,1122) width 27: "Lots"
                text run at (2,1138) width 24: "and"
                text run at (2,1154) width 22: "lots"
                text run at (2,1170) width 24: "and"
                text run at (2,1186) width 22: "lots"
                text run at (2,1202) width 12: "of"
                text run at (2,1218) width 31: "data."
                text run at (2,1234) width 27: "Lots"
                text run at (2,1250) width 24: "and"
                text run at (2,1266) width 22: "lots"
                text run at (2,1282) width 24: "and"
                text run at (2,1298) width 22: "lots"
                text run at (2,1314) width 12: "of"
                text run at (2,1330) width 31: "data."
                text run at (2,1346) width 27: "Lots"
                text run at (2,1362) width 24: "and"
                text run at (2,1378) width 22: "lots"
                text run at (2,1394) width 24: "and"
                text run at (2,1410) width 22: "lots"
                text run at (2,1426) width 12: "of"
                text run at (2,1442) width 31: "data."
                text run at (2,1458) width 27: "Lots"
                text run at (2,1474) width 24: "and"
                text run at (2,1490) width 22: "lots"
                text run at (2,1506) width 24: "and"
                text run at (2,1522) width 22: "lots"
                text run at (2,1538) width 12: "of"
                text run at (2,1554) width 31: "data."
                text run at (2,1570) width 27: "Lots"
                text run at (2,1586) width 24: "and"
                text run at (2,1602) width 22: "lots"
                text run at (2,1618) width 24: "and"
                text run at (2,1634) width 22: "lots"
                text run at (2,1650) width 12: "of"
                text run at (2,1666) width 31: "data."
                text run at (2,1682) width 27: "Lots"
                text run at (2,1698) width 24: "and"
                text run at (2,1714) width 22: "lots"
                text run at (2,1730) width 24: "and"
                text run at (2,1746) width 22: "lots"
                text run at (2,1762) width 12: "of"
                text run at (2,1778) width 31: "data."
                text run at (2,1794) width 27: "Lots"
                text run at (2,1810) width 24: "and"
                text run at (2,1826) width 22: "lots"
                text run at (2,1842) width 24: "and"
                text run at (2,1858) width 22: "lots"
                text run at (2,1874) width 12: "of"
                text run at (2,1890) width 31: "data."
                text run at (2,1906) width 27: "Lots"
                text run at (2,1922) width 24: "and"
                text run at (2,1938) width 22: "lots"
                text run at (2,1954) width 24: "and"
                text run at (2,1970) width 22: "lots"
                text run at (2,1986) width 12: "of"
                text run at (2,2002) width 31: "data."
                text run at (2,2018) width 27: "Lots"
                text run at (2,2034) width 24: "and"
                text run at (2,2050) width 22: "lots"
                text run at (2,2066) width 24: "and"
                text run at (2,2082) width 22: "lots"
                text run at (2,2098) width 12: "of"
                text run at (2,2114) width 31: "data."
                text run at (2,2130) width 27: "Lots"
                text run at (2,2146) width 24: "and"
                text run at (2,2162) width 22: "lots"
                text run at (2,2178) width 24: "and"
                text run at (2,2194) width 22: "lots"
                text run at (2,2210) width 12: "of"
                text run at (2,2226) width 31: "data."
                text run at (2,2242) width 27: "Lots"
                text run at (2,2258) width 24: "and"
                text run at (2,2274) width 22: "lots"
                text run at (2,2290) width 24: "and"
                text run at (2,2306) width 22: "lots"
                text run at (2,2322) width 12: "of"
                text run at (2,2338) width 31: "data."
                text run at (2,2354) width 27: "Lots"
                text run at (2,2370) width 24: "and"
                text run at (2,2386) width 22: "lots"
                text run at (2,2402) width 24: "and"
                text run at (2,2418) width 22: "lots"
                text run at (2,2434) width 12: "of"
                text run at (2,2450) width 31: "data."
                text run at (2,2466) width 27: "Lots"
                text run at (2,2482) width 24: "and"
                text run at (2,2498) width 22: "lots"
                text run at (2,2514) width 24: "and"
                text run at (2,2530) width 22: "lots"
                text run at (2,2546) width 12: "of"
                text run at (2,2562) width 31: "data."
                text run at (2,2578) width 27: "Lots"
                text run at (2,2594) width 24: "and"
                text run at (2,2610) width 22: "lots"
                text run at (2,2626) width 24: "and"
                text run at (2,2642) width 22: "lots"
                text run at (2,2658) width 12: "of"
                text run at (2,2674) width 31: "data."
                text run at (2,2690) width 27: "Lots"
                text run at (2,2706) width 24: "and"
                text run at (2,2722) width 22: "lots"
                text run at (2,2738) width 24: "and"
                text run at (2,2754) width 22: "lots"
                text run at (2,2770) width 12: "of"
                text run at (2,2786) width 31: "data."
                text run at (2,2802) width 27: "Lots"
                text run at (2,2818) width 24: "and"
                text run at (2,2834) width 22: "lots"
                text run at (2,2850) width 24: "and"
                text run at (2,2866) width 22: "lots"
                text run at (2,2882) width 12: "of"
                text run at (2,2898) width 31: "data."
                text run at (2,2914) width 27: "Lots"
                text run at (2,2930) width 24: "and"
                text run at (2,2946) width 22: "lots"
                text run at (2,2962) width 24: "and"
                text run at (2,2978) width 22: "lots"
                text run at (2,2994) width 12: "of"
                text run at (2,3010) width 31: "data."
                text run at (2,3026) width 27: "Lots"
                text run at (2,3042) width 24: "and"
                text run at (2,3058) width 22: "lots"
                text run at (2,3074) width 24: "and"
                text run at (2,3090) width 22: "lots"
                text run at (2,3106) width 12: "of"
                text run at (2,3122) width 31: "data."
                text run at (2,3138) width 27: "Lots"
                text run at (2,3154) width 24: "and"
                text run at (2,3170) width 22: "lots"
                text run at (2,3186) width 24: "and"
                text run at (2,3202) width 22: "lots"
                text run at (2,3218) width 12: "of"
                text run at (2,3234) width 31: "data."
                text run at (2,3250) width 27: "Lots"
                text run at (2,3266) width 24: "and"
                text run at (2,3282) width 22: "lots"
                text run at (2,3298) width 24: "and"
                text run at (2,3314) width 22: "lots"
                text run at (2,3330) width 12: "of"
                text run at (2,3346) width 31: "data."
                text run at (2,3362) width 27: "Lots"
                text run at (2,3378) width 24: "and"
                text run at (2,3394) width 22: "lots"
                text run at (2,3410) width 24: "and"
                text run at (2,3426) width 22: "lots"
                text run at (2,3442) width 12: "of"
                text run at (2,3458) width 31: "data."
                text run at (2,3474) width 27: "Lots"
                text run at (2,3490) width 24: "and"
                text run at (2,3506) width 22: "lots"
                text run at (2,3522) width 24: "and"
                text run at (2,3538) width 22: "lots"
                text run at (2,3554) width 12: "of"
                text run at (2,3570) width 31: "data."
                text run at (2,3586) width 27: "Lots"
                text run at (2,3602) width 24: "and"
                text run at (2,3618) width 22: "lots"
                text run at (2,3634) width 24: "and"
                text run at (2,3650) width 22: "lots"
                text run at (2,3666) width 12: "of"
                text run at (2,3682) width 31: "data."
                text run at (2,3698) width 27: "Lots"
                text run at (2,3714) width 24: "and"
                text run at (2,3730) width 22: "lots"
                text run at (2,3746) width 24: "and"
                text run at (2,3762) width 22: "lots"
                text run at (2,3778) width 12: "of"
                text run at (2,3794) width 31: "data."
                text run at (2,3810) width 27: "Lots"
                text run at (2,3826) width 24: "and"
                text run at (2,3842) width 22: "lots"
                text run at (2,3858) width 24: "and"
                text run at (2,3874) width 22: "lots"
                text run at (2,3890) width 12: "of"
                text run at (2,3906) width 31: "data."
                text run at (2,3922) width 27: "Lots"
                text run at (2,3938) width 24: "and"
                text run at (2,3954) width 22: "lots"
                text run at (2,3970) width 24: "and"
                text run at (2,3986) width 22: "lots"
                text run at (2,4002) width 12: "of"
                text run at (2,4018) width 31: "data."
                text run at (2,4034) width 27: "Lots"
                text run at (2,4050) width 24: "and"
                text run at (2,4066) width 22: "lots"
                text run at (2,4082) width 24: "and"
                text run at (2,4098) width 22: "lots"
                text run at (2,4114) width 12: "of"
                text run at (2,4130) width 31: "data."
                text run at (2,4146) width 27: "Lots"
                text run at (2,4162) width 24: "and"
                text run at (2,4178) width 22: "lots"
                text run at (2,4194) width 24: "and"
                text run at (2,4210) width 22: "lots"
                text run at (2,4226) width 12: "of"
                text run at (2,4242) width 31: "data."
                text run at (2,4258) width 27: "Lots"
                text run at (2,4274) width 24: "and"
                text run at (2,4290) width 22: "lots"
                text run at (2,4306) width 24: "and"
                text run at (2,4322) width 22: "lots"
                text run at (2,4338) width 12: "of"
                text run at (2,4354) width 31: "data."
                text run at (2,4370) width 27: "Lots"
                text run at (2,4386) width 24: "and"
                text run at (2,4402) width 22: "lots"
                text run at (2,4418) width 24: "and"
                text run at (2,4434) width 22: "lots"
                text run at (2,4450) width 12: "of"
                text run at (2,4466) width 31: "data."
                text run at (2,4482) width 27: "Lots"
                text run at (2,4498) width 24: "and"
                text run at (2,4514) width 22: "lots"
                text run at (2,4530) width 24: "and"
                text run at (2,4546) width 22: "lots"
                text run at (2,4562) width 12: "of"
                text run at (2,4578) width 31: "data."
                text run at (2,4594) width 27: "Lots"
                text run at (2,4610) width 24: "and"
                text run at (2,4626) width 22: "lots"
                text run at (2,4642) width 24: "and"
                text run at (2,4658) width 22: "lots"
                text run at (2,4674) width 12: "of"
                text run at (2,4690) width 31: "data."
                text run at (2,4706) width 27: "Lots"
                text run at (2,4722) width 24: "and"
                text run at (2,4738) width 22: "lots"
                text run at (2,4754) width 24: "and"
                text run at (2,4770) width 22: "lots"
                text run at (2,4786) width 12: "of"
                text run at (2,4802) width 31: "data."
                text run at (2,4818) width 27: "Lots"
                text run at (2,4834) width 24: "and"
                text run at (2,4850) width 22: "lots"
                text run at (2,4866) width 24: "and"
                text run at (2,4882) width 22: "lots"
                text run at (2,4898) width 12: "of"
                text run at (2,4914) width 31: "data."
                text run at (2,4930) width 27: "Lots"
                text run at (2,4946) width 24: "and"
                text run at (2,4962) width 22: "lots"
                text run at (2,4978) width 24: "and"
                text run at (2,4994) width 22: "lots"
                text run at (2,5010) width 12: "of"
                text run at (2,5026) width 31: "data."
                text run at (2,5042) width 27: "Lots"
                text run at (2,5058) width 24: "and"
                text run at (2,5074) width 22: "lots"
                text run at (2,5090) width 24: "and"
                text run at (2,5106) width 22: "lots"
                text run at (2,5122) width 12: "of"
                text run at (2,5138) width 31: "data."
                text run at (2,5154) width 27: "Lots"
                text run at (2,5170) width 24: "and"
                text run at (2,5186) width 22: "lots"
                text run at (2,5202) width 24: "and"
                text run at (2,5218) width 22: "lots"
                text run at (2,5234) width 12: "of"
                text run at (2,5250) width 31: "data."
                text run at (2,5266) width 27: "Lots"
                text run at (2,5282) width 24: "and"
                text run at (2,5298) width 22: "lots"
                text run at (2,5314) width 24: "and"
                text run at (2,5330) width 22: "lots"
                text run at (2,5346) width 12: "of"
                text run at (2,5362) width 31: "data."
                text run at (2,5378) width 27: "Lots"
                text run at (2,5394) width 24: "and"
                text run at (2,5410) width 22: "lots"
                text run at (2,5426) width 24: "and"
                text run at (2,5442) width 22: "lots"
                text run at (2,5458) width 12: "of"
                text run at (2,5474) width 31: "data."
                text run at (2,5490) width 27: "Lots"
                text run at (2,5506) width 24: "and"
                text run at (2,5522) width 22: "lots"
                text run at (2,5538) width 24: "and"
                text run at (2,5554) width 22: "lots"
                text run at (2,5570) width 12: "of"
                text run at (2,5586) width 31: "data."
                text run at (2,5602) width 27: "Lots"
                text run at (2,5618) width 24: "and"
                text run at (2,5634) width 22: "lots"
                text run at (2,5650) width 24: "and"
                text run at (2,5666) width 22: "lots"
                text run at (2,5682) width 12: "of"
                text run at (2,5698) width 31: "data."
                text run at (2,5714) width 27: "Lots"
                text run at (2,5730) width 24: "and"
                text run at (2,5746) width 22: "lots"
                text run at (2,5762) width 24: "and"
                text run at (2,5778) width 22: "lots"
                text run at (2,5794) width 12: "of"
                text run at (2,5810) width 31: "data."
                text run at (2,5826) width 27: "Lots"
                text run at (2,5842) width 24: "and"
                text run at (2,5858) width 22: "lots"
                text run at (2,5874) width 24: "and"
                text run at (2,5890) width 22: "lots"
                text run at (2,5906) width 12: "of"
                text run at (2,5922) width 31: "data."
                text run at (2,5938) width 27: "Lots"
                text run at (2,5954) width 24: "and"
                text run at (2,5970) width 22: "lots"
                text run at (2,5986) width 24: "and"
                text run at (2,6002) width 22: "lots"
                text run at (2,6018) width 12: "of"
                text run at (2,6034) width 31: "data."
                text run at (2,6050) width 27: "Lots"
                text run at (2,6066) width 24: "and"
                text run at (2,6082) width 22: "lots"
                text run at (2,6098) width 24: "and"
                text run at (2,6114) width 22: "lots"
                text run at (2,6130) width 12: "of"
                text run at (2,6146) width 31: "data."
                text run at (2,6162) width 27: "Lots"
                text run at (2,6178) width 24: "and"
                text run at (2,6194) width 22: "lots"
                text run at (2,6210) width 24: "and"
                text run at (2,6226) width 22: "lots"
                text run at (2,6242) width 12: "of"
                text run at (2,6258) width 31: "data."
                text run at (2,6274) width 27: "Lots"
                text run at (2,6290) width 24: "and"
                text run at (2,6306) width 22: "lots"
                text run at (2,6322) width 24: "and"
                text run at (2,6338) width 22: "lots"
                text run at (2,6354) width 12: "of"
                text run at (2,6370) width 31: "data."
                text run at (2,6386) width 27: "Lots"
                text run at (2,6402) width 24: "and"
                text run at (2,6418) width 22: "lots"
                text run at (2,6434) width 24: "and"
                text run at (2,6450) width 22: "lots"
                text run at (2,6466) width 12: "of"
                text run at (2,6482) width 31: "data."
                text run at (2,6498) width 27: "Lots"
                text run at (2,6514) width 24: "and"
                text run at (2,6530) width 22: "lots"
                text run at (2,6546) width 24: "and"
                text run at (2,6562) width 22: "lots"
                text run at (2,6578) width 12: "of"
                text run at (2,6594) width 31: "data."
                text run at (2,6610) width 27: "Lots"
                text run at (2,6626) width 24: "and"
                text run at (2,6642) width 22: "lots"
                text run at (2,6658) width 24: "and"
                text run at (2,6674) width 22: "lots"
                text run at (2,6690) width 12: "of"
                text run at (2,6706) width 31: "data."
      RenderTable {TABLE} at (0,20866) size 80x6750
        RenderTableSection {TBODY} at (0,0) size 80x6750
          RenderTableRow {TR} at (0,2) size 80x6724
            RenderTableCell {TD} at (2,3354) size 24x20 [border: (1px solid #000000)] [r=0 c=0 rs=1 cs=1]
              RenderText {#text} at (2,2) size 30x16
                text run at (2,2) width 30: "Data"
            RenderTableCell {TD} at (28,3354) size 24x20 [border: (1px solid #000000)] [r=0 c=1 rs=1 cs=1]
              RenderText {#text} at (2,2) size 30x16
                text run at (2,2) width 30: "Data"
            RenderTableCell {TD} at (54,2) size 24x6724 [border: (1px solid #000000)] [r=0 c=2 rs=1 cs=1]
              RenderText {#text} at (2,2) size 31x6720
                text run at (2,2) width 27: "Lots"
                text run at (2,18) width 24: "and"
                text run at (2,34) width 22: "lots"
                text run at (2,50) width 24: "and"
                text run at (2,66) width 22: "lots"
                text run at (2,82) width 12: "of"
                text run at (2,98) width 31: "data."
                text run at (2,114) width 27: "Lots"
                text run at (2,130) width 24: "and"
                text run at (2,146) width 22: "lots"
                text run at (2,162) width 24: "and"
                text run at (2,178) width 22: "lots"
                text run at (2,194) width 12: "of"
                text run at (2,210) width 31: "data."
                text run at (2,226) width 27: "Lots"
                text run at (2,242) width 24: "and"
                text run at (2,258) width 22: "lots"
                text run at (2,274) width 24: "and"
                text run at (2,290) width 22: "lots"
                text run at (2,306) width 12: "of"
                text run at (2,322) width 31: "data."
                text run at (2,338) width 27: "Lots"
                text run at (2,354) width 24: "and"
                text run at (2,370) width 22: "lots"
                text run at (2,386) width 24: "and"
                text run at (2,402) width 22: "lots"
                text run at (2,418) width 12: "of"
                text run at (2,434) width 31: "data."
                text run at (2,450) width 27: "Lots"
                text run at (2,466) width 24: "and"
                text run at (2,482) width 22: "lots"
                text run at (2,498) width 24: "and"
                text run at (2,514) width 22: "lots"
                text run at (2,530) width 12: "of"
                text run at (2,546) width 31: "data."
                text run at (2,562) width 27: "Lots"
                text run at (2,578) width 24: "and"
                text run at (2,594) width 22: "lots"
                text run at (2,610) width 24: "and"
                text run at (2,626) width 22: "lots"
                text run at (2,642) width 12: "of"
                text run at (2,658) width 31: "data."
                text run at (2,674) width 27: "Lots"
                text run at (2,690) width 24: "and"
                text run at (2,706) width 22: "lots"
                text run at (2,722) width 24: "and"
                text run at (2,738) width 22: "lots"
                text run at (2,754) width 12: "of"
                text run at (2,770) width 31: "data."
                text run at (2,786) width 27: "Lots"
                text run at (2,802) width 24: "and"
                text run at (2,818) width 22: "lots"
                text run at (2,834) width 24: "and"
                text run at (2,850) width 22: "lots"
                text run at (2,866) width 12: "of"
                text run at (2,882) width 31: "data."
                text run at (2,898) width 27: "Lots"
                text run at (2,914) width 24: "and"
                text run at (2,930) width 22: "lots"
                text run at (2,946) width 24: "and"
                text run at (2,962) width 22: "lots"
                text run at (2,978) width 12: "of"
                text run at (2,994) width 31: "data."
                text run at (2,1010) width 27: "Lots"
                text run at (2,1026) width 24: "and"
                text run at (2,1042) width 22: "lots"
                text run at (2,1058) width 24: "and"
                text run at (2,1074) width 22: "lots"
                text run at (2,1090) width 12: "of"
                text run at (2,1106) width 31: "data."
                text run at (2,1122) width 27: "Lots"
                text run at (2,1138) width 24: "and"
                text run at (2,1154) width 22: "lots"
                text run at (2,1170) width 24: "and"
                text run at (2,1186) width 22: "lots"
                text run at (2,1202) width 12: "of"
                text run at (2,1218) width 31: "data."
                text run at (2,1234) width 27: "Lots"
                text run at (2,1250) width 24: "and"
                text run at (2,1266) width 22: "lots"
                text run at (2,1282) width 24: "and"
                text run at (2,1298) width 22: "lots"
                text run at (2,1314) width 12: "of"
                text run at (2,1330) width 31: "data."
                text run at (2,1346) width 27: "Lots"
                text run at (2,1362) width 24: "and"
                text run at (2,1378) width 22: "lots"
                text run at (2,1394) width 24: "and"
                text run at (2,1410) width 22: "lots"
                text run at (2,1426) width 12: "of"
                text run at (2,1442) width 31: "data."
                text run at (2,1458) width 27: "Lots"
                text run at (2,1474) width 24: "and"
                text run at (2,1490) width 22: "lots"
                text run at (2,1506) width 24: "and"
                text run at (2,1522) width 22: "lots"
                text run at (2,1538) width 12: "of"
                text run at (2,1554) width 31: "data."
                text run at (2,1570) width 27: "Lots"
                text run at (2,1586) width 24: "and"
                text run at (2,1602) width 22: "lots"
                text run at (2,1618) width 24: "and"
                text run at (2,1634) width 22: "lots"
                text run at (2,1650) width 12: "of"
                text run at (2,1666) width 31: "data."
                text run at (2,1682) width 27: "Lots"
                text run at (2,1698) width 24: "and"
                text run at (2,1714) width 22: "lots"
                text run at (2,1730) width 24: "and"
                text run at (2,1746) width 22: "lots"
                text run at (2,1762) width 12: "of"
                text run at (2,1778) width 31: "data."
                text run at (2,1794) width 27: "Lots"
                text run at (2,1810) width 24: "and"
                text run at (2,1826) width 22: "lots"
                text run at (2,1842) width 24: "and"
                text run at (2,1858) width 22: "lots"
                text run at (2,1874) width 12: "of"
                text run at (2,1890) width 31: "data."
                text run at (2,1906) width 27: "Lots"
                text run at (2,1922) width 24: "and"
                text run at (2,1938) width 22: "lots"
                text run at (2,1954) width 24: "and"
                text run at (2,1970) width 22: "lots"
                text run at (2,1986) width 12: "of"
                text run at (2,2002) width 31: "data."
                text run at (2,2018) width 27: "Lots"
                text run at (2,2034) width 24: "and"
                text run at (2,2050) width 22: "lots"
                text run at (2,2066) width 24: "and"
                text run at (2,2082) width 22: "lots"
                text run at (2,2098) width 12: "of"
                text run at (2,2114) width 31: "data."
                text run at (2,2130) width 27: "Lots"
                text run at (2,2146) width 24: "and"
                text run at (2,2162) width 22: "lots"
                text run at (2,2178) width 24: "and"
                text run at (2,2194) width 22: "lots"
                text run at (2,2210) width 12: "of"
                text run at (2,2226) width 31: "data."
                text run at (2,2242) width 27: "Lots"
                text run at (2,2258) width 24: "and"
                text run at (2,2274) width 22: "lots"
                text run at (2,2290) width 24: "and"
                text run at (2,2306) width 22: "lots"
                text run at (2,2322) width 12: "of"
                text run at (2,2338) width 31: "data."
                text run at (2,2354) width 27: "Lots"
                text run at (2,2370) width 24: "and"
                text run at (2,2386) width 22: "lots"
                text run at (2,2402) width 24: "and"
                text run at (2,2418) width 22: "lots"
                text run at (2,2434) width 12: "of"
                text run at (2,2450) width 31: "data."
                text run at (2,2466) width 27: "Lots"
                text run at (2,2482) width 24: "and"
                text run at (2,2498) width 22: "lots"
                text run at (2,2514) width 24: "and"
                text run at (2,2530) width 22: "lots"
                text run at (2,2546) width 12: "of"
                text run at (2,2562) width 31: "data."
                text run at (2,2578) width 27: "Lots"
                text run at (2,2594) width 24: "and"
                text run at (2,2610) width 22: "lots"
                text run at (2,2626) width 24: "and"
                text run at (2,2642) width 22: "lots"
                text run at (2,2658) width 12: "of"
                text run at (2,2674) width 31: "data."
                text run at (2,2690) width 27: "Lots"
                text run at (2,2706) width 24: "and"
                text run at (2,2722) width 22: "lots"
                text run at (2,2738) width 24: "and"
                text run at (2,2754) width 22: "lots"
                text run at (2,2770) width 12: "of"
                text run at (2,2786) width 31: "data."
                text run at (2,2802) width 27: "Lots"
                text run at (2,2818) width 24: "and"
                text run at (2,2834) width 22: "lots"
                text run at (2,2850) width 24: "and"
                text run at (2,2866) width 22: "lots"
                text run at (2,2882) width 12: "of"
                text run at (2,2898) width 31: "data."
                text run at (2,2914) width 27: "Lots"
                text run at (2,2930) width 24: "and"
                text run at (2,2946) width 22: "lots"
                text run at (2,2962) width 24: "and"
                text run at (2,2978) width 22: "lots"
                text run at (2,2994) width 12: "of"
                text run at (2,3010) width 31: "data."
                text run at (2,3026) width 27: "Lots"
                text run at (2,3042) width 24: "and"
                text run at (2,3058) width 22: "lots"
                text run at (2,3074) width 24: "and"
                text run at (2,3090) width 22: "lots"
                text run at (2,3106) width 12: "of"
                text run at (2,3122) width 31: "data."
                text run at (2,3138) width 27: "Lots"
                text run at (2,3154) width 24: "and"
                text run at (2,3170) width 22: "lots"
                text run at (2,3186) width 24: "and"
                text run at (2,3202) width 22: "lots"
                text run at (2,3218) width 12: "of"
                text run at (2,3234) width 31: "data."
                text run at (2,3250) width 27: "Lots"
                text run at (2,3266) width 24: "and"
                text run at (2,3282) width 22: "lots"
                text run at (2,3298) width 24: "and"
                text run at (2,3314) width 22: "lots"
                text run at (2,3330) width 12: "of"
                text run at (2,3346) width 31: "data."
                text run at (2,3362) width 27: "Lots"
                text run at (2,3378) width 24: "and"
                text run at (2,3394) width 22: "lots"
                text run at (2,3410) width 24: "and"
                text run at (2,3426) width 22: "lots"
                text run at (2,3442) width 12: "of"
                text run at (2,3458) width 31: "data."
                text run at (2,3474) width 27: "Lots"
                text run at (2,3490) width 24: "and"
                text run at (2,3506) width 22: "lots"
                text run at (2,3522) width 24: "and"
                text run at (2,3538) width 22: "lots"
                text run at (2,3554) width 12: "of"
                text run at (2,3570) width 31: "data."
                text run at (2,3586) width 27: "Lots"
                text run at (2,3602) width 24: "and"
                text run at (2,3618) width 22: "lots"
                text run at (2,3634) width 24: "and"
                text run at (2,3650) width 22: "lots"
                text run at (2,3666) width 12: "of"
                text run at (2,3682) width 31: "data."
                text run at (2,3698) width 27: "Lots"
                text run at (2,3714) width 24: "and"
                text run at (2,3730) width 22: "lots"
                text run at (2,3746) width 24: "and"
                text run at (2,3762) width 22: "lots"
                text run at (2,3778) width 12: "of"
                text run at (2,3794) width 31: "data."
                text run at (2,3810) width 27: "Lots"
                text run at (2,3826) width 24: "and"
                text run at (2,3842) width 22: "lots"
                text run at (2,3858) width 24: "and"
                text run at (2,3874) width 22: "lots"
                text run at (2,3890) width 12: "of"
                text run at (2,3906) width 31: "data."
                text run at (2,3922) width 27: "Lots"
                text run at (2,3938) width 24: "and"
                text run at (2,3954) width 22: "lots"
                text run at (2,3970) width 24: "and"
                text run at (2,3986) width 22: "lots"
                text run at (2,4002) width 12: "of"
                text run at (2,4018) width 31: "data."
                text run at (2,4034) width 27: "Lots"
                text run at (2,4050) width 24: "and"
                text run at (2,4066) width 22: "lots"
                text run at (2,4082) width 24: "and"
                text run at (2,4098) width 22: "lots"
                text run at (2,4114) width 12: "of"
                text run at (2,4130) width 31: "data."
                text run at (2,4146) width 27: "Lots"
                text run at (2,4162) width 24: "and"
                text run at (2,4178) width 22: "lots"
                text run at (2,4194) width 24: "and"
                text run at (2,4210) width 22: "lots"
                text run at (2,4226) width 12: "of"
                text run at (2,4242) width 31: "data."
                text run at (2,4258) width 27: "Lots"
                text run at (2,4274) width 24: "and"
                text run at (2,4290) width 22: "lots"
                text run at (2,4306) width 24: "and"
                text run at (2,4322) width 22: "lots"
                text run at (2,4338) width 12: "of"
                text run at (2,4354) width 31: "data."
                text run at (2,4370) width 27: "Lots"
                text run at (2,4386) width 24: "and"
                text run at (2,4402) width 22: "lots"
                text run at (2,4418) width 24: "and"
                text run at (2,4434) width 22: "lots"
                text run at (2,4450) width 12: "of"
                text run at (2,4466) width 31: "data."
                text run at (2,4482) width 27: "Lots"
                text run at (2,4498) width 24: "and"
                text run at (2,4514) width 22: "lots"
                text run at (2,4530) width 24: "and"
                text run at (2,4546) width 22: "lots"
                text run at (2,4562) width 12: "of"
                text run at (2,4578) width 31: "data."
                text run at (2,4594) width 27: "Lots"
                text run at (2,4610) width 24: "and"
                text run at (2,4626) width 22: "lots"
                text run at (2,4642) width 24: "and"
                text run at (2,4658) width 22: "lots"
                text run at (2,4674) width 12: "of"
                text run at (2,4690) width 31: "data."
                text run at (2,4706) width 27: "Lots"
                text run at (2,4722) width 24: "and"
                text run at (2,4738) width 22: "lots"
                text run at (2,4754) width 24: "and"
                text run at (2,4770) width 22: "lots"
                text run at (2,4786) width 12: "of"
                text run at (2,4802) width 31: "data."
                text run at (2,4818) width 27: "Lots"
                text run at (2,4834) width 24: "and"
                text run at (2,4850) width 22: "lots"
                text run at (2,4866) width 24: "and"
                text run at (2,4882) width 22: "lots"
                text run at (2,4898) width 12: "of"
                text run at (2,4914) width 31: "data."
                text run at (2,4930) width 27: "Lots"
                text run at (2,4946) width 24: "and"
                text run at (2,4962) width 22: "lots"
                text run at (2,4978) width 24: "and"
                text run at (2,4994) width 22: "lots"
                text run at (2,5010) width 12: "of"
                text run at (2,5026) width 31: "data."
                text run at (2,5042) width 27: "Lots"
                text run at (2,5058) width 24: "and"
                text run at (2,5074) width 22: "lots"
                text run at (2,5090) width 24: "and"
                text run at (2,5106) width 22: "lots"
                text run at (2,5122) width 12: "of"
                text run at (2,5138) width 31: "data."
                text run at (2,5154) width 27: "Lots"
                text run at (2,5170) width 24: "and"
                text run at (2,5186) width 22: "lots"
                text run at (2,5202) width 24: "and"
                text run at (2,5218) width 22: "lots"
                text run at (2,5234) width 12: "of"
                text run at (2,5250) width 31: "data."
                text run at (2,5266) width 27: "Lots"
                text run at (2,5282) width 24: "and"
                text run at (2,5298) width 22: "lots"
                text run at (2,5314) width 24: "and"
                text run at (2,5330) width 22: "lots"
                text run at (2,5346) width 12: "of"
                text run at (2,5362) width 31: "data."
                text run at (2,5378) width 27: "Lots"
                text run at (2,5394) width 24: "and"
                text run at (2,5410) width 22: "lots"
                text run at (2,5426) width 24: "and"
                text run at (2,5442) width 22: "lots"
                text run at (2,5458) width 12: "of"
                text run at (2,5474) width 31: "data."
                text run at (2,5490) width 27: "Lots"
                text run at (2,5506) width 24: "and"
                text run at (2,5522) width 22: "lots"
                text run at (2,5538) width 24: "and"
                text run at (2,5554) width 22: "lots"
                text run at (2,5570) width 12: "of"
                text run at (2,5586) width 31: "data."
                text run at (2,5602) width 27: "Lots"
                text run at (2,5618) width 24: "and"
                text run at (2,5634) width 22: "lots"
                text run at (2,5650) width 24: "and"
                text run at (2,5666) width 22: "lots"
                text run at (2,5682) width 12: "of"
                text run at (2,5698) width 31: "data."
                text run at (2,5714) width 27: "Lots"
                text run at (2,5730) width 24: "and"
                text run at (2,5746) width 22: "lots"
                text run at (2,5762) width 24: "and"
                text run at (2,5778) width 22: "lots"
                text run at (2,5794) width 12: "of"
                text run at (2,5810) width 31: "data."
                text run at (2,5826) width 27: "Lots"
                text run at (2,5842) width 24: "and"
                text run at (2,5858) width 22: "lots"
                text run at (2,5874) width 24: "and"
                text run at (2,5890) width 22: "lots"
                text run at (2,5906) width 12: "of"
                text run at (2,5922) width 31: "data."
                text run at (2,5938) width 27: "Lots"
                text run at (2,5954) width 24: "and"
                text run at (2,5970) width 22: "lots"
                text run at (2,5986) width 24: "and"
                text run at (2,6002) width 22: "lots"
                text run at (2,6018) width 12: "of"
                text run at (2,6034) width 31: "data."
                text run at (2,6050) width 27: "Lots"
                text run at (2,6066) width 24: "and"
                text run at (2,6082) width 22: "lots"
                text run at (2,6098) width 24: "and"
                text run at (2,6114) width 22: "lots"
                text run at (2,6130) width 12: "of"
                text run at (2,6146) width 31: "data."
                text run at (2,6162) width 27: "Lots"
                text run at (2,6178) width 24: "and"
                text run at (2,6194) width 22: "lots"
                text run at (2,6210) width 24: "and"
                text run at (2,6226) width 22: "lots"
                text run at (2,6242) width 12: "of"
                text run at (2,6258) width 31: "data."
                text run at (2,6274) width 27: "Lots"
                text run at (2,6290) width 24: "and"
                text run at (2,6306) width 22: "lots"
                text run at (2,6322) width 24: "and"
                text run at (2,6338) width 22: "lots"
                text run at (2,6354) width 12: "of"
                text run at (2,6370) width 31: "data."
                text run at (2,6386) width 27: "Lots"
                text run at (2,6402) width 24: "and"
                text run at (2,6418) width 22: "lots"
                text run at (2,6434) width 24: "and"
                text run at (2,6450) width 22: "lots"
                text run at (2,6466) width 12: "of"
                text run at (2,6482) width 31: "data."
                text run at (2,6498) width 27: "Lots"
                text run at (2,6514) width 24: "and"
                text run at (2,6530) width 22: "lots"
                text run at (2,6546) width 24: "and"
                text run at (2,6562) width 22: "lots"
                text run at (2,6578) width 12: "of"
                text run at (2,6594) width 31: "data."
                text run at (2,6610) width 27: "Lots"
                text run at (2,6626) width 24: "and"
                text run at (2,6642) width 22: "lots"
                text run at (2,6658) width 24: "and"
                text run at (2,6674) width 22: "lots"
                text run at (2,6690) width 12: "of"
                text run at (2,6706) width 31: "data."
          RenderTableRow {TR} at (0,6728) size 80x20
            RenderTableCell {TD} at (2,6728) size 24x20 [border: (1px solid #000000)] [r=1 c=0 rs=1 cs=1]
              RenderText {#text} at (2,2) size 30x16
                text run at (2,2) width 30: "Data"
            RenderTableCell {TD} at (28,6728) size 24x20 [border: (1px solid #000000)] [r=1 c=1 rs=1 cs=1]
              RenderText {#text} at (2,2) size 30x16
                text run at (2,2) width 30: "Data"
            RenderTableCell {TD} at (54,6728) size 24x20 [border: (1px solid #000000)] [r=1 c=2 rs=1 cs=1]
              RenderText {#text} at (2,2) size 30x16
                text run at (2,2) width 30: "Data"
      RenderBlock {P} at (0,27630) size 80x176
        RenderText {#text} at (0,0) size 80x176
          text run at (0,0) width 39: "All the"
          text run at (0,16) width 66: "columns in"
          text run at (0,32) width 79: "the following"
          text run at (0,48) width 74: "three tables"
          text run at (0,64) width 41: "should"
          text run at (0,80) width 37: "divide"
          text run at (0,96) width 68: "equally the"
          text run at (0,112) width 55: "available"
          text run at (0,128) width 75: "space (50%"
          text run at (0,144) width 73: "of the width"
          text run at (0,160) width 80: "of the page):"
      RenderTable {TABLE} at (0,27820) size 40x46
        RenderTableSection {TBODY} at (0,0) size 40x46
          RenderTableRow {TR} at (0,2) size 40x20
            RenderTableCell {TD} at (2,2) size 10x20 [border: (1px solid #000000)] [r=0 c=0 rs=1 cs=1]
              RenderText {#text} at (2,2) size 30x16
                text run at (2,2) width 30: "Data"
            RenderTableCell {TD} at (14,2) size 11x20 [border: (1px solid #000000)] [r=0 c=1 rs=1 cs=1]
              RenderText {#text} at (2,2) size 30x16
                text run at (2,2) width 30: "Data"
            RenderTableCell {TD} at (27,2) size 11x20 [border: (1px solid #000000)] [r=0 c=2 rs=1 cs=1]
              RenderText {#text} at (2,2) size 30x16
                text run at (2,2) width 30: "Data"
          RenderTableRow {TR} at (0,24) size 40x20
            RenderTableCell {TD} at (2,24) size 10x20 [border: (1px solid #000000)] [r=1 c=0 rs=1 cs=1]
              RenderText {#text} at (2,2) size 30x16
                text run at (2,2) width 30: "Data"
            RenderTableCell {TD} at (14,24) size 11x20 [border: (1px solid #000000)] [r=1 c=1 rs=1 cs=1]
              RenderText {#text} at (2,2) size 30x16
                text run at (2,2) width 30: "Data"
            RenderTableCell {TD} at (27,24) size 11x20 [border: (1px solid #000000)] [r=1 c=2 rs=1 cs=1]
              RenderText {#text} at (2,2) size 30x16
                text run at (2,2) width 30: "Data"
      RenderTable {TABLE} at (0,27866) size 40x6750
        RenderTableSection {TBODY} at (0,0) size 40x6750
          RenderTableRow {TR} at (0,2) size 40x20
            RenderTableCell {TD} at (2,2) size 10x20 [border: (1px solid #000000)] [r=0 c=0 rs=1 cs=1]
              RenderText {#text} at (2,2) size 30x16
                text run at (2,2) width 30: "Data"
            RenderTableCell {TD} at (14,2) size 11x20 [border: (1px solid #000000)] [r=0 c=1 rs=1 cs=1]
              RenderText {#text} at (2,2) size 30x16
                text run at (2,2) width 30: "Data"
            RenderTableCell {TD} at (27,2) size 11x20 [border: (1px solid #000000)] [r=0 c=2 rs=1 cs=1]
              RenderText {#text} at (2,2) size 30x16
                text run at (2,2) width 30: "Data"
          RenderTableRow {TR} at (0,24) size 40x6724
            RenderTableCell {TD} at (2,3376) size 10x20 [border: (1px solid #000000)] [r=1 c=0 rs=1 cs=1]
              RenderText {#text} at (2,2) size 30x16
                text run at (2,2) width 30: "Data"
            RenderTableCell {TD} at (14,3376) size 11x20 [border: (1px solid #000000)] [r=1 c=1 rs=1 cs=1]
              RenderText {#text} at (2,2) size 30x16
                text run at (2,2) width 30: "Data"
            RenderTableCell {TD} at (27,24) size 11x6724 [border: (1px solid #000000)] [r=1 c=2 rs=1 cs=1]
              RenderText {#text} at (2,2) size 31x6720
                text run at (2,2) width 27: "Lots"
                text run at (2,18) width 24: "and"
                text run at (2,34) width 22: "lots"
                text run at (2,50) width 24: "and"
                text run at (2,66) width 22: "lots"
                text run at (2,82) width 12: "of"
                text run at (2,98) width 31: "data."
                text run at (2,114) width 27: "Lots"
                text run at (2,130) width 24: "and"
                text run at (2,146) width 22: "lots"
                text run at (2,162) width 24: "and"
                text run at (2,178) width 22: "lots"
                text run at (2,194) width 12: "of"
                text run at (2,210) width 31: "data."
                text run at (2,226) width 27: "Lots"
                text run at (2,242) width 24: "and"
                text run at (2,258) width 22: "lots"
                text run at (2,274) width 24: "and"
                text run at (2,290) width 22: "lots"
                text run at (2,306) width 12: "of"
                text run at (2,322) width 31: "data."
                text run at (2,338) width 27: "Lots"
                text run at (2,354) width 24: "and"
                text run at (2,370) width 22: "lots"
                text run at (2,386) width 24: "and"
                text run at (2,402) width 22: "lots"
                text run at (2,418) width 12: "of"
                text run at (2,434) width 31: "data."
                text run at (2,450) width 27: "Lots"
                text run at (2,466) width 24: "and"
                text run at (2,482) width 22: "lots"
                text run at (2,498) width 24: "and"
                text run at (2,514) width 22: "lots"
                text run at (2,530) width 12: "of"
                text run at (2,546) width 31: "data."
                text run at (2,562) width 27: "Lots"
                text run at (2,578) width 24: "and"
                text run at (2,594) width 22: "lots"
                text run at (2,610) width 24: "and"
                text run at (2,626) width 22: "lots"
                text run at (2,642) width 12: "of"
                text run at (2,658) width 31: "data."
                text run at (2,674) width 27: "Lots"
                text run at (2,690) width 24: "and"
                text run at (2,706) width 22: "lots"
                text run at (2,722) width 24: "and"
                text run at (2,738) width 22: "lots"
                text run at (2,754) width 12: "of"
                text run at (2,770) width 31: "data."
                text run at (2,786) width 27: "Lots"
                text run at (2,802) width 24: "and"
                text run at (2,818) width 22: "lots"
                text run at (2,834) width 24: "and"
                text run at (2,850) width 22: "lots"
                text run at (2,866) width 12: "of"
                text run at (2,882) width 31: "data."
                text run at (2,898) width 27: "Lots"
                text run at (2,914) width 24: "and"
                text run at (2,930) width 22: "lots"
                text run at (2,946) width 24: "and"
                text run at (2,962) width 22: "lots"
                text run at (2,978) width 12: "of"
                text run at (2,994) width 31: "data."
                text run at (2,1010) width 27: "Lots"
                text run at (2,1026) width 24: "and"
                text run at (2,1042) width 22: "lots"
                text run at (2,1058) width 24: "and"
                text run at (2,1074) width 22: "lots"
                text run at (2,1090) width 12: "of"
                text run at (2,1106) width 31: "data."
                text run at (2,1122) width 27: "Lots"
                text run at (2,1138) width 24: "and"
                text run at (2,1154) width 22: "lots"
                text run at (2,1170) width 24: "and"
                text run at (2,1186) width 22: "lots"
                text run at (2,1202) width 12: "of"
                text run at (2,1218) width 31: "data."
                text run at (2,1234) width 27: "Lots"
                text run at (2,1250) width 24: "and"
                text run at (2,1266) width 22: "lots"
                text run at (2,1282) width 24: "and"
                text run at (2,1298) width 22: "lots"
                text run at (2,1314) width 12: "of"
                text run at (2,1330) width 31: "data."
                text run at (2,1346) width 27: "Lots"
                text run at (2,1362) width 24: "and"
                text run at (2,1378) width 22: "lots"
                text run at (2,1394) width 24: "and"
                text run at (2,1410) width 22: "lots"
                text run at (2,1426) width 12: "of"
                text run at (2,1442) width 31: "data."
                text run at (2,1458) width 27: "Lots"
                text run at (2,1474) width 24: "and"
                text run at (2,1490) width 22: "lots"
                text run at (2,1506) width 24: "and"
                text run at (2,1522) width 22: "lots"
                text run at (2,1538) width 12: "of"
                text run at (2,1554) width 31: "data."
                text run at (2,1570) width 27: "Lots"
                text run at (2,1586) width 24: "and"
                text run at (2,1602) width 22: "lots"
                text run at (2,1618) width 24: "and"
                text run at (2,1634) width 22: "lots"
                text run at (2,1650) width 12: "of"
                text run at (2,1666) width 31: "data."
                text run at (2,1682) width 27: "Lots"
                text run at (2,1698) width 24: "and"
                text run at (2,1714) width 22: "lots"
                text run at (2,1730) width 24: "and"
                text run at (2,1746) width 22: "lots"
                text run at (2,1762) width 12: "of"
                text run at (2,1778) width 31: "data."
                text run at (2,1794) width 27: "Lots"
                text run at (2,1810) width 24: "and"
                text run at (2,1826) width 22: "lots"
                text run at (2,1842) width 24: "and"
                text run at (2,1858) width 22: "lots"
                text run at (2,1874) width 12: "of"
                text run at (2,1890) width 31: "data."
                text run at (2,1906) width 27: "Lots"
                text run at (2,1922) width 24: "and"
                text run at (2,1938) width 22: "lots"
                text run at (2,1954) width 24: "and"
                text run at (2,1970) width 22: "lots"
                text run at (2,1986) width 12: "of"
                text run at (2,2002) width 31: "data."
                text run at (2,2018) width 27: "Lots"
                text run at (2,2034) width 24: "and"
                text run at (2,2050) width 22: "lots"
                text run at (2,2066) width 24: "and"
                text run at (2,2082) width 22: "lots"
                text run at (2,2098) width 12: "of"
                text run at (2,2114) width 31: "data."
                text run at (2,2130) width 27: "Lots"
                text run at (2,2146) width 24: "and"
                text run at (2,2162) width 22: "lots"
                text run at (2,2178) width 24: "and"
                text run at (2,2194) width 22: "lots"
                text run at (2,2210) width 12: "of"
                text run at (2,2226) width 31: "data."
                text run at (2,2242) width 27: "Lots"
                text run at (2,2258) width 24: "and"
                text run at (2,2274) width 22: "lots"
                text run at (2,2290) width 24: "and"
                text run at (2,2306) width 22: "lots"
                text run at (2,2322) width 12: "of"
                text run at (2,2338) width 31: "data."
                text run at (2,2354) width 27: "Lots"
                text run at (2,2370) width 24: "and"
                text run at (2,2386) width 22: "lots"
                text run at (2,2402) width 24: "and"
                text run at (2,2418) width 22: "lots"
                text run at (2,2434) width 12: "of"
                text run at (2,2450) width 31: "data."
                text run at (2,2466) width 27: "Lots"
                text run at (2,2482) width 24: "and"
                text run at (2,2498) width 22: "lots"
                text run at (2,2514) width 24: "and"
                text run at (2,2530) width 22: "lots"
                text run at (2,2546) width 12: "of"
                text run at (2,2562) width 31: "data."
                text run at (2,2578) width 27: "Lots"
                text run at (2,2594) width 24: "and"
                text run at (2,2610) width 22: "lots"
                text run at (2,2626) width 24: "and"
                text run at (2,2642) width 22: "lots"
                text run at (2,2658) width 12: "of"
                text run at (2,2674) width 31: "data."
                text run at (2,2690) width 27: "Lots"
                text run at (2,2706) width 24: "and"
                text run at (2,2722) width 22: "lots"
                text run at (2,2738) width 24: "and"
                text run at (2,2754) width 22: "lots"
                text run at (2,2770) width 12: "of"
                text run at (2,2786) width 31: "data."
                text run at (2,2802) width 27: "Lots"
                text run at (2,2818) width 24: "and"
                text run at (2,2834) width 22: "lots"
                text run at (2,2850) width 24: "and"
                text run at (2,2866) width 22: "lots"
                text run at (2,2882) width 12: "of"
                text run at (2,2898) width 31: "data."
                text run at (2,2914) width 27: "Lots"
                text run at (2,2930) width 24: "and"
                text run at (2,2946) width 22: "lots"
                text run at (2,2962) width 24: "and"
                text run at (2,2978) width 22: "lots"
                text run at (2,2994) width 12: "of"
                text run at (2,3010) width 31: "data."
                text run at (2,3026) width 27: "Lots"
                text run at (2,3042) width 24: "and"
                text run at (2,3058) width 22: "lots"
                text run at (2,3074) width 24: "and"
                text run at (2,3090) width 22: "lots"
                text run at (2,3106) width 12: "of"
                text run at (2,3122) width 31: "data."
                text run at (2,3138) width 27: "Lots"
                text run at (2,3154) width 24: "and"
                text run at (2,3170) width 22: "lots"
                text run at (2,3186) width 24: "and"
                text run at (2,3202) width 22: "lots"
                text run at (2,3218) width 12: "of"
                text run at (2,3234) width 31: "data."
                text run at (2,3250) width 27: "Lots"
                text run at (2,3266) width 24: "and"
                text run at (2,3282) width 22: "lots"
                text run at (2,3298) width 24: "and"
                text run at (2,3314) width 22: "lots"
                text run at (2,3330) width 12: "of"
                text run at (2,3346) width 31: "data."
                text run at (2,3362) width 27: "Lots"
                text run at (2,3378) width 24: "and"
                text run at (2,3394) width 22: "lots"
                text run at (2,3410) width 24: "and"
                text run at (2,3426) width 22: "lots"
                text run at (2,3442) width 12: "of"
                text run at (2,3458) width 31: "data."
                text run at (2,3474) width 27: "Lots"
                text run at (2,3490) width 24: "and"
                text run at (2,3506) width 22: "lots"
                text run at (2,3522) width 24: "and"
                text run at (2,3538) width 22: "lots"
                text run at (2,3554) width 12: "of"
                text run at (2,3570) width 31: "data."
                text run at (2,3586) width 27: "Lots"
                text run at (2,3602) width 24: "and"
                text run at (2,3618) width 22: "lots"
                text run at (2,3634) width 24: "and"
                text run at (2,3650) width 22: "lots"
                text run at (2,3666) width 12: "of"
                text run at (2,3682) width 31: "data."
                text run at (2,3698) width 27: "Lots"
                text run at (2,3714) width 24: "and"
                text run at (2,3730) width 22: "lots"
                text run at (2,3746) width 24: "and"
                text run at (2,3762) width 22: "lots"
                text run at (2,3778) width 12: "of"
                text run at (2,3794) width 31: "data."
                text run at (2,3810) width 27: "Lots"
                text run at (2,3826) width 24: "and"
                text run at (2,3842) width 22: "lots"
                text run at (2,3858) width 24: "and"
                text run at (2,3874) width 22: "lots"
                text run at (2,3890) width 12: "of"
                text run at (2,3906) width 31: "data."
                text run at (2,3922) width 27: "Lots"
                text run at (2,3938) width 24: "and"
                text run at (2,3954) width 22: "lots"
                text run at (2,3970) width 24: "and"
                text run at (2,3986) width 22: "lots"
                text run at (2,4002) width 12: "of"
                text run at (2,4018) width 31: "data."
                text run at (2,4034) width 27: "Lots"
                text run at (2,4050) width 24: "and"
                text run at (2,4066) width 22: "lots"
                text run at (2,4082) width 24: "and"
                text run at (2,4098) width 22: "lots"
                text run at (2,4114) width 12: "of"
                text run at (2,4130) width 31: "data."
                text run at (2,4146) width 27: "Lots"
                text run at (2,4162) width 24: "and"
                text run at (2,4178) width 22: "lots"
                text run at (2,4194) width 24: "and"
                text run at (2,4210) width 22: "lots"
                text run at (2,4226) width 12: "of"
                text run at (2,4242) width 31: "data."
                text run at (2,4258) width 27: "Lots"
                text run at (2,4274) width 24: "and"
                text run at (2,4290) width 22: "lots"
                text run at (2,4306) width 24: "and"
                text run at (2,4322) width 22: "lots"
                text run at (2,4338) width 12: "of"
                text run at (2,4354) width 31: "data."
                text run at (2,4370) width 27: "Lots"
                text run at (2,4386) width 24: "and"
                text run at (2,4402) width 22: "lots"
                text run at (2,4418) width 24: "and"
                text run at (2,4434) width 22: "lots"
                text run at (2,4450) width 12: "of"
                text run at (2,4466) width 31: "data."
                text run at (2,4482) width 27: "Lots"
                text run at (2,4498) width 24: "and"
                text run at (2,4514) width 22: "lots"
                text run at (2,4530) width 24: "and"
                text run at (2,4546) width 22: "lots"
                text run at (2,4562) width 12: "of"
                text run at (2,4578) width 31: "data."
                text run at (2,4594) width 27: "Lots"
                text run at (2,4610) width 24: "and"
                text run at (2,4626) width 22: "lots"
                text run at (2,4642) width 24: "and"
                text run at (2,4658) width 22: "lots"
                text run at (2,4674) width 12: "of"
                text run at (2,4690) width 31: "data."
                text run at (2,4706) width 27: "Lots"
                text run at (2,4722) width 24: "and"
                text run at (2,4738) width 22: "lots"
                text run at (2,4754) width 24: "and"
                text run at (2,4770) width 22: "lots"
                text run at (2,4786) width 12: "of"
                text run at (2,4802) width 31: "data."
                text run at (2,4818) width 27: "Lots"
                text run at (2,4834) width 24: "and"
                text run at (2,4850) width 22: "lots"
                text run at (2,4866) width 24: "and"
                text run at (2,4882) width 22: "lots"
                text run at (2,4898) width 12: "of"
                text run at (2,4914) width 31: "data."
                text run at (2,4930) width 27: "Lots"
                text run at (2,4946) width 24: "and"
                text run at (2,4962) width 22: "lots"
                text run at (2,4978) width 24: "and"
                text run at (2,4994) width 22: "lots"
                text run at (2,5010) width 12: "of"
                text run at (2,5026) width 31: "data."
                text run at (2,5042) width 27: "Lots"
                text run at (2,5058) width 24: "and"
                text run at (2,5074) width 22: "lots"
                text run at (2,5090) width 24: "and"
                text run at (2,5106) width 22: "lots"
                text run at (2,5122) width 12: "of"
                text run at (2,5138) width 31: "data."
                text run at (2,5154) width 27: "Lots"
                text run at (2,5170) width 24: "and"
                text run at (2,5186) width 22: "lots"
                text run at (2,5202) width 24: "and"
                text run at (2,5218) width 22: "lots"
                text run at (2,5234) width 12: "of"
                text run at (2,5250) width 31: "data."
                text run at (2,5266) width 27: "Lots"
                text run at (2,5282) width 24: "and"
                text run at (2,5298) width 22: "lots"
                text run at (2,5314) width 24: "and"
                text run at (2,5330) width 22: "lots"
                text run at (2,5346) width 12: "of"
                text run at (2,5362) width 31: "data."
                text run at (2,5378) width 27: "Lots"
                text run at (2,5394) width 24: "and"
                text run at (2,5410) width 22: "lots"
                text run at (2,5426) width 24: "and"
                text run at (2,5442) width 22: "lots"
                text run at (2,5458) width 12: "of"
                text run at (2,5474) width 31: "data."
                text run at (2,5490) width 27: "Lots"
                text run at (2,5506) width 24: "and"
                text run at (2,5522) width 22: "lots"
                text run at (2,5538) width 24: "and"
                text run at (2,5554) width 22: "lots"
                text run at (2,5570) width 12: "of"
                text run at (2,5586) width 31: "data."
                text run at (2,5602) width 27: "Lots"
                text run at (2,5618) width 24: "and"
                text run at (2,5634) width 22: "lots"
                text run at (2,5650) width 24: "and"
                text run at (2,5666) width 22: "lots"
                text run at (2,5682) width 12: "of"
                text run at (2,5698) width 31: "data."
                text run at (2,5714) width 27: "Lots"
                text run at (2,5730) width 24: "and"
                text run at (2,5746) width 22: "lots"
                text run at (2,5762) width 24: "and"
                text run at (2,5778) width 22: "lots"
                text run at (2,5794) width 12: "of"
                text run at (2,5810) width 31: "data."
                text run at (2,5826) width 27: "Lots"
                text run at (2,5842) width 24: "and"
                text run at (2,5858) width 22: "lots"
                text run at (2,5874) width 24: "and"
                text run at (2,5890) width 22: "lots"
                text run at (2,5906) width 12: "of"
                text run at (2,5922) width 31: "data."
                text run at (2,5938) width 27: "Lots"
                text run at (2,5954) width 24: "and"
                text run at (2,5970) width 22: "lots"
                text run at (2,5986) width 24: "and"
                text run at (2,6002) width 22: "lots"
                text run at (2,6018) width 12: "of"
                text run at (2,6034) width 31: "data."
                text run at (2,6050) width 27: "Lots"
                text run at (2,6066) width 24: "and"
                text run at (2,6082) width 22: "lots"
                text run at (2,6098) width 24: "and"
                text run at (2,6114) width 22: "lots"
                text run at (2,6130) width 12: "of"
                text run at (2,6146) width 31: "data."
                text run at (2,6162) width 27: "Lots"
                text run at (2,6178) width 24: "and"
                text run at (2,6194) width 22: "lots"
                text run at (2,6210) width 24: "and"
                text run at (2,6226) width 22: "lots"
                text run at (2,6242) width 12: "of"
                text run at (2,6258) width 31: "data."
                text run at (2,6274) width 27: "Lots"
                text run at (2,6290) width 24: "and"
                text run at (2,6306) width 22: "lots"
                text run at (2,6322) width 24: "and"
                text run at (2,6338) width 22: "lots"
                text run at (2,6354) width 12: "of"
                text run at (2,6370) width 31: "data."
                text run at (2,6386) width 27: "Lots"
                text run at (2,6402) width 24: "and"
                text run at (2,6418) width 22: "lots"
                text run at (2,6434) width 24: "and"
                text run at (2,6450) width 22: "lots"
                text run at (2,6466) width 12: "of"
                text run at (2,6482) width 31: "data."
                text run at (2,6498) width 27: "Lots"
                text run at (2,6514) width 24: "and"
                text run at (2,6530) width 22: "lots"
                text run at (2,6546) width 24: "and"
                text run at (2,6562) width 22: "lots"
                text run at (2,6578) width 12: "of"
                text run at (2,6594) width 31: "data."
                text run at (2,6610) width 27: "Lots"
                text run at (2,6626) width 24: "and"
                text run at (2,6642) width 22: "lots"
                text run at (2,6658) width 24: "and"
                text run at (2,6674) width 22: "lots"
                text run at (2,6690) width 12: "of"
                text run at (2,6706) width 31: "data."
      RenderTable {TABLE} at (0,34616) size 40x6750
        RenderTableSection {TBODY} at (0,0) size 40x6750
          RenderTableRow {TR} at (0,2) size 40x6724
            RenderTableCell {TD} at (2,3354) size 10x20 [border: (1px solid #000000)] [r=0 c=0 rs=1 cs=1]
              RenderText {#text} at (2,2) size 30x16
                text run at (2,2) width 30: "Data"
            RenderTableCell {TD} at (14,3354) size 11x20 [border: (1px solid #000000)] [r=0 c=1 rs=1 cs=1]
              RenderText {#text} at (2,2) size 30x16
                text run at (2,2) width 30: "Data"
            RenderTableCell {TD} at (27,2) size 11x6724 [border: (1px solid #000000)] [r=0 c=2 rs=1 cs=1]
              RenderText {#text} at (2,2) size 31x6720
                text run at (2,2) width 27: "Lots"
                text run at (2,18) width 24: "and"
                text run at (2,34) width 22: "lots"
                text run at (2,50) width 24: "and"
                text run at (2,66) width 22: "lots"
                text run at (2,82) width 12: "of"
                text run at (2,98) width 31: "data."
                text run at (2,114) width 27: "Lots"
                text run at (2,130) width 24: "and"
                text run at (2,146) width 22: "lots"
                text run at (2,162) width 24: "and"
                text run at (2,178) width 22: "lots"
                text run at (2,194) width 12: "of"
                text run at (2,210) width 31: "data."
                text run at (2,226) width 27: "Lots"
                text run at (2,242) width 24: "and"
                text run at (2,258) width 22: "lots"
                text run at (2,274) width 24: "and"
                text run at (2,290) width 22: "lots"
                text run at (2,306) width 12: "of"
                text run at (2,322) width 31: "data."
                text run at (2,338) width 27: "Lots"
                text run at (2,354) width 24: "and"
                text run at (2,370) width 22: "lots"
                text run at (2,386) width 24: "and"
                text run at (2,402) width 22: "lots"
                text run at (2,418) width 12: "of"
                text run at (2,434) width 31: "data."
                text run at (2,450) width 27: "Lots"
                text run at (2,466) width 24: "and"
                text run at (2,482) width 22: "lots"
                text run at (2,498) width 24: "and"
                text run at (2,514) width 22: "lots"
                text run at (2,530) width 12: "of"
                text run at (2,546) width 31: "data."
                text run at (2,562) width 27: "Lots"
                text run at (2,578) width 24: "and"
                text run at (2,594) width 22: "lots"
                text run at (2,610) width 24: "and"
                text run at (2,626) width 22: "lots"
                text run at (2,642) width 12: "of"
                text run at (2,658) width 31: "data."
                text run at (2,674) width 27: "Lots"
                text run at (2,690) width 24: "and"
                text run at (2,706) width 22: "lots"
                text run at (2,722) width 24: "and"
                text run at (2,738) width 22: "lots"
                text run at (2,754) width 12: "of"
                text run at (2,770) width 31: "data."
                text run at (2,786) width 27: "Lots"
                text run at (2,802) width 24: "and"
                text run at (2,818) width 22: "lots"
                text run at (2,834) width 24: "and"
                text run at (2,850) width 22: "lots"
                text run at (2,866) width 12: "of"
                text run at (2,882) width 31: "data."
                text run at (2,898) width 27: "Lots"
                text run at (2,914) width 24: "and"
                text run at (2,930) width 22: "lots"
                text run at (2,946) width 24: "and"
                text run at (2,962) width 22: "lots"
                text run at (2,978) width 12: "of"
                text run at (2,994) width 31: "data."
                text run at (2,1010) width 27: "Lots"
                text run at (2,1026) width 24: "and"
                text run at (2,1042) width 22: "lots"
                text run at (2,1058) width 24: "and"
                text run at (2,1074) width 22: "lots"
                text run at (2,1090) width 12: "of"
                text run at (2,1106) width 31: "data."
                text run at (2,1122) width 27: "Lots"
                text run at (2,1138) width 24: "and"
                text run at (2,1154) width 22: "lots"
                text run at (2,1170) width 24: "and"
                text run at (2,1186) width 22: "lots"
                text run at (2,1202) width 12: "of"
                text run at (2,1218) width 31: "data."
                text run at (2,1234) width 27: "Lots"
                text run at (2,1250) width 24: "and"
                text run at (2,1266) width 22: "lots"
                text run at (2,1282) width 24: "and"
                text run at (2,1298) width 22: "lots"
                text run at (2,1314) width 12: "of"
                text run at (2,1330) width 31: "data."
                text run at (2,1346) width 27: "Lots"
                text run at (2,1362) width 24: "and"
                text run at (2,1378) width 22: "lots"
                text run at (2,1394) width 24: "and"
                text run at (2,1410) width 22: "lots"
                text run at (2,1426) width 12: "of"
                text run at (2,1442) width 31: "data."
                text run at (2,1458) width 27: "Lots"
                text run at (2,1474) width 24: "and"
                text run at (2,1490) width 22: "lots"
                text run at (2,1506) width 24: "and"
                text run at (2,1522) width 22: "lots"
                text run at (2,1538) width 12: "of"
                text run at (2,1554) width 31: "data."
                text run at (2,1570) width 27: "Lots"
                text run at (2,1586) width 24: "and"
                text run at (2,1602) width 22: "lots"
                text run at (2,1618) width 24: "and"
                text run at (2,1634) width 22: "lots"
                text run at (2,1650) width 12: "of"
                text run at (2,1666) width 31: "data."
                text run at (2,1682) width 27: "Lots"
                text run at (2,1698) width 24: "and"
                text run at (2,1714) width 22: "lots"
                text run at (2,1730) width 24: "and"
                text run at (2,1746) width 22: "lots"
                text run at (2,1762) width 12: "of"
                text run at (2,1778) width 31: "data."
                text run at (2,1794) width 27: "Lots"
                text run at (2,1810) width 24: "and"
                text run at (2,1826) width 22: "lots"
                text run at (2,1842) width 24: "and"
                text run at (2,1858) width 22: "lots"
                text run at (2,1874) width 12: "of"
                text run at (2,1890) width 31: "data."
                text run at (2,1906) width 27: "Lots"
                text run at (2,1922) width 24: "and"
                text run at (2,1938) width 22: "lots"
                text run at (2,1954) width 24: "and"
                text run at (2,1970) width 22: "lots"
                text run at (2,1986) width 12: "of"
                text run at (2,2002) width 31: "data."
                text run at (2,2018) width 27: "Lots"
                text run at (2,2034) width 24: "and"
                text run at (2,2050) width 22: "lots"
                text run at (2,2066) width 24: "and"
                text run at (2,2082) width 22: "lots"
                text run at (2,2098) width 12: "of"
                text run at (2,2114) width 31: "data."
                text run at (2,2130) width 27: "Lots"
                text run at (2,2146) width 24: "and"
                text run at (2,2162) width 22: "lots"
                text run at (2,2178) width 24: "and"
                text run at (2,2194) width 22: "lots"
                text run at (2,2210) width 12: "of"
                text run at (2,2226) width 31: "data."
                text run at (2,2242) width 27: "Lots"
                text run at (2,2258) width 24: "and"
                text run at (2,2274) width 22: "lots"
                text run at (2,2290) width 24: "and"
                text run at (2,2306) width 22: "lots"
                text run at (2,2322) width 12: "of"
                text run at (2,2338) width 31: "data."
                text run at (2,2354) width 27: "Lots"
                text run at (2,2370) width 24: "and"
                text run at (2,2386) width 22: "lots"
                text run at (2,2402) width 24: "and"
                text run at (2,2418) width 22: "lots"
                text run at (2,2434) width 12: "of"
                text run at (2,2450) width 31: "data."
                text run at (2,2466) width 27: "Lots"
                text run at (2,2482) width 24: "and"
                text run at (2,2498) width 22: "lots"
                text run at (2,2514) width 24: "and"
                text run at (2,2530) width 22: "lots"
                text run at (2,2546) width 12: "of"
                text run at (2,2562) width 31: "data."
                text run at (2,2578) width 27: "Lots"
                text run at (2,2594) width 24: "and"
                text run at (2,2610) width 22: "lots"
                text run at (2,2626) width 24: "and"
                text run at (2,2642) width 22: "lots"
                text run at (2,2658) width 12: "of"
                text run at (2,2674) width 31: "data."
                text run at (2,2690) width 27: "Lots"
                text run at (2,2706) width 24: "and"
                text run at (2,2722) width 22: "lots"
                text run at (2,2738) width 24: "and"
                text run at (2,2754) width 22: "lots"
                text run at (2,2770) width 12: "of"
                text run at (2,2786) width 31: "data."
                text run at (2,2802) width 27: "Lots"
                text run at (2,2818) width 24: "and"
                text run at (2,2834) width 22: "lots"
                text run at (2,2850) width 24: "and"
                text run at (2,2866) width 22: "lots"
                text run at (2,2882) width 12: "of"
                text run at (2,2898) width 31: "data."
                text run at (2,2914) width 27: "Lots"
                text run at (2,2930) width 24: "and"
                text run at (2,2946) width 22: "lots"
                text run at (2,2962) width 24: "and"
                text run at (2,2978) width 22: "lots"
                text run at (2,2994) width 12: "of"
                text run at (2,3010) width 31: "data."
                text run at (2,3026) width 27: "Lots"
                text run at (2,3042) width 24: "and"
                text run at (2,3058) width 22: "lots"
                text run at (2,3074) width 24: "and"
                text run at (2,3090) width 22: "lots"
                text run at (2,3106) width 12: "of"
                text run at (2,3122) width 31: "data."
                text run at (2,3138) width 27: "Lots"
                text run at (2,3154) width 24: "and"
                text run at (2,3170) width 22: "lots"
                text run at (2,3186) width 24: "and"
                text run at (2,3202) width 22: "lots"
                text run at (2,3218) width 12: "of"
                text run at (2,3234) width 31: "data."
                text run at (2,3250) width 27: "Lots"
                text run at (2,3266) width 24: "and"
                text run at (2,3282) width 22: "lots"
                text run at (2,3298) width 24: "and"
                text run at (2,3314) width 22: "lots"
                text run at (2,3330) width 12: "of"
                text run at (2,3346) width 31: "data."
                text run at (2,3362) width 27: "Lots"
                text run at (2,3378) width 24: "and"
                text run at (2,3394) width 22: "lots"
                text run at (2,3410) width 24: "and"
                text run at (2,3426) width 22: "lots"
                text run at (2,3442) width 12: "of"
                text run at (2,3458) width 31: "data."
                text run at (2,3474) width 27: "Lots"
                text run at (2,3490) width 24: "and"
                text run at (2,3506) width 22: "lots"
                text run at (2,3522) width 24: "and"
                text run at (2,3538) width 22: "lots"
                text run at (2,3554) width 12: "of"
                text run at (2,3570) width 31: "data."
                text run at (2,3586) width 27: "Lots"
                text run at (2,3602) width 24: "and"
                text run at (2,3618) width 22: "lots"
                text run at (2,3634) width 24: "and"
                text run at (2,3650) width 22: "lots"
                text run at (2,3666) width 12: "of"
                text run at (2,3682) width 31: "data."
                text run at (2,3698) width 27: "Lots"
                text run at (2,3714) width 24: "and"
                text run at (2,3730) width 22: "lots"
                text run at (2,3746) width 24: "and"
                text run at (2,3762) width 22: "lots"
                text run at (2,3778) width 12: "of"
                text run at (2,3794) width 31: "data."
                text run at (2,3810) width 27: "Lots"
                text run at (2,3826) width 24: "and"
                text run at (2,3842) width 22: "lots"
                text run at (2,3858) width 24: "and"
                text run at (2,3874) width 22: "lots"
                text run at (2,3890) width 12: "of"
                text run at (2,3906) width 31: "data."
                text run at (2,3922) width 27: "Lots"
                text run at (2,3938) width 24: "and"
                text run at (2,3954) width 22: "lots"
                text run at (2,3970) width 24: "and"
                text run at (2,3986) width 22: "lots"
                text run at (2,4002) width 12: "of"
                text run at (2,4018) width 31: "data."
                text run at (2,4034) width 27: "Lots"
                text run at (2,4050) width 24: "and"
                text run at (2,4066) width 22: "lots"
                text run at (2,4082) width 24: "and"
                text run at (2,4098) width 22: "lots"
                text run at (2,4114) width 12: "of"
                text run at (2,4130) width 31: "data."
                text run at (2,4146) width 27: "Lots"
                text run at (2,4162) width 24: "and"
                text run at (2,4178) width 22: "lots"
                text run at (2,4194) width 24: "and"
                text run at (2,4210) width 22: "lots"
                text run at (2,4226) width 12: "of"
                text run at (2,4242) width 31: "data."
                text run at (2,4258) width 27: "Lots"
                text run at (2,4274) width 24: "and"
                text run at (2,4290) width 22: "lots"
                text run at (2,4306) width 24: "and"
                text run at (2,4322) width 22: "lots"
                text run at (2,4338) width 12: "of"
                text run at (2,4354) width 31: "data."
                text run at (2,4370) width 27: "Lots"
                text run at (2,4386) width 24: "and"
                text run at (2,4402) width 22: "lots"
                text run at (2,4418) width 24: "and"
                text run at (2,4434) width 22: "lots"
                text run at (2,4450) width 12: "of"
                text run at (2,4466) width 31: "data."
                text run at (2,4482) width 27: "Lots"
                text run at (2,4498) width 24: "and"
                text run at (2,4514) width 22: "lots"
                text run at (2,4530) width 24: "and"
                text run at (2,4546) width 22: "lots"
                text run at (2,4562) width 12: "of"
                text run at (2,4578) width 31: "data."
                text run at (2,4594) width 27: "Lots"
                text run at (2,4610) width 24: "and"
                text run at (2,4626) width 22: "lots"
                text run at (2,4642) width 24: "and"
                text run at (2,4658) width 22: "lots"
                text run at (2,4674) width 12: "of"
                text run at (2,4690) width 31: "data."
                text run at (2,4706) width 27: "Lots"
                text run at (2,4722) width 24: "and"
                text run at (2,4738) width 22: "lots"
                text run at (2,4754) width 24: "and"
                text run at (2,4770) width 22: "lots"
                text run at (2,4786) width 12: "of"
                text run at (2,4802) width 31: "data."
                text run at (2,4818) width 27: "Lots"
                text run at (2,4834) width 24: "and"
                text run at (2,4850) width 22: "lots"
                text run at (2,4866) width 24: "and"
                text run at (2,4882) width 22: "lots"
                text run at (2,4898) width 12: "of"
                text run at (2,4914) width 31: "data."
                text run at (2,4930) width 27: "Lots"
                text run at (2,4946) width 24: "and"
                text run at (2,4962) width 22: "lots"
                text run at (2,4978) width 24: "and"
                text run at (2,4994) width 22: "lots"
                text run at (2,5010) width 12: "of"
                text run at (2,5026) width 31: "data."
                text run at (2,5042) width 27: "Lots"
                text run at (2,5058) width 24: "and"
                text run at (2,5074) width 22: "lots"
                text run at (2,5090) width 24: "and"
                text run at (2,5106) width 22: "lots"
                text run at (2,5122) width 12: "of"
                text run at (2,5138) width 31: "data."
                text run at (2,5154) width 27: "Lots"
                text run at (2,5170) width 24: "and"
                text run at (2,5186) width 22: "lots"
                text run at (2,5202) width 24: "and"
                text run at (2,5218) width 22: "lots"
                text run at (2,5234) width 12: "of"
                text run at (2,5250) width 31: "data."
                text run at (2,5266) width 27: "Lots"
                text run at (2,5282) width 24: "and"
                text run at (2,5298) width 22: "lots"
                text run at (2,5314) width 24: "and"
                text run at (2,5330) width 22: "lots"
                text run at (2,5346) width 12: "of"
                text run at (2,5362) width 31: "data."
                text run at (2,5378) width 27: "Lots"
                text run at (2,5394) width 24: "and"
                text run at (2,5410) width 22: "lots"
                text run at (2,5426) width 24: "and"
                text run at (2,5442) width 22: "lots"
                text run at (2,5458) width 12: "of"
                text run at (2,5474) width 31: "data."
                text run at (2,5490) width 27: "Lots"
                text run at (2,5506) width 24: "and"
                text run at (2,5522) width 22: "lots"
                text run at (2,5538) width 24: "and"
                text run at (2,5554) width 22: "lots"
                text run at (2,5570) width 12: "of"
                text run at (2,5586) width 31: "data."
                text run at (2,5602) width 27: "Lots"
                text run at (2,5618) width 24: "and"
                text run at (2,5634) width 22: "lots"
                text run at (2,5650) width 24: "and"
                text run at (2,5666) width 22: "lots"
                text run at (2,5682) width 12: "of"
                text run at (2,5698) width 31: "data."
                text run at (2,5714) width 27: "Lots"
                text run at (2,5730) width 24: "and"
                text run at (2,5746) width 22: "lots"
                text run at (2,5762) width 24: "and"
                text run at (2,5778) width 22: "lots"
                text run at (2,5794) width 12: "of"
                text run at (2,5810) width 31: "data."
                text run at (2,5826) width 27: "Lots"
                text run at (2,5842) width 24: "and"
                text run at (2,5858) width 22: "lots"
                text run at (2,5874) width 24: "and"
                text run at (2,5890) width 22: "lots"
                text run at (2,5906) width 12: "of"
                text run at (2,5922) width 31: "data."
                text run at (2,5938) width 27: "Lots"
                text run at (2,5954) width 24: "and"
                text run at (2,5970) width 22: "lots"
                text run at (2,5986) width 24: "and"
                text run at (2,6002) width 22: "lots"
                text run at (2,6018) width 12: "of"
                text run at (2,6034) width 31: "data."
                text run at (2,6050) width 27: "Lots"
                text run at (2,6066) width 24: "and"
                text run at (2,6082) width 22: "lots"
                text run at (2,6098) width 24: "and"
                text run at (2,6114) width 22: "lots"
                text run at (2,6130) width 12: "of"
                text run at (2,6146) width 31: "data."
                text run at (2,6162) width 27: "Lots"
                text run at (2,6178) width 24: "and"
                text run at (2,6194) width 22: "lots"
                text run at (2,6210) width 24: "and"
                text run at (2,6226) width 22: "lots"
                text run at (2,6242) width 12: "of"
                text run at (2,6258) width 31: "data."
                text run at (2,6274) width 27: "Lots"
                text run at (2,6290) width 24: "and"
                text run at (2,6306) width 22: "lots"
                text run at (2,6322) width 24: "and"
                text run at (2,6338) width 22: "lots"
                text run at (2,6354) width 12: "of"
                text run at (2,6370) width 31: "data."
                text run at (2,6386) width 27: "Lots"
                text run at (2,6402) width 24: "and"
                text run at (2,6418) width 22: "lots"
                text run at (2,6434) width 24: "and"
                text run at (2,6450) width 22: "lots"
                text run at (2,6466) width 12: "of"
                text run at (2,6482) width 31: "data."
                text run at (2,6498) width 27: "Lots"
                text run at (2,6514) width 24: "and"
                text run at (2,6530) width 22: "lots"
                text run at (2,6546) width 24: "and"
                text run at (2,6562) width 22: "lots"
                text run at (2,6578) width 12: "of"
                text run at (2,6594) width 31: "data."
                text run at (2,6610) width 27: "Lots"
                text run at (2,6626) width 24: "and"
                text run at (2,6642) width 22: "lots"
                text run at (2,6658) width 24: "and"
                text run at (2,6674) width 22: "lots"
                text run at (2,6690) width 12: "of"
                text run at (2,6706) width 31: "data."
          RenderTableRow {TR} at (0,6728) size 40x20
            RenderTableCell {TD} at (2,6728) size 10x20 [border: (1px solid #000000)] [r=1 c=0 rs=1 cs=1]
              RenderText {#text} at (2,2) size 30x16
                text run at (2,2) width 30: "Data"
            RenderTableCell {TD} at (14,6728) size 11x20 [border: (1px solid #000000)] [r=1 c=1 rs=1 cs=1]
              RenderText {#text} at (2,2) size 30x16
                text run at (2,2) width 30: "Data"
            RenderTableCell {TD} at (27,6728) size 11x20 [border: (1px solid #000000)] [r=1 c=2 rs=1 cs=1]
              RenderText {#text} at (2,2) size 30x16
                text run at (2,2) width 30: "Data"
      RenderBlock {P} at (0,41380) size 80x48
        RenderText {#text} at (0,0) size 68x48
          text run at (0,0) width 68: "This test is"
          text run at (0,16) width 58: "still being"
          text run at (0,32) width 51: "written..."
      RenderBlock {HR} at (0,41442) size 80x2 [border: (1px inset #000000)]
      RenderBlock {P} at (0,41458) size 80x80
        RenderText {#text} at (0,0) size 52x16
          text run at (0,0) width 52: "(Back to"
        RenderInline {A} at (0,0) size 79x32 [color=#0000EE]
          RenderText {#text} at (0,16) size 79x32
            text run at (0,16) width 79: "CSS Testing"
            text run at (0,32) width 71: "Information"
        RenderText {#text} at (71,32) size 3x16
          text run at (71,32) width 3: ","
        RenderInline {A} at (0,0) size 38x32 [color=#0000EE]
          RenderText {#text} at (0,48) size 38x32
            text run at (0,48) width 36: "David"
            text run at (0,64) width 38: "Baron"
        RenderText {#text} at (38,64) size 5x16
          text run at (38,64) width 5: ")"
      RenderBlock {P} at (0,41552) size 80x32
        RenderInline {A} at (0,0) size 27x16 [color=#0000EE]
          RenderText {#text} at (0,0) size 27x16
            text run at (0,0) width 27: "LDB"
        RenderText {#text} at (27,0) size 3x16
          text run at (27,0) width 3: ","
        RenderInline {A} at (0,0) size 154x16 [color=#0000EE]
          RenderText {#text} at (0,16) size 154x16
            text run at (0,16) width 154: "dbaron@fas.harvard.edu"
