layer at (0,0) size 96x42
  RenderView at (0,0) size 96x26
layer at (0,0) size 96x42
  RenderBlock {HTML} at (0,0) size 96x42
    RenderBody {BODY} at (8,8) size 80x26
      RenderTable {TABLE} at (0,0) size 80x26 [border: (1px outset #808080)]
        RenderTableCol {COL} at (0,0) size 0x0
        RenderTableCol {COL} at (0,0) size 0x0
        RenderTableSection {TBODY} at (1,1) size 78x24
          RenderTableRow {TR} at (0,2) size 78x20
            RenderTableCell {TD} at (2,2) size 15x20 [border: (1px inset #808080)] [r=0 c=0 rs=1 cs=1]
              RenderText {#text} at (2,2) size 8x16
                text run at (2,2) width 8: "1"
            RenderTableCell {TD} at (19,2) size 15x20 [border: (1px inset #808080)] [r=0 c=1 rs=1 cs=1]
              RenderText {#text} at (2,2) size 8x16
                text run at (2,2) width 8: "2"
            RenderTableCell {TD} at (36,2) size 19x20 [border: (1px inset #808080)] [r=0 c=2 rs=1 cs=1]
              RenderText {#text} at (2,2) size 8x16
                text run at (2,2) width 8: "3"
            RenderTableCell {TD} at (57,2) size 19x20 [border: (1px inset #808080)] [r=0 c=3 rs=1 cs=1]
              RenderText {#text} at (2,2) size 8x16
                text run at (2,2) width 8: "4"
