layer at (0,0) size 800x600
  RenderView at (0,0) size 800x600
layer at (0,0) size 800x38
  RenderBlock {HTML} at (0,0) size 800x38
    RenderBody {BODY} at (8,8) size 784x22
      RenderTable {TABLE} at (0,0) size 106x22
        RenderTableSection {TBODY} at (0,0) size 106x22
          RenderTableRow {TR} at (0,2) size 106x18
            RenderTableCell {TD} at (2,2) size 29x18 [r=0 c=0 rs=1 cs=1]
              RenderText {#text} at (1,1) size 27x16
                text run at (1,1) width 27: "One"
            RenderTableCell {TD} at (33,2) size 29x18 [r=0 c=1 rs=1 cs=1]
              RenderText {#text} at (1,1) size 27x16
                text run at (1,1) width 27: "Two"
            RenderTableCell {TD} at (64,2) size 40x18 [r=0 c=2 rs=1 cs=1]
              RenderText {#text} at (1,1) size 38x16
                text run at (1,1) width 38: "Three"
