layer at (0,0) size 96x54
  RenderView at (0,0) size 96x26
layer at (0,0) size 96x54
  RenderBlock {HTML} at (0,0) size 96x54
    RenderBody {BODY} at (8,8) size 80x38 [bgcolor=#FFFFFF]
      RenderTable {TABLE} at (0,0) size 80x38 [border: (1px outset #808080)]
        RenderTableSection {TBODY} at (1,1) size 78x36
          RenderTableRow {TR} at (0,2) size 78x32
            RenderTableCell {TD} at (2,2) size 74x32 [border: (1px inset #808080)] [r=0 c=0 rs=1 cs=1]
              RenderBlock {DIV} at (2,2) size 27x28 [border: (3px solid #800080)]
                RenderBlock {DIV} at (3,3) size 48x22 [border: (3px solid #0000FF)]
                  RenderText {#text} at (3,3) size 20x16
                    text run at (3,3) width 20: "foo"
