layer at (0,0) size 800x600
  RenderView at (0,0) size 800x600
layer at (0,0) size 800x600
  RenderBlock {HTML} at (0,0) size 800x600
    RenderBody {BODY} at (8,8) size 784x584 [bgcolor=#FFFFFF]
      RenderBlock {H4} at (0,0) size 784x16
        RenderText {#text} at (0,0) size 159x16
          text run at (0,0) width 159: "Testcase distilled from "
        RenderInline {A} at (0,0) size 496x16 [color=#0000EE]
          RenderText {#text} at (159,0) size 496x16
            text run at (159,0) width 496: "http://www.download.com/pc/list/0,339,0-b-0-0-a-1,00.html?st.dl.fd.ag.new"
      RenderBlock {H4} at (0,34) size 784x16
        RenderText {#text} at (0,0) size 516x16
          text run at (0,0) width 516: "Resize the width of the window and watch the Buy and Pick columns below."
      RenderTable {TABLE} at (0,68) size 784x58
        RenderTableSection {TBODY} at (0,0) size 784x58
          RenderTableRow {TR} at (0,2) size 784x18 [bgcolor=#CCCCCC]
            RenderTableCell {TD} at (2,2) size 711x18 [r=0 c=0 rs=1 cs=1]
              RenderText {#text} at (1,1) size 95x16
                text run at (1,1) width 95: "Re-sort by Title"
            RenderTableCell {TD} at (715,2) size 29x18 [r=0 c=1 rs=1 cs=1]
              RenderInline {SPAN} at (0,0) size 23x16
                RenderText {#text} at (1,1) size 23x16
                  text run at (1,1) width 23: "Buy"
              RenderText {#text} at (24,1) size 4x16
                text run at (24,1) width 4: " "
            RenderTableCell {TD} at (746,2) size 36x18 [r=0 c=2 rs=1 cs=1]
              RenderText {#text} at (1,1) size 4x16
                text run at (1,1) width 4: " "
              RenderInline {SPAN} at (0,0) size 26x16
                RenderText {#text} at (5,1) size 26x16
                  text run at (5,1) width 26: "Pick"
              RenderText {#text} at (31,1) size 4x16
                text run at (31,1) width 4: " "
          RenderTableRow {TR} at (0,22) size 784x34
            RenderTableCell {TD} at (2,22) size 711x34 [r=1 c=0 rs=1 cs=1]
              RenderText {#text} at (1,1) size 709x32
                text run at (1,1) width 420: "Norton AntiVirus Definitions Update 10/21/99 Update your NAV for "
                text run at (421,1) width 289: "Windows 95/98/NT, Lotus Notes, or Exchange"
                text run at (1,17) width 191: "with the latest virus definitions."
            RenderTableCell {TD} at (715,30) size 29x18 [r=1 c=1 rs=1 cs=1]
              RenderText {#text} at (1,1) size 4x16
                text run at (1,1) width 4: " "
            RenderTableCell {TD} at (746,30) size 36x18 [r=1 c=2 rs=1 cs=1]
              RenderText {#text} at (1,1) size 4x16
                text run at (1,1) width 4: " "
      RenderBlock (anonymous) at (0,126) size 784x16
        RenderBR {BR} at (0,0) size 0x16
      RenderBlock {H4} at (0,160) size 784x16
        RenderText {#text} at (0,0) size 489x16
          text run at (0,0) width 489: "This is the same table as above but with all <SPAN> elements removed."
      RenderTable {TABLE} at (0,194) size 784x58
        RenderTableSection {TBODY} at (0,0) size 784x58
          RenderTableRow {TR} at (0,2) size 784x18 [bgcolor=#CCCCCC]
            RenderTableCell {TD} at (2,2) size 711x18 [r=0 c=0 rs=1 cs=1]
              RenderText {#text} at (1,1) size 95x16
                text run at (1,1) width 95: "Re-sort by Title"
            RenderTableCell {TD} at (715,2) size 29x18 [r=0 c=1 rs=1 cs=1]
              RenderText {#text} at (1,1) size 27x16
                text run at (1,1) width 27: "Buy "
            RenderTableCell {TD} at (746,2) size 36x18 [r=0 c=2 rs=1 cs=1]
              RenderText {#text} at (1,1) size 34x16
                text run at (1,1) width 34: " Pick "
          RenderTableRow {TR} at (0,22) size 784x34
            RenderTableCell {TD} at (2,22) size 711x34 [r=1 c=0 rs=1 cs=1]
              RenderText {#text} at (1,1) size 709x32
                text run at (1,1) width 420: "Norton AntiVirus Definitions Update 10/21/99 Update your NAV for "
                text run at (421,1) width 289: "Windows 95/98/NT, Lotus Notes, or Exchange"
                text run at (1,17) width 191: "with the latest virus definitions."
            RenderTableCell {TD} at (715,30) size 29x18 [r=1 c=1 rs=1 cs=1]
              RenderText {#text} at (1,1) size 4x16
                text run at (1,1) width 4: " "
            RenderTableCell {TD} at (746,30) size 36x18 [r=1 c=2 rs=1 cs=1]
              RenderText {#text} at (1,1) size 4x16
                text run at (1,1) width 4: " "
