layer at (0,0) size 792x52
  RenderView at (0,0) size 96x26
layer at (0,0) size 792x52
  RenderBlock {HTML} at (0,0) size 96x52
    RenderBody {BODY} at (8,8) size 80x30
      RenderBlock {FORM} at (0,0) size 80x30
        RenderTable {TABLE} at (0,0) size 784x30 [bgcolor=#FFE030] [border: (1px outset #808080)]
          RenderTableSection {TBODY} at (1,1) size 782x28
            RenderTableRow {TR} at (0,0) size 782x28
              RenderTableCell {TD} at (0,0) size 782x28 [border: (1px inset #808080)] [r=0 c=0 rs=1 cs=1]
                RenderInline {NOBR} at (0,0) size 780x16
                  RenderTextControl {INPUT} at (3,3) size 248x22 [bgcolor=#FFFFFF] [border: (2px inset #000000)]
                  RenderText {#text} at (253,6) size 12x16
                    text run at (253,6) width 12: " - "
                  RenderTextControl {INPUT} at (267,3) size 248x22 [bgcolor=#FFFFFF] [border: (2px inset #000000)]
                  RenderText {#text} at (517,6) size 12x16
                    text run at (517,6) width 12: " - "
                  RenderTextControl {INPUT} at (531,3) size 248x22 [bgcolor=#FFFFFF] [border: (2px inset #000000)]
                RenderText {#text} at (0,0) size 0x0
            RenderTableRow {TR} at (0,28) size 782x0
layer at (15,15) size 242x16
  RenderBlock {DIV} at (3,3) size 242x16
layer at (279,15) size 242x16
  RenderBlock {DIV} at (3,3) size 242x16
layer at (543,15) size 242x16
  RenderBlock {DIV} at (3,3) size 242x16
