layer at (0,0) size 800x600
  RenderView at (0,0) size 800x600
layer at (0,0) size 800x600
  RenderBlock {HTML} at (0,0) size 800x600
    RenderBody {BODY} at (8,8) size 784x584
      RenderBlock {P} at (0,0) size 784x32
        RenderInline {B} at (0,0) size 777x32
          RenderText {#text} at (0,0) size 777x32
            text run at (0,0) width 777: "original page, stripped down to the problem table (pattern: auto width table with first row has specified width and"
            text run at (0,16) width 392: "colspan=2, second row has two specified width columns)"
      RenderTable {TABLE} at (0,46) size 506x176 [border: (1px outset #808080)]
        RenderTableSection {TBODY} at (1,1) size 504x174
          RenderTableRow {TR} at (0,2) size 504x84
            RenderTableCell {TD} at (2,2) size 500x84 [border: (1px inset #808080)] [r=0 c=0 rs=1 cs=2]
              RenderText {#text} at (2,2) size 487x80
                text run at (2,2) width 431: "Cons For Pokemon \"They're Pokemon card sharks out there. This is "
                text run at (433,2) width 38: "worse"
                text run at (2,18) width 409: "than the Cabbage Patch Kid craze because now it's the kids who "
                text run at (411,18) width 72: "are actually"
                text run at (2,34) width 297: "fighting each other instead of just the parents.\" "
                text run at (299,34) width 190: "-- Children are doing anything,"
                text run at (2,50) width 209: "including breaking the law, to get "
                text run at (211,50) width 264: "their grubby hands on some trading cards,"
                text run at (2,66) width 94: "observe police."
          RenderTableRow {TR} at (0,88) size 504x84
            RenderTableCell {TD} at (2,88) size 272x20 [border: (1px inset #808080)] [r=1 c=0 rs=1 cs=1]
              RenderText {#text} at (2,2) size 36x16
                text run at (2,2) width 36: "ASDF"
            RenderTableCell {TD} at (276,88) size 226x84 [border: (1px inset #808080)] [r=1 c=1 rs=1 cs=1]
              RenderText {#text} at (2,2) size 186x80
                text run at (2,2) width 31: "Sat., "
                text run at (33,2) width 88: "Dec 11, 1999 "
                text run at (121,2) width 67: "Gay Union"
                text run at (2,18) width 186: "Kibosh Hawaii Supreme Court"
                text run at (2,34) width 64: "slams the "
                text run at (66,34) width 113: "door on same-sex"
                text run at (2,50) width 165: "marriages. All eyes look to"
                text run at (2,66) width 56: "Vermont."
      RenderBlock (anonymous) at (0,222) size 784x16
        RenderBR {BR} at (0,0) size 0x16
      RenderBlock {P} at (0,252) size 784x16
        RenderInline {B} at (0,0) size 351x16
          RenderText {#text} at (0,0) size 351x16
            text run at (0,0) width 351: "same table, but less content (text) in the first cell ..."
      RenderTable {TABLE} at (0,282) size 506x112 [border: (1px outset #808080)]
        RenderTableSection {TBODY} at (1,1) size 504x110
          RenderTableRow {TR} at (0,2) size 504x20
            RenderTableCell {TD} at (2,2) size 500x20 [border: (1px inset #808080)] [r=0 c=0 rs=1 cs=2]
              RenderText {#text} at (2,2) size 427x16
                text run at (2,2) width 427: "Cons For Pokemon \"They're Pokemon card sharks out there. This is"
          RenderTableRow {TR} at (0,24) size 504x84
            RenderTableCell {TD} at (2,24) size 272x20 [border: (1px inset #808080)] [r=1 c=0 rs=1 cs=1]
              RenderText {#text} at (2,2) size 36x16
                text run at (2,2) width 36: "ASDF"
            RenderTableCell {TD} at (276,24) size 226x84 [border: (1px inset #808080)] [r=1 c=1 rs=1 cs=1]
              RenderText {#text} at (2,2) size 186x80
                text run at (2,2) width 31: "Sat., "
                text run at (33,2) width 88: "Dec 11, 1999 "
                text run at (121,2) width 67: "Gay Union"
                text run at (2,18) width 186: "Kibosh Hawaii Supreme Court"
                text run at (2,34) width 64: "slams the "
                text run at (66,34) width 113: "door on same-sex"
                text run at (2,50) width 165: "marriages. All eyes look to"
                text run at (2,66) width 56: "Vermont."
