layer at (0,0) size 96x66
  RenderView at (0,0) size 96x26
layer at (0,0) size 96x66
  RenderBlock {HTML} at (0,0) size 96x66
    RenderBody {BODY} at (8,8) size 80x50
      RenderTable {TABLE} at (0,0) size 80x50 [border: (2px outset #808080)]
        RenderTableSection {TBODY} at (2,2) size 76x46
          RenderTableRow {TR} at (0,0) size 76x46
            RenderTableCell {TD} at (0,14) size 63x18 [bgcolor=#0000CC] [border: (1px inset #808080)] [r=0 c=0 rs=1 cs=1]
              RenderText {#text} at (1,1) size 4x16
                text run at (1,1) width 4: " "
            RenderTableCell {TD} at (63,14) size 7x18 [bgcolor=#00CC00] [border: (1px inset #808080)] [r=0 c=1 rs=1 cs=1]
              RenderText {#text} at (1,1) size 4x16
                text run at (1,1) width 4: " "
            RenderTableCell {TD} at (70,14) size 6x18 [bgcolor=#CC0000] [border: (1px inset #808080)] [r=0 c=2 rs=1 cs=1]
              RenderText {#text} at (1,1) size 4x16
                text run at (1,1) width 4: " "
