layer at (0,0) size 341x616
  RenderView at (0,0) size 96x26
layer at (0,0) size 341x616
  RenderBlock {HTML} at (0,0) size 96x616
    RenderBody {BODY} at (8,8) size 80x600 [bgcolor=#C0C0C0]
      RenderBlock {P} at (0,0) size 80x48
        RenderText {#text} at (0,0) size 50x48
          text run at (0,0) width 43: "Border"
          text run at (0,16) width 50: "enabled"
          text run at (0,32) width 46: "version"
      RenderTable {TABLE} at (0,62) size 333x226 [border: (1px outset #808080)]
        RenderTableSection {TBODY} at (1,1) size 331x224
          RenderTableRow {TR} at (0,0) size 331x2
            RenderTableCell {TD} at (0,0) size 30x2 [border: (1px inset #808080)] [r=0 c=0 rs=1 cs=1]
            RenderTableCell {TD} at (30,0) size 301x2 [border: (1px inset #808080)] [r=0 c=1 rs=1 cs=1]
          RenderTableRow {TR} at (0,2) size 331x222
            RenderTableCell {TD} at (0,2) size 331x222 [border: (1px inset #808080)] [r=1 c=0 rs=1 cs=2]
              RenderImage {IMG} at (1,1) size 329x220
      RenderBlock {P} at (0,302) size 80x64
        RenderText {#text} at (0,0) size 79x64
          text run at (0,0) width 79: "Cellspanned"
          text run at (0,16) width 31: "cell's"
          text run at (0,32) width 60: "bgcolor is"
          text run at (0,48) width 21: "red"
      RenderTable {TABLE} at (0,380) size 329x220
        RenderTableSection {TBODY} at (0,0) size 329x220
          RenderTableRow {TR} at (0,0) size 329x0
            RenderTableCell {TD} at (0,0) size 29x0 [r=0 c=0 rs=1 cs=1]
            RenderTableCell {TD} at (29,0) size 300x0 [r=0 c=1 rs=1 cs=1]
          RenderTableRow {TR} at (0,0) size 329x220
            RenderTableCell {TD} at (0,0) size 329x220 [bgcolor=#FF0000] [r=1 c=0 rs=1 cs=2]
              RenderImage {IMG} at (0,0) size 329x220
