layer at (0,0) size 120x81
  RenderView at (0,0) size 96x26
layer at (0,0) size 120x81
  RenderBlock {HTML} at (0,0) size 96x81
    RenderBody {BODY} at (8,8) size 80x65 [bgcolor=#FFFFFF]
      RenderBlock {HR} at (0,0) size 112x2 [border: (1px inset #000000)]
      RenderTable {TABLE} at (0,9) size 107x56
        RenderTableSection {TBODY} at (0,0) size 107x56
          RenderTableRow {TR} at (0,0) size 107x56
            RenderTableCell {TD} at (0,0) size 47x56 [bgcolor=#FFFF00] [r=0 c=0 rs=1 cs=1]
              RenderText {#text} at (20,20) size 7x16
                text run at (20,20) width 7: "x"
            RenderTableCell {TD} at (47,0) size 60x56 [bgcolor=#808080] [r=0 c=1 rs=1 cs=1]
              RenderText {#text} at (20,20) size 20x16
                text run at (20,20) width 20: "bull"
