layer at (0,0) size 614x228
  RenderView at (0,0) size 96x26
layer at (0,0) size 614x228
  RenderBlock {HTML} at (0,0) size 96x228
    RenderBody {BODY} at (8,8) size 80x212 [bgcolor=#FFFFFF]
      RenderTable {TABLE} at (0,0) size 606x212 [border: (1px outset #808080)]
        RenderTableSection {TBODY} at (1,1) size 604x210
          RenderTableRow {TR} at (0,0) size 604x62
            RenderTableCell {TD} at (0,0) size 114x136 [border: (1px inset #808080)] [r=0 c=0 rs=3 cs=1]
              RenderImage {IMG} at (1,1) size 112x134
            RenderTableCell {TD} at (114,0) size 490x62 [border: (1px inset #808080)] [r=0 c=1 rs=1 cs=2]
              RenderImage {IMG} at (21,1) size 468x60
          RenderTableRow {TR} at (0,62) size 604x18
            RenderTableCell {TD} at (114,62) size 490x18 [border: (1px inset #808080)] [r=1 c=1 rs=1 cs=2]
              RenderTable {TABLE} at (1,1) size 488x16
                RenderTableSection {TBODY} at (0,0) size 488x16
                  RenderTableRow {TR} at (0,0) size 488x16
                    RenderTableCell {TD} at (0,0) size 488x16 [r=0 c=0 rs=1 cs=1]
                      RenderText {#text} at (0,0) size 80x16
                        text run at (0,0) width 80: "Top Nav Bar"
          RenderTableRow {TR} at (0,80) size 604x130
            RenderTableCell {TD} at (114,144) size 337x2 [border: (1px inset #808080)] [r=2 c=1 rs=1 cs=1]
            RenderTableCell {TD} at (451,80) size 153x130 [border: (1px inset #808080)] [r=2 c=2 rs=1 cs=1]
              RenderInline {B} at (0,0) size 147x128
                RenderText {#text} at (1,1) size 147x128
                  text run at (1,1) width 120: "\"Freakish animal-"
                  text run at (1,17) width 131: "things, all sporting"
                  text run at (1,33) width 117: "maniacal smiles, "
                  text run at (118,33) width 30: "race"
                  text run at (1,49) width 125: "around a series of"
                  text run at (1,65) width 126: "ice-themed tracks,"
                  text run at (1,81) width 94: "showing their"
                  text run at (1,97) width 76: "malformed "
                  text run at (77,97) width 58: "asses to"
                  text run at (1,113) width 123: "the entire world. \""
              RenderText {#text} at (0,0) size 0x0
