layer at (0,0) size 96x432
  RenderView at (0,0) size 96x26
layer at (0,0) size 96x432
  RenderBlock {HTML} at (0,0) size 96x432
    RenderBody {BODY} at (8,8) size 80x416
      RenderTable {TABLE} at (0,0) size 86x200
        RenderTableSection {TBODY} at (0,0) size 86x200
          RenderTableRow {TR} at (0,2) size 86x2
            RenderTableCell {TD} at (2,2) size 82x2 [r=0 c=0 rs=1 cs=1]
          RenderTableRow {TR} at (0,6) size 86x192
            RenderTableCell {TD} at (2,6) size 82x192 [r=1 c=0 rs=1 cs=1]
              RenderBlock (anonymous) at (1,1) size 80x176
                RenderText {#text} at (0,0) size 80x176
                  text run at (0,0) width 60: "BlaBlaBla"
                  text run at (0,16) width 64: "Bla BlaBla"
                  text run at (0,32) width 80: "BlaBlaBlaBla"
                  text run at (0,48) width 68: "Bla Bla Bla"
                  text run at (0,64) width 60: "BlaBlaBla"
                  text run at (0,80) width 64: "BlaBla Bla"
                  text run at (0,96) width 40: "BlaBla"
                  text run at (0,112) width 80: "BlaBlaBlaBla"
                  text run at (0,128) width 64: "BlaBla Bla"
                  text run at (0,144) width 40: "BlaBla"
                  text run at (0,160) width 64: "BlaBla Bla"
              RenderBlock {P} at (1,191) size 80x0
      RenderBlock (anonymous) at (0,200) size 80x16
        RenderBR {BR} at (0,0) size 0x16
      RenderTable {TABLE} at (0,216) size 86x200
        RenderTableSection {TBODY} at (0,0) size 86x200
          RenderTableRow {TR} at (0,2) size 86x192
            RenderTableCell {TD} at (2,2) size 82x192 [r=0 c=0 rs=1 cs=1]
              RenderBlock (anonymous) at (1,1) size 80x176
                RenderText {#text} at (0,0) size 80x176
                  text run at (0,0) width 60: "BlaBlaBla"
                  text run at (0,16) width 64: "Bla BlaBla"
                  text run at (0,32) width 80: "BlaBlaBlaBla"
                  text run at (0,48) width 68: "Bla Bla Bla"
                  text run at (0,64) width 60: "BlaBlaBla"
                  text run at (0,80) width 64: "BlaBla Bla"
                  text run at (0,96) width 40: "BlaBla"
                  text run at (0,112) width 80: "BlaBlaBlaBla"
                  text run at (0,128) width 64: "BlaBla Bla"
                  text run at (0,144) width 40: "BlaBla"
                  text run at (0,160) width 64: "BlaBla Bla"
              RenderBlock {P} at (1,191) size 80x0
          RenderTableRow {TR} at (0,196) size 86x2
            RenderTableCell {TD} at (2,196) size 82x2 [r=1 c=0 rs=1 cs=1]
