layer at (0,0) size 96x104
  RenderView at (0,0) size 96x26
layer at (0,0) size 96x104
  RenderBlock {HTML} at (0,0) size 96x104
    RenderBody {BODY} at (8,8) size 80x88
      RenderTable {TABLE} at (0,0) size 80x88 [bgcolor=#000000] [border: (1px outset #808080)]
        RenderTableSection {TBODY} at (1,1) size 78x86
          RenderTableRow {TR} at (0,0) size 78x86
            RenderTableCell {TD} at (0,0) size 78x86 [border: (1px inset #808080)] [r=0 c=0 rs=1 cs=1]
              RenderTable {TABLE} at (11,11) size 56x64 [bgcolor=#FFA500] [border: (1px outset #808080)]
                RenderTableSection {TBODY} at (1,1) size 54x62
                  RenderTableRow {TR} at (0,0) size 54x62
                    RenderTableCell {TD} at (0,0) size 54x62 [border: (1px inset #808080)] [r=0 c=0 rs=1 cs=1]
                      RenderTable {TABLE} at (11,11) size 32x40 [bgcolor=#FF0000] [border: (1px outset #808080)]
                        RenderTableSection {TBODY} at (1,1) size 30x38
                          RenderTableRow {TR} at (0,0) size 30x38
                            RenderTableCell {TD} at (0,0) size 30x38 [border: (1px inset #808080)] [r=0 c=0 rs=1 cs=1]
                              RenderText {#text} at (11,11) size 4x16
                                text run at (11,11) width 4: " "
