layer at (0,0) size 141x38
  RenderView at (0,0) size 96x26
layer at (0,0) size 141x38
  RenderBlock {HTML} at (0,0) size 96x38
    RenderBody {BODY} at (8,8) size 80x22
      RenderTable {TABLE} at (0,0) size 133x22
        RenderTableSection {TBODY} at (0,0) size 133x22
          RenderTableRow {TR} at (0,2) size 133x18
            RenderTableCell {TD} at (2,2) size 102x18 [r=0 c=0 rs=1 cs=1]
            RenderTableCell {TD} at (106,2) size 25x18 [r=0 c=1 rs=1 cs=1]
              RenderText {#text} at (1,1) size 23x16
                text run at (1,1) width 23: "test"
layer at (11,11) size 100x16
  RenderBlock {DIV} at (1,1) size 100x16
    RenderText {#text} at (0,0) size 56x16
      text run at (0,0) width 56: "ddddddd"
