layer at (0,0) size 800x888
  RenderView at (0,0) size 800x600
layer at (0,0) size 800x888
  RenderBlock {HTML} at (0,0) size 800x888
    RenderBody {BODY} at (8,8) size 784x872
      RenderBlock (anonymous) at (0,0) size 784x16
        RenderInline {FONT} at (0,0) size 105x16
          RenderText {#text} at (0,0) size 96x16
            text run at (0,0) width 96: "same line as X "
          RenderInline {A} at (0,0) size 9x16
            RenderText {#text} at (96,0) size 9x16
              text run at (96,0) width 9: "X"
      RenderBlock (anonymous) at (0,16) size 784x26
        RenderTable {TABLE} at (0,0) size 52x26 [border: (1px outset #808080)]
          RenderTableSection {TBODY} at (1,1) size 50x24
            RenderTableRow {TR} at (0,2) size 50x20
              RenderTableCell {TD} at (2,2) size 46x20 [border: (1px inset #808080)] [r=0 c=0 rs=1 cs=1]
                RenderText {#text} at (2,2) size 42x16
                  text run at (2,2) width 42: "table-1"
      RenderBlock (anonymous) at (0,42) size 784x16
        RenderInline {FONT} at (0,0) size 9x16
          RenderInline {A} at (0,0) size 9x16
            RenderText {#text} at (0,0) size 9x16
              text run at (0,0) width 9: "Z"
          RenderInline {FONT} at (0,0) size 0x0
            RenderText {#text} at (0,0) size 0x0
      RenderBlock (anonymous) at (0,65) size 784x2
        RenderBlock {HR} at (0,0) size 784x2 [border: (1px inset #000000)]
      RenderBlock (anonymous) at (0,74) size 784x16
        RenderInline {FONT} at (0,0) size 105x16
          RenderInline {FONT} at (0,0) size 105x16
            RenderInline {FONT} at (0,0) size 105x16
              RenderInline {A} at (0,0) size 9x16
                RenderText {#text} at (0,0) size 9x16
                  text run at (0,0) width 9: "X"
              RenderText {#text} at (9,0) size 96x16
                text run at (9,0) width 96: " same line as X"
      RenderBlock (anonymous) at (0,90) size 784x26
        RenderTable {TABLE} at (0,0) size 52x26 [border: (1px outset #808080)]
          RenderTableSection {TBODY} at (1,1) size 50x24
            RenderTableRow {TR} at (0,2) size 50x20
              RenderTableCell {TD} at (2,2) size 46x20 [border: (1px inset #808080)] [r=0 c=0 rs=1 cs=1]
                RenderText {#text} at (2,2) size 42x16
                  text run at (2,2) width 42: "table-2"
      RenderBlock (anonymous) at (0,116) size 784x16
        RenderInline {FONT} at (0,0) size 9x16
          RenderInline {FONT} at (0,0) size 9x16
            RenderInline {FONT} at (0,0) size 9x16
              RenderInline {A} at (0,0) size 9x16
                RenderText {#text} at (0,0) size 9x16
                  text run at (0,0) width 9: "Z"
              RenderInline {FONT} at (0,0) size 0x0
                RenderText {#text} at (0,0) size 0x0
      RenderBlock (anonymous) at (0,139) size 784x2
        RenderBlock {HR} at (0,0) size 784x2 [border: (1px inset #000000)]
      RenderBlock (anonymous) at (0,148) size 784x16
        RenderInline {FONT} at (0,0) size 9x16
          RenderInline {FONT} at (0,0) size 9x16
            RenderInline {FONT} at (0,0) size 9x16
              RenderInline {FONT} at (0,0) size 9x16
                RenderInline {FONT} at (0,0) size 9x16
                  RenderInline {A} at (0,0) size 9x16
                    RenderText {#text} at (0,0) size 9x16
                      text run at (0,0) width 9: "X"
      RenderBlock (anonymous) at (0,164) size 784x26
        RenderTable {TABLE} at (0,0) size 52x26 [border: (1px outset #808080)]
          RenderTableSection {TBODY} at (1,1) size 50x24
            RenderTableRow {TR} at (0,2) size 50x20
              RenderTableCell {TD} at (2,2) size 46x20 [border: (1px inset #808080)] [r=0 c=0 rs=1 cs=1]
                RenderText {#text} at (2,2) size 42x16
                  text run at (2,2) width 42: "table-3"
      RenderBlock (anonymous) at (0,190) size 784x16
        RenderInline {FONT} at (0,0) size 105x16
          RenderInline {FONT} at (0,0) size 105x16
            RenderInline {FONT} at (0,0) size 105x16
              RenderInline {FONT} at (0,0) size 105x16
                RenderInline {FONT} at (0,0) size 105x16
                  RenderText {#text} at (0,0) size 96x16
                    text run at (0,0) width 96: "same line as Z "
                  RenderInline {A} at (0,0) size 9x16
                    RenderText {#text} at (96,0) size 9x16
                      text run at (96,0) width 9: "Z"
                  RenderInline {FONT} at (0,0) size 0x0
                    RenderText {#text} at (0,0) size 0x0
      RenderBlock (anonymous) at (0,213) size 784x2
        RenderBlock {HR} at (0,0) size 784x2 [border: (1px inset #000000)]
      RenderBlock (anonymous) at (0,222) size 784x16
        RenderInline {FONT} at (0,0) size 100x16
          RenderInline {FONT} at (0,0) size 100x16
            RenderInline {FONT} at (0,0) size 100x16
              RenderInline {FONT} at (0,0) size 100x16
                RenderInline {FONT} at (0,0) size 100x16
                  RenderInline {FONT} at (0,0) size 100x16
                    RenderInline {FONT} at (0,0) size 100x16
                      RenderText {#text} at (0,0) size 100x16
                        text run at (0,0) width 100: "line before table"
      RenderBlock (anonymous) at (0,238) size 784x26
        RenderTable {TABLE} at (0,0) size 52x26 [border: (1px outset #808080)]
          RenderTableSection {TBODY} at (1,1) size 50x24
            RenderTableRow {TR} at (0,2) size 50x20
              RenderTableCell {TD} at (2,2) size 46x20 [border: (1px inset #808080)] [r=0 c=0 rs=1 cs=1]
                RenderText {#text} at (2,2) size 42x16
                  text run at (2,2) width 42: "table-4"
      RenderBlock (anonymous) at (0,264) size 784x16
        RenderInline {FONT} at (0,0) size 9x16
          RenderInline {FONT} at (0,0) size 9x16
            RenderInline {FONT} at (0,0) size 9x16
              RenderInline {FONT} at (0,0) size 9x16
                RenderInline {FONT} at (0,0) size 9x16
                  RenderInline {FONT} at (0,0) size 9x16
                    RenderInline {FONT} at (0,0) size 9x16
                      RenderInline {A} at (0,0) size 9x16
                        RenderText {#text} at (0,0) size 9x16
                          text run at (0,0) width 9: "Z"
                      RenderInline {FONT} at (0,0) size 0x0
                        RenderText {#text} at (0,0) size 0x0
      RenderBlock (anonymous) at (0,287) size 784x2
        RenderBlock {HR} at (0,0) size 784x2 [border: (1px inset #000000)]
      RenderBlock (anonymous) at (0,296) size 784x0
        RenderInline {FONT} at (0,0) size 0x0
          RenderInline {FONT} at (0,0) size 0x0
            RenderInline {FONT} at (0,0) size 0x0
              RenderInline {FONT} at (0,0) size 0x0
                RenderInline {FONT} at (0,0) size 0x0
                  RenderInline {FONT} at (0,0) size 0x0
                    RenderInline {FONT} at (0,0) size 0x0
                      RenderInline {FONT} at (0,0) size 0x0
                        RenderInline {FONT} at (0,0) size 0x0
      RenderBlock (anonymous) at (0,296) size 784x26
        RenderTable {TABLE} at (0,0) size 52x26 [border: (1px outset #808080)]
          RenderTableSection {TBODY} at (1,1) size 50x24
            RenderTableRow {TR} at (0,2) size 50x20
              RenderTableCell {TD} at (2,2) size 46x20 [border: (1px inset #808080)] [r=0 c=0 rs=1 cs=1]
                RenderText {#text} at (2,2) size 42x16
                  text run at (2,2) width 42: "table-5"
      RenderBlock (anonymous) at (0,322) size 784x16
        RenderInline {FONT} at (0,0) size 102x16
          RenderInline {FONT} at (0,0) size 102x16
            RenderInline {FONT} at (0,0) size 102x16
              RenderInline {FONT} at (0,0) size 102x16
                RenderInline {FONT} at (0,0) size 102x16
                  RenderInline {FONT} at (0,0) size 102x16
                    RenderInline {FONT} at (0,0) size 102x16
                      RenderInline {FONT} at (0,0) size 102x16
                        RenderInline {FONT} at (0,0) size 102x16
                          RenderText {#text} at (0,0) size 93x16
                            text run at (0,0) width 93: "line after table "
                          RenderInline {A} at (0,0) size 9x16
                            RenderText {#text} at (93,0) size 9x16
                              text run at (93,0) width 9: "Z"
                          RenderInline {FONT} at (0,0) size 0x0
                            RenderText {#text} at (0,0) size 0x0
      RenderBlock (anonymous) at (0,345) size 784x2
        RenderBlock {HR} at (0,0) size 784x2 [border: (1px inset #000000)]
      RenderBlock (anonymous) at (0,354) size 784x16
        RenderInline {FONT} at (0,0) size 100x16
          RenderInline {FONT} at (0,0) size 100x16
            RenderInline {FONT} at (0,0) size 100x16
              RenderInline {FONT} at (0,0) size 100x16
                RenderInline {FONT} at (0,0) size 100x16
                  RenderInline {FONT} at (0,0) size 100x16
                    RenderInline {FONT} at (0,0) size 100x16
                      RenderInline {FONT} at (0,0) size 100x16
                        RenderInline {FONT} at (0,0) size 100x16
                          RenderInline {FONT} at (0,0) size 100x16
                            RenderInline {FONT} at (0,0) size 100x16
                              RenderText {#text} at (0,0) size 100x16
                                text run at (0,0) width 100: "line before table"
      RenderBlock (anonymous) at (0,370) size 784x26
        RenderTable {TABLE} at (0,0) size 52x26 [border: (1px outset #808080)]
          RenderTableSection {TBODY} at (1,1) size 50x24
            RenderTableRow {TR} at (0,2) size 50x20
              RenderTableCell {TD} at (2,2) size 46x20 [border: (1px inset #808080)] [r=0 c=0 rs=1 cs=1]
                RenderText {#text} at (2,2) size 42x16
                  text run at (2,2) width 42: "table-6"
      RenderBlock (anonymous) at (0,396) size 784x0
        RenderInline {FONT} at (0,0) size 0x0
          RenderInline {FONT} at (0,0) size 0x0
            RenderInline {FONT} at (0,0) size 0x0
              RenderInline {FONT} at (0,0) size 0x0
                RenderInline {FONT} at (0,0) size 0x0
                  RenderInline {FONT} at (0,0) size 0x0
                    RenderInline {FONT} at (0,0) size 0x0
                      RenderInline {FONT} at (0,0) size 0x0
                        RenderInline {FONT} at (0,0) size 0x0
                          RenderInline {FONT} at (0,0) size 0x0
                            RenderInline {FONT} at (0,0) size 0x0
                              RenderInline {FONT} at (0,0) size 0x0
                                RenderText {#text} at (0,0) size 0x0
      RenderBlock (anonymous) at (0,403) size 784x2
        RenderBlock {HR} at (0,0) size 784x2 [border: (1px inset #000000)]
      RenderBlock (anonymous) at (0,412) size 784x0
        RenderInline {FONT} at (0,0) size 0x0
          RenderInline {FONT} at (0,0) size 0x0
            RenderInline {FONT} at (0,0) size 0x0
              RenderInline {FONT} at (0,0) size 0x0
                RenderInline {FONT} at (0,0) size 0x0
                  RenderInline {FONT} at (0,0) size 0x0
                    RenderInline {FONT} at (0,0) size 0x0
                      RenderInline {FONT} at (0,0) size 0x0
                        RenderInline {FONT} at (0,0) size 0x0
                          RenderInline {FONT} at (0,0) size 0x0
                            RenderInline {FONT} at (0,0) size 0x0
                              RenderInline {FONT} at (0,0) size 0x0
                                RenderInline {FONT} at (0,0) size 0x0
      RenderBlock (anonymous) at (0,412) size 784x16
        RenderBlock {DIV} at (0,0) size 784x16
          RenderText {#text} at (0,0) size 75x16
            text run at (0,0) width 75: "div before X"
      RenderBlock (anonymous) at (0,428) size 784x16
        RenderInline {FONT} at (0,0) size 9x16
          RenderInline {FONT} at (0,0) size 9x16
            RenderInline {FONT} at (0,0) size 9x16
              RenderInline {FONT} at (0,0) size 9x16
                RenderInline {FONT} at (0,0) size 9x16
                  RenderInline {FONT} at (0,0) size 9x16
                    RenderInline {FONT} at (0,0) size 9x16
                      RenderInline {FONT} at (0,0) size 9x16
                        RenderInline {FONT} at (0,0) size 9x16
                          RenderInline {FONT} at (0,0) size 9x16
                            RenderInline {FONT} at (0,0) size 9x16
                              RenderInline {FONT} at (0,0) size 9x16
                                RenderInline {FONT} at (0,0) size 9x16
                                  RenderInline {A} at (0,0) size 9x16
                                    RenderText {#text} at (0,0) size 9x16
                                      text run at (0,0) width 9: "X"
      RenderBlock (anonymous) at (0,444) size 784x26
        RenderTable {TABLE} at (0,0) size 52x26 [border: (1px outset #808080)]
          RenderTableSection {TBODY} at (1,1) size 50x24
            RenderTableRow {TR} at (0,2) size 50x20
              RenderTableCell {TD} at (2,2) size 46x20 [border: (1px inset #808080)] [r=0 c=0 rs=1 cs=1]
                RenderText {#text} at (2,2) size 42x16
                  text run at (2,2) width 42: "table-7"
      RenderBlock (anonymous) at (0,470) size 784x16
        RenderInline {FONT} at (0,0) size 9x16
          RenderInline {FONT} at (0,0) size 9x16
            RenderInline {FONT} at (0,0) size 9x16
              RenderInline {FONT} at (0,0) size 9x16
                RenderInline {FONT} at (0,0) size 9x16
                  RenderInline {FONT} at (0,0) size 9x16
                    RenderInline {FONT} at (0,0) size 9x16
                      RenderInline {FONT} at (0,0) size 9x16
                        RenderInline {FONT} at (0,0) size 9x16
                          RenderInline {FONT} at (0,0) size 9x16
                            RenderInline {FONT} at (0,0) size 9x16
                              RenderInline {FONT} at (0,0) size 9x16
                                RenderInline {FONT} at (0,0) size 9x16
                                  RenderInline {A} at (0,0) size 9x16
                                    RenderText {#text} at (0,0) size 9x16
                                      text run at (0,0) width 9: "Z"
                                  RenderInline {FONT} at (0,0) size 0x0
                                    RenderText {#text} at (0,0) size 0x0
      RenderBlock (anonymous) at (0,493) size 784x2
        RenderBlock {HR} at (0,0) size 784x2 [border: (1px inset #000000)]
      RenderBlock (anonymous) at (0,502) size 784x16
        RenderInline {FONT} at (0,0) size 9x16
          RenderInline {FONT} at (0,0) size 9x16
            RenderInline {FONT} at (0,0) size 9x16
              RenderInline {FONT} at (0,0) size 9x16
                RenderInline {FONT} at (0,0) size 9x16
                  RenderInline {FONT} at (0,0) size 9x16
                    RenderInline {FONT} at (0,0) size 9x16
                      RenderInline {FONT} at (0,0) size 9x16
                        RenderInline {FONT} at (0,0) size 9x16
                          RenderInline {FONT} at (0,0) size 9x16
                            RenderInline {FONT} at (0,0) size 9x16
                              RenderInline {FONT} at (0,0) size 9x16
                                RenderInline {FONT} at (0,0) size 9x16
                                  RenderInline {FONT} at (0,0) size 9x16
                                    RenderInline {FONT} at (0,0) size 9x16
                                      RenderInline {A} at (0,0) size 9x16
                                        RenderText {#text} at (0,0) size 9x16
                                          text run at (0,0) width 9: "X"
      RenderBlock (anonymous) at (0,518) size 784x42
        RenderBlock {DIV} at (0,0) size 784x16
          RenderText {#text} at (0,0) size 96x16
            text run at (0,0) width 96: "div before table"
        RenderTable {TABLE} at (0,16) size 52x26 [border: (1px outset #808080)]
          RenderTableSection {TBODY} at (1,1) size 50x24
            RenderTableRow {TR} at (0,2) size 50x20
              RenderTableCell {TD} at (2,2) size 46x20 [border: (1px inset #808080)] [r=0 c=0 rs=1 cs=1]
                RenderText {#text} at (2,2) size 42x16
                  text run at (2,2) width 42: "table-8"
      RenderBlock (anonymous) at (0,560) size 784x16
        RenderInline {FONT} at (0,0) size 9x16
          RenderInline {FONT} at (0,0) size 9x16
            RenderInline {FONT} at (0,0) size 9x16
              RenderInline {FONT} at (0,0) size 9x16
                RenderInline {FONT} at (0,0) size 9x16
                  RenderInline {FONT} at (0,0) size 9x16
                    RenderInline {FONT} at (0,0) size 9x16
                      RenderInline {FONT} at (0,0) size 9x16
                        RenderInline {FONT} at (0,0) size 9x16
                          RenderInline {FONT} at (0,0) size 9x16
                            RenderInline {FONT} at (0,0) size 9x16
                              RenderInline {FONT} at (0,0) size 9x16
                                RenderInline {FONT} at (0,0) size 9x16
                                  RenderInline {FONT} at (0,0) size 9x16
                                    RenderInline {FONT} at (0,0) size 9x16
                                      RenderInline {A} at (0,0) size 9x16
                                        RenderText {#text} at (0,0) size 9x16
                                          text run at (0,0) width 9: "Z"
                                      RenderInline {FONT} at (0,0) size 0x0
                                        RenderText {#text} at (0,0) size 0x0
      RenderBlock (anonymous) at (0,583) size 784x2
        RenderBlock {HR} at (0,0) size 784x2 [border: (1px inset #000000)]
      RenderBlock (anonymous) at (0,592) size 784x16
        RenderInline {FONT} at (0,0) size 9x16
          RenderInline {FONT} at (0,0) size 9x16
            RenderInline {FONT} at (0,0) size 9x16
              RenderInline {FONT} at (0,0) size 9x16
                RenderInline {FONT} at (0,0) size 9x16
                  RenderInline {FONT} at (0,0) size 9x16
                    RenderInline {FONT} at (0,0) size 9x16
                      RenderInline {FONT} at (0,0) size 9x16
                        RenderInline {FONT} at (0,0) size 9x16
                          RenderInline {FONT} at (0,0) size 9x16
                            RenderInline {FONT} at (0,0) size 9x16
                              RenderInline {FONT} at (0,0) size 9x16
                                RenderInline {FONT} at (0,0) size 9x16
                                  RenderInline {FONT} at (0,0) size 9x16
                                    RenderInline {FONT} at (0,0) size 9x16
                                      RenderInline {FONT} at (0,0) size 9x16
                                        RenderInline {FONT} at (0,0) size 9x16
                                          RenderInline {A} at (0,0) size 9x16
                                            RenderText {#text} at (0,0) size 9x16
                                              text run at (0,0) width 9: "X"
      RenderBlock (anonymous) at (0,608) size 784x42
        RenderTable {TABLE} at (0,0) size 52x26 [border: (1px outset #808080)]
          RenderTableSection {TBODY} at (1,1) size 50x24
            RenderTableRow {TR} at (0,2) size 50x20
              RenderTableCell {TD} at (2,2) size 46x20 [border: (1px inset #808080)] [r=0 c=0 rs=1 cs=1]
                RenderText {#text} at (2,2) size 42x16
                  text run at (2,2) width 42: "table-9"
        RenderBlock {DIV} at (0,26) size 784x16
          RenderText {#text} at (0,0) size 85x16
            text run at (0,0) width 85: "div after table"
      RenderBlock (anonymous) at (0,650) size 784x16
        RenderInline {FONT} at (0,0) size 9x16
          RenderInline {FONT} at (0,0) size 9x16
            RenderInline {FONT} at (0,0) size 9x16
              RenderInline {FONT} at (0,0) size 9x16
                RenderInline {FONT} at (0,0) size 9x16
                  RenderInline {FONT} at (0,0) size 9x16
                    RenderInline {FONT} at (0,0) size 9x16
                      RenderInline {FONT} at (0,0) size 9x16
                        RenderInline {FONT} at (0,0) size 9x16
                          RenderInline {FONT} at (0,0) size 9x16
                            RenderInline {FONT} at (0,0) size 9x16
                              RenderInline {FONT} at (0,0) size 9x16
                                RenderInline {FONT} at (0,0) size 9x16
                                  RenderInline {FONT} at (0,0) size 9x16
                                    RenderInline {FONT} at (0,0) size 9x16
                                      RenderInline {FONT} at (0,0) size 9x16
                                        RenderInline {FONT} at (0,0) size 9x16
                                          RenderInline {A} at (0,0) size 9x16
                                            RenderText {#text} at (0,0) size 9x16
                                              text run at (0,0) width 9: "Z"
                                          RenderInline {FONT} at (0,0) size 0x0
                                            RenderText {#text} at (0,0) size 0x0
      RenderBlock (anonymous) at (0,673) size 784x2
        RenderBlock {HR} at (0,0) size 784x2 [border: (1px inset #000000)]
      RenderBlock (anonymous) at (0,682) size 784x0
        RenderInline {FONT} at (0,0) size 0x0
          RenderInline {FONT} at (0,0) size 0x0
            RenderInline {FONT} at (0,0) size 0x0
              RenderInline {FONT} at (0,0) size 0x0
                RenderInline {FONT} at (0,0) size 0x0
                  RenderInline {FONT} at (0,0) size 0x0
                    RenderInline {FONT} at (0,0) size 0x0
                      RenderInline {FONT} at (0,0) size 0x0
                        RenderInline {FONT} at (0,0) size 0x0
                          RenderInline {FONT} at (0,0) size 0x0
                            RenderInline {FONT} at (0,0) size 0x0
                              RenderInline {FONT} at (0,0) size 0x0
                                RenderInline {FONT} at (0,0) size 0x0
                                  RenderInline {FONT} at (0,0) size 0x0
                                    RenderInline {FONT} at (0,0) size 0x0
                                      RenderInline {FONT} at (0,0) size 0x0
                                        RenderInline {FONT} at (0,0) size 0x0
                                          RenderInline {FONT} at (0,0) size 0x0
                                            RenderInline {FONT} at (0,0) size 0x0
      RenderBlock (anonymous) at (0,682) size 784x42
        RenderBlock {DIV} at (0,0) size 784x16
          RenderText {#text} at (0,0) size 96x16
            text run at (0,0) width 96: "div before table"
        RenderTable {TABLE} at (0,16) size 60x26 [border: (1px outset #808080)]
          RenderTableSection {TBODY} at (1,1) size 58x24
            RenderTableRow {TR} at (0,2) size 58x20
              RenderTableCell {TD} at (2,2) size 54x20 [border: (1px inset #808080)] [r=0 c=0 rs=1 cs=1]
                RenderText {#text} at (2,2) size 50x16
                  text run at (2,2) width 50: "table-10"
      RenderBlock (anonymous) at (0,724) size 784x16
        RenderInline {FONT} at (0,0) size 9x16
          RenderInline {FONT} at (0,0) size 9x16
            RenderInline {FONT} at (0,0) size 9x16
              RenderInline {FONT} at (0,0) size 9x16
                RenderInline {FONT} at (0,0) size 9x16
                  RenderInline {FONT} at (0,0) size 9x16
                    RenderInline {FONT} at (0,0) size 9x16
                      RenderInline {FONT} at (0,0) size 9x16
                        RenderInline {FONT} at (0,0) size 9x16
                          RenderInline {FONT} at (0,0) size 9x16
                            RenderInline {FONT} at (0,0) size 9x16
                              RenderInline {FONT} at (0,0) size 9x16
                                RenderInline {FONT} at (0,0) size 9x16
                                  RenderInline {FONT} at (0,0) size 9x16
                                    RenderInline {FONT} at (0,0) size 9x16
                                      RenderInline {FONT} at (0,0) size 9x16
                                        RenderInline {FONT} at (0,0) size 9x16
                                          RenderInline {FONT} at (0,0) size 9x16
                                            RenderInline {FONT} at (0,0) size 9x16
                                              RenderInline {A} at (0,0) size 9x16
                                                RenderText {#text} at (0,0) size 9x16
                                                  text run at (0,0) width 9: "Z"
                                              RenderInline {FONT} at (0,0) size 0x0
                                                RenderText {#text} at (0,0) size 0x0
      RenderBlock (anonymous) at (0,747) size 784x2
        RenderBlock {HR} at (0,0) size 784x2 [border: (1px inset #000000)]
      RenderBlock (anonymous) at (0,756) size 784x0
        RenderInline {FONT} at (0,0) size 0x0
          RenderInline {FONT} at (0,0) size 0x0
            RenderInline {FONT} at (0,0) size 0x0
              RenderInline {FONT} at (0,0) size 0x0
                RenderInline {FONT} at (0,0) size 0x0
                  RenderInline {FONT} at (0,0) size 0x0
                    RenderInline {FONT} at (0,0) size 0x0
                      RenderInline {FONT} at (0,0) size 0x0
                        RenderInline {FONT} at (0,0) size 0x0
                          RenderInline {FONT} at (0,0) size 0x0
                            RenderInline {FONT} at (0,0) size 0x0
                              RenderInline {FONT} at (0,0) size 0x0
                                RenderInline {FONT} at (0,0) size 0x0
                                  RenderInline {FONT} at (0,0) size 0x0
                                    RenderInline {FONT} at (0,0) size 0x0
                                      RenderInline {FONT} at (0,0) size 0x0
                                        RenderInline {FONT} at (0,0) size 0x0
                                          RenderInline {FONT} at (0,0) size 0x0
                                            RenderInline {FONT} at (0,0) size 0x0
                                              RenderInline {FONT} at (0,0) size 0x0
                                                RenderInline {FONT} at (0,0) size 0x0
      RenderBlock (anonymous) at (0,756) size 784x42
        RenderTable {TABLE} at (0,0) size 60x26 [border: (1px outset #808080)]
          RenderTableSection {TBODY} at (1,1) size 58x24
            RenderTableRow {TR} at (0,2) size 58x20
              RenderTableCell {TD} at (2,2) size 54x20 [border: (1px inset #808080)] [r=0 c=0 rs=1 cs=1]
                RenderText {#text} at (2,2) size 50x16
                  text run at (2,2) width 50: "table-11"
        RenderBlock {DIV} at (0,26) size 784x16
          RenderText {#text} at (0,0) size 85x16
            text run at (0,0) width 85: "div after table"
      RenderBlock (anonymous) at (0,798) size 784x16
        RenderInline {FONT} at (0,0) size 9x16
          RenderInline {FONT} at (0,0) size 9x16
            RenderInline {FONT} at (0,0) size 9x16
              RenderInline {FONT} at (0,0) size 9x16
                RenderInline {FONT} at (0,0) size 9x16
                  RenderInline {FONT} at (0,0) size 9x16
                    RenderInline {FONT} at (0,0) size 9x16
                      RenderInline {FONT} at (0,0) size 9x16
                        RenderInline {FONT} at (0,0) size 9x16
                          RenderInline {FONT} at (0,0) size 9x16
                            RenderInline {FONT} at (0,0) size 9x16
                              RenderInline {FONT} at (0,0) size 9x16
                                RenderInline {FONT} at (0,0) size 9x16
                                  RenderInline {FONT} at (0,0) size 9x16
                                    RenderInline {FONT} at (0,0) size 9x16
                                      RenderInline {FONT} at (0,0) size 9x16
                                        RenderInline {FONT} at (0,0) size 9x16
                                          RenderInline {FONT} at (0,0) size 9x16
                                            RenderInline {FONT} at (0,0) size 9x16
                                              RenderInline {FONT} at (0,0) size 9x16
                                                RenderInline {FONT} at (0,0) size 9x16
                                                  RenderInline {A} at (0,0) size 9x16
                                                    RenderText {#text} at (0,0) size 9x16
                                                      text run at (0,0) width 9: "Z"
                                                  RenderInline {FONT} at (0,0) size 0x0
                                                    RenderText {#text} at (0,0) size 0x0
      RenderBlock (anonymous) at (0,821) size 784x2
        RenderBlock {HR} at (0,0) size 784x2 [border: (1px inset #000000)]
      RenderBlock (anonymous) at (0,830) size 784x0
        RenderInline {FONT} at (0,0) size 0x0
          RenderInline {FONT} at (0,0) size 0x0
            RenderInline {FONT} at (0,0) size 0x0
              RenderInline {FONT} at (0,0) size 0x0
                RenderInline {FONT} at (0,0) size 0x0
                  RenderInline {FONT} at (0,0) size 0x0
                    RenderInline {FONT} at (0,0) size 0x0
                      RenderInline {FONT} at (0,0) size 0x0
                        RenderInline {FONT} at (0,0) size 0x0
                          RenderInline {FONT} at (0,0) size 0x0
                            RenderInline {FONT} at (0,0) size 0x0
                              RenderInline {FONT} at (0,0) size 0x0
                                RenderInline {FONT} at (0,0) size 0x0
                                  RenderInline {FONT} at (0,0) size 0x0
                                    RenderInline {FONT} at (0,0) size 0x0
                                      RenderInline {FONT} at (0,0) size 0x0
                                        RenderInline {FONT} at (0,0) size 0x0
                                          RenderInline {FONT} at (0,0) size 0x0
                                            RenderInline {FONT} at (0,0) size 0x0
                                              RenderInline {FONT} at (0,0) size 0x0
                                                RenderInline {FONT} at (0,0) size 0x0
                                                  RenderInline {FONT} at (0,0) size 0x0
                                                    RenderInline {FONT} at (0,0) size 0x0
      RenderBlock (anonymous) at (0,830) size 784x42
        RenderBlock {DIV} at (0,0) size 784x16
          RenderText {#text} at (0,0) size 96x16
            text run at (0,0) width 96: "div before table"
        RenderTable {TABLE} at (0,16) size 60x26 [border: (1px outset #808080)]
          RenderTableSection {TBODY} at (1,1) size 58x24
            RenderTableRow {TR} at (0,2) size 58x20
              RenderTableCell {TD} at (2,2) size 54x20 [border: (1px inset #808080)] [r=0 c=0 rs=1 cs=1]
                RenderText {#text} at (2,2) size 50x16
                  text run at (2,2) width 50: "table-12"
      RenderBlock (anonymous) at (0,872) size 784x0
        RenderInline {FONT} at (0,0) size 0x0
          RenderInline {FONT} at (0,0) size 0x0
            RenderInline {FONT} at (0,0) size 0x0
              RenderInline {FONT} at (0,0) size 0x0
                RenderInline {FONT} at (0,0) size 0x0
                  RenderInline {FONT} at (0,0) size 0x0
                    RenderInline {FONT} at (0,0) size 0x0
                      RenderInline {FONT} at (0,0) size 0x0
                        RenderInline {FONT} at (0,0) size 0x0
                          RenderInline {FONT} at (0,0) size 0x0
                            RenderInline {FONT} at (0,0) size 0x0
                              RenderInline {FONT} at (0,0) size 0x0
                                RenderInline {FONT} at (0,0) size 0x0
                                  RenderInline {FONT} at (0,0) size 0x0
                                    RenderInline {FONT} at (0,0) size 0x0
                                      RenderInline {FONT} at (0,0) size 0x0
                                        RenderInline {FONT} at (0,0) size 0x0
                                          RenderInline {FONT} at (0,0) size 0x0
                                            RenderInline {FONT} at (0,0) size 0x0
                                              RenderInline {FONT} at (0,0) size 0x0
                                                RenderInline {FONT} at (0,0) size 0x0
                                                  RenderInline {FONT} at (0,0) size 0x0
                                                    RenderInline {FONT} at (0,0) size 0x0
                                                      RenderInline {FONT} at (0,0) size 0x0
                                                        RenderText {#text} at (0,0) size 0x0
