layer at (0,0) size 800x600
  RenderView at (0,0) size 800x600
layer at (0,0) size 800x600
  RenderBlock {HTML} at (0,0) size 800x600
    RenderBody {BODY} at (8,8) size 784x584 [bgcolor=#C0C0C0]
      RenderTable {TABLE} at (0,0) size 400x56 [border: (5px outset #808080)]
        RenderTableSection {TBODY} at (5,5) size 390x46
          RenderTableRow {TR} at (0,2) size 390x20
            RenderTableCell {TD} at (2,2) size 192x20 [border: (1px inset #808080)] [r=0 c=0 rs=1 cs=2]
              RenderText {#text} at (2,2) size 28x16
                text run at (2,2) width 28: "50%"
            RenderTableCell {TD} at (196,2) size 192x20 [border: (1px inset #808080)] [r=0 c=2 rs=1 cs=1]
              RenderText {#text} at (2,2) size 20x16
                text run at (2,2) width 20: "foo"
          RenderTableRow {TR} at (0,24) size 390x20
            RenderTableCell {TD} at (2,24) size 95x20 [border: (1px inset #808080)] [r=1 c=0 rs=1 cs=1]
              RenderText {#text} at (2,2) size 28x16
                text run at (2,2) width 28: "25%"
            RenderTableCell {TD} at (99,24) size 95x20 [border: (1px inset #808080)] [r=1 c=1 rs=1 cs=1]
              RenderText {#text} at (2,2) size 20x16
                text run at (2,2) width 20: "bar"
      RenderBlock (anonymous) at (0,56) size 784x16
        RenderBR {BR} at (0,0) size 0x16
      RenderTable {TABLE} at (0,72) size 400x56 [border: (5px outset #808080)]
        RenderTableSection {TBODY} at (5,5) size 390x46
          RenderTableRow {TR} at (0,2) size 390x20
            RenderTableCell {TD} at (2,2) size 193x20 [border: (1px inset #808080)] [r=0 c=0 rs=1 cs=2]
              RenderText {#text} at (2,2) size 20x16
                text run at (2,2) width 20: "foo"
            RenderTableCell {TD} at (197,2) size 191x20 [border: (1px inset #808080)] [r=0 c=2 rs=1 cs=1]
              RenderText {#text} at (2,2) size 28x16
                text run at (2,2) width 28: "50%"
          RenderTableRow {TR} at (0,24) size 390x20
            RenderTableCell {TD} at (2,24) size 95x20 [border: (1px inset #808080)] [r=1 c=0 rs=1 cs=1]
              RenderText {#text} at (2,2) size 28x16
                text run at (2,2) width 28: "25%"
            RenderTableCell {TD} at (99,24) size 96x20 [border: (1px inset #808080)] [r=1 c=1 rs=1 cs=1]
              RenderText {#text} at (2,2) size 20x16
                text run at (2,2) width 20: "bar"
