layer at (0,0) size 800x600
  RenderView at (0,0) size 800x600
layer at (0,0) size 800x600
  RenderBlock {HTML} at (0,0) size 800x600
    RenderBody {BODY} at (8,8) size 784x584 [bgcolor=#FFFFFF]
      RenderTable {TABLE} at (0,0) size 604x46 [border: (1px outset #808080)]
        RenderTableSection {TBODY} at (1,1) size 602x44
          RenderTableRow {TR} at (0,0) size 602x26
            RenderTableCell {TD} at (0,0) size 602x26 [border: (1px inset #808080)] [r=0 c=0 rs=1 cs=3]
              RenderTable {TABLE} at (1,1) size 600x24 [border: (1px outset #808080)]
                RenderTableSection {TBODY} at (1,1) size 598x22
                  RenderTableRow {TR} at (0,0) size 598x22
                    RenderTableCell {TD} at (0,0) size 598x22 [border: (1px inset #808080)] [r=0 c=0 rs=1 cs=1]
                      RenderTable {TABLE} at (1,1) size 596x20 [border: (1px outset #808080)]
                        RenderTableSection {TBODY} at (1,1) size 594x18
                          RenderTableRow {TR} at (0,0) size 594x18 [bgcolor=#FF0000]
                            RenderTableCell {TD} at (0,0) size 594x18 [border: (1px inset #808080)] [r=0 c=0 rs=1 cs=1]
                              RenderText {#text} at (1,1) size 53x16
                                text run at (1,1) width 53: "cell data"
                              RenderText {#text} at (0,0) size 0x0
          RenderTableRow {TR} at (0,26) size 602x18
            RenderTableCell {TD} at (0,26) size 602x18 [border: (1px inset #808080)] [r=1 c=0 rs=1 cs=1]
              RenderText {#text} at (1,1) size 65x16
                text run at (1,1) width 65: "cell data 2"
