layer at (0,0) size 96x52
  RenderView at (0,0) size 96x26
layer at (0,0) size 96x26
  RenderBlock {HTML} at (0,0) size 96x26
    RenderBody {BODY} at (8,8) size 80x10
      RenderTable {TABLE} at (0,0) size 80x44 [border: (2px outset #808080)]
        RenderTableSection {TBODY} at (2,2) size 76x40
          RenderTableRow {TR} at (0,2) size 76x36
            RenderTableCell {TD} at (2,2) size 72x36 [border: (1px inset #808080)] [r=0 c=0 rs=1 cs=1]
              RenderText {#text} at (2,2) size 47x32
                text run at (2,2) width 47: "Testing"
                text run at (2,18) width 24: "123"
