layer at (0,0) size 800x1048
  RenderView at (0,0) size 800x600
layer at (0,0) size 800x1048
  RenderBlock {HTML} at (0,0) size 800x1048
    RenderBody {BODY} at (8,8) size 784x1032
      RenderBlock {P} at (0,0) size 784x32
        RenderText {#text} at (0,0) size 778x16
          text run at (0,0) width 377: "The table below should have the same width as the red DIV "
          text run at (377,0) width 363: "below this paragraph. The inner image should just fit. The "
          text run at (740,0) width 38: "image"
        RenderInline {EM} at (0,0) size 65x16
          RenderText {#text} at (0,16) size 65x16
            text run at (0,16) width 65: "should not"
        RenderText {#text} at (65,16) size 131x16
          text run at (65,16) width 131: " overrun the borders."
        RenderText {#text} at (0,0) size 0x0
      RenderBlock {DIV} at (0,46) size 610x2 [border: (1px solid #FF0000)]
      RenderTable {TABLE} at (0,62) size 608x379 [border: (1px dotted #000080)]
        RenderTableSection {TBODY} at (1,1) size 606x377
          RenderTableRow {TR} at (0,2) size 606x20
            RenderTableCell {TD} at (2,2) size 156x20 [border: (1px solid #008000)] [r=0 c=0 rs=1 cs=1]
              RenderText {#text} at (2,2) size 8x16
                text run at (2,2) width 8: "a"
            RenderTableCell {TD} at (160,2) size 157x20 [border: (1px solid #008000)] [r=0 c=1 rs=1 cs=1]
              RenderText {#text} at (2,2) size 7x16
                text run at (2,2) width 7: "b"
            RenderTableCell {TD} at (319,2) size 136x20 [border: (1px solid #008000)] [r=0 c=2 rs=1 cs=1]
              RenderText {#text} at (2,2) size 7x16
                text run at (2,2) width 7: "c"
            RenderTableCell {TD} at (457,2) size 147x20 [border: (1px solid #008000)] [r=0 c=3 rs=1 cs=1]
              RenderText {#text} at (2,2) size 8x16
                text run at (2,2) width 8: "d"
          RenderTableRow {TR} at (0,24) size 606x20
            RenderTableCell {TD} at (2,24) size 315x20 [border: (1px solid #008000)] [r=1 c=0 rs=1 cs=2]
              RenderText {#text} at (2,2) size 24x16
                text run at (2,2) width 24: "eee"
            RenderTableCell {TD} at (319,24) size 285x20 [border: (1px solid #008000)] [r=1 c=2 rs=1 cs=2]
              RenderText {#text} at (2,2) size 4x16
                text run at (2,2) width 4: "f"
          RenderTableRow {TR} at (0,46) size 606x329
            RenderTableCell {TD} at (2,46) size 602x329 [border: (1px solid #008000)] [r=2 c=0 rs=1 cs=4]
              RenderImage {IMG} at (2,2) size 593x325
              RenderText {#text} at (0,0) size 0x0
      RenderBlock {DIV} at (0,455) size 610x2 [border: (1px solid #FF0000)]
      RenderBlock {P} at (0,471) size 784x16
        RenderText {#text} at (0,0) size 389x16
          text run at (0,0) width 389: "Mozilla makes the table way too small for no apparent reason."
      RenderBlock {P} at (0,501) size 784x16
        RenderText {#text} at (0,0) size 246x16
          text run at (0,0) width 246: "Here is the same table, one pixel wider:"
      RenderTable {TABLE} at (0,531) size 609x379 [border: (1px dotted #000080)]
        RenderTableSection {TBODY} at (1,1) size 607x377
          RenderTableRow {TR} at (0,2) size 607x20
            RenderTableCell {TD} at (2,2) size 156x20 [border: (1px solid #008000)] [r=0 c=0 rs=1 cs=1]
              RenderText {#text} at (2,2) size 8x16
                text run at (2,2) width 8: "a"
            RenderTableCell {TD} at (160,2) size 157x20 [border: (1px solid #008000)] [r=0 c=1 rs=1 cs=1]
              RenderText {#text} at (2,2) size 7x16
                text run at (2,2) width 7: "b"
            RenderTableCell {TD} at (319,2) size 137x20 [border: (1px solid #008000)] [r=0 c=2 rs=1 cs=1]
              RenderText {#text} at (2,2) size 7x16
                text run at (2,2) width 7: "c"
            RenderTableCell {TD} at (458,2) size 147x20 [border: (1px solid #008000)] [r=0 c=3 rs=1 cs=1]
              RenderText {#text} at (2,2) size 8x16
                text run at (2,2) width 8: "d"
          RenderTableRow {TR} at (0,24) size 607x20
            RenderTableCell {TD} at (2,24) size 315x20 [border: (1px solid #008000)] [r=1 c=0 rs=1 cs=2]
              RenderText {#text} at (2,2) size 24x16
                text run at (2,2) width 24: "eee"
            RenderTableCell {TD} at (319,24) size 286x20 [border: (1px solid #008000)] [r=1 c=2 rs=1 cs=2]
              RenderText {#text} at (2,2) size 4x16
                text run at (2,2) width 4: "f"
          RenderTableRow {TR} at (0,46) size 607x329
            RenderTableCell {TD} at (2,46) size 603x329 [border: (1px solid #008000)] [r=2 c=0 rs=1 cs=4]
              RenderImage {IMG} at (2,2) size 593x325
              RenderText {#text} at (0,0) size 0x0
      RenderBlock {P} at (0,924) size 784x32
        RenderText {#text} at (0,0) size 754x32
          text run at (0,0) width 536: "Observations: Fiddle about with the content of the \"eee\" cell and everything changes. "
          text run at (536,0) width 218: "Remove any of the three rows and"
          text run at (0,16) width 330: "things change. Remove any of the four columns and "
          text run at (330,16) width 338: "things change. Remove the image and things change."
      RenderBlock {P} at (0,970) size 784x16
        RenderText {#text} at (0,0) size 591x16
          text run at (0,0) width 494: "(Note: If the image has disappeared from the server, replace it with any 593px "
          text run at (494,0) width 97: "image you like.)"
      RenderBlock {P} at (0,1000) size 784x16
        RenderText {#text} at (0,0) size 59x16
          text run at (0,0) width 59: "See also "
        RenderInline {A} at (0,0) size 92x16 [color=#0000EE]
          RenderText {#text} at (59,0) size 92x16
            text run at (59,0) width 92: "tablewidth.html"
        RenderText {#text} at (151,0) size 3x16
          text run at (151,0) width 3: "."
      RenderBlock {HR} at (0,1030) size 784x2 [border: (1px inset #000000)]
