layer at (0,0) size 96x134
  RenderView at (0,0) size 96x26
layer at (0,0) size 96x134
  RenderBlock {HTML} at (0,0) size 96x134
    RenderBody {BODY} at (8,8) size 80x118
      RenderBlock (anonymous) at (0,0) size 80x0
        RenderInline {B} at (0,0) size 0x0
          RenderText {#text} at (0,0) size 0x0
          RenderText {#text} at (0,0) size 0x0
      RenderTable {TABLE} at (0,0) size 80x118 [border: (1px outset #808080)]
        RenderTableSection {TBODY} at (1,1) size 78x116
          RenderTableRow {TR} at (0,2) size 78x68
            RenderTableCell {TD} at (2,2) size 41x68 [border: (1px inset #808080)] [r=0 c=0 rs=1 cs=1]
              RenderText {#text} at (2,2) size 35x64
                text run at (2,2) width 30: "Click"
                text run at (2,18) width 35: "name"
                text run at (2,34) width 12: "to"
                text run at (2,50) width 23: "see"
            RenderTableCell {TD} at (45,21) size 31x52 [bgcolor=#00FF00] [border: (1px inset #808080)] [r=0 c=1 rs=2 cs=1]
              RenderText {#text} at (2,2) size 27x48
                text run at (2,2) width 27: "Mac"
                text run at (2,18) width 25: "Clbr"
                text run at (2,34) width 23: "Opt"
          RenderTableRow {TR} at (0,72) size 78x20
            RenderTableCell {TD} at (2,72) size 41x20 [border: (1px inset #808080)] [r=1 c=0 rs=1 cs=1]
              RenderText {#text} at (2,2) size 35x16
                text run at (2,2) width 35: "Guilty"
              RenderText {#text} at (0,0) size 0x0
          RenderTableRow {TR} at (0,94) size 78x20
            RenderTableCell {TD} at (2,94) size 41x20 [border: (1px inset #808080)] [r=2 c=0 rs=1 cs=1]
              RenderText {#text} at (2,2) size 4x16
                text run at (2,2) width 4: " "
            RenderTableCell {TD} at (45,94) size 31x20 [bgcolor=#FFFF00] [border: (1px inset #808080)] [r=2 c=1 rs=1 cs=1]
              RenderText {#text} at (2,2) size 22x16
                text run at (2,2) width 22: "L C"
