layer at (0,0) size 800x600
  RenderView at (0,0) size 800x600
layer at (0,0) size 800x600
  RenderBlock {HTML} at (0,0) size 800x600
    RenderBody {BODY} at (8,8) size 784x584 [bgcolor=#FFFFFF]
      RenderTable {TABLE} at (0,0) size 477x50 [bgcolor=#000000]
        RenderTableSection {TBODY} at (0,0) size 477x50
          RenderTableRow {TR} at (0,0) size 477x50
            RenderTableCell {TD} at (0,0) size 477x50 [r=0 c=0 rs=1 cs=1]
              RenderTable {TABLE} at (1,1) size 475x48 [bgcolor=#959595]
                RenderTableSection {TBODY} at (0,0) size 475x48
                  RenderTableRow {TR} at (0,0) size 475x24
                    RenderTableCell {TD} at (0,0) size 475x24 [bgcolor=#6666CC] [r=0 c=0 rs=1 cs=1]
                      RenderInline {FONT} at (0,0) size 206x16 [color=#FFFFFF]
                        RenderInline {B} at (0,0) size 206x16
                          RenderText {#text} at (134,4) size 206x16
                            text run at (134,4) width 169: "BrowserWatch Headline "
                            text run at (303,4) width 37: "News"
                  RenderTableRow {TR} at (0,24) size 475x24
                    RenderTableCell {TD} at (0,24) size 475x24 [bgcolor=#D4D4D4] [r=1 c=0 rs=1 cs=1]
                      RenderText {#text} at (4,4) size 21x16
                        text run at (4,4) width 21: "xxx"
