layer at (0,0) size 800x600
  RenderView at (0,0) size 800x600
layer at (0,0) size 800x600
  RenderBlock {HTML} at (0,0) size 800x600
    RenderBody {BODY} at (8,8) size 784x584
      RenderTable {TABLE} at (0,0) size 122x70 [border: (1px outset #808080)]
        RenderBlock {CAPTION} at (0,0) size 120x0
        RenderTableSection {TBODY} at (1,1) size 120x68
          RenderTableRow {TR} at (0,2) size 120x20
            RenderTableCell {TD} at (2,2) size 57x20 [border: (1px inset #808080)] [r=0 c=0 rs=1 cs=1]
              RenderText {#text} at (2,2) size 53x16
                text run at (2,2) width 53: "cell data"
            RenderTableCell {TD} at (61,2) size 57x20 [border: (1px inset #808080)] [r=0 c=1 rs=1 cs=1]
              RenderText {#text} at (2,2) size 53x16
                text run at (2,2) width 53: "cell data"
          RenderTableRow {TR} at (0,24) size 120x20
            RenderTableCell {TD} at (2,24) size 57x20 [border: (1px inset #808080)] [r=1 c=0 rs=1 cs=1]
              RenderText {#text} at (2,2) size 53x16
                text run at (2,2) width 53: "cell data"
            RenderTableCell {TD} at (61,24) size 57x20 [border: (1px inset #808080)] [r=1 c=1 rs=1 cs=1]
              RenderText {#text} at (2,2) size 53x16
                text run at (2,2) width 53: "cell data"
          RenderTableRow {TR} at (0,46) size 120x20
            RenderTableCell {TD} at (2,46) size 57x20 [border: (1px inset #808080)] [r=2 c=0 rs=1 cs=1]
              RenderText {#text} at (2,2) size 53x16
                text run at (2,2) width 53: "cell data"
            RenderTableCell {TD} at (61,46) size 57x20 [border: (1px inset #808080)] [r=2 c=1 rs=1 cs=1]
              RenderText {#text} at (2,2) size 53x16
                text run at (2,2) width 53: "cell data"
      RenderBlock (anonymous) at (0,70) size 784x16
        RenderText {#text} at (0,0) size 174x16
          text run at (0,0) width 174: "[object HTMLTableElement]"
        RenderText {#text} at (0,0) size 0x0
        RenderText {#text} at (0,0) size 0x0
