layer at (0,0) size 276x208
  RenderView at (0,0) size 96x26
layer at (0,0) size 276x208
  RenderBlock {HTML} at (0,0) size 96x208
    RenderBody {BODY} at (8,8) size 80x192 [bgcolor=#FFFFFF]
      RenderBlock {P} at (0,0) size 80x128
        RenderInline {B} at (0,0) size 268x96
          RenderText {#text} at (0,0) size 61x48
            text run at (0,0) width 61: "Testcase"
            text run at (0,16) width 55: "distilled"
            text run at (0,32) width 31: "from"
          RenderInline {A} at (0,0) size 268x16 [color=#0000EE]
            RenderText {#text} at (0,48) size 268x16
              text run at (0,48) width 268: "http://www.linuxplanet.com/linuxplanet/"
          RenderBR {BR} at (0,0) size 0x0
          RenderText {#text} at (0,64) size 76x32
            text run at (0,64) width 76: "First cell is"
            text run at (0,80) width 68: "coded as:"
        RenderInline {CODE} at (0,0) size 76x32
          RenderText {#text} at (0,96) size 76x32
            text run at (0,96) width 64: "<TD><form>Weekly"
            text run at (0,112) width 76: "Poll<P></form></TD>"
      RenderTable {TABLE} at (0,142) size 80x50
        RenderTableSection {TBODY} at (0,0) size 80x50
          RenderTableRow {TR} at (0,0) size 80x50
            RenderTableCell {TD} at (0,2) size 46x46 [r=0 c=0 rs=1 cs=1]
              RenderBlock {FORM} at (0,0) size 46x32
                RenderBlock (anonymous) at (0,0) size 46x32
                  RenderText {#text} at (0,0) size 46x32
                    text run at (0,0) width 46: "Weekly"
                    text run at (0,16) width 23: "Poll"
                RenderBlock {P} at (0,46) size 46x0
            RenderTableCell {TD} at (46,0) size 1x50 [r=0 c=1 rs=1 cs=1]
              RenderImage {IMG} at (0,0) size 1x50
            RenderTableCell {TD} at (47,17) size 33x16 [r=0 c=2 rs=1 cs=1]
              RenderBR {BR} at (0,0) size 0x16
