layer at (0,0) size 800x615
  RenderView at (0,0) size 800x600
layer at (0,0) size 800x615
  RenderBlock {HTML} at (0,0) size 800x615
    RenderBody {BODY} at (8,18) size 784x583
      RenderBlock {H1} at (0,0) size 784x32
        RenderText {#text} at (0,1) size 311x30
          text run at (0,1) width 311: "Generic Table Tests - 1"
      RenderBlock {P} at (0,50) size 784x16
        RenderText {#text} at (0,0) size 384x16
          text run at (0,0) width 384: "If you have any comments to make regarding this test, e-mail "
        RenderInline {A} at (0,0) size 177x16 [color=#0000EE]
          RenderText {#text} at (384,0) size 177x16
            text run at (384,0) width 177: "py8ieh=eviltests@bath.ac.uk"
        RenderText {#text} at (561,0) size 3x16
          text run at (561,0) width 3: "."
      RenderBlock {DL} at (0,80) size 784x32
        RenderBlock {DT} at (0,0) size 784x16
          RenderText {#text} at (0,0) size 82x16
            text run at (0,0) width 82: "Prerequisites"
        RenderBlock {DD} at (40,16) size 744x16
          RenderText {#text} at (0,0) size 684x16
            text run at (0,0) width 684: "Browsers that are subjected to this test should support CSS1 and the CSS2 table model, and multiple classes."
      RenderBlock {P} at (0,126) size 784x88 [border: (5px double #FF0000)]
        RenderBlock (anonymous) at (12,12) size 760x16
          RenderText {#text} at (0,0) size 236x16
            text run at (0,0) width 236: "If this paragraph breaks the line here:"
        RenderTable {SPAN} at (12,28) size 60x16
          RenderTableSection at (0,0) size 60x16
            RenderTableRow at (0,0) size 60x16
              RenderTableCell at (0,0) size 60x16 [r=0 c=0 rs=1 cs=1]
                RenderText {#text} at (0,0) size 60x16
                  text run at (0,0) width 60: "and here:"
        RenderBlock (anonymous) at (12,44) size 760x32
          RenderText {#text} at (0,0) size 117x16
            text run at (0,0) width 117: "then your browser "
          RenderInline {EM} at (0,0) size 82x16
            RenderText {#text} at (117,0) size 82x16
              text run at (117,0) width 82: "does support"
          RenderText {#text} at (199,0) size 159x16
            text run at (199,0) width 159: " table values on 'display'. "
          RenderInline {STRONG} at (0,0) size 741x32
            RenderText {#text} at (358,0) size 741x32
              text run at (358,0) width 383: "If this paragraphs flows without any undue breaks, then"
              text run at (0,16) width 431: "you should mark your browser as not supporting table values!"
      RenderBlock {H2} at (0,231) size 784x24
        RenderText {#text} at (0,0) size 212x23
          text run at (0,0) width 212: "1. Table -> Table Cell"
      RenderBlock {P} at (0,272) size 784x32
        RenderText {#text} at (0,0) size 773x32
          text run at (0,0) width 773: "Below there should be a gray bar, spanning the width of the BODY, with the text \"Left\" to the left and the text \"Right\", on the"
          text run at (0,16) width 171: "same line, flush to the right."
      RenderTable {DIV} at (0,318) size 784x16 [bgcolor=#C0C0C0]
        RenderTableSection at (0,0) size 784x16
          RenderTableRow at (0,0) size 784x16
            RenderTableCell {DIV} at (0,0) size 330x16 [r=0 c=0 rs=1 cs=1]
              RenderText {#text} at (0,0) size 24x16
                text run at (0,0) width 24: "Left"
            RenderTableCell {DIV} at (330,0) size 454x16 [r=0 c=1 rs=1 cs=1]
              RenderText {#text} at (421,0) size 33x16
                text run at (421,0) width 33: "Right"
      RenderBlock {H2} at (0,351) size 784x24
        RenderText {#text} at (0,0) size 155x23
          text run at (0,0) width 155: "Submit Results"
      RenderBlock {FORM} at (0,392) size 784x55
        RenderBlock {P} at (0,0) size 784x55
          RenderText {#text} at (0,5) size 262x16
            text run at (0,5) width 262: "How does your browser fare on this test? "
          RenderMenuList {SELECT} at (264,4) size 250x18 [bgcolor=#FFFFFF] [border: (1px solid #000000)]
            RenderBlock (anonymous) at (1,1) size 248x16
              RenderText at (0,0) size 166x16
                text run at (0,0) width 166: "The test renders correctly."
          RenderText {#text} at (516,5) size 4x16
            text run at (516,5) width 4: " "
          RenderInline {LABEL} at (0,0) size 239x16
            RenderText {#text} at (520,5) size 67x16
              text run at (520,5) width 67: "Comment: "
            RenderTextControl {INPUT} at (589,2) size 168x22 [bgcolor=#FFFFFF] [border: (2px inset #000000)]
          RenderText {#text} at (0,0) size 0x0
          RenderButton {INPUT} at (2,28) size 57x25 [bgcolor=#C0C0C0] [border: (2px outset #C0C0C0)]
            RenderBlock (anonymous) at (8,4) size 41x16
              RenderText at (0,0) size 41x16
                text run at (0,0) width 41: "Submit"
          RenderText {#text} at (0,0) size 0x0
      RenderBlock {HR} at (0,461) size 784x2 [border: (1px inset #000000)]
      RenderBlock {P} at (0,477) size 784x16
        RenderText {#text} at (0,0) size 62x16
          text run at (0,0) width 62: "Up to the "
        RenderInline {A} at (0,0) size 74x16 [color=#0000EE]
          RenderText {#text} at (62,0) size 74x16
            text run at (62,0) width 74: "Table Tests"
        RenderText {#text} at (136,0) size 3x16
          text run at (136,0) width 3: "."
      RenderBlock {P} at (0,507) size 784x16
        RenderText {#text} at (0,0) size 62x16
          text run at (0,0) width 62: "Up to the "
        RenderInline {A} at (0,0) size 98x16 [color=#0000EE]
          RenderText {#text} at (62,0) size 98x16
            text run at (62,0) width 98: "Evil Tests Page"
        RenderText {#text} at (160,0) size 3x16
          text run at (160,0) width 3: "."
      RenderBlock {P} at (0,537) size 784x16
        RenderText {#text} at (0,0) size 172x16
          text run at (0,0) width 172: "This page is maintained by "
        RenderInline {A} at (0,0) size 74x16 [color=#0000EE]
          RenderText {#text} at (172,0) size 74x16
            text run at (172,0) width 74: "Ian Hickson"
        RenderText {#text} at (246,0) size 9x16
          text run at (246,0) width 9: " ("
        RenderInline {A} at (0,0) size 117x16 [color=#0000EE]
          RenderText {#text} at (255,0) size 117x16
            text run at (255,0) width 117: "py8ieh@bath.ac.uk"
        RenderText {#text} at (372,0) size 8x16
          text run at (372,0) width 8: ")."
      RenderBlock {P} at (0,567) size 784x16
        RenderText {#text} at (0,0) size 180x16
          text run at (0,0) width 180: "Last updated in March 1999."
layer at (600,415) size 162x16
  RenderBlock {DIV} at (3,3) size 162x16
