layer at (0,0) size 800x600
  RenderView at (0,0) size 800x600
layer at (0,0) size 800x600
  RenderBlock {HTML} at (0,0) size 800x600
    RenderBody {BODY} at (0,0) size 800x600 [bgcolor=#FFFFFF]
      RenderBlock (anonymous) at (0,0) size 800x102
        RenderImage {IMG} at (0,0) size 102x102 [border: (1px solid #000000)]
        RenderText {#text} at (0,0) size 0x0
      RenderTable {TABLE} at (0,102) size 800x126 [border: (2px outset #808080)]
        RenderTableSection {TBODY} at (2,2) size 796x122
          RenderTableRow {TR} at (0,0) size 796x0
            RenderTableCell {TD} at (0,0) size 114x122 [bgcolor=#DDDDDD] [border: (1px inset #808080)] [r=0 c=0 rs=2 cs=1]
              RenderTable {TABLE} at (1,1) size 112x120 [border: (1px outset #808080)]
                RenderTableSection {TBODY} at (1,1) size 110x118
                  RenderTableRow {TR} at (0,0) size 110x118
                    RenderTableCell {TD} at (0,0) size 110x118 [border: (1px inset #808080)] [r=0 c=0 rs=1 cs=1]
                      RenderImage {IMG} at (5,1) size 100x100
                      RenderText {#text} at (1,101) size 46x16
                        text run at (1,101) width 46: "HELLO"
          RenderTableRow {TR} at (0,0) size 796x122
            RenderTableCell {TD} at (114,12) size 327x98 [border: (1px inset #808080)] [r=1 c=1 rs=1 cs=1]
              RenderText {#text} at (1,1) size 320x96
                text run at (1,1) width 320: "The Zurich football team known as FC Blue Stars is"
                text run at (1,17) width 103: "one of the city's "
                text run at (104,17) width 155: "oldest-established clubs, "
                text run at (259,17) width 49: "and it is"
                text run at (1,33) width 319: "thanks mainly to its annual junior tournament which"
                text run at (1,49) width 62: "has been "
                text run at (63,49) width 131: "running for 60 years "
                text run at (194,49) width 123: "(traditionally played"
                text run at (1,65) width 311: "on Ascension Day and the day before) that it now"
                text run at (1,81) width 30: "also "
                text run at (31,81) width 125: "has an international"
            RenderTableCell {TD} at (441,44) size 355x34 [bgcolor=#E6E8FA] [border: (1px inset #808080)] [r=1 c=2 rs=1 cs=1]
              RenderText {#text} at (1,1) size 336x32
                text run at (1,1) width 306: "hello hello hello hello hello hello hello hello hello "
                text run at (307,1) width 30: "hello"
                text run at (1,17) width 30: "hello"
