layer at (0,0) size 170x132
  RenderView at (0,0) size 96x26
layer at (0,0) size 170x132
  RenderBlock {HTML} at (0,0) size 96x132
    RenderBody {BODY} at (8,8) size 80x116
      RenderBlock (anonymous) at (0,0) size 80x16
        RenderText {#text} at (0,0) size 4x16
          text run at (0,0) width 4: " "
      RenderTable {TABLE} at (0,16) size 162x100 [border: (1px outset #808080)]
        RenderTableSection {TBODY} at (1,1) size 160x98
          RenderTableRow {TR} at (0,2) size 160x22
            RenderTableCell {TD} at (2,2) size 14x22 [border: (1px inset #808080)] [r=0 c=0 rs=1 cs=1]
              RenderText {#text} at (3,3) size 8x16
                text run at (3,3) width 8: "1"
            RenderTableCell {TD} at (18,2) size 60x70 [border: (1px inset #808080)] [r=0 c=1 rs=2 cs=2]
              RenderText {#text} at (3,3) size 54x64
                text run at (3,3) width 49: "colspan"
                text run at (3,19) width 8: "2"
                text run at (3,35) width 54: "rowspan"
                text run at (3,51) width 8: "2"
            RenderTableCell {TD} at (80,2) size 22x22 [border: (1px inset #808080)] [r=0 c=3 rs=1 cs=1]
              RenderText {#text} at (3,3) size 8x16
                text run at (3,3) width 8: "3"
          RenderTableRow {TR} at (0,26) size 160x46
            RenderTableCell {TD} at (2,38) size 14x22 [border: (1px inset #808080)] [r=1 c=0 rs=1 cs=1]
              RenderText {#text} at (3,3) size 8x16
                text run at (3,3) width 8: "4"
            RenderTableCell {TD} at (80,38) size 22x22 [border: (1px inset #808080)] [r=1 c=3 rs=1 cs=1]
              RenderText {#text} at (3,3) size 8x16
                text run at (3,3) width 8: "5"
            RenderTableCell {TD} at (104,38) size 22x22 [border: (1px inset #808080)] [r=1 c=4 rs=1 cs=1]
              RenderText {#text} at (3,3) size 8x16
                text run at (3,3) width 8: "6"
            RenderTableCell {TD} at (128,38) size 14x22 [border: (1px inset #808080)] [r=1 c=5 rs=1 cs=1]
              RenderText {#text} at (3,3) size 8x16
                text run at (3,3) width 8: "7"
            RenderTableCell {TD} at (144,38) size 14x22 [border: (1px inset #808080)] [r=1 c=6 rs=1 cs=1]
              RenderText {#text} at (3,3) size 8x16
                text run at (3,3) width 8: "8"
          RenderTableRow {TR} at (0,74) size 160x22
            RenderTableCell {TD} at (2,74) size 14x22 [border: (1px inset #808080)] [r=2 c=0 rs=1 cs=1]
              RenderText {#text} at (3,3) size 8x16
                text run at (3,3) width 8: "9"
            RenderTableCell {TD} at (18,74) size 29x22 [border: (1px inset #808080)] [r=2 c=1 rs=1 cs=1]
              RenderText {#text} at (3,3) size 16x16
                text run at (3,3) width 16: "10"
            RenderTableCell {TD} at (49,74) size 29x22 [border: (1px inset #808080)] [r=2 c=2 rs=1 cs=1]
              RenderText {#text} at (3,3) size 16x16
                text run at (3,3) width 16: "11"
            RenderTableCell {TD} at (80,74) size 22x22 [border: (1px inset #808080)] [r=2 c=3 rs=1 cs=1]
              RenderText {#text} at (3,3) size 16x16
                text run at (3,3) width 16: "12"
            RenderTableCell {TD} at (104,74) size 22x22 [border: (1px inset #808080)] [r=2 c=4 rs=1 cs=1]
              RenderText {#text} at (3,3) size 16x16
                text run at (3,3) width 16: "13"
