layer at (0,0) size 96x34
  RenderView at (0,0) size 96x26
layer at (0,0) size 96x34
  RenderBlock {HTML} at (0,0) size 96x34
    RenderBody {BODY} at (8,8) size 80x18
      RenderTable {TABLE} at (0,0) size 42x18
        RenderTableSection {TBODY} at (0,0) size 42x18
          RenderTableRow {TR} at (0,0) size 42x0
          RenderTableRow {TR} at (0,0) size 42x18
            RenderTableCell {TD} at (0,0) size 42x18 [r=1 c=0 rs=1 cs=1]
              RenderText {#text} at (1,1) size 40x16
                text run at (1,1) width 40: "Hmm2"
