layer at (0,0) size 658x728
  RenderView at (0,0) size 96x26
layer at (0,0) size 658x728
  RenderBlock {HTML} at (0,0) size 96x728
    RenderBody {BODY} at (8,8) size 80x712
      RenderBlock {PRE} at (0,0) size 80x224
        RenderText {#text} at (0,0) size 328x192
          text run at (0,0) width 184: "These tables below all have the HTML + CSS ..."
          text run at (184,0) width 0: " "
          text run at (0,16) width 0: " "
          text run at (0,32) width 240: "<TABLE><tr>                                          table {"
          text run at (240,32) width 0: " "
          text run at (0,48) width 272: "  <td><TABLE style='margin: 20px; padding: 19px;'>     width: 600px;"
          text run at (272,48) width 0: " "
          text run at (0,64) width 308: "       <tr><td></td></tr>                              border: 1px solid red;"
          text run at (308,64) width 0: " "
          text run at (0,80) width 296: "       </TABLE></td>                                   empty-cells: show;}"
          text run at (296,80) width 0: " "
          text run at (0,96) width 228: "</tr></TABLE>                                        td {"
          text run at (228,96) width 0: " "
          text run at (0,112) width 320: "                                                       border: 1px solid green;}"
          text run at (320,112) width 0: " "
          text run at (0,128) width 328: "                                                     table.inner {margin: 20px;}  "
          text run at (328,128) width 0: " "
          text run at (0,144) width 0: " "
          text run at (0,160) width 260: "... and differ only in the value of 'padding:'. From top table to"
          text run at (260,160) width 0: " "
          text run at (0,176) width 212: "bottom: 0px, 10px, 19px, 20px, 25px. Note that for a "
        RenderInline {U} at (0,0) size 356x32
          RenderInline {I} at (0,0) size 356x32
            RenderText {#text} at (212,176) size 356x32
              text run at (212,176) width 144: "table over-constrained "
              text run at (356,176) width 0: " "
              text run at (0,192) width 123: "within another table"
        RenderText {#text} at (123,192) size 8x16
          text run at (123,192) width 8: ", "
        RenderInline {I} at (0,0) size 163x16
          RenderInline {U} at (0,0) size 163x16
            RenderText {#text} at (131,192) size 163x16
              text run at (131,192) width 163: "when (padding >=margin)"
        RenderText {#text} at (294,192) size 64x16
          text run at (294,192) width 64: ", the margin is "
        RenderInline {I} at (0,0) size 437x32
          RenderInline {U} at (0,0) size 437x32
            RenderText {#text} at (358,192) size 437x32
              text run at (358,192) width 79: "all allocated "
              text run at (437,192) width 0: " "
              text run at (0,208) width 134: "to the right hand side"
        RenderText {#text} at (134,208) size 208x16
          text run at (134,208) width 208: " of the table (and to the left if 'direction: rtl;'."
      RenderTable {TABLE} at (0,238) size 600x26 [border: (1px dotted #0000FF)]
        RenderTableSection {TBODY} at (1,1) size 598x24
          RenderTableRow {TR} at (0,2) size 598x20
            RenderTableCell {TD} at (2,2) size 594x20 [border: (1px solid #008000)] [r=0 c=0 rs=1 cs=1]
              RenderText {#text} at (2,2) size 208x16
                text run at (2,2) width 208: "600px table for width comparison"
      RenderTable {TABLE} at (0,264) size 650x60 [border: (1px solid #FF0000)]
        RenderTableSection {TBODY} at (1,1) size 648x58
          RenderTableRow {TR} at (0,2) size 648x54
            RenderTableCell {TD} at (2,2) size 644x54 [border: (1px solid #008000)] [r=0 c=0 rs=1 cs=1]
              RenderTable {TABLE} at (22,22) size 600x10 [border: (1px solid #FF0000)]
                RenderTableSection {TBODY} at (1,1) size 598x8
                  RenderTableRow {TR} at (0,2) size 598x4
                    RenderTableCell {TD} at (2,2) size 594x4 [border: (1px solid #008000)] [r=0 c=0 rs=1 cs=1]
      RenderTable {TABLE} at (0,324) size 650x80 [border: (1px solid #FF0000)]
        RenderTableSection {TBODY} at (1,1) size 648x78
          RenderTableRow {TR} at (0,2) size 648x74
            RenderTableCell {TD} at (2,2) size 644x74 [border: (1px solid #008000)] [r=0 c=0 rs=1 cs=1]
              RenderTable {TABLE} at (22,22) size 600x30 [border: (1px solid #FF0000)]
                RenderTableSection {TBODY} at (11,11) size 578x8
                  RenderTableRow {TR} at (0,2) size 578x4
                    RenderTableCell {TD} at (2,2) size 574x4 [border: (1px solid #008000)] [r=0 c=0 rs=1 cs=1]
      RenderTable {TABLE} at (0,404) size 650x98 [border: (1px solid #FF0000)]
        RenderTableSection {TBODY} at (1,1) size 648x96
          RenderTableRow {TR} at (0,2) size 648x92
            RenderTableCell {TD} at (2,2) size 644x92 [border: (1px solid #008000)] [r=0 c=0 rs=1 cs=1]
              RenderTable {TABLE} at (22,22) size 600x48 [border: (1px solid #FF0000)]
                RenderTableSection {TBODY} at (20,20) size 560x8
                  RenderTableRow {TR} at (0,2) size 560x4
                    RenderTableCell {TD} at (2,2) size 556x4 [border: (1px solid #008000)] [r=0 c=0 rs=1 cs=1]
      RenderTable {TABLE} at (0,502) size 650x100 [border: (1px solid #FF0000)]
        RenderTableSection {TBODY} at (1,1) size 648x98
          RenderTableRow {TR} at (0,2) size 648x94
            RenderTableCell {TD} at (2,2) size 644x94 [border: (1px solid #008000)] [r=0 c=0 rs=1 cs=1]
              RenderTable {TABLE} at (22,22) size 600x50 [border: (1px solid #FF0000)]
                RenderTableSection {TBODY} at (21,21) size 558x8
                  RenderTableRow {TR} at (0,2) size 558x4
                    RenderTableCell {TD} at (2,2) size 554x4 [border: (1px solid #008000)] [r=0 c=0 rs=1 cs=1]
      RenderTable {TABLE} at (0,602) size 650x110 [border: (1px solid #FF0000)]
        RenderTableSection {TBODY} at (1,1) size 648x108
          RenderTableRow {TR} at (0,2) size 648x104
            RenderTableCell {TD} at (2,2) size 644x104 [border: (1px solid #008000)] [r=0 c=0 rs=1 cs=1]
              RenderTable {TABLE} at (22,22) size 600x60 [border: (1px solid #FF0000)]
                RenderTableSection {TBODY} at (26,26) size 548x8
                  RenderTableRow {TR} at (0,2) size 548x4
                    RenderTableCell {TD} at (2,2) size 544x4 [border: (1px solid #008000)] [r=0 c=0 rs=1 cs=1]
