layer at (0,0) size 96x118
  RenderView at (0,0) size 96x26
layer at (0,0) size 96x118
  RenderBlock {HTML} at (0,0) size 96x118
    RenderBody {BODY} at (8,8) size 80x102
      RenderBlock (anonymous) at (0,0) size 80x32
        RenderInline {FONT} at (0,0) size 76x32
          RenderText {#text} at (0,0) size 76x32
            text run at (0,0) width 76: "Blah, blah in"
            text run at (0,16) width 58: "Helvetica"
      RenderBlock (anonymous) at (0,32) size 80x70
        RenderTable {TABLE} at (0,0) size 80x70
          RenderTableSection {TBODY} at (0,0) size 80x70
            RenderTableRow {TR} at (0,2) size 80x66
              RenderTableCell {TD} at (2,2) size 76x66 [r=0 c=0 rs=1 cs=1]
                RenderText {#text} at (1,1) size 65x64
                  text run at (1,1) width 61: "Text here"
                  text run at (1,17) width 65: "is in times,"
                  text run at (1,33) width 20: "not"
                  text run at (1,49) width 58: "Helvetica"
      RenderBlock (anonymous) at (0,102) size 80x0
        RenderInline {FONT} at (0,0) size 0x0
        RenderText {#text} at (0,0) size 0x0
