layer at (0,0) size 96x84
  RenderView at (0,0) size 96x26
layer at (0,0) size 96x84
  RenderBlock {HTML} at (0,0) size 96x84
    RenderBody {BODY} at (8,8) size 80x68
      RenderTable {TABLE} at (0,0) size 30x26 [border: (1px outset #808080)]
        RenderTableSection {TBODY} at (1,1) size 28x24
          RenderTableRow {TR} at (0,2) size 28x20
            RenderTableCell {TD} at (2,2) size 24x20 [border: (1px inset #808080)] [r=0 c=0 rs=1 cs=1]
              RenderText {#text} at (2,2) size 20x16
                text run at (2,2) width 20: "foo"
      RenderBlock (anonymous) at (0,26) size 80x16
        RenderBR {BR} at (0,0) size 0x16
      RenderTable {TABLE} at (0,42) size 36x26 [border: (1px outset #808080)]
        RenderTableSection {TBODY} at (1,1) size 34x24
          RenderTableRow {TR} at (0,2) size 34x20
            RenderTableCell {TD} at (2,2) size 30x20 [border: (1px inset #808080)] [r=0 c=0 rs=1 cs=1]
              RenderText {#text} at (2,2) size 26x16
                text run at (2,2) width 26: "blah"
