layer at (0,0) size 800x2191
  RenderView at (0,0) size 800x600
layer at (0,0) size 800x2191
  RenderBlock {HTML} at (0,0) size 800x2191
    RenderBody {BODY} at (8,18) size 784x2159 [bgcolor=#FFFFFF]
      RenderBlock {H1} at (0,0) size 784x32
        RenderText {#text} at (0,1) size 320x30
          text run at (0,1) width 320: "Table Inheritance Tests - 1"
      RenderBlock {P} at (0,50) size 784x16
        RenderText {#text} at (0,0) size 350x16
          text run at (0,0) width 350: "If you have any comments to make regarding this test, e-mail "
        RenderInline {A} at (0,0) size 167x16 [color=#0000EE]
          RenderText {#text} at (350,0) size 167x16
            text run at (350,0) width 167: "py8ieh=eviltests@bath.ac.uk"
        RenderText {#text} at (517,0) size 4x16
          text run at (517,0) width 4: "."
      RenderBlock {DL} at (0,80) size 784x32
        RenderBlock {DT} at (0,0) size 784x16
          RenderText {#text} at (0,0) size 75x16
            text run at (0,0) width 75: "Prerequisites"
        RenderBlock {DD} at (40,16) size 744x16
          RenderText {#text} at (0,0) size 499x16
            text run at (0,0) width 499: "Browsers that are subjected to this test should support CSS1 and the CSS2 table model."
      RenderBlock {H2} at (0,129) size 784x24
        RenderText {#text} at (0,0) size 92x23
          text run at (0,0) width 92: "0. Control"
      RenderBlock {P} at (0,170) size 784x16
        RenderText {#text} at (0,0) size 355x16
          text run at (0,0) width 355: "The following four tests should look identical, namely, like this:"
      RenderBlock {DIV} at (0,200) size 784x64 [color=#FFFFFF] [bgcolor=#000000]
        RenderText {#text} at (0,1) size 768x62
          text run at (0,1) width 768: "This text should be white on black, bold, twice the size of"
          text run at (0,33) width 367: "normal text, and sans serif."
      RenderBlock {P} at (0,278) size 784x48
        RenderText {#text} at (0,0) size 762x48
          text run at (0,0) width 732: "There are some minor exceptions, however. The x.1 tests should fill the viewport width, the other tests need not. Also, browsers"
          text run at (0,16) width 762: "attempting to have backwards compatability with the buggy behaviour of legacy browsers may omit to inherit the color and font-size in"
          text run at (0,32) width 567: "1.1, which will make 1.1 (but only 1.1) unreadable. That is the problem with not following the specs."
      RenderBlock {H2} at (0,343) size 784x24
        RenderText {#text} at (0,0) size 150x23
          text run at (0,0) width 150: "1. HTML Tables"
      RenderBlock {H3} at (0,384) size 784x18
        RenderText {#text} at (0,0) size 207x18
          text run at (0,0) width 207: "1.1 Inheritance through a DIV"
      RenderBlock {DIV} at (0,418) size 784x70 [color=#FFFFFF] [bgcolor=#000000]
        RenderTable {TABLE} at (0,0) size 784x70
          RenderTableSection {TBODY} at (0,0) size 784x70
            RenderTableRow {TR} at (0,2) size 784x66
              RenderTableCell {TD} at (2,2) size 780x66 [r=0 c=0 rs=1 cs=1]
                RenderText {#text} at (1,2) size 768x62
                  text run at (1,2) width 768: "This text should be white on black, bold, twice the size of"
                  text run at (1,34) width 367: "normal text, and sans serif."
      RenderBlock {H3} at (0,504) size 784x18
        RenderText {#text} at (0,0) size 221x18
          text run at (0,0) width 221: "1.2 Styles set directly on TABLE"
      RenderTable {TABLE} at (0,538) size 784x70 [color=#FFFFFF] [bgcolor=#000000]
        RenderTableSection {TBODY} at (0,0) size 784x70
          RenderTableRow {TR} at (0,2) size 784x66
            RenderTableCell {TD} at (2,2) size 780x66 [r=0 c=0 rs=1 cs=1]
              RenderText {#text} at (1,2) size 768x62
                text run at (1,2) width 768: "This text should be white on black, bold, twice the size of"
                text run at (1,34) width 367: "normal text, and sans serif."
      RenderBlock {H2} at (0,625) size 784x24
        RenderText {#text} at (0,0) size 201x23
          text run at (0,0) width 201: "2. Explicit CSS Tables"
      RenderBlock {H3} at (0,666) size 784x18
        RenderText {#text} at (0,0) size 207x18
          text run at (0,0) width 207: "2.1 Inheritance through a DIV"
      RenderBlock {DIV} at (0,700) size 784x64 [color=#FFFFFF] [bgcolor=#000000]
        RenderTable {DIV} at (0,0) size 784x64
          RenderTableSection at (0,0) size 784x64
            RenderTableRow {DIV} at (0,0) size 784x64
              RenderTableCell {DIV} at (0,0) size 784x64 [r=0 c=0 rs=1 cs=1]
                RenderText {#text} at (0,1) size 768x62
                  text run at (0,1) width 768: "This text should be white on black, bold, twice the size of"
                  text run at (0,33) width 367: "normal text, and sans serif."
      RenderBlock {H3} at (0,780) size 784x18
        RenderText {#text} at (0,0) size 221x18
          text run at (0,0) width 221: "2.2 Styles set directly on TABLE"
      RenderTable {DIV} at (0,814) size 784x64 [color=#FFFFFF] [bgcolor=#000000]
        RenderTableSection at (0,0) size 784x64
          RenderTableRow {DIV} at (0,0) size 784x64
            RenderTableCell {DIV} at (0,0) size 784x64 [r=0 c=0 rs=1 cs=1]
              RenderText {#text} at (0,1) size 768x62
                text run at (0,1) width 768: "This text should be white on black, bold, twice the size of"
                text run at (0,33) width 367: "normal text, and sans serif."
      RenderBlock {H3} at (0,894) size 784x18
        RenderText {#text} at (0,0) size 205x18
          text run at (0,0) width 205: "2.3 Styles set directly on ROW"
      RenderTable {DIV} at (0,928) size 784x64
        RenderTableSection at (0,0) size 784x64
          RenderTableRow {DIV} at (0,0) size 784x64 [color=#FFFFFF] [bgcolor=#000000]
            RenderTableCell {DIV} at (0,0) size 784x64 [r=0 c=0 rs=1 cs=1]
              RenderText {#text} at (0,1) size 768x62
                text run at (0,1) width 768: "This text should be white on black, bold, twice the size of"
                text run at (0,33) width 367: "normal text, and sans serif."
      RenderBlock {H3} at (0,1008) size 784x18
        RenderText {#text} at (0,0) size 210x18
          text run at (0,0) width 210: "2.4 Styles set directly on CELL"
      RenderTable {DIV} at (0,1042) size 784x64
        RenderTableSection at (0,0) size 784x64
          RenderTableRow {DIV} at (0,0) size 784x64
            RenderTableCell {DIV} at (0,0) size 784x64 [color=#FFFFFF] [bgcolor=#000000] [r=0 c=0 rs=1 cs=1]
              RenderText {#text} at (0,1) size 768x62
                text run at (0,1) width 768: "This text should be white on black, bold, twice the size of"
                text run at (0,33) width 367: "normal text, and sans serif."
      RenderBlock {H2} at (0,1123) size 784x24
        RenderText {#text} at (0,0) size 337x23
          text run at (0,0) width 337: "3. Implicit CSS Tables (table explicit)"
      RenderBlock {H3} at (0,1164) size 784x18
        RenderText {#text} at (0,0) size 207x18
          text run at (0,0) width 207: "3.1 Inheritance through a DIV"
      RenderBlock {DIV} at (0,1198) size 784x64 [color=#FFFFFF] [bgcolor=#000000]
        RenderTable {DIV} at (0,0) size 784x64
          RenderTableSection at (0,0) size 784x64
            RenderTableRow at (0,0) size 784x64
              RenderTableCell at (0,0) size 784x64 [r=0 c=0 rs=1 cs=1]
                RenderText {#text} at (0,1) size 768x62
                  text run at (0,1) width 768: "This text should be white on black, bold, twice the size of"
                  text run at (0,33) width 367: "normal text, and sans serif."
      RenderBlock {H3} at (0,1278) size 784x18
        RenderText {#text} at (0,0) size 221x18
          text run at (0,0) width 221: "3.2 Styles set directly on TABLE"
      RenderTable {DIV} at (0,1312) size 784x64 [color=#FFFFFF] [bgcolor=#000000]
        RenderTableSection at (0,0) size 784x64
          RenderTableRow at (0,0) size 784x64
            RenderTableCell at (0,0) size 784x64 [r=0 c=0 rs=1 cs=1]
              RenderText {#text} at (0,1) size 768x62
                text run at (0,1) width 768: "This text should be white on black, bold, twice the size of"
                text run at (0,33) width 367: "normal text, and sans serif."
      RenderBlock {H2} at (0,1393) size 784x24
        RenderText {#text} at (0,0) size 327x23
          text run at (0,0) width 327: "4. Implicit CSS Tables (row explicit)"
      RenderBlock {H3} at (0,1434) size 784x18
        RenderText {#text} at (0,0) size 207x18
          text run at (0,0) width 207: "4.1 Inheritance through a DIV"
      RenderBlock {DIV} at (0,1468) size 784x64 [color=#FFFFFF] [bgcolor=#000000]
        RenderTable at (0,0) size 784x64
          RenderTableSection at (0,0) size 784x64
            RenderTableRow {DIV} at (0,0) size 784x64
              RenderTableCell at (0,0) size 784x64 [r=0 c=0 rs=1 cs=1]
                RenderText {#text} at (0,1) size 768x62
                  text run at (0,1) width 768: "This text should be white on black, bold, twice the size of"
                  text run at (0,33) width 367: "normal text, and sans serif."
      RenderTable at (0,1532) size 784x64
        RenderTableSection at (0,0) size 784x64
          RenderTableRow {DIV} at (0,0) size 784x64 [color=#FFFFFF] [bgcolor=#000000]
            RenderTableCell at (0,0) size 784x64 [r=0 c=0 rs=1 cs=1]
              RenderText {#text} at (0,1) size 768x62
                text run at (0,1) width 768: "This text should be white on black, bold, twice the size of"
                text run at (0,33) width 367: "normal text, and sans serif."
      RenderBlock {H3} at (0,1612) size 784x18
        RenderText {#text} at (0,0) size 205x18
          text run at (0,0) width 205: "4.2 Styles set directly on ROW"
      RenderBlock {H2} at (0,1647) size 784x24
        RenderText {#text} at (0,0) size 322x23
          text run at (0,0) width 322: "5. Implicit CSS Tables (cell explicit)"
      RenderBlock {H3} at (0,1688) size 784x18
        RenderText {#text} at (0,0) size 207x18
          text run at (0,0) width 207: "5.1 Inheritance through a DIV"
      RenderBlock {DIV} at (0,1722) size 784x64 [color=#FFFFFF] [bgcolor=#000000]
        RenderTable at (0,0) size 784x64
          RenderTableSection at (0,0) size 784x64
            RenderTableRow at (0,0) size 784x64
              RenderTableCell {DIV} at (0,0) size 784x64 [r=0 c=0 rs=1 cs=1]
                RenderText {#text} at (0,1) size 768x62
                  text run at (0,1) width 768: "This text should be white on black, bold, twice the size of"
                  text run at (0,33) width 367: "normal text, and sans serif."
      RenderTable at (0,1786) size 784x64
        RenderTableSection at (0,0) size 784x64
          RenderTableRow at (0,0) size 784x64
            RenderTableCell {DIV} at (0,0) size 784x64 [color=#FFFFFF] [bgcolor=#000000] [r=0 c=0 rs=1 cs=1]
              RenderText {#text} at (0,1) size 768x62
                text run at (0,1) width 768: "This text should be white on black, bold, twice the size of"
                text run at (0,33) width 367: "normal text, and sans serif."
      RenderBlock {H3} at (0,1866) size 784x18
        RenderText {#text} at (0,0) size 210x18
          text run at (0,0) width 210: "5.2 Styles set directly on CELL"
      RenderBlock {H2} at (0,1901) size 784x24
        RenderText {#text} at (0,0) size 137x23
          text run at (0,0) width 137: "Submit Results"
      RenderBlock {FORM} at (0,1942) size 784x51
        RenderBlock {P} at (0,0) size 784x51
          RenderText {#text} at (0,3) size 237x16
            text run at (0,3) width 237: "How does your browser fare on this test? "
          RenderMenuList {SELECT} at (239,2) size 473x18 [bgcolor=#FFFFFF] [border: (1px solid #000000)]
            RenderBlock (anonymous) at (1,1) size 471x16
              RenderText at (0,0) size 471x16
                text run at (0,0) width 471: "The tests all render identically, and this browser may or may not grok CSS2 tables."
          RenderText {#text} at (714,3) size 3x16
            text run at (714,3) width 3: " "
          RenderInline {LABEL} at (0,0) size 781x41
            RenderText {#text} at (717,3) size 64x16
              text run at (717,3) width 64: "Comment: "
            RenderTextControl {INPUT} at (2,25) size 148x22 [bgcolor=#FFFFFF] [border: (2px inset #000000)]
          RenderText {#text} at (152,28) size 3x16
            text run at (152,28) width 3: " "
          RenderButton {INPUT} at (157,24) size 56x25 [bgcolor=#C0C0C0] [border: (2px outset #C0C0C0)]
            RenderBlock (anonymous) at (8,4) size 40x16
              RenderText at (0,0) size 40x16
                text run at (0,0) width 40: "Submit"
          RenderText {#text} at (0,0) size 0x0
      RenderBlock {HR} at (0,2007) size 784x2 [border: (1px inset #000000)]
      RenderBlock {P} at (0,2023) size 784x16
        RenderText {#text} at (0,0) size 55x16
          text run at (0,0) width 55: "Up to the "
        RenderInline {A} at (0,0) size 68x16 [color=#0000EE]
          RenderText {#text} at (55,0) size 68x16
            text run at (55,0) width 68: "Table Tests"
        RenderText {#text} at (123,0) size 4x16
          text run at (123,0) width 4: "."
      RenderBlock {P} at (0,2053) size 784x16
        RenderText {#text} at (0,0) size 55x16
          text run at (0,0) width 55: "Up to the "
        RenderInline {A} at (0,0) size 89x16 [color=#0000EE]
          RenderText {#text} at (55,0) size 89x16
            text run at (55,0) width 89: "Evil Tests Page"
        RenderText {#text} at (144,0) size 4x16
          text run at (144,0) width 4: "."
      RenderBlock {P} at (0,2083) size 784x16
        RenderText {#text} at (0,0) size 52x16
          text run at (0,0) width 52: "Bugzilla: "
        RenderInline {A} at (0,0) size 54x16 [color=#0000EE]
          RenderText {#text} at (52,0) size 54x16
            text run at (52,0) width 54: "Bug 1044"
      RenderBlock {P} at (0,2113) size 784x16
        RenderText {#text} at (0,0) size 154x16
          text run at (0,0) width 154: "This page is maintained by "
        RenderInline {A} at (0,0) size 69x16 [color=#0000EE]
          RenderText {#text} at (154,0) size 69x16
            text run at (154,0) width 69: "Ian Hickson"
        RenderText {#text} at (223,0) size 8x16
          text run at (223,0) width 8: " ("
        RenderInline {A} at (0,0) size 112x16 [color=#0000EE]
          RenderText {#text} at (231,0) size 112x16
            text run at (231,0) width 112: "py8ieh@bath.ac.uk"
        RenderText {#text} at (343,0) size 9x16
          text run at (343,0) width 9: ")."
      RenderBlock {P} at (0,2143) size 784x16
        RenderText {#text} at (0,0) size 165x16
          text run at (0,0) width 165: "Last updated in March 1999."
layer at (13,1988) size 142x16
  RenderBlock {DIV} at (3,3) size 142x16
