layer at (0,0) size 800x600
  RenderView at (0,0) size 800x600
layer at (0,0) size 800x239
  RenderBlock {HTML} at (0,0) size 800x239
    RenderBody {BODY} at (88,22) size 648x195 [bgcolor=#FFFFF5]
      RenderTable {TABLE} at (0,0) size 304x72
        RenderTableSection {TBODY} at (0,0) size 304x72
          RenderTableRow {TR} at (0,2) size 304x18
            RenderTableCell {TH} at (2,2) size 166x18 [color=#CC0000] [r=0 c=0 rs=1 cs=1]
              RenderText {#text} at (0,-1) size 32x20
                text run at (0,-1) width 32: "17.6 "
              RenderInline {A} at (0,0) size 134x20 [color=#3333FF]
                RenderText {#text} at (32,-1) size 134x20
                  text run at (32,-1) width 134: "Table Border Test 2"
            RenderTableCell {TD} at (170,2) size 16x18 [color=#FFFF00] [bgcolor=#CC0000] [r=0 c=1 rs=1 cs=1]
              RenderText {#text} at (0,0) size 9x19
                text run at (0,0) width 9: "B"
            RenderTableCell {TD} at (188,2) size 10x18 [color=#FFFFFF] [bgcolor=#000099] [r=0 c=2 rs=1 cs=1]
              RenderText {#text} at (0,0) size 10x19
                text run at (0,0) width 10: "N"
            RenderTableCell {TD} at (200,2) size 16x18 [color=#FFFFFF] [bgcolor=#000099] [r=0 c=3 rs=1 cs=1]
              RenderText {#text} at (0,0) size 10x19
                text run at (0,0) width 10: "N"
            RenderTableCell {TD} at (218,2) size 16x18 [color=#FFFFFF] [bgcolor=#000099] [r=0 c=4 rs=1 cs=1]
              RenderText {#text} at (0,0) size 10x19
                text run at (0,0) width 10: "N"
            RenderTableCell {TD} at (236,2) size 16x18 [color=#FFFFFF] [bgcolor=#000099] [r=0 c=5 rs=1 cs=1]
              RenderText {#text} at (0,0) size 10x19
                text run at (0,0) width 10: "N"
            RenderTableCell {TD} at (254,2) size 10x18 [bgcolor=#CCCCCC] [r=0 c=6 rs=1 cs=1]
              RenderText {#text} at (0,0) size 10x19
                text run at (0,0) width 10: "U"
            RenderTableCell {TD} at (266,2) size 36x18 [r=0 c=7 rs=1 cs=1]
              RenderText {#text} at (0,0) size 36x19
                text run at (0,0) width 36: "CSS2"
          RenderTableRow {TR} at (0,22) size 304x28
            RenderTableCell {TH} at (2,22) size 166x28 [color=#CC0000] [border: (10px solid #FFFFF5) none] [r=1 c=0 rs=1 cs=1]
              RenderText {#text} at (85,9) size 81x20
                text run at (85,9) width 81: "Tests Y (+1)"
            RenderTableCell {TD} at (170,22) size 16x28 [color=#FFFFFF] [bgcolor=#009900] [border: (10px solid #FFFFF5) none] [r=1 c=1 rs=1 cs=1]
              RenderText {#text} at (0,10) size 16x19
                text run at (0,10) width 16: "31"
            RenderTableCell {TD} at (188,22) size 10x28 [color=#FFFFFF] [bgcolor=#009900] [border: (10px solid #FFFFF5) none] [r=1 c=2 rs=1 cs=1]
              RenderText {#text} at (0,10) size 4x19
                text run at (0,10) width 4: " "
            RenderTableCell {TD} at (200,22) size 16x28 [color=#FFFFFF] [bgcolor=#009900] [border: (10px solid #FFFFF5) none] [r=1 c=3 rs=1 cs=1]
              RenderText {#text} at (0,10) size 16x19
                text run at (0,10) width 16: "16"
            RenderTableCell {TD} at (218,22) size 16x28 [color=#FFFFFF] [bgcolor=#009900] [border: (10px solid #FFFFF5) none] [r=1 c=4 rs=1 cs=1]
              RenderText {#text} at (0,10) size 16x19
                text run at (0,10) width 16: "16"
            RenderTableCell {TD} at (236,22) size 16x28 [color=#FFFFFF] [bgcolor=#009900] [border: (10px solid #FFFFF5) none] [r=1 c=5 rs=1 cs=1]
              RenderText {#text} at (0,10) size 8x19
                text run at (0,10) width 8: "2"
            RenderTableCell {TD} at (254,22) size 10x28 [color=#FFFFFF] [bgcolor=#009900] [border: (10px solid #FFFFF5) none] [r=1 c=6 rs=1 cs=1]
              RenderText {#text} at (0,10) size 10x19
                text run at (0,10) width 10: "U"
            RenderTableCell {TD} at (266,31) size 36x10 [border: (10px solid #FFFFF5) none] [r=1 c=7 rs=1 cs=1]
          RenderTableRow {TR} at (0,52) size 304x18
            RenderTableCell {TH} at (2,52) size 166x18 [color=#CC0000] [r=2 c=0 rs=1 cs=1]
              RenderText {#text} at (92,-1) size 74x20
                text run at (92,-1) width 74: "Tests N (0)"
            RenderTableCell {TD} at (170,52) size 16x18 [color=#FFFFFF] [bgcolor=#000099] [r=2 c=1 rs=1 cs=1]
              RenderText {#text} at (0,0) size 8x19
                text run at (0,0) width 8: "4"
            RenderTableCell {TD} at (188,52) size 10x18 [color=#FFFFFF] [bgcolor=#000099] [r=2 c=2 rs=1 cs=1]
              RenderText {#text} at (0,0) size 4x19
                text run at (0,0) width 4: " "
            RenderTableCell {TD} at (200,52) size 16x18 [color=#FFFFFF] [bgcolor=#000099] [r=2 c=3 rs=1 cs=1]
              RenderText {#text} at (0,0) size 16x19
                text run at (0,0) width 16: "21"
            RenderTableCell {TD} at (218,52) size 16x18 [color=#FFFFFF] [bgcolor=#000099] [r=2 c=4 rs=1 cs=1]
              RenderText {#text} at (0,0) size 16x19
                text run at (0,0) width 16: "14"
            RenderTableCell {TD} at (236,52) size 16x18 [color=#FFFFFF] [bgcolor=#000099] [r=2 c=5 rs=1 cs=1]
              RenderText {#text} at (0,0) size 16x19
                text run at (0,0) width 16: "18"
            RenderTableCell {TD} at (254,52) size 10x18 [color=#FFFFFF] [bgcolor=#000099] [r=2 c=6 rs=1 cs=1]
              RenderText {#text} at (0,0) size 10x19
                text run at (0,0) width 10: "U"
            RenderTableCell {TD} at (266,61) size 36x0 [r=2 c=7 rs=1 cs=1]
      RenderBlock {HR} at (0,82) size 648x1
      RenderBlock {P} at (0,93) size 648x38
        RenderInline {A} at (0,0) size 88x20 [color=#3333FF] [bgcolor=#FFFFF5]
          RenderImage {IMG} at (0,0) size 88x31
      RenderBlock {P} at (0,141) size 648x22
        RenderText {#text} at (0,1) size 56x19
          text run at (0,1) width 56: "(Back to "
        RenderInline {A} at (0,0) size 167x20 [color=#3333FF] [bgcolor=#FFFFF5]
          RenderText {#text} at (56,1) size 167x20
            text run at (56,1) width 167: "CSS Testing Information"
        RenderText {#text} at (223,1) size 8x19
          text run at (223,1) width 8: ", "
        RenderInline {A} at (0,0) size 84x20 [color=#3333FF] [bgcolor=#FFFFF5]
          RenderText {#text} at (231,1) size 84x20
            text run at (231,1) width 84: "David Baron"
        RenderText {#text} at (315,1) size 5x19
          text run at (315,1) width 5: ")"
      RenderBlock {P} at (0,173) size 648x22
        RenderInline {A} at (0,0) size 29x20 [color=#3333FF] [bgcolor=#FFFFF5]
          RenderText {#text} at (0,1) size 29x20
            text run at (0,1) width 29: "LDB"
        RenderText {#text} at (29,1) size 8x19
          text run at (29,1) width 8: ", "
        RenderInline {A} at (0,0) size 170x20 [color=#3333FF] [bgcolor=#FFFFF5]
          RenderText {#text} at (37,1) size 170x20
            text run at (37,1) width 170: "dbaron@fas.harvard.edu"
