layer at (0,0) size 800x600
  RenderView at (0,0) size 800x600
layer at (0,0) size 800x600
  RenderBlock {HTML} at (0,0) size 800x600
    RenderBody {BODY} at (8,8) size 784x584
      RenderBlock {H3} at (0,0) size 784x18
        RenderText {#text} at (0,0) size 183x18
          text run at (0,0) width 183: "With long hidden values"
      RenderTable {TABLE} at (0,34) size 190x69 [border: (1px solid #FF0000)]
        RenderTableSection {TBODY} at (1,1) size 188x67
          RenderTableRow {TR} at (0,2) size 188x61
            RenderTableCell {TD} at (2,2) size 184x61 [r=0 c=0 rs=1 cs=1]
              RenderBlock {FORM} at (1,1) size 182x45
                RenderTextControl {INPUT} at (2,3) size 112x22 [bgcolor=#FFFFFF] [border: (2px inset #000000)]
                RenderText {#text} at (116,6) size 4x16
                  text run at (116,6) width 4: " "
                RenderButton {INPUT} at (122,2) size 43x25 [bgcolor=#C0C0C0] [border: (2px outset #C0C0C0)]
                  RenderBlock (anonymous) at (8,4) size 27x16
                    RenderText at (0,0) size 27x16
                      text run at (0,0) width 27: " Go "
                RenderText {#text} at (167,6) size 4x16
                  text run at (167,6) width 4: " "
                RenderBR {BR} at (171,19) size 0x0
                RenderText {#text} at (0,29) size 182x16
                  text run at (0,29) width 182: "Enter City Name or Zip Code"
          RenderTableRow {TR} at (0,65) size 188x0
      RenderBlock {HR} at (0,110) size 784x2 [border: (1px inset #000000)]
      RenderBlock {H3} at (0,128) size 784x18
        RenderText {#text} at (0,0) size 189x18
          text run at (0,0) width 189: "With short hidden values"
      RenderTable {TABLE} at (0,162) size 190x69 [border: (1px solid #FF0000)]
        RenderTableSection {TBODY} at (1,1) size 188x67
          RenderTableRow {TR} at (0,2) size 188x61
            RenderTableCell {TD} at (2,2) size 184x61 [r=0 c=0 rs=1 cs=1]
              RenderBlock {FORM} at (1,1) size 182x45
                RenderTextControl {INPUT} at (2,3) size 112x22 [bgcolor=#FFFFFF] [border: (2px inset #000000)]
                RenderText {#text} at (116,6) size 4x16
                  text run at (116,6) width 4: " "
                RenderButton {INPUT} at (122,2) size 43x25 [bgcolor=#C0C0C0] [border: (2px outset #C0C0C0)]
                  RenderBlock (anonymous) at (8,4) size 27x16
                    RenderText at (0,0) size 27x16
                      text run at (0,0) width 27: " Go "
                RenderText {#text} at (167,6) size 4x16
                  text run at (167,6) width 4: " "
                RenderBR {BR} at (171,19) size 0x0
                RenderText {#text} at (0,29) size 182x16
                  text run at (0,29) width 182: "Enter City Name or Zip Code"
          RenderTableRow {TR} at (0,65) size 188x0
layer at (17,52) size 106x16
  RenderBlock {DIV} at (3,3) size 106x16
layer at (17,180) size 106x16
  RenderBlock {DIV} at (3,3) size 106x16
