layer at (0,0) size 800x600
  RenderView at (0,0) size 800x600
layer at (0,0) size 800x600
  RenderBlock {HTML} at (0,0) size 800x600
    RenderBody {BODY} at (8,8) size 784x584
      RenderBlock (anonymous) at (0,0) size 784x0
        RenderInline {B} at (0,0) size 0x0
          RenderText {#text} at (0,0) size 0x0
          RenderText {#text} at (0,0) size 0x0
      RenderTable {TABLE} at (0,0) size 220x82 [border: (1px outset #808080)]
        RenderTableSection {TBODY} at (1,1) size 218x80
          RenderTableRow {TR} at (0,5) size 218x20
            RenderTableCell {TD} at (5,5) size 116x20 [border: (1px inset #808080)] [r=0 c=0 rs=1 cs=1]
              RenderText {#text} at (2,2) size 112x16
                text run at (2,2) width 112: "Click name to see"
            RenderTableCell {TD} at (126,17) size 87x20 [bgcolor=#00FF00] [border: (1px inset #808080)] [r=0 c=1 rs=2 cs=1]
              RenderText {#text} at (2,2) size 83x16
                text run at (2,2) width 83: "Mac Clbr Opt"
          RenderTableRow {TR} at (0,30) size 218x20
            RenderTableCell {TD} at (5,30) size 116x20 [border: (1px inset #808080)] [r=1 c=0 rs=1 cs=1]
              RenderText {#text} at (2,2) size 35x16
                text run at (2,2) width 35: "Guilty"
              RenderText {#text} at (0,0) size 0x0
          RenderTableRow {TR} at (0,55) size 218x20
            RenderTableCell {TD} at (5,55) size 116x20 [border: (1px inset #808080)] [r=2 c=0 rs=1 cs=1]
              RenderText {#text} at (2,2) size 4x16
                text run at (2,2) width 4: " "
            RenderTableCell {TD} at (126,55) size 87x20 [bgcolor=#FFFF00] [border: (1px inset #808080)] [r=2 c=1 rs=1 cs=1]
              RenderText {#text} at (2,2) size 22x16
                text run at (2,2) width 22: "L C"
      RenderBlock (anonymous) at (0,82) size 784x16
        RenderBR {BR} at (0,0) size 0x16
        RenderInline {B} at (0,0) size 0x0
          RenderText {#text} at (0,0) size 0x0
          RenderText {#text} at (0,0) size 0x0
      RenderTable {TABLE} at (0,98) size 220x107 [border: (1px outset #808080)]
        RenderTableSection {TBODY} at (1,1) size 218x105
          RenderTableRow {TR} at (0,5) size 218x20
            RenderTableCell {TD} at (5,5) size 116x20 [border: (1px inset #808080)] [r=0 c=0 rs=1 cs=1]
              RenderText {#text} at (2,2) size 20x16
                text run at (2,2) width 20: "foo"
            RenderTableCell {TD} at (126,5) size 87x20 [border: (1px inset #808080)] [r=0 c=1 rs=1 cs=1]
              RenderText {#text} at (2,2) size 20x16
                text run at (2,2) width 20: "bar"
          RenderTableRow {TR} at (0,30) size 218x20
            RenderTableCell {TD} at (5,30) size 116x20 [border: (1px inset #808080)] [r=1 c=0 rs=1 cs=1]
              RenderText {#text} at (2,2) size 112x16
                text run at (2,2) width 112: "Click name to see"
            RenderTableCell {TD} at (126,42) size 87x20 [bgcolor=#00FF00] [border: (1px inset #808080)] [r=1 c=1 rs=2 cs=1]
              RenderText {#text} at (2,2) size 83x16
                text run at (2,2) width 83: "Mac Clbr Opt"
          RenderTableRow {TR} at (0,55) size 218x20
            RenderTableCell {TD} at (5,55) size 116x20 [border: (1px inset #808080)] [r=2 c=0 rs=1 cs=1]
              RenderText {#text} at (2,2) size 35x16
                text run at (2,2) width 35: "Guilty"
              RenderText {#text} at (0,0) size 0x0
          RenderTableRow {TR} at (0,80) size 218x20
            RenderTableCell {TD} at (5,80) size 116x20 [border: (1px inset #808080)] [r=3 c=0 rs=1 cs=1]
              RenderText {#text} at (2,2) size 4x16
                text run at (2,2) width 4: " "
            RenderTableCell {TD} at (126,80) size 87x20 [bgcolor=#FFFF00] [border: (1px inset #808080)] [r=3 c=1 rs=1 cs=1]
              RenderText {#text} at (2,2) size 22x16
                text run at (2,2) width 22: "L C"
      RenderBlock (anonymous) at (0,205) size 784x16
        RenderBR {BR} at (0,0) size 0x16
        RenderInline {B} at (0,0) size 0x0
          RenderText {#text} at (0,0) size 0x0
          RenderText {#text} at (0,0) size 0x0
      RenderTable {TABLE} at (0,221) size 251x82 [border: (1px outset #808080)]
        RenderTableSection {TBODY} at (1,1) size 249x80
          RenderTableRow {TR} at (0,5) size 249x20
            RenderTableCell {TD} at (5,5) size 116x20 [border: (1px inset #808080)] [r=0 c=0 rs=1 cs=1]
              RenderText {#text} at (2,2) size 112x16
                text run at (2,2) width 112: "Click name to see"
            RenderTableCell {TD} at (126,30) size 87x20 [bgcolor=#00FF00] [border: (1px inset #808080)] [r=0 c=1 rs=3 cs=1]
              RenderText {#text} at (2,2) size 83x16
                text run at (2,2) width 83: "Mac Clbr Opt"
          RenderTableRow {TR} at (0,30) size 249x20
            RenderTableCell {TD} at (5,30) size 116x20 [border: (1px inset #808080)] [r=1 c=0 rs=1 cs=1]
              RenderText {#text} at (2,2) size 35x16
                text run at (2,2) width 35: "Guilty"
              RenderText {#text} at (0,0) size 0x0
          RenderTableRow {TR} at (0,55) size 249x20
            RenderTableCell {TD} at (5,55) size 116x20 [border: (1px inset #808080)] [r=2 c=0 rs=1 cs=1]
              RenderText {#text} at (2,2) size 4x16
                text run at (2,2) width 4: " "
            RenderTableCell {TD} at (218,55) size 26x20 [bgcolor=#FFFF00] [border: (1px inset #808080)] [r=2 c=2 rs=1 cs=1]
              RenderText {#text} at (2,2) size 22x16
                text run at (2,2) width 22: "L C"
      RenderBlock (anonymous) at (0,303) size 784x16
        RenderBR {BR} at (0,0) size 0x16
        RenderInline {B} at (0,0) size 0x0
          RenderText {#text} at (0,0) size 0x0
          RenderText {#text} at (0,0) size 0x0
      RenderTable {TABLE} at (0,319) size 251x107 [border: (1px outset #808080)]
        RenderTableSection {TBODY} at (1,1) size 249x105
          RenderTableRow {TR} at (0,5) size 249x20
            RenderTableCell {TD} at (5,5) size 116x20 [border: (1px inset #808080)] [r=0 c=0 rs=1 cs=1]
              RenderText {#text} at (2,2) size 20x16
                text run at (2,2) width 20: "foo"
            RenderTableCell {TD} at (126,5) size 87x20 [border: (1px inset #808080)] [r=0 c=1 rs=1 cs=1]
              RenderText {#text} at (2,2) size 20x16
                text run at (2,2) width 20: "bar"
          RenderTableRow {TR} at (0,30) size 249x20
            RenderTableCell {TD} at (5,30) size 116x20 [border: (1px inset #808080)] [r=1 c=0 rs=1 cs=1]
              RenderText {#text} at (2,2) size 112x16
                text run at (2,2) width 112: "Click name to see"
            RenderTableCell {TD} at (126,55) size 87x20 [bgcolor=#00FF00] [border: (1px inset #808080)] [r=1 c=1 rs=3 cs=1]
              RenderText {#text} at (2,2) size 83x16
                text run at (2,2) width 83: "Mac Clbr Opt"
          RenderTableRow {TR} at (0,55) size 249x20
            RenderTableCell {TD} at (5,55) size 116x20 [border: (1px inset #808080)] [r=2 c=0 rs=1 cs=1]
              RenderText {#text} at (2,2) size 35x16
                text run at (2,2) width 35: "Guilty"
              RenderText {#text} at (0,0) size 0x0
          RenderTableRow {TR} at (0,80) size 249x20
            RenderTableCell {TD} at (5,80) size 116x20 [border: (1px inset #808080)] [r=3 c=0 rs=1 cs=1]
              RenderText {#text} at (2,2) size 4x16
                text run at (2,2) width 4: " "
            RenderTableCell {TD} at (218,80) size 26x20 [bgcolor=#FFFF00] [border: (1px inset #808080)] [r=3 c=2 rs=1 cs=1]
              RenderText {#text} at (2,2) size 22x16
                text run at (2,2) width 22: "L C"
