layer at (0,0) size 800x755
  RenderView at (0,0) size 800x600
layer at (0,0) size 800x755
  RenderBlock {HTML} at (0,0) size 800x755
    RenderBody {BODY} at (8,8) size 784x739
      RenderBlock {P} at (0,0) size 784x16
        RenderText {#text} at (0,0) size 262x16
          text run at (0,0) width 262: "TABLE 1 - without 'height' style on TABLE"
      RenderTable {TABLE} at (0,30) size 60x72 [border: (3px solid #000000)]
        RenderTableSection {THEAD} at (3,3) size 54x22
          RenderTableRow {TR} at (0,2) size 54x18
            RenderTableCell {TD} at (2,2) size 50x18 [r=0 c=0 rs=1 cs=1]
              RenderText {#text} at (1,1) size 47x16
                text run at (1,1) width 47: "THEAD"
        RenderTableSection {TFOOT} at (3,47) size 54x22
          RenderTableRow {TR} at (0,2) size 54x18
            RenderTableCell {TD} at (2,2) size 50x18 [r=0 c=0 rs=1 cs=1]
              RenderText {#text} at (1,1) size 48x16
                text run at (1,1) width 48: "TFOOT"
        RenderTableSection {TBODY} at (3,25) size 54x22
          RenderTableRow {TR} at (0,2) size 54x18
            RenderTableCell {TD} at (2,2) size 50x18 [r=0 c=0 rs=1 cs=1]
              RenderText {#text} at (1,1) size 48x16
                text run at (1,1) width 48: "TBODY"
      RenderBlock {HR} at (0,109) size 784x2 [border: (1px inset #000000)]
      RenderBlock {P} at (0,125) size 784x16
        RenderText {#text} at (0,0) size 243x16
          text run at (0,0) width 243: "TABLE 2 - with 'height' style on TABLE"
      RenderTable {TABLE} at (0,155) size 60x584 [border: (3px solid #000000)]
        RenderTableSection {THEAD} at (3,3) size 54x22
          RenderTableRow {TR} at (0,2) size 54x18
            RenderTableCell {TD} at (2,2) size 50x18 [r=0 c=0 rs=1 cs=1]
              RenderText {#text} at (1,1) size 47x16
                text run at (1,1) width 47: "THEAD"
        RenderTableSection {TFOOT} at (3,559) size 54x22
          RenderTableRow {TR} at (0,2) size 54x18
            RenderTableCell {TD} at (2,2) size 50x18 [r=0 c=0 rs=1 cs=1]
              RenderText {#text} at (1,1) size 48x16
                text run at (1,1) width 48: "TFOOT"
        RenderTableSection {TBODY} at (3,25) size 54x534
          RenderTableRow {TR} at (0,2) size 54x530
            RenderTableCell {TD} at (2,258) size 50x18 [r=0 c=0 rs=1 cs=1]
              RenderText {#text} at (1,1) size 48x16
                text run at (1,1) width 48: "TBODY"
