layer at (0,0) size 800x600
  RenderView at (0,0) size 800x600
layer at (0,0) size 800x600
  RenderBlock {HTML} at (0,0) size 800x600
    RenderBody {BODY} at (8,8) size 784x584 [bgcolor=#FFFFFF]
      RenderBlock (anonymous) at (0,0) size 784x16
        RenderText {#text} at (0,0) size 723x16
          text run at (0,0) width 723: "The bug causes the nested table containing the textarea to be positioned away from the left edge of the outer table "
        RenderBR {BR} at (723,13) size 0x0
      RenderTable {TABLE} at (242,16) size 300x58 [border: (1px outset #808080)]
        RenderTableSection {TBODY} at (1,1) size 298x56
          RenderTableRow {TR} at (0,2) size 298x52
            RenderTableCell {TD} at (2,2) size 294x52 [border: (1px inset #808080)] [r=0 c=0 rs=1 cs=1]
              RenderTable {TABLE} at (2,2) size 77x48 [border: (1px outset #808080)]
                RenderBlock {FORM} at (0,0) size 0x0
                RenderTableSection {TBODY} at (1,1) size 75x46
                  RenderTableRow {TR} at (0,2) size 75x42
                    RenderTableCell {TD} at (2,2) size 71x42 [border: (1px inset #808080)] [r=0 c=0 rs=1 cs=1]
                      RenderTextControl {TEXTAREA} at (4,4) size 63x34 [bgcolor=#FFFFFF] [border: (1px solid #000000)]
                      RenderText {#text} at (0,0) size 0x0
layer at (263,37) size 61x32
  RenderBlock {DIV} at (1,1) size 61x32
    RenderText {#text} at (3,0) size 20x16
      text run at (3,0) width 20: "bar"
