layer at (0,0) size 726x52
  RenderView at (0,0) size 96x26
layer at (0,0) size 726x52
  RenderBlock {HTML} at (0,0) size 96x52
    RenderBody {BODY} at (8,8) size 80x36
      RenderTable {TABLE} at (0,0) size 718x36 [border: (1px outset #808080)]
        RenderTableSection {TBODY} at (1,1) size 716x34
          RenderTableRow {TR} at (0,2) size 716x30
            RenderTableCell {TD} at (2,2) size 712x30 [border: (1px inset #808080)] [r=0 c=0 rs=1 cs=1]
              RenderTable {TABLE} at (2,2) size 708x26 [border: (1px outset #808080)]
                RenderTableSection {TBODY} at (1,1) size 706x24
                  RenderTableRow {TR} at (0,2) size 706x20
                    RenderTableCell {TD} at (2,2) size 200x20 [border: (1px inset #808080)] [r=0 c=0 rs=1 cs=1]
                      RenderText {#text} at (2,2) size 33x16
                        text run at (2,2) width 33: "cell 1"
                    RenderTableCell {TD} at (204,2) size 500x20 [border: (1px inset #808080)] [r=0 c=1 rs=1 cs=1]
                      RenderText {#text} at (2,2) size 33x16
                        text run at (2,2) width 33: "cell 2"
