layer at (0,0) size 96x66
  RenderView at (0,0) size 96x26
layer at (0,0) size 96x66
  RenderBlock {HTML} at (0,0) size 96x66
    RenderBody {BODY} at (8,8) size 80x50
      RenderTable {TABLE} at (0,0) size 77x50 [border: (1px outset #808080)]
        RenderTableSection {THEAD} at (1,1) size 75x24
          RenderTableRow {TR} at (0,2) size 75x20
            RenderTableCell {TH} at (2,2) size 71x20 [border: (1px inset #808080)] [r=0 c=0 rs=1 cs=1]
              RenderText {#text} at (2,2) size 67x16
                text run at (2,2) width 67: "thead cell"
        RenderTableSection {TBODY} at (1,25) size 75x24
          RenderTableRow {TR} at (0,2) size 75x20
            RenderTableCell {TD} at (2,2) size 71x20 [border: (1px inset #808080)] [r=0 c=0 rs=1 cs=1]
              RenderText {#text} at (2,2) size 59x16
                text run at (2,2) width 59: "tbody cell"
