layer at (0,0) size 96x42
  RenderView at (0,0) size 96x26
layer at (0,0) size 96x42
  RenderBlock {HTML} at (0,0) size 96x42
    RenderBody {BODY} at (8,8) size 80x26
      RenderBlock {CENTER} at (0,0) size 80x26
        RenderTable {TABLE} at (25,0) size 30x26 [border: (1px outset #808080)]
          RenderTableSection {TBODY} at (1,1) size 28x24
            RenderTableRow {TR} at (0,2) size 28x20
              RenderTableCell {TD} at (2,2) size 24x20 [border: (1px inset #808080)] [r=0 c=0 rs=1 cs=1]
                RenderText {#text} at (2,2) size 20x16
                  text run at (2,2) width 20: "foo"
