layer at (0,0) size 112x138
  RenderView at (0,0) size 96x26
layer at (0,0) size 112x138
  RenderBlock {HTML} at (0,0) size 96x138
    RenderBody {BODY} at (8,8) size 80x122
      RenderTable {TABLE} at (0,0) size 104x42 [border: (1px outset #808080)]
        RenderTableSection {TBODY} at (1,1) size 102x40
          RenderTableRow {TR} at (0,2) size 102x36
            RenderTableCell {TD} at (2,2) size 30x36 [border: (1px inset #808080)] [r=0 c=0 rs=1 cs=1]
              RenderText {#text} at (2,2) size 26x32
                text run at (2,2) width 24: "Left"
                text run at (2,18) width 26: "side"
            RenderTableCell {TD} at (34,10) size 27x20 [border: (1px inset #808080)] [r=0 c=1 rs=1 cs=1]
              RenderText {#text} at (2,2) size 23x16
                text run at (2,2) width 23: "Mid"
            RenderTableCell {TD} at (63,2) size 37x36 [border: (1px inset #808080)] [r=0 c=2 rs=1 cs=1]
              RenderText {#text} at (2,2) size 33x32
                text run at (2,2) width 33: "Right"
                text run at (2,18) width 26: "side"
      RenderTable {TABLE} at (0,42) size 104x80 [border: (1px outset #808080)]
        RenderTableSection {TBODY} at (1,1) size 102x78
          RenderTableRow {TR} at (0,2) size 102x36
            RenderTableCell {TD} at (2,2) size 30x36 [border: (1px inset #808080)] [r=0 c=0 rs=1 cs=1]
              RenderText {#text} at (2,2) size 26x32
                text run at (2,2) width 24: "Left"
                text run at (2,18) width 26: "side"
            RenderTableCell {TD} at (34,10) size 27x20 [border: (1px inset #808080)] [r=0 c=1 rs=1 cs=1]
              RenderText {#text} at (2,2) size 23x16
                text run at (2,2) width 23: "Mid"
            RenderTableCell {TD} at (63,2) size 37x36 [border: (1px inset #808080)] [r=0 c=2 rs=1 cs=1]
              RenderText {#text} at (2,2) size 33x32
                text run at (2,2) width 33: "Right"
                text run at (2,18) width 26: "side"
          RenderTableRow {TR} at (0,40) size 102x36
            RenderTableCell {TD} at (2,40) size 30x36 [border: (1px inset #808080)] [r=1 c=0 rs=1 cs=1]
              RenderText {#text} at (2,2) size 26x32
                text run at (2,2) width 24: "Left"
                text run at (2,18) width 26: "side"
            RenderTableCell {TD} at (34,48) size 27x20 [border: (1px inset #808080)] [r=1 c=1 rs=1 cs=1]
              RenderText {#text} at (2,2) size 23x16
                text run at (2,2) width 23: "Mid"
            RenderTableCell {TD} at (63,40) size 37x36 [border: (1px inset #808080)] [r=1 c=2 rs=1 cs=1]
              RenderText {#text} at (2,2) size 33x32
                text run at (2,2) width 33: "Right"
                text run at (2,18) width 26: "side"
