layer at (0,0) size 440x57
  RenderView at (0,0) size 96x26
layer at (0,0) size 440x57
  RenderBlock {HTML} at (0,0) size 96x57
    RenderBody {BODY} at (8,8) size 80x35 [bgcolor=#FFFFFF]
      RenderBlock {FORM} at (0,0) size 80x35
        RenderTable {TABLE} at (0,0) size 432x35
          RenderTableSection {TBODY} at (0,0) size 432x35
            RenderTableRow {TR} at (0,2) size 432x31 [bgcolor=#FFFFFF]
              RenderTableCell {TD} at (2,2) size 79x31 [r=0 c=0 rs=1 cs=1]
                RenderButton {INPUT} at (3,3) size 73x25 [bgcolor=#C0C0C0] [border: (2px outset #C0C0C0)]
                  RenderBlock (anonymous) at (8,4) size 57x16
                    RenderText at (0,0) size 57x16
                      text run at (0,0) width 57: "Select all"
              RenderTableCell {TD} at (83,2) size 63x31 [r=0 c=1 rs=1 cs=1]
                RenderButton {INPUT} at (3,3) size 57x25 [bgcolor=#C0C0C0] [border: (2px outset #C0C0C0)]
                  RenderBlock (anonymous) at (8,4) size 41x16
                    RenderText at (0,0) size 41x16
                      text run at (0,0) width 41: "Delete"
              RenderTableCell {TD} at (148,2) size 97x31 [r=0 c=2 rs=1 cs=1]
                RenderButton {INPUT} at (3,3) size 91x25 [bgcolor=#C0C0C0] [border: (2px outset #C0C0C0)]
                  RenderBlock (anonymous) at (8,4) size 75x16
                    RenderText at (0,0) size 75x16
                      text run at (0,0) width 75: "Empty trash"
              RenderTableCell {TD} at (247,15) size 6x18 [r=0 c=3 rs=1 cs=1]
                RenderText {#text} at (1,1) size 4x16
                  text run at (1,1) width 4: " "
              RenderTableCell {TD} at (255,2) size 76x31 [r=0 c=4 rs=1 cs=1]
                RenderButton {INPUT} at (3,3) size 70x25 [bgcolor=#C0C0C0] [border: (2px outset #C0C0C0)]
                  RenderBlock (anonymous) at (8,4) size 54x16
                    RenderText at (0,0) size 54x16
                      text run at (0,0) width 54: "Move to:"
              RenderTableCell {TD} at (333,9) size 97x24 [r=0 c=5 rs=1 cs=1]
                RenderMenuList {SELECT} at (3,3) size 91x18 [bgcolor=#FFFFFF] [border: (1px solid #000000)]
                  RenderBlock (anonymous) at (1,1) size 89x16
                    RenderText at (0,0) size 89x16
                      text run at (0,0) width 89: "Choose folder"
                RenderText {#text} at (0,0) size 0x0
                RenderText {#text} at (0,0) size 0x0
                RenderText {#text} at (0,0) size 0x0
