layer at (0,0) size 508x67
  RenderView at (0,0) size 96x26
layer at (0,0) size 508x67
  RenderBlock {HTML} at (0,0) size 96x67
    RenderBody {BODY} at (8,8) size 80x51
      RenderTable {TABLE} at (0,0) size 500x42 [bgcolor=#FF0000] [border: (1px outset #808080)]
        RenderTableCol {COLGROUP} at (0,0) size 0x0
          RenderTableCol {COL} at (0,0) size 0x0
          RenderTableCol {COL} at (0,0) size 0x0
        RenderTableSection {TBODY} at (1,1) size 498x40
          RenderTableRow {TR} at (0,0) size 498x20
            RenderTableCell {TD} at (0,0) size 498x20 [border: (1px inset #808080)] [r=0 c=0 rs=1 cs=2]
              RenderText {#text} at (2,2) size 494x16
                text run at (2,2) width 494: "thelefttablecellis335pixwidewhiletherightoneisonly155pixwidehblahlahblahblahb"
          RenderTableRow {TR} at (0,20) size 498x20
            RenderTableCell {TD} at (0,20) size 340x20 [border: (1px inset #808080)] [r=1 c=0 rs=1 cs=1]
              RenderText {#text} at (2,2) size 4x16
                text run at (2,2) width 4: " "
            RenderTableCell {TD} at (340,20) size 158x20 [border: (1px inset #808080)] [r=1 c=1 rs=1 cs=1]
              RenderText {#text} at (2,2) size 4x16
                text run at (2,2) width 4: " "
      RenderBlock {HR} at (0,49) size 492x2 [border: (1px inset #000000)]
