layer at (0,0) size 800x600
  RenderView at (0,0) size 800x600
layer at (0,0) size 800x600
  RenderBlock {HTML} at (0,0) size 800x600
    RenderBody {BODY} at (8,8) size 784x578
      RenderBlock (anonymous) at (0,0) size 784x16
        RenderText {#text} at (0,0) size 263x16
          text run at (0,0) width 263: "The select should not contain blank items "
        RenderBR {BR} at (263,13) size 0x0
      RenderBlock {FORM} at (0,16) size 784x26
        RenderInline {B} at (0,0) size 49x16
          RenderText {#text} at (0,5) size 49x16
            text run at (0,5) width 49: "Search"
        RenderText {#text} at (49,5) size 4x16
          text run at (49,5) width 4: " "
        RenderTextControl {INPUT} at (55,2) size 152x22 [bgcolor=#FFFFFF] [border: (2px inset #000000)]
        RenderText {#text} at (209,5) size 4x16
          text run at (209,5) width 4: " "
        RenderMenuList {SELECT} at (215,4) size 56x18 [bgcolor=#FFFFFF] [border: (1px solid #000000)]
          RenderBlock (anonymous) at (1,1) size 54x16
            RenderText at (0,0) size 38x16
              text run at (0,0) width 38: "Excite"
        RenderText {#text} at (0,0) size 0x0
      RenderBlock (anonymous) at (0,56) size 784x32
        RenderBR {BR} at (0,0) size 0x16
        RenderText {#text} at (0,16) size 263x16
          text run at (0,16) width 263: "The select should not contain blank items "
        RenderBR {BR} at (263,29) size 0x0
      RenderBlock {FORM} at (0,88) size 784x22
        RenderMenuList {SELECT} at (2,2) size 184x18 [bgcolor=#FFFFFF] [border: (1px solid #000000)]
          RenderBlock (anonymous) at (1,1) size 182x16
            RenderText at (0,0) size 65x16
              text run at (0,0) width 65: "Quick Link"
layer at (66,29) size 146x16
  RenderBlock {DIV} at (3,3) size 146x16
