layer at (0,0) size 608x58
  RenderView at (0,0) size 96x26
layer at (0,0) size 608x58
  RenderBlock {HTML} at (0,0) size 96x58
    RenderBody {BODY} at (8,8) size 80x42
      RenderTable {TABLE} at (0,0) size 600x42
        RenderTableSection {TBODY} at (0,0) size 600x42
          RenderTableRow {TR} at (0,0) size 600x16
            RenderTableCell {TD} at (0,0) size 150x16 [bgcolor=#00EEEE] [r=0 c=0 rs=1 cs=1]
              RenderText {#text} at (0,0) size 97x16
                text run at (0,0) width 97: "150 pixels wide"
            RenderTableCell {TD} at (150,7) size 1x1 [bgcolor=#FF0000] [r=0 c=1 rs=1 cs=1]
              RenderImage {IMG} at (0,0) size 1x1
              RenderText {#text} at (0,0) size 0x0
            RenderTableCell {TD} at (151,0) size 449x16 [bgcolor=#EEEE00] [r=0 c=2 rs=1 cs=1]
              RenderText {#text} at (0,0) size 97x16
                text run at (0,0) width 97: "449 pixels wide"
          RenderTableRow {TR} at (0,16) size 600x26
            RenderTableCell {TD} at (0,16) size 600x26 [bgcolor=#00FF00] [r=1 c=0 rs=1 cs=3]
              RenderText {#text} at (0,0) size 173x16
                text run at (0,0) width 173: "Bottom cell, 600 pixels wide"
              RenderImage {IMG} at (0,16) size 600x10
              RenderText {#text} at (0,0) size 0x0
