layer at (0,0) size 800x600
  RenderView at (0,0) size 800x600
layer at (0,0) size 800x64
  RenderBlock {HTML} at (0,0) size 800x64
    RenderBody {BODY} at (8,8) size 784x48
      RenderTable {TABLE} at (0,0) size 656x48 [border: (1px outset #808080)]
        RenderTableSection {TBODY} at (1,1) size 654x46
          RenderTableRow {TR} at (0,2) size 654x20
            RenderTableCell {TD} at (2,2) size 161x20 [border: (1px inset #808080)] [r=0 c=0 rs=1 cs=1]
              RenderText {#text} at (2,2) size 8x16
                text run at (2,2) width 8: "1"
            RenderTableCell {TD} at (165,2) size 485x20 [border: (1px inset #808080)] [r=0 c=1 rs=1 cs=1]
              RenderText {#text} at (2,2) size 384x16
                text run at (2,2) width 384: "HelloHelloHelloHelloHelloHelloHelloHelloHelloHelloHelloHello"
          RenderTableRow {TR} at (0,24) size 654x20
            RenderTableCell {TD} at (2,24) size 650x20 [border: (1px inset #808080)] [r=1 c=0 rs=1 cs=3]
              RenderText {#text} at (2,2) size 8x16
                text run at (2,2) width 8: "3"
