layer at (0,0) size 96x112
  RenderView at (0,0) size 96x26
layer at (0,0) size 96x112
  RenderBlock {HTML} at (0,0) size 96x112
    RenderBody {BODY} at (8,8) size 80x96
      RenderTable {TABLE} at (0,0) size 80x96 [border: (1px outset #808080)]
        RenderTableSection {TBODY} at (1,1) size 78x94
          RenderTableRow {TR} at (0,2) size 78x20
            RenderTableCell {TD} at (2,2) size 74x20 [border: (1px inset #808080)] [r=0 c=0 rs=1 cs=2]
              RenderText {#text} at (2,2) size 9x16
                text run at (2,2) width 9: "A"
          RenderTableRow {TR} at (0,24) size 78x68
            RenderTableCell {TD} at (2,56) size 4x4 [border: (1px inset #808080)] [r=1 c=0 rs=1 cs=1]
            RenderTableCell {TD} at (8,24) size 68x68 [border: (1px inset #808080)] [r=1 c=1 rs=1 cs=1]
              RenderText {#text} at (2,2) size 59x64
                text run at (2,2) width 54: "This text"
                text run at (2,18) width 10: "is"
                text run at (2,34) width 59: "invariably"
                text run at (2,50) width 55: "wrapped"
