layer at (0,0) size 393x401
  RenderView at (0,0) size 96x26
layer at (0,0) size 393x401
  RenderBlock {HTML} at (0,0) size 96x401
    RenderBody {BODY} at (8,8) size 80x385
      RenderBlock {H4} at (0,0) size 80x128
        RenderText {#text} at (0,0) size 80x128
          text run at (0,0) width 80: "Try resizing"
          text run at (0,16) width 77: "the window"
          text run at (0,32) width 80: "horizantally"
          text run at (0,48) width 57: "- the red"
          text run at (0,64) width 76: "cell should"
          text run at (0,80) width 45: "be 195"
          text run at (0,96) width 77: "pixels at all"
          text run at (0,112) width 41: "times."
      RenderTable {TABLE} at (0,146) size 96x118 [bgcolor=#FFFF00] [border: (1px outset #808080)]
        RenderTableSection {TBODY} at (1,1) size 94x116
          RenderTableRow {TR} at (0,0) size 94x18
            RenderTableCell {TD} at (0,8) size 6x2 [border: (1px inset #808080)] [r=0 c=0 rs=1 cs=1]
            RenderTableCell {TD} at (6,8) size 2x2 [border: (1px inset #808080)] [r=0 c=1 rs=1 cs=1]
            RenderTableCell {TD} at (8,0) size 86x18 [border: (1px inset #808080)] [r=0 c=2 rs=1 cs=1]
              RenderText {#text} at (1,1) size 84x16
                text run at (1,1) width 84: "xxxxxxxxxxxx"
          RenderTableRow {TR} at (0,18) size 94x98
            RenderTableCell {TD} at (0,58) size 6x18 [border: (1px inset #808080)] [r=1 c=0 rs=1 cs=1]
              RenderText {#text} at (1,1) size 4x16
                text run at (1,1) width 4: " "
            RenderTableCell {TD} at (6,18) size 88x98 [bgcolor=#FF0000] [border: (1px inset #808080)] [r=1 c=1 rs=1 cs=2]
              RenderText {#text} at (1,1) size 81x96
                text run at (1,1) width 81: "Now you can"
                text run at (1,17) width 72: "vote forTLJ"
                text run at (1,33) width 70: "as game of"
                text run at (1,49) width 56: "the year "
                text run at (57,49) width 12: "at"
                text run at (1,65) width 38: "Game"
                text run at (1,81) width 62: "Rankings."
      RenderBlock {HR} at (0,271) size 204x2 [border: (1px inset #000000)]
      RenderBlock {HR} at (0,280) size 385x2 [border: (1px inset #000000)]
      RenderBlock (anonymous) at (0,289) size 80x96
        RenderText {#text} at (0,0) size 128x96
          text run at (0,0) width 55: "200*150"
          text run at (0,16) width 73: "=3000twips"
          text run at (0,32) width 128: "100*150=1500twips"
          text run at (0,48) width 128: "180*150=1200twips"
          text run at (0,64) width 64: "sum: 5700"
          text run at (0,80) width 32: "twips"
        RenderText {#text} at (0,0) size 0x0
        RenderText {#text} at (0,0) size 0x0
