layer at (0,0) size 800x612
  RenderView at (0,0) size 800x600
layer at (0,0) size 800x612
  RenderBlock {HTML} at (0,0) size 800x612
    RenderBody {BODY} at (8,8) size 784x596 [bgcolor=#FFFFFF]
      RenderTable {TABLE} at (0,0) size 308x48 [border: (1px outset #808080)]
        RenderTableCol {COLGROUP} at (0,0) size 0x0
          RenderTableCol {COL} at (0,0) size 0x0
          RenderTableCol {COL} at (0,0) size 0x0
        RenderTableSection {TBODY} at (1,1) size 306x46
          RenderTableRow {TR} at (0,2) size 306x20
          RenderTableRow {TR} at (0,24) size 306x20
      RenderTable {TABLE} at (0,48) size 308x48 [border: (1px outset #808080)]
        RenderTableCol {COLGROUP} at (0,0) size 0x0
          RenderTableCol {COL} at (0,0) size 0x0
          RenderTableCol {COL} at (0,0) size 0x0
        RenderTableSection {TBODY} at (1,1) size 306x46
          RenderTableRow {TR} at (0,2) size 306x20
          RenderTableRow {TR} at (0,24) size 306x20
      RenderTable {TABLE} at (0,96) size 300x48 [border: (1px outset #808080)]
        RenderTableSection {TBODY} at (1,1) size 298x46
          RenderTableRow {TR} at (0,2) size 298x20
          RenderTableRow {TR} at (0,24) size 298x20
      RenderTable {TABLE} at (0,144) size 300x48 [border: (1px outset #808080)]
        RenderTableSection {TBODY} at (1,1) size 298x46
          RenderTableRow {TR} at (0,2) size 298x20
          RenderTableRow {TR} at (0,24) size 298x20
      RenderTable {TABLE} at (0,192) size 300x75 [border: (1px outset #808080)]
        RenderTableSection {TBODY} at (1,1) size 298x73
          RenderTableRow {TR} at (0,2) size 298x47
          RenderTableRow {TR} at (0,51) size 298x20
      RenderTable {TABLE} at (0,267) size 300x75 [border: (1px outset #808080)]
        RenderTableSection {TBODY} at (1,1) size 298x73
          RenderTableRow {TR} at (0,2) size 298x47
          RenderTableRow {TR} at (0,51) size 298x20
      RenderTable {TABLE} at (0,342) size 300x90 [border: (1px outset #808080)]
        RenderTableSection {TBODY} at (1,1) size 298x88
          RenderTableRow {TR} at (0,2) size 298x44
          RenderTableRow {TR} at (0,48) size 298x38
      RenderTable {TABLE} at (0,514) size 300x82 [border: (1px outset #808080)]
        RenderTableSection {TBODY} at (1,1) size 298x80
          RenderTableRow {TR} at (0,2) size 298x54
          RenderTableRow {TR} at (0,58) size 298x20
layer at (11,11) size 200x20 clip at (12,12) size 198x18
  RenderTableCell {TD} at (2,2) size 200x20 [bgcolor=#0000FF] [border: (1px inset #808080)] [r=0 c=0 rs=1 cs=1]
    RenderText {#text} at (2,2) size 4x16
      text run at (2,2) width 4: " "
layer at (213,11) size 100x20 clip at (214,12) size 98x18
  RenderTableCell {TD} at (204,2) size 100x20 [bgcolor=#0000FF] [border: (1px inset #808080)] [r=0 c=1 rs=1 cs=1]
    RenderText {#text} at (2,2) size 4x16
      text run at (2,2) width 4: " "
layer at (11,33) size 200x20 clip at (12,34) size 198x18
  RenderTableCell {TD} at (2,24) size 200x20 [bgcolor=#0000FF] [border: (1px inset #808080)] [r=1 c=0 rs=1 cs=1]
    RenderText {#text} at (2,2) size 4x16
      text run at (2,2) width 4: " "
layer at (213,33) size 100x20 clip at (214,34) size 98x18
  RenderTableCell {TD} at (204,24) size 100x20 [bgcolor=#0000FF] [border: (1px inset #808080)] [r=1 c=1 rs=1 cs=1]
    RenderText {#text} at (2,2) size 4x16
      text run at (2,2) width 4: " "
layer at (11,59) size 200x20 clip at (12,60) size 198x18
  RenderTableCell {TD} at (2,2) size 200x20 [bgcolor=#0000FF] [border: (1px inset #808080)] [r=0 c=0 rs=1 cs=1]
    RenderText {#text} at (2,2) size 4x16
      text run at (2,2) width 4: " "
layer at (213,59) size 100x20 clip at (214,60) size 98x18
  RenderTableCell {TD} at (204,2) size 100x20 [bgcolor=#0000FF] [border: (1px inset #808080)] [r=0 c=1 rs=1 cs=1]
    RenderText {#text} at (2,2) size 4x16
      text run at (2,2) width 4: " "
layer at (11,81) size 200x20 clip at (12,82) size 198x18
  RenderTableCell {TD} at (2,24) size 200x20 [bgcolor=#0000FF] [border: (1px inset #808080)] [r=1 c=0 rs=1 cs=1]
    RenderText {#text} at (2,2) size 4x16
      text run at (2,2) width 4: " "
layer at (213,81) size 100x20 clip at (214,82) size 98x18
  RenderTableCell {TD} at (204,24) size 100x20 [bgcolor=#0000FF] [border: (1px inset #808080)] [r=1 c=1 rs=1 cs=1]
    RenderText {#text} at (2,2) size 4x16
      text run at (2,2) width 4: " "
layer at (11,107) size 233x20 clip at (12,108) size 231x18
  RenderTableCell {TD} at (2,2) size 233x20 [bgcolor=#0000FF] [border: (1px inset #808080)] [r=0 c=0 rs=1 cs=1]
    RenderText {#text} at (2,2) size 4x16
      text run at (2,2) width 4: " "
layer at (246,107) size 59x20 clip at (247,108) size 57x18
  RenderTableCell {TD} at (237,2) size 59x20 [bgcolor=#0000FF] [border: (1px inset #808080)] [r=0 c=1 rs=1 cs=1]
    RenderText {#text} at (2,2) size 4x16
      text run at (2,2) width 4: " "
layer at (11,129) size 233x20 clip at (12,130) size 231x18
  RenderTableCell {TD} at (2,24) size 233x20 [bgcolor=#0000FF] [border: (1px inset #808080)] [r=1 c=0 rs=1 cs=1]
    RenderText {#text} at (2,2) size 4x16
      text run at (2,2) width 4: " "
layer at (246,129) size 59x20 clip at (247,130) size 57x18
  RenderTableCell {TD} at (237,24) size 59x20 [bgcolor=#0000FF] [border: (1px inset #808080)] [r=1 c=1 rs=1 cs=1]
    RenderText {#text} at (2,2) size 4x16
      text run at (2,2) width 4: " "
layer at (11,155) size 150x20 clip at (12,156) size 148x18
  RenderTableCell {TD} at (2,2) size 150x20 [bgcolor=#0000FF] [border: (1px inset #808080)] [r=0 c=0 rs=1 cs=1]
    RenderText {#text} at (2,2) size 4x16
      text run at (2,2) width 4: " "
layer at (163,155) size 142x20 clip at (164,156) size 140x18
  RenderTableCell {TD} at (154,2) size 142x20 [bgcolor=#0000FF] [border: (1px inset #808080)] [r=0 c=1 rs=1 cs=1]
    RenderText {#text} at (2,2) size 4x16
      text run at (2,2) width 4: " "
layer at (11,177) size 150x20 clip at (12,178) size 148x18
  RenderTableCell {TD} at (2,24) size 150x20 [bgcolor=#0000FF] [border: (1px inset #808080)] [r=1 c=0 rs=1 cs=1]
    RenderText {#text} at (2,2) size 4x16
      text run at (2,2) width 4: " "
layer at (163,177) size 142x20 clip at (164,178) size 140x18
  RenderTableCell {TD} at (154,24) size 142x20 [bgcolor=#0000FF] [border: (1px inset #808080)] [r=1 c=1 rs=1 cs=1]
    RenderText {#text} at (2,2) size 4x16
      text run at (2,2) width 4: " "
layer at (11,203) size 150x47 clip at (12,204) size 148x45 scrollWidth 201
  RenderTableCell {TD} at (2,2) size 150x47 [bgcolor=#0000FF] [border: (1px inset #808080)] [r=0 c=0 rs=1 cs=1]
    RenderBlock {FORM} at (2,2) size 146x29
      RenderButton {BUTTON} at (0,2) size 200x25 [bgcolor=#C0C0C0] [border: (2px outset #C0C0C0)]
        RenderBlock (anonymous) at (8,4) size 184x16
          RenderText {#text} at (73,0) size 38x16
            text run at (73,0) width 38: "button"
layer at (163,203) size 142x47 clip at (164,204) size 140x45
  RenderTableCell {TD} at (154,15) size 142x20 [bgcolor=#0000FF] [border: (1px inset #808080)] [r=0 c=1 rs=1 cs=1]
    RenderText {#text} at (2,2) size 4x16
      text run at (2,2) width 4: " "
layer at (11,252) size 150x20 clip at (12,253) size 148x18
  RenderTableCell {TD} at (2,51) size 150x20 [bgcolor=#0000FF] [border: (1px inset #808080)] [r=1 c=0 rs=1 cs=1]
    RenderText {#text} at (2,2) size 4x16
      text run at (2,2) width 4: " "
layer at (163,252) size 142x20 clip at (164,253) size 140x18
  RenderTableCell {TD} at (154,51) size 142x20 [bgcolor=#0000FF] [border: (1px inset #808080)] [r=1 c=1 rs=1 cs=1]
    RenderText {#text} at (2,2) size 4x16
      text run at (2,2) width 4: " "
layer at (11,278) size 280x47 clip at (12,279) size 278x45
  RenderTableCell {TD} at (2,2) size 280x47 [bgcolor=#0000FF] [border: (1px inset #808080)] [r=0 c=0 rs=1 cs=1]
    RenderBlock {FORM} at (2,2) size 276x29
      RenderButton {BUTTON} at (0,2) size 200x25 [bgcolor=#C0C0C0] [border: (2px outset #C0C0C0)]
        RenderBlock (anonymous) at (8,4) size 184x16
          RenderText {#text} at (73,0) size 38x16
            text run at (73,0) width 38: "button"
layer at (293,278) size 12x47 clip at (294,279) size 10x45
  RenderTableCell {TD} at (284,15) size 12x20 [bgcolor=#0000FF] [border: (1px inset #808080)] [r=0 c=1 rs=1 cs=1]
    RenderText {#text} at (2,2) size 4x16
      text run at (2,2) width 4: " "
layer at (11,327) size 280x20 clip at (12,328) size 278x18
  RenderTableCell {TD} at (2,51) size 280x20 [bgcolor=#0000FF] [border: (1px inset #808080)] [r=1 c=0 rs=1 cs=1]
    RenderText {#text} at (2,2) size 4x16
      text run at (2,2) width 4: " "
layer at (293,327) size 12x20 clip at (294,328) size 10x18
  RenderTableCell {TD} at (284,51) size 12x20 [bgcolor=#0000FF] [border: (1px inset #808080)] [r=1 c=1 rs=1 cs=1]
    RenderText {#text} at (2,2) size 4x16
      text run at (2,2) width 4: " "
layer at (11,353) size 150x44 clip at (12,354) size 148x42 scrollWidth 216
  RenderTableCell {TD} at (2,2) size 150x44 [bgcolor=#0000FF] [border: (1px inset #808080)] [r=0 c=0 rs=1 cs=1]
    RenderBlock {DIV} at (11,11) size 206x22 [border: (3px solid #000000)]
      RenderText {#text} at (3,3) size 18x16
        text run at (3,3) width 18: "div"
layer at (163,353) size 142x44 clip at (164,354) size 140x42
  RenderTableCell {TD} at (154,5) size 142x38 [bgcolor=#0000FF] [border: (1px inset #808080)] [r=0 c=1 rs=1 cs=1]
    RenderText {#text} at (11,11) size 4x16
      text run at (11,11) width 4: " "
layer at (11,399) size 150x38 clip at (12,400) size 148x36
  RenderTableCell {TD} at (2,48) size 150x38 [bgcolor=#0000FF] [border: (1px inset #808080)] [r=1 c=0 rs=1 cs=1]
    RenderText {#text} at (11,11) size 4x16
      text run at (11,11) width 4: " "
layer at (163,399) size 142x38 clip at (164,400) size 140x36
  RenderTableCell {TD} at (154,48) size 142x38 [bgcolor=#0000FF] [border: (1px inset #808080)] [r=1 c=1 rs=1 cs=1]
    RenderText {#text} at (11,11) size 4x16
      text run at (11,11) width 4: " "
layer at (8,440) size 300x82 clip at (9,441) size 298x80
  RenderTable {TABLE} at (0,432) size 300x82 [border: (1px outset #808080)]
    RenderTableSection {TBODY} at (1,1) size 298x80
      RenderTableRow {TR} at (0,2) size 298x54
      RenderTableRow {TR} at (0,58) size 298x20
layer at (11,443) size 150x54 clip at (12,444) size 148x52 scrollWidth 207
  RenderTableCell {TD} at (2,2) size 150x54 [bgcolor=#0000FF] [border: (1px inset #808080)] [r=0 c=0 rs=1 cs=1]
    RenderBlock {P} at (2,16) size 206x22 [border: (3px solid #000000)]
      RenderText {#text} at (3,3) size 29x16
        text run at (3,3) width 29: "para"
layer at (163,443) size 142x54 clip at (164,444) size 140x52
  RenderTableCell {TD} at (154,19) size 142x20 [bgcolor=#0000FF] [border: (1px inset #808080)] [r=0 c=1 rs=1 cs=1]
    RenderText {#text} at (2,2) size 4x16
      text run at (2,2) width 4: " "
layer at (11,499) size 150x20 clip at (12,500) size 148x18
  RenderTableCell {TD} at (2,58) size 150x20 [bgcolor=#0000FF] [border: (1px inset #808080)] [r=1 c=0 rs=1 cs=1]
    RenderText {#text} at (2,2) size 4x16
      text run at (2,2) width 4: " "
layer at (163,499) size 142x20 clip at (164,500) size 140x18
  RenderTableCell {TD} at (154,58) size 142x20 [bgcolor=#0000FF] [border: (1px inset #808080)] [r=1 c=1 rs=1 cs=1]
    RenderText {#text} at (2,2) size 4x16
      text run at (2,2) width 4: " "
layer at (11,525) size 254x54 clip at (12,526) size 252x52
  RenderTableCell {TD} at (2,2) size 254x54 [bgcolor=#0000FF] [border: (1px inset #808080)] [r=0 c=0 rs=1 cs=1]
    RenderBlock {P} at (2,16) size 206x22 [border: (3px solid #000000)]
      RenderText {#text} at (3,3) size 29x16
        text run at (3,3) width 29: "para"
layer at (267,525) size 38x54 clip at (268,526) size 36x52
  RenderTableCell {TD} at (258,19) size 38x20 [bgcolor=#0000FF] [border: (1px inset #808080)] [r=0 c=1 rs=1 cs=1]
    RenderText {#text} at (2,2) size 4x16
      text run at (2,2) width 4: " "
layer at (11,581) size 254x20 clip at (12,582) size 252x18
  RenderTableCell {TD} at (2,58) size 254x20 [bgcolor=#0000FF] [border: (1px inset #808080)] [r=1 c=0 rs=1 cs=1]
    RenderText {#text} at (2,2) size 4x16
      text run at (2,2) width 4: " "
layer at (267,581) size 38x20 clip at (268,582) size 36x18
  RenderTableCell {TD} at (258,58) size 38x20 [bgcolor=#0000FF] [border: (1px inset #808080)] [r=1 c=1 rs=1 cs=1]
    RenderText {#text} at (2,2) size 4x16
      text run at (2,2) width 4: " "
