layer at (0,0) size 16468x113
  RenderView at (0,0) size 96x26
layer at (0,0) size 16468x113
  RenderBlock {HTML} at (0,0) size 96x113
    RenderBody {BODY} at (8,8) size 80x97
      RenderTable {TABLE} at (0,0) size 16460x97
        RenderTableCol {COL} at (0,0) size 0x0
        RenderTableCol {COL} at (0,0) size 0x0
        RenderTableCol {COL} at (0,0) size 0x0
        RenderTableCol {COL} at (0,0) size 0x0
        RenderTableCol {COL} at (0,0) size 0x0
        RenderTableCol {COL} at (0,0) size 0x0
        RenderTableCol {COL} at (0,0) size 0x0
        RenderTableCol {COL} at (0,0) size 0x0
        RenderTableSection {TBODY} at (0,0) size 16460x97
          RenderTableRow {TR} at (0,0) size 16460x17
            RenderTableCell {TD} at (0,0) size 588x16 [r=0 c=0 rs=1 cs=8]
              RenderText {#text} at (0,0) size 311x16
                text run at (0,0) width 311: "PRODUCT SPECIFICATIONS DAY CONTRACTS"
            RenderTableCell {TD} at (588,8) size 64x0 [r=0 c=8 rs=1 cs=1]
            RenderTableCell {TD} at (652,8) size 64x0 [r=0 c=9 rs=1 cs=1]
            RenderTableCell {TD} at (716,8) size 64x0 [r=0 c=10 rs=1 cs=1]
            RenderTableCell {TD} at (780,8) size 64x0 [r=0 c=11 rs=1 cs=1]
            RenderTableCell {TD} at (844,8) size 64x0 [r=0 c=12 rs=1 cs=1]
            RenderTableCell {TD} at (908,8) size 64x0 [r=0 c=13 rs=1 cs=1]
            RenderTableCell {TD} at (972,8) size 64x0 [r=0 c=14 rs=1 cs=1]
            RenderTableCell {TD} at (1036,8) size 64x0 [r=0 c=15 rs=1 cs=1]
            RenderTableCell {TD} at (1100,8) size 64x0 [r=0 c=16 rs=1 cs=1]
            RenderTableCell {TD} at (1164,8) size 64x0 [r=0 c=17 rs=1 cs=1]
            RenderTableCell {TD} at (1228,8) size 64x0 [r=0 c=18 rs=1 cs=1]
            RenderTableCell {TD} at (1292,8) size 64x0 [r=0 c=19 rs=1 cs=1]
            RenderTableCell {TD} at (1356,8) size 64x0 [r=0 c=20 rs=1 cs=1]
            RenderTableCell {TD} at (1420,8) size 64x0 [r=0 c=21 rs=1 cs=1]
            RenderTableCell {TD} at (1484,8) size 64x0 [r=0 c=22 rs=1 cs=1]
            RenderTableCell {TD} at (1548,8) size 64x0 [r=0 c=23 rs=1 cs=1]
            RenderTableCell {TD} at (1612,8) size 64x0 [r=0 c=24 rs=1 cs=1]
            RenderTableCell {TD} at (1676,8) size 64x0 [r=0 c=25 rs=1 cs=1]
          RenderTableRow {TR} at (0,17) size 16460x32
            RenderTableCell {TD} at (0,25) size 54x16 [r=1 c=0 rs=1 cs=1]
              RenderText {#text} at (0,0) size 48x16
                text run at (0,0) width 48: "Product"
            RenderTableCell {TD} at (54,25) size 54x16 [r=1 c=1 rs=1 cs=1]
              RenderText {#text} at (0,0) size 54x16
                text run at (0,0) width 54: "Contract"
            RenderTableCell {TD} at (108,25) size 70x16 [r=1 c=2 rs=1 cs=1]
              RenderText {#text} at (0,0) size 51x16
                text run at (0,0) width 51: "Belongs"
            RenderTableCell {TD} at (178,17) size 68x32 [r=1 c=3 rs=1 cs=1]
              RenderText {#text} at (0,0) size 54x32
                text run at (0,0) width 54: "First day"
                text run at (0,16) width 12: "of"
            RenderTableCell {TD} at (246,25) size 70x16 [r=1 c=4 rs=1 cs=1]
              RenderText {#text} at (0,0) size 70x16
                text run at (0,0) width 70: "Last day of"
            RenderTableCell {TD} at (316,25) size 92x16 [r=1 c=5 rs=1 cs=1]
              RenderText {#text} at (0,0) size 46x16
                text run at (0,0) width 46: "Date of"
            RenderTableCell {TD} at (408,25) size 122x16 [r=1 c=6 rs=1 cs=1]
              RenderText {#text} at (0,0) size 117x16
                text run at (0,0) width 117: "Settlement against"
            RenderTableCell {TD} at (530,25) size 58x16 [r=1 c=7 rs=1 cs=1]
              RenderText {#text} at (0,0) size 46x16
                text run at (0,0) width 46: "Quoted"
            RenderTableCell {TD} at (588,33) size 1152x0 [r=1 c=8 rs=1 cs=18]
          RenderTableRow {TR} at (0,49) size 16460x16
            RenderTableCell {TD} at (0,49) size 54x16 [r=2 c=0 rs=1 cs=1]
              RenderText {#text} at (0,0) size 38x16
                text run at (0,0) width 38: "series"
            RenderTableCell {TD} at (54,49) size 54x16 [r=2 c=1 rs=1 cs=1]
              RenderText {#text} at (0,0) size 35x16
                text run at (0,0) width 35: "hours"
            RenderTableCell {TD} at (108,49) size 70x16 [r=2 c=2 rs=1 cs=1]
              RenderText {#text} at (0,0) size 12x16
                text run at (0,0) width 12: "to"
            RenderTableCell {TD} at (178,49) size 68x16 [r=2 c=3 rs=1 cs=1]
              RenderText {#text} at (0,0) size 44x16
                text run at (0,0) width 44: "trading"
            RenderTableCell {TD} at (246,49) size 70x16 [r=2 c=4 rs=1 cs=1]
              RenderText {#text} at (0,0) size 44x16
                text run at (0,0) width 44: "trading"
            RenderTableCell {TD} at (316,49) size 92x16 [r=2 c=5 rs=1 cs=1]
              RenderText {#text} at (0,0) size 65x16
                text run at (0,0) width 65: "settlement"
            RenderTableCell {TD} at (408,49) size 122x16 [r=2 c=6 rs=1 cs=1]
              RenderText {#text} at (0,0) size 4x16
                text run at (0,0) width 4: " "
            RenderTableCell {TD} at (530,49) size 58x16 [r=2 c=7 rs=1 cs=1]
              RenderText {#text} at (0,0) size 54x16
                text run at (0,0) width 54: "currency"
            RenderTableCell {TD} at (588,57) size 1152x0 [r=2 c=8 rs=1 cs=18]
          RenderTableRow {TR} at (0,65) size 16460x32
            RenderTableCell {TD} at (0,65) size 54x32 [r=3 c=0 rs=1 cs=1]
              RenderText {#text} at (0,0) size 46x32
                text run at (0,0) width 46: "D0101-"
                text run at (0,16) width 16: "00"
            RenderTableCell {TD} at (54,73) size 54x16 [r=3 c=1 rs=1 cs=1]
              RenderText {#text} at (0,0) size 16x16
                text run at (0,0) width 16: "24"
            RenderTableCell {TD} at (108,65) size 70x32 [r=3 c=2 rs=1 cs=1]
              RenderText {#text} at (0,0) size 60x32
                text run at (0,0) width 60: "Week 52-"
                text run at (0,16) width 16: "99"
            RenderTableCell {TD} at (178,73) size 68x16 [r=3 c=3 rs=1 cs=1]
              RenderText {#text} at (0,0) size 56x16
                text run at (0,0) width 56: "12/23/99"
            RenderTableCell {TD} at (246,73) size 70x16 [r=3 c=4 rs=1 cs=1]
              RenderText {#text} at (0,0) size 56x16
                text run at (0,0) width 56: "12/30/99"
            RenderTableCell {TD} at (316,73) size 92x16 [r=3 c=5 rs=1 cs=1]
              RenderText {#text} at (0,0) size 40x16
                text run at (0,0) width 40: "1/1/00"
            RenderTableCell {TD} at (408,65) size 122x32 [r=3 c=6 rs=1 cs=1]
              RenderText {#text} at (0,0) size 82x32
                text run at (0,0) width 82: "System Price"
                text run at (0,16) width 39: "Elspot"
            RenderTableCell {TD} at (530,73) size 58x16 [r=3 c=7 rs=1 cs=1]
              RenderText {#text} at (0,0) size 30x16
                text run at (0,0) width 30: "NOK"
            RenderTableCell {TD} at (588,81) size 1152x0 [r=3 c=8 rs=1 cs=18]
