layer at (0,0) size 96x298
  RenderView at (0,0) size 96x26
layer at (0,0) size 96x298
  RenderBlock {HTML} at (0,0) size 96x298
    RenderBody {BODY} at (8,8) size 80x282
      RenderTable {TABLE} at (0,0) size 64x282 [border: (1px outset #808080)]
        RenderTableSection {TBODY} at (1,1) size 62x280
          RenderTableRow {TR} at (0,2) size 62x276
            RenderTableCell {TD} at (2,2) size 58x276 [border: (1px inset #808080)] [r=0 c=0 rs=1 cs=2]
              RenderText {#text} at (2,2) size 54x272
                text run at (2,2) width 41: "This is"
                text run at (2,18) width 34: "some"
                text run at (2,34) width 52: "text, this"
                text run at (2,50) width 48: "is some"
                text run at (2,66) width 52: "text, this"
                text run at (2,82) width 48: "is some"
                text run at (2,98) width 52: "text, this"
                text run at (2,114) width 48: "is some"
                text run at (2,130) width 27: "text "
                text run at (29,130) width 27: "This"
                text run at (2,146) width 48: "is some"
                text run at (2,162) width 52: "text, this"
                text run at (2,178) width 48: "is some"
                text run at (2,194) width 52: "text, this"
                text run at (2,210) width 48: "is some"
                text run at (2,226) width 52: "text, this"
                text run at (2,242) width 48: "is some"
                text run at (2,258) width 23: "text"
