layer at (0,0) size 800x600
  RenderView at (0,0) size 800x600
layer at (0,0) size 800x8
  RenderBlock {HTML} at (0,0) size 800x8
    RenderBody {BODY} at (8,8) size 784x0 [bgcolor=#FFFFFF]
      RenderTable {TABLE} at (0,0) size 82x121
        RenderBlock {CAPTION} at (0,0) size 82x16
          RenderText {#text} at (0,0) size 82x16
            text run at (0,0) width 82: "height=\"105\""
        RenderTableSection {TBODY} at (0,16) size 82x105
          RenderTableRow {TR} at (0,0) size 82x21
            RenderTableCell {TD} at (0,1) size 82x18 [r=0 c=0 rs=1 cs=1]
              RenderText {#text} at (1,1) size 61x16
                text run at (1,1) width 61: "Entry #01"
          RenderTableRow {TR} at (0,21) size 82x21
            RenderTableCell {TD} at (0,22) size 82x18 [r=1 c=0 rs=1 cs=1]
              RenderText {#text} at (1,1) size 61x16
                text run at (1,1) width 61: "Entry #02"
          RenderTableRow {TR} at (0,42) size 82x21
            RenderTableCell {TD} at (0,43) size 82x18 [r=2 c=0 rs=1 cs=1]
              RenderText {#text} at (1,1) size 61x16
                text run at (1,1) width 61: "Entry #03"
          RenderTableRow {TR} at (0,63) size 82x21
            RenderTableCell {TD} at (0,64) size 82x18 [r=3 c=0 rs=1 cs=1]
              RenderText {#text} at (1,1) size 61x16
                text run at (1,1) width 61: "Entry #04"
          RenderTableRow {TR} at (0,84) size 82x21
            RenderTableCell {TD} at (0,85) size 82x18 [r=4 c=0 rs=1 cs=1]
              RenderText {#text} at (1,1) size 61x16
                text run at (1,1) width 61: "Entry #05"
      RenderTable {TABLE} at (82,0) size 82x122
        RenderBlock {CAPTION} at (0,0) size 82x16
          RenderText {#text} at (0,0) size 82x16
            text run at (0,0) width 82: "height=\"106\""
        RenderTableSection {TBODY} at (0,16) size 82x106
          RenderTableRow {TR} at (0,0) size 82x21
            RenderTableCell {TD} at (0,1) size 82x18 [r=0 c=0 rs=1 cs=1]
              RenderText {#text} at (1,1) size 61x16
                text run at (1,1) width 61: "Entry #01"
          RenderTableRow {TR} at (0,21) size 82x21
            RenderTableCell {TD} at (0,22) size 82x18 [r=1 c=0 rs=1 cs=1]
              RenderText {#text} at (1,1) size 61x16
                text run at (1,1) width 61: "Entry #02"
          RenderTableRow {TR} at (0,42) size 82x21
            RenderTableCell {TD} at (0,43) size 82x18 [r=2 c=0 rs=1 cs=1]
              RenderText {#text} at (1,1) size 61x16
                text run at (1,1) width 61: "Entry #03"
          RenderTableRow {TR} at (0,63) size 82x21
            RenderTableCell {TD} at (0,64) size 82x18 [r=3 c=0 rs=1 cs=1]
              RenderText {#text} at (1,1) size 61x16
                text run at (1,1) width 61: "Entry #04"
          RenderTableRow {TR} at (0,84) size 82x22
            RenderTableCell {TD} at (0,86) size 82x18 [r=4 c=0 rs=1 cs=1]
              RenderText {#text} at (1,1) size 61x16
                text run at (1,1) width 61: "Entry #05"
      RenderTable {TABLE} at (164,0) size 82x123
        RenderBlock {CAPTION} at (0,0) size 82x16
          RenderText {#text} at (0,0) size 82x16
            text run at (0,0) width 82: "height=\"107\""
        RenderTableSection {TBODY} at (0,16) size 82x107
          RenderTableRow {TR} at (0,0) size 82x21
            RenderTableCell {TD} at (0,1) size 82x18 [r=0 c=0 rs=1 cs=1]
              RenderText {#text} at (1,1) size 61x16
                text run at (1,1) width 61: "Entry #01"
          RenderTableRow {TR} at (0,21) size 82x21
            RenderTableCell {TD} at (0,22) size 82x18 [r=1 c=0 rs=1 cs=1]
              RenderText {#text} at (1,1) size 61x16
                text run at (1,1) width 61: "Entry #02"
          RenderTableRow {TR} at (0,42) size 82x21
            RenderTableCell {TD} at (0,43) size 82x18 [r=2 c=0 rs=1 cs=1]
              RenderText {#text} at (1,1) size 61x16
                text run at (1,1) width 61: "Entry #03"
          RenderTableRow {TR} at (0,63) size 82x22
            RenderTableCell {TD} at (0,65) size 82x18 [r=3 c=0 rs=1 cs=1]
              RenderText {#text} at (1,1) size 61x16
                text run at (1,1) width 61: "Entry #04"
          RenderTableRow {TR} at (0,85) size 82x22
            RenderTableCell {TD} at (0,87) size 82x18 [r=4 c=0 rs=1 cs=1]
              RenderText {#text} at (1,1) size 61x16
                text run at (1,1) width 61: "Entry #05"
      RenderTable {TABLE} at (246,0) size 82x124
        RenderBlock {CAPTION} at (0,0) size 82x16
          RenderText {#text} at (0,0) size 82x16
            text run at (0,0) width 82: "height=\"108\""
        RenderTableSection {TBODY} at (0,16) size 82x108
          RenderTableRow {TR} at (0,0) size 82x21
            RenderTableCell {TD} at (0,1) size 82x18 [r=0 c=0 rs=1 cs=1]
              RenderText {#text} at (1,1) size 61x16
                text run at (1,1) width 61: "Entry #01"
          RenderTableRow {TR} at (0,21) size 82x21
            RenderTableCell {TD} at (0,22) size 82x18 [r=1 c=0 rs=1 cs=1]
              RenderText {#text} at (1,1) size 61x16
                text run at (1,1) width 61: "Entry #02"
          RenderTableRow {TR} at (0,42) size 82x22
            RenderTableCell {TD} at (0,44) size 82x18 [r=2 c=0 rs=1 cs=1]
              RenderText {#text} at (1,1) size 61x16
                text run at (1,1) width 61: "Entry #03"
          RenderTableRow {TR} at (0,64) size 82x22
            RenderTableCell {TD} at (0,66) size 82x18 [r=3 c=0 rs=1 cs=1]
              RenderText {#text} at (1,1) size 61x16
                text run at (1,1) width 61: "Entry #04"
          RenderTableRow {TR} at (0,86) size 82x22
            RenderTableCell {TD} at (0,88) size 82x18 [r=4 c=0 rs=1 cs=1]
              RenderText {#text} at (1,1) size 61x16
                text run at (1,1) width 61: "Entry #05"
      RenderTable {TABLE} at (328,0) size 82x125
        RenderBlock {CAPTION} at (0,0) size 82x16
          RenderText {#text} at (0,0) size 82x16
            text run at (0,0) width 82: "height=\"109\""
        RenderTableSection {TBODY} at (0,16) size 82x109
          RenderTableRow {TR} at (0,0) size 82x21
            RenderTableCell {TD} at (0,1) size 82x18 [r=0 c=0 rs=1 cs=1]
              RenderText {#text} at (1,1) size 61x16
                text run at (1,1) width 61: "Entry #01"
          RenderTableRow {TR} at (0,21) size 82x22
            RenderTableCell {TD} at (0,23) size 82x18 [r=1 c=0 rs=1 cs=1]
              RenderText {#text} at (1,1) size 61x16
                text run at (1,1) width 61: "Entry #02"
          RenderTableRow {TR} at (0,43) size 82x22
            RenderTableCell {TD} at (0,45) size 82x18 [r=2 c=0 rs=1 cs=1]
              RenderText {#text} at (1,1) size 61x16
                text run at (1,1) width 61: "Entry #03"
          RenderTableRow {TR} at (0,65) size 82x22
            RenderTableCell {TD} at (0,67) size 82x18 [r=3 c=0 rs=1 cs=1]
              RenderText {#text} at (1,1) size 61x16
                text run at (1,1) width 61: "Entry #04"
          RenderTableRow {TR} at (0,87) size 82x22
            RenderTableCell {TD} at (0,89) size 82x18 [r=4 c=0 rs=1 cs=1]
              RenderText {#text} at (1,1) size 61x16
                text run at (1,1) width 61: "Entry #05"
      RenderTable {TABLE} at (410,0) size 82x126
        RenderBlock {CAPTION} at (0,0) size 82x16
          RenderText {#text} at (0,0) size 82x16
            text run at (0,0) width 82: "height=\"110\""
        RenderTableSection {TBODY} at (0,16) size 82x110
          RenderTableRow {TR} at (0,0) size 82x22
            RenderTableCell {TD} at (0,2) size 82x18 [r=0 c=0 rs=1 cs=1]
              RenderText {#text} at (1,1) size 61x16
                text run at (1,1) width 61: "Entry #01"
          RenderTableRow {TR} at (0,22) size 82x22
            RenderTableCell {TD} at (0,24) size 82x18 [r=1 c=0 rs=1 cs=1]
              RenderText {#text} at (1,1) size 61x16
                text run at (1,1) width 61: "Entry #02"
          RenderTableRow {TR} at (0,44) size 82x22
            RenderTableCell {TD} at (0,46) size 82x18 [r=2 c=0 rs=1 cs=1]
              RenderText {#text} at (1,1) size 61x16
                text run at (1,1) width 61: "Entry #03"
          RenderTableRow {TR} at (0,66) size 82x22
            RenderTableCell {TD} at (0,68) size 82x18 [r=3 c=0 rs=1 cs=1]
              RenderText {#text} at (1,1) size 61x16
                text run at (1,1) width 61: "Entry #04"
          RenderTableRow {TR} at (0,88) size 82x22
            RenderTableCell {TD} at (0,90) size 82x18 [r=4 c=0 rs=1 cs=1]
              RenderText {#text} at (1,1) size 61x16
                text run at (1,1) width 61: "Entry #05"
