layer at (0,0) size 800x600
  RenderView at (0,0) size 800x600
layer at (0,0) size 800x238
  RenderBlock {HTML} at (0,0) size 800x238
    RenderBody {BODY} at (8,8) size 784x222
      RenderBlock {DIV} at (0,0) size 784x16
        RenderText {#text} at (0,0) size 313x16
          text run at (0,0) width 313: "Buggy example: This table has a tfoot and a tbody"
      RenderTable {TABLE} at (0,16) size 784x50 [border: (1px outset #808080)]
        RenderTableSection {TFOOT} at (1,25) size 782x24
          RenderTableRow {TR} at (0,2) size 782x20 [bgcolor=#808000]
            RenderTableCell {TD} at (2,2) size 778x20 [border: (1px inset #808080)] [r=0 c=0 rs=1 cs=1]
              RenderText {#text} at (670,2) size 106x16
                text run at (670,2) width 106: "This is the footer"
        RenderTableSection {TBODY} at (1,1) size 782x24
          RenderTableRow {TR} at (0,2) size 782x20 [bgcolor=#C0C0C0]
            RenderTableCell {TD} at (2,2) size 778x20 [border: (1px inset #808080)] [r=0 c=0 rs=1 cs=1]
      RenderBlock (anonymous) at (0,66) size 784x16
        RenderBR {BR} at (0,0) size 0x16
      RenderBlock {DIV} at (0,82) size 784x16
        RenderText {#text} at (0,0) size 294x16
          text run at (0,0) width 294: "For comparison: The same table without a tfoot"
      RenderTable {TABLE} at (0,98) size 784x26 [border: (1px outset #808080)]
        RenderTableSection {TBODY} at (1,1) size 782x24
          RenderTableRow {TR} at (0,2) size 782x20 [bgcolor=#C0C0C0]
            RenderTableCell {TD} at (2,2) size 778x20 [border: (1px inset #808080)] [r=0 c=0 rs=1 cs=1]
      RenderBlock {DIV} at (0,124) size 784x32
        RenderText {#text} at (0,0) size 753x32
          text run at (0,0) width 753: "ILLEGAL example: TFOOT after TBODY -- THIS IS PROHIBITED BY HTML 4.01 STRICT AND SHOULD NOT WORK IN"
          text run at (0,16) width 356: "STRICT MODE. Please fix or reenable transitional mode."
      RenderTable {TABLE} at (0,156) size 784x50 [border: (1px outset #808080)]
        RenderTableSection {TBODY} at (1,1) size 782x24
          RenderTableRow {TR} at (0,2) size 782x20 [bgcolor=#C0C0C0]
            RenderTableCell {TD} at (2,2) size 778x20 [border: (1px inset #808080)] [r=0 c=0 rs=1 cs=1]
        RenderTableSection {TFOOT} at (1,25) size 782x24
          RenderTableRow {TR} at (0,2) size 782x20 [bgcolor=#808000]
            RenderTableCell {TD} at (2,2) size 778x20 [border: (1px inset #808080)] [r=0 c=0 rs=1 cs=1]
              RenderText {#text} at (670,2) size 106x16
                text run at (670,2) width 106: "This is the footer"
      RenderBlock (anonymous) at (0,206) size 784x16
        RenderBR {BR} at (0,0) size 0x16
layer at (13,29) size 387x16
  RenderBlock (relative positioned) {DIV} at (2,2) size 387x16 [bgcolor=#FF0000]
    RenderText {#text} at (120,0) size 267x16
      text run at (120,0) width 267: "This row should be in the (grey) table body"
layer at (13,111) size 387x16
  RenderBlock (relative positioned) {DIV} at (2,2) size 387x16 [bgcolor=#FF0000]
    RenderText {#text} at (120,0) size 267x16
      text run at (120,0) width 267: "This row should be in the (grey) table body"
layer at (13,169) size 387x16
  RenderBlock (relative positioned) {DIV} at (2,2) size 387x16 [bgcolor=#FF0000]
    RenderText {#text} at (120,0) size 267x16
      text run at (120,0) width 267: "This row should be in the (grey) table body"
