layer at (0,0) size 708x206
  RenderView at (0,0) size 96x26
layer at (0,0) size 708x206
  RenderBlock {HTML} at (0,0) size 96x206
    RenderBody {BODY} at (8,8) size 80x190
      RenderTable {TABLE} at (0,0) size 700x48 [border: (1px outset #808080)]
        RenderTableSection {TBODY} at (1,1) size 698x46
          RenderTableRow {TR} at (0,2) size 698x20
            RenderTableCell {TD} at (2,2) size 694x20 [border: (1px inset #808080)] [r=0 c=0 rs=1 cs=3]
              RenderText {#text} at (2,2) size 588x16
                text run at (2,2) width 588: "lots of text goes here even more and more and more and more and more and more and more"
          RenderTableRow {TR} at (0,24) size 698x20
            RenderTableCell {TD} at (2,24) size 680x20 [border: (1px inset #808080)] [r=1 c=0 rs=1 cs=2]
              RenderText {#text} at (2,2) size 507x16
                text run at (2,2) width 507: "aaaaaaaaaaaa bbbbbbbbbbbbbbb cccccccccccccccccccccccccc dddddddddddddd"
            RenderTableCell {TD} at (684,24) size 12x20 [border: (1px inset #808080)] [r=1 c=2 rs=1 cs=1]
              RenderText {#text} at (2,2) size 4x16
                text run at (2,2) width 4: " "
      RenderBlock {P} at (0,62) size 80x0
      RenderTable {TABLE} at (0,62) size 700x48 [border: (1px outset #808080)]
        RenderTableSection {TBODY} at (1,1) size 698x46
          RenderTableRow {TR} at (0,2) size 698x20
            RenderTableCell {TD} at (2,2) size 694x20 [border: (1px inset #808080)] [r=0 c=0 rs=1 cs=3]
              RenderText {#text} at (2,2) size 191x16
                text run at (2,2) width 191: "lots of text goes here even mo"
          RenderTableRow {TR} at (0,24) size 698x20
            RenderTableCell {TD} at (2,24) size 681x20 [border: (1px inset #808080)] [r=1 c=0 rs=1 cs=2]
              RenderText {#text} at (2,2) size 507x16
                text run at (2,2) width 507: "aaaaaaaaaaaa bbbbbbbbbbbbbbb cccccccccccccccccccccccccc dddddddddddddd"
            RenderTableCell {TD} at (685,24) size 11x20 [border: (1px inset #808080)] [r=1 c=2 rs=1 cs=1]
              RenderText {#text} at (2,2) size 4x16
                text run at (2,2) width 4: " "
      RenderBlock {P} at (0,124) size 80x0
      RenderTable {TABLE} at (0,124) size 700x48 [border: (1px outset #808080)]
        RenderTableSection {TBODY} at (1,1) size 698x46
          RenderTableRow {TR} at (0,2) size 698x20
            RenderTableCell {TD} at (2,2) size 694x20 [border: (1px inset #808080)] [r=0 c=0 rs=1 cs=3]
              RenderText {#text} at (2,2) size 183x16
                text run at (2,2) width 183: "lots of text goes here even m"
          RenderTableRow {TR} at (0,24) size 698x20
            RenderTableCell {TD} at (2,24) size 681x20 [border: (1px inset #808080)] [r=1 c=0 rs=1 cs=2]
              RenderText {#text} at (2,2) size 507x16
                text run at (2,2) width 507: "aaaaaaaaaaaa bbbbbbbbbbbbbbb cccccccccccccccccccccccccc dddddddddddddd"
            RenderTableCell {TD} at (685,24) size 11x20 [border: (1px inset #808080)] [r=1 c=2 rs=1 cs=1]
              RenderText {#text} at (2,2) size 4x16
                text run at (2,2) width 4: " "
      RenderBlock {HR} at (0,179) size 182x2 [border: (1px inset #000000)]
      RenderBlock {HR} at (0,188) size 520x2 [border: (1px inset #000000)]
