layer at (0,0) size 800x600
  RenderView at (0,0) size 800x600
layer at (0,0) size 800x600
  RenderBlock {HTML} at (0,0) size 800x600
    RenderBody {BODY} at (8,8) size 784x584
      RenderTable {TABLE} at (0,0) size 784x66 [bgcolor=#00FFFF] [border: (1px outset #808080)]
        RenderTableSection {TBODY} at (1,1) size 782x64
          RenderTableRow {TR} at (0,2) size 782x60
            RenderTableCell {TD} at (2,2) size 304x60 [border: (1px inset #808080)] [r=0 c=0 rs=1 cs=1]
              RenderInline {FONT} at (0,0) size 87x36 [color=#0000FF]
                RenderText {#text} at (2,2) size 87x36
                  text run at (2,2) width 87: "Mozilla"
              RenderText {#text} at (89,15) size 266x43
                text run at (89,15) width 152: " code available under a "
                text run at (241,15) width 27: "dual"
                text run at (2,39) width 117: "MPL/GPL license. "
                text run at (119,39) width 138: "See the for more info."
              RenderBR {BR} at (257,53) size 0x0
            RenderTableCell {TD} at (308,20) size 472x23 [border: (1px inset #808080)] [r=0 c=1 rs=1 cs=1]
              RenderText {#text} at (2,2) size 241x19
                text run at (2,2) width 241: "foo bar foo bar foo bar foo bar foo bar"
      RenderBlock (anonymous) at (0,66) size 784x53
        RenderBR {BR} at (0,0) size 0x19
        RenderButton {INPUT} at (2,21) size 61x30 [bgcolor=#C0C0C0]
          RenderBlock (anonymous) at (8,5) size 45x19
            RenderText at (0,0) size 45x19
              text run at (0,0) width 45: "Reload"
        RenderText {#text} at (65,26) size 8x19
          text run at (65,26) width 8: "  "
        RenderButton {INPUT} at (75,21) size 99x30 [bgcolor=#C0C0C0]
          RenderBlock (anonymous) at (8,5) size 83x19
            RenderText at (0,0) size 83x19
              text run at (0,0) width 83: "Change Font"
        RenderText {#text} at (176,26) size 8x19
          text run at (176,26) width 8: "  "
        RenderTextControl {INPUT} at (186,23) size 168x25 [bgcolor=#FFFFFF] [border: (2px inset #000000)]
        RenderText {#text} at (0,0) size 0x0
        RenderText {#text} at (0,0) size 0x0
        RenderText {#text} at (0,0) size 0x0
layer at (197,100) size 162x19
  RenderBlock {DIV} at (3,3) size 162x19
    RenderText {#text} at (1,0) size 8x19
      text run at (1,0) width 8: "6"
