layer at (0,0) size 800x600
  RenderView at (0,0) size 800x600
layer at (0,0) size 800x600
  RenderBlock {HTML} at (0,0) size 800x600
    RenderBody {BODY} at (8,8) size 784x584
      RenderTable {TABLE} at (0,0) size 784x100 [bgcolor=#00FFFF] [border: (1px outset #808080)]
        RenderTableSection {TBODY} at (1,1) size 782x98
          RenderTableRow {TR} at (0,2) size 782x94
            RenderTableCell {TD} at (2,2) size 460x94 [border: (1px inset #808080)] [r=0 c=0 rs=1 cs=1]
              RenderTable {TABLE} at (2,2) size 456x90 [bgcolor=#FF00FF] [border: (1px outset #808080)]
                RenderTableSection {TBODY} at (1,1) size 454x88
                  RenderTableRow {TR} at (0,2) size 454x84
                    RenderTableCell {TD} at (2,2) size 450x84 [border: (1px inset #808080)] [r=0 c=0 rs=1 cs=1]
                      RenderText {#text} at (2,2) size 189x16
                        text run at (2,2) width 189: "Mozilla To Be Dually-Licensed"
                      RenderBR {BR} at (191,15) size 0x0
                      RenderText {#text} at (2,32) size 207x16
                        text run at (2,32) width 207: "Plans are underway to make the "
                      RenderInline {FONT} at (0,0) size 87x30 [color=#0000FF]
                        RenderText {#text} at (209,19) size 87x30
                          text run at (209,19) width 87: "Mozilla"
                      RenderText {#text} at (296,32) size 440x50
                        text run at (296,32) width 146: " code available under a"
                        text run at (2,50) width 146: "dual MPL/GPL license. "
                        text run at (148,50) width 241: "See the for more info. We're gathering"
                        text run at (2,66) width 248: "contributor input now, in the newsgroup."
                      RenderBR {BR} at (250,79) size 0x0
            RenderTableCell {TD} at (464,23) size 316x52 [border: (1px inset #808080)] [r=0 c=1 rs=1 cs=1]
              RenderText {#text} at (2,2) size 286x48
                text run at (2,2) width 266: "This status update contains information on"
                text run at (2,18) width 286: "MailNews, XML/DOM, XPToolkit, Architecture,"
                text run at (2,34) width 186: "Bidi, Necko/Imglib, and more..."
      RenderBlock (anonymous) at (0,100) size 784x45
        RenderBR {BR} at (0,0) size 0x16
        RenderButton {INPUT} at (2,18) size 61x25 [bgcolor=#C0C0C0] [border: (2px outset #C0C0C0)]
          RenderBlock (anonymous) at (8,4) size 45x16
            RenderText at (0,0) size 45x16
              text run at (0,0) width 45: "Reload"
        RenderText {#text} at (65,22) size 8x16
          text run at (65,22) width 8: "  "
        RenderButton {INPUT} at (75,18) size 98x25 [bgcolor=#C0C0C0] [border: (2px outset #C0C0C0)]
          RenderBlock (anonymous) at (8,4) size 82x16
            RenderText at (0,0) size 82x16
              text run at (0,0) width 82: "Change Font"
        RenderText {#text} at (175,22) size 8x16
          text run at (175,22) width 8: "  "
        RenderTextControl {INPUT} at (185,19) size 168x22 [bgcolor=#FFFFFF] [border: (2px inset #000000)]
        RenderText {#text} at (0,0) size 0x0
        RenderText {#text} at (0,0) size 0x0
        RenderText {#text} at (0,0) size 0x0
layer at (196,130) size 162x16
  RenderBlock {DIV} at (3,3) size 162x16
    RenderText {#text} at (1,0) size 8x16
      text run at (1,0) width 8: "6"
