layer at (0,0) size 96x58
  RenderView at (0,0) size 96x26
layer at (0,0) size 96x58
  RenderBlock {HTML} at (0,0) size 96x58
    RenderBody {BODY} at (8,8) size 80x42
      RenderTable {TABLE} at (0,0) size 38x42
        RenderTableSection {TBODY} at (0,0) size 38x42
          RenderTableRow {TR} at (0,2) size 38x18
            RenderTableCell {TD} at (2,2) size 10x18 [bgcolor=#008000] [r=0 c=0 rs=1 cs=1]
              RenderText {#text} at (1,1) size 8x16
                text run at (1,1) width 8: "a"
            RenderTableCell {TD} at (14,11) size 22x20 [bgcolor=#FFA500] [r=0 c=1 rs=2 cs=1]
              RenderImage {IMG} at (1,1) size 20x18
          RenderTableRow {TR} at (0,22) size 38x18
            RenderTableCell {TD} at (2,22) size 10x18 [bgcolor=#0000FF] [r=1 c=0 rs=1 cs=1]
              RenderText {#text} at (2,1) size 7x16
                text run at (2,1) width 7: "x"
