layer at (0,0) size 800x600
  RenderView at (0,0) size 800x600
layer at (0,0) size 800x226
  RenderBlock {HTML} at (0,0) size 800x226
    RenderBody {BODY} at (8,8) size 784x210 [bgcolor=#FFFFFF]
      RenderTable {TABLE} at (0,0) size 51x210
        RenderTableSection {TBODY} at (0,0) size 51x210
          RenderTableRow {TR} at (0,1) size 51x18
            RenderTableCell {TD} at (1,1) size 49x18 [color=#0000FF] [bgcolor=#CCCCCC] [r=0 c=0 rs=1 cs=1]
              RenderText {#text} at (1,1) size 39x16
                text run at (1,1) width 39: "Line 1"
          RenderTableRow {TR} at (0,20) size 51x18
            RenderTableCell {TD} at (1,20) size 49x18 [color=#0000FF] [bgcolor=#CCCCCC] [r=1 c=0 rs=1 cs=1]
              RenderText {#text} at (1,1) size 39x16
                text run at (1,1) width 39: "Line 2"
          RenderTableRow {TR} at (0,39) size 51x18
            RenderTableCell {TD} at (1,39) size 49x18 [color=#0000FF] [bgcolor=#CCCCCC] [r=2 c=0 rs=1 cs=1]
              RenderText {#text} at (1,1) size 39x16
                text run at (1,1) width 39: "Line 3"
          RenderTableRow {TR} at (0,58) size 51x18
            RenderTableCell {TD} at (1,58) size 49x18 [color=#0000FF] [bgcolor=#CCCCCC] [r=3 c=0 rs=1 cs=1]
              RenderText {#text} at (1,1) size 39x16
                text run at (1,1) width 39: "Line 4"
          RenderTableRow {TR} at (0,77) size 51x18
            RenderTableCell {TD} at (1,77) size 49x18 [color=#0000FF] [bgcolor=#CCCCCC] [r=4 c=0 rs=1 cs=1]
              RenderText {#text} at (1,1) size 39x16
                text run at (1,1) width 39: "Line 5"
          RenderTableRow {TR} at (0,96) size 51x18
            RenderTableCell {TD} at (1,96) size 49x18 [color=#0000FF] [bgcolor=#CCCCCC] [r=5 c=0 rs=1 cs=1]
              RenderText {#text} at (1,1) size 39x16
                text run at (1,1) width 39: "Line 6"
          RenderTableRow {TR} at (0,115) size 51x18
            RenderTableCell {TD} at (1,115) size 49x18 [color=#0000FF] [bgcolor=#CCCCCC] [r=6 c=0 rs=1 cs=1]
              RenderText {#text} at (1,1) size 39x16
                text run at (1,1) width 39: "Line 7"
          RenderTableRow {TR} at (0,134) size 51x18
            RenderTableCell {TD} at (1,134) size 49x18 [color=#0000FF] [bgcolor=#CCCCCC] [r=7 c=0 rs=1 cs=1]
              RenderText {#text} at (1,1) size 39x16
                text run at (1,1) width 39: "Line 8"
          RenderTableRow {TR} at (0,153) size 51x18
            RenderTableCell {TD} at (1,153) size 49x18 [color=#0000FF] [bgcolor=#CCCCCC] [r=8 c=0 rs=1 cs=1]
              RenderText {#text} at (1,1) size 39x16
                text run at (1,1) width 39: "Line 9"
          RenderTableRow {TR} at (0,172) size 51x18
            RenderTableCell {TD} at (1,172) size 49x18 [color=#0000FF] [bgcolor=#CCCCCC] [r=9 c=0 rs=1 cs=1]
              RenderText {#text} at (1,1) size 47x16
                text run at (1,1) width 47: "Line 10"
          RenderTableRow {TR} at (0,191) size 51x18
            RenderTableCell {TD} at (1,191) size 49x18 [color=#0000FF] [bgcolor=#CCCCCC] [r=10 c=0 rs=1 cs=1]
              RenderText {#text} at (1,1) size 47x16
                text run at (1,1) width 47: "Line 11"
