layer at (0,0) size 96x64
  RenderView at (0,0) size 96x26
layer at (0,0) size 96x64
  RenderBlock {HTML} at (0,0) size 96x64
    RenderBody {BODY} at (8,8) size 80x48 [bgcolor=#FFFFFF]
      RenderTable {TABLE} at (0,0) size 80x48 [border: (1px outset #808080)]
        RenderTableSection {TBODY} at (1,1) size 78x46
          RenderTableRow {TR} at (0,2) size 78x20
            RenderTableCell {TD} at (2,2) size 74x20 [border: (1px inset #808080)] [r=0 c=0 rs=1 cs=8]
              RenderText {#text} at (2,2) size 4x16
                text run at (2,2) width 4: " "
          RenderTableRow {TR} at (0,24) size 78x20
            RenderTableCell {TD} at (2,24) size 26x20 [border: (1px inset #808080)] [r=1 c=0 rs=1 cs=1]
              RenderText {#text} at (2,2) size 22x16
                text run at (2,2) width 22: "Old"
            RenderTableCell {TD} at (30,24) size 46x20 [border: (1px inset #808080)] [r=1 c=1 rs=1 cs=7]
              RenderText {#text} at (2,2) size 40x16
                text run at (2,2) width 40: "Check"
