layer at (0,0) size 96x260
  RenderView at (0,0) size 96x26
layer at (0,0) size 96x260
  RenderBlock {HTML} at (0,0) size 96x260
    RenderBody {BODY} at (8,8) size 80x244 [bgcolor=#FFFFFF]
      RenderBlock {DIV} at (0,0) size 80x244
        RenderTable {TABLE} at (0,0) size 81x127
          RenderTableSection {TBODY} at (0,0) size 81x127
            RenderTableRow {TR} at (0,0) size 81x110 [color=#FFFFFF] [bgcolor=#455166]
              RenderTableCell {TD} at (0,0) size 81x110 [r=0 c=0 rs=1 cs=1]
                RenderText {#text} at (36,1) size 57x108
                  text run at (36,1) width 33: "This"
                  text run at (12,19) width 57: "column"
                  text run at (19,37) width 50: "seems"
                  text run at (54,55) width 15: "to"
                  text run at (27,73) width 42: "finish"
                  text run at (32,91) width 37: "early"
            RenderTableRow {TR} at (0,110) size 81x17
              RenderTableCell {TD} at (0,110) size 81x17 [bgcolor=#C0C0C0] [r=1 c=0 rs=1 cs=1]
                RenderText {#text} at (1,1) size 4x15
                  text run at (1,1) width 4: " "
        RenderBlock {P} at (0,141) size 80x16
          RenderText {#text} at (38,0) size 4x16
            text run at (38,0) width 4: " "
        RenderTable {TABLE} at (0,171) size 79x73
          RenderTableSection {TBODY} at (0,0) size 79x73
            RenderTableRow {TR} at (0,0) size 79x56
              RenderTableCell {TD} at (0,0) size 79x56 [color=#FFFFFF] [bgcolor=#455166] [r=0 c=0 rs=1 cs=1]
                RenderText {#text} at (34,1) size 46x54
                  text run at (34,1) width 33: "This"
                  text run at (21,19) width 46: "one is"
                  text run at (43,37) width 24: "OK"
            RenderTableRow {TR} at (0,56) size 79x17
              RenderTableCell {TD} at (0,56) size 79x17 [bgcolor=#C0C0C0] [r=1 c=0 rs=1 cs=1]
                RenderText {#text} at (1,1) size 4x15
                  text run at (1,1) width 4: " "
