layer at (0,0) size 244x272
  RenderView at (0,0) size 96x26
layer at (0,0) size 244x272
  RenderBlock {HTML} at (0,0) size 96x272
    RenderBody {BODY} at (8,8) size 80x256
      RenderTable {TABLE} at (0,0) size 236x256 [border: (2px outset #808080)]
        RenderTableSection {TBODY} at (2,2) size 232x252
          RenderTableRow {TR} at (0,2) size 232x248
            RenderTableCell {TD} at (2,2) size 228x248 [border: (1px inset #808080)] [r=0 c=0 rs=1 cs=1]
              RenderBlock (anonymous) at (2,2) size 224x16
                RenderText {#text} at (0,0) size 9x16
                  text run at (0,0) width 9: "Y"
                RenderTable {TABLE} at (0,16) size 224x212
                  RenderTableSection {TBODY} at (0,0) size 224x212
                    RenderTableRow {TR} at (0,0) size 224x163
                      RenderTableCell {TD} at (0,105) size 10x1 [r=0 c=0 rs=4 cs=1]
                        RenderImage {IMG} at (0,0) size 10x1
                      RenderTableCell {TD} at (10,0) size 214x163 [r=0 c=1 rs=1 cs=1]
                        RenderImage {IMG} at (0,0) size 214x163
                    RenderTableRow {TR} at (0,163) size 224x8
                      RenderTableCell {TD} at (10,163) size 214x8 [r=1 c=1 rs=1 cs=1]
                        RenderImage {IMG} at (0,0) size 1x8
                    RenderTableRow {TR} at (0,171) size 224x33
                      RenderTableCell {TD} at (10,171) size 214x33 [r=2 c=1 rs=1 cs=1]
                        RenderInline {FONT} at (0,0) size 209x33 [color=#666600]
                          RenderText {#text} at (0,0) size 209x33
                            text run at (0,0) width 209: "CleanSweep Deluxe tracks the files you use most"
                            text run at (0,11) width 206: "often, then recommends rarely used ones for you"
                            text run at (0,22) width 39: "to delete."
                          RenderBR {BR} at (39,31) size 0x0
                    RenderTableRow {TR} at (0,204) size 224x8
                      RenderTableCell {TD} at (10,204) size 214x8 [r=3 c=1 rs=1 cs=1]
                        RenderImage {IMG} at (0,0) size 1x8
                RenderText {#text} at (0,0) size 0x0
              RenderBlock {P} at (2,32) size 224x214
                RenderText {#text} at (0,198) size 9x16
                  text run at (0,198) width 9: "X"
