layer at (0,0) size 800x600
  RenderView at (0,0) size 800x600
layer at (0,0) size 800x600
  RenderBlock {HTML} at (0,0) size 800x600
    RenderBody {BODY} at (8,8) size 784x584
      RenderTable {TABLE} at (0,0) size 102x48 [border: (5px outset #808080)]
        RenderTableSection {TBODY} at (5,5) size 92x38
          RenderTableRow {TR} at (0,2) size 92x34
            RenderTableCell {TD} at (2,2) size 88x34 [border: (1px inset #808080)] [r=0 c=0 rs=1 cs=1]
              RenderTable {TABLE} at (2,2) size 84x30 [border: (3px outset #808080)]
                RenderTableSection {TBODY} at (3,3) size 78x24
                  RenderTableRow {TR} at (0,2) size 78x20
                    RenderTableCell {TD} at (2,2) size 74x20 [border: (1px inset #808080)] [r=0 c=0 rs=1 cs=1]
                      RenderText {#text} at (2,2) size 70x16
                        text run at (2,2) width 70: "Inner Right"
      RenderTable {TABLE} at (0,48) size 93x48 [border: (5px outset #808080)]
        RenderTableSection {TBODY} at (5,5) size 83x38
          RenderTableRow {TR} at (0,2) size 83x34
            RenderTableCell {TD} at (2,2) size 79x34 [border: (1px inset #808080)] [r=0 c=0 rs=1 cs=1]
              RenderTable {TABLE} at (2,2) size 75x30 [border: (3px outset #808080)]
                RenderTableSection {TBODY} at (3,3) size 69x24
                  RenderTableRow {TR} at (0,2) size 69x20
                    RenderTableCell {TD} at (2,2) size 65x20 [border: (1px inset #808080)] [r=0 c=0 rs=1 cs=1]
                      RenderText {#text} at (2,2) size 61x16
                        text run at (2,2) width 61: "Inner Left"
