layer at (0,0) size 800x600
  RenderView at (0,0) size 800x600
layer at (0,0) size 800x600
  RenderBlock {HTML} at (0,0) size 800x600
    RenderBody {BODY} at (8,8) size 784x584 [bgcolor=#FFFFFF]
      RenderBlock {P} at (0,0) size 784x16
        RenderText {#text} at (0,0) size 137x16
          text run at (0,0) width 137: "A 101 pixel wide table"
      RenderTable {TABLE} at (0,30) size 101x35
        RenderTableSection {TBODY} at (0,0) size 101x35
          RenderTableRow {TR} at (0,1) size 101x16
            RenderTableCell {TD} at (1,1) size 24x16 [bgcolor=#000000] [r=0 c=0 rs=1 cs=1]
              RenderText {#text} at (0,0) size 4x16
                text run at (0,0) width 4: " "
            RenderTableCell {TD} at (26,1) size 24x16 [bgcolor=#000000] [r=0 c=1 rs=1 cs=1]
              RenderText {#text} at (0,0) size 4x16
                text run at (0,0) width 4: " "
            RenderTableCell {TD} at (51,1) size 24x16 [bgcolor=#000000] [r=0 c=2 rs=1 cs=1]
              RenderText {#text} at (0,0) size 4x16
                text run at (0,0) width 4: " "
            RenderTableCell {TD} at (76,1) size 24x16 [bgcolor=#000000] [r=0 c=3 rs=1 cs=1]
              RenderText {#text} at (0,0) size 4x16
                text run at (0,0) width 4: " "
          RenderTableRow {TR} at (0,18) size 101x16
            RenderTableCell {TD} at (1,18) size 49x16 [bgcolor=#000000] [r=1 c=0 rs=1 cs=2]
              RenderText {#text} at (0,0) size 4x16
                text run at (0,0) width 4: " "
            RenderTableCell {TD} at (51,18) size 49x16 [bgcolor=#000000] [r=1 c=2 rs=1 cs=2]
              RenderText {#text} at (0,0) size 4x16
                text run at (0,0) width 4: " "
      RenderBlock {P} at (0,79) size 784x16
        RenderText {#text} at (0,0) size 137x16
          text run at (0,0) width 137: "A 102 pixel wide table"
      RenderTable {TABLE} at (0,109) size 102x35
        RenderTableSection {TBODY} at (0,0) size 102x35
          RenderTableRow {TR} at (0,1) size 102x16
            RenderTableCell {TD} at (1,1) size 25x16 [bgcolor=#000000] [r=0 c=0 rs=1 cs=1]
              RenderText {#text} at (0,0) size 4x16
                text run at (0,0) width 4: " "
            RenderTableCell {TD} at (27,1) size 24x16 [bgcolor=#000000] [r=0 c=1 rs=1 cs=1]
              RenderText {#text} at (0,0) size 4x16
                text run at (0,0) width 4: " "
            RenderTableCell {TD} at (52,1) size 24x16 [bgcolor=#000000] [r=0 c=2 rs=1 cs=1]
              RenderText {#text} at (0,0) size 4x16
                text run at (0,0) width 4: " "
            RenderTableCell {TD} at (77,1) size 24x16 [bgcolor=#000000] [r=0 c=3 rs=1 cs=1]
              RenderText {#text} at (0,0) size 4x16
                text run at (0,0) width 4: " "
          RenderTableRow {TR} at (0,18) size 102x16
            RenderTableCell {TD} at (1,18) size 50x16 [bgcolor=#000000] [r=1 c=0 rs=1 cs=2]
              RenderText {#text} at (0,0) size 4x16
                text run at (0,0) width 4: " "
            RenderTableCell {TD} at (52,18) size 49x16 [bgcolor=#000000] [r=1 c=2 rs=1 cs=2]
              RenderText {#text} at (0,0) size 4x16
                text run at (0,0) width 4: " "
      RenderBlock {P} at (0,158) size 784x16
        RenderText {#text} at (0,0) size 137x16
          text run at (0,0) width 137: "A 103 pixel wide table"
      RenderTable {TABLE} at (0,188) size 103x35
        RenderTableSection {TBODY} at (0,0) size 103x35
          RenderTableRow {TR} at (0,1) size 103x16
            RenderTableCell {TD} at (1,1) size 25x16 [bgcolor=#000000] [r=0 c=0 rs=1 cs=1]
              RenderText {#text} at (0,0) size 4x16
                text run at (0,0) width 4: " "
            RenderTableCell {TD} at (27,1) size 25x16 [bgcolor=#000000] [r=0 c=1 rs=1 cs=1]
              RenderText {#text} at (0,0) size 4x16
                text run at (0,0) width 4: " "
            RenderTableCell {TD} at (53,1) size 24x16 [bgcolor=#000000] [r=0 c=2 rs=1 cs=1]
              RenderText {#text} at (0,0) size 4x16
                text run at (0,0) width 4: " "
            RenderTableCell {TD} at (78,1) size 24x16 [bgcolor=#000000] [r=0 c=3 rs=1 cs=1]
              RenderText {#text} at (0,0) size 4x16
                text run at (0,0) width 4: " "
          RenderTableRow {TR} at (0,18) size 103x16
            RenderTableCell {TD} at (1,18) size 51x16 [bgcolor=#000000] [r=1 c=0 rs=1 cs=2]
              RenderText {#text} at (0,0) size 4x16
                text run at (0,0) width 4: " "
            RenderTableCell {TD} at (53,18) size 49x16 [bgcolor=#000000] [r=1 c=2 rs=1 cs=2]
              RenderText {#text} at (0,0) size 4x16
                text run at (0,0) width 4: " "
      RenderBlock {P} at (0,237) size 784x16
        RenderText {#text} at (0,0) size 137x16
          text run at (0,0) width 137: "A 104 pixel wide table"
      RenderTable {TABLE} at (0,267) size 104x35
        RenderTableSection {TBODY} at (0,0) size 104x35
          RenderTableRow {TR} at (0,1) size 104x16
            RenderTableCell {TD} at (1,1) size 25x16 [bgcolor=#000000] [r=0 c=0 rs=1 cs=1]
              RenderText {#text} at (0,0) size 4x16
                text run at (0,0) width 4: " "
            RenderTableCell {TD} at (27,1) size 25x16 [bgcolor=#000000] [r=0 c=1 rs=1 cs=1]
              RenderText {#text} at (0,0) size 4x16
                text run at (0,0) width 4: " "
            RenderTableCell {TD} at (53,1) size 25x16 [bgcolor=#000000] [r=0 c=2 rs=1 cs=1]
              RenderText {#text} at (0,0) size 4x16
                text run at (0,0) width 4: " "
            RenderTableCell {TD} at (79,1) size 24x16 [bgcolor=#000000] [r=0 c=3 rs=1 cs=1]
              RenderText {#text} at (0,0) size 4x16
                text run at (0,0) width 4: " "
          RenderTableRow {TR} at (0,18) size 104x16
            RenderTableCell {TD} at (1,18) size 51x16 [bgcolor=#000000] [r=1 c=0 rs=1 cs=2]
              RenderText {#text} at (0,0) size 4x16
                text run at (0,0) width 4: " "
            RenderTableCell {TD} at (53,18) size 50x16 [bgcolor=#000000] [r=1 c=2 rs=1 cs=2]
              RenderText {#text} at (0,0) size 4x16
                text run at (0,0) width 4: " "
