layer at (0,0) size 165x454
  RenderView at (0,0) size 96x26
layer at (0,0) size 165x454
  RenderBlock {HTML} at (0,0) size 96x454
    RenderBody {BODY} at (8,8) size 80x438
      RenderTable {TABLE} at (0,0) size 80x438 [border: none]
        RenderTableSection {TBODY} at (0,0) size 79x437
          RenderTableRow {TR} at (0,0) size 79x19
            RenderTableCell {TH} at (0,0) size 11x19 [border: (1px solid #005A8C)] [r=0 c=0 rs=1 cs=1]
              RenderText {#text} at (2,2) size 28x16
                text run at (2,2) width 28: "Sun"
            RenderTableCell {TH} at (11,0) size 11x19 [border: (1px solid #005A8C)] [r=0 c=1 rs=1 cs=1]
              RenderText {#text} at (2,2) size 31x16
                text run at (2,2) width 31: "Mon"
            RenderTableCell {TH} at (22,0) size 11x19 [border: (1px solid #005A8C)] [r=0 c=2 rs=1 cs=1]
              RenderText {#text} at (2,2) size 25x16
                text run at (2,2) width 25: "Tue"
            RenderTableCell {TH} at (33,0) size 11x19 [border: (1px solid #005A8C)] [r=0 c=3 rs=1 cs=1]
              RenderText {#text} at (2,2) size 31x16
                text run at (2,2) width 31: "Wed"
            RenderTableCell {TH} at (44,0) size 11x19 [border: (1px solid #005A8C)] [r=0 c=4 rs=1 cs=1]
              RenderText {#text} at (2,2) size 26x16
                text run at (2,2) width 26: "Thu"
            RenderTableCell {TH} at (55,0) size 12x19 [border: (1px solid #005A8C)] [r=0 c=5 rs=1 cs=1]
              RenderText {#text} at (2,2) size 19x16
                text run at (2,2) width 19: "Fri"
            RenderTableCell {TH} at (67,0) size 12x19 [border: (1px solid #005A8C)] [r=0 c=6 rs=1 cs=1]
              RenderText {#text} at (2,2) size 23x16
                text run at (2,2) width 23: "Sat"
          RenderTableRow {TR} at (0,19) size 79x51
            RenderTableCell {TD} at (0,19) size 55x3 [border: (1px solid #005A8C)] [r=1 c=0 rs=1 cs=5]
            RenderTableCell {TD} at (55,19) size 12x35 [border: (1px solid #005A8C)] [r=1 c=5 rs=1 cs=1]
              RenderBlock {DIV} at (2,2) size 9x16
                RenderText {#text} at (0,0) size 8x16
                  text run at (0,0) width 8: "1"
              RenderBlock {DIV} at (2,18) size 9x16
                RenderText {#text} at (0,0) size 27x16
                  text run at (0,0) width 27: "7:50"
            RenderTableCell {TD} at (67,19) size 12x51 [border: (1px solid #005A8C)] [r=1 c=6 rs=1 cs=1]
              RenderBlock {DIV} at (2,2) size 9x16
                RenderText {#text} at (0,0) size 8x16
                  text run at (0,0) width 8: "2"
              RenderBlock (anonymous) at (2,18) size 9x32
                RenderText {#text} at (0,0) size 50x32
                  text run at (0,0) width 40: "Althea"
                  text run at (0,16) width 50: "Halliday"
                RenderBR {BR} at (0,0) size 0x0
          RenderTableRow {TR} at (0,70) size 79x131
            RenderTableCell {TD} at (0,70) size 11x67 [border: (1px solid #005A8C)] [r=2 c=0 rs=1 cs=1]
              RenderBlock {DIV} at (2,2) size 8x16
                RenderText {#text} at (0,0) size 8x16
                  text run at (0,0) width 8: "3"
              RenderBlock (anonymous) at (2,18) size 8x48
                RenderText {#text} at (0,0) size 61x16
                  text run at (0,0) width 61: "CHORTle"
                RenderBR {BR} at (0,0) size 0x0
                RenderText {#text} at (0,16) size 67x32
                  text run at (0,16) width 59: "Avondale"
                  text run at (0,32) width 67: "graduation"
            RenderTableCell {TD} at (11,70) size 11x35 [border: (1px solid #005A8C)] [r=2 c=1 rs=1 cs=1]
              RenderBlock {DIV} at (2,2) size 8x16
                RenderText {#text} at (0,0) size 8x16
                  text run at (0,0) width 8: "4"
              RenderBlock (anonymous) at (2,18) size 8x16
                RenderBR {BR} at (0,0) size 0x16
            RenderTableCell {TD} at (22,70) size 11x67 [border: (1px solid #005A8C)] [r=2 c=2 rs=1 cs=1]
              RenderBlock {DIV} at (2,2) size 8x16
                RenderText {#text} at (0,0) size 8x16
                  text run at (0,0) width 8: "5"
              RenderBlock (anonymous) at (2,18) size 8x48
                RenderText {#text} at (0,0) size 48x48
                  text run at (0,0) width 28: "SAC"
                  text run at (0,16) width 48: "Speech"
                  text run at (0,32) width 31: "night"
            RenderTableCell {TD} at (33,70) size 11x51 [border: (1px solid #005A8C)] [r=2 c=3 rs=1 cs=1]
              RenderBlock {DIV} at (2,2) size 8x16
                RenderText {#text} at (0,0) size 8x16
                  text run at (0,0) width 8: "6"
              RenderBlock (anonymous) at (2,18) size 8x32
                RenderText {#text} at (0,0) size 83x32
                  text run at (0,0) width 83: "Management"
                  text run at (0,16) width 64: "committee"
            RenderTableCell {TD} at (44,70) size 11x131 [border: (1px solid #005A8C)] [r=2 c=4 rs=1 cs=1]
              RenderBlock {DIV} at (2,2) size 8x16
                RenderText {#text} at (0,0) size 8x16
                  text run at (0,0) width 8: "7"
              RenderBlock (anonymous) at (2,18) size 8x112
                RenderText {#text} at (0,0) size 58x112
                  text run at (0,0) width 40: "Castle"
                  text run at (0,16) width 19: "Hill"
                  text run at (0,32) width 24: "and"
                  text run at (0,48) width 58: "Mountain"
                  text run at (0,64) width 30: "View"
                  text run at (0,80) width 48: "Speech"
                  text run at (0,96) width 38: "nights"
            RenderTableCell {TD} at (55,70) size 12x35 [border: (1px solid #005A8C)] [r=2 c=5 rs=1 cs=1]
              RenderBlock {DIV} at (2,2) size 9x16
                RenderText {#text} at (0,0) size 8x16
                  text run at (0,0) width 8: "8"
              RenderBlock {DIV} at (2,18) size 9x16
                RenderText {#text} at (0,0) size 27x16
                  text run at (0,0) width 27: "7:56"
            RenderTableCell {TD} at (67,70) size 12x35 [border: (1px solid #005A8C)] [r=2 c=6 rs=1 cs=1]
              RenderBlock {DIV} at (2,2) size 9x16
                RenderText {#text} at (0,0) size 8x16
                  text run at (0,0) width 8: "9"
              RenderBlock (anonymous) at (2,18) size 9x16
                RenderText {#text} at (0,0) size 88x16
                  text run at (0,0) width 88: "Reconciliation"
          RenderTableRow {TR} at (0,201) size 79x67
            RenderTableCell {TD} at (0,201) size 11x51 [border: (1px solid #005A8C)] [r=3 c=0 rs=1 cs=1]
              RenderBlock {DIV} at (2,2) size 8x16
                RenderText {#text} at (0,0) size 16x16
                  text run at (0,0) width 16: "10"
              RenderBlock (anonymous) at (2,18) size 8x32
                RenderText {#text} at (0,0) size 63x32
                  text run at (0,0) width 63: "Christmas"
                  text run at (0,16) width 32: "party"
                RenderBR {BR} at (0,0) size 0x0
            RenderTableCell {TD} at (11,201) size 11x35 [border: (1px solid #005A8C)] [r=3 c=1 rs=1 cs=1]
              RenderBlock {DIV} at (2,2) size 8x16
                RenderText {#text} at (0,0) size 16x16
                  text run at (0,0) width 16: "11"
              RenderBlock (anonymous) at (2,18) size 8x16
                RenderBR {BR} at (0,0) size 0x16
            RenderTableCell {TD} at (22,201) size 11x35 [border: (1px solid #005A8C)] [r=3 c=2 rs=1 cs=1]
              RenderBlock {DIV} at (2,2) size 8x16
                RenderText {#text} at (0,0) size 16x16
                  text run at (0,0) width 16: "12"
              RenderBlock (anonymous) at (2,18) size 8x16
                RenderBR {BR} at (0,0) size 0x16
            RenderTableCell {TD} at (33,201) size 11x67 [border: (1px solid #005A8C)] [r=3 c=3 rs=1 cs=1]
              RenderBlock {DIV} at (2,2) size 8x16
                RenderText {#text} at (0,0) size 16x16
                  text run at (0,0) width 16: "13"
              RenderBlock (anonymous) at (2,18) size 8x48
                RenderText {#text} at (0,0) size 69x48
                  text run at (0,0) width 69: "Community"
                  text run at (0,16) width 60: "Ministries"
                  text run at (0,32) width 64: "committee"
            RenderTableCell {TD} at (44,201) size 11x35 [border: (1px solid #005A8C)] [r=3 c=4 rs=1 cs=1]
              RenderBlock {DIV} at (2,2) size 8x16
                RenderText {#text} at (0,0) size 16x16
                  text run at (0,0) width 16: "14"
              RenderBlock (anonymous) at (2,18) size 8x16
                RenderBR {BR} at (0,0) size 0x16
            RenderTableCell {TD} at (55,201) size 12x35 [border: (1px solid #005A8C)] [r=3 c=5 rs=1 cs=1]
              RenderBlock {DIV} at (2,2) size 9x16
                RenderText {#text} at (0,0) size 16x16
                  text run at (0,0) width 16: "15"
              RenderBlock {DIV} at (2,18) size 9x16
                RenderText {#text} at (0,0) size 27x16
                  text run at (0,0) width 27: "8:02"
            RenderTableCell {TD} at (67,201) size 12x51 [border: (1px solid #005A8C)] [r=3 c=6 rs=1 cs=1]
              RenderBlock {DIV} at (2,2) size 9x16
                RenderText {#text} at (0,0) size 16x16
                  text run at (0,0) width 16: "16"
              RenderBlock (anonymous) at (2,18) size 9x32
                RenderText {#text} at (0,0) size 33x32
                  text run at (0,0) width 27: "Paul"
                  text run at (0,16) width 33: "Goltz"
                RenderBR {BR} at (0,0) size 0x0
          RenderTableRow {TR} at (0,268) size 79x83
            RenderTableCell {TD} at (0,268) size 11x35 [border: (1px solid #005A8C)] [r=4 c=0 rs=1 cs=1]
              RenderBlock {DIV} at (2,2) size 8x16
                RenderText {#text} at (0,0) size 16x16
                  text run at (0,0) width 16: "17"
              RenderBlock (anonymous) at (2,18) size 8x16
                RenderBR {BR} at (0,0) size 0x16
            RenderTableCell {TD} at (11,268) size 11x35 [border: (1px solid #005A8C)] [r=4 c=1 rs=1 cs=1]
              RenderBlock {DIV} at (2,2) size 8x16
                RenderText {#text} at (0,0) size 16x16
                  text run at (0,0) width 16: "18"
              RenderBlock (anonymous) at (2,18) size 8x16
                RenderBR {BR} at (0,0) size 0x16
            RenderTableCell {TD} at (22,268) size 11x83 [border: (1px solid #005A8C)] [r=4 c=2 rs=1 cs=1]
              RenderBlock {DIV} at (2,2) size 8x16
                RenderText {#text} at (0,0) size 16x16
                  text run at (0,0) width 16: "19"
              RenderBlock (anonymous) at (2,18) size 8x64
                RenderText {#text} at (0,0) size 41x64
                  text run at (0,0) width 25: "End"
                  text run at (0,16) width 41: "school"
                  text run at (0,32) width 28: "term"
                  text run at (0,48) width 8: "4"
            RenderTableCell {TD} at (33,268) size 11x35 [border: (1px solid #005A8C)] [r=4 c=3 rs=1 cs=1]
              RenderBlock {DIV} at (2,2) size 8x16
                RenderText {#text} at (0,0) size 16x16
                  text run at (0,0) width 16: "20"
              RenderBlock (anonymous) at (2,18) size 8x16
                RenderBR {BR} at (0,0) size 0x16
            RenderTableCell {TD} at (44,268) size 11x35 [border: (1px solid #005A8C)] [r=4 c=4 rs=1 cs=1]
              RenderBlock {DIV} at (2,2) size 8x16
                RenderText {#text} at (0,0) size 16x16
                  text run at (0,0) width 16: "21"
              RenderBlock (anonymous) at (2,18) size 8x16
                RenderBR {BR} at (0,0) size 0x16
            RenderTableCell {TD} at (55,268) size 12x35 [border: (1px solid #005A8C)] [r=4 c=5 rs=1 cs=1]
              RenderBlock {DIV} at (2,2) size 9x16
                RenderText {#text} at (0,0) size 16x16
                  text run at (0,0) width 16: "22"
              RenderBlock {DIV} at (2,18) size 9x16
                RenderText {#text} at (0,0) size 27x16
                  text run at (0,0) width 27: "8:06"
            RenderTableCell {TD} at (67,268) size 12x51 [border: (1px solid #005A8C)] [r=4 c=6 rs=1 cs=1]
              RenderBlock {DIV} at (2,2) size 9x16
                RenderText {#text} at (0,0) size 16x16
                  text run at (0,0) width 16: "23"
              RenderBlock (anonymous) at (2,18) size 9x32
                RenderText {#text} at (0,0) size 72x32
                  text run at (0,0) width 63: "Christmas"
                  text run at (0,16) width 72: "programme"
                RenderBR {BR} at (0,0) size 0x0
          RenderTableRow {TR} at (0,351) size 79x51
            RenderTableCell {TD} at (0,351) size 11x35 [border: (1px solid #005A8C)] [r=5 c=0 rs=1 cs=1]
              RenderBlock {DIV} at (2,2) size 8x16
                RenderText {#text} at (0,0) size 16x16
                  text run at (0,0) width 16: "24"
              RenderBlock (anonymous) at (2,18) size 8x16
                RenderBR {BR} at (0,0) size 0x16
            RenderTableCell {TD} at (11,351) size 11x51 [border: (1px solid #005A8C)] [r=5 c=1 rs=1 cs=1]
              RenderBlock {DIV} at (2,2) size 8x16
                RenderText {#text} at (0,0) size 16x16
                  text run at (0,0) width 16: "25"
              RenderBlock (anonymous) at (2,18) size 8x32
                RenderText {#text} at (0,0) size 63x32
                  text run at (0,0) width 63: "Christmas"
                  text run at (0,16) width 23: "day"
                RenderBR {BR} at (0,0) size 0x0
            RenderTableCell {TD} at (22,351) size 11x51 [border: (1px solid #005A8C)] [r=5 c=2 rs=1 cs=1]
              RenderBlock {DIV} at (2,2) size 8x16
                RenderText {#text} at (0,0) size 16x16
                  text run at (0,0) width 16: "26"
              RenderBlock (anonymous) at (2,18) size 8x32
                RenderText {#text} at (0,0) size 43x32
                  text run at (0,0) width 43: "Boxing"
                  text run at (0,16) width 23: "day"
                RenderBR {BR} at (0,0) size 0x0
            RenderTableCell {TD} at (33,351) size 11x35 [border: (1px solid #005A8C)] [r=5 c=3 rs=1 cs=1]
              RenderBlock {DIV} at (2,2) size 8x16
                RenderText {#text} at (0,0) size 16x16
                  text run at (0,0) width 16: "27"
              RenderBlock (anonymous) at (2,18) size 8x16
                RenderBR {BR} at (0,0) size 0x16
            RenderTableCell {TD} at (44,351) size 11x35 [border: (1px solid #005A8C)] [r=5 c=4 rs=1 cs=1]
              RenderBlock {DIV} at (2,2) size 8x16
                RenderText {#text} at (0,0) size 16x16
                  text run at (0,0) width 16: "28"
              RenderBlock (anonymous) at (2,18) size 8x16
                RenderBR {BR} at (0,0) size 0x16
            RenderTableCell {TD} at (55,351) size 12x35 [border: (1px solid #005A8C)] [r=5 c=5 rs=1 cs=1]
              RenderBlock {DIV} at (2,2) size 9x16
                RenderText {#text} at (0,0) size 16x16
                  text run at (0,0) width 16: "29"
              RenderBlock {DIV} at (2,18) size 9x16
                RenderText {#text} at (0,0) size 27x16
                  text run at (0,0) width 27: "8:09"
            RenderTableCell {TD} at (67,351) size 12x51 [border: (1px solid #005A8C)] [r=5 c=6 rs=1 cs=1]
              RenderBlock {DIV} at (2,2) size 9x16
                RenderText {#text} at (0,0) size 16x16
                  text run at (0,0) width 16: "30"
              RenderBlock (anonymous) at (2,18) size 9x32
                RenderText {#text} at (0,0) size 48x32
                  text run at (0,0) width 36: "David"
                  text run at (0,16) width 48: "Holman"
                RenderBR {BR} at (0,0) size 0x0
          RenderTableRow {TR} at (0,402) size 79x35
            RenderTableCell {TD} at (0,402) size 11x35 [border: (1px solid #005A8C)] [r=6 c=0 rs=1 cs=1]
              RenderBlock {DIV} at (2,2) size 8x16
                RenderText {#text} at (0,0) size 16x16
                  text run at (0,0) width 16: "31"
              RenderBlock (anonymous) at (2,18) size 8x16
                RenderBR {BR} at (0,0) size 0x16
            RenderTableCell {TD} at (11,402) size 68x3 [border: (1px solid #005A8C)] [r=6 c=1 rs=1 cs=6]
