layer at (0,0) size 314x132
  RenderView at (0,0) size 96x26
layer at (0,0) size 314x132
  RenderBlock {HTML} at (0,0) size 96x132
    RenderBody {BODY} at (8,8) size 80x116
      RenderBlock {FORM} at (0,0) size 80x52
        RenderButton {INPUT} at (2,0) size 299x25 [bgcolor=#C0C0C0] [border: (2px outset #C0C0C0)]
          RenderBlock (anonymous) at (8,4) size 283x16
            RenderText at (0,0) size 283x16
              text run at (0,0) width 283: "[Step 1] Set cell width to 60px (nothing seen)"
        RenderButton {INPUT} at (2,27) size 304x25 [bgcolor=#C0C0C0] [border: (2px outset #C0C0C0)]
          RenderBlock (anonymous) at (8,4) size 288x16
            RenderText at (0,0) size 288x16
              text run at (0,0) width 288: "[Step 2] Set cell width to 20px (garbage seen)"
      RenderTable {TABLE} at (0,66) size 34x50
        RenderTableSection {TBODY} at (0,0) size 34x50
          RenderTableRow {TR} at (0,2) size 34x22
            RenderTableCell {TD} at (2,2) size 14x22 [border: (2px solid #000000)] [r=0 c=0 rs=1 cs=1]
              RenderText {#text} at (3,3) size 8x16
                text run at (3,3) width 8: "1"
            RenderTableCell {TD} at (18,2) size 14x22 [border: (2px solid #000000)] [r=0 c=1 rs=1 cs=1]
              RenderText {#text} at (3,3) size 8x16
                text run at (3,3) width 8: "2"
          RenderTableRow {TR} at (0,26) size 34x22
            RenderTableCell {TD} at (2,26) size 14x22 [border: (2px solid #000000)] [r=1 c=0 rs=1 cs=1]
              RenderText {#text} at (3,3) size 8x16
                text run at (3,3) width 8: "2"
            RenderTableCell {TD} at (18,26) size 14x22 [border: (2px solid #000000)] [r=1 c=1 rs=1 cs=1]
              RenderText {#text} at (3,3) size 8x16
                text run at (3,3) width 8: "2"
