layer at (0,0) size 800x600
  RenderView at (0,0) size 800x600
layer at (0,0) size 800x600
  RenderBlock {HTML} at (0,0) size 800x600
    RenderBody {BODY} at (8,8) size 784x584
      RenderBlock {P} at (0,0) size 784x16
        RenderText {#text} at (0,0) size 393x16
          text run at (0,0) width 393: "The table below takes out the nowrap with the cell of 1% width."
      RenderTable {TABLE} at (0,30) size 675x59
        RenderTableSection {TBODY} at (0,0) size 675x59
          RenderTableRow {TR} at (0,0) size 675x59 [bgcolor=#9999CC]
            RenderTableCell {TD} at (0,17) size 636x24 [r=0 c=0 rs=1 cs=1]
              RenderInline {FONT} at (0,0) size 141x19
                RenderInline {B} at (0,0) size 141x19
                  RenderText {#text} at (2,2) size 141x19
                    text run at (2,2) width 141: "Technology News"
              RenderInline {FONT} at (0,0) size 146x12
                RenderText {#text} at (143,8) size 146x12
                  text run at (143,8) width 50: " - updated "
                  text run at (193,8) width 96: "12:15 PM ET Oct 24"
              RenderText {#text} at (0,0) size 0x0
            RenderTableCell {TD} at (636,0) size 39x59 [r=0 c=1 rs=1 cs=1]
              RenderTable {TABLE} at (2,2) size 35x55
                RenderTableSection {TBODY} at (0,0) size 35x55
                  RenderTableRow {TR} at (0,0) size 35x55
                    RenderTableCell {TD} at (0,0) size 35x55 [bgcolor=#CCCCFF] [r=0 c=0 rs=1 cs=1]
                      RenderImage {IMG} at (3,3) size 16x16
                      RenderInline {FONT} at (0,0) size 29x33
                        RenderInline {A} at (0,0) size 29x33 [color=#0000EE]
                          RenderText {#text} at (3,19) size 29x33
                            text run at (3,19) width 27: "Add to"
                            text run at (3,30) width 13: "My"
                            text run at (3,41) width 29: "Yahoo!"
                      RenderText {#text} at (0,0) size 0x0
      RenderBlock {P} at (0,103) size 784x16
        RenderText {#text} at (0,0) size 462x16
          text run at (0,0) width 462: "The table below leaves in the nowrap but take out the 1% width in the cell."
      RenderTable {TABLE} at (0,133) size 675x26
        RenderTableSection {TBODY} at (0,0) size 675x26
          RenderTableRow {TR} at (0,0) size 675x26 [bgcolor=#9999CC]
            RenderTableCell {TD} at (0,1) size 497x24 [r=0 c=0 rs=1 cs=1]
              RenderInline {FONT} at (0,0) size 141x19
                RenderInline {B} at (0,0) size 141x19
                  RenderText {#text} at (2,2) size 141x19
                    text run at (2,2) width 141: "Technology News"
              RenderInline {FONT} at (0,0) size 146x12
                RenderText {#text} at (143,8) size 146x12
                  text run at (143,8) width 50: " - updated "
                  text run at (193,8) width 96: "12:15 PM ET Oct 24"
              RenderText {#text} at (0,0) size 0x0
            RenderTableCell {TD} at (497,0) size 178x26 [r=0 c=1 rs=1 cs=1]
              RenderTable {TABLE} at (2,2) size 100x22
                RenderTableSection {TBODY} at (0,0) size 100x22
                  RenderTableRow {TR} at (0,0) size 100x22
                    RenderTableCell {TD} at (0,0) size 100x22 [bgcolor=#CCCCFF] [r=0 c=0 rs=1 cs=1]
                      RenderImage {IMG} at (3,3) size 16x16
                      RenderInline {FONT} at (0,0) size 75x11
                        RenderInline {A} at (0,0) size 75x11 [color=#0000EE]
                          RenderText {#text} at (22,3) size 75x11
                            text run at (22,3) width 75: "Add to My Yahoo!"
                      RenderText {#text} at (0,0) size 0x0
