layer at (0,0) size 96x112
  RenderView at (0,0) size 96x26
layer at (0,0) size 96x112
  RenderBlock {HTML} at (0,0) size 96x112
    RenderBody {BODY} at (8,8) size 80x90
      RenderBlock {FORM} at (0,0) size 80x90
        RenderTable {TABLE} at (0,0) size 80x90 [border: (1px outset #808080)]
          RenderTableSection {TBODY} at (1,1) size 78x88
            RenderTableRow {TR} at (0,2) size 78x84
              RenderTableCell {TD} at (2,2) size 74x84 [border: (1px inset #808080)] [r=0 c=0 rs=1 cs=1]
                RenderText {#text} at (23,2) size 60x80
                  text run at (23,2) width 27: "This"
                  text run at (7,18) width 60: "should be"
                  text run at (19,34) width 35: "in the"
                  text run at (9,50) width 56: "center of"
                  text run at (7,66) width 59: "the page."
