layer at (0,0) size 632x145
  RenderView at (0,0) size 96x26
layer at (0,0) size 632x145
  RenderBlock {HTML} at (0,0) size 96x145
    RenderBody {BODY} at (8,8) size 80x129
      RenderTable {TABLE} at (0,0) size 624x129
        RenderTableSection {TBODY} at (0,0) size 624x129
          RenderTableRow {TR} at (0,2) size 624x60
            RenderTableCell {TD} at (2,2) size 150x1 [r=0 c=0 rs=2 cs=1]
              RenderImage {IMG} at (0,0) size 150x1
            RenderTableCell {TD} at (154,2) size 468x60 [r=0 c=1 rs=1 cs=2]
              RenderImage {IMG} at (0,0) size 468x60
          RenderTableRow {TR} at (0,64) size 624x63
            RenderTableCell {TD} at (154,64) size 297x63 [r=1 c=1 rs=1 cs=1]
              RenderTable {TABLE} at (0,0) size 297x63
                RenderTableSection {TBODY} at (0,0) size 297x63
                  RenderTableRow {TR} at (0,0) size 297x9
                    RenderTableCell {TD} at (0,0) size 297x9 [r=0 c=0 rs=1 cs=2]
                      RenderImage {IMG} at (3,3) size 126x3
                      RenderText {#text} at (0,0) size 0x0
                  RenderTableRow {TR} at (0,9) size 297x54
                    RenderTableCell {TD} at (0,9) size 149x38 [r=1 c=0 rs=1 cs=1]
                      RenderText {#text} at (3,3) size 127x32
                        text run at (3,3) width 127: "New WidgetMasters"
                        text run at (3,19) width 79: "every Week!"
                    RenderTableCell {TD} at (149,9) size 148x54 [r=1 c=1 rs=1 cs=1]
                      RenderText {#text} at (3,3) size 140x48
                        text run at (3,3) width 115: "WidgetMaster can"
                        text run at (3,19) width 132: "build your company a"
                        text run at (3,35) width 140: "custom WidgetMaster!"
            RenderTableCell {TD} at (453,64) size 169x20 [r=1 c=2 rs=1 cs=1]
              RenderTable {TABLE} at (0,0) size 25x20 [border: (1px outset #808080)]
                RenderTableSection {TBODY} at (1,1) size 23x18
                  RenderTableRow {TR} at (0,0) size 23x18
                    RenderTableCell {TD} at (0,0) size 23x18 [border: (1px inset #808080)] [r=0 c=0 rs=1 cs=1]
                      RenderText {#text} at (1,1) size 21x16
                        text run at (1,1) width 21: "cell"
