layer at (0,0) size 96x150
  RenderView at (0,0) size 96x26
layer at (0,0) size 96x150
  RenderBlock {HTML} at (0,0) size 96x150
    RenderBody {BODY} at (8,8) size 80x134
      RenderTable {TABLE} at (0,0) size 80x134 [border: (1px outset #808080)]
        RenderTableSection {TBODY} at (1,1) size 78x132
          RenderTableRow {TR} at (0,0) size 78x66
            RenderTableCell {TD} at (0,0) size 78x66 [border: (1px inset #808080)] [r=0 c=0 rs=1 cs=1]
              RenderText {#text} at (1,1) size 62x64
                text run at (1,1) width 60: "Table cell"
                text run at (1,17) width 44: "without"
                text run at (1,33) width 39: "height"
                text run at (1,49) width 62: "restriction"
          RenderTableRow {TR} at (0,66) size 78x66
            RenderTableCell {TD} at (0,66) size 78x66 [border: (1px inset #808080)] [r=1 c=0 rs=1 cs=1]
              RenderText {#text} at (1,1) size 67x64
                text run at (1,1) width 61: "This table"
                text run at (1,17) width 66: "cell should"
                text run at (1,33) width 67: "be 5 pixels"
                text run at (1,49) width 27: "high"
