layer at (0,0) size 96x154
  RenderView at (0,0) size 96x26
layer at (0,0) size 96x154
  RenderBlock {HTML} at (0,0) size 96x154
    RenderBody {BODY} at (8,8) size 80x138
      RenderTable {TABLE} at (0,0) size 80x138 [border: (1px outset #808080)]
        RenderTableSection {TBODY} at (1,1) size 78x136
          RenderTableRow {TR} at (0,2) size 78x132
            RenderTableCell {TD} at (2,2) size 36x132 [border: (1px inset #808080)] [r=0 c=0 rs=1 cs=1]
              RenderText {#text} at (2,2) size 21x128
                text run at (2,2) width 21: "xxx"
                text run at (2,18) width 21: "xxx"
                text run at (2,34) width 21: "xxx"
                text run at (2,50) width 21: "xxx"
                text run at (2,66) width 21: "xxx"
                text run at (2,82) width 21: "xxx"
                text run at (2,98) width 21: "xxx"
                text run at (2,114) width 21: "xxx"
            RenderTableCell {TD} at (40,2) size 36x132 [border: (1px inset #808080)] [r=0 c=1 rs=1 cs=1]
              RenderText {#text} at (2,2) size 21x128
                text run at (2,2) width 21: "xxx"
                text run at (2,18) width 21: "xxx"
                text run at (2,34) width 21: "xxx"
                text run at (2,50) width 21: "xxx"
                text run at (2,66) width 21: "xxx"
                text run at (2,82) width 21: "xxx"
                text run at (2,98) width 21: "xxx"
                text run at (2,114) width 21: "xxx"
