layer at (0,0) size 608x598
  RenderView at (0,0) size 96x26
layer at (0,0) size 608x598
  RenderBlock {HTML} at (0,0) size 96x598
    RenderBody {BODY} at (8,8) size 80x576 [bgcolor=#FFFFFF]
      RenderBlock {H3} at (0,0) size 80x108
        RenderText {#text} at (0,0) size 69x90
          text run at (0,0) width 69: "Testcase"
          text run at (0,18) width 55: "for bug"
          text run at (0,36) width 45: "5538 -"
          text run at (0,54) width 59: "distilled"
          text run at (0,72) width 35: "from"
        RenderInline {A} at (0,0) size 106x18 [color=#0000EE]
          RenderText {#text} at (0,90) size 106x18
            text run at (0,90) width 106: "www.fool.com"
      RenderTable {TABLE} at (0,124) size 600x89
        RenderTableSection {TBODY} at (0,0) size 600x89
          RenderTableRow {TR} at (0,0) size 600x89
            RenderTableCell {TD} at (0,0) size 128x89 [bgcolor=#336699] [r=0 c=0 rs=1 cs=1]
              RenderInline {A} at (0,0) size 128x13 [color=#0000EE]
                RenderImage {IMG} at (0,0) size 128x89
            RenderTableCell {TD} at (128,44) size 472x0 [r=0 c=1 rs=1 cs=1]
      RenderTable {TABLE} at (0,213) size 600x18
        RenderTableSection {TBODY} at (0,0) size 600x18
          RenderTableRow {TR} at (0,0) size 600x18
            RenderTableCell {TD} at (0,0) size 600x18 [r=0 c=0 rs=1 cs=1]
              RenderImage {IMG} at (0,0) size 348x18
              RenderInline {MAP} at (0,0) size 0x13
              RenderImage {IMG} at (348,0) size 88x18
              RenderImage {IMG} at (436,0) size 55x18
      RenderBlock {P} at (0,245) size 80x331
        RenderBlock (anonymous) at (0,0) size 80x224
          RenderText {#text} at (0,0) size 79x112
            text run at (0,0) width 37: "When"
            text run at (0,16) width 79: "removing <A"
            text run at (0,32) width 73: "HREF=\"...\">"
            text run at (0,48) width 74: "surrounding"
            text run at (0,64) width 69: "logo image"
            text run at (0,80) width 65: "in first row"
            text run at (0,96) width 24: "and"
          RenderBR {BR} at (24,109) size 0x0
          RenderText {#text} at (0,112) size 73x96
            text run at (0,112) width 58: "removing"
            text run at (0,128) width 46: "<MAP>"
            text run at (0,144) width 65: "element in"
            text run at (0,160) width 73: "second row"
            text run at (0,176) width 68: "it looks OK"
            text run at (0,192) width 38: "to me:"
          RenderBR {BR} at (38,205) size 0x0
          RenderBR {BR} at (0,208) size 0x16
        RenderTable {TABLE} at (0,224) size 600x89
          RenderTableSection {TBODY} at (0,0) size 600x89
            RenderTableRow {TR} at (0,0) size 600x89
              RenderTableCell {TD} at (0,0) size 128x89 [bgcolor=#336699] [r=0 c=0 rs=1 cs=1]
                RenderImage {IMG} at (0,0) size 128x89
              RenderTableCell {TD} at (128,44) size 472x0 [r=0 c=1 rs=1 cs=1]
        RenderTable {TABLE} at (0,313) size 600x18
          RenderTableSection {TBODY} at (0,0) size 600x18
            RenderTableRow {TR} at (0,0) size 600x18
              RenderTableCell {TD} at (0,0) size 600x18 [r=0 c=0 rs=1 cs=1]
                RenderImage {IMG} at (0,0) size 348x18
                RenderImage {IMG} at (348,0) size 88x18
                RenderImage {IMG} at (436,0) size 55x18
