layer at (0,0) size 96x1148
  RenderView at (0,0) size 96x26
layer at (0,0) size 96x1148
  RenderBlock {HTML} at (0,0) size 96x1148
    RenderBody {BODY} at (8,8) size 80x1132
      RenderTable {TABLE} at (0,0) size 4x1078
      RenderTable {TABLE} at (0,1078) size 80x38
        RenderTableSection {TBODY} at (0,0) size 80x38
          RenderTableRow {TR} at (0,2) size 80x34
            RenderTableCell {TD} at (2,2) size 76x34 [r=0 c=0 rs=1 cs=1]
              RenderText {#text} at (1,1) size 56x32
                text run at (1,1) width 56: "I'm down"
                text run at (1,17) width 33: "here!"
      RenderBlock (anonymous) at (0,1116) size 80x16
        RenderText {#text} at (0,0) size 56x16
          text run at (0,0) width 56: "The end."
        RenderText {#text} at (0,0) size 0x0
        RenderText {#text} at (0,0) size 0x0
