layer at (0,0) size 96x146
  RenderView at (0,0) size 96x26
layer at (0,0) size 96x146
  RenderBlock {HTML} at (0,0) size 96x146
    RenderBody {BODY} at (8,8) size 80x130 [bgcolor=#C0C0C0]
      RenderTable {TABLE} at (0,0) size 80x130 [border: (5px outset #808080)]
        RenderTableSection {TBODY} at (5,5) size 70x120
          RenderTableRow {TR} at (0,2) size 70x116
            RenderTableCell {TD} at (2,2) size 66x116 [border: (1px inset #808080)] [r=0 c=0 rs=1 cs=1]
              RenderText {#text} at (2,2) size 61x112
                text run at (2,2) width 61: "This table"
                text run at (2,18) width 61: "is set to a"
                text run at (2,34) width 55: "height of"
                text run at (2,50) width 51: "100%. It"
                text run at (2,66) width 41: "should"
                text run at (2,82) width 60: "just fit the"
                text run at (2,98) width 35: "page."
