layer at (0,0) size 96x58
  RenderView at (0,0) size 96x26
layer at (0,0) size 96x58
  RenderBlock {HTML} at (0,0) size 96x58
    RenderBody {BODY} at (8,8) size 80x42
      RenderBlock (anonymous) at (0,0) size 80x16
        RenderText {#text} at (0,0) size 40x16
          text run at (0,0) width 40: "25016"
      RenderTable {TABLE} at (0,16) size 38x26
        RenderBlock {CAPTION} at (0,0) size 38x0
        RenderTableSection {TBODY} at (0,0) size 38x26
          RenderTableRow {TR} at (0,2) size 38x18
            RenderTableCell {TD} at (2,2) size 34x18 [r=0 c=0 rs=1 cs=1]
              RenderText {#text} at (1,1) size 32x16
                text run at (1,1) width 32: "4659"
          RenderTableRow {TR} at (0,22) size 38x2
            RenderTableCell {TH} at (2,22) size 34x2 [r=1 c=0 rs=1 cs=1]
        RenderTableCol {COLGROUP} at (0,0) size 0x0
