layer at (0,0) size 134x104
  RenderView at (0,0) size 96x26
layer at (0,0) size 134x104
  RenderBlock {HTML} at (0,0) size 96x104
    RenderBody {BODY} at (8,8) size 80x88
      RenderBlock {P} at (0,0) size 80x0
        RenderInline {SH} at (0,0) size 0x0
          RenderInline {SH} at (0,0) size 0x0
            RenderText {#text} at (0,0) size 0x0
      RenderBlock {P} at (0,0) size 80x16
        RenderText {#text} at (0,0) size 12x16
          text run at (0,0) width 12: "M"
      RenderBlock {P} at (0,30) size 80x40
        RenderImage {IMG} at (0,0) size 126x40
        RenderText {#text} at (0,0) size 0x0
      RenderTable {TABLE} at (0,84) size 6x4 [border: (1px outset #808080)]
        RenderTableSection {TBODY} at (1,1) size 4x2
