layer at (0,0) size 800x600
  RenderView at (0,0) size 800x600
layer at (0,0) size 800x600
  RenderBlock {HTML} at (0,0) size 800x600
    RenderBody {BODY} at (8,8) size 784x584
      RenderBlock (anonymous) at (0,0) size 784x16
        RenderInline {A} at (0,0) size 28x16 [color=#0000EE]
          RenderText {#text} at (0,0) size 28x16
            text run at (0,0) width 28: "note"
        RenderText {#text} at (28,0) size 4x16
          text run at (28,0) width 4: " "
        RenderInline {A} at (0,0) size 72x16 [color=#0000EE]
          RenderText {#text} at (32,0) size 72x16
            text run at (32,0) width 72: "closepopup"
        RenderText {#text} at (0,0) size 0x0
      RenderTable {TABLE} at (0,16) size 40x26 [border: (1px outset #808080)]
        RenderTableSection {TBODY} at (1,1) size 38x24
          RenderTableRow {TR} at (0,2) size 38x20
            RenderTableCell {TD} at (2,2) size 34x20 [border: (1px inset #808080)] [r=0 c=0 rs=1 cs=1]
              RenderText {#text} at (2,2) size 30x16
                text run at (2,2) width 30: "table"
layer at (8,24) size 18x16
  RenderBlock (positioned) {DIV} at (8,24) size 18x16
    RenderText {#text} at (0,0) size 18x16
      text run at (0,0) width 18: "div"
