layer at (0,0) size 800x600
  RenderView at (0,0) size 800x600
layer at (0,0) size 800x600
  RenderBlock {HTML} at (0,0) size 800x600
    RenderBody {BODY} at (8,8) size 784x584 [bgcolor=#FFCC00]
      RenderTable {TABLE} at (0,0) size 600x20 [border: (1px outset #808080)]
        RenderTableSection {TBODY} at (1,1) size 598x18
          RenderTableRow {TR} at (0,0) size 598x18
            RenderTableCell {TD} at (0,0) size 132x18 [border: (1px inset #808080)] [r=0 c=0 rs=1 cs=1]
              RenderInline {B} at (0,0) size 83x16
                RenderText {#text} at (1,1) size 83x16
                  text run at (1,1) width 83: "MERCHANT"
            RenderTableCell {TD} at (132,7) size 5x3 [border: (1px inset #808080)] [r=0 c=1 rs=1 cs=1]
              RenderImage {IMG} at (1,1) size 1x1
            RenderTableCell {TD} at (137,0) size 304x18 [border: (1px inset #808080)] [r=0 c=2 rs=1 cs=1]
              RenderInline {B} at (0,0) size 101x16
                RenderText {#text} at (101,1) size 101x16
                  text run at (101,1) width 101: "DESCRIPTION"
            RenderTableCell {TD} at (441,7) size 5x3 [border: (1px inset #808080)] [r=0 c=3 rs=1 cs=1]
              RenderImage {IMG} at (1,1) size 1x1
            RenderTableCell {TD} at (446,0) size 78x18 [border: (1px inset #808080)] [r=0 c=4 rs=1 cs=1]
              RenderInline {B} at (0,0) size 45x16
                RenderText {#text} at (32,1) size 45x16
                  text run at (32,1) width 45: "PRICE"
            RenderTableCell {TD} at (524,7) size 5x3 [border: (1px inset #808080)] [r=0 c=5 rs=1 cs=1]
              RenderImage {IMG} at (1,1) size 1x1
            RenderTableCell {TD} at (529,0) size 69x18 [border: (1px inset #808080)] [r=0 c=6 rs=1 cs=1]
              RenderInline {B} at (0,0) size 36x16
                RenderText {#text} at (16,1) size 36x16
                  text run at (16,1) width 36: "INFO"
      RenderTable {TABLE} at (0,20) size 600x23 [border: (1px outset #808080)]
        RenderTableSection {TBODY} at (1,1) size 598x21
          RenderTableRow {TR} at (0,0) size 598x18
            RenderTableCell {TD} at (0,1) size 132x15 [border: (1px inset #808080)] [r=0 c=0 rs=1 cs=1]
              RenderInline {FONT} at (0,0) size 78x12
                RenderText {#text} at (1,1) size 78x12
                  text run at (1,1) width 78: "American Starlex"
            RenderTableCell {TD} at (132,7) size 5x3 [border: (1px inset #808080)] [r=0 c=1 rs=1 cs=1]
              RenderImage {IMG} at (1,1) size 1x1
            RenderTableCell {TD} at (137,1) size 304x15 [border: (1px inset #808080)] [r=0 c=2 rs=1 cs=1]
              RenderInline {FONT} at (0,0) size 211x12
                RenderText {#text} at (1,1) size 211x12
                  text run at (1,1) width 211: "Digital_Cameras DC200 New|In stock; Kodak"
            RenderTableCell {TD} at (441,7) size 5x3 [border: (1px inset #808080)] [r=0 c=3 rs=1 cs=1]
              RenderImage {IMG} at (1,1) size 1x1
            RenderTableCell {TD} at (446,1) size 78x15 [border: (1px inset #808080)] [r=0 c=4 rs=1 cs=1]
              RenderInline {FONT} at (0,0) size 39x12
                RenderText {#text} at (38,1) size 39x12
                  text run at (38,1) width 39: "$270.00"
            RenderTableCell {TD} at (524,7) size 5x3 [border: (1px inset #808080)] [r=0 c=5 rs=1 cs=1]
              RenderImage {IMG} at (1,1) size 1x1
            RenderTableCell {TD} at (529,0) size 69x18 [border: (1px inset #808080)] [r=0 c=6 rs=1 cs=1]
              RenderText {#text} at (18,1) size 33x16
                text run at (18,1) width 33: "More"
          RenderTableRow {TR} at (0,18) size 598x3
            RenderTableCell {TD} at (0,18) size 598x3 [bgcolor=#000000] [border: (1px inset #808080)] [r=1 c=0 rs=1 cs=8]
              RenderImage {IMG} at (1,1) size 1x1
