layer at (0,0) size 96x316
  RenderView at (0,0) size 96x26
layer at (0,0) size 96x316
  RenderBlock {HTML} at (0,0) size 96x316
    RenderBody {BODY} at (8,8) size 80x300
      RenderTable {TABLE} at (0,0) size 80x300 [bgcolor=#FF0000]
        RenderTableSection {TBODY} at (0,0) size 80x300
          RenderTableRow {TR} at (0,2) size 80x296
            RenderTableCell {TD} at (2,141) size 76x18 [r=0 c=0 rs=1 cs=1]
              RenderText {#text} at (1,1) size 24x16
                text run at (1,1) width 24: "Foo"
