layer at (0,0) size 524x23276
  RenderView at (0,0) size 96x26
layer at (0,0) size 524x23276
  RenderBlock {HTML} at (0,0) size 96x23276
    RenderBody {BODY} at (8,8) size 80x23260
      RenderTable {TABLE} at (0,0) size 516x23260 [border: (1px outset #808080)]
        RenderTableSection {TBODY} at (1,1) size 514x23258
          RenderTableRow {TR} at (0,2) size 514x1222
            RenderTableCell {TD} at (2,594) size 34x38 [border: (1px inset #808080)] [r=0 c=0 rs=1 cs=1]
              RenderText {#text} at (12,11) size 9x16
                text run at (12,11) width 9: "A"
            RenderTableCell {TD} at (38,589) size 427x47 [border: (1px inset #808080)] [r=0 c=1 rs=1 cs=1]
              RenderImage {IMG} at (175,11) size 76x25
            RenderTableCell {TD} at (467,2) size 45x1222 [border: (1px inset #808080)] [r=0 c=2 rs=1 cs=1]
              RenderText {#text} at (11,11) size 23x1200
                text run at (11,11) width 23: "test"
                text run at (11,27) width 23: "test"
                text run at (11,43) width 23: "test"
                text run at (11,59) width 23: "test"
                text run at (11,75) width 23: "test"
                text run at (11,91) width 23: "test"
                text run at (11,107) width 23: "test"
                text run at (11,123) width 23: "test"
                text run at (11,139) width 23: "test"
                text run at (11,155) width 23: "test"
                text run at (11,171) width 23: "test"
                text run at (11,187) width 23: "test"
                text run at (11,203) width 23: "test"
                text run at (11,219) width 23: "test"
                text run at (11,235) width 23: "test"
                text run at (11,251) width 23: "test"
                text run at (11,267) width 23: "test"
                text run at (11,283) width 23: "test"
                text run at (11,299) width 23: "test"
                text run at (11,315) width 23: "test"
                text run at (11,331) width 23: "test"
                text run at (11,347) width 23: "test"
                text run at (11,363) width 23: "test"
                text run at (11,379) width 23: "test"
                text run at (11,395) width 23: "test"
                text run at (11,411) width 23: "test"
                text run at (11,427) width 23: "test"
                text run at (11,443) width 23: "test"
                text run at (11,459) width 23: "test"
                text run at (11,475) width 23: "test"
                text run at (11,491) width 23: "test"
                text run at (11,507) width 23: "test"
                text run at (11,523) width 23: "test"
                text run at (11,539) width 23: "test"
                text run at (11,555) width 23: "test"
                text run at (11,571) width 23: "test"
                text run at (11,587) width 23: "test"
                text run at (11,603) width 23: "test"
                text run at (11,619) width 23: "test"
                text run at (11,635) width 23: "test"
                text run at (11,651) width 23: "test"
                text run at (11,667) width 23: "test"
                text run at (11,683) width 23: "test"
                text run at (11,699) width 23: "test"
                text run at (11,715) width 23: "test"
                text run at (11,731) width 23: "test"
                text run at (11,747) width 23: "test"
                text run at (11,763) width 23: "test"
                text run at (11,779) width 23: "test"
                text run at (11,795) width 23: "test"
                text run at (11,811) width 23: "test"
                text run at (11,827) width 23: "test"
                text run at (11,843) width 23: "test"
                text run at (11,859) width 23: "test"
                text run at (11,875) width 23: "test"
                text run at (11,891) width 23: "test"
                text run at (11,907) width 23: "test"
                text run at (11,923) width 23: "test"
                text run at (11,939) width 23: "test"
                text run at (11,955) width 23: "test"
                text run at (11,971) width 23: "test"
                text run at (11,987) width 23: "test"
                text run at (11,1003) width 23: "test"
                text run at (11,1019) width 23: "test"
                text run at (11,1035) width 23: "test"
                text run at (11,1051) width 23: "test"
                text run at (11,1067) width 23: "test"
                text run at (11,1083) width 23: "test"
                text run at (11,1099) width 23: "test"
                text run at (11,1115) width 23: "test"
                text run at (11,1131) width 23: "test"
                text run at (11,1147) width 23: "test"
                text run at (11,1163) width 23: "test"
                text run at (11,1179) width 23: "test"
                text run at (11,1195) width 23: "test"
          RenderTableRow {TR} at (0,1226) size 514x1222
            RenderTableCell {TD} at (2,1818) size 34x38 [border: (1px inset #808080)] [r=1 c=0 rs=1 cs=1]
              RenderText {#text} at (12,11) size 9x16
                text run at (12,11) width 9: "B"
            RenderTableCell {TD} at (38,1805) size 427x64 [border: (1px inset #808080)] [r=1 c=1 rs=1 cs=1]
              RenderImage {IMG} at (198,11) size 30x42
            RenderTableCell {TD} at (467,1226) size 45x1222 [border: (1px inset #808080)] [r=1 c=2 rs=1 cs=1]
              RenderText {#text} at (11,11) size 23x1200
                text run at (11,11) width 23: "test"
                text run at (11,27) width 23: "test"
                text run at (11,43) width 23: "test"
                text run at (11,59) width 23: "test"
                text run at (11,75) width 23: "test"
                text run at (11,91) width 23: "test"
                text run at (11,107) width 23: "test"
                text run at (11,123) width 23: "test"
                text run at (11,139) width 23: "test"
                text run at (11,155) width 23: "test"
                text run at (11,171) width 23: "test"
                text run at (11,187) width 23: "test"
                text run at (11,203) width 23: "test"
                text run at (11,219) width 23: "test"
                text run at (11,235) width 23: "test"
                text run at (11,251) width 23: "test"
                text run at (11,267) width 23: "test"
                text run at (11,283) width 23: "test"
                text run at (11,299) width 23: "test"
                text run at (11,315) width 23: "test"
                text run at (11,331) width 23: "test"
                text run at (11,347) width 23: "test"
                text run at (11,363) width 23: "test"
                text run at (11,379) width 23: "test"
                text run at (11,395) width 23: "test"
                text run at (11,411) width 23: "test"
                text run at (11,427) width 23: "test"
                text run at (11,443) width 23: "test"
                text run at (11,459) width 23: "test"
                text run at (11,475) width 23: "test"
                text run at (11,491) width 23: "test"
                text run at (11,507) width 23: "test"
                text run at (11,523) width 23: "test"
                text run at (11,539) width 23: "test"
                text run at (11,555) width 23: "test"
                text run at (11,571) width 23: "test"
                text run at (11,587) width 23: "test"
                text run at (11,603) width 23: "test"
                text run at (11,619) width 23: "test"
                text run at (11,635) width 23: "test"
                text run at (11,651) width 23: "test"
                text run at (11,667) width 23: "test"
                text run at (11,683) width 23: "test"
                text run at (11,699) width 23: "test"
                text run at (11,715) width 23: "test"
                text run at (11,731) width 23: "test"
                text run at (11,747) width 23: "test"
                text run at (11,763) width 23: "test"
                text run at (11,779) width 23: "test"
                text run at (11,795) width 23: "test"
                text run at (11,811) width 23: "test"
                text run at (11,827) width 23: "test"
                text run at (11,843) width 23: "test"
                text run at (11,859) width 23: "test"
                text run at (11,875) width 23: "test"
                text run at (11,891) width 23: "test"
                text run at (11,907) width 23: "test"
                text run at (11,923) width 23: "test"
                text run at (11,939) width 23: "test"
                text run at (11,955) width 23: "test"
                text run at (11,971) width 23: "test"
                text run at (11,987) width 23: "test"
                text run at (11,1003) width 23: "test"
                text run at (11,1019) width 23: "test"
                text run at (11,1035) width 23: "test"
                text run at (11,1051) width 23: "test"
                text run at (11,1067) width 23: "test"
                text run at (11,1083) width 23: "test"
                text run at (11,1099) width 23: "test"
                text run at (11,1115) width 23: "test"
                text run at (11,1131) width 23: "test"
                text run at (11,1147) width 23: "test"
                text run at (11,1163) width 23: "test"
                text run at (11,1179) width 23: "test"
                text run at (11,1195) width 23: "test"
          RenderTableRow {TR} at (0,2450) size 514x1222
            RenderTableCell {TD} at (2,3042) size 34x38 [border: (1px inset #808080)] [r=2 c=0 rs=1 cs=1]
              RenderText {#text} at (12,11) size 10x16
                text run at (12,11) width 10: "C"
            RenderTableCell {TD} at (38,2981) size 427x160 [border: (1px inset #808080)] [r=2 c=1 rs=1 cs=1]
              RenderImage {IMG} at (103,11) size 220x138
            RenderTableCell {TD} at (467,2450) size 45x1222 [border: (1px inset #808080)] [r=2 c=2 rs=1 cs=1]
              RenderText {#text} at (11,11) size 23x1200
                text run at (11,11) width 23: "test"
                text run at (11,27) width 23: "test"
                text run at (11,43) width 23: "test"
                text run at (11,59) width 23: "test"
                text run at (11,75) width 23: "test"
                text run at (11,91) width 23: "test"
                text run at (11,107) width 23: "test"
                text run at (11,123) width 23: "test"
                text run at (11,139) width 23: "test"
                text run at (11,155) width 23: "test"
                text run at (11,171) width 23: "test"
                text run at (11,187) width 23: "test"
                text run at (11,203) width 23: "test"
                text run at (11,219) width 23: "test"
                text run at (11,235) width 23: "test"
                text run at (11,251) width 23: "test"
                text run at (11,267) width 23: "test"
                text run at (11,283) width 23: "test"
                text run at (11,299) width 23: "test"
                text run at (11,315) width 23: "test"
                text run at (11,331) width 23: "test"
                text run at (11,347) width 23: "test"
                text run at (11,363) width 23: "test"
                text run at (11,379) width 23: "test"
                text run at (11,395) width 23: "test"
                text run at (11,411) width 23: "test"
                text run at (11,427) width 23: "test"
                text run at (11,443) width 23: "test"
                text run at (11,459) width 23: "test"
                text run at (11,475) width 23: "test"
                text run at (11,491) width 23: "test"
                text run at (11,507) width 23: "test"
                text run at (11,523) width 23: "test"
                text run at (11,539) width 23: "test"
                text run at (11,555) width 23: "test"
                text run at (11,571) width 23: "test"
                text run at (11,587) width 23: "test"
                text run at (11,603) width 23: "test"
                text run at (11,619) width 23: "test"
                text run at (11,635) width 23: "test"
                text run at (11,651) width 23: "test"
                text run at (11,667) width 23: "test"
                text run at (11,683) width 23: "test"
                text run at (11,699) width 23: "test"
                text run at (11,715) width 23: "test"
                text run at (11,731) width 23: "test"
                text run at (11,747) width 23: "test"
                text run at (11,763) width 23: "test"
                text run at (11,779) width 23: "test"
                text run at (11,795) width 23: "test"
                text run at (11,811) width 23: "test"
                text run at (11,827) width 23: "test"
                text run at (11,843) width 23: "test"
                text run at (11,859) width 23: "test"
                text run at (11,875) width 23: "test"
                text run at (11,891) width 23: "test"
                text run at (11,907) width 23: "test"
                text run at (11,923) width 23: "test"
                text run at (11,939) width 23: "test"
                text run at (11,955) width 23: "test"
                text run at (11,971) width 23: "test"
                text run at (11,987) width 23: "test"
                text run at (11,1003) width 23: "test"
                text run at (11,1019) width 23: "test"
                text run at (11,1035) width 23: "test"
                text run at (11,1051) width 23: "test"
                text run at (11,1067) width 23: "test"
                text run at (11,1083) width 23: "test"
                text run at (11,1099) width 23: "test"
                text run at (11,1115) width 23: "test"
                text run at (11,1131) width 23: "test"
                text run at (11,1147) width 23: "test"
                text run at (11,1163) width 23: "test"
                text run at (11,1179) width 23: "test"
                text run at (11,1195) width 23: "test"
          RenderTableRow {TR} at (0,3674) size 514x1222
            RenderTableCell {TD} at (2,4266) size 34x38 [border: (1px inset #808080)] [r=3 c=0 rs=1 cs=1]
              RenderText {#text} at (12,11) size 10x16
                text run at (12,11) width 10: "D"
            RenderTableCell {TD} at (38,4231) size 427x107 [border: (1px inset #808080)] [r=3 c=1 rs=1 cs=1]
              RenderImage {IMG} at (113,11) size 200x85
            RenderTableCell {TD} at (467,3674) size 45x1222 [border: (1px inset #808080)] [r=3 c=2 rs=1 cs=1]
              RenderText {#text} at (11,11) size 23x1200
                text run at (11,11) width 23: "test"
                text run at (11,27) width 23: "test"
                text run at (11,43) width 23: "test"
                text run at (11,59) width 23: "test"
                text run at (11,75) width 23: "test"
                text run at (11,91) width 23: "test"
                text run at (11,107) width 23: "test"
                text run at (11,123) width 23: "test"
                text run at (11,139) width 23: "test"
                text run at (11,155) width 23: "test"
                text run at (11,171) width 23: "test"
                text run at (11,187) width 23: "test"
                text run at (11,203) width 23: "test"
                text run at (11,219) width 23: "test"
                text run at (11,235) width 23: "test"
                text run at (11,251) width 23: "test"
                text run at (11,267) width 23: "test"
                text run at (11,283) width 23: "test"
                text run at (11,299) width 23: "test"
                text run at (11,315) width 23: "test"
                text run at (11,331) width 23: "test"
                text run at (11,347) width 23: "test"
                text run at (11,363) width 23: "test"
                text run at (11,379) width 23: "test"
                text run at (11,395) width 23: "test"
                text run at (11,411) width 23: "test"
                text run at (11,427) width 23: "test"
                text run at (11,443) width 23: "test"
                text run at (11,459) width 23: "test"
                text run at (11,475) width 23: "test"
                text run at (11,491) width 23: "test"
                text run at (11,507) width 23: "test"
                text run at (11,523) width 23: "test"
                text run at (11,539) width 23: "test"
                text run at (11,555) width 23: "test"
                text run at (11,571) width 23: "test"
                text run at (11,587) width 23: "test"
                text run at (11,603) width 23: "test"
                text run at (11,619) width 23: "test"
                text run at (11,635) width 23: "test"
                text run at (11,651) width 23: "test"
                text run at (11,667) width 23: "test"
                text run at (11,683) width 23: "test"
                text run at (11,699) width 23: "test"
                text run at (11,715) width 23: "test"
                text run at (11,731) width 23: "test"
                text run at (11,747) width 23: "test"
                text run at (11,763) width 23: "test"
                text run at (11,779) width 23: "test"
                text run at (11,795) width 23: "test"
                text run at (11,811) width 23: "test"
                text run at (11,827) width 23: "test"
                text run at (11,843) width 23: "test"
                text run at (11,859) width 23: "test"
                text run at (11,875) width 23: "test"
                text run at (11,891) width 23: "test"
                text run at (11,907) width 23: "test"
                text run at (11,923) width 23: "test"
                text run at (11,939) width 23: "test"
                text run at (11,955) width 23: "test"
                text run at (11,971) width 23: "test"
                text run at (11,987) width 23: "test"
                text run at (11,1003) width 23: "test"
                text run at (11,1019) width 23: "test"
                text run at (11,1035) width 23: "test"
                text run at (11,1051) width 23: "test"
                text run at (11,1067) width 23: "test"
                text run at (11,1083) width 23: "test"
                text run at (11,1099) width 23: "test"
                text run at (11,1115) width 23: "test"
                text run at (11,1131) width 23: "test"
                text run at (11,1147) width 23: "test"
                text run at (11,1163) width 23: "test"
                text run at (11,1179) width 23: "test"
                text run at (11,1195) width 23: "test"
          RenderTableRow {TR} at (0,4898) size 514x1222
            RenderTableCell {TD} at (2,5490) size 34x38 [border: (1px inset #808080)] [r=4 c=0 rs=1 cs=1]
              RenderText {#text} at (12,11) size 9x16
                text run at (12,11) width 9: "E"
            RenderTableCell {TD} at (38,5473) size 427x72 [border: (1px inset #808080)] [r=4 c=1 rs=1 cs=1]
              RenderImage {IMG} at (186,11) size 54x50
            RenderTableCell {TD} at (467,4898) size 45x1222 [border: (1px inset #808080)] [r=4 c=2 rs=1 cs=1]
              RenderText {#text} at (11,11) size 23x1200
                text run at (11,11) width 23: "test"
                text run at (11,27) width 23: "test"
                text run at (11,43) width 23: "test"
                text run at (11,59) width 23: "test"
                text run at (11,75) width 23: "test"
                text run at (11,91) width 23: "test"
                text run at (11,107) width 23: "test"
                text run at (11,123) width 23: "test"
                text run at (11,139) width 23: "test"
                text run at (11,155) width 23: "test"
                text run at (11,171) width 23: "test"
                text run at (11,187) width 23: "test"
                text run at (11,203) width 23: "test"
                text run at (11,219) width 23: "test"
                text run at (11,235) width 23: "test"
                text run at (11,251) width 23: "test"
                text run at (11,267) width 23: "test"
                text run at (11,283) width 23: "test"
                text run at (11,299) width 23: "test"
                text run at (11,315) width 23: "test"
                text run at (11,331) width 23: "test"
                text run at (11,347) width 23: "test"
                text run at (11,363) width 23: "test"
                text run at (11,379) width 23: "test"
                text run at (11,395) width 23: "test"
                text run at (11,411) width 23: "test"
                text run at (11,427) width 23: "test"
                text run at (11,443) width 23: "test"
                text run at (11,459) width 23: "test"
                text run at (11,475) width 23: "test"
                text run at (11,491) width 23: "test"
                text run at (11,507) width 23: "test"
                text run at (11,523) width 23: "test"
                text run at (11,539) width 23: "test"
                text run at (11,555) width 23: "test"
                text run at (11,571) width 23: "test"
                text run at (11,587) width 23: "test"
                text run at (11,603) width 23: "test"
                text run at (11,619) width 23: "test"
                text run at (11,635) width 23: "test"
                text run at (11,651) width 23: "test"
                text run at (11,667) width 23: "test"
                text run at (11,683) width 23: "test"
                text run at (11,699) width 23: "test"
                text run at (11,715) width 23: "test"
                text run at (11,731) width 23: "test"
                text run at (11,747) width 23: "test"
                text run at (11,763) width 23: "test"
                text run at (11,779) width 23: "test"
                text run at (11,795) width 23: "test"
                text run at (11,811) width 23: "test"
                text run at (11,827) width 23: "test"
                text run at (11,843) width 23: "test"
                text run at (11,859) width 23: "test"
                text run at (11,875) width 23: "test"
                text run at (11,891) width 23: "test"
                text run at (11,907) width 23: "test"
                text run at (11,923) width 23: "test"
                text run at (11,939) width 23: "test"
                text run at (11,955) width 23: "test"
                text run at (11,971) width 23: "test"
                text run at (11,987) width 23: "test"
                text run at (11,1003) width 23: "test"
                text run at (11,1019) width 23: "test"
                text run at (11,1035) width 23: "test"
                text run at (11,1051) width 23: "test"
                text run at (11,1067) width 23: "test"
                text run at (11,1083) width 23: "test"
                text run at (11,1099) width 23: "test"
                text run at (11,1115) width 23: "test"
                text run at (11,1131) width 23: "test"
                text run at (11,1147) width 23: "test"
                text run at (11,1163) width 23: "test"
                text run at (11,1179) width 23: "test"
                text run at (11,1195) width 23: "test"
          RenderTableRow {TR} at (0,6122) size 514x1222
            RenderTableCell {TD} at (2,6714) size 34x38 [border: (1px inset #808080)] [r=5 c=0 rs=1 cs=1]
              RenderText {#text} at (13,11) size 8x16
                text run at (13,11) width 8: "F"
            RenderTableCell {TD} at (38,6697) size 427x72 [border: (1px inset #808080)] [r=5 c=1 rs=1 cs=1]
              RenderImage {IMG} at (95,11) size 237x50
            RenderTableCell {TD} at (467,6122) size 45x1222 [border: (1px inset #808080)] [r=5 c=2 rs=1 cs=1]
              RenderText {#text} at (11,11) size 23x1200
                text run at (11,11) width 23: "test"
                text run at (11,27) width 23: "test"
                text run at (11,43) width 23: "test"
                text run at (11,59) width 23: "test"
                text run at (11,75) width 23: "test"
                text run at (11,91) width 23: "test"
                text run at (11,107) width 23: "test"
                text run at (11,123) width 23: "test"
                text run at (11,139) width 23: "test"
                text run at (11,155) width 23: "test"
                text run at (11,171) width 23: "test"
                text run at (11,187) width 23: "test"
                text run at (11,203) width 23: "test"
                text run at (11,219) width 23: "test"
                text run at (11,235) width 23: "test"
                text run at (11,251) width 23: "test"
                text run at (11,267) width 23: "test"
                text run at (11,283) width 23: "test"
                text run at (11,299) width 23: "test"
                text run at (11,315) width 23: "test"
                text run at (11,331) width 23: "test"
                text run at (11,347) width 23: "test"
                text run at (11,363) width 23: "test"
                text run at (11,379) width 23: "test"
                text run at (11,395) width 23: "test"
                text run at (11,411) width 23: "test"
                text run at (11,427) width 23: "test"
                text run at (11,443) width 23: "test"
                text run at (11,459) width 23: "test"
                text run at (11,475) width 23: "test"
                text run at (11,491) width 23: "test"
                text run at (11,507) width 23: "test"
                text run at (11,523) width 23: "test"
                text run at (11,539) width 23: "test"
                text run at (11,555) width 23: "test"
                text run at (11,571) width 23: "test"
                text run at (11,587) width 23: "test"
                text run at (11,603) width 23: "test"
                text run at (11,619) width 23: "test"
                text run at (11,635) width 23: "test"
                text run at (11,651) width 23: "test"
                text run at (11,667) width 23: "test"
                text run at (11,683) width 23: "test"
                text run at (11,699) width 23: "test"
                text run at (11,715) width 23: "test"
                text run at (11,731) width 23: "test"
                text run at (11,747) width 23: "test"
                text run at (11,763) width 23: "test"
                text run at (11,779) width 23: "test"
                text run at (11,795) width 23: "test"
                text run at (11,811) width 23: "test"
                text run at (11,827) width 23: "test"
                text run at (11,843) width 23: "test"
                text run at (11,859) width 23: "test"
                text run at (11,875) width 23: "test"
                text run at (11,891) width 23: "test"
                text run at (11,907) width 23: "test"
                text run at (11,923) width 23: "test"
                text run at (11,939) width 23: "test"
                text run at (11,955) width 23: "test"
                text run at (11,971) width 23: "test"
                text run at (11,987) width 23: "test"
                text run at (11,1003) width 23: "test"
                text run at (11,1019) width 23: "test"
                text run at (11,1035) width 23: "test"
                text run at (11,1051) width 23: "test"
                text run at (11,1067) width 23: "test"
                text run at (11,1083) width 23: "test"
                text run at (11,1099) width 23: "test"
                text run at (11,1115) width 23: "test"
                text run at (11,1131) width 23: "test"
                text run at (11,1147) width 23: "test"
                text run at (11,1163) width 23: "test"
                text run at (11,1179) width 23: "test"
                text run at (11,1195) width 23: "test"
          RenderTableRow {TR} at (0,7346) size 514x1222
            RenderTableCell {TD} at (2,7938) size 34x38 [border: (1px inset #808080)] [r=6 c=0 rs=1 cs=1]
              RenderText {#text} at (11,11) size 11x16
                text run at (11,11) width 11: "G"
            RenderTableCell {TD} at (38,7914) size 427x85 [border: (1px inset #808080)] [r=6 c=1 rs=1 cs=1]
              RenderImage {IMG} at (155,11) size 116x63
            RenderTableCell {TD} at (467,7346) size 45x1222 [border: (1px inset #808080)] [r=6 c=2 rs=1 cs=1]
              RenderText {#text} at (11,11) size 23x1200
                text run at (11,11) width 23: "test"
                text run at (11,27) width 23: "test"
                text run at (11,43) width 23: "test"
                text run at (11,59) width 23: "test"
                text run at (11,75) width 23: "test"
                text run at (11,91) width 23: "test"
                text run at (11,107) width 23: "test"
                text run at (11,123) width 23: "test"
                text run at (11,139) width 23: "test"
                text run at (11,155) width 23: "test"
                text run at (11,171) width 23: "test"
                text run at (11,187) width 23: "test"
                text run at (11,203) width 23: "test"
                text run at (11,219) width 23: "test"
                text run at (11,235) width 23: "test"
                text run at (11,251) width 23: "test"
                text run at (11,267) width 23: "test"
                text run at (11,283) width 23: "test"
                text run at (11,299) width 23: "test"
                text run at (11,315) width 23: "test"
                text run at (11,331) width 23: "test"
                text run at (11,347) width 23: "test"
                text run at (11,363) width 23: "test"
                text run at (11,379) width 23: "test"
                text run at (11,395) width 23: "test"
                text run at (11,411) width 23: "test"
                text run at (11,427) width 23: "test"
                text run at (11,443) width 23: "test"
                text run at (11,459) width 23: "test"
                text run at (11,475) width 23: "test"
                text run at (11,491) width 23: "test"
                text run at (11,507) width 23: "test"
                text run at (11,523) width 23: "test"
                text run at (11,539) width 23: "test"
                text run at (11,555) width 23: "test"
                text run at (11,571) width 23: "test"
                text run at (11,587) width 23: "test"
                text run at (11,603) width 23: "test"
                text run at (11,619) width 23: "test"
                text run at (11,635) width 23: "test"
                text run at (11,651) width 23: "test"
                text run at (11,667) width 23: "test"
                text run at (11,683) width 23: "test"
                text run at (11,699) width 23: "test"
                text run at (11,715) width 23: "test"
                text run at (11,731) width 23: "test"
                text run at (11,747) width 23: "test"
                text run at (11,763) width 23: "test"
                text run at (11,779) width 23: "test"
                text run at (11,795) width 23: "test"
                text run at (11,811) width 23: "test"
                text run at (11,827) width 23: "test"
                text run at (11,843) width 23: "test"
                text run at (11,859) width 23: "test"
                text run at (11,875) width 23: "test"
                text run at (11,891) width 23: "test"
                text run at (11,907) width 23: "test"
                text run at (11,923) width 23: "test"
                text run at (11,939) width 23: "test"
                text run at (11,955) width 23: "test"
                text run at (11,971) width 23: "test"
                text run at (11,987) width 23: "test"
                text run at (11,1003) width 23: "test"
                text run at (11,1019) width 23: "test"
                text run at (11,1035) width 23: "test"
                text run at (11,1051) width 23: "test"
                text run at (11,1067) width 23: "test"
                text run at (11,1083) width 23: "test"
                text run at (11,1099) width 23: "test"
                text run at (11,1115) width 23: "test"
                text run at (11,1131) width 23: "test"
                text run at (11,1147) width 23: "test"
                text run at (11,1163) width 23: "test"
                text run at (11,1179) width 23: "test"
                text run at (11,1195) width 23: "test"
          RenderTableRow {TR} at (0,8570) size 514x1222
            RenderTableCell {TD} at (2,9162) size 34x38 [border: (1px inset #808080)] [r=7 c=0 rs=1 cs=1]
              RenderText {#text} at (12,11) size 10x16
                text run at (12,11) width 10: "H"
            RenderTableCell {TD} at (38,9161) size 427x40 [border: (1px inset #808080)] [r=7 c=1 rs=1 cs=1]
              RenderImage {IMG} at (200,11) size 27x18
            RenderTableCell {TD} at (467,8570) size 45x1222 [border: (1px inset #808080)] [r=7 c=2 rs=1 cs=1]
              RenderText {#text} at (11,11) size 23x1200
                text run at (11,11) width 23: "test"
                text run at (11,27) width 23: "test"
                text run at (11,43) width 23: "test"
                text run at (11,59) width 23: "test"
                text run at (11,75) width 23: "test"
                text run at (11,91) width 23: "test"
                text run at (11,107) width 23: "test"
                text run at (11,123) width 23: "test"
                text run at (11,139) width 23: "test"
                text run at (11,155) width 23: "test"
                text run at (11,171) width 23: "test"
                text run at (11,187) width 23: "test"
                text run at (11,203) width 23: "test"
                text run at (11,219) width 23: "test"
                text run at (11,235) width 23: "test"
                text run at (11,251) width 23: "test"
                text run at (11,267) width 23: "test"
                text run at (11,283) width 23: "test"
                text run at (11,299) width 23: "test"
                text run at (11,315) width 23: "test"
                text run at (11,331) width 23: "test"
                text run at (11,347) width 23: "test"
                text run at (11,363) width 23: "test"
                text run at (11,379) width 23: "test"
                text run at (11,395) width 23: "test"
                text run at (11,411) width 23: "test"
                text run at (11,427) width 23: "test"
                text run at (11,443) width 23: "test"
                text run at (11,459) width 23: "test"
                text run at (11,475) width 23: "test"
                text run at (11,491) width 23: "test"
                text run at (11,507) width 23: "test"
                text run at (11,523) width 23: "test"
                text run at (11,539) width 23: "test"
                text run at (11,555) width 23: "test"
                text run at (11,571) width 23: "test"
                text run at (11,587) width 23: "test"
                text run at (11,603) width 23: "test"
                text run at (11,619) width 23: "test"
                text run at (11,635) width 23: "test"
                text run at (11,651) width 23: "test"
                text run at (11,667) width 23: "test"
                text run at (11,683) width 23: "test"
                text run at (11,699) width 23: "test"
                text run at (11,715) width 23: "test"
                text run at (11,731) width 23: "test"
                text run at (11,747) width 23: "test"
                text run at (11,763) width 23: "test"
                text run at (11,779) width 23: "test"
                text run at (11,795) width 23: "test"
                text run at (11,811) width 23: "test"
                text run at (11,827) width 23: "test"
                text run at (11,843) width 23: "test"
                text run at (11,859) width 23: "test"
                text run at (11,875) width 23: "test"
                text run at (11,891) width 23: "test"
                text run at (11,907) width 23: "test"
                text run at (11,923) width 23: "test"
                text run at (11,939) width 23: "test"
                text run at (11,955) width 23: "test"
                text run at (11,971) width 23: "test"
                text run at (11,987) width 23: "test"
                text run at (11,1003) width 23: "test"
                text run at (11,1019) width 23: "test"
                text run at (11,1035) width 23: "test"
                text run at (11,1051) width 23: "test"
                text run at (11,1067) width 23: "test"
                text run at (11,1083) width 23: "test"
                text run at (11,1099) width 23: "test"
                text run at (11,1115) width 23: "test"
                text run at (11,1131) width 23: "test"
                text run at (11,1147) width 23: "test"
                text run at (11,1163) width 23: "test"
                text run at (11,1179) width 23: "test"
                text run at (11,1195) width 23: "test"
          RenderTableRow {TR} at (0,9794) size 514x1222
            RenderTableCell {TD} at (2,10386) size 34x38 [border: (1px inset #808080)] [r=8 c=0 rs=1 cs=1]
              RenderText {#text} at (15,11) size 4x16
                text run at (15,11) width 4: "I"
            RenderTableCell {TD} at (38,10363) size 427x83 [border: (1px inset #808080)] [r=8 c=1 rs=1 cs=1]
              RenderImage {IMG} at (126,11) size 175x61
            RenderTableCell {TD} at (467,9794) size 45x1222 [border: (1px inset #808080)] [r=8 c=2 rs=1 cs=1]
              RenderText {#text} at (11,11) size 23x1200
                text run at (11,11) width 23: "test"
                text run at (11,27) width 23: "test"
                text run at (11,43) width 23: "test"
                text run at (11,59) width 23: "test"
                text run at (11,75) width 23: "test"
                text run at (11,91) width 23: "test"
                text run at (11,107) width 23: "test"
                text run at (11,123) width 23: "test"
                text run at (11,139) width 23: "test"
                text run at (11,155) width 23: "test"
                text run at (11,171) width 23: "test"
                text run at (11,187) width 23: "test"
                text run at (11,203) width 23: "test"
                text run at (11,219) width 23: "test"
                text run at (11,235) width 23: "test"
                text run at (11,251) width 23: "test"
                text run at (11,267) width 23: "test"
                text run at (11,283) width 23: "test"
                text run at (11,299) width 23: "test"
                text run at (11,315) width 23: "test"
                text run at (11,331) width 23: "test"
                text run at (11,347) width 23: "test"
                text run at (11,363) width 23: "test"
                text run at (11,379) width 23: "test"
                text run at (11,395) width 23: "test"
                text run at (11,411) width 23: "test"
                text run at (11,427) width 23: "test"
                text run at (11,443) width 23: "test"
                text run at (11,459) width 23: "test"
                text run at (11,475) width 23: "test"
                text run at (11,491) width 23: "test"
                text run at (11,507) width 23: "test"
                text run at (11,523) width 23: "test"
                text run at (11,539) width 23: "test"
                text run at (11,555) width 23: "test"
                text run at (11,571) width 23: "test"
                text run at (11,587) width 23: "test"
                text run at (11,603) width 23: "test"
                text run at (11,619) width 23: "test"
                text run at (11,635) width 23: "test"
                text run at (11,651) width 23: "test"
                text run at (11,667) width 23: "test"
                text run at (11,683) width 23: "test"
                text run at (11,699) width 23: "test"
                text run at (11,715) width 23: "test"
                text run at (11,731) width 23: "test"
                text run at (11,747) width 23: "test"
                text run at (11,763) width 23: "test"
                text run at (11,779) width 23: "test"
                text run at (11,795) width 23: "test"
                text run at (11,811) width 23: "test"
                text run at (11,827) width 23: "test"
                text run at (11,843) width 23: "test"
                text run at (11,859) width 23: "test"
                text run at (11,875) width 23: "test"
                text run at (11,891) width 23: "test"
                text run at (11,907) width 23: "test"
                text run at (11,923) width 23: "test"
                text run at (11,939) width 23: "test"
                text run at (11,955) width 23: "test"
                text run at (11,971) width 23: "test"
                text run at (11,987) width 23: "test"
                text run at (11,1003) width 23: "test"
                text run at (11,1019) width 23: "test"
                text run at (11,1035) width 23: "test"
                text run at (11,1051) width 23: "test"
                text run at (11,1067) width 23: "test"
                text run at (11,1083) width 23: "test"
                text run at (11,1099) width 23: "test"
                text run at (11,1115) width 23: "test"
                text run at (11,1131) width 23: "test"
                text run at (11,1147) width 23: "test"
                text run at (11,1163) width 23: "test"
                text run at (11,1179) width 23: "test"
                text run at (11,1195) width 23: "test"
          RenderTableRow {TR} at (0,11018) size 514x1222
            RenderTableCell {TD} at (2,11610) size 34x38 [border: (1px inset #808080)] [r=9 c=0 rs=1 cs=1]
              RenderText {#text} at (13,11) size 7x16
                text run at (13,11) width 7: "J"
            RenderTableCell {TD} at (38,11568) size 427x122 [border: (1px inset #808080)] [r=9 c=1 rs=1 cs=1]
              RenderImage {IMG} at (11,11) size 405x100
            RenderTableCell {TD} at (467,11018) size 45x1222 [border: (1px inset #808080)] [r=9 c=2 rs=1 cs=1]
              RenderText {#text} at (11,11) size 23x1200
                text run at (11,11) width 23: "test"
                text run at (11,27) width 23: "test"
                text run at (11,43) width 23: "test"
                text run at (11,59) width 23: "test"
                text run at (11,75) width 23: "test"
                text run at (11,91) width 23: "test"
                text run at (11,107) width 23: "test"
                text run at (11,123) width 23: "test"
                text run at (11,139) width 23: "test"
                text run at (11,155) width 23: "test"
                text run at (11,171) width 23: "test"
                text run at (11,187) width 23: "test"
                text run at (11,203) width 23: "test"
                text run at (11,219) width 23: "test"
                text run at (11,235) width 23: "test"
                text run at (11,251) width 23: "test"
                text run at (11,267) width 23: "test"
                text run at (11,283) width 23: "test"
                text run at (11,299) width 23: "test"
                text run at (11,315) width 23: "test"
                text run at (11,331) width 23: "test"
                text run at (11,347) width 23: "test"
                text run at (11,363) width 23: "test"
                text run at (11,379) width 23: "test"
                text run at (11,395) width 23: "test"
                text run at (11,411) width 23: "test"
                text run at (11,427) width 23: "test"
                text run at (11,443) width 23: "test"
                text run at (11,459) width 23: "test"
                text run at (11,475) width 23: "test"
                text run at (11,491) width 23: "test"
                text run at (11,507) width 23: "test"
                text run at (11,523) width 23: "test"
                text run at (11,539) width 23: "test"
                text run at (11,555) width 23: "test"
                text run at (11,571) width 23: "test"
                text run at (11,587) width 23: "test"
                text run at (11,603) width 23: "test"
                text run at (11,619) width 23: "test"
                text run at (11,635) width 23: "test"
                text run at (11,651) width 23: "test"
                text run at (11,667) width 23: "test"
                text run at (11,683) width 23: "test"
                text run at (11,699) width 23: "test"
                text run at (11,715) width 23: "test"
                text run at (11,731) width 23: "test"
                text run at (11,747) width 23: "test"
                text run at (11,763) width 23: "test"
                text run at (11,779) width 23: "test"
                text run at (11,795) width 23: "test"
                text run at (11,811) width 23: "test"
                text run at (11,827) width 23: "test"
                text run at (11,843) width 23: "test"
                text run at (11,859) width 23: "test"
                text run at (11,875) width 23: "test"
                text run at (11,891) width 23: "test"
                text run at (11,907) width 23: "test"
                text run at (11,923) width 23: "test"
                text run at (11,939) width 23: "test"
                text run at (11,955) width 23: "test"
                text run at (11,971) width 23: "test"
                text run at (11,987) width 23: "test"
                text run at (11,1003) width 23: "test"
                text run at (11,1019) width 23: "test"
                text run at (11,1035) width 23: "test"
                text run at (11,1051) width 23: "test"
                text run at (11,1067) width 23: "test"
                text run at (11,1083) width 23: "test"
                text run at (11,1099) width 23: "test"
                text run at (11,1115) width 23: "test"
                text run at (11,1131) width 23: "test"
                text run at (11,1147) width 23: "test"
                text run at (11,1163) width 23: "test"
                text run at (11,1179) width 23: "test"
                text run at (11,1195) width 23: "test"
          RenderTableRow {TR} at (0,12242) size 514x1222
            RenderTableCell {TD} at (2,12834) size 34x38 [border: (1px inset #808080)] [r=10 c=0 rs=1 cs=1]
              RenderText {#text} at (12,11) size 9x16
                text run at (12,11) width 9: "K"
            RenderTableCell {TD} at (38,12817) size 427x72 [border: (1px inset #808080)] [r=10 c=1 rs=1 cs=1]
              RenderImage {IMG} at (77,11) size 272x50
            RenderTableCell {TD} at (467,12242) size 45x1222 [border: (1px inset #808080)] [r=10 c=2 rs=1 cs=1]
              RenderText {#text} at (11,11) size 23x1200
                text run at (11,11) width 23: "test"
                text run at (11,27) width 23: "test"
                text run at (11,43) width 23: "test"
                text run at (11,59) width 23: "test"
                text run at (11,75) width 23: "test"
                text run at (11,91) width 23: "test"
                text run at (11,107) width 23: "test"
                text run at (11,123) width 23: "test"
                text run at (11,139) width 23: "test"
                text run at (11,155) width 23: "test"
                text run at (11,171) width 23: "test"
                text run at (11,187) width 23: "test"
                text run at (11,203) width 23: "test"
                text run at (11,219) width 23: "test"
                text run at (11,235) width 23: "test"
                text run at (11,251) width 23: "test"
                text run at (11,267) width 23: "test"
                text run at (11,283) width 23: "test"
                text run at (11,299) width 23: "test"
                text run at (11,315) width 23: "test"
                text run at (11,331) width 23: "test"
                text run at (11,347) width 23: "test"
                text run at (11,363) width 23: "test"
                text run at (11,379) width 23: "test"
                text run at (11,395) width 23: "test"
                text run at (11,411) width 23: "test"
                text run at (11,427) width 23: "test"
                text run at (11,443) width 23: "test"
                text run at (11,459) width 23: "test"
                text run at (11,475) width 23: "test"
                text run at (11,491) width 23: "test"
                text run at (11,507) width 23: "test"
                text run at (11,523) width 23: "test"
                text run at (11,539) width 23: "test"
                text run at (11,555) width 23: "test"
                text run at (11,571) width 23: "test"
                text run at (11,587) width 23: "test"
                text run at (11,603) width 23: "test"
                text run at (11,619) width 23: "test"
                text run at (11,635) width 23: "test"
                text run at (11,651) width 23: "test"
                text run at (11,667) width 23: "test"
                text run at (11,683) width 23: "test"
                text run at (11,699) width 23: "test"
                text run at (11,715) width 23: "test"
                text run at (11,731) width 23: "test"
                text run at (11,747) width 23: "test"
                text run at (11,763) width 23: "test"
                text run at (11,779) width 23: "test"
                text run at (11,795) width 23: "test"
                text run at (11,811) width 23: "test"
                text run at (11,827) width 23: "test"
                text run at (11,843) width 23: "test"
                text run at (11,859) width 23: "test"
                text run at (11,875) width 23: "test"
                text run at (11,891) width 23: "test"
                text run at (11,907) width 23: "test"
                text run at (11,923) width 23: "test"
                text run at (11,939) width 23: "test"
                text run at (11,955) width 23: "test"
                text run at (11,971) width 23: "test"
                text run at (11,987) width 23: "test"
                text run at (11,1003) width 23: "test"
                text run at (11,1019) width 23: "test"
                text run at (11,1035) width 23: "test"
                text run at (11,1051) width 23: "test"
                text run at (11,1067) width 23: "test"
                text run at (11,1083) width 23: "test"
                text run at (11,1099) width 23: "test"
                text run at (11,1115) width 23: "test"
                text run at (11,1131) width 23: "test"
                text run at (11,1147) width 23: "test"
                text run at (11,1163) width 23: "test"
                text run at (11,1179) width 23: "test"
                text run at (11,1195) width 23: "test"
          RenderTableRow {TR} at (0,13466) size 514x1222
            RenderTableCell {TD} at (2,14058) size 34x38 [border: (1px inset #808080)] [r=11 c=0 rs=1 cs=1]
              RenderText {#text} at (12,11) size 9x16
                text run at (12,11) width 9: "K"
            RenderTableCell {TD} at (38,14042) size 427x69 [border: (1px inset #808080)] [r=11 c=1 rs=1 cs=1]
              RenderImage {IMG} at (168,11) size 91x47
            RenderTableCell {TD} at (467,13466) size 45x1222 [border: (1px inset #808080)] [r=11 c=2 rs=1 cs=1]
              RenderText {#text} at (11,11) size 23x1200
                text run at (11,11) width 23: "test"
                text run at (11,27) width 23: "test"
                text run at (11,43) width 23: "test"
                text run at (11,59) width 23: "test"
                text run at (11,75) width 23: "test"
                text run at (11,91) width 23: "test"
                text run at (11,107) width 23: "test"
                text run at (11,123) width 23: "test"
                text run at (11,139) width 23: "test"
                text run at (11,155) width 23: "test"
                text run at (11,171) width 23: "test"
                text run at (11,187) width 23: "test"
                text run at (11,203) width 23: "test"
                text run at (11,219) width 23: "test"
                text run at (11,235) width 23: "test"
                text run at (11,251) width 23: "test"
                text run at (11,267) width 23: "test"
                text run at (11,283) width 23: "test"
                text run at (11,299) width 23: "test"
                text run at (11,315) width 23: "test"
                text run at (11,331) width 23: "test"
                text run at (11,347) width 23: "test"
                text run at (11,363) width 23: "test"
                text run at (11,379) width 23: "test"
                text run at (11,395) width 23: "test"
                text run at (11,411) width 23: "test"
                text run at (11,427) width 23: "test"
                text run at (11,443) width 23: "test"
                text run at (11,459) width 23: "test"
                text run at (11,475) width 23: "test"
                text run at (11,491) width 23: "test"
                text run at (11,507) width 23: "test"
                text run at (11,523) width 23: "test"
                text run at (11,539) width 23: "test"
                text run at (11,555) width 23: "test"
                text run at (11,571) width 23: "test"
                text run at (11,587) width 23: "test"
                text run at (11,603) width 23: "test"
                text run at (11,619) width 23: "test"
                text run at (11,635) width 23: "test"
                text run at (11,651) width 23: "test"
                text run at (11,667) width 23: "test"
                text run at (11,683) width 23: "test"
                text run at (11,699) width 23: "test"
                text run at (11,715) width 23: "test"
                text run at (11,731) width 23: "test"
                text run at (11,747) width 23: "test"
                text run at (11,763) width 23: "test"
                text run at (11,779) width 23: "test"
                text run at (11,795) width 23: "test"
                text run at (11,811) width 23: "test"
                text run at (11,827) width 23: "test"
                text run at (11,843) width 23: "test"
                text run at (11,859) width 23: "test"
                text run at (11,875) width 23: "test"
                text run at (11,891) width 23: "test"
                text run at (11,907) width 23: "test"
                text run at (11,923) width 23: "test"
                text run at (11,939) width 23: "test"
                text run at (11,955) width 23: "test"
                text run at (11,971) width 23: "test"
                text run at (11,987) width 23: "test"
                text run at (11,1003) width 23: "test"
                text run at (11,1019) width 23: "test"
                text run at (11,1035) width 23: "test"
                text run at (11,1051) width 23: "test"
                text run at (11,1067) width 23: "test"
                text run at (11,1083) width 23: "test"
                text run at (11,1099) width 23: "test"
                text run at (11,1115) width 23: "test"
                text run at (11,1131) width 23: "test"
                text run at (11,1147) width 23: "test"
                text run at (11,1163) width 23: "test"
                text run at (11,1179) width 23: "test"
                text run at (11,1195) width 23: "test"
          RenderTableRow {TR} at (0,14690) size 514x1222
            RenderTableCell {TD} at (2,15282) size 34x38 [border: (1px inset #808080)] [r=12 c=0 rs=1 cs=1]
              RenderText {#text} at (13,11) size 8x16
                text run at (13,11) width 8: "L"
            RenderTableCell {TD} at (38,15257) size 427x88 [border: (1px inset #808080)] [r=12 c=1 rs=1 cs=1]
              RenderImage {IMG} at (88,11) size 250x66
            RenderTableCell {TD} at (467,14690) size 45x1222 [border: (1px inset #808080)] [r=12 c=2 rs=1 cs=1]
              RenderText {#text} at (11,11) size 23x1200
                text run at (11,11) width 23: "test"
                text run at (11,27) width 23: "test"
                text run at (11,43) width 23: "test"
                text run at (11,59) width 23: "test"
                text run at (11,75) width 23: "test"
                text run at (11,91) width 23: "test"
                text run at (11,107) width 23: "test"
                text run at (11,123) width 23: "test"
                text run at (11,139) width 23: "test"
                text run at (11,155) width 23: "test"
                text run at (11,171) width 23: "test"
                text run at (11,187) width 23: "test"
                text run at (11,203) width 23: "test"
                text run at (11,219) width 23: "test"
                text run at (11,235) width 23: "test"
                text run at (11,251) width 23: "test"
                text run at (11,267) width 23: "test"
                text run at (11,283) width 23: "test"
                text run at (11,299) width 23: "test"
                text run at (11,315) width 23: "test"
                text run at (11,331) width 23: "test"
                text run at (11,347) width 23: "test"
                text run at (11,363) width 23: "test"
                text run at (11,379) width 23: "test"
                text run at (11,395) width 23: "test"
                text run at (11,411) width 23: "test"
                text run at (11,427) width 23: "test"
                text run at (11,443) width 23: "test"
                text run at (11,459) width 23: "test"
                text run at (11,475) width 23: "test"
                text run at (11,491) width 23: "test"
                text run at (11,507) width 23: "test"
                text run at (11,523) width 23: "test"
                text run at (11,539) width 23: "test"
                text run at (11,555) width 23: "test"
                text run at (11,571) width 23: "test"
                text run at (11,587) width 23: "test"
                text run at (11,603) width 23: "test"
                text run at (11,619) width 23: "test"
                text run at (11,635) width 23: "test"
                text run at (11,651) width 23: "test"
                text run at (11,667) width 23: "test"
                text run at (11,683) width 23: "test"
                text run at (11,699) width 23: "test"
                text run at (11,715) width 23: "test"
                text run at (11,731) width 23: "test"
                text run at (11,747) width 23: "test"
                text run at (11,763) width 23: "test"
                text run at (11,779) width 23: "test"
                text run at (11,795) width 23: "test"
                text run at (11,811) width 23: "test"
                text run at (11,827) width 23: "test"
                text run at (11,843) width 23: "test"
                text run at (11,859) width 23: "test"
                text run at (11,875) width 23: "test"
                text run at (11,891) width 23: "test"
                text run at (11,907) width 23: "test"
                text run at (11,923) width 23: "test"
                text run at (11,939) width 23: "test"
                text run at (11,955) width 23: "test"
                text run at (11,971) width 23: "test"
                text run at (11,987) width 23: "test"
                text run at (11,1003) width 23: "test"
                text run at (11,1019) width 23: "test"
                text run at (11,1035) width 23: "test"
                text run at (11,1051) width 23: "test"
                text run at (11,1067) width 23: "test"
                text run at (11,1083) width 23: "test"
                text run at (11,1099) width 23: "test"
                text run at (11,1115) width 23: "test"
                text run at (11,1131) width 23: "test"
                text run at (11,1147) width 23: "test"
                text run at (11,1163) width 23: "test"
                text run at (11,1179) width 23: "test"
                text run at (11,1195) width 23: "test"
          RenderTableRow {TR} at (0,15914) size 514x1222
            RenderTableCell {TD} at (2,16506) size 34x38 [border: (1px inset #808080)] [r=13 c=0 rs=1 cs=1]
              RenderText {#text} at (11,11) size 12x16
                text run at (11,11) width 12: "M"
            RenderTableCell {TD} at (38,16492) size 427x66 [border: (1px inset #808080)] [r=13 c=1 rs=1 cs=1]
              RenderImage {IMG} at (163,11) size 101x44
            RenderTableCell {TD} at (467,15914) size 45x1222 [border: (1px inset #808080)] [r=13 c=2 rs=1 cs=1]
              RenderText {#text} at (11,11) size 23x1200
                text run at (11,11) width 23: "test"
                text run at (11,27) width 23: "test"
                text run at (11,43) width 23: "test"
                text run at (11,59) width 23: "test"
                text run at (11,75) width 23: "test"
                text run at (11,91) width 23: "test"
                text run at (11,107) width 23: "test"
                text run at (11,123) width 23: "test"
                text run at (11,139) width 23: "test"
                text run at (11,155) width 23: "test"
                text run at (11,171) width 23: "test"
                text run at (11,187) width 23: "test"
                text run at (11,203) width 23: "test"
                text run at (11,219) width 23: "test"
                text run at (11,235) width 23: "test"
                text run at (11,251) width 23: "test"
                text run at (11,267) width 23: "test"
                text run at (11,283) width 23: "test"
                text run at (11,299) width 23: "test"
                text run at (11,315) width 23: "test"
                text run at (11,331) width 23: "test"
                text run at (11,347) width 23: "test"
                text run at (11,363) width 23: "test"
                text run at (11,379) width 23: "test"
                text run at (11,395) width 23: "test"
                text run at (11,411) width 23: "test"
                text run at (11,427) width 23: "test"
                text run at (11,443) width 23: "test"
                text run at (11,459) width 23: "test"
                text run at (11,475) width 23: "test"
                text run at (11,491) width 23: "test"
                text run at (11,507) width 23: "test"
                text run at (11,523) width 23: "test"
                text run at (11,539) width 23: "test"
                text run at (11,555) width 23: "test"
                text run at (11,571) width 23: "test"
                text run at (11,587) width 23: "test"
                text run at (11,603) width 23: "test"
                text run at (11,619) width 23: "test"
                text run at (11,635) width 23: "test"
                text run at (11,651) width 23: "test"
                text run at (11,667) width 23: "test"
                text run at (11,683) width 23: "test"
                text run at (11,699) width 23: "test"
                text run at (11,715) width 23: "test"
                text run at (11,731) width 23: "test"
                text run at (11,747) width 23: "test"
                text run at (11,763) width 23: "test"
                text run at (11,779) width 23: "test"
                text run at (11,795) width 23: "test"
                text run at (11,811) width 23: "test"
                text run at (11,827) width 23: "test"
                text run at (11,843) width 23: "test"
                text run at (11,859) width 23: "test"
                text run at (11,875) width 23: "test"
                text run at (11,891) width 23: "test"
                text run at (11,907) width 23: "test"
                text run at (11,923) width 23: "test"
                text run at (11,939) width 23: "test"
                text run at (11,955) width 23: "test"
                text run at (11,971) width 23: "test"
                text run at (11,987) width 23: "test"
                text run at (11,1003) width 23: "test"
                text run at (11,1019) width 23: "test"
                text run at (11,1035) width 23: "test"
                text run at (11,1051) width 23: "test"
                text run at (11,1067) width 23: "test"
                text run at (11,1083) width 23: "test"
                text run at (11,1099) width 23: "test"
                text run at (11,1115) width 23: "test"
                text run at (11,1131) width 23: "test"
                text run at (11,1147) width 23: "test"
                text run at (11,1163) width 23: "test"
                text run at (11,1179) width 23: "test"
                text run at (11,1195) width 23: "test"
          RenderTableRow {TR} at (0,17138) size 514x1222
            RenderTableCell {TD} at (2,17730) size 34x38 [border: (1px inset #808080)] [r=14 c=0 rs=1 cs=1]
              RenderText {#text} at (12,11) size 10x16
                text run at (12,11) width 10: "N"
            RenderTableCell {TD} at (38,17731) size 427x35 [border: (1px inset #808080)] [r=14 c=1 rs=1 cs=1]
              RenderImage {IMG} at (201,11) size 25x13
            RenderTableCell {TD} at (467,17138) size 45x1222 [border: (1px inset #808080)] [r=14 c=2 rs=1 cs=1]
              RenderText {#text} at (11,11) size 23x1200
                text run at (11,11) width 23: "test"
                text run at (11,27) width 23: "test"
                text run at (11,43) width 23: "test"
                text run at (11,59) width 23: "test"
                text run at (11,75) width 23: "test"
                text run at (11,91) width 23: "test"
                text run at (11,107) width 23: "test"
                text run at (11,123) width 23: "test"
                text run at (11,139) width 23: "test"
                text run at (11,155) width 23: "test"
                text run at (11,171) width 23: "test"
                text run at (11,187) width 23: "test"
                text run at (11,203) width 23: "test"
                text run at (11,219) width 23: "test"
                text run at (11,235) width 23: "test"
                text run at (11,251) width 23: "test"
                text run at (11,267) width 23: "test"
                text run at (11,283) width 23: "test"
                text run at (11,299) width 23: "test"
                text run at (11,315) width 23: "test"
                text run at (11,331) width 23: "test"
                text run at (11,347) width 23: "test"
                text run at (11,363) width 23: "test"
                text run at (11,379) width 23: "test"
                text run at (11,395) width 23: "test"
                text run at (11,411) width 23: "test"
                text run at (11,427) width 23: "test"
                text run at (11,443) width 23: "test"
                text run at (11,459) width 23: "test"
                text run at (11,475) width 23: "test"
                text run at (11,491) width 23: "test"
                text run at (11,507) width 23: "test"
                text run at (11,523) width 23: "test"
                text run at (11,539) width 23: "test"
                text run at (11,555) width 23: "test"
                text run at (11,571) width 23: "test"
                text run at (11,587) width 23: "test"
                text run at (11,603) width 23: "test"
                text run at (11,619) width 23: "test"
                text run at (11,635) width 23: "test"
                text run at (11,651) width 23: "test"
                text run at (11,667) width 23: "test"
                text run at (11,683) width 23: "test"
                text run at (11,699) width 23: "test"
                text run at (11,715) width 23: "test"
                text run at (11,731) width 23: "test"
                text run at (11,747) width 23: "test"
                text run at (11,763) width 23: "test"
                text run at (11,779) width 23: "test"
                text run at (11,795) width 23: "test"
                text run at (11,811) width 23: "test"
                text run at (11,827) width 23: "test"
                text run at (11,843) width 23: "test"
                text run at (11,859) width 23: "test"
                text run at (11,875) width 23: "test"
                text run at (11,891) width 23: "test"
                text run at (11,907) width 23: "test"
                text run at (11,923) width 23: "test"
                text run at (11,939) width 23: "test"
                text run at (11,955) width 23: "test"
                text run at (11,971) width 23: "test"
                text run at (11,987) width 23: "test"
                text run at (11,1003) width 23: "test"
                text run at (11,1019) width 23: "test"
                text run at (11,1035) width 23: "test"
                text run at (11,1051) width 23: "test"
                text run at (11,1067) width 23: "test"
                text run at (11,1083) width 23: "test"
                text run at (11,1099) width 23: "test"
                text run at (11,1115) width 23: "test"
                text run at (11,1131) width 23: "test"
                text run at (11,1147) width 23: "test"
                text run at (11,1163) width 23: "test"
                text run at (11,1179) width 23: "test"
                text run at (11,1195) width 23: "test"
          RenderTableRow {TR} at (0,18362) size 514x1222
            RenderTableCell {TD} at (2,18954) size 34x38 [border: (1px inset #808080)] [r=15 c=0 rs=1 cs=1]
              RenderText {#text} at (11,11) size 11x16
                text run at (11,11) width 11: "O"
            RenderTableCell {TD} at (38,18934) size 427x78 [border: (1px inset #808080)] [r=15 c=1 rs=1 cs=1]
              RenderImage {IMG} at (87,11) size 253x56
            RenderTableCell {TD} at (467,18362) size 45x1222 [border: (1px inset #808080)] [r=15 c=2 rs=1 cs=1]
              RenderText {#text} at (11,11) size 23x1200
                text run at (11,11) width 23: "test"
                text run at (11,27) width 23: "test"
                text run at (11,43) width 23: "test"
                text run at (11,59) width 23: "test"
                text run at (11,75) width 23: "test"
                text run at (11,91) width 23: "test"
                text run at (11,107) width 23: "test"
                text run at (11,123) width 23: "test"
                text run at (11,139) width 23: "test"
                text run at (11,155) width 23: "test"
                text run at (11,171) width 23: "test"
                text run at (11,187) width 23: "test"
                text run at (11,203) width 23: "test"
                text run at (11,219) width 23: "test"
                text run at (11,235) width 23: "test"
                text run at (11,251) width 23: "test"
                text run at (11,267) width 23: "test"
                text run at (11,283) width 23: "test"
                text run at (11,299) width 23: "test"
                text run at (11,315) width 23: "test"
                text run at (11,331) width 23: "test"
                text run at (11,347) width 23: "test"
                text run at (11,363) width 23: "test"
                text run at (11,379) width 23: "test"
                text run at (11,395) width 23: "test"
                text run at (11,411) width 23: "test"
                text run at (11,427) width 23: "test"
                text run at (11,443) width 23: "test"
                text run at (11,459) width 23: "test"
                text run at (11,475) width 23: "test"
                text run at (11,491) width 23: "test"
                text run at (11,507) width 23: "test"
                text run at (11,523) width 23: "test"
                text run at (11,539) width 23: "test"
                text run at (11,555) width 23: "test"
                text run at (11,571) width 23: "test"
                text run at (11,587) width 23: "test"
                text run at (11,603) width 23: "test"
                text run at (11,619) width 23: "test"
                text run at (11,635) width 23: "test"
                text run at (11,651) width 23: "test"
                text run at (11,667) width 23: "test"
                text run at (11,683) width 23: "test"
                text run at (11,699) width 23: "test"
                text run at (11,715) width 23: "test"
                text run at (11,731) width 23: "test"
                text run at (11,747) width 23: "test"
                text run at (11,763) width 23: "test"
                text run at (11,779) width 23: "test"
                text run at (11,795) width 23: "test"
                text run at (11,811) width 23: "test"
                text run at (11,827) width 23: "test"
                text run at (11,843) width 23: "test"
                text run at (11,859) width 23: "test"
                text run at (11,875) width 23: "test"
                text run at (11,891) width 23: "test"
                text run at (11,907) width 23: "test"
                text run at (11,923) width 23: "test"
                text run at (11,939) width 23: "test"
                text run at (11,955) width 23: "test"
                text run at (11,971) width 23: "test"
                text run at (11,987) width 23: "test"
                text run at (11,1003) width 23: "test"
                text run at (11,1019) width 23: "test"
                text run at (11,1035) width 23: "test"
                text run at (11,1051) width 23: "test"
                text run at (11,1067) width 23: "test"
                text run at (11,1083) width 23: "test"
                text run at (11,1099) width 23: "test"
                text run at (11,1115) width 23: "test"
                text run at (11,1131) width 23: "test"
                text run at (11,1147) width 23: "test"
                text run at (11,1163) width 23: "test"
                text run at (11,1179) width 23: "test"
                text run at (11,1195) width 23: "test"
          RenderTableRow {TR} at (0,19586) size 514x1222
            RenderTableCell {TD} at (2,20178) size 34x38 [border: (1px inset #808080)] [r=16 c=0 rs=1 cs=1]
              RenderText {#text} at (12,11) size 9x16
                text run at (12,11) width 9: "P"
            RenderTableCell {TD} at (38,20145) size 427x103 [border: (1px inset #808080)] [r=16 c=1 rs=1 cs=1]
              RenderImage {IMG} at (134,11) size 159x81
            RenderTableCell {TD} at (467,19586) size 45x1222 [border: (1px inset #808080)] [r=16 c=2 rs=1 cs=1]
              RenderText {#text} at (11,11) size 23x1200
                text run at (11,11) width 23: "test"
                text run at (11,27) width 23: "test"
                text run at (11,43) width 23: "test"
                text run at (11,59) width 23: "test"
                text run at (11,75) width 23: "test"
                text run at (11,91) width 23: "test"
                text run at (11,107) width 23: "test"
                text run at (11,123) width 23: "test"
                text run at (11,139) width 23: "test"
                text run at (11,155) width 23: "test"
                text run at (11,171) width 23: "test"
                text run at (11,187) width 23: "test"
                text run at (11,203) width 23: "test"
                text run at (11,219) width 23: "test"
                text run at (11,235) width 23: "test"
                text run at (11,251) width 23: "test"
                text run at (11,267) width 23: "test"
                text run at (11,283) width 23: "test"
                text run at (11,299) width 23: "test"
                text run at (11,315) width 23: "test"
                text run at (11,331) width 23: "test"
                text run at (11,347) width 23: "test"
                text run at (11,363) width 23: "test"
                text run at (11,379) width 23: "test"
                text run at (11,395) width 23: "test"
                text run at (11,411) width 23: "test"
                text run at (11,427) width 23: "test"
                text run at (11,443) width 23: "test"
                text run at (11,459) width 23: "test"
                text run at (11,475) width 23: "test"
                text run at (11,491) width 23: "test"
                text run at (11,507) width 23: "test"
                text run at (11,523) width 23: "test"
                text run at (11,539) width 23: "test"
                text run at (11,555) width 23: "test"
                text run at (11,571) width 23: "test"
                text run at (11,587) width 23: "test"
                text run at (11,603) width 23: "test"
                text run at (11,619) width 23: "test"
                text run at (11,635) width 23: "test"
                text run at (11,651) width 23: "test"
                text run at (11,667) width 23: "test"
                text run at (11,683) width 23: "test"
                text run at (11,699) width 23: "test"
                text run at (11,715) width 23: "test"
                text run at (11,731) width 23: "test"
                text run at (11,747) width 23: "test"
                text run at (11,763) width 23: "test"
                text run at (11,779) width 23: "test"
                text run at (11,795) width 23: "test"
                text run at (11,811) width 23: "test"
                text run at (11,827) width 23: "test"
                text run at (11,843) width 23: "test"
                text run at (11,859) width 23: "test"
                text run at (11,875) width 23: "test"
                text run at (11,891) width 23: "test"
                text run at (11,907) width 23: "test"
                text run at (11,923) width 23: "test"
                text run at (11,939) width 23: "test"
                text run at (11,955) width 23: "test"
                text run at (11,971) width 23: "test"
                text run at (11,987) width 23: "test"
                text run at (11,1003) width 23: "test"
                text run at (11,1019) width 23: "test"
                text run at (11,1035) width 23: "test"
                text run at (11,1051) width 23: "test"
                text run at (11,1067) width 23: "test"
                text run at (11,1083) width 23: "test"
                text run at (11,1099) width 23: "test"
                text run at (11,1115) width 23: "test"
                text run at (11,1131) width 23: "test"
                text run at (11,1147) width 23: "test"
                text run at (11,1163) width 23: "test"
                text run at (11,1179) width 23: "test"
                text run at (11,1195) width 23: "test"
          RenderTableRow {TR} at (0,20810) size 514x1222
            RenderTableCell {TD} at (2,21402) size 34x38 [border: (1px inset #808080)] [r=17 c=0 rs=1 cs=1]
              RenderText {#text} at (11,11) size 11x16
                text run at (11,11) width 11: "Q"
            RenderTableCell {TD} at (38,21356) size 427x130 [border: (1px inset #808080)] [r=17 c=1 rs=1 cs=1]
              RenderImage {IMG} at (107,11) size 213x108
            RenderTableCell {TD} at (467,20810) size 45x1222 [border: (1px inset #808080)] [r=17 c=2 rs=1 cs=1]
              RenderText {#text} at (11,11) size 23x1200
                text run at (11,11) width 23: "test"
                text run at (11,27) width 23: "test"
                text run at (11,43) width 23: "test"
                text run at (11,59) width 23: "test"
                text run at (11,75) width 23: "test"
                text run at (11,91) width 23: "test"
                text run at (11,107) width 23: "test"
                text run at (11,123) width 23: "test"
                text run at (11,139) width 23: "test"
                text run at (11,155) width 23: "test"
                text run at (11,171) width 23: "test"
                text run at (11,187) width 23: "test"
                text run at (11,203) width 23: "test"
                text run at (11,219) width 23: "test"
                text run at (11,235) width 23: "test"
                text run at (11,251) width 23: "test"
                text run at (11,267) width 23: "test"
                text run at (11,283) width 23: "test"
                text run at (11,299) width 23: "test"
                text run at (11,315) width 23: "test"
                text run at (11,331) width 23: "test"
                text run at (11,347) width 23: "test"
                text run at (11,363) width 23: "test"
                text run at (11,379) width 23: "test"
                text run at (11,395) width 23: "test"
                text run at (11,411) width 23: "test"
                text run at (11,427) width 23: "test"
                text run at (11,443) width 23: "test"
                text run at (11,459) width 23: "test"
                text run at (11,475) width 23: "test"
                text run at (11,491) width 23: "test"
                text run at (11,507) width 23: "test"
                text run at (11,523) width 23: "test"
                text run at (11,539) width 23: "test"
                text run at (11,555) width 23: "test"
                text run at (11,571) width 23: "test"
                text run at (11,587) width 23: "test"
                text run at (11,603) width 23: "test"
                text run at (11,619) width 23: "test"
                text run at (11,635) width 23: "test"
                text run at (11,651) width 23: "test"
                text run at (11,667) width 23: "test"
                text run at (11,683) width 23: "test"
                text run at (11,699) width 23: "test"
                text run at (11,715) width 23: "test"
                text run at (11,731) width 23: "test"
                text run at (11,747) width 23: "test"
                text run at (11,763) width 23: "test"
                text run at (11,779) width 23: "test"
                text run at (11,795) width 23: "test"
                text run at (11,811) width 23: "test"
                text run at (11,827) width 23: "test"
                text run at (11,843) width 23: "test"
                text run at (11,859) width 23: "test"
                text run at (11,875) width 23: "test"
                text run at (11,891) width 23: "test"
                text run at (11,907) width 23: "test"
                text run at (11,923) width 23: "test"
                text run at (11,939) width 23: "test"
                text run at (11,955) width 23: "test"
                text run at (11,971) width 23: "test"
                text run at (11,987) width 23: "test"
                text run at (11,1003) width 23: "test"
                text run at (11,1019) width 23: "test"
                text run at (11,1035) width 23: "test"
                text run at (11,1051) width 23: "test"
                text run at (11,1067) width 23: "test"
                text run at (11,1083) width 23: "test"
                text run at (11,1099) width 23: "test"
                text run at (11,1115) width 23: "test"
                text run at (11,1131) width 23: "test"
                text run at (11,1147) width 23: "test"
                text run at (11,1163) width 23: "test"
                text run at (11,1179) width 23: "test"
                text run at (11,1195) width 23: "test"
          RenderTableRow {TR} at (0,22034) size 514x1222
            RenderTableCell {TD} at (2,22626) size 34x38 [border: (1px inset #808080)] [r=18 c=0 rs=1 cs=1]
              RenderText {#text} at (12,11) size 10x16
                text run at (12,11) width 10: "R"
            RenderTableCell {TD} at (38,22569) size 427x152 [border: (1px inset #808080)] [r=18 c=1 rs=1 cs=1]
              RenderImage {IMG} at (41,11) size 344x130
            RenderTableCell {TD} at (467,22034) size 45x1222 [border: (1px inset #808080)] [r=18 c=2 rs=1 cs=1]
              RenderText {#text} at (11,11) size 23x1200
                text run at (11,11) width 23: "test"
                text run at (11,27) width 23: "test"
                text run at (11,43) width 23: "test"
                text run at (11,59) width 23: "test"
                text run at (11,75) width 23: "test"
                text run at (11,91) width 23: "test"
                text run at (11,107) width 23: "test"
                text run at (11,123) width 23: "test"
                text run at (11,139) width 23: "test"
                text run at (11,155) width 23: "test"
                text run at (11,171) width 23: "test"
                text run at (11,187) width 23: "test"
                text run at (11,203) width 23: "test"
                text run at (11,219) width 23: "test"
                text run at (11,235) width 23: "test"
                text run at (11,251) width 23: "test"
                text run at (11,267) width 23: "test"
                text run at (11,283) width 23: "test"
                text run at (11,299) width 23: "test"
                text run at (11,315) width 23: "test"
                text run at (11,331) width 23: "test"
                text run at (11,347) width 23: "test"
                text run at (11,363) width 23: "test"
                text run at (11,379) width 23: "test"
                text run at (11,395) width 23: "test"
                text run at (11,411) width 23: "test"
                text run at (11,427) width 23: "test"
                text run at (11,443) width 23: "test"
                text run at (11,459) width 23: "test"
                text run at (11,475) width 23: "test"
                text run at (11,491) width 23: "test"
                text run at (11,507) width 23: "test"
                text run at (11,523) width 23: "test"
                text run at (11,539) width 23: "test"
                text run at (11,555) width 23: "test"
                text run at (11,571) width 23: "test"
                text run at (11,587) width 23: "test"
                text run at (11,603) width 23: "test"
                text run at (11,619) width 23: "test"
                text run at (11,635) width 23: "test"
                text run at (11,651) width 23: "test"
                text run at (11,667) width 23: "test"
                text run at (11,683) width 23: "test"
                text run at (11,699) width 23: "test"
                text run at (11,715) width 23: "test"
                text run at (11,731) width 23: "test"
                text run at (11,747) width 23: "test"
                text run at (11,763) width 23: "test"
                text run at (11,779) width 23: "test"
                text run at (11,795) width 23: "test"
                text run at (11,811) width 23: "test"
                text run at (11,827) width 23: "test"
                text run at (11,843) width 23: "test"
                text run at (11,859) width 23: "test"
                text run at (11,875) width 23: "test"
                text run at (11,891) width 23: "test"
                text run at (11,907) width 23: "test"
                text run at (11,923) width 23: "test"
                text run at (11,939) width 23: "test"
                text run at (11,955) width 23: "test"
                text run at (11,971) width 23: "test"
                text run at (11,987) width 23: "test"
                text run at (11,1003) width 23: "test"
                text run at (11,1019) width 23: "test"
                text run at (11,1035) width 23: "test"
                text run at (11,1051) width 23: "test"
                text run at (11,1067) width 23: "test"
                text run at (11,1083) width 23: "test"
                text run at (11,1099) width 23: "test"
                text run at (11,1115) width 23: "test"
                text run at (11,1131) width 23: "test"
                text run at (11,1147) width 23: "test"
                text run at (11,1163) width 23: "test"
                text run at (11,1179) width 23: "test"
                text run at (11,1195) width 23: "test"
