layer at (0,0) size 800x600
  RenderView at (0,0) size 800x600
layer at (0,0) size 800x600
  RenderBlock {HTML} at (0,0) size 800x600
    RenderBody {BODY} at (8,8) size 784x584
      RenderBlock {P} at (0,0) size 784x64
        RenderText {#text} at (0,0) size 768x64
          text run at (0,0) width 722: "The table below should have two columns and a total of 7 cells, arranged in an alternating/overlapping fashion. The"
          text run at (0,16) width 768: "cellspacing=0 for this table. In Nav4.5, this example can be viewed. In 5.0 (jun08 win95), this example displays (apparently)"
          text run at (0,32) width 764: "as a simple 2x2 table (i.e., some elements are not displayed at all). (The numbers are the position of each TD in the HTML"
          text run at (0,48) width 50: "source)."
      RenderTable {TABLE} at (0,78) size 22x122 [border: (1px outset #808080)]
        RenderTableSection {TBODY} at (1,1) size 20x120
          RenderTableRow {TR} at (0,0) size 20x20
            RenderTableCell {TD} at (0,11) size 10x18 [border: (1px inset #808080)] [r=0 c=0 rs=2 cs=1]
              RenderText {#text} at (1,1) size 8x16
                text run at (1,1) width 8: "1"
            RenderTableCell {TD} at (10,1) size 10x18 [border: (1px inset #808080)] [r=0 c=1 rs=1 cs=1]
              RenderText {#text} at (1,1) size 8x16
                text run at (1,1) width 8: "2"
          RenderTableRow {TR} at (0,20) size 20x20
            RenderTableCell {TD} at (10,31) size 10x18 [border: (1px inset #808080)] [r=1 c=1 rs=2 cs=1]
              RenderText {#text} at (1,1) size 8x16
                text run at (1,1) width 8: "3"
          RenderTableRow {TR} at (0,40) size 20x20
            RenderTableCell {TD} at (0,51) size 10x18 [border: (1px inset #808080)] [r=2 c=0 rs=2 cs=1]
              RenderText {#text} at (1,1) size 8x16
                text run at (1,1) width 8: "4"
          RenderTableRow {TR} at (0,60) size 20x20
            RenderTableCell {TD} at (10,71) size 10x18 [border: (1px inset #808080)] [r=3 c=1 rs=2 cs=1]
              RenderText {#text} at (1,1) size 8x16
                text run at (1,1) width 8: "5"
          RenderTableRow {TR} at (0,80) size 20x20
            RenderTableCell {TD} at (0,91) size 10x18 [border: (1px inset #808080)] [r=4 c=0 rs=2 cs=1]
              RenderText {#text} at (1,1) size 8x16
                text run at (1,1) width 8: "6"
          RenderTableRow {TR} at (0,100) size 20x20
            RenderTableCell {TD} at (10,101) size 10x18 [border: (1px inset #808080)] [r=5 c=1 rs=1 cs=1]
              RenderText {#text} at (1,1) size 8x16
                text run at (1,1) width 8: "7"
      RenderBlock {P} at (0,214) size 784x32
        RenderText {#text} at (0,0) size 761x32
          text run at (0,0) width 761: "This is the same table as above, but cellspacing=5 in this case. For 5.0, (jun08 win95) notice the odd cellspacing overlaps."
          text run at (0,16) width 128: "See also bug #6304."
      RenderTable {TABLE} at (0,260) size 37x147 [border: (1px outset #808080)]
        RenderTableSection {TBODY} at (1,1) size 35x145
          RenderTableRow {TR} at (0,5) size 35x20
            RenderTableCell {TD} at (5,16) size 10x18 [border: (1px inset #808080)] [r=0 c=0 rs=2 cs=1]
              RenderText {#text} at (1,1) size 8x16
                text run at (1,1) width 8: "1"
            RenderTableCell {TD} at (20,6) size 10x18 [border: (1px inset #808080)] [r=0 c=1 rs=1 cs=1]
              RenderText {#text} at (1,1) size 8x16
                text run at (1,1) width 8: "2"
          RenderTableRow {TR} at (0,30) size 35x15
            RenderTableCell {TD} at (20,41) size 10x18 [border: (1px inset #808080)] [r=1 c=1 rs=2 cs=1]
              RenderText {#text} at (1,1) size 8x16
                text run at (1,1) width 8: "3"
          RenderTableRow {TR} at (0,50) size 35x20
            RenderTableCell {TD} at (5,61) size 10x18 [border: (1px inset #808080)] [r=2 c=0 rs=2 cs=1]
              RenderText {#text} at (1,1) size 8x16
                text run at (1,1) width 8: "4"
          RenderTableRow {TR} at (0,75) size 35x15
            RenderTableCell {TD} at (20,86) size 10x18 [border: (1px inset #808080)] [r=3 c=1 rs=2 cs=1]
              RenderText {#text} at (1,1) size 8x16
                text run at (1,1) width 8: "5"
          RenderTableRow {TR} at (0,95) size 35x20
            RenderTableCell {TD} at (5,108) size 10x18 [border: (1px inset #808080)] [r=4 c=0 rs=2 cs=1]
              RenderText {#text} at (1,1) size 8x16
                text run at (1,1) width 8: "6"
          RenderTableRow {TR} at (0,120) size 35x20
            RenderTableCell {TD} at (20,121) size 10x18 [border: (1px inset #808080)] [r=5 c=1 rs=1 cs=1]
              RenderText {#text} at (1,1) size 8x16
                text run at (1,1) width 8: "7"
