layer at (0,0) size 288x6963
  RenderView at (0,0) size 96x26
layer at (0,0) size 288x6963
  RenderBlock {HTML} at (0,0) size 96x6963
    RenderBody {BODY} at (8,8) size 80x6947 [bgcolor=#555555]
      RenderBlock {H1} at (14,32) size 56x184 [bgcolor=#CCCCCC]
        RenderText {#text} at (28,29) size 135x30
          text run at (28,29) width 135: "Simplified"
        RenderInline {A} at (0,0) size 141x30 [color=#0000EE]
          RenderText {#text} at (28,61) size 141x30
            text run at (28,61) width 141: "Linux.com"
        RenderText {#text} at (28,93) size 122x62
          text run at (28,93) width 74: "Table"
          text run at (28,125) width 122: "Testcase"
      RenderTable {TABLE} at (14,234) size 266x6699
        RenderTableSection {TBODY} at (0,0) size 266x6699
          RenderTableRow {TR} at (0,2) size 266x393
            RenderTableCell {TD} at (2,2) size 85x1041 [bgcolor=#FFFFFF] [r=0 c=0 rs=2 cs=1]
              RenderBlock {H2} at (5,16) size 75x32
                RenderText {#text} at (0,0) size 53x32
                  text run at (0,0) width 50: "Weekly"
                  text run at (0,16) width 53: "Feature"
              RenderBlock {P} at (5,60) size 75x196
                RenderText {#text} at (0,0) size 51x196
                  text run at (0,0) width 51: "blah blah"
                  text run at (0,14) width 51: "blah blah"
                  text run at (0,28) width 51: "blah blah"
                  text run at (0,42) width 51: "blah blah"
                  text run at (0,56) width 51: "blah blah"
                  text run at (0,70) width 51: "blah blah"
                  text run at (0,84) width 51: "blah blah"
                  text run at (0,98) width 51: "blah blah"
                  text run at (0,112) width 51: "blah blah"
                  text run at (0,126) width 51: "blah blah"
                  text run at (0,140) width 51: "blah blah"
                  text run at (0,154) width 51: "blah blah"
                  text run at (0,168) width 51: "blah blah"
                  text run at (0,182) width 51: "blah blah"
              RenderBlock {H2} at (5,268) size 75x16
                RenderText {#text} at (0,0) size 75x16
                  text run at (0,0) width 75: "Contribute"
              RenderBlock {P} at (5,296) size 75x196
                RenderText {#text} at (0,0) size 51x196
                  text run at (0,0) width 51: "blah blah"
                  text run at (0,14) width 51: "blah blah"
                  text run at (0,28) width 51: "blah blah"
                  text run at (0,42) width 51: "blah blah"
                  text run at (0,56) width 51: "blah blah"
                  text run at (0,70) width 51: "blah blah"
                  text run at (0,84) width 51: "blah blah"
                  text run at (0,98) width 51: "blah blah"
                  text run at (0,112) width 51: "blah blah"
                  text run at (0,126) width 51: "blah blah"
                  text run at (0,140) width 51: "blah blah"
                  text run at (0,154) width 51: "blah blah"
                  text run at (0,168) width 51: "blah blah"
                  text run at (0,182) width 51: "blah blah"
              RenderBlock {H2} at (5,504) size 75x16
                RenderText {#text} at (0,0) size 73x16
                  text run at (0,0) width 73: "Newsforge"
              RenderBlock {P} at (5,532) size 75x56
                RenderText {#text} at (0,0) size 51x56
                  text run at (0,0) width 51: "blah blah"
                  text run at (0,14) width 51: "blah blah"
                  text run at (0,28) width 51: "blah blah"
                  text run at (0,42) width 51: "blah blah"
              RenderBlock {P} at (5,600) size 75x56
                RenderText {#text} at (0,0) size 51x56
                  text run at (0,0) width 51: "blah blah"
                  text run at (0,14) width 51: "blah blah"
                  text run at (0,28) width 51: "blah blah"
                  text run at (0,42) width 51: "blah blah"
              RenderBlock {P} at (5,668) size 75x56
                RenderText {#text} at (0,0) size 51x56
                  text run at (0,0) width 51: "blah blah"
                  text run at (0,14) width 51: "blah blah"
                  text run at (0,28) width 51: "blah blah"
                  text run at (0,42) width 51: "blah blah"
              RenderBlock {P} at (5,736) size 75x56
                RenderText {#text} at (0,0) size 51x56
                  text run at (0,0) width 51: "blah blah"
                  text run at (0,14) width 51: "blah blah"
                  text run at (0,28) width 51: "blah blah"
                  text run at (0,42) width 51: "blah blah"
              RenderBlock {P} at (5,804) size 75x56
                RenderText {#text} at (0,0) size 51x56
                  text run at (0,0) width 51: "blah blah"
                  text run at (0,14) width 51: "blah blah"
                  text run at (0,28) width 51: "blah blah"
                  text run at (0,42) width 51: "blah blah"
              RenderBlock {P} at (5,872) size 75x56
                RenderText {#text} at (0,0) size 51x56
                  text run at (0,0) width 51: "blah blah"
                  text run at (0,14) width 51: "blah blah"
                  text run at (0,28) width 51: "blah blah"
                  text run at (0,42) width 51: "blah blah"
              RenderBlock {H2} at (5,940) size 75x16
                RenderText {#text} at (0,0) size 75x16
                  text run at (0,0) width 75: "Resources"
              RenderBlock {P} at (5,968) size 75x56
                RenderText {#text} at (0,0) size 51x56
                  text run at (0,0) width 51: "blah blah"
                  text run at (0,14) width 51: "blah blah"
                  text run at (0,28) width 51: "blah blah"
                  text run at (0,42) width 51: "blah blah"
            RenderTableCell {TD} at (89,2) size 84x6695 [bgcolor=#FFFFFF] [r=0 c=1 rs=2 cs=1]
              RenderBlock {H2} at (5,16) size 74x48
                RenderText {#text} at (0,0) size 74x48
                  text run at (0,0) width 71: "The Latest"
                  text run at (0,16) width 13: "of"
                  text run at (0,32) width 74: "Linux.com!"
              RenderBlock {P} at (5,76) size 74x1596
                RenderText {#text} at (0,0) size 51x1596
                  text run at (0,0) width 51: "blah blah"
                  text run at (0,14) width 51: "blah blah"
                  text run at (0,28) width 51: "blah blah"
                  text run at (0,42) width 51: "blah blah"
                  text run at (0,56) width 51: "blah blah"
                  text run at (0,70) width 51: "blah blah"
                  text run at (0,84) width 51: "blah blah"
                  text run at (0,98) width 51: "blah blah"
                  text run at (0,112) width 51: "blah blah"
                  text run at (0,126) width 51: "blah blah"
                  text run at (0,140) width 51: "blah blah"
                  text run at (0,154) width 51: "blah blah"
                  text run at (0,168) width 51: "blah blah"
                  text run at (0,182) width 51: "blah blah"
                  text run at (0,196) width 51: "blah blah"
                  text run at (0,210) width 51: "blah blah"
                  text run at (0,224) width 51: "blah blah"
                  text run at (0,238) width 51: "blah blah"
                  text run at (0,252) width 51: "blah blah"
                  text run at (0,266) width 51: "blah blah"
                  text run at (0,280) width 51: "blah blah"
                  text run at (0,294) width 51: "blah blah"
                  text run at (0,308) width 51: "blah blah"
                  text run at (0,322) width 51: "blah blah"
                  text run at (0,336) width 51: "blah blah"
                  text run at (0,350) width 51: "blah blah"
                  text run at (0,364) width 51: "blah blah"
                  text run at (0,378) width 51: "blah blah"
                  text run at (0,392) width 51: "blah blah"
                  text run at (0,406) width 51: "blah blah"
                  text run at (0,420) width 51: "blah blah"
                  text run at (0,434) width 51: "blah blah"
                  text run at (0,448) width 51: "blah blah"
                  text run at (0,462) width 51: "blah blah"
                  text run at (0,476) width 51: "blah blah"
                  text run at (0,490) width 51: "blah blah"
                  text run at (0,504) width 51: "blah blah"
                  text run at (0,518) width 51: "blah blah"
                  text run at (0,532) width 51: "blah blah"
                  text run at (0,546) width 51: "blah blah"
                  text run at (0,560) width 51: "blah blah"
                  text run at (0,574) width 51: "blah blah"
                  text run at (0,588) width 51: "blah blah"
                  text run at (0,602) width 51: "blah blah"
                  text run at (0,616) width 51: "blah blah"
                  text run at (0,630) width 51: "blah blah"
                  text run at (0,644) width 51: "blah blah"
                  text run at (0,658) width 51: "blah blah"
                  text run at (0,672) width 51: "blah blah"
                  text run at (0,686) width 51: "blah blah"
                  text run at (0,700) width 51: "blah blah"
                  text run at (0,714) width 51: "blah blah"
                  text run at (0,728) width 51: "blah blah"
                  text run at (0,742) width 51: "blah blah"
                  text run at (0,756) width 51: "blah blah"
                  text run at (0,770) width 51: "blah blah"
                  text run at (0,784) width 51: "blah blah"
                  text run at (0,798) width 51: "blah blah"
                  text run at (0,812) width 51: "blah blah"
                  text run at (0,826) width 51: "blah blah"
                  text run at (0,840) width 51: "blah blah"
                  text run at (0,854) width 51: "blah blah"
                  text run at (0,868) width 51: "blah blah"
                  text run at (0,882) width 51: "blah blah"
                  text run at (0,896) width 51: "blah blah"
                  text run at (0,910) width 51: "blah blah"
                  text run at (0,924) width 51: "blah blah"
                  text run at (0,938) width 51: "blah blah"
                  text run at (0,952) width 51: "blah blah"
                  text run at (0,966) width 51: "blah blah"
                  text run at (0,980) width 51: "blah blah"
                  text run at (0,994) width 51: "blah blah"
                  text run at (0,1008) width 51: "blah blah"
                  text run at (0,1022) width 51: "blah blah"
                  text run at (0,1036) width 51: "blah blah"
                  text run at (0,1050) width 51: "blah blah"
                  text run at (0,1064) width 51: "blah blah"
                  text run at (0,1078) width 51: "blah blah"
                  text run at (0,1092) width 51: "blah blah"
                  text run at (0,1106) width 51: "blah blah"
                  text run at (0,1120) width 51: "blah blah"
                  text run at (0,1134) width 51: "blah blah"
                  text run at (0,1148) width 51: "blah blah"
                  text run at (0,1162) width 51: "blah blah"
                  text run at (0,1176) width 51: "blah blah"
                  text run at (0,1190) width 51: "blah blah"
                  text run at (0,1204) width 51: "blah blah"
                  text run at (0,1218) width 51: "blah blah"
                  text run at (0,1232) width 51: "blah blah"
                  text run at (0,1246) width 51: "blah blah"
                  text run at (0,1260) width 51: "blah blah"
                  text run at (0,1274) width 51: "blah blah"
                  text run at (0,1288) width 51: "blah blah"
                  text run at (0,1302) width 51: "blah blah"
                  text run at (0,1316) width 51: "blah blah"
                  text run at (0,1330) width 51: "blah blah"
                  text run at (0,1344) width 51: "blah blah"
                  text run at (0,1358) width 51: "blah blah"
                  text run at (0,1372) width 51: "blah blah"
                  text run at (0,1386) width 51: "blah blah"
                  text run at (0,1400) width 51: "blah blah"
                  text run at (0,1414) width 51: "blah blah"
                  text run at (0,1428) width 51: "blah blah"
                  text run at (0,1442) width 51: "blah blah"
                  text run at (0,1456) width 51: "blah blah"
                  text run at (0,1470) width 51: "blah blah"
                  text run at (0,1484) width 51: "blah blah"
                  text run at (0,1498) width 51: "blah blah"
                  text run at (0,1512) width 51: "blah blah"
                  text run at (0,1526) width 51: "blah blah"
                  text run at (0,1540) width 51: "blah blah"
                  text run at (0,1554) width 51: "blah blah"
                  text run at (0,1568) width 51: "blah blah"
                  text run at (0,1582) width 51: "blah blah"
              RenderBlock {P} at (5,1684) size 74x1596
                RenderText {#text} at (0,0) size 51x1596
                  text run at (0,0) width 51: "blah blah"
                  text run at (0,14) width 51: "blah blah"
                  text run at (0,28) width 51: "blah blah"
                  text run at (0,42) width 51: "blah blah"
                  text run at (0,56) width 51: "blah blah"
                  text run at (0,70) width 51: "blah blah"
                  text run at (0,84) width 51: "blah blah"
                  text run at (0,98) width 51: "blah blah"
                  text run at (0,112) width 51: "blah blah"
                  text run at (0,126) width 51: "blah blah"
                  text run at (0,140) width 51: "blah blah"
                  text run at (0,154) width 51: "blah blah"
                  text run at (0,168) width 51: "blah blah"
                  text run at (0,182) width 51: "blah blah"
                  text run at (0,196) width 51: "blah blah"
                  text run at (0,210) width 51: "blah blah"
                  text run at (0,224) width 51: "blah blah"
                  text run at (0,238) width 51: "blah blah"
                  text run at (0,252) width 51: "blah blah"
                  text run at (0,266) width 51: "blah blah"
                  text run at (0,280) width 51: "blah blah"
                  text run at (0,294) width 51: "blah blah"
                  text run at (0,308) width 51: "blah blah"
                  text run at (0,322) width 51: "blah blah"
                  text run at (0,336) width 51: "blah blah"
                  text run at (0,350) width 51: "blah blah"
                  text run at (0,364) width 51: "blah blah"
                  text run at (0,378) width 51: "blah blah"
                  text run at (0,392) width 51: "blah blah"
                  text run at (0,406) width 51: "blah blah"
                  text run at (0,420) width 51: "blah blah"
                  text run at (0,434) width 51: "blah blah"
                  text run at (0,448) width 51: "blah blah"
                  text run at (0,462) width 51: "blah blah"
                  text run at (0,476) width 51: "blah blah"
                  text run at (0,490) width 51: "blah blah"
                  text run at (0,504) width 51: "blah blah"
                  text run at (0,518) width 51: "blah blah"
                  text run at (0,532) width 51: "blah blah"
                  text run at (0,546) width 51: "blah blah"
                  text run at (0,560) width 51: "blah blah"
                  text run at (0,574) width 51: "blah blah"
                  text run at (0,588) width 51: "blah blah"
                  text run at (0,602) width 51: "blah blah"
                  text run at (0,616) width 51: "blah blah"
                  text run at (0,630) width 51: "blah blah"
                  text run at (0,644) width 51: "blah blah"
                  text run at (0,658) width 51: "blah blah"
                  text run at (0,672) width 51: "blah blah"
                  text run at (0,686) width 51: "blah blah"
                  text run at (0,700) width 51: "blah blah"
                  text run at (0,714) width 51: "blah blah"
                  text run at (0,728) width 51: "blah blah"
                  text run at (0,742) width 51: "blah blah"
                  text run at (0,756) width 51: "blah blah"
                  text run at (0,770) width 51: "blah blah"
                  text run at (0,784) width 51: "blah blah"
                  text run at (0,798) width 51: "blah blah"
                  text run at (0,812) width 51: "blah blah"
                  text run at (0,826) width 51: "blah blah"
                  text run at (0,840) width 51: "blah blah"
                  text run at (0,854) width 51: "blah blah"
                  text run at (0,868) width 51: "blah blah"
                  text run at (0,882) width 51: "blah blah"
                  text run at (0,896) width 51: "blah blah"
                  text run at (0,910) width 51: "blah blah"
                  text run at (0,924) width 51: "blah blah"
                  text run at (0,938) width 51: "blah blah"
                  text run at (0,952) width 51: "blah blah"
                  text run at (0,966) width 51: "blah blah"
                  text run at (0,980) width 51: "blah blah"
                  text run at (0,994) width 51: "blah blah"
                  text run at (0,1008) width 51: "blah blah"
                  text run at (0,1022) width 51: "blah blah"
                  text run at (0,1036) width 51: "blah blah"
                  text run at (0,1050) width 51: "blah blah"
                  text run at (0,1064) width 51: "blah blah"
                  text run at (0,1078) width 51: "blah blah"
                  text run at (0,1092) width 51: "blah blah"
                  text run at (0,1106) width 51: "blah blah"
                  text run at (0,1120) width 51: "blah blah"
                  text run at (0,1134) width 51: "blah blah"
                  text run at (0,1148) width 51: "blah blah"
                  text run at (0,1162) width 51: "blah blah"
                  text run at (0,1176) width 51: "blah blah"
                  text run at (0,1190) width 51: "blah blah"
                  text run at (0,1204) width 51: "blah blah"
                  text run at (0,1218) width 51: "blah blah"
                  text run at (0,1232) width 51: "blah blah"
                  text run at (0,1246) width 51: "blah blah"
                  text run at (0,1260) width 51: "blah blah"
                  text run at (0,1274) width 51: "blah blah"
                  text run at (0,1288) width 51: "blah blah"
                  text run at (0,1302) width 51: "blah blah"
                  text run at (0,1316) width 51: "blah blah"
                  text run at (0,1330) width 51: "blah blah"
                  text run at (0,1344) width 51: "blah blah"
                  text run at (0,1358) width 51: "blah blah"
                  text run at (0,1372) width 51: "blah blah"
                  text run at (0,1386) width 51: "blah blah"
                  text run at (0,1400) width 51: "blah blah"
                  text run at (0,1414) width 51: "blah blah"
                  text run at (0,1428) width 51: "blah blah"
                  text run at (0,1442) width 51: "blah blah"
                  text run at (0,1456) width 51: "blah blah"
                  text run at (0,1470) width 51: "blah blah"
                  text run at (0,1484) width 51: "blah blah"
                  text run at (0,1498) width 51: "blah blah"
                  text run at (0,1512) width 51: "blah blah"
                  text run at (0,1526) width 51: "blah blah"
                  text run at (0,1540) width 51: "blah blah"
                  text run at (0,1554) width 51: "blah blah"
                  text run at (0,1568) width 51: "blah blah"
                  text run at (0,1582) width 51: "blah blah"
              RenderBlock {H2} at (5,3292) size 74x32
                RenderText {#text} at (0,0) size 70x32
                  text run at (0,0) width 70: "Linux.com"
                  text run at (0,16) width 32: "Live!"
              RenderBlock {P} at (5,3336) size 74x1596
                RenderText {#text} at (0,0) size 51x1596
                  text run at (0,0) width 51: "blah blah"
                  text run at (0,14) width 51: "blah blah"
                  text run at (0,28) width 51: "blah blah"
                  text run at (0,42) width 51: "blah blah"
                  text run at (0,56) width 51: "blah blah"
                  text run at (0,70) width 51: "blah blah"
                  text run at (0,84) width 51: "blah blah"
                  text run at (0,98) width 51: "blah blah"
                  text run at (0,112) width 51: "blah blah"
                  text run at (0,126) width 51: "blah blah"
                  text run at (0,140) width 51: "blah blah"
                  text run at (0,154) width 51: "blah blah"
                  text run at (0,168) width 51: "blah blah"
                  text run at (0,182) width 51: "blah blah"
                  text run at (0,196) width 51: "blah blah"
                  text run at (0,210) width 51: "blah blah"
                  text run at (0,224) width 51: "blah blah"
                  text run at (0,238) width 51: "blah blah"
                  text run at (0,252) width 51: "blah blah"
                  text run at (0,266) width 51: "blah blah"
                  text run at (0,280) width 51: "blah blah"
                  text run at (0,294) width 51: "blah blah"
                  text run at (0,308) width 51: "blah blah"
                  text run at (0,322) width 51: "blah blah"
                  text run at (0,336) width 51: "blah blah"
                  text run at (0,350) width 51: "blah blah"
                  text run at (0,364) width 51: "blah blah"
                  text run at (0,378) width 51: "blah blah"
                  text run at (0,392) width 51: "blah blah"
                  text run at (0,406) width 51: "blah blah"
                  text run at (0,420) width 51: "blah blah"
                  text run at (0,434) width 51: "blah blah"
                  text run at (0,448) width 51: "blah blah"
                  text run at (0,462) width 51: "blah blah"
                  text run at (0,476) width 51: "blah blah"
                  text run at (0,490) width 51: "blah blah"
                  text run at (0,504) width 51: "blah blah"
                  text run at (0,518) width 51: "blah blah"
                  text run at (0,532) width 51: "blah blah"
                  text run at (0,546) width 51: "blah blah"
                  text run at (0,560) width 51: "blah blah"
                  text run at (0,574) width 51: "blah blah"
                  text run at (0,588) width 51: "blah blah"
                  text run at (0,602) width 51: "blah blah"
                  text run at (0,616) width 51: "blah blah"
                  text run at (0,630) width 51: "blah blah"
                  text run at (0,644) width 51: "blah blah"
                  text run at (0,658) width 51: "blah blah"
                  text run at (0,672) width 51: "blah blah"
                  text run at (0,686) width 51: "blah blah"
                  text run at (0,700) width 51: "blah blah"
                  text run at (0,714) width 51: "blah blah"
                  text run at (0,728) width 51: "blah blah"
                  text run at (0,742) width 51: "blah blah"
                  text run at (0,756) width 51: "blah blah"
                  text run at (0,770) width 51: "blah blah"
                  text run at (0,784) width 51: "blah blah"
                  text run at (0,798) width 51: "blah blah"
                  text run at (0,812) width 51: "blah blah"
                  text run at (0,826) width 51: "blah blah"
                  text run at (0,840) width 51: "blah blah"
                  text run at (0,854) width 51: "blah blah"
                  text run at (0,868) width 51: "blah blah"
                  text run at (0,882) width 51: "blah blah"
                  text run at (0,896) width 51: "blah blah"
                  text run at (0,910) width 51: "blah blah"
                  text run at (0,924) width 51: "blah blah"
                  text run at (0,938) width 51: "blah blah"
                  text run at (0,952) width 51: "blah blah"
                  text run at (0,966) width 51: "blah blah"
                  text run at (0,980) width 51: "blah blah"
                  text run at (0,994) width 51: "blah blah"
                  text run at (0,1008) width 51: "blah blah"
                  text run at (0,1022) width 51: "blah blah"
                  text run at (0,1036) width 51: "blah blah"
                  text run at (0,1050) width 51: "blah blah"
                  text run at (0,1064) width 51: "blah blah"
                  text run at (0,1078) width 51: "blah blah"
                  text run at (0,1092) width 51: "blah blah"
                  text run at (0,1106) width 51: "blah blah"
                  text run at (0,1120) width 51: "blah blah"
                  text run at (0,1134) width 51: "blah blah"
                  text run at (0,1148) width 51: "blah blah"
                  text run at (0,1162) width 51: "blah blah"
                  text run at (0,1176) width 51: "blah blah"
                  text run at (0,1190) width 51: "blah blah"
                  text run at (0,1204) width 51: "blah blah"
                  text run at (0,1218) width 51: "blah blah"
                  text run at (0,1232) width 51: "blah blah"
                  text run at (0,1246) width 51: "blah blah"
                  text run at (0,1260) width 51: "blah blah"
                  text run at (0,1274) width 51: "blah blah"
                  text run at (0,1288) width 51: "blah blah"
                  text run at (0,1302) width 51: "blah blah"
                  text run at (0,1316) width 51: "blah blah"
                  text run at (0,1330) width 51: "blah blah"
                  text run at (0,1344) width 51: "blah blah"
                  text run at (0,1358) width 51: "blah blah"
                  text run at (0,1372) width 51: "blah blah"
                  text run at (0,1386) width 51: "blah blah"
                  text run at (0,1400) width 51: "blah blah"
                  text run at (0,1414) width 51: "blah blah"
                  text run at (0,1428) width 51: "blah blah"
                  text run at (0,1442) width 51: "blah blah"
                  text run at (0,1456) width 51: "blah blah"
                  text run at (0,1470) width 51: "blah blah"
                  text run at (0,1484) width 51: "blah blah"
                  text run at (0,1498) width 51: "blah blah"
                  text run at (0,1512) width 51: "blah blah"
                  text run at (0,1526) width 51: "blah blah"
                  text run at (0,1540) width 51: "blah blah"
                  text run at (0,1554) width 51: "blah blah"
                  text run at (0,1568) width 51: "blah blah"
                  text run at (0,1582) width 51: "blah blah"
              RenderBlock {H2} at (5,4944) size 74x16
                RenderText {#text} at (0,0) size 52x16
                  text run at (0,0) width 52: "Tuneup"
              RenderBlock {P} at (5,4972) size 74x1596
                RenderText {#text} at (0,0) size 51x1596
                  text run at (0,0) width 51: "blah blah"
                  text run at (0,14) width 51: "blah blah"
                  text run at (0,28) width 51: "blah blah"
                  text run at (0,42) width 51: "blah blah"
                  text run at (0,56) width 51: "blah blah"
                  text run at (0,70) width 51: "blah blah"
                  text run at (0,84) width 51: "blah blah"
                  text run at (0,98) width 51: "blah blah"
                  text run at (0,112) width 51: "blah blah"
                  text run at (0,126) width 51: "blah blah"
                  text run at (0,140) width 51: "blah blah"
                  text run at (0,154) width 51: "blah blah"
                  text run at (0,168) width 51: "blah blah"
                  text run at (0,182) width 51: "blah blah"
                  text run at (0,196) width 51: "blah blah"
                  text run at (0,210) width 51: "blah blah"
                  text run at (0,224) width 51: "blah blah"
                  text run at (0,238) width 51: "blah blah"
                  text run at (0,252) width 51: "blah blah"
                  text run at (0,266) width 51: "blah blah"
                  text run at (0,280) width 51: "blah blah"
                  text run at (0,294) width 51: "blah blah"
                  text run at (0,308) width 51: "blah blah"
                  text run at (0,322) width 51: "blah blah"
                  text run at (0,336) width 51: "blah blah"
                  text run at (0,350) width 51: "blah blah"
                  text run at (0,364) width 51: "blah blah"
                  text run at (0,378) width 51: "blah blah"
                  text run at (0,392) width 51: "blah blah"
                  text run at (0,406) width 51: "blah blah"
                  text run at (0,420) width 51: "blah blah"
                  text run at (0,434) width 51: "blah blah"
                  text run at (0,448) width 51: "blah blah"
                  text run at (0,462) width 51: "blah blah"
                  text run at (0,476) width 51: "blah blah"
                  text run at (0,490) width 51: "blah blah"
                  text run at (0,504) width 51: "blah blah"
                  text run at (0,518) width 51: "blah blah"
                  text run at (0,532) width 51: "blah blah"
                  text run at (0,546) width 51: "blah blah"
                  text run at (0,560) width 51: "blah blah"
                  text run at (0,574) width 51: "blah blah"
                  text run at (0,588) width 51: "blah blah"
                  text run at (0,602) width 51: "blah blah"
                  text run at (0,616) width 51: "blah blah"
                  text run at (0,630) width 51: "blah blah"
                  text run at (0,644) width 51: "blah blah"
                  text run at (0,658) width 51: "blah blah"
                  text run at (0,672) width 51: "blah blah"
                  text run at (0,686) width 51: "blah blah"
                  text run at (0,700) width 51: "blah blah"
                  text run at (0,714) width 51: "blah blah"
                  text run at (0,728) width 51: "blah blah"
                  text run at (0,742) width 51: "blah blah"
                  text run at (0,756) width 51: "blah blah"
                  text run at (0,770) width 51: "blah blah"
                  text run at (0,784) width 51: "blah blah"
                  text run at (0,798) width 51: "blah blah"
                  text run at (0,812) width 51: "blah blah"
                  text run at (0,826) width 51: "blah blah"
                  text run at (0,840) width 51: "blah blah"
                  text run at (0,854) width 51: "blah blah"
                  text run at (0,868) width 51: "blah blah"
                  text run at (0,882) width 51: "blah blah"
                  text run at (0,896) width 51: "blah blah"
                  text run at (0,910) width 51: "blah blah"
                  text run at (0,924) width 51: "blah blah"
                  text run at (0,938) width 51: "blah blah"
                  text run at (0,952) width 51: "blah blah"
                  text run at (0,966) width 51: "blah blah"
                  text run at (0,980) width 51: "blah blah"
                  text run at (0,994) width 51: "blah blah"
                  text run at (0,1008) width 51: "blah blah"
                  text run at (0,1022) width 51: "blah blah"
                  text run at (0,1036) width 51: "blah blah"
                  text run at (0,1050) width 51: "blah blah"
                  text run at (0,1064) width 51: "blah blah"
                  text run at (0,1078) width 51: "blah blah"
                  text run at (0,1092) width 51: "blah blah"
                  text run at (0,1106) width 51: "blah blah"
                  text run at (0,1120) width 51: "blah blah"
                  text run at (0,1134) width 51: "blah blah"
                  text run at (0,1148) width 51: "blah blah"
                  text run at (0,1162) width 51: "blah blah"
                  text run at (0,1176) width 51: "blah blah"
                  text run at (0,1190) width 51: "blah blah"
                  text run at (0,1204) width 51: "blah blah"
                  text run at (0,1218) width 51: "blah blah"
                  text run at (0,1232) width 51: "blah blah"
                  text run at (0,1246) width 51: "blah blah"
                  text run at (0,1260) width 51: "blah blah"
                  text run at (0,1274) width 51: "blah blah"
                  text run at (0,1288) width 51: "blah blah"
                  text run at (0,1302) width 51: "blah blah"
                  text run at (0,1316) width 51: "blah blah"
                  text run at (0,1330) width 51: "blah blah"
                  text run at (0,1344) width 51: "blah blah"
                  text run at (0,1358) width 51: "blah blah"
                  text run at (0,1372) width 51: "blah blah"
                  text run at (0,1386) width 51: "blah blah"
                  text run at (0,1400) width 51: "blah blah"
                  text run at (0,1414) width 51: "blah blah"
                  text run at (0,1428) width 51: "blah blah"
                  text run at (0,1442) width 51: "blah blah"
                  text run at (0,1456) width 51: "blah blah"
                  text run at (0,1470) width 51: "blah blah"
                  text run at (0,1484) width 51: "blah blah"
                  text run at (0,1498) width 51: "blah blah"
                  text run at (0,1512) width 51: "blah blah"
                  text run at (0,1526) width 51: "blah blah"
                  text run at (0,1540) width 51: "blah blah"
                  text run at (0,1554) width 51: "blah blah"
                  text run at (0,1568) width 51: "blah blah"
                  text run at (0,1582) width 51: "blah blah"
              RenderBlock {H2} at (5,6580) size 74x16
                RenderText {#text} at (0,0) size 27x16
                  text run at (0,0) width 27: "Poll"
              RenderBlock {P} at (5,6608) size 74x70
                RenderText {#text} at (0,0) size 74x70
                  text run at (0,0) width 60: "This stuff is"
                  text run at (0,14) width 74: "cropped off in"
                  text run at (0,28) width 56: "Mozilla for"
                  text run at (0,42) width 50: "whatever"
                  text run at (0,56) width 38: "reason"
            RenderTableCell {TD} at (175,2) size 89x393 [bgcolor=#FFFFFF] [r=0 c=2 rs=1 cs=1]
              RenderBlock {H2} at (5,16) size 79x16
                RenderText {#text} at (0,0) size 44x16
                  text run at (0,0) width 44: "OSDN"
              RenderBlock {P} at (5,44) size 79x84
                RenderText {#text} at (0,0) size 78x84
                  text run at (0,0) width 78: "blah blah blah"
                  text run at (0,14) width 78: "blah blah blah"
                  text run at (0,28) width 78: "blah blah blah"
                  text run at (0,42) width 78: "blah blah blah"
                  text run at (0,56) width 78: "blah blah blah"
                  text run at (0,70) width 78: "blah blah blah"
              RenderBlock {H2} at (5,140) size 79x16
                RenderText {#text} at (0,0) size 41x16
                  text run at (0,0) width 41: "POTD"
              RenderBlock {P} at (5,168) size 79x84
                RenderText {#text} at (0,0) size 78x84
                  text run at (0,0) width 78: "blah blah blah"
                  text run at (0,14) width 78: "blah blah blah"
                  text run at (0,28) width 78: "blah blah blah"
                  text run at (0,42) width 78: "blah blah blah"
                  text run at (0,56) width 78: "blah blah blah"
                  text run at (0,70) width 78: "blah blah blah"
              RenderBlock {H2} at (5,264) size 79x16
                RenderText {#text} at (0,0) size 43x16
                  text run at (0,0) width 43: "Log In"
              RenderBlock {P} at (5,292) size 79x84
                RenderText {#text} at (0,0) size 78x84
                  text run at (0,0) width 78: "blah blah blah"
                  text run at (0,14) width 78: "blah blah blah"
                  text run at (0,28) width 78: "blah blah blah"
                  text run at (0,42) width 78: "blah blah blah"
                  text run at (0,56) width 78: "blah blah blah"
                  text run at (0,70) width 78: "blah blah blah"
          RenderTableRow {TR} at (0,397) size 266x6300
            RenderTableCell {TD} at (175,6536) size 89x161 [bgcolor=#FFFFFF] [r=1 c=2 rs=1 cs=1]
              RenderBlock {H2} at (5,16) size 79x32
                RenderText {#text} at (0,0) size 79x32
                  text run at (0,0) width 79: "Community"
                  text run at (0,16) width 50: "Banner"
              RenderBlock {P} at (5,60) size 79x84
                RenderText {#text} at (0,0) size 78x84
                  text run at (0,0) width 78: "blah blah blah"
                  text run at (0,14) width 78: "blah blah blah"
                  text run at (0,28) width 78: "blah blah blah"
                  text run at (0,42) width 78: "blah blah blah"
                  text run at (0,56) width 78: "blah blah blah"
                  text run at (0,70) width 78: "blah blah blah"
