layer at (0,0) size 800x600
  RenderView at (0,0) size 800x600
layer at (0,0) size 800x600
  RenderBlock {HTML} at (0,0) size 800x600
    RenderBody {BODY} at (8,8) size 784x584
      RenderBlock {P} at (0,0) size 784x16
        RenderText {#text} at (0,0) size 118x16
          text run at (0,0) width 118: "No col or colgroup:"
      RenderTable {TABLE} at (0,30) size 705x70 [border: (1px outset #808080)]
        RenderTableSection {TBODY} at (1,1) size 703x68
          RenderTableRow {TR} at (0,2) size 703x20
            RenderTableCell {TD} at (2,2) size 231x20 [border: (1px inset #808080)] [r=0 c=0 rs=1 cs=1]
              RenderText {#text} at (2,2) size 30x16
                text run at (2,2) width 30: "Data"
            RenderTableCell {TD} at (235,2) size 232x20 [border: (1px inset #808080)] [r=0 c=1 rs=1 cs=1]
              RenderText {#text} at (2,2) size 30x16
                text run at (2,2) width 30: "Data"
            RenderTableCell {TD} at (469,2) size 232x20 [border: (1px inset #808080)] [r=0 c=2 rs=1 cs=1]
              RenderText {#text} at (2,2) size 30x16
                text run at (2,2) width 30: "Data"
          RenderTableRow {TR} at (0,24) size 703x20
            RenderTableCell {TD} at (2,24) size 231x20 [border: (1px inset #808080)] [r=1 c=0 rs=1 cs=1]
              RenderText {#text} at (2,2) size 30x16
                text run at (2,2) width 30: "Data"
            RenderTableCell {TD} at (235,24) size 232x20 [border: (1px inset #808080)] [r=1 c=1 rs=1 cs=1]
              RenderText {#text} at (2,2) size 30x16
                text run at (2,2) width 30: "Data"
            RenderTableCell {TD} at (469,24) size 232x20 [border: (1px inset #808080)] [r=1 c=2 rs=1 cs=1]
              RenderText {#text} at (2,2) size 30x16
                text run at (2,2) width 30: "Data"
          RenderTableRow {TR} at (0,46) size 703x20
            RenderTableCell {TD} at (2,46) size 231x20 [border: (1px inset #808080)] [r=2 c=0 rs=1 cs=1]
              RenderText {#text} at (2,2) size 30x16
                text run at (2,2) width 30: "Data"
            RenderTableCell {TD} at (235,46) size 232x20 [border: (1px inset #808080)] [r=2 c=1 rs=1 cs=1]
              RenderText {#text} at (2,2) size 30x16
                text run at (2,2) width 30: "Data"
            RenderTableCell {TD} at (469,46) size 232x20 [border: (1px inset #808080)] [r=2 c=2 rs=1 cs=1]
              RenderText {#text} at (2,2) size 30x16
                text run at (2,2) width 30: "Data"
      RenderBlock {P} at (0,114) size 784x16
        RenderText {#text} at (0,0) size 286x16
          text run at (0,0) width 286: "col elements with align=center on second col:"
      RenderTable {TABLE} at (0,144) size 705x70 [border: (1px outset #808080)]
        RenderTableCol {COL} at (0,0) size 0x0
        RenderTableCol {COL} at (0,0) size 0x0
        RenderTableCol {COL} at (0,0) size 0x0
        RenderTableSection {TBODY} at (1,1) size 703x68
          RenderTableRow {TR} at (0,2) size 703x20
            RenderTableCell {TD} at (2,2) size 231x20 [border: (1px inset #808080)] [r=0 c=0 rs=1 cs=1]
              RenderText {#text} at (2,2) size 30x16
                text run at (2,2) width 30: "Data"
            RenderTableCell {TD} at (235,2) size 232x20 [border: (1px inset #808080)] [r=0 c=1 rs=1 cs=1]
              RenderText {#text} at (2,2) size 30x16
                text run at (2,2) width 30: "Data"
            RenderTableCell {TD} at (469,2) size 232x20 [border: (1px inset #808080)] [r=0 c=2 rs=1 cs=1]
              RenderText {#text} at (2,2) size 30x16
                text run at (2,2) width 30: "Data"
          RenderTableRow {TR} at (0,24) size 703x20
            RenderTableCell {TD} at (2,24) size 231x20 [border: (1px inset #808080)] [r=1 c=0 rs=1 cs=1]
              RenderText {#text} at (2,2) size 30x16
                text run at (2,2) width 30: "Data"
            RenderTableCell {TD} at (235,24) size 232x20 [border: (1px inset #808080)] [r=1 c=1 rs=1 cs=1]
              RenderText {#text} at (2,2) size 30x16
                text run at (2,2) width 30: "Data"
            RenderTableCell {TD} at (469,24) size 232x20 [border: (1px inset #808080)] [r=1 c=2 rs=1 cs=1]
              RenderText {#text} at (2,2) size 30x16
                text run at (2,2) width 30: "Data"
          RenderTableRow {TR} at (0,46) size 703x20
            RenderTableCell {TD} at (2,46) size 231x20 [border: (1px inset #808080)] [r=2 c=0 rs=1 cs=1]
              RenderText {#text} at (2,2) size 30x16
                text run at (2,2) width 30: "Data"
            RenderTableCell {TD} at (235,46) size 232x20 [border: (1px inset #808080)] [r=2 c=1 rs=1 cs=1]
              RenderText {#text} at (2,2) size 30x16
                text run at (2,2) width 30: "Data"
            RenderTableCell {TD} at (469,46) size 232x20 [border: (1px inset #808080)] [r=2 c=2 rs=1 cs=1]
              RenderText {#text} at (2,2) size 30x16
                text run at (2,2) width 30: "Data"
      RenderBlock {P} at (0,228) size 784x16
        RenderText {#text} at (0,0) size 527x16
          text run at (0,0) width 527: "colgroup and col elements, with align on colgroup so 2nd and 3rd columns centered:"
      RenderTable {TABLE} at (0,258) size 705x70 [border: (1px outset #808080)]
        RenderTableCol {COLGROUP} at (0,0) size 0x0
          RenderTableCol {COL} at (0,0) size 0x0
        RenderTableCol {COLGROUP} at (0,0) size 0x0
          RenderTableCol {COL} at (0,0) size 0x0
          RenderTableCol {COL} at (0,0) size 0x0
        RenderTableSection {TBODY} at (1,1) size 703x68
          RenderTableRow {TR} at (0,2) size 703x20
            RenderTableCell {TD} at (2,2) size 231x20 [border: (1px inset #808080)] [r=0 c=0 rs=1 cs=1]
              RenderText {#text} at (2,2) size 30x16
                text run at (2,2) width 30: "Data"
            RenderTableCell {TD} at (235,2) size 232x20 [border: (1px inset #808080)] [r=0 c=1 rs=1 cs=1]
              RenderText {#text} at (2,2) size 30x16
                text run at (2,2) width 30: "Data"
            RenderTableCell {TD} at (469,2) size 232x20 [border: (1px inset #808080)] [r=0 c=2 rs=1 cs=1]
              RenderText {#text} at (2,2) size 30x16
                text run at (2,2) width 30: "Data"
          RenderTableRow {TR} at (0,24) size 703x20
            RenderTableCell {TD} at (2,24) size 231x20 [border: (1px inset #808080)] [r=1 c=0 rs=1 cs=1]
              RenderText {#text} at (2,2) size 30x16
                text run at (2,2) width 30: "Data"
            RenderTableCell {TD} at (235,24) size 232x20 [border: (1px inset #808080)] [r=1 c=1 rs=1 cs=1]
              RenderText {#text} at (2,2) size 30x16
                text run at (2,2) width 30: "Data"
            RenderTableCell {TD} at (469,24) size 232x20 [border: (1px inset #808080)] [r=1 c=2 rs=1 cs=1]
              RenderText {#text} at (2,2) size 30x16
                text run at (2,2) width 30: "Data"
          RenderTableRow {TR} at (0,46) size 703x20
            RenderTableCell {TD} at (2,46) size 231x20 [border: (1px inset #808080)] [r=2 c=0 rs=1 cs=1]
              RenderText {#text} at (2,2) size 30x16
                text run at (2,2) width 30: "Data"
            RenderTableCell {TD} at (235,46) size 232x20 [border: (1px inset #808080)] [r=2 c=1 rs=1 cs=1]
              RenderText {#text} at (2,2) size 30x16
                text run at (2,2) width 30: "Data"
            RenderTableCell {TD} at (469,46) size 232x20 [border: (1px inset #808080)] [r=2 c=2 rs=1 cs=1]
              RenderText {#text} at (2,2) size 30x16
                text run at (2,2) width 30: "Data"
      RenderBlock {P} at (0,342) size 784x16
        RenderText {#text} at (0,0) size 431x16
          text run at (0,0) width 431: "colgroup and col elements, with align on col so 2nd column centered:"
      RenderTable {TABLE} at (0,372) size 705x70 [border: (1px outset #808080)]
        RenderTableCol {COLGROUP} at (0,0) size 0x0
          RenderTableCol {COL} at (0,0) size 0x0
        RenderTableCol {COLGROUP} at (0,0) size 0x0
          RenderTableCol {COL} at (0,0) size 0x0
          RenderTableCol {COL} at (0,0) size 0x0
        RenderTableSection {TBODY} at (1,1) size 703x68
          RenderTableRow {TR} at (0,2) size 703x20
            RenderTableCell {TD} at (2,2) size 231x20 [border: (1px inset #808080)] [r=0 c=0 rs=1 cs=1]
              RenderText {#text} at (2,2) size 30x16
                text run at (2,2) width 30: "Data"
            RenderTableCell {TD} at (235,2) size 232x20 [border: (1px inset #808080)] [r=0 c=1 rs=1 cs=1]
              RenderText {#text} at (2,2) size 30x16
                text run at (2,2) width 30: "Data"
            RenderTableCell {TD} at (469,2) size 232x20 [border: (1px inset #808080)] [r=0 c=2 rs=1 cs=1]
              RenderText {#text} at (2,2) size 30x16
                text run at (2,2) width 30: "Data"
          RenderTableRow {TR} at (0,24) size 703x20
            RenderTableCell {TD} at (2,24) size 231x20 [border: (1px inset #808080)] [r=1 c=0 rs=1 cs=1]
              RenderText {#text} at (2,2) size 30x16
                text run at (2,2) width 30: "Data"
            RenderTableCell {TD} at (235,24) size 232x20 [border: (1px inset #808080)] [r=1 c=1 rs=1 cs=1]
              RenderText {#text} at (2,2) size 30x16
                text run at (2,2) width 30: "Data"
            RenderTableCell {TD} at (469,24) size 232x20 [border: (1px inset #808080)] [r=1 c=2 rs=1 cs=1]
              RenderText {#text} at (2,2) size 30x16
                text run at (2,2) width 30: "Data"
          RenderTableRow {TR} at (0,46) size 703x20
            RenderTableCell {TD} at (2,46) size 231x20 [border: (1px inset #808080)] [r=2 c=0 rs=1 cs=1]
              RenderText {#text} at (2,2) size 30x16
                text run at (2,2) width 30: "Data"
            RenderTableCell {TD} at (235,46) size 232x20 [border: (1px inset #808080)] [r=2 c=1 rs=1 cs=1]
              RenderText {#text} at (2,2) size 30x16
                text run at (2,2) width 30: "Data"
            RenderTableCell {TD} at (469,46) size 232x20 [border: (1px inset #808080)] [r=2 c=2 rs=1 cs=1]
              RenderText {#text} at (2,2) size 30x16
                text run at (2,2) width 30: "Data"
