layer at (0,0) size 112x198
  RenderView at (0,0) size 96x26
layer at (0,0) size 112x198
  RenderBlock {HTML} at (0,0) size 96x198
    RenderBody {BODY} at (8,8) size 80x182
      RenderTable {TABLE} at (0,0) size 104x182
        RenderTableSection {TBODY} at (0,0) size 104x182
          RenderTableRow {TR} at (0,2) size 104x178
            RenderTableCell {TD} at (2,18) size 47x146 [r=0 c=0 rs=1 cs=1]
              RenderText {#text} at (11,1) size 45x144
                text run at (11,1) width 25: "The"
                text run at (7,17) width 32: "quick"
                text run at (4,33) width 38: "brown"
                text run at (14,49) width 19: "fox"
                text run at (1,65) width 45: "jumped"
                text run at (9,81) width 28: "over"
                text run at (13,97) width 20: "the"
                text run at (11,113) width 25: "lazy"
                text run at (10,129) width 27: "dog."
            RenderTableCell {TD} at (51,2) size 51x178 [r=0 c=1 rs=1 cs=1]
              RenderText {#text} at (4,1) size 49x176
                text run at (4,1) width 42: "Now is"
                text run at (15,17) width 20: "the"
                text run at (2,33) width 47: "time for"
                text run at (18,49) width 14: "all"
                text run at (9,65) width 32: "good"
                text run at (4,81) width 43: "men to"
                text run at (8,97) width 34: "come"
                text run at (7,113) width 36: "to the"
                text run at (8,129) width 35: "aid of"
                text run at (11,145) width 28: "their"
                text run at (1,161) width 49: "country."
