layer at (0,0) size 800x806
  RenderView at (0,0) size 800x600
layer at (0,0) size 800x806
  RenderBlock {HTML} at (0,0) size 800x806
    RenderBody {BODY} at (8,8) size 784x790
      RenderBlock {P} at (0,0) size 784x16
        RenderText {#text} at (0,0) size 132x16
          text run at (0,0) width 132: "This is a table with a "
        RenderInline {CODE} at (0,0) size 60x16
          RenderText {#text} at (132,0) size 60x16
            text run at (132,0) width 60: "td align=center"
        RenderText {#text} at (192,0) size 186x16
          text run at (192,0) width 186: " that has a p, a table, and a p."
      RenderTable {TABLE} at (0,30) size 235x96 [border: (1px outset #808080)]
        RenderTableSection {TBODY} at (1,1) size 233x94
          RenderTableRow {TR} at (0,2) size 233x90
            RenderTableCell {TD} at (2,2) size 229x90 [border: (1px inset #808080)] [r=0 c=0 rs=1 cs=1]
              RenderBlock {P} at (2,2) size 225x16
                RenderText {#text} at (101,0) size 23x16
                  text run at (101,0) width 23: "text"
              RenderTable {TABLE} at (24,32) size 180x26 [border: (1px outset #808080)]
                RenderTableSection {TBODY} at (1,1) size 178x24
                  RenderTableRow {TR} at (0,2) size 178x20
                    RenderTableCell {TD} at (2,2) size 174x20 [border: (1px inset #808080)] [r=0 c=0 rs=1 cs=1]
                      RenderText {#text} at (2,2) size 35x16
                        text run at (2,2) width 35: "text 3"
              RenderBlock {P} at (2,72) size 225x16
                RenderText {#text} at (101,0) size 23x16
                  text run at (101,0) width 23: "text"
      RenderBlock {P} at (0,140) size 784x48
        RenderText {#text} at (0,0) size 182x16
          text run at (0,0) width 182: "This time the inner table has "
        RenderInline {CODE} at (0,0) size 48x16
          RenderText {#text} at (182,0) size 48x16
            text run at (182,0) width 48: "width=\"100%\""
        RenderText {#text} at (230,0) size 777x48
          text run at (230,0) width 384: ", so you can see that the CSS spec isn't quite being followed. "
          text run at (614,0) width 152: "The CSS spec says that"
          text run at (0,16) width 777: "the align=center carries down as text-align and never acts to move blocks. You're not moving the block for the table (above),"
          text run at (0,32) width 307: "but you're not doing the text-align inside it either. "
          text run at (307,32) width 435: "In quirks mode you should do the former, in standard mode, the latter."
      RenderTable {TABLE} at (0,202) size 235x96 [border: (1px outset #808080)]
        RenderTableSection {TBODY} at (1,1) size 233x94
          RenderTableRow {TR} at (0,2) size 233x90
            RenderTableCell {TD} at (2,2) size 229x90 [border: (1px inset #808080)] [r=0 c=0 rs=1 cs=1]
              RenderBlock {P} at (2,2) size 225x16
                RenderText {#text} at (101,0) size 23x16
                  text run at (101,0) width 23: "text"
              RenderTable {TABLE} at (2,32) size 225x26 [border: (1px outset #808080)]
                RenderTableSection {TBODY} at (1,1) size 223x24
                  RenderTableRow {TR} at (0,2) size 223x20
                    RenderTableCell {TD} at (2,2) size 219x20 [border: (1px inset #808080)] [r=0 c=0 rs=1 cs=1]
                      RenderText {#text} at (2,2) size 35x16
                        text run at (2,2) width 35: "text 3"
              RenderBlock {P} at (2,72) size 225x16
                RenderText {#text} at (101,0) size 23x16
                  text run at (101,0) width 23: "text"
      RenderBlock (anonymous) at (0,298) size 784x16
        RenderBR {BR} at (0,0) size 0x16
      RenderTable {TABLE} at (242,314) size 300x26 [border: (1px outset #808080)]
        RenderTableSection {TBODY} at (1,1) size 298x24
          RenderTableRow {TR} at (0,2) size 298x20
            RenderTableCell {TD} at (2,2) size 294x20 [border: (1px inset #808080)] [r=0 c=0 rs=1 cs=1]
              RenderText {#text} at (2,2) size 101x16
                text run at (2,2) width 101: "Data of Table 1!"
      RenderBlock (anonymous) at (0,340) size 784x16
        RenderBR {BR} at (0,0) size 0x16
      RenderTable {TABLE} at (0,356) size 300x26 [border: (1px outset #808080)]
        RenderTableSection {TBODY} at (1,1) size 298x24
          RenderTableRow {TR} at (0,2) size 298x20
            RenderTableCell {TD} at (2,2) size 294x20 [border: (1px inset #808080)] [r=0 c=0 rs=1 cs=1]
              RenderText {#text} at (96,2) size 101x16
                text run at (96,2) width 101: "Data of Table 2!"
      RenderBlock (anonymous) at (0,382) size 784x16
        RenderBR {BR} at (0,0) size 0x16
      RenderBlock {DIV} at (0,398) size 784x24 [border: (1px solid #000000)]
        RenderTable {TABLE} at (338,1) size 107x22
          RenderTableSection {TBODY} at (0,0) size 107x22
            RenderTableRow {TR} at (0,2) size 107x18
              RenderTableCell {TD} at (2,2) size 103x18 [r=0 c=0 rs=1 cs=1]
                RenderText {#text} at (1,1) size 101x16
                  text run at (1,1) width 101: "Data of Table 3!"
      RenderBlock (anonymous) at (0,422) size 784x16
        RenderBR {BR} at (0,0) size 0x16
      RenderBlock {DIV} at (0,438) size 784x24 [border: (1px solid #000000)]
        RenderTable {TABLE} at (1,1) size 107x22
          RenderTableSection {TBODY} at (0,0) size 107x22
            RenderTableRow {TR} at (0,2) size 107x18
              RenderTableCell {TD} at (2,2) size 103x18 [r=0 c=0 rs=1 cs=1]
                RenderText {#text} at (1,1) size 101x16
                  text run at (1,1) width 101: "Data of Table 4!"
      RenderBlock (anonymous) at (0,462) size 784x16
        RenderBR {BR} at (0,0) size 0x16
      RenderTable {TABLE} at (0,478) size 784x44
        RenderTableSection {TBODY} at (0,0) size 784x44
          RenderTableRow {TR} at (0,2) size 784x40
            RenderTableCell {TD} at (2,2) size 780x40 [r=0 c=0 rs=1 cs=1]
              RenderBlock (anonymous) at (1,1) size 778x16
                RenderText {#text} at (336,0) size 105x16
                  text run at (336,0) width 105: "Text, followed by"
              RenderTable {TABLE} at (364,17) size 52x22
                RenderTableSection {TBODY} at (0,0) size 52x22
                  RenderTableRow {TR} at (0,2) size 52x18
                    RenderTableCell {TD} at (2,2) size 48x18 [r=0 c=0 rs=1 cs=1]
                      RenderText {#text} at (1,1) size 46x16
                        text run at (1,1) width 46: "A table."
      RenderBlock {P} at (0,536) size 784x16
        RenderText {#text} at (0,0) size 274x16
          text run at (0,0) width 274: "...should look identical to the first one below:"
      RenderTable {TABLE} at (0,566) size 784x44
        RenderTableSection {TBODY} at (0,0) size 784x44
          RenderTableRow {TR} at (0,2) size 784x40
            RenderTableCell {TD} at (2,2) size 780x40 [r=0 c=0 rs=1 cs=1]
              RenderBlock {DIV} at (1,1) size 778x16
                RenderText {#text} at (336,0) size 105x16
                  text run at (336,0) width 105: "Text, followed by"
              RenderTable {TABLE} at (1,17) size 778x22
                RenderTableSection {TBODY} at (0,0) size 778x22
                  RenderTableRow {TR} at (0,2) size 778x18
                    RenderTableCell {TD} at (2,2) size 774x18 [r=0 c=0 rs=1 cs=1]
                      RenderBlock {DIV} at (1,1) size 772x16
                        RenderText {#text} at (363,0) size 46x16
                          text run at (363,0) width 46: "A table."
      RenderBlock {P} at (0,624) size 784x60
        RenderBlock (anonymous) at (0,0) size 784x16
          RenderText {#text} at (0,0) size 390x16
            text run at (0,0) width 390: "However, in standard mode, the first table should look like this:"
        RenderTable {TABLE} at (0,16) size 784x44
          RenderTableSection {TBODY} at (0,0) size 784x44
            RenderTableRow {TR} at (0,2) size 784x40
              RenderTableCell {TD} at (2,2) size 780x40 [r=0 c=0 rs=1 cs=1]
                RenderBlock {DIV} at (1,1) size 778x16
                  RenderText {#text} at (336,0) size 105x16
                    text run at (336,0) width 105: "Text, followed by"
                RenderTable {TABLE} at (1,17) size 778x22
                  RenderTableSection {TBODY} at (0,0) size 778x22
                    RenderTableRow {TR} at (0,2) size 778x18
                      RenderTableCell {TD} at (2,2) size 774x18 [r=0 c=0 rs=1 cs=1]
                        RenderText {#text} at (1,1) size 46x16
                          text run at (1,1) width 46: "A table."
      RenderBlock {P} at (0,698) size 784x16
        RenderText {#text} at (0,0) size 653x16
          text run at (0,0) width 653: "For reference, the second table has its text all centered, the third table has the \"A table.\" line aligned left."
      RenderBlock {HR} at (0,728) size 784x2 [border: (1px inset #000000)]
      RenderBlock {P} at (0,744) size 784x16
        RenderText {#text} at (0,0) size 62x16
          text run at (0,0) width 62: "See also: "
        RenderInline {A} at (0,0) size 124x16 [color=#0000EE]
          RenderText {#text} at (62,0) size 124x16
            text run at (62,0) width 124: "Strict Mode Version"
        RenderText {#text} at (0,0) size 0x0
      RenderBlock (anonymous) at (0,774) size 784x16
        RenderText {#text} at (0,0) size 16x16
          text run at (0,0) width 16: "-->"
