layer at (0,0) size 800x600
  RenderView at (0,0) size 800x600
layer at (0,0) size 800x600
  RenderBlock {HTML} at (0,0) size 800x600
    RenderBody {BODY} at (8,8) size 784x578 [bgcolor=#FFFFFF]
      RenderBlock {P} at (0,0) size 784x32
        RenderText {#text} at (0,0) size 764x32
          text run at (0,0) width 423: "Click on a link on the left hand column. Also note the overlap of the "
          text run at (423,0) width 341: "text box with the submit button. (And, removing the font"
          text run at (0,16) width 125: "tag that is wrapped "
          text run at (125,16) width 231: "around the text box clears up layout)."
      RenderBlock (anonymous) at (0,46) size 784x16
        RenderBR {BR} at (0,0) size 0x16
      RenderBlock {FORM} at (0,62) size 784x136
        RenderBlock {CENTER} at (0,0) size 784x136
          RenderTable {TABLE} at (92,0) size 600x136 [bgcolor=#EEEEEE] [border: (1px outset #808080)]
            RenderTableSection {TBODY} at (1,1) size 598x134
              RenderTableRow {TR} at (0,3) size 598x128
                RenderTableCell {TD} at (3,3) size 123x128 [border: (1px inset #808080)] [r=0 c=0 rs=1 cs=1]
                  RenderTable {TABLE} at (4,4) size 115x120 [bgcolor=#FFFFFF] [border: (1px outset #808080)]
                    RenderTableSection {TBODY} at (1,1) size 113x118
                      RenderTableRow {TR} at (0,2) size 113x27
                        RenderTableCell {TD} at (2,4) size 109x22 [bgcolor=#CCCCCC] [border: (1px inset #808080)] [r=0 c=0 rs=1 cs=1]
                          RenderInline {A} at (0,0) size 65x16 [color=#000099]
                            RenderInline {B} at (0,0) size 65x16
                              RenderText {#text} at (3,3) size 65x16
                                text run at (3,3) width 65: "Netscape"
                          RenderText {#text} at (0,0) size 0x0
                      RenderTableRow {TR} at (0,31) size 113x27
                        RenderTableCell {TD} at (2,33) size 109x22 [bgcolor=#FFFFFF] [border: (1px inset #808080)] [r=1 c=0 rs=1 cs=1]
                          RenderInline {A} at (0,0) size 58x16 [color=#000099]
                            RenderInline {B} at (0,0) size 58x16
                              RenderText {#text} at (3,3) size 58x16
                                text run at (3,3) width 58: "Infoseek"
                          RenderText {#text} at (0,0) size 0x0
                      RenderTableRow {TR} at (0,60) size 113x27
                        RenderTableCell {TD} at (2,62) size 109x22 [bgcolor=#FFFFFF] [border: (1px inset #808080)] [r=2 c=0 rs=1 cs=1]
                          RenderInline {A} at (0,0) size 75x16 [color=#000099]
                            RenderInline {B} at (0,0) size 75x16
                              RenderText {#text} at (3,3) size 75x16
                                text run at (3,3) width 75: "LookSmart"
                          RenderText {#text} at (0,0) size 0x0
                      RenderTableRow {TR} at (0,89) size 113x27
                        RenderTableCell {TD} at (2,91) size 109x22 [bgcolor=#FFFFFF] [border: (1px inset #808080)] [r=3 c=0 rs=1 cs=1]
                          RenderInline {A} at (0,0) size 65x16 [color=#000099]
                            RenderInline {B} at (0,0) size 65x16
                              RenderText {#text} at (3,3) size 65x16
                                text run at (3,3) width 65: "Directory"
                          RenderText {#text} at (0,0) size 0x0
                RenderTableCell {TD} at (129,23) size 466x87 [bgcolor=#CCCCCC] [border: (1px inset #808080)] [r=0 c=1 rs=1 cs=1]
                  RenderTable {TABLE} at (4,4) size 458x79 [border: (1px outset #808080)]
                    RenderTableSection {TBODY} at (1,1) size 456x77
                      RenderTableRow {TR} at (0,4) size 456x39
                        RenderTableCell {TD} at (4,4) size 338x33 [border: (1px inset #808080)] [r=0 c=0 rs=1 cs=3]
                          RenderInline {FONT} at (0,0) size 258x12
                            RenderText {#text} at (0,0) size 0x0
                            RenderTextControl {INPUT} at (7,7) size 254x19 [bgcolor=#FFFFFF] [border: (2px inset #000000)]
                            RenderText {#text} at (0,0) size 0x0
                          RenderText {#text} at (0,0) size 0x0
                        RenderTableCell {TD} at (346,4) size 106x39 [border: (1px inset #808080)] [r=0 c=3 rs=1 cs=1]
                          RenderButton {INPUT} at (7,7) size 61x25 [bgcolor=#C0C0C0] [border: (2px outset #C0C0C0)]
                            RenderBlock (anonymous) at (8,4) size 45x16
                              RenderText at (0,0) size 45x16
                                text run at (0,0) width 45: "Search"
                          RenderText {#text} at (0,0) size 0x0
                      RenderTableRow {TR} at (0,47) size 456x26
                        RenderTableCell {TD} at (4,47) size 109x26 [border: (1px inset #808080)] [r=1 c=0 rs=1 cs=1]
                          RenderText {#text} at (5,5) size 27x16
                            text run at (5,5) width 27: "asdf"
                        RenderTableCell {TD} at (117,47) size 110x26 [border: (1px inset #808080)] [r=1 c=1 rs=1 cs=1]
                          RenderText {#text} at (5,5) size 27x16
                            text run at (5,5) width 27: "asdf"
                        RenderTableCell {TD} at (231,47) size 111x26 [border: (1px inset #808080)] [r=1 c=2 rs=1 cs=1]
                          RenderText {#text} at (5,5) size 27x16
                            text run at (5,5) width 27: "asdf"
                        RenderTableCell {TD} at (346,47) size 106x26 [border: (1px inset #808080)] [r=1 c=3 rs=1 cs=1]
                          RenderText {#text} at (5,5) size 27x16
                            text run at (5,5) width 27: "asdf"
layer at (249,113) size 248x13
  RenderBlock {DIV} at (3,3) size 248x13
