layer at (0,0) size 800x600
  RenderView at (0,0) size 800x600
layer at (0,0) size 800x600
  RenderBlock {HTML} at (0,0) size 800x600
    RenderBody {BODY} at (8,8) size 784x584
      RenderBlock {HR} at (296,0) size 192x2 [border: (1px inset #000000)]
      RenderTable {TABLE} at (0,9) size 350x64 [border: (1px outset #808080)]
        RenderTableSection {TBODY} at (1,1) size 348x62
          RenderTableRow {TR} at (0,2) size 348x20
            RenderTableCell {TD} at (2,2) size 344x20 [border: (1px inset #808080)] [r=0 c=0 rs=1 cs=2]
              RenderText {#text} at (2,2) size 189x16
                text run at (2,2) width 189: "MozillaZine.org Is Now Active!"
          RenderTableRow {TR} at (0,24) size 348x36
            RenderTableCell {TD} at (2,32) size 194x20 [border: (1px inset #808080)] [r=1 c=0 rs=1 cs=1]
              RenderText {#text} at (2,2) size 4x16
                text run at (2,2) width 4: " "
            RenderTableCell {TD} at (198,24) size 148x36 [bgcolor=#FF9900] [border: (1px inset #808080)] [r=1 c=1 rs=1 cs=1]
              RenderText {#text} at (2,2) size 131x32
                text run at (2,2) width 131: "Thursday September"
                text run at (2,18) width 75: "17th, 1998>"
