layer at (0,0) size 270x172
  RenderView at (0,0) size 96x26
layer at (0,0) size 270x172
  RenderBlock {HTML} at (0,0) size 96x172
    RenderBody {BODY} at (8,8) size 80x156
      RenderTable {TABLE} at (0,0) size 200x138 [bgcolor=#008000]
        RenderTableSection {TBODY} at (0,0) size 200x138
          RenderTableRow {TR} at (0,60) size 200x18 [bgcolor=#FF0000]
            RenderTableCell {TD} at (60,60) size 80x18 [r=0 c=0 rs=1 cs=1]
              RenderText {#text} at (1,1) size 20x16
                text run at (1,1) width 20: "foo"
      RenderBlock {DIV} at (0,138) size 262x18 [border: (1px solid #000000)]
        RenderText {#text} at (1,1) size 39x16
          text run at (1,1) width 39: "260px"
