layer at (0,0) size 776x205
  RenderView at (0,0) size 96x26
layer at (0,0) size 776x205
  RenderBlock {HTML} at (0,0) size 96x205
    RenderBody {BODY} at (8,8) size 80x189
      RenderTable {TABLE} at (0,0) size 768x189
        RenderTableSection {TBODY} at (0,0) size 768x189
          RenderTableRow {TR} at (0,2) size 768x143
            RenderTableCell {TD} at (2,2) size 759x143 [r=0 c=0 rs=1 cs=1]
              RenderTable {TABLE} at (1,1) size 506x141
                RenderTableSection {TBODY} at (0,0) size 506x141
                  RenderTableRow {TR} at (0,2) size 506x137
                    RenderTableCell {TD} at (2,2) size 502x137 [r=0 c=0 rs=1 cs=1]
                      RenderImage {IMG} at (1,1) size 220x135
                      RenderText {#text} at (0,0) size 0x0
            RenderTableCell {TD} at (763,85) size 3x18 [r=0 c=1 rs=2 cs=1]
              RenderBR {BR} at (1,1) size 0x16
          RenderTableRow {TR} at (0,147) size 768x40
            RenderTableCell {TD} at (2,147) size 764x40 [r=1 c=0 rs=1 cs=2]
              RenderTable {TABLE} at (1,1) size 468x38
                RenderTableSection {TBODY} at (0,0) size 468x38
                  RenderTableRow {TR} at (0,2) size 468x34
                    RenderTableCell {TD} at (2,18) size 84x2 [r=0 c=0 rs=1 cs=1]
                    RenderTableCell {TD} at (88,2) size 378x34 [r=0 c=1 rs=1 cs=1]
                      RenderBlock {P} at (1,1) size 376x32
                        RenderText {#text} at (0,0) size 4x16
                          text run at (0,0) width 4: " "
                        RenderInline {FONT} at (0,0) size 374x32
                          RenderText {#text} at (4,0) size 374x32
                            text run at (4,0) width 16: "to "
                            text run at (20,0) width 316: "Receive 50% Off Home Delivery of The New York "
                            text run at (336,0) width 38: "Times"
                            text run at (0,16) width 75: "Newspaper."
