layer at (0,0) size 286x146
  RenderView at (0,0) size 96x26
layer at (0,0) size 286x146
  RenderBlock {HTML} at (0,0) size 96x146
    RenderBody {BODY} at (0,0) size 96x146
layer at (0,0) size 286x146 clip at (3,3) size 280x140 scrollHeight 155
  RenderBlock {DIV} at (0,0) size 286x146 [border: (3px solid #008000)]
    RenderTable {TABLE} at (17,3) size 32x155
      RenderTableSection {TBODY} at (0,0) size 32x155
        RenderTableRow {TR} at (0,0) size 32x155
          RenderTableCell {TD} at (0,0) size 32x155 [r=0 c=0 rs=1 cs=1]
            RenderText {#text} at (0,-1) size 32x142
              text run at (0,-1) width 32: "This____"
              text run at (0,13) width 32: "text____"
              text run at (0,27) width 32: "should__"
              text run at (0,41) width 32: "be______"
              text run at (0,55) width 32: "wrapped,"
              text run at (0,69) width 32: "one_____"
              text run at (0,83) width 32: "word____"
              text run at (0,97) width 32: "to______"
              text run at (0,111) width 32: "a_______"
              text run at (0,125) width 32: "line.___"
            RenderInline {SPAN} at (0,0) size 32x15 [color=#FFFF00] [bgcolor=#FF0000]
              RenderText {#text} at (0,140) size 32x15
                text run at (0,140) width 32: "_FAIL!__"
            RenderText {#text} at (0,0) size 0x0
