layer at (0,0) size 96x38
  RenderView at (0,0) size 96x26
layer at (0,0) size 96x38
  RenderBlock {HTML} at (0,0) size 96x38
    RenderBody {BODY} at (8,8) size 80x22
      RenderTable {TABLE} at (0,0) size 80x22
        RenderTableSection {TBODY} at (0,0) size 80x22
          RenderTableRow {TR} at (0,2) size 80x18
            RenderTableCell {TD} at (2,2) size 76x18 [r=0 c=0 rs=1 cs=1]
              RenderText {#text} at (8,1) size 59x16
                text run at (8,1) width 59: "Centered"
