layer at (0,0) size 758x249
  RenderView at (0,0) size 96x26
layer at (0,0) size 758x249
  RenderBlock {HTML} at (0,0) size 96x249
    RenderBody {BODY} at (8,8) size 80x233
      RenderTable {TABLE} at (0,0) size 750x233 [border: (2px outset #808080)]
        RenderTableSection {TBODY} at (2,2) size 746x229
          RenderTableRow {TR} at (0,0) size 746x211
            RenderTableCell {TD} at (0,0) size 484x211 [bgcolor=#FF0000] [border: (1px inset #808080)] [r=0 c=0 rs=1 cs=1]
              RenderInline {A} at (0,0) size 286x13 [color=#0000EE]
                RenderImage {IMG} at (1,1) size 286x209
            RenderTableCell {TD} at (484,0) size 262x18 [bgcolor=#FFFF00] [border: (1px inset #808080)] [r=0 c=1 rs=2 cs=1]
              RenderText {#text} at (1,1) size 158x16
                text run at (1,1) width 158: "ROWSPAN =2 in this cell"
          RenderTableRow {TR} at (0,211) size 746x18
            RenderTableCell {TD} at (0,211) size 484x18 [bgcolor=#FFFFFF] [border: (1px inset #808080)] [r=1 c=0 rs=1 cs=1]
              RenderBlock {P} at (1,1) size 482x16
                RenderText {#text} at (0,0) size 295x16
                  text run at (0,0) width 295: "Hello, this text may appear on the image above"
