layer at (0,0) size 2410x264
  RenderView at (0,0) size 96x26
layer at (0,0) size 2410x264
  RenderBlock {HTML} at (0,0) size 96x264
    RenderBody {BODY} at (8,8) size 80x248
      RenderBlock (anonymous) at (0,0) size 80x16
        RenderBR {BR} at (0,0) size 0x16
      RenderTable {TABLE} at (0,16) size 322x36 [border: (1px outset #808080)]
        RenderTableSection {TBODY} at (1,1) size 320x34
          RenderTableRow {TR} at (0,0) size 320x34
            RenderTableCell {TD} at (0,0) size 320x34 [border: (1px inset #808080)] [r=0 c=0 rs=1 cs=1]
              RenderText {#text} at (1,1) size 317x32
                text run at (1,1) width 317: "Hotmail's Junk Mail spreading effort just got better!"
                text run at (1,17) width 293: "Now you can choose from 3 levels of junk mail!"
      RenderBlock (anonymous) at (0,52) size 80x144
        RenderBR {BR} at (0,0) size 0x16
        RenderBR {BR} at (0,16) size 0x16
        RenderText {#text} at (0,32) size 84x96
          text run at (0,32) width 51: "the next"
          text run at (0,48) width 63: "table must"
          text run at (0,64) width 72: "overrun the"
          text run at (0,80) width 67: "visible part"
          text run at (0,96) width 68: "of the view"
          text run at (0,112) width 84: "(width=2400)"
        RenderBR {BR} at (0,0) size 0x0
        RenderBR {BR} at (0,128) size 0x16
      RenderTable {TABLE} at (0,196) size 2402x52 [border: (1px outset #808080)]
        RenderTableSection {TBODY} at (1,1) size 2400x50
          RenderTableRow {TR} at (0,0) size 2400x50
            RenderTableCell {TD} at (0,0) size 2400x50 [border: (1px inset #808080)] [r=0 c=0 rs=1 cs=1]
              RenderText {#text} at (1,1) size 2390x48
                text run at (1,1) width 321: "Hotmail's Junk Mail spreading effort just got better! "
                text run at (322,1) width 297: "Now you can choose from 3 levels of junk mail! "
                text run at (619,1) width 321: "Hotmail's Junk Mail spreading effort just got better! "
                text run at (940,1) width 297: "Now you can choose from 3 levels of junk mail! "
                text run at (1237,1) width 321: "Hotmail's Junk Mail spreading effort just got better! "
                text run at (1558,1) width 297: "Now you can choose from 3 levels of junk mail! "
                text run at (1855,1) width 321: "Hotmail's Junk Mail spreading effort just got better! "
                text run at (2176,1) width 215: "Now you can choose from 3 levels"
                text run at (1,17) width 78: "of junk mail! "
                text run at (79,17) width 321: "Hotmail's Junk Mail spreading effort just got better! "
                text run at (400,17) width 297: "Now you can choose from 3 levels of junk mail! "
                text run at (697,17) width 321: "Hotmail's Junk Mail spreading effort just got better! "
                text run at (1018,17) width 297: "Now you can choose from 3 levels of junk mail! "
                text run at (1315,17) width 321: "Hotmail's Junk Mail spreading effort just got better! "
                text run at (1636,17) width 297: "Now you can choose from 3 levels of junk mail! "
                text run at (1933,17) width 321: "Hotmail's Junk Mail spreading effort just got better! "
                text run at (2254,17) width 131: "Now you can choose"
                text run at (1,33) width 162: "from 3 levels of junk mail! "
                text run at (163,33) width 321: "Hotmail's Junk Mail spreading effort just got better! "
                text run at (484,33) width 297: "Now you can choose from 3 levels of junk mail! "
                text run at (781,33) width 321: "Hotmail's Junk Mail spreading effort just got better! "
                text run at (1102,33) width 293: "Now you can choose from 3 levels of junk mail!"
