layer at (0,0) size 162x404
  RenderView at (0,0) size 96x26
layer at (0,0) size 162x404
  RenderBlock {HTML} at (0,0) size 96x404
    RenderBody {BODY} at (8,18) size 80x378
      RenderBlock {H1} at (0,0) size 80x128
        RenderText {#text} at (0,1) size 154x126
          text run at (0,1) width 154: "insertRow()"
          text run at (0,33) width 75: "bugs,"
          text run at (0,65) width 16: "0"
          text run at (0,97) width 82: "based"
      RenderTable {TABLE} at (0,146) size 80x232 [border: (1px outset #808080)]
        RenderTableSection {TBODY} at (1,1) size 78x230
          RenderTableRow {TR} at (0,2) size 78x36
            RenderTableCell {TD} at (2,2) size 74x36 [border: (1px inset #808080)] [r=0 c=0 rs=1 cs=1]
              RenderText {#text} at (2,2) size 68x32
                text run at (2,2) width 68: "This is row"
                text run at (2,18) width 61: "number 0."
          RenderTableRow {TR} at (0,40) size 78x36
            RenderTableCell {TD} at (2,40) size 74x36 [border: (1px inset #808080)] [r=1 c=0 rs=1 cs=1]
              RenderText {#text} at (2,2) size 68x32
                text run at (2,2) width 68: "This is row"
                text run at (2,18) width 61: "number 1."
          RenderTableRow {TR} at (0,78) size 78x36
            RenderTableCell {TD} at (2,78) size 74x36 [border: (1px inset #808080)] [r=2 c=0 rs=1 cs=1]
              RenderText {#text} at (2,2) size 68x32
                text run at (2,2) width 68: "This is row"
                text run at (2,18) width 61: "number 2."
          RenderTableRow {TR} at (0,116) size 78x36
            RenderTableCell {TD} at (2,116) size 74x36 [border: (1px inset #808080)] [r=3 c=0 rs=1 cs=1]
              RenderText {#text} at (2,2) size 68x32
                text run at (2,2) width 68: "This is row"
                text run at (2,18) width 61: "number 3."
          RenderTableRow {TR} at (0,154) size 78x36
            RenderTableCell {TD} at (2,154) size 74x36 [border: (1px inset #808080)] [r=4 c=0 rs=1 cs=1]
              RenderText {#text} at (2,2) size 68x32
                text run at (2,2) width 68: "This is row"
                text run at (2,18) width 61: "number 4."
          RenderTableRow {TR} at (0,192) size 78x36
            RenderTableCell {TD} at (2,192) size 74x36 [border: (1px inset #808080)] [r=5 c=0 rs=1 cs=1]
              RenderText {#text} at (2,2) size 68x32
                text run at (2,2) width 68: "This is row"
                text run at (2,18) width 61: "number 5."
