layer at (0,0) size 104x1629
  RenderView at (0,0) size 96x26
layer at (0,0) size 104x1629
  RenderBlock {HTML} at (0,0) size 96x1629
    RenderBody {BODY} at (8,8) size 80x1613
      RenderTable {TABLE} at (0,0) size 96x527
        RenderTableSection {TBODY} at (0,0) size 96x527
          RenderTableRow {TR} at (0,2) size 96x50
            RenderTableCell {TD} at (2,2) size 92x50 [r=0 c=0 rs=1 cs=1]
              RenderText {#text} at (1,1) size 76x48
                text run at (1,1) width 70: "Occasional"
                text run at (1,17) width 76: "height/width"
                text run at (1,33) width 65: "on images"
          RenderBlock {FORM} at (0,0) size 96x0
          RenderTableRow {TR} at (0,54) size 96x34
            RenderTableCell {TD} at (2,54) size 92x34 [r=1 c=0 rs=1 cs=1]
              RenderImage {IMG} at (1,1) size 75x32
          RenderBlock {FORM} at (0,0) size 96x0
          RenderTableRow {TR} at (0,90) size 96x24
            RenderTableCell {TD} at (2,90) size 92x24 [r=2 c=0 rs=1 cs=1]
              RenderImage {IMG} at (1,1) size 44x22
          RenderBlock {FORM} at (0,0) size 96x0
          RenderTableRow {TR} at (0,116) size 96x15
            RenderTableCell {TD} at (2,116) size 92x15 [r=3 c=0 rs=1 cs=1]
              RenderImage {IMG} at (1,1) size 89x13
          RenderBlock {FORM} at (0,0) size 96x0
          RenderTableRow {TR} at (0,133) size 96x15
            RenderTableCell {TD} at (2,133) size 92x15 [r=4 c=0 rs=1 cs=1]
              RenderImage {IMG} at (1,1) size 89x13
          RenderBlock {FORM} at (0,0) size 96x0
          RenderTableRow {TR} at (0,150) size 96x31
            RenderTableCell {TD} at (2,150) size 92x31 [r=5 c=0 rs=1 cs=1]
              RenderImage {IMG} at (1,1) size 31x29
          RenderBlock {FORM} at (0,0) size 96x0
          RenderTableRow {TR} at (0,183) size 96x23
            RenderTableCell {TD} at (2,183) size 92x23 [r=6 c=0 rs=1 cs=1]
              RenderImage {IMG} at (1,1) size 62x21
          RenderBlock {FORM} at (0,0) size 96x0
          RenderTableRow {TR} at (0,208) size 96x17
            RenderTableCell {TD} at (2,208) size 92x17 [r=7 c=0 rs=1 cs=1]
              RenderImage {IMG} at (1,1) size 70x15
          RenderBlock {FORM} at (0,0) size 96x0
          RenderTableRow {TR} at (0,227) size 96x28
            RenderTableCell {TD} at (2,227) size 92x28 [r=8 c=0 rs=1 cs=1]
              RenderImage {IMG} at (1,1) size 42x26
          RenderBlock {FORM} at (0,0) size 96x0
          RenderTableRow {TR} at (0,257) size 96x17
            RenderTableCell {TD} at (2,257) size 92x17 [r=9 c=0 rs=1 cs=1]
              RenderImage {IMG} at (1,1) size 84x15
          RenderBlock {FORM} at (0,0) size 96x0
          RenderTableRow {TR} at (0,276) size 96x17
            RenderTableCell {TD} at (2,276) size 92x17 [r=10 c=0 rs=1 cs=1]
              RenderImage {IMG} at (1,1) size 90x15
          RenderBlock {FORM} at (0,0) size 96x0
          RenderTableRow {TR} at (0,295) size 96x34
            RenderTableCell {TD} at (2,295) size 92x34 [r=11 c=0 rs=1 cs=1]
              RenderImage {IMG} at (1,1) size 59x32
          RenderBlock {FORM} at (0,0) size 96x0
          RenderTableRow {TR} at (0,331) size 96x17
            RenderTableCell {TD} at (2,331) size 92x17 [r=12 c=0 rs=1 cs=1]
              RenderImage {IMG} at (1,1) size 90x15
          RenderBlock {FORM} at (0,0) size 96x0
          RenderTableRow {TR} at (0,350) size 96x17
            RenderTableCell {TD} at (2,350) size 92x17 [r=13 c=0 rs=1 cs=1]
              RenderImage {IMG} at (1,1) size 90x15
          RenderBlock {FORM} at (0,0) size 96x0
          RenderTableRow {TR} at (0,369) size 96x21
            RenderTableCell {TD} at (2,369) size 92x21 [r=14 c=0 rs=1 cs=1]
              RenderImage {IMG} at (1,1) size 83x19
          RenderBlock {FORM} at (0,0) size 96x0
          RenderTableRow {TR} at (0,392) size 96x33
            RenderTableCell {TD} at (2,392) size 92x33 [r=15 c=0 rs=1 cs=1]
              RenderImage {IMG} at (1,1) size 54x31
          RenderBlock {FORM} at (0,0) size 96x0
          RenderTableRow {TR} at (0,427) size 96x27
            RenderTableCell {TD} at (2,427) size 92x27 [r=16 c=0 rs=1 cs=1]
              RenderImage {IMG} at (1,1) size 56x25
          RenderBlock {FORM} at (0,0) size 96x0
          RenderTableRow {TR} at (0,456) size 96x17
            RenderTableCell {TD} at (2,456) size 92x17 [r=17 c=0 rs=1 cs=1]
              RenderImage {IMG} at (1,1) size 53x15
          RenderBlock {FORM} at (0,0) size 96x0
          RenderTableRow {TR} at (0,475) size 96x31
            RenderTableCell {TD} at (2,475) size 92x31 [r=18 c=0 rs=1 cs=1]
              RenderImage {IMG} at (1,1) size 31x29
          RenderBlock {FORM} at (0,0) size 96x0
          RenderTableRow {TR} at (0,508) size 96x17
            RenderTableCell {TD} at (2,508) size 92x17 [r=19 c=0 rs=1 cs=1]
              RenderImage {IMG} at (1,1) size 53x15
      RenderTable {TABLE} at (0,527) size 96x543
        RenderTableSection {TBODY} at (0,0) size 96x543
          RenderTableRow {TR} at (0,2) size 96x66
            RenderTableCell {TD} at (2,2) size 92x66 [r=0 c=0 rs=1 cs=1]
              RenderText {#text} at (1,1) size 76x64
                text run at (1,1) width 75: "Images with"
                text run at (1,17) width 76: "height/width"
                text run at (1,33) width 36: "never"
                text run at (1,49) width 56: "specified"
          RenderBlock {FORM} at (0,0) size 96x0
          RenderTableRow {TR} at (0,70) size 96x34
            RenderTableCell {TD} at (2,70) size 92x34 [r=1 c=0 rs=1 cs=1]
              RenderImage {IMG} at (1,1) size 75x32
          RenderBlock {FORM} at (0,0) size 96x0
          RenderTableRow {TR} at (0,106) size 96x24
            RenderTableCell {TD} at (2,106) size 92x24 [r=2 c=0 rs=1 cs=1]
              RenderImage {IMG} at (1,1) size 44x22
          RenderBlock {FORM} at (0,0) size 96x0
          RenderTableRow {TR} at (0,132) size 96x15
            RenderTableCell {TD} at (2,132) size 92x15 [r=3 c=0 rs=1 cs=1]
              RenderImage {IMG} at (1,1) size 89x13
          RenderBlock {FORM} at (0,0) size 96x0
          RenderTableRow {TR} at (0,149) size 96x15
            RenderTableCell {TD} at (2,149) size 92x15 [r=4 c=0 rs=1 cs=1]
              RenderImage {IMG} at (1,1) size 89x13
          RenderBlock {FORM} at (0,0) size 96x0
          RenderTableRow {TR} at (0,166) size 96x31
            RenderTableCell {TD} at (2,166) size 92x31 [r=5 c=0 rs=1 cs=1]
              RenderImage {IMG} at (1,1) size 31x29
          RenderBlock {FORM} at (0,0) size 96x0
          RenderTableRow {TR} at (0,199) size 96x23
            RenderTableCell {TD} at (2,199) size 92x23 [r=6 c=0 rs=1 cs=1]
              RenderImage {IMG} at (1,1) size 62x21
          RenderBlock {FORM} at (0,0) size 96x0
          RenderTableRow {TR} at (0,224) size 96x17
            RenderTableCell {TD} at (2,224) size 92x17 [r=7 c=0 rs=1 cs=1]
              RenderImage {IMG} at (1,1) size 70x15
          RenderBlock {FORM} at (0,0) size 96x0
          RenderTableRow {TR} at (0,243) size 96x28
            RenderTableCell {TD} at (2,243) size 92x28 [r=8 c=0 rs=1 cs=1]
              RenderImage {IMG} at (1,1) size 42x26
          RenderBlock {FORM} at (0,0) size 96x0
          RenderTableRow {TR} at (0,273) size 96x17
            RenderTableCell {TD} at (2,273) size 92x17 [r=9 c=0 rs=1 cs=1]
              RenderImage {IMG} at (1,1) size 84x15
          RenderBlock {FORM} at (0,0) size 96x0
          RenderTableRow {TR} at (0,292) size 96x17
            RenderTableCell {TD} at (2,292) size 92x17 [r=10 c=0 rs=1 cs=1]
              RenderImage {IMG} at (1,1) size 90x15
          RenderBlock {FORM} at (0,0) size 96x0
          RenderTableRow {TR} at (0,311) size 96x34
            RenderTableCell {TD} at (2,311) size 92x34 [r=11 c=0 rs=1 cs=1]
              RenderImage {IMG} at (1,1) size 59x32
          RenderBlock {FORM} at (0,0) size 96x0
          RenderTableRow {TR} at (0,347) size 96x17
            RenderTableCell {TD} at (2,347) size 92x17 [r=12 c=0 rs=1 cs=1]
              RenderImage {IMG} at (1,1) size 90x15
          RenderBlock {FORM} at (0,0) size 96x0
          RenderTableRow {TR} at (0,366) size 96x17
            RenderTableCell {TD} at (2,366) size 92x17 [r=13 c=0 rs=1 cs=1]
              RenderImage {IMG} at (1,1) size 90x15
          RenderBlock {FORM} at (0,0) size 96x0
          RenderTableRow {TR} at (0,385) size 96x21
            RenderTableCell {TD} at (2,385) size 92x21 [r=14 c=0 rs=1 cs=1]
              RenderImage {IMG} at (1,1) size 83x19
          RenderBlock {FORM} at (0,0) size 96x0
          RenderTableRow {TR} at (0,408) size 96x33
            RenderTableCell {TD} at (2,408) size 92x33 [r=15 c=0 rs=1 cs=1]
              RenderImage {IMG} at (1,1) size 54x31
          RenderBlock {FORM} at (0,0) size 96x0
          RenderTableRow {TR} at (0,443) size 96x27
            RenderTableCell {TD} at (2,443) size 92x27 [r=16 c=0 rs=1 cs=1]
              RenderImage {IMG} at (1,1) size 56x25
          RenderBlock {FORM} at (0,0) size 96x0
          RenderTableRow {TR} at (0,472) size 96x17
            RenderTableCell {TD} at (2,472) size 92x17 [r=17 c=0 rs=1 cs=1]
              RenderImage {IMG} at (1,1) size 53x15
          RenderBlock {FORM} at (0,0) size 96x0
          RenderTableRow {TR} at (0,491) size 96x31
            RenderTableCell {TD} at (2,491) size 92x31 [r=18 c=0 rs=1 cs=1]
              RenderImage {IMG} at (1,1) size 31x29
          RenderBlock {FORM} at (0,0) size 96x0
          RenderTableRow {TR} at (0,524) size 96x17
            RenderTableCell {TD} at (2,524) size 92x17 [r=19 c=0 rs=1 cs=1]
              RenderImage {IMG} at (1,1) size 53x15
      RenderTable {TABLE} at (0,1070) size 96x543
        RenderTableSection {TBODY} at (0,0) size 96x543
          RenderTableRow {TR} at (0,2) size 96x66
            RenderTableCell {TD} at (2,2) size 92x66 [r=0 c=0 rs=1 cs=1]
              RenderText {#text} at (1,1) size 76x64
                text run at (1,1) width 75: "Images with"
                text run at (1,17) width 76: "height/width"
                text run at (1,33) width 43: "always"
                text run at (1,49) width 56: "specified"
          RenderBlock {FORM} at (0,0) size 96x0
          RenderTableRow {TR} at (0,70) size 96x34
            RenderTableCell {TD} at (2,70) size 92x34 [r=1 c=0 rs=1 cs=1]
              RenderImage {IMG} at (1,1) size 75x32
          RenderBlock {FORM} at (0,0) size 96x0
          RenderTableRow {TR} at (0,106) size 96x24
            RenderTableCell {TD} at (2,106) size 92x24 [r=2 c=0 rs=1 cs=1]
              RenderImage {IMG} at (1,1) size 44x22
          RenderBlock {FORM} at (0,0) size 96x0
          RenderTableRow {TR} at (0,132) size 96x15
            RenderTableCell {TD} at (2,132) size 92x15 [r=3 c=0 rs=1 cs=1]
              RenderImage {IMG} at (1,1) size 89x13
          RenderBlock {FORM} at (0,0) size 96x0
          RenderTableRow {TR} at (0,149) size 96x15
            RenderTableCell {TD} at (2,149) size 92x15 [r=4 c=0 rs=1 cs=1]
              RenderImage {IMG} at (1,1) size 89x13
          RenderBlock {FORM} at (0,0) size 96x0
          RenderTableRow {TR} at (0,166) size 96x31
            RenderTableCell {TD} at (2,166) size 92x31 [r=5 c=0 rs=1 cs=1]
              RenderImage {IMG} at (1,1) size 31x29
          RenderBlock {FORM} at (0,0) size 96x0
          RenderTableRow {TR} at (0,199) size 96x23
            RenderTableCell {TD} at (2,199) size 92x23 [r=6 c=0 rs=1 cs=1]
              RenderImage {IMG} at (1,1) size 62x21
          RenderBlock {FORM} at (0,0) size 96x0
          RenderTableRow {TR} at (0,224) size 96x17
            RenderTableCell {TD} at (2,224) size 92x17 [r=7 c=0 rs=1 cs=1]
              RenderImage {IMG} at (1,1) size 70x15
          RenderBlock {FORM} at (0,0) size 96x0
          RenderTableRow {TR} at (0,243) size 96x28
            RenderTableCell {TD} at (2,243) size 92x28 [r=8 c=0 rs=1 cs=1]
              RenderImage {IMG} at (1,1) size 42x26
          RenderBlock {FORM} at (0,0) size 96x0
          RenderTableRow {TR} at (0,273) size 96x17
            RenderTableCell {TD} at (2,273) size 92x17 [r=9 c=0 rs=1 cs=1]
              RenderImage {IMG} at (1,1) size 84x15
          RenderBlock {FORM} at (0,0) size 96x0
          RenderTableRow {TR} at (0,292) size 96x17
            RenderTableCell {TD} at (2,292) size 92x17 [r=10 c=0 rs=1 cs=1]
              RenderImage {IMG} at (1,1) size 90x15
          RenderBlock {FORM} at (0,0) size 96x0
          RenderTableRow {TR} at (0,311) size 96x34
            RenderTableCell {TD} at (2,311) size 92x34 [r=11 c=0 rs=1 cs=1]
              RenderImage {IMG} at (1,1) size 59x32
          RenderBlock {FORM} at (0,0) size 96x0
          RenderTableRow {TR} at (0,347) size 96x17
            RenderTableCell {TD} at (2,347) size 92x17 [r=12 c=0 rs=1 cs=1]
              RenderImage {IMG} at (1,1) size 90x15
          RenderBlock {FORM} at (0,0) size 96x0
          RenderTableRow {TR} at (0,366) size 96x17
            RenderTableCell {TD} at (2,366) size 92x17 [r=13 c=0 rs=1 cs=1]
              RenderImage {IMG} at (1,1) size 90x15
          RenderBlock {FORM} at (0,0) size 96x0
          RenderTableRow {TR} at (0,385) size 96x21
            RenderTableCell {TD} at (2,385) size 92x21 [r=14 c=0 rs=1 cs=1]
              RenderImage {IMG} at (1,1) size 83x19
          RenderBlock {FORM} at (0,0) size 96x0
          RenderTableRow {TR} at (0,408) size 96x33
            RenderTableCell {TD} at (2,408) size 92x33 [r=15 c=0 rs=1 cs=1]
              RenderImage {IMG} at (1,1) size 54x31
          RenderBlock {FORM} at (0,0) size 96x0
          RenderTableRow {TR} at (0,443) size 96x27
            RenderTableCell {TD} at (2,443) size 92x27 [r=16 c=0 rs=1 cs=1]
              RenderImage {IMG} at (1,1) size 56x25
          RenderBlock {FORM} at (0,0) size 96x0
          RenderTableRow {TR} at (0,472) size 96x17
            RenderTableCell {TD} at (2,472) size 92x17 [r=17 c=0 rs=1 cs=1]
              RenderImage {IMG} at (1,1) size 53x15
          RenderBlock {FORM} at (0,0) size 96x0
          RenderTableRow {TR} at (0,491) size 96x31
            RenderTableCell {TD} at (2,491) size 92x31 [r=18 c=0 rs=1 cs=1]
              RenderImage {IMG} at (1,1) size 31x29
          RenderBlock {FORM} at (0,0) size 96x0
          RenderTableRow {TR} at (0,524) size 96x17
            RenderTableCell {TD} at (2,524) size 92x17 [r=19 c=0 rs=1 cs=1]
              RenderImage {IMG} at (1,1) size 53x15
