layer at (0,0) size 96x58
  RenderView at (0,0) size 96x26
layer at (0,0) size 96x58
  RenderBlock {HTML} at (0,0) size 96x58
    RenderBody {BODY} at (8,8) size 80x42 [bgcolor=#FFFFFF]
      RenderTable {TABLE} at (0,0) size 77x26
        RenderTableSection {TBODY} at (0,0) size 77x26
          RenderTableRow {TR} at (0,5) size 77x16
            RenderTableCell {TD} at (5,5) size 28x16 [r=0 c=0 rs=1 cs=1]
              RenderText {#text} at (0,0) size 28x16
                text run at (0,0) width 28: "Blah"
            RenderTableCell {TD} at (38,13) size 1x0 [bgcolor=#000000] [r=0 c=1 rs=1 cs=1]
              RenderInline {SPACER} at (0,0) size 0x0
            RenderTableCell {TD} at (44,5) size 28x16 [r=0 c=2 rs=1 cs=1]
              RenderText {#text} at (0,0) size 28x16
                text run at (0,0) width 28: "Blah"
      RenderBlock (anonymous) at (0,26) size 80x16
        RenderBR {BR} at (0,0) size 0x16
