layer at (0,0) size 800x600
  RenderView at (0,0) size 800x600
layer at (0,0) size 800x600
  RenderBlock {HTML} at (0,0) size 800x600
    RenderBody {BODY} at (8,8) size 784x584
      RenderBlock (anonymous) at (0,0) size 784x16
        RenderText {#text} at (0,0) size 106x16
          text run at (0,0) width 106: "table height=200"
      RenderTable {TABLE} at (0,16) size 108x200 [border: (1px outset #808080)]
        RenderTableSection {TBODY} at (1,1) size 106x198
          RenderTableRow {TR} at (0,2) size 106x156
            RenderTableCell {TD} at (2,70) size 102x20 [border: (1px inset #808080)] [r=0 c=0 rs=1 cs=1]
              RenderText {#text} at (2,2) size 98x16
                text run at (2,2) width 98: "80% height row"
          RenderTableRow {TR} at (0,160) size 106x36
            RenderTableCell {TD} at (2,168) size 102x20 [border: (1px inset #808080)] [r=1 c=0 rs=1 cs=1]
              RenderText {#text} at (2,2) size 98x16
                text run at (2,2) width 98: "80% height row"
      RenderBlock (anonymous) at (0,216) size 784x32
        RenderBR {BR} at (0,0) size 0x16
        RenderText {#text} at (0,16) size 106x16
          text run at (0,16) width 106: "table height=200"
      RenderTable {TABLE} at (0,248) size 104x306 [border: (1px outset #808080)]
        RenderTableSection {TBODY} at (1,1) size 102x304
          RenderTableRow {TR} at (0,2) size 102x300
            RenderTableCell {TD} at (2,142) size 98x20 [border: (1px inset #808080)] [r=0 c=0 rs=1 cs=1]
              RenderText {#text} at (2,2) size 94x16
                text run at (2,2) width 94: "400 height row"
