layer at (0,0) size 424x134
  RenderView at (0,0) size 96x26
layer at (0,0) size 424x134
  RenderBlock {HTML} at (0,0) size 96x134
    RenderBody {BODY} at (8,8) size 80x118
      RenderBlock (anonymous) at (0,0) size 80x80
        RenderText {#text} at (0,0) size 77x80
          text run at (0,0) width 76: "The window"
          text run at (0,16) width 74: "needs to be"
          text run at (0,32) width 46: "resized"
          text run at (0,48) width 61: "smaller to"
          text run at (0,64) width 77: "see the bug "
        RenderBR {BR} at (77,77) size 0x0
      RenderTable {TABLE} at (0,80) size 416x38
        RenderTableSection {TBODY} at (0,0) size 416x38
          RenderTableRow {TR} at (0,2) size 416x34
            RenderTableCell {TD} at (2,10) size 33x18 [r=0 c=0 rs=1 cs=1]
              RenderText {#text} at (1,1) size 31x16
                text run at (1,1) width 31: "Back"
            RenderTableCell {TD} at (37,10) size 54x18 [r=0 c=1 rs=1 cs=1]
              RenderText {#text} at (1,1) size 52x16
                text run at (1,1) width 52: "Forward"
            RenderTableCell {TD} at (93,10) size 47x18 [r=0 c=2 rs=1 cs=1]
              RenderText {#text} at (1,1) size 45x16
                text run at (1,1) width 45: "Reload"
            RenderTableCell {TD} at (142,10) size 39x18 [r=0 c=3 rs=1 cs=1]
              RenderText {#text} at (1,1) size 37x16
                text run at (1,1) width 37: "Home"
            RenderTableCell {TD} at (183,10) size 47x18 [r=0 c=4 rs=1 cs=1]
              RenderText {#text} at (1,1) size 45x16
                text run at (1,1) width 45: "Search"
            RenderTableCell {TD} at (232,2) size 62x34 [r=0 c=5 rs=1 cs=1]
              RenderText {#text} at (1,1) size 60x32
                text run at (1,1) width 19: "My"
                text run at (1,17) width 60: "Netscape"
            RenderTableCell {TD} at (296,10) size 31x18 [r=0 c=6 rs=1 cs=1]
              RenderText {#text} at (1,1) size 29x16
                text run at (1,1) width 29: "Print"
            RenderTableCell {TD} at (329,10) size 52x18 [r=0 c=7 rs=1 cs=1]
              RenderText {#text} at (1,1) size 50x16
                text run at (1,1) width 50: "Security"
            RenderTableCell {TD} at (383,10) size 31x18 [r=0 c=8 rs=1 cs=1]
              RenderText {#text} at (1,1) size 29x16
                text run at (1,1) width 29: "Stop"
