layer at (0,0) size 800x600
  RenderView at (0,0) size 800x600
layer at (0,0) size 800x600
  RenderBlock {HTML} at (0,0) size 800x600
    RenderBody {BODY} at (8,8) size 784x576
      RenderBlock {P} at (0,0) size 784x44
        RenderText {#text} at (0,0) size 784x44
          text run at (0,0) width 784: "This HTML tests if the 'while-space' property controls the behavors of line-break characters (U+000A and U+000D)"
          text run at (0,22) width 170: "in a complex text (Hindi)."
      RenderBlock {P} at (0,60) size 784x44
        RenderText {#text} at (0,0) size 768x44
          text run at (0,0) width 768: "If this test succeeds, you can see this Hindi word \"\x{935}\x{93F}\x{937}\x{92F}\x{94B}\x{902}\" repeated three times separated by a space in the"
          text run at (0,22) width 599: "first two paragraphs. In the third paragraphs, it'll be shown three times in separate lines."
      RenderBlock {P} at (0,120) size 784x22
        RenderText {#text} at (0,0) size 308x22
          text run at (0,0) width 308: "1. \x{935}\x{93F}\x{937}\x{92F}\x{94B}\x{902} \x{935}\x{93F}\x{937}\x{92F}\x{94B}\x{902}\x{D}\x{935}\x{93F}\x{937}\x{92F}\x{94B}\x{902}"
      RenderBlock {P} at (0,158) size 784x22
        RenderText {#text} at (0,0) size 308x22
          text run at (0,0) width 308: "2. \x{935}\x{93F}\x{937}\x{92F}\x{94B}\x{902} \x{935}\x{93F}\x{937}\x{92F}\x{94B}\x{902}\x{D}\x{935}\x{93F}\x{937}\x{92F}\x{94B}\x{902}"
      RenderBlock {P} at (0,196) size 784x66
        RenderText {#text} at (0,0) size 192x66
          text run at (0,0) width 12: "3."
          text run at (12,0) width 0: " "
          text run at (0,22) width 96: "\x{935}\x{93F}\x{937}\x{92F}\x{94B}\x{902}"
          text run at (96,22) width 0: " "
          text run at (0,44) width 192: "\x{935}\x{93F}\x{937}\x{92F}\x{94B}\x{902}\x{D}\x{935}\x{93F}\x{937}\x{92F}\x{94B}\x{902}"
