layer at (0,0) size 1094x24494
  RenderView at (0,0) size 800x600
layer at (0,0) size 800x600
  RenderBlock {HTML} at (0,0) size 800x600
    RenderBody {BODY} at (8,8) size 784x578
      RenderBlock {P} at (0,0) size 784x76
        RenderText {#text} at (0,0) size 774x76
          text run at (0,0) width 762: "The column on the right has explicit spaces. Line breaks should be roughly the same if Thai line breaks are working well."
          text run at (0,19) width 774: "The original source of this text was ICU, and the test program said \"by it's very nature, Thai word breaking is not exact\", so"
          text run at (0,38) width 742: "the columns don't match exactly. In a future version we might decide to tweak the right column to match our expected"
          text run at (0,57) width 59: "behavior."
layer at (240,98) size 854x2698
  RenderBlock (positioned) {DIV} at (240,98) size 1x2698
    RenderText {#text} at (0,0) size 854x2698
      text run at (0,0) width 182: "\x{E1A}\x{E17}\x{E17}\x{E35}\x{E48}\x{E51}\x{E1E}\x{E32}\x{E22}\x{E38}\x{E44}\x{E0B}\x{E42}\x{E04}\x{E25}\x{E19}"
      text run at (0,19) width 854: "\x{E42}\x{E14}\x{E42}\x{E23}\x{E18}\x{E35}\x{E2D}\x{E32}\x{E28}\x{E31}\x{E22}\x{E2D}\x{E22}\x{E39}\x{E48}\x{E17}\x{E48}\x{E32}\x{E21}\x{E01}\x{E25}\x{E32}\x{E07}\x{E17}\x{E38}\x{E48}\x{E07}\x{E43}\x{E2B}\x{E0D}\x{E48}\x{E43}\x{E19}\x{E41}\x{E04}\x{E19}\x{E0B}\x{E31}\x{E2A}\x{E01}\x{E31}\x{E1A}\x{E25}\x{E38}\x{E07}\x{E40}\x{E2E}\x{E19}\x{E23}\x{E35}\x{E0A}\x{E32}\x{E27}\x{E44}\x{E23}\x{E48}\x{E41}\x{E25}\x{E30}\x{E1B}\x{E49}\x{E32}\x{E40}\x{E2D}\x{E47}\x{E21}\x{E20}\x{E23}\x{E23}\x{E22}\x{E32}\x{E0A}\x{E32}\x{E27}\x{E44}\x{E23}\x{E48}"
      text run at (0,38) width 700: "\x{E1A}\x{E49}\x{E32}\x{E19}\x{E02}\x{E2D}\x{E07}\x{E1E}\x{E27}\x{E01}\x{E40}\x{E02}\x{E32}\x{E2B}\x{E25}\x{E31}\x{E07}\x{E40}\x{E25}\x{E47}\x{E01}\x{E40}\x{E1E}\x{E23}\x{E32}\x{E30}\x{E44}\x{E21}\x{E49}\x{E2A}\x{E23}\x{E49}\x{E32}\x{E07}\x{E1A}\x{E49}\x{E32}\x{E19}\x{E15}\x{E49}\x{E2D}\x{E07}\x{E02}\x{E19}\x{E21}\x{E32}\x{E14}\x{E49}\x{E27}\x{E22}\x{E40}\x{E01}\x{E27}\x{E35}\x{E22}\x{E19}\x{E40}\x{E1B}\x{E47}\x{E19}"
      text run at (0,57) width 196: "\x{E23}\x{E30}\x{E22}\x{E30}\x{E17}\x{E32}\x{E07}\x{E2B}\x{E25}\x{E32}\x{E22}\x{E44}\x{E21}\x{E25}\x{E4C}"
      text run at (0,76) width 448: "\x{E1A}\x{E49}\x{E32}\x{E19}\x{E21}\x{E35}\x{E2A}\x{E35}\x{E48}\x{E1D}\x{E32}\x{E21}\x{E35}\x{E1E}\x{E37}\x{E49}\x{E19}\x{E01}\x{E31}\x{E1A}\x{E2B}\x{E25}\x{E31}\x{E07}\x{E04}\x{E32}\x{E23}\x{E27}\x{E21}\x{E17}\x{E33}\x{E40}\x{E1B}\x{E47}\x{E19}\x{E2B}\x{E49}\x{E2D}\x{E07}\x{E40}\x{E14}\x{E35}\x{E22}\x{E27}"
      text run at (0,95) width 364: "\x{E43}\x{E19}\x{E2B}\x{E49}\x{E2D}\x{E07}\x{E21}\x{E35}\x{E17}\x{E31}\x{E49}\x{E07}\x{E40}\x{E15}\x{E32}\x{E2B}\x{E38}\x{E07}\x{E15}\x{E49}\x{E21}\x{E17}\x{E35}\x{E48}\x{E2A}\x{E19}\x{E34}\x{E21}\x{E14}\x{E39}\x{E02}\x{E36}\x{E49}\x{E19}\x{E40}\x{E25}\x{E2D}\x{E30}"
      text run at (0,114) width 98: "\x{E21}\x{E35}\x{E15}\x{E39}\x{E49}\x{E43}\x{E2A}\x{E48}\x{E16}\x{E49}\x{E27}\x{E22}"
      text run at (0,133) width 42: "\x{E0A}\x{E32}\x{E21}"
      text run at (0,152) width 42: "\x{E42}\x{E15}\x{E4A}\x{E30}"
      text run at (0,171) width 182: "\x{E40}\x{E01}\x{E49}\x{E32}\x{E2D}\x{E35}\x{E49}\x{E2A}\x{E32}\x{E21}\x{E2B}\x{E23}\x{E37}\x{E2D}\x{E2A}\x{E35}\x{E48}\x{E15}\x{E31}\x{E27}"
      text run at (0,190) width 168: "\x{E41}\x{E25}\x{E49}\x{E27}\x{E01}\x{E47}\x{E21}\x{E35}\x{E40}\x{E15}\x{E35}\x{E22}\x{E07}\x{E19}\x{E2D}\x{E19}"
      text run at (0,209) width 448: "\x{E25}\x{E38}\x{E07}\x{E40}\x{E2E}\x{E19}\x{E23}\x{E35}\x{E01}\x{E31}\x{E1A}\x{E1B}\x{E49}\x{E32}\x{E40}\x{E2D}\x{E47}\x{E21}\x{E21}\x{E35}\x{E40}\x{E15}\x{E35}\x{E22}\x{E07}\x{E19}\x{E2D}\x{E19}\x{E43}\x{E2B}\x{E0D}\x{E48}\x{E2D}\x{E22}\x{E39}\x{E48}\x{E17}\x{E35}\x{E48}\x{E21}\x{E38}\x{E21}\x{E2B}\x{E19}\x{E36}\x{E48}\x{E07}"
      text run at (0,228) width 336: "\x{E2A}\x{E48}\x{E27}\x{E19}\x{E42}\x{E14}\x{E42}\x{E23}\x{E18}\x{E35}\x{E21}\x{E35}\x{E40}\x{E15}\x{E35}\x{E22}\x{E07}\x{E40}\x{E25}\x{E47}\x{E01}\x{E2D}\x{E35}\x{E01}\x{E17}\x{E35}\x{E48}\x{E21}\x{E38}\x{E21}\x{E2B}\x{E19}\x{E36}\x{E48}\x{E07}"
      text run at (0,247) width 378: "\x{E44}\x{E21}\x{E48}\x{E21}\x{E35}\x{E2B}\x{E49}\x{E2D}\x{E07}\x{E43}\x{E15}\x{E49}\x{E40}\x{E1E}\x{E14}\x{E32}\x{E19}\x{E40}\x{E25}\x{E22}\x{E2B}\x{E49}\x{E2D}\x{E07}\x{E43}\x{E15}\x{E49}\x{E16}\x{E38}\x{E19}\x{E01}\x{E47}\x{E44}\x{E21}\x{E48}\x{E21}\x{E35}"
      text run at (0,266) width 196: "\x{E40}\x{E27}\x{E49}\x{E19}\x{E41}\x{E15}\x{E48}\x{E21}\x{E35}\x{E42}\x{E1E}\x{E23}\x{E07}\x{E40}\x{E25}\x{E47}\x{E01}\x{E46}"
      text run at (0,285) width 98: "\x{E17}\x{E35}\x{E48}\x{E02}\x{E38}\x{E14}\x{E44}\x{E1B}\x{E43}\x{E15}\x{E49}"
      text run at (0,304) width 112: "\x{E1E}\x{E37}\x{E49}\x{E19}\x{E40}\x{E23}\x{E35}\x{E22}\x{E01}\x{E27}\x{E48}\x{E32}"
      text run at (0,323) width 150: "\"\x{E42}\x{E1E}\x{E23}\x{E07}\x{E44}\x{E0B}\x{E42}\x{E04}\x{E25}\x{E19}\""
      text run at (0,342) width 476: "\x{E40}\x{E1B}\x{E47}\x{E19}\x{E17}\x{E35}\x{E48}\x{E04}\x{E23}\x{E2D}\x{E1A}\x{E04}\x{E23}\x{E31}\x{E27}\x{E19}\x{E35}\x{E49}\x{E08}\x{E30}\x{E21}\x{E38}\x{E14}\x{E40}\x{E02}\x{E49}\x{E32}\x{E44}\x{E1B}\x{E40}\x{E21}\x{E37}\x{E48}\x{E2D}\x{E40}\x{E01}\x{E34}\x{E14}\x{E25}\x{E21}\x{E21}\x{E2B}\x{E32}\x{E20}\x{E31}\x{E22}"
      text run at (0,361) width 392: "\x{E0B}\x{E36}\x{E48}\x{E07}\x{E01}\x{E23}\x{E30}\x{E42}\x{E0A}\x{E01}\x{E41}\x{E23}\x{E07}\x{E08}\x{E19}\x{E1A}\x{E14}\x{E02}\x{E22}\x{E35}\x{E49}\x{E2A}\x{E34}\x{E48}\x{E07}\x{E01}\x{E48}\x{E2D}\x{E2A}\x{E23}\x{E49}\x{E32}\x{E07}\x{E43}\x{E14}\x{E46}"
      text run at (0,380) width 448: "\x{E17}\x{E35}\x{E48}\x{E02}\x{E27}\x{E32}\x{E07}\x{E17}\x{E32}\x{E07}\x{E21}\x{E31}\x{E19}\x{E44}\x{E14}\x{E49}\x{E15}\x{E23}\x{E07}\x{E01}\x{E25}\x{E32}\x{E07}\x{E1E}\x{E37}\x{E49}\x{E19}\x{E21}\x{E35}\x{E1D}\x{E32}\x{E40}\x{E1B}\x{E34}\x{E14}\x{E40}\x{E02}\x{E49}\x{E32}\x{E44}\x{E1B}"
      text run at (0,399) width 364: "\x{E08}\x{E32}\x{E01}\x{E19}\x{E31}\x{E49}\x{E19}\x{E21}\x{E35}\x{E1A}\x{E31}\x{E19}\x{E44}\x{E14}\x{E25}\x{E07}\x{E44}\x{E1B}\x{E16}\x{E36}\x{E07}\x{E42}\x{E1E}\x{E23}\x{E07}\x{E21}\x{E37}\x{E14}\x{E40}\x{E25}\x{E47}\x{E01}\x{E46}"
      text run at (0,418) width 420: "\x{E40}\x{E21}\x{E37}\x{E48}\x{E2D}\x{E42}\x{E14}\x{E42}\x{E23}\x{E18}\x{E35}\x{E22}\x{E37}\x{E19}\x{E17}\x{E35}\x{E48}\x{E1B}\x{E32}\x{E01}\x{E1B}\x{E23}\x{E30}\x{E15}\x{E39}\x{E41}\x{E25}\x{E30}\x{E21}\x{E2D}\x{E07}\x{E44}\x{E1B}\x{E23}\x{E2D}\x{E1A}\x{E46}"
      text run at (0,437) width 574: "\x{E40}\x{E18}\x{E2D}\x{E44}\x{E21}\x{E48}\x{E40}\x{E2B}\x{E47}\x{E19}\x{E2D}\x{E30}\x{E44}\x{E23}\x{E19}\x{E2D}\x{E01}\x{E08}\x{E32}\x{E01}\x{E17}\x{E49}\x{E2D}\x{E07}\x{E17}\x{E38}\x{E48}\x{E07}\x{E01}\x{E27}\x{E49}\x{E32}\x{E07}\x{E2A}\x{E35}\x{E40}\x{E17}\x{E32}\x{E2B}\x{E21}\x{E48}\x{E19}\x{E17}\x{E31}\x{E48}\x{E27}\x{E17}\x{E38}\x{E01}\x{E14}\x{E49}\x{E32}\x{E19}"
      text run at (0,456) width 658: "\x{E44}\x{E21}\x{E48}\x{E21}\x{E35}\x{E41}\x{E21}\x{E49}\x{E15}\x{E49}\x{E19}\x{E44}\x{E21}\x{E49}\x{E2A}\x{E31}\x{E01}\x{E15}\x{E49}\x{E19}\x{E2B}\x{E23}\x{E37}\x{E2D}\x{E1A}\x{E49}\x{E32}\x{E19}\x{E2A}\x{E31}\x{E01}\x{E2B}\x{E25}\x{E31}\x{E07}\x{E17}\x{E35}\x{E48}\x{E42}\x{E1C}\x{E25}\x{E48}\x{E1E}\x{E49}\x{E19}\x{E20}\x{E39}\x{E21}\x{E34}\x{E1B}\x{E23}\x{E30}\x{E40}\x{E17}\x{E28}\x{E2D}\x{E31}\x{E19}\x{E23}\x{E32}\x{E1A}\x{E40}\x{E23}\x{E35}\x{E22}\x{E1A}"
      text run at (0,475) width 308: "\x{E41}\x{E1C}\x{E48}\x{E44}\x{E1B}\x{E44}\x{E01}\x{E25}\x{E08}\x{E19}\x{E08}\x{E14}\x{E02}\x{E2D}\x{E1A}\x{E1F}\x{E49}\x{E32}\x{E17}\x{E31}\x{E48}\x{E27}\x{E17}\x{E38}\x{E01}\x{E17}\x{E34}\x{E28}"
      text run at (0,494) width 546: "\x{E14}\x{E27}\x{E07}\x{E15}\x{E30}\x{E27}\x{E31}\x{E19}\x{E40}\x{E1C}\x{E32}\x{E1C}\x{E37}\x{E19}\x{E14}\x{E34}\x{E19}\x{E17}\x{E35}\x{E48}\x{E44}\x{E16}\x{E41}\x{E25}\x{E49}\x{E27}\x{E08}\x{E19}\x{E01}\x{E25}\x{E32}\x{E22}\x{E40}\x{E1B}\x{E47}\x{E19}\x{E41}\x{E1C}\x{E48}\x{E19}\x{E21}\x{E2B}\x{E36}\x{E21}\x{E32}\x{E2A}\x{E35}\x{E14}\x{E33}"
      text run at (0,513) width 252: "\x{E21}\x{E35}\x{E23}\x{E2D}\x{E22}\x{E41}\x{E15}\x{E01}\x{E23}\x{E30}\x{E41}\x{E2B}\x{E07}\x{E2D}\x{E22}\x{E39}\x{E48}\x{E15}\x{E25}\x{E2D}\x{E14}"
      text run at (0,532) width 196: "\x{E41}\x{E21}\x{E49}\x{E41}\x{E15}\x{E48}\x{E2B}\x{E0D}\x{E49}\x{E32}\x{E01}\x{E47}\x{E44}\x{E21}\x{E48}\x{E40}\x{E02}\x{E35}\x{E22}\x{E27}"
      text run at (0,551) width 700: "\x{E40}\x{E1E}\x{E23}\x{E32}\x{E30}\x{E14}\x{E27}\x{E07}\x{E15}\x{E30}\x{E27}\x{E31}\x{E19}\x{E40}\x{E1C}\x{E32}\x{E22}\x{E2D}\x{E14}\x{E43}\x{E1A}\x{E22}\x{E32}\x{E27}\x{E40}\x{E2A}\x{E35}\x{E22}\x{E08}\x{E19}\x{E40}\x{E1B}\x{E47}\x{E19}\x{E2A}\x{E35}\x{E40}\x{E17}\x{E32}\x{E2B}\x{E21}\x{E48}\x{E19}\x{E21}\x{E2D}\x{E07}\x{E40}\x{E2B}\x{E47}\x{E19}\x{E2D}\x{E22}\x{E39}\x{E48}\x{E17}\x{E31}\x{E48}\x{E27}\x{E44}\x{E1B}"
      text run at (0,570) width 280: "\x{E04}\x{E23}\x{E31}\x{E49}\x{E07}\x{E2B}\x{E19}\x{E36}\x{E48}\x{E07}\x{E40}\x{E04}\x{E22}\x{E17}\x{E32}\x{E2A}\x{E35}\x{E1A}\x{E49}\x{E32}\x{E19}\x{E40}\x{E2D}\x{E32}\x{E44}\x{E27}\x{E49}"
      text run at (0,589) width 336: "\x{E41}\x{E15}\x{E48}\x{E01}\x{E47}\x{E16}\x{E39}\x{E01}\x{E14}\x{E27}\x{E07}\x{E15}\x{E30}\x{E27}\x{E31}\x{E19}\x{E40}\x{E1C}\x{E32}\x{E40}\x{E2A}\x{E35}\x{E22}\x{E08}\x{E19}\x{E2A}\x{E35}\x{E1E}\x{E2D}\x{E07}"
      text run at (0,608) width 280: "\x{E41}\x{E25}\x{E49}\x{E27}\x{E1D}\x{E19}\x{E01}\x{E47}\x{E0A}\x{E30}\x{E21}\x{E31}\x{E19}\x{E2B}\x{E25}\x{E38}\x{E14}\x{E44}\x{E1B}\x{E08}\x{E19}\x{E2B}\x{E21}\x{E14}"
      text run at (0,627) width 518: "\x{E41}\x{E25}\x{E30}\x{E15}\x{E2D}\x{E19}\x{E19}\x{E35}\x{E49}\x{E1A}\x{E49}\x{E32}\x{E19}\x{E08}\x{E36}\x{E07}\x{E14}\x{E39}\x{E2B}\x{E21}\x{E48}\x{E19}\x{E2B}\x{E21}\x{E2D}\x{E07}\x{E40}\x{E1B}\x{E47}\x{E19}\x{E2A}\x{E35}\x{E40}\x{E17}\x{E32}\x{E40}\x{E2B}\x{E21}\x{E37}\x{E2D}\x{E19}\x{E2A}\x{E34}\x{E48}\x{E07}\x{E2D}\x{E37}\x{E48}\x{E19}\x{E46}"
      text run at (0,646) width 42: "\x{E14}\x{E49}\x{E27}\x{E22}"
      text run at (0,665) width 252: "\x{E15}\x{E2D}\x{E19}\x{E17}\x{E35}\x{E48}\x{E1B}\x{E49}\x{E32}\x{E40}\x{E2D}\x{E47}\x{E21}\x{E22}\x{E49}\x{E32}\x{E22}\x{E21}\x{E32}\x{E2D}\x{E22}\x{E39}\x{E48}\x{E17}\x{E35}\x{E48}\x{E19}\x{E35}\x{E48}"
      text run at (0,684) width 112: "\x{E40}\x{E18}\x{E2D}\x{E22}\x{E31}\x{E07}\x{E2A}\x{E32}\x{E27}"
      text run at (0,703) width 196: "\x{E40}\x{E1B}\x{E47}\x{E19}\x{E20}\x{E23}\x{E23}\x{E22}\x{E32}\x{E17}\x{E35}\x{E48}\x{E07}\x{E14}\x{E07}\x{E32}\x{E21}"
      text run at (0,722) width 336: "\x{E41}\x{E25}\x{E49}\x{E27}\x{E41}\x{E14}\x{E14}\x{E41}\x{E25}\x{E30}\x{E25}\x{E21}\x{E01}\x{E47}\x{E44}\x{E14}\x{E49}\x{E40}\x{E1B}\x{E25}\x{E35}\x{E48}\x{E22}\x{E19}\x{E40}\x{E18}\x{E2D}\x{E44}\x{E1B}"
      text run at (0,741) width 672: "\x{E40}\x{E2D}\x{E32}\x{E1B}\x{E23}\x{E30}\x{E01}\x{E32}\x{E22}\x{E44}\x{E1B}\x{E08}\x{E32}\x{E01}\x{E14}\x{E27}\x{E07}\x{E15}\x{E32}\x{E40}\x{E18}\x{E2D}\x{E1B}\x{E25}\x{E48}\x{E2D}\x{E22}\x{E44}\x{E27}\x{E49}\x{E41}\x{E15}\x{E48}\x{E04}\x{E27}\x{E32}\x{E21}\x{E2A}\x{E38}\x{E02}\x{E38}\x{E21}\x{E2D}\x{E22}\x{E48}\x{E32}\x{E07}\x{E2B}\x{E21}\x{E48}\x{E19}\x{E2B}\x{E21}\x{E2D}\x{E07}"
      text run at (0,760) width 378: "\x{E40}\x{E2D}\x{E32}\x{E2A}\x{E35}\x{E41}\x{E14}\x{E07}\x{E08}\x{E32}\x{E01}\x{E41}\x{E01}\x{E49}\x{E21}\x{E41}\x{E25}\x{E30}\x{E23}\x{E34}\x{E21}\x{E1D}\x{E35}\x{E1B}\x{E32}\x{E01}\x{E40}\x{E18}\x{E2D}\x{E44}\x{E1B}"
      text run at (0,779) width 168: "\x{E01}\x{E25}\x{E32}\x{E22}\x{E40}\x{E1B}\x{E47}\x{E19}\x{E2A}\x{E35}\x{E2B}\x{E21}\x{E48}\x{E19}\x{E46}"
      text run at (0,798) width 98: "\x{E40}\x{E2B}\x{E21}\x{E37}\x{E2D}\x{E19}\x{E01}\x{E31}\x{E19}"
      text run at (0,817) width 210: "\x{E40}\x{E18}\x{E2D}\x{E1C}\x{E2D}\x{E21}\x{E41}\x{E25}\x{E30}\x{E2B}\x{E25}\x{E31}\x{E07}\x{E42}\x{E04}\x{E49}\x{E07}"
      text run at (0,836) width 252: "\x{E41}\x{E25}\x{E30}\x{E40}\x{E14}\x{E35}\x{E4B}\x{E22}\x{E27}\x{E19}\x{E35}\x{E49}\x{E44}\x{E21}\x{E48}\x{E40}\x{E04}\x{E22}\x{E22}\x{E34}\x{E49}\x{E21}\x{E40}\x{E25}\x{E22}"
      text run at (0,855) width 504: "\x{E40}\x{E21}\x{E37}\x{E48}\x{E2D}\x{E42}\x{E14}\x{E42}\x{E23}\x{E18}\x{E35}\x{E0B}\x{E36}\x{E48}\x{E07}\x{E40}\x{E1B}\x{E47}\x{E19}\x{E40}\x{E14}\x{E47}\x{E01}\x{E01}\x{E33}\x{E1E}\x{E23}\x{E49}\x{E32}\x{E21}\x{E32}\x{E2D}\x{E22}\x{E39}\x{E48}\x{E01}\x{E31}\x{E1A}\x{E40}\x{E18}\x{E2D}\x{E15}\x{E2D}\x{E19}\x{E41}\x{E23}\x{E01}"
      text run at (0,874) width 476: "\x{E1B}\x{E49}\x{E32}\x{E40}\x{E2D}\x{E47}\x{E21}\x{E15}\x{E37}\x{E48}\x{E19}\x{E40}\x{E15}\x{E49}\x{E19}\x{E01}\x{E31}\x{E1A}\x{E40}\x{E2A}\x{E35}\x{E22}\x{E07}\x{E2B}\x{E31}\x{E27}\x{E40}\x{E23}\x{E32}\x{E30}\x{E02}\x{E2D}\x{E07}\x{E40}\x{E14}\x{E47}\x{E01}\x{E19}\x{E49}\x{E2D}\x{E22}\x{E21}\x{E32}\x{E01}"
      text run at (0,893) width 826: "\x{E40}\x{E18}\x{E2D}\x{E08}\x{E30}\x{E2A}\x{E48}\x{E07}\x{E40}\x{E2A}\x{E35}\x{E22}\x{E07}\x{E23}\x{E49}\x{E2D}\x{E07}\x{E41}\x{E25}\x{E49}\x{E27}\x{E40}\x{E2D}\x{E32}\x{E21}\x{E37}\x{E2D}\x{E17}\x{E32}\x{E1A}\x{E2D}\x{E01}\x{E17}\x{E38}\x{E01}\x{E04}\x{E23}\x{E31}\x{E49}\x{E07}\x{E17}\x{E35}\x{E48}\x{E40}\x{E2A}\x{E35}\x{E22}\x{E07}\x{E2D}\x{E31}\x{E19}\x{E23}\x{E48}\x{E32}\x{E40}\x{E23}\x{E34}\x{E07}\x{E02}\x{E2D}\x{E07}\x{E42}\x{E14}\x{E42}\x{E23}\x{E18}\x{E35}\x{E40}\x{E02}\x{E49}\x{E32}\x{E2B}\x{E39}\x{E40}\x{E18}\x{E2D}"
      text run at (0,912) width 308: "\x{E41}\x{E25}\x{E30}\x{E40}\x{E18}\x{E2D}\x{E40}\x{E1D}\x{E49}\x{E32}\x{E21}\x{E2D}\x{E07}\x{E40}\x{E14}\x{E47}\x{E01}\x{E2B}\x{E0D}\x{E34}\x{E07}\x{E19}\x{E49}\x{E2D}\x{E22}\x{E46}"
      text run at (0,931) width 224: "\x{E14}\x{E49}\x{E27}\x{E22}\x{E04}\x{E27}\x{E32}\x{E21}\x{E1B}\x{E23}\x{E30}\x{E2B}\x{E25}\x{E32}\x{E14}\x{E43}\x{E08}"
      text run at (0,950) width 392: "\x{E14}\x{E49}\x{E27}\x{E22}\x{E22}\x{E31}\x{E07}\x{E2B}\x{E32}\x{E2D}\x{E30}\x{E44}\x{E23}\x{E21}\x{E32}\x{E40}\x{E1B}\x{E47}\x{E19}\x{E40}\x{E23}\x{E37}\x{E48}\x{E2D}\x{E07}\x{E2B}\x{E31}\x{E27}\x{E40}\x{E23}\x{E32}\x{E30}\x{E44}\x{E14}\x{E49}"
      text run at (0,969) width 238: "\x{E25}\x{E38}\x{E07}\x{E40}\x{E2E}\x{E19}\x{E23}\x{E35}\x{E44}\x{E21}\x{E48}\x{E40}\x{E04}\x{E22}\x{E2B}\x{E31}\x{E27}\x{E40}\x{E23}\x{E32}\x{E30}"
      text run at (0,988) width 280: "\x{E25}\x{E38}\x{E07}\x{E17}\x{E33}\x{E07}\x{E32}\x{E19}\x{E2B}\x{E19}\x{E31}\x{E01}\x{E08}\x{E32}\x{E01}\x{E40}\x{E0A}\x{E49}\x{E32}\x{E22}\x{E31}\x{E19}\x{E04}\x{E48}\x{E33}"
      text run at (0,1007) width 392: "\x{E41}\x{E25}\x{E30}\x{E44}\x{E21}\x{E48}\x{E40}\x{E04}\x{E22}\x{E23}\x{E39}\x{E49}\x{E08}\x{E31}\x{E01}\x{E27}\x{E48}\x{E32}\x{E04}\x{E27}\x{E32}\x{E21}\x{E23}\x{E48}\x{E32}\x{E40}\x{E23}\x{E34}\x{E07}\x{E04}\x{E37}\x{E2D}\x{E2D}\x{E30}\x{E44}\x{E23}"
      text run at (0,1026) width 616: "\x{E25}\x{E38}\x{E07}\x{E14}\x{E39}\x{E2B}\x{E21}\x{E48}\x{E19}\x{E2B}\x{E21}\x{E2D}\x{E07}\x{E44}\x{E1B}\x{E2B}\x{E21}\x{E14}\x{E15}\x{E31}\x{E49}\x{E07}\x{E41}\x{E15}\x{E48}\x{E40}\x{E04}\x{E23}\x{E32}\x{E22}\x{E32}\x{E27}\x{E08}\x{E19}\x{E08}\x{E14}\x{E23}\x{E2D}\x{E07}\x{E40}\x{E17}\x{E49}\x{E32}\x{E1A}\x{E39}\x{E15}\x{E2D}\x{E31}\x{E19}\x{E2B}\x{E22}\x{E32}\x{E1A}"
      text run at (0,1045) width 448: "\x{E41}\x{E25}\x{E49}\x{E27}\x{E25}\x{E38}\x{E07}\x{E01}\x{E47}\x{E14}\x{E39}\x{E40}\x{E04}\x{E23}\x{E48}\x{E07}\x{E02}\x{E23}\x{E36}\x{E21}\x{E19}\x{E48}\x{E32}\x{E40}\x{E01}\x{E23}\x{E07}\x{E02}\x{E32}\x{E21}\x{E44}\x{E21}\x{E48}\x{E04}\x{E48}\x{E2D}\x{E22}\x{E08}\x{E30}\x{E1E}\x{E39}\x{E14}"
      text run at (0,1064) width 322: "\x{E21}\x{E35}\x{E42}\x{E15}\x{E42}\x{E15}\x{E49}\x{E17}\x{E35}\x{E48}\x{E17}\x{E33}\x{E43}\x{E2B}\x{E49}\x{E42}\x{E14}\x{E42}\x{E23}\x{E18}\x{E35}\x{E2B}\x{E31}\x{E27}\x{E40}\x{E23}\x{E32}\x{E30}\x{E44}\x{E14}\x{E49}"
      text run at (0,1083) width 700: "\x{E41}\x{E25}\x{E30}\x{E0A}\x{E48}\x{E27}\x{E22}\x{E40}\x{E18}\x{E2D}\x{E43}\x{E2B}\x{E49}\x{E1E}\x{E49}\x{E19}\x{E08}\x{E32}\x{E01}\x{E01}\x{E32}\x{E23}\x{E01}\x{E25}\x{E32}\x{E22}\x{E40}\x{E1B}\x{E47}\x{E19}\x{E2A}\x{E35}\x{E40}\x{E17}\x{E32}\x{E2B}\x{E21}\x{E48}\x{E19}\x{E40}\x{E2B}\x{E21}\x{E37}\x{E2D}\x{E19}\x{E01}\x{E31}\x{E1A}\x{E2A}\x{E34}\x{E48}\x{E07}\x{E23}\x{E2D}\x{E1A}\x{E15}\x{E31}\x{E27}\x{E2D}\x{E37}\x{E48}\x{E19}\x{E46}"
      text run at (0,1102) width 182: "\x{E42}\x{E15}\x{E42}\x{E15}\x{E49}\x{E2A}\x{E35}\x{E44}\x{E21}\x{E48}\x{E40}\x{E17}\x{E32}\x{E2B}\x{E21}\x{E48}\x{E19}"
      text run at (0,1121) width 266: "\x{E41}\x{E15}\x{E48}\x{E21}\x{E31}\x{E19}\x{E40}\x{E1B}\x{E47}\x{E19}\x{E2B}\x{E21}\x{E32}\x{E2A}\x{E35}\x{E14}\x{E33}\x{E15}\x{E31}\x{E27}\x{E19}\x{E49}\x{E2D}\x{E22}\x{E46}"
      text run at (0,1140) width 210: "\x{E02}\x{E19}\x{E22}\x{E32}\x{E27}\x{E1B}\x{E38}\x{E22}\x{E23}\x{E32}\x{E27}\x{E01}\x{E31}\x{E1A}\x{E44}\x{E2B}\x{E21}"
      text run at (0,1159) width 658: "\x{E21}\x{E35}\x{E15}\x{E32}\x{E14}\x{E33}\x{E40}\x{E25}\x{E47}\x{E01}\x{E40}\x{E1B}\x{E47}\x{E19}\x{E1B}\x{E23}\x{E30}\x{E01}\x{E32}\x{E22}\x{E23}\x{E37}\x{E48}\x{E19}\x{E40}\x{E23}\x{E34}\x{E07}\x{E2D}\x{E22}\x{E39}\x{E48}\x{E2A}\x{E2D}\x{E07}\x{E02}\x{E49}\x{E32}\x{E07}\x{E08}\x{E21}\x{E39}\x{E01}\x{E40}\x{E25}\x{E47}\x{E01}\x{E2D}\x{E31}\x{E19}\x{E19}\x{E48}\x{E32}\x{E02}\x{E31}\x{E19}\x{E02}\x{E2D}\x{E07}\x{E21}\x{E31}\x{E19}"
      text run at (0,1178) width 154: "\x{E42}\x{E15}\x{E42}\x{E15}\x{E49}\x{E40}\x{E25}\x{E48}\x{E19}\x{E17}\x{E31}\x{E49}\x{E07}\x{E27}\x{E31}\x{E19}"
      text run at (0,1197) width 224: "\x{E41}\x{E25}\x{E30}\x{E42}\x{E14}\x{E42}\x{E23}\x{E18}\x{E35}\x{E01}\x{E47}\x{E40}\x{E25}\x{E48}\x{E19}\x{E01}\x{E31}\x{E1A}\x{E21}\x{E31}\x{E19}"
      text run at (0,1216) width 196: "\x{E41}\x{E25}\x{E30}\x{E23}\x{E31}\x{E01}\x{E21}\x{E31}\x{E19}\x{E40}\x{E2B}\x{E25}\x{E37}\x{E2D}\x{E40}\x{E01}\x{E34}\x{E19}"
      text run at (0,1235) width 140: "\x{E2D}\x{E22}\x{E48}\x{E32}\x{E07}\x{E44}\x{E23}\x{E01}\x{E47}\x{E15}\x{E32}\x{E21}"
      text run at (0,1254) width 182: "\x{E27}\x{E31}\x{E19}\x{E19}\x{E35}\x{E49}\x{E17}\x{E31}\x{E49}\x{E07}\x{E04}\x{E39}\x{E48}\x{E44}\x{E21}\x{E48}\x{E44}\x{E14}\x{E49}\x{E40}\x{E25}\x{E48}\x{E19}"
      text run at (0,1273) width 700: "\x{E25}\x{E38}\x{E07}\x{E40}\x{E2E}\x{E19}\x{E23}\x{E35}\x{E19}\x{E31}\x{E48}\x{E07}\x{E2D}\x{E22}\x{E39}\x{E48}\x{E17}\x{E35}\x{E48}\x{E1A}\x{E31}\x{E19}\x{E44}\x{E14}\x{E1B}\x{E23}\x{E30}\x{E15}\x{E39}\x{E41}\x{E25}\x{E30}\x{E40}\x{E1D}\x{E49}\x{E32}\x{E01}\x{E31}\x{E07}\x{E27}\x{E25}\x{E08}\x{E49}\x{E2D}\x{E07}\x{E14}\x{E39}\x{E17}\x{E49}\x{E2D}\x{E07}\x{E1F}\x{E49}\x{E32}\x{E2A}\x{E35}\x{E40}\x{E17}\x{E32}\x{E2B}\x{E21}\x{E48}\x{E19}\x{E1C}\x{E34}\x{E14}\x{E1B}\x{E01}\x{E15}\x{E34}"
      text run at (0,1292) width 168: "\x{E42}\x{E14}\x{E42}\x{E23}\x{E18}\x{E35}\x{E22}\x{E37}\x{E19}\x{E17}\x{E35}\x{E48}\x{E1B}\x{E23}\x{E30}\x{E15}\x{E39}"
      text run at (0,1311) width 238: "\x{E01}\x{E2D}\x{E14}\x{E42}\x{E15}\x{E42}\x{E15}\x{E49}\x{E44}\x{E27}\x{E49}\x{E43}\x{E19}\x{E2D}\x{E49}\x{E2D}\x{E21}\x{E41}\x{E02}\x{E19}"
      text run at (0,1330) width 308: "\x{E41}\x{E25}\x{E30}\x{E01}\x{E47}\x{E21}\x{E2D}\x{E07}\x{E14}\x{E39}\x{E17}\x{E49}\x{E2D}\x{E07}\x{E1F}\x{E49}\x{E32}\x{E2D}\x{E22}\x{E39}\x{E48}\x{E40}\x{E2B}\x{E21}\x{E37}\x{E2D}\x{E19}\x{E01}\x{E31}\x{E19}"
      text run at (0,1349) width 238: "\x{E1B}\x{E49}\x{E32}\x{E40}\x{E2D}\x{E47}\x{E21}\x{E01}\x{E33}\x{E25}\x{E31}\x{E07}\x{E25}\x{E49}\x{E32}\x{E07}\x{E0A}\x{E32}\x{E21}\x{E2D}\x{E22}\x{E39}\x{E48}"
      text run at (0,1368) width 252: "\x{E08}\x{E32}\x{E01}\x{E14}\x{E49}\x{E32}\x{E19}\x{E40}\x{E2B}\x{E19}\x{E37}\x{E2D}\x{E44}\x{E01}\x{E25}\x{E2D}\x{E2D}\x{E01}\x{E44}\x{E1B}"
      text run at (0,1387) width 322: "\x{E21}\x{E35}\x{E40}\x{E2A}\x{E35}\x{E22}\x{E07}\x{E25}\x{E21}\x{E04}\x{E23}\x{E32}\x{E07}\x{E41}\x{E1C}\x{E48}\x{E27}\x{E40}\x{E1A}\x{E32}\x{E44}\x{E14}\x{E49}\x{E22}\x{E34}\x{E19}\x{E21}\x{E32}"
      text run at (0,1406) width 644: "\x{E25}\x{E38}\x{E07}\x{E40}\x{E2E}\x{E19}\x{E23}\x{E35}\x{E41}\x{E25}\x{E30}\x{E42}\x{E14}\x{E42}\x{E23}\x{E18}\x{E35}\x{E40}\x{E2B}\x{E47}\x{E19}\x{E15}\x{E49}\x{E19}\x{E2B}\x{E0D}\x{E49}\x{E32}\x{E2A}\x{E39}\x{E07}\x{E40}\x{E2D}\x{E19}\x{E40}\x{E1B}\x{E47}\x{E19}\x{E04}\x{E25}\x{E37}\x{E48}\x{E19}\x{E01}\x{E48}\x{E2D}\x{E19}\x{E17}\x{E35}\x{E48}\x{E1E}\x{E32}\x{E22}\x{E38}\x{E08}\x{E30}\x{E21}\x{E32}\x{E16}\x{E36}\x{E07}"
      text run at (0,1425) width 532: "\x{E41}\x{E25}\x{E49}\x{E27}\x{E01}\x{E47}\x{E21}\x{E35}\x{E40}\x{E2A}\x{E35}\x{E22}\x{E07}\x{E2B}\x{E27}\x{E35}\x{E14}\x{E2B}\x{E27}\x{E34}\x{E27}\x{E0A}\x{E31}\x{E14}\x{E40}\x{E08}\x{E19}\x{E21}\x{E32}\x{E08}\x{E32}\x{E01}\x{E1A}\x{E23}\x{E23}\x{E22}\x{E32}\x{E01}\x{E32}\x{E28}\x{E17}\x{E32}\x{E07}\x{E43}\x{E15}\x{E49}"
      text run at (0,1444) width 644: "\x{E41}\x{E25}\x{E30}\x{E40}\x{E21}\x{E37}\x{E48}\x{E2D}\x{E40}\x{E2B}\x{E25}\x{E37}\x{E2D}\x{E1A}\x{E15}\x{E32}\x{E44}\x{E1B}\x{E17}\x{E32}\x{E07}\x{E14}\x{E49}\x{E32}\x{E19}\x{E19}\x{E31}\x{E49}\x{E19}\x{E01}\x{E47}\x{E40}\x{E2B}\x{E47}\x{E19}\x{E04}\x{E25}\x{E37}\x{E48}\x{E19}\x{E2B}\x{E0D}\x{E49}\x{E32}\x{E21}\x{E32}\x{E17}\x{E32}\x{E07}\x{E14}\x{E49}\x{E32}\x{E19}\x{E19}\x{E31}\x{E49}\x{E19}\x{E14}\x{E49}\x{E27}\x{E22}"
      text run at (0,1463) width 224: "\x{E25}\x{E38}\x{E07}\x{E40}\x{E2E}\x{E19}\x{E23}\x{E35}\x{E1C}\x{E38}\x{E14}\x{E25}\x{E38}\x{E01}\x{E02}\x{E36}\x{E49}\x{E19}\x{E17}\x{E31}\x{E19}\x{E43}\x{E14}"
      text run at (0,1482) width 145: "\"\x{E25}\x{E21}\x{E44}\x{E0B}\x{E42}\x{E04}\x{E25}\x{E19}\x{E21}\x{E32}"
      text run at (0,1501) width 47: "\x{E40}\x{E2D}\x{E47}\x{E21}\""
      text run at (0,1520) width 182: "\x{E25}\x{E38}\x{E07}\x{E23}\x{E49}\x{E2D}\x{E07}\x{E1A}\x{E2D}\x{E01}\x{E20}\x{E23}\x{E23}\x{E22}\x{E32}"
      text run at (0,1539) width 262: "\"\x{E02}\x{E49}\x{E32}\x{E08}\x{E30}\x{E44}\x{E1B}\x{E14}\x{E39}\x{E2A}\x{E31}\x{E15}\x{E27}\x{E4C}\x{E40}\x{E25}\x{E35}\x{E49}\x{E22}\x{E07}\x{E2B}\x{E19}\x{E48}\x{E2D}\x{E22}\""
      text run at (0,1558) width 406: "\x{E41}\x{E25}\x{E49}\x{E27}\x{E25}\x{E38}\x{E07}\x{E01}\x{E47}\x{E27}\x{E34}\x{E48}\x{E07}\x{E44}\x{E1B}\x{E22}\x{E31}\x{E07}\x{E40}\x{E1E}\x{E34}\x{E07}\x{E17}\x{E35}\x{E48}\x{E27}\x{E31}\x{E27}\x{E41}\x{E25}\x{E30}\x{E21}\x{E49}\x{E32}\x{E2D}\x{E32}\x{E28}\x{E31}\x{E22}\x{E2D}\x{E22}\x{E39}\x{E48}"
      text run at (0,1577) width 322: "\x{E1B}\x{E49}\x{E32}\x{E40}\x{E2D}\x{E47}\x{E21}\x{E2B}\x{E22}\x{E38}\x{E14}\x{E17}\x{E33}\x{E07}\x{E32}\x{E19}\x{E41}\x{E25}\x{E30}\x{E21}\x{E32}\x{E17}\x{E35}\x{E48}\x{E1B}\x{E23}\x{E30}\x{E15}\x{E39}"
      text run at (0,1596) width 168: "\x{E40}\x{E1E}\x{E35}\x{E22}\x{E07}\x{E0A}\x{E32}\x{E22}\x{E15}\x{E32}\x{E21}\x{E2D}\x{E07}"
      text run at (0,1615) width 322: "\x{E1B}\x{E49}\x{E32}\x{E01}\x{E47}\x{E1A}\x{E2D}\x{E01}\x{E44}\x{E14}\x{E49}\x{E27}\x{E48}\x{E32}\x{E2D}\x{E31}\x{E19}\x{E15}\x{E23}\x{E32}\x{E22}\x{E21}\x{E32}\x{E16}\x{E36}\x{E07}\x{E41}\x{E25}\x{E49}\x{E27}"
      text run at (0,1634) width 126: "\"\x{E40}\x{E23}\x{E47}\x{E27}\x{E42}\x{E14}\x{E42}\x{E23}\x{E18}\x{E35}!\""
      text run at (0,1653) width 98: "\x{E1B}\x{E49}\x{E32}\x{E15}\x{E30}\x{E42}\x{E01}\x{E19}"
      text run at (0,1672) width 164: "\"\x{E27}\x{E34}\x{E48}\x{E07}\x{E44}\x{E1B}\x{E2B}\x{E49}\x{E2D}\x{E07}\x{E43}\x{E15}\x{E49}\x{E16}\x{E38}\x{E19}\""
      text run at (0,1691) width 406: "\x{E42}\x{E15}\x{E42}\x{E15}\x{E49}\x{E1C}\x{E25}\x{E38}\x{E19}\x{E01}\x{E23}\x{E30}\x{E42}\x{E14}\x{E14}\x{E25}\x{E07}\x{E08}\x{E32}\x{E01}\x{E2D}\x{E49}\x{E2D}\x{E21}\x{E41}\x{E02}\x{E19}\x{E42}\x{E14}\x{E42}\x{E23}\x{E18}\x{E35}"
      text run at (0,1710) width 266: "\x{E41}\x{E25}\x{E49}\x{E27}\x{E40}\x{E02}\x{E49}\x{E32}\x{E44}\x{E1B}\x{E0B}\x{E48}\x{E2D}\x{E19}\x{E2D}\x{E22}\x{E39}\x{E48}\x{E43}\x{E15}\x{E49}\x{E40}\x{E15}\x{E35}\x{E22}\x{E07}"
      text run at (0,1729) width 322: "\x{E40}\x{E14}\x{E47}\x{E01}\x{E2B}\x{E0D}\x{E34}\x{E07}\x{E19}\x{E49}\x{E2D}\x{E22}\x{E40}\x{E02}\x{E49}\x{E32}\x{E44}\x{E1B}\x{E14}\x{E36}\x{E07}\x{E21}\x{E31}\x{E19}\x{E2D}\x{E2D}\x{E01}\x{E21}\x{E32}"
      text run at (0,1748) width 462: "\x{E1B}\x{E49}\x{E32}\x{E40}\x{E2D}\x{E47}\x{E21}\x{E01}\x{E23}\x{E30}\x{E0A}\x{E32}\x{E01}\x{E1D}\x{E32}\x{E17}\x{E35}\x{E48}\x{E1E}\x{E37}\x{E49}\x{E19}\x{E2D}\x{E2D}\x{E01}\x{E2D}\x{E22}\x{E48}\x{E32}\x{E07}\x{E2D}\x{E01}\x{E2A}\x{E31}\x{E48}\x{E19}\x{E02}\x{E27}\x{E31}\x{E0D}\x{E2B}\x{E32}\x{E22}"
      text run at (0,1767) width 378: "\x{E1B}\x{E35}\x{E19}\x{E1A}\x{E31}\x{E19}\x{E44}\x{E14}\x{E44}\x{E21}\x{E49}\x{E25}\x{E07}\x{E44}\x{E1B}\x{E43}\x{E19}\x{E42}\x{E1E}\x{E23}\x{E07}\x{E40}\x{E25}\x{E47}\x{E01}\x{E2D}\x{E31}\x{E19}\x{E21}\x{E37}\x{E14}\x{E17}\x{E36}\x{E1A}"
      text run at (0,1786) width 252: "\x{E42}\x{E14}\x{E42}\x{E23}\x{E18}\x{E35}\x{E08}\x{E31}\x{E1A}\x{E42}\x{E15}\x{E42}\x{E15}\x{E49}\x{E44}\x{E14}\x{E49}\x{E43}\x{E19}\x{E17}\x{E35}\x{E48}\x{E2A}\x{E38}\x{E14}"
      text run at (0,1805) width 210: "\x{E41}\x{E25}\x{E30}\x{E27}\x{E34}\x{E48}\x{E07}\x{E15}\x{E32}\x{E21}\x{E1B}\x{E49}\x{E32}\x{E40}\x{E18}\x{E2D}\x{E44}\x{E1B}"
      text run at (0,1824) width 392: "\x{E40}\x{E21}\x{E37}\x{E48}\x{E2D}\x{E40}\x{E18}\x{E2D}\x{E21}\x{E32}\x{E44}\x{E14}\x{E49}\x{E04}\x{E23}\x{E36}\x{E48}\x{E07}\x{E2B}\x{E49}\x{E2D}\x{E07}\x{E01}\x{E47}\x{E21}\x{E35}\x{E40}\x{E2A}\x{E35}\x{E22}\x{E07}\x{E2B}\x{E27}\x{E35}\x{E14}\x{E2B}\x{E27}\x{E37}\x{E2D}"
      text run at (0,1843) width 560: "\x{E2A}\x{E48}\x{E27}\x{E19}\x{E1A}\x{E49}\x{E32}\x{E19}\x{E01}\x{E47}\x{E2A}\x{E31}\x{E48}\x{E19}\x{E2D}\x{E22}\x{E48}\x{E32}\x{E07}\x{E41}\x{E23}\x{E07}\x{E08}\x{E19}\x{E40}\x{E18}\x{E2D}\x{E2B}\x{E01}\x{E04}\x{E30}\x{E21}\x{E33}\x{E19}\x{E31}\x{E48}\x{E07}\x{E08}\x{E49}\x{E33}\x{E40}\x{E1A}\x{E49}\x{E32}\x{E2D}\x{E22}\x{E39}\x{E48}\x{E01}\x{E31}\x{E1A}\x{E1E}\x{E37}\x{E49}\x{E19}"
      text run at (0,1862) width 252: "\x{E41}\x{E25}\x{E49}\x{E27}\x{E2A}\x{E34}\x{E48}\x{E07}\x{E1B}\x{E23}\x{E30}\x{E2B}\x{E25}\x{E32}\x{E14}\x{E01}\x{E47}\x{E40}\x{E01}\x{E34}\x{E14}\x{E02}\x{E36}\x{E49}\x{E19}"
      text run at (0,1881) width 308: "\x{E1A}\x{E49}\x{E32}\x{E19}\x{E2B}\x{E21}\x{E38}\x{E19}\x{E44}\x{E1B}\x{E2B}\x{E21}\x{E38}\x{E19}\x{E21}\x{E32}\x{E2A}\x{E2D}\x{E07}\x{E2A}\x{E32}\x{E21}\x{E23}\x{E2D}\x{E1A}"
      text run at (0,1900) width 308: "\x{E41}\x{E25}\x{E49}\x{E27}\x{E01}\x{E47}\x{E25}\x{E2D}\x{E22}\x{E02}\x{E36}\x{E49}\x{E19}\x{E2A}\x{E39}\x{E48}\x{E2D}\x{E32}\x{E01}\x{E32}\x{E28}\x{E2D}\x{E22}\x{E48}\x{E32}\x{E07}\x{E0A}\x{E49}\x{E32}\x{E46}"
      text run at (0,1919) width 462: "\x{E42}\x{E14}\x{E42}\x{E23}\x{E18}\x{E35}\x{E23}\x{E39}\x{E49}\x{E2A}\x{E36}\x{E01}\x{E23}\x{E32}\x{E27}\x{E01}\x{E31}\x{E1A}\x{E27}\x{E48}\x{E32}\x{E40}\x{E18}\x{E2D}\x{E44}\x{E14}\x{E49}\x{E02}\x{E36}\x{E49}\x{E19}\x{E44}\x{E1B}\x{E01}\x{E31}\x{E1A}\x{E25}\x{E39}\x{E01}\x{E1A}\x{E2D}\x{E25}\x{E25}\x{E39}\x{E19}"
      text run at (0,1938) width 420: "\x{E1E}\x{E32}\x{E22}\x{E38}\x{E40}\x{E2B}\x{E19}\x{E37}\x{E2D}\x{E01}\x{E31}\x{E1A}\x{E1E}\x{E32}\x{E22}\x{E38}\x{E43}\x{E15}\x{E49}\x{E21}\x{E32}\x{E1E}\x{E1A}\x{E01}\x{E31}\x{E19}\x{E15}\x{E23}\x{E07}\x{E17}\x{E35}\x{E48}\x{E1A}\x{E49}\x{E32}\x{E19}\x{E1E}\x{E2D}\x{E14}\x{E35}"
      text run at (0,1957) width 504: "\x{E41}\x{E25}\x{E30}\x{E17}\x{E33}\x{E43}\x{E2B}\x{E49}\x{E15}\x{E23}\x{E07}\x{E19}\x{E31}\x{E49}\x{E19}\x{E40}\x{E1B}\x{E47}\x{E19}\x{E08}\x{E38}\x{E14}\x{E28}\x{E39}\x{E19}\x{E22}\x{E4C}\x{E01}\x{E25}\x{E32}\x{E07}\x{E02}\x{E2D}\x{E07}\x{E1E}\x{E32}\x{E22}\x{E38}\x{E44}\x{E0B}\x{E42}\x{E04}\x{E25}\x{E19}"
      text run at (0,1976) width 434: "\x{E15}\x{E32}\x{E21}\x{E1B}\x{E01}\x{E15}\x{E34}\x{E15}\x{E23}\x{E07}\x{E01}\x{E25}\x{E32}\x{E07}\x{E1E}\x{E32}\x{E22}\x{E38}\x{E44}\x{E0B}\x{E42}\x{E04}\x{E25}\x{E19}\x{E2D}\x{E32}\x{E01}\x{E32}\x{E28}\x{E08}\x{E30}\x{E19}\x{E34}\x{E48}\x{E07}"
      text run at (0,1995) width 462: "\x{E41}\x{E15}\x{E48}\x{E04}\x{E27}\x{E32}\x{E21}\x{E01}\x{E14}\x{E14}\x{E31}\x{E19}\x{E2D}\x{E22}\x{E48}\x{E32}\x{E07}\x{E2B}\x{E19}\x{E31}\x{E01}\x{E02}\x{E2D}\x{E07}\x{E25}\x{E21}\x{E17}\x{E38}\x{E01}\x{E14}\x{E49}\x{E32}\x{E19}\x{E23}\x{E2D}\x{E1A}\x{E1A}\x{E49}\x{E32}\x{E19}"
      text run at (0,2014) width 210: "\x{E17}\x{E33}\x{E43}\x{E2B}\x{E49}\x{E1A}\x{E49}\x{E32}\x{E19}\x{E25}\x{E2D}\x{E22}\x{E2A}\x{E39}\x{E07}\x{E02}\x{E36}\x{E49}\x{E19}\x{E46}"
      text run at (0,2033) width 420: "\x{E08}\x{E19}\x{E01}\x{E23}\x{E30}\x{E17}\x{E31}\x{E48}\x{E07}\x{E02}\x{E36}\x{E49}\x{E19}\x{E44}\x{E1B}\x{E2D}\x{E22}\x{E39}\x{E48}\x{E2A}\x{E38}\x{E14}\x{E22}\x{E2D}\x{E14}\x{E02}\x{E2D}\x{E07}\x{E1E}\x{E32}\x{E22}\x{E38}\x{E44}\x{E0B}\x{E42}\x{E04}\x{E25}\x{E19}"
      text run at (0,2052) width 364: "\x{E41}\x{E25}\x{E30}\x{E08}\x{E32}\x{E01}\x{E15}\x{E23}\x{E07}\x{E19}\x{E31}\x{E49}\x{E19}\x{E01}\x{E47}\x{E16}\x{E39}\x{E01}\x{E2B}\x{E2D}\x{E1A}\x{E44}\x{E1B}\x{E2B}\x{E25}\x{E32}\x{E22}\x{E44}\x{E21}\x{E25}\x{E4C}"
      text run at (0,2071) width 252: "\x{E07}\x{E48}\x{E32}\x{E22}\x{E14}\x{E32}\x{E22}\x{E23}\x{E32}\x{E27}\x{E01}\x{E31}\x{E1A}\x{E2B}\x{E2D}\x{E1A}\x{E02}\x{E19}\x{E19}\x{E01}"
      text run at (0,2090) width 112: "\x{E21}\x{E37}\x{E14}\x{E21}\x{E32}\x{E01}\x{E41}\x{E25}\x{E49}\x{E27}"
      text run at (0,2109) width 434: "\x{E25}\x{E21}\x{E22}\x{E31}\x{E07}\x{E2A}\x{E48}\x{E07}\x{E40}\x{E2A}\x{E35}\x{E22}\x{E07}\x{E2B}\x{E27}\x{E35}\x{E14}\x{E2B}\x{E27}\x{E37}\x{E2D}\x{E19}\x{E48}\x{E32}\x{E01}\x{E25}\x{E31}\x{E27}\x{E2D}\x{E22}\x{E39}\x{E48}\x{E23}\x{E2D}\x{E1A}\x{E15}\x{E31}\x{E27}\x{E40}\x{E18}\x{E2D}"
      text run at (0,2128) width 546: "\x{E41}\x{E15}\x{E48}\x{E42}\x{E14}\x{E42}\x{E23}\x{E18}\x{E35}\x{E40}\x{E2B}\x{E47}\x{E19}\x{E27}\x{E48}\x{E32}\x{E40}\x{E18}\x{E2D}\x{E2A}\x{E32}\x{E21}\x{E32}\x{E23}\x{E16}\x{E19}\x{E31}\x{E48}\x{E07}\x{E44}\x{E1B}\x{E44}\x{E14}\x{E49}\x{E2D}\x{E22}\x{E48}\x{E32}\x{E07}\x{E07}\x{E48}\x{E32}\x{E22}\x{E14}\x{E32}\x{E22}\x{E19}\x{E31}\x{E01}"
      text run at (0,2147) width 546: "\x{E04}\x{E23}\x{E31}\x{E49}\x{E07}\x{E2B}\x{E19}\x{E36}\x{E48}\x{E07}\x{E2B}\x{E25}\x{E31}\x{E07}\x{E08}\x{E32}\x{E01}\x{E17}\x{E35}\x{E48}\x{E1A}\x{E49}\x{E32}\x{E19}\x{E2A}\x{E30}\x{E14}\x{E38}\x{E14}\x{E2D}\x{E22}\x{E48}\x{E32}\x{E07}\x{E41}\x{E23}\x{E07}\x{E41}\x{E25}\x{E30}\x{E2B}\x{E21}\x{E38}\x{E19}\x{E44}\x{E1B}\x{E23}\x{E2D}\x{E1A}\x{E46}"
      text run at (0,2166) width 238: "\x{E2A}\x{E2D}\x{E07}\x{E2A}\x{E32}\x{E21}\x{E04}\x{E23}\x{E31}\x{E49}\x{E07}\x{E43}\x{E19}\x{E15}\x{E2D}\x{E19}\x{E41}\x{E23}\x{E01}"
      text run at (0,2185) width 588: "\x{E40}\x{E18}\x{E2D}\x{E01}\x{E47}\x{E23}\x{E39}\x{E49}\x{E2A}\x{E36}\x{E01}\x{E27}\x{E48}\x{E32}\x{E15}\x{E31}\x{E27}\x{E40}\x{E2D}\x{E07}\x{E16}\x{E39}\x{E01}\x{E41}\x{E01}\x{E27}\x{E48}\x{E07}\x{E2D}\x{E22}\x{E48}\x{E32}\x{E07}\x{E41}\x{E1C}\x{E48}\x{E27}\x{E40}\x{E1A}\x{E32}\x{E23}\x{E32}\x{E27}\x{E17}\x{E32}\x{E23}\x{E01}\x{E43}\x{E19}\x{E40}\x{E1B}\x{E25}"
      text run at (0,2204) width 196: "\x{E42}\x{E15}\x{E42}\x{E15}\x{E49}\x{E44}\x{E21}\x{E48}\x{E0A}\x{E2D}\x{E1A}\x{E43}\x{E08}\x{E40}\x{E25}\x{E22}"
      text run at (0,2223) width 224: "\x{E21}\x{E31}\x{E19}\x{E27}\x{E34}\x{E48}\x{E07}\x{E44}\x{E1B}\x{E27}\x{E34}\x{E48}\x{E07}\x{E21}\x{E32}\x{E23}\x{E2D}\x{E1A}\x{E2B}\x{E49}\x{E2D}\x{E07}"
      text run at (0,2242) width 364: "\x{E17}\x{E32}\x{E07}\x{E42}\x{E19}\x{E49}\x{E19}\x{E17}\x{E35}\x{E17}\x{E32}\x{E07}\x{E19}\x{E35}\x{E49}\x{E17}\x{E35}\x{E2A}\x{E48}\x{E07}\x{E40}\x{E2A}\x{E35}\x{E22}\x{E07}\x{E40}\x{E2B}\x{E48}\x{E32}\x{E14}\x{E31}\x{E07}\x{E01}\x{E49}\x{E2D}\x{E07}"
      text run at (0,2261) width 518: "\x{E41}\x{E15}\x{E48}\x{E42}\x{E14}\x{E42}\x{E23}\x{E18}\x{E35}\x{E19}\x{E31}\x{E48}\x{E07}\x{E19}\x{E34}\x{E48}\x{E07}\x{E2D}\x{E22}\x{E39}\x{E48}\x{E1A}\x{E19}\x{E1E}\x{E37}\x{E49}\x{E19}\x{E40}\x{E1D}\x{E49}\x{E32}\x{E04}\x{E2D}\x{E22}\x{E14}\x{E39}\x{E27}\x{E48}\x{E32}\x{E08}\x{E30}\x{E40}\x{E01}\x{E34}\x{E14}\x{E2D}\x{E30}\x{E44}\x{E23}\x{E02}\x{E36}\x{E49}\x{E19}"
      text run at (0,2280) width 392: "\x{E04}\x{E23}\x{E31}\x{E49}\x{E07}\x{E2B}\x{E19}\x{E36}\x{E48}\x{E07}\x{E42}\x{E15}\x{E42}\x{E15}\x{E49}\x{E40}\x{E02}\x{E49}\x{E32}\x{E44}\x{E1B}\x{E43}\x{E01}\x{E25}\x{E49}\x{E1D}\x{E32}\x{E17}\x{E35}\x{E48}\x{E1E}\x{E37}\x{E49}\x{E19}\x{E21}\x{E32}\x{E01}\x{E44}\x{E1B}"
      text run at (0,2299) width 168: "\x{E40}\x{E25}\x{E22}\x{E1E}\x{E25}\x{E31}\x{E14}\x{E15}\x{E01}\x{E25}\x{E07}\x{E44}\x{E1B}"
      text run at (0,2318) width 476: "\x{E17}\x{E35}\x{E41}\x{E23}\x{E01}\x{E40}\x{E14}\x{E47}\x{E01}\x{E2B}\x{E0D}\x{E34}\x{E07}\x{E04}\x{E34}\x{E14}\x{E27}\x{E48}\x{E32}\x{E40}\x{E18}\x{E2D}\x{E08}\x{E30}\x{E2A}\x{E39}\x{E0D}\x{E40}\x{E2A}\x{E35}\x{E22}\x{E21}\x{E31}\x{E19}\x{E44}\x{E1B}\x{E40}\x{E2A}\x{E35}\x{E22}\x{E41}\x{E25}\x{E49}\x{E27}"
      text run at (0,2337) width 476: "\x{E41}\x{E15}\x{E48}\x{E0A}\x{E31}\x{E48}\x{E27}\x{E04}\x{E23}\x{E39}\x{E48}\x{E40}\x{E18}\x{E2D}\x{E01}\x{E47}\x{E40}\x{E2B}\x{E47}\x{E19}\x{E2B}\x{E39}\x{E02}\x{E2D}\x{E07}\x{E21}\x{E31}\x{E19}\x{E42}\x{E1C}\x{E25}\x{E48}\x{E02}\x{E36}\x{E49}\x{E19}\x{E21}\x{E32}\x{E08}\x{E32}\x{E01}\x{E0A}\x{E48}\x{E2D}\x{E07}\x{E19}\x{E31}\x{E49}\x{E19}"
      text run at (0,2356) width 700: "\x{E17}\x{E31}\x{E49}\x{E07}\x{E19}\x{E35}\x{E49}\x{E40}\x{E1E}\x{E23}\x{E32}\x{E30}\x{E41}\x{E23}\x{E07}\x{E01}\x{E14}\x{E2D}\x{E22}\x{E48}\x{E32}\x{E07}\x{E2B}\x{E19}\x{E31}\x{E01}\x{E02}\x{E2D}\x{E07}\x{E2D}\x{E32}\x{E01}\x{E32}\x{E28}\x{E17}\x{E33}\x{E43}\x{E2B}\x{E49}\x{E42}\x{E15}\x{E42}\x{E15}\x{E49}\x{E44}\x{E21}\x{E48}\x{E15}\x{E01}\x{E25}\x{E07}\x{E44}\x{E1B}\x{E02}\x{E49}\x{E32}\x{E07}\x{E25}\x{E48}\x{E32}\x{E07}"
      text run at (0,2375) width 392: "\x{E42}\x{E14}\x{E42}\x{E23}\x{E18}\x{E35}\x{E04}\x{E25}\x{E32}\x{E19}\x{E44}\x{E1B}\x{E17}\x{E35}\x{E48}\x{E0A}\x{E48}\x{E2D}\x{E07}\x{E19}\x{E31}\x{E49}\x{E19}\x{E08}\x{E31}\x{E1A}\x{E2B}\x{E39}\x{E42}\x{E15}\x{E42}\x{E15}\x{E49}\x{E44}\x{E27}\x{E49}\x{E44}\x{E14}\x{E49}"
      text run at (0,2394) width 224: "\x{E41}\x{E25}\x{E30}\x{E25}\x{E32}\x{E01}\x{E21}\x{E31}\x{E19}\x{E21}\x{E32}\x{E17}\x{E35}\x{E48}\x{E2B}\x{E49}\x{E2D}\x{E07}\x{E2D}\x{E35}\x{E01}"
      text run at (0,2413) width 490: "\x{E2B}\x{E25}\x{E31}\x{E07}\x{E08}\x{E32}\x{E01}\x{E19}\x{E31}\x{E49}\x{E19}\x{E01}\x{E47}\x{E1B}\x{E34}\x{E14}\x{E1D}\x{E32}\x{E1E}\x{E37}\x{E49}\x{E19}\x{E40}\x{E1E}\x{E37}\x{E48}\x{E2D}\x{E08}\x{E30}\x{E44}\x{E14}\x{E49}\x{E44}\x{E21}\x{E48}\x{E40}\x{E01}\x{E34}\x{E14}\x{E2D}\x{E38}\x{E1A}\x{E31}\x{E15}\x{E34}\x{E40}\x{E2B}\x{E15}\x{E38}\x{E2D}\x{E35}\x{E01}"
      text run at (0,2432) width 294: "\x{E0A}\x{E31}\x{E48}\x{E27}\x{E42}\x{E21}\x{E07}\x{E41}\x{E25}\x{E49}\x{E27}\x{E0A}\x{E31}\x{E48}\x{E27}\x{E42}\x{E21}\x{E07}\x{E40}\x{E25}\x{E48}\x{E32}\x{E1C}\x{E48}\x{E32}\x{E19}\x{E44}\x{E1B}"
      text run at (0,2451) width 126: "\x{E42}\x{E14}\x{E42}\x{E23}\x{E18}\x{E35}\x{E04}\x{E48}\x{E2D}\x{E22}\x{E46}"
      text run at (0,2470) width 84: "\x{E2B}\x{E32}\x{E22}\x{E01}\x{E25}\x{E31}\x{E27}"
      text run at (0,2489) width 266: "\x{E41}\x{E15}\x{E48}\x{E40}\x{E18}\x{E2D}\x{E23}\x{E39}\x{E49}\x{E2A}\x{E36}\x{E01}\x{E40}\x{E2B}\x{E07}\x{E32}\x{E40}\x{E2B}\x{E25}\x{E37}\x{E2D}\x{E40}\x{E01}\x{E34}\x{E19}"
      text run at (0,2508) width 532: "\x{E41}\x{E25}\x{E30}\x{E25}\x{E21}\x{E01}\x{E47}\x{E2A}\x{E48}\x{E07}\x{E40}\x{E2A}\x{E35}\x{E22}\x{E07}\x{E2B}\x{E27}\x{E35}\x{E14}\x{E2B}\x{E27}\x{E37}\x{E2D}\x{E14}\x{E31}\x{E07}\x{E40}\x{E2A}\x{E35}\x{E22}\x{E08}\x{E19}\x{E40}\x{E18}\x{E2D}\x{E41}\x{E17}\x{E1A}\x{E08}\x{E30}\x{E2B}\x{E39}\x{E2B}\x{E19}\x{E27}\x{E01}"
      text run at (0,2527) width 854: "\x{E17}\x{E35}\x{E41}\x{E23}\x{E01}\x{E40}\x{E18}\x{E2D}\x{E2A}\x{E07}\x{E2A}\x{E31}\x{E22}\x{E27}\x{E48}\x{E32}\x{E04}\x{E07}\x{E08}\x{E30}\x{E16}\x{E39}\x{E01}\x{E09}\x{E35}\x{E01}\x{E01}\x{E23}\x{E30}\x{E0A}\x{E32}\x{E01}\x{E2D}\x{E2D}\x{E01}\x{E40}\x{E1B}\x{E47}\x{E19}\x{E0A}\x{E34}\x{E49}\x{E19}\x{E40}\x{E25}\x{E47}\x{E01}\x{E0A}\x{E34}\x{E49}\x{E19}\x{E19}\x{E49}\x{E2D}\x{E22}\x{E40}\x{E21}\x{E37}\x{E48}\x{E2D}\x{E1A}\x{E49}\x{E32}\x{E19}\x{E40}\x{E2D}\x{E19}\x{E25}\x{E49}\x{E21}\x{E25}\x{E07}\x{E2D}\x{E35}\x{E01}\x{E04}\x{E23}\x{E31}\x{E49}\x{E07}"
      text run at (0,2546) width 854: "\x{E41}\x{E15}\x{E48}\x{E2B}\x{E25}\x{E32}\x{E22}\x{E0A}\x{E31}\x{E48}\x{E27}\x{E42}\x{E21}\x{E07}\x{E1C}\x{E48}\x{E32}\x{E19}\x{E44}\x{E1B}\x{E01}\x{E47}\x{E44}\x{E21}\x{E48}\x{E21}\x{E35}\x{E2D}\x{E30}\x{E44}\x{E23}\x{E40}\x{E01}\x{E34}\x{E14}\x{E02}\x{E36}\x{E49}\x{E19}\x{E40}\x{E18}\x{E2D}\x{E40}\x{E25}\x{E22}\x{E40}\x{E25}\x{E34}\x{E01}\x{E27}\x{E34}\x{E15}\x{E01}\x{E41}\x{E25}\x{E30}\x{E15}\x{E31}\x{E14}\x{E2A}\x{E34}\x{E19}\x{E43}\x{E08}\x{E04}\x{E2D}\x{E22}\x{E14}\x{E39}\x{E2D}\x{E22}\x{E48}\x{E32}\x{E07}\x{E2A}\x{E07}\x{E1A}"
      text run at (0,2565) width 322: "\x{E41}\x{E25}\x{E30}\x{E23}\x{E2D}\x{E27}\x{E48}\x{E32}\x{E2D}\x{E19}\x{E32}\x{E04}\x{E15}\x{E08}\x{E30}\x{E40}\x{E1B}\x{E47}\x{E19}\x{E2D}\x{E22}\x{E48}\x{E32}\x{E07}\x{E44}\x{E23}"
      text run at (0,2584) width 532: "\x{E43}\x{E19}\x{E17}\x{E35}\x{E48}\x{E2A}\x{E38}\x{E14}\x{E40}\x{E18}\x{E2D}\x{E04}\x{E25}\x{E32}\x{E19}\x{E08}\x{E32}\x{E01}\x{E1E}\x{E37}\x{E49}\x{E19}\x{E2B}\x{E49}\x{E2D}\x{E07}\x{E17}\x{E35}\x{E48}\x{E42}\x{E22}\x{E01}\x{E44}\x{E1B}\x{E21}\x{E32}\x{E02}\x{E36}\x{E49}\x{E19}\x{E44}\x{E1B}\x{E1A}\x{E19}\x{E40}\x{E15}\x{E35}\x{E22}\x{E07}"
      text run at (0,2603) width 126: "\x{E41}\x{E25}\x{E49}\x{E27}\x{E01}\x{E47}\x{E19}\x{E2D}\x{E19}\x{E25}\x{E07}"
      text run at (0,2622) width 280: "\x{E42}\x{E15}\x{E42}\x{E15}\x{E49}\x{E15}\x{E32}\x{E21}\x{E15}\x{E34}\x{E14}\x{E21}\x{E32}\x{E19}\x{E2D}\x{E19}\x{E25}\x{E07}\x{E43}\x{E01}\x{E25}\x{E49}\x{E46}"
      text run at (0,2641) width 42: "\x{E40}\x{E18}\x{E2D}"
      text run at (0,2660) width 490: "\x{E44}\x{E21}\x{E48}\x{E0A}\x{E49}\x{E32}\x{E42}\x{E14}\x{E42}\x{E23}\x{E18}\x{E35}\x{E01}\x{E47}\x{E1B}\x{E34}\x{E14}\x{E15}\x{E32}\x{E25}\x{E07}\x{E2B}\x{E25}\x{E31}\x{E1A}\x{E1C}\x{E25}\x{E47}\x{E2D}\x{E22}\x{E44}\x{E1B}\x{E2D}\x{E22}\x{E48}\x{E32}\x{E07}\x{E2A}\x{E19}\x{E34}\x{E17}\x{E17}\x{E31}\x{E49}\x{E07}\x{E46}"
      text run at (0,2679) width 378: "\x{E17}\x{E35}\x{E48}\x{E1A}\x{E49}\x{E32}\x{E19}\x{E42}\x{E22}\x{E01}\x{E44}\x{E1B}\x{E21}\x{E32}\x{E41}\x{E25}\x{E30}\x{E25}\x{E21}\x{E01}\x{E47}\x{E04}\x{E23}\x{E32}\x{E07}\x{E2B}\x{E27}\x{E35}\x{E14}\x{E2B}\x{E27}\x{E37}\x{E2D}"
layer at (480,98) size 112x24396
  RenderBlock (positioned) {DIV} at (480,98) size 1x24396
    RenderText {#text} at (0,0) size 112x24396
      text run at (0,0) width 28: "\x{E1A}\x{E17}"
      text run at (0,19) width 14: "\x{E17}\x{E35}\x{E48}"
      text run at (0,38) width 14: "\x{E51}"
      text run at (0,57) width 42: "\x{E1E}\x{E32}\x{E22}\x{E38}"
      text run at (0,76) width 84: "\x{E44}\x{E0B}\x{E42}\x{E04}\x{E25}\x{E19}"
      text run at (0,95) width 70: "\x{E42}\x{E14}\x{E42}\x{E23}\x{E18}\x{E35}"
      text run at (0,114) width 56: "\x{E2D}\x{E32}\x{E28}\x{E31}\x{E22}"
      text run at (0,133) width 28: "\x{E2D}\x{E22}\x{E39}\x{E48}"
      text run at (0,152) width 42: "\x{E17}\x{E48}\x{E32}\x{E21}"
      text run at (0,171) width 56: "\x{E01}\x{E25}\x{E32}\x{E07}"
      text run at (0,190) width 28: "\x{E17}\x{E38}\x{E48}\x{E07}"
      text run at (0,209) width 42: "\x{E43}\x{E2B}\x{E0D}\x{E48}"
      text run at (0,228) width 28: "\x{E43}\x{E19}"
      text run at (0,247) width 70: "\x{E41}\x{E04}\x{E19}\x{E0B}\x{E31}\x{E2A}"
      text run at (0,266) width 28: "\x{E01}\x{E31}\x{E1A}"
      text run at (0,285) width 28: "\x{E25}\x{E38}\x{E07}"
      text run at (0,304) width 56: "\x{E40}\x{E2E}\x{E19}\x{E23}\x{E35}"
      text run at (0,323) width 42: "\x{E0A}\x{E32}\x{E27}"
      text run at (0,342) width 28: "\x{E44}\x{E23}\x{E48}"
      text run at (0,361) width 42: "\x{E41}\x{E25}\x{E30}"
      text run at (0,380) width 28: "\x{E1B}\x{E49}\x{E32}"
      text run at (0,399) width 42: "\x{E40}\x{E2D}\x{E47}\x{E21}"
      text run at (0,418) width 70: "\x{E20}\x{E23}\x{E23}\x{E22}\x{E32}"
      text run at (0,437) width 70: "\x{E0A}\x{E32}\x{E27}\x{E44}\x{E23}\x{E48}"
      text run at (0,456) width 42: "\x{E1A}\x{E49}\x{E32}\x{E19}"
      text run at (0,475) width 42: "\x{E02}\x{E2D}\x{E07}"
      text run at (0,494) width 42: "\x{E1E}\x{E27}\x{E01}"
      text run at (0,513) width 42: "\x{E40}\x{E02}\x{E32}"
      text run at (0,532) width 42: "\x{E2B}\x{E25}\x{E31}\x{E07}"
      text run at (0,551) width 42: "\x{E40}\x{E25}\x{E47}\x{E01}"
      text run at (0,570) width 70: "\x{E40}\x{E1E}\x{E23}\x{E32}\x{E30}"
      text run at (0,589) width 28: "\x{E44}\x{E21}\x{E49}"
      text run at (0,608) width 56: "\x{E2A}\x{E23}\x{E49}\x{E32}\x{E07}"
      text run at (0,627) width 42: "\x{E1A}\x{E49}\x{E32}\x{E19}"
      text run at (0,646) width 42: "\x{E15}\x{E49}\x{E2D}\x{E07}"
      text run at (0,665) width 28: "\x{E02}\x{E19}"
      text run at (0,684) width 28: "\x{E21}\x{E32}"
      text run at (0,703) width 42: "\x{E14}\x{E49}\x{E27}\x{E22}"
      text run at (0,722) width 70: "\x{E40}\x{E01}\x{E27}\x{E35}\x{E22}\x{E19}"
      text run at (0,741) width 42: "\x{E40}\x{E1B}\x{E47}\x{E19}"
      text run at (0,760) width 56: "\x{E23}\x{E30}\x{E22}\x{E30}"
      text run at (0,779) width 42: "\x{E17}\x{E32}\x{E07}"
      text run at (0,798) width 56: "\x{E2B}\x{E25}\x{E32}\x{E22}"
      text run at (0,817) width 42: "\x{E44}\x{E21}\x{E25}\x{E4C}"
      text run at (0,836) width 42: "\x{E1A}\x{E49}\x{E32}\x{E19}"
      text run at (0,855) width 14: "\x{E21}\x{E35}"
      text run at (0,874) width 14: "\x{E2A}\x{E35}\x{E48}"
      text run at (0,893) width 28: "\x{E1D}\x{E32}"
      text run at (0,912) width 14: "\x{E21}\x{E35}"
      text run at (0,931) width 28: "\x{E1E}\x{E37}\x{E49}\x{E19}"
      text run at (0,950) width 28: "\x{E01}\x{E31}\x{E1A}"
      text run at (0,969) width 70: "\x{E2B}\x{E25}\x{E31}\x{E07}\x{E04}\x{E32}"
      text run at (0,988) width 42: "\x{E23}\x{E27}\x{E21}"
      text run at (0,1007) width 28: "\x{E17}\x{E33}"
      text run at (0,1026) width 42: "\x{E40}\x{E1B}\x{E47}\x{E19}"
      text run at (0,1045) width 42: "\x{E2B}\x{E49}\x{E2D}\x{E07}"
      text run at (0,1064) width 56: "\x{E40}\x{E14}\x{E35}\x{E22}\x{E27}"
      text run at (0,1083) width 28: "\x{E43}\x{E19}"
      text run at (0,1102) width 42: "\x{E2B}\x{E49}\x{E2D}\x{E07}"
      text run at (0,1121) width 14: "\x{E21}\x{E35}"
      text run at (0,1140) width 28: "\x{E17}\x{E31}\x{E49}\x{E07}"
      text run at (0,1159) width 42: "\x{E40}\x{E15}\x{E32}"
      text run at (0,1178) width 28: "\x{E2B}\x{E38}\x{E07}"
      text run at (0,1197) width 28: "\x{E15}\x{E49}\x{E21}"
      text run at (0,1216) width 14: "\x{E17}\x{E35}\x{E48}"
      text run at (0,1235) width 42: "\x{E2A}\x{E19}\x{E34}\x{E21}"
      text run at (0,1254) width 14: "\x{E14}\x{E39}"
      text run at (0,1273) width 28: "\x{E02}\x{E36}\x{E49}\x{E19}"
      text run at (0,1292) width 56: "\x{E40}\x{E25}\x{E2D}\x{E30}"
      text run at (0,1311) width 14: "\x{E21}\x{E35}"
      text run at (0,1330) width 14: "\x{E15}\x{E39}\x{E49}"
      text run at (0,1349) width 28: "\x{E43}\x{E2A}\x{E48}"
      text run at (0,1368) width 42: "\x{E16}\x{E49}\x{E27}\x{E22}"
      text run at (0,1387) width 42: "\x{E0A}\x{E32}\x{E21}"
      text run at (0,1406) width 42: "\x{E42}\x{E15}\x{E4A}\x{E30}"
      text run at (0,1425) width 56: "\x{E40}\x{E01}\x{E49}\x{E32}\x{E2D}\x{E35}\x{E49}"
      text run at (0,1444) width 42: "\x{E2A}\x{E32}\x{E21}"
      text run at (0,1463) width 42: "\x{E2B}\x{E23}\x{E37}\x{E2D}"
      text run at (0,1482) width 14: "\x{E2A}\x{E35}\x{E48}"
      text run at (0,1501) width 28: "\x{E15}\x{E31}\x{E27}"
      text run at (0,1520) width 42: "\x{E41}\x{E25}\x{E49}\x{E27}"
      text run at (0,1539) width 14: "\x{E01}\x{E47}"
      text run at (0,1558) width 14: "\x{E21}\x{E35}"
      text run at (0,1577) width 56: "\x{E40}\x{E15}\x{E35}\x{E22}\x{E07}"
      text run at (0,1596) width 42: "\x{E19}\x{E2D}\x{E19}"
      text run at (0,1615) width 28: "\x{E25}\x{E38}\x{E07}"
      text run at (0,1634) width 56: "\x{E40}\x{E2E}\x{E19}\x{E23}\x{E35}"
      text run at (0,1653) width 28: "\x{E01}\x{E31}\x{E1A}"
      text run at (0,1672) width 28: "\x{E1B}\x{E49}\x{E32}"
      text run at (0,1691) width 42: "\x{E40}\x{E2D}\x{E47}\x{E21}"
      text run at (0,1710) width 14: "\x{E21}\x{E35}"
      text run at (0,1729) width 56: "\x{E40}\x{E15}\x{E35}\x{E22}\x{E07}"
      text run at (0,1748) width 42: "\x{E19}\x{E2D}\x{E19}"
      text run at (0,1767) width 42: "\x{E43}\x{E2B}\x{E0D}\x{E48}"
      text run at (0,1786) width 28: "\x{E2D}\x{E22}\x{E39}\x{E48}"
      text run at (0,1805) width 14: "\x{E17}\x{E35}\x{E48}"
      text run at (0,1824) width 28: "\x{E21}\x{E38}\x{E21}"
      text run at (0,1843) width 42: "\x{E2B}\x{E19}\x{E36}\x{E48}\x{E07}"
      text run at (0,1862) width 42: "\x{E2A}\x{E48}\x{E27}\x{E19}"
      text run at (0,1881) width 70: "\x{E42}\x{E14}\x{E42}\x{E23}\x{E18}\x{E35}"
      text run at (0,1900) width 14: "\x{E21}\x{E35}"
      text run at (0,1919) width 56: "\x{E40}\x{E15}\x{E35}\x{E22}\x{E07}"
      text run at (0,1938) width 42: "\x{E40}\x{E25}\x{E47}\x{E01}"
      text run at (0,1957) width 28: "\x{E2D}\x{E35}\x{E01}"
      text run at (0,1976) width 14: "\x{E17}\x{E35}\x{E48}"
      text run at (0,1995) width 28: "\x{E21}\x{E38}\x{E21}"
      text run at (0,2014) width 42: "\x{E2B}\x{E19}\x{E36}\x{E48}\x{E07}"
      text run at (0,2033) width 28: "\x{E44}\x{E21}\x{E48}"
      text run at (0,2052) width 14: "\x{E21}\x{E35}"
      text run at (0,2071) width 42: "\x{E2B}\x{E49}\x{E2D}\x{E07}"
      text run at (0,2090) width 28: "\x{E43}\x{E15}\x{E49}"
      text run at (0,2109) width 70: "\x{E40}\x{E1E}\x{E14}\x{E32}\x{E19}"
      text run at (0,2128) width 42: "\x{E40}\x{E25}\x{E22}"
      text run at (0,2147) width 42: "\x{E2B}\x{E49}\x{E2D}\x{E07}"
      text run at (0,2166) width 56: "\x{E43}\x{E15}\x{E49}\x{E16}\x{E38}\x{E19}"
      text run at (0,2185) width 14: "\x{E01}\x{E47}"
      text run at (0,2204) width 28: "\x{E44}\x{E21}\x{E48}"
      text run at (0,2223) width 14: "\x{E21}\x{E35}"
      text run at (0,2242) width 42: "\x{E40}\x{E27}\x{E49}\x{E19}"
      text run at (0,2261) width 28: "\x{E41}\x{E15}\x{E48}"
      text run at (0,2280) width 14: "\x{E21}\x{E35}"
      text run at (0,2299) width 56: "\x{E42}\x{E1E}\x{E23}\x{E07}"
      text run at (0,2318) width 56: "\x{E40}\x{E25}\x{E47}\x{E01}\x{E46}"
      text run at (0,2337) width 14: "\x{E17}\x{E35}\x{E48}"
      text run at (0,2356) width 28: "\x{E02}\x{E38}\x{E14}"
      text run at (0,2375) width 28: "\x{E44}\x{E1B}"
      text run at (0,2394) width 28: "\x{E43}\x{E15}\x{E49}"
      text run at (0,2413) width 28: "\x{E1E}\x{E37}\x{E49}\x{E19}"
      text run at (0,2432) width 56: "\x{E40}\x{E23}\x{E35}\x{E22}\x{E01}"
      text run at (0,2451) width 28: "\x{E27}\x{E48}\x{E32}"
      text run at (0,2470) width 5: "\""
      text run at (0,2489) width 56: "\x{E42}\x{E1E}\x{E23}\x{E07}"
      text run at (0,2508) width 84: "\x{E44}\x{E0B}\x{E42}\x{E04}\x{E25}\x{E19}"
      text run at (0,2527) width 5: "\""
      text run at (0,2546) width 42: "\x{E40}\x{E1B}\x{E47}\x{E19}"
      text run at (0,2565) width 14: "\x{E17}\x{E35}\x{E48}"
      text run at (0,2584) width 98: "\x{E04}\x{E23}\x{E2D}\x{E1A}\x{E04}\x{E23}\x{E31}\x{E27}"
      text run at (0,2603) width 14: "\x{E19}\x{E35}\x{E49}"
      text run at (0,2622) width 28: "\x{E08}\x{E30}"
      text run at (0,2641) width 28: "\x{E21}\x{E38}\x{E14}"
      text run at (0,2660) width 42: "\x{E40}\x{E02}\x{E49}\x{E32}"
      text run at (0,2679) width 28: "\x{E44}\x{E1B}"
      text run at (0,2698) width 42: "\x{E40}\x{E21}\x{E37}\x{E48}\x{E2D}"
      text run at (0,2717) width 42: "\x{E40}\x{E01}\x{E34}\x{E14}"
      text run at (0,2736) width 28: "\x{E25}\x{E21}"
      text run at (0,2755) width 70: "\x{E21}\x{E2B}\x{E32}\x{E20}\x{E31}\x{E22}"
      text run at (0,2774) width 28: "\x{E0B}\x{E36}\x{E48}\x{E07}"
      text run at (0,2793) width 84: "\x{E01}\x{E23}\x{E30}\x{E42}\x{E0A}\x{E01}"
      text run at (0,2812) width 42: "\x{E41}\x{E23}\x{E07}"
      text run at (0,2831) width 28: "\x{E08}\x{E19}"
      text run at (0,2850) width 28: "\x{E1A}\x{E14}"
      text run at (0,2869) width 28: "\x{E02}\x{E22}\x{E35}\x{E49}"
      text run at (0,2888) width 28: "\x{E2A}\x{E34}\x{E48}\x{E07}"
      text run at (0,2907) width 28: "\x{E01}\x{E48}\x{E2D}"
      text run at (0,2926) width 56: "\x{E2A}\x{E23}\x{E49}\x{E32}\x{E07}"
      text run at (0,2945) width 28: "\x{E43}\x{E14}"
      text run at (0,2964) width 14: "\x{E46}"
      text run at (0,2983) width 14: "\x{E17}\x{E35}\x{E48}"
      text run at (0,3002) width 56: "\x{E02}\x{E27}\x{E32}\x{E07}"
      text run at (0,3021) width 42: "\x{E17}\x{E32}\x{E07}"
      text run at (0,3040) width 28: "\x{E21}\x{E31}\x{E19}"
      text run at (0,3059) width 28: "\x{E44}\x{E14}\x{E49}"
      text run at (0,3078) width 42: "\x{E15}\x{E23}\x{E07}"
      text run at (0,3097) width 56: "\x{E01}\x{E25}\x{E32}\x{E07}"
      text run at (0,3116) width 28: "\x{E1E}\x{E37}\x{E49}\x{E19}"
      text run at (0,3135) width 14: "\x{E21}\x{E35}"
      text run at (0,3154) width 28: "\x{E1D}\x{E32}"
      text run at (0,3173) width 42: "\x{E40}\x{E1B}\x{E34}\x{E14}"
      text run at (0,3192) width 42: "\x{E40}\x{E02}\x{E49}\x{E32}"
      text run at (0,3211) width 28: "\x{E44}\x{E1B}"
      text run at (0,3230) width 42: "\x{E08}\x{E32}\x{E01}"
      text run at (0,3249) width 28: "\x{E19}\x{E31}\x{E49}\x{E19}"
      text run at (0,3268) width 14: "\x{E21}\x{E35}"
      text run at (0,3287) width 56: "\x{E1A}\x{E31}\x{E19}\x{E44}\x{E14}"
      text run at (0,3306) width 28: "\x{E25}\x{E07}"
      text run at (0,3325) width 28: "\x{E44}\x{E1B}"
      text run at (0,3344) width 28: "\x{E16}\x{E36}\x{E07}"
      text run at (0,3363) width 56: "\x{E42}\x{E1E}\x{E23}\x{E07}"
      text run at (0,3382) width 28: "\x{E21}\x{E37}\x{E14}"
      text run at (0,3401) width 42: "\x{E40}\x{E25}\x{E47}\x{E01}"
      text run at (0,3420) width 14: "\x{E46}"
      text run at (0,3439) width 42: "\x{E40}\x{E21}\x{E37}\x{E48}\x{E2D}"
      text run at (0,3458) width 70: "\x{E42}\x{E14}\x{E42}\x{E23}\x{E18}\x{E35}"
      text run at (0,3477) width 28: "\x{E22}\x{E37}\x{E19}"
      text run at (0,3496) width 14: "\x{E17}\x{E35}\x{E48}"
      text run at (0,3515) width 42: "\x{E1B}\x{E32}\x{E01}"
      text run at (0,3534) width 56: "\x{E1B}\x{E23}\x{E30}\x{E15}\x{E39}"
      text run at (0,3553) width 42: "\x{E41}\x{E25}\x{E30}"
      text run at (0,3572) width 42: "\x{E21}\x{E2D}\x{E07}"
      text run at (0,3591) width 28: "\x{E44}\x{E1B}"
      text run at (0,3610) width 42: "\x{E23}\x{E2D}\x{E1A}"
      text run at (0,3629) width 14: "\x{E46}"
      text run at (0,3648) width 42: "\x{E40}\x{E18}\x{E2D}"
      text run at (0,3667) width 28: "\x{E44}\x{E21}\x{E48}"
      text run at (0,3686) width 42: "\x{E40}\x{E2B}\x{E47}\x{E19}"
      text run at (0,3705) width 56: "\x{E2D}\x{E30}\x{E44}\x{E23}"
      text run at (0,3724) width 42: "\x{E19}\x{E2D}\x{E01}"
      text run at (0,3743) width 42: "\x{E08}\x{E32}\x{E01}"
      text run at (0,3762) width 42: "\x{E17}\x{E49}\x{E2D}\x{E07}"
      text run at (0,3781) width 28: "\x{E17}\x{E38}\x{E48}\x{E07}"
      text run at (0,3800) width 56: "\x{E01}\x{E27}\x{E49}\x{E32}\x{E07}"
      text run at (0,3819) width 14: "\x{E2A}\x{E35}"
      text run at (0,3838) width 42: "\x{E40}\x{E17}\x{E32}"
      text run at (0,3857) width 42: "\x{E2B}\x{E21}\x{E48}\x{E19}"
      text run at (0,3876) width 28: "\x{E17}\x{E31}\x{E48}\x{E27}"
      text run at (0,3895) width 28: "\x{E17}\x{E38}\x{E01}"
      text run at (0,3914) width 42: "\x{E14}\x{E49}\x{E32}\x{E19}"
      text run at (0,3933) width 28: "\x{E44}\x{E21}\x{E48}"
      text run at (0,3952) width 14: "\x{E21}\x{E35}"
      text run at (0,3971) width 28: "\x{E41}\x{E21}\x{E49}"
      text run at (0,3990) width 56: "\x{E15}\x{E49}\x{E19}\x{E44}\x{E21}\x{E49}"
      text run at (0,4009) width 28: "\x{E2A}\x{E31}\x{E01}"
      text run at (0,4028) width 28: "\x{E15}\x{E49}\x{E19}"
      text run at (0,4047) width 42: "\x{E2B}\x{E23}\x{E37}\x{E2D}"
      text run at (0,4066) width 42: "\x{E1A}\x{E49}\x{E32}\x{E19}"
      text run at (0,4085) width 28: "\x{E2A}\x{E31}\x{E01}"
      text run at (0,4104) width 42: "\x{E2B}\x{E25}\x{E31}\x{E07}"
      text run at (0,4123) width 14: "\x{E17}\x{E35}\x{E48}"
      text run at (0,4142) width 42: "\x{E42}\x{E1C}\x{E25}\x{E48}"
      text run at (0,4161) width 28: "\x{E1E}\x{E49}\x{E19}"
      text run at (0,4180) width 28: "\x{E20}\x{E39}\x{E21}\x{E34}"
      text run at (0,4199) width 84: "\x{E1B}\x{E23}\x{E30}\x{E40}\x{E17}\x{E28}"
      text run at (0,4218) width 28: "\x{E2D}\x{E31}\x{E19}"
      text run at (0,4237) width 42: "\x{E23}\x{E32}\x{E1A}"
      text run at (0,4256) width 56: "\x{E40}\x{E23}\x{E35}\x{E22}\x{E1A}"
      text run at (0,4275) width 28: "\x{E41}\x{E1C}\x{E48}"
      text run at (0,4294) width 28: "\x{E44}\x{E1B}"
      text run at (0,4313) width 42: "\x{E44}\x{E01}\x{E25}"
      text run at (0,4332) width 28: "\x{E08}\x{E19}"
      text run at (0,4351) width 28: "\x{E08}\x{E14}"
      text run at (0,4370) width 42: "\x{E02}\x{E2D}\x{E1A}"
      text run at (0,4389) width 28: "\x{E1F}\x{E49}\x{E32}"
      text run at (0,4408) width 28: "\x{E17}\x{E31}\x{E48}\x{E27}"
      text run at (0,4427) width 28: "\x{E17}\x{E38}\x{E01}"
      text run at (0,4446) width 28: "\x{E17}\x{E34}\x{E28}"
      text run at (0,4465) width 42: "\x{E14}\x{E27}\x{E07}"
      text run at (0,4484) width 56: "\x{E15}\x{E30}\x{E27}\x{E31}\x{E19}"
      text run at (0,4503) width 42: "\x{E40}\x{E1C}\x{E32}"
      text run at (0,4522) width 28: "\x{E1C}\x{E37}\x{E19}"
      text run at (0,4541) width 28: "\x{E14}\x{E34}\x{E19}"
      text run at (0,4560) width 14: "\x{E17}\x{E35}\x{E48}"
      text run at (0,4579) width 28: "\x{E44}\x{E16}"
      text run at (0,4598) width 42: "\x{E41}\x{E25}\x{E49}\x{E27}"
      text run at (0,4617) width 28: "\x{E08}\x{E19}"
      text run at (0,4636) width 56: "\x{E01}\x{E25}\x{E32}\x{E22}"
      text run at (0,4655) width 42: "\x{E40}\x{E1B}\x{E47}\x{E19}"
      text run at (0,4674) width 42: "\x{E41}\x{E1C}\x{E48}\x{E19}"
      text run at (0,4693) width 56: "\x{E21}\x{E2B}\x{E36}\x{E21}\x{E32}"
      text run at (0,4712) width 14: "\x{E2A}\x{E35}"
      text run at (0,4731) width 28: "\x{E14}\x{E33}"
      text run at (0,4750) width 14: "\x{E21}\x{E35}"
      text run at (0,4769) width 42: "\x{E23}\x{E2D}\x{E22}"
      text run at (0,4788) width 112: "\x{E41}\x{E15}\x{E01}\x{E23}\x{E30}\x{E41}\x{E2B}\x{E07}"
      text run at (0,4807) width 28: "\x{E2D}\x{E22}\x{E39}\x{E48}"
      text run at (0,4826) width 56: "\x{E15}\x{E25}\x{E2D}\x{E14}"
      text run at (0,4845) width 56: "\x{E41}\x{E21}\x{E49}\x{E41}\x{E15}\x{E48}"
      text run at (0,4864) width 42: "\x{E2B}\x{E0D}\x{E49}\x{E32}"
      text run at (0,4883) width 14: "\x{E01}\x{E47}"
      text run at (0,4902) width 28: "\x{E44}\x{E21}\x{E48}"
      text run at (0,4921) width 56: "\x{E40}\x{E02}\x{E35}\x{E22}\x{E27}"
      text run at (0,4940) width 70: "\x{E40}\x{E1E}\x{E23}\x{E32}\x{E30}"
      text run at (0,4959) width 42: "\x{E14}\x{E27}\x{E07}"
      text run at (0,4978) width 56: "\x{E15}\x{E30}\x{E27}\x{E31}\x{E19}"
      text run at (0,4997) width 42: "\x{E40}\x{E1C}\x{E32}"
      text run at (0,5016) width 42: "\x{E22}\x{E2D}\x{E14}"
      text run at (0,5035) width 28: "\x{E43}\x{E1A}"
      text run at (0,5054) width 42: "\x{E22}\x{E32}\x{E27}"
      text run at (0,5073) width 42: "\x{E40}\x{E2A}\x{E35}\x{E22}"
      text run at (0,5092) width 28: "\x{E08}\x{E19}"
      text run at (0,5111) width 42: "\x{E40}\x{E1B}\x{E47}\x{E19}"
      text run at (0,5130) width 14: "\x{E2A}\x{E35}"
      text run at (0,5149) width 42: "\x{E40}\x{E17}\x{E32}"
      text run at (0,5168) width 42: "\x{E2B}\x{E21}\x{E48}\x{E19}"
      text run at (0,5187) width 42: "\x{E21}\x{E2D}\x{E07}"
      text run at (0,5206) width 42: "\x{E40}\x{E2B}\x{E47}\x{E19}"
      text run at (0,5225) width 28: "\x{E2D}\x{E22}\x{E39}\x{E48}"
      text run at (0,5244) width 28: "\x{E17}\x{E31}\x{E48}\x{E27}"
      text run at (0,5263) width 28: "\x{E44}\x{E1B}"
      text run at (0,5282) width 42: "\x{E04}\x{E23}\x{E31}\x{E49}\x{E07}"
      text run at (0,5301) width 42: "\x{E2B}\x{E19}\x{E36}\x{E48}\x{E07}"
      text run at (0,5320) width 42: "\x{E40}\x{E04}\x{E22}"
      text run at (0,5339) width 28: "\x{E17}\x{E32}"
      text run at (0,5358) width 14: "\x{E2A}\x{E35}"
      text run at (0,5377) width 112: "\x{E1A}\x{E49}\x{E32}\x{E19}\x{E40}\x{E2D}\x{E32}\x{E44}\x{E27}\x{E49}"
      text run at (0,5396) width 28: "\x{E41}\x{E15}\x{E48}"
      text run at (0,5415) width 14: "\x{E01}\x{E47}"
      text run at (0,5434) width 28: "\x{E16}\x{E39}\x{E01}"
      text run at (0,5453) width 42: "\x{E14}\x{E27}\x{E07}"
      text run at (0,5472) width 56: "\x{E15}\x{E30}\x{E27}\x{E31}\x{E19}"
      text run at (0,5491) width 42: "\x{E40}\x{E1C}\x{E32}"
      text run at (0,5510) width 42: "\x{E40}\x{E2A}\x{E35}\x{E22}"
      text run at (0,5529) width 28: "\x{E08}\x{E19}"
      text run at (0,5548) width 14: "\x{E2A}\x{E35}"
      text run at (0,5567) width 42: "\x{E1E}\x{E2D}\x{E07}"
      text run at (0,5586) width 42: "\x{E41}\x{E25}\x{E49}\x{E27}"
      text run at (0,5605) width 28: "\x{E1D}\x{E19}"
      text run at (0,5624) width 14: "\x{E01}\x{E47}"
      text run at (0,5643) width 56: "\x{E0A}\x{E30}\x{E21}\x{E31}\x{E19}"
      text run at (0,5662) width 42: "\x{E2B}\x{E25}\x{E38}\x{E14}"
      text run at (0,5681) width 28: "\x{E44}\x{E1B}"
      text run at (0,5700) width 28: "\x{E08}\x{E19}"
      text run at (0,5719) width 42: "\x{E2B}\x{E21}\x{E14}"
      text run at (0,5738) width 42: "\x{E41}\x{E25}\x{E30}"
      text run at (0,5757) width 42: "\x{E15}\x{E2D}\x{E19}"
      text run at (0,5776) width 14: "\x{E19}\x{E35}\x{E49}"
      text run at (0,5795) width 42: "\x{E1A}\x{E49}\x{E32}\x{E19}"
      text run at (0,5814) width 28: "\x{E08}\x{E36}\x{E07}"
      text run at (0,5833) width 14: "\x{E14}\x{E39}"
      text run at (0,5852) width 98: "\x{E2B}\x{E21}\x{E48}\x{E19}\x{E2B}\x{E21}\x{E2D}\x{E07}"
      text run at (0,5871) width 42: "\x{E40}\x{E1B}\x{E47}\x{E19}"
      text run at (0,5890) width 14: "\x{E2A}\x{E35}"
      text run at (0,5909) width 42: "\x{E40}\x{E17}\x{E32}"
      text run at (0,5928) width 70: "\x{E40}\x{E2B}\x{E21}\x{E37}\x{E2D}\x{E19}"
      text run at (0,5947) width 28: "\x{E2A}\x{E34}\x{E48}\x{E07}"
      text run at (0,5966) width 28: "\x{E2D}\x{E37}\x{E48}\x{E19}"
      text run at (0,5985) width 14: "\x{E46}"
      text run at (0,6004) width 42: "\x{E14}\x{E49}\x{E27}\x{E22}"
      text run at (0,6023) width 42: "\x{E15}\x{E2D}\x{E19}"
      text run at (0,6042) width 14: "\x{E17}\x{E35}\x{E48}"
      text run at (0,6061) width 28: "\x{E1B}\x{E49}\x{E32}"
      text run at (0,6080) width 42: "\x{E40}\x{E2D}\x{E47}\x{E21}"
      text run at (0,6099) width 42: "\x{E22}\x{E49}\x{E32}\x{E22}"
      text run at (0,6118) width 28: "\x{E21}\x{E32}"
      text run at (0,6137) width 28: "\x{E2D}\x{E22}\x{E39}\x{E48}"
      text run at (0,6156) width 14: "\x{E17}\x{E35}\x{E48}"
      text run at (0,6175) width 14: "\x{E19}\x{E35}\x{E48}"
      text run at (0,6194) width 42: "\x{E40}\x{E18}\x{E2D}"
      text run at (0,6213) width 28: "\x{E22}\x{E31}\x{E07}"
      text run at (0,6232) width 42: "\x{E2A}\x{E32}\x{E27}"
      text run at (0,6251) width 42: "\x{E40}\x{E1B}\x{E47}\x{E19}"
      text run at (0,6270) width 70: "\x{E20}\x{E23}\x{E23}\x{E22}\x{E32}"
      text run at (0,6289) width 14: "\x{E17}\x{E35}\x{E48}"
      text run at (0,6308) width 70: "\x{E07}\x{E14}\x{E07}\x{E32}\x{E21}"
      text run at (0,6327) width 42: "\x{E41}\x{E25}\x{E49}\x{E27}"
      text run at (0,6346) width 42: "\x{E41}\x{E14}\x{E14}"
      text run at (0,6365) width 42: "\x{E41}\x{E25}\x{E30}"
      text run at (0,6384) width 28: "\x{E25}\x{E21}"
      text run at (0,6403) width 14: "\x{E01}\x{E47}"
      text run at (0,6422) width 28: "\x{E44}\x{E14}\x{E49}"
      text run at (0,6441) width 70: "\x{E40}\x{E1B}\x{E25}\x{E35}\x{E48}\x{E22}\x{E19}"
      text run at (0,6460) width 42: "\x{E40}\x{E18}\x{E2D}"
      text run at (0,6479) width 28: "\x{E44}\x{E1B}"
      text run at (0,6498) width 42: "\x{E40}\x{E2D}\x{E32}"
      text run at (0,6517) width 84: "\x{E1B}\x{E23}\x{E30}\x{E01}\x{E32}\x{E22}"
      text run at (0,6536) width 28: "\x{E44}\x{E1B}"
      text run at (0,6555) width 42: "\x{E08}\x{E32}\x{E01}"
      text run at (0,6574) width 70: "\x{E14}\x{E27}\x{E07}\x{E15}\x{E32}"
      text run at (0,6593) width 42: "\x{E40}\x{E18}\x{E2D}"
      text run at (0,6612) width 56: "\x{E1B}\x{E25}\x{E48}\x{E2D}\x{E22}"
      text run at (0,6631) width 28: "\x{E44}\x{E27}\x{E49}"
      text run at (0,6650) width 28: "\x{E41}\x{E15}\x{E48}"
      text run at (0,6669) width 56: "\x{E04}\x{E27}\x{E32}\x{E21}"
      text run at (0,6688) width 42: "\x{E2A}\x{E38}\x{E02}\x{E38}\x{E21}"
      text run at (0,6707) width 56: "\x{E2D}\x{E22}\x{E48}\x{E32}\x{E07}"
      text run at (0,6726) width 98: "\x{E2B}\x{E21}\x{E48}\x{E19}\x{E2B}\x{E21}\x{E2D}\x{E07}"
      text run at (0,6745) width 42: "\x{E40}\x{E2D}\x{E32}"
      text run at (0,6764) width 14: "\x{E2A}\x{E35}"
      text run at (0,6783) width 42: "\x{E41}\x{E14}\x{E07}"
      text run at (0,6802) width 42: "\x{E08}\x{E32}\x{E01}"
      text run at (0,6821) width 42: "\x{E41}\x{E01}\x{E49}\x{E21}"
      text run at (0,6840) width 42: "\x{E41}\x{E25}\x{E30}"
      text run at (0,6859) width 84: "\x{E23}\x{E34}\x{E21}\x{E1D}\x{E35}\x{E1B}\x{E32}\x{E01}"
      text run at (0,6878) width 42: "\x{E40}\x{E18}\x{E2D}"
      text run at (0,6897) width 28: "\x{E44}\x{E1B}"
      text run at (0,6916) width 56: "\x{E01}\x{E25}\x{E32}\x{E22}"
      text run at (0,6935) width 42: "\x{E40}\x{E1B}\x{E47}\x{E19}"
      text run at (0,6954) width 14: "\x{E2A}\x{E35}"
      text run at (0,6973) width 42: "\x{E2B}\x{E21}\x{E48}\x{E19}"
      text run at (0,6992) width 14: "\x{E46}"
      text run at (0,7011) width 70: "\x{E40}\x{E2B}\x{E21}\x{E37}\x{E2D}\x{E19}"
      text run at (0,7030) width 28: "\x{E01}\x{E31}\x{E19}"
      text run at (0,7049) width 42: "\x{E40}\x{E18}\x{E2D}"
      text run at (0,7068) width 42: "\x{E1C}\x{E2D}\x{E21}"
      text run at (0,7087) width 42: "\x{E41}\x{E25}\x{E30}"
      text run at (0,7106) width 42: "\x{E2B}\x{E25}\x{E31}\x{E07}"
      text run at (0,7125) width 42: "\x{E42}\x{E04}\x{E49}\x{E07}"
      text run at (0,7144) width 42: "\x{E41}\x{E25}\x{E30}"
      text run at (0,7163) width 56: "\x{E40}\x{E14}\x{E35}\x{E4B}\x{E22}\x{E27}"
      text run at (0,7182) width 14: "\x{E19}\x{E35}\x{E49}"
      text run at (0,7201) width 28: "\x{E44}\x{E21}\x{E48}"
      text run at (0,7220) width 42: "\x{E40}\x{E04}\x{E22}"
      text run at (0,7239) width 28: "\x{E22}\x{E34}\x{E49}\x{E21}"
      text run at (0,7258) width 42: "\x{E40}\x{E25}\x{E22}"
      text run at (0,7277) width 42: "\x{E40}\x{E21}\x{E37}\x{E48}\x{E2D}"
      text run at (0,7296) width 70: "\x{E42}\x{E14}\x{E42}\x{E23}\x{E18}\x{E35}"
      text run at (0,7315) width 28: "\x{E0B}\x{E36}\x{E48}\x{E07}"
      text run at (0,7334) width 42: "\x{E40}\x{E1B}\x{E47}\x{E19}"
      text run at (0,7353) width 42: "\x{E40}\x{E14}\x{E47}\x{E01}"
      text run at (0,7372) width 70: "\x{E01}\x{E33}\x{E1E}\x{E23}\x{E49}\x{E32}"
      text run at (0,7391) width 28: "\x{E21}\x{E32}"
      text run at (0,7410) width 28: "\x{E2D}\x{E22}\x{E39}\x{E48}"
      text run at (0,7429) width 28: "\x{E01}\x{E31}\x{E1A}"
      text run at (0,7448) width 42: "\x{E40}\x{E18}\x{E2D}"
      text run at (0,7467) width 42: "\x{E15}\x{E2D}\x{E19}"
      text run at (0,7486) width 42: "\x{E41}\x{E23}\x{E01}"
      text run at (0,7505) width 28: "\x{E1B}\x{E49}\x{E32}"
      text run at (0,7524) width 42: "\x{E40}\x{E2D}\x{E47}\x{E21}"
      text run at (0,7543) width 28: "\x{E15}\x{E37}\x{E48}\x{E19}"
      text run at (0,7562) width 42: "\x{E40}\x{E15}\x{E49}\x{E19}"
      text run at (0,7581) width 28: "\x{E01}\x{E31}\x{E1A}"
      text run at (0,7600) width 56: "\x{E40}\x{E2A}\x{E35}\x{E22}\x{E07}"
      text run at (0,7619) width 84: "\x{E2B}\x{E31}\x{E27}\x{E40}\x{E23}\x{E32}\x{E30}"
      text run at (0,7638) width 42: "\x{E02}\x{E2D}\x{E07}"
      text run at (0,7657) width 42: "\x{E40}\x{E14}\x{E47}\x{E01}"
      text run at (0,7676) width 42: "\x{E19}\x{E49}\x{E2D}\x{E22}"
      text run at (0,7695) width 42: "\x{E21}\x{E32}\x{E01}"
      text run at (0,7714) width 42: "\x{E40}\x{E18}\x{E2D}"
      text run at (0,7733) width 56: "\x{E08}\x{E30}\x{E2A}\x{E48}\x{E07}"
      text run at (0,7752) width 56: "\x{E40}\x{E2A}\x{E35}\x{E22}\x{E07}"
      text run at (0,7771) width 42: "\x{E23}\x{E49}\x{E2D}\x{E07}"
      text run at (0,7790) width 42: "\x{E41}\x{E25}\x{E49}\x{E27}"
      text run at (0,7809) width 42: "\x{E40}\x{E2D}\x{E32}"
      text run at (0,7828) width 28: "\x{E21}\x{E37}\x{E2D}"
      text run at (0,7847) width 42: "\x{E17}\x{E32}\x{E1A}"
      text run at (0,7866) width 28: "\x{E2D}\x{E01}"
      text run at (0,7885) width 28: "\x{E17}\x{E38}\x{E01}"
      text run at (0,7904) width 42: "\x{E04}\x{E23}\x{E31}\x{E49}\x{E07}"
      text run at (0,7923) width 14: "\x{E17}\x{E35}\x{E48}"
      text run at (0,7942) width 56: "\x{E40}\x{E2A}\x{E35}\x{E22}\x{E07}"
      text run at (0,7961) width 28: "\x{E2D}\x{E31}\x{E19}"
      text run at (0,7980) width 70: "\x{E23}\x{E48}\x{E32}\x{E40}\x{E23}\x{E34}\x{E07}"
      text run at (0,7999) width 42: "\x{E02}\x{E2D}\x{E07}"
      text run at (0,8018) width 70: "\x{E42}\x{E14}\x{E42}\x{E23}\x{E18}\x{E35}"
      text run at (0,8037) width 42: "\x{E40}\x{E02}\x{E49}\x{E32}"
      text run at (0,8056) width 14: "\x{E2B}\x{E39}"
      text run at (0,8075) width 42: "\x{E40}\x{E18}\x{E2D}"
      text run at (0,8094) width 42: "\x{E41}\x{E25}\x{E30}"
      text run at (0,8113) width 42: "\x{E40}\x{E18}\x{E2D}"
      text run at (0,8132) width 42: "\x{E40}\x{E1D}\x{E49}\x{E32}"
      text run at (0,8151) width 42: "\x{E21}\x{E2D}\x{E07}"
      text run at (0,8170) width 42: "\x{E40}\x{E14}\x{E47}\x{E01}"
      text run at (0,8189) width 42: "\x{E2B}\x{E0D}\x{E34}\x{E07}"
      text run at (0,8208) width 42: "\x{E19}\x{E49}\x{E2D}\x{E22}"
      text run at (0,8227) width 14: "\x{E46}"
      text run at (0,8246) width 42: "\x{E14}\x{E49}\x{E27}\x{E22}"
      text run at (0,8265) width 56: "\x{E04}\x{E27}\x{E32}\x{E21}"
      text run at (0,8284) width 98: "\x{E1B}\x{E23}\x{E30}\x{E2B}\x{E25}\x{E32}\x{E14}"
      text run at (0,8303) width 28: "\x{E43}\x{E08}"
      text run at (0,8322) width 42: "\x{E14}\x{E49}\x{E27}\x{E22}"
      text run at (0,8341) width 28: "\x{E22}\x{E31}\x{E07}"
      text run at (0,8360) width 28: "\x{E2B}\x{E32}"
      text run at (0,8379) width 56: "\x{E2D}\x{E30}\x{E44}\x{E23}"
      text run at (0,8398) width 28: "\x{E21}\x{E32}"
      text run at (0,8417) width 42: "\x{E40}\x{E1B}\x{E47}\x{E19}"
      text run at (0,8436) width 56: "\x{E40}\x{E23}\x{E37}\x{E48}\x{E2D}\x{E07}"
      text run at (0,8455) width 84: "\x{E2B}\x{E31}\x{E27}\x{E40}\x{E23}\x{E32}\x{E30}"
      text run at (0,8474) width 28: "\x{E44}\x{E14}\x{E49}"
      text run at (0,8493) width 28: "\x{E25}\x{E38}\x{E07}"
      text run at (0,8512) width 56: "\x{E40}\x{E2E}\x{E19}\x{E23}\x{E35}"
      text run at (0,8531) width 28: "\x{E44}\x{E21}\x{E48}"
      text run at (0,8550) width 42: "\x{E40}\x{E04}\x{E22}"
      text run at (0,8569) width 84: "\x{E2B}\x{E31}\x{E27}\x{E40}\x{E23}\x{E32}\x{E30}"
      text run at (0,8588) width 28: "\x{E25}\x{E38}\x{E07}"
      text run at (0,8607) width 70: "\x{E17}\x{E33}\x{E07}\x{E32}\x{E19}"
      text run at (0,8626) width 42: "\x{E2B}\x{E19}\x{E31}\x{E01}"
      text run at (0,8645) width 42: "\x{E08}\x{E32}\x{E01}"
      text run at (0,8664) width 42: "\x{E40}\x{E0A}\x{E49}\x{E32}"
      text run at (0,8683) width 28: "\x{E22}\x{E31}\x{E19}"
      text run at (0,8702) width 28: "\x{E04}\x{E48}\x{E33}"
      text run at (0,8721) width 42: "\x{E41}\x{E25}\x{E30}"
      text run at (0,8740) width 28: "\x{E44}\x{E21}\x{E48}"
      text run at (0,8759) width 42: "\x{E40}\x{E04}\x{E22}"
      text run at (0,8778) width 42: "\x{E23}\x{E39}\x{E49}\x{E08}\x{E31}\x{E01}"
      text run at (0,8797) width 28: "\x{E27}\x{E48}\x{E32}"
      text run at (0,8816) width 56: "\x{E04}\x{E27}\x{E32}\x{E21}"
      text run at (0,8835) width 70: "\x{E23}\x{E48}\x{E32}\x{E40}\x{E23}\x{E34}\x{E07}"
      text run at (0,8854) width 28: "\x{E04}\x{E37}\x{E2D}"
      text run at (0,8873) width 56: "\x{E2D}\x{E30}\x{E44}\x{E23}"
      text run at (0,8892) width 28: "\x{E25}\x{E38}\x{E07}"
      text run at (0,8911) width 14: "\x{E14}\x{E39}"
      text run at (0,8930) width 98: "\x{E2B}\x{E21}\x{E48}\x{E19}\x{E2B}\x{E21}\x{E2D}\x{E07}"
      text run at (0,8949) width 28: "\x{E44}\x{E1B}"
      text run at (0,8968) width 42: "\x{E2B}\x{E21}\x{E14}"
      text run at (0,8987) width 28: "\x{E15}\x{E31}\x{E49}\x{E07}"
      text run at (0,9006) width 28: "\x{E41}\x{E15}\x{E48}"
      text run at (0,9025) width 56: "\x{E40}\x{E04}\x{E23}\x{E32}"
      text run at (0,9044) width 42: "\x{E22}\x{E32}\x{E27}"
      text run at (0,9063) width 28: "\x{E08}\x{E19}"
      text run at (0,9082) width 28: "\x{E08}\x{E14}"
      text run at (0,9101) width 84: "\x{E23}\x{E2D}\x{E07}\x{E40}\x{E17}\x{E49}\x{E32}"
      text run at (0,9120) width 28: "\x{E1A}\x{E39}\x{E15}"
      text run at (0,9139) width 28: "\x{E2D}\x{E31}\x{E19}"
      text run at (0,9158) width 56: "\x{E2B}\x{E22}\x{E32}\x{E1A}"
      text run at (0,9177) width 42: "\x{E41}\x{E25}\x{E49}\x{E27}"
      text run at (0,9196) width 28: "\x{E25}\x{E38}\x{E07}"
      text run at (0,9215) width 14: "\x{E01}\x{E47}"
      text run at (0,9234) width 14: "\x{E14}\x{E39}"
      text run at (0,9253) width 98: "\x{E40}\x{E04}\x{E23}\x{E48}\x{E07}\x{E02}\x{E23}\x{E36}\x{E21}"
      text run at (0,9272) width 28: "\x{E19}\x{E48}\x{E32}"
      text run at (0,9291) width 98: "\x{E40}\x{E01}\x{E23}\x{E07}\x{E02}\x{E32}\x{E21}"
      text run at (0,9310) width 28: "\x{E44}\x{E21}\x{E48}"
      text run at (0,9329) width 42: "\x{E04}\x{E48}\x{E2D}\x{E22}"
      text run at (0,9348) width 28: "\x{E08}\x{E30}"
      text run at (0,9367) width 28: "\x{E1E}\x{E39}\x{E14}"
      text run at (0,9386) width 14: "\x{E21}\x{E35}"
      text run at (0,9405) width 56: "\x{E42}\x{E15}\x{E42}\x{E15}\x{E49}"
      text run at (0,9424) width 14: "\x{E17}\x{E35}\x{E48}"
      text run at (0,9443) width 28: "\x{E17}\x{E33}"
      text run at (0,9462) width 28: "\x{E43}\x{E2B}\x{E49}"
      text run at (0,9481) width 70: "\x{E42}\x{E14}\x{E42}\x{E23}\x{E18}\x{E35}"
      text run at (0,9500) width 84: "\x{E2B}\x{E31}\x{E27}\x{E40}\x{E23}\x{E32}\x{E30}"
      text run at (0,9519) width 28: "\x{E44}\x{E14}\x{E49}"
      text run at (0,9538) width 42: "\x{E41}\x{E25}\x{E30}"
      text run at (0,9557) width 42: "\x{E0A}\x{E48}\x{E27}\x{E22}"
      text run at (0,9576) width 42: "\x{E40}\x{E18}\x{E2D}"
      text run at (0,9595) width 28: "\x{E43}\x{E2B}\x{E49}"
      text run at (0,9614) width 28: "\x{E1E}\x{E49}\x{E19}"
      text run at (0,9633) width 42: "\x{E08}\x{E32}\x{E01}"
      text run at (0,9652) width 42: "\x{E01}\x{E32}\x{E23}"
      text run at (0,9671) width 56: "\x{E01}\x{E25}\x{E32}\x{E22}"
      text run at (0,9690) width 42: "\x{E40}\x{E1B}\x{E47}\x{E19}"
      text run at (0,9709) width 14: "\x{E2A}\x{E35}"
      text run at (0,9728) width 42: "\x{E40}\x{E17}\x{E32}"
      text run at (0,9747) width 112: "\x{E2B}\x{E21}\x{E48}\x{E19}\x{E40}\x{E2B}\x{E21}\x{E37}\x{E2D}\x{E19}"
      text run at (0,9766) width 28: "\x{E01}\x{E31}\x{E1A}"
      text run at (0,9785) width 28: "\x{E2A}\x{E34}\x{E48}\x{E07}"
      text run at (0,9804) width 42: "\x{E23}\x{E2D}\x{E1A}"
      text run at (0,9823) width 28: "\x{E15}\x{E31}\x{E27}"
      text run at (0,9842) width 28: "\x{E2D}\x{E37}\x{E48}\x{E19}"
      text run at (0,9861) width 14: "\x{E46}"
      text run at (0,9880) width 56: "\x{E42}\x{E15}\x{E42}\x{E15}\x{E49}"
      text run at (0,9899) width 14: "\x{E2A}\x{E35}"
      text run at (0,9918) width 28: "\x{E44}\x{E21}\x{E48}"
      text run at (0,9937) width 42: "\x{E40}\x{E17}\x{E32}"
      text run at (0,9956) width 42: "\x{E2B}\x{E21}\x{E48}\x{E19}"
      text run at (0,9975) width 28: "\x{E41}\x{E15}\x{E48}"
      text run at (0,9994) width 28: "\x{E21}\x{E31}\x{E19}"
      text run at (0,10013) width 42: "\x{E40}\x{E1B}\x{E47}\x{E19}"
      text run at (0,10032) width 42: "\x{E2B}\x{E21}\x{E32}"
      text run at (0,10051) width 14: "\x{E2A}\x{E35}"
      text run at (0,10070) width 28: "\x{E14}\x{E33}"
      text run at (0,10089) width 28: "\x{E15}\x{E31}\x{E27}"
      text run at (0,10108) width 42: "\x{E19}\x{E49}\x{E2D}\x{E22}"
      text run at (0,10127) width 14: "\x{E46}"
      text run at (0,10146) width 28: "\x{E02}\x{E19}"
      text run at (0,10165) width 42: "\x{E22}\x{E32}\x{E27}"
      text run at (0,10184) width 28: "\x{E1B}\x{E38}\x{E22}"
      text run at (0,10203) width 42: "\x{E23}\x{E32}\x{E27}"
      text run at (0,10222) width 28: "\x{E01}\x{E31}\x{E1A}"
      text run at (0,10241) width 42: "\x{E44}\x{E2B}\x{E21}"
      text run at (0,10260) width 14: "\x{E21}\x{E35}"
      text run at (0,10279) width 28: "\x{E15}\x{E32}"
      text run at (0,10298) width 28: "\x{E14}\x{E33}"
      text run at (0,10317) width 42: "\x{E40}\x{E25}\x{E47}\x{E01}"
      text run at (0,10336) width 42: "\x{E40}\x{E1B}\x{E47}\x{E19}"
      text run at (0,10355) width 84: "\x{E1B}\x{E23}\x{E30}\x{E01}\x{E32}\x{E22}"
      text run at (0,10374) width 70: "\x{E23}\x{E37}\x{E48}\x{E19}\x{E40}\x{E23}\x{E34}\x{E07}"
      text run at (0,10393) width 28: "\x{E2D}\x{E22}\x{E39}\x{E48}"
      text run at (0,10412) width 42: "\x{E2A}\x{E2D}\x{E07}"
      text run at (0,10431) width 42: "\x{E02}\x{E49}\x{E32}\x{E07}"
      text run at (0,10450) width 42: "\x{E08}\x{E21}\x{E39}\x{E01}"
      text run at (0,10469) width 42: "\x{E40}\x{E25}\x{E47}\x{E01}"
      text run at (0,10488) width 28: "\x{E2D}\x{E31}\x{E19}"
      text run at (0,10507) width 28: "\x{E19}\x{E48}\x{E32}"
      text run at (0,10526) width 28: "\x{E02}\x{E31}\x{E19}"
      text run at (0,10545) width 42: "\x{E02}\x{E2D}\x{E07}"
      text run at (0,10564) width 28: "\x{E21}\x{E31}\x{E19}"
      text run at (0,10583) width 56: "\x{E42}\x{E15}\x{E42}\x{E15}\x{E49}"
      text run at (0,10602) width 42: "\x{E40}\x{E25}\x{E48}\x{E19}"
      text run at (0,10621) width 28: "\x{E17}\x{E31}\x{E49}\x{E07}"
      text run at (0,10640) width 28: "\x{E27}\x{E31}\x{E19}"
      text run at (0,10659) width 42: "\x{E41}\x{E25}\x{E30}"
      text run at (0,10678) width 70: "\x{E42}\x{E14}\x{E42}\x{E23}\x{E18}\x{E35}"
      text run at (0,10697) width 14: "\x{E01}\x{E47}"
      text run at (0,10716) width 42: "\x{E40}\x{E25}\x{E48}\x{E19}"
      text run at (0,10735) width 28: "\x{E01}\x{E31}\x{E1A}"
      text run at (0,10754) width 28: "\x{E21}\x{E31}\x{E19}"
      text run at (0,10773) width 42: "\x{E41}\x{E25}\x{E30}"
      text run at (0,10792) width 28: "\x{E23}\x{E31}\x{E01}"
      text run at (0,10811) width 28: "\x{E21}\x{E31}\x{E19}"
      text run at (0,10830) width 56: "\x{E40}\x{E2B}\x{E25}\x{E37}\x{E2D}"
      text run at (0,10849) width 42: "\x{E40}\x{E01}\x{E34}\x{E19}"
      text run at (0,10868) width 84: "\x{E2D}\x{E22}\x{E48}\x{E32}\x{E07}\x{E44}\x{E23}"
      text run at (0,10887) width 14: "\x{E01}\x{E47}"
      text run at (0,10906) width 42: "\x{E15}\x{E32}\x{E21}"
      text run at (0,10925) width 28: "\x{E27}\x{E31}\x{E19}"
      text run at (0,10944) width 14: "\x{E19}\x{E35}\x{E49}"
      text run at (0,10963) width 28: "\x{E17}\x{E31}\x{E49}\x{E07}"
      text run at (0,10982) width 14: "\x{E04}\x{E39}\x{E48}"
      text run at (0,11001) width 28: "\x{E44}\x{E21}\x{E48}"
      text run at (0,11020) width 28: "\x{E44}\x{E14}\x{E49}"
      text run at (0,11039) width 42: "\x{E40}\x{E25}\x{E48}\x{E19}"
      text run at (0,11058) width 28: "\x{E25}\x{E38}\x{E07}"
      text run at (0,11077) width 56: "\x{E40}\x{E2E}\x{E19}\x{E23}\x{E35}"
      text run at (0,11096) width 28: "\x{E19}\x{E31}\x{E48}\x{E07}"
      text run at (0,11115) width 28: "\x{E2D}\x{E22}\x{E39}\x{E48}"
      text run at (0,11134) width 14: "\x{E17}\x{E35}\x{E48}"
      text run at (0,11153) width 56: "\x{E1A}\x{E31}\x{E19}\x{E44}\x{E14}"
      text run at (0,11172) width 56: "\x{E1B}\x{E23}\x{E30}\x{E15}\x{E39}"
      text run at (0,11191) width 42: "\x{E41}\x{E25}\x{E30}"
      text run at (0,11210) width 42: "\x{E40}\x{E1D}\x{E49}\x{E32}"
      text run at (0,11229) width 56: "\x{E01}\x{E31}\x{E07}\x{E27}\x{E25}"
      text run at (0,11248) width 42: "\x{E08}\x{E49}\x{E2D}\x{E07}"
      text run at (0,11267) width 14: "\x{E14}\x{E39}"
      text run at (0,11286) width 42: "\x{E17}\x{E49}\x{E2D}\x{E07}"
      text run at (0,11305) width 28: "\x{E1F}\x{E49}\x{E32}"
      text run at (0,11324) width 14: "\x{E2A}\x{E35}"
      text run at (0,11343) width 42: "\x{E40}\x{E17}\x{E32}"
      text run at (0,11362) width 42: "\x{E2B}\x{E21}\x{E48}\x{E19}"
      text run at (0,11381) width 28: "\x{E1C}\x{E34}\x{E14}"
      text run at (0,11400) width 42: "\x{E1B}\x{E01}\x{E15}\x{E34}"
      text run at (0,11419) width 70: "\x{E42}\x{E14}\x{E42}\x{E23}\x{E18}\x{E35}"
      text run at (0,11438) width 28: "\x{E22}\x{E37}\x{E19}"
      text run at (0,11457) width 14: "\x{E17}\x{E35}\x{E48}"
      text run at (0,11476) width 56: "\x{E1B}\x{E23}\x{E30}\x{E15}\x{E39}"
      text run at (0,11495) width 42: "\x{E01}\x{E2D}\x{E14}"
      text run at (0,11514) width 56: "\x{E42}\x{E15}\x{E42}\x{E15}\x{E49}"
      text run at (0,11533) width 28: "\x{E44}\x{E27}\x{E49}"
      text run at (0,11552) width 28: "\x{E43}\x{E19}"
      text run at (0,11571) width 42: "\x{E2D}\x{E49}\x{E2D}\x{E21}"
      text run at (0,11590) width 42: "\x{E41}\x{E02}\x{E19}"
      text run at (0,11609) width 42: "\x{E41}\x{E25}\x{E30}"
      text run at (0,11628) width 14: "\x{E01}\x{E47}"
      text run at (0,11647) width 42: "\x{E21}\x{E2D}\x{E07}"
      text run at (0,11666) width 14: "\x{E14}\x{E39}"
      text run at (0,11685) width 42: "\x{E17}\x{E49}\x{E2D}\x{E07}"
      text run at (0,11704) width 28: "\x{E1F}\x{E49}\x{E32}"
      text run at (0,11723) width 28: "\x{E2D}\x{E22}\x{E39}\x{E48}"
      text run at (0,11742) width 70: "\x{E40}\x{E2B}\x{E21}\x{E37}\x{E2D}\x{E19}"
      text run at (0,11761) width 28: "\x{E01}\x{E31}\x{E19}"
      text run at (0,11780) width 28: "\x{E1B}\x{E49}\x{E32}"
      text run at (0,11799) width 42: "\x{E40}\x{E2D}\x{E47}\x{E21}"
      text run at (0,11818) width 56: "\x{E01}\x{E33}\x{E25}\x{E31}\x{E07}"
      text run at (0,11837) width 42: "\x{E25}\x{E49}\x{E32}\x{E07}"
      text run at (0,11856) width 42: "\x{E0A}\x{E32}\x{E21}"
      text run at (0,11875) width 28: "\x{E2D}\x{E22}\x{E39}\x{E48}"
      text run at (0,11894) width 42: "\x{E08}\x{E32}\x{E01}"
      text run at (0,11913) width 42: "\x{E14}\x{E49}\x{E32}\x{E19}"
      text run at (0,11932) width 56: "\x{E40}\x{E2B}\x{E19}\x{E37}\x{E2D}"
      text run at (0,11951) width 42: "\x{E44}\x{E01}\x{E25}"
      text run at (0,11970) width 42: "\x{E2D}\x{E2D}\x{E01}"
      text run at (0,11989) width 28: "\x{E44}\x{E1B}"
      text run at (0,12008) width 14: "\x{E21}\x{E35}"
      text run at (0,12027) width 56: "\x{E40}\x{E2A}\x{E35}\x{E22}\x{E07}"
      text run at (0,12046) width 28: "\x{E25}\x{E21}"
      text run at (0,12065) width 56: "\x{E04}\x{E23}\x{E32}\x{E07}"
      text run at (0,12084) width 42: "\x{E41}\x{E1C}\x{E48}\x{E27}"
      text run at (0,12103) width 42: "\x{E40}\x{E1A}\x{E32}"
      text run at (0,12122) width 56: "\x{E44}\x{E14}\x{E49}\x{E22}\x{E34}\x{E19}"
      text run at (0,12141) width 28: "\x{E21}\x{E32}"
      text run at (0,12160) width 28: "\x{E25}\x{E38}\x{E07}"
      text run at (0,12179) width 56: "\x{E40}\x{E2E}\x{E19}\x{E23}\x{E35}"
      text run at (0,12198) width 42: "\x{E41}\x{E25}\x{E30}"
      text run at (0,12217) width 70: "\x{E42}\x{E14}\x{E42}\x{E23}\x{E18}\x{E35}"
      text run at (0,12236) width 42: "\x{E40}\x{E2B}\x{E47}\x{E19}"
      text run at (0,12255) width 28: "\x{E15}\x{E49}\x{E19}"
      text run at (0,12274) width 42: "\x{E2B}\x{E0D}\x{E49}\x{E32}"
      text run at (0,12293) width 28: "\x{E2A}\x{E39}\x{E07}"
      text run at (0,12312) width 42: "\x{E40}\x{E2D}\x{E19}"
      text run at (0,12331) width 42: "\x{E40}\x{E1B}\x{E47}\x{E19}"
      text run at (0,12350) width 42: "\x{E04}\x{E25}\x{E37}\x{E48}\x{E19}"
      text run at (0,12369) width 42: "\x{E01}\x{E48}\x{E2D}\x{E19}"
      text run at (0,12388) width 14: "\x{E17}\x{E35}\x{E48}"
      text run at (0,12407) width 42: "\x{E1E}\x{E32}\x{E22}\x{E38}"
      text run at (0,12426) width 28: "\x{E08}\x{E30}"
      text run at (0,12445) width 28: "\x{E21}\x{E32}"
      text run at (0,12464) width 28: "\x{E16}\x{E36}\x{E07}"
      text run at (0,12483) width 42: "\x{E41}\x{E25}\x{E49}\x{E27}"
      text run at (0,12502) width 14: "\x{E01}\x{E47}"
      text run at (0,12521) width 14: "\x{E21}\x{E35}"
      text run at (0,12540) width 56: "\x{E40}\x{E2A}\x{E35}\x{E22}\x{E07}"
      text run at (0,12559) width 84: "\x{E2B}\x{E27}\x{E35}\x{E14}\x{E2B}\x{E27}\x{E34}\x{E27}"
      text run at (0,12578) width 70: "\x{E0A}\x{E31}\x{E14}\x{E40}\x{E08}\x{E19}"
      text run at (0,12597) width 28: "\x{E21}\x{E32}"
      text run at (0,12616) width 42: "\x{E08}\x{E32}\x{E01}"
      text run at (0,12635) width 112: "\x{E1A}\x{E23}\x{E23}\x{E22}\x{E32}\x{E01}\x{E32}\x{E28}"
      text run at (0,12654) width 42: "\x{E17}\x{E32}\x{E07}"
      text run at (0,12673) width 28: "\x{E43}\x{E15}\x{E49}"
      text run at (0,12692) width 42: "\x{E41}\x{E25}\x{E30}"
      text run at (0,12711) width 42: "\x{E40}\x{E21}\x{E37}\x{E48}\x{E2D}"
      text run at (0,12730) width 70: "\x{E40}\x{E2B}\x{E25}\x{E37}\x{E2D}\x{E1A}"
      text run at (0,12749) width 28: "\x{E15}\x{E32}"
      text run at (0,12768) width 28: "\x{E44}\x{E1B}"
      text run at (0,12787) width 42: "\x{E17}\x{E32}\x{E07}"
      text run at (0,12806) width 42: "\x{E14}\x{E49}\x{E32}\x{E19}"
      text run at (0,12825) width 28: "\x{E19}\x{E31}\x{E49}\x{E19}"
      text run at (0,12844) width 14: "\x{E01}\x{E47}"
      text run at (0,12863) width 42: "\x{E40}\x{E2B}\x{E47}\x{E19}"
      text run at (0,12882) width 42: "\x{E04}\x{E25}\x{E37}\x{E48}\x{E19}"
      text run at (0,12901) width 42: "\x{E2B}\x{E0D}\x{E49}\x{E32}"
      text run at (0,12920) width 28: "\x{E21}\x{E32}"
      text run at (0,12939) width 42: "\x{E17}\x{E32}\x{E07}"
      text run at (0,12958) width 42: "\x{E14}\x{E49}\x{E32}\x{E19}"
      text run at (0,12977) width 28: "\x{E19}\x{E31}\x{E49}\x{E19}"
      text run at (0,12996) width 42: "\x{E14}\x{E49}\x{E27}\x{E22}"
      text run at (0,13015) width 28: "\x{E25}\x{E38}\x{E07}"
      text run at (0,13034) width 56: "\x{E40}\x{E2E}\x{E19}\x{E23}\x{E35}"
      text run at (0,13053) width 28: "\x{E1C}\x{E38}\x{E14}"
      text run at (0,13072) width 28: "\x{E25}\x{E38}\x{E01}"
      text run at (0,13091) width 28: "\x{E02}\x{E36}\x{E49}\x{E19}"
      text run at (0,13110) width 28: "\x{E17}\x{E31}\x{E19}"
      text run at (0,13129) width 28: "\x{E43}\x{E14}"
      text run at (0,13148) width 5: "\""
      text run at (0,13167) width 28: "\x{E25}\x{E21}"
      text run at (0,13186) width 84: "\x{E44}\x{E0B}\x{E42}\x{E04}\x{E25}\x{E19}"
      text run at (0,13205) width 28: "\x{E21}\x{E32}"
      text run at (0,13224) width 42: "\x{E40}\x{E2D}\x{E47}\x{E21}"
      text run at (0,13243) width 5: "\""
      text run at (0,13262) width 28: "\x{E25}\x{E38}\x{E07}"
      text run at (0,13281) width 42: "\x{E23}\x{E49}\x{E2D}\x{E07}"
      text run at (0,13300) width 42: "\x{E1A}\x{E2D}\x{E01}"
      text run at (0,13319) width 70: "\x{E20}\x{E23}\x{E23}\x{E22}\x{E32}"
      text run at (0,13338) width 5: "\""
      text run at (0,13357) width 28: "\x{E02}\x{E49}\x{E32}"
      text run at (0,13376) width 28: "\x{E08}\x{E30}"
      text run at (0,13395) width 28: "\x{E44}\x{E1B}"
      text run at (0,13414) width 14: "\x{E14}\x{E39}"
      text run at (0,13433) width 42: "\x{E2A}\x{E31}\x{E15}\x{E27}\x{E4C}"
      text run at (0,13452) width 56: "\x{E40}\x{E25}\x{E35}\x{E49}\x{E22}\x{E07}"
      text run at (0,13471) width 56: "\x{E2B}\x{E19}\x{E48}\x{E2D}\x{E22}"
      text run at (0,13490) width 5: "\""
      text run at (0,13509) width 42: "\x{E41}\x{E25}\x{E49}\x{E27}"
      text run at (0,13528) width 28: "\x{E25}\x{E38}\x{E07}"
      text run at (0,13547) width 14: "\x{E01}\x{E47}"
      text run at (0,13566) width 28: "\x{E27}\x{E34}\x{E48}\x{E07}"
      text run at (0,13585) width 28: "\x{E44}\x{E1B}"
      text run at (0,13604) width 28: "\x{E22}\x{E31}\x{E07}"
      text run at (0,13623) width 42: "\x{E40}\x{E1E}\x{E34}\x{E07}"
      text run at (0,13642) width 14: "\x{E17}\x{E35}\x{E48}"
      text run at (0,13661) width 28: "\x{E27}\x{E31}\x{E27}"
      text run at (0,13680) width 42: "\x{E41}\x{E25}\x{E30}"
      text run at (0,13699) width 28: "\x{E21}\x{E49}\x{E32}"
      text run at (0,13718) width 56: "\x{E2D}\x{E32}\x{E28}\x{E31}\x{E22}"
      text run at (0,13737) width 28: "\x{E2D}\x{E22}\x{E39}\x{E48}"
      text run at (0,13756) width 28: "\x{E1B}\x{E49}\x{E32}"
      text run at (0,13775) width 42: "\x{E40}\x{E2D}\x{E47}\x{E21}"
      text run at (0,13794) width 42: "\x{E2B}\x{E22}\x{E38}\x{E14}"
      text run at (0,13813) width 70: "\x{E17}\x{E33}\x{E07}\x{E32}\x{E19}"
      text run at (0,13832) width 42: "\x{E41}\x{E25}\x{E30}"
      text run at (0,13851) width 28: "\x{E21}\x{E32}"
      text run at (0,13870) width 14: "\x{E17}\x{E35}\x{E48}"
      text run at (0,13889) width 56: "\x{E1B}\x{E23}\x{E30}\x{E15}\x{E39}"
      text run at (0,13908) width 56: "\x{E40}\x{E1E}\x{E35}\x{E22}\x{E07}"
      text run at (0,13927) width 70: "\x{E0A}\x{E32}\x{E22}\x{E15}\x{E32}"
      text run at (0,13946) width 42: "\x{E21}\x{E2D}\x{E07}"
      text run at (0,13965) width 28: "\x{E1B}\x{E49}\x{E32}"
      text run at (0,13984) width 14: "\x{E01}\x{E47}"
      text run at (0,14003) width 42: "\x{E1A}\x{E2D}\x{E01}"
      text run at (0,14022) width 28: "\x{E44}\x{E14}\x{E49}"
      text run at (0,14041) width 28: "\x{E27}\x{E48}\x{E32}"
      text run at (0,14060) width 84: "\x{E2D}\x{E31}\x{E19}\x{E15}\x{E23}\x{E32}\x{E22}"
      text run at (0,14079) width 28: "\x{E21}\x{E32}"
      text run at (0,14098) width 28: "\x{E16}\x{E36}\x{E07}"
      text run at (0,14117) width 42: "\x{E41}\x{E25}\x{E49}\x{E27}"
      text run at (0,14136) width 5: "\""
      text run at (0,14155) width 42: "\x{E40}\x{E23}\x{E47}\x{E27}"
      text run at (0,14174) width 70: "\x{E42}\x{E14}\x{E42}\x{E23}\x{E18}\x{E35}"
      text run at (0,14193) width 4: "!"
      text run at (0,14212) width 5: "\""
      text run at (0,14231) width 28: "\x{E1B}\x{E49}\x{E32}"
      text run at (0,14250) width 70: "\x{E15}\x{E30}\x{E42}\x{E01}\x{E19}"
      text run at (0,14269) width 5: "\""
      text run at (0,14288) width 28: "\x{E27}\x{E34}\x{E48}\x{E07}"
      text run at (0,14307) width 28: "\x{E44}\x{E1B}"
      text run at (0,14326) width 42: "\x{E2B}\x{E49}\x{E2D}\x{E07}"
      text run at (0,14345) width 56: "\x{E43}\x{E15}\x{E49}\x{E16}\x{E38}\x{E19}"
      text run at (0,14364) width 5: "\""
      text run at (0,14383) width 56: "\x{E42}\x{E15}\x{E42}\x{E15}\x{E49}"
      text run at (0,14402) width 42: "\x{E1C}\x{E25}\x{E38}\x{E19}"
      text run at (0,14421) width 84: "\x{E01}\x{E23}\x{E30}\x{E42}\x{E14}\x{E14}"
      text run at (0,14440) width 28: "\x{E25}\x{E07}"
      text run at (0,14459) width 42: "\x{E08}\x{E32}\x{E01}"
      text run at (0,14478) width 84: "\x{E2D}\x{E49}\x{E2D}\x{E21}\x{E41}\x{E02}\x{E19}"
      text run at (0,14497) width 70: "\x{E42}\x{E14}\x{E42}\x{E23}\x{E18}\x{E35}"
      text run at (0,14516) width 42: "\x{E41}\x{E25}\x{E49}\x{E27}"
      text run at (0,14535) width 42: "\x{E40}\x{E02}\x{E49}\x{E32}"
      text run at (0,14554) width 28: "\x{E44}\x{E1B}"
      text run at (0,14573) width 42: "\x{E0B}\x{E48}\x{E2D}\x{E19}"
      text run at (0,14592) width 28: "\x{E2D}\x{E22}\x{E39}\x{E48}"
      text run at (0,14611) width 28: "\x{E43}\x{E15}\x{E49}"
      text run at (0,14630) width 56: "\x{E40}\x{E15}\x{E35}\x{E22}\x{E07}"
      text run at (0,14649) width 42: "\x{E40}\x{E14}\x{E47}\x{E01}"
      text run at (0,14668) width 42: "\x{E2B}\x{E0D}\x{E34}\x{E07}"
      text run at (0,14687) width 42: "\x{E19}\x{E49}\x{E2D}\x{E22}"
      text run at (0,14706) width 42: "\x{E40}\x{E02}\x{E49}\x{E32}"
      text run at (0,14725) width 28: "\x{E44}\x{E1B}"
      text run at (0,14744) width 28: "\x{E14}\x{E36}\x{E07}"
      text run at (0,14763) width 28: "\x{E21}\x{E31}\x{E19}"
      text run at (0,14782) width 42: "\x{E2D}\x{E2D}\x{E01}"
      text run at (0,14801) width 28: "\x{E21}\x{E32}"
      text run at (0,14820) width 28: "\x{E1B}\x{E49}\x{E32}"
      text run at (0,14839) width 42: "\x{E40}\x{E2D}\x{E47}\x{E21}"
      text run at (0,14858) width 84: "\x{E01}\x{E23}\x{E30}\x{E0A}\x{E32}\x{E01}"
      text run at (0,14877) width 28: "\x{E1D}\x{E32}"
      text run at (0,14896) width 14: "\x{E17}\x{E35}\x{E48}"
      text run at (0,14915) width 28: "\x{E1E}\x{E37}\x{E49}\x{E19}"
      text run at (0,14934) width 42: "\x{E2D}\x{E2D}\x{E01}"
      text run at (0,14953) width 56: "\x{E2D}\x{E22}\x{E48}\x{E32}\x{E07}"
      text run at (0,14972) width 28: "\x{E2D}\x{E01}"
      text run at (0,14991) width 28: "\x{E2A}\x{E31}\x{E48}\x{E19}"
      text run at (0,15010) width 42: "\x{E02}\x{E27}\x{E31}\x{E0D}"
      text run at (0,15029) width 42: "\x{E2B}\x{E32}\x{E22}"
      text run at (0,15048) width 28: "\x{E1B}\x{E35}\x{E19}"
      text run at (0,15067) width 56: "\x{E1A}\x{E31}\x{E19}\x{E44}\x{E14}"
      text run at (0,15086) width 28: "\x{E44}\x{E21}\x{E49}"
      text run at (0,15105) width 28: "\x{E25}\x{E07}"
      text run at (0,15124) width 28: "\x{E44}\x{E1B}"
      text run at (0,15143) width 28: "\x{E43}\x{E19}"
      text run at (0,15162) width 56: "\x{E42}\x{E1E}\x{E23}\x{E07}"
      text run at (0,15181) width 42: "\x{E40}\x{E25}\x{E47}\x{E01}"
      text run at (0,15200) width 28: "\x{E2D}\x{E31}\x{E19}"
      text run at (0,15219) width 28: "\x{E21}\x{E37}\x{E14}"
      text run at (0,15238) width 28: "\x{E17}\x{E36}\x{E1A}"
      text run at (0,15257) width 70: "\x{E42}\x{E14}\x{E42}\x{E23}\x{E18}\x{E35}"
      text run at (0,15276) width 28: "\x{E08}\x{E31}\x{E1A}"
      text run at (0,15295) width 56: "\x{E42}\x{E15}\x{E42}\x{E15}\x{E49}"
      text run at (0,15314) width 28: "\x{E44}\x{E14}\x{E49}"
      text run at (0,15333) width 28: "\x{E43}\x{E19}"
      text run at (0,15352) width 14: "\x{E17}\x{E35}\x{E48}"
      text run at (0,15371) width 28: "\x{E2A}\x{E38}\x{E14}"
      text run at (0,15390) width 42: "\x{E41}\x{E25}\x{E30}"
      text run at (0,15409) width 28: "\x{E27}\x{E34}\x{E48}\x{E07}"
      text run at (0,15428) width 42: "\x{E15}\x{E32}\x{E21}"
      text run at (0,15447) width 28: "\x{E1B}\x{E49}\x{E32}"
      text run at (0,15466) width 42: "\x{E40}\x{E18}\x{E2D}"
      text run at (0,15485) width 28: "\x{E44}\x{E1B}"
      text run at (0,15504) width 42: "\x{E40}\x{E21}\x{E37}\x{E48}\x{E2D}"
      text run at (0,15523) width 42: "\x{E40}\x{E18}\x{E2D}"
      text run at (0,15542) width 28: "\x{E21}\x{E32}"
      text run at (0,15561) width 28: "\x{E44}\x{E14}\x{E49}"
      text run at (0,15580) width 42: "\x{E04}\x{E23}\x{E36}\x{E48}\x{E07}"
      text run at (0,15599) width 42: "\x{E2B}\x{E49}\x{E2D}\x{E07}"
      text run at (0,15618) width 14: "\x{E01}\x{E47}"
      text run at (0,15637) width 14: "\x{E21}\x{E35}"
      text run at (0,15656) width 56: "\x{E40}\x{E2A}\x{E35}\x{E22}\x{E07}"
      text run at (0,15675) width 84: "\x{E2B}\x{E27}\x{E35}\x{E14}\x{E2B}\x{E27}\x{E37}\x{E2D}"
      text run at (0,15694) width 42: "\x{E2A}\x{E48}\x{E27}\x{E19}"
      text run at (0,15713) width 42: "\x{E1A}\x{E49}\x{E32}\x{E19}"
      text run at (0,15732) width 14: "\x{E01}\x{E47}"
      text run at (0,15751) width 28: "\x{E2A}\x{E31}\x{E48}\x{E19}"
      text run at (0,15770) width 56: "\x{E2D}\x{E22}\x{E48}\x{E32}\x{E07}"
      text run at (0,15789) width 42: "\x{E41}\x{E23}\x{E07}"
      text run at (0,15808) width 28: "\x{E08}\x{E19}"
      text run at (0,15827) width 42: "\x{E40}\x{E18}\x{E2D}"
      text run at (0,15846) width 28: "\x{E2B}\x{E01}"
      text run at (0,15865) width 56: "\x{E04}\x{E30}\x{E21}\x{E33}"
      text run at (0,15884) width 28: "\x{E19}\x{E31}\x{E48}\x{E07}"
      text run at (0,15903) width 70: "\x{E08}\x{E49}\x{E33}\x{E40}\x{E1A}\x{E49}\x{E32}"
      text run at (0,15922) width 28: "\x{E2D}\x{E22}\x{E39}\x{E48}"
      text run at (0,15941) width 28: "\x{E01}\x{E31}\x{E1A}"
      text run at (0,15960) width 28: "\x{E1E}\x{E37}\x{E49}\x{E19}"
      text run at (0,15979) width 42: "\x{E41}\x{E25}\x{E49}\x{E27}"
      text run at (0,15998) width 28: "\x{E2A}\x{E34}\x{E48}\x{E07}"
      text run at (0,16017) width 98: "\x{E1B}\x{E23}\x{E30}\x{E2B}\x{E25}\x{E32}\x{E14}"
      text run at (0,16036) width 14: "\x{E01}\x{E47}"
      text run at (0,16055) width 42: "\x{E40}\x{E01}\x{E34}\x{E14}"
      text run at (0,16074) width 28: "\x{E02}\x{E36}\x{E49}\x{E19}"
      text run at (0,16093) width 42: "\x{E1A}\x{E49}\x{E32}\x{E19}"
      text run at (0,16112) width 42: "\x{E2B}\x{E21}\x{E38}\x{E19}"
      text run at (0,16131) width 28: "\x{E44}\x{E1B}"
      text run at (0,16150) width 42: "\x{E2B}\x{E21}\x{E38}\x{E19}"
      text run at (0,16169) width 28: "\x{E21}\x{E32}"
      text run at (0,16188) width 42: "\x{E2A}\x{E2D}\x{E07}"
      text run at (0,16207) width 42: "\x{E2A}\x{E32}\x{E21}"
      text run at (0,16226) width 42: "\x{E23}\x{E2D}\x{E1A}"
      text run at (0,16245) width 42: "\x{E41}\x{E25}\x{E49}\x{E27}"
      text run at (0,16264) width 14: "\x{E01}\x{E47}"
      text run at (0,16283) width 42: "\x{E25}\x{E2D}\x{E22}"
      text run at (0,16302) width 28: "\x{E02}\x{E36}\x{E49}\x{E19}"
      text run at (0,16321) width 14: "\x{E2A}\x{E39}\x{E48}"
      text run at (0,16340) width 70: "\x{E2D}\x{E32}\x{E01}\x{E32}\x{E28}"
      text run at (0,16359) width 56: "\x{E2D}\x{E22}\x{E48}\x{E32}\x{E07}"
      text run at (0,16378) width 28: "\x{E0A}\x{E49}\x{E32}"
      text run at (0,16397) width 14: "\x{E46}"
      text run at (0,16416) width 70: "\x{E42}\x{E14}\x{E42}\x{E23}\x{E18}\x{E35}"
      text run at (0,16435) width 42: "\x{E23}\x{E39}\x{E49}\x{E2A}\x{E36}\x{E01}"
      text run at (0,16454) width 42: "\x{E23}\x{E32}\x{E27}"
      text run at (0,16473) width 28: "\x{E01}\x{E31}\x{E1A}"
      text run at (0,16492) width 28: "\x{E27}\x{E48}\x{E32}"
      text run at (0,16511) width 42: "\x{E40}\x{E18}\x{E2D}"
      text run at (0,16530) width 28: "\x{E44}\x{E14}\x{E49}"
      text run at (0,16549) width 28: "\x{E02}\x{E36}\x{E49}\x{E19}"
      text run at (0,16568) width 28: "\x{E44}\x{E1B}"
      text run at (0,16587) width 28: "\x{E01}\x{E31}\x{E1A}"
      text run at (0,16606) width 28: "\x{E25}\x{E39}\x{E01}"
      text run at (0,16625) width 70: "\x{E1A}\x{E2D}\x{E25}\x{E25}\x{E39}\x{E19}"
      text run at (0,16644) width 42: "\x{E1E}\x{E32}\x{E22}\x{E38}"
      text run at (0,16663) width 56: "\x{E40}\x{E2B}\x{E19}\x{E37}\x{E2D}"
      text run at (0,16682) width 28: "\x{E01}\x{E31}\x{E1A}"
      text run at (0,16701) width 42: "\x{E1E}\x{E32}\x{E22}\x{E38}"
      text run at (0,16720) width 28: "\x{E43}\x{E15}\x{E49}"
      text run at (0,16739) width 28: "\x{E21}\x{E32}"
      text run at (0,16758) width 28: "\x{E1E}\x{E1A}"
      text run at (0,16777) width 28: "\x{E01}\x{E31}\x{E19}"
      text run at (0,16796) width 42: "\x{E15}\x{E23}\x{E07}"
      text run at (0,16815) width 14: "\x{E17}\x{E35}\x{E48}"
      text run at (0,16834) width 42: "\x{E1A}\x{E49}\x{E32}\x{E19}"
      text run at (0,16853) width 28: "\x{E1E}\x{E2D}"
      text run at (0,16872) width 14: "\x{E14}\x{E35}"
      text run at (0,16891) width 42: "\x{E41}\x{E25}\x{E30}"
      text run at (0,16910) width 28: "\x{E17}\x{E33}"
      text run at (0,16929) width 28: "\x{E43}\x{E2B}\x{E49}"
      text run at (0,16948) width 42: "\x{E15}\x{E23}\x{E07}"
      text run at (0,16967) width 28: "\x{E19}\x{E31}\x{E49}\x{E19}"
      text run at (0,16986) width 42: "\x{E40}\x{E1B}\x{E47}\x{E19}"
      text run at (0,17005) width 28: "\x{E08}\x{E38}\x{E14}"
      text run at (0,17024) width 42: "\x{E28}\x{E39}\x{E19}\x{E22}\x{E4C}"
      text run at (0,17043) width 56: "\x{E01}\x{E25}\x{E32}\x{E07}"
      text run at (0,17062) width 42: "\x{E02}\x{E2D}\x{E07}"
      text run at (0,17081) width 42: "\x{E1E}\x{E32}\x{E22}\x{E38}"
      text run at (0,17100) width 84: "\x{E44}\x{E0B}\x{E42}\x{E04}\x{E25}\x{E19}"
      text run at (0,17119) width 42: "\x{E15}\x{E32}\x{E21}"
      text run at (0,17138) width 42: "\x{E1B}\x{E01}\x{E15}\x{E34}"
      text run at (0,17157) width 42: "\x{E15}\x{E23}\x{E07}"
      text run at (0,17176) width 56: "\x{E01}\x{E25}\x{E32}\x{E07}"
      text run at (0,17195) width 42: "\x{E1E}\x{E32}\x{E22}\x{E38}"
      text run at (0,17214) width 84: "\x{E44}\x{E0B}\x{E42}\x{E04}\x{E25}\x{E19}"
      text run at (0,17233) width 70: "\x{E2D}\x{E32}\x{E01}\x{E32}\x{E28}"
      text run at (0,17252) width 28: "\x{E08}\x{E30}"
      text run at (0,17271) width 28: "\x{E19}\x{E34}\x{E48}\x{E07}"
      text run at (0,17290) width 28: "\x{E41}\x{E15}\x{E48}"
      text run at (0,17309) width 56: "\x{E04}\x{E27}\x{E32}\x{E21}"
      text run at (0,17328) width 56: "\x{E01}\x{E14}\x{E14}\x{E31}\x{E19}"
      text run at (0,17347) width 56: "\x{E2D}\x{E22}\x{E48}\x{E32}\x{E07}"
      text run at (0,17366) width 42: "\x{E2B}\x{E19}\x{E31}\x{E01}"
      text run at (0,17385) width 42: "\x{E02}\x{E2D}\x{E07}"
      text run at (0,17404) width 28: "\x{E25}\x{E21}"
      text run at (0,17423) width 28: "\x{E17}\x{E38}\x{E01}"
      text run at (0,17442) width 42: "\x{E14}\x{E49}\x{E32}\x{E19}"
      text run at (0,17461) width 42: "\x{E23}\x{E2D}\x{E1A}"
      text run at (0,17480) width 42: "\x{E1A}\x{E49}\x{E32}\x{E19}"
      text run at (0,17499) width 28: "\x{E17}\x{E33}"
      text run at (0,17518) width 28: "\x{E43}\x{E2B}\x{E49}"
      text run at (0,17537) width 42: "\x{E1A}\x{E49}\x{E32}\x{E19}"
      text run at (0,17556) width 42: "\x{E25}\x{E2D}\x{E22}"
      text run at (0,17575) width 28: "\x{E2A}\x{E39}\x{E07}"
      text run at (0,17594) width 28: "\x{E02}\x{E36}\x{E49}\x{E19}"
      text run at (0,17613) width 14: "\x{E46}"
      text run at (0,17632) width 28: "\x{E08}\x{E19}"
      text run at (0,17651) width 70: "\x{E01}\x{E23}\x{E30}\x{E17}\x{E31}\x{E48}\x{E07}"
      text run at (0,17670) width 28: "\x{E02}\x{E36}\x{E49}\x{E19}"
      text run at (0,17689) width 28: "\x{E44}\x{E1B}"
      text run at (0,17708) width 28: "\x{E2D}\x{E22}\x{E39}\x{E48}"
      text run at (0,17727) width 28: "\x{E2A}\x{E38}\x{E14}"
      text run at (0,17746) width 42: "\x{E22}\x{E2D}\x{E14}"
      text run at (0,17765) width 42: "\x{E02}\x{E2D}\x{E07}"
      text run at (0,17784) width 42: "\x{E1E}\x{E32}\x{E22}\x{E38}"
      text run at (0,17803) width 84: "\x{E44}\x{E0B}\x{E42}\x{E04}\x{E25}\x{E19}"
      text run at (0,17822) width 42: "\x{E41}\x{E25}\x{E30}"
      text run at (0,17841) width 42: "\x{E08}\x{E32}\x{E01}"
      text run at (0,17860) width 42: "\x{E15}\x{E23}\x{E07}"
      text run at (0,17879) width 28: "\x{E19}\x{E31}\x{E49}\x{E19}"
      text run at (0,17898) width 14: "\x{E01}\x{E47}"
      text run at (0,17917) width 28: "\x{E16}\x{E39}\x{E01}"
      text run at (0,17936) width 42: "\x{E2B}\x{E2D}\x{E1A}"
      text run at (0,17955) width 28: "\x{E44}\x{E1B}"
      text run at (0,17974) width 56: "\x{E2B}\x{E25}\x{E32}\x{E22}"
      text run at (0,17993) width 42: "\x{E44}\x{E21}\x{E25}\x{E4C}"
      text run at (0,18012) width 42: "\x{E07}\x{E48}\x{E32}\x{E22}"
      text run at (0,18031) width 42: "\x{E14}\x{E32}\x{E22}"
      text run at (0,18050) width 42: "\x{E23}\x{E32}\x{E27}"
      text run at (0,18069) width 28: "\x{E01}\x{E31}\x{E1A}"
      text run at (0,18088) width 42: "\x{E2B}\x{E2D}\x{E1A}"
      text run at (0,18107) width 28: "\x{E02}\x{E19}"
      text run at (0,18126) width 28: "\x{E19}\x{E01}"
      text run at (0,18145) width 28: "\x{E21}\x{E37}\x{E14}"
      text run at (0,18164) width 42: "\x{E21}\x{E32}\x{E01}"
      text run at (0,18183) width 42: "\x{E41}\x{E25}\x{E49}\x{E27}"
      text run at (0,18202) width 28: "\x{E25}\x{E21}"
      text run at (0,18221) width 28: "\x{E22}\x{E31}\x{E07}"
      text run at (0,18240) width 28: "\x{E2A}\x{E48}\x{E07}"
      text run at (0,18259) width 56: "\x{E40}\x{E2A}\x{E35}\x{E22}\x{E07}"
      text run at (0,18278) width 84: "\x{E2B}\x{E27}\x{E35}\x{E14}\x{E2B}\x{E27}\x{E37}\x{E2D}"
      text run at (0,18297) width 28: "\x{E19}\x{E48}\x{E32}"
      text run at (0,18316) width 42: "\x{E01}\x{E25}\x{E31}\x{E27}"
      text run at (0,18335) width 28: "\x{E2D}\x{E22}\x{E39}\x{E48}"
      text run at (0,18354) width 42: "\x{E23}\x{E2D}\x{E1A}"
      text run at (0,18373) width 28: "\x{E15}\x{E31}\x{E27}"
      text run at (0,18392) width 42: "\x{E40}\x{E18}\x{E2D}"
      text run at (0,18411) width 28: "\x{E41}\x{E15}\x{E48}"
      text run at (0,18430) width 70: "\x{E42}\x{E14}\x{E42}\x{E23}\x{E18}\x{E35}"
      text run at (0,18449) width 42: "\x{E40}\x{E2B}\x{E47}\x{E19}"
      text run at (0,18468) width 28: "\x{E27}\x{E48}\x{E32}"
      text run at (0,18487) width 42: "\x{E40}\x{E18}\x{E2D}"
      text run at (0,18506) width 84: "\x{E2A}\x{E32}\x{E21}\x{E32}\x{E23}\x{E16}"
      text run at (0,18525) width 28: "\x{E19}\x{E31}\x{E48}\x{E07}"
      text run at (0,18544) width 28: "\x{E44}\x{E1B}"
      text run at (0,18563) width 28: "\x{E44}\x{E14}\x{E49}"
      text run at (0,18582) width 42: "\x{E2D}\x{E22}\x{E48}\x{E32}"
      text run at (0,18601) width 56: "\x{E07}\x{E07}\x{E48}\x{E32}\x{E22}"
      text run at (0,18620) width 42: "\x{E14}\x{E32}\x{E22}"
      text run at (0,18639) width 28: "\x{E19}\x{E31}\x{E01}"
      text run at (0,18658) width 42: "\x{E04}\x{E23}\x{E31}\x{E49}\x{E07}"
      text run at (0,18677) width 42: "\x{E2B}\x{E19}\x{E36}\x{E48}\x{E07}"
      text run at (0,18696) width 42: "\x{E2B}\x{E25}\x{E31}\x{E07}"
      text run at (0,18715) width 42: "\x{E08}\x{E32}\x{E01}"
      text run at (0,18734) width 14: "\x{E17}\x{E35}\x{E48}"
      text run at (0,18753) width 42: "\x{E1A}\x{E49}\x{E32}\x{E19}"
      text run at (0,18772) width 56: "\x{E2A}\x{E30}\x{E14}\x{E38}\x{E14}"
      text run at (0,18791) width 56: "\x{E2D}\x{E22}\x{E48}\x{E32}\x{E07}"
      text run at (0,18810) width 42: "\x{E41}\x{E23}\x{E07}"
      text run at (0,18829) width 42: "\x{E41}\x{E25}\x{E30}"
      text run at (0,18848) width 42: "\x{E2B}\x{E21}\x{E38}\x{E19}"
      text run at (0,18867) width 28: "\x{E44}\x{E1B}"
      text run at (0,18886) width 42: "\x{E23}\x{E2D}\x{E1A}"
      text run at (0,18905) width 14: "\x{E46}"
      text run at (0,18924) width 42: "\x{E2A}\x{E2D}\x{E07}"
      text run at (0,18943) width 42: "\x{E2A}\x{E32}\x{E21}"
      text run at (0,18962) width 42: "\x{E04}\x{E23}\x{E31}\x{E49}\x{E07}"
      text run at (0,18981) width 28: "\x{E43}\x{E19}"
      text run at (0,19000) width 42: "\x{E15}\x{E2D}\x{E19}"
      text run at (0,19019) width 42: "\x{E41}\x{E23}\x{E01}"
      text run at (0,19038) width 42: "\x{E40}\x{E18}\x{E2D}"
      text run at (0,19057) width 14: "\x{E01}\x{E47}"
      text run at (0,19076) width 42: "\x{E23}\x{E39}\x{E49}\x{E2A}\x{E36}\x{E01}"
      text run at (0,19095) width 28: "\x{E27}\x{E48}\x{E32}"
      text run at (0,19114) width 28: "\x{E15}\x{E31}\x{E27}"
      text run at (0,19133) width 42: "\x{E40}\x{E2D}\x{E07}"
      text run at (0,19152) width 28: "\x{E16}\x{E39}\x{E01}"
      text run at (0,19171) width 56: "\x{E41}\x{E01}\x{E27}\x{E48}\x{E07}"
      text run at (0,19190) width 56: "\x{E2D}\x{E22}\x{E48}\x{E32}\x{E07}"
      text run at (0,19209) width 42: "\x{E41}\x{E1C}\x{E48}\x{E27}"
      text run at (0,19228) width 42: "\x{E40}\x{E1A}\x{E32}"
      text run at (0,19247) width 42: "\x{E23}\x{E32}\x{E27}"
      text run at (0,19266) width 56: "\x{E17}\x{E32}\x{E23}\x{E01}"
      text run at (0,19285) width 28: "\x{E43}\x{E19}"
      text run at (0,19304) width 42: "\x{E40}\x{E1B}\x{E25}"
      text run at (0,19323) width 56: "\x{E42}\x{E15}\x{E42}\x{E15}\x{E49}"
      text run at (0,19342) width 28: "\x{E44}\x{E21}\x{E48}"
      text run at (0,19361) width 42: "\x{E0A}\x{E2D}\x{E1A}"
      text run at (0,19380) width 28: "\x{E43}\x{E08}"
      text run at (0,19399) width 42: "\x{E40}\x{E25}\x{E22}"
      text run at (0,19418) width 28: "\x{E21}\x{E31}\x{E19}"
      text run at (0,19437) width 28: "\x{E27}\x{E34}\x{E48}\x{E07}"
      text run at (0,19456) width 28: "\x{E44}\x{E1B}"
      text run at (0,19475) width 28: "\x{E27}\x{E34}\x{E48}\x{E07}"
      text run at (0,19494) width 28: "\x{E21}\x{E32}"
      text run at (0,19513) width 42: "\x{E23}\x{E2D}\x{E1A}"
      text run at (0,19532) width 42: "\x{E2B}\x{E49}\x{E2D}\x{E07}"
      text run at (0,19551) width 42: "\x{E17}\x{E32}\x{E07}"
      text run at (0,19570) width 42: "\x{E42}\x{E19}\x{E49}\x{E19}"
      text run at (0,19589) width 14: "\x{E17}\x{E35}"
      text run at (0,19608) width 42: "\x{E17}\x{E32}\x{E07}"
      text run at (0,19627) width 14: "\x{E19}\x{E35}\x{E49}"
      text run at (0,19646) width 14: "\x{E17}\x{E35}"
      text run at (0,19665) width 28: "\x{E2A}\x{E48}\x{E07}"
      text run at (0,19684) width 56: "\x{E40}\x{E2A}\x{E35}\x{E22}\x{E07}"
      text run at (0,19703) width 42: "\x{E40}\x{E2B}\x{E48}\x{E32}"
      text run at (0,19722) width 28: "\x{E14}\x{E31}\x{E07}"
      text run at (0,19741) width 42: "\x{E01}\x{E49}\x{E2D}\x{E07}"
      text run at (0,19760) width 28: "\x{E41}\x{E15}\x{E48}"
      text run at (0,19779) width 70: "\x{E42}\x{E14}\x{E42}\x{E23}\x{E18}\x{E35}"
      text run at (0,19798) width 28: "\x{E19}\x{E31}\x{E48}\x{E07}"
      text run at (0,19817) width 28: "\x{E19}\x{E34}\x{E48}\x{E07}"
      text run at (0,19836) width 28: "\x{E2D}\x{E22}\x{E39}\x{E48}"
      text run at (0,19855) width 28: "\x{E1A}\x{E19}"
      text run at (0,19874) width 28: "\x{E1E}\x{E37}\x{E49}\x{E19}"
      text run at (0,19893) width 42: "\x{E40}\x{E1D}\x{E49}\x{E32}"
      text run at (0,19912) width 42: "\x{E04}\x{E2D}\x{E22}"
      text run at (0,19931) width 14: "\x{E14}\x{E39}"
      text run at (0,19950) width 28: "\x{E27}\x{E48}\x{E32}"
      text run at (0,19969) width 28: "\x{E08}\x{E30}"
      text run at (0,19988) width 42: "\x{E40}\x{E01}\x{E34}\x{E14}"
      text run at (0,20007) width 56: "\x{E2D}\x{E30}\x{E44}\x{E23}"
      text run at (0,20026) width 28: "\x{E02}\x{E36}\x{E49}\x{E19}"
      text run at (0,20045) width 42: "\x{E04}\x{E23}\x{E31}\x{E49}\x{E07}"
      text run at (0,20064) width 42: "\x{E2B}\x{E19}\x{E36}\x{E48}\x{E07}"
      text run at (0,20083) width 56: "\x{E42}\x{E15}\x{E42}\x{E15}\x{E49}"
      text run at (0,20102) width 42: "\x{E40}\x{E02}\x{E49}\x{E32}"
      text run at (0,20121) width 28: "\x{E44}\x{E1B}"
      text run at (0,20140) width 42: "\x{E43}\x{E01}\x{E25}\x{E49}"
      text run at (0,20159) width 28: "\x{E1D}\x{E32}"
      text run at (0,20178) width 14: "\x{E17}\x{E35}\x{E48}"
      text run at (0,20197) width 28: "\x{E1E}\x{E37}\x{E49}\x{E19}"
      text run at (0,20216) width 42: "\x{E21}\x{E32}\x{E01}"
      text run at (0,20235) width 28: "\x{E44}\x{E1B}"
      text run at (0,20254) width 42: "\x{E40}\x{E25}\x{E22}"
      text run at (0,20273) width 42: "\x{E1E}\x{E25}\x{E31}\x{E14}"
      text run at (0,20292) width 56: "\x{E15}\x{E01}\x{E25}\x{E07}"
      text run at (0,20311) width 28: "\x{E44}\x{E1B}"
      text run at (0,20330) width 14: "\x{E17}\x{E35}"
      text run at (0,20349) width 42: "\x{E41}\x{E23}\x{E01}"
      text run at (0,20368) width 42: "\x{E40}\x{E14}\x{E47}\x{E01}"
      text run at (0,20387) width 42: "\x{E2B}\x{E0D}\x{E34}\x{E07}"
      text run at (0,20406) width 28: "\x{E04}\x{E34}\x{E14}"
      text run at (0,20425) width 28: "\x{E27}\x{E48}\x{E32}"
      text run at (0,20444) width 42: "\x{E40}\x{E18}\x{E2D}"
      text run at (0,20463) width 28: "\x{E08}\x{E30}"
      text run at (0,20482) width 28: "\x{E2A}\x{E39}\x{E0D}"
      text run at (0,20501) width 42: "\x{E40}\x{E2A}\x{E35}\x{E22}"
      text run at (0,20520) width 28: "\x{E21}\x{E31}\x{E19}"
      text run at (0,20539) width 28: "\x{E44}\x{E1B}"
      text run at (0,20558) width 42: "\x{E40}\x{E2A}\x{E35}\x{E22}"
      text run at (0,20577) width 42: "\x{E41}\x{E25}\x{E49}\x{E27}"
      text run at (0,20596) width 28: "\x{E41}\x{E15}\x{E48}"
      text run at (0,20615) width 28: "\x{E0A}\x{E31}\x{E48}\x{E27}"
      text run at (0,20634) width 28: "\x{E04}\x{E23}\x{E39}\x{E48}"
      text run at (0,20653) width 42: "\x{E40}\x{E18}\x{E2D}"
      text run at (0,20672) width 14: "\x{E01}\x{E47}"
      text run at (0,20691) width 42: "\x{E40}\x{E2B}\x{E47}\x{E19}"
      text run at (0,20710) width 14: "\x{E2B}\x{E39}"
      text run at (0,20729) width 42: "\x{E02}\x{E2D}\x{E07}"
      text run at (0,20748) width 28: "\x{E21}\x{E31}\x{E19}"
      text run at (0,20767) width 42: "\x{E42}\x{E1C}\x{E25}\x{E48}"
      text run at (0,20786) width 28: "\x{E02}\x{E36}\x{E49}\x{E19}"
      text run at (0,20805) width 28: "\x{E21}\x{E32}"
      text run at (0,20824) width 42: "\x{E08}\x{E32}\x{E01}"
      text run at (0,20843) width 42: "\x{E0A}\x{E48}\x{E2D}\x{E07}"
      text run at (0,20862) width 28: "\x{E19}\x{E31}\x{E49}\x{E19}"
      text run at (0,20881) width 28: "\x{E17}\x{E31}\x{E49}\x{E07}"
      text run at (0,20900) width 14: "\x{E19}\x{E35}\x{E49}"
      text run at (0,20919) width 70: "\x{E40}\x{E1E}\x{E23}\x{E32}\x{E30}"
      text run at (0,20938) width 42: "\x{E41}\x{E23}\x{E07}"
      text run at (0,20957) width 28: "\x{E01}\x{E14}"
      text run at (0,20976) width 56: "\x{E2D}\x{E22}\x{E48}\x{E32}\x{E07}"
      text run at (0,20995) width 42: "\x{E2B}\x{E19}\x{E31}\x{E01}"
      text run at (0,21014) width 42: "\x{E02}\x{E2D}\x{E07}"
      text run at (0,21033) width 70: "\x{E2D}\x{E32}\x{E01}\x{E32}\x{E28}"
      text run at (0,21052) width 28: "\x{E17}\x{E33}"
      text run at (0,21071) width 28: "\x{E43}\x{E2B}\x{E49}"
      text run at (0,21090) width 56: "\x{E42}\x{E15}\x{E42}\x{E15}\x{E49}"
      text run at (0,21109) width 28: "\x{E44}\x{E21}\x{E48}"
      text run at (0,21128) width 56: "\x{E15}\x{E01}\x{E25}\x{E07}"
      text run at (0,21147) width 28: "\x{E44}\x{E1B}"
      text run at (0,21166) width 42: "\x{E02}\x{E49}\x{E32}\x{E07}"
      text run at (0,21185) width 42: "\x{E25}\x{E48}\x{E32}\x{E07}"
      text run at (0,21204) width 70: "\x{E42}\x{E14}\x{E42}\x{E23}\x{E18}\x{E35}"
      text run at (0,21223) width 56: "\x{E04}\x{E25}\x{E32}\x{E19}"
      text run at (0,21242) width 28: "\x{E44}\x{E1B}"
      text run at (0,21261) width 14: "\x{E17}\x{E35}\x{E48}"
      text run at (0,21280) width 42: "\x{E0A}\x{E48}\x{E2D}\x{E07}"
      text run at (0,21299) width 28: "\x{E19}\x{E31}\x{E49}\x{E19}"
      text run at (0,21318) width 28: "\x{E08}\x{E31}\x{E1A}"
      text run at (0,21337) width 14: "\x{E2B}\x{E39}"
      text run at (0,21356) width 56: "\x{E42}\x{E15}\x{E42}\x{E15}\x{E49}"
      text run at (0,21375) width 28: "\x{E44}\x{E27}\x{E49}"
      text run at (0,21394) width 28: "\x{E44}\x{E14}\x{E49}"
      text run at (0,21413) width 42: "\x{E41}\x{E25}\x{E30}"
      text run at (0,21432) width 42: "\x{E25}\x{E32}\x{E01}"
      text run at (0,21451) width 28: "\x{E21}\x{E31}\x{E19}"
      text run at (0,21470) width 28: "\x{E21}\x{E32}"
      text run at (0,21489) width 14: "\x{E17}\x{E35}\x{E48}"
      text run at (0,21508) width 42: "\x{E2B}\x{E49}\x{E2D}\x{E07}"
      text run at (0,21527) width 28: "\x{E2D}\x{E35}\x{E01}"
      text run at (0,21546) width 42: "\x{E2B}\x{E25}\x{E31}\x{E07}"
      text run at (0,21565) width 42: "\x{E08}\x{E32}\x{E01}"
      text run at (0,21584) width 28: "\x{E19}\x{E31}\x{E49}\x{E19}"
      text run at (0,21603) width 14: "\x{E01}\x{E47}"
      text run at (0,21622) width 28: "\x{E1B}\x{E34}\x{E14}"
      text run at (0,21641) width 28: "\x{E1D}\x{E32}"
      text run at (0,21660) width 28: "\x{E1E}\x{E37}\x{E49}\x{E19}"
      text run at (0,21679) width 42: "\x{E40}\x{E1E}\x{E37}\x{E48}\x{E2D}"
      text run at (0,21698) width 28: "\x{E08}\x{E30}"
      text run at (0,21717) width 28: "\x{E44}\x{E14}\x{E49}"
      text run at (0,21736) width 28: "\x{E44}\x{E21}\x{E48}"
      text run at (0,21755) width 42: "\x{E40}\x{E01}\x{E34}\x{E14}"
      text run at (0,21774) width 84: "\x{E2D}\x{E38}\x{E1A}\x{E31}\x{E15}\x{E34}\x{E40}\x{E2B}\x{E15}\x{E38}"
      text run at (0,21793) width 28: "\x{E2D}\x{E35}\x{E01}"
      text run at (0,21812) width 70: "\x{E0A}\x{E31}\x{E48}\x{E27}\x{E42}\x{E21}\x{E07}"
      text run at (0,21831) width 42: "\x{E41}\x{E25}\x{E49}\x{E27}"
      text run at (0,21850) width 70: "\x{E0A}\x{E31}\x{E48}\x{E27}\x{E42}\x{E21}\x{E07}"
      text run at (0,21869) width 42: "\x{E40}\x{E25}\x{E48}\x{E32}"
      text run at (0,21888) width 42: "\x{E1C}\x{E48}\x{E32}\x{E19}"
      text run at (0,21907) width 28: "\x{E44}\x{E1B}"
      text run at (0,21926) width 70: "\x{E42}\x{E14}\x{E42}\x{E23}\x{E18}\x{E35}"
      text run at (0,21945) width 42: "\x{E04}\x{E48}\x{E2D}\x{E22}"
      text run at (0,21964) width 14: "\x{E46}"
      text run at (0,21983) width 42: "\x{E2B}\x{E32}\x{E22}"
      text run at (0,22002) width 42: "\x{E01}\x{E25}\x{E31}\x{E27}"
      text run at (0,22021) width 28: "\x{E41}\x{E15}\x{E48}"
      text run at (0,22040) width 42: "\x{E40}\x{E18}\x{E2D}"
      text run at (0,22059) width 42: "\x{E23}\x{E39}\x{E49}\x{E2A}\x{E36}\x{E01}"
      text run at (0,22078) width 56: "\x{E40}\x{E2B}\x{E07}\x{E32}"
      text run at (0,22097) width 56: "\x{E40}\x{E2B}\x{E25}\x{E37}\x{E2D}"
      text run at (0,22116) width 42: "\x{E40}\x{E01}\x{E34}\x{E19}"
      text run at (0,22135) width 42: "\x{E41}\x{E25}\x{E30}"
      text run at (0,22154) width 28: "\x{E25}\x{E21}"
      text run at (0,22173) width 14: "\x{E01}\x{E47}"
      text run at (0,22192) width 28: "\x{E2A}\x{E48}\x{E07}"
      text run at (0,22211) width 56: "\x{E40}\x{E2A}\x{E35}\x{E22}\x{E07}"
      text run at (0,22230) width 84: "\x{E2B}\x{E27}\x{E35}\x{E14}\x{E2B}\x{E27}\x{E37}\x{E2D}"
      text run at (0,22249) width 28: "\x{E14}\x{E31}\x{E07}"
      text run at (0,22268) width 42: "\x{E40}\x{E2A}\x{E35}\x{E22}"
      text run at (0,22287) width 28: "\x{E08}\x{E19}"
      text run at (0,22306) width 42: "\x{E40}\x{E18}\x{E2D}"
      text run at (0,22325) width 42: "\x{E41}\x{E17}\x{E1A}"
      text run at (0,22344) width 28: "\x{E08}\x{E30}"
      text run at (0,22363) width 14: "\x{E2B}\x{E39}"
      text run at (0,22382) width 56: "\x{E2B}\x{E19}\x{E27}\x{E01}"
      text run at (0,22401) width 14: "\x{E17}\x{E35}"
      text run at (0,22420) width 42: "\x{E41}\x{E23}\x{E01}"
      text run at (0,22439) width 42: "\x{E40}\x{E18}\x{E2D}"
      text run at (0,22458) width 56: "\x{E2A}\x{E07}\x{E2A}\x{E31}\x{E22}"
      text run at (0,22477) width 28: "\x{E27}\x{E48}\x{E32}"
      text run at (0,22496) width 28: "\x{E04}\x{E07}"
      text run at (0,22515) width 28: "\x{E08}\x{E30}"
      text run at (0,22534) width 28: "\x{E16}\x{E39}\x{E01}"
      text run at (0,22553) width 28: "\x{E09}\x{E35}\x{E01}"
      text run at (0,22572) width 84: "\x{E01}\x{E23}\x{E30}\x{E0A}\x{E32}\x{E01}"
      text run at (0,22591) width 42: "\x{E2D}\x{E2D}\x{E01}"
      text run at (0,22610) width 42: "\x{E40}\x{E1B}\x{E47}\x{E19}"
      text run at (0,22629) width 28: "\x{E0A}\x{E34}\x{E49}\x{E19}"
      text run at (0,22648) width 42: "\x{E40}\x{E25}\x{E47}\x{E01}"
      text run at (0,22667) width 28: "\x{E0A}\x{E34}\x{E49}\x{E19}"
      text run at (0,22686) width 42: "\x{E19}\x{E49}\x{E2D}\x{E22}"
      text run at (0,22705) width 42: "\x{E40}\x{E21}\x{E37}\x{E48}\x{E2D}"
      text run at (0,22724) width 42: "\x{E1A}\x{E49}\x{E32}\x{E19}"
      text run at (0,22743) width 42: "\x{E40}\x{E2D}\x{E19}"
      text run at (0,22762) width 28: "\x{E25}\x{E49}\x{E21}"
      text run at (0,22781) width 28: "\x{E25}\x{E07}"
      text run at (0,22800) width 28: "\x{E2D}\x{E35}\x{E01}"
      text run at (0,22819) width 42: "\x{E04}\x{E23}\x{E31}\x{E49}\x{E07}"
      text run at (0,22838) width 28: "\x{E41}\x{E15}\x{E48}"
      text run at (0,22857) width 56: "\x{E2B}\x{E25}\x{E32}\x{E22}"
      text run at (0,22876) width 70: "\x{E0A}\x{E31}\x{E48}\x{E27}\x{E42}\x{E21}\x{E07}"
      text run at (0,22895) width 42: "\x{E1C}\x{E48}\x{E32}\x{E19}"
      text run at (0,22914) width 28: "\x{E44}\x{E1B}"
      text run at (0,22933) width 14: "\x{E01}\x{E47}"
      text run at (0,22952) width 28: "\x{E44}\x{E21}\x{E48}"
      text run at (0,22971) width 14: "\x{E21}\x{E35}"
      text run at (0,22990) width 56: "\x{E2D}\x{E30}\x{E44}\x{E23}"
      text run at (0,23009) width 42: "\x{E40}\x{E01}\x{E34}\x{E14}"
      text run at (0,23028) width 28: "\x{E02}\x{E36}\x{E49}\x{E19}"
      text run at (0,23047) width 42: "\x{E40}\x{E18}\x{E2D}"
      text run at (0,23066) width 42: "\x{E40}\x{E25}\x{E22}"
      text run at (0,23085) width 42: "\x{E40}\x{E25}\x{E34}\x{E01}"
      text run at (0,23104) width 42: "\x{E27}\x{E34}\x{E15}\x{E01}"
      text run at (0,23123) width 42: "\x{E41}\x{E25}\x{E30}"
      text run at (0,23142) width 56: "\x{E15}\x{E31}\x{E14}\x{E2A}\x{E34}\x{E19}"
      text run at (0,23161) width 28: "\x{E43}\x{E08}"
      text run at (0,23180) width 42: "\x{E04}\x{E2D}\x{E22}"
      text run at (0,23199) width 14: "\x{E14}\x{E39}"
      text run at (0,23218) width 56: "\x{E2D}\x{E22}\x{E48}\x{E32}\x{E07}"
      text run at (0,23237) width 42: "\x{E2A}\x{E07}\x{E1A}"
      text run at (0,23256) width 42: "\x{E41}\x{E25}\x{E30}"
      text run at (0,23275) width 28: "\x{E23}\x{E2D}"
      text run at (0,23294) width 28: "\x{E27}\x{E48}\x{E32}"
      text run at (0,23313) width 70: "\x{E2D}\x{E19}\x{E32}\x{E04}\x{E15}"
      text run at (0,23332) width 28: "\x{E08}\x{E30}"
      text run at (0,23351) width 42: "\x{E40}\x{E1B}\x{E47}\x{E19}"
      text run at (0,23370) width 84: "\x{E2D}\x{E22}\x{E48}\x{E32}\x{E07}\x{E44}\x{E23}"
      text run at (0,23389) width 28: "\x{E43}\x{E19}"
      text run at (0,23408) width 14: "\x{E17}\x{E35}\x{E48}"
      text run at (0,23427) width 28: "\x{E2A}\x{E38}\x{E14}"
      text run at (0,23446) width 42: "\x{E40}\x{E18}\x{E2D}"
      text run at (0,23465) width 56: "\x{E04}\x{E25}\x{E32}\x{E19}"
      text run at (0,23484) width 42: "\x{E08}\x{E32}\x{E01}"
      text run at (0,23503) width 28: "\x{E1E}\x{E37}\x{E49}\x{E19}"
      text run at (0,23522) width 42: "\x{E2B}\x{E49}\x{E2D}\x{E07}"
      text run at (0,23541) width 14: "\x{E17}\x{E35}\x{E48}"
      text run at (0,23560) width 42: "\x{E42}\x{E22}\x{E01}"
      text run at (0,23579) width 28: "\x{E44}\x{E1B}"
      text run at (0,23598) width 28: "\x{E21}\x{E32}"
      text run at (0,23617) width 28: "\x{E02}\x{E36}\x{E49}\x{E19}"
      text run at (0,23636) width 28: "\x{E44}\x{E1B}"
      text run at (0,23655) width 28: "\x{E1A}\x{E19}"
      text run at (0,23674) width 56: "\x{E40}\x{E15}\x{E35}\x{E22}\x{E07}"
      text run at (0,23693) width 42: "\x{E41}\x{E25}\x{E49}\x{E27}"
      text run at (0,23712) width 14: "\x{E01}\x{E47}"
      text run at (0,23731) width 42: "\x{E19}\x{E2D}\x{E19}"
      text run at (0,23750) width 28: "\x{E25}\x{E07}"
      text run at (0,23769) width 56: "\x{E42}\x{E15}\x{E42}\x{E15}\x{E49}"
      text run at (0,23788) width 42: "\x{E15}\x{E32}\x{E21}"
      text run at (0,23807) width 28: "\x{E15}\x{E34}\x{E14}"
      text run at (0,23826) width 28: "\x{E21}\x{E32}"
      text run at (0,23845) width 42: "\x{E19}\x{E2D}\x{E19}"
      text run at (0,23864) width 28: "\x{E25}\x{E07}"
      text run at (0,23883) width 42: "\x{E43}\x{E01}\x{E25}\x{E49}"
      text run at (0,23902) width 14: "\x{E46}"
      text run at (0,23921) width 42: "\x{E40}\x{E18}\x{E2D}"
      text run at (0,23940) width 28: "\x{E44}\x{E21}\x{E48}"
      text run at (0,23959) width 28: "\x{E0A}\x{E49}\x{E32}"
      text run at (0,23978) width 70: "\x{E42}\x{E14}\x{E42}\x{E23}\x{E18}\x{E35}"
      text run at (0,23997) width 14: "\x{E01}\x{E47}"
      text run at (0,24016) width 28: "\x{E1B}\x{E34}\x{E14}"
      text run at (0,24035) width 28: "\x{E15}\x{E32}"
      text run at (0,24054) width 28: "\x{E25}\x{E07}"
      text run at (0,24073) width 42: "\x{E2B}\x{E25}\x{E31}\x{E1A}"
      text run at (0,24092) width 56: "\x{E1C}\x{E25}\x{E47}\x{E2D}\x{E22}"
      text run at (0,24111) width 28: "\x{E44}\x{E1B}"
      text run at (0,24130) width 56: "\x{E2D}\x{E22}\x{E48}\x{E32}\x{E07}"
      text run at (0,24149) width 42: "\x{E2A}\x{E19}\x{E34}\x{E17}"
      text run at (0,24168) width 28: "\x{E17}\x{E31}\x{E49}\x{E07}"
      text run at (0,24187) width 14: "\x{E46}"
      text run at (0,24206) width 14: "\x{E17}\x{E35}\x{E48}"
      text run at (0,24225) width 42: "\x{E1A}\x{E49}\x{E32}\x{E19}"
      text run at (0,24244) width 42: "\x{E42}\x{E22}\x{E01}"
      text run at (0,24263) width 28: "\x{E44}\x{E1B}"
      text run at (0,24282) width 28: "\x{E21}\x{E32}"
      text run at (0,24301) width 42: "\x{E41}\x{E25}\x{E30}"
      text run at (0,24320) width 28: "\x{E25}\x{E21}"
      text run at (0,24339) width 14: "\x{E01}\x{E47}"
      text run at (0,24358) width 56: "\x{E04}\x{E23}\x{E32}\x{E07}"
      text run at (0,24377) width 84: "\x{E2B}\x{E27}\x{E35}\x{E14}\x{E2B}\x{E27}\x{E37}\x{E2D}"
