EDITING DELEGATE: shouldBeginEditingInDOMRange:range from 0 of DIV > BODY > HTML > #document to 0 of DIV > BODY > HTML > #document
EDITING DELEGATE: webViewDidBeginEditing:WebViewDidBeginEditingNotification
EDITING DELEGATE: webViewDidChangeSelection:WebViewDidChangeSelectionNotification
EDITING DELEGATE: shouldChangeSelectedDOMRange:range from 0 of DIV > BODY > HTML > #document to 0 of DIV > BODY > HTML > #document toDOMRange:range from 1 of DIV > DIV > BODY > HTML > #document to 1 of DIV > DIV > BODY > HTML > #document affinity:NSSelectionAffinityDownstream stillSelecting:FALSE
EDITING DELEGATE: webViewDidChangeSelection:WebViewDidChangeSelectionNotification
EDITING DELEGATE: webViewDidChange:WebViewDidChangeNotification
layer at (0,0) size 800x600
  RenderView at (0,0) size 800x600
layer at (0,0) size 800x600
  RenderBlock {HTML} at (0,0) size 800x600
    RenderBody {BODY} at (8,8) size 784x584
      RenderBlock {P} at (0,0) size 784x36
        RenderText {#text} at (0,0) size 640x36
          text run at (0,0) width 423: "This tests pasting a fragment containing an <iframe> after a <div>. "
          text run at (423,0) width 215: "This used to fail on an assertion in"
          text run at (0,18) width 325: "moveParagraphContentsToNewBlockIfNecessary. "
          text run at (325,18) width 315: "You should see 'foo' and then an <iframe> below."
      RenderBlock {DIV} at (0,52) size 784x70
        RenderBlock (anonymous) at (0,0) size 784x18
          RenderText {#text} at (0,0) size 21x18
            text run at (0,0) width 21: "foo"
        RenderBlock {DIV} at (0,18) size 784x52
          RenderPartObject {IFRAME} at (0,0) size 102x52 [border: (1px solid #000000)]
            layer at (0,0) size 100x50
              RenderView at (0,0) size 100x50
            layer at (0,0) size 100x8
              RenderBlock {HTML} at (0,0) size 100x8
                RenderBody {BODY} at (8,8) size 84x0
          RenderBR {BR} at (102,52) size 0x0
caret: position 1 of child 0 {IFRAME} of child 1 {DIV} of child 2 {DIV} of child 0 {BODY} of child 0 {HTML} of document
