EDITING DELEGATE: webViewDidChangeSelection:WebViewDidChangeSelectionNotification
EDITING DELEGATE: shouldBeginEditingInDOMRange:range from 0 of DIV > BODY > HTML > #document to 0 of DIV > BODY > HTML > #document
EDITING DELEGATE: webViewDidBeginEditing:WebViewDidBeginEditingNotification
EDITING DELEGATE: webViewDidChangeSelection:WebViewDidChangeSelectionNotification
EDITING DELEGATE: shouldInsertNode:#document-fragment replacingDOMRange:range from 0 of DIV > BODY > HTML > #document to 0 of DIV > BODY > HTML > #document givenAction:WebViewInsertActionPasted
EDITING DELEGATE: shouldChangeSelectedDOMRange:range from 0 of DIV > BODY > HTML > #document to 0 of DIV > BODY > HTML > #document toDOMRange:range from 0 of DIV > DIV > BODY > HTML > #document to 0 of DIV > DIV > BODY > HTML > #document affinity:NSSelectionAffinityDownstream stillSelecting:FALSE
EDITING DELEGATE: webViewDidChangeSelection:WebViewDidChangeSelectionNotification
EDITING DELEGATE: webViewDidChange:WebViewDidChangeNotification
layer at (0,0) size 800x600
  RenderView at (0,0) size 800x600
layer at (0,0) size 800x600
  RenderBlock {HTML} at (0,0) size 800x600
    RenderBody {BODY} at (8,8) size 784x584
      RenderBlock {P} at (0,0) size 784x36
        RenderText {#text} at (0,0) size 769x36
          text run at (0,0) width 660: "This tests for a bug when creating markup for a selection that contained unrendered nodes with children. "
          text run at (660,0) width 109: "You should see a"
          text run at (0,18) width 248: "picture of abe followed by a select box."
      RenderBlock {P} at (0,52) size 784x18
        RenderInline {B} at (0,0) size 639x18
          RenderText {#text} at (0,0) size 195x18
            text run at (0,0) width 195: "This currently demonstrates "
          RenderInline {A} at (0,0) size 56x18 [color=#0000EE]
            RenderText {#text} at (195,0) size 56x18
              text run at (195,0) width 56: "4641033"
          RenderText {#text} at (251,0) size 384x18
            text run at (251,0) width 384: " Copy/paste of a select element fails to include the options"
          RenderText {#text} at (635,0) size 4x18
            text run at (635,0) width 4: "."
      RenderBlock {DIV} at (0,86) size 784x128
        RenderBlock (anonymous) at (0,0) size 784x110
          RenderImage {IMG} at (0,0) size 76x103
          RenderText {#text} at (76,89) size 4x18
            text run at (76,89) width 4: " "
          RenderMenuList {SELECT} at (82,90) size 36x18
        RenderBlock {DIV} at (0,110) size 784x18
          RenderBR {BR} at (0,0) size 0x18
      RenderBlock (anonymous) at (0,214) size 784x110
        RenderImage {IMG} at (0,0) size 76x103
        RenderText {#text} at (76,89) size 4x18
          text run at (76,89) width 4: " "
        RenderMenuList {SELECT} at (82,90) size 52x18
          RenderBlock (anonymous) at (8,2) size 21x13
            RenderText at (0,0) size 19x13
              text run at (0,0) width 19: "    1"
        RenderText {#text} at (0,0) size 0x0
        RenderText {#text} at (0,0) size 0x0
caret: position 0 of child 0 {BR} of child 3 {DIV} of child 4 {DIV} of child 0 {BODY} of child 0 {HTML} of document
