EDITING DELEGATE: shouldBeginEditingInDOMRange:range from 0 of DIV > BODY > HTML > #document to 0 of DIV > BODY > HTML > #document
EDITING DELEGATE: webViewDidBeginEditing:WebViewDidBeginEditingNotification
EDITING DELEGATE: webViewDidChangeSelection:WebViewDidChangeSelectionNotification
EDITING DELEGATE: shouldChangeSelectedDOMRange:range from 0 of DIV > BODY > HTML > #document to 0 of DIV > BODY > HTML > #document toDOMRange:range from 1 of DIV > DIV > BODY > HTML > #document to 1 of DIV > DIV > BODY > HTML > #document affinity:NSSelectionAffinityDownstream stillSelecting:FALSE
EDITING DELEGATE: webViewDidChangeSelection:WebViewDidChangeSelectionNotification
EDITING DELEGATE: webViewDidChange:WebViewDidChangeNotification
layer at (0,0) size 800x600
  RenderCanvas at (0,0) size 800x600
layer at (0,0) size 800x600
  RenderBlock {HTML} at (0,0) size 800x600
    RenderBody {BODY} at (8,8) size 784x584
      RenderBlock {P} at (0,0) size 784x36
        RenderText {TEXT} at (0,0) size 427x18
          text run at (0,0) width 427: "This is a replica of the paste that caused the crash covered by 8145. "
        RenderInline {B} at (0,0) size 775x36
          RenderText {TEXT} at (427,0) size 775x36
            text run at (427,0) width 216: "It currently demonstrates 8219. "
            text run at (643,0) width 132: "Two extra newlines"
            text run at (0,18) width 477: "are added when pasting a single styled line into a plaintext-only region."
      RenderBlock {DIV} at (0,52) size 784x56 [border: (1px solid #000000)]
        RenderBlock (anonymous) at (1,1) size 782x18
          RenderText {TEXT} at (0,0) size 71x18
            text run at (0,0) width 71: "foo bar baz"
        RenderBlock {DIV} at (1,19) size 782x36
          RenderBR {BR} at (0,0) size 0x18
          RenderBR {BR} at (0,18) size 0x18
caret: position 0 of child 1 {BR} of child 1 {DIV} of child 2 {DIV} of child 0 {BODY} of child 0 {HTML} of document
