layer at (0,0) size 800x600
  RenderCanvas at (0,0) size 800x600
layer at (0,0) size 800x72
  RenderBlock {HTML} at (0,0) size 800x72
    RenderBody {BODY} at (8,8) size 784x56
      RenderBlock {DIV} at (0,0) size 784x56 [border: (2px solid #FF0000)]
        RenderInline {SPAN} at (0,0) size 140x28
          RenderText {TEXT} at (14,14) size 109x28
            text run at (14,14) width 109: "foo bar baz"
          RenderInline {SPAN} at (0,0) size 31x28
            RenderText {TEXT} at (123,14) size 31x28
              text run at (123,14) width 31: "bar"
selection is CARET:
start:      position 3 of child 1 {TEXT} of child 2 {SPAN} of child 2 {SPAN} of root {DIV}
upstream:   position 3 of child 1 {TEXT} of child 2 {SPAN} of child 2 {SPAN} of root {DIV}
downstream: position 3 of child 1 {TEXT} of child 2 {SPAN} of child 2 {SPAN} of root {DIV}
