EDITING DELEGATE: shouldChangeSelectedDOMRange:(null) toDOMRange:range from 0 of #text > B > FONT > P > BODY > HTML > #document to 5 of #text > B > FONT > P > BODY > HTML > #document affinity:NSSelectionAffinityDownstream stillSelecting:FALSE
EDITING DELEGATE: webViewDidChangeSelection:WebViewDidChangeSelectionNotification
EDITING DELEGATE: webViewDidChangeSelection:WebViewDidChangeSelectionNotification
EDITING DELEGATE: webViewDidChangeSelection:WebViewDidChangeSelectionNotification
EDITING DELEGATE: shouldChangeSelectedDOMRange:(null) toDOMRange:range from 0 of P > BODY > HTML > #document to 0 of P > BODY > HTML > #document affinity:NSSelectionAffinityDownstream stillSelecting:FALSE
EDITING DELEGATE: webViewDidChangeSelection:WebViewDidChangeSelectionNotification
EDITING DELEGATE: webViewDidChange:WebViewDidChangeNotification
EDITING DELEGATE: shouldInsertNode:#document-fragment replacingDOMRange:range from 0 of P > BODY > HTML > #document to 0 of P > BODY > HTML > #document givenAction:WebViewInsertActionPasted
EDITING DELEGATE: webViewDidChangeSelection:WebViewDidChangeSelectionNotification
EDITING DELEGATE: shouldChangeSelectedDOMRange:(null) toDOMRange:range from 5 of #text > B > FONT > P > BODY > HTML > #document to 5 of #text > B > FONT > P > BODY > HTML > #document affinity:NSSelectionAffinityDownstream stillSelecting:FALSE
EDITING DELEGATE: webViewDidChangeSelection:WebViewDidChangeSelectionNotification
EDITING DELEGATE: webViewDidChange:WebViewDidChangeNotification
layer at (0,0) size 800x600
  RenderCanvas at (0,0) size 800x600
layer at (0,0) size 800x600
  RenderBlock {HTML} at (0,0) size 800x600
    RenderBody {BODY} at (8,8) size 784x576
      RenderBlock {P} at (0,0) size 784x18
        RenderInline {FONT} at (0,0) size 37x18
          RenderInline {B} at (0,0) size 37x18
            RenderText {TEXT} at (0,0) size 37x18
              text run at (0,0) width 37: "hello"
      RenderBlock {P} at (0,34) size 784x18
        RenderInline {FONT} at (0,0) size 39x18
          RenderInline {B} at (0,0) size 39x18
            RenderText {TEXT} at (0,0) size 39x18
              text run at (0,0) width 39: "there"
      RenderBlock {P} at (0,68) size 784x18
        RenderInline {FONT} at (0,0) size 37x18
          RenderInline {B} at (0,0) size 37x18
            RenderText {TEXT} at (0,0) size 37x18
              text run at (0,0) width 37: "hello"
      RenderBlock {P} at (0,102) size 784x18
        RenderInline {FONT} at (0,0) size 39x18
          RenderInline {B} at (0,0) size 39x18
            RenderText {TEXT} at (0,0) size 39x18
              text run at (0,0) width 39: "there"
caret: position 5 of child 0 {TEXT} of child 0 {B} of child 0 {FONT} of child 5 {P} of child 1 {BODY} of child 0 {HTML} of document
