layer at (0,0) size 800x600
  RenderCanvas at (0,0) size 800x600
layer at (0,0) size 800x600
  RenderBlock {HTML} at (0,0) size 800x600
    RenderBody {BODY} at (8,8) size 784x584
      RenderBlock {DIV} at (0,0) size 784x140 [border: (2px solid #FF0000)]
        RenderBlock (anonymous) at (14,14) size 756x28
          RenderText {TEXT} at (0,0) size 351x28
            text run at (0,0) width 351: "Omitted, all the voyage of their life,"
        RenderBlock {DIV} at (14,42) size 756x56 [border: (2px solid #FF0000)]
          RenderText {TEXT} at (14,14) size 357x28
            text run at (14,14) width 357: "Is bound in shallows and in miseries."
        RenderBlock (anonymous) at (14,98) size 756x28
          RenderText {TEXT} at (0,0) size 17x28
            text run at (0,0) width 17: "U"
      RenderBlock {DIV} at (0,140) size 784x56 [border: (2px solid #FF0000)]
        RenderText {TEXT} at (14,14) size 17x28
          text run at (14,14) width 17: "U"
        RenderText {TEXT} at (31,14) size 365x28
          text run at (31,14) width 365: "pon such a full sea are we now afloat,"
selection is CARET:
start:      position 1 of child 1 {TEXT} of child 3 {DIV} of root {BODY}
upstream:   position 1 of child 1 {TEXT} of child 3 {DIV} of root {BODY}
downstream: position 0 of child 2 {TEXT} of child 3 {DIV} of root {BODY}
