layer at (0,0) size 800x600
  RenderCanvas at (0,0) size 800x600
layer at (0,0) size 800x600
  RenderBlock {HTML} at (0,0) size 800x600
    RenderBody {BODY} at (8,8) size 784x584
      RenderBlock {DIV} at (0,0) size 784x240 [border: (2px solid #0000FF)]
        RenderBlock {DIV} at (14,14) size 756x84
          RenderText {TEXT} at (0,0) size 67x28
            text run at (0,0) width 67: "Tests: "
          RenderBR {BR} at (0,0) size 0x0
          RenderText {TEXT} at (0,28) size 113x28
            text run at (0,28) width 113: "Bug fix for "
          RenderInline {A} at (0,0) size 260x28 [color=#0000EE]
            RenderText {TEXT} at (113,28) size 260x28
              text run at (113,28) width 260: "<rdar://problem/4035648>"
          RenderText {TEXT} at (373,28) size 717x56
            text run at (373,28) width 344: " REGRESSION (Mail): line feed in"
            text run at (0,56) width 487: "source HTML file causes bad copy/paste behavior"
        RenderBlock {DIV} at (14,114) size 756x112
          RenderText {TEXT} at (0,0) size 189x28
            text run at (0,0) width 189: "Expected Results: "
          RenderBR {BR} at (0,0) size 0x0
          RenderText {TEXT} at (0,28) size 521x28
            text run at (0,28) width 521: "Should see the text self-documenting itself correctly: "
          RenderBR {BR} at (0,0) size 0x0
          RenderInline {B} at (0,0) size 45x28
            RenderText {TEXT} at (0,56) size 45x28
              text run at (0,56) width 45: "bold"
            RenderBR {BR} at (0,0) size 0x0
          RenderText {TEXT} at (0,84) size 49x28
            text run at (0,84) width 49: "plain"
      RenderBlock {DIV} at (0,264) size 784x88
        RenderBlock {DIV} at (0,0) size 784x88 [border: (2px solid #FF0000)]
          RenderBR {BR} at (2,2) size 0x28
          RenderInline {B} at (0,0) size 45x28
            RenderText {TEXT} at (2,30) size 45x28
              text run at (2,30) width 45: "bold"
            RenderBR {BR} at (0,0) size 0x0
          RenderText {TEXT} at (2,58) size 49x28
            text run at (2,58) width 49: "plain"
selection is CARET:
start:      position 5 of child 3 {TEXT} of child 1 {DIV} of root {DIV}
upstream:   position 5 of child 3 {TEXT} of child 1 {DIV} of root {DIV}
downstream: position 5 of child 3 {TEXT} of child 1 {DIV} of root {DIV}
