layer at (0,0) size 800x600
  RenderCanvas at (0,0) size 800x600
layer at (0,0) size 800x600
  RenderBlock {HTML} at (0,0) size 800x600
    RenderBody {BODY} at (8,8) size 784x584
      RenderBlock {DIV} at (0,0) size 784x84
        RenderBlock {DIV} at (0,0) size 784x84 [border: (2px solid #FF0000)]
          RenderBlock {P} at (14,14) size 756x28
            RenderText {TEXT} at (0,0) size 32x28
              text run at (0,0) width 32: "foo"
          RenderBlock {P} at (14,42) size 756x28
            RenderText {TEXT} at (0,0) size 31x28
              text run at (0,0) width 31: "bar"
      RenderBlock {P} at (0,84) size 784x28
        RenderInline {FONT} at (0,0) size 32x28
          RenderInline {SPAN} at (0,0) size 32x28
            RenderText {TEXT} at (0,0) size 32x28
              text run at (0,0) width 32: "foo"
      RenderBlock {P} at (0,112) size 784x28
        RenderInline {FONT} at (0,0) size 31x28
          RenderInline {SPAN} at (0,0) size 31x28
            RenderText {TEXT} at (0,0) size 31x28
              text run at (0,0) width 31: "bar"
selection is CARET:
start:      position 3 of child 1 {TEXT} of child 1 {SPAN} of child 1 {FONT} of child 5 {P} of child 2 {BODY} of child 1 {HTML} of root {}
upstream:   position 3 of child 1 {TEXT} of child 1 {SPAN} of child 1 {FONT} of child 5 {P} of child 2 {BODY} of child 1 {HTML} of root {}
downstream: position 3 of child 1 {TEXT} of child 1 {SPAN} of child 1 {FONT} of child 5 {P} of child 2 {BODY} of child 1 {HTML} of root {}
