layer at (0,0) size 800x600
  RenderCanvas at (0,0) size 800x600
layer at (0,0) size 800x600
  RenderBlock {HTML} at (0,0) size 800x600
    RenderBody {BODY} at (8,8) size 784x584
      RenderBlock {DIV} at (0,0) size 784x212 [border: (2px solid #0000FF)]
        RenderBlock {DIV} at (14,14) size 756x84
          RenderText {TEXT} at (0,0) size 67x28
            text run at (0,0) width 67: "Tests: "
          RenderBR {BR} at (0,0) size 0x0
          RenderText {TEXT} at (0,28) size 162x28
            text run at (0,28) width 162: "Fix for this bug: "
          RenderInline {A} at (0,0) size 260x28 [color=#0000EE]
            RenderText {TEXT} at (162,28) size 260x28
              text run at (162,28) width 260: "<rdar://problem/4039676>"
          RenderText {TEXT} at (422,28) size 315x28
            text run at (422,28) width 315: " REGRESSION (Mail): in reply,"
          RenderInline {CR} at (0,0) size 708x28
            RenderText {TEXT} at (0,56) size 708x28
              text run at (0,56) width 708: "on pasted text (without trailing newline) is eaten when pasted above date"
        RenderBlock {DIV} at (14,114) size 756x84
          RenderText {TEXT} at (0,0) size 189x28
            text run at (0,0) width 189: "Expected Results: "
          RenderBR {BR} at (0,0) size 0x0
          RenderText {TEXT} at (0,28) size 708x56
            text run at (0,28) width 708: "Should see two lines of text below, self-documenting themselves as \"line"
            text run at (0,56) width 197: "one\" and \"line two\"."
      RenderBlock {DIV} at (0,236) size 784x60
        RenderBlock {DIV} at (0,0) size 784x60 [border: (2px solid #FF0000)]
          RenderText {TEXT} at (2,2) size 78x28
            text run at (2,2) width 78: "line one"
          RenderBR {BR} at (0,0) size 0x0
          RenderText {TEXT} at (2,30) size 79x28
            text run at (2,30) width 79: "line two"
selection is CARET:
start:      position 8 of child 1 {TEXT} of child 1 {DIV} of root {DIV}
upstream:   position 8 of child 1 {TEXT} of child 1 {DIV} of root {DIV}
downstream: position 0 of child 2 {BR} of child 1 {DIV} of root {DIV}
