layer at (0,0) size 800x600
  RenderCanvas at (0,0) size 800x600
layer at (0,0) size 800x600
  RenderBlock {HTML} at (0,0) size 800x600
    RenderBody {BODY} at (8,8) size 784x584
      RenderBlock {DIV} at (0,0) size 784x56 [border: (2px solid #FF0000)]
        RenderText {TEXT} at (14,14) size 63x28
          text run at (14,14) width 63: "There "
        RenderText {TEXT} at (77,14) size 285x28
          text run at (77,14) width 285: "is a tide in the affairs of men,"
      RenderBlock {DIV} at (0,56) size 784x56 [border: (2px solid #FF0000)]
        RenderText {TEXT} at (14,14) size 124x28
          text run at (14,14) width 124: "Which taken"
        RenderText {TEXT} at (138,14) size 285x28
          text run at (138,14) width 285: "is a tide in the affairs of men,"
      RenderBlock {DIV} at (0,112) size 784x56 [border: (2px solid #FF0000)]
        RenderText {TEXT} at (14,14) size 124x28
          text run at (14,14) width 124: "Which taken"
        RenderText {TEXT} at (138,14) size 310x28
          text run at (138,14) width 310: " at the flood leads on to fortune."
      RenderBlock {DIV} at (0,168) size 784x56 [border: (2px solid #FF0000)]
        RenderText {TEXT} at (14,14) size 351x28
          text run at (14,14) width 351: "Omitted, all the voyage of their life,"
      RenderBlock {DIV} at (0,224) size 784x56 [border: (2px solid #FF0000)]
        RenderText {TEXT} at (14,14) size 357x28
          text run at (14,14) width 357: "Is bound in shallows and in miseries."
selection is CARET:
start:      position 11 of child 1 {TEXT} of child 3 {DIV} of root {BODY}
upstream:   position 11 of child 1 {TEXT} of child 3 {DIV} of root {BODY}
downstream: position 0 of child 2 {TEXT} of child 3 {DIV} of root {BODY}
