EDITING DELEGATE: webViewDidChangeSelection:WebViewDidChangeSelectionNotification
EDITING DELEGATE: webViewDidChangeSelection:WebViewDidChangeSelectionNotification
EDITING DELEGATE: webViewDidChangeSelection:WebViewDidChangeSelectionNotification
EDITING DELEGATE: webViewDidChangeSelection:WebViewDidChangeSelectionNotification
EDITING DELEGATE: webViewDidChangeSelection:WebViewDidChangeSelectionNotification
EDITING DELEGATE: webViewDidChangeSelection:WebViewDidChangeSelectionNotification
EDITING DELEGATE: shouldInsertNode:#document-fragment replacingDOMRange:range from 3 of #text > SPAN > SPAN > DIV > BODY > HTML > #document to 3 of #text > SPAN > SPAN > DIV > BODY > HTML > #document givenAction:WebViewInsertActionPasted
EDITING DELEGATE: webViewDidChangeSelection:WebViewDidChangeSelectionNotification
EDITING DELEGATE: shouldChangeSelectedDOMRange:(null) toDOMRange:range from 1 of #text > SPAN > SPAN > DIV > BODY > HTML > #document to 1 of #text > SPAN > SPAN > DIV > BODY > HTML > #document affinity:NSSelectionAffinityDownstream stillSelecting:FALSE
EDITING DELEGATE: webViewDidChangeSelection:WebViewDidChangeSelectionNotification
EDITING DELEGATE: webViewDidChange:WebViewDidChangeNotification
EDITING DELEGATE: webViewDidChangeSelection:WebViewDidChangeSelectionNotification
EDITING DELEGATE: shouldChangeSelectedDOMRange:(null) toDOMRange:range from 2 of #text > SPAN > SPAN > DIV > BODY > HTML > #document to 2 of #text > SPAN > SPAN > DIV > BODY > HTML > #document affinity:NSSelectionAffinityDownstream stillSelecting:FALSE
EDITING DELEGATE: webViewDidChangeSelection:WebViewDidChangeSelectionNotification
EDITING DELEGATE: webViewDidChange:WebViewDidChangeNotification
layer at (0,0) size 800x600
  RenderCanvas at (0,0) size 800x600
layer at (0,0) size 800x600
  RenderBlock {HTML} at (0,0) size 800x600
    RenderBody {BODY} at (8,8) size 784x584
      RenderBlock {DIV} at (0,0) size 784x56 [border: (2px solid #FF0000)]
        RenderInline {SPAN} at (0,0) size 178x28
          RenderText {TEXT} at (14,14) size 11x28
            text run at (14,14) width 11: "a"
          RenderInline {SPAN} at (0,0) size 133x28
            RenderText {TEXT} at (25,14) size 133x28
              text run at (25,14) width 133: "\x{9}\x{9}\x{9}"
          RenderInline {SPAN} at (0,0) size 23x28
            RenderText {TEXT} at (158,14) size 23x28
              text run at (158,14) width 23: "ax"
          RenderText {TEXT} at (181,14) size 11x28
            text run at (181,14) width 11: "z"
        RenderText {TEXT} at (0,0) size 0x0
caret: position 2 of child 0 {TEXT} of child 2 {SPAN} of child 1 {SPAN} of child 1 {DIV} of child 1 {BODY} of child 0 {HTML} of document
