layer at (0,0) size 800x600
  RenderCanvas at (0,0) size 800x600
layer at (0,0) size 800x600
  RenderBlock {HTML} at (0,0) size 800x600
    RenderBody {BODY} at (8,8) size 784x584
      RenderBlock (anonymous) at (0,0) size 784x36
        RenderText {TEXT} at (0,0) size 96x18
          text run at (0,0) width 96: "Fixes this bug: "
        RenderInline {A} at (0,0) size 167x18 [color=#0000EE]
          RenderText {TEXT} at (96,0) size 167x18
            text run at (96,0) width 167: "<rdar://problem/3927554>"
        RenderText {TEXT} at (263,0) size 385x18
          text run at (263,0) width 385: " REGRESSION (Mail): Paste inserts content in wrong place "
        RenderBR {BR} at (0,0) size 0x0
        RenderText {TEXT} at (0,18) size 378x18
          text run at (0,18) width 378: "***TEST*** line should be second, following the first line."
      RenderBlock {DIV} at (0,36) size 784x12
      RenderBlock {DIV} at (0,48) size 784x224
        RenderBlock {DIV} at (0,0) size 784x224 [border: (2px solid #FF0000)]
          RenderBlock {P} at (14,14) size 756x112
            RenderBlock (anonymous) at (0,0) size 756x28
              RenderText {TEXT} at (0,0) size 319x28
                text run at (0,0) width 319: "Should be first line of document."
              RenderBR {BR} at (0,0) size 0x0
            RenderBlock {P} at (0,28) size 756x28
              RenderText {TEXT} at (0,0) size 130x28
                text run at (0,0) width 130: "***TEST***"
            RenderBlock (anonymous) at (0,56) size 756x56
              RenderBR {BR} at (0,0) size 0x28
              RenderText {TEXT} at (0,28) size 128x28
                text run at (0,28) width 128: "Another line."
          RenderBlock {P} at (14,126) size 756x0
          RenderBlock (anonymous) at (14,126) size 756x28
            RenderText {TEXT} at (0,0) size 6x28
              text run at (0,0) width 6: " "
          RenderBlock {P} at (14,154) size 756x0
          RenderBlock (anonymous) at (14,154) size 756x28
            RenderText {TEXT} at (0,0) size 6x28
              text run at (0,0) width 6: " "
          RenderBlock {P} at (14,182) size 756x28
            RenderBR {BR} at (0,0) size 0x28
selection is CARET:
start:      position 0 of child 4 {BR} of child 1 {P} of child 1 {DIV} of root {DIV}
upstream:   position 0 of child 4 {BR} of child 1 {P} of child 1 {DIV} of root {DIV}
downstream: position 0 of child 4 {BR} of child 1 {P} of child 1 {DIV} of root {DIV}
