EDITING DELEGATE: shouldBeginEditingInDOMRange:range from 0 of DIV > BODY > HTML > #document to 1 of DIV > BODY > HTML > #document
EDITING DELEGATE: webViewDidBeginEditing:WebViewDidBeginEditingNotification
EDITING DELEGATE: webViewDidChangeSelection:WebViewDidChangeSelectionNotification
EDITING DELEGATE: shouldChangeSelectedDOMRange:range from 1 of DIV > BODY > HTML > #document to 1 of DIV > BODY > HTML > #document toDOMRange:range from 1 of DIV > BODY > HTML > #document to 1 of DIV > BODY > HTML > #document affinity:NSSelectionAffinityDownstream stillSelecting:FALSE
EDITING DELEGATE: webViewDidChange:WebViewDidChangeNotification
layer at (0,0) size 800x600
  RenderView at (0,0) size 800x600
layer at (0,0) size 800x600
  RenderBlock {HTML} at (0,0) size 800x600
    RenderBody {BODY} at (8,8) size 784x584
      RenderBlock {P} at (0,0) size 784x54
        RenderText {#text} at (0,0) size 779x54
          text run at (0,0) width 779: "This is a test to make sure that the final <br> in an incoming fragment is interpretted strictly in quirks mode (where brs at the"
          text run at (0,18) width 184: "end of blocks are collapsed). "
          text run at (184,18) width 545: "This test used to fail because placeholders where the paste occured were removed after"
          text run at (0,36) width 175: "incoming brs were handled."
      RenderBlock {P} at (0,70) size 784x18
        RenderText {#text} at (0,0) size 385x18
          text run at (0,0) width 385: "There should be two blank lines in the editable region below."
      RenderBlock {DIV} at (0,104) size 784x36
        RenderBR {BR} at (0,0) size 0x18
        RenderBR {BR} at (0,18) size 0x18
caret: position 0 of child 1 {BR} of child 4 {DIV} of child 1 {BODY} of child 0 {HTML} of document
