layer at (0,0) size 800x600
  RenderCanvas at (0,0) size 800x600
layer at (0,0) size 800x600
  RenderBlock {HTML} at (0,0) size 800x600
    RenderBody {BODY} at (8,8) size 784x584
      RenderBlock {DIV} at (0,0) size 784x212 [border: (2px solid #0000FF)]
        RenderBlock {DIV} at (14,14) size 756x56
          RenderText {TEXT} at (0,0) size 67x28
            text run at (0,0) width 67: "Tests: "
          RenderBR {BR} at (0,0) size 0x0
          RenderText {TEXT} at (0,28) size 487x28
            text run at (0,28) width 487: "Smart paste when pasting in the middle of a word."
        RenderBlock {DIV} at (14,86) size 756x112
          RenderText {TEXT} at (0,0) size 189x28
            text run at (0,0) width 189: "Expected Results: "
          RenderBR {BR} at (0,0) size 0x0
          RenderText {TEXT} at (0,28) size 738x56
            text run at (0,28) width 738: "Spaces should be added before and after the pasted word. It should look like"
            text run at (0,56) width 48: "this: "
          RenderBR {BR} at (0,0) size 0x0
          RenderText {TEXT} at (0,84) size 80x28
            text run at (0,84) width 80: "te test st"
      RenderBlock {DIV} at (0,236) size 784x32
        RenderBlock {DIV} at (0,0) size 784x32 [border: (2px solid #FF0000)]
          RenderText {TEXT} at (2,2) size 18x28
            text run at (2,2) width 18: "te"
          RenderText {TEXT} at (20,2) size 46x28
            text run at (20,2) width 46: " test "
          RenderText {TEXT} at (66,2) size 16x28
            text run at (66,2) width 16: "st"
selection is CARET:
start:      position 6 of child 2 {TEXT} of child 1 {DIV} of root {DIV}
upstream:   position 6 of child 2 {TEXT} of child 1 {DIV} of root {DIV}
downstream: position 0 of child 3 {TEXT} of child 1 {DIV} of root {DIV}
