layer at (0,0) size 838x584
  RenderView at (0,0) size 800x584
layer at (0,0) size 800x584
  RenderBlock {HTML} at (0,0) size 800x584
    RenderBody {BODY} at (8,8) size 784x568
      RenderBlock {H1} at (0,0) size 784x42
        RenderText {#text} at (0,0) size 195x42
          text run at (0,0) width 195: "Cloning nodes"
      RenderBlock {DIV} at (0,63) size 784x44 [bgcolor=#FFFF00] [border: (2px ridge #000000)]
        RenderInline {SPAN} at (0,0) size 828x40
          RenderText {#text} at (2,2) size 60x40
            text run at (2,2) width 60: "Bold"
          RenderInline {SPAN} at (0,0) size 708x40
            RenderText {#text} at (62,2) size 205x40
              text run at (62,2) width 205: "Bold+Underline"
            RenderInline {SPAN} at (0,0) size 281x39
              RenderText {#text} at (267,2) size 281x39
                text run at (267,2) width 281: "Bold+Underline+Italic"
            RenderText {#text} at (548,2) size 222x40
              text run at (548,2) width 222: "Bold+Uunderline"
          RenderText {#text} at (770,2) size 60x40
            text run at (770,2) width 60: "Bold"
        RenderText {#text} at (0,0) size 0x0
      RenderBlock (anonymous) at (0,107) size 784x22
        RenderText {#text} at (0,0) size 198x22
          text run at (0,0) width 198: "Cloned Node with deep=false"
      RenderBlock {DIV} at (0,129) size 784x44 [bgcolor=#FFFF00] [border: (2px ridge #000000)]
        RenderBR {BR} at (2,2) size 0x40
      RenderBlock (anonymous) at (0,173) size 784x22
        RenderText {#text} at (0,0) size 196x22
          text run at (0,0) width 196: "Cloned Node with deep=true"
      RenderBlock {DIV} at (0,195) size 784x44 [bgcolor=#FFFF00] [border: (2px ridge #000000)]
        RenderInline {SPAN} at (0,0) size 828x40
          RenderText {#text} at (2,2) size 60x40
            text run at (2,2) width 60: "Bold"
          RenderInline {SPAN} at (0,0) size 708x40
            RenderText {#text} at (62,2) size 205x40
              text run at (62,2) width 205: "Bold+Underline"
            RenderInline {SPAN} at (0,0) size 281x39
              RenderText {#text} at (267,2) size 281x39
                text run at (267,2) width 281: "Bold+Underline+Italic"
            RenderText {#text} at (548,2) size 222x40
              text run at (548,2) width 222: "Bold+Uunderline"
          RenderText {#text} at (770,2) size 60x40
            text run at (770,2) width 60: "Bold"
        RenderText {#text} at (0,0) size 0x0
