layer at (0,0) size 800x600
  RenderView at (0,0) size 800x600
layer at (0,0) size 800x600
  RenderBlock {HTML} at (0,0) size 800x600
    RenderBody {BODY} at (8,8) size 784x576
      RenderBlock {P} at (0,0) size 784x44
        RenderText {#text} at (0,0) size 765x44
          text run at (0,0) width 765: "This test checks to see whether setting a css value including !important on an inline style property works. The text"
          text run at (0,22) width 194: "should be green if successful."
      RenderBlock {HR} at (0,60) size 784x2 [border: (1px inset #000000)]
      RenderBlock {P} at (0,78) size 784x22 [color=#008000]
        RenderText {#text} at (0,0) size 156x22
          text run at (0,0) width 156: "This is the test element."
      RenderBlock {HR} at (0,116) size 784x2 [border: (1px inset #000000)]
      RenderBlock {OL} at (0,134) size 784x0
