layer at (0,0) size 800x600
  RenderView at (0,0) size 800x600
layer at (0,0) size 800x175
  RenderBlock {HTML} at (0,0) size 800x175
    RenderBody {BODY} at (8,13) size 784x154
      RenderBlock {PRE} at (0,0) size 784x0
      RenderBlock (anonymous) at (0,0) size 784x44
        RenderText {#text} at (0,0) size 766x44
          text run at (0,0) width 766: "This tests that insertRule, deleteRule, and the IE extensions addRule and removeRule update the style when rules"
          text run at (0,22) width 539: "are added and removed. It also tests that disabling a stylesheet updates the style."
      RenderBlock {DIV} at (0,44) size 784x22
        RenderText {#text} at (0,0) size 515x22
          text run at (0,0) width 515: "This is div1. This text should not be red because that rule has been removed."
      RenderBlock {DIV} at (0,66) size 784x22 [color=#0000FF]
        RenderText {#text} at (0,0) size 655x22
          text run at (0,0) width 655: "This is div2. This text should be blue because a matching rule with that property has been added."
      RenderBlock {DIV} at (0,88) size 784x22
        RenderText {#text} at (0,0) size 535x22
          text run at (0,0) width 535: "This is div3. This text should not be yellow because that rule has been removed."
      RenderBlock {DIV} at (0,110) size 784x22 [color=#008000]
        RenderText {#text} at (0,0) size 664x22
          text run at (0,0) width 664: "This is div4. This text should be green because a matching rule with that property has been added."
      RenderBlock {DIV} at (0,132) size 784x22
        RenderText {#text} at (0,0) size 661x22
          text run at (0,0) width 661: "This is div3. This text should not be purple because the stylesheet with that rule has been disabled."
