layer at (0,0) size 785x726
  RenderView at (0,0) size 785x600
layer at (0,0) size 785x726
  RenderBlock {HTML} at (0,0) size 785x726
    RenderBody {BODY} at (8,8) size 769x710
      RenderText {#text} at (0,0) size 0x0
      RenderText {#text} at (0,0) size 0x0
      RenderText {#text} at (0,0) size 0x0
      RenderText {#text} at (0,0) size 0x0
layer at (10,10) size 261x706 clip at (11,11) size 259x704
  RenderTextControl {TEXTAREA} at (2,2) size 261x706 [bgcolor=#FFFFFF] [border: (1px solid #000000)]
    RenderBlock {DIV} at (3,3) size 255x14
      RenderText {#text} at (0,0) size 54x14
        text run at (0,0) width 54: "Sample text"
