layer at (0,0) size 800x600
  RenderView at (0,0) size 800x600
layer at (0,0) size 800x600
  RenderBlock {HTML} at (0,0) size 800x600
    RenderBody {BODY} at (8,8) size 784x576
      RenderBlock {P} at (0,0) size 784x22
        RenderInline {A} at (0,0) size 62x22 [color=#0000EE]
          RenderText {#text} at (0,0) size 62x22
            text run at (0,0) width 62: "bug 8626"
        RenderText {#text} at (62,0) size 393x22
          text run at (62,0) width 9: ": "
          text run at (71,0) width 384: "Strict mode erroneously triggered by a broken comment."
      RenderBlock {P} at (0,38) size 784x22 [color=#00FF00]
        RenderText {#text} at (0,0) size 684x22
          text run at (0,0) width 684: "This text should be green, not black (CSS color values not beginning with '#' are OK in quirks mode)."
