layer at (0,0) size 800x600
  RenderView at (0,0) size 800x600
layer at (0,0) size 800x600
  RenderBlock {HTML} at (0,0) size 800x600
    RenderBody {BODY} at (8,8) size 784x571
      RenderBlock (anonymous) at (0,0) size 784x22
        RenderText {#text} at (0,0) size 579x22
          text run at (0,0) width 579: "--> */ h1 { background-color: red; } /* This comment should not be part of the style. */"
      RenderBlock {H1} at (0,43) size 784x42
        RenderText {#text} at (0,0) size 604x42
          text run at (0,0) width 604: "This text should not have a red background."
