layer at (0,0) size 800x600
  RenderView at (0,0) size 800x600
layer at (0,0) size 800x600
  RenderBlock {HTML} at (0,0) size 800x600
    RenderBody {BODY} at (8,8) size 784x576
      RenderBlock (anonymous) at (0,0) size 784x0
        RenderInline {TIMER:TIME} at (0,0) size 0x0
          RenderText {#text} at (0,0) size 0x0
          RenderText {#text} at (0,0) size 0x0
      RenderBlock (anonymous) at (0,0) size 784x22
        RenderBlock {P} at (0,0) size 784x22
          RenderInline {SPAN} at (0,0) size 79x22 [color=#008000]
            RenderText {#text} at (0,0) size 79x22
              text run at (0,0) width 79: "SUCCESS:"
          RenderText {#text} at (79,0) size 157x22
            text run at (79,0) width 157: " Content was displayed"
      RenderBlock (anonymous) at (0,38) size 784x0
        RenderInline {TIMER:TIME} at (0,0) size 0x0
        RenderText {#text} at (0,0) size 0x0
