layer at (0,0) size 109x560
  RenderView at (0,0) size 96x26
layer at (0,0) size 109x560
  RenderBlock {HTML} at (0,0) size 96x560
    RenderBody {BODY} at (8,8) size 80x544
      RenderTable {TABLE} at (0,0) size 72x28 [border: (2px solid #FF0000)]
        RenderTableSection {TBODY} at (2,2) size 68x24
          RenderTableRow {TR} at (0,2) size 68x20
            RenderTableCell {TD} at (2,2) size 31x20 [border: (1px inset #FF0000)] [r=0 c=0 rs=1 cs=1]
              RenderText {#text} at (2,2) size 27x16
                text run at (2,2) width 27: "One"
            RenderTableCell {TD} at (35,2) size 31x20 [border: (1px inset #FF0000)] [r=0 c=1 rs=1 cs=1]
              RenderText {#text} at (2,2) size 27x16
                text run at (2,2) width 27: "Two"
      RenderBlock (anonymous) at (0,28) size 80x16
        RenderBR {BR} at (0,0) size 0x16
      RenderTable {TABLE} at (0,44) size 74x30 [border: (3px solid #FF0000)]
        RenderTableSection {TBODY} at (3,3) size 68x24
          RenderTableRow {TR} at (0,2) size 68x20
            RenderTableCell {TD} at (2,2) size 31x20 [border: (1px inset #FF0000)] [r=0 c=0 rs=1 cs=1]
              RenderText {#text} at (2,2) size 27x16
                text run at (2,2) width 27: "One"
            RenderTableCell {TD} at (35,2) size 31x20 [border: (1px inset #FF0000)] [r=0 c=1 rs=1 cs=1]
              RenderText {#text} at (2,2) size 27x16
                text run at (2,2) width 27: "Two"
      RenderTable {TABLE} at (0,74) size 62x26 [border: (1px outset #808080)]
        RenderTableSection {TBODY} at (1,1) size 60x24
          RenderTableRow {TR} at (0,2) size 60x20
            RenderTableCell {TD} at (2,2) size 28x20 [border: (1px inset #808080)] [r=0 c=0 rs=1 cs=1]
              RenderText {#text} at (2,2) size 24x16
                text run at (2,2) width 24: "one"
            RenderTableCell {TD} at (32,2) size 26x20 [border: (1px inset #808080)] [r=0 c=1 rs=1 cs=1]
              RenderText {#text} at (2,2) size 22x16
                text run at (2,2) width 22: "two"
      RenderBlock (anonymous) at (0,100) size 80x16
        RenderBR {BR} at (0,0) size 0x16
      RenderTable {TABLE} at (0,116) size 67x22
        RenderTableSection {TBODY} at (0,0) size 67x22
          RenderTableRow {TR} at (0,2) size 67x18
            RenderTableCell {TD} at (2,2) size 18x18 [r=0 c=0 rs=1 cs=1]
              RenderText {#text} at (1,1) size 16x16
                text run at (1,1) width 16: "no"
            RenderTableCell {TD} at (22,2) size 43x18 [r=0 c=1 rs=1 cs=1]
              RenderText {#text} at (1,1) size 41x16
                text run at (1,1) width 41: "border"
      RenderBlock (anonymous) at (0,138) size 80x16
        RenderText {#text} at (0,0) size 64x16
          text run at (0,0) width 64: "This table:"
      RenderTable {TABLE} at (0,154) size 70x26 [border: (1px solid #FF0000)]
        RenderTableSection {TBODY} at (1,1) size 68x24
          RenderTableRow {TR} at (0,2) size 68x20
            RenderTableCell {TD} at (2,2) size 31x20 [border: (1px inset #FF0000)] [r=0 c=0 rs=1 cs=1]
              RenderText {#text} at (2,2) size 27x16
                text run at (2,2) width 27: "One"
            RenderTableCell {TD} at (35,2) size 31x20 [border: (1px inset #FF0000)] [r=0 c=1 rs=1 cs=1]
              RenderText {#text} at (2,2) size 27x16
                text run at (2,2) width 27: "Two"
      RenderBlock (anonymous) at (0,180) size 80x64
        RenderBR {BR} at (0,0) size 0x16
        RenderText {#text} at (0,16) size 73x48
          text run at (0,16) width 73: "Should look"
          text run at (0,32) width 72: "just like this"
          text run at (0,48) width 27: "one:"
      RenderTable {TABLE} at (0,244) size 72x28 [border: (2px outset #808080)]
        RenderTableSection {TBODY} at (2,2) size 68x24
          RenderTableRow {TR} at (0,2) size 68x20
            RenderTableCell {TD} at (2,2) size 31x20 [border: (1px inset #808080)] [r=0 c=0 rs=1 cs=1]
              RenderText {#text} at (2,2) size 27x16
                text run at (2,2) width 27: "One"
            RenderTableCell {TD} at (35,2) size 31x20 [border: (1px inset #808080)] [r=0 c=1 rs=1 cs=1]
              RenderText {#text} at (2,2) size 27x16
                text run at (2,2) width 27: "Two"
      RenderBlock (anonymous) at (0,272) size 80x16
        RenderBR {BR} at (0,0) size 0x16
      RenderTable {TABLE} at (0,288) size 62x26 [border: (1px solid #FF0000)]
        RenderTableSection {TBODY} at (1,1) size 60x24
          RenderTableRow {TR} at (0,2) size 60x20
            RenderTableCell {TD} at (2,2) size 28x20 [border: (1px solid #008000)] [r=0 c=0 rs=1 cs=1]
              RenderText {#text} at (2,2) size 24x16
                text run at (2,2) width 24: "one"
            RenderTableCell {TD} at (32,2) size 26x20 [border: (1px solid #FF0000)] [r=0 c=1 rs=1 cs=1]
              RenderText {#text} at (2,2) size 22x16
                text run at (2,2) width 22: "two"
      RenderBlock (anonymous) at (0,314) size 80x16
        RenderBR {BR} at (0,0) size 0x16
      RenderTable {TABLE} at (0,330) size 101x48 [border: (1px solid #FF0000)]
        RenderTableSection {TBODY} at (1,1) size 99x46
          RenderTableRow {TR} at (0,2) size 99x20
            RenderTableCell {TD} at (2,2) size 28x20 [border: (1px solid #008000)] [r=0 c=0 rs=1 cs=1]
              RenderText {#text} at (2,2) size 24x16
                text run at (2,2) width 24: "one"
            RenderTableCell {TD} at (32,2) size 26x20 [border: (1px solid #FF0000)] [r=0 c=1 rs=1 cs=1]
              RenderText {#text} at (2,2) size 22x16
                text run at (2,2) width 22: "two"
            RenderTableCell {TD} at (60,2) size 37x20 [border: (1px solid #0000FF)] [r=0 c=2 rs=1 cs=1]
              RenderText {#text} at (2,2) size 33x16
                text run at (2,2) width 33: "three"
          RenderTableRow {TR} at (0,24) size 99x20
            RenderTableCell {TD} at (2,24) size 28x20 [border: (1px solid #008000)] [r=1 c=0 rs=1 cs=1]
              RenderText {#text} at (2,2) size 24x16
                text run at (2,2) width 24: "four"
            RenderTableCell {TD} at (32,24) size 26x20 [border: (1px solid #FFFF00)] [r=1 c=1 rs=1 cs=1]
              RenderText {#text} at (2,2) size 22x16
                text run at (2,2) width 22: "five"
            RenderTableCell {TD} at (60,24) size 37x20 [border: (1px solid #FFA500)] [r=1 c=2 rs=1 cs=1]
              RenderText {#text} at (2,2) size 17x16
                text run at (2,2) width 17: "six"
      RenderBlock (anonymous) at (0,378) size 80x16
        RenderBR {BR} at (0,0) size 0x16
      RenderTable {TABLE} at (0,394) size 101x48 [border: (1px solid #FF0000)]
        RenderTableSection {TBODY} at (1,1) size 99x46
          RenderTableRow {TR} at (0,2) size 99x20
            RenderTableCell {TD} at (2,2) size 28x20 [border: (1px solid #008000)] [r=0 c=0 rs=1 cs=1]
              RenderText {#text} at (2,2) size 24x16
                text run at (2,2) width 24: "one"
            RenderTableCell {TD} at (32,2) size 26x20 [border: (1px solid #FF0000)] [r=0 c=1 rs=1 cs=1]
              RenderText {#text} at (2,2) size 22x16
                text run at (2,2) width 22: "two"
            RenderTableCell {TD} at (60,2) size 37x20 [border: (1px solid #0000FF)] [r=0 c=2 rs=1 cs=1]
              RenderText {#text} at (2,2) size 33x16
                text run at (2,2) width 33: "three"
          RenderTableRow {TR} at (0,24) size 99x20
            RenderTableCell {TD} at (2,24) size 28x20 [border: (1px solid #008000)] [r=1 c=0 rs=1 cs=1]
              RenderText {#text} at (2,2) size 24x16
                text run at (2,2) width 24: "four"
            RenderTableCell {TD} at (32,24) size 26x20 [border: (1px solid #FFFF00)] [r=1 c=1 rs=1 cs=1]
              RenderText {#text} at (2,2) size 22x16
                text run at (2,2) width 22: "five"
            RenderTableCell {TD} at (60,24) size 37x20 [border: (1px solid #FFA500)] [r=1 c=2 rs=1 cs=1]
              RenderText {#text} at (2,2) size 17x16
                text run at (2,2) width 17: "six"
      RenderBlock (anonymous) at (0,442) size 80x16
        RenderBR {BR} at (0,0) size 0x16
      RenderTable {TABLE} at (0,458) size 64x34 [border: (5px outset #808080)]
        RenderTableSection {TBODY} at (5,5) size 54x24
          RenderTableRow {TR} at (0,2) size 54x20
            RenderTableCell {TD} at (2,2) size 24x20 [border: (1px inset #808080)] [r=0 c=0 rs=1 cs=1]
              RenderText {#text} at (2,2) size 20x16
                text run at (2,2) width 20: "foo"
            RenderTableCell {TD} at (28,2) size 24x20 [border: (1px inset #808080)] [r=0 c=1 rs=1 cs=1]
              RenderText {#text} at (2,2) size 20x16
                text run at (2,2) width 20: "bar"
      RenderBlock (anonymous) at (0,492) size 80x16
        RenderBR {BR} at (0,0) size 0x16
      RenderTable {TABLE} at (0,508) size 68x36 [border: (5px outset #808080)]
        RenderTableSection {TBODY} at (5,5) size 58x26
          RenderTableRow {TR} at (0,2) size 58x22
            RenderTableCell {TD} at (2,2) size 26x22 [border: (2px solid #FF0000)] [r=0 c=0 rs=1 cs=1]
              RenderText {#text} at (3,3) size 20x16
                text run at (3,3) width 20: "foo"
            RenderTableCell {TD} at (30,2) size 26x22 [border: (2px solid #FF0000)] [r=0 c=1 rs=1 cs=1]
              RenderText {#text} at (3,3) size 20x16
                text run at (3,3) width 20: "bar"
