layer at (0,0) size 614x1202
  RenderView at (0,0) size 96x26
layer at (0,0) size 614x1202
  RenderBlock {HTML} at (0,0) size 96x1202
    RenderBody {BODY} at (8,8) size 80x1186
      RenderTable {TABLE} at (0,0) size 606x60 [border: (1px outset #808080)]
        RenderBlock {CAPTION} at (0,0) size 604x16
          RenderInline {NOBR} at (0,0) size 606x16
            RenderText {#text} at (0,0) size 606x16
              text run at (0,0) width 348: "caption is considered part of % width, not so in Nav4.6, "
              text run at (348,0) width 258: "caption is not considered part of %height"
          RenderText {#text} at (0,0) size 0x0
        RenderTableSection {TBODY} at (1,17) size 604x42
          RenderTableRow {TR} at (0,2) size 604x38
            RenderTableCell {TD} at (2,2) size 600x38 [border: (1px inset #808080)] [r=0 c=0 rs=1 cs=1]
              RenderText {#text} at (11,11) size 30x16
                text run at (11,11) width 30: "FOO"
      RenderBlock (anonymous) at (0,60) size 80x16
        RenderBR {BR} at (0,0) size 0x16
      RenderTable {TABLE} at (0,76) size 80x138 [border: (1px outset #808080)]
        RenderBlock {CAPTION} at (0,0) size 78x16
          RenderText {#text} at (7,0) size 64x16
            text run at (7,0) width 64: "top center"
        RenderTableSection {TBODY} at (1,17) size 78x120
          RenderTableRow {TR} at (0,2) size 78x116
            RenderTableCell {TD} at (2,2) size 74x116 [border: (1px inset #808080)] [r=0 c=0 rs=1 cs=1]
              RenderText {#text} at (2,2) size 64x112
                text run at (2,2) width 64: "FOO FOO"
                text run at (2,18) width 64: "FOO FOO"
                text run at (2,34) width 64: "FOO FOO"
                text run at (2,50) width 64: "FOO FOO"
                text run at (2,66) width 64: "FOO FOO"
                text run at (2,82) width 64: "FOO FOO"
                text run at (2,98) width 64: "FOO FOO"
      RenderBlock (anonymous) at (0,214) size 80x16
        RenderBR {BR} at (0,0) size 0x16
      RenderTable {TABLE} at (0,230) size 80x138 [border: (1px outset #808080)]
        RenderBlock {CAPTION} at (0,0) size 78x16
          RenderText {#text} at (26,0) size 52x16
            text run at (26,0) width 52: "top right"
        RenderTableSection {TBODY} at (1,17) size 78x120
          RenderTableRow {TR} at (0,2) size 78x116
            RenderTableCell {TD} at (2,2) size 74x116 [border: (1px inset #808080)] [r=0 c=0 rs=1 cs=1]
              RenderText {#text} at (2,2) size 64x112
                text run at (2,2) width 64: "FOO FOO"
                text run at (2,18) width 64: "FOO FOO"
                text run at (2,34) width 64: "FOO FOO"
                text run at (2,50) width 64: "FOO FOO"
                text run at (2,66) width 64: "FOO FOO"
                text run at (2,82) width 64: "FOO FOO"
                text run at (2,98) width 64: "FOO FOO"
      RenderBlock (anonymous) at (0,368) size 80x16
        RenderBR {BR} at (0,0) size 0x16
      RenderTable {TABLE} at (0,384) size 80x154 [border: (1px outset #808080)]
        RenderBlock {CAPTION} at (0,122) size 78x32
          RenderText {#text} at (18,0) size 42x32
            text run at (18,0) width 42: "bottom"
            text run at (19,16) width 40: "center"
        RenderTableSection {TBODY} at (1,1) size 78x120
          RenderTableRow {TR} at (0,2) size 78x116
            RenderTableCell {TD} at (2,2) size 74x116 [border: (1px inset #808080)] [r=0 c=0 rs=1 cs=1]
              RenderText {#text} at (2,2) size 64x112
                text run at (2,2) width 64: "FOO FOO"
                text run at (2,18) width 64: "FOO FOO"
                text run at (2,34) width 64: "FOO FOO"
                text run at (2,50) width 64: "FOO FOO"
                text run at (2,66) width 64: "FOO FOO"
                text run at (2,82) width 64: "FOO FOO"
                text run at (2,98) width 64: "FOO FOO"
      RenderBlock (anonymous) at (0,538) size 80x16
        RenderBR {BR} at (0,0) size 0x16
      RenderTable {TABLE} at (0,554) size 80x138 [border: (1px outset #808080)]
        RenderBlock {CAPTION} at (0,122) size 78x16
          RenderText {#text} at (0,0) size 65x16
            text run at (0,0) width 65: "bottom left"
        RenderTableSection {TBODY} at (1,1) size 78x120
          RenderTableRow {TR} at (0,2) size 78x116
            RenderTableCell {TD} at (2,2) size 74x116 [border: (1px inset #808080)] [r=0 c=0 rs=1 cs=1]
              RenderText {#text} at (2,2) size 64x112
                text run at (2,2) width 64: "FOO FOO"
                text run at (2,18) width 64: "FOO FOO"
                text run at (2,34) width 64: "FOO FOO"
                text run at (2,50) width 64: "FOO FOO"
                text run at (2,66) width 64: "FOO FOO"
                text run at (2,82) width 64: "FOO FOO"
                text run at (2,98) width 64: "FOO FOO"
      RenderBlock (anonymous) at (0,692) size 80x16
        RenderBR {BR} at (0,0) size 0x16
      RenderTable {TABLE} at (0,708) size 80x138 [border: (1px outset #808080)]
        RenderBlock {CAPTION} at (0,0) size 78x16
          RenderText {#text} at (7,0) size 64x16
            text run at (7,0) width 64: "top center"
        RenderTableSection {TBODY} at (1,17) size 78x120
          RenderTableRow {TR} at (0,2) size 78x116
            RenderTableCell {TD} at (2,2) size 74x116 [border: (1px inset #808080)] [r=0 c=0 rs=1 cs=1]
              RenderText {#text} at (2,2) size 64x112
                text run at (2,2) width 64: "FOO FOO"
                text run at (2,18) width 64: "FOO FOO"
                text run at (2,34) width 64: "FOO FOO"
                text run at (2,50) width 64: "FOO FOO"
                text run at (2,66) width 64: "FOO FOO"
                text run at (2,82) width 64: "FOO FOO"
                text run at (2,98) width 64: "FOO FOO"
      RenderBlock (anonymous) at (0,846) size 80x16
        RenderBR {BR} at (0,0) size 0x16
      RenderTable {TABLE} at (0,862) size 80x154 [border: (1px outset #808080)]
        RenderBlock {CAPTION} at (0,122) size 78x32
          RenderText {#text} at (18,0) size 42x32
            text run at (18,0) width 42: "bottom"
            text run at (19,16) width 40: "center"
        RenderTableSection {TBODY} at (1,1) size 78x120
          RenderTableRow {TR} at (0,2) size 78x116
            RenderTableCell {TD} at (2,2) size 74x116 [border: (1px inset #808080)] [r=0 c=0 rs=1 cs=1]
              RenderText {#text} at (2,2) size 64x112
                text run at (2,2) width 64: "FOO FOO"
                text run at (2,18) width 64: "FOO FOO"
                text run at (2,34) width 64: "FOO FOO"
                text run at (2,50) width 64: "FOO FOO"
                text run at (2,66) width 64: "FOO FOO"
                text run at (2,82) width 64: "FOO FOO"
                text run at (2,98) width 64: "FOO FOO"
      RenderBlock (anonymous) at (0,1016) size 80x16
        RenderBR {BR} at (0,0) size 0x16
      RenderTable {TABLE} at (0,1032) size 80x138 [border: (1px outset #808080)]
        RenderBlock {CAPTION} at (0,0) size 78x16
          RenderText {#text} at (7,0) size 64x16
            text run at (7,0) width 64: "top center"
        RenderTableSection {TBODY} at (1,17) size 78x120
          RenderTableRow {TR} at (0,2) size 78x116
            RenderTableCell {TD} at (2,2) size 74x116 [border: (1px inset #808080)] [r=0 c=0 rs=1 cs=1]
              RenderText {#text} at (2,2) size 64x112
                text run at (2,2) width 64: "FOO FOO"
                text run at (2,18) width 64: "FOO FOO"
                text run at (2,34) width 64: "FOO FOO"
                text run at (2,50) width 64: "FOO FOO"
                text run at (2,66) width 64: "FOO FOO"
                text run at (2,82) width 64: "FOO FOO"
                text run at (2,98) width 64: "FOO FOO"
      RenderBlock (anonymous) at (0,1170) size 80x16
        RenderBR {BR} at (0,0) size 0x16
