layer at (0,0) size 111x11172
  RenderView at (0,0) size 96x26
layer at (0,0) size 111x11172
  RenderBlock {HTML} at (0,0) size 96x11172
    RenderBody {BODY} at (8,8) size 80x11156
      RenderTable {TABLE} at (0,0) size 38x48 [bgcolor=#0000FF] [border: (1px outset #808080)]
        RenderTableSection {TBODY} at (1,1) size 36x46
          RenderTableRow {TR} at (0,2) size 36x20
            RenderTableCell {TD} at (2,2) size 32x20 [border: (1px inset #808080)] [r=0 c=0 rs=1 cs=1]
              RenderText {#text} at (2,2) size 28x16
                text run at (2,2) width 28: "20%"
          RenderTableRow {TR} at (0,24) size 36x20
            RenderTableCell {TD} at (2,24) size 32x20 [border: (1px inset #808080)] [r=1 c=0 rs=1 cs=1]
              RenderText {#text} at (2,2) size 28x16
                text run at (2,2) width 28: "80%"
      RenderBlock (anonymous) at (0,48) size 80x16
        RenderBR {BR} at (0,0) size 0x16
      RenderTable {TABLE} at (0,64) size 53x108 [bgcolor=#0000FF] [border: (1px outset #808080)]
        RenderTableSection {TBODY} at (1,1) size 51x106
          RenderTableRow {TR} at (0,2) size 51x50
            RenderTableCell {TD} at (2,17) size 47x20 [border: (1px inset #808080)] [r=0 c=0 rs=1 cs=1]
              RenderText {#text} at (2,2) size 43x16
                text run at (2,2) width 43: "row 50"
          RenderTableRow {TR} at (0,54) size 51x50
            RenderTableCell {TD} at (2,69) size 47x20 [border: (1px inset #808080)] [r=1 c=0 rs=1 cs=1]
              RenderText {#text} at (2,2) size 16x16
                text run at (2,2) width 16: "50"
      RenderBlock (anonymous) at (0,172) size 80x16
        RenderBR {BR} at (0,0) size 0x16
      RenderTable {TABLE} at (0,188) size 26x110 [bgcolor=#0000FF] [border: (1px outset #808080)]
        RenderTableSection {TBODY} at (1,1) size 24x108
          RenderTableRow {TR} at (0,2) size 24x52
            RenderTableCell {TD} at (2,2) size 20x52 [border: (1px inset #808080)] [r=0 c=0 rs=1 cs=1]
              RenderText {#text} at (2,2) size 8x48
                text run at (2,2) width 8: "5"
                text run at (2,18) width 8: "5"
                text run at (2,34) width 8: "5"
          RenderTableRow {TR} at (0,56) size 24x50
            RenderTableCell {TD} at (2,71) size 20x20 [border: (1px inset #808080)] [r=1 c=0 rs=1 cs=1]
              RenderText {#text} at (2,2) size 16x16
                text run at (2,2) width 16: "50"
      RenderTable {TABLE} at (0,298) size 34x258 [bgcolor=#0000FF] [border: (1px outset #808080)]
        RenderTableSection {TBODY} at (1,1) size 32x256
          RenderTableRow {TR} at (0,2) size 32x200
            RenderTableCell {TD} at (2,92) size 28x20 [border: (1px inset #808080)] [r=0 c=0 rs=1 cs=1]
              RenderText {#text} at (2,2) size 24x16
                text run at (2,2) width 24: "200"
          RenderTableRow {TR} at (0,204) size 32x50
            RenderTableCell {TD} at (2,219) size 28x20 [border: (1px inset #808080)] [r=1 c=0 rs=1 cs=1]
              RenderText {#text} at (2,2) size 16x16
                text run at (2,2) width 16: "50"
      RenderBlock (anonymous) at (0,556) size 80x16
        RenderBR {BR} at (0,0) size 0x16
      RenderTable {TABLE} at (0,572) size 34x258 [bgcolor=#0000FF] [border: (1px outset #808080)]
        RenderTableSection {TBODY} at (1,1) size 32x256
          RenderTableRow {TR} at (0,2) size 32x200
            RenderTableCell {TD} at (2,92) size 28x20 [border: (1px inset #808080)] [r=0 c=0 rs=1 cs=1]
              RenderText {#text} at (2,2) size 24x16
                text run at (2,2) width 24: "200"
          RenderTableRow {TR} at (0,204) size 32x50
            RenderTableCell {TD} at (2,219) size 28x20 [border: (1px inset #808080)] [r=1 c=0 rs=1 cs=1]
              RenderText {#text} at (2,2) size 16x16
                text run at (2,2) width 16: "50"
      RenderBlock (anonymous) at (0,830) size 80x16
        RenderBR {BR} at (0,0) size 0x16
      RenderTable {TABLE} at (0,846) size 64x208 [bgcolor=#FFA500] [border: (1px outset #808080)]
        RenderTableSection {TBODY} at (1,1) size 62x206
          RenderTableRow {TR} at (0,2) size 62x100
            RenderTableCell {TD} at (2,93) size 28x20 [border: (1px inset #808080)] [r=0 c=0 rs=2 cs=1]
              RenderText {#text} at (2,2) size 24x16
                text run at (2,2) width 24: "100"
            RenderTableCell {TD} at (32,42) size 28x20 [border: (1px inset #808080)] [r=0 c=1 rs=1 cs=1]
              RenderText {#text} at (2,2) size 24x16
                text run at (2,2) width 24: "100"
          RenderTableRow {TR} at (0,104) size 62x100
            RenderTableCell {TD} at (32,128) size 28x52 [border: (1px inset #808080)] [r=1 c=1 rs=1 cs=1]
              RenderText {#text} at (2,2) size 24x48
                text run at (2,2) width 24: "100"
                text run at (2,18) width 24: "100"
                text run at (2,34) width 24: "100"
      RenderBlock (anonymous) at (0,1054) size 80x16
        RenderBR {BR} at (0,0) size 0x16
      RenderTable {TABLE} at (0,1070) size 46x26 [bgcolor=#FFFF00] [border: (1px outset #808080)]
        RenderTableSection {TBODY} at (1,1) size 44x24
          RenderTableRow {TR} at (0,2) size 44x20
            RenderTableCell {TD} at (2,2) size 40x20 [border: (1px inset #808080)] [r=0 c=0 rs=1 cs=1]
              RenderText {#text} at (2,2) size 36x16
                text run at (2,2) width 36: "100%"
      RenderBlock (anonymous) at (0,1096) size 80x16
        RenderBR {BR} at (0,0) size 0x16
      RenderTable {TABLE} at (0,1112) size 38x1112 [bgcolor=#FFA500] [border: (1px outset #808080)]
        RenderTableSection {TBODY} at (1,1) size 36x1110
          RenderTableRow {TR} at (0,2) size 36x220
            RenderTableCell {TD} at (2,102) size 32x20 [border: (1px inset #808080)] [r=0 c=0 rs=1 cs=1]
              RenderText {#text} at (2,2) size 28x16
                text run at (2,2) width 28: "20%"
          RenderTableRow {TR} at (0,224) size 36x884
            RenderTableCell {TD} at (2,656) size 32x20 [border: (1px inset #808080)] [r=1 c=0 rs=1 cs=1]
              RenderText {#text} at (2,2) size 28x16
                text run at (2,2) width 28: "80%"
      RenderBlock (anonymous) at (0,2224) size 80x16
        RenderBR {BR} at (0,0) size 0x16
      RenderTable {TABLE} at (0,2240) size 60x206 [bgcolor=#808080] [border: (1px outset #808080)]
        RenderTableSection {TBODY} at (1,1) size 58x204
          RenderTableRow {TR} at (0,2) size 58x200
            RenderTableCell {TD} at (2,92) size 24x20 [border: (1px inset #808080)] [r=0 c=0 rs=1 cs=1]
              RenderText {#text} at (2,2) size 20x16
                text run at (2,2) width 20: "5%"
            RenderTableCell {TD} at (28,92) size 28x20 [border: (1px inset #808080)] [r=0 c=1 rs=1 cs=1]
              RenderText {#text} at (2,2) size 24x16
                text run at (2,2) width 24: "200"
      RenderBlock (anonymous) at (0,2446) size 80x16
        RenderBR {BR} at (0,0) size 0x16
      RenderTable {TABLE} at (0,2462) size 60x198 [bgcolor=#FFA500] [border: (1px outset #808080)]
        RenderTableSection {TBODY} at (1,1) size 58x196
          RenderTableRow {TR} at (0,2) size 58x192
            RenderTableCell {TD} at (2,88) size 32x20 [border: (1px inset #808080)] [r=0 c=0 rs=1 cs=1]
              RenderText {#text} at (2,2) size 28x16
                text run at (2,2) width 28: "50%"
            RenderTableCell {TD} at (36,88) size 20x20 [border: (1px inset #808080)] [r=0 c=1 rs=1 cs=1]
              RenderText {#text} at (2,2) size 16x16
                text run at (2,2) width 16: "20"
      RenderBlock (anonymous) at (0,2660) size 80x16
        RenderBR {BR} at (0,0) size 0x16
      RenderTable {TABLE} at (0,2676) size 38x2675 [border: (1px outset #808080)]
        RenderTableSection {TBODY} at (1,1) size 36x2673
          RenderTableRow {TR} at (0,2) size 36x505
            RenderTableCell {TD} at (2,244) size 32x20 [border: (1px inset #808080)] [r=0 c=0 rs=1 cs=1]
              RenderText {#text} at (2,2) size 24x16
                text run at (2,2) width 24: "500"
          RenderTableRow {TR} at (0,509) size 36x2162
            RenderTableCell {TD} at (2,1580) size 32x20 [border: (1px inset #808080)] [r=1 c=0 rs=1 cs=1]
              RenderText {#text} at (2,2) size 28x16
                text run at (2,2) width 28: "80%"
      RenderBlock (anonymous) at (0,5351) size 80x16
        RenderBR {BR} at (0,0) size 0x16
      RenderTable {TABLE} at (0,5367) size 103x5367 [bgcolor=#FF0000] [border: (1px outset #808080)]
        RenderTableSection {TBODY} at (1,1) size 101x5365
          RenderTableRow {TR} at (0,2) size 101x1633
            RenderTableCell {TD} at (2,1855) size 31x20 [border: (1px inset #808080)] [r=0 c=0 rs=2 cs=1]
              RenderText {#text} at (2,2) size 24x16
                text run at (2,2) width 24: "500"
            RenderTableCell {TD} at (35,808) size 31x20 [border: (1px inset #808080)] [r=0 c=1 rs=1 cs=1]
              RenderText {#text} at (2,2) size 27x16
                text run at (2,2) width 27: "auto"
          RenderTableRow {TR} at (0,1637) size 101x2091
            RenderTableCell {TD} at (35,2672) size 31x20 [border: (1px inset #808080)] [r=1 c=1 rs=1 cs=1]
              RenderText {#text} at (2,2) size 27x16
                text run at (2,2) width 27: "auto"
            RenderTableCell {TD} at (68,2672) size 31x20 [border: (1px inset #808080)] [r=1 c=2 rs=1 cs=1]
              RenderText {#text} at (2,2) size 27x16
                text run at (2,2) width 27: "auto"
          RenderTableRow {TR} at (0,3730) size 101x1633
            RenderTableCell {TD} at (2,4536) size 31x20 [border: (1px inset #808080)] [r=2 c=0 rs=1 cs=1]
              RenderText {#text} at (2,2) size 27x16
                text run at (2,2) width 27: "auto"
            RenderTableCell {TD} at (35,4536) size 31x20 [border: (1px inset #808080)] [r=2 c=1 rs=1 cs=1]
              RenderText {#text} at (2,2) size 27x16
                text run at (2,2) width 27: "auto"
      RenderBlock (anonymous) at (0,10734) size 80x16
        RenderBR {BR} at (0,0) size 0x16
      RenderTable {TABLE} at (0,10750) size 52x406 [bgcolor=#FFA500] [border: (1px outset #808080)]
        RenderTableSection {TBODY} at (1,1) size 50x404
          RenderTableRow {TR} at (0,2) size 50x400
            RenderTableCell {TD} at (2,2) size 46x400 [border: (1px inset #808080)] [r=0 c=0 rs=1 cs=1]
              RenderTable {TABLE} at (2,2) size 42x396 [bgcolor=#0000FF]
                RenderTableSection {TBODY} at (0,0) size 42x396
                  RenderTableRow {TR} at (0,2) size 42x392
                    RenderTableCell {TD} at (2,189) size 38x18 [r=0 c=0 rs=1 cs=1]
                      RenderText {#text} at (1,1) size 36x16
                        text run at (1,1) width 36: "100%"
