layer at (0,0) size 800x600
  RenderView at (0,0) size 800x600
layer at (0,0) size 800x600
  RenderBlock {HTML} at (0,0) size 800x600
    RenderBody {BODY} at (8,8) size 784x584
      RenderBlock (anonymous) at (0,0) size 784x16
        RenderText {#text} at (0,0) size 61x16
          text run at (0,0) width 61: "auto table"
      RenderTable {TABLE} at (0,16) size 135x26 [border: (1px outset #808080)]
        RenderTableSection {TBODY} at (1,1) size 133x24
          RenderTableRow {TR} at (0,2) size 133x20
            RenderTableCell {TD} at (2,2) size 96x20 [border: (1px inset #808080)] [r=0 c=0 rs=1 cs=1]
              RenderText {#text} at (2,2) size 92x16
                text run at (2,2) width 92: "0% 0% 0% 0%"
            RenderTableCell {TD} at (100,2) size 31x20 [border: (1px inset #808080)] [r=0 c=1 rs=1 cs=1]
              RenderText {#text} at (2,2) size 27x16
                text run at (2,2) width 27: "auto"
      RenderBlock (anonymous) at (0,42) size 784x32
        RenderBR {BR} at (0,0) size 0x16
        RenderText {#text} at (0,16) size 386x16
          text run at (0,16) width 386: "auto table - % width cell increases table width based on % cell"
      RenderTable {TABLE} at (0,74) size 784x76 [border: (1px outset #808080)]
        RenderTableSection {TBODY} at (1,1) size 782x74
          RenderTableRow {TR} at (0,10) size 782x54
            RenderTableCell {TD} at (10,10) size 75x54 [border: (1px inset #808080)] [r=0 c=0 rs=1 cs=1]
              RenderText {#text} at (11,11) size 28x32
                text run at (11,11) width 28: "10%"
                text run at (11,27) width 28: "10%"
            RenderTableCell {TD} at (95,18) size 677x38 [border: (1px inset #808080)] [r=0 c=1 rs=1 cs=1]
              RenderText {#text} at (11,11) size 27x16
                text run at (11,11) width 27: "auto"
      RenderBlock (anonymous) at (0,150) size 784x16
        RenderText {#text} at (0,0) size 386x16
          text run at (0,0) width 386: "auto table - % width cell increases table width based on % cell"
      RenderTable {TABLE} at (0,166) size 352x42 [border: (1px outset #808080)]
        RenderTableSection {TBODY} at (1,1) size 350x40
          RenderTableRow {TR} at (0,10) size 350x20
            RenderTableCell {TD} at (10,10) size 32x20 [border: (1px inset #808080)] [r=0 c=0 rs=1 cs=1]
              RenderText {#text} at (2,2) size 28x16
                text run at (2,2) width 28: "10%"
            RenderTableCell {TD} at (52,10) size 288x20 [border: (1px inset #808080)] [r=0 c=1 rs=1 cs=1]
              RenderText {#text} at (2,2) size 27x16
                text run at (2,2) width 27: "auto"
      RenderBlock (anonymous) at (0,208) size 784x32
        RenderBR {BR} at (0,0) size 0x16
        RenderText {#text} at (0,16) size 529x16
          text run at (0,16) width 529: "auto table - % width cell increases table width based on % cell which makes it largest"
      RenderTable {TABLE} at (0,240) size 784x42 [border: (1px outset #808080)]
        RenderTableSection {TBODY} at (1,1) size 782x40
          RenderTableRow {TR} at (0,10) size 782x20
            RenderTableCell {TD} at (10,10) size 74x20 [border: (1px inset #808080)] [r=0 c=0 rs=1 cs=1]
              RenderText {#text} at (2,2) size 28x16
                text run at (2,2) width 28: "10%"
            RenderTableCell {TD} at (94,10) size 24x20 [border: (1px inset #808080)] [r=0 c=1 rs=1 cs=1]
              RenderText {#text} at (2,2) size 20x16
                text run at (2,2) width 20: "1%"
            RenderTableCell {TD} at (128,10) size 644x20 [border: (1px inset #808080)] [r=0 c=2 rs=1 cs=1]
              RenderText {#text} at (2,2) size 27x16
                text run at (2,2) width 27: "auto"
      RenderBlock (anonymous) at (0,282) size 784x16
        RenderBR {BR} at (0,0) size 0x16
