layer at (0,0) size 108x102
  RenderView at (0,0) size 96x26
layer at (0,0) size 108x102
  RenderBlock {HTML} at (0,0) size 96x102
    RenderBody {BODY} at (8,8) size 80x86
      RenderBlock (anonymous) at (0,0) size 80x64
        RenderText {#text} at (0,0) size 79x64
          text run at (0,0) width 79: "table with no"
          text run at (0,16) width 78: "cells doesn't"
          text run at (0,32) width 52: "show up"
          text run at (0,48) width 56: "BEFORE"
      RenderTable {TABLE} at (0,64) size 100x6 [border: (1px outset #808080)]
        RenderTableSection {TBODY} at (1,1) size 98x4
          RenderTableRow {TR} at (0,2) size 98x0
      RenderBlock (anonymous) at (0,70) size 80x16
        RenderText {#text} at (0,0) size 33x16
          text run at (0,0) width 33: "after "
        RenderBR {BR} at (33,13) size 0x0
