layer at (0,0) size 608x662
  RenderView at (0,0) size 96x26
layer at (0,0) size 608x662
  RenderBlock {HTML} at (0,0) size 96x662
    RenderBody {BODY} at (8,8) size 80x646
      RenderTable {TABLE} at (0,0) size 150x26 [bgcolor=#00FF00] [border: (1px outset #808080)]
        RenderTableSection {TBODY} at (1,1) size 148x24
          RenderTableRow {TR} at (0,2) size 148x20
            RenderTableCell {TD} at (2,2) size 66x20 [border: (1px inset #808080)] [r=0 c=0 rs=1 cs=1]
              RenderText {#text} at (2,2) size 24x16
                text run at (2,2) width 24: "200"
            RenderTableCell {TD} at (70,2) size 76x20 [border: (1px inset #808080)] [r=0 c=1 rs=1 cs=1]
              RenderText {#text} at (2,2) size 63x16
                text run at (2,2) width 63: "one_hund"
      RenderBlock (anonymous) at (0,26) size 80x16
        RenderBR {BR} at (0,0) size 0x16
      RenderTable {TABLE} at (0,42) size 500x26 [border: (1px outset #808080)]
        RenderTableSection {TBODY} at (1,1) size 498x24
          RenderTableRow {TR} at (0,2) size 498x20
            RenderTableCell {TD} at (2,2) size 174x20 [bgcolor=#FF0000] [border: (1px inset #808080)] [r=0 c=0 rs=1 cs=1]
              RenderText {#text} at (2,2) size 76x16
                text run at (2,2) width 76: "fooooooooo"
            RenderTableCell {TD} at (178,2) size 174x20 [bgcolor=#008000] [border: (1px inset #808080)] [r=0 c=1 rs=1 cs=1]
              RenderText {#text} at (2,2) size 76x16
                text run at (2,2) width 76: "fooooooooo"
            RenderTableCell {TD} at (354,2) size 142x20 [bgcolor=#FFA500] [border: (1px inset #808080)] [r=0 c=2 rs=1 cs=1]
              RenderText {#text} at (2,2) size 92x16
                text run at (2,2) width 92: "foo foo foo foo"
      RenderBlock (anonymous) at (0,68) size 80x16
        RenderBR {BR} at (0,0) size 0x16
      RenderBlock {HR} at (0,91) size 402x2 [border: (1px inset #000000)]
      RenderBlock (anonymous) at (0,100) size 80x96
        RenderText {#text} at (0,0) size 72x96
          text run at (0,0) width 72: "fixed table -"
          text run at (0,16) width 62: "fixed cells"
          text run at (0,32) width 21: "are"
          text run at (0,48) width 62: "increased"
          text run at (0,64) width 58: "based on"
          text run at (0,80) width 67: "fixed width"
      RenderTable {TABLE} at (0,196) size 400x42 [border: (1px outset #808080)]
        RenderTableSection {TBODY} at (1,1) size 398x40
          RenderTableRow {TR} at (0,2) size 398x36
            RenderTableCell {TD} at (2,10) size 259x20 [border: (1px inset #808080)] [r=0 c=0 rs=1 cs=1]
              RenderText {#text} at (2,2) size 20x16
                text run at (2,2) width 20: "foo"
            RenderTableCell {TD} at (263,2) size 133x36 [border: (1px inset #808080)] [r=0 c=1 rs=1 cs=1]
              RenderText {#text} at (2,2) size 116x32
                text run at (2,2) width 116: "foo foo foo foo foo"
                text run at (2,18) width 68: "foo foo foo"
      RenderBlock (anonymous) at (0,238) size 80x128
        RenderBR {BR} at (0,0) size 0x16
        RenderBR {BR} at (0,16) size 0x16
        RenderText {#text} at (0,32) size 74x96
          text run at (0,32) width 44: "excess"
          text run at (0,48) width 64: "above min"
          text run at (0,64) width 57: "allocated"
          text run at (0,80) width 58: "based on"
          text run at (0,96) width 74: "fixed widths"
          text run at (0,112) width 56: "(not min)"
      RenderTable {TABLE} at (0,366) size 100x42 [border: (1px outset #808080)]
        RenderTableSection {TBODY} at (1,1) size 98x40
          RenderTableRow {TR} at (0,2) size 98x36
            RenderTableCell {TD} at (2,2) size 33x36 [border: (1px inset #808080)] [r=0 c=0 rs=1 cs=1]
              RenderText {#text} at (2,2) size 20x32
                text run at (2,2) width 20: "foo"
                text run at (2,18) width 20: "foo"
            RenderTableCell {TD} at (37,10) size 59x20 [border: (1px inset #808080)] [r=0 c=1 rs=1 cs=1]
              RenderText {#text} at (2,2) size 20x16
                text run at (2,2) width 20: "foo"
      RenderBlock (anonymous) at (0,408) size 80x112
        RenderBR {BR} at (0,0) size 0x16
        RenderText {#text} at (0,16) size 74x96
          text run at (0,16) width 44: "excess"
          text run at (0,32) width 64: "above min"
          text run at (0,48) width 57: "allocated"
          text run at (0,64) width 58: "based on"
          text run at (0,80) width 74: "fixed widths"
          text run at (0,96) width 56: "(not min)"
      RenderTable {TABLE} at (0,520) size 100x42 [border: (1px outset #808080)]
        RenderTableSection {TBODY} at (1,1) size 98x40
          RenderTableRow {TR} at (0,2) size 98x36
            RenderTableCell {TD} at (2,2) size 24x36 [border: (1px inset #808080)] [r=0 c=0 rs=1 cs=1]
              RenderText {#text} at (2,2) size 20x32
                text run at (2,2) width 20: "foo"
                text run at (2,18) width 20: "foo"
            RenderTableCell {TD} at (28,10) size 68x20 [border: (1px inset #808080)] [r=0 c=1 rs=1 cs=1]
              RenderText {#text} at (2,2) size 20x16
                text run at (2,2) width 20: "foo"
      RenderBlock (anonymous) at (0,562) size 80x16
        RenderBR {BR} at (0,0) size 0x16
      RenderTable {TABLE} at (0,578) size 600x26 [border: (1px outset #808080)]
        RenderTableSection {TBODY} at (1,1) size 598x24
          RenderTableRow {TR} at (0,2) size 598x20
            RenderTableCell {TD} at (2,2) size 24x20 [border: (1px inset #808080)] [r=0 c=0 rs=1 cs=1]
              RenderText {#text} at (2,2) size 20x16
                text run at (2,2) width 20: "foo"
            RenderTableCell {TD} at (28,2) size 568x20 [border: (1px inset #808080)] [r=0 c=1 rs=1 cs=1]
              RenderText {#text} at (2,2) size 20x16
                text run at (2,2) width 20: "foo"
      RenderBlock (anonymous) at (0,604) size 80x16
        RenderBR {BR} at (0,0) size 0x16
      RenderTable {TABLE} at (0,620) size 40x26 [border: (1px outset #808080)]
        RenderTableSection {TBODY} at (1,1) size 38x24
          RenderTableRow {TR} at (0,2) size 38x20
            RenderTableCell {TD} at (2,2) size 34x20 [border: (1px inset #808080)] [r=0 c=0 rs=1 cs=1]
              RenderText {#text} at (2,2) size 20x16
                text run at (2,2) width 20: "foo"
