layer at (0,0) size 96x74
  RenderView at (0,0) size 96x26
layer at (0,0) size 96x74
  RenderBlock {HTML} at (0,0) size 96x74
    RenderBody {BODY} at (8,8) size 80x58
      RenderTable {TABLE} at (0,0) size 80x58 [border: (1px outset #808080)]
        RenderTableSection {TBODY} at (1,1) size 78x56
          RenderTableRow {TR} at (0,2) size 78x52
            RenderTableCell {TD} at (2,2) size 41x52 [border: (1px inset #808080)] [r=0 c=0 rs=1 cs=1]
              RenderText {#text} at (2,2) size 27x48
                text run at (2,2) width 27: "auto"
                text run at (2,18) width 27: "auto"
                text run at (2,34) width 27: "auto"
            RenderTableCell {TD} at (45,18) size 31x20 [border: (1px inset #808080)] [r=0 c=1 rs=1 cs=1]
              RenderText {#text} at (2,2) size 27x16
                text run at (2,2) width 27: "auto"
