layer at (0,0) size 808x600
  RenderView at (0,0) size 800x600
layer at (0,0) size 808x600
  RenderBlock {HTML} at (0,0) size 800x600
    RenderBody {BODY} at (8,8) size 784x584
      RenderTable {TABLE} at (0,0) size 190x32 [border: (1px outset #808080)]
        RenderTableSection {TBODY} at (1,1) size 188x30
          RenderTableRow {TR} at (0,2) size 188x26
            RenderTableCell {TD} at (2,2) size 184x26 [border: (1px inset #808080)] [r=0 c=0 rs=1 cs=1]
              RenderTable {TABLE} at (2,2) size 180x22 [bgcolor=#FFA500]
                RenderTableSection {TBODY} at (0,0) size 180x22
                  RenderTableRow {TR} at (0,2) size 180x18
                    RenderTableCell {TD} at (2,2) size 176x18 [r=0 c=0 rs=1 cs=1]
                      RenderText {#text} at (1,1) size 174x16
                        text run at (1,1) width 174: "nested in auto, width=100%"
      RenderBlock (anonymous) at (0,32) size 784x16
        RenderBR {BR} at (0,0) size 0x16
      RenderTable {TABLE} at (0,48) size 200x32 [border: (1px outset #808080)]
        RenderTableSection {TBODY} at (1,1) size 198x30
          RenderTableRow {TR} at (0,2) size 198x26
            RenderTableCell {TD} at (2,2) size 194x26 [border: (1px inset #808080)] [r=0 c=0 rs=1 cs=1]
              RenderTable {TABLE} at (2,2) size 190x22 [bgcolor=#00FF00]
                RenderTableSection {TBODY} at (0,0) size 190x22
                  RenderTableRow {TR} at (0,2) size 190x18
                    RenderTableCell {TD} at (2,2) size 186x18 [r=0 c=0 rs=1 cs=1]
                      RenderText {#text} at (1,1) size 177x16
                        text run at (1,1) width 177: "nested in fixed, width=100%"
      RenderBlock (anonymous) at (0,80) size 784x16
        RenderBR {BR} at (0,0) size 0x16
      RenderTable {TABLE} at (0,96) size 800x32 [border: (1px outset #808080)]
        RenderTableSection {TBODY} at (1,1) size 798x30
          RenderTableRow {TR} at (0,2) size 798x26
            RenderTableCell {TD} at (2,2) size 794x26 [border: (1px inset #808080)] [r=0 c=0 rs=1 cs=1]
              RenderTable {TABLE} at (2,2) size 790x22 [bgcolor=#00FF00]
                RenderTableSection {TBODY} at (0,0) size 790x22
                  RenderTableRow {TR} at (0,2) size 790x18
                    RenderTableCell {TD} at (2,2) size 786x18 [r=0 c=0 rs=1 cs=1]
                      RenderText {#text} at (1,1) size 177x16
                        text run at (1,1) width 177: "nested in fixed, width=100%"
      RenderBlock (anonymous) at (0,128) size 784x16
        RenderBR {BR} at (0,0) size 0x16
      RenderTable {TABLE} at (0,144) size 223x32 [border: (1px outset #808080)]
        RenderTableSection {TBODY} at (1,1) size 221x30
          RenderTableRow {TR} at (0,2) size 221x26
            RenderTableCell {TD} at (2,2) size 184x26 [border: (1px inset #808080)] [r=0 c=0 rs=1 cs=1]
              RenderTable {TABLE} at (2,2) size 180x22
                RenderTableSection {TBODY} at (0,0) size 180x22
                  RenderTableRow {TR} at (0,2) size 180x18
                    RenderTableCell {TD} at (2,2) size 176x18 [r=0 c=0 rs=1 cs=1]
                      RenderText {#text} at (1,1) size 174x16
                        text run at (1,1) width 174: "nested in auto, width=100%"
            RenderTableCell {TD} at (188,5) size 31x20 [border: (1px inset #808080)] [r=0 c=1 rs=1 cs=1]
              RenderText {#text} at (2,2) size 27x16
                text run at (2,2) width 27: "auto"
      RenderBlock (anonymous) at (0,176) size 784x16
        RenderBR {BR} at (0,0) size 0x16
      RenderTable {TABLE} at (0,192) size 784x32 [border: (1px outset #808080)]
        RenderTableSection {TBODY} at (1,1) size 782x30
          RenderTableRow {TR} at (0,2) size 782x26
            RenderTableCell {TD} at (2,2) size 686x26 [border: (1px inset #808080)] [r=0 c=0 rs=1 cs=1]
              RenderTable {TABLE} at (2,2) size 341x22 [bgcolor=#00FF00]
                RenderTableSection {TBODY} at (0,0) size 341x22
                  RenderTableRow {TR} at (0,2) size 341x18
                    RenderTableCell {TD} at (2,2) size 337x18 [r=0 c=0 rs=1 cs=1]
                      RenderText {#text} at (1,1) size 175x16
                        text run at (1,1) width 175: "nested in 100%, width=50%"
            RenderTableCell {TD} at (690,5) size 90x20 [border: (1px inset #808080)] [r=0 c=1 rs=1 cs=1]
              RenderText {#text} at (2,2) size 20x16
                text run at (2,2) width 20: "foo"
      RenderBlock (anonymous) at (0,224) size 784x16
        RenderBR {BR} at (0,0) size 0x16
      RenderTable {TABLE} at (0,240) size 784x38 [border: (1px outset #808080)]
        RenderTableSection {TBODY} at (1,1) size 782x36
          RenderTableRow {TR} at (0,2) size 782x32
            RenderTableCell {TD} at (2,2) size 554x32 [border: (1px inset #808080)] [r=0 c=0 rs=1 cs=1]
              RenderTable {TABLE} at (2,2) size 275x28 [bgcolor=#00FF00]
                RenderTableSection {TBODY} at (0,0) size 275x28
                  RenderTableRow {TR} at (0,2) size 275x24
                    RenderTableCell {TD} at (2,2) size 271x24 [r=0 c=0 rs=1 cs=1]
                      RenderTable {TABLE} at (1,1) size 134x22 [bgcolor=#FF0000]
                        RenderTableSection {TBODY} at (0,0) size 134x22
                          RenderTableRow {TR} at (0,2) size 134x18
                            RenderTableCell {TD} at (2,2) size 130x18 [r=0 c=0 rs=1 cs=1]
                              RenderText {#text} at (1,1) size 44x16
                                text run at (1,1) width 44: "2n50%"
            RenderTableCell {TD} at (558,8) size 222x20 [border: (1px inset #808080)] [r=0 c=1 rs=1 cs=1]
              RenderText {#text} at (2,2) size 20x16
                text run at (2,2) width 20: "foo"
