layer at (0,0) size 508x1070
  RenderView at (0,0) size 96x26
layer at (0,0) size 508x1070
  RenderBlock {HTML} at (0,0) size 96x1070
    RenderBody {BODY} at (8,8) size 80x1054
      RenderBlock (anonymous) at (0,0) size 80x48
        RenderText {#text} at (0,0) size 69x48
          text run at (0,0) width 69: "Table auto,"
          text run at (0,16) width 48: "no cells"
          text run at (0,32) width 30: "fixed"
      RenderTable {TABLE} at (0,48) size 341x26 [border: (1px outset #808080)]
        RenderTableSection {TBODY} at (1,1) size 339x24
          RenderTableRow {TR} at (0,2) size 339x20
            RenderTableCell {TD} at (2,2) size 240x20 [border: (1px inset #808080)] [r=0 c=0 rs=1 cs=1]
              RenderText {#text} at (2,2) size 236x16
                text run at (2,2) width 236: "fooooooooooooooooooooooooooooo"
            RenderTableCell {TD} at (244,2) size 64x20 [border: (1px inset #808080)] [r=0 c=1 rs=1 cs=1]
              RenderText {#text} at (2,2) size 60x16
                text run at (2,2) width 60: "barrrrrrrrr"
            RenderTableCell {TD} at (310,2) size 27x20 [border: (1px inset #808080)] [r=0 c=2 rs=1 cs=1]
              RenderText {#text} at (2,2) size 23x16
                text run at (2,2) width 23: "zap"
      RenderBlock (anonymous) at (0,74) size 80x64
        RenderBR {BR} at (0,0) size 0x16
        RenderText {#text} at (0,16) size 72x48
          text run at (0,16) width 72: "Table fixed,"
          text run at (0,32) width 48: "no cells"
          text run at (0,48) width 30: "fixed"
      RenderTable {TABLE} at (0,138) size 500x26 [border: (1px outset #808080)]
        RenderTableSection {TBODY} at (1,1) size 498x24
          RenderTableRow {TR} at (0,2) size 498x20
            RenderTableCell {TD} at (2,2) size 355x20 [border: (1px inset #808080)] [r=0 c=0 rs=1 cs=1]
              RenderText {#text} at (2,2) size 236x16
                text run at (2,2) width 236: "fooooooooooooooooooooooooooooo"
            RenderTableCell {TD} at (359,2) size 94x20 [border: (1px inset #808080)] [r=0 c=1 rs=1 cs=1]
              RenderText {#text} at (2,2) size 60x16
                text run at (2,2) width 60: "barrrrrrrrr"
            RenderTableCell {TD} at (455,2) size 41x20 [border: (1px inset #808080)] [r=0 c=2 rs=1 cs=1]
              RenderText {#text} at (2,2) size 23x16
                text run at (2,2) width 23: "zap"
      RenderBlock (anonymous) at (0,164) size 80x64
        RenderBR {BR} at (0,0) size 0x16
        RenderText {#text} at (0,16) size 72x48
          text run at (0,16) width 72: "Table fixed,"
          text run at (0,32) width 48: "no cells"
          text run at (0,48) width 30: "fixed"
      RenderTable {TABLE} at (0,228) size 200x58 [border: (1px outset #808080)]
        RenderTableSection {TBODY} at (1,1) size 198x56
          RenderTableRow {TR} at (0,2) size 198x52
            RenderTableCell {TD} at (2,2) size 126x52 [border: (1px inset #808080)] [r=0 c=0 rs=1 cs=1]
              RenderText {#text} at (2,2) size 116x48
                text run at (2,2) width 112: "fo oo oo oo oo oo"
                text run at (2,18) width 116: "oo oo oo oo oo oo"
                text run at (2,34) width 56: "oo oo oo"
            RenderTableCell {TD} at (130,2) size 37x52 [border: (1px inset #808080)] [r=0 c=1 rs=1 cs=1]
              RenderText {#text} at (2,2) size 25x48
                text run at (2,2) width 25: "barr"
                text run at (2,18) width 20: "rrrr"
                text run at (2,34) width 20: "rrrr"
            RenderTableCell {TD} at (169,18) size 27x20 [border: (1px inset #808080)] [r=0 c=2 rs=1 cs=1]
              RenderText {#text} at (2,2) size 23x16
                text run at (2,2) width 23: "zap"
      RenderBlock (anonymous) at (0,286) size 80x48
        RenderBR {BR} at (0,0) size 0x16
        RenderText {#text} at (0,16) size 78x32
          text run at (0,16) width 69: "Table auto,"
          text run at (0,32) width 78: "1st cell fixed"
      RenderTable {TABLE} at (0,334) size 80x26 [border: (1px outset #808080)]
        RenderTableSection {TBODY} at (1,1) size 78x24
          RenderTableRow {TR} at (0,2) size 78x20
            RenderTableCell {TD} at (2,2) size 48x20 [border: (1px inset #808080)] [r=0 c=0 rs=1 cs=1]
              RenderText {#text} at (2,2) size 44x16
                text run at (2,2) width 44: "fooooo"
            RenderTableCell {TD} at (52,2) size 24x20 [border: (1px inset #808080)] [r=0 c=1 rs=1 cs=1]
              RenderText {#text} at (2,2) size 20x16
                text run at (2,2) width 20: "bar"
      RenderBlock (anonymous) at (0,360) size 80x48
        RenderBR {BR} at (0,0) size 0x16
        RenderText {#text} at (0,16) size 78x32
          text run at (0,16) width 72: "Table fixed,"
          text run at (0,32) width 78: "1st cell fixed"
      RenderTable {TABLE} at (0,408) size 500x26 [border: (1px outset #808080)]
        RenderTableSection {TBODY} at (1,1) size 498x24
          RenderTableRow {TR} at (0,2) size 498x20
            RenderTableCell {TD} at (2,2) size 104x20 [border: (1px inset #808080)] [r=0 c=0 rs=1 cs=1]
              RenderText {#text} at (2,2) size 44x16
                text run at (2,2) width 44: "fooooo"
            RenderTableCell {TD} at (108,2) size 388x20 [border: (1px inset #808080)] [r=0 c=1 rs=1 cs=1]
              RenderText {#text} at (2,2) size 20x16
                text run at (2,2) width 20: "bar"
      RenderBlock (anonymous) at (0,434) size 80x64
        RenderBR {BR} at (0,0) size 0x16
        RenderText {#text} at (0,16) size 78x48
          text run at (0,16) width 69: "Table auto,"
          text run at (0,32) width 78: "1st cell fixed"
          text run at (0,48) width 56: "too small"
      RenderTable {TABLE} at (0,498) size 272x26 [border: (1px outset #808080)]
        RenderTableSection {TBODY} at (1,1) size 270x24
          RenderTableRow {TR} at (0,2) size 270x20
            RenderTableCell {TD} at (2,2) size 240x20 [border: (1px inset #808080)] [r=0 c=0 rs=1 cs=1]
              RenderText {#text} at (2,2) size 236x16
                text run at (2,2) width 236: "fooooooooooooooooooooooooooooo"
            RenderTableCell {TD} at (244,2) size 24x20 [border: (1px inset #808080)] [r=0 c=1 rs=1 cs=1]
              RenderText {#text} at (2,2) size 20x16
                text run at (2,2) width 20: "bar"
      RenderBlock (anonymous) at (0,524) size 80x64
        RenderBR {BR} at (0,0) size 0x16
        RenderText {#text} at (0,16) size 78x48
          text run at (0,16) width 72: "Table fixed,"
          text run at (0,32) width 78: "1st cell fixed"
          text run at (0,48) width 56: "too small"
      RenderTable {TABLE} at (0,588) size 500x26 [border: (1px outset #808080)]
        RenderTableSection {TBODY} at (1,1) size 498x24
          RenderTableRow {TR} at (0,2) size 498x20
            RenderTableCell {TD} at (2,2) size 240x20 [border: (1px inset #808080)] [r=0 c=0 rs=1 cs=1]
              RenderText {#text} at (2,2) size 236x16
                text run at (2,2) width 236: "fooooooooooooooooooooooooooooo"
            RenderTableCell {TD} at (244,2) size 252x20 [border: (1px inset #808080)] [r=0 c=1 rs=1 cs=1]
              RenderText {#text} at (2,2) size 20x16
                text run at (2,2) width 20: "bar"
      RenderBlock (anonymous) at (0,614) size 80x64
        RenderBR {BR} at (0,0) size 0x16
        RenderText {#text} at (0,16) size 69x48
          text run at (0,16) width 69: "Table auto,"
          text run at (0,32) width 59: "both cells"
          text run at (0,48) width 30: "fixed"
      RenderTable {TABLE} at (0,678) size 80x26 [border: (1px outset #808080)]
        RenderTableSection {TBODY} at (1,1) size 78x24
          RenderTableRow {TR} at (0,2) size 78x20
            RenderTableCell {TD} at (2,2) size 43x20 [border: (1px inset #808080)] [r=0 c=0 rs=1 cs=1]
              RenderText {#text} at (2,2) size 36x16
                text run at (2,2) width 36: "foooo"
            RenderTableCell {TD} at (47,2) size 29x20 [border: (1px inset #808080)] [r=0 c=1 rs=1 cs=1]
              RenderText {#text} at (2,2) size 20x16
                text run at (2,2) width 20: "bar"
      RenderBlock (anonymous) at (0,704) size 80x64
        RenderBR {BR} at (0,0) size 0x16
        RenderText {#text} at (0,16) size 72x48
          text run at (0,16) width 72: "Table fixed,"
          text run at (0,32) width 59: "both cells"
          text run at (0,48) width 30: "fixed"
      RenderTable {TABLE} at (0,768) size 500x26 [border: (1px outset #808080)]
        RenderTableSection {TBODY} at (1,1) size 498x24
          RenderTableRow {TR} at (0,2) size 498x20
            RenderTableCell {TD} at (2,2) size 246x20 [border: (1px inset #808080)] [r=0 c=0 rs=1 cs=1]
              RenderText {#text} at (2,2) size 36x16
                text run at (2,2) width 36: "foooo"
            RenderTableCell {TD} at (250,2) size 246x20 [border: (1px inset #808080)] [r=0 c=1 rs=1 cs=1]
              RenderText {#text} at (2,2) size 20x16
                text run at (2,2) width 20: "bar"
      RenderBlock (anonymous) at (0,794) size 80x96
        RenderBR {BR} at (0,0) size 0x16
        RenderText {#text} at (0,16) size 69x80
          text run at (0,16) width 69: "Table auto,"
          text run at (0,32) width 59: "both cells"
          text run at (0,48) width 56: "fixed, 1st"
          text run at (0,64) width 48: "one too"
          text run at (0,80) width 32: "small"
      RenderTable {TABLE} at (0,890) size 272x26 [border: (1px outset #808080)]
        RenderTableSection {TBODY} at (1,1) size 270x24
          RenderTableRow {TR} at (0,2) size 270x20
            RenderTableCell {TD} at (2,2) size 240x20 [border: (1px inset #808080)] [r=0 c=0 rs=1 cs=1]
              RenderText {#text} at (2,2) size 236x16
                text run at (2,2) width 236: "fooooooooooooooooooooooooooooo"
            RenderTableCell {TD} at (244,2) size 24x20 [border: (1px inset #808080)] [r=0 c=1 rs=1 cs=1]
              RenderText {#text} at (2,2) size 20x16
                text run at (2,2) width 20: "bar"
      RenderBlock (anonymous) at (0,916) size 80x96
        RenderBR {BR} at (0,0) size 0x16
        RenderText {#text} at (0,16) size 79x80
          text run at (0,16) width 72: "Table fixed,"
          text run at (0,32) width 59: "both cells"
          text run at (0,48) width 56: "fixed, 1st"
          text run at (0,64) width 79: "cell fixed too"
          text run at (0,80) width 32: "small"
      RenderTable {TABLE} at (0,1012) size 500x26 [border: (1px outset #808080)]
        RenderTableSection {TBODY} at (1,1) size 498x24
          RenderTableRow {TR} at (0,2) size 498x20
            RenderTableCell {TD} at (2,2) size 343x20 [border: (1px inset #808080)] [r=0 c=0 rs=1 cs=1]
              RenderText {#text} at (2,2) size 236x16
                text run at (2,2) width 236: "fooooooooooooooooooooooooooooo"
            RenderTableCell {TD} at (347,2) size 149x20 [border: (1px inset #808080)] [r=0 c=1 rs=1 cs=1]
              RenderText {#text} at (2,2) size 20x16
                text run at (2,2) width 20: "bar"
      RenderBlock (anonymous) at (0,1038) size 80x16
        RenderBR {BR} at (0,0) size 0x16
