layer at (0,0) size 96x70
  RenderView at (0,0) size 96x26
layer at (0,0) size 96x70
  RenderBlock {HTML} at (0,0) size 96x70 [border: (2px solid #FF0000)]
    RenderBody {BODY} at (22,22) size 52x26
      RenderTable {TABLE} at (0,0) size 74x26 [border: (1px outset #808080)]
        RenderTableSection {TBODY} at (1,1) size 72x24
          RenderTableRow {TR} at (0,2) size 72x20
            RenderTableCell {TD} at (2,2) size 34x20 [border: (1px inset #808080)] [r=0 c=0 rs=1 cs=1]
              RenderText {#text} at (2,2) size 30x16
                text run at (2,2) width 30: "FOO"
            RenderTableCell {TD} at (38,2) size 32x20 [border: (1px inset #808080)] [r=0 c=1 rs=1 cs=1]
              RenderText {#text} at (2,2) size 28x16
                text run at (2,2) width 28: "BAR"
