layer at (0,0) size 800x600
  RenderView at (0,0) size 800x600
layer at (0,0) size 800x600
  RenderBlock {HTML} at (0,0) size 800x600
    RenderBody {BODY} at (8,8) size 784x584
      RenderBlock (anonymous) at (0,0) size 784x16
        RenderText {#text} at (0,0) size 167x16
          text run at (0,0) width 167: "table width includes border"
      RenderBlock {HR} at (0,23) size 202x2 [border: (1px inset #000000)]
      RenderTable {TABLE} at (0,32) size 200x44 [border: (10px outset #808080)]
        RenderTableSection {TBODY} at (10,10) size 180x24
          RenderTableRow {TR} at (0,2) size 180x20
            RenderTableCell {TD} at (2,2) size 176x20 [border: (1px inset #808080)] [r=0 c=0 rs=1 cs=1]
              RenderText {#text} at (2,2) size 58x16
                text run at (2,2) width 58: "200 table"
      RenderBlock (anonymous) at (0,76) size 784x32
        RenderBR {BR} at (0,0) size 0x16
        RenderText {#text} at (0,16) size 214x16
          text run at (0,16) width 214: "nested table width includes border"
      RenderTable {TABLE} at (0,108) size 204x48 [border: (1px outset #808080)]
        RenderTableSection {TBODY} at (1,1) size 202x46
          RenderTableRow {TR} at (0,0) size 202x46
            RenderTableCell {TD} at (0,0) size 202x46 [border: (1px inset #808080)] [r=0 c=0 rs=1 cs=1]
              RenderTable {TABLE} at (1,1) size 200x44 [border: (10px outset #808080)]
                RenderTableSection {TBODY} at (10,10) size 180x24
                  RenderTableRow {TR} at (0,2) size 180x20
                    RenderTableCell {TD} at (2,2) size 176x20 [border: (1px inset #808080)] [r=0 c=0 rs=1 cs=1]
                      RenderText {#text} at (2,2) size 105x16
                        text run at (2,2) width 105: "200 nested table"
      RenderBlock (anonymous) at (0,156) size 784x16
        RenderText {#text} at (0,0) size 214x16
          text run at (0,0) width 214: "nested table width includes border"
      RenderTable {TABLE} at (0,172) size 149x48 [border: (1px outset #808080)]
        RenderTableSection {TBODY} at (1,1) size 147x46
          RenderTableRow {TR} at (0,0) size 147x46
            RenderTableCell {TD} at (0,0) size 147x46 [border: (1px inset #808080)] [r=0 c=0 rs=1 cs=1]
              RenderTable {TABLE} at (1,1) size 145x44 [border: (10px outset #808080)]
                RenderTableSection {TBODY} at (10,10) size 125x24
                  RenderTableRow {TR} at (0,2) size 125x20
                    RenderTableCell {TD} at (2,2) size 121x20 [border: (1px inset #808080)] [r=0 c=0 rs=1 cs=1]
                      RenderText {#text} at (2,2) size 117x16
                        text run at (2,2) width 117: "100% nested table"
