layer at (0,0) size 800x600
  RenderView at (0,0) size 800x600
layer at (0,0) size 800x600
  RenderBlock {HTML} at (0,0) size 800x600
    RenderBody {BODY} at (8,8) size 784x576
      RenderBlock (floating) {DIV} at (664,0) size 120x200 [bgcolor=#FF0000]
      RenderBlock {OL} at (0,0) size 784x0
      RenderBlock {P} at (0,0) size 784x132
        RenderText {#text} at (0,0) size 655x132
          text run at (0,0) width 628: "Vatican approves policy on sex abuse in clergy. The Vatican gave its approval Monday to the"
          text run at (0,22) width 635: "revised U.S. bishops' policy to combat sex abuse in the clergy, declaring the need to restore the"
          text run at (0,44) width 627: "image of the priesthood in a scandal that has rocked the Roman Catholic Church. The policy"
          text run at (0,66) width 655: "allows bishops to conduct a confidential, preliminary inquiry when a molestation claim is made to"
          text run at (0,88) width 651: "determine whether it is plausible. If it is, the accused priest is to be put on leave and then must go"
          text run at (0,110) width 406: "before a clerical tribunal to determine his guilt or innocence."
