layer at (0,0) size 800x600
  RenderView at (0,0) size 800x600
layer at (0,0) size 800x240
  RenderBlock {HTML} at (0,0) size 800x240
    RenderBody {BODY} at (8,8) size 784x200
      RenderBlock (anonymous) at (0,0) size 784x22
        RenderInline {P} at (0,0) size 608x17 [color=#FFFFFF] [bgcolor=#FF0000]
          RenderText {#text} at (0,3) size 608x17
            text run at (0,3) width 608: "Ahem_font_would_be_nice_for_this_test."
        RenderText {#text} at (0,0) size 0x0
      RenderBlock {P} at (0,38) size 784x22
        RenderText {#text} at (0,0) size 311x22
          text run at (0,0) width 311: "The following two boxes should look identical."
      RenderBlock {DIV} at (32,92) size 102x38 [bgcolor=#FFFFFF] [border: (3px solid #000000)]
        RenderBlock (floating) {DIV} at (3,3) size 96x32 [color=#008000]
          RenderText {#text} at (0,0) size 96x33
            text run at (0,0) width 96: "x x"
      RenderBlock {DIV} at (32,162) size 102x38 [bgcolor=#FFFFFF] [border: (3px solid #000000)]
        RenderBlock (floating) {DIV} at (3,3) size 96x32 [color=#008000]
          RenderText {#text} at (0,0) size 96x33
            text run at (0,0) width 96: "x x"
