layer at (0,0) size 800x600
  RenderView at (0,0) size 800x600
layer at (0,0) size 800x156
  RenderBlock {HTML} at (0,0) size 800x156
    RenderBody {BODY} at (8,8) size 784x132
      RenderBlock {DIV} at (0,0) size 784x132
        RenderBlock {DIV} at (0,0) size 784x2
        RenderBlock (floating) {DIV} at (0,2) size 60x45
          RenderImage {IMG} at (0,0) size 60x45
        RenderBlock {UL} at (15,47) size 769x85 [bgcolor=#FF0000]
          RenderListItem {LI} at (0,8) size 769x22
            RenderListMarker at (-18,0) size 7x22: bullet
            RenderText {#text} at (0,0) size 136x22
              text run at (0,0) width 136: "Classroom Training"
          RenderListItem {LI} at (0,46) size 769x22
            RenderListMarker at (-18,0) size 7x22: bullet
            RenderText {#text} at (0,0) size 84x22
              text run at (0,0) width 84: "Find a Class"
