layer at (0,0) size 800x600
  RenderView at (0,0) size 800x600
layer at (0,0) size 800x413
  RenderBlock {HTML} at (0,0) size 800x413
    RenderBody {BODY} at (8,8) size 784x397
      RenderBlock {DIV} at (0,0) size 385x397
        RenderBlock {DIV} at (0,0) size 385x22
          RenderText {#text} at (0,0) size 340x22
            text run at (0,0) width 340: "The yellow block should be below the green block."
        RenderBlock (floating) {DIV} at (0,22) size 100x100 [bgcolor=#008000]
        RenderImage {IMG} at (0,122) size 395x275 [bgcolor=#FFFF00]
