layer at (0,0) size 800x600
  RenderView at (0,0) size 800x600
layer at (0,0) size 800x600
  RenderBlock {HTML} at (0,0) size 800x600
    RenderBody {BODY} at (8,8) size 784x584
layer at (8,8) size 36x52
  RenderBlock (positioned) {DIV} at (8,8) size 36x52 [border: (2px solid #0000FF)]
    RenderBlock {DIV} at (2,2) size 32x26 [border: (2px solid #FFA500)]
      RenderText {#text} at (2,2) size 28x22
        text run at (2,2) width 28: "One"
    RenderBlock (floating) {DIV} at (2,28) size 31x22
      RenderText {#text} at (0,0) size 31x22
        text run at (0,0) width 31: "Two"
