layer at (0,0) size 800x2438
  RenderView at (0,0) size 800x600
layer at (0,0) size 800x2438
  RenderBlock {HTML} at (0,0) size 800x2438
    RenderBody {BODY} at (8,8) size 784x2422
      RenderBlock (anonymous) at (0,0) size 784x38
        RenderText {#text} at (0,0) size 773x38
          text run at (0,0) width 542: "Test of objects that avoid floats to see what they do with percentage and auto widths. "
          text run at (542,0) width 231: "This test is designed to illustrate that"
          text run at (0,19) width 442: "we have removed the WinIE quirk and are behaving more like Firefox."
      RenderBlock {HR} at (0,45) size 784x2 [border: (1px inset #000000)]
      RenderBlock (anonymous) at (0,54) size 784x19
        RenderText {#text} at (0,0) size 499x19
          text run at (0,0) width 499: "The inline-level button should be below the select and fill the width of the block."
      RenderBlock {P} at (0,87) size 220x102 [border: (10px solid #FF0000)]
        RenderText {#text} at (10,10) size 58x19
          text run at (10,10) width 58: "Line One"
        RenderBR {BR} at (68,24) size 0x0
        RenderMenuList {SELECT} at (10,31) size 100x25 [bgcolor=#FFFFFF]
          RenderBlock (anonymous) at (8,3) size 68x19
            RenderText at (0,0) size 27x19
              text run at (0,0) width 27: "One"
        RenderText {#text} at (0,0) size 0x0
        RenderButton {INPUT} at (10,60) size 200x30 [bgcolor=#C0C0C0]
          RenderBlock (anonymous) at (8,5) size 184x19
            RenderText at (85,0) size 13x19
              text run at (85,0) width 13: "Hi"
        RenderText {#text} at (0,0) size 0x0
      RenderBlock (anonymous) at (0,203) size 784x19
        RenderText {#text} at (0,0) size 472x19
          text run at (0,0) width 472: "The floating button with a percentage width should be even with the select."
      RenderBlock {P} at (0,236) size 220x73 [border: (10px solid #FF0000)]
        RenderText {#text} at (10,10) size 58x19
          text run at (10,10) width 58: "Line One"
        RenderBR {BR} at (68,24) size 0x0
        RenderMenuList {SELECT} at (10,31) size 100x25 [bgcolor=#FFFFFF]
          RenderBlock (anonymous) at (8,3) size 68x19
            RenderText at (0,0) size 27x19
              text run at (0,0) width 27: "One"
        RenderText {#text} at (0,0) size 0x0
        RenderButton {INPUT} at (110,31) size 100x30 [bgcolor=#C0C0C0]
          RenderBlock (anonymous) at (8,5) size 84x19
            RenderText at (35,0) size 13x19
              text run at (35,0) width 13: "Hi"
        RenderText {#text} at (0,0) size 0x0
        RenderBR {BR} at (210,29) size 0x19
      RenderBlock (anonymous) at (0,323) size 784x19
        RenderText {#text} at (0,0) size 457x19
          text run at (0,0) width 457: "The block-level button with an auto width should be even with the select."
      RenderBlock {P} at (0,356) size 220x92 [border: (10px solid #FF0000)]
        RenderBlock (anonymous) at (10,10) size 200x19
          RenderText {#text} at (0,0) size 58x19
            text run at (0,0) width 58: "Line One"
          RenderBR {BR} at (58,14) size 0x0
          RenderMenuList {SELECT} at (0,21) size 100x25 [bgcolor=#FFFFFF]
            RenderBlock (anonymous) at (8,3) size 68x19
              RenderText at (0,0) size 27x19
                text run at (0,0) width 27: "One"
          RenderText {#text} at (0,0) size 0x0
        RenderButton {INPUT} at (110,31) size 29x30 [bgcolor=#C0C0C0]
          RenderBlock (anonymous) at (8,5) size 13x19
            RenderText at (0,0) size 13x19
              text run at (0,0) width 13: "Hi"
        RenderBlock (anonymous) at (10,63) size 200x19
          RenderBR {BR} at (0,0) size 0x19
      RenderBlock (anonymous) at (0,462) size 784x19
        RenderText {#text} at (0,0) size 493x19
          text run at (0,0) width 493: "The block-level button with a percentage width should be even with the select."
      RenderBlock {P} at (0,495) size 220x92 [border: (10px solid #FF0000)]
        RenderBlock (anonymous) at (10,10) size 200x19
          RenderText {#text} at (0,0) size 58x19
            text run at (0,0) width 58: "Line One"
          RenderBR {BR} at (58,14) size 0x0
          RenderMenuList {SELECT} at (0,21) size 100x25 [bgcolor=#FFFFFF]
            RenderBlock (anonymous) at (8,3) size 68x19
              RenderText at (0,0) size 27x19
                text run at (0,0) width 27: "One"
          RenderText {#text} at (0,0) size 0x0
        RenderButton {INPUT} at (110,31) size 100x30 [bgcolor=#C0C0C0]
          RenderBlock (anonymous) at (8,5) size 84x19
            RenderText at (35,0) size 13x19
              text run at (35,0) width 13: "Hi"
        RenderBlock (anonymous) at (10,63) size 200x19
          RenderBR {BR} at (0,0) size 0x19
      RenderBlock (anonymous) at (0,601) size 784x19
        RenderText {#text} at (0,0) size 463x19
          text run at (0,0) width 463: "The floating table with a percentage width should be even with the select."
      RenderBlock {P} at (0,634) size 220x70 [border: (10px solid #FF0000)]
        RenderText {#text} at (10,10) size 58x19
          text run at (10,10) width 58: "Line One"
        RenderBR {BR} at (68,24) size 0x0
        RenderMenuList {SELECT} at (10,31) size 100x25 [bgcolor=#FFFFFF]
          RenderBlock (anonymous) at (8,3) size 68x19
            RenderText at (0,0) size 27x19
              text run at (0,0) width 27: "One"
        RenderText {#text} at (0,0) size 0x0
        RenderTable {TABLE} at (110,29) size 100x31 [border: (2px outset #808080)]
          RenderTableSection {TBODY} at (2,2) size 96x27
            RenderTableRow {TR} at (0,2) size 96x23
              RenderTableCell {TD} at (2,2) size 92x23 [border: (1px inset #808080)] [r=0 c=0 rs=1 cs=1]
                RenderText {#text} at (2,2) size 36x19
                  text run at (2,2) width 36: "Table"
        RenderText {#text} at (0,0) size 0x0
        RenderBR {BR} at (210,29) size 0x19
      RenderBlock (anonymous) at (0,718) size 784x38
        RenderText {#text} at (0,0) size 747x38
          text run at (0,0) width 747: "The floating table with an auto width should be even with the select and shrinks to use the available line width. THIS IS"
          text run at (0,19) width 143: "CURRENTLY BUGGY."
      RenderBlock {P} at (0,770) size 220x137 [border: (10px solid #FF0000)]
        RenderText {#text} at (10,10) size 58x19
          text run at (10,10) width 58: "Line One"
        RenderBR {BR} at (68,24) size 0x0
        RenderMenuList {SELECT} at (10,31) size 100x25 [bgcolor=#FFFFFF]
          RenderBlock (anonymous) at (8,3) size 68x19
            RenderText at (0,0) size 27x19
              text run at (0,0) width 27: "One"
        RenderText {#text} at (0,0) size 0x0
        RenderTable {TABLE} at (10,58) size 200x69 [border: (2px outset #808080)]
          RenderTableSection {TBODY} at (2,2) size 196x65
            RenderTableRow {TR} at (0,2) size 196x61
              RenderTableCell {TD} at (2,2) size 192x61 [border: (1px inset #808080)] [r=0 c=0 rs=1 cs=1]
                RenderText {#text} at (2,2) size 162x57
                  text run at (2,2) width 160: "Floating table that should"
                  text run at (2,21) width 162: "shrink so it can be next to"
                  text run at (2,40) width 89: "previous float."
        RenderText {#text} at (0,0) size 0x0
        RenderBR {BR} at (110,29) size 0x19
      RenderBlock (anonymous) at (0,921) size 784x19
        RenderText {#text} at (0,0) size 727x19
          text run at (0,0) width 579: "The block-level table below has a percentage width and should still be even with the select. "
          text run at (579,0) width 148: "It spills out of the block."
      RenderBlock {P} at (0,954) size 220x127 [border: (10px solid #FF0000)]
        RenderBlock (anonymous) at (10,10) size 200x19
          RenderText {#text} at (0,0) size 58x19
            text run at (0,0) width 58: "Line One"
          RenderBR {BR} at (58,14) size 0x0
          RenderMenuList {SELECT} at (0,21) size 100x25 [bgcolor=#FFFFFF]
            RenderBlock (anonymous) at (8,3) size 68x19
              RenderText at (0,0) size 27x19
                text run at (0,0) width 27: "One"
          RenderText {#text} at (0,0) size 0x0
        RenderTable {TABLE} at (110,29) size 200x69 [border: (2px outset #808080)]
          RenderTableSection {TBODY} at (2,2) size 196x65
            RenderTableRow {TR} at (0,2) size 196x61
              RenderTableCell {TD} at (2,2) size 192x61 [border: (1px inset #808080)] [r=0 c=0 rs=1 cs=1]
                RenderText {#text} at (2,2) size 162x57
                  text run at (2,2) width 160: "Floating table that should"
                  text run at (2,21) width 162: "shrink so it can be next to"
                  text run at (2,40) width 89: "previous float."
        RenderBlock (anonymous) at (10,98) size 200x19
          RenderBR {BR} at (0,0) size 0x19
      RenderBlock (anonymous) at (0,1095) size 784x19
        RenderText {#text} at (0,0) size 737x19
          text run at (0,0) width 543: "The block-level table below has an auto width and should still be even with the select. "
          text run at (543,0) width 194: "It shrinks to fit inside the block."
      RenderBlock {P} at (0,1128) size 220x184 [border: (10px solid #FF0000)]
        RenderBlock (anonymous) at (10,10) size 200x19
          RenderText {#text} at (0,0) size 58x19
            text run at (0,0) width 58: "Line One"
          RenderBR {BR} at (58,14) size 0x0
          RenderMenuList {SELECT} at (0,21) size 100x25 [bgcolor=#FFFFFF]
            RenderBlock (anonymous) at (8,3) size 68x19
              RenderText at (0,0) size 27x19
                text run at (0,0) width 27: "One"
          RenderText {#text} at (0,0) size 0x0
        RenderTable {TABLE} at (110,29) size 100x126 [border: (2px outset #808080)]
          RenderTableSection {TBODY} at (2,2) size 96x122
            RenderTableRow {TR} at (0,2) size 96x118
              RenderTableCell {TD} at (2,2) size 92x118 [border: (1px inset #808080)] [r=0 c=0 rs=1 cs=1]
                RenderText {#text} at (2,2) size 86x114
                  text run at (2,2) width 86: "Floating table"
                  text run at (2,21) width 70: "that should"
                  text run at (2,40) width 68: "shrink so it"
                  text run at (2,59) width 74: "can be next"
                  text run at (2,78) width 70: "to previous"
                  text run at (2,97) width 31: "float."
        RenderBlock (anonymous) at (10,155) size 200x19
          RenderBR {BR} at (0,0) size 0x19
      RenderBlock (anonymous) at (0,1326) size 784x19
        RenderText {#text} at (0,0) size 534x19
          text run at (0,0) width 534: "The floating overflow section with a percentage width should be even with the select."
      RenderBlock {DIV} at (0,1345) size 220x153 [border: (10px solid #FF0000)]
        RenderText {#text} at (10,10) size 58x19
          text run at (10,10) width 58: "Line One"
        RenderBR {BR} at (68,24) size 0x0
        RenderMenuList {SELECT} at (10,31) size 100x25 [bgcolor=#FFFFFF]
          RenderBlock (anonymous) at (8,3) size 68x19
            RenderText at (0,0) size 27x19
              text run at (0,0) width 27: "One"
        RenderText {#text} at (0,0) size 0x0
        RenderText {#text} at (0,0) size 0x0
        RenderBR {BR} at (210,29) size 0x19
      RenderBlock (anonymous) at (0,1498) size 784x38
        RenderText {#text} at (0,0) size 765x38
          text run at (0,0) width 765: "The floating overflow section with an auto width should be even with the select and shrinks to use the available line width."
          text run at (0,19) width 196: "THIS IS CURRENTLY BUGGY."
      RenderBlock {DIV} at (0,1536) size 220x125 [border: (10px solid #FF0000)]
        RenderText {#text} at (10,10) size 58x19
          text run at (10,10) width 58: "Line One"
        RenderBR {BR} at (68,24) size 0x0
        RenderMenuList {SELECT} at (10,31) size 100x25 [bgcolor=#FFFFFF]
          RenderBlock (anonymous) at (8,3) size 68x19
            RenderText at (0,0) size 27x19
              text run at (0,0) width 27: "One"
        RenderText {#text} at (0,0) size 0x0
        RenderText {#text} at (0,0) size 0x0
        RenderBR {BR} at (110,29) size 0x19
      RenderBlock (anonymous) at (0,1661) size 784x19
        RenderText {#text} at (0,0) size 646x19
          text run at (0,0) width 646: "The block-level overflow section below has a percentage width and should still be even with the select."
      RenderBlock {DIV} at (0,1680) size 220x172 [border: (10px solid #FF0000)]
        RenderBlock (anonymous) at (10,10) size 200x19
          RenderText {#text} at (0,0) size 58x19
            text run at (0,0) width 58: "Line One"
          RenderBR {BR} at (58,14) size 0x0
          RenderMenuList {SELECT} at (0,21) size 100x25 [bgcolor=#FFFFFF]
            RenderBlock (anonymous) at (8,3) size 68x19
              RenderText at (0,0) size 27x19
                text run at (0,0) width 27: "One"
          RenderText {#text} at (0,0) size 0x0
        RenderBlock (anonymous) at (10,143) size 200x19
          RenderBR {BR} at (0,0) size 0x19
      RenderBlock (anonymous) at (0,1852) size 784x38
        RenderText {#text} at (0,0) size 767x38
          text run at (0,0) width 614: "The block-level overflow section below has an auto width and should still be even with the select. "
          text run at (614,0) width 153: "It shrinks to fit inside the"
          text run at (0,19) width 37: "block."
      RenderBlock {DIV} at (0,1890) size 220x172 [border: (10px solid #FF0000)]
        RenderBlock (anonymous) at (10,10) size 200x19
          RenderText {#text} at (0,0) size 58x19
            text run at (0,0) width 58: "Line One"
          RenderBR {BR} at (58,14) size 0x0
          RenderMenuList {SELECT} at (0,21) size 100x25 [bgcolor=#FFFFFF]
            RenderBlock (anonymous) at (8,3) size 68x19
              RenderText at (0,0) size 27x19
                text run at (0,0) width 27: "One"
          RenderText {#text} at (0,0) size 0x0
        RenderBlock (anonymous) at (10,143) size 200x19
          RenderBR {BR} at (0,0) size 0x19
      RenderBlock (anonymous) at (0,2062) size 784x19
        RenderText {#text} at (0,0) size 445x19
          text run at (0,0) width 445: "The floating hr with a percentage width should be even with the select."
      RenderBlock {DIV} at (0,2081) size 220x68 [border: (10px solid #FF0000)]
        RenderText {#text} at (10,10) size 58x19
          text run at (10,10) width 58: "Line One"
        RenderBR {BR} at (68,24) size 0x0
        RenderMenuList {SELECT} at (10,31) size 100x25 [bgcolor=#FFFFFF]
          RenderBlock (anonymous) at (8,3) size 68x19
            RenderText at (0,0) size 27x19
              text run at (0,0) width 27: "One"
        RenderText {#text} at (0,0) size 0x0
        RenderBlock (floating) {HR} at (112,31) size 82x2 [border: (1px inset #000000)]
        RenderText {#text} at (0,0) size 0x0
        RenderBR {BR} at (196,29) size 0x19
      RenderBlock (anonymous) at (0,2149) size 784x19
        RenderText {#text} at (0,0) size 770x19
          text run at (0,0) width 770: "The floating hr below should still be even with the select and shrinks to use its intrinsic width (which is basically like 1-2px)."
      RenderBlock {DIV} at (0,2168) size 220x68 [border: (10px solid #FF0000)]
        RenderText {#text} at (10,10) size 58x19
          text run at (10,10) width 58: "Line One"
        RenderBR {BR} at (68,24) size 0x0
        RenderMenuList {SELECT} at (10,31) size 100x25 [bgcolor=#FFFFFF]
          RenderBlock (anonymous) at (8,3) size 68x19
            RenderText at (0,0) size 27x19
              text run at (0,0) width 27: "One"
        RenderText {#text} at (0,0) size 0x0
        RenderBlock (floating) {HR} at (112,31) size 2x2 [border: (1px inset #000000)]
        RenderText {#text} at (0,0) size 0x0
        RenderBR {BR} at (116,29) size 0x19
      RenderBlock (anonymous) at (0,2236) size 784x19
        RenderText {#text} at (0,0) size 557x19
          text run at (0,0) width 557: "The block-level hr below has a percentage width and should still be even with the select."
      RenderBlock {DIV} at (0,2255) size 220x74 [border: (10px solid #FF0000)]
        RenderBlock (anonymous) at (10,10) size 200x19
          RenderText {#text} at (0,0) size 58x19
            text run at (0,0) width 58: "Line One"
          RenderBR {BR} at (58,14) size 0x0
          RenderMenuList {SELECT} at (0,21) size 100x25 [bgcolor=#FFFFFF]
            RenderBlock (anonymous) at (8,3) size 68x19
              RenderText at (0,0) size 27x19
                text run at (0,0) width 27: "One"
          RenderText {#text} at (0,0) size 0x0
        RenderBlock {HR} at (110,36) size 202x2 [border: (1px inset #000000)]
        RenderBlock (anonymous) at (10,45) size 200x19
          RenderBR {BR} at (100,0) size 0x19
      RenderBlock (anonymous) at (0,2329) size 784x19
        RenderText {#text} at (0,0) size 617x19
          text run at (0,0) width 525: "The block-level hr below has an auto width and should still be even with the select. "
          text run at (525,0) width 92: "It shrinks to fit."
      RenderBlock {DIV} at (0,2348) size 220x74 [border: (10px solid #FF0000)]
        RenderBlock (anonymous) at (10,10) size 200x19
          RenderText {#text} at (0,0) size 58x19
            text run at (0,0) width 58: "Line One"
          RenderBR {BR} at (58,14) size 0x0
          RenderMenuList {SELECT} at (0,21) size 100x25 [bgcolor=#FFFFFF]
            RenderBlock (anonymous) at (8,3) size 68x19
              RenderText at (0,0) size 27x19
                text run at (0,0) width 27: "One"
          RenderText {#text} at (0,0) size 0x0
        RenderBlock {HR} at (110,36) size 100x2 [border: (1px inset #000000)]
        RenderBlock (anonymous) at (10,45) size 200x19
          RenderBR {BR} at (100,0) size 0x19
layer at (118,1382) size 100x114
  RenderBlock (floating) {DIV} at (110,29) size 100x114
    RenderText {#text} at (0,0) size 98x114
      text run at (0,0) width 61: "This is an"
      text run at (0,19) width 53: "overflow"
      text run at (0,38) width 74: "section with"
      text run at (0,57) width 91: "enough text to"
      text run at (0,76) width 98: "have to wrap to"
      text run at (0,95) width 86: "multiple lines."
layer at (18,1602) size 200x57
  RenderBlock (floating) {DIV} at (10,58) size 200x57
    RenderText {#text} at (0,0) size 196x57
      text run at (0,0) width 196: "This is an overflow section with"
      text run at (0,19) width 193: "enough text to have to wrap to"
      text run at (0,38) width 86: "multiple lines."
layer at (118,1717) size 100x114
  RenderBlock {DIV} at (110,29) size 100x114
    RenderText {#text} at (0,0) size 98x114
      text run at (0,0) width 61: "This is an"
      text run at (0,19) width 53: "overflow"
      text run at (0,38) width 74: "section with"
      text run at (0,57) width 91: "enough text to"
      text run at (0,76) width 98: "have to wrap to"
      text run at (0,95) width 86: "multiple lines."
layer at (118,1927) size 100x114
  RenderBlock {DIV} at (110,29) size 100x114
    RenderText {#text} at (0,0) size 98x114
      text run at (0,0) width 61: "This is an"
      text run at (0,19) width 53: "overflow"
      text run at (0,38) width 74: "section with"
      text run at (0,57) width 91: "enough text to"
      text run at (0,76) width 98: "have to wrap to"
      text run at (0,95) width 86: "multiple lines."
