layer at (0,0) size 800x600
  RenderView at (0,0) size 800x600
layer at (0,0) size 800x600
  RenderBlock {HTML} at (0,0) size 800x600
    RenderBody {BODY} at (8,8) size 784x584
      RenderBlock {P} at (0,0) size 784x44
        RenderText {#text} at (0,0) size 127x22
          text run at (0,0) width 127: "Rendering test for "
        RenderInline {I} at (0,0) size 772x44
          RenderInline {A} at (0,0) size 304x22 [color=#0000EE]
            RenderText {#text} at (127,0) size 304x22
              text run at (127,0) width 304: "http://bugs.webkit.org/show_bug.cgi?id=17107"
          RenderText {#text} at (431,0) size 772x44
            text run at (431,0) width 4: " "
            text run at (435,0) width 337: "REGRESSION(r29834): Article text on redhat.com"
            text run at (0,22) width 272: "magazine site appears to be painting twice"
        RenderText {#text} at (272,22) size 4x22
          text run at (272,22) width 4: "."
      RenderBlock {P} at (0,60) size 784x22
        RenderText {#text} at (0,0) size 381x22
          text run at (0,0) width 381: "These two lines of text should be the same shade of gray:"
      RenderBlock {DIV} at (0,98) size 784x33 [color=#0000007F]
        RenderText {#text} at (0,0) size 286x33
          text run at (0,0) width 286: "Lorem ipsum dolor sit amet"
      RenderBlock {DIV} at (0,131) size 784x0 [color=#0000007F]
        RenderBlock (floating) {DIV} at (0,0) size 286x33
          RenderText {#text} at (0,0) size 286x33
            text run at (0,0) width 286: "Lorem ipsum dolor sit amet"
      RenderBlock (anonymous) at (0,131) size 784x33
        RenderBR {BR} at (286,0) size 0x22
