layer at (0,0) size 800x600
  RenderView at (0,0) size 800x600
layer at (0,0) size 800x600
  RenderBlock {HTML} at (0,0) size 800x600
    RenderBody {BODY} at (8,8) size 784x584
      RenderBlock {P} at (0,0) size 784x44
        RenderText {#text} at (0,0) size 57x22
          text run at (0,0) width 57: "Test for "
        RenderInline {I} at (0,0) size 733x44
          RenderInline {A} at (0,0) size 304x22 [color=#0000EE]
            RenderText {#text} at (57,0) size 304x22
              text run at (57,0) width 304: "http://bugs.webkit.org/show_bug.cgi?id=15296"
          RenderText {#text} at (361,0) size 733x44
            text run at (361,0) width 4: " "
            text run at (365,0) width 368: "REGRESSION (r19716-r19719): width not specified for"
            text run at (0,22) width 297: "<marquee> tag is causing the alignment issue"
        RenderText {#text} at (297,22) size 4x22
          text run at (297,22) width 4: "."
      RenderBlock {P} at (0,60) size 784x22
        RenderText {#text} at (0,0) size 286x22
          text run at (0,0) width 286: "This should be a green 100\x{D7}100px square:"
      RenderBlock {DIV} at (0,98) size 100x100 [bgcolor=#FF0000]
        RenderBlock (floating) {DIV} at (0,0) size 50x100 [bgcolor=#008000]
        RenderBlock {DIV} at (0,0) size 100x100
          RenderText {#text} at (0,0) size 0x0
layer at (58,106) size 50x100 scrollX -50
  RenderBlock {MARQUEE} at (50,0) size 50x100 [bgcolor=#008000]
