layer at (0,0) size 800x600
  RenderView at (0,0) size 800x600
layer at (0,0) size 800x600
  RenderBlock {HTML} at (0,0) size 800x600
    RenderBody {BODY} at (8,8) size 784x576
      RenderBlock {P} at (0,0) size 784x44
        RenderText {#text} at (0,0) size 147x22
          text run at (0,0) width 147: "This is a pixel test for "
        RenderInline {I} at (0,0) size 752x44
          RenderInline {A} at (0,0) size 352x22 [color=#0000EE]
            RenderText {#text} at (147,0) size 352x22
              text run at (147,0) width 352: "http://bugzilla.opendarwin.org/show_bug.cgi?id=4334"
          RenderText {#text} at (499,0) size 752x44
            text run at (499,0) width 4: " "
            text run at (503,0) width 249: "REGRESSION: Flickering when css-"
            text run at (0,22) width 322: "hover should change opacity on floating elements"
        RenderText {#text} at (322,22) size 4x22
          text run at (322,22) width 4: "."
      RenderBlock {P} at (0,60) size 784x22
        RenderText {#text} at (0,0) size 528x22
          text run at (0,0) width 528: "There should be a solid green square below mixed in with a paragraph of text."
      RenderBlock {HR} at (0,98) size 784x2 [border: (1px inset #000000)]
      RenderBlock {DIV} at (0,118) size 784x154
        RenderBlock {DIV} at (0,0) size 784x154
          RenderBlock (floating) {DIV} at (3,3) size 75x75 [bgcolor=#008000]
          RenderBlock {H3} at (0,0) size 784x26
            RenderText {#text} at (81,0) size 163x26
              text run at (81,0) width 163: "Stanley Park Forest"
          RenderBlock {P} at (0,44) size 784x110
            RenderText {#text} at (81,0) size 784x110
              text run at (81,0) width 683: "The forest is primarily second and third growth. The area was saved from development because of its"
              text run at (81,22) width 685: "status as a federal military reserve; it occupied a strategic location for defending the former provincial"
              text run at (0,44) width 784: "capital of New Westminster in the case of an American naval invasion. Nevertheless, the federal government allowed"
              text run at (0,66) width 768: "logging operations there in the mid-nineteenth century. Large swathes of the park were also deforested by natural"
              text run at (0,88) width 296: "causes on two occasions in the 20th century."
