layer at (0,0) size 800x600
  RenderView at (0,0) size 800x600
layer at (0,0) size 800x600
  RenderBlock {HTML} at (0,0) size 800x600
    RenderBody {BODY} at (8,8) size 784x584
      RenderBlock {P} at (0,0) size 784x44
        RenderText {#text} at (0,0) size 184x22
          text run at (0,0) width 184: "This is a regression test for "
        RenderInline {I} at (0,0) size 765x44
          RenderInline {A} at (0,0) size 352x22 [color=#0000EE]
            RenderText {#text} at (184,0) size 352x22
              text run at (184,0) width 352: "http://bugzilla.opendarwin.org/show_bug.cgi?id=7395"
          RenderText {#text} at (536,0) size 765x44
            text run at (536,0) width 4: " "
            text run at (540,0) width 225: "Table not properly re-flowed when"
            text run at (0,22) width 205: "floated div removed from layout"
        RenderText {#text} at (205,22) size 4x22
          text run at (205,22) width 4: "."
      RenderBlock {P} at (0,60) size 784x22
        RenderText {#text} at (0,0) size 276x22
          text run at (0,0) width 276: "The two boxes below should be identical."
      RenderBlock {HR} at (0,98) size 784x2 [border: (1px inset #000000)]
      RenderBlock {DIV} at (0,108) size 200x72 [bgcolor=#C0C0C0]
        RenderTable {TABLE} at (0,0) size 200x72
          RenderTableSection {TBODY} at (0,0) size 200x72
            RenderTableRow {TR} at (0,2) size 200x68
              RenderTableCell {TD} at (2,2) size 196x68 [r=0 c=0 rs=1 cs=1]
                RenderText {#text} at (1,1) size 191x66
                  text run at (1,1) width 191: "Lorem ipsum dolor sit amet,"
                  text run at (1,23) width 184: "consectetuer adipiscing elit."
                  text run at (1,45) width 86: "Nunc neque."
      RenderBlock (anonymous) at (0,180) size 784x22
        RenderBR {BR} at (0,0) size 0x22
      RenderBlock {DIV} at (0,202) size 200x72 [bgcolor=#C0C0C0]
        RenderTable {TABLE} at (0,0) size 200x72
          RenderTableSection {TBODY} at (0,0) size 200x72
            RenderTableRow {TR} at (0,2) size 200x68
              RenderTableCell {TD} at (2,2) size 196x68 [r=0 c=0 rs=1 cs=1]
                RenderText {#text} at (1,1) size 191x66
                  text run at (1,1) width 191: "Lorem ipsum dolor sit amet,"
                  text run at (1,23) width 184: "consectetuer adipiscing elit."
                  text run at (1,45) width 86: "Nunc neque."
