layer at (0,0) size 800x600
  RenderView at (0,0) size 800x600
    RenderSVGContainer {svg} at (0,0) size 400x400
      RenderPath {rect} at (0,0) size 400x400 [fill={[type=SOLID] [color=#EEEEEE]}] [data="M0.00,0.00L4.00,0.00L4.00,4.00L0.00,4.00"]
      RenderPath {rect} at (100,100) size 200x200 [fill={[type=SOLID] [color=#FF0000]}] [data="M1.00,1.00L3.00,1.00L3.00,3.00L1.00,3.00"]
      RenderSVGText {text} at (1,2) size 800x2 [color=#008000]
        RenderSVGInlineText {#text} at (0,-2) size 2x2
          text run at (0,-2) width 2: "X"
