layer at (0,0) size 800x600
  RenderView at (0,0) size 800x600
layer at (0,0) size 800x600
  RenderBlock {HTML} at (0,0) size 800x600
    RenderBody {BODY} at (8,8) size 784x584
      RenderBR {BR} at (0,0) size 0x22
      RenderBR {BR} at (0,22) size 0x22
      RenderBR {BR} at (0,44) size 0x22
      RenderBR {BR} at (0,66) size 0x22
      RenderText {#text} at (0,88) size 191x22
        text run at (0,88) width 191: "24 green box with word ok: "
      RenderText {#text} at (0,0) size 0x0
      RenderBR {BR} at (0,0) size 0x0
      RenderBR {BR} at (0,110) size 0x22
      RenderBR {BR} at (0,132) size 0x22
      RenderBR {BR} at (0,154) size 0x22
      RenderText {#text} at (0,176) size 191x22
        text run at (0,176) width 191: "25 green box with word ok: "
      RenderText {#text} at (0,0) size 0x0
      RenderBR {BR} at (0,0) size 0x0
      RenderBR {BR} at (0,198) size 0x22
      RenderBR {BR} at (0,220) size 0x22
      RenderBR {BR} at (0,242) size 0x22
      RenderText {#text} at (0,264) size 191x22
        text run at (0,264) width 191: "26 green box with word ok: "
      RenderText {#text} at (0,0) size 0x0
      RenderBR {BR} at (0,0) size 0x0
      RenderBR {BR} at (0,286) size 0x22
      RenderBR {BR} at (0,308) size 0x22
      RenderBR {BR} at (0,330) size 0x22
layer at (0,118) size 800x34
  RenderBlock (positioned) {DIV} at (0,118) size 800x34 [border: (2px solid #FF0000)]
    RenderBlock {DIV} at (2,2) size 796x4 [border: (2px solid #FF0000)]
    RenderBlock {DIV} at (2,6) size 796x26 [border: (2px solid #008000)]
      RenderText {#text} at (2,2) size 17x22
        text run at (2,2) width 17: "ok"
layer at (0,206) size 800x34
  RenderBlock (positioned) {DIV} at (0,206) size 800x34 [border: (2px solid #FF0000)]
    RenderBlock {DIV} at (2,2) size 796x4 [border: (2px solid #FF0000)]
    RenderBlock {DIV} at (2,6) size 796x4 [border: (2px solid #FF0000)]
    RenderBlock {DIV} at (2,10) size 796x26 [border: (2px solid #008000)]
      RenderText {#text} at (2,2) size 17x22
        text run at (2,2) width 17: "ok"
layer at (0,294) size 800x34
  RenderBlock (positioned) {DIV} at (0,294) size 800x34 [border: (2px solid #FF0000)]
    RenderBlock {DIV} at (2,2) size 796x26 [border: (2px solid #FF0000)]
      RenderBlock {DIV} at (2,2) size 792x22
        RenderText {#text} at (0,0) size 30x22
          text run at (0,0) width 30: "blah"
    RenderBlock {DIV} at (2,28) size 796x4 [border: (2px solid #FF0000)]
    RenderBlock {DIV} at (2,32) size 796x26 [border: (2px solid #008000)]
      RenderText {#text} at (2,2) size 17x22
        text run at (2,2) width 17: "ok"
