layer at (0,0) size 800x600
  RenderView at (0,0) size 800x600
layer at (0,0) size 800x600
  RenderBlock {HTML} at (0,0) size 800x600
    RenderBody {BODY} at (8,8) size 784x584
      RenderBlock (anonymous) at (0,0) size 784x22
        RenderText {#text} at (0,0) size 158x22
          text run at (0,0) width 158: "Scrollbars should work"
layer at (8,30) size 100x100 clip at (8,30) size 84x84 scrollWidth 272 scrollHeight 220
  RenderBlock (relative positioned) {DIV} at (0,22) size 100x100
    RenderText {#text} at (0,0) size 272x22
      text run at (0,0) width 272: "aaaaaaaaaaaaaaaaaaaaaaaaaaaaaaaaaa"
    RenderBR {BR} at (0,0) size 0x0
    RenderText {#text} at (0,22) size 8x22
      text run at (0,22) width 8: "a"
    RenderBR {BR} at (8,38) size 0x0
    RenderText {#text} at (0,44) size 8x22
      text run at (0,44) width 8: "a"
    RenderBR {BR} at (8,60) size 0x0
    RenderText {#text} at (0,66) size 8x22
      text run at (0,66) width 8: "a"
    RenderBR {BR} at (8,82) size 0x0
    RenderText {#text} at (0,88) size 8x22
      text run at (0,88) width 8: "a"
    RenderBR {BR} at (8,104) size 0x0
    RenderText {#text} at (0,110) size 8x22
      text run at (0,110) width 8: "a"
    RenderBR {BR} at (8,126) size 0x0
    RenderText {#text} at (0,132) size 8x22
      text run at (0,132) width 8: "a"
    RenderBR {BR} at (8,148) size 0x0
    RenderText {#text} at (0,154) size 8x22
      text run at (0,154) width 8: "a"
    RenderBR {BR} at (8,170) size 0x0
    RenderText {#text} at (0,176) size 8x22
      text run at (0,176) width 8: "a"
    RenderBR {BR} at (8,192) size 0x0
    RenderText {#text} at (0,198) size 8x22
      text run at (0,198) width 8: "a"
    RenderBR {BR} at (8,214) size 0x0
