layer at (0,0) size 800x600
  RenderView at (0,0) size 800x600
layer at (0,0) size 800x231
  RenderBlock {HTML} at (0,0) size 800x231
    RenderBody {BODY} at (8,16) size 784x207
      RenderBlock {P} at (0,0) size 784x40
        RenderInline {B} at (0,0) size 61x19
          RenderText {#text} at (0,0) size 61x19
            text run at (0,0) width 61: "BUG ID:"
        RenderText {#text} at (61,0) size 4x19
          text run at (61,0) width 4: " "
        RenderInline {A} at (0,0) size 116x19 [color=#0000EE]
          RenderText {#text} at (65,0) size 116x19
            text run at (65,0) width 116: "Bugzilla bug 43341"
        RenderText {#text} at (181,0) size 762x39
          text run at (181,0) width 581: " Setting canvas width after canvas already rendered resets canvas data appropriately, but doesn't"
          text run at (0,20) width 120: "repaint immediately."
      RenderBlock {P} at (0,56) size 784x26 [bgcolor=#98FB98]
        RenderInline {B} at (0,0) size 86x19
          RenderText {#text} at (3,3) size 86x19
            text run at (3,3) width 86: "TEST PASS:"
        RenderText {#text} at (89,3) size 382x19
          text run at (89,3) width 4: " "
          text run at (93,3) width 378: "The canvas should go blank due to setting on the canvas width."
      RenderBlock {HR} at (0,98) size 784x2 [border: (1px inset #000000)]
      RenderBlock {P} at (0,116) size 784x20
        RenderText {#text} at (0,0) size 176x19
          text run at (0,0) width 176: "Actual output: (blank canvas)"
      RenderBlock (anonymous) at (0,152) size 784x55
        RenderHTMLCanvas {CANVAS} at (0,0) size 100x50
        RenderText {#text} at (0,0) size 0x0
        RenderText {#text} at (0,0) size 0x0
