layer at (0,0) size 4321x585
  RenderView at (0,0) size 800x585
layer at (-3521,0) size 4321x585 backgroundClip at (0,0) size 4321x585 clip at (0,0) size 4321x585 outlineClip at (0,0) size 4321x585
  RenderBlock {HTML} at (0,0) size 4321x585
    RenderBody {BODY} at (58,46) size 4205x493
      RenderBlock {H1} at (0,0) size 48x493
        RenderText {#text} at (5,0) size 37x66
          text run at (5,0) width 66: "\x{8349}\x{6795}"
      RenderBlock {H2} at (69,0) size 36x493
        RenderText {#text} at (4,0) size 28x100
          text run at (4,0) width 100: "\x{590F}\x{76EE}\x{6F31}\x{77F3}"
      RenderBlock {DIV} at (124,0) size 4081x493
        RenderBlock (anonymous) at (0,0) size 2326x493
          RenderBR {BR} at (0,0) size 18x0
          RenderBR {BR} at (18,0) size 18x0
          RenderBR {BR} at (36,0) size 18x0
          RenderText {#text} at (54,0) size 18x104
            text run at (54,0) width 104: "\x{3000}\x{3000}\x{3000}\x{3000}\x{3000}\x{3000}\x{3000}\x{3000}\x{4E00}"
          RenderBR {BR} at (54,104) size 18x0
          RenderBR {BR} at (72,0) size 18x0
          RenderText {#text} at (103,0) size 18x11
            text run at (103,0) width 11: "\x{3000}"
          RenderRuby (inline) {RUBY} at (0,0) size 18x38
            RenderRubyRun (anonymous) at (103,11) size 18x38
              RenderRubyText {RT} at (-13,0) size 13x38
                RenderText {#text} at (0,0) size 13x38
                  text run at (0,0) width 38: "\x{3084}\x{307E}\x{307F}\x{3061}"
              RenderRubyBase (anonymous) at (0,0) size 18x38
                RenderInline {RB} at (0,0) size 18x32
                  RenderText {#text} at (0,3) size 18x32
                    text run at (0,3) width 32: "\x{5C71}\x{8DEF}"
          RenderText {#text} at (103,49) size 18x176
            text run at (103,49) width 176: "\x{3092}\x{767B}\x{308A}\x{306A}\x{304C}\x{3089}\x{3001}\x{3053}\x{3046}\x{8003}\x{3048}\x{305F}\x{3002}"
          RenderBR {BR} at (103,225) size 18x0
          RenderText {#text} at (134,0) size 18x11
            text run at (134,0) width 11: "\x{3000}"
          RenderRuby (inline) {RUBY} at (0,0) size 18x16
            RenderRubyRun (anonymous) at (134,11) size 18x16
              RenderRubyText {RT} at (-13,0) size 13x16
                RenderText {#text} at (0,3) size 13x9
                  text run at (0,3) width 9: "\x{3061}"
              RenderRubyBase (anonymous) at (0,0) size 18x16
                RenderInline {RB} at (0,0) size 18x16
                  RenderText {#text} at (0,0) size 18x16
                    text run at (0,0) width 16: "\x{667A}"
          RenderText {#text} at (134,27) size 18x62
            text run at (134,27) width 62: "\x{306B}\x{50CD}\x{3051}\x{3070}"
          RenderRuby (inline) {RUBY} at (0,0) size 18x19
            RenderRubyRun (anonymous) at (134,89) size 18x19
              RenderRubyText {RT} at (-13,0) size 13x19
                RenderText {#text} at (0,0) size 13x19
                  text run at (0,0) width 19: "\x{304B}\x{3069}"
              RenderRubyBase (anonymous) at (0,0) size 18x19
                RenderInline {RB} at (0,0) size 18x16
                  RenderText {#text} at (0,1) size 18x16
                    text run at (0,1) width 16: "\x{89D2}"
          RenderText {#text} at (134,108) size 18x58
            text run at (134,108) width 58: "\x{304C}\x{7ACB}\x{3064}\x{3002}"
          RenderRuby (inline) {RUBY} at (0,0) size 18x22
            RenderRubyRun (anonymous) at (134,166) size 18x22
              RenderRubyText {RT} at (-13,0) size 13x22
                RenderText {#text} at (0,0) size 13x22
                  text run at (0,0) width 22: "\x{3058}\x{3087}\x{3046}"
              RenderRubyBase (anonymous) at (0,0) size 18x22
                RenderInline {RB} at (0,0) size 18x16
                  RenderText {#text} at (0,3) size 18x16
                    text run at (0,3) width 16: "\x{60C5}"
          RenderText {#text} at (134,188) size 18x15
            text run at (134,188) width 15: "\x{306B}"
          RenderRuby (inline) {RUBY} at (0,0) size 18x17
            RenderRubyRun (anonymous) at (134,203) size 18x17
              RenderRubyText {RT} at (-13,0) size 13x17
                RenderText {#text} at (0,0) size 13x17
                  text run at (0,0) width 17: "\x{3055}\x{304A}"
              RenderRubyBase (anonymous) at (0,0) size 18x17
                RenderInline {RB} at (0,0) size 18x16
                  RenderText {#text} at (0,0) size 18x16
                    text run at (0,0) width 16: "\x{68F9}"
          RenderText {#text} at (134,220) size 18x159
            text run at (134,220) width 159: "\x{3055}\x{305B}\x{3070}\x{6D41}\x{3055}\x{308C}\x{308B}\x{3002}\x{610F}\x{5730}\x{3092}"
          RenderRuby (inline) {RUBY} at (0,0) size 18x17
            RenderRubyRun (anonymous) at (134,379) size 18x17
              RenderRubyText {RT} at (-13,0) size 13x17
                RenderText {#text} at (0,0) size 13x17
                  text run at (0,0) width 17: "\x{3068}\x{304A}"
              RenderRubyBase (anonymous) at (0,0) size 18x17
                RenderInline {RB} at (0,0) size 18x16
                  RenderText {#text} at (0,0) size 18x16
                    text run at (0,0) width 16: "\x{901A}"
          RenderText {#text} at (134,396) size 18x32
            text run at (134,396) width 32: "\x{305B}\x{3070}"
          RenderRuby (inline) {RUBY} at (0,0) size 18x39
            RenderRubyRun (anonymous) at (134,428) size 18x39
              RenderRubyText {RT} at (-13,0) size 13x39
                RenderText {#text} at (0,0) size 13x39
                  text run at (0,0) width 39: "\x{304D}\x{3085}\x{3046}\x{304F}\x{3064}"
              RenderRubyBase (anonymous) at (0,0) size 18x39
                RenderInline {RB} at (0,0) size 18x32
                  RenderText {#text} at (0,3) size 18x32
                    text run at (0,3) width 32: "\x{7AAE}\x{5C48}"
          RenderText {#text} at (134,467) size 36x493
            text run at (134,467) width 26: "\x{3060}\x{3002}"
            text run at (152,0) width 198: "\x{3068}\x{304B}\x{304F}\x{306B}\x{4EBA}\x{306E}\x{4E16}\x{306F}\x{4F4F}\x{307F}\x{306B}\x{304F}\x{3044}\x{3002}"
          RenderBR {BR} at (152,198) size 18x0
          RenderText {#text} at (183,0) size 18x95
            text run at (183,0) width 95: "\x{3000}\x{4F4F}\x{307F}\x{306B}\x{304F}\x{3055}\x{304C}"
          RenderRuby (inline) {RUBY} at (0,0) size 18x16
            RenderRubyRun (anonymous) at (183,95) size 18x16
              RenderRubyText {RT} at (-13,0) size 13x16
                RenderText {#text} at (0,0) size 13x15
                  text run at (0,0) width 15: "\x{3053}\x{3046}"
              RenderRubyBase (anonymous) at (0,0) size 18x16
                RenderInline {RB} at (0,0) size 18x16
                  RenderText {#text} at (0,0) size 18x16
                    text run at (0,0) width 16: "\x{9AD8}"
          RenderText {#text} at (183,111) size 49x489
            text run at (183,111) width 378: "\x{3058}\x{308B}\x{3068}\x{3001}\x{5B89}\x{3044}\x{6240}\x{3078}\x{5F15}\x{304D}\x{8D8A}\x{3057}\x{305F}\x{304F}\x{306A}\x{308B}\x{3002}\x{3069}\x{3053}\x{3078}\x{8D8A}\x{3057}\x{3066}\x{3082}\x{4F4F}\x{307F}\x{306B}"
            text run at (214,0) width 36: "\x{304F}\x{3044}\x{3068}"
          RenderRuby (inline) {RUBY} at (0,0) size 18x16
            RenderRubyRun (anonymous) at (214,36) size 18x16
              RenderRubyText {RT} at (-13,0) size 13x16
                RenderText {#text} at (0,0) size 13x16
                  text run at (0,0) width 16: "\x{3055}\x{3068}"
              RenderRubyBase (anonymous) at (0,0) size 18x16
                RenderInline {RB} at (0,0) size 18x16
                  RenderText {#text} at (0,0) size 18x16
                    text run at (0,0) width 16: "\x{609F}"
          RenderText {#text} at (214,52) size 18x144
            text run at (214,52) width 144: "\x{3063}\x{305F}\x{6642}\x{3001}\x{8A69}\x{304C}\x{751F}\x{308C}\x{3066}\x{3001}"
          RenderRuby (inline) {RUBY} at (0,0) size 18x16
            RenderRubyRun (anonymous) at (214,196) size 18x16
              RenderRubyText {RT} at (-13,0) size 13x16
                RenderText {#text} at (0,3) size 13x9
                  text run at (0,3) width 9: "\x{3048}"
              RenderRubyBase (anonymous) at (0,0) size 18x16
                RenderInline {RB} at (0,0) size 18x16
                  RenderText {#text} at (0,0) size 18x16
                    text run at (0,0) width 16: "\x{753B}"
          RenderText {#text} at (214,212) size 18x73
            text run at (214,212) width 73: "\x{304C}\x{51FA}\x{6765}\x{308B}\x{3002}"
          RenderBR {BR} at (214,285) size 18x0
          RenderText {#text} at (232,0) size 18x11
            text run at (232,0) width 11: "\x{3000}"
          RenderInline {STRONG} at (0,0) size 18x51
            RenderText {#text} at (232,11) size 18x51
              text run at (232,11) width 51: "\x{4EBA}\x{306E}\x{4E16}"
          RenderText {#text} at (232,62) size 18x393
            text run at (232,62) width 393: "\x{3092}\x{4F5C}\x{3063}\x{305F}\x{3082}\x{306E}\x{306F}\x{795E}\x{3067}\x{3082}\x{306A}\x{3051}\x{308C}\x{3070}\x{9B3C}\x{3067}\x{3082}\x{306A}\x{3044}\x{3002}\x{3084}\x{306F}\x{308A}\x{5411}\x{3046}\x{4E09}\x{8ED2}"
          RenderRuby (inline) {RUBY} at (0,0) size 18x39
            RenderRubyRun (anonymous) at (263,0) size 18x39
              RenderRubyText {RT} at (-13,0) size 13x39
                RenderText {#text} at (0,0) size 13x39
                  text run at (0,0) width 39: "\x{308A}\x{3087}\x{3046}\x{3069}\x{306A}"
              RenderRubyBase (anonymous) at (0,0) size 18x39
                RenderInline {RB} at (0,0) size 18x32
                  RenderText {#text} at (0,3) size 18x32
                    text run at (0,3) width 32: "\x{4E21}\x{96A3}"
          RenderText {#text} at (263,39) size 18x348
            text run at (263,39) width 348: "\x{308A}\x{306B}\x{3061}\x{3089}\x{3061}\x{3089}\x{3059}\x{308B}\x{305F}\x{3060}\x{306E}\x{4EBA}\x{3067}\x{3042}\x{308B}\x{3002}\x{305F}\x{3060}\x{306E}\x{4EBA}\x{304C}\x{4F5C}\x{3063}\x{305F}"
          RenderInline {STRONG} at (0,0) size 18x51
            RenderText {#text} at (263,387) size 18x51
              text run at (263,387) width 51: "\x{4EBA}\x{306E}\x{4E16}"
          RenderText {#text} at (263,438) size 36x486
            text run at (263,438) width 48: "\x{304C}\x{4F4F}\x{307F}"
            text run at (281,0) width 284: "\x{306B}\x{304F}\x{3044}\x{304B}\x{3089}\x{3068}\x{3066}\x{3001}\x{8D8A}\x{3059}\x{56FD}\x{306F}\x{3042}\x{308B}\x{307E}\x{3044}\x{3002}\x{3042}\x{308C}\x{3070}"
          RenderInline {STRONG} at (0,0) size 18x60
            RenderText {#text} at (281,284) size 18x60
              text run at (281,284) width 60: "\x{4EBA}\x{3067}\x{306A}\x{3057}"
          RenderText {#text} at (281,344) size 36x461
            text run at (281,344) width 117: "\x{306E}\x{56FD}\x{3078}\x{884C}\x{304F}\x{3070}\x{304B}\x{308A}"
            text run at (299,0) width 26: "\x{3060}\x{3002}"
          RenderInline {STRONG} at (0,0) size 18x60
            RenderText {#text} at (299,26) size 18x60
              text run at (299,26) width 60: "\x{4EBA}\x{3067}\x{306A}\x{3057}"
          RenderText {#text} at (299,86) size 18x48
            text run at (299,86) width 48: "\x{306E}\x{56FD}\x{306F}"
          RenderInline {STRONG} at (0,0) size 18x51
            RenderText {#text} at (299,134) size 18x51
              text run at (299,134) width 51: "\x{4EBA}\x{306E}\x{4E16}"
          RenderText {#text} at (299,185) size 18x176
            text run at (299,185) width 176: "\x{3088}\x{308A}\x{3082}\x{306A}\x{304A}\x{4F4F}\x{307F}\x{306B}\x{304F}\x{304B}\x{308D}\x{3046}\x{3002}"
          RenderBR {BR} at (299,361) size 18x0
          RenderText {#text} at (330,0) size 18x451
            text run at (330,0) width 451: "\x{3000}\x{8D8A}\x{3059}\x{4E8B}\x{306E}\x{306A}\x{3089}\x{306C}\x{4E16}\x{304C}\x{4F4F}\x{307F}\x{306B}\x{304F}\x{3051}\x{308C}\x{3070}\x{3001}\x{4F4F}\x{307F}\x{306B}\x{304F}\x{3044}\x{6240}\x{3092}\x{3069}\x{308C}\x{307B}\x{3069}\x{304B}\x{3001}"
          RenderRuby (inline) {RUBY} at (0,0) size 18x34
            RenderRubyRun (anonymous) at (330,451) size 18x34
              RenderRubyText {RT} at (-13,0) size 13x34
                RenderText {#text} at (0,0) size 13x34
                  text run at (0,0) width 34: "\x{304F}\x{3064}\x{308D}\x{3052}"
              RenderRubyBase (anonymous) at (0,0) size 18x34
                RenderInline {RB} at (0,0) size 18x32
                  RenderText {#text} at (0,1) size 18x32
                    text run at (0,1) width 32: "\x{5BDB}\x{5BB9}"
          RenderText {#text} at (361,0) size 18x25
            text run at (361,0) width 25: "\x{3066}\x{3001}"
          RenderRuby (inline) {RUBY} at (0,0) size 18x20
            RenderRubyRun (anonymous) at (361,25) size 18x20
              RenderRubyText {RT} at (-13,0) size 13x20
                RenderText {#text} at (0,0) size 13x20
                  text run at (0,0) width 20: "\x{3064}\x{304B}"
              RenderRubyBase (anonymous) at (0,0) size 18x20
                RenderInline {RB} at (0,0) size 18x16
                  RenderText {#text} at (0,2) size 18x16
                    text run at (0,2) width 16: "\x{675F}"
          RenderText {#text} at (361,45) size 18x16
            text run at (361,45) width 16: "\x{306E}"
          RenderRuby (inline) {RUBY} at (0,0) size 18x16
            RenderRubyRun (anonymous) at (361,61) size 18x16
              RenderRubyText {RT} at (-13,0) size 13x16
                RenderText {#text} at (0,3) size 13x9
                  text run at (0,3) width 9: "\x{307E}"
              RenderRubyBase (anonymous) at (0,0) size 18x16
                RenderInline {RB} at (0,0) size 18x16
                  RenderText {#text} at (0,0) size 18x16
                    text run at (0,0) width 16: "\x{9593}"
          RenderText {#text} at (361,77) size 49x493
            text run at (361,77) width 416: "\x{306E}\x{547D}\x{3092}\x{3001}\x{675F}\x{306E}\x{9593}\x{3067}\x{3082}\x{4F4F}\x{307F}\x{3088}\x{304F}\x{305B}\x{306D}\x{3070}\x{306A}\x{3089}\x{306C}\x{3002}\x{3053}\x{3053}\x{306B}\x{8A69}\x{4EBA}\x{3068}\x{3044}\x{3046}\x{5929}"
            text run at (392,0) width 248: "\x{8077}\x{304C}\x{51FA}\x{6765}\x{3066}\x{3001}\x{3053}\x{3053}\x{306B}\x{753B}\x{5BB6}\x{3068}\x{3044}\x{3046}\x{4F7F}\x{547D}\x{304C}"
          RenderRuby (inline) {RUBY} at (0,0) size 18x16
            RenderRubyRun (anonymous) at (392,248) size 18x16
              RenderRubyText {RT} at (-13,0) size 13x16
                RenderText {#text} at (0,0) size 13x15
                  text run at (0,0) width 15: "\x{304F}\x{3060}"
              RenderRubyBase (anonymous) at (0,0) size 18x16
                RenderInline {RB} at (0,0) size 18x16
                  RenderText {#text} at (0,0) size 18x16
                    text run at (0,0) width 16: "\x{964D}"
          RenderText {#text} at (392,264) size 18x225
            text run at (392,264) width 225: "\x{308B}\x{3002}\x{3042}\x{3089}\x{3086}\x{308B}\x{82B8}\x{8853}\x{306E}\x{58EB}\x{306F}\x{4EBA}\x{306E}\x{4E16}\x{3092}"
          RenderRuby (inline) {RUBY} at (0,0) size 18x32
            RenderRubyRun (anonymous) at (423,0) size 18x32
              RenderRubyText {RT} at (-13,0) size 13x32
                RenderText {#text} at (0,1) size 13x29
                  text run at (0,1) width 29: "\x{306E}\x{3069}\x{304B}"
              RenderRubyBase (anonymous) at (0,0) size 18x32
                RenderInline {RB} at (0,0) size 18x32
                  RenderText {#text} at (0,0) size 18x32
                    text run at (0,0) width 32: "\x{9577}\x{9591}"
          RenderText {#text} at (423,32) size 18x192
            text run at (423,32) width 192: "\x{306B}\x{3057}\x{3001}\x{4EBA}\x{306E}\x{5FC3}\x{3092}\x{8C4A}\x{304B}\x{306B}\x{3059}\x{308B}\x{304C}"
          RenderRuby (inline) {RUBY} at (0,0) size 18x19
            RenderRubyRun (anonymous) at (423,224) size 18x19
              RenderRubyText {RT} at (-13,0) size 13x19
                RenderText {#text} at (0,0) size 13x19
                  text run at (0,0) width 19: "\x{3086}\x{3048}"
              RenderRubyBase (anonymous) at (0,0) size 18x19
                RenderInline {RB} at (0,0) size 18x16
                  RenderText {#text} at (0,1) size 18x16
                    text run at (0,1) width 16: "\x{6545}"
          RenderText {#text} at (423,243) size 18x15
            text run at (423,243) width 15: "\x{306B}"
          RenderRuby (inline) {RUBY} at (0,0) size 18x17
            RenderRubyRun (anonymous) at (423,258) size 18x17
              RenderRubyText {RT} at (-13,0) size 13x17
                RenderText {#text} at (0,0) size 13x17
                  text run at (0,0) width 17: "\x{305F}\x{3063}"
              RenderRubyBase (anonymous) at (0,0) size 18x17
                RenderInline {RB} at (0,0) size 18x16
                  RenderText {#text} at (0,0) size 18x16
                    text run at (0,0) width 16: "\x{5C0A}"
          RenderText {#text} at (423,275) size 18x38
            text run at (423,275) width 38: "\x{3068}\x{3044}\x{3002}"
          RenderBR {BR} at (423,313) size 18x0
          RenderText {#text} at (454,0) size 18x207
            text run at (454,0) width 207: "\x{3000}\x{4F4F}\x{307F}\x{306B}\x{304F}\x{304D}\x{4E16}\x{304B}\x{3089}\x{3001}\x{4F4F}\x{307F}\x{306B}\x{304F}\x{304D}"
          RenderRuby (inline) {RUBY} at (0,0) size 18x28
            RenderRubyRun (anonymous) at (454,207) size 18x28
              RenderRubyText {RT} at (-13,0) size 13x28
                RenderText {#text} at (0,0) size 13x28
                  text run at (0,0) width 28: "\x{308F}\x{305A}\x{3089}"
              RenderRubyBase (anonymous) at (0,0) size 18x28
                RenderInline {RB} at (0,0) size 18x16
                  RenderText {#text} at (0,6) size 18x16
                    text run at (0,6) width 16: "\x{7169}"
          RenderText {#text} at (454,235) size 49x483
            text run at (454,235) width 248: "\x{3044}\x{3092}\x{5F15}\x{304D}\x{629C}\x{3044}\x{3066}\x{3001}\x{3042}\x{308A}\x{304C}\x{305F}\x{3044}\x{4E16}\x{754C}\x{3092}\x{307E}"
            text run at (485,0) width 206: "\x{306E}\x{3042}\x{305F}\x{308A}\x{306B}\x{5199}\x{3059}\x{306E}\x{304C}\x{8A69}\x{3067}\x{3042}\x{308B}\x{3001}"
          RenderRuby (inline) {RUBY} at (0,0) size 18x16
            RenderRubyRun (anonymous) at (485,206) size 18x16
              RenderRubyText {RT} at (-13,0) size 13x16
                RenderText {#text} at (0,3) size 13x9
                  text run at (0,3) width 9: "\x{3048}"
              RenderRubyBase (anonymous) at (0,0) size 18x16
                RenderInline {RB} at (0,0) size 18x16
                  RenderText {#text} at (0,0) size 18x16
                    text run at (0,0) width 16: "\x{753B}"
          RenderText {#text} at (485,222) size 49x478
            text run at (485,222) width 256: "\x{3067}\x{3042}\x{308B}\x{3002}\x{3042}\x{308B}\x{306F}\x{97F3}\x{697D}\x{3068}\x{5F6B}\x{523B}\x{3067}\x{3042}\x{308B}\x{3002}\x{3053}\x{307E}"
            text run at (516,0) width 31: "\x{304B}\x{306B}"
          RenderRuby (inline) {RUBY} at (0,0) size 18x16
            RenderRubyRun (anonymous) at (516,31) size 18x16
              RenderRubyText {RT} at (-13,0) size 13x16
                RenderText {#text} at (0,3) size 13x9
                  text run at (0,3) width 9: "\x{3044}"
              RenderRubyBase (anonymous) at (0,0) size 18x16
                RenderInline {RB} at (0,0) size 18x16
                  RenderText {#text} at (0,0) size 18x16
                    text run at (0,0) width 16: "\x{4E91}"
          RenderText {#text} at (516,47) size 49x490
            text run at (516,47) width 443: "\x{3048}\x{3070}\x{5199}\x{3055}\x{306A}\x{3044}\x{3067}\x{3082}\x{3088}\x{3044}\x{3002}\x{305F}\x{3060}\x{307E}\x{306E}\x{3042}\x{305F}\x{308A}\x{306B}\x{898B}\x{308C}\x{3070}\x{3001}\x{305D}\x{3053}\x{306B}\x{8A69}\x{3082}\x{751F}\x{304D}\x{3001}"
            text run at (547,0) width 29: "\x{6B4C}\x{3082}"
          RenderRuby (inline) {RUBY} at (0,0) size 18x16
            RenderRubyRun (anonymous) at (547,29) size 18x16
              RenderRubyText {RT} at (-13,0) size 13x16
                RenderText {#text} at (0,3) size 13x10
                  text run at (0,3) width 10: "\x{308F}"
              RenderRubyBase (anonymous) at (0,0) size 18x16
                RenderInline {RB} at (0,0) size 18x16
                  RenderText {#text} at (0,0) size 18x16
                    text run at (0,0) width 16: "\x{6E67}"
          RenderText {#text} at (547,45) size 18x166
            text run at (547,45) width 166: "\x{304F}\x{3002}\x{7740}\x{60F3}\x{3092}\x{7D19}\x{306B}\x{843D}\x{3055}\x{306C}\x{3068}\x{3082}"
          RenderRuby (inline) {RUBY} at (0,0) size 18x39
            RenderRubyRun (anonymous) at (547,211) size 18x39
              RenderRubyText {RT} at (-13,0) size 13x39
                RenderText {#text} at (0,0) size 13x39
                  text run at (0,0) width 39: "\x{304D}\x{3085}\x{3046}\x{305D}\x{3046}"
              RenderRubyBase (anonymous) at (0,0) size 18x39
                RenderInline {RB} at (0,0) size 18x32
                  RenderText {#text} at (0,3) size 18x16
                    text run at (0,3) width 16: "\x{7486}"
                  RenderText {#text} at (0,19) size 18x16
                    text run at (0,19) width 16: "\x{93D8}"
          RenderText {#text} at (547,250) size 18x16
            text run at (547,250) width 16: "\x{306E}"
          RenderRuby (inline) {RUBY} at (0,0) size 18x19
            RenderRubyRun (anonymous) at (547,266) size 18x19
              RenderRubyText {RT} at (-13,0) size 13x19
                RenderText {#text} at (0,0) size 13x19
                  text run at (0,0) width 19: "\x{304A}\x{3093}"
              RenderRubyBase (anonymous) at (0,0) size 18x19
                RenderInline {RB} at (0,0) size 18x16
                  RenderText {#text} at (0,1) size 18x16
                    text run at (0,1) width 16: "\x{97F3}"
          RenderText {#text} at (547,285) size 18x16
            text run at (547,285) width 16: "\x{306F}"
          RenderRuby (inline) {RUBY} at (0,0) size 18x32
            RenderRubyRun (anonymous) at (547,301) size 18x32
              RenderRubyText {RT} at (-13,0) size 13x32
                RenderText {#text} at (0,1) size 13x29
                  text run at (0,1) width 29: "\x{304D}\x{3087}\x{3046}\x{308A}"
              RenderRubyBase (anonymous) at (0,0) size 18x32
                RenderInline {RB} at (0,0) size 18x32
                  RenderText {#text} at (0,0) size 18x32
                    text run at (0,0) width 32: "\x{80F8}\x{88CF}"
          RenderText {#text} at (547,333) size 18x15
            text run at (547,333) width 15: "\x{306B}"
          RenderRuby (inline) {RUBY} at (0,0) size 18x17
            RenderRubyRun (anonymous) at (547,348) size 18x17
              RenderRubyText {RT} at (-13,0) size 13x17
                RenderText {#text} at (0,0) size 13x17
                  text run at (0,0) width 17: "\x{304A}\x{3053}"
              RenderRubyBase (anonymous) at (0,0) size 18x17
                RenderInline {RB} at (0,0) size 18x16
                  RenderText {#text} at (0,0) size 18x16
                    text run at (0,0) width 16: "\x{8D77}"
          RenderText {#text} at (547,365) size 18x25
            text run at (547,365) width 25: "\x{308B}\x{3002}"
          RenderRuby (inline) {RUBY} at (0,0) size 18x38
            RenderRubyRun (anonymous) at (547,390) size 18x38
              RenderRubyText {RT} at (-13,0) size 13x38
                RenderText {#text} at (0,0) size 13x38
                  text run at (0,0) width 38: "\x{305F}\x{3093}\x{305B}\x{3044}"
              RenderRubyBase (anonymous) at (0,0) size 18x38
                RenderInline {RB} at (0,0) size 18x32
                  RenderText {#text} at (0,3) size 18x32
                    text run at (0,3) width 32: "\x{4E39}\x{9752}"
          RenderText {#text} at (547,428) size 18x16
            text run at (547,428) width 16: "\x{306F}"
          RenderRuby (inline) {RUBY} at (0,0) size 18x32
            RenderRubyRun (anonymous) at (547,444) size 18x32
              RenderRubyText {RT} at (-13,0) size 13x32
                RenderText {#text} at (0,6) size 13x20
                  text run at (0,6) width 20: "\x{304C}\x{304B}"
              RenderRubyBase (anonymous) at (0,0) size 18x32
                RenderInline {RB} at (0,0) size 18x32
                  RenderText {#text} at (0,0) size 18x32
                    text run at (0,0) width 32: "\x{753B}\x{67B6}"
          RenderText {#text} at (547,476) size 49x491
            text run at (547,476) width 15: "\x{306B}"
            text run at (578,0) width 43: "\x{5411}\x{3063}\x{3066}"
          RenderRuby (inline) {RUBY} at (0,0) size 18x32
            RenderRubyRun (anonymous) at (578,43) size 18x32
              RenderRubyText {RT} at (-13,0) size 13x32
                RenderText {#text} at (0,2) size 13x27
                  text run at (0,2) width 27: "\x{3068}\x{307E}\x{3064}"
              RenderRubyBase (anonymous) at (0,0) size 18x32
                RenderInline {RB} at (0,0) size 18x32
                  RenderText {#text} at (0,0) size 18x32
                    text run at (0,0) width 32: "\x{5857}\x{62B9}"
          RenderText {#text} at (578,75) size 18x58
            text run at (578,75) width 58: "\x{305B}\x{3093}\x{3067}\x{3082}"
          RenderRuby (inline) {RUBY} at (0,0) size 18x32
            RenderRubyRun (anonymous) at (578,133) size 18x32
              RenderRubyText {RT} at (-13,0) size 13x32
                RenderText {#text} at (0,3) size 13x26
                  text run at (0,3) width 26: "\x{3054}\x{3055}\x{3044}"
              RenderRubyBase (anonymous) at (0,0) size 18x32
                RenderInline {RB} at (0,0) size 18x32
                  RenderText {#text} at (0,0) size 18x32
                    text run at (0,0) width 32: "\x{4E94}\x{5F69}"
          RenderText {#text} at (578,165) size 18x16
            text run at (578,165) width 16: "\x{306E}"
          RenderRuby (inline) {RUBY} at (0,0) size 18x37
            RenderRubyRun (anonymous) at (578,181) size 18x37
              RenderRubyText {RT} at (-13,0) size 13x37
                RenderText {#text} at (0,0) size 13x37
                  text run at (0,0) width 37: "\x{3051}\x{3093}\x{3089}\x{3093}"
              RenderRubyBase (anonymous) at (0,0) size 18x37
                RenderInline {RB} at (0,0) size 18x32
                  RenderText {#text} at (0,2) size 18x32
                    text run at (0,2) width 32: "\x{7D62}\x{721B}"
          RenderText {#text} at (578,218) size 18x16
            text run at (578,218) width 16: "\x{306F}"
          RenderRuby (inline) {RUBY} at (0,0) size 18x29
            RenderRubyRun (anonymous) at (578,234) size 18x29
              RenderRubyText {RT} at (-13,0) size 13x29
                RenderText {#text} at (0,0) size 13x29
                  text run at (0,0) width 29: "\x{304A}\x{306E}\x{305A}"
              RenderRubyBase (anonymous) at (0,0) size 18x29
                RenderInline {RB} at (0,0) size 18x16
                  RenderText {#text} at (0,6) size 18x16
                    text run at (0,6) width 16: "\x{81EA}"
          RenderText {#text} at (578,263) size 18x29
            text run at (578,263) width 29: "\x{304B}\x{3089}"
          RenderRuby (inline) {RUBY} at (0,0) size 18x38
            RenderRubyRun (anonymous) at (578,292) size 18x38
              RenderRubyText {RT} at (-13,0) size 13x38
                RenderText {#text} at (0,0) size 13x38
                  text run at (0,0) width 38: "\x{3057}\x{3093}\x{304C}\x{3093}"
              RenderRubyBase (anonymous) at (0,0) size 18x38
                RenderInline {RB} at (0,0) size 18x32
                  RenderText {#text} at (0,3) size 18x32
                    text run at (0,3) width 32: "\x{5FC3}\x{773C}"
          RenderText {#text} at (578,330) size 49x479
            text run at (578,330) width 149: "\x{306B}\x{6620}\x{308B}\x{3002}\x{305F}\x{3060}\x{304A}\x{306E}\x{304C}\x{4F4F}"
            text run at (609,0) width 82: "\x{3080}\x{4E16}\x{3092}\x{3001}\x{304B}\x{304F}"
          RenderRuby (inline) {RUBY} at (0,0) size 18x20
            RenderRubyRun (anonymous) at (609,82) size 18x20
              RenderRubyText {RT} at (-13,0) size 13x20
                RenderText {#text} at (0,0) size 13x20
                  text run at (0,0) width 20: "\x{304B}\x{3093}"
              RenderRubyBase (anonymous) at (0,0) size 18x20
                RenderInline {RB} at (0,0) size 18x16
                  RenderText {#text} at (0,2) size 18x16
                    text run at (0,2) width 16: "\x{89B3}"
          RenderText {#text} at (609,102) size 18x53
            text run at (609,102) width 53: "\x{3058}\x{5F97}\x{3066}\x{3001}"
          RenderRuby (inline) {RUBY} at (0,0) size 18x74
            RenderRubyRun (anonymous) at (609,155) size 18x74
              RenderRubyText {RT} at (-13,0) size 13x74
                RenderText {#text} at (0,0) size 13x74
                  text run at (0,0) width 74: "\x{308C}\x{3044}\x{3060}\x{3044}\x{307B}\x{3046}\x{3059}\x{3093}"
              RenderRubyBase (anonymous) at (0,0) size 18x74
                RenderInline {RB} at (0,0) size 18x64
                  RenderText {#text} at (0,5) size 18x64
                    text run at (0,5) width 64: "\x{970A}\x{53F0}\x{65B9}\x{5BF8}"
          RenderText {#text} at (609,229) size 18x69
            text run at (609,229) width 69: "\x{306E}\x{30AB}\x{30E1}\x{30E9}\x{306B}"
          RenderRuby (inline) {RUBY} at (0,0) size 18x64
            RenderRubyRun (anonymous) at (609,298) size 18x64
              RenderRubyText {RT} at (-13,0) size 13x64
                RenderText {#text} at (0,0) size 13x64
                  text run at (0,0) width 64: "\x{304E}\x{3087}\x{3046}\x{304D}\x{3053}\x{3093}\x{3060}\x{304F}"
              RenderRubyBase (anonymous) at (0,0) size 18x64
                RenderInline {RB} at (0,0) size 18x64
                  RenderText {#text} at (0,0) size 18x64
                    text run at (0,0) width 64: "\x{6F86}\x{5B63}\x{6EB7}\x{6FC1}"
          RenderText {#text} at (609,362) size 49x486
            text run at (609,362) width 124: "\x{306E}\x{4FD7}\x{754C}\x{3092}\x{6E05}\x{304F}\x{3046}\x{3089}\x{3089}"
            text run at (640,0) width 63: "\x{304B}\x{306B}\x{53CE}\x{3081}"
          RenderRuby (inline) {RUBY} at (0,0) size 18x16
            RenderRubyRun (anonymous) at (640,63) size 18x16
              RenderRubyText {RT} at (-13,0) size 13x16
                RenderText {#text} at (0,4) size 13x7
                  text run at (0,4) width 7: "\x{3046}"
              RenderRubyBase (anonymous) at (0,0) size 18x16
                RenderInline {RB} at (0,0) size 18x16
                  RenderText {#text} at (0,0) size 18x16
                    text run at (0,0) width 16: "\x{5F97}"
          RenderText {#text} at (640,79) size 18x32
            text run at (640,79) width 32: "\x{308C}\x{3070}"
          RenderRuby (inline) {RUBY} at (0,0) size 18x16
            RenderRubyRun (anonymous) at (640,111) size 18x16
              RenderRubyText {RT} at (-13,0) size 13x16
                RenderText {#text} at (0,3) size 13x9
                  text run at (0,3) width 9: "\x{305F}"
              RenderRubyBase (anonymous) at (0,0) size 18x16
                RenderInline {RB} at (0,0) size 18x16
                  RenderText {#text} at (0,0) size 18x16
                    text run at (0,0) width 16: "\x{8DB3}"
          RenderText {#text} at (640,127) size 18x85
            text run at (640,127) width 85: "\x{308B}\x{3002}\x{3053}\x{306E}\x{6545}\x{306B}"
          RenderRuby (inline) {RUBY} at (0,0) size 18x32
            RenderRubyRun (anonymous) at (640,212) size 18x32
              RenderRubyText {RT} at (-13,0) size 13x32
                RenderText {#text} at (0,1) size 13x29
                  text run at (0,1) width 29: "\x{3080}\x{305B}\x{3044}"
              RenderRubyBase (anonymous) at (0,0) size 18x32
                RenderInline {RB} at (0,0) size 18x32
                  RenderText {#text} at (0,0) size 18x32
                    text run at (0,0) width 32: "\x{7121}\x{58F0}"
          RenderText {#text} at (640,244) size 18x145
            text run at (640,244) width 145: "\x{306E}\x{8A69}\x{4EBA}\x{306B}\x{306F}\x{4E00}\x{53E5}\x{306A}\x{304F}\x{3001}"
          RenderRuby (inline) {RUBY} at (0,0) size 18x32
            RenderRubyRun (anonymous) at (640,389) size 18x32
              RenderRubyText {RT} at (-13,0) size 13x32
                RenderText {#text} at (0,0) size 13x31
                  text run at (0,0) width 31: "\x{3080}\x{3057}\x{3087}\x{304F}"
              RenderRubyBase (anonymous) at (0,0) size 18x32
                RenderInline {RB} at (0,0) size 18x32
                  RenderText {#text} at (0,0) size 18x32
                    text run at (0,0) width 32: "\x{7121}\x{8272}"
          RenderText {#text} at (640,421) size 49x484
            text run at (640,421) width 63: "\x{306E}\x{753B}\x{5BB6}\x{306B}"
            text run at (671,0) width 16: "\x{306F}"
          RenderRuby (inline) {RUBY} at (0,0) size 18x37
            RenderRubyRun (anonymous) at (671,16) size 18x37
              RenderRubyText {RT} at (-13,0) size 13x37
                RenderText {#text} at (0,0) size 13x37
                  text run at (0,0) width 37: "\x{305B}\x{3063}\x{3051}\x{3093}"
              RenderRubyBase (anonymous) at (0,0) size 18x37
                RenderInline {RB} at (0,0) size 18x32
                  RenderText {#text} at (0,2) size 18x32
                    text run at (0,2) width 32: "\x{5C3A}\x{7E11}"
          RenderText {#text} at (671,53) size 18x77
            text run at (671,53) width 77: "\x{306A}\x{304D}\x{3082}\x{3001}\x{304B}\x{304F}"
          RenderRuby (inline) {RUBY} at (0,0) size 18x37
            RenderRubyRun (anonymous) at (671,130) size 18x37
              RenderRubyText {RT} at (-13,0) size 13x37
                RenderText {#text} at (0,0) size 13x37
                  text run at (0,0) width 37: "\x{3058}\x{3093}\x{305B}\x{3044}"
              RenderRubyBase (anonymous) at (0,0) size 18x37
                RenderInline {RB} at (0,0) size 18x32
                  RenderText {#text} at (0,2) size 18x32
                    text run at (0,2) width 32: "\x{4EBA}\x{4E16}"
          RenderText {#text} at (671,167) size 18x199
            text run at (671,167) width 199: "\x{3092}\x{89B3}\x{3058}\x{5F97}\x{308B}\x{306E}\x{70B9}\x{306B}\x{304A}\x{3044}\x{3066}\x{3001}\x{304B}\x{304F}"
          RenderRuby (inline) {RUBY} at (0,0) size 18x37
            RenderRubyRun (anonymous) at (671,366) size 18x37
              RenderRubyText {RT} at (-13,0) size 13x37
                RenderText {#text} at (0,0) size 13x37
                  text run at (0,0) width 37: "\x{307C}\x{3093}\x{306E}\x{3046}"
              RenderRubyBase (anonymous) at (0,0) size 18x37
                RenderInline {RB} at (0,0) size 18x32
                  RenderText {#text} at (0,2) size 18x32
                    text run at (0,2) width 32: "\x{7169}\x{60A9}"
          RenderText {#text} at (671,403) size 18x14
            text run at (671,403) width 14: "\x{3092}"
          RenderRuby (inline) {RUBY} at (0,0) size 18x32
            RenderRubyRun (anonymous) at (671,417) size 18x32
              RenderRubyText {RT} at (-13,0) size 13x32
                RenderText {#text} at (0,1) size 13x29
                  text run at (0,1) width 29: "\x{3052}\x{3060}\x{3064}"
              RenderRubyBase (anonymous) at (0,0) size 18x32
                RenderInline {RB} at (0,0) size 18x32
                  RenderText {#text} at (0,0) size 18x32
                    text run at (0,0) width 32: "\x{89E3}\x{8131}"
          RenderText {#text} at (671,449) size 49x478
            text run at (671,449) width 29: "\x{3059}\x{308B}"
            text run at (702,0) width 127: "\x{306E}\x{70B9}\x{306B}\x{304A}\x{3044}\x{3066}\x{3001}\x{304B}\x{304F}"
          RenderRuby (inline) {RUBY} at (0,0) size 18x63
            RenderRubyRun (anonymous) at (702,127) size 18x63
              RenderRubyText {RT} at (-13,0) size 13x63
                RenderText {#text} at (0,0) size 13x63
                  text run at (0,0) width 63: "\x{3057}\x{3087}\x{3046}\x{3058}\x{3087}\x{3046}\x{304B}\x{3044}"
              RenderRubyBase (anonymous) at (0,0) size 18x63
                RenderInline {RB} at (0,0) size 18x48
                  RenderText {#text} at (0,7) size 18x48
                    text run at (0,7) width 48: "\x{6E05}\x{6D44}\x{754C}"
          RenderText {#text} at (702,190) size 18x15
            text run at (702,190) width 15: "\x{306B}"
          RenderRuby (inline) {RUBY} at (0,0) size 18x50
            RenderRubyRun (anonymous) at (702,205) size 18x50
              RenderRubyText {RT} at (-13,0) size 13x50
                RenderText {#text} at (0,0) size 13x50
                  text run at (0,0) width 50: "\x{3057}\x{3085}\x{3064}\x{306B}\x{3085}\x{3046}"
              RenderRubyBase (anonymous) at (0,0) size 18x50
                RenderInline {RB} at (0,0) size 18x32
                  RenderText {#text} at (0,9) size 18x32
                    text run at (0,9) width 32: "\x{51FA}\x{5165}"
          RenderText {#text} at (702,255) size 18x202
            text run at (702,255) width 202: "\x{3057}\x{5F97}\x{308B}\x{306E}\x{70B9}\x{306B}\x{304A}\x{3044}\x{3066}\x{3001}\x{307E}\x{305F}\x{3053}\x{306E}"
          RenderRuby (inline) {RUBY} at (0,0) size 18x64
            RenderRubyRun (anonymous) at (733,0) size 18x64
              RenderRubyText {RT} at (-13,0) size 13x64
                RenderText {#text} at (0,10) size 13x44
                  text run at (0,10) width 44: "\x{3075}\x{3069}\x{3046}\x{3075}\x{3058}"
              RenderRubyBase (anonymous) at (0,0) size 18x64
                RenderInline {RB} at (0,0) size 18x64
                  RenderText {#text} at (0,0) size 18x64
                    text run at (0,0) width 64: "\x{4E0D}\x{540C}\x{4E0D}\x{4E8C}"
          RenderText {#text} at (733,64) size 18x16
            text run at (733,64) width 16: "\x{306E}"
          RenderRuby (inline) {RUBY} at (0,0) size 18x37
            RenderRubyRun (anonymous) at (733,80) size 18x37
              RenderRubyText {RT} at (-13,0) size 13x37
                RenderText {#text} at (0,0) size 13x37
                  text run at (0,0) width 37: "\x{3051}\x{3093}\x{3053}\x{3093}"
              RenderRubyBase (anonymous) at (0,0) size 18x37
                RenderInline {RB} at (0,0) size 18x32
                  RenderText {#text} at (0,2) size 18x32
                    text run at (0,2) width 32: "\x{4E7E}\x{5764}"
          RenderText {#text} at (733,117) size 18x14
            text run at (733,117) width 14: "\x{3092}"
          RenderRuby (inline) {RUBY} at (0,0) size 18x40
            RenderRubyRun (anonymous) at (733,131) size 18x40
              RenderRubyText {RT} at (-13,0) size 13x40
                RenderText {#text} at (0,0) size 13x40
                  text run at (0,0) width 40: "\x{3053}\x{3093}\x{308A}\x{3085}\x{3046}"
              RenderRubyBase (anonymous) at (0,0) size 18x40
                RenderInline {RB} at (0,0) size 18x32
                  RenderText {#text} at (0,4) size 18x32
                    text run at (0,4) width 32: "\x{5EFA}\x{7ACB}"
          RenderText {#text} at (733,171) size 18x144
            text run at (733,171) width 144: "\x{3057}\x{5F97}\x{308B}\x{306E}\x{70B9}\x{306B}\x{304A}\x{3044}\x{3066}\x{3001}"
          RenderRuby (inline) {RUBY} at (0,0) size 18x64
            RenderRubyRun (anonymous) at (733,315) size 18x64
              RenderRubyText {RT} at (-13,0) size 13x64
                RenderText {#text} at (0,12) size 13x40
                  text run at (0,12) width 40: "\x{304C}\x{308A}\x{3057}\x{3088}\x{304F}"
              RenderRubyBase (anonymous) at (0,0) size 18x64
                RenderInline {RB} at (0,0) size 18x64
                  RenderText {#text} at (0,0) size 18x64
                    text run at (0,0) width 64: "\x{6211}\x{5229}\x{79C1}\x{617E}"
          RenderText {#text} at (733,379) size 18x16
            text run at (733,379) width 16: "\x{306E}"
          RenderRuby (inline) {RUBY} at (0,0) size 18x32
            RenderRubyRun (anonymous) at (733,395) size 18x32
              RenderRubyText {RT} at (-13,0) size 13x32
                RenderText {#text} at (0,2) size 13x28
                  text run at (0,2) width 28: "\x{304D}\x{306F}\x{3093}"
              RenderRubyBase (anonymous) at (0,0) size 18x32
                RenderInline {RB} at (0,0) size 18x32
                  RenderText {#text} at (0,0) size 18x32
                    text run at (0,0) width 32: "\x{898A}\x{7D46}"
          RenderText {#text} at (733,427) size 18x14
            text run at (733,427) width 14: "\x{3092}"
          RenderRuby (inline) {RUBY} at (0,0) size 18x32
            RenderRubyRun (anonymous) at (733,441) size 18x32
              RenderRubyText {RT} at (-13,0) size 13x32
                RenderText {#text} at (0,0) size 13x31
                  text run at (0,0) width 31: "\x{305D}\x{3046}\x{3068}\x{3046}"
              RenderRubyBase (anonymous) at (0,0) size 18x32
                RenderInline {RB} at (0,0) size 18x32
                  RenderText {#text} at (0,0) size 18x32
                    text run at (0,0) width 32: "\x{6383}\x{8569}"
          RenderText {#text} at (733,473) size 49x488
            text run at (733,473) width 15: "\x{3059}"
            text run at (764,0) width 148: "\x{308B}\x{306E}\x{70B9}\x{306B}\x{304A}\x{3044}\x{3066}\x{3001}\x{2015}\x{2015}"
          RenderRuby (inline) {RUBY} at (0,0) size 18x38
            RenderRubyRun (anonymous) at (764,148) size 18x38
              RenderRubyText {RT} at (-13,0) size 13x38
                RenderText {#text} at (0,0) size 13x38
                  text run at (0,0) width 38: "\x{305B}\x{3093}\x{304D}\x{3093}"
              RenderRubyBase (anonymous) at (0,0) size 18x38
                RenderInline {RB} at (0,0) size 18x32
                  RenderText {#text} at (0,3) size 18x32
                    text run at (0,3) width 32: "\x{5343}\x{91D1}"
          RenderText {#text} at (764,186) size 18x82
            text run at (764,186) width 82: "\x{306E}\x{5B50}\x{3088}\x{308A}\x{3082}\x{3001}"
          RenderRuby (inline) {RUBY} at (0,0) size 18x42
            RenderRubyRun (anonymous) at (764,268) size 18x42
              RenderRubyText {RT} at (-13,0) size 13x42
                RenderText {#text} at (0,0) size 13x42
                  text run at (0,0) width 42: "\x{3070}\x{3093}\x{3058}\x{3087}\x{3046}"
              RenderRubyBase (anonymous) at (0,0) size 18x42
                RenderInline {RB} at (0,0) size 18x32
                  RenderText {#text} at (0,5) size 18x32
                    text run at (0,5) width 32: "\x{4E07}\x{4E57}"
          RenderText {#text} at (764,310) size 49x482
            text run at (764,310) width 172: "\x{306E}\x{541B}\x{3088}\x{308A}\x{3082}\x{3001}\x{3042}\x{3089}\x{3086}\x{308B}\x{4FD7}\x{754C}"
            text run at (795,0) width 16: "\x{306E}"
          RenderRuby (inline) {RUBY} at (0,0) size 18x32
            RenderRubyRun (anonymous) at (795,16) size 18x32
              RenderRubyText {RT} at (-13,0) size 13x32
                RenderText {#text} at (0,0) size 13x31
                  text run at (0,0) width 31: "\x{3061}\x{3087}\x{3046}\x{3058}"
              RenderRubyBase (anonymous) at (0,0) size 18x32
                RenderInline {RB} at (0,0) size 18x32
                  RenderText {#text} at (0,0) size 18x32
                    text run at (0,0) width 32: "\x{5BF5}\x{5150}"
          RenderText {#text} at (795,48) size 18x125
            text run at (795,48) width 125: "\x{3088}\x{308A}\x{3082}\x{5E78}\x{798F}\x{3067}\x{3042}\x{308B}\x{3002}"
          RenderBR {BR} at (795,173) size 18x0
          RenderText {#text} at (826,0) size 18x246
            text run at (826,0) width 246: "\x{3000}\x{4E16}\x{306B}\x{4F4F}\x{3080}\x{3053}\x{3068}\x{4E8C}\x{5341}\x{5E74}\x{306B}\x{3057}\x{3066}\x{3001}\x{4F4F}\x{3080}\x{306B}"
          RenderRuby (inline) {RUBY} at (0,0) size 18x32
            RenderRubyRun (anonymous) at (826,246) size 18x32
              RenderRubyText {RT} at (-13,0) size 13x32
                RenderText {#text} at (0,6) size 13x19
                  text run at (0,6) width 19: "\x{304B}\x{3044}"
              RenderRubyBase (anonymous) at (0,0) size 18x32
                RenderInline {RB} at (0,0) size 18x32
                  RenderText {#text} at (0,0) size 18x32
                    text run at (0,0) width 32: "\x{7532}\x{6590}"
          RenderText {#text} at (826,278) size 49x481
            text run at (826,278) width 203: "\x{3042}\x{308B}\x{4E16}\x{3068}\x{77E5}\x{3063}\x{305F}\x{3002}\x{4E8C}\x{5341}\x{4E94}\x{5E74}\x{306B}\x{3057}"
            text run at (857,0) width 62: "\x{3066}\x{660E}\x{6697}\x{306F}"
          RenderRuby (inline) {RUBY} at (0,0) size 18x32
            RenderRubyRun (anonymous) at (857,62) size 18x32
              RenderRubyText {RT} at (-13,0) size 13x32
                RenderText {#text} at (0,0) size 13x31
                  text run at (0,0) width 31: "\x{3072}\x{3087}\x{3046}\x{308A}"
              RenderRubyBase (anonymous) at (0,0) size 18x32
                RenderInline {RB} at (0,0) size 18x32
                  RenderText {#text} at (0,0) size 18x32
                    text run at (0,0) width 32: "\x{8868}\x{88CF}"
          RenderText {#text} at (857,94) size 18x398
            text run at (857,94) width 398: "\x{306E}\x{3054}\x{3068}\x{304F}\x{3001}\x{65E5}\x{306E}\x{3042}\x{305F}\x{308B}\x{6240}\x{306B}\x{306F}\x{304D}\x{3063}\x{3068}\x{5F71}\x{304C}\x{3055}\x{3059}\x{3068}\x{609F}\x{3063}\x{305F}\x{3002}\x{4E09}\x{5341}\x{306E}"
          RenderRuby (inline) {RUBY} at (0,0) size 18x36
            RenderRubyRun (anonymous) at (888,0) size 18x36
              RenderRubyText {RT} at (-13,0) size 13x36
                RenderText {#text} at (0,0) size 13x36
                  text run at (0,0) width 36: "\x{3053}\x{3093}\x{306B}\x{3061}"
              RenderRubyBase (anonymous) at (0,0) size 18x36
                RenderInline {RB} at (0,0) size 18x32
                  RenderText {#text} at (0,2) size 18x32
                    text run at (0,2) width 32: "\x{4ECA}\x{65E5}"
          RenderText {#text} at (888,36) size 18x256
            text run at (888,36) width 256: "\x{306F}\x{3053}\x{3046}\x{601D}\x{3046}\x{3066}\x{3044}\x{308B}\x{3002}\x{2015}\x{2015}\x{559C}\x{3073}\x{306E}\x{6DF1}\x{304D}\x{3068}\x{304D}"
          RenderRuby (inline) {RUBY} at (0,0) size 18x26
            RenderRubyRun (anonymous) at (888,292) size 18x26
              RenderRubyText {RT} at (-13,0) size 13x26
                RenderText {#text} at (0,0) size 13x26
                  text run at (0,0) width 26: "\x{3046}\x{308C}\x{3044}"
              RenderRubyBase (anonymous) at (0,0) size 18x26
                RenderInline {RB} at (0,0) size 18x16
                  RenderText {#text} at (0,5) size 18x16
                    text run at (0,5) width 16: "\x{6182}"
          RenderText {#text} at (888,318) size 18x94
            text run at (888,318) width 94: "\x{3044}\x{3088}\x{3044}\x{3088}\x{6DF1}\x{304F}\x{3001}"
          RenderRuby (inline) {RUBY} at (0,0) size 18x27
            RenderRubyRun (anonymous) at (888,412) size 18x27
              RenderRubyText {RT} at (-13,0) size 13x27
                RenderText {#text} at (0,0) size 13x27
                  text run at (0,0) width 27: "\x{305F}\x{306E}\x{3057}"
              RenderRubyBase (anonymous) at (0,0) size 18x27
                RenderInline {RB} at (0,0) size 18x16
                  RenderText {#text} at (0,5) size 18x16
                    text run at (0,5) width 16: "\x{697D}"
          RenderText {#text} at (888,439) size 49x487
            text run at (888,439) width 48: "\x{307F}\x{306E}\x{5927}"
            text run at (919,0) width 441: "\x{3044}\x{306A}\x{308B}\x{307B}\x{3069}\x{82E6}\x{3057}\x{307F}\x{3082}\x{5927}\x{304D}\x{3044}\x{3002}\x{3053}\x{308C}\x{3092}\x{5207}\x{308A}\x{653E}\x{305D}\x{3046}\x{3068}\x{3059}\x{308B}\x{3068}\x{8EAB}\x{304C}\x{6301}\x{3066}\x{306C}\x{3002}"
          RenderRuby (inline) {RUBY} at (0,0) size 18x19
            RenderRubyRun (anonymous) at (919,441) size 18x19
              RenderRubyText {RT} at (-13,0) size 13x19
                RenderText {#text} at (0,0) size 13x19
                  text run at (0,0) width 19: "\x{304B}\x{305F}"
              RenderRubyBase (anonymous) at (0,0) size 18x19
                RenderInline {RB} at (0,0) size 18x16
                  RenderText {#text} at (0,1) size 18x16
                    text run at (0,1) width 16: "\x{7247}"
          RenderText {#text} at (919,460) size 49x490
            text run at (919,460) width 30: "\x{3065}\x{3051}"
            text run at (950,0) width 355: "\x{3088}\x{3046}\x{3068}\x{3059}\x{308C}\x{3070}\x{4E16}\x{304C}\x{7ACB}\x{305F}\x{306C}\x{3002}\x{91D1}\x{306F}\x{5927}\x{4E8B}\x{3060}\x{3001}\x{5927}\x{4E8B}\x{306A}\x{3082}\x{306E}\x{304C}"
          RenderRuby (inline) {RUBY} at (0,0) size 18x16
            RenderRubyRun (anonymous) at (950,355) size 18x16
              RenderRubyText {RT} at (-13,0) size 13x16
                RenderText {#text} at (0,3) size 13x10
                  text run at (0,3) width 10: "\x{3075}"
              RenderRubyBase (anonymous) at (0,0) size 18x16
                RenderInline {RB} at (0,0) size 18x16
                  RenderText {#text} at (0,0) size 18x16
                    text run at (0,0) width 16: "\x{6B96}"
          RenderText {#text} at (950,371) size 18x46
            text run at (950,371) width 46: "\x{3048}\x{308C}\x{3070}"
          RenderRuby (inline) {RUBY} at (0,0) size 18x16
            RenderRubyRun (anonymous) at (950,417) size 18x16
              RenderRubyText {RT} at (-13,0) size 13x16
                RenderText {#text} at (0,3) size 13x10
                  text run at (0,3) width 10: "\x{306D}"
              RenderRubyBase (anonymous) at (0,0) size 18x16
                RenderInline {RB} at (0,0) size 18x16
                  RenderText {#text} at (0,0) size 18x16
                    text run at (0,0) width 16: "\x{5BDD}"
          RenderText {#text} at (950,433) size 18x14
            text run at (950,433) width 14: "\x{308B}"
          RenderRuby (inline) {RUBY} at (0,0) size 18x16
            RenderRubyRun (anonymous) at (950,447) size 18x16
              RenderRubyText {RT} at (-13,0) size 13x16
                RenderText {#text} at (0,3) size 13x9
                  text run at (0,3) width 9: "\x{307E}"
              RenderRubyBase (anonymous) at (0,0) size 18x16
                RenderInline {RB} at (0,0) size 18x16
                  RenderText {#text} at (0,0) size 18x16
                    text run at (0,0) width 16: "\x{9593}"
          RenderText {#text} at (950,463) size 67x492
            text run at (950,463) width 29: "\x{3082}\x{5FC3}"
            text run at (968,0) width 490: "\x{914D}\x{3060}\x{308D}\x{3046}\x{3002}\x{604B}\x{306F}\x{3046}\x{308C}\x{3057}\x{3044}\x{3001}\x{5B09}\x{3057}\x{3044}\x{604B}\x{304C}\x{7A4D}\x{3082}\x{308C}\x{3070}\x{3001}\x{604B}\x{3092}\x{305B}\x{306C}\x{6614}\x{304C}\x{304B}\x{3048}\x{3063}\x{3066}\x{604B}\x{3057}"
            text run at (999,0) width 231: "\x{304B}\x{308D}\x{3002}\x{95A3}\x{50DA}\x{306E}\x{80A9}\x{306F}\x{6570}\x{767E}\x{4E07}\x{4EBA}\x{306E}\x{8DB3}\x{3092}"
          RenderRuby (inline) {RUBY} at (0,0) size 18x16
            RenderRubyRun (anonymous) at (999,231) size 18x16
              RenderRubyText {RT} at (-13,0) size 13x16
                RenderText {#text} at (0,0) size 13x16
                  text run at (0,0) width 16: "\x{3055}\x{3055}"
              RenderRubyBase (anonymous) at (0,0) size 18x16
                RenderInline {RB} at (0,0) size 18x16
                  RenderText {#text} at (0,0) size 18x16
                    text run at (0,0) width 16: "\x{652F}"
          RenderText {#text} at (999,247) size 18x68
            text run at (999,247) width 68: "\x{3048}\x{3066}\x{3044}\x{308B}\x{3002}"
          RenderRuby (inline) {RUBY} at (0,0) size 18x32
            RenderRubyRun (anonymous) at (999,315) size 18x32
              RenderRubyText {RT} at (-13,0) size 13x32
                RenderText {#text} at (0,1) size 13x29
                  text run at (0,1) width 29: "\x{305B}\x{306A}\x{304B}"
              RenderRubyBase (anonymous) at (0,0) size 18x32
                RenderInline {RB} at (0,0) size 18x32
                  RenderText {#text} at (0,0) size 18x32
                    text run at (0,0) width 32: "\x{80CC}\x{4E2D}"
          RenderText {#text} at (999,347) size 49x488
            text run at (999,347) width 141: "\x{306B}\x{306F}\x{91CD}\x{3044}\x{5929}\x{4E0B}\x{304C}\x{304A}\x{3076}"
            text run at (1030,0) width 340: "\x{3055}\x{3063}\x{3066}\x{3044}\x{308B}\x{3002}\x{3046}\x{307E}\x{3044}\x{7269}\x{3082}\x{98DF}\x{308F}\x{306D}\x{3070}\x{60DC}\x{3057}\x{3044}\x{3002}\x{5C11}\x{3057}\x{98DF}\x{3048}\x{3070}"
          RenderRuby (inline) {RUBY} at (0,0) size 18x16
            RenderRubyRun (anonymous) at (1030,340) size 18x16
              RenderRubyText {RT} at (-13,0) size 13x16
                RenderText {#text} at (0,3) size 13x9
                  text run at (0,3) width 9: "\x{3042}"
              RenderRubyBase (anonymous) at (0,0) size 18x16
                RenderInline {RB} at (0,0) size 18x16
                  RenderText {#text} at (0,0) size 18x16
                    text run at (0,0) width 16: "\x{98FD}"
          RenderText {#text} at (1030,356) size 18x14
            text run at (1030,356) width 14: "\x{304D}"
          RenderRuby (inline) {RUBY} at (0,0) size 18x16
            RenderRubyRun (anonymous) at (1030,370) size 18x16
              RenderRubyText {RT} at (-13,0) size 13x16
                RenderText {#text} at (0,3) size 13x9
                  text run at (0,3) width 9: "\x{305F}"
              RenderRubyBase (anonymous) at (0,0) size 18x16
                RenderInline {RB} at (0,0) size 18x16
                  RenderText {#text} at (0,0) size 18x16
                    text run at (0,0) width 16: "\x{8DB3}"
          RenderText {#text} at (1030,386) size 36x488
            text run at (1030,386) width 102: "\x{3089}\x{306C}\x{3002}\x{5B58}\x{5206}\x{98DF}\x{3048}"
            text run at (1048,0) width 165: "\x{3070}\x{3042}\x{3068}\x{304C}\x{4E0D}\x{6109}\x{5FEB}\x{3060}\x{3002}\x{2026}\x{2026}"
          RenderBR {BR} at (1048,165) size 18x0
          RenderText {#text} at (1079,0) size 18x11
            text run at (1079,0) width 11: "\x{3000}"
          RenderRuby (inline) {RUBY} at (0,0) size 18x16
            RenderRubyRun (anonymous) at (1079,11) size 18x16
              RenderRubyText {RT} at (-13,0) size 13x16
                RenderText {#text} at (0,3) size 13x9
                  text run at (0,3) width 9: "\x{3088}"
              RenderRubyBase (anonymous) at (0,0) size 18x16
                RenderInline {RB} at (0,0) size 18x16
                  RenderText {#text} at (0,0) size 18x16
                    text run at (0,0) width 16: "\x{4F59}"
          RenderText {#text} at (1079,27) size 18x16
            text run at (1079,27) width 16: "\x{306E}"
          RenderRuby (inline) {RUBY} at (0,0) size 18x39
            RenderRubyRun (anonymous) at (1079,43) size 18x39
              RenderRubyText {RT} at (-13,0) size 13x39
                RenderText {#text} at (0,0) size 13x39
                  text run at (0,0) width 39: "\x{304B}\x{3093}\x{304C}\x{3048}"
              RenderRubyBase (anonymous) at (0,0) size 18x39
                RenderInline {RB} at (0,0) size 18x16
                  RenderText {#text} at (0,11) size 18x16
                    text run at (0,11) width 16: "\x{8003}"
          RenderText {#text} at (1079,82) size 18x233
            text run at (1079,82) width 233: "\x{304C}\x{3053}\x{3053}\x{307E}\x{3067}\x{6F02}\x{6D41}\x{3057}\x{3066}\x{6765}\x{305F}\x{6642}\x{306B}\x{3001}\x{4F59}\x{306E}"
          RenderRuby (inline) {RUBY} at (0,0) size 18x32
            RenderRubyRun (anonymous) at (1079,315) size 18x32
              RenderRubyText {RT} at (-13,0) size 13x32
                RenderText {#text} at (0,5) size 13x22
                  text run at (0,5) width 22: "\x{3046}\x{305D}\x{304F}"
              RenderRubyBase (anonymous) at (0,0) size 18x32
                RenderInline {RB} at (0,0) size 18x32
                  RenderText {#text} at (0,0) size 18x32
                    text run at (0,0) width 32: "\x{53F3}\x{8DB3}"
          RenderText {#text} at (1079,347) size 18x48
            text run at (1079,347) width 48: "\x{306F}\x{7A81}\x{7136}"
          RenderRuby (inline) {RUBY} at (0,0) size 18x20
            RenderRubyRun (anonymous) at (1079,395) size 18x20
              RenderRubyText {RT} at (-13,0) size 13x20
                RenderText {#text} at (0,0) size 13x20
                  text run at (0,0) width 20: "\x{3059}\x{308F}"
              RenderRubyBase (anonymous) at (0,0) size 18x20
                RenderInline {RB} at (0,0) size 18x16
                  RenderText {#text} at (0,2) size 18x16
                    text run at (0,2) width 16: "\x{5750}"
          RenderText {#text} at (1079,415) size 18x73
            text run at (1079,415) width 73: "\x{308A}\x{306E}\x{308F}\x{308B}\x{3044}"
          RenderRuby (inline) {RUBY} at (0,0) size 18x33
            RenderRubyRun (anonymous) at (1110,0) size 18x33
              RenderRubyText {RT} at (-13,0) size 13x33
                RenderText {#text} at (0,0) size 13x33
                  text run at (0,0) width 33: "\x{304B}\x{304F}\x{3044}\x{3057}"
              RenderRubyBase (anonymous) at (0,0) size 18x33
                RenderInline {RB} at (0,0) size 18x32
                  RenderText {#text} at (0,0) size 18x32
                    text run at (0,0) width 32: "\x{89D2}\x{77F3}"
          RenderText {#text} at (1110,33) size 18x16
            text run at (1110,33) width 16: "\x{306E}"
          RenderRuby (inline) {RUBY} at (0,0) size 18x18
            RenderRubyRun (anonymous) at (1110,49) size 18x18
              RenderRubyText {RT} at (-13,0) size 13x18
                RenderText {#text} at (0,0) size 13x18
                  text run at (0,0) width 18: "\x{306F}\x{3057}"
              RenderRubyBase (anonymous) at (0,0) size 18x18
                RenderInline {RB} at (0,0) size 18x16
                  RenderText {#text} at (0,1) size 18x16
                    text run at (0,1) width 16: "\x{7AEF}"
          RenderText {#text} at (1110,67) size 18x46
            text run at (1110,67) width 46: "\x{3092}\x{8E0F}\x{307F}"
          RenderRuby (inline) {RUBY} at (0,0) size 18x16
            RenderRubyRun (anonymous) at (1110,113) size 18x16
              RenderRubyText {RT} at (-13,0) size 13x16
                RenderText {#text} at (0,3) size 13x9
                  text run at (0,3) width 9: "\x{305D}"
              RenderRubyBase (anonymous) at (0,0) size 18x16
                RenderInline {RB} at (0,0) size 18x16
                  RenderText {#text} at (0,0) size 18x16
                    text run at (0,0) width 16: "\x{640D}"
          RenderText {#text} at (1110,129) size 18x62
            text run at (1110,129) width 62: "\x{304F}\x{306A}\x{3063}\x{305F}\x{3002}"
          RenderRuby (inline) {RUBY} at (0,0) size 18x34
            RenderRubyRun (anonymous) at (1110,191) size 18x34
              RenderRubyText {RT} at (-13,0) size 13x34
                RenderText {#text} at (0,0) size 13x34
                  text run at (0,0) width 34: "\x{3078}\x{3044}\x{3053}\x{3046}"
              RenderRubyBase (anonymous) at (0,0) size 18x34
                RenderInline {RB} at (0,0) size 18x32
                  RenderText {#text} at (0,1) size 18x32
                    text run at (0,1) width 32: "\x{5E73}\x{8861}"
          RenderText {#text} at (1110,225) size 18x266
            text run at (1110,225) width 266: "\x{3092}\x{4FDD}\x{3064}\x{305F}\x{3081}\x{306B}\x{3001}\x{3059}\x{308F}\x{3084}\x{3068}\x{524D}\x{306B}\x{98DB}\x{3073}\x{51FA}\x{3057}\x{305F}"
          RenderRuby (inline) {RUBY} at (0,0) size 18x32
            RenderRubyRun (anonymous) at (1141,0) size 18x32
              RenderRubyText {RT} at (-13,0) size 13x32
                RenderText {#text} at (0,4) size 13x23
                  text run at (0,4) width 23: "\x{3055}\x{305D}\x{304F}"
              RenderRubyBase (anonymous) at (0,0) size 18x32
                RenderInline {RB} at (0,0) size 18x32
                  RenderText {#text} at (0,0) size 18x32
                    text run at (0,0) width 32: "\x{5DE6}\x{8DB3}"
          RenderText {#text} at (1141,32) size 18x27
            text run at (1141,32) width 27: "\x{304C}\x{3001}"
          RenderRuby (inline) {RUBY} at (0,0) size 18x32
            RenderRubyRun (anonymous) at (1141,59) size 18x32
              RenderRubyText {RT} at (-13,0) size 13x32
                RenderText {#text} at (0,2) size 13x27
                  text run at (0,2) width 27: "\x{3057}\x{305D}\x{3093}"
              RenderRubyBase (anonymous) at (0,0) size 18x32
                RenderInline {RB} at (0,0) size 18x32
                  RenderText {#text} at (0,0) size 18x32
                    text run at (0,0) width 32: "\x{4ED5}\x{640D}"
          RenderText {#text} at (1141,91) size 18x28
            text run at (1141,91) width 28: "\x{3058}\x{306E}"
          RenderRuby (inline) {RUBY} at (0,0) size 18x16
            RenderRubyRun (anonymous) at (1141,119) size 18x16
              RenderRubyText {RT} at (-13,0) size 13x16
                RenderText {#text} at (0,4) size 13x7
                  text run at (0,4) width 7: "\x{3046}"
              RenderRubyBase (anonymous) at (0,0) size 18x16
                RenderInline {RB} at (0,0) size 18x16
                  RenderText {#text} at (0,0) size 18x16
                    text run at (0,0) width 16: "\x{57CB}"
          RenderText {#text} at (1141,135) size 18x16
            text run at (1141,135) width 16: "\x{3081}"
          RenderRuby (inline) {RUBY} at (0,0) size 18x19
            RenderRubyRun (anonymous) at (1141,151) size 18x19
              RenderRubyText {RT} at (-13,0) size 13x19
                RenderText {#text} at (0,0) size 13x19
                  text run at (0,0) width 19: "\x{3042}\x{308F}"
              RenderRubyBase (anonymous) at (0,0) size 18x19
                RenderInline {RB} at (0,0) size 18x16
                  RenderText {#text} at (0,1) size 18x16
                    text run at (0,1) width 16: "\x{5408}"
          RenderText {#text} at (1141,170) size 18x232
            text run at (1141,170) width 232: "\x{305B}\x{3092}\x{3059}\x{308B}\x{3068}\x{5171}\x{306B}\x{3001}\x{4F59}\x{306E}\x{8170}\x{306F}\x{5177}\x{5408}\x{3088}\x{304F}"
          RenderRuby (inline) {RUBY} at (0,0) size 18x17
            RenderRubyRun (anonymous) at (1141,402) size 18x17
              RenderRubyText {RT} at (-13,0) size 13x17
                RenderText {#text} at (0,0) size 13x17
                  text run at (0,0) width 17: "\x{307B}\x{3046}"
              RenderRubyBase (anonymous) at (0,0) size 18x17
                RenderInline {RB} at (0,0) size 18x16
                  RenderText {#text} at (0,0) size 18x16
                    text run at (0,0) width 16: "\x{65B9}"
          RenderText {#text} at (1141,419) size 49x481
            text run at (1141,419) width 62: "\x{4E09}\x{5C3A}\x{307B}\x{3069}"
            text run at (1172,0) width 77: "\x{306A}\x{5CA9}\x{306E}\x{4E0A}\x{306B}"
          RenderRuby (inline) {RUBY} at (0,0) size 18x16
            RenderRubyRun (anonymous) at (1172,77) size 18x16
              RenderRubyText {RT} at (-13,0) size 13x16
                RenderText {#text} at (0,3) size 13x9
                  text run at (0,3) width 9: "\x{304A}"
              RenderRubyBase (anonymous) at (0,0) size 18x16
                RenderInline {RB} at (0,0) size 18x16
                  RenderText {#text} at (0,0) size 18x16
                    text run at (0,0) width 16: "\x{5378}"
          RenderText {#text} at (1172,93) size 18x195
            text run at (1172,93) width 195: "\x{308A}\x{305F}\x{3002}\x{80A9}\x{306B}\x{304B}\x{3051}\x{305F}\x{7D75}\x{306E}\x{5177}\x{7BB1}\x{304C}"
          RenderRuby (inline) {RUBY} at (0,0) size 18x18
            RenderRubyRun (anonymous) at (1172,288) size 18x18
              RenderRubyText {RT} at (-13,0) size 13x18
                RenderText {#text} at (0,0) size 13x18
                  text run at (0,0) width 18: "\x{308F}\x{304D}"
              RenderRubyBase (anonymous) at (0,0) size 18x18
                RenderInline {RB} at (0,0) size 18x16
                  RenderText {#text} at (0,1) size 18x16
                    text run at (0,1) width 16: "\x{814B}"
          RenderText {#text} at (1172,306) size 18x61
            text run at (1172,306) width 61: "\x{306E}\x{4E0B}\x{304B}\x{3089}"
          RenderRuby (inline) {RUBY} at (0,0) size 18x18
            RenderRubyRun (anonymous) at (1172,367) size 18x18
              RenderRubyText {RT} at (-13,0) size 13x18
                RenderText {#text} at (0,0) size 13x18
                  text run at (0,0) width 18: "\x{304A}\x{3069}"
              RenderRubyBase (anonymous) at (0,0) size 18x18
                RenderInline {RB} at (0,0) size 18x16
                  RenderText {#text} at (0,1) size 18x16
                    text run at (0,1) width 16: "\x{8E8D}"
          RenderText {#text} at (1172,385) size 49x470
            text run at (1172,385) width 85: "\x{308A}\x{51FA}\x{3057}\x{305F}\x{3060}\x{3051}"
            text run at (1203,0) width 68: "\x{3067}\x{3001}\x{5E78}\x{3044}\x{3068}"
          RenderRuby (inline) {RUBY} at (0,0) size 18x19
            RenderRubyRun (anonymous) at (1203,68) size 18x19
              RenderRubyText {RT} at (-13,0) size 13x19
                RenderText {#text} at (0,0) size 13x19
                  text run at (0,0) width 19: "\x{306A}\x{3093}"
              RenderRubyBase (anonymous) at (0,0) size 18x19
                RenderInline {RB} at (0,0) size 18x16
                  RenderText {#text} at (0,1) size 18x16
                    text run at (0,1) width 16: "\x{4F55}"
          RenderText {#text} at (1203,87) size 18x114
            text run at (1203,87) width 114: "\x{306E}\x{4E8B}\x{3082}\x{306A}\x{304B}\x{3063}\x{305F}\x{3002}"
          RenderBR {BR} at (1203,201) size 18x0
          RenderText {#text} at (1234,0) size 18x212
            text run at (1234,0) width 212: "\x{3000}\x{7ACB}\x{3061}\x{4E0A}\x{304C}\x{308B}\x{6642}\x{306B}\x{5411}\x{3046}\x{3092}\x{898B}\x{308B}\x{3068}\x{3001}"
          RenderRuby (inline) {RUBY} at (0,0) size 18x19
            RenderRubyRun (anonymous) at (1234,212) size 18x19
              RenderRubyText {RT} at (-13,0) size 13x19
                RenderText {#text} at (0,0) size 13x19
                  text run at (0,0) width 19: "\x{307F}\x{3061}"
              RenderRubyBase (anonymous) at (0,0) size 18x19
                RenderInline {RB} at (0,0) size 18x16
                  RenderText {#text} at (0,1) size 18x16
                    text run at (0,1) width 16: "\x{8DEF}"
          RenderText {#text} at (1234,231) size 49x484
            text run at (1234,231) width 253: "\x{304B}\x{3089}\x{5DE6}\x{306E}\x{65B9}\x{306B}\x{30D0}\x{30B1}\x{30C4}\x{3092}\x{4F0F}\x{305B}\x{305F}\x{3088}\x{3046}\x{306A}\x{5CF0}"
            text run at (1265,0) width 16: "\x{304C}"
          RenderRuby (inline) {RUBY} at (0,0) size 18x19
            RenderRubyRun (anonymous) at (1265,16) size 18x19
              RenderRubyText {RT} at (-13,0) size 13x19
                RenderText {#text} at (0,0) size 13x19
                  text run at (0,0) width 19: "\x{305D}\x{3073}"
              RenderRubyBase (anonymous) at (0,0) size 18x19
                RenderInline {RB} at (0,0) size 18x16
                  RenderText {#text} at (0,1) size 18x16
                    text run at (0,1) width 16: "\x{8073}"
          RenderText {#text} at (1265,35) size 18x100
            text run at (1265,35) width 100: "\x{3048}\x{3066}\x{3044}\x{308B}\x{3002}\x{6749}\x{304B}"
          RenderRuby (inline) {RUBY} at (0,0) size 18x28
            RenderRubyRun (anonymous) at (1265,135) size 18x28
              RenderRubyText {RT} at (-13,0) size 13x28
                RenderText {#text} at (0,0) size 13x28
                  text run at (0,0) width 28: "\x{3072}\x{306E}\x{304D}"
              RenderRubyBase (anonymous) at (0,0) size 18x28
                RenderInline {RB} at (0,0) size 18x16
                  RenderText {#text} at (0,6) size 18x16
                    text run at (0,6) width 16: "\x{6A9C}"
          RenderText {#text} at (1265,163) size 18x106
            text run at (1265,163) width 106: "\x{304B}\x{5206}\x{304B}\x{3089}\x{306A}\x{3044}\x{304C}"
          RenderRuby (inline) {RUBY} at (0,0) size 18x32
            RenderRubyRun (anonymous) at (1265,269) size 18x32
              RenderRubyText {RT} at (-13,0) size 13x32
                RenderText {#text} at (0,3) size 13x26
                  text run at (0,3) width 26: "\x{306D}\x{3082}\x{3068}"
              RenderRubyBase (anonymous) at (0,0) size 18x32
                RenderInline {RB} at (0,0) size 18x32
                  RenderText {#text} at (0,0) size 18x32
                    text run at (0,0) width 32: "\x{6839}\x{5143}"
          RenderText {#text} at (1265,301) size 18x29
            text run at (1265,301) width 29: "\x{304B}\x{3089}"
          RenderRuby (inline) {RUBY} at (0,0) size 18x27
            RenderRubyRun (anonymous) at (1265,330) size 18x27
              RenderRubyText {RT} at (-13,0) size 13x27
                RenderText {#text} at (0,0) size 13x27
                  text run at (0,0) width 27: "\x{3044}\x{305F}\x{3060}"
              RenderRubyBase (anonymous) at (0,0) size 18x27
                RenderInline {RB} at (0,0) size 18x16
                  RenderText {#text} at (0,5) size 18x16
                    text run at (0,5) width 16: "\x{9802}"
          RenderText {#text} at (1265,357) size 18x102
            text run at (1265,357) width 102: "\x{304D}\x{307E}\x{3067}\x{3053}\x{3068}\x{3054}\x{3068}\x{304F}"
          RenderRuby (inline) {RUBY} at (0,0) size 18x34
            RenderRubyRun (anonymous) at (1265,459) size 18x34
              RenderRubyText {RT} at (-13,0) size 13x34
                RenderText {#text} at (0,0) size 13x34
                  text run at (0,0) width 34: "\x{3042}\x{304A}\x{3050}\x{308D}"
              RenderRubyBase (anonymous) at (0,0) size 18x34
                RenderInline {RB} at (0,0) size 18x32
                  RenderText {#text} at (0,1) size 18x32
                    text run at (0,1) width 32: "\x{84BC}\x{9ED2}"
          RenderText {#text} at (1296,0) size 18x219
            text run at (1296,0) width 219: "\x{3044}\x{4E2D}\x{306B}\x{3001}\x{5C71}\x{685C}\x{304C}\x{8584}\x{8D64}\x{304F}\x{3060}\x{3093}\x{3060}\x{3089}\x{306B}"
          RenderRuby (inline) {RUBY} at (0,0) size 18x32
            RenderRubyRun (anonymous) at (1296,219) size 18x32
              RenderRubyText {RT} at (-13,0) size 13x32
                RenderText {#text} at (0,2) size 13x28
                  text run at (0,2) width 28: "\x{305F}\x{306A}\x{3073}"
              RenderRubyBase (anonymous) at (0,0) size 18x32
                RenderInline {RB} at (0,0) size 18x32
                  RenderText {#text} at (0,0) size 18x32
                    text run at (0,0) width 32: "\x{68DA}\x{5F15}"
          RenderText {#text} at (1296,251) size 18x40
            text run at (1296,251) width 40: "\x{3044}\x{3066}\x{3001}"
          RenderRuby (inline) {RUBY} at (0,0) size 18x16
            RenderRubyRun (anonymous) at (1296,291) size 18x16
              RenderRubyText {RT} at (-13,0) size 13x16
                RenderText {#text} at (0,3) size 13x10
                  text run at (0,3) width 10: "\x{3064}"
              RenderRubyBase (anonymous) at (0,0) size 18x16
                RenderInline {RB} at (0,0) size 18x16
                  RenderText {#text} at (0,0) size 18x16
                    text run at (0,0) width 16: "\x{7D9A}"
          RenderText {#text} at (1296,307) size 18x14
            text run at (1296,307) width 14: "\x{304E}"
          RenderRuby (inline) {RUBY} at (0,0) size 18x16
            RenderRubyRun (anonymous) at (1296,321) size 18x16
              RenderRubyText {RT} at (-13,0) size 13x16
                RenderText {#text} at (0,3) size 13x10
                  text run at (0,3) width 10: "\x{3081}"
              RenderRubyBase (anonymous) at (0,0) size 18x16
                RenderInline {RB} at (0,0) size 18x16
                  RenderText {#text} at (0,0) size 18x16
                    text run at (0,0) width 16: "\x{76EE}"
          RenderText {#text} at (1296,337) size 18x16
            text run at (1296,337) width 16: "\x{304C}"
          RenderRuby (inline) {RUBY} at (0,0) size 18x18
            RenderRubyRun (anonymous) at (1296,353) size 18x18
              RenderRubyText {RT} at (-13,0) size 13x18
                RenderText {#text} at (0,0) size 13x18
                  text run at (0,0) width 18: "\x{3057}\x{304B}"
              RenderRubyBase (anonymous) at (0,0) size 18x18
                RenderInline {RB} at (0,0) size 18x16
                  RenderText {#text} at (0,1) size 18x16
                    text run at (0,1) width 16: "\x{78BA}"
          RenderText {#text} at (1296,371) size 18x95
            text run at (1296,371) width 95: "\x{3068}\x{898B}\x{3048}\x{306C}\x{304F}\x{3089}\x{3044}"
          RenderRuby (inline) {RUBY} at (0,0) size 18x18
            RenderRubyRun (anonymous) at (1296,466) size 18x18
              RenderRubyText {RT} at (-13,0) size 13x18
                RenderText {#text} at (0,0) size 13x18
                  text run at (0,0) width 18: "\x{3082}\x{3084}"
              RenderRubyBase (anonymous) at (0,0) size 18x18
                RenderInline {RB} at (0,0) size 18x16
                  RenderText {#text} at (0,1) size 18x16
                    text run at (0,1) width 16: "\x{9744}"
          RenderText {#text} at (1327,0) size 18x133
            text run at (1327,0) width 133: "\x{304C}\x{6FC3}\x{3044}\x{3002}\x{5C11}\x{3057}\x{624B}\x{524D}\x{306B}"
          RenderRuby (inline) {RUBY} at (0,0) size 18x39
            RenderRubyRun (anonymous) at (1327,133) size 18x39
              RenderRubyText {RT} at (-13,0) size 13x39
                RenderText {#text} at (0,0) size 13x39
                  text run at (0,0) width 39: "\x{306F}\x{3052}\x{3084}\x{307E}"
              RenderRubyBase (anonymous) at (0,0) size 18x39
                RenderInline {RB} at (0,0) size 18x32
                  RenderText {#text} at (0,3) size 18x32
                    text run at (0,3) width 32: "\x{79BF}\x{5C71}"
          RenderText {#text} at (1327,172) size 18x58
            text run at (1327,172) width 58: "\x{304C}\x{4E00}\x{3064}\x{3001}"
          RenderRuby (inline) {RUBY} at (0,0) size 18x18
            RenderRubyRun (anonymous) at (1327,230) size 18x18
              RenderRubyText {RT} at (-13,0) size 13x18
                RenderText {#text} at (0,0) size 13x18
                  text run at (0,0) width 18: "\x{3050}\x{3093}"
              RenderRubyBase (anonymous) at (0,0) size 18x18
                RenderInline {RB} at (0,0) size 18x16
                  RenderText {#text} at (0,1) size 18x16
                    text run at (0,1) width 16: "\x{7FA4}"
          RenderText {#text} at (1327,248) size 18x87
            text run at (1327,248) width 87: "\x{3092}\x{306C}\x{304D}\x{3093}\x{3067}\x{3066}"
          RenderRuby (inline) {RUBY} at (0,0) size 18x19
            RenderRubyRun (anonymous) at (1327,335) size 18x19
              RenderRubyText {RT} at (-13,0) size 13x19
                RenderText {#text} at (0,0) size 13x19
                  text run at (0,0) width 19: "\x{307E}\x{3086}"
              RenderRubyBase (anonymous) at (0,0) size 18x19
                RenderInline {RB} at (0,0) size 18x16
                  RenderText {#text} at (0,1) size 18x16
                    text run at (0,1) width 16: "\x{7709}"
          RenderText {#text} at (1327,354) size 18x15
            text run at (1327,354) width 15: "\x{306B}"
          RenderRuby (inline) {RUBY} at (0,0) size 18x19
            RenderRubyRun (anonymous) at (1327,369) size 18x19
              RenderRubyText {RT} at (-13,0) size 13x19
                RenderText {#text} at (0,0) size 13x19
                  text run at (0,0) width 19: "\x{305B}\x{307E}"
              RenderRubyBase (anonymous) at (0,0) size 18x19
                RenderInline {RB} at (0,0) size 18x16
                  RenderText {#text} at (0,1) size 18x16
                    text run at (0,1) width 16: "\x{903C}"
          RenderText {#text} at (1327,388) size 18x25
            text run at (1327,388) width 25: "\x{308B}\x{3002}"
          RenderRuby (inline) {RUBY} at (0,0) size 18x16
            RenderRubyRun (anonymous) at (1327,413) size 18x16
              RenderRubyText {RT} at (-13,0) size 13x16
                RenderText {#text} at (0,3) size 13x10
                  text run at (0,3) width 10: "\x{306F}"
              RenderRubyBase (anonymous) at (0,0) size 18x16
                RenderInline {RB} at (0,0) size 18x16
                  RenderText {#text} at (0,0) size 18x16
                    text run at (0,0) width 16: "\x{79BF}"
          RenderText {#text} at (1327,429) size 49x492
            text run at (1327,429) width 63: "\x{3052}\x{305F}\x{5074}\x{9762}"
            text run at (1358,0) width 64: "\x{306F}\x{5DE8}\x{4EBA}\x{306E}"
          RenderRuby (inline) {RUBY} at (0,0) size 18x19
            RenderRubyRun (anonymous) at (1358,64) size 18x19
              RenderRubyText {RT} at (-13,0) size 13x19
                RenderText {#text} at (0,0) size 13x19
                  text run at (0,0) width 19: "\x{304A}\x{306E}"
              RenderRubyBase (anonymous) at (0,0) size 18x19
                RenderInline {RB} at (0,0) size 18x16
                  RenderText {#text} at (0,1) size 18x16
                    text run at (0,1) width 16: "\x{65A7}"
          RenderText {#text} at (1358,83) size 18x14
            text run at (1358,83) width 14: "\x{3067}"
          RenderRuby (inline) {RUBY} at (0,0) size 18x19
            RenderRubyRun (anonymous) at (1358,97) size 18x19
              RenderRubyText {RT} at (-13,0) size 13x19
                RenderText {#text} at (0,0) size 13x19
                  text run at (0,0) width 19: "\x{3051}\x{305A}"
              RenderRubyBase (anonymous) at (0,0) size 18x19
                RenderInline {RB} at (0,0) size 18x16
                  RenderText {#text} at (0,1) size 18x16
                    text run at (0,1) width 16: "\x{524A}"
          RenderText {#text} at (1358,116) size 18x282
            text run at (1358,116) width 282: "\x{308A}\x{53BB}\x{3063}\x{305F}\x{304B}\x{3001}\x{92ED}\x{3069}\x{304D}\x{5E73}\x{9762}\x{3092}\x{3084}\x{3051}\x{306B}\x{8C37}\x{306E}\x{5E95}\x{306B}"
          RenderRuby (inline) {RUBY} at (0,0) size 18x17
            RenderRubyRun (anonymous) at (1358,398) size 18x17
              RenderRubyText {RT} at (-13,0) size 13x17
                RenderText {#text} at (0,0) size 13x17
                  text run at (0,0) width 17: "\x{3046}\x{305A}"
              RenderRubyBase (anonymous) at (0,0) size 18x17
                RenderInline {RB} at (0,0) size 18x16
                  RenderText {#text} at (0,0) size 18x16
                    text run at (0,0) width 16: "\x{57CB}"
          RenderText {#text} at (1358,415) size 18x70
            text run at (1358,415) width 70: "\x{3081}\x{3066}\x{3044}\x{308B}\x{3002}"
          RenderRuby (inline) {RUBY} at (0,0) size 18x37
            RenderRubyRun (anonymous) at (1389,0) size 18x37
              RenderRubyText {RT} at (-13,0) size 13x37
                RenderText {#text} at (0,0) size 13x37
                  text run at (0,0) width 37: "\x{3066}\x{3063}\x{307A}\x{3093}"
              RenderRubyBase (anonymous) at (0,0) size 18x37
                RenderInline {RB} at (0,0) size 18x32
                  RenderText {#text} at (0,2) size 18x32
                    text run at (0,2) width 32: "\x{5929}\x{8FBA}"
          RenderText {#text} at (1389,37) size 18x312
            text run at (1389,37) width 312: "\x{306B}\x{4E00}\x{672C}\x{898B}\x{3048}\x{308B}\x{306E}\x{306F}\x{8D64}\x{677E}\x{3060}\x{308D}\x{3046}\x{3002}\x{679D}\x{306E}\x{9593}\x{306E}\x{7A7A}\x{3055}\x{3048}"
          RenderRuby (inline) {RUBY} at (0,0) size 18x33
            RenderRubyRun (anonymous) at (1389,349) size 18x33
              RenderRubyText {RT} at (-13,0) size 13x33
                RenderText {#text} at (0,0) size 13x33
                  text run at (0,0) width 33: "\x{306F}\x{3063}\x{304D}\x{308A}"
              RenderRubyBase (anonymous) at (0,0) size 18x33
                RenderInline {RB} at (0,0) size 18x32
                  RenderText {#text} at (0,0) size 18x32
                    text run at (0,0) width 32: "\x{5224}\x{7136}"
          RenderText {#text} at (1389,382) size 49x489
            text run at (1389,382) width 107: "\x{3057}\x{3066}\x{3044}\x{308B}\x{3002}\x{884C}\x{304F}\x{624B}"
            text run at (1420,0) width 301: "\x{306F}\x{4E8C}\x{4E01}\x{307B}\x{3069}\x{3067}\x{5207}\x{308C}\x{3066}\x{3044}\x{308B}\x{304C}\x{3001}\x{9AD8}\x{3044}\x{6240}\x{304B}\x{3089}\x{8D64}\x{3044}"
          RenderRuby (inline) {RUBY} at (0,0) size 18x32
            RenderRubyRun (anonymous) at (1420,301) size 18x32
              RenderRubyText {RT} at (-13,0) size 13x32
                RenderText {#text} at (0,3) size 13x25
                  text run at (0,3) width 25: "\x{3051}\x{3063}\x{3068}"
              RenderRubyBase (anonymous) at (0,0) size 18x32
                RenderInline {RB} at (0,0) size 18x32
                  RenderText {#text} at (0,0) size 18x32
                    text run at (0,0) width 32: "\x{6BDB}\x{5E03}"
          RenderText {#text} at (1420,333) size 49x484
            text run at (1420,333) width 151: "\x{304C}\x{52D5}\x{3044}\x{3066}\x{6765}\x{308B}\x{306E}\x{3092}\x{898B}\x{308B}"
            text run at (1451,0) width 317: "\x{3068}\x{3001}\x{767B}\x{308C}\x{3070}\x{3042}\x{3059}\x{3053}\x{3078}\x{51FA}\x{308B}\x{306E}\x{3060}\x{308D}\x{3046}\x{3002}\x{8DEF}\x{306F}\x{3059}\x{3053}\x{3076}\x{308B}"
          RenderRuby (inline) {RUBY} at (0,0) size 18x32
            RenderRubyRun (anonymous) at (1451,317) size 18x32
              RenderRubyText {RT} at (-13,0) size 13x32
                RenderText {#text} at (0,2) size 13x28
                  text run at (0,2) width 28: "\x{306A}\x{3093}\x{304E}"
              RenderRubyBase (anonymous) at (0,0) size 18x32
                RenderInline {RB} at (0,0) size 18x32
                  RenderText {#text} at (0,0) size 18x32
                    text run at (0,0) width 32: "\x{96E3}\x{7FA9}"
          RenderText {#text} at (1451,349) size 18x26
            text run at (1451,349) width 26: "\x{3060}\x{3002}"
          RenderBR {BR} at (1451,375) size 18x0
          RenderText {#text} at (1482,0) size 18x182
            text run at (1482,0) width 182: "\x{3000}\x{571F}\x{3092}\x{306A}\x{3089}\x{3059}\x{3060}\x{3051}\x{306A}\x{3089}\x{3055}\x{307B}\x{3069}"
          RenderRuby (inline) {RUBY} at (0,0) size 18x32
            RenderRubyRun (anonymous) at (1482,182) size 18x32
              RenderRubyText {RT} at (-13,0) size 13x32
                RenderText {#text} at (0,7) size 13x18
                  text run at (0,7) width 18: "\x{3066}\x{307E}"
              RenderRubyBase (anonymous) at (0,0) size 18x32
                RenderInline {RB} at (0,0) size 18x32
                  RenderText {#text} at (0,0) size 18x32
                    text run at (0,0) width 32: "\x{624B}\x{9593}"
          RenderText {#text} at (1482,214) size 18x13
            text run at (1482,214) width 13: "\x{3082}"
          RenderRuby (inline) {RUBY} at (0,0) size 18x16
            RenderRubyRun (anonymous) at (1482,227) size 18x16
              RenderRubyText {RT} at (-13,0) size 13x16
                RenderText {#text} at (0,3) size 13x9
                  text run at (0,3) width 9: "\x{3044}"
              RenderRubyBase (anonymous) at (0,0) size 18x16
                RenderInline {RB} at (0,0) size 18x16
                  RenderText {#text} at (0,0) size 18x16
                    text run at (0,0) width 16: "\x{5165}"
          RenderText {#text} at (1482,243) size 49x483
            text run at (1482,243) width 240: "\x{308B}\x{307E}\x{3044}\x{304C}\x{3001}\x{571F}\x{306E}\x{4E2D}\x{306B}\x{306F}\x{5927}\x{304D}\x{306A}\x{77F3}\x{304C}\x{3042}"
            text run at (1513,0) width 57: "\x{308B}\x{3002}\x{571F}\x{306F}"
          RenderRuby (inline) {RUBY} at (0,0) size 18x18
            RenderRubyRun (anonymous) at (1513,57) size 18x18
              RenderRubyText {RT} at (-13,0) size 13x18
                RenderText {#text} at (0,0) size 13x18
                  text run at (0,0) width 18: "\x{305F}\x{3044}"
              RenderRubyBase (anonymous) at (0,0) size 18x18
                RenderInline {RB} at (0,0) size 18x16
                  RenderText {#text} at (0,1) size 18x16
                    text run at (0,1) width 16: "\x{5E73}"
          RenderText {#text} at (1513,75) size 49x481
            text run at (1513,75) width 406: "\x{3089}\x{306B}\x{3057}\x{3066}\x{3082}\x{77F3}\x{306F}\x{5E73}\x{3089}\x{306B}\x{306A}\x{3089}\x{306C}\x{3002}\x{77F3}\x{306F}\x{5207}\x{308A}\x{7815}\x{3044}\x{3066}\x{3082}\x{3001}\x{5CA9}\x{306F}\x{59CB}\x{672B}\x{304C}"
            text run at (1544,0) width 58: "\x{3064}\x{304B}\x{306C}\x{3002}"
          RenderRuby (inline) {RUBY} at (0,0) size 18x33
            RenderRubyRun (anonymous) at (1544,58) size 18x33
              RenderRubyText {RT} at (-13,0) size 13x33
                RenderText {#text} at (0,0) size 13x33
                  text run at (0,0) width 33: "\x{307B}\x{308A}\x{304F}\x{305A}"
              RenderRubyBase (anonymous) at (0,0) size 18x33
                RenderInline {RB} at (0,0) size 18x32
                  RenderText {#text} at (0,0) size 18x32
                    text run at (0,0) width 32: "\x{6398}\x{5D29}"
          RenderText {#text} at (1544,91) size 18x90
            text run at (1544,91) width 90: "\x{3057}\x{305F}\x{571F}\x{306E}\x{4E0A}\x{306B}"
          RenderRuby (inline) {RUBY} at (0,0) size 18x37
            RenderRubyRun (anonymous) at (1544,181) size 18x37
              RenderRubyText {RT} at (-13,0) size 13x37
                RenderText {#text} at (0,0) size 13x37
                  text run at (0,0) width 37: "\x{3086}\x{3046}\x{305C}\x{3093}"
              RenderRubyBase (anonymous) at (0,0) size 18x37
                RenderInline {RB} at (0,0) size 18x32
                  RenderText {#text} at (0,2) size 18x32
                    text run at (0,2) width 32: "\x{60A0}\x{7136}"
          RenderText {#text} at (1544,218) size 18x12
            text run at (1544,218) width 12: "\x{3068}"
          RenderRuby (inline) {RUBY} at (0,0) size 18x28
            RenderRubyRun (anonymous) at (1544,230) size 18x28
              RenderRubyText {RT} at (-13,0) size 13x28
                RenderText {#text} at (0,0) size 13x28
                  text run at (0,0) width 28: "\x{305D}\x{3070}\x{3060}"
              RenderRubyBase (anonymous) at (0,0) size 18x28
                RenderInline {RB} at (0,0) size 18x16
                  RenderText {#text} at (0,6) size 18x16
                    text run at (0,6) width 16: "\x{5CD9}"
          RenderText {#text} at (1544,258) size 18x189
            text run at (1544,258) width 189: "\x{3063}\x{3066}\x{3001}\x{543E}\x{3089}\x{306E}\x{305F}\x{3081}\x{306B}\x{9053}\x{3092}\x{8B72}\x{308B}"
          RenderRuby (inline) {RUBY} at (0,0) size 18x32
            RenderRubyRun (anonymous) at (1544,447) size 18x32
              RenderRubyText {RT} at (-13,0) size 13x32
                RenderText {#text} at (0,3) size 13x25
                  text run at (0,3) width 25: "\x{3051}\x{3057}\x{304D}"
              RenderRubyBase (anonymous) at (0,0) size 18x32
                RenderInline {RB} at (0,0) size 18x32
                  RenderText {#text} at (0,0) size 18x32
                    text run at (0,0) width 32: "\x{666F}\x{8272}"
          RenderText {#text} at (1575,0) size 18x406
            text run at (1575,0) width 406: "\x{306F}\x{306A}\x{3044}\x{3002}\x{5411}\x{3046}\x{3067}\x{805E}\x{304B}\x{306C}\x{4E0A}\x{306F}\x{4E57}\x{308A}\x{8D8A}\x{3059}\x{304B}\x{3001}\x{5EFB}\x{3089}\x{306A}\x{3051}\x{308C}\x{3070}\x{306A}\x{3089}\x{3093}\x{3002}"
          RenderRuby (inline) {RUBY} at (0,0) size 18x19
            RenderRubyRun (anonymous) at (1575,406) size 18x19
              RenderRubyText {RT} at (-13,0) size 13x19
                RenderText {#text} at (0,0) size 13x19
                  text run at (0,0) width 19: "\x{3044}\x{308F}"
              RenderRubyBase (anonymous) at (0,0) size 18x19
                RenderInline {RB} at (0,0) size 18x16
                  RenderText {#text} at (0,1) size 18x16
                    text run at (0,1) width 16: "\x{5DCC}"
          RenderText {#text} at (1575,425) size 49x486
            text run at (1575,425) width 61: "\x{306E}\x{306A}\x{3044}\x{6240}"
            text run at (1606,0) width 40: "\x{3067}\x{3055}\x{3048}"
          RenderRuby (inline) {RUBY} at (0,0) size 18x16
            RenderRubyRun (anonymous) at (1606,40) size 18x16
              RenderRubyText {RT} at (-13,0) size 13x16
                RenderText {#text} at (0,3) size 13x9
                  text run at (0,3) width 9: "\x{3042}"
              RenderRubyBase (anonymous) at (0,0) size 18x16
                RenderInline {RB} at (0,0) size 18x16
                  RenderText {#text} at (0,0) size 18x16
                    text run at (0,0) width 16: "\x{6B69}"
          RenderText {#text} at (1606,56) size 18x266
            text run at (1606,56) width 266: "\x{308B}\x{304D}\x{3088}\x{304F}\x{306F}\x{306A}\x{3044}\x{3002}\x{5DE6}\x{53F3}\x{304C}\x{9AD8}\x{304F}\x{3063}\x{3066}\x{3001}\x{4E2D}\x{5FC3}\x{304C}"
          RenderRuby (inline) {RUBY} at (0,0) size 18x16
            RenderRubyRun (anonymous) at (1606,322) size 18x16
              RenderRubyText {RT} at (-13,0) size 13x16
                RenderText {#text} at (0,0) size 13x16
                  text run at (0,0) width 16: "\x{304F}\x{307C}"
              RenderRubyBase (anonymous) at (0,0) size 18x16
                RenderInline {RB} at (0,0) size 18x16
                  RenderText {#text} at (0,0) size 18x16
                    text run at (0,0) width 16: "\x{7AAA}"
          RenderText {#text} at (1606,338) size 18x114
            text run at (1606,338) width 114: "\x{3093}\x{3067}\x{3001}\x{307E}\x{308B}\x{3067}\x{4E00}\x{9593}"
          RenderRuby (inline) {RUBY} at (0,0) size 18x20
            RenderRubyRun (anonymous) at (1606,452) size 18x20
              RenderRubyText {RT} at (-13,0) size 13x20
                RenderText {#text} at (0,0) size 13x20
                  text run at (0,0) width 20: "\x{306F}\x{3070}"
              RenderRubyBase (anonymous) at (0,0) size 18x20
                RenderInline {RB} at (0,0) size 18x16
                  RenderText {#text} at (0,2) size 18x16
                    text run at (0,2) width 16: "\x{5E45}"
          RenderText {#text} at (1606,472) size 49x486
            text run at (1606,472) width 14: "\x{3092}"
            text run at (1637,0) width 47: "\x{4E09}\x{89D2}\x{306B}"
          RenderRuby (inline) {RUBY} at (0,0) size 18x16
            RenderRubyRun (anonymous) at (1637,47) size 18x16
              RenderRubyText {RT} at (-13,0) size 13x16
                RenderText {#text} at (0,5) size 13x6
                  text run at (0,5) width 6: "\x{304F}"
              RenderRubyBase (anonymous) at (0,0) size 18x16
                RenderInline {RB} at (0,0) size 18x16
                  RenderText {#text} at (0,0) size 18x16
                    text run at (0,0) width 16: "\x{7A7F}"
          RenderText {#text} at (1637,63) size 18x117
            text run at (1637,63) width 117: "\x{3063}\x{3066}\x{3001}\x{305D}\x{306E}\x{9802}\x{70B9}\x{304C}"
          RenderRuby (inline) {RUBY} at (0,0) size 18x38
            RenderRubyRun (anonymous) at (1637,180) size 18x38
              RenderRubyText {RT} at (-13,0) size 13x38
                RenderText {#text} at (0,0) size 13x38
                  text run at (0,0) width 38: "\x{307E}\x{3093}\x{306A}\x{304B}"
              RenderRubyBase (anonymous) at (0,0) size 18x38
                RenderInline {RB} at (0,0) size 18x32
                  RenderText {#text} at (0,3) size 18x32
                    text run at (0,3) width 32: "\x{771F}\x{4E2D}"
          RenderText {#text} at (1637,218) size 18x14
            text run at (1637,218) width 14: "\x{3092}"
          RenderRuby (inline) {RUBY} at (0,0) size 18x28
            RenderRubyRun (anonymous) at (1637,232) size 18x28
              RenderRubyText {RT} at (-13,0) size 13x28
                RenderText {#text} at (0,0) size 13x28
                  text run at (0,0) width 28: "\x{3064}\x{3089}\x{306C}"
              RenderRubyBase (anonymous) at (0,0) size 18x28
                RenderInline {RB} at (0,0) size 18x16
                  RenderText {#text} at (0,6) size 18x16
                    text run at (0,6) width 16: "\x{8CAB}"
          RenderText {#text} at (1637,260) size 49x492
            text run at (1637,260) width 232: "\x{3044}\x{3066}\x{3044}\x{308B}\x{3068}\x{8A55}\x{3057}\x{3066}\x{3082}\x{3088}\x{3044}\x{3002}\x{8DEF}\x{3092}\x{884C}\x{304F}\x{3068}"
            text run at (1668,0) width 119: "\x{4E91}\x{308F}\x{3093}\x{3088}\x{308A}\x{5DDD}\x{5E95}\x{3092}"
          RenderRuby (inline) {RUBY} at (0,0) size 18x19
            RenderRubyRun (anonymous) at (1668,119) size 18x19
              RenderRubyText {RT} at (-13,0) size 13x19
                RenderText {#text} at (0,0) size 13x19
                  text run at (0,0) width 19: "\x{308F}\x{305F}"
              RenderRubyBase (anonymous) at (0,0) size 18x19
                RenderInline {RB} at (0,0) size 18x16
                  RenderText {#text} at (0,1) size 18x16
                    text run at (0,1) width 16: "\x{6E09}"
          RenderText {#text} at (1668,138) size 18x143
            text run at (1668,138) width 143: "\x{308B}\x{3068}\x{4E91}\x{3046}\x{65B9}\x{304C}\x{9069}\x{5F53}\x{3060}\x{3002}"
          RenderRuby (inline) {RUBY} at (0,0) size 18x16
            RenderRubyRun (anonymous) at (1668,281) size 18x16
              RenderRubyText {RT} at (-13,0) size 13x16
                RenderText {#text} at (0,0) size 13x16
                  text run at (0,0) width 16: "\x{3082}\x{3068}"
              RenderRubyBase (anonymous) at (0,0) size 18x16
                RenderInline {RB} at (0,0) size 18x16
                  RenderText {#text} at (0,0) size 18x16
                    text run at (0,0) width 16: "\x{56FA}"
          RenderText {#text} at (1668,297) size 49x480
            text run at (1668,297) width 183: "\x{3088}\x{308A}\x{6025}\x{3050}\x{65C5}\x{3067}\x{306A}\x{3044}\x{304B}\x{3089}\x{3001}\x{3076}\x{3089}"
            text run at (1699,0) width 41: "\x{3076}\x{3089}\x{3068}"
          RenderRuby (inline) {RUBY} at (0,0) size 18x37
            RenderRubyRun (anonymous) at (1699,41) size 18x37
              RenderRubyText {RT} at (-13,0) size 13x37
                RenderText {#text} at (0,0) size 13x37
                  text run at (0,0) width 37: "\x{306A}\x{306A}\x{307E}\x{304C}"
              RenderRubyBase (anonymous) at (0,0) size 18x37
                RenderInline {RB} at (0,0) size 18x32
                  RenderText {#text} at (0,2) size 18x32
                    text run at (0,2) width 32: "\x{4E03}\x{66F2}"
          RenderText {#text} at (1699,78) size 18x85
            text run at (1699,78) width 85: "\x{308A}\x{3078}\x{304B}\x{304B}\x{308B}\x{3002}"
          RenderBR {BR} at (1699,163) size 18x0
          RenderText {#text} at (1730,0) size 18x130
            text run at (1730,0) width 130: "\x{3000}\x{305F}\x{3061}\x{307E}\x{3061}\x{8DB3}\x{306E}\x{4E0B}\x{3067}"
          RenderRuby (inline) {RUBY} at (0,0) size 18x32
            RenderRubyRun (anonymous) at (1730,130) size 18x32
              RenderRubyText {RT} at (-13,0) size 13x32
                RenderText {#text} at (0,2) size 13x27
                  text run at (0,2) width 27: "\x{3072}\x{3070}\x{308A}"
              RenderRubyBase (anonymous) at (0,0) size 18x32
                RenderInline {RB} at (0,0) size 18x32
                  RenderText {#text} at (0,0) size 18x32
                    text run at (0,0) width 32: "\x{96F2}\x{96C0}"
          RenderText {#text} at (1730,162) size 18x144
            text run at (1730,162) width 144: "\x{306E}\x{58F0}\x{304C}\x{3057}\x{51FA}\x{3057}\x{305F}\x{3002}\x{8C37}\x{3092}"
          RenderRuby (inline) {RUBY} at (0,0) size 18x32
            RenderRubyRun (anonymous) at (1730,306) size 18x32
              RenderRubyText {RT} at (-13,0) size 13x32
                RenderText {#text} at (0,2) size 13x27
                  text run at (0,2) width 27: "\x{307F}\x{304A}\x{308D}"
              RenderRubyBase (anonymous) at (0,0) size 18x32
                RenderInline {RB} at (0,0) size 18x32
                  RenderText {#text} at (0,0) size 18x32
                    text run at (0,0) width 32: "\x{898B}\x{4E0B}"
          RenderText {#text} at (1730,338) size 49x492
            text run at (1730,338) width 154: "\x{3057}\x{305F}\x{304C}\x{3001}\x{3069}\x{3053}\x{3067}\x{9CF4}\x{3044}\x{3066}\x{308B}"
            text run at (1761,0) width 395: "\x{304B}\x{5F71}\x{3082}\x{5F62}\x{3082}\x{898B}\x{3048}\x{306C}\x{3002}\x{305F}\x{3060}\x{58F0}\x{3060}\x{3051}\x{304C}\x{660E}\x{3089}\x{304B}\x{306B}\x{805E}\x{3048}\x{308B}\x{3002}\x{305B}\x{3063}\x{305B}\x{3068}"
          RenderRuby (inline) {RUBY} at (0,0) size 18x20
            RenderRubyRun (anonymous) at (1761,395) size 18x20
              RenderRubyText {RT} at (-13,0) size 13x20
                RenderText {#text} at (0,0) size 13x20
                  text run at (0,0) width 20: "\x{305B}\x{308F}"
              RenderRubyBase (anonymous) at (0,0) size 18x20
                RenderInline {RB} at (0,0) size 18x16
                  RenderText {#text} at (0,2) size 18x16
                    text run at (0,2) width 16: "\x{5FD9}"
          RenderText {#text} at (1761,415) size 18x32
            text run at (1761,415) width 32: "\x{3057}\x{304F}\x{3001}"
          RenderRuby (inline) {RUBY} at (0,0) size 18x32
            RenderRubyRun (anonymous) at (1761,447) size 18x32
              RenderRubyText {RT} at (-13,0) size 13x32
                RenderText {#text} at (0,2) size 13x27
                  text run at (0,2) width 27: "\x{305F}\x{3048}\x{307E}"
              RenderRubyBase (anonymous) at (0,0) size 18x32
                RenderInline {RB} at (0,0) size 18x32
                  RenderText {#text} at (0,0) size 18x32
                    text run at (0,0) width 32: "\x{7D76}\x{9593}"
          RenderText {#text} at (1761,479) size 49x493
            text run at (1761,479) width 14: "\x{306A}"
            text run at (1792,0) width 94: "\x{304F}\x{9CF4}\x{3044}\x{3066}\x{3044}\x{308B}\x{3002}"
          RenderRuby (inline) {RUBY} at (0,0) size 18x48
            RenderRubyRun (anonymous) at (1792,94) size 18x48
              RenderRubyText {RT} at (-13,0) size 13x48
                RenderText {#text} at (0,4) size 13x39
                  text run at (0,4) width 39: "\x{307B}\x{3046}\x{3044}\x{304F}\x{308A}"
              RenderRubyBase (anonymous) at (0,0) size 18x48
                RenderInline {RB} at (0,0) size 18x48
                  RenderText {#text} at (0,0) size 18x48
                    text run at (0,0) width 48: "\x{65B9}\x{5E7E}\x{91CC}"
          RenderText {#text} at (1792,142) size 18x111
            text run at (1792,142) width 111: "\x{306E}\x{7A7A}\x{6C17}\x{304C}\x{4E00}\x{9762}\x{306B}"
          RenderRuby (inline) {RUBY} at (0,0) size 18x20
            RenderRubyRun (anonymous) at (1792,253) size 18x20
              RenderRubyText {RT} at (-13,0) size 13x20
                RenderText {#text} at (0,0) size 13x20
                  text run at (0,0) width 20: "\x{306E}\x{307F}"
              RenderRubyBase (anonymous) at (0,0) size 18x20
                RenderInline {RB} at (0,0) size 18x16
                  RenderText {#text} at (0,2) size 18x16
                    text run at (0,2) width 16: "\x{86A4}"
          RenderText {#text} at (1792,273) size 49x489
            text run at (1792,273) width 216: "\x{306B}\x{523A}\x{3055}\x{308C}\x{3066}\x{3044}\x{305F}\x{305F}\x{307E}\x{308C}\x{306A}\x{3044}\x{3088}\x{3046}\x{306A}"
            text run at (1823,0) width 160: "\x{6C17}\x{304C}\x{3059}\x{308B}\x{3002}\x{3042}\x{306E}\x{9CE5}\x{306E}\x{9CF4}\x{304F}"
          RenderRuby (inline) {RUBY} at (0,0) size 18x16
            RenderRubyRun (anonymous) at (1823,160) size 18x16
              RenderRubyText {RT} at (-13,0) size 13x16
                RenderText {#text} at (0,3) size 13x10
                  text run at (0,3) width 10: "\x{306D}"
              RenderRubyBase (anonymous) at (0,0) size 18x16
                RenderInline {RB} at (0,0) size 18x16
                  RenderText {#text} at (0,0) size 18x16
                    text run at (0,0) width 16: "\x{97F3}"
          RenderText {#text} at (1823,176) size 85x493
            text run at (1823,176) width 316: "\x{306B}\x{306F}\x{77AC}\x{6642}\x{306E}\x{4F59}\x{88D5}\x{3082}\x{306A}\x{3044}\x{3002}\x{306E}\x{3069}\x{304B}\x{306A}\x{6625}\x{306E}\x{65E5}\x{3092}\x{9CF4}\x{304D}"
            text run at (1841,0) width 484: "\x{5C3D}\x{304F}\x{3057}\x{3001}\x{9CF4}\x{304D}\x{3042}\x{304B}\x{3057}\x{3001}\x{307E}\x{305F}\x{9CF4}\x{304D}\x{66AE}\x{3089}\x{3055}\x{306A}\x{3051}\x{308C}\x{3070}\x{6C17}\x{304C}\x{6E08}\x{307E}\x{3093}\x{3068}\x{898B}\x{3048}\x{308B}\x{3002}\x{305D}\x{306E}\x{4E0A}"
            text run at (1859,0) width 493: "\x{3069}\x{3053}\x{307E}\x{3067}\x{3082}\x{767B}\x{3063}\x{3066}\x{884C}\x{304F}\x{3001}\x{3044}\x{3064}\x{307E}\x{3067}\x{3082}\x{767B}\x{3063}\x{3066}\x{884C}\x{304F}\x{3002}\x{96F2}\x{96C0}\x{306F}\x{304D}\x{3063}\x{3068}\x{96F2}\x{306E}\x{4E2D}\x{3067}\x{6B7B}\x{306C}\x{306B}"
            text run at (1890,0) width 147: "\x{76F8}\x{9055}\x{306A}\x{3044}\x{3002}\x{767B}\x{308A}\x{8A70}\x{3081}\x{305F}"
          RenderRuby (inline) {RUBY} at (0,0) size 18x32
            RenderRubyRun (anonymous) at (1890,147) size 18x32
              RenderRubyText {RT} at (-13,0) size 13x32
                RenderText {#text} at (0,3) size 13x25
                  text run at (0,3) width 25: "\x{3042}\x{3052}\x{304F}"
              RenderRubyBase (anonymous) at (0,0) size 18x32
                RenderInline {RB} at (0,0) size 18x32
                  RenderText {#text} at (0,0) size 18x32
                    text run at (0,0) width 32: "\x{63DA}\x{53E5}"
          RenderText {#text} at (1890,179) size 18x104
            text run at (1890,179) width 104: "\x{306F}\x{3001}\x{6D41}\x{308C}\x{3066}\x{96F2}\x{306B}"
          RenderRuby (inline) {RUBY} at (0,0) size 18x16
            RenderRubyRun (anonymous) at (1890,283) size 18x16
              RenderRubyText {RT} at (-13,0) size 13x16
                RenderText {#text} at (0,3) size 13x9
                  text run at (0,3) width 9: "\x{3044}"
              RenderRubyBase (anonymous) at (0,0) size 18x16
                RenderInline {RB} at (0,0) size 18x16
                  RenderText {#text} at (0,0) size 18x16
                    text run at (0,0) width 16: "\x{5165}"
          RenderText {#text} at (1890,299) size 18x38
            text run at (1890,299) width 38: "\x{3063}\x{3066}\x{3001}"
          RenderRuby (inline) {RUBY} at (0,0) size 18x27
            RenderRubyRun (anonymous) at (1890,337) size 18x27
              RenderRubyText {RT} at (-13,0) size 13x27
                RenderText {#text} at (0,0) size 13x27
                  text run at (0,0) width 27: "\x{305F}\x{3060}\x{3088}"
              RenderRubyBase (anonymous) at (0,0) size 18x27
                RenderInline {RB} at (0,0) size 18x16
                  RenderText {#text} at (0,5) size 18x16
                    text run at (0,5) width 16: "\x{6F02}"
          RenderText {#text} at (1890,364) size 49x490
            text run at (1890,364) width 126: "\x{3046}\x{3066}\x{3044}\x{308B}\x{3046}\x{3061}\x{306B}\x{5F62}\x{306F}"
            text run at (1921,0) width 243: "\x{6D88}\x{3048}\x{3066}\x{306A}\x{304F}\x{306A}\x{3063}\x{3066}\x{3001}\x{305F}\x{3060}\x{58F0}\x{3060}\x{3051}\x{304C}\x{7A7A}\x{306E}"
          RenderRuby (inline) {RUBY} at (0,0) size 18x16
            RenderRubyRun (anonymous) at (1921,243) size 18x16
              RenderRubyText {RT} at (-13,0) size 13x16
                RenderText {#text} at (0,0) size 13x16
                  text run at (0,0) width 16: "\x{3046}\x{3061}"
              RenderRubyBase (anonymous) at (0,0) size 18x16
                RenderInline {RB} at (0,0) size 18x16
                  RenderText {#text} at (0,0) size 18x16
                    text run at (0,0) width 16: "\x{88E1}"
          RenderText {#text} at (1921,259) size 18x162
            text run at (1921,259) width 162: "\x{306B}\x{6B8B}\x{308B}\x{306E}\x{304B}\x{3082}\x{77E5}\x{308C}\x{306A}\x{3044}\x{3002}"
          RenderBR {BR} at (1921,421) size 18x0
          RenderText {#text} at (1952,0) size 18x11
            text run at (1952,0) width 11: "\x{3000}"
          RenderRuby (inline) {RUBY} at (0,0) size 18x38
            RenderRubyRun (anonymous) at (1952,11) size 18x38
              RenderRubyText {RT} at (-13,0) size 13x38
                RenderText {#text} at (0,0) size 13x38
                  text run at (0,0) width 38: "\x{3044}\x{308F}\x{304B}\x{3069}"
              RenderRubyBase (anonymous) at (0,0) size 18x38
                RenderInline {RB} at (0,0) size 18x32
                  RenderText {#text} at (0,3) size 18x32
                    text run at (0,3) width 32: "\x{5DCC}\x{89D2}"
          RenderText {#text} at (1952,49) size 18x107
            text run at (1952,49) width 107: "\x{3092}\x{92ED}\x{3069}\x{304F}\x{5EFB}\x{3063}\x{3066}\x{3001}"
          RenderRuby (inline) {RUBY} at (0,0) size 18x32
            RenderRubyRun (anonymous) at (1952,156) size 18x32
              RenderRubyText {RT} at (-13,0) size 13x32
                RenderText {#text} at (0,2) size 13x28
                  text run at (0,2) width 28: "\x{3042}\x{3093}\x{307E}"
              RenderRubyBase (anonymous) at (0,0) size 18x32
                RenderInline {RB} at (0,0) size 18x32
                  RenderText {#text} at (0,0) size 18x32
                    text run at (0,0) width 32: "\x{6309}\x{6469}"
          RenderText {#text} at (1952,188) size 18x27
            text run at (1952,188) width 27: "\x{306A}\x{3089}"
          RenderRuby (inline) {RUBY} at (0,0) size 18x52
            RenderRubyRun (anonymous) at (1952,215) size 18x52
              RenderRubyText {RT} at (-13,0) size 13x52
                RenderText {#text} at (0,0) size 13x52
                  text run at (0,0) width 52: "\x{307E}\x{3063}\x{3055}\x{304B}\x{3055}\x{307E}"
              RenderRubyBase (anonymous) at (0,0) size 18x52
                RenderInline {RB} at (0,0) size 18x48
                  RenderText {#text} at (0,2) size 18x48
                    text run at (0,2) width 48: "\x{771F}\x{9006}\x{69D8}"
          RenderText {#text} at (1952,267) size 18x124
            text run at (1952,267) width 124: "\x{306B}\x{843D}\x{3064}\x{308B}\x{3068}\x{3053}\x{308D}\x{3092}\x{3001}"
          RenderRuby (inline) {RUBY} at (0,0) size 18x18
            RenderRubyRun (anonymous) at (1952,391) size 18x18
              RenderRubyText {RT} at (-13,0) size 13x18
                RenderText {#text} at (0,0) size 13x18
                  text run at (0,0) width 18: "\x{304D}\x{308F}"
              RenderRubyBase (anonymous) at (0,0) size 18x18
                RenderInline {RB} at (0,0) size 18x16
                  RenderText {#text} at (0,1) size 18x16
                    text run at (0,1) width 16: "\x{969B}"
          RenderText {#text} at (1952,409) size 49x480
            text run at (1952,409) width 71: "\x{3069}\x{304F}\x{53F3}\x{3078}\x{5207}"
            text run at (1983,0) width 72: "\x{308C}\x{3066}\x{3001}\x{6A2A}\x{306B}"
          RenderRuby (inline) {RUBY} at (0,0) size 18x32
            RenderRubyRun (anonymous) at (1983,72) size 18x32
              RenderRubyText {RT} at (-13,0) size 13x32
                RenderText {#text} at (0,2) size 13x27
                  text run at (0,2) width 27: "\x{307F}\x{304A}\x{308D}"
              RenderRubyBase (anonymous) at (0,0) size 18x32
                RenderInline {RB} at (0,0) size 18x32
                  RenderText {#text} at (0,0) size 18x32
                    text run at (0,0) width 32: "\x{898B}\x{4E0B}"
          RenderText {#text} at (1983,104) size 18x38
            text run at (1983,104) width 38: "\x{3059}\x{3068}\x{3001}"
          RenderRuby (inline) {RUBY} at (0,0) size 18x16
            RenderRubyRun (anonymous) at (1983,142) size 18x16
              RenderRubyText {RT} at (-13,0) size 13x16
                RenderText {#text} at (0,3) size 13x9
                  text run at (0,3) width 9: "\x{306A}"
              RenderRubyBase (anonymous) at (0,0) size 18x16
                RenderInline {RB} at (0,0) size 18x16
                  RenderText {#text} at (0,0) size 18x16
                    text run at (0,0) width 16: "\x{83DC}"
          RenderText {#text} at (1983,158) size 49x491
            text run at (1983,158) width 333: "\x{306E}\x{82B1}\x{304C}\x{4E00}\x{9762}\x{306B}\x{898B}\x{3048}\x{308B}\x{3002}\x{96F2}\x{96C0}\x{306F}\x{3042}\x{3059}\x{3053}\x{3078}\x{843D}\x{3061}\x{308B}\x{306E}\x{304B}"
            text run at (2014,0) width 155: "\x{3068}\x{601D}\x{3063}\x{305F}\x{3002}\x{3044}\x{3044}\x{3084}\x{3001}\x{3042}\x{306E}"
          RenderRuby (inline) {RUBY} at (0,0) size 18x32
            RenderRubyRun (anonymous) at (2014,155) size 18x32
              RenderRubyText {RT} at (-13,0) size 13x32
                RenderText {#text} at (0,2) size 13x28
                  text run at (0,2) width 28: "\x{3053}\x{304C}\x{306D}"
              RenderRubyBase (anonymous) at (0,0) size 18x32
                RenderInline {RB} at (0,0) size 18x32
                  RenderText {#text} at (0,0) size 18x32
                    text run at (0,0) width 32: "\x{9EC4}\x{91D1}"
          RenderText {#text} at (2014,187) size 49x491
            text run at (2014,187) width 304: "\x{306E}\x{539F}\x{304B}\x{3089}\x{98DB}\x{3073}\x{4E0A}\x{304C}\x{3063}\x{3066}\x{304F}\x{308B}\x{306E}\x{304B}\x{3068}\x{601D}\x{3063}\x{305F}\x{3002}\x{6B21}\x{306B}"
            text run at (2045,0) width 115: "\x{306F}\x{843D}\x{3061}\x{308B}\x{96F2}\x{96C0}\x{3068}\x{3001}"
          RenderRuby (inline) {RUBY} at (0,0) size 18x19
            RenderRubyRun (anonymous) at (2045,115) size 18x19
              RenderRubyText {RT} at (-13,0) size 13x19
                RenderText {#text} at (0,0) size 13x19
                  text run at (0,0) width 19: "\x{3042}\x{304C}"
              RenderRubyBase (anonymous) at (0,0) size 18x19
                RenderInline {RB} at (0,0) size 18x16
                  RenderText {#text} at (0,1) size 18x16
                    text run at (0,1) width 16: "\x{4E0A}"
          RenderText {#text} at (2045,134) size 18x14
            text run at (2045,134) width 14: "\x{308B}"
          RenderRuby (inline) {RUBY} at (0,0) size 18x32
            RenderRubyRun (anonymous) at (2045,148) size 18x32
              RenderRubyText {RT} at (-13,0) size 13x32
                RenderText {#text} at (0,2) size 13x27
                  text run at (0,2) width 27: "\x{3072}\x{3070}\x{308A}"
              RenderRubyBase (anonymous) at (0,0) size 18x32
                RenderInline {RB} at (0,0) size 18x32
                  RenderText {#text} at (0,0) size 18x32
                    text run at (0,0) width 32: "\x{96F2}\x{96C0}"
          RenderText {#text} at (2045,180) size 49x490
            text run at (2045,180) width 310: "\x{304C}\x{5341}\x{6587}\x{5B57}\x{306B}\x{3059}\x{308C}\x{9055}\x{3046}\x{306E}\x{304B}\x{3068}\x{601D}\x{3063}\x{305F}\x{3002}\x{6700}\x{5F8C}\x{306B}\x{3001}\x{843D}"
            text run at (2076,0) width 230: "\x{3061}\x{308B}\x{6642}\x{3082}\x{3001}\x{4E0A}\x{308B}\x{6642}\x{3082}\x{3001}\x{307E}\x{305F}\x{5341}\x{6587}\x{5B57}\x{306B}"
          RenderRuby (inline) {RUBY} at (0,0) size 18x16
            RenderRubyRun (anonymous) at (2076,230) size 18x16
              RenderRubyText {RT} at (-13,0) size 13x16
                RenderText {#text} at (0,3) size 13x10
                  text run at (0,3) width 10: "\x{3059}"
              RenderRubyBase (anonymous) at (0,0) size 18x16
                RenderInline {RB} at (0,0) size 18x16
                  RenderText {#text} at (0,0) size 18x16
                    text run at (0,0) width 16: "\x{64E6}"
          RenderText {#text} at (2076,246) size 36x487
            text run at (2076,246) width 241: "\x{308C}\x{9055}\x{3046}\x{3068}\x{304D}\x{306B}\x{3082}\x{5143}\x{6C17}\x{3088}\x{304F}\x{9CF4}\x{304D}\x{3064}\x{3065}\x{3051}\x{308B}"
            text run at (2094,0) width 107: "\x{3060}\x{308D}\x{3046}\x{3068}\x{601D}\x{3063}\x{305F}\x{3002}"
          RenderBR {BR} at (2094,107) size 18x0
          RenderText {#text} at (2125,0) size 18x169
            text run at (2125,0) width 169: "\x{3000}\x{6625}\x{306F}\x{7720}\x{304F}\x{306A}\x{308B}\x{3002}\x{732B}\x{306F}\x{9F20}\x{3092}"
          RenderRuby (inline) {RUBY} at (0,0) size 18x16
            RenderRubyRun (anonymous) at (2125,169) size 18x16
              RenderRubyText {RT} at (-13,0) size 13x16
                RenderText {#text} at (0,4) size 13x8
                  text run at (0,4) width 8: "\x{3068}"
              RenderRubyBase (anonymous) at (0,0) size 18x16
                RenderInline {RB} at (0,0) size 18x16
                  RenderText {#text} at (0,0) size 18x16
                    text run at (0,0) width 16: "\x{6355}"
          RenderText {#text} at (2125,185) size 49x484
            text run at (2125,185) width 299: "\x{308B}\x{4E8B}\x{3092}\x{5FD8}\x{308C}\x{3001}\x{4EBA}\x{9593}\x{306F}\x{501F}\x{91D1}\x{306E}\x{3042}\x{308B}\x{4E8B}\x{3092}\x{5FD8}\x{308C}\x{308B}\x{3002}"
            text run at (2156,0) width 95: "\x{6642}\x{306B}\x{306F}\x{81EA}\x{5206}\x{306E}"
          RenderRuby (inline) {RUBY} at (0,0) size 18x35
            RenderRubyRun (anonymous) at (2156,95) size 18x35
              RenderRubyText {RT} at (-13,0) size 13x35
                RenderText {#text} at (0,0) size 13x35
                  text run at (0,0) width 35: "\x{305F}\x{307E}\x{3057}\x{3044}"
              RenderRubyBase (anonymous) at (0,0) size 18x35
                RenderInline {RB} at (0,0) size 18x16
                  RenderText {#text} at (0,9) size 18x16
                    text run at (0,9) width 16: "\x{9B42}"
          RenderText {#text} at (2156,130) size 18x16
            text run at (2156,130) width 16: "\x{306E}"
          RenderRuby (inline) {RUBY} at (0,0) size 18x34
            RenderRubyRun (anonymous) at (2156,146) size 18x34
              RenderRubyText {RT} at (-13,0) size 13x34
                RenderText {#text} at (0,0) size 13x34
                  text run at (0,0) width 34: "\x{3044}\x{3069}\x{3053}\x{308D}"
              RenderRubyBase (anonymous) at (0,0) size 18x34
                RenderInline {RB} at (0,0) size 18x32
                  RenderText {#text} at (0,1) size 18x32
                    text run at (0,1) width 32: "\x{5C45}\x{6240}"
          RenderText {#text} at (2156,180) size 49x479
            text run at (2156,180) width 299: "\x{3055}\x{3048}\x{5FD8}\x{308C}\x{3066}\x{6B63}\x{4F53}\x{306A}\x{304F}\x{306A}\x{308B}\x{3002}\x{305F}\x{3060}\x{83DC}\x{306E}\x{82B1}\x{3092}\x{9060}\x{304F}\x{671B}"
            text run at (2187,0) width 103: "\x{3093}\x{3060}\x{3068}\x{304D}\x{306B}\x{773C}\x{304C}"
          RenderRuby (inline) {RUBY} at (0,0) size 18x16
            RenderRubyRun (anonymous) at (2187,103) size 18x16
              RenderRubyText {RT} at (-13,0) size 13x16
                RenderText {#text} at (0,4) size 13x8
                  text run at (0,4) width 8: "\x{3055}"
              RenderRubyBase (anonymous) at (0,0) size 18x16
                RenderInline {RB} at (0,0) size 18x16
                  RenderText {#text} at (0,0) size 18x16
                    text run at (0,0) width 16: "\x{9192}"
          RenderText {#text} at (2187,119) size 18x297
            text run at (2187,119) width 297: "\x{3081}\x{308B}\x{3002}\x{96F2}\x{96C0}\x{306E}\x{58F0}\x{3092}\x{805E}\x{3044}\x{305F}\x{3068}\x{304D}\x{306B}\x{9B42}\x{306E}\x{3042}\x{308A}\x{304B}\x{304C}"
          RenderRuby (inline) {RUBY} at (0,0) size 18x40
            RenderRubyRun (anonymous) at (2187,416) size 18x40
              RenderRubyText {RT} at (-13,0) size 13x40
                RenderText {#text} at (0,0) size 13x40
                  text run at (0,0) width 40: "\x{306F}\x{3093}\x{305C}\x{3093}"
              RenderRubyBase (anonymous) at (0,0) size 18x40
                RenderInline {RB} at (0,0) size 18x32
                  RenderText {#text} at (0,4) size 18x32
                    text run at (0,4) width 32: "\x{5224}\x{7136}"
          RenderText {#text} at (2187,456) size 72x486
            text run at (2187,456) width 15: "\x{3059}"
            text run at (2205,0) width 482: "\x{308B}\x{3002}\x{96F2}\x{96C0}\x{306E}\x{9CF4}\x{304F}\x{306E}\x{306F}\x{53E3}\x{3067}\x{9CF4}\x{304F}\x{306E}\x{3067}\x{306F}\x{306A}\x{3044}\x{3001}\x{9B42}\x{5168}\x{4F53}\x{304C}\x{9CF4}\x{304F}\x{306E}\x{3060}\x{3002}\x{9B42}\x{306E}\x{6D3B}\x{52D5}\x{304C}"
            text run at (2223,0) width 486: "\x{58F0}\x{306B}\x{3042}\x{3089}\x{308F}\x{308C}\x{305F}\x{3082}\x{306E}\x{306E}\x{3046}\x{3061}\x{3067}\x{3001}\x{3042}\x{308C}\x{307B}\x{3069}\x{5143}\x{6C17}\x{306E}\x{3042}\x{308B}\x{3082}\x{306E}\x{306F}\x{306A}\x{3044}\x{3002}\x{3042}\x{3042}\x{6109}\x{5FEB}"
            text run at (2241,0) width 305: "\x{3060}\x{3002}\x{3053}\x{3046}\x{601D}\x{3063}\x{3066}\x{3001}\x{3053}\x{3046}\x{6109}\x{5FEB}\x{306B}\x{306A}\x{308B}\x{306E}\x{304C}\x{8A69}\x{3067}\x{3042}\x{308B}\x{3002}"
          RenderBR {BR} at (2241,305) size 18x0
          RenderText {#text} at (2259,0) size 18x486
            text run at (2259,0) width 486: "\x{3000}\x{305F}\x{3061}\x{307E}\x{3061}\x{30B7}\x{30A7}\x{30EC}\x{30FC}\x{306E}\x{96F2}\x{96C0}\x{306E}\x{8A69}\x{3092}\x{601D}\x{3044}\x{51FA}\x{3057}\x{3066}\x{3001}\x{53E3}\x{306E}\x{3046}\x{3061}\x{3067}\x{899A}\x{3048}\x{305F}\x{3068}\x{3053}\x{308D}\x{3060}\x{3051}"
          RenderRuby (inline) {RUBY} at (0,0) size 18x41
            RenderRubyRun (anonymous) at (2290,0) size 18x41
              RenderRubyText {RT} at (-13,0) size 13x41
                RenderText {#text} at (0,0) size 13x41
                  text run at (0,0) width 41: "\x{3042}\x{3093}\x{3057}\x{3087}\x{3046}"
              RenderRubyBase (anonymous) at (0,0) size 18x41
                RenderInline {RB} at (0,0) size 18x32
                  RenderText {#text} at (0,4) size 18x32
                    text run at (0,4) width 32: "\x{6697}\x{8AA6}"
          RenderText {#text} at (2290,41) size 36x493
            text run at (2290,41) width 452: "\x{3057}\x{3066}\x{898B}\x{305F}\x{304C}\x{3001}\x{899A}\x{3048}\x{3066}\x{3044}\x{308B}\x{3068}\x{3053}\x{308D}\x{306F}\x{4E8C}\x{4E09}\x{53E5}\x{3057}\x{304B}\x{306A}\x{304B}\x{3063}\x{305F}\x{3002}\x{305D}\x{306E}\x{4E8C}\x{4E09}\x{53E5}\x{306E}"
            text run at (2308,0) width 159: "\x{306A}\x{304B}\x{306B}\x{3053}\x{3093}\x{306A}\x{306E}\x{304C}\x{3042}\x{308B}\x{3002}"
          RenderBR {BR} at (2308,159) size 18x0
        RenderBlock {DIV} at (2326,32) size 90x461
          RenderText {#text} at (0,0) size 18x179
            text run at (0,0) width 179: "\x{3000}\x{3000}We look before and after"
          RenderBR {BR} at (0,179) size 18x0
          RenderText {#text} at (18,0) size 18x202
            text run at (18,0) width 202: "\x{3000}\x{3000}\x{3000}\x{3000}And pine for what is not:"
          RenderBR {BR} at (18,202) size 18x0
          RenderText {#text} at (36,0) size 18x160
            text run at (36,0) width 160: "\x{3000}\x{3000}Our sincerest laughter"
          RenderBR {BR} at (36,160) size 18x0
          RenderText {#text} at (54,0) size 18x210
            text run at (54,0) width 210: "\x{3000}\x{3000}\x{3000}\x{3000}With some pain is fraught;"
          RenderBR {BR} at (54,210) size 18x0
          RenderText {#text} at (72,0) size 18x355
            text run at (72,0) width 355: "Our sweetest songs are those that tell of saddest thought."
          RenderBR {BR} at (72,355) size 18x0
        RenderBlock (anonymous) at (2416,0) size 1665x493
          RenderText {#text} at (13,0) size 18x95
            text run at (13,0) width 95: "\x{300C}\x{524D}\x{3092}\x{307F}\x{3066}\x{306F}\x{3001}"
          RenderRuby (inline) {RUBY} at (0,0) size 18x16
            RenderRubyRun (anonymous) at (13,95) size 18x16
              RenderRubyText {RT} at (-13,0) size 13x16
                RenderText {#text} at (0,0) size 13x15
                  text run at (0,0) width 15: "\x{3057}\x{308A}"
              RenderRubyBase (anonymous) at (0,0) size 18x16
                RenderInline {RB} at (0,0) size 18x16
                  RenderText {#text} at (0,0) size 18x16
                    text run at (0,0) width 16: "\x{5F8C}"
          RenderText {#text} at (13,111) size 18x85
            text run at (13,111) width 85: "\x{3048}\x{3092}\x{898B}\x{3066}\x{306F}\x{3001}"
          RenderRuby (inline) {RUBY} at (0,0) size 18x32
            RenderRubyRun (anonymous) at (13,196) size 18x32
              RenderRubyText {RT} at (-13,0) size 13x32
                RenderText {#text} at (0,2) size 13x28
                  text run at (0,2) width 28: "\x{3082}\x{306E}\x{307B}"
              RenderRubyBase (anonymous) at (0,0) size 18x32
                RenderInline {RB} at (0,0) size 18x32
                  RenderText {#text} at (0,0) size 18x32
                    text run at (0,0) width 32: "\x{7269}\x{6B32}"
          RenderText {#text} at (13,228) size 49x480
            text run at (13,228) width 252: "\x{3057}\x{3068}\x{3001}\x{3042}\x{3053}\x{304C}\x{308B}\x{308B}\x{304B}\x{306A}\x{308F}\x{308C}\x{3002}\x{8179}\x{304B}\x{3089}\x{306E}\x{3001}"
            text run at (44,0) width 336: "\x{7B11}\x{3068}\x{3044}\x{3048}\x{3069}\x{3001}\x{82E6}\x{3057}\x{307F}\x{306E}\x{3001}\x{305D}\x{3053}\x{306B}\x{3042}\x{308B}\x{3079}\x{3057}\x{3002}\x{3046}\x{3064}\x{304F}\x{3057}\x{304D}\x{3001}"
          RenderRuby (inline) {RUBY} at (0,0) size 18x18
            RenderRubyRun (anonymous) at (44,336) size 18x18
              RenderRubyText {RT} at (-13,0) size 13x18
                RenderText {#text} at (0,0) size 13x18
                  text run at (0,0) width 18: "\x{304D}\x{308F}"
              RenderRubyBase (anonymous) at (0,0) size 18x18
                RenderInline {RB} at (0,0) size 18x16
                  RenderText {#text} at (0,1) size 18x16
                    text run at (0,1) width 16: "\x{6975}"
          RenderText {#text} at (44,354) size 49x468
            text run at (44,354) width 114: "\x{307F}\x{306E}\x{6B4C}\x{306B}\x{3001}\x{60B2}\x{3057}\x{3055}"
            text run at (75,0) width 75: "\x{306E}\x{3001}\x{6975}\x{307F}\x{306E}"
          RenderRuby (inline) {RUBY} at (0,0) size 18x26
            RenderRubyRun (anonymous) at (75,75) size 18x26
              RenderRubyText {RT} at (-13,0) size 13x26
                RenderText {#text} at (0,0) size 13x26
                  text run at (0,0) width 26: "\x{304A}\x{3082}\x{3044}"
              RenderRubyBase (anonymous) at (0,0) size 18x26
                RenderInline {RB} at (0,0) size 18x16
                  RenderText {#text} at (0,5) size 18x16
                    text run at (0,5) width 16: "\x{60F3}"
          RenderText {#text} at (75,101) size 18x11
            text run at (75,101) width 11: "\x{3001}"
          RenderRuby (inline) {RUBY} at (0,0) size 18x16
            RenderRubyRun (anonymous) at (75,112) size 18x16
              RenderRubyText {RT} at (-13,0) size 13x16
                RenderText {#text} at (0,0) size 13x16
                  text run at (0,0) width 16: "\x{3053}\x{3082}"
              RenderRubyBase (anonymous) at (0,0) size 18x16
                RenderInline {RB} at (0,0) size 18x16
                  RenderText {#text} at (0,0) size 18x16
                    text run at (0,0) width 16: "\x{7C60}"
          RenderText {#text} at (75,128) size 18x81
            text run at (75,128) width 81: "\x{308B}\x{3068}\x{305E}\x{77E5}\x{308C}\x{300D}"
          RenderBR {BR} at (75,209) size 18x0
          RenderText {#text} at (93,0) size 49x492
            text run at (93,0) width 492: "\x{3000}\x{306A}\x{308B}\x{307B}\x{3069}\x{3044}\x{304F}\x{3089}\x{8A69}\x{4EBA}\x{304C}\x{5E78}\x{798F}\x{3067}\x{3082}\x{3001}\x{3042}\x{306E}\x{96F2}\x{96C0}\x{306E}\x{3088}\x{3046}\x{306B}\x{601D}\x{3044}\x{5207}\x{3063}\x{3066}\x{3001}\x{4E00}\x{5FC3}\x{4E0D}\x{4E71}"
            text run at (124,0) width 245: "\x{306B}\x{3001}\x{524D}\x{5F8C}\x{3092}\x{5FD8}\x{5374}\x{3057}\x{3066}\x{3001}\x{308F}\x{304C}\x{559C}\x{3073}\x{3092}\x{6B4C}\x{3046}"
          RenderRuby (inline) {RUBY} at (0,0) size 18x19
            RenderRubyRun (anonymous) at (124,245) size 18x19
              RenderRubyText {RT} at (-13,0) size 13x19
                RenderText {#text} at (0,0) size 13x19
                  text run at (0,0) width 19: "\x{308F}\x{3051}"
              RenderRubyBase (anonymous) at (0,0) size 18x19
                RenderInline {RB} at (0,0) size 18x16
                  RenderText {#text} at (0,1) size 18x16
                    text run at (0,1) width 16: "\x{8A33}"
          RenderText {#text} at (124,264) size 49x488
            text run at (124,264) width 224: "\x{306B}\x{306F}\x{884C}\x{304F}\x{307E}\x{3044}\x{3002}\x{897F}\x{6D0B}\x{306E}\x{8A69}\x{306F}\x{7121}\x{8AD6}\x{306E}"
            text run at (155,0) width 153: "\x{4E8B}\x{3001}\x{652F}\x{90A3}\x{306E}\x{8A69}\x{306B}\x{3082}\x{3001}\x{3088}\x{304F}"
          RenderRuby (inline) {RUBY} at (0,0) size 18x34
            RenderRubyRun (anonymous) at (155,153) size 18x34
              RenderRubyText {RT} at (-13,0) size 13x34
                RenderText {#text} at (0,0) size 13x34
                  text run at (0,0) width 34: "\x{3070}\x{3093}\x{3053}\x{304F}"
              RenderRubyBase (anonymous) at (0,0) size 18x34
                RenderInline {RB} at (0,0) size 18x32
                  RenderText {#text} at (0,1) size 18x32
                    text run at (0,1) width 32: "\x{4E07}\x{659B}"
          RenderText {#text} at (155,187) size 18x16
            text run at (155,187) width 16: "\x{306E}"
          RenderRuby (inline) {RUBY} at (0,0) size 18x26
            RenderRubyRun (anonymous) at (155,203) size 18x26
              RenderRubyText {RT} at (-13,0) size 13x26
                RenderText {#text} at (0,0) size 13x26
                  text run at (0,0) width 26: "\x{3046}\x{308C}\x{3044}"
              RenderRubyBase (anonymous) at (0,0) size 18x26
                RenderInline {RB} at (0,0) size 18x16
                  RenderText {#text} at (0,5) size 18x16
                    text run at (0,5) width 16: "\x{6101}"
          RenderText {#text} at (155,229) size 18x261
            text run at (155,229) width 261: "\x{306A}\x{3069}\x{3068}\x{4E91}\x{3046}\x{5B57}\x{304C}\x{3042}\x{308B}\x{3002}\x{8A69}\x{4EBA}\x{3060}\x{304B}\x{3089}\x{4E07}\x{659B}\x{3067}"
          RenderRuby (inline) {RUBY} at (0,0) size 18x32
            RenderRubyRun (anonymous) at (186,0) size 18x32
              RenderRubyText {RT} at (-13,0) size 13x32
                RenderText {#text} at (0,0) size 13x31
                  text run at (0,0) width 31: "\x{3057}\x{308D}\x{3046}\x{3068}"
              RenderRubyBase (anonymous) at (0,0) size 18x32
                RenderInline {RB} at (0,0) size 18x32
                  RenderText {#text} at (0,0) size 18x32
                    text run at (0,0) width 32: "\x{7D20}\x{4EBA}"
          RenderText {#text} at (186,32) size 18x43
            text run at (186,32) width 43: "\x{306A}\x{3089}\x{4E00}"
          RenderRuby (inline) {RUBY} at (0,0) size 18x16
            RenderRubyRun (anonymous) at (186,75) size 18x16
              RenderRubyText {RT} at (-13,0) size 13x16
                RenderText {#text} at (0,0) size 13x16
                  text run at (0,0) width 16: "\x{3054}\x{3046}"
              RenderRubyBase (anonymous) at (0,0) size 18x16
                RenderInline {RB} at (0,0) size 18x16
                  RenderText {#text} at (0,0) size 18x16
                    text run at (0,0) width 16: "\x{5408}"
          RenderText {#text} at (186,91) size 49x476
            text run at (186,91) width 385: "\x{3067}\x{6E08}\x{3080}\x{304B}\x{3082}\x{77E5}\x{308C}\x{306C}\x{3002}\x{3057}\x{3066}\x{898B}\x{308B}\x{3068}\x{8A69}\x{4EBA}\x{306F}\x{5E38}\x{306E}\x{4EBA}\x{3088}\x{308A}\x{3082}\x{82E6}\x{52B4}\x{6027}"
            text run at (217,0) width 25: "\x{3067}\x{3001}"
          RenderRuby (inline) {RUBY} at (0,0) size 18x38
            RenderRubyRun (anonymous) at (217,25) size 18x38
              RenderRubyText {RT} at (-13,0) size 13x38
                RenderText {#text} at (0,0) size 13x38
                  text run at (0,0) width 38: "\x{307C}\x{3093}\x{3053}\x{3064}"
              RenderRubyBase (anonymous) at (0,0) size 18x38
                RenderInline {RB} at (0,0) size 18x32
                  RenderText {#text} at (0,3) size 18x32
                    text run at (0,3) width 32: "\x{51E1}\x{9AA8}"
          RenderText {#text} at (217,63) size 49x471
            text run at (217,63) width 408: "\x{306E}\x{500D}\x{4EE5}\x{4E0A}\x{306B}\x{795E}\x{7D4C}\x{304C}\x{92ED}\x{654F}\x{306A}\x{306E}\x{304B}\x{3082}\x{77E5}\x{308C}\x{3093}\x{3002}\x{8D85}\x{4FD7}\x{306E}\x{559C}\x{3073}\x{3082}\x{3042}\x{308D}\x{3046}"
            text run at (248,0) width 75: "\x{304C}\x{3001}\x{7121}\x{91CF}\x{306E}"
          RenderRuby (inline) {RUBY} at (0,0) size 18x37
            RenderRubyRun (anonymous) at (248,75) size 18x37
              RenderRubyText {RT} at (-13,0) size 13x37
                RenderText {#text} at (0,0) size 13x37
                  text run at (0,0) width 37: "\x{304B}\x{306A}\x{3057}\x{307F}"
              RenderRubyBase (anonymous) at (0,0) size 18x37
                RenderInline {RB} at (0,0) size 18x16
                  RenderText {#text} at (0,10) size 18x16
                    text run at (0,10) width 16: "\x{60B2}"
          RenderText {#text} at (248,112) size 18x330
            text run at (248,112) width 330: "\x{3082}\x{591A}\x{304B}\x{308D}\x{3046}\x{3002}\x{305D}\x{3093}\x{306A}\x{3089}\x{3070}\x{8A69}\x{4EBA}\x{306B}\x{306A}\x{308B}\x{306E}\x{3082}\x{8003}\x{3048}\x{7269}\x{3060}\x{3002}"
          RenderBR {BR} at (248,442) size 18x0
          RenderText {#text} at (279,0) size 18x109
            text run at (279,0) width 109: "\x{3000}\x{3057}\x{3070}\x{3089}\x{304F}\x{306F}\x{8DEF}\x{304C}"
          RenderRuby (inline) {RUBY} at (0,0) size 18x26
            RenderRubyRun (anonymous) at (279,109) size 18x26
              RenderRubyText {RT} at (-13,0) size 13x26
                RenderText {#text} at (0,0) size 13x26
                  text run at (0,0) width 26: "\x{305F}\x{3044}\x{3089}"
              RenderRubyBase (anonymous) at (0,0) size 18x26
                RenderInline {RB} at (0,0) size 18x16
                  RenderText {#text} at (0,5) size 18x16
                    text run at (0,5) width 16: "\x{5E73}"
          RenderText {#text} at (279,135) size 18x57
            text run at (279,135) width 57: "\x{3067}\x{3001}\x{53F3}\x{306F}"
          RenderRuby (inline) {RUBY} at (0,0) size 18x48
            RenderRubyRun (anonymous) at (279,192) size 18x48
              RenderRubyText {RT} at (-13,0) size 13x48
                RenderText {#text} at (0,2) size 13x44
                  text run at (0,2) width 44: "\x{305E}\x{3046}\x{304D}\x{3084}\x{307E}"
              RenderRubyBase (anonymous) at (0,0) size 18x48
                RenderInline {RB} at (0,0) size 18x48
                  RenderText {#text} at (0,0) size 18x48
                    text run at (0,0) width 48: "\x{96D1}\x{6728}\x{5C71}"
          RenderText {#text} at (279,240) size 49x478
            text run at (279,240) width 238: "\x{3001}\x{5DE6}\x{306F}\x{83DC}\x{306E}\x{82B1}\x{306E}\x{898B}\x{3064}\x{3065}\x{3051}\x{3067}\x{3042}\x{308B}\x{3002}\x{8DB3}"
            text run at (310,0) width 79: "\x{306E}\x{4E0B}\x{306B}\x{6642}\x{3005}"
          RenderRuby (inline) {RUBY} at (0,0) size 18x48
            RenderRubyRun (anonymous) at (310,79) size 18x48
              RenderRubyText {RT} at (-13,0) size 13x48
                RenderText {#text} at (0,4) size 13x39
                  text run at (0,4) width 39: "\x{305F}\x{3093}\x{307D}\x{307D}"
              RenderRubyBase (anonymous) at (0,0) size 18x48
                RenderInline {RB} at (0,0) size 18x48
                  RenderText {#text} at (0,0) size 18x48
                    text run at (0,0) width 48: "\x{84B2}\x{516C}\x{82F1}"
          RenderText {#text} at (310,127) size 18x101
            text run at (310,127) width 101: "\x{3092}\x{8E0F}\x{307F}\x{3064}\x{3051}\x{308B}\x{3002}"
          RenderRuby (inline) {RUBY} at (0,0) size 18x34
            RenderRubyRun (anonymous) at (310,228) size 18x34
              RenderRubyText {RT} at (-13,0) size 13x34
                RenderText {#text} at (0,0) size 13x34
                  text run at (0,0) width 34: "\x{306E}\x{3053}\x{304E}\x{308A}"
              RenderRubyBase (anonymous) at (0,0) size 18x34
                RenderInline {RB} at (0,0) size 18x16
                  RenderText {#text} at (0,9) size 18x16
                    text run at (0,9) width 16: "\x{92F8}"
          RenderText {#text} at (310,262) size 49x480
            text run at (310,262) width 218: "\x{306E}\x{3088}\x{3046}\x{306A}\x{8449}\x{304C}\x{9060}\x{616E}\x{306A}\x{304F}\x{56DB}\x{65B9}\x{3078}\x{306E}\x{3057}"
            text run at (341,0) width 107: "\x{3066}\x{771F}\x{4E2D}\x{306B}\x{9EC4}\x{8272}\x{306A}"
          RenderRuby (inline) {RUBY} at (0,0) size 18x18
            RenderRubyRun (anonymous) at (341,107) size 18x18
              RenderRubyText {RT} at (-13,0) size 13x18
                RenderText {#text} at (0,0) size 13x18
                  text run at (0,0) width 18: "\x{305F}\x{307E}"
              RenderRubyBase (anonymous) at (0,0) size 18x18
                RenderInline {RB} at (0,0) size 18x16
                  RenderText {#text} at (0,1) size 18x16
                    text run at (0,1) width 16: "\x{73E0}"
          RenderText {#text} at (341,125) size 67x488
            text run at (341,125) width 363: "\x{3092}\x{64C1}\x{8B77}\x{3057}\x{3066}\x{3044}\x{308B}\x{3002}\x{83DC}\x{306E}\x{82B1}\x{306B}\x{6C17}\x{3092}\x{3068}\x{3089}\x{308C}\x{3066}\x{3001}\x{8E0F}\x{307F}\x{3064}\x{3051}\x{305F}\x{3042}"
            text run at (359,0) width 485: "\x{3068}\x{3067}\x{3001}\x{6C17}\x{306E}\x{6BD2}\x{306A}\x{4E8B}\x{3092}\x{3057}\x{305F}\x{3068}\x{3001}\x{632F}\x{308A}\x{5411}\x{3044}\x{3066}\x{898B}\x{308B}\x{3068}\x{3001}\x{9EC4}\x{8272}\x{306A}\x{73E0}\x{306F}\x{4F9D}\x{7136}\x{3068}\x{3057}\x{3066}\x{92F8}\x{306E}"
            text run at (390,0) width 45: "\x{306A}\x{304B}\x{306B}"
          RenderRuby (inline) {RUBY} at (0,0) size 18x32
            RenderRubyRun (anonymous) at (390,45) size 18x32
              RenderRubyText {RT} at (-13,0) size 13x32
                RenderText {#text} at (0,2) size 13x28
                  text run at (0,2) width 28: "\x{3061}\x{3093}\x{3056}"
              RenderRubyBase (anonymous) at (0,0) size 18x32
                RenderInline {RB} at (0,0) size 18x32
                  RenderText {#text} at (0,0) size 18x32
                    text run at (0,0) width 32: "\x{93AE}\x{5EA7}"
          RenderText {#text} at (390,77) size 18x66
            text run at (390,77) width 66: "\x{3057}\x{3066}\x{3044}\x{308B}\x{3002}"
          RenderRuby (inline) {RUBY} at (0,0) size 18x32
            RenderRubyRun (anonymous) at (390,143) size 18x32
              RenderRubyText {RT} at (-13,0) size 13x32
                RenderText {#text} at (0,2) size 13x28
                  text run at (0,2) width 28: "\x{306E}\x{3093}\x{304D}"
              RenderRubyBase (anonymous) at (0,0) size 18x32
                RenderInline {RB} at (0,0) size 18x32
                  RenderText {#text} at (0,0) size 18x32
                    text run at (0,0) width 32: "\x{5451}\x{6C17}"
          RenderText {#text} at (390,175) size 18x212
            text run at (390,175) width 212: "\x{306A}\x{3082}\x{306E}\x{3060}\x{3002}\x{307E}\x{305F}\x{8003}\x{3048}\x{3092}\x{3064}\x{3065}\x{3051}\x{308B}\x{3002}"
          RenderBR {BR} at (390,387) size 18x0
          RenderText {#text} at (421,0) size 18x58
            text run at (421,0) width 58: "\x{3000}\x{8A69}\x{4EBA}\x{306B}"
          RenderRuby (inline) {RUBY} at (0,0) size 18x26
            RenderRubyRun (anonymous) at (421,58) size 18x26
              RenderRubyText {RT} at (-13,0) size 13x26
                RenderText {#text} at (0,0) size 13x26
                  text run at (0,0) width 26: "\x{3046}\x{308C}\x{3044}"
              RenderRubyBase (anonymous) at (0,0) size 18x26
                RenderInline {RB} at (0,0) size 18x16
                  RenderText {#text} at (0,5) size 18x16
                    text run at (0,5) width 16: "\x{6182}"
          RenderText {#text} at (421,84) size 18x222
            text run at (421,84) width 222: "\x{306F}\x{3064}\x{304D}\x{3082}\x{306E}\x{304B}\x{3082}\x{77E5}\x{308C}\x{306A}\x{3044}\x{304C}\x{3001}\x{3042}\x{306E}"
          RenderRuby (inline) {RUBY} at (0,0) size 18x32
            RenderRubyRun (anonymous) at (421,306) size 18x32
              RenderRubyText {RT} at (-13,0) size 13x32
                RenderText {#text} at (0,2) size 13x27
                  text run at (0,2) width 27: "\x{3072}\x{3070}\x{308A}"
              RenderRubyBase (anonymous) at (0,0) size 18x32
                RenderInline {RB} at (0,0) size 18x32
                  RenderText {#text} at (0,0) size 18x32
                    text run at (0,0) width 32: "\x{96F2}\x{96C0}"
          RenderText {#text} at (421,338) size 18x132
            text run at (421,338) width 132: "\x{3092}\x{805E}\x{304F}\x{5FC3}\x{6301}\x{306B}\x{306A}\x{308C}\x{3070}"
          RenderRuby (inline) {RUBY} at (0,0) size 18x32
            RenderRubyRun (anonymous) at (452,0) size 18x32
              RenderRubyText {RT} at (-13,0) size 13x32
                RenderText {#text} at (0,2) size 13x28
                  text run at (0,2) width 28: "\x{307F}\x{3058}\x{3093}"
              RenderRubyBase (anonymous) at (0,0) size 18x32
                RenderInline {RB} at (0,0) size 18x32
                  RenderText {#text} at (0,0) size 18x32
                    text run at (0,0) width 32: "\x{5FAE}\x{5875}"
          RenderText {#text} at (452,32) size 18x16
            text run at (452,32) width 16: "\x{306E}"
          RenderRuby (inline) {RUBY} at (0,0) size 18x16
            RenderRubyRun (anonymous) at (452,48) size 18x16
              RenderRubyText {RT} at (-13,0) size 13x16
                RenderText {#text} at (0,5) size 13x6
                  text run at (0,5) width 6: "\x{304F}"
              RenderRubyBase (anonymous) at (0,0) size 18x16
                RenderInline {RB} at (0,0) size 18x16
                  RenderText {#text} at (0,0) size 18x16
                    text run at (0,0) width 16: "\x{82E6}"
          RenderText {#text} at (452,64) size 18x293
            text run at (452,64) width 293: "\x{3082}\x{306A}\x{3044}\x{3002}\x{83DC}\x{306E}\x{82B1}\x{3092}\x{898B}\x{3066}\x{3082}\x{3001}\x{305F}\x{3060}\x{3046}\x{308C}\x{3057}\x{304F}\x{3066}\x{80F8}\x{304C}"
          RenderRuby (inline) {RUBY} at (0,0) size 18x18
            RenderRubyRun (anonymous) at (452,357) size 18x18
              RenderRubyText {RT} at (-13,0) size 13x18
                RenderText {#text} at (0,0) size 13x18
                  text run at (0,0) width 18: "\x{304A}\x{3069}"
              RenderRubyBase (anonymous) at (0,0) size 18x18
                RenderInline {RB} at (0,0) size 18x16
                  RenderText {#text} at (0,1) size 18x16
                    text run at (0,1) width 16: "\x{8E8D}"
          RenderText {#text} at (452,375) size 67x491
            text run at (452,375) width 116: "\x{308B}\x{3070}\x{304B}\x{308A}\x{3060}\x{3002}\x{84B2}\x{516C}"
            text run at (470,0) width 478: "\x{82F1}\x{3082}\x{305D}\x{306E}\x{901A}\x{308A}\x{3001}\x{685C}\x{3082}\x{2015}\x{2015}\x{685C}\x{306F}\x{3044}\x{3064}\x{304B}\x{898B}\x{3048}\x{306A}\x{304F}\x{306A}\x{3063}\x{305F}\x{3002}\x{3053}\x{3046}\x{5C71}\x{306E}\x{4E2D}\x{3078}\x{6765}\x{3066}\x{81EA}"
            text run at (501,0) width 32: "\x{7136}\x{306E}"
          RenderRuby (inline) {RUBY} at (0,0) size 18x38
            RenderRubyRun (anonymous) at (501,32) size 18x38
              RenderRubyText {RT} at (-13,0) size 13x38
                RenderText {#text} at (0,0) size 13x38
                  text run at (0,0) width 38: "\x{3051}\x{3044}\x{3076}\x{3064}"
              RenderRubyBase (anonymous) at (0,0) size 18x38
                RenderInline {RB} at (0,0) size 18x32
                  RenderText {#text} at (0,3) size 18x32
                    text run at (0,3) width 32: "\x{666F}\x{7269}"
          RenderText {#text} at (501,70) size 49x479
            text run at (501,70) width 409: "\x{306B}\x{63A5}\x{3059}\x{308C}\x{3070}\x{3001}\x{898B}\x{308B}\x{3082}\x{306E}\x{3082}\x{805E}\x{304F}\x{3082}\x{306E}\x{3082}\x{9762}\x{767D}\x{3044}\x{3002}\x{9762}\x{767D}\x{3044}\x{3060}\x{3051}\x{3067}\x{5225}\x{6BB5}"
            text run at (532,0) width 250: "\x{306E}\x{82E6}\x{3057}\x{307F}\x{3082}\x{8D77}\x{3089}\x{306C}\x{3002}\x{8D77}\x{308B}\x{3068}\x{3059}\x{308C}\x{3070}\x{8DB3}\x{304C}"
          RenderRuby (inline) {RUBY} at (0,0) size 18x32
            RenderRubyRun (anonymous) at (532,250) size 18x32
              RenderRubyText {RT} at (-13,0) size 13x32
                RenderText {#text} at (0,3) size 13x25
                  text run at (0,3) width 25: "\x{304F}\x{305F}\x{3073}"
              RenderRubyBase (anonymous) at (0,0) size 18x32
                RenderInline {RB} at (0,0) size 18x32
                  RenderText {#text} at (0,0) size 18x32
                    text run at (0,0) width 32: "\x{8349}\x{81E5}"
          RenderText {#text} at (532,282) size 18x41
            text run at (532,282) width 41: "\x{308C}\x{3066}\x{3001}"
          RenderRuby (inline) {RUBY} at (0,0) size 18x16
            RenderRubyRun (anonymous) at (532,323) size 18x16
              RenderRubyText {RT} at (-13,0) size 13x16
                RenderText {#text} at (0,0) size 13x16
                  text run at (0,0) width 16: "\x{3046}\x{307E}"
              RenderRubyBase (anonymous) at (0,0) size 18x16
                RenderInline {RB} at (0,0) size 18x16
                  RenderText {#text} at (0,0) size 18x16
                    text run at (0,0) width 16: "\x{65E8}"
          RenderText {#text} at (532,339) size 36x485
            text run at (532,339) width 146: "\x{3044}\x{3082}\x{306E}\x{304C}\x{98DF}\x{3079}\x{3089}\x{308C}\x{306C}\x{304F}"
            text run at (550,0) width 111: "\x{3089}\x{3044}\x{306E}\x{4E8B}\x{3060}\x{308D}\x{3046}\x{3002}"
          RenderBR {BR} at (550,111) size 18x0
          RenderText {#text} at (581,0) size 18x374
            text run at (581,0) width 374: "\x{3000}\x{3057}\x{304B}\x{3057}\x{82E6}\x{3057}\x{307F}\x{306E}\x{306A}\x{3044}\x{306E}\x{306F}\x{306A}\x{305C}\x{3060}\x{308D}\x{3046}\x{3002}\x{305F}\x{3060}\x{3053}\x{306E}\x{666F}\x{8272}\x{3092}\x{4E00}"
          RenderRuby (inline) {RUBY} at (0,0) size 18x16
            RenderRubyRun (anonymous) at (581,374) size 18x16
              RenderRubyText {RT} at (-13,0) size 13x16
                RenderText {#text} at (0,0) size 13x16
                  text run at (0,0) width 16: "\x{3077}\x{304F}"
              RenderRubyBase (anonymous) at (0,0) size 18x16
                RenderInline {RB} at (0,0) size 18x16
                  RenderText {#text} at (0,0) size 18x16
                    text run at (0,0) width 16: "\x{5E45}"
          RenderText {#text} at (581,390) size 18x16
            text run at (581,390) width 16: "\x{306E}"
          RenderRuby (inline) {RUBY} at (0,0) size 18x16
            RenderRubyRun (anonymous) at (581,406) size 18x16
              RenderRubyText {RT} at (-13,0) size 13x16
                RenderText {#text} at (0,3) size 13x9
                  text run at (0,3) width 9: "\x{3048}"
              RenderRubyBase (anonymous) at (0,0) size 18x16
                RenderInline {RB} at (0,0) size 18x16
                  RenderText {#text} at (0,0) size 18x16
                    text run at (0,0) width 16: "\x{753B}"
          RenderText {#text} at (581,422) size 18x38
            text run at (581,422) width 38: "\x{3068}\x{3057}\x{3066}"
          RenderRuby (inline) {RUBY} at (0,0) size 18x16
            RenderRubyRun (anonymous) at (581,460) size 18x16
              RenderRubyText {RT} at (-13,0) size 13x16
                RenderText {#text} at (0,3) size 13x10
                  text run at (0,3) width 10: "\x{307F}"
              RenderRubyBase (anonymous) at (0,0) size 18x16
                RenderInline {RB} at (0,0) size 18x16
                  RenderText {#text} at (0,0) size 18x16
                    text run at (0,0) width 16: "\x{89B3}"
          RenderText {#text} at (581,476) size 49x487
            text run at (581,476) width 11: "\x{3001}"
            text run at (612,0) width 16: "\x{4E00}"
          RenderRuby (inline) {RUBY} at (0,0) size 18x20
            RenderRubyRun (anonymous) at (612,16) size 18x20
              RenderRubyText {RT} at (-13,0) size 13x20
                RenderText {#text} at (0,0) size 13x20
                  text run at (0,0) width 20: "\x{304B}\x{3093}"
              RenderRubyBase (anonymous) at (0,0) size 18x20
                RenderInline {RB} at (0,0) size 18x16
                  RenderText {#text} at (0,2) size 18x16
                    text run at (0,2) width 16: "\x{5DFB}"
          RenderText {#text} at (612,36) size 18x185
            text run at (612,36) width 185: "\x{306E}\x{8A69}\x{3068}\x{3057}\x{3066}\x{8AAD}\x{3080}\x{304B}\x{3089}\x{3067}\x{3042}\x{308B}\x{3002}"
          RenderRuby (inline) {RUBY} at (0,0) size 18x16
            RenderRubyRun (anonymous) at (612,221) size 18x16
              RenderRubyText {RT} at (-13,0) size 13x16
                RenderText {#text} at (0,3) size 13x10
                  text run at (0,3) width 10: "\x{304C}"
              RenderRubyBase (anonymous) at (0,0) size 18x16
                RenderInline {RB} at (0,0) size 18x16
                  RenderText {#text} at (0,0) size 18x16
                    text run at (0,0) width 16: "\x{753B}"
          RenderText {#text} at (612,237) size 18x148
            text run at (612,237) width 148: "\x{3067}\x{3042}\x{308A}\x{8A69}\x{3067}\x{3042}\x{308B}\x{4EE5}\x{4E0A}\x{306F}"
          RenderRuby (inline) {RUBY} at (0,0) size 18x32
            RenderRubyRun (anonymous) at (612,385) size 18x32
              RenderRubyText {RT} at (-13,0) size 13x32
                RenderText {#text} at (0,2) size 13x28
                  text run at (0,2) width 28: "\x{3058}\x{3081}\x{3093}"
              RenderRubyBase (anonymous) at (0,0) size 18x32
                RenderInline {RB} at (0,0) size 18x32
                  RenderText {#text} at (0,0) size 18x32
                    text run at (0,0) width 32: "\x{5730}\x{9762}"
          RenderText {#text} at (612,417) size 49x485
            text run at (612,417) width 68: "\x{3092}\x{8CB0}\x{3063}\x{3066}\x{3001}"
            text run at (643,0) width 266: "\x{958B}\x{62D3}\x{3059}\x{308B}\x{6C17}\x{306B}\x{3082}\x{306A}\x{3089}\x{306D}\x{3070}\x{3001}\x{9244}\x{9053}\x{3092}\x{304B}\x{3051}\x{3066}"
          RenderRuby (inline) {RUBY} at (0,0) size 18x33
            RenderRubyRun (anonymous) at (643,266) size 18x33
              RenderRubyText {RT} at (-13,0) size 13x33
                RenderText {#text} at (0,0) size 13x33
                  text run at (0,0) width 33: "\x{3072}\x{3068}\x{3082}\x{3046}"
              RenderRubyBase (anonymous) at (0,0) size 18x33
                RenderInline {RB} at (0,0) size 18x32
                  RenderText {#text} at (0,0) size 18x32
                    text run at (0,0) width 32: "\x{4E00}\x{5132}"
          RenderText {#text} at (643,299) size 18x44
            text run at (643,299) width 44: "\x{3051}\x{3059}\x{308B}"
          RenderRuby (inline) {RUBY} at (0,0) size 18x40
            RenderRubyRun (anonymous) at (643,343) size 18x40
              RenderRubyText {RT} at (-13,0) size 13x40
                RenderText {#text} at (0,0) size 13x40
                  text run at (0,0) width 40: "\x{308A}\x{3087}\x{3046}\x{3051}\x{3093}"
              RenderRubyBase (anonymous) at (0,0) size 18x40
                RenderInline {RB} at (0,0) size 18x32
                  RenderText {#text} at (0,4) size 18x32
                    text run at (0,4) width 32: "\x{4E86}\x{898B}"
          RenderText {#text} at (643,383) size 49x482
            text run at (643,383) width 99: "\x{3082}\x{8D77}\x{3089}\x{306C}\x{3002}\x{305F}\x{3060}"
            text run at (674,0) width 141: "\x{3053}\x{306E}\x{666F}\x{8272}\x{304C}\x{2015}\x{2015}\x{8179}\x{306E}"
          RenderRuby (inline) {RUBY} at (0,0) size 18x16
            RenderRubyRun (anonymous) at (674,141) size 18x16
              RenderRubyText {RT} at (-13,0) size 13x16
                RenderText {#text} at (0,3) size 13x9
                  text run at (0,3) width 9: "\x{305F}"
              RenderRubyBase (anonymous) at (0,0) size 18x16
                RenderInline {RB} at (0,0) size 18x16
                  RenderText {#text} at (0,0) size 18x16
                    text run at (0,0) width 16: "\x{8DB3}"
          RenderText {#text} at (674,157) size 49x478
            text run at (674,157) width 321: "\x{3057}\x{306B}\x{3082}\x{306A}\x{3089}\x{306C}\x{3001}\x{6708}\x{7D66}\x{306E}\x{88DC}\x{3044}\x{306B}\x{3082}\x{306A}\x{3089}\x{306C}\x{3053}\x{306E}\x{666F}\x{8272}\x{304C}"
            text run at (705,0) width 399: "\x{666F}\x{8272}\x{3068}\x{3057}\x{3066}\x{306E}\x{307F}\x{3001}\x{4F59}\x{304C}\x{5FC3}\x{3092}\x{697D}\x{307E}\x{305B}\x{3064}\x{3064}\x{3042}\x{308B}\x{304B}\x{3089}\x{82E6}\x{52B4}\x{3082}\x{5FC3}\x{914D}\x{3082}"
          RenderRuby (inline) {RUBY} at (0,0) size 18x25
            RenderRubyRun (anonymous) at (705,399) size 18x25
              RenderRubyText {RT} at (-13,0) size 13x25
                RenderText {#text} at (0,0) size 13x25
                  text run at (0,0) width 25: "\x{3068}\x{3082}\x{306A}"
              RenderRubyBase (anonymous) at (0,0) size 18x25
                RenderInline {RB} at (0,0) size 18x16
                  RenderText {#text} at (0,4) size 18x16
                    text run at (0,4) width 16: "\x{4F34}"
          RenderText {#text} at (705,424) size 49x487
            text run at (705,424) width 63: "\x{308F}\x{306C}\x{306E}\x{3060}"
            text run at (736,0) width 201: "\x{308D}\x{3046}\x{3002}\x{81EA}\x{7136}\x{306E}\x{529B}\x{306F}\x{3053}\x{3053}\x{306B}\x{304A}\x{3044}\x{3066}"
          RenderRuby (inline) {RUBY} at (0,0) size 18x17
            RenderRubyRun (anonymous) at (736,201) size 18x17
              RenderRubyText {RT} at (-13,0) size 13x17
                RenderText {#text} at (0,0) size 13x17
                  text run at (0,0) width 17: "\x{305F}\x{3063}"
              RenderRubyBase (anonymous) at (0,0) size 18x17
                RenderInline {RB} at (0,0) size 18x16
                  RenderText {#text} at (0,0) size 18x16
                    text run at (0,0) width 16: "\x{5C0A}"
          RenderText {#text} at (736,218) size 18x179
            text run at (736,218) width 179: "\x{3068}\x{3044}\x{3002}\x{543E}\x{4EBA}\x{306E}\x{6027}\x{60C5}\x{3092}\x{77AC}\x{523B}\x{306B}"
          RenderRuby (inline) {RUBY} at (0,0) size 18x32
            RenderRubyRun (anonymous) at (736,397) size 18x32
              RenderRubyText {RT} at (-13,0) size 13x32
                RenderText {#text} at (0,3) size 13x25
                  text run at (0,3) width 25: "\x{3068}\x{3046}\x{3084}"
              RenderRubyBase (anonymous) at (0,0) size 18x32
                RenderInline {RB} at (0,0) size 18x32
                  RenderText {#text} at (0,0) size 18x32
                    text run at (0,0) width 32: "\x{9676}\x{51B6}"
          RenderText {#text} at (736,429) size 18x26
            text run at (736,429) width 26: "\x{3057}\x{3066}"
          RenderRuby (inline) {RUBY} at (0,0) size 18x34
            RenderRubyRun (anonymous) at (736,455) size 18x34
              RenderRubyText {RT} at (-13,0) size 13x34
                RenderText {#text} at (0,0) size 13x34
                  text run at (0,0) width 34: "\x{3058}\x{3085}\x{3093}\x{3053}"
              RenderRubyBase (anonymous) at (0,0) size 18x34
                RenderInline {RB} at (0,0) size 18x32
                  RenderText {#text} at (0,1) size 18x32
                    text run at (0,1) width 32: "\x{9187}\x{4E4E}"
          RenderText {#text} at (754,0) size 18x318
            text run at (754,0) width 318: "\x{3068}\x{3057}\x{3066}\x{9187}\x{306A}\x{308B}\x{8A69}\x{5883}\x{306B}\x{5165}\x{3089}\x{3057}\x{3080}\x{308B}\x{306E}\x{306F}\x{81EA}\x{7136}\x{3067}\x{3042}\x{308B}\x{3002}"
          RenderBR {BR} at (754,318) size 18x0
          RenderText {#text} at (772,0) size 49x480
            text run at (772,0) width 480: "\x{3000}\x{604B}\x{306F}\x{3046}\x{3064}\x{304F}\x{3057}\x{304B}\x{308D}\x{3001}\x{5B5D}\x{3082}\x{3046}\x{3064}\x{304F}\x{3057}\x{304B}\x{308D}\x{3001}\x{5FE0}\x{541B}\x{611B}\x{56FD}\x{3082}\x{7D50}\x{69CB}\x{3060}\x{308D}\x{3046}\x{3002}\x{3057}\x{304B}\x{3057}\x{81EA}\x{8EAB}"
            text run at (803,0) width 47: "\x{304C}\x{305D}\x{306E}"
          RenderRuby (inline) {RUBY} at (0,0) size 18x21
            RenderRubyRun (anonymous) at (803,47) size 18x21
              RenderRubyText {RT} at (-13,0) size 13x21
                RenderText {#text} at (0,0) size 13x21
                  text run at (0,0) width 21: "\x{304D}\x{3087}\x{304F}"
              RenderRubyBase (anonymous) at (0,0) size 18x21
                RenderInline {RB} at (0,0) size 18x16
                  RenderText {#text} at (0,2) size 18x16
                    text run at (0,2) width 16: "\x{5C40}"
          RenderText {#text} at (803,68) size 18x111
            text run at (803,68) width 111: "\x{306B}\x{5F53}\x{308C}\x{3070}\x{5229}\x{5BB3}\x{306E}"
          RenderRuby (inline) {RUBY} at (0,0) size 18x32
            RenderRubyRun (anonymous) at (803,179) size 18x32
              RenderRubyText {RT} at (-13,0) size 13x32
                RenderText {#text} at (0,2) size 13x28
                  text run at (0,2) width 28: "\x{3064}\x{3080}\x{3058}"
              RenderRubyBase (anonymous) at (0,0) size 18x32
                RenderInline {RB} at (0,0) size 18x32
                  RenderText {#text} at (0,0) size 18x32
                    text run at (0,0) width 32: "\x{65CB}\x{98A8}"
          RenderText {#text} at (803,211) size 18x15
            text run at (803,211) width 15: "\x{306B}"
          RenderRuby (inline) {RUBY} at (0,0) size 18x16
            RenderRubyRun (anonymous) at (803,226) size 18x16
              RenderRubyText {RT} at (-13,0) size 13x16
                RenderText {#text} at (0,3) size 13x9
                  text run at (0,3) width 9: "\x{307E}"
              RenderRubyBase (anonymous) at (0,0) size 18x16
                RenderInline {RB} at (0,0) size 18x16
                  RenderText {#text} at (0,0) size 18x16
                    text run at (0,0) width 16: "\x{6372}"
          RenderText {#text} at (803,242) size 49x489
            text run at (803,242) width 247: "\x{304D}\x{8FBC}\x{307E}\x{308C}\x{3066}\x{3001}\x{3046}\x{3064}\x{304F}\x{3057}\x{304D}\x{4E8B}\x{306B}\x{3082}\x{3001}\x{7D50}\x{69CB}\x{306A}"
            text run at (834,0) width 87: "\x{4E8B}\x{306B}\x{3082}\x{3001}\x{76EE}\x{306F}"
          RenderRuby (inline) {RUBY} at (0,0) size 18x16
            RenderRubyRun (anonymous) at (834,87) size 18x16
              RenderRubyText {RT} at (-13,0) size 13x16
                RenderText {#text} at (0,1) size 13x14
                  text run at (0,1) width 14: "\x{304F}\x{3089}"
              RenderRubyBase (anonymous) at (0,0) size 18x16
                RenderInline {RB} at (0,0) size 18x16
                  RenderText {#text} at (0,0) size 18x16
                    text run at (0,0) width 16: "\x{7729}"
          RenderText {#text} at (834,103) size 18x329
            text run at (834,103) width 329: "\x{3093}\x{3067}\x{3057}\x{307E}\x{3046}\x{3002}\x{3057}\x{305F}\x{304C}\x{3063}\x{3066}\x{3069}\x{3053}\x{306B}\x{8A69}\x{304C}\x{3042}\x{308B}\x{304B}\x{81EA}\x{8EAB}\x{306B}\x{306F}"
          RenderRuby (inline) {RUBY} at (0,0) size 18x16
            RenderRubyRun (anonymous) at (834,432) size 18x16
              RenderRubyText {RT} at (-13,0) size 13x16
                RenderText {#text} at (0,3) size 13x10
                  text run at (0,3) width 10: "\x{3052}"
              RenderRubyBase (anonymous) at (0,0) size 18x16
                RenderInline {RB} at (0,0) size 18x16
                  RenderText {#text} at (0,0) size 18x16
                    text run at (0,0) width 16: "\x{89E3}"
          RenderText {#text} at (834,448) size 36x492
            text run at (834,448) width 44: "\x{3057}\x{304B}\x{306D}"
            text run at (852,0) width 25: "\x{308B}\x{3002}"
          RenderBR {BR} at (852,25) size 18x0
          RenderText {#text} at (870,0) size 49x486
            text run at (870,0) width 486: "\x{3000}\x{3053}\x{308C}\x{304C}\x{308F}\x{304B}\x{308B}\x{305F}\x{3081}\x{306B}\x{306F}\x{3001}\x{308F}\x{304B}\x{308B}\x{3060}\x{3051}\x{306E}\x{4F59}\x{88D5}\x{306E}\x{3042}\x{308B}\x{7B2C}\x{4E09}\x{8005}\x{306E}\x{5730}\x{4F4D}\x{306B}\x{7ACB}\x{305F}"
            text run at (901,0) width 303: "\x{306D}\x{3070}\x{306A}\x{3089}\x{306C}\x{3002}\x{4E09}\x{8005}\x{306E}\x{5730}\x{4F4D}\x{306B}\x{7ACB}\x{3066}\x{3070}\x{3053}\x{305D}\x{829D}\x{5C45}\x{306F}"
          RenderRuby (inline) {RUBY} at (0,0) size 18x16
            RenderRubyRun (anonymous) at (901,303) size 18x16
              RenderRubyText {RT} at (-13,0) size 13x16
                RenderText {#text} at (0,3) size 13x10
                  text run at (0,3) width 10: "\x{307F}"
              RenderRubyBase (anonymous) at (0,0) size 18x16
                RenderInline {RB} at (0,0) size 18x16
                  RenderText {#text} at (0,0) size 18x16
                    text run at (0,0) width 16: "\x{89B3}"
          RenderText {#text} at (901,319) size 36x482
            text run at (901,319) width 163: "\x{3066}\x{9762}\x{767D}\x{3044}\x{3002}\x{5C0F}\x{8AAC}\x{3082}\x{898B}\x{3066}\x{9762}"
            text run at (919,0) width 479: "\x{767D}\x{3044}\x{3002}\x{829D}\x{5C45}\x{3092}\x{898B}\x{3066}\x{9762}\x{767D}\x{3044}\x{4EBA}\x{3082}\x{3001}\x{5C0F}\x{8AAC}\x{3092}\x{8AAD}\x{3093}\x{3067}\x{9762}\x{767D}\x{3044}\x{4EBA}\x{3082}\x{3001}\x{81EA}\x{5DF1}\x{306E}\x{5229}\x{5BB3}\x{306F}"
          RenderRuby (inline) {RUBY} at (0,0) size 18x18
            RenderRubyRun (anonymous) at (950,0) size 18x18
              RenderRubyText {RT} at (-13,0) size 13x18
                RenderText {#text} at (0,0) size 13x18
                  text run at (0,0) width 18: "\x{305F}\x{306A}"
              RenderRubyBase (anonymous) at (0,0) size 18x18
                RenderInline {RB} at (0,0) size 18x16
                  RenderText {#text} at (0,1) size 18x16
                    text run at (0,1) width 16: "\x{68DA}"
          RenderText {#text} at (950,18) size 18x380
            text run at (950,18) width 380: "\x{3078}\x{4E0A}\x{3052}\x{3066}\x{3044}\x{308B}\x{3002}\x{898B}\x{305F}\x{308A}\x{8AAD}\x{3093}\x{3060}\x{308A}\x{3059}\x{308B}\x{9593}\x{3060}\x{3051}\x{306F}\x{8A69}\x{4EBA}\x{3067}\x{3042}\x{308B}\x{3002}"
          RenderBR {BR} at (950,398) size 18x0
          RenderText {#text} at (981,0) size 18x285
            text run at (981,0) width 285: "\x{3000}\x{305D}\x{308C}\x{3059}\x{3089}\x{3001}\x{666E}\x{901A}\x{306E}\x{829D}\x{5C45}\x{3084}\x{5C0F}\x{8AAC}\x{3067}\x{306F}\x{4EBA}\x{60C5}\x{3092}"
          RenderRuby (inline) {RUBY} at (0,0) size 18x19
            RenderRubyRun (anonymous) at (981,285) size 18x19
              RenderRubyText {RT} at (-13,0) size 13x19
                RenderText {#text} at (0,0) size 13x19
                  text run at (0,0) width 19: "\x{307E}\x{306C}"
              RenderRubyBase (anonymous) at (0,0) size 18x19
                RenderInline {RB} at (0,0) size 18x16
                  RenderText {#text} at (0,1) size 18x16
                    text run at (0,1) width 16: "\x{514D}"
          RenderText {#text} at (981,304) size 67x488
            text run at (981,304) width 184: "\x{304B}\x{308C}\x{306C}\x{3002}\x{82E6}\x{3057}\x{3093}\x{3060}\x{308A}\x{3001}\x{6012}\x{3063}\x{305F}"
            text run at (999,0) width 486: "\x{308A}\x{3001}\x{9A12}\x{3044}\x{3060}\x{308A}\x{3001}\x{6CE3}\x{3044}\x{305F}\x{308A}\x{3059}\x{308B}\x{3002}\x{898B}\x{308B}\x{3082}\x{306E}\x{3082}\x{3044}\x{3064}\x{304B}\x{305D}\x{306E}\x{4E2D}\x{306B}\x{540C}\x{5316}\x{3057}\x{3066}\x{82E6}\x{3057}\x{3093}\x{3060}"
            text run at (1030,0) width 257: "\x{308A}\x{3001}\x{6012}\x{3063}\x{305F}\x{308A}\x{3001}\x{9A12}\x{3044}\x{3060}\x{308A}\x{3001}\x{6CE3}\x{3044}\x{305F}\x{308A}\x{3059}\x{308B}\x{3002}"
          RenderRuby (inline) {RUBY} at (0,0) size 18x32
            RenderRubyRun (anonymous) at (1030,257) size 18x32
              RenderRubyText {RT} at (-13,0) size 13x32
                RenderText {#text} at (0,4) size 13x24
                  text run at (0,4) width 24: "\x{3068}\x{308A}\x{3048}"
              RenderRubyBase (anonymous) at (0,0) size 18x32
                RenderInline {RB} at (0,0) size 18x32
                  RenderText {#text} at (0,0) size 18x32
                    text run at (0,0) width 32: "\x{53D6}\x{67C4}"
          RenderText {#text} at (1030,289) size 18x64
            text run at (1030,289) width 64: "\x{306F}\x{5229}\x{617E}\x{304C}"
          RenderRuby (inline) {RUBY} at (0,0) size 18x17
            RenderRubyRun (anonymous) at (1030,353) size 18x17
              RenderRubyText {RT} at (-13,0) size 13x17
                RenderText {#text} at (0,0) size 13x17
                  text run at (0,0) width 17: "\x{307E}\x{3058}"
              RenderRubyBase (anonymous) at (0,0) size 18x17
                RenderInline {RB} at (0,0) size 18x16
                  RenderText {#text} at (0,0) size 18x16
                    text run at (0,0) width 16: "\x{4EA4}"
          RenderText {#text} at (1030,370) size 18x99
            text run at (1030,370) width 99: "\x{3089}\x{306C}\x{3068}\x{4E91}\x{3046}\x{70B9}\x{306B}"
          RenderRuby (inline) {RUBY} at (0,0) size 18x19
            RenderRubyRun (anonymous) at (1030,469) size 18x19
              RenderRubyText {RT} at (-13,0) size 13x19
                RenderText {#text} at (0,0) size 13x19
                  text run at (0,0) width 19: "\x{305D}\x{3093}"
              RenderRubyBase (anonymous) at (0,0) size 18x19
                RenderInline {RB} at (0,0) size 18x16
                  RenderText {#text} at (0,1) size 18x16
                    text run at (0,1) width 16: "\x{5B58}"
          RenderText {#text} at (1061,0) size 18x286
            text run at (1061,0) width 286: "\x{3059}\x{308B}\x{304B}\x{3082}\x{77E5}\x{308C}\x{306C}\x{304C}\x{3001}\x{4EA4}\x{3089}\x{306C}\x{3060}\x{3051}\x{306B}\x{305D}\x{306E}\x{4ED6}\x{306E}"
          RenderRuby (inline) {RUBY} at (0,0) size 18x37
            RenderRubyRun (anonymous) at (1061,286) size 18x37
              RenderRubyText {RT} at (-13,0) size 13x37
                RenderText {#text} at (0,0) size 13x37
                  text run at (0,0) width 37: "\x{3058}\x{3087}\x{3046}\x{3057}\x{3087}"
              RenderRubyBase (anonymous) at (0,0) size 18x37
                RenderInline {RB} at (0,0) size 18x32
                  RenderText {#text} at (0,2) size 18x32
                    text run at (0,2) width 32: "\x{60C5}\x{7DD2}"
          RenderText {#text} at (1061,323) size 49x491
            text run at (1061,323) width 168: "\x{306F}\x{5E38}\x{3088}\x{308A}\x{306F}\x{4F59}\x{8A08}\x{306B}\x{6D3B}\x{52D5}\x{3059}"
            text run at (1092,0) width 112: "\x{308B}\x{3060}\x{308D}\x{3046}\x{3002}\x{305D}\x{308C}\x{304C}"
          RenderRuby (inline) {RUBY} at (0,0) size 18x19
            RenderRubyRun (anonymous) at (1092,112) size 18x19
              RenderRubyText {RT} at (-13,0) size 13x19
                RenderText {#text} at (0,0) size 13x19
                  text run at (0,0) width 19: "\x{3044}\x{3084}"
              RenderRubyBase (anonymous) at (0,0) size 18x19
                RenderInline {RB} at (0,0) size 18x16
                  RenderText {#text} at (0,1) size 18x16
                    text run at (0,1) width 16: "\x{5ACC}"
          RenderText {#text} at (1092,131) size 18x26
            text run at (1092,131) width 26: "\x{3060}\x{3002}"
          RenderBR {BR} at (1092,157) size 18x0
          RenderText {#text} at (1110,0) size 49x478
            text run at (1110,0) width 478: "\x{3000}\x{82E6}\x{3057}\x{3093}\x{3060}\x{308A}\x{3001}\x{6012}\x{3063}\x{305F}\x{308A}\x{3001}\x{9A12}\x{3044}\x{3060}\x{308A}\x{3001}\x{6CE3}\x{3044}\x{305F}\x{308A}\x{306F}\x{4EBA}\x{306E}\x{4E16}\x{306B}\x{3064}\x{304D}\x{3082}\x{306E}\x{3060}\x{3002}\x{4F59}\x{3082}"
            text run at (1141,0) width 125: "\x{4E09}\x{5341}\x{5E74}\x{306E}\x{9593}\x{305D}\x{308C}\x{3092}"
          RenderRuby (inline) {RUBY} at (0,0) size 18x32
            RenderRubyRun (anonymous) at (1141,125) size 18x32
              RenderRubyText {RT} at (-13,0) size 13x32
                RenderText {#text} at (0,3) size 13x25
                  text run at (0,3) width 25: "\x{3057}\x{3068}\x{304A}"
              RenderRubyBase (anonymous) at (0,0) size 18x32
                RenderInline {RB} at (0,0) size 18x32
                  RenderText {#text} at (0,0) size 18x32
                    text run at (0,0) width 32: "\x{4ED5}\x{901A}"
          RenderText {#text} at (1141,157) size 18x37
            text run at (1141,157) width 37: "\x{3057}\x{3066}\x{3001}"
          RenderRuby (inline) {RUBY} at (0,0) size 18x34
            RenderRubyRun (anonymous) at (1141,194) size 18x34
              RenderRubyText {RT} at (-13,0) size 13x34
                RenderText {#text} at (0,0) size 13x34
                  text run at (0,0) width 34: "\x{3042}\x{304D}\x{3042}\x{304D}"
              RenderRubyBase (anonymous) at (0,0) size 18x34
                RenderInline {RB} at (0,0) size 18x32
                  RenderText {#text} at (0,1) size 18x32
                    text run at (0,1) width 32: "\x{98FD}\x{3005}"
          RenderText {#text} at (1141,228) size 18x38
            text run at (1141,228) width 38: "\x{3057}\x{305F}\x{3002}"
          RenderRuby (inline) {RUBY} at (0,0) size 18x16
            RenderRubyRun (anonymous) at (1141,266) size 18x16
              RenderRubyText {RT} at (-13,0) size 13x16
                RenderText {#text} at (0,3) size 13x9
                  text run at (0,3) width 9: "\x{3042}"
              RenderRubyBase (anonymous) at (0,0) size 18x16
                RenderInline {RB} at (0,0) size 18x16
                  RenderText {#text} at (0,0) size 18x16
                    text run at (0,0) width 16: "\x{98FD}"
          RenderText {#text} at (1141,282) size 36x481
            text run at (1141,282) width 196: "\x{304D}\x{98FD}\x{304D}\x{3057}\x{305F}\x{4E0A}\x{306B}\x{829D}\x{5C45}\x{3084}\x{5C0F}\x{8AAC}\x{3067}"
            text run at (1159,0) width 481: "\x{540C}\x{3058}\x{523A}\x{6FC0}\x{3092}\x{7E70}\x{308A}\x{8FD4}\x{3057}\x{3066}\x{306F}\x{5927}\x{5909}\x{3060}\x{3002}\x{4F59}\x{304C}\x{6B32}\x{3059}\x{308B}\x{8A69}\x{306F}\x{305D}\x{3093}\x{306A}\x{4E16}\x{9593}\x{7684}\x{306E}\x{4EBA}\x{60C5}\x{3092}"
          RenderRuby (inline) {RUBY} at (0,0) size 18x32
            RenderRubyRun (anonymous) at (1190,0) size 18x32
              RenderRubyText {RT} at (-13,0) size 13x32
                RenderText {#text} at (0,7) size 13x18
                  text run at (0,7) width 18: "\x{3053}\x{3076}"
              RenderRubyBase (anonymous) at (0,0) size 18x32
                RenderInline {RB} at (0,0) size 18x32
                  RenderText {#text} at (0,0) size 18x32
                    text run at (0,0) width 32: "\x{9F13}\x{821E}"
          RenderText {#text} at (1190,32) size 18x359
            text run at (1190,32) width 359: "\x{3059}\x{308B}\x{3088}\x{3046}\x{306A}\x{3082}\x{306E}\x{3067}\x{306F}\x{306A}\x{3044}\x{3002}\x{4FD7}\x{5FF5}\x{3092}\x{653E}\x{68C4}\x{3057}\x{3066}\x{3001}\x{3057}\x{3070}\x{3089}\x{304F}\x{3067}\x{3082}"
          RenderRuby (inline) {RUBY} at (0,0) size 18x37
            RenderRubyRun (anonymous) at (1190,391) size 18x37
              RenderRubyText {RT} at (-13,0) size 13x37
                RenderText {#text} at (0,0) size 13x37
                  text run at (0,0) width 37: "\x{3058}\x{3093}\x{304B}\x{3044}"
              RenderRubyBase (anonymous) at (0,0) size 18x37
                RenderInline {RB} at (0,0) size 18x32
                  RenderText {#text} at (0,2) size 18x32
                    text run at (0,2) width 32: "\x{5875}\x{754C}"
          RenderText {#text} at (1190,428) size 85x490
            text run at (1190,428) width 61: "\x{3092}\x{96E2}\x{308C}\x{305F}"
            text run at (1208,0) width 484: "\x{5FC3}\x{6301}\x{3061}\x{306B}\x{306A}\x{308C}\x{308B}\x{8A69}\x{3067}\x{3042}\x{308B}\x{3002}\x{3044}\x{304F}\x{3089}\x{5091}\x{4F5C}\x{3067}\x{3082}\x{4EBA}\x{60C5}\x{3092}\x{96E2}\x{308C}\x{305F}\x{829D}\x{5C45}\x{306F}\x{306A}\x{3044}\x{3001}\x{7406}\x{975E}"
            text run at (1226,0) width 490: "\x{3092}\x{7D76}\x{3057}\x{305F}\x{5C0F}\x{8AAC}\x{306F}\x{5C11}\x{304B}\x{308D}\x{3046}\x{3002}\x{3069}\x{3053}\x{307E}\x{3067}\x{3082}\x{4E16}\x{9593}\x{3092}\x{51FA}\x{308B}\x{4E8B}\x{304C}\x{51FA}\x{6765}\x{306C}\x{306E}\x{304C}\x{5F7C}\x{3089}\x{306E}\x{7279}"
            text run at (1257,0) width 453: "\x{8272}\x{3067}\x{3042}\x{308B}\x{3002}\x{3053}\x{3068}\x{306B}\x{897F}\x{6D0B}\x{306E}\x{8A69}\x{306B}\x{306A}\x{308B}\x{3068}\x{3001}\x{4EBA}\x{4E8B}\x{304C}\x{6839}\x{672C}\x{306B}\x{306A}\x{308B}\x{304B}\x{3089}\x{3044}\x{308F}\x{3086}\x{308B}"
          RenderRuby (inline) {RUBY} at (0,0) size 18x32
            RenderRubyRun (anonymous) at (1257,453) size 18x32
              RenderRubyText {RT} at (-13,0) size 13x32
                RenderText {#text} at (0,2) size 13x27
                  text run at (0,2) width 27: "\x{3057}\x{3044}\x{304B}"
              RenderRubyBase (anonymous) at (0,0) size 18x32
                RenderInline {RB} at (0,0) size 18x32
                  RenderText {#text} at (0,0) size 18x32
                    text run at (0,0) width 32: "\x{8A69}\x{6B4C}"
          RenderText {#text} at (1288,0) size 18x147
            text run at (1288,0) width 147: "\x{306E}\x{7D14}\x{7C8B}\x{306A}\x{308B}\x{3082}\x{306E}\x{3082}\x{3053}\x{306E}"
          RenderRuby (inline) {RUBY} at (0,0) size 18x22
            RenderRubyRun (anonymous) at (1288,147) size 18x22
              RenderRubyText {RT} at (-13,0) size 13x22
                RenderText {#text} at (0,0) size 13x22
                  text run at (0,0) width 22: "\x{304D}\x{3087}\x{3046}"
              RenderRubyBase (anonymous) at (0,0) size 18x22
                RenderInline {RB} at (0,0) size 18x16
                  RenderText {#text} at (0,3) size 18x16
                    text run at (0,3) width 16: "\x{5883}"
          RenderText {#text} at (1288,169) size 18x14
            text run at (1288,169) width 14: "\x{3092}"
          RenderRuby (inline) {RUBY} at (0,0) size 18x32
            RenderRubyRun (anonymous) at (1288,183) size 18x32
              RenderRubyText {RT} at (-13,0) size 13x32
                RenderText {#text} at (0,1) size 13x29
                  text run at (0,1) width 29: "\x{3052}\x{3060}\x{3064}"
              RenderRubyBase (anonymous) at (0,0) size 18x32
                RenderInline {RB} at (0,0) size 18x32
                  RenderText {#text} at (0,0) size 18x32
                    text run at (0,0) width 32: "\x{89E3}\x{8131}"
          RenderText {#text} at (1288,215) size 49x484
            text run at (1288,215) width 269: "\x{3059}\x{308B}\x{4E8B}\x{3092}\x{77E5}\x{3089}\x{306C}\x{3002}\x{3069}\x{3053}\x{307E}\x{3067}\x{3082}\x{540C}\x{60C5}\x{3060}\x{3068}\x{304B}\x{3001}"
            text run at (1319,0) width 242: "\x{611B}\x{3060}\x{3068}\x{304B}\x{3001}\x{6B63}\x{7FA9}\x{3060}\x{3068}\x{304B}\x{3001}\x{81EA}\x{7531}\x{3060}\x{3068}\x{304B}\x{3001}"
          RenderRuby (inline) {RUBY} at (0,0) size 18x32
            RenderRubyRun (anonymous) at (1319,242) size 18x32
              RenderRubyText {RT} at (-13,0) size 13x32
                RenderText {#text} at (0,4) size 13x24
                  text run at (0,4) width 24: "\x{3046}\x{304D}\x{3088}"
              RenderRubyBase (anonymous) at (0,0) size 18x32
                RenderInline {RB} at (0,0) size 18x32
                  RenderText {#text} at (0,0) size 18x32
                    text run at (0,0) width 32: "\x{6D6E}\x{4E16}"
          RenderText {#text} at (1319,274) size 18x16
            text run at (1319,274) width 16: "\x{306E}"
          RenderRuby (inline) {RUBY} at (0,0) size 18x48
            RenderRubyRun (anonymous) at (1319,290) size 18x48
              RenderRubyText {RT} at (-13,0) size 13x48
                RenderText {#text} at (0,1) size 13x45
                  text run at (0,1) width 45: "\x{304B}\x{3093}\x{3053}\x{3046}\x{3070}"
              RenderRubyBase (anonymous) at (0,0) size 18x48
                RenderInline {RB} at (0,0) size 18x48
                  RenderText {#text} at (0,0) size 18x48
                    text run at (0,0) width 48: "\x{52E7}\x{5DE5}\x{5834}"
          RenderText {#text} at (1319,338) size 18x147
            text run at (1319,338) width 147: "\x{306B}\x{3042}\x{308B}\x{3082}\x{306E}\x{3060}\x{3051}\x{3067}\x{7528}\x{3092}"
          RenderRuby (inline) {RUBY} at (0,0) size 18x20
            RenderRubyRun (anonymous) at (1350,0) size 18x20
              RenderRubyText {RT} at (-13,0) size 13x20
                RenderText {#text} at (0,0) size 13x20
                  text run at (0,0) width 20: "\x{3079}\x{3093}"
              RenderRubyBase (anonymous) at (0,0) size 18x20
                RenderInline {RB} at (0,0) size 18x16
                  RenderText {#text} at (0,2) size 18x16
                    text run at (0,2) width 16: "\x{5F01}"
          RenderText {#text} at (1350,20) size 18x282
            text run at (1350,20) width 282: "\x{3058}\x{3066}\x{3044}\x{308B}\x{3002}\x{3044}\x{304F}\x{3089}\x{8A69}\x{7684}\x{306B}\x{306A}\x{3063}\x{3066}\x{3082}\x{5730}\x{9762}\x{306E}\x{4E0A}\x{3092}"
          RenderRuby (inline) {RUBY} at (0,0) size 18x16
            RenderRubyRun (anonymous) at (1350,302) size 18x16
              RenderRubyText {RT} at (-13,0) size 13x16
                RenderText {#text} at (0,3) size 13x10
                  text run at (0,3) width 10: "\x{304B}"
              RenderRubyBase (anonymous) at (0,0) size 18x16
                RenderInline {RB} at (0,0) size 18x16
                  RenderText {#text} at (0,0) size 18x16
                    text run at (0,0) width 16: "\x{99B3}"
          RenderText {#text} at (1350,318) size 18x98
            text run at (1350,318) width 98: "\x{3051}\x{3066}\x{3042}\x{308B}\x{3044}\x{3066}\x{3001}"
          RenderRuby (inline) {RUBY} at (0,0) size 18x19
            RenderRubyRun (anonymous) at (1350,416) size 18x19
              RenderRubyText {RT} at (-13,0) size 13x19
                RenderText {#text} at (0,0) size 13x19
                  text run at (0,0) width 19: "\x{305C}\x{306B}"
              RenderRubyBase (anonymous) at (0,0) size 18x19
                RenderInline {RB} at (0,0) size 18x16
                  RenderText {#text} at (0,1) size 18x16
                    text run at (0,1) width 16: "\x{92AD}"
          RenderText {#text} at (1350,435) size 49x483
            text run at (1350,435) width 48: "\x{306E}\x{52D8}\x{5B9A}"
            text run at (1381,0) width 216: "\x{3092}\x{5FD8}\x{308C}\x{308B}\x{3072}\x{307E}\x{304C}\x{306A}\x{3044}\x{3002}\x{30B7}\x{30A7}\x{30EC}\x{30FC}\x{304C}"
          RenderRuby (inline) {RUBY} at (0,0) size 18x32
            RenderRubyRun (anonymous) at (1381,216) size 18x32
              RenderRubyText {RT} at (-13,0) size 13x32
                RenderText {#text} at (0,2) size 13x27
                  text run at (0,2) width 27: "\x{3072}\x{3070}\x{308A}"
              RenderRubyBase (anonymous) at (0,0) size 18x32
                RenderInline {RB} at (0,0) size 18x32
                  RenderText {#text} at (0,0) size 18x32
                    text run at (0,0) width 32: "\x{96F2}\x{96C0}"
          RenderText {#text} at (1381,248) size 18x235
            text run at (1381,248) width 235: "\x{3092}\x{805E}\x{3044}\x{3066}\x{5606}\x{606F}\x{3057}\x{305F}\x{306E}\x{3082}\x{7121}\x{7406}\x{306F}\x{306A}\x{3044}\x{3002}"
          RenderBR {BR} at (1381,483) size 18x0
          RenderText {#text} at (1412,0) size 18x144
            text run at (1412,0) width 144: "\x{3000}\x{3046}\x{308C}\x{3057}\x{3044}\x{4E8B}\x{306B}\x{6771}\x{6D0B}\x{306E}"
          RenderRuby (inline) {RUBY} at (0,0) size 18x32
            RenderRubyRun (anonymous) at (1412,144) size 18x32
              RenderRubyText {RT} at (-13,0) size 13x32
                RenderText {#text} at (0,2) size 13x27
                  text run at (0,2) width 27: "\x{3057}\x{3044}\x{304B}"
              RenderRubyBase (anonymous) at (0,0) size 18x32
                RenderInline {RB} at (0,0) size 18x32
                  RenderText {#text} at (0,0) size 18x32
                    text run at (0,0) width 32: "\x{8A69}\x{6B4C}"
          RenderText {#text} at (1412,176) size 18x58
            text run at (1412,176) width 58: "\x{306F}\x{305D}\x{3053}\x{3092}"
          RenderRuby (inline) {RUBY} at (0,0) size 18x32
            RenderRubyRun (anonymous) at (1412,234) size 18x32
              RenderRubyText {RT} at (-13,0) size 13x32
                RenderText {#text} at (0,1) size 13x29
                  text run at (0,1) width 29: "\x{3052}\x{3060}\x{3064}"
              RenderRubyBase (anonymous) at (0,0) size 18x32
                RenderInline {RB} at (0,0) size 18x32
                  RenderText {#text} at (0,0) size 18x32
                    text run at (0,0) width 32: "\x{89E3}\x{8131}"
          RenderText {#text} at (1412,266) size 18x99
            text run at (1412,266) width 99: "\x{3057}\x{305F}\x{306E}\x{304C}\x{3042}\x{308B}\x{3002}"
          RenderRuby (inline) {RUBY} at (0,0) size 18x40
            RenderRubyRun (anonymous) at (1412,365) size 18x40
              RenderRubyText {RT} at (-13,0) size 13x40
                RenderText {#text} at (0,0) size 13x40
                  text run at (0,0) width 40: "\x{304D}\x{304F}\x{3092}\x{3068}\x{308B}"
              RenderRubyBase (anonymous) at (0,0) size 18x40
                RenderInline {RB} at (0,0) size 18x32
                  RenderText {#text} at (0,4) size 18x32
                    text run at (0,4) width 32: "\x{63A1}\x{83CA}"
          RenderRuby (inline) {RUBY} at (0,0) size 18x48
            RenderRubyRun (anonymous) at (1412,405) size 18x48
              RenderRubyText {RT} at (-13,0) size 13x48
                RenderText {#text} at (0,0) size 13x48
                  text run at (0,0) width 48: "\x{3068}\x{3046}\x{308A}\x{306E}\x{3082}\x{3068}"
              RenderRubyBase (anonymous) at (0,0) size 18x48
                RenderInline {RB} at (0,0) size 18x48
                  RenderText {#text} at (0,0) size 18x48
                    text run at (0,0) width 48: "\x{6771}\x{7C6C}\x{4E0B}"
          RenderText {#text} at (1412,453) size 18x11
            text run at (1412,453) width 11: "\x{3001}"
          RenderRuby (inline) {RUBY} at (0,0) size 18x62
            RenderRubyRun (anonymous) at (1443,0) size 18x62
              RenderRubyText {RT} at (-13,0) size 13x62
                RenderText {#text} at (0,0) size 13x62
                  text run at (0,0) width 62: "\x{3086}\x{3046}\x{305C}\x{3093}\x{3068}\x{3057}\x{3066}"
              RenderRubyBase (anonymous) at (0,0) size 18x62
                RenderInline {RB} at (0,0) size 18x32
                  RenderText {#text} at (0,15) size 18x32
                    text run at (0,15) width 32: "\x{60A0}\x{7136}"
          RenderRuby (inline) {RUBY} at (0,0) size 18x66
            RenderRubyRun (anonymous) at (1443,62) size 18x66
              RenderRubyText {RT} at (-13,0) size 13x66
                RenderText {#text} at (0,0) size 13x66
                  text run at (0,0) width 66: "\x{306A}\x{3093}\x{3056}\x{3093}\x{3092}\x{307F}\x{308B}"
              RenderRubyBase (anonymous) at (0,0) size 18x66
                RenderInline {RB} at (0,0) size 18x48
                  RenderText {#text} at (0,9) size 18x48
                    text run at (0,9) width 48: "\x{898B}\x{5357}\x{5C71}"
          RenderText {#text} at (1443,128) size 18x114
            text run at (1443,128) width 114: "\x{3002}\x{305F}\x{3060}\x{305D}\x{308C}\x{304E}\x{308A}\x{306E}"
          RenderRuby (inline) {RUBY} at (0,0) size 18x16
            RenderRubyRun (anonymous) at (1443,242) size 18x16
              RenderRubyText {RT} at (-13,0) size 13x16
                RenderText {#text} at (0,0) size 13x16
                  text run at (0,0) width 16: "\x{3046}\x{3061}"
              RenderRubyBase (anonymous) at (0,0) size 18x16
                RenderInline {RB} at (0,0) size 18x16
                  RenderText {#text} at (0,0) size 18x16
                    text run at (0,0) width 16: "\x{88CF}"
          RenderText {#text} at (1443,258) size 49x483
            text run at (1443,258) width 225: "\x{306B}\x{6691}\x{82E6}\x{3057}\x{3044}\x{4E16}\x{306E}\x{4E2D}\x{3092}\x{307E}\x{308B}\x{3067}\x{5FD8}\x{308C}\x{305F}"
            text run at (1474,0) width 262: "\x{5149}\x{666F}\x{304C}\x{51FA}\x{3066}\x{304F}\x{308B}\x{3002}\x{57A3}\x{306E}\x{5411}\x{3046}\x{306B}\x{96A3}\x{308A}\x{306E}\x{5A18}\x{304C}"
          RenderRuby (inline) {RUBY} at (0,0) size 18x20
            RenderRubyRun (anonymous) at (1474,262) size 18x20
              RenderRubyText {RT} at (-13,0) size 13x20
                RenderText {#text} at (0,0) size 13x20
                  text run at (0,0) width 20: "\x{306E}\x{305E}"
              RenderRubyBase (anonymous) at (0,0) size 18x20
                RenderInline {RB} at (0,0) size 18x16
                  RenderText {#text} at (0,2) size 18x16
                    text run at (0,2) width 16: "\x{8997}"
          RenderText {#text} at (1474,282) size 18x158
            text run at (1474,282) width 158: "\x{3044}\x{3066}\x{308B}\x{8A33}\x{3067}\x{3082}\x{306A}\x{3051}\x{308C}\x{3070}\x{3001}"
          RenderRuby (inline) {RUBY} at (0,0) size 18x38
            RenderRubyRun (anonymous) at (1474,440) size 18x38
              RenderRubyText {RT} at (-13,0) size 13x38
                RenderText {#text} at (0,0) size 13x38
                  text run at (0,0) width 38: "\x{306A}\x{3093}\x{3056}\x{3093}"
              RenderRubyBase (anonymous) at (0,0) size 18x38
                RenderInline {RB} at (0,0) size 18x32
                  RenderText {#text} at (0,3) size 18x32
                    text run at (0,3) width 32: "\x{5357}\x{5C71}"
          RenderText {#text} at (1474,478) size 49x493
            text run at (1474,478) width 15: "\x{306B}"
            text run at (1505,0) width 278: "\x{89AA}\x{53CB}\x{304C}\x{5949}\x{8077}\x{3057}\x{3066}\x{3044}\x{308B}\x{6B21}\x{7B2C}\x{3067}\x{3082}\x{306A}\x{3044}\x{3002}\x{8D85}\x{7136}\x{3068}"
          RenderRuby (inline) {RUBY} at (0,0) size 18x70
            RenderRubyRun (anonymous) at (1505,278) size 18x70
              RenderRubyText {RT} at (-13,0) size 13x70
                RenderText {#text} at (0,0) size 13x70
                  text run at (0,0) width 70: "\x{3057}\x{3085}\x{3063}\x{305B}\x{3051}\x{3093}\x{3066}\x{304D}"
              RenderRubyBase (anonymous) at (0,0) size 18x70
                RenderInline {RB} at (0,0) size 18x64
                  RenderText {#text} at (0,3) size 18x64
                    text run at (0,3) width 64: "\x{51FA}\x{4E16}\x{9593}\x{7684}"
          RenderText {#text} at (1505,348) size 49x489
            text run at (1505,348) width 141: "\x{306B}\x{5229}\x{5BB3}\x{640D}\x{5F97}\x{306E}\x{6C57}\x{3092}\x{6D41}"
            text run at (1536,0) width 172: "\x{3057}\x{53BB}\x{3063}\x{305F}\x{5FC3}\x{6301}\x{3061}\x{306B}\x{306A}\x{308C}\x{308B}\x{3002}"
          RenderRuby (inline) {RUBY} at (0,0) size 18x25
            RenderRubyRun (anonymous) at (1536,172) size 18x25
              RenderRubyText {RT} at (-13,0) size 13x25
                RenderText {#text} at (0,0) size 13x25
                  text run at (0,0) width 25: "\x{3072}\x{3068}\x{308A}"
              RenderRubyBase (anonymous) at (0,0) size 18x25
                RenderInline {RB} at (0,0) size 18x16
                  RenderText {#text} at (0,4) size 18x16
                    text run at (0,4) width 16: "\x{72EC}"
          RenderRuby (inline) {RUBY} at (0,0) size 18x84
            RenderRubyRun (anonymous) at (1536,197) size 18x84
              RenderRubyText {RT} at (-13,0) size 13x84
                RenderText {#text} at (0,0) size 13x84
                  text run at (0,0) width 84: "\x{3086}\x{3046}\x{3053}\x{3046}\x{306E}\x{3046}\x{3061}\x{306B}\x{3056}\x{3057}"
              RenderRubyBase (anonymous) at (0,0) size 18x84
                RenderInline {RB} at (0,0) size 18x64
                  RenderText {#text} at (0,10) size 18x64
                    text run at (0,10) width 64: "\x{5750}\x{5E7D}\x{7BC1}\x{88CF}"
          RenderText {#text} at (1536,281) size 18x11
            text run at (1536,281) width 11: "\x{3001}"
          RenderRuby (inline) {RUBY} at (0,0) size 18x63
            RenderRubyRun (anonymous) at (1536,292) size 18x63
              RenderRubyText {RT} at (-13,0) size 13x63
                RenderText {#text} at (0,0) size 13x63
                  text run at (0,0) width 63: "\x{304D}\x{3093}\x{3092}\x{3060}\x{3093}\x{3058}\x{3066}"
              RenderRubyBase (anonymous) at (0,0) size 18x63
                RenderInline {RB} at (0,0) size 18x32
                  RenderText {#text} at (0,15) size 18x32
                    text run at (0,15) width 32: "\x{5F3E}\x{7434}"
          RenderRuby (inline) {RUBY} at (0,0) size 18x73
            RenderRubyRun (anonymous) at (1536,355) size 18x73
              RenderRubyText {RT} at (-13,0) size 13x73
                RenderText {#text} at (0,0) size 13x73
                  text run at (0,0) width 73: "\x{307E}\x{305F}\x{3061}\x{3087}\x{3046}\x{3057}\x{3087}\x{3046}\x{3059}"
              RenderRubyBase (anonymous) at (0,0) size 18x73
                RenderInline {RB} at (0,0) size 18x48
                  RenderText {#text} at (0,12) size 18x48
                    text run at (0,12) width 48: "\x{5FA9}\x{9577}\x{562F}"
          RenderText {#text} at (1536,428) size 18x11
            text run at (1536,428) width 11: "\x{3001}"
          RenderRuby (inline) {RUBY} at (0,0) size 18x35
            RenderRubyRun (anonymous) at (1536,439) size 18x35
              RenderRubyText {RT} at (-13,0) size 13x35
                RenderText {#text} at (0,0) size 13x35
                  text run at (0,0) width 35: "\x{3057}\x{3093}\x{308A}\x{3093}"
              RenderRubyBase (anonymous) at (0,0) size 18x35
                RenderInline {RB} at (0,0) size 18x32
                  RenderText {#text} at (0,1) size 18x32
                    text run at (0,1) width 32: "\x{6DF1}\x{6797}"
          RenderRuby (inline) {RUBY} at (0,0) size 18x48
            RenderRubyRun (anonymous) at (1567,0) size 18x48
              RenderRubyText {RT} at (-13,0) size 13x48
                RenderText {#text} at (0,2) size 13x44
                  text run at (0,2) width 44: "\x{3072}\x{3068}\x{3057}\x{3089}\x{305A}"
              RenderRubyBase (anonymous) at (0,0) size 18x48
                RenderInline {RB} at (0,0) size 18x48
                  RenderText {#text} at (0,0) size 18x48
                    text run at (0,0) width 48: "\x{4EBA}\x{4E0D}\x{77E5}"
          RenderText {#text} at (1567,48) size 18x11
            text run at (1567,48) width 11: "\x{3001}"
          RenderRuby (inline) {RUBY} at (0,0) size 18x72
            RenderRubyRun (anonymous) at (1567,59) size 18x72
              RenderRubyText {RT} at (-13,0) size 13x72
                RenderText {#text} at (0,0) size 13x72
                  text run at (0,0) width 72: "\x{3081}\x{3044}\x{3052}\x{3064}\x{304D}\x{305F}\x{308A}\x{3066}"
              RenderRubyBase (anonymous) at (0,0) size 18x72
                RenderInline {RB} at (0,0) size 18x48
                  RenderText {#text} at (0,12) size 18x48
                    text run at (0,12) width 48: "\x{660E}\x{6708}\x{6765}"
          RenderRuby (inline) {RUBY} at (0,0) size 18x45
            RenderRubyRun (anonymous) at (1567,131) size 18x45
              RenderRubyText {RT} at (-13,0) size 13x45
                RenderText {#text} at (0,0) size 13x45
                  text run at (0,0) width 45: "\x{3042}\x{3044}\x{3066}\x{3089}\x{3059}"
              RenderRubyBase (anonymous) at (0,0) size 18x45
                RenderInline {RB} at (0,0) size 18x32
                  RenderText {#text} at (0,6) size 18x32
                    text run at (0,6) width 32: "\x{76F8}\x{7167}"
          RenderText {#text} at (1567,176) size 18x145
            text run at (1567,176) width 145: "\x{3002}\x{305F}\x{3060}\x{4E8C}\x{5341}\x{5B57}\x{306E}\x{3046}\x{3061}\x{306B}"
          RenderRuby (inline) {RUBY} at (0,0) size 18x17
            RenderRubyRun (anonymous) at (1567,321) size 18x17
              RenderRubyText {RT} at (-13,0) size 13x17
                RenderText {#text} at (0,0) size 13x17
                  text run at (0,0) width 17: "\x{3086}\x{3046}"
              RenderRubyBase (anonymous) at (0,0) size 18x17
                RenderInline {RB} at (0,0) size 18x16
                  RenderText {#text} at (0,0) size 18x16
                    text run at (0,0) width 16: "\x{512A}"
          RenderText {#text} at (1567,338) size 18x15
            text run at (1567,338) width 15: "\x{306B}"
          RenderRuby (inline) {RUBY} at (0,0) size 18x57
            RenderRubyRun (anonymous) at (1567,353) size 18x57
              RenderRubyText {RT} at (-13,0) size 13x57
                RenderText {#text} at (0,0) size 13x57
                  text run at (0,0) width 57: "\x{3079}\x{3064}\x{3051}\x{3093}\x{3053}\x{3093}"
              RenderRubyBase (anonymous) at (0,0) size 18x57
                RenderInline {RB} at (0,0) size 18x48
                  RenderText {#text} at (0,4) size 18x48
                    text run at (0,4) width 48: "\x{5225}\x{4E7E}\x{5764}"
          RenderText {#text} at (1567,410) size 18x14
            text run at (1567,410) width 14: "\x{3092}"
          RenderRuby (inline) {RUBY} at (0,0) size 18x40
            RenderRubyRun (anonymous) at (1567,424) size 18x40
              RenderRubyText {RT} at (-13,0) size 13x40
                RenderText {#text} at (0,0) size 13x40
                  text run at (0,0) width 40: "\x{3053}\x{3093}\x{308A}\x{3085}\x{3046}"
              RenderRubyBase (anonymous) at (0,0) size 18x40
                RenderInline {RB} at (0,0) size 18x32
                  RenderText {#text} at (0,4) size 18x32
                    text run at (0,4) width 32: "\x{5EFA}\x{7ACB}"
          RenderText {#text} at (1567,464) size 49x490
            text run at (1567,464) width 26: "\x{3057}\x{3066}"
            text run at (1598,0) width 117: "\x{3044}\x{308B}\x{3002}\x{3053}\x{306E}\x{4E7E}\x{5764}\x{306E}"
          RenderRuby (inline) {RUBY} at (0,0) size 18x32
            RenderRubyRun (anonymous) at (1598,117) size 18x32
              RenderRubyText {RT} at (-13,0) size 13x32
                RenderText {#text} at (0,5) size 13x21
                  text run at (0,5) width 21: "\x{304F}\x{3069}\x{304F}"
              RenderRubyBase (anonymous) at (0,0) size 18x32
                RenderInline {RB} at (0,0) size 18x32
                  RenderText {#text} at (0,0) size 18x32
                    text run at (0,0) width 32: "\x{529F}\x{5FB3}"
          RenderText {#text} at (1598,149) size 18x24
            text run at (1598,149) width 24: "\x{306F}\x{300C}"
          RenderRuby (inline) {RUBY} at (0,0) size 18x48
            RenderRubyRun (anonymous) at (1598,173) size 18x48
              RenderRubyText {RT} at (-13,0) size 13x48
                RenderText {#text} at (0,1) size 13x45
                  text run at (0,1) width 45: "\x{307B}\x{3068}\x{3068}\x{304E}\x{3059}"
              RenderRubyBase (anonymous) at (0,0) size 18x48
                RenderInline {RB} at (0,0) size 18x48
                  RenderText {#text} at (0,0) size 18x48
                    text run at (0,0) width 48: "\x{4E0D}\x{5982}\x{5E30}"
          RenderText {#text} at (1598,221) size 18x32
            text run at (1598,221) width 32: "\x{300D}\x{3084}\x{300C}"
          RenderRuby (inline) {RUBY} at (0,0) size 18x64
            RenderRubyRun (anonymous) at (1598,253) size 18x64
              RenderRubyText {RT} at (-13,0) size 13x64
                RenderText {#text} at (0,2) size 13x60
                  text run at (0,2) width 60: "\x{3053}\x{3093}\x{3058}\x{304D}\x{3084}\x{3057}\x{3083}"
              RenderRubyBase (anonymous) at (0,0) size 18x64
                RenderInline {RB} at (0,0) size 18x64
                  RenderText {#text} at (0,0) size 18x64
                    text run at (0,0) width 64: "\x{91D1}\x{8272}\x{591C}\x{53C9}"
          RenderText {#text} at (1598,317) size 49x486
            text run at (1598,317) width 169: "\x{300D}\x{306E}\x{529F}\x{5FB3}\x{3067}\x{306F}\x{306A}\x{3044}\x{3002}\x{6C7D}\x{8239}\x{3001}"
            text run at (1629,0) width 295: "\x{6C7D}\x{8ECA}\x{3001}\x{6A29}\x{5229}\x{3001}\x{7FA9}\x{52D9}\x{3001}\x{9053}\x{5FB3}\x{3001}\x{793C}\x{7FA9}\x{3067}\x{75B2}\x{308C}\x{679C}\x{3066}\x{305F}"
          RenderRuby (inline) {RUBY} at (0,0) size 18x19
            RenderRubyRun (anonymous) at (1629,295) size 18x19
              RenderRubyText {RT} at (-13,0) size 13x19
                RenderText {#text} at (0,0) size 13x19
                  text run at (0,0) width 19: "\x{306E}\x{3061}"
              RenderRubyBase (anonymous) at (0,0) size 18x19
                RenderInline {RB} at (0,0) size 18x16
                  RenderText {#text} at (0,1) size 18x16
                    text run at (0,1) width 16: "\x{5F8C}"
          RenderText {#text} at (1629,314) size 36x483
            text run at (1629,314) width 169: "\x{306B}\x{3001}\x{3059}\x{3079}\x{3066}\x{3092}\x{5FD8}\x{5374}\x{3057}\x{3066}\x{3050}\x{3063}"
            text run at (1647,0) width 200: "\x{3059}\x{308A}\x{5BDD}\x{8FBC}\x{3080}\x{3088}\x{3046}\x{306A}\x{529F}\x{5FB3}\x{3067}\x{3042}\x{308B}\x{3002}"
          RenderBR {BR} at (1647,200) size 18x0
