layer at (0,0) size 800x600
  RenderView at (0,0) size 800x600
layer at (0,0) size 800x94
  RenderBlock {html} at (0,0) size 800x94
    RenderBody {body} at (8,16) size 784x62
      RenderBlock {p} at (0,0) size 784x62
        RenderBlock {math} at (0,0) size 167x62
          RenderBlock {mfenced} at (1,0) size 165x62
            RenderBlock {mfenced} at (1,4) size 5x58
            RenderBlock {div} at (6,9) size 48x48 [bgcolor=#00FF00]
            RenderBlock {mfenced} at (54,15) size 4x36
              RenderBlock {mfenced} at (0,0) size 4x36
                RenderText {mfenced} at (0,20) size 4x16
                  text run at (0,20) width 4: ","
            RenderBlock {div} at (58,9) size 48x48 [bgcolor=#00FF00]
            RenderBlock {mfenced} at (106,15) size 4x36
              RenderBlock {mfenced} at (0,0) size 4x36
                RenderText {mfenced} at (0,20) size 4x16
                  text run at (0,20) width 4: ","
            RenderBlock {div} at (110,9) size 48x48 [bgcolor=#00FF00]
            RenderBlock {mfenced} at (158,4) size 5x58
        RenderText {#text} at (0,0) size 0x0
layer at (10,20) size 5x10 scrollHeight 15
  RenderBlock {mfenced} at (0,0) size 5x10
layer at (10,30) size 5x10 scrollHeight 14
  RenderBlock {mfenced} at (0,10) size 5x10
    RenderText {mfenced} at (0,-3) size 5x17
      text run at (0,-3) width 5: "\x{239C}"
layer at (10,40) size 5x10 scrollHeight 14
  RenderBlock {mfenced} at (0,20) size 5x10
    RenderText {mfenced} at (0,-3) size 5x17
      text run at (0,-3) width 5: "\x{239C}"
layer at (10,50) size 5x10 scrollHeight 14
  RenderBlock {mfenced} at (0,30) size 5x10
    RenderText {mfenced} at (0,-3) size 5x17
      text run at (0,-3) width 5: "\x{239C}"
layer at (10,60) size 5x7 scrollHeight 14
  RenderBlock {mfenced} at (0,40) size 5x7
    RenderText {mfenced} at (0,-3) size 5x17
      text run at (0,-3) width 5: "\x{239C}"
layer at (10,67) size 5x11 scrollHeight 14
  RenderBlock {mfenced} at (0,47) size 5x11
layer at (167,20) size 5x10 scrollHeight 15
  RenderBlock {mfenced} at (0,0) size 5x10
layer at (167,30) size 5x10 scrollHeight 14
  RenderBlock {mfenced} at (0,10) size 5x10
    RenderText {mfenced} at (0,-3) size 5x17
      text run at (0,-3) width 5: "\x{239F}"
layer at (167,40) size 5x10 scrollHeight 14
  RenderBlock {mfenced} at (0,20) size 5x10
    RenderText {mfenced} at (0,-3) size 5x17
      text run at (0,-3) width 5: "\x{239F}"
layer at (167,50) size 5x10 scrollHeight 14
  RenderBlock {mfenced} at (0,30) size 5x10
    RenderText {mfenced} at (0,-3) size 5x17
      text run at (0,-3) width 5: "\x{239F}"
layer at (167,60) size 5x7 scrollHeight 14
  RenderBlock {mfenced} at (0,40) size 5x7
    RenderText {mfenced} at (0,-3) size 5x17
      text run at (0,-3) width 5: "\x{239F}"
layer at (167,67) size 5x11 scrollHeight 14
  RenderBlock {mfenced} at (0,47) size 5x11
layer at (10,21) size 5x14 backgroundClip at (10,20) size 5x10 clip at (10,20) size 5x10 outlineClip at (10,20) size 5x10
  RenderBlock (relative positioned) {mfenced} at (0,0) size 5x11
    RenderText {mfenced} at (0,-3) size 5x17
      text run at (0,-3) width 5: "\x{239B}"
layer at (10,64) size 5x14 backgroundClip at (10,67) size 5x11 clip at (10,67) size 5x11 outlineClip at (10,67) size 5x11
  RenderBlock (relative positioned) {mfenced} at (0,0) size 5x11
    RenderText {mfenced} at (0,-3) size 5x17
      text run at (0,-3) width 5: "\x{239D}"
layer at (167,21) size 5x14 backgroundClip at (167,20) size 5x10 clip at (167,20) size 5x10 outlineClip at (167,20) size 5x10
  RenderBlock (relative positioned) {mfenced} at (0,0) size 5x11
    RenderText {mfenced} at (0,-3) size 5x17
      text run at (0,-3) width 5: "\x{239E}"
layer at (167,64) size 5x14 backgroundClip at (167,67) size 5x11 clip at (167,67) size 5x11 outlineClip at (167,67) size 5x11
  RenderBlock (relative positioned) {mfenced} at (0,0) size 5x11
    RenderText {mfenced} at (0,-3) size 5x17
      text run at (0,-3) width 5: "\x{23A0}"
