layer at (0,0) size 800x600
  RenderView at (0,0) size 800x600
layer at (0,0) size 800x147
  RenderBlock {math:math} at (0,0) size 800x147
    RenderBlock {math:mfrac} at (1,45) size 17x40
      RenderBlock {math:mfrac} at (0,0) size 17x19
        RenderInline {math:mi} at (0,0) size 10x16
          RenderText {#text} at (3,3) size 10x16
            text run at (3,3) width 10: "B"
      RenderBlock {math:mfrac} at (0,19) size 17x21
        RenderInline {math:mi} at (0,0) size 11x16
          RenderText {#text} at (3,5) size 11x16
            text run at (3,5) width 11: "C"
    RenderBlock {math:mo} at (18,5) size 10x69
      RenderBlock {math:mo} at (0,0) size 9x69
        RenderText {math:mo} at (0,53) size 9x16
          text run at (0,53) width 9: "+"
    RenderBlock {math:mfrac} at (28,21) size 44x64
      RenderBlock {math:mfrac} at (0,0) size 44x43
        RenderBlock {math:mrow} at (3,0) size 38x43
          RenderInline {math:mi} at (0,0) size 10x16
            RenderText {#text} at (0,16) size 10x16
              text run at (0,16) width 10: "B"
          RenderBlock {math:mo} at (10,0) size 10x32
            RenderBlock {math:mo} at (0,0) size 9x32
              RenderText {math:mo} at (0,16) size 9x16
                text run at (0,16) width 9: "+"
          RenderBlock {math:mfrac} at (20,3) size 18x40
            RenderBlock {math:mfrac} at (0,0) size 18x19
              RenderInline {math:mi} at (0,0) size 12x16
                RenderText {#text} at (3,3) size 12x16
                  text run at (3,3) width 12: "D"
            RenderBlock {math:mfrac} at (0,19) size 18x21
              RenderInline {math:mi} at (0,0) size 10x16
                RenderText {#text} at (4,5) size 10x16
                  text run at (4,5) width 10: "E"
      RenderBlock {math:mfrac} at (0,43) size 44x21
        RenderInline {math:mi} at (0,0) size 11x16
          RenderText {#text} at (16,5) size 11x16
            text run at (16,5) width 11: "C"
    RenderBlock {math:mo} at (72,5) size 10x69
      RenderBlock {math:mo} at (0,0) size 9x69
        RenderText {math:mo} at (0,53) size 9x16
          text run at (0,53) width 9: "+"
    RenderBlock {math:mfrac} at (82,0) size 72x85
      RenderBlock {math:mfrac} at (0,0) size 72x64
        RenderBlock {math:mrow} at (3,0) size 66x64
          RenderInline {math:mi} at (0,0) size 10x16
            RenderText {#text} at (0,37) size 10x16
              text run at (0,37) width 10: "B"
          RenderBlock {math:mo} at (10,7) size 10x46
            RenderBlock {math:mo} at (0,0) size 9x46
              RenderText {math:mo} at (0,30) size 9x16
                text run at (0,30) width 9: "+"
          RenderBlock {math:mfrac} at (20,0) size 46x64
            RenderBlock {math:mfrac} at (0,0) size 46x43
              RenderBlock {math:mrow} at (3,0) size 40x43
                RenderInline {math:mi} at (0,0) size 12x16
                  RenderText {#text} at (0,16) size 12x16
                    text run at (0,16) width 12: "D"
                RenderBlock {math:mo} at (12,0) size 10x32
                  RenderBlock {math:mo} at (0,0) size 9x32
                    RenderText {math:mo} at (0,16) size 9x16
                      text run at (0,16) width 9: "+"
                RenderBlock {math:mfrac} at (22,3) size 18x40
                  RenderBlock {math:mfrac} at (0,0) size 18x19
                    RenderInline {math:mi} at (0,0) size 10x16
                      RenderText {#text} at (4,3) size 10x16
                        text run at (4,3) width 10: "F"
                  RenderBlock {math:mfrac} at (0,19) size 18x21
                    RenderInline {math:mi} at (0,0) size 12x16
                      RenderText {#text} at (3,5) size 12x16
                        text run at (3,5) width 12: "G"
            RenderBlock {math:mfrac} at (0,43) size 46x21
              RenderInline {math:mi} at (0,0) size 10x16
                RenderText {#text} at (18,5) size 10x16
                  text run at (18,5) width 10: "E"
      RenderBlock {math:mfrac} at (0,64) size 72x21
        RenderInline {math:mi} at (0,0) size 11x16
          RenderText {#text} at (30,5) size 11x16
            text run at (30,5) width 11: "C"
    RenderBlock {math:mo} at (154,5) size 10x69
      RenderBlock {math:mo} at (0,0) size 9x69
        RenderText {math:mo} at (0,53) size 9x16
          text run at (0,53) width 9: "+"
    RenderBlock {math:mfrac} at (164,45) size 71x102
      RenderBlock {math:mfrac} at (0,0) size 71x19
        RenderInline {math:mi} at (0,0) size 10x16
          RenderText {#text} at (30,3) size 10x16
            text run at (30,3) width 10: "B"
      RenderBlock {math:mfrac} at (0,19) size 71x83
        RenderBlock {math:mrow} at (3,2) size 65x81
          RenderInline {math:mi} at (0,0) size 11x16
            RenderText {#text} at (0,30) size 11x16
              text run at (0,30) width 11: "C"
          RenderBlock {math:mo} at (11,0) size 10x46
            RenderBlock {math:mo} at (0,0) size 9x46
              RenderText {math:mo} at (0,30) size 9x16
                text run at (0,30) width 9: "+"
          RenderBlock {math:mfrac} at (21,17) size 44x64
            RenderBlock {math:mfrac} at (0,0) size 44x19
              RenderInline {math:mi} at (0,0) size 12x16
                RenderText {#text} at (16,3) size 12x16
                  text run at (16,3) width 12: "D"
            RenderBlock {math:mfrac} at (0,19) size 44x45
              RenderBlock {math:mrow} at (3,2) size 38x43
                RenderInline {math:mi} at (0,0) size 10x16
                  RenderText {#text} at (0,16) size 10x16
                    text run at (0,16) width 10: "E"
                RenderBlock {math:mo} at (10,0) size 10x32
                  RenderBlock {math:mo} at (0,0) size 9x32
                    RenderText {math:mo} at (0,16) size 9x16
                      text run at (0,16) width 9: "+"
                RenderBlock {math:mfrac} at (20,3) size 18x40
                  RenderBlock {math:mfrac} at (0,0) size 18x19
                    RenderInline {math:mi} at (0,0) size 10x16
                      RenderText {#text} at (4,3) size 10x16
                        text run at (4,3) width 10: "F"
                  RenderBlock {math:mfrac} at (0,19) size 18x21
                    RenderInline {math:mi} at (0,0) size 12x16
                      RenderText {#text} at (3,5) size 12x16
                        text run at (3,5) width 12: "G"
