layer at (0,0) size 800x600
  RenderView at (0,0) size 800x600
layer at (0,0) size 800x296
  RenderBlock {html} at (0,0) size 800x296
    RenderBody {body} at (8,16) size 784x264
      RenderBlock {p} at (0,0) size 784x31
        RenderText {#text} at (0,12) size 36x18
          text run at (0,12) width 36: "over: "
        RenderBlock {math} at (36,0) size 12x31
          RenderBlock {mover} at (1,0) size 10x31
            RenderBlock {mover} at (0,0) size 10x16
              RenderInline {mi} at (0,0) size 5x12
                RenderText {#text} at (2,3) size 5x12
                  text run at (2,3) width 5: "x"
            RenderBlock {mover} at (0,12) size 10x19
              RenderInline {mi} at (0,0) size 10x16
                RenderText {#text} at (0,3) size 10x16
                  text run at (0,3) width 10: "B"
        RenderText {#text} at (0,0) size 0x0
      RenderBlock {p} at (0,47) size 784x31
        RenderText {#text} at (0,12) size 36x18
          text run at (0,12) width 36: "over: "
        RenderBlock {math} at (36,0) size 12x31
          RenderBlock {mover} at (1,0) size 10x31
            RenderBlock {mover} at (0,0) size 10x16
              RenderInline {mi} at (0,0) size 5x12
                RenderText {#text} at (2,3) size 5x12
                  text run at (2,3) width 5: "y"
            RenderBlock {mover} at (0,12) size 10x19
              RenderInline {mi} at (0,0) size 10x16
                RenderText {#text} at (0,3) size 10x16
                  text run at (0,3) width 10: "B"
        RenderText {#text} at (0,0) size 0x0
      RenderBlock {p} at (0,94) size 784x39
        RenderText {#text} at (0,18) size 36x18
          text run at (0,18) width 36: "over: "
        RenderBlock {math} at (36,0) size 17x39
          RenderBlock {mover} at (1,0) size 15x39
            RenderBlock {mover} at (0,0) size 15x16
              RenderInline {mi} at (0,0) size 5x12
                RenderText {#text} at (5,3) size 5x12
                  text run at (5,3) width 5: "y"
            RenderBlock {mover} at (0,12) size 15x27
              RenderInline {mi} at (0,0) size 15x24
                RenderText {#text} at (0,3) size 15x24
                  text run at (0,3) width 15: "B"
        RenderText {#text} at (0,0) size 0x0
      RenderBlock {p} at (0,149) size 784x37
        RenderText {#text} at (0,18) size 36x18
          text run at (0,18) width 36: "over: "
        RenderBlock {math} at (36,0) size 19x37
          RenderBlock {mover} at (1,0) size 17x36
            RenderBlock {mover} at (0,0) size 17x16
              RenderInline {mi} at (0,0) size 5x12
                RenderText {#text} at (6,3) size 5x12
                  text run at (6,3) width 5: "y"
            RenderBlock {mover} at (0,12) size 17x24
              RenderBlock {mo} at (0,0) size 17x24
                RenderBlock {mo} at (0,0) size 17x24
                  RenderText {mo} at (0,0) size 17x24
                    text run at (0,0) width 17: "\x{2211}"
        RenderText {#text} at (0,0) size 0x0
      RenderBlock {p} at (0,202) size 784x62
        RenderText {#text} at (0,29) size 36x18
          text run at (0,29) width 36: "over: "
        RenderBlock {math} at (36,0) size 52x62
          RenderBlock {mover} at (1,0) size 10x62
            RenderBlock {mover} at (0,0) size 10x16
              RenderInline {mi} at (0,0) size 5x12
                RenderText {#text} at (2,3) size 5x12
                  text run at (2,3) width 5: "y"
            RenderBlock {mover} at (0,12) size 10x50
              RenderBlock {mo} at (0,0) size 10x50
          RenderBlock {div} at (11,3) size 40x40
        RenderText {#text} at (0,0) size 0x0
layer at (45,230) size 10x10 scrollHeight 15
  RenderBlock {mo} at (0,0) size 10x10
    RenderText {mo} at (0,-2) size 10x17
      text run at (0,-2) width 10: "\x{2320}"
layer at (45,240) size 10x10 scrollHeight 15
  RenderBlock {mo} at (0,10) size 10x10
    RenderText {mo} at (0,-2) size 10x17
      text run at (0,-2) width 10: "\x{23AE}"
layer at (45,250) size 10x10 scrollHeight 15
  RenderBlock {mo} at (0,20) size 10x10
    RenderText {mo} at (0,-2) size 10x17
      text run at (0,-2) width 10: "\x{23AE}"
layer at (45,260) size 10x8 scrollHeight 15
  RenderBlock {mo} at (0,30) size 10x8
    RenderText {mo} at (0,-2) size 10x17
      text run at (0,-2) width 10: "\x{23AE}"
layer at (45,268) size 10x12 scrollHeight 15
  RenderBlock {mo} at (0,38) size 10x12
layer at (45,264) size 10x15 backgroundClip at (45,268) size 10x12 clip at (45,268) size 10x12 outlineClip at (45,268) size 10x12
  RenderBlock (relative positioned) {mo} at (0,0) size 10x12
    RenderText {mo} at (0,-2) size 10x17
      text run at (0,-2) width 10: "\x{2321}"
