layer at (0,0) size 800x600
  RenderView at (0,0) size 800x600
layer at (0,0) size 800x575
  RenderBlock {html} at (0,0) size 800x575
    RenderBody {body} at (8,19) size 784x540
      RenderBlock {div} at (0,0) size 784x66
        RenderBlock {h2} at (0,0) size 784x28
          RenderText {#text} at (0,0) size 129x28
            text run at (0,0) width 129: "Normal flow"
        RenderBlock {p} at (0,47) size 784x19
          RenderText {#text} at (0,0) size 154x18
            text run at (0,0) width 154: "I am a paragraph of text "
          RenderBlock {math} at (154,0) size 27x19
            RenderInline {mi} at (0,0) size 7x16
              RenderText {#text} at (1,3) size 7x16
                text run at (1,3) width 7: "x"
            RenderBlock {mo} at (8,3) size 10x16
              RenderBlock {mo} at (0,0) size 9x16
                RenderText {mo} at (0,0) size 9x16
                  text run at (0,0) width 9: "+"
            RenderInline {mn} at (0,0) size 8x16
              RenderText {#text} at (18,3) size 8x16
                text run at (18,3) width 8: "1"
          RenderText {#text} at (181,0) size 110x18
            text run at (181,0) width 110: " with math inline."
      RenderBlock {div} at (0,85) size 784x138
        RenderBlock {h2} at (0,0) size 784x28
          RenderText {#text} at (0,0) size 203x28
            text run at (0,0) width 203: "Fraction Alignment"
        RenderBlock {p} at (0,47) size 784x37
          RenderText {#text} at (0,10) size 27x18
            text run at (0,10) width 27: "text "
          RenderBlock {math} at (27,0) size 33x37
            RenderBlock {mfrac} at (1,0) size 31x37
              RenderBlock {mfrac} at (0,0) size 31x19
                RenderBlock {mrow} at (3,0) size 25x19
                  RenderInline {mi} at (0,0) size 7x16
                    RenderText {#text} at (0,3) size 7x16
                      text run at (0,3) width 7: "x"
                  RenderBlock {mo} at (7,3) size 10x16
                    RenderBlock {mo} at (0,0) size 9x16
                      RenderText {mo} at (0,0) size 9x16
                        text run at (0,0) width 9: "+"
                  RenderInline {mn} at (0,0) size 8x16
                    RenderText {#text} at (17,3) size 8x16
                      text run at (17,3) width 8: "1"
              RenderBlock {mfrac} at (0,19) size 31x18
                RenderInline {mn} at (0,0) size 8x16
                  RenderText {#text} at (11,2) size 8x16
                    text run at (11,2) width 8: "2"
          RenderText {#text} at (0,0) size 0x0
        RenderBlock {p} at (0,100) size 784x38
          RenderText {#text} at (0,11) size 27x18
            text run at (0,11) width 27: "text "
          RenderBlock {math} at (27,0) size 50x38
            RenderInline {mi} at (0,0) size 7x16
              RenderText {#text} at (1,14) size 7x16
                text run at (1,14) width 7: "x"
            RenderBlock {mo} at (8,0) size 10x30
              RenderBlock {mo} at (0,0) size 9x30
                RenderText {mo} at (0,14) size 9x16
                  text run at (0,14) width 9: "+"
            RenderBlock {mfrac} at (18,1) size 31x37
              RenderBlock {mfrac} at (0,0) size 31x19
                RenderBlock {mrow} at (3,0) size 25x19
                  RenderInline {mi} at (0,0) size 7x16
                    RenderText {#text} at (0,3) size 7x16
                      text run at (0,3) width 7: "x"
                  RenderBlock {mo} at (7,3) size 10x16
                    RenderBlock {mo} at (0,0) size 9x16
                      RenderText {mo} at (0,0) size 9x16
                        text run at (0,0) width 9: "+"
                  RenderInline {mn} at (0,0) size 8x16
                    RenderText {#text} at (17,3) size 8x16
                      text run at (17,3) width 8: "1"
              RenderBlock {mfrac} at (0,19) size 31x18
                RenderInline {mn} at (0,0) size 8x16
                  RenderText {#text} at (11,2) size 8x16
                    text run at (11,2) width 8: "2"
          RenderText {#text} at (0,0) size 0x0
      RenderBlock {div} at (0,242) size 784x298
        RenderBlock {h2} at (0,0) size 784x28
          RenderText {#text} at (0,0) size 210x28
            text run at (0,0) width 210: "Operator Stretching"
        RenderBlock {p} at (0,47) size 784x45
          RenderText {#text} at (0,11) size 27x18
            text run at (0,11) width 27: "text "
          RenderBlock {math} at (27,0) size 62x45
            RenderBlock {mo} at (1,0) size 6x45
            RenderInline {mi} at (0,0) size 7x16
              RenderText {#text} at (7,14) size 7x16
                text run at (7,14) width 7: "x"
            RenderBlock {mo} at (14,0) size 10x30
              RenderBlock {mo} at (0,0) size 9x30
                RenderText {mo} at (0,14) size 9x16
                  text run at (0,14) width 9: "+"
            RenderBlock {mfrac} at (24,1) size 31x37
              RenderBlock {mfrac} at (0,0) size 31x19
                RenderBlock {mrow} at (3,0) size 25x19
                  RenderInline {mi} at (0,0) size 7x16
                    RenderText {#text} at (0,3) size 7x16
                      text run at (0,3) width 7: "x"
                  RenderBlock {mo} at (7,3) size 10x16
                    RenderBlock {mo} at (0,0) size 9x16
                      RenderText {mo} at (0,0) size 9x16
                        text run at (0,0) width 9: "+"
                  RenderInline {mn} at (0,0) size 8x16
                    RenderText {#text} at (17,3) size 8x16
                      text run at (17,3) width 8: "1"
              RenderBlock {mfrac} at (0,19) size 31x18
                RenderInline {mn} at (0,0) size 8x16
                  RenderText {#text} at (11,2) size 8x16
                    text run at (11,2) width 8: "2"
            RenderBlock {mo} at (55,0) size 6x45
          RenderText {#text} at (0,0) size 0x0
        RenderBlock {p} at (0,108) size 784x94
          RenderText {#text} at (0,40) size 27x18
            text run at (0,40) width 27: "text "
          RenderBlock {math} at (27,0) size 88x94
            RenderInline {mi} at (0,0) size 7x16
              RenderText {#text} at (1,43) size 7x16
                text run at (1,43) width 7: "y"
            RenderBlock {mo} at (8,0) size 6x94
            RenderBlock {munder} at (14,40) size 13x27
              RenderBlock {munder} at (0,0) size 13x16
                RenderInline {mi} at (0,0) size 13x16
                  RenderText {#text} at (0,0) size 13x16
                    text run at (0,0) width 13: "\x{220F}"
              RenderBlock {munder} at (0,11) size 13x16
                RenderInline {mi} at (0,0) size 5x12
                  RenderText {#text} at (4,3) size 5x12
                    text run at (4,3) width 5: "x"
            RenderBlock {mfrac} at (27,11) size 54x78
              RenderBlock {mfrac} at (0,0) size 54x38
                RenderBlock {mrow} at (3,0) size 48x38
                  RenderInline {mi} at (0,0) size 7x16
                    RenderText {#text} at (0,14) size 7x16
                      text run at (0,14) width 7: "x"
                  RenderBlock {mo} at (7,0) size 10x30
                    RenderBlock {mo} at (0,0) size 9x30
                      RenderText {mo} at (0,14) size 9x16
                        text run at (0,14) width 9: "+"
                  RenderBlock {mfrac} at (17,1) size 31x37
                    RenderBlock {mfrac} at (0,0) size 31x19
                      RenderBlock {mrow} at (3,0) size 25x19
                        RenderInline {mi} at (0,0) size 7x16
                          RenderText {#text} at (0,3) size 7x16
                            text run at (0,3) width 7: "x"
                        RenderBlock {mo} at (7,3) size 10x16
                          RenderBlock {mo} at (0,0) size 9x16
                            RenderText {mo} at (0,0) size 9x16
                              text run at (0,0) width 9: "+"
                        RenderInline {mn} at (0,0) size 8x16
                          RenderText {#text} at (17,3) size 8x16
                            text run at (17,3) width 8: "1"
                    RenderBlock {mfrac} at (0,19) size 31x18
                      RenderInline {mn} at (0,0) size 8x16
                        RenderText {#text} at (11,2) size 8x16
                          text run at (11,2) width 8: "2"
              RenderBlock {mfrac} at (0,38) size 54x40
                RenderBlock {mrow} at (3,2) size 48x38
                  RenderInline {mi} at (0,0) size 7x16
                    RenderText {#text} at (0,14) size 7x16
                      text run at (0,14) width 7: "x"
                  RenderBlock {mo} at (7,0) size 10x30
                    RenderBlock {mo} at (0,0) size 9x30
                      RenderText {mo} at (0,14) size 9x16
                        text run at (0,14) width 9: "+"
                  RenderBlock {mfrac} at (17,1) size 31x37
                    RenderBlock {mfrac} at (0,0) size 31x19
                      RenderBlock {mrow} at (3,0) size 25x19
                        RenderInline {mi} at (0,0) size 7x16
                          RenderText {#text} at (0,3) size 7x16
                            text run at (0,3) width 7: "x"
                        RenderBlock {mo} at (7,3) size 10x16
                          RenderBlock {mo} at (0,0) size 9x16
                            RenderText {mo} at (0,0) size 9x16
                              text run at (0,0) width 9: "+"
                        RenderInline {mn} at (0,0) size 8x16
                          RenderText {#text} at (17,3) size 8x16
                            text run at (17,3) width 8: "1"
                    RenderBlock {mfrac} at (0,19) size 31x18
                      RenderInline {mn} at (0,0) size 8x16
                        RenderText {#text} at (11,2) size 8x16
                          text run at (11,2) width 8: "2"
            RenderBlock {mo} at (81,0) size 6x94
          RenderText {#text} at (0,0) size 0x0
        RenderBlock {p} at (0,218) size 784x80
          RenderText {#text} at (0,31) size 27x18
            text run at (0,31) width 27: "text "
          RenderBlock {math} at (27,0) size 74x80
            RenderBlock {mo} at (1,0) size 6x80
            RenderTable {mtable} at (7,5) size 60x66
              RenderTableSection (anonymous) at (0,0) size 60x66
                RenderTableRow {mtr} at (0,0) size 60x22
                  RenderTableCell {mtd} at (0,0) size 20x22 [r=0 c=0 rs=1 cs=1]
                    RenderBlock {msub} at (0,0) size 20x22
                      RenderInline {mi} at (0,0) size 8x16
                        RenderText {#text} at (0,3) size 8x16
                          text run at (0,3) width 8: "a"
                      RenderInline {mn} at (0,0) size 12x12
                        RenderText {#text} at (8,10) size 12x12
                          text run at (8,10) width 12: "11"
                  RenderTableCell {mtd} at (20,0) size 20x22 [r=0 c=1 rs=1 cs=1]
                    RenderBlock {msub} at (0,0) size 20x22
                      RenderInline {mi} at (0,0) size 8x16
                        RenderText {#text} at (0,3) size 8x16
                          text run at (0,3) width 8: "a"
                      RenderInline {mn} at (0,0) size 12x12
                        RenderText {#text} at (8,10) size 12x12
                          text run at (8,10) width 12: "12"
                  RenderTableCell {mtd} at (40,0) size 20x22 [r=0 c=2 rs=1 cs=1]
                    RenderBlock {msub} at (0,0) size 20x22
                      RenderInline {mi} at (0,0) size 8x16
                        RenderText {#text} at (0,3) size 8x16
                          text run at (0,3) width 8: "a"
                      RenderInline {mn} at (0,0) size 12x12
                        RenderText {#text} at (8,10) size 12x12
                          text run at (8,10) width 12: "13"
                RenderTableRow {mtr} at (0,22) size 60x22
                  RenderTableCell {mtd} at (0,22) size 20x22 [r=1 c=0 rs=1 cs=1]
                    RenderBlock {msub} at (0,0) size 20x22
                      RenderInline {mi} at (0,0) size 8x16
                        RenderText {#text} at (0,3) size 8x16
                          text run at (0,3) width 8: "b"
                      RenderInline {mn} at (0,0) size 12x12
                        RenderText {#text} at (8,10) size 12x12
                          text run at (8,10) width 12: "21"
                  RenderTableCell {mtd} at (20,22) size 20x22 [r=1 c=1 rs=1 cs=1]
                    RenderBlock {msub} at (0,0) size 20x22
                      RenderInline {mi} at (0,0) size 8x16
                        RenderText {#text} at (0,3) size 8x16
                          text run at (0,3) width 8: "b"
                      RenderInline {mn} at (0,0) size 12x12
                        RenderText {#text} at (8,10) size 12x12
                          text run at (8,10) width 12: "22"
                  RenderTableCell {mtd} at (40,22) size 20x22 [r=1 c=2 rs=1 cs=1]
                    RenderBlock {msub} at (0,0) size 20x22
                      RenderInline {mi} at (0,0) size 8x16
                        RenderText {#text} at (0,3) size 8x16
                          text run at (0,3) width 8: "b"
                      RenderInline {mn} at (0,0) size 12x12
                        RenderText {#text} at (8,10) size 12x12
                          text run at (8,10) width 12: "23"
                RenderTableRow {mtr} at (0,44) size 60x22
                  RenderTableCell {mtd} at (0,44) size 20x22 [r=2 c=0 rs=1 cs=1]
                    RenderBlock {msub} at (0,0) size 19x22
                      RenderInline {mi} at (0,0) size 7x16
                        RenderText {#text} at (0,3) size 7x16
                          text run at (0,3) width 7: "c"
                      RenderInline {mn} at (0,0) size 12x12
                        RenderText {#text} at (7,10) size 12x12
                          text run at (7,10) width 12: "31"
                  RenderTableCell {mtd} at (20,44) size 20x22 [r=2 c=1 rs=1 cs=1]
                    RenderBlock {msub} at (0,0) size 19x22
                      RenderInline {mi} at (0,0) size 7x16
                        RenderText {#text} at (0,3) size 7x16
                          text run at (0,3) width 7: "c"
                      RenderInline {mn} at (0,0) size 12x12
                        RenderText {#text} at (7,10) size 12x12
                          text run at (7,10) width 12: "32"
                  RenderTableCell {mtd} at (40,44) size 20x22 [r=2 c=2 rs=1 cs=1]
                    RenderBlock {msub} at (0,0) size 19x22
                      RenderInline {mi} at (0,0) size 7x16
                        RenderText {#text} at (0,3) size 7x16
                          text run at (0,3) width 7: "c"
                      RenderInline {mn} at (0,0) size 12x12
                        RenderText {#text} at (7,10) size 12x12
                          text run at (7,10) width 12: "33"
            RenderBlock {mo} at (67,0) size 6x80
          RenderText {#text} at (0,0) size 0x0
layer at (36,308) size 5x10 scrollHeight 15
  RenderBlock {mo} at (0,0) size 5x10
layer at (36,318) size 5x10 scrollHeight 14
  RenderBlock {mo} at (0,10) size 5x10
    RenderText {mo} at (0,-3) size 5x17
      text run at (0,-3) width 5: "\x{239C}"
layer at (36,328) size 5x10 scrollHeight 14
  RenderBlock {mo} at (0,20) size 5x10
    RenderText {mo} at (0,-3) size 5x17
      text run at (0,-3) width 5: "\x{239C}"
layer at (36,338) size 5x4 scrollHeight 14
  RenderBlock {mo} at (0,30) size 5x4
    RenderText {mo} at (0,-3) size 5x17
      text run at (0,-3) width 5: "\x{239C}"
layer at (36,342) size 5x11 scrollHeight 14
  RenderBlock {mo} at (0,34) size 5x11
layer at (90,308) size 5x10 scrollHeight 15
  RenderBlock {mo} at (0,0) size 5x10
layer at (90,318) size 5x10 scrollHeight 14
  RenderBlock {mo} at (0,10) size 5x10
    RenderText {mo} at (0,-3) size 5x17
      text run at (0,-3) width 5: "\x{239F}"
layer at (90,328) size 5x10 scrollHeight 14
  RenderBlock {mo} at (0,20) size 5x10
    RenderText {mo} at (0,-3) size 5x17
      text run at (0,-3) width 5: "\x{239F}"
layer at (90,338) size 5x4 scrollHeight 14
  RenderBlock {mo} at (0,30) size 5x4
    RenderText {mo} at (0,-3) size 5x17
      text run at (0,-3) width 5: "\x{239F}"
layer at (90,342) size 5x11 scrollHeight 14
  RenderBlock {mo} at (0,34) size 5x11
layer at (43,369) size 5x10 scrollHeight 15
  RenderBlock {mo} at (0,0) size 5x10
layer at (43,379) size 5x10 scrollHeight 14
  RenderBlock {mo} at (0,10) size 5x10
    RenderText {mo} at (0,-3) size 5x17
      text run at (0,-3) width 5: "\x{239C}"
layer at (43,389) size 5x10 scrollHeight 14
  RenderBlock {mo} at (0,20) size 5x10
    RenderText {mo} at (0,-3) size 5x17
      text run at (0,-3) width 5: "\x{239C}"
layer at (43,399) size 5x10 scrollHeight 14
  RenderBlock {mo} at (0,30) size 5x10
    RenderText {mo} at (0,-3) size 5x17
      text run at (0,-3) width 5: "\x{239C}"
layer at (43,409) size 5x10 scrollHeight 14
  RenderBlock {mo} at (0,40) size 5x10
    RenderText {mo} at (0,-3) size 5x17
      text run at (0,-3) width 5: "\x{239C}"
layer at (43,419) size 5x10 scrollHeight 14
  RenderBlock {mo} at (0,50) size 5x10
    RenderText {mo} at (0,-3) size 5x17
      text run at (0,-3) width 5: "\x{239C}"
layer at (43,429) size 5x10 scrollHeight 14
  RenderBlock {mo} at (0,60) size 5x10
    RenderText {mo} at (0,-3) size 5x17
      text run at (0,-3) width 5: "\x{239C}"
layer at (43,439) size 5x10 scrollHeight 14
  RenderBlock {mo} at (0,70) size 5x10
    RenderText {mo} at (0,-3) size 5x17
      text run at (0,-3) width 5: "\x{239C}"
layer at (43,449) size 5x3 scrollHeight 14
  RenderBlock {mo} at (0,80) size 5x3
    RenderText {mo} at (0,-3) size 5x17
      text run at (0,-3) width 5: "\x{239C}"
layer at (43,452) size 5x11 scrollHeight 14
  RenderBlock {mo} at (0,83) size 5x11
layer at (116,369) size 5x10 scrollHeight 15
  RenderBlock {mo} at (0,0) size 5x10
layer at (116,379) size 5x10 scrollHeight 14
  RenderBlock {mo} at (0,10) size 5x10
    RenderText {mo} at (0,-3) size 5x17
      text run at (0,-3) width 5: "\x{239F}"
layer at (116,389) size 5x10 scrollHeight 14
  RenderBlock {mo} at (0,20) size 5x10
    RenderText {mo} at (0,-3) size 5x17
      text run at (0,-3) width 5: "\x{239F}"
layer at (116,399) size 5x10 scrollHeight 14
  RenderBlock {mo} at (0,30) size 5x10
    RenderText {mo} at (0,-3) size 5x17
      text run at (0,-3) width 5: "\x{239F}"
layer at (116,409) size 5x10 scrollHeight 14
  RenderBlock {mo} at (0,40) size 5x10
    RenderText {mo} at (0,-3) size 5x17
      text run at (0,-3) width 5: "\x{239F}"
layer at (116,419) size 5x10 scrollHeight 14
  RenderBlock {mo} at (0,50) size 5x10
    RenderText {mo} at (0,-3) size 5x17
      text run at (0,-3) width 5: "\x{239F}"
layer at (116,429) size 5x10 scrollHeight 14
  RenderBlock {mo} at (0,60) size 5x10
    RenderText {mo} at (0,-3) size 5x17
      text run at (0,-3) width 5: "\x{239F}"
layer at (116,439) size 5x10 scrollHeight 14
  RenderBlock {mo} at (0,70) size 5x10
    RenderText {mo} at (0,-3) size 5x17
      text run at (0,-3) width 5: "\x{239F}"
layer at (116,449) size 5x3 scrollHeight 14
  RenderBlock {mo} at (0,80) size 5x3
    RenderText {mo} at (0,-3) size 5x17
      text run at (0,-3) width 5: "\x{239F}"
layer at (116,452) size 5x11 scrollHeight 14
  RenderBlock {mo} at (0,83) size 5x11
layer at (36,479) size 5x10 scrollHeight 15
  RenderBlock {mo} at (0,0) size 5x10
layer at (36,489) size 5x10 scrollHeight 14
  RenderBlock {mo} at (0,10) size 5x10
    RenderText {mo} at (0,-3) size 5x17
      text run at (0,-3) width 5: "\x{23A2}"
layer at (36,499) size 5x10 scrollHeight 14
  RenderBlock {mo} at (0,20) size 5x10
    RenderText {mo} at (0,-3) size 5x17
      text run at (0,-3) width 5: "\x{23A2}"
layer at (36,509) size 5x10 scrollHeight 14
  RenderBlock {mo} at (0,30) size 5x10
    RenderText {mo} at (0,-3) size 5x17
      text run at (0,-3) width 5: "\x{23A2}"
layer at (36,519) size 5x10 scrollHeight 14
  RenderBlock {mo} at (0,40) size 5x10
    RenderText {mo} at (0,-3) size 5x17
      text run at (0,-3) width 5: "\x{23A2}"
layer at (36,529) size 5x10 scrollHeight 14
  RenderBlock {mo} at (0,50) size 5x10
    RenderText {mo} at (0,-3) size 5x17
      text run at (0,-3) width 5: "\x{23A2}"
layer at (36,539) size 5x9 scrollHeight 14
  RenderBlock {mo} at (0,60) size 5x9
    RenderText {mo} at (0,-3) size 5x17
      text run at (0,-3) width 5: "\x{23A2}"
layer at (36,548) size 5x11 scrollHeight 14
  RenderBlock {mo} at (0,69) size 5x11
layer at (102,479) size 5x10 scrollHeight 15
  RenderBlock {mo} at (0,0) size 5x10
layer at (102,489) size 5x10 scrollHeight 14
  RenderBlock {mo} at (0,10) size 5x10
    RenderText {mo} at (0,-3) size 5x17
      text run at (0,-3) width 5: "\x{23A5}"
layer at (102,499) size 5x10 scrollHeight 14
  RenderBlock {mo} at (0,20) size 5x10
    RenderText {mo} at (0,-3) size 5x17
      text run at (0,-3) width 5: "\x{23A5}"
layer at (102,509) size 5x10 scrollHeight 14
  RenderBlock {mo} at (0,30) size 5x10
    RenderText {mo} at (0,-3) size 5x17
      text run at (0,-3) width 5: "\x{23A5}"
layer at (102,519) size 5x10 scrollHeight 14
  RenderBlock {mo} at (0,40) size 5x10
    RenderText {mo} at (0,-3) size 5x17
      text run at (0,-3) width 5: "\x{23A5}"
layer at (102,529) size 5x10 scrollHeight 14
  RenderBlock {mo} at (0,50) size 5x10
    RenderText {mo} at (0,-3) size 5x17
      text run at (0,-3) width 5: "\x{23A5}"
layer at (102,539) size 5x9 scrollHeight 14
  RenderBlock {mo} at (0,60) size 5x9
    RenderText {mo} at (0,-3) size 5x17
      text run at (0,-3) width 5: "\x{23A5}"
layer at (102,548) size 5x11 scrollHeight 14
  RenderBlock {mo} at (0,69) size 5x11
layer at (36,309) size 5x14 backgroundClip at (36,308) size 5x10 clip at (36,308) size 5x10 outlineClip at (36,308) size 5x10
  RenderBlock (relative positioned) {mo} at (0,0) size 5x11
    RenderText {mo} at (0,-3) size 5x17
      text run at (0,-3) width 5: "\x{239B}"
layer at (36,339) size 5x14 backgroundClip at (36,342) size 5x11 clip at (36,342) size 5x11 outlineClip at (36,342) size 5x11
  RenderBlock (relative positioned) {mo} at (0,0) size 5x11
    RenderText {mo} at (0,-3) size 5x17
      text run at (0,-3) width 5: "\x{239D}"
layer at (90,309) size 5x14 backgroundClip at (90,308) size 5x10 clip at (90,308) size 5x10 outlineClip at (90,308) size 5x10
  RenderBlock (relative positioned) {mo} at (0,0) size 5x11
    RenderText {mo} at (0,-3) size 5x17
      text run at (0,-3) width 5: "\x{239E}"
layer at (90,339) size 5x14 backgroundClip at (90,342) size 5x11 clip at (90,342) size 5x11 outlineClip at (90,342) size 5x11
  RenderBlock (relative positioned) {mo} at (0,0) size 5x11
    RenderText {mo} at (0,-3) size 5x17
      text run at (0,-3) width 5: "\x{23A0}"
layer at (43,370) size 5x14 backgroundClip at (43,369) size 5x10 clip at (43,369) size 5x10 outlineClip at (43,369) size 5x10
  RenderBlock (relative positioned) {mo} at (0,0) size 5x11
    RenderText {mo} at (0,-3) size 5x17
      text run at (0,-3) width 5: "\x{239B}"
layer at (43,449) size 5x14 backgroundClip at (43,452) size 5x11 clip at (43,452) size 5x11 outlineClip at (43,452) size 5x11
  RenderBlock (relative positioned) {mo} at (0,0) size 5x11
    RenderText {mo} at (0,-3) size 5x17
      text run at (0,-3) width 5: "\x{239D}"
layer at (116,370) size 5x14 backgroundClip at (116,369) size 5x10 clip at (116,369) size 5x10 outlineClip at (116,369) size 5x10
  RenderBlock (relative positioned) {mo} at (0,0) size 5x11
    RenderText {mo} at (0,-3) size 5x17
      text run at (0,-3) width 5: "\x{239E}"
layer at (116,449) size 5x14 backgroundClip at (116,452) size 5x11 clip at (116,452) size 5x11 outlineClip at (116,452) size 5x11
  RenderBlock (relative positioned) {mo} at (0,0) size 5x11
    RenderText {mo} at (0,-3) size 5x17
      text run at (0,-3) width 5: "\x{23A0}"
layer at (36,480) size 5x14 backgroundClip at (36,479) size 5x10 clip at (36,479) size 5x10 outlineClip at (36,479) size 5x10
  RenderBlock (relative positioned) {mo} at (0,0) size 5x11
    RenderText {mo} at (0,-3) size 5x17
      text run at (0,-3) width 5: "\x{23A1}"
layer at (36,545) size 5x14 backgroundClip at (36,548) size 5x11 clip at (36,548) size 5x11 outlineClip at (36,548) size 5x11
  RenderBlock (relative positioned) {mo} at (0,0) size 5x11
    RenderText {mo} at (0,-3) size 5x17
      text run at (0,-3) width 5: "\x{23A3}"
layer at (102,480) size 5x14 backgroundClip at (102,479) size 5x10 clip at (102,479) size 5x10 outlineClip at (102,479) size 5x10
  RenderBlock (relative positioned) {mo} at (0,0) size 5x11
    RenderText {mo} at (0,-3) size 5x17
      text run at (0,-3) width 5: "\x{23A4}"
layer at (102,545) size 5x14 backgroundClip at (102,548) size 5x11 clip at (102,548) size 5x11 outlineClip at (102,548) size 5x11
  RenderBlock (relative positioned) {mo} at (0,0) size 5x11
    RenderText {mo} at (0,-3) size 5x17
      text run at (0,-3) width 5: "\x{23A6}"
