layer at (0,0) size 785x641
  RenderView at (0,0) size 785x600
layer at (0,0) size 785x641
  RenderBlock {html} at (0,0) size 785x641
    RenderBody {body} at (8,16) size 769x609
      RenderBlock {p} at (0,0) size 769x19
        RenderBlock {math} at (0,0) size 26x19
          RenderInline {mi} at (0,0) size 7x16
            RenderText {#text} at (1,3) size 7x16
              text run at (1,3) width 7: "x"
          RenderBlock {mo} at (8,3) size 9x16 [bgcolor=#C8C8C8]
            RenderBlock {mo} at (0,0) size 9x16
              RenderText {mo} at (0,0) size 9x16
                text run at (0,0) width 9: "+"
          RenderInline {mn} at (0,0) size 8x16
            RenderText {#text} at (17,3) size 8x16
              text run at (17,3) width 8: "1"
        RenderText {#text} at (0,0) size 0x0
      RenderBlock {p} at (0,35) size 769x21
        RenderText {#text} at (0,2) size 40x18
          text run at (0,2) width 40: "16px: "
        RenderBlock {math} at (40,0) size 43x21
          RenderBlock {mo} at (1,0) size 9x21 [bgcolor=#C8C8C8]
            RenderBlock {mo} at (0,0) size 9x19
              RenderText {mo} at (0,-1) size 9x22
                text run at (0,-1) width 9: "{"
          RenderInline {mi} at (0,0) size 7x16
            RenderText {#text} at (10,5) size 7x16
              text run at (10,5) width 7: "x"
          RenderBlock {div} at (17,5) size 16x16 [bgcolor=#00FF00]
          RenderBlock {mo} at (33,0) size 9x21 [bgcolor=#C8C8C8]
            RenderBlock {mo} at (0,0) size 9x19
              RenderText {mo} at (0,-1) size 9x22
                text run at (0,-1) width 9: "}"
        RenderText {#text} at (83,2) size 4x18
          text run at (83,2) width 4: " "
        RenderBlock {math} at (87,0) size 39x21
          RenderBlock {mrow} at (1,0) size 37x21
            RenderBlock {mo} at (1,0) size 6x21 [bgcolor=#C8C8C8]
              RenderBlock (anonymous) at (0,0) size 6x21
                RenderBlock {mo} at (0,0) size 6x19
                  RenderText {mo} at (0,-1) size 6x22
                    text run at (0,-1) width 6: "["
            RenderInline {mi} at (0,0) size 7x16
              RenderText {#text} at (7,5) size 7x16
                text run at (7,5) width 7: "x"
            RenderBlock {div} at (14,5) size 16x16 [bgcolor=#00FF00]
            RenderBlock {mo} at (30,0) size 6x21 [bgcolor=#C8C8C8]
              RenderBlock (anonymous) at (0,0) size 6x21
                RenderBlock {mo} at (0,0) size 6x19
                  RenderText {mo} at (0,-1) size 6x22
                    text run at (0,-1) width 6: "]"
        RenderText {#text} at (126,2) size 4x18
          text run at (126,2) width 4: " "
        RenderBlock {math} at (130,0) size 39x21
          RenderBlock {mrow} at (1,0) size 37x21
            RenderBlock {mo} at (1,0) size 6x21 [bgcolor=#C8C8C8]
              RenderBlock (anonymous) at (0,0) size 6x21
                RenderBlock {mo} at (0,0) size 6x19
                  RenderText {mo} at (0,-1) size 6x22
                    text run at (0,-1) width 6: "("
            RenderInline {mi} at (0,0) size 7x16
              RenderText {#text} at (7,5) size 7x16
                text run at (7,5) width 7: "x"
            RenderBlock {div} at (14,5) size 16x16 [bgcolor=#00FF00]
            RenderBlock {mo} at (30,0) size 6x21 [bgcolor=#C8C8C8]
              RenderBlock (anonymous) at (0,0) size 6x21
                RenderBlock {mo} at (0,0) size 6x19
                  RenderText {mo} at (0,-1) size 6x22
                    text run at (0,-1) width 6: ")"
        RenderText {#text} at (169,2) size 4x18
          text run at (169,2) width 4: " "
        RenderBlock {math} at (173,0) size 35x21
          RenderBlock {mrow} at (1,0) size 33x21
            RenderBlock {mo} at (1,0) size 4x21 [bgcolor=#C8C8C8]
              RenderBlock (anonymous) at (0,0) size 4x21
                RenderBlock {mo} at (0,0) size 4x19
                  RenderText {mo} at (0,-1) size 4x22
                    text run at (0,-1) width 4: "|"
            RenderInline {mi} at (0,0) size 7x16
              RenderText {#text} at (5,5) size 7x16
                text run at (5,5) width 7: "x"
            RenderBlock {div} at (12,5) size 16x16 [bgcolor=#00FF00]
            RenderBlock {mo} at (28,0) size 4x21 [bgcolor=#C8C8C8]
              RenderBlock (anonymous) at (0,0) size 4x21
                RenderBlock {mo} at (0,0) size 4x19
                  RenderText {mo} at (0,-1) size 4x22
                    text run at (0,-1) width 4: "|"
        RenderText {#text} at (208,2) size 4x18
          text run at (208,2) width 4: " "
        RenderBlock {math} at (212,0) size 32x21
          RenderBlock {mrow} at (1,0) size 30x21
            RenderBlock {mo} at (1,0) size 5x21 [bgcolor=#C8C8C8]
              RenderBlock (anonymous) at (0,0) size 5x21
                RenderBlock {mo} at (0,0) size 5x19
                  RenderText {mo} at (0,-1) size 5x22
                    text run at (0,-1) width 5: "\x{222B}"
            RenderInline {mi} at (0,0) size 7x16
              RenderText {#text} at (6,5) size 7x16
                text run at (6,5) width 7: "x"
            RenderBlock {div} at (13,5) size 16x16 [bgcolor=#00FF00]
        RenderText {#text} at (0,0) size 0x0
      RenderBlock {p} at (0,72) size 769x32
        RenderText {#text} at (0,2) size 40x18
          text run at (0,2) width 40: "24px: "
        RenderBlock {math} at (40,0) size 49x32
          RenderBlock {mrow} at (1,0) size 47x32
            RenderBlock {mo} at (1,1) size 7x31 [bgcolor=#C8C8C8]
            RenderInline {mi} at (0,0) size 7x16
              RenderText {#text} at (8,6) size 7x16
                text run at (8,6) width 7: "x"
            RenderBlock {div} at (15,0) size 24x24 [bgcolor=#00FF00]
            RenderBlock {mo} at (39,1) size 7x31 [bgcolor=#C8C8C8]
        RenderText {#text} at (89,2) size 4x18
          text run at (89,2) width 4: " "
        RenderBlock {math} at (93,0) size 45x31
          RenderBlock {mrow} at (1,0) size 43x31
            RenderBlock {mo} at (1,1) size 5x30 [bgcolor=#C8C8C8]
            RenderInline {mi} at (0,0) size 7x16
              RenderText {#text} at (6,6) size 7x16
                text run at (6,6) width 7: "x"
            RenderBlock {div} at (13,0) size 24x24 [bgcolor=#00FF00]
            RenderBlock {mo} at (37,1) size 5x30 [bgcolor=#C8C8C8]
        RenderText {#text} at (138,2) size 4x18
          text run at (138,2) width 4: " "
        RenderBlock {math} at (142,0) size 45x31
          RenderBlock {mrow} at (1,0) size 43x31
            RenderBlock {mo} at (1,1) size 5x30 [bgcolor=#C8C8C8]
            RenderInline {mi} at (0,0) size 7x16
              RenderText {#text} at (6,6) size 7x16
                text run at (6,6) width 7: "x"
            RenderBlock {div} at (13,0) size 24x24 [bgcolor=#00FF00]
            RenderBlock {mo} at (37,1) size 5x30 [bgcolor=#C8C8C8]
        RenderText {#text} at (187,2) size 4x18
          text run at (187,2) width 4: " "
        RenderBlock {math} at (191,0) size 51x31
          RenderBlock {mrow} at (1,0) size 49x31
            RenderBlock {mo} at (1,1) size 8x30 [bgcolor=#C8C8C8]
            RenderInline {mi} at (0,0) size 7x16
              RenderText {#text} at (9,6) size 7x16
                text run at (9,6) width 7: "x"
            RenderBlock {div} at (16,0) size 24x24 [bgcolor=#00FF00]
            RenderBlock {mo} at (40,1) size 8x30 [bgcolor=#C8C8C8]
        RenderText {#text} at (242,2) size 4x18
          text run at (242,2) width 4: " "
        RenderBlock {math} at (246,0) size 45x31
          RenderBlock {mrow} at (1,0) size 43x31
            RenderBlock {mo} at (1,1) size 10x30 [bgcolor=#C8C8C8]
            RenderInline {mi} at (0,0) size 7x16
              RenderText {#text} at (11,6) size 7x16
                text run at (11,6) width 7: "x"
            RenderBlock {div} at (18,0) size 24x24 [bgcolor=#00FF00]
        RenderText {#text} at (0,0) size 0x0
      RenderBlock {p} at (0,120) size 769x40
        RenderText {#text} at (0,8) size 40x18
          text run at (0,8) width 40: "32px: "
        RenderBlock {math} at (40,0) size 57x40
          RenderBlock {mrow} at (1,0) size 55x40
            RenderBlock {mo} at (1,0) size 7x40 [bgcolor=#C8C8C8]
            RenderInline {mi} at (0,0) size 7x16
              RenderText {#text} at (8,11) size 7x16
                text run at (8,11) width 7: "x"
            RenderBlock {div} at (15,0) size 32x32 [bgcolor=#00FF00]
            RenderBlock {mo} at (47,0) size 7x40 [bgcolor=#C8C8C8]
        RenderText {#text} at (97,8) size 4x18
          text run at (97,8) width 4: " "
        RenderBlock {math} at (101,0) size 53x40
          RenderBlock {mrow} at (1,0) size 51x40
            RenderBlock {mo} at (1,0) size 5x40 [bgcolor=#C8C8C8]
            RenderInline {mi} at (0,0) size 7x16
              RenderText {#text} at (6,11) size 7x16
                text run at (6,11) width 7: "x"
            RenderBlock {div} at (13,0) size 32x32 [bgcolor=#00FF00]
            RenderBlock {mo} at (45,0) size 5x40 [bgcolor=#C8C8C8]
        RenderText {#text} at (154,8) size 4x18
          text run at (154,8) width 4: " "
        RenderBlock {math} at (158,0) size 53x40
          RenderBlock {mrow} at (1,0) size 51x40
            RenderBlock {mo} at (1,0) size 5x40 [bgcolor=#C8C8C8]
            RenderInline {mi} at (0,0) size 7x16
              RenderText {#text} at (6,11) size 7x16
                text run at (6,11) width 7: "x"
            RenderBlock {div} at (13,0) size 32x32 [bgcolor=#00FF00]
            RenderBlock {mo} at (45,0) size 5x40 [bgcolor=#C8C8C8]
        RenderText {#text} at (211,8) size 4x18
          text run at (211,8) width 4: " "
        RenderBlock {math} at (215,0) size 59x40
          RenderBlock {mrow} at (1,0) size 57x40
            RenderBlock {mo} at (1,0) size 8x40 [bgcolor=#C8C8C8]
            RenderInline {mi} at (0,0) size 7x16
              RenderText {#text} at (9,11) size 7x16
                text run at (9,11) width 7: "x"
            RenderBlock {div} at (16,0) size 32x32 [bgcolor=#00FF00]
            RenderBlock {mo} at (48,0) size 8x40 [bgcolor=#C8C8C8]
        RenderText {#text} at (274,8) size 4x18
          text run at (274,8) width 4: " "
        RenderBlock {math} at (278,0) size 53x40
          RenderBlock {mrow} at (1,0) size 51x40
            RenderBlock {mo} at (1,0) size 10x40 [bgcolor=#C8C8C8]
            RenderInline {mi} at (0,0) size 7x16
              RenderText {#text} at (11,11) size 7x16
                text run at (11,11) width 7: "x"
            RenderBlock {div} at (18,0) size 32x32 [bgcolor=#00FF00]
        RenderText {#text} at (0,0) size 0x0
      RenderBlock {p} at (0,176) size 769x59
        RenderText {#text} at (0,19) size 40x18
          text run at (0,19) width 40: "48px: "
        RenderBlock {math} at (40,0) size 73x59
          RenderBlock {mrow} at (1,0) size 71x59
            RenderBlock {mo} at (1,0) size 7x59 [bgcolor=#C8C8C8]
            RenderInline {mi} at (0,0) size 7x16
              RenderText {#text} at (8,22) size 7x16
                text run at (8,22) width 7: "x"
            RenderBlock {div} at (15,0) size 48x48 [bgcolor=#00FF00]
            RenderBlock {mo} at (63,0) size 7x59 [bgcolor=#C8C8C8]
        RenderText {#text} at (113,19) size 4x18
          text run at (113,19) width 4: " "
        RenderBlock {math} at (117,0) size 69x59
          RenderBlock {mrow} at (1,0) size 67x59
            RenderBlock {mo} at (1,0) size 5x59 [bgcolor=#C8C8C8]
            RenderInline {mi} at (0,0) size 7x16
              RenderText {#text} at (6,22) size 7x16
                text run at (6,22) width 7: "x"
            RenderBlock {div} at (13,0) size 48x48 [bgcolor=#00FF00]
            RenderBlock {mo} at (61,0) size 5x59 [bgcolor=#C8C8C8]
        RenderText {#text} at (186,19) size 4x18
          text run at (186,19) width 4: " "
        RenderBlock {math} at (190,0) size 69x59
          RenderBlock {mrow} at (1,0) size 67x59
            RenderBlock {mo} at (1,0) size 5x59 [bgcolor=#C8C8C8]
            RenderInline {mi} at (0,0) size 7x16
              RenderText {#text} at (6,22) size 7x16
                text run at (6,22) width 7: "x"
            RenderBlock {div} at (13,0) size 48x48 [bgcolor=#00FF00]
            RenderBlock {mo} at (61,0) size 5x59 [bgcolor=#C8C8C8]
        RenderText {#text} at (259,19) size 4x18
          text run at (259,19) width 4: " "
        RenderBlock {math} at (263,0) size 75x59
          RenderBlock {mrow} at (1,0) size 73x59
            RenderBlock {mo} at (1,0) size 8x59 [bgcolor=#C8C8C8]
            RenderInline {mi} at (0,0) size 7x16
              RenderText {#text} at (9,22) size 7x16
                text run at (9,22) width 7: "x"
            RenderBlock {div} at (16,0) size 48x48 [bgcolor=#00FF00]
            RenderBlock {mo} at (64,0) size 8x59 [bgcolor=#C8C8C8]
        RenderText {#text} at (338,19) size 4x18
          text run at (338,19) width 4: " "
        RenderBlock {math} at (342,0) size 69x59
          RenderBlock {mrow} at (1,0) size 67x59
            RenderBlock {mo} at (1,0) size 10x59 [bgcolor=#C8C8C8]
            RenderInline {mi} at (0,0) size 7x16
              RenderText {#text} at (11,22) size 7x16
                text run at (11,22) width 7: "x"
            RenderBlock {div} at (18,0) size 48x48 [bgcolor=#00FF00]
        RenderText {#text} at (0,0) size 0x0
      RenderBlock {p} at (0,251) size 769x292
        RenderText {#text} at (0,70) size 48x18
          text run at (0,70) width 48: "120px: "
        RenderBlock {math} at (48,0) size 145x146
          RenderBlock {mrow} at (1,0) size 143x146
            RenderBlock {mo} at (1,0) size 7x146 [bgcolor=#C8C8C8]
            RenderInline {mi} at (0,0) size 7x16
              RenderText {#text} at (8,73) size 7x16
                text run at (8,73) width 7: "x"
            RenderBlock {div} at (15,3) size 120x120 [bgcolor=#00FF00]
            RenderBlock {mo} at (135,0) size 7x146 [bgcolor=#C8C8C8]
        RenderText {#text} at (193,70) size 4x18
          text run at (193,70) width 4: " "
        RenderBlock {math} at (197,0) size 141x146
          RenderBlock {mrow} at (1,0) size 139x146
            RenderBlock {mo} at (1,0) size 5x146 [bgcolor=#C8C8C8]
            RenderInline {mi} at (0,0) size 7x16
              RenderText {#text} at (6,73) size 7x16
                text run at (6,73) width 7: "x"
            RenderBlock {div} at (13,3) size 120x120 [bgcolor=#00FF00]
            RenderBlock {mo} at (133,0) size 5x146 [bgcolor=#C8C8C8]
        RenderText {#text} at (338,70) size 4x18
          text run at (338,70) width 4: " "
        RenderBlock {math} at (342,0) size 141x146
          RenderBlock {mrow} at (1,0) size 139x146
            RenderBlock {mo} at (1,0) size 5x146 [bgcolor=#C8C8C8]
            RenderInline {mi} at (0,0) size 7x16
              RenderText {#text} at (6,73) size 7x16
                text run at (6,73) width 7: "x"
            RenderBlock {div} at (13,3) size 120x120 [bgcolor=#00FF00]
            RenderBlock {mo} at (133,0) size 5x146 [bgcolor=#C8C8C8]
        RenderText {#text} at (483,70) size 4x18
          text run at (483,70) width 4: " "
        RenderBlock {math} at (487,0) size 147x146
          RenderBlock {mrow} at (1,0) size 145x146
            RenderBlock {mo} at (1,0) size 8x146 [bgcolor=#C8C8C8]
            RenderInline {mi} at (0,0) size 7x16
              RenderText {#text} at (9,73) size 7x16
                text run at (9,73) width 7: "x"
            RenderBlock {div} at (16,3) size 120x120 [bgcolor=#00FF00]
            RenderBlock {mo} at (136,0) size 8x146 [bgcolor=#C8C8C8]
        RenderText {#text} at (634,70) size 4x18
          text run at (634,70) width 4: " "
        RenderBlock {math} at (0,146) size 141x146
          RenderBlock {mrow} at (1,0) size 139x146
            RenderBlock {mo} at (1,0) size 10x146 [bgcolor=#C8C8C8]
            RenderInline {mi} at (0,0) size 7x16
              RenderText {#text} at (11,73) size 7x16
                text run at (11,73) width 7: "x"
            RenderBlock {div} at (18,3) size 120x120 [bgcolor=#00FF00]
        RenderText {#text} at (0,0) size 0x0
      RenderBlock {p} at (0,559) size 769x50
        RenderBlock {math} at (0,0) size 153x50
          RenderBlock {mrow} at (1,0) size 151x50
            RenderBlock {mo} at (1,0) size 5x50 [bgcolor=#C8C8C8]
            RenderInline {mi} at (0,0) size 7x16
              RenderText {#text} at (6,17) size 7x16
                text run at (6,17) width 7: "x"
            RenderBlock {mo} at (13,1) size 4x32 [bgcolor=#C8C8C8]
              RenderBlock {mo} at (0,0) size 4x32
                RenderText {mo} at (0,16) size 4x16
                  text run at (0,16) width 4: ","
            RenderBlock {div} at (17,1) size 40x40 [bgcolor=#00FF00]
            RenderBlock {mo} at (57,1) size 4x32 [bgcolor=#C8C8C8]
              RenderBlock {mo} at (0,0) size 4x32
                RenderText {mo} at (0,16) size 4x16
                  text run at (0,16) width 4: ","
            RenderBlock {div} at (61,1) size 40x40 [bgcolor=#00FF00]
            RenderBlock {mo} at (101,1) size 4x32 [bgcolor=#C8C8C8]
              RenderBlock {mo} at (0,0) size 4x32
                RenderText {mo} at (0,16) size 4x16
                  text run at (0,16) width 4: ","
            RenderBlock {div} at (105,1) size 40x40 [bgcolor=#00FF00]
            RenderBlock {mo} at (145,0) size 5x50 [bgcolor=#C8C8C8]
        RenderText {#text} at (0,0) size 0x0
layer at (50,89) size 7x9 scrollHeight 15
  RenderBlock {mo} at (0,0) size 7x9
    RenderText {mo} at (0,-2) size 7x17
      text run at (0,-2) width 7: "\x{23A7}"
layer at (50,98) size 7x10 scrollHeight 15
  RenderBlock {mo} at (0,9) size 7x10
layer at (50,108) size 7x12 scrollHeight 15
  RenderBlock {mo} at (0,19) size 7x12
layer at (88,89) size 7x9 scrollHeight 15
  RenderBlock {mo} at (0,0) size 7x9
    RenderText {mo} at (0,-2) size 7x17
      text run at (0,-2) width 7: "\x{23AB}"
layer at (88,98) size 7x10 scrollHeight 15
  RenderBlock {mo} at (0,9) size 7x10
layer at (88,108) size 7x12 scrollHeight 15
  RenderBlock {mo} at (0,19) size 7x12
layer at (103,89) size 5x10 scrollHeight 15
  RenderBlock {mo} at (0,0) size 5x10
    RenderText {mo} at (0,-2) size 5x17
      text run at (0,-2) width 5: "\x{23A1}"
layer at (103,99) size 5x8 scrollHeight 15
  RenderBlock {mo} at (0,10) size 5x8
    RenderText {mo} at (0,-2) size 5x17
      text run at (0,-2) width 5: "\x{23A2}"
layer at (103,107) size 5x12 scrollHeight 15
  RenderBlock {mo} at (0,18) size 5x12
layer at (139,89) size 5x10 scrollHeight 15
  RenderBlock {mo} at (0,0) size 5x10
    RenderText {mo} at (0,-2) size 5x17
      text run at (0,-2) width 5: "\x{23A4}"
layer at (139,99) size 5x8 scrollHeight 15
  RenderBlock {mo} at (0,10) size 5x8
    RenderText {mo} at (0,-2) size 5x17
      text run at (0,-2) width 5: "\x{23A5}"
layer at (139,107) size 5x12 scrollHeight 15
  RenderBlock {mo} at (0,18) size 5x12
layer at (152,89) size 5x10 scrollHeight 15
  RenderBlock {mo} at (0,0) size 5x10
    RenderText {mo} at (0,-2) size 5x17
      text run at (0,-2) width 5: "\x{239B}"
layer at (152,99) size 5x8 scrollHeight 15
  RenderBlock {mo} at (0,10) size 5x8
    RenderText {mo} at (0,-2) size 5x17
      text run at (0,-2) width 5: "\x{239C}"
layer at (152,107) size 5x12 scrollHeight 15
  RenderBlock {mo} at (0,18) size 5x12
layer at (188,89) size 5x10 scrollHeight 15
  RenderBlock {mo} at (0,0) size 5x10
    RenderText {mo} at (0,-2) size 5x17
      text run at (0,-2) width 5: "\x{239E}"
layer at (188,99) size 5x8 scrollHeight 15
  RenderBlock {mo} at (0,10) size 5x8
    RenderText {mo} at (0,-2) size 5x17
      text run at (0,-2) width 5: "\x{239F}"
layer at (188,107) size 5x12 scrollHeight 15
  RenderBlock {mo} at (0,18) size 5x12
layer at (201,89) size 8x10 scrollHeight 15
  RenderBlock {mo} at (0,0) size 8x10
    RenderText {mo} at (0,-2) size 8x17
      text run at (0,-2) width 8: "\x{23D0}"
layer at (201,99) size 8x8 scrollHeight 15
  RenderBlock {mo} at (0,10) size 8x8
    RenderText {mo} at (0,-2) size 8x17
      text run at (0,-2) width 8: "\x{23D0}"
layer at (201,107) size 8x12 scrollHeight 15
  RenderBlock {mo} at (0,18) size 8x12
layer at (240,89) size 8x10 scrollHeight 15
  RenderBlock {mo} at (0,0) size 8x10
    RenderText {mo} at (0,-2) size 8x17
      text run at (0,-2) width 8: "\x{23D0}"
layer at (240,99) size 8x8 scrollHeight 15
  RenderBlock {mo} at (0,10) size 8x8
    RenderText {mo} at (0,-2) size 8x17
      text run at (0,-2) width 8: "\x{23D0}"
layer at (240,107) size 8x12 scrollHeight 15
  RenderBlock {mo} at (0,18) size 8x12
layer at (256,89) size 10x10 scrollHeight 15
  RenderBlock {mo} at (0,0) size 10x10
    RenderText {mo} at (0,-2) size 10x17
      text run at (0,-2) width 10: "\x{2320}"
layer at (256,99) size 10x8 scrollHeight 15
  RenderBlock {mo} at (0,10) size 10x8
    RenderText {mo} at (0,-2) size 10x17
      text run at (0,-2) width 10: "\x{23AE}"
layer at (256,107) size 10x12 scrollHeight 15
  RenderBlock {mo} at (0,18) size 10x12
layer at (50,136) size 7x10 scrollHeight 15
  RenderBlock {mo} at (0,0) size 7x10
    RenderText {mo} at (0,-2) size 7x17
      text run at (0,-2) width 7: "\x{23A7}"
layer at (50,146) size 7x4 scrollHeight 15
  RenderBlock {mo} at (0,10) size 7x4
    RenderText {mo} at (0,-2) size 7x17
      text run at (0,-2) width 7: "\x{23AA}"
layer at (50,150) size 7x10 scrollHeight 15
  RenderBlock {mo} at (0,14) size 7x10
layer at (50,160) size 7x4 scrollHeight 15
  RenderBlock {mo} at (0,24) size 7x4
    RenderText {mo} at (0,-2) size 7x17
      text run at (0,-2) width 7: "\x{23AA}"
layer at (50,164) size 7x12 scrollHeight 15
  RenderBlock {mo} at (0,28) size 7x12
layer at (96,136) size 7x10 scrollHeight 15
  RenderBlock {mo} at (0,0) size 7x10
    RenderText {mo} at (0,-2) size 7x17
      text run at (0,-2) width 7: "\x{23AB}"
layer at (96,146) size 7x4 scrollHeight 15
  RenderBlock {mo} at (0,10) size 7x4
    RenderText {mo} at (0,-2) size 7x17
      text run at (0,-2) width 7: "\x{23AA}"
layer at (96,150) size 7x10 scrollHeight 15
  RenderBlock {mo} at (0,14) size 7x10
layer at (96,160) size 7x4 scrollHeight 15
  RenderBlock {mo} at (0,24) size 7x4
    RenderText {mo} at (0,-2) size 7x17
      text run at (0,-2) width 7: "\x{23AA}"
layer at (96,164) size 7x12 scrollHeight 15
  RenderBlock {mo} at (0,28) size 7x12
layer at (111,136) size 5x10 scrollHeight 15
  RenderBlock {mo} at (0,0) size 5x10
    RenderText {mo} at (0,-2) size 5x17
      text run at (0,-2) width 5: "\x{23A1}"
layer at (111,146) size 5x10 scrollHeight 15
  RenderBlock {mo} at (0,10) size 5x10
    RenderText {mo} at (0,-2) size 5x17
      text run at (0,-2) width 5: "\x{23A2}"
layer at (111,156) size 5x8 scrollHeight 15
  RenderBlock {mo} at (0,20) size 5x8
    RenderText {mo} at (0,-2) size 5x17
      text run at (0,-2) width 5: "\x{23A2}"
layer at (111,164) size 5x12 scrollHeight 15
  RenderBlock {mo} at (0,28) size 5x12
layer at (155,136) size 5x10 scrollHeight 15
  RenderBlock {mo} at (0,0) size 5x10
    RenderText {mo} at (0,-2) size 5x17
      text run at (0,-2) width 5: "\x{23A4}"
layer at (155,146) size 5x10 scrollHeight 15
  RenderBlock {mo} at (0,10) size 5x10
    RenderText {mo} at (0,-2) size 5x17
      text run at (0,-2) width 5: "\x{23A5}"
layer at (155,156) size 5x8 scrollHeight 15
  RenderBlock {mo} at (0,20) size 5x8
    RenderText {mo} at (0,-2) size 5x17
      text run at (0,-2) width 5: "\x{23A5}"
layer at (155,164) size 5x12 scrollHeight 15
  RenderBlock {mo} at (0,28) size 5x12
layer at (168,136) size 5x10 scrollHeight 15
  RenderBlock {mo} at (0,0) size 5x10
    RenderText {mo} at (0,-2) size 5x17
      text run at (0,-2) width 5: "\x{239B}"
layer at (168,146) size 5x10 scrollHeight 15
  RenderBlock {mo} at (0,10) size 5x10
    RenderText {mo} at (0,-2) size 5x17
      text run at (0,-2) width 5: "\x{239C}"
layer at (168,156) size 5x8 scrollHeight 15
  RenderBlock {mo} at (0,20) size 5x8
    RenderText {mo} at (0,-2) size 5x17
      text run at (0,-2) width 5: "\x{239C}"
layer at (168,164) size 5x12 scrollHeight 15
  RenderBlock {mo} at (0,28) size 5x12
layer at (212,136) size 5x10 scrollHeight 15
  RenderBlock {mo} at (0,0) size 5x10
    RenderText {mo} at (0,-2) size 5x17
      text run at (0,-2) width 5: "\x{239E}"
layer at (212,146) size 5x10 scrollHeight 15
  RenderBlock {mo} at (0,10) size 5x10
    RenderText {mo} at (0,-2) size 5x17
      text run at (0,-2) width 5: "\x{239F}"
layer at (212,156) size 5x8 scrollHeight 15
  RenderBlock {mo} at (0,20) size 5x8
    RenderText {mo} at (0,-2) size 5x17
      text run at (0,-2) width 5: "\x{239F}"
layer at (212,164) size 5x12 scrollHeight 15
  RenderBlock {mo} at (0,28) size 5x12
layer at (225,136) size 8x10 scrollHeight 15
  RenderBlock {mo} at (0,0) size 8x10
    RenderText {mo} at (0,-2) size 8x17
      text run at (0,-2) width 8: "\x{23D0}"
layer at (225,146) size 8x10 scrollHeight 15
  RenderBlock {mo} at (0,10) size 8x10
    RenderText {mo} at (0,-2) size 8x17
      text run at (0,-2) width 8: "\x{23D0}"
layer at (225,156) size 8x8 scrollHeight 15
  RenderBlock {mo} at (0,20) size 8x8
    RenderText {mo} at (0,-2) size 8x17
      text run at (0,-2) width 8: "\x{23D0}"
layer at (225,164) size 8x12 scrollHeight 15
  RenderBlock {mo} at (0,28) size 8x12
layer at (272,136) size 8x10 scrollHeight 15
  RenderBlock {mo} at (0,0) size 8x10
    RenderText {mo} at (0,-2) size 8x17
      text run at (0,-2) width 8: "\x{23D0}"
layer at (272,146) size 8x10 scrollHeight 15
  RenderBlock {mo} at (0,10) size 8x10
    RenderText {mo} at (0,-2) size 8x17
      text run at (0,-2) width 8: "\x{23D0}"
layer at (272,156) size 8x8 scrollHeight 15
  RenderBlock {mo} at (0,20) size 8x8
    RenderText {mo} at (0,-2) size 8x17
      text run at (0,-2) width 8: "\x{23D0}"
layer at (272,164) size 8x12 scrollHeight 15
  RenderBlock {mo} at (0,28) size 8x12
layer at (288,136) size 10x10 scrollHeight 15
  RenderBlock {mo} at (0,0) size 10x10
    RenderText {mo} at (0,-2) size 10x17
      text run at (0,-2) width 10: "\x{2320}"
layer at (288,146) size 10x10 scrollHeight 15
  RenderBlock {mo} at (0,10) size 10x10
    RenderText {mo} at (0,-2) size 10x17
      text run at (0,-2) width 10: "\x{23AE}"
layer at (288,156) size 10x8 scrollHeight 15
  RenderBlock {mo} at (0,20) size 10x8
    RenderText {mo} at (0,-2) size 10x17
      text run at (0,-2) width 10: "\x{23AE}"
layer at (288,164) size 10x12 scrollHeight 15
  RenderBlock {mo} at (0,28) size 10x12
layer at (50,192) size 7x10 scrollHeight 15
  RenderBlock {mo} at (0,0) size 7x10
    RenderText {mo} at (0,-2) size 7x17
      text run at (0,-2) width 7: "\x{23A7}"
layer at (50,202) size 7x10 scrollHeight 15
  RenderBlock {mo} at (0,10) size 7x10
    RenderText {mo} at (0,-2) size 7x17
      text run at (0,-2) width 7: "\x{23AA}"
layer at (50,212) size 7x3 scrollHeight 15
  RenderBlock {mo} at (0,20) size 7x3
    RenderText {mo} at (0,-2) size 7x17
      text run at (0,-2) width 7: "\x{23AA}"
layer at (50,215) size 7x10 scrollHeight 15
  RenderBlock {mo} at (0,23) size 7x10
layer at (50,225) size 7x10 scrollHeight 15
  RenderBlock {mo} at (0,33) size 7x10
    RenderText {mo} at (0,-2) size 7x17
      text run at (0,-2) width 7: "\x{23AA}"
layer at (50,235) size 7x4 scrollHeight 15
  RenderBlock {mo} at (0,43) size 7x4
    RenderText {mo} at (0,-2) size 7x17
      text run at (0,-2) width 7: "\x{23AA}"
layer at (50,239) size 7x12 scrollHeight 15
  RenderBlock {mo} at (0,47) size 7x12
layer at (112,192) size 7x10 scrollHeight 15
  RenderBlock {mo} at (0,0) size 7x10
    RenderText {mo} at (0,-2) size 7x17
      text run at (0,-2) width 7: "\x{23AB}"
layer at (112,202) size 7x10 scrollHeight 15
  RenderBlock {mo} at (0,10) size 7x10
    RenderText {mo} at (0,-2) size 7x17
      text run at (0,-2) width 7: "\x{23AA}"
layer at (112,212) size 7x3 scrollHeight 15
  RenderBlock {mo} at (0,20) size 7x3
    RenderText {mo} at (0,-2) size 7x17
      text run at (0,-2) width 7: "\x{23AA}"
layer at (112,215) size 7x10 scrollHeight 15
  RenderBlock {mo} at (0,23) size 7x10
layer at (112,225) size 7x10 scrollHeight 15
  RenderBlock {mo} at (0,33) size 7x10
    RenderText {mo} at (0,-2) size 7x17
      text run at (0,-2) width 7: "\x{23AA}"
layer at (112,235) size 7x4 scrollHeight 15
  RenderBlock {mo} at (0,43) size 7x4
    RenderText {mo} at (0,-2) size 7x17
      text run at (0,-2) width 7: "\x{23AA}"
layer at (112,239) size 7x12 scrollHeight 15
  RenderBlock {mo} at (0,47) size 7x12
layer at (127,192) size 5x10 scrollHeight 15
  RenderBlock {mo} at (0,0) size 5x10
    RenderText {mo} at (0,-2) size 5x17
      text run at (0,-2) width 5: "\x{23A1}"
layer at (127,202) size 5x10 scrollHeight 15
  RenderBlock {mo} at (0,10) size 5x10
    RenderText {mo} at (0,-2) size 5x17
      text run at (0,-2) width 5: "\x{23A2}"
layer at (127,212) size 5x10 scrollHeight 15
  RenderBlock {mo} at (0,20) size 5x10
    RenderText {mo} at (0,-2) size 5x17
      text run at (0,-2) width 5: "\x{23A2}"
layer at (127,222) size 5x10 scrollHeight 15
  RenderBlock {mo} at (0,30) size 5x10
    RenderText {mo} at (0,-2) size 5x17
      text run at (0,-2) width 5: "\x{23A2}"
layer at (127,232) size 5x7 scrollHeight 15
  RenderBlock {mo} at (0,40) size 5x7
    RenderText {mo} at (0,-2) size 5x17
      text run at (0,-2) width 5: "\x{23A2}"
layer at (127,239) size 5x12 scrollHeight 15
  RenderBlock {mo} at (0,47) size 5x12
layer at (187,192) size 5x10 scrollHeight 15
  RenderBlock {mo} at (0,0) size 5x10
    RenderText {mo} at (0,-2) size 5x17
      text run at (0,-2) width 5: "\x{23A4}"
layer at (187,202) size 5x10 scrollHeight 15
  RenderBlock {mo} at (0,10) size 5x10
    RenderText {mo} at (0,-2) size 5x17
      text run at (0,-2) width 5: "\x{23A5}"
layer at (187,212) size 5x10 scrollHeight 15
  RenderBlock {mo} at (0,20) size 5x10
    RenderText {mo} at (0,-2) size 5x17
      text run at (0,-2) width 5: "\x{23A5}"
layer at (187,222) size 5x10 scrollHeight 15
  RenderBlock {mo} at (0,30) size 5x10
    RenderText {mo} at (0,-2) size 5x17
      text run at (0,-2) width 5: "\x{23A5}"
layer at (187,232) size 5x7 scrollHeight 15
  RenderBlock {mo} at (0,40) size 5x7
    RenderText {mo} at (0,-2) size 5x17
      text run at (0,-2) width 5: "\x{23A5}"
layer at (187,239) size 5x12 scrollHeight 15
  RenderBlock {mo} at (0,47) size 5x12
layer at (200,192) size 5x10 scrollHeight 15
  RenderBlock {mo} at (0,0) size 5x10
    RenderText {mo} at (0,-2) size 5x17
      text run at (0,-2) width 5: "\x{239B}"
layer at (200,202) size 5x10 scrollHeight 15
  RenderBlock {mo} at (0,10) size 5x10
    RenderText {mo} at (0,-2) size 5x17
      text run at (0,-2) width 5: "\x{239C}"
layer at (200,212) size 5x10 scrollHeight 15
  RenderBlock {mo} at (0,20) size 5x10
    RenderText {mo} at (0,-2) size 5x17
      text run at (0,-2) width 5: "\x{239C}"
layer at (200,222) size 5x10 scrollHeight 15
  RenderBlock {mo} at (0,30) size 5x10
    RenderText {mo} at (0,-2) size 5x17
      text run at (0,-2) width 5: "\x{239C}"
layer at (200,232) size 5x7 scrollHeight 15
  RenderBlock {mo} at (0,40) size 5x7
    RenderText {mo} at (0,-2) size 5x17
      text run at (0,-2) width 5: "\x{239C}"
layer at (200,239) size 5x12 scrollHeight 15
  RenderBlock {mo} at (0,47) size 5x12
layer at (260,192) size 5x10 scrollHeight 15
  RenderBlock {mo} at (0,0) size 5x10
    RenderText {mo} at (0,-2) size 5x17
      text run at (0,-2) width 5: "\x{239E}"
layer at (260,202) size 5x10 scrollHeight 15
  RenderBlock {mo} at (0,10) size 5x10
    RenderText {mo} at (0,-2) size 5x17
      text run at (0,-2) width 5: "\x{239F}"
layer at (260,212) size 5x10 scrollHeight 15
  RenderBlock {mo} at (0,20) size 5x10
    RenderText {mo} at (0,-2) size 5x17
      text run at (0,-2) width 5: "\x{239F}"
layer at (260,222) size 5x10 scrollHeight 15
  RenderBlock {mo} at (0,30) size 5x10
    RenderText {mo} at (0,-2) size 5x17
      text run at (0,-2) width 5: "\x{239F}"
layer at (260,232) size 5x7 scrollHeight 15
  RenderBlock {mo} at (0,40) size 5x7
    RenderText {mo} at (0,-2) size 5x17
      text run at (0,-2) width 5: "\x{239F}"
layer at (260,239) size 5x12 scrollHeight 15
  RenderBlock {mo} at (0,47) size 5x12
layer at (273,192) size 8x10 scrollHeight 15
  RenderBlock {mo} at (0,0) size 8x10
    RenderText {mo} at (0,-2) size 8x17
      text run at (0,-2) width 8: "\x{23D0}"
layer at (273,202) size 8x10 scrollHeight 15
  RenderBlock {mo} at (0,10) size 8x10
    RenderText {mo} at (0,-2) size 8x17
      text run at (0,-2) width 8: "\x{23D0}"
layer at (273,212) size 8x10 scrollHeight 15
  RenderBlock {mo} at (0,20) size 8x10
    RenderText {mo} at (0,-2) size 8x17
      text run at (0,-2) width 8: "\x{23D0}"
layer at (273,222) size 8x10 scrollHeight 15
  RenderBlock {mo} at (0,30) size 8x10
    RenderText {mo} at (0,-2) size 8x17
      text run at (0,-2) width 8: "\x{23D0}"
layer at (273,232) size 8x7 scrollHeight 15
  RenderBlock {mo} at (0,40) size 8x7
    RenderText {mo} at (0,-2) size 8x17
      text run at (0,-2) width 8: "\x{23D0}"
layer at (273,239) size 8x12 scrollHeight 15
  RenderBlock {mo} at (0,47) size 8x12
layer at (336,192) size 8x10 scrollHeight 15
  RenderBlock {mo} at (0,0) size 8x10
    RenderText {mo} at (0,-2) size 8x17
      text run at (0,-2) width 8: "\x{23D0}"
layer at (336,202) size 8x10 scrollHeight 15
  RenderBlock {mo} at (0,10) size 8x10
    RenderText {mo} at (0,-2) size 8x17
      text run at (0,-2) width 8: "\x{23D0}"
layer at (336,212) size 8x10 scrollHeight 15
  RenderBlock {mo} at (0,20) size 8x10
    RenderText {mo} at (0,-2) size 8x17
      text run at (0,-2) width 8: "\x{23D0}"
layer at (336,222) size 8x10 scrollHeight 15
  RenderBlock {mo} at (0,30) size 8x10
    RenderText {mo} at (0,-2) size 8x17
      text run at (0,-2) width 8: "\x{23D0}"
layer at (336,232) size 8x7 scrollHeight 15
  RenderBlock {mo} at (0,40) size 8x7
    RenderText {mo} at (0,-2) size 8x17
      text run at (0,-2) width 8: "\x{23D0}"
layer at (336,239) size 8x12 scrollHeight 15
  RenderBlock {mo} at (0,47) size 8x12
layer at (352,192) size 10x10 scrollHeight 15
  RenderBlock {mo} at (0,0) size 10x10
    RenderText {mo} at (0,-2) size 10x17
      text run at (0,-2) width 10: "\x{2320}"
layer at (352,202) size 10x10 scrollHeight 15
  RenderBlock {mo} at (0,10) size 10x10
    RenderText {mo} at (0,-2) size 10x17
      text run at (0,-2) width 10: "\x{23AE}"
layer at (352,212) size 10x10 scrollHeight 15
  RenderBlock {mo} at (0,20) size 10x10
    RenderText {mo} at (0,-2) size 10x17
      text run at (0,-2) width 10: "\x{23AE}"
layer at (352,222) size 10x10 scrollHeight 15
  RenderBlock {mo} at (0,30) size 10x10
    RenderText {mo} at (0,-2) size 10x17
      text run at (0,-2) width 10: "\x{23AE}"
layer at (352,232) size 10x7 scrollHeight 15
  RenderBlock {mo} at (0,40) size 10x7
    RenderText {mo} at (0,-2) size 10x17
      text run at (0,-2) width 10: "\x{23AE}"
layer at (352,239) size 10x12 scrollHeight 15
  RenderBlock {mo} at (0,47) size 10x12
layer at (58,267) size 7x10 scrollHeight 15
  RenderBlock {mo} at (0,0) size 7x10
    RenderText {mo} at (0,-2) size 7x17
      text run at (0,-2) width 7: "\x{23A7}"
layer at (58,277) size 7x10 scrollHeight 15
  RenderBlock {mo} at (0,10) size 7x10
    RenderText {mo} at (0,-2) size 7x17
      text run at (0,-2) width 7: "\x{23AA}"
layer at (58,287) size 7x10 scrollHeight 15
  RenderBlock {mo} at (0,20) size 7x10
    RenderText {mo} at (0,-2) size 7x17
      text run at (0,-2) width 7: "\x{23AA}"
layer at (58,297) size 7x10 scrollHeight 15
  RenderBlock {mo} at (0,30) size 7x10
    RenderText {mo} at (0,-2) size 7x17
      text run at (0,-2) width 7: "\x{23AA}"
layer at (58,307) size 7x10 scrollHeight 15
  RenderBlock {mo} at (0,40) size 7x10
    RenderText {mo} at (0,-2) size 7x17
      text run at (0,-2) width 7: "\x{23AA}"
layer at (58,317) size 7x10 scrollHeight 15
  RenderBlock {mo} at (0,50) size 7x10
    RenderText {mo} at (0,-2) size 7x17
      text run at (0,-2) width 7: "\x{23AA}"
layer at (58,327) size 7x7 scrollHeight 15
  RenderBlock {mo} at (0,60) size 7x7
    RenderText {mo} at (0,-2) size 7x17
      text run at (0,-2) width 7: "\x{23AA}"
layer at (58,334) size 7x10 scrollHeight 15
  RenderBlock {mo} at (0,67) size 7x10
layer at (58,344) size 7x10 scrollHeight 15
  RenderBlock {mo} at (0,77) size 7x10
    RenderText {mo} at (0,-2) size 7x17
      text run at (0,-2) width 7: "\x{23AA}"
layer at (58,354) size 7x10 scrollHeight 15
  RenderBlock {mo} at (0,87) size 7x10
    RenderText {mo} at (0,-2) size 7x17
      text run at (0,-2) width 7: "\x{23AA}"
layer at (58,364) size 7x10 scrollHeight 15
  RenderBlock {mo} at (0,97) size 7x10
    RenderText {mo} at (0,-2) size 7x17
      text run at (0,-2) width 7: "\x{23AA}"
layer at (58,374) size 7x10 scrollHeight 15
  RenderBlock {mo} at (0,107) size 7x10
    RenderText {mo} at (0,-2) size 7x17
      text run at (0,-2) width 7: "\x{23AA}"
layer at (58,384) size 7x10 scrollHeight 15
  RenderBlock {mo} at (0,117) size 7x10
    RenderText {mo} at (0,-2) size 7x17
      text run at (0,-2) width 7: "\x{23AA}"
layer at (58,394) size 7x7 scrollHeight 15
  RenderBlock {mo} at (0,127) size 7x7
    RenderText {mo} at (0,-2) size 7x17
      text run at (0,-2) width 7: "\x{23AA}"
layer at (58,401) size 7x12 scrollHeight 15
  RenderBlock {mo} at (0,134) size 7x12
layer at (192,267) size 7x10 scrollHeight 15
  RenderBlock {mo} at (0,0) size 7x10
    RenderText {mo} at (0,-2) size 7x17
      text run at (0,-2) width 7: "\x{23AB}"
layer at (192,277) size 7x10 scrollHeight 15
  RenderBlock {mo} at (0,10) size 7x10
    RenderText {mo} at (0,-2) size 7x17
      text run at (0,-2) width 7: "\x{23AA}"
layer at (192,287) size 7x10 scrollHeight 15
  RenderBlock {mo} at (0,20) size 7x10
    RenderText {mo} at (0,-2) size 7x17
      text run at (0,-2) width 7: "\x{23AA}"
layer at (192,297) size 7x10 scrollHeight 15
  RenderBlock {mo} at (0,30) size 7x10
    RenderText {mo} at (0,-2) size 7x17
      text run at (0,-2) width 7: "\x{23AA}"
layer at (192,307) size 7x10 scrollHeight 15
  RenderBlock {mo} at (0,40) size 7x10
    RenderText {mo} at (0,-2) size 7x17
      text run at (0,-2) width 7: "\x{23AA}"
layer at (192,317) size 7x10 scrollHeight 15
  RenderBlock {mo} at (0,50) size 7x10
    RenderText {mo} at (0,-2) size 7x17
      text run at (0,-2) width 7: "\x{23AA}"
layer at (192,327) size 7x7 scrollHeight 15
  RenderBlock {mo} at (0,60) size 7x7
    RenderText {mo} at (0,-2) size 7x17
      text run at (0,-2) width 7: "\x{23AA}"
layer at (192,334) size 7x10 scrollHeight 15
  RenderBlock {mo} at (0,67) size 7x10
layer at (192,344) size 7x10 scrollHeight 15
  RenderBlock {mo} at (0,77) size 7x10
    RenderText {mo} at (0,-2) size 7x17
      text run at (0,-2) width 7: "\x{23AA}"
layer at (192,354) size 7x10 scrollHeight 15
  RenderBlock {mo} at (0,87) size 7x10
    RenderText {mo} at (0,-2) size 7x17
      text run at (0,-2) width 7: "\x{23AA}"
layer at (192,364) size 7x10 scrollHeight 15
  RenderBlock {mo} at (0,97) size 7x10
    RenderText {mo} at (0,-2) size 7x17
      text run at (0,-2) width 7: "\x{23AA}"
layer at (192,374) size 7x10 scrollHeight 15
  RenderBlock {mo} at (0,107) size 7x10
    RenderText {mo} at (0,-2) size 7x17
      text run at (0,-2) width 7: "\x{23AA}"
layer at (192,384) size 7x10 scrollHeight 15
  RenderBlock {mo} at (0,117) size 7x10
    RenderText {mo} at (0,-2) size 7x17
      text run at (0,-2) width 7: "\x{23AA}"
layer at (192,394) size 7x7 scrollHeight 15
  RenderBlock {mo} at (0,127) size 7x7
    RenderText {mo} at (0,-2) size 7x17
      text run at (0,-2) width 7: "\x{23AA}"
layer at (192,401) size 7x12 scrollHeight 15
  RenderBlock {mo} at (0,134) size 7x12
layer at (207,267) size 5x10 scrollHeight 15
  RenderBlock {mo} at (0,0) size 5x10
    RenderText {mo} at (0,-2) size 5x17
      text run at (0,-2) width 5: "\x{23A1}"
layer at (207,277) size 5x10 scrollHeight 15
  RenderBlock {mo} at (0,10) size 5x10
    RenderText {mo} at (0,-2) size 5x17
      text run at (0,-2) width 5: "\x{23A2}"
layer at (207,287) size 5x10 scrollHeight 15
  RenderBlock {mo} at (0,20) size 5x10
    RenderText {mo} at (0,-2) size 5x17
      text run at (0,-2) width 5: "\x{23A2}"
layer at (207,297) size 5x10 scrollHeight 15
  RenderBlock {mo} at (0,30) size 5x10
    RenderText {mo} at (0,-2) size 5x17
      text run at (0,-2) width 5: "\x{23A2}"
layer at (207,307) size 5x10 scrollHeight 15
  RenderBlock {mo} at (0,40) size 5x10
    RenderText {mo} at (0,-2) size 5x17
      text run at (0,-2) width 5: "\x{23A2}"
layer at (207,317) size 5x10 scrollHeight 15
  RenderBlock {mo} at (0,50) size 5x10
    RenderText {mo} at (0,-2) size 5x17
      text run at (0,-2) width 5: "\x{23A2}"
layer at (207,327) size 5x10 scrollHeight 15
  RenderBlock {mo} at (0,60) size 5x10
    RenderText {mo} at (0,-2) size 5x17
      text run at (0,-2) width 5: "\x{23A2}"
layer at (207,337) size 5x10 scrollHeight 15
  RenderBlock {mo} at (0,70) size 5x10
    RenderText {mo} at (0,-2) size 5x17
      text run at (0,-2) width 5: "\x{23A2}"
layer at (207,347) size 5x10 scrollHeight 15
  RenderBlock {mo} at (0,80) size 5x10
    RenderText {mo} at (0,-2) size 5x17
      text run at (0,-2) width 5: "\x{23A2}"
layer at (207,357) size 5x10 scrollHeight 15
  RenderBlock {mo} at (0,90) size 5x10
    RenderText {mo} at (0,-2) size 5x17
      text run at (0,-2) width 5: "\x{23A2}"
layer at (207,367) size 5x10 scrollHeight 15
  RenderBlock {mo} at (0,100) size 5x10
    RenderText {mo} at (0,-2) size 5x17
      text run at (0,-2) width 5: "\x{23A2}"
layer at (207,377) size 5x10 scrollHeight 15
  RenderBlock {mo} at (0,110) size 5x10
    RenderText {mo} at (0,-2) size 5x17
      text run at (0,-2) width 5: "\x{23A2}"
layer at (207,387) size 5x10 scrollHeight 15
  RenderBlock {mo} at (0,120) size 5x10
    RenderText {mo} at (0,-2) size 5x17
      text run at (0,-2) width 5: "\x{23A2}"
layer at (207,397) size 5x4 scrollHeight 15
  RenderBlock {mo} at (0,130) size 5x4
    RenderText {mo} at (0,-2) size 5x17
      text run at (0,-2) width 5: "\x{23A2}"
layer at (207,401) size 5x12 scrollHeight 15
  RenderBlock {mo} at (0,134) size 5x12
layer at (339,267) size 5x10 scrollHeight 15
  RenderBlock {mo} at (0,0) size 5x10
    RenderText {mo} at (0,-2) size 5x17
      text run at (0,-2) width 5: "\x{23A4}"
layer at (339,277) size 5x10 scrollHeight 15
  RenderBlock {mo} at (0,10) size 5x10
    RenderText {mo} at (0,-2) size 5x17
      text run at (0,-2) width 5: "\x{23A5}"
layer at (339,287) size 5x10 scrollHeight 15
  RenderBlock {mo} at (0,20) size 5x10
    RenderText {mo} at (0,-2) size 5x17
      text run at (0,-2) width 5: "\x{23A5}"
layer at (339,297) size 5x10 scrollHeight 15
  RenderBlock {mo} at (0,30) size 5x10
    RenderText {mo} at (0,-2) size 5x17
      text run at (0,-2) width 5: "\x{23A5}"
layer at (339,307) size 5x10 scrollHeight 15
  RenderBlock {mo} at (0,40) size 5x10
    RenderText {mo} at (0,-2) size 5x17
      text run at (0,-2) width 5: "\x{23A5}"
layer at (339,317) size 5x10 scrollHeight 15
  RenderBlock {mo} at (0,50) size 5x10
    RenderText {mo} at (0,-2) size 5x17
      text run at (0,-2) width 5: "\x{23A5}"
layer at (339,327) size 5x10 scrollHeight 15
  RenderBlock {mo} at (0,60) size 5x10
    RenderText {mo} at (0,-2) size 5x17
      text run at (0,-2) width 5: "\x{23A5}"
layer at (339,337) size 5x10 scrollHeight 15
  RenderBlock {mo} at (0,70) size 5x10
    RenderText {mo} at (0,-2) size 5x17
      text run at (0,-2) width 5: "\x{23A5}"
layer at (339,347) size 5x10 scrollHeight 15
  RenderBlock {mo} at (0,80) size 5x10
    RenderText {mo} at (0,-2) size 5x17
      text run at (0,-2) width 5: "\x{23A5}"
layer at (339,357) size 5x10 scrollHeight 15
  RenderBlock {mo} at (0,90) size 5x10
    RenderText {mo} at (0,-2) size 5x17
      text run at (0,-2) width 5: "\x{23A5}"
layer at (339,367) size 5x10 scrollHeight 15
  RenderBlock {mo} at (0,100) size 5x10
    RenderText {mo} at (0,-2) size 5x17
      text run at (0,-2) width 5: "\x{23A5}"
layer at (339,377) size 5x10 scrollHeight 15
  RenderBlock {mo} at (0,110) size 5x10
    RenderText {mo} at (0,-2) size 5x17
      text run at (0,-2) width 5: "\x{23A5}"
layer at (339,387) size 5x10 scrollHeight 15
  RenderBlock {mo} at (0,120) size 5x10
    RenderText {mo} at (0,-2) size 5x17
      text run at (0,-2) width 5: "\x{23A5}"
layer at (339,397) size 5x4 scrollHeight 15
  RenderBlock {mo} at (0,130) size 5x4
    RenderText {mo} at (0,-2) size 5x17
      text run at (0,-2) width 5: "\x{23A5}"
layer at (339,401) size 5x12 scrollHeight 15
  RenderBlock {mo} at (0,134) size 5x12
layer at (352,267) size 5x10 scrollHeight 15
  RenderBlock {mo} at (0,0) size 5x10
    RenderText {mo} at (0,-2) size 5x17
      text run at (0,-2) width 5: "\x{239B}"
layer at (352,277) size 5x10 scrollHeight 15
  RenderBlock {mo} at (0,10) size 5x10
    RenderText {mo} at (0,-2) size 5x17
      text run at (0,-2) width 5: "\x{239C}"
layer at (352,287) size 5x10 scrollHeight 15
  RenderBlock {mo} at (0,20) size 5x10
    RenderText {mo} at (0,-2) size 5x17
      text run at (0,-2) width 5: "\x{239C}"
layer at (352,297) size 5x10 scrollHeight 15
  RenderBlock {mo} at (0,30) size 5x10
    RenderText {mo} at (0,-2) size 5x17
      text run at (0,-2) width 5: "\x{239C}"
layer at (352,307) size 5x10 scrollHeight 15
  RenderBlock {mo} at (0,40) size 5x10
    RenderText {mo} at (0,-2) size 5x17
      text run at (0,-2) width 5: "\x{239C}"
layer at (352,317) size 5x10 scrollHeight 15
  RenderBlock {mo} at (0,50) size 5x10
    RenderText {mo} at (0,-2) size 5x17
      text run at (0,-2) width 5: "\x{239C}"
layer at (352,327) size 5x10 scrollHeight 15
  RenderBlock {mo} at (0,60) size 5x10
    RenderText {mo} at (0,-2) size 5x17
      text run at (0,-2) width 5: "\x{239C}"
layer at (352,337) size 5x10 scrollHeight 15
  RenderBlock {mo} at (0,70) size 5x10
    RenderText {mo} at (0,-2) size 5x17
      text run at (0,-2) width 5: "\x{239C}"
layer at (352,347) size 5x10 scrollHeight 15
  RenderBlock {mo} at (0,80) size 5x10
    RenderText {mo} at (0,-2) size 5x17
      text run at (0,-2) width 5: "\x{239C}"
layer at (352,357) size 5x10 scrollHeight 15
  RenderBlock {mo} at (0,90) size 5x10
    RenderText {mo} at (0,-2) size 5x17
      text run at (0,-2) width 5: "\x{239C}"
layer at (352,367) size 5x10 scrollHeight 15
  RenderBlock {mo} at (0,100) size 5x10
    RenderText {mo} at (0,-2) size 5x17
      text run at (0,-2) width 5: "\x{239C}"
layer at (352,377) size 5x10 scrollHeight 15
  RenderBlock {mo} at (0,110) size 5x10
    RenderText {mo} at (0,-2) size 5x17
      text run at (0,-2) width 5: "\x{239C}"
layer at (352,387) size 5x10 scrollHeight 15
  RenderBlock {mo} at (0,120) size 5x10
    RenderText {mo} at (0,-2) size 5x17
      text run at (0,-2) width 5: "\x{239C}"
layer at (352,397) size 5x4 scrollHeight 15
  RenderBlock {mo} at (0,130) size 5x4
    RenderText {mo} at (0,-2) size 5x17
      text run at (0,-2) width 5: "\x{239C}"
layer at (352,401) size 5x12 scrollHeight 15
  RenderBlock {mo} at (0,134) size 5x12
layer at (484,267) size 5x10 scrollHeight 15
  RenderBlock {mo} at (0,0) size 5x10
    RenderText {mo} at (0,-2) size 5x17
      text run at (0,-2) width 5: "\x{239E}"
layer at (484,277) size 5x10 scrollHeight 15
  RenderBlock {mo} at (0,10) size 5x10
    RenderText {mo} at (0,-2) size 5x17
      text run at (0,-2) width 5: "\x{239F}"
layer at (484,287) size 5x10 scrollHeight 15
  RenderBlock {mo} at (0,20) size 5x10
    RenderText {mo} at (0,-2) size 5x17
      text run at (0,-2) width 5: "\x{239F}"
layer at (484,297) size 5x10 scrollHeight 15
  RenderBlock {mo} at (0,30) size 5x10
    RenderText {mo} at (0,-2) size 5x17
      text run at (0,-2) width 5: "\x{239F}"
layer at (484,307) size 5x10 scrollHeight 15
  RenderBlock {mo} at (0,40) size 5x10
    RenderText {mo} at (0,-2) size 5x17
      text run at (0,-2) width 5: "\x{239F}"
layer at (484,317) size 5x10 scrollHeight 15
  RenderBlock {mo} at (0,50) size 5x10
    RenderText {mo} at (0,-2) size 5x17
      text run at (0,-2) width 5: "\x{239F}"
layer at (484,327) size 5x10 scrollHeight 15
  RenderBlock {mo} at (0,60) size 5x10
    RenderText {mo} at (0,-2) size 5x17
      text run at (0,-2) width 5: "\x{239F}"
layer at (484,337) size 5x10 scrollHeight 15
  RenderBlock {mo} at (0,70) size 5x10
    RenderText {mo} at (0,-2) size 5x17
      text run at (0,-2) width 5: "\x{239F}"
layer at (484,347) size 5x10 scrollHeight 15
  RenderBlock {mo} at (0,80) size 5x10
    RenderText {mo} at (0,-2) size 5x17
      text run at (0,-2) width 5: "\x{239F}"
layer at (484,357) size 5x10 scrollHeight 15
  RenderBlock {mo} at (0,90) size 5x10
    RenderText {mo} at (0,-2) size 5x17
      text run at (0,-2) width 5: "\x{239F}"
layer at (484,367) size 5x10 scrollHeight 15
  RenderBlock {mo} at (0,100) size 5x10
    RenderText {mo} at (0,-2) size 5x17
      text run at (0,-2) width 5: "\x{239F}"
layer at (484,377) size 5x10 scrollHeight 15
  RenderBlock {mo} at (0,110) size 5x10
    RenderText {mo} at (0,-2) size 5x17
      text run at (0,-2) width 5: "\x{239F}"
layer at (484,387) size 5x10 scrollHeight 15
  RenderBlock {mo} at (0,120) size 5x10
    RenderText {mo} at (0,-2) size 5x17
      text run at (0,-2) width 5: "\x{239F}"
layer at (484,397) size 5x4 scrollHeight 15
  RenderBlock {mo} at (0,130) size 5x4
    RenderText {mo} at (0,-2) size 5x17
      text run at (0,-2) width 5: "\x{239F}"
layer at (484,401) size 5x12 scrollHeight 15
  RenderBlock {mo} at (0,134) size 5x12
layer at (497,267) size 8x10 scrollHeight 15
  RenderBlock {mo} at (0,0) size 8x10
    RenderText {mo} at (0,-2) size 8x17
      text run at (0,-2) width 8: "\x{23D0}"
layer at (497,277) size 8x10 scrollHeight 15
  RenderBlock {mo} at (0,10) size 8x10
    RenderText {mo} at (0,-2) size 8x17
      text run at (0,-2) width 8: "\x{23D0}"
layer at (497,287) size 8x10 scrollHeight 15
  RenderBlock {mo} at (0,20) size 8x10
    RenderText {mo} at (0,-2) size 8x17
      text run at (0,-2) width 8: "\x{23D0}"
layer at (497,297) size 8x10 scrollHeight 15
  RenderBlock {mo} at (0,30) size 8x10
    RenderText {mo} at (0,-2) size 8x17
      text run at (0,-2) width 8: "\x{23D0}"
layer at (497,307) size 8x10 scrollHeight 15
  RenderBlock {mo} at (0,40) size 8x10
    RenderText {mo} at (0,-2) size 8x17
      text run at (0,-2) width 8: "\x{23D0}"
layer at (497,317) size 8x10 scrollHeight 15
  RenderBlock {mo} at (0,50) size 8x10
    RenderText {mo} at (0,-2) size 8x17
      text run at (0,-2) width 8: "\x{23D0}"
layer at (497,327) size 8x10 scrollHeight 15
  RenderBlock {mo} at (0,60) size 8x10
    RenderText {mo} at (0,-2) size 8x17
      text run at (0,-2) width 8: "\x{23D0}"
layer at (497,337) size 8x10 scrollHeight 15
  RenderBlock {mo} at (0,70) size 8x10
    RenderText {mo} at (0,-2) size 8x17
      text run at (0,-2) width 8: "\x{23D0}"
layer at (497,347) size 8x10 scrollHeight 15
  RenderBlock {mo} at (0,80) size 8x10
    RenderText {mo} at (0,-2) size 8x17
      text run at (0,-2) width 8: "\x{23D0}"
layer at (497,357) size 8x10 scrollHeight 15
  RenderBlock {mo} at (0,90) size 8x10
    RenderText {mo} at (0,-2) size 8x17
      text run at (0,-2) width 8: "\x{23D0}"
layer at (497,367) size 8x10 scrollHeight 15
  RenderBlock {mo} at (0,100) size 8x10
    RenderText {mo} at (0,-2) size 8x17
      text run at (0,-2) width 8: "\x{23D0}"
layer at (497,377) size 8x10 scrollHeight 15
  RenderBlock {mo} at (0,110) size 8x10
    RenderText {mo} at (0,-2) size 8x17
      text run at (0,-2) width 8: "\x{23D0}"
layer at (497,387) size 8x10 scrollHeight 15
  RenderBlock {mo} at (0,120) size 8x10
    RenderText {mo} at (0,-2) size 8x17
      text run at (0,-2) width 8: "\x{23D0}"
layer at (497,397) size 8x4 scrollHeight 15
  RenderBlock {mo} at (0,130) size 8x4
    RenderText {mo} at (0,-2) size 8x17
      text run at (0,-2) width 8: "\x{23D0}"
layer at (497,401) size 8x12 scrollHeight 15
  RenderBlock {mo} at (0,134) size 8x12
layer at (632,267) size 8x10 scrollHeight 15
  RenderBlock {mo} at (0,0) size 8x10
    RenderText {mo} at (0,-2) size 8x17
      text run at (0,-2) width 8: "\x{23D0}"
layer at (632,277) size 8x10 scrollHeight 15
  RenderBlock {mo} at (0,10) size 8x10
    RenderText {mo} at (0,-2) size 8x17
      text run at (0,-2) width 8: "\x{23D0}"
layer at (632,287) size 8x10 scrollHeight 15
  RenderBlock {mo} at (0,20) size 8x10
    RenderText {mo} at (0,-2) size 8x17
      text run at (0,-2) width 8: "\x{23D0}"
layer at (632,297) size 8x10 scrollHeight 15
  RenderBlock {mo} at (0,30) size 8x10
    RenderText {mo} at (0,-2) size 8x17
      text run at (0,-2) width 8: "\x{23D0}"
layer at (632,307) size 8x10 scrollHeight 15
  RenderBlock {mo} at (0,40) size 8x10
    RenderText {mo} at (0,-2) size 8x17
      text run at (0,-2) width 8: "\x{23D0}"
layer at (632,317) size 8x10 scrollHeight 15
  RenderBlock {mo} at (0,50) size 8x10
    RenderText {mo} at (0,-2) size 8x17
      text run at (0,-2) width 8: "\x{23D0}"
layer at (632,327) size 8x10 scrollHeight 15
  RenderBlock {mo} at (0,60) size 8x10
    RenderText {mo} at (0,-2) size 8x17
      text run at (0,-2) width 8: "\x{23D0}"
layer at (632,337) size 8x10 scrollHeight 15
  RenderBlock {mo} at (0,70) size 8x10
    RenderText {mo} at (0,-2) size 8x17
      text run at (0,-2) width 8: "\x{23D0}"
layer at (632,347) size 8x10 scrollHeight 15
  RenderBlock {mo} at (0,80) size 8x10
    RenderText {mo} at (0,-2) size 8x17
      text run at (0,-2) width 8: "\x{23D0}"
layer at (632,357) size 8x10 scrollHeight 15
  RenderBlock {mo} at (0,90) size 8x10
    RenderText {mo} at (0,-2) size 8x17
      text run at (0,-2) width 8: "\x{23D0}"
layer at (632,367) size 8x10 scrollHeight 15
  RenderBlock {mo} at (0,100) size 8x10
    RenderText {mo} at (0,-2) size 8x17
      text run at (0,-2) width 8: "\x{23D0}"
layer at (632,377) size 8x10 scrollHeight 15
  RenderBlock {mo} at (0,110) size 8x10
    RenderText {mo} at (0,-2) size 8x17
      text run at (0,-2) width 8: "\x{23D0}"
layer at (632,387) size 8x10 scrollHeight 15
  RenderBlock {mo} at (0,120) size 8x10
    RenderText {mo} at (0,-2) size 8x17
      text run at (0,-2) width 8: "\x{23D0}"
layer at (632,397) size 8x4 scrollHeight 15
  RenderBlock {mo} at (0,130) size 8x4
    RenderText {mo} at (0,-2) size 8x17
      text run at (0,-2) width 8: "\x{23D0}"
layer at (632,401) size 8x12 scrollHeight 15
  RenderBlock {mo} at (0,134) size 8x12
layer at (10,413) size 10x10 scrollHeight 15
  RenderBlock {mo} at (0,0) size 10x10
    RenderText {mo} at (0,-2) size 10x17
      text run at (0,-2) width 10: "\x{2320}"
layer at (10,423) size 10x10 scrollHeight 15
  RenderBlock {mo} at (0,10) size 10x10
    RenderText {mo} at (0,-2) size 10x17
      text run at (0,-2) width 10: "\x{23AE}"
layer at (10,433) size 10x10 scrollHeight 15
  RenderBlock {mo} at (0,20) size 10x10
    RenderText {mo} at (0,-2) size 10x17
      text run at (0,-2) width 10: "\x{23AE}"
layer at (10,443) size 10x10 scrollHeight 15
  RenderBlock {mo} at (0,30) size 10x10
    RenderText {mo} at (0,-2) size 10x17
      text run at (0,-2) width 10: "\x{23AE}"
layer at (10,453) size 10x10 scrollHeight 15
  RenderBlock {mo} at (0,40) size 10x10
    RenderText {mo} at (0,-2) size 10x17
      text run at (0,-2) width 10: "\x{23AE}"
layer at (10,463) size 10x10 scrollHeight 15
  RenderBlock {mo} at (0,50) size 10x10
    RenderText {mo} at (0,-2) size 10x17
      text run at (0,-2) width 10: "\x{23AE}"
layer at (10,473) size 10x10 scrollHeight 15
  RenderBlock {mo} at (0,60) size 10x10
    RenderText {mo} at (0,-2) size 10x17
      text run at (0,-2) width 10: "\x{23AE}"
layer at (10,483) size 10x10 scrollHeight 15
  RenderBlock {mo} at (0,70) size 10x10
    RenderText {mo} at (0,-2) size 10x17
      text run at (0,-2) width 10: "\x{23AE}"
layer at (10,493) size 10x10 scrollHeight 15
  RenderBlock {mo} at (0,80) size 10x10
    RenderText {mo} at (0,-2) size 10x17
      text run at (0,-2) width 10: "\x{23AE}"
layer at (10,503) size 10x10 scrollHeight 15
  RenderBlock {mo} at (0,90) size 10x10
    RenderText {mo} at (0,-2) size 10x17
      text run at (0,-2) width 10: "\x{23AE}"
layer at (10,513) size 10x10 scrollHeight 15
  RenderBlock {mo} at (0,100) size 10x10
    RenderText {mo} at (0,-2) size 10x17
      text run at (0,-2) width 10: "\x{23AE}"
layer at (10,523) size 10x10 scrollHeight 15
  RenderBlock {mo} at (0,110) size 10x10
    RenderText {mo} at (0,-2) size 10x17
      text run at (0,-2) width 10: "\x{23AE}"
layer at (10,533) size 10x10 scrollHeight 15
  RenderBlock {mo} at (0,120) size 10x10
    RenderText {mo} at (0,-2) size 10x17
      text run at (0,-2) width 10: "\x{23AE}"
layer at (10,543) size 10x4 scrollHeight 15
  RenderBlock {mo} at (0,130) size 10x4
    RenderText {mo} at (0,-2) size 10x17
      text run at (0,-2) width 10: "\x{23AE}"
layer at (10,547) size 10x12 scrollHeight 15
  RenderBlock {mo} at (0,134) size 10x12
layer at (10,575) size 5x10 scrollHeight 15
  RenderBlock {mo} at (0,0) size 5x10
    RenderText {mo} at (0,-2) size 5x17
      text run at (0,-2) width 5: "\x{239B}"
layer at (10,585) size 5x10 scrollHeight 15
  RenderBlock {mo} at (0,10) size 5x10
    RenderText {mo} at (0,-2) size 5x17
      text run at (0,-2) width 5: "\x{239C}"
layer at (10,595) size 5x10 scrollHeight 15
  RenderBlock {mo} at (0,20) size 5x10
    RenderText {mo} at (0,-2) size 5x17
      text run at (0,-2) width 5: "\x{239C}"
layer at (10,605) size 5x8 scrollHeight 15
  RenderBlock {mo} at (0,30) size 5x8
    RenderText {mo} at (0,-2) size 5x17
      text run at (0,-2) width 5: "\x{239C}"
layer at (10,613) size 5x12 scrollHeight 15
  RenderBlock {mo} at (0,38) size 5x12
layer at (154,575) size 5x10 scrollHeight 15
  RenderBlock {mo} at (0,0) size 5x10
    RenderText {mo} at (0,-2) size 5x17
      text run at (0,-2) width 5: "\x{239E}"
layer at (154,585) size 5x10 scrollHeight 15
  RenderBlock {mo} at (0,10) size 5x10
    RenderText {mo} at (0,-2) size 5x17
      text run at (0,-2) width 5: "\x{239F}"
layer at (154,595) size 5x10 scrollHeight 15
  RenderBlock {mo} at (0,20) size 5x10
    RenderText {mo} at (0,-2) size 5x17
      text run at (0,-2) width 5: "\x{239F}"
layer at (154,605) size 5x8 scrollHeight 15
  RenderBlock {mo} at (0,30) size 5x8
    RenderText {mo} at (0,-2) size 5x17
      text run at (0,-2) width 5: "\x{239F}"
layer at (154,613) size 5x12 scrollHeight 15
  RenderBlock {mo} at (0,38) size 5x12
layer at (50,96) size 7x15 backgroundClip at (50,98) size 7x10 clip at (50,98) size 7x10 outlineClip at (50,98) size 7x10
  RenderBlock (relative positioned) {mo} at (0,0) size 7x12
    RenderText {mo} at (0,-2) size 7x17
      text run at (0,-2) width 7: "\x{23A8}"
layer at (50,104) size 7x15 backgroundClip at (50,108) size 7x12 clip at (50,108) size 7x12 outlineClip at (50,108) size 7x12
  RenderBlock (relative positioned) {mo} at (0,0) size 7x12
    RenderText {mo} at (0,-2) size 7x17
      text run at (0,-2) width 7: "\x{23A9}"
layer at (88,96) size 7x15 backgroundClip at (88,98) size 7x10 clip at (88,98) size 7x10 outlineClip at (88,98) size 7x10
  RenderBlock (relative positioned) {mo} at (0,0) size 7x12
    RenderText {mo} at (0,-2) size 7x17
      text run at (0,-2) width 7: "\x{23AC}"
layer at (88,104) size 7x15 backgroundClip at (88,108) size 7x12 clip at (88,108) size 7x12 outlineClip at (88,108) size 7x12
  RenderBlock (relative positioned) {mo} at (0,0) size 7x12
    RenderText {mo} at (0,-2) size 7x17
      text run at (0,-2) width 7: "\x{23AD}"
layer at (103,103) size 5x15 backgroundClip at (103,107) size 5x12 clip at (103,107) size 5x12 outlineClip at (103,107) size 5x12
  RenderBlock (relative positioned) {mo} at (0,0) size 5x12
    RenderText {mo} at (0,-2) size 5x17
      text run at (0,-2) width 5: "\x{23A3}"
layer at (139,103) size 5x15 backgroundClip at (139,107) size 5x12 clip at (139,107) size 5x12 outlineClip at (139,107) size 5x12
  RenderBlock (relative positioned) {mo} at (0,0) size 5x12
    RenderText {mo} at (0,-2) size 5x17
      text run at (0,-2) width 5: "\x{23A6}"
layer at (152,103) size 5x15 backgroundClip at (152,107) size 5x12 clip at (152,107) size 5x12 outlineClip at (152,107) size 5x12
  RenderBlock (relative positioned) {mo} at (0,0) size 5x12
    RenderText {mo} at (0,-2) size 5x17
      text run at (0,-2) width 5: "\x{239D}"
layer at (188,103) size 5x15 backgroundClip at (188,107) size 5x12 clip at (188,107) size 5x12 outlineClip at (188,107) size 5x12
  RenderBlock (relative positioned) {mo} at (0,0) size 5x12
    RenderText {mo} at (0,-2) size 5x17
      text run at (0,-2) width 5: "\x{23A0}"
layer at (201,103) size 8x15 backgroundClip at (201,107) size 8x12 clip at (201,107) size 8x12 outlineClip at (201,107) size 8x12
  RenderBlock (relative positioned) {mo} at (0,0) size 8x12
    RenderText {mo} at (0,-2) size 8x17
      text run at (0,-2) width 8: "\x{23D0}"
layer at (240,103) size 8x15 backgroundClip at (240,107) size 8x12 clip at (240,107) size 8x12 outlineClip at (240,107) size 8x12
  RenderBlock (relative positioned) {mo} at (0,0) size 8x12
    RenderText {mo} at (0,-2) size 8x17
      text run at (0,-2) width 8: "\x{23D0}"
layer at (256,103) size 10x15 backgroundClip at (256,107) size 10x12 clip at (256,107) size 10x12 outlineClip at (256,107) size 10x12
  RenderBlock (relative positioned) {mo} at (0,0) size 10x12
    RenderText {mo} at (0,-2) size 10x17
      text run at (0,-2) width 10: "\x{2321}"
layer at (50,148) size 7x15 backgroundClip at (50,150) size 7x10 clip at (50,150) size 7x10 outlineClip at (50,150) size 7x10
  RenderBlock (relative positioned) {mo} at (0,0) size 7x12
    RenderText {mo} at (0,-2) size 7x17
      text run at (0,-2) width 7: "\x{23A8}"
layer at (50,160) size 7x15 backgroundClip at (50,164) size 7x12 clip at (50,164) size 7x12 outlineClip at (50,164) size 7x12
  RenderBlock (relative positioned) {mo} at (0,0) size 7x12
    RenderText {mo} at (0,-2) size 7x17
      text run at (0,-2) width 7: "\x{23A9}"
layer at (96,148) size 7x15 backgroundClip at (96,150) size 7x10 clip at (96,150) size 7x10 outlineClip at (96,150) size 7x10
  RenderBlock (relative positioned) {mo} at (0,0) size 7x12
    RenderText {mo} at (0,-2) size 7x17
      text run at (0,-2) width 7: "\x{23AC}"
layer at (96,160) size 7x15 backgroundClip at (96,164) size 7x12 clip at (96,164) size 7x12 outlineClip at (96,164) size 7x12
  RenderBlock (relative positioned) {mo} at (0,0) size 7x12
    RenderText {mo} at (0,-2) size 7x17
      text run at (0,-2) width 7: "\x{23AD}"
layer at (111,160) size 5x15 backgroundClip at (111,164) size 5x12 clip at (111,164) size 5x12 outlineClip at (111,164) size 5x12
  RenderBlock (relative positioned) {mo} at (0,0) size 5x12
    RenderText {mo} at (0,-2) size 5x17
      text run at (0,-2) width 5: "\x{23A3}"
layer at (155,160) size 5x15 backgroundClip at (155,164) size 5x12 clip at (155,164) size 5x12 outlineClip at (155,164) size 5x12
  RenderBlock (relative positioned) {mo} at (0,0) size 5x12
    RenderText {mo} at (0,-2) size 5x17
      text run at (0,-2) width 5: "\x{23A6}"
layer at (168,160) size 5x15 backgroundClip at (168,164) size 5x12 clip at (168,164) size 5x12 outlineClip at (168,164) size 5x12
  RenderBlock (relative positioned) {mo} at (0,0) size 5x12
    RenderText {mo} at (0,-2) size 5x17
      text run at (0,-2) width 5: "\x{239D}"
layer at (212,160) size 5x15 backgroundClip at (212,164) size 5x12 clip at (212,164) size 5x12 outlineClip at (212,164) size 5x12
  RenderBlock (relative positioned) {mo} at (0,0) size 5x12
    RenderText {mo} at (0,-2) size 5x17
      text run at (0,-2) width 5: "\x{23A0}"
layer at (225,160) size 8x15 backgroundClip at (225,164) size 8x12 clip at (225,164) size 8x12 outlineClip at (225,164) size 8x12
  RenderBlock (relative positioned) {mo} at (0,0) size 8x12
    RenderText {mo} at (0,-2) size 8x17
      text run at (0,-2) width 8: "\x{23D0}"
layer at (272,160) size 8x15 backgroundClip at (272,164) size 8x12 clip at (272,164) size 8x12 outlineClip at (272,164) size 8x12
  RenderBlock (relative positioned) {mo} at (0,0) size 8x12
    RenderText {mo} at (0,-2) size 8x17
      text run at (0,-2) width 8: "\x{23D0}"
layer at (288,160) size 10x15 backgroundClip at (288,164) size 10x12 clip at (288,164) size 10x12 outlineClip at (288,164) size 10x12
  RenderBlock (relative positioned) {mo} at (0,0) size 10x12
    RenderText {mo} at (0,-2) size 10x17
      text run at (0,-2) width 10: "\x{2321}"
layer at (50,213) size 7x15 backgroundClip at (50,215) size 7x10 clip at (50,215) size 7x10 outlineClip at (50,215) size 7x10
  RenderBlock (relative positioned) {mo} at (0,0) size 7x12
    RenderText {mo} at (0,-2) size 7x17
      text run at (0,-2) width 7: "\x{23A8}"
layer at (50,235) size 7x15 backgroundClip at (50,239) size 7x12 clip at (50,239) size 7x12 outlineClip at (50,239) size 7x12
  RenderBlock (relative positioned) {mo} at (0,0) size 7x12
    RenderText {mo} at (0,-2) size 7x17
      text run at (0,-2) width 7: "\x{23A9}"
layer at (112,213) size 7x15 backgroundClip at (112,215) size 7x10 clip at (112,215) size 7x10 outlineClip at (112,215) size 7x10
  RenderBlock (relative positioned) {mo} at (0,0) size 7x12
    RenderText {mo} at (0,-2) size 7x17
      text run at (0,-2) width 7: "\x{23AC}"
layer at (112,235) size 7x15 backgroundClip at (112,239) size 7x12 clip at (112,239) size 7x12 outlineClip at (112,239) size 7x12
  RenderBlock (relative positioned) {mo} at (0,0) size 7x12
    RenderText {mo} at (0,-2) size 7x17
      text run at (0,-2) width 7: "\x{23AD}"
layer at (127,235) size 5x15 backgroundClip at (127,239) size 5x12 clip at (127,239) size 5x12 outlineClip at (127,239) size 5x12
  RenderBlock (relative positioned) {mo} at (0,0) size 5x12
    RenderText {mo} at (0,-2) size 5x17
      text run at (0,-2) width 5: "\x{23A3}"
layer at (187,235) size 5x15 backgroundClip at (187,239) size 5x12 clip at (187,239) size 5x12 outlineClip at (187,239) size 5x12
  RenderBlock (relative positioned) {mo} at (0,0) size 5x12
    RenderText {mo} at (0,-2) size 5x17
      text run at (0,-2) width 5: "\x{23A6}"
layer at (200,235) size 5x15 backgroundClip at (200,239) size 5x12 clip at (200,239) size 5x12 outlineClip at (200,239) size 5x12
  RenderBlock (relative positioned) {mo} at (0,0) size 5x12
    RenderText {mo} at (0,-2) size 5x17
      text run at (0,-2) width 5: "\x{239D}"
layer at (260,235) size 5x15 backgroundClip at (260,239) size 5x12 clip at (260,239) size 5x12 outlineClip at (260,239) size 5x12
  RenderBlock (relative positioned) {mo} at (0,0) size 5x12
    RenderText {mo} at (0,-2) size 5x17
      text run at (0,-2) width 5: "\x{23A0}"
layer at (273,235) size 8x15 backgroundClip at (273,239) size 8x12 clip at (273,239) size 8x12 outlineClip at (273,239) size 8x12
  RenderBlock (relative positioned) {mo} at (0,0) size 8x12
    RenderText {mo} at (0,-2) size 8x17
      text run at (0,-2) width 8: "\x{23D0}"
layer at (336,235) size 8x15 backgroundClip at (336,239) size 8x12 clip at (336,239) size 8x12 outlineClip at (336,239) size 8x12
  RenderBlock (relative positioned) {mo} at (0,0) size 8x12
    RenderText {mo} at (0,-2) size 8x17
      text run at (0,-2) width 8: "\x{23D0}"
layer at (352,235) size 10x15 backgroundClip at (352,239) size 10x12 clip at (352,239) size 10x12 outlineClip at (352,239) size 10x12
  RenderBlock (relative positioned) {mo} at (0,0) size 10x12
    RenderText {mo} at (0,-2) size 10x17
      text run at (0,-2) width 10: "\x{2321}"
layer at (58,332) size 7x15 backgroundClip at (58,334) size 7x10 clip at (58,334) size 7x10 outlineClip at (58,334) size 7x10
  RenderBlock (relative positioned) {mo} at (0,0) size 7x12
    RenderText {mo} at (0,-2) size 7x17
      text run at (0,-2) width 7: "\x{23A8}"
layer at (58,397) size 7x15 backgroundClip at (58,401) size 7x12 clip at (58,401) size 7x12 outlineClip at (58,401) size 7x12
  RenderBlock (relative positioned) {mo} at (0,0) size 7x12
    RenderText {mo} at (0,-2) size 7x17
      text run at (0,-2) width 7: "\x{23A9}"
layer at (192,332) size 7x15 backgroundClip at (192,334) size 7x10 clip at (192,334) size 7x10 outlineClip at (192,334) size 7x10
  RenderBlock (relative positioned) {mo} at (0,0) size 7x12
    RenderText {mo} at (0,-2) size 7x17
      text run at (0,-2) width 7: "\x{23AC}"
layer at (192,397) size 7x15 backgroundClip at (192,401) size 7x12 clip at (192,401) size 7x12 outlineClip at (192,401) size 7x12
  RenderBlock (relative positioned) {mo} at (0,0) size 7x12
    RenderText {mo} at (0,-2) size 7x17
      text run at (0,-2) width 7: "\x{23AD}"
layer at (207,397) size 5x15 backgroundClip at (207,401) size 5x12 clip at (207,401) size 5x12 outlineClip at (207,401) size 5x12
  RenderBlock (relative positioned) {mo} at (0,0) size 5x12
    RenderText {mo} at (0,-2) size 5x17
      text run at (0,-2) width 5: "\x{23A3}"
layer at (339,397) size 5x15 backgroundClip at (339,401) size 5x12 clip at (339,401) size 5x12 outlineClip at (339,401) size 5x12
  RenderBlock (relative positioned) {mo} at (0,0) size 5x12
    RenderText {mo} at (0,-2) size 5x17
      text run at (0,-2) width 5: "\x{23A6}"
layer at (352,397) size 5x15 backgroundClip at (352,401) size 5x12 clip at (352,401) size 5x12 outlineClip at (352,401) size 5x12
  RenderBlock (relative positioned) {mo} at (0,0) size 5x12
    RenderText {mo} at (0,-2) size 5x17
      text run at (0,-2) width 5: "\x{239D}"
layer at (484,397) size 5x15 backgroundClip at (484,401) size 5x12 clip at (484,401) size 5x12 outlineClip at (484,401) size 5x12
  RenderBlock (relative positioned) {mo} at (0,0) size 5x12
    RenderText {mo} at (0,-2) size 5x17
      text run at (0,-2) width 5: "\x{23A0}"
layer at (497,397) size 8x15 backgroundClip at (497,401) size 8x12 clip at (497,401) size 8x12 outlineClip at (497,401) size 8x12
  RenderBlock (relative positioned) {mo} at (0,0) size 8x12
    RenderText {mo} at (0,-2) size 8x17
      text run at (0,-2) width 8: "\x{23D0}"
layer at (632,397) size 8x15 backgroundClip at (632,401) size 8x12 clip at (632,401) size 8x12 outlineClip at (632,401) size 8x12
  RenderBlock (relative positioned) {mo} at (0,0) size 8x12
    RenderText {mo} at (0,-2) size 8x17
      text run at (0,-2) width 8: "\x{23D0}"
layer at (10,543) size 10x15 backgroundClip at (10,547) size 10x12 clip at (10,547) size 10x12 outlineClip at (10,547) size 10x12
  RenderBlock (relative positioned) {mo} at (0,0) size 10x12
    RenderText {mo} at (0,-2) size 10x17
      text run at (0,-2) width 10: "\x{2321}"
layer at (10,609) size 5x15 backgroundClip at (10,613) size 5x12 clip at (10,613) size 5x12 outlineClip at (10,613) size 5x12
  RenderBlock (relative positioned) {mo} at (0,0) size 5x12
    RenderText {mo} at (0,-2) size 5x17
      text run at (0,-2) width 5: "\x{239D}"
layer at (154,609) size 5x15 backgroundClip at (154,613) size 5x12 clip at (154,613) size 5x12 outlineClip at (154,613) size 5x12
  RenderBlock (relative positioned) {mo} at (0,0) size 5x12
    RenderText {mo} at (0,-2) size 5x17
      text run at (0,-2) width 5: "\x{23A0}"
