layer at (0,0) size 800x600
  RenderView at (0,0) size 800x600
layer at (0,0) size 800x130
  RenderBlock {html} at (0,0) size 800x130
    RenderBody {body} at (8,16) size 784x98
      RenderBlock {p} at (0,0) size 784x22
        RenderText {#text} at (0,0) size 27x18
          text run at (0,0) width 27: "text "
        RenderBlock {math} at (27,0) size 15x22
          RenderBlock {msub} at (1,0) size 13x22
            RenderInline {mi} at (0,0) size 7x16
              RenderText {#text} at (0,3) size 7x16
                text run at (0,3) width 7: "x"
            RenderInline {mn} at (0,0) size 6x12
              RenderText {#text} at (7,10) size 6x12
                text run at (7,10) width 6: "1"
        RenderText {#text} at (0,0) size 0x0
      RenderBlock {p} at (0,38) size 784x22
        RenderText {#text} at (0,0) size 27x18
          text run at (0,0) width 27: "text "
        RenderBlock {math} at (27,3) size 20x19
          RenderBlock {msub} at (1,0) size 18x19
            RenderBlock {mo} at (0,0) size 9x16
              RenderBlock {mo} at (0,0) size 9x16
                RenderText {mo} at (0,0) size 9x16
                  text run at (0,0) width 9: "+"
            RenderText {#text} at (9,0) size 4x16
              text run at (9,0) width 4: " "
            RenderInline {mi} at (0,0) size 5x12
              RenderText {#text} at (13,7) size 5x12
                text run at (13,7) width 5: "x"
            RenderText {#text} at (0,0) size 0x0
        RenderText {#text} at (0,0) size 0x0
      RenderBlock {p} at (0,76) size 784x22
        RenderText {#text} at (0,0) size 27x18
          text run at (0,0) width 27: "text "
        RenderBlock {math} at (27,3) size 17x19
          RenderBlock {msub} at (1,0) size 15x19
            RenderBlock {mo} at (0,0) size 4x16
              RenderBlock {mo} at (0,0) size 4x16
                RenderText {mo} at (0,0) size 4x16
                  text run at (0,0) width 4: "\x{222B}"
            RenderText {#text} at (4,0) size 4x16
              text run at (4,0) width 4: " "
            RenderInline {mi} at (0,0) size 7x12
              RenderText {#text} at (8,7) size 7x12
                text run at (8,7) width 7: "Y"
            RenderText {#text} at (0,0) size 0x0
        RenderText {#text} at (0,0) size 0x0
