layer at (0,0) size 800x600
  RenderView at (0,0) size 800x600
layer at (0,0) size 800x260
  RenderBlock {html} at (0,0) size 800x260
    RenderBody {body} at (8,16) size 784x228
      RenderBlock {p} at (0,0) size 784x38
        RenderText {#text} at (0,8) size 92x18
          text run at (0,8) width 92: "under & over: "
        RenderBlock {math} at (92,0) size 10x38
          RenderBlock {munderover} at (0,0) size 10x38
            RenderBlock {munderover} at (0,0) size 10x16
              RenderInline {mi} at (0,0) size 5x12
                RenderText {#text} at (2,3) size 5x12
                  text run at (2,3) width 5: "y"
            RenderBlock {munderover} at (0,11) size 10x17
              RenderInline {mi} at (0,0) size 10x16
                RenderText {#text} at (0,1) size 10x16
                  text run at (0,1) width 10: "B"
            RenderBlock {munderover} at (0,22) size 10x16
              RenderInline {mi} at (0,0) size 5x12
                RenderText {#text} at (2,3) size 5x12
                  text run at (2,3) width 5: "x"
        RenderText {#text} at (0,0) size 0x0
      RenderBlock {p} at (0,54) size 784x38
        RenderText {#text} at (0,8) size 92x18
          text run at (0,8) width 92: "under & over: "
        RenderBlock {math} at (92,0) size 10x38
          RenderBlock {munderover} at (0,0) size 10x38
            RenderBlock {munderover} at (0,0) size 10x16
              RenderInline {mi} at (0,0) size 5x12
                RenderText {#text} at (2,3) size 5x12
                  text run at (2,3) width 5: "y"
            RenderBlock {munderover} at (0,11) size 10x17
              RenderInline {mi} at (0,0) size 10x16
                RenderText {#text} at (0,1) size 10x16
                  text run at (0,1) width 10: "B"
            RenderBlock {munderover} at (0,22) size 10x16
              RenderInline {mi} at (0,0) size 7x12
                RenderText {#text} at (1,3) size 7x12
                  text run at (1,3) width 7: "X"
        RenderText {#text} at (0,0) size 0x0
      RenderBlock {p} at (0,108) size 784x52
        RenderText {#text} at (0,15) size 92x18
          text run at (0,15) width 92: "under & over: "
        RenderBlock {math} at (92,0) size 19x52
          RenderBlock {munderover} at (0,0) size 19x52
            RenderBlock {munderover} at (0,0) size 19x16
              RenderBlock {mrow} at (1,2) size 17x13
                RenderInline {mi} at (0,0) size 5x12
                  RenderText {#text} at (0,1) size 5x12
                    text run at (0,1) width 5: "x"
                RenderBlock {mo} at (5,1) size 7x12
                  RenderText {#text} at (0,0) size 7x12
                    text run at (0,0) width 7: "+"
                RenderInline {mi} at (0,0) size 5x12
                  RenderText {#text} at (12,1) size 5x12
                    text run at (12,1) width 5: "y"
            RenderBlock {munderover} at (0,12) size 19x24
              RenderBlock {mo} at (0,0) size 19x24
                RenderText {#text} at (1,0) size 17x24
                  text run at (1,0) width 17: "\x{2211}"
            RenderBlock {munderover} at (0,36) size 19x16
              RenderBlock {mrow} at (1,2) size 16x13
                RenderInline {mi} at (0,0) size 3x12
                  RenderText {#text} at (0,1) size 3x12
                    text run at (0,1) width 3: "i"
                RenderBlock {mo} at (3,1) size 7x12
                  RenderText {#text} at (0,0) size 7x12
                    text run at (0,0) width 7: "="
                RenderInline {mi} at (0,0) size 6x12
                  RenderText {#text} at (10,1) size 6x12
                    text run at (10,1) width 6: "0"
        RenderText {#text} at (0,0) size 0x0
      RenderBlock {p} at (0,176) size 784x52
        RenderText {#text} at (0,15) size 92x18
          text run at (0,15) width 92: "under & over: "
        RenderBlock {math} at (92,0) size 19x52
          RenderBlock {munderover} at (0,0) size 19x52
            RenderBlock {munderover} at (0,0) size 19x16
              RenderBlock {mrow} at (0,2) size 19x13
                RenderInline {mi} at (0,0) size 7x12
                  RenderText {#text} at (0,1) size 7x12
                    text run at (0,1) width 7: "X"
                RenderBlock {mo} at (7,1) size 7x12
                  RenderText {#text} at (0,0) size 7x12
                    text run at (0,0) width 7: "+"
                RenderInline {mi} at (0,0) size 5x12
                  RenderText {#text} at (14,1) size 5x12
                    text run at (14,1) width 5: "y"
            RenderBlock {munderover} at (0,12) size 19x24
              RenderBlock {mo} at (0,0) size 19x24
                RenderText {#text} at (1,0) size 17x24
                  text run at (1,0) width 17: "\x{2211}"
            RenderBlock {munderover} at (0,36) size 19x16
              RenderBlock {mrow} at (1,2) size 17x13
                RenderInline {mi} at (0,0) size 4x12
                  RenderText {#text} at (0,1) size 4x12
                    text run at (0,1) width 4: "I"
                RenderBlock {mo} at (4,1) size 7x12
                  RenderText {#text} at (0,0) size 7x12
                    text run at (0,0) width 7: "="
                RenderInline {mi} at (0,0) size 6x12
                  RenderText {#text} at (11,1) size 6x12
                    text run at (11,1) width 6: "0"
        RenderText {#text} at (0,0) size 0x0
