layer at (0,0) size 800x600
  RenderView at (0,0) size 800x600
layer at (0,0) size 800x600
  RenderBlock {HTML} at (0,0) size 800x600
    RenderBody {BODY} at (8,8) size 784x576
      RenderBlock (floating) {DIV} at (0,0) size 110x110 [border: (5px solid #000000)]
        RenderSVGRoot {svg} at (13,13) size 100x100
          RenderPath {rect} at (13,13) size 100x100 [fill={[type=SOLID] [color=#0000FF]}] [data="M0.00,0.00L100.00,0.00L100.00,100.00L0.00,100.00"]
      RenderBlock {P} at (0,110) size 784x18
        RenderText {#text} at (0,0) size 435x18
          text run at (0,0) width 435: "You should see a solid 5px black border around a 100x100 blue rect."
