layer at (0,0) size 800x600
  RenderView at (0,0) size 800x600
layer at (0,0) size 800x600
  RenderBlock {HTML} at (0,0) size 800x600
    RenderBody {BODY} at (8,8) size 784x584
      RenderText {#text} at (0,0) size 780x60
        text run at (0,0) width 780: "The documents in the src attributes of the iframes below only contain comments. This test is for a bug where we would only"
        text run at (0,20) width 773: "construct RenderViews for such iframes. We need to propery construct an empty frame instead, so the RenderView should"
        text run at (0,40) width 502: "have a RenderBlock and RenderBody below it in the dump of the RenderTree. "
      RenderBR {BR} at (502,55) size 0x0
      RenderPartObject {IFRAME} at (0,60) size 788x14 [border: (2px inset #000000)]
        layer at (0,0) size 784x10
          RenderView at (0,0) size 784x10
        layer at (0,0) size 784x10
          RenderBlock {HTML} at (0,0) size 784x10
            RenderBody {BODY} at (8,8) size 768x0
      RenderText {#text} at (0,0) size 0x0
      RenderBR {BR} at (0,0) size 0x0
      RenderBR {BR} at (0,74) size 0x20
      RenderPartObject {IFRAME} at (0,94) size 788x14 [border: (2px inset #000000)]
        layer at (0,0) size 768x174
          RenderView at (0,0) size 768x10
        layer at (0,0) size 768x174
          RenderBlock {html} at (0,0) size 768x174
            RenderBody {body} at (8,16) size 752x142
              RenderBlock {parsererror} at (16,0) size 720x142 [bgcolor=#FFDDDD] [border: (2px solid #CC7777)]
                RenderBlock {h3} at (18,20) size 684x26
                  RenderText {#text} at (0,0) size 324x26
                    text run at (0,0) width 324: "This page contains the following errors:"
                RenderBlock {div} at (18,64) size 684x14
                  RenderText {#text} at (0,0) size 329x14
                    text run at (0,0) width 329: "error on line 1 at column 15: Document is empty"
                    text run at (329,0) width 0: " "
                RenderBlock {h3} at (18,96) size 684x26
                  RenderText {#text} at (0,0) size 429x26
                    text run at (0,0) width 429: "Below is a rendering of the page up to the first error."
      RenderText {#text} at (0,0) size 0x0
