layer at (0,0) size 800x600
  RenderView at (0,0) size 800x600
layer at (0,0) size 800x600
  RenderBlock {HTML} at (0,0) size 800x600
    RenderBody {BODY} at (8,8) size 784x576
      RenderBlock (anonymous) at (0,0) size 784x44
        RenderPartObject {IFRAME} at (0,0) size 204x44 [border: (2px inset #000000)]
          layer at (0,0) size 185x48
            RenderView at (0,0) size 185x40
          layer at (0,0) size 185x48
            RenderBlock {HTML} at (0,0) size 185x48
              RenderBody {BODY} at (8,8) size 169x32
                RenderTextControl {INPUT} at (2,2) size 170x28 [bgcolor=#FFFFFF]
          layer at (14,14) size 162x20
            RenderBlock {DIV} at (4,4) size 162x20
        RenderText {#text} at (0,0) size 0x0
      RenderBlock {P} at (0,60) size 784x32
        RenderText {#text} at (0,6) size 366x20
          text run at (0,6) width 366: "This field should look and act focused. Try to type into it: "
        RenderTextControl {INPUT} at (368,2) size 170x28 [bgcolor=#FFFFFF]
layer at (380,74) size 162x20
  RenderBlock {DIV} at (4,4) size 162x20
    RenderText {#text} at (1,0) size 39x20
      text run at (1,0) width 39: "PASS"
caret: position 4 of child 0 {#text} of child 0 {DIV} of child 1 {INPUT} of child 3 {P} of child 1 {BODY} of child 0 {HTML} of document
