layer at (0,0) size 785x1289
  RenderView at (0,0) size 785x600
layer at (0,0) size 785x1289
  RenderBlock {HTML} at (0,0) size 785x1289
    RenderBody {BODY} at (8,8) size 769x1273
      RenderBlock (anonymous) at (0,0) size 769x100
        RenderText {#text} at (0,0) size 334x19
          text run at (0,0) width 334: "This test was provided by open-source contributors on "
        RenderInline {A} at (0,0) size 46x19 [color=#0000EE]
          RenderText {#text} at (334,0) size 46x19
            text run at (334,0) width 46: "Bugzilla"
        RenderText {#text} at (380,0) size 767x79
          text run at (380,0) width 379: ". Currently, the \"Browser rendering\" results are not expected to"
          text run at (0,20) width 634: "match the \"Correct output sample\" results. In fact, I do not entirely agree with all of the given test cases in "
          text run at (634,20) width 79: "terms of their"
          text run at (0,40) width 767: "expected results, nor do I think that the browser should yet be expected to match all of the cases in the different languages, but I"
          text run at (0,60) width 22: "am "
          text run at (22,60) width 273: "(at least temporarily) adding the test anyway. "
        RenderBR {BR} at (295,75) size 0x0
        RenderBR {BR} at (0,80) size 0x19
      RenderTable {TABLE} at (0,100) size 769x391
        RenderBlock {CAPTION} at (0,0) size 769x20
          RenderText {#text} at (347,0) size 75x19
            text run at (347,0) width 75: "Input source"
        RenderTableSection {TBODY} at (0,20) size 769x371
          RenderTableRow {TR} at (0,2) size 769x64
            RenderTableCell {TH} at (2,22) size 53x24 [bgcolor=#F8F8F8] [border: (1px solid #EEEEEE)] [r=0 c=0 rs=1 cs=1]
              RenderText {#text} at (2,2) size 49x19
                text run at (2,2) width 49: "generic"
            RenderTableCell {TD} at (57,2) size 710x64 [border: (1px solid #EEEEEE)] [r=0 c=1 rs=1 cs=1]
              RenderText {#text} at (2,2) size 703x59
                text run at (2,2) width 14: "lip"
                text run at (16,2) width 49: "smackin"
                text run at (65,2) width 29: "thirst"
                text run at (94,2) width 53: "quenchin"
                text run at (147,2) width 52: "acetastin"
                text run at (199,2) width 54: "motivatin"
                text run at (253,2) width 31: "good"
                text run at (284,2) width 37: "buzzin"
                text run at (321,2) width 26: "cool"
                text run at (347,2) width 32: "talkin"
                text run at (379,2) width 24: "high"
                text run at (403,2) width 39: "walkin"
                text run at (442,2) width 21: "fast"
                text run at (463,2) width 23: "livin"
                text run at (486,2) width 26: "ever"
                text run at (512,2) width 27: "givin"
                text run at (539,2) width 26: "cool"
                text run at (565,2) width 29: "fizzin"
                text run at (594,2) width 14: "lip"
                text run at (608,2) width 49: "smackin"
                text run at (657,2) width 35: "thirst\x{AD}"
                text run at (2,22) width 53: "quenchin"
                text run at (55,22) width 52: "acetastin"
                text run at (107,22) width 54: "motivatin"
                text run at (161,22) width 31: "good"
                text run at (192,22) width 37: "buzzin"
                text run at (229,22) width 26: "cool"
                text run at (255,22) width 32: "talkin"
                text run at (287,22) width 24: "high"
                text run at (311,22) width 39: "walkin"
                text run at (350,22) width 21: "fast"
                text run at (371,22) width 23: "livin"
                text run at (394,22) width 26: "ever"
                text run at (420,22) width 27: "givin"
                text run at (447,22) width 26: "cool"
                text run at (473,22) width 29: "fizzin"
                text run at (502,22) width 14: "lip"
                text run at (516,22) width 49: "smackin"
                text run at (565,22) width 29: "thirst"
                text run at (594,22) width 53: "quenchin"
                text run at (647,22) width 58: "acetastin\x{AD}"
                text run at (2,42) width 54: "motivatin"
                text run at (56,42) width 31: "good"
                text run at (87,42) width 37: "buzzin"
                text run at (124,42) width 26: "cool"
                text run at (150,42) width 32: "talkin"
                text run at (182,42) width 24: "high"
                text run at (206,42) width 39: "walkin"
                text run at (245,42) width 21: "fast"
                text run at (266,42) width 23: "livin"
                text run at (289,42) width 26: "ever"
                text run at (315,42) width 27: "givin"
                text run at (342,42) width 26: "cool"
                text run at (368,42) width 29: "fizzin"
          RenderTableRow {TR} at (0,68) size 769x24
            RenderTableCell {TH} at (2,68) size 53x24 [bgcolor=#F8F8F8] [border: (1px solid #EEEEEE)] [r=1 c=0 rs=1 cs=1]
              RenderText {#text} at (19,2) size 15x19
                text run at (19,2) width 15: "cy"
            RenderTableCell {TD} at (57,68) size 710x24 [border: (1px solid #EEEEEE)] [r=1 c=1 rs=1 cs=1]
              RenderText {#text} at (2,2) size 21x19
                text run at (2,2) width 21: "\x{175}yl"
          RenderTableRow {TR} at (0,94) size 769x24
            RenderTableCell {TH} at (2,94) size 53x24 [bgcolor=#F8F8F8] [border: (1px solid #EEEEEE)] [r=2 c=0 rs=1 cs=1]
              RenderText {#text} at (20,2) size 12x19
                text run at (20,2) width 12: "el"
            RenderTableCell {TD} at (57,94) size 710x24 [border: (1px solid #EEEEEE)] [r=2 c=1 rs=1 cs=1]
              RenderText {#text} at (2,2) size 205x19
                text run at (2,2) width 205: "\x{3B3}\x{3B5}\x{3C9}\x{3B3}\x{3C1}\x{3B1}\x{3C6}\x{3B9}\x{3BA}\x{3AC}\x{2010}\x{3C3}\x{3C5}\x{3C3}\x{3C7}\x{3B5}\x{3C4}\x{3B9}\x{3C3}\x{3BC}\x{3AD}\x{3BD}\x{3B5}\x{3C2} \x{3AE}\x{3C4}\x{3B1}"
          RenderTableRow {TR} at (0,120) size 769x64
            RenderTableCell {TH} at (2,140) size 53x24 [bgcolor=#F8F8F8] [border: (1px solid #EEEEEE)] [r=3 c=0 rs=1 cs=1]
              RenderText {#text} at (18,2) size 16x19
                text run at (18,2) width 16: "en"
            RenderTableCell {TD} at (57,120) size 710x64 [border: (1px solid #EEEEEE)] [r=3 c=1 rs=1 cs=1]
              RenderText {#text} at (2,2) size 408x19
                text run at (2,2) width 408: "'cept nut'in safari\x{2019}s \x{2018}sure\x{2019} nai\x{308}ve r\x{E9}sum\x{E9}\x{2014}h\x{E1}c\x{30C}ek full\x{2010}time one-to-one"
              RenderBR {BR} at (410,17) size 0x0
              RenderText {#text} at (2,22) size 298x19
                text run at (2,22) width 298: "\"newcastle\x{2011}upon\x{2011}tyne\" washington\x{2011}on\x{2011}the\x{2011}brazos"
              RenderBR {BR} at (300,37) size 0x0
              RenderInline {SPAN} at (0,0) size 30x19
                RenderText {#text} at (2,42) size 30x19
                  text run at (2,42) width 30: "earth"
              RenderText {#text} at (32,42) size 71x19
                text run at (32,42) width 71: "quake earth"
              RenderInline {SPAN} at (0,0) size 35x19
                RenderText {#text} at (103,42) size 35x19
                  text run at (103,42) width 35: "worm"
              RenderText {#text} at (138,42) size 4x19
                text run at (138,42) width 4: " "
              RenderInline {SPAN} at (0,0) size 41x19
                RenderText {#text} at (142,42) size 41x19
                  text run at (142,42) width 41: "cheese"
              RenderInline {SPAN} at (0,0) size 39x19
                RenderText {#text} at (183,42) size 39x19
                  text run at (183,42) width 39: "burger"
              RenderText {#text} at (222,42) size 112x19
                text run at (222,42) width 112: " [house] ~six -big-"
          RenderTableRow {TR} at (0,186) size 769x24
            RenderTableCell {TH} at (2,186) size 53x24 [bgcolor=#F8F8F8] [border: (1px solid #EEEEEE)] [r=4 c=0 rs=1 cs=1]
              RenderText {#text} at (19,2) size 15x19
                text run at (19,2) width 15: "es"
            RenderTableCell {TD} at (57,186) size 710x24 [border: (1px solid #EEEEEE)] [r=4 c=1 rs=1 cs=1]
              RenderText {#text} at (2,2) size 61x19
                text run at (2,2) width 61: "\x{A1}jalape\x{F1}o!"
          RenderTableRow {TR} at (0,212) size 769x27
            RenderTableCell {TH} at (2,213) size 53x24 [bgcolor=#F8F8F8] [border: (1px solid #EEEEEE)] [r=5 c=0 rs=1 cs=1]
              RenderText {#text} at (21,2) size 11x19
                text run at (21,2) width 11: "fr"
            RenderTableCell {TD} at (57,212) size 710x27 [border: (1px solid #EEEEEE)] [r=5 c=1 rs=1 cs=1]
              RenderText {#text} at (2,5) size 196x19
                text run at (2,5) width 196: "quelqu'un l\x{2019}amour t'appelles\x{2011}tu 3"
              RenderInline {SUP} at (0,0) size 21x15
                RenderText {#text} at (198,2) size 21x15
                  text run at (198,2) width 21: "eme"
          RenderTableRow {TR} at (0,241) size 769x24
            RenderTableCell {TH} at (2,241) size 53x24 [bgcolor=#F8F8F8] [border: (1px solid #EEEEEE)] [r=6 c=0 rs=1 cs=1]
              RenderText {#text} at (18,2) size 16x19
                text run at (18,2) width 16: "hu"
            RenderTableCell {TD} at (57,241) size 710x24 [border: (1px solid #EEEEEE)] [r=6 c=1 rs=1 cs=1]
              RenderText {#text} at (2,2) size 105x19
                text run at (2,2) width 105: "11-ei london\x{2011}ban"
          RenderTableRow {TR} at (0,267) size 769x24
            RenderTableCell {TH} at (2,267) size 53x24 [bgcolor=#F8F8F8] [border: (1px solid #EEEEEE)] [r=7 c=0 rs=1 cs=1]
              RenderText {#text} at (20,2) size 12x19
                text run at (20,2) width 12: "nl"
            RenderTableCell {TD} at (57,267) size 710x24 [border: (1px solid #EEEEEE)] [r=7 c=1 rs=1 cs=1]
              RenderText {#text} at (2,2) size 67x19
                text run at (2,2) width 67: "'s ochtends"
          RenderTableRow {TR} at (0,293) size 769x24
            RenderTableCell {TH} at (2,293) size 53x24 [bgcolor=#F8F8F8] [border: (1px solid #EEEEEE)] [r=8 c=0 rs=1 cs=1]
              RenderText {#text} at (20,2) size 12x19
                text run at (20,2) width 12: "pl"
            RenderTableCell {TD} at (57,293) size 710x24 [border: (1px solid #EEEEEE)] [r=8 c=1 rs=1 cs=1]
              RenderText {#text} at (2,2) size 86x19
                text run at (2,2) width 86: "wzi\x{119}\x{142}a bie\x{17C}\x{105}ce"
          RenderTableRow {TR} at (0,319) size 769x24
            RenderTableCell {TH} at (2,319) size 53x24 [bgcolor=#F8F8F8] [border: (1px solid #EEEEEE)] [r=9 c=0 rs=1 cs=1]
              RenderText {#text} at (19,2) size 14x19
                text run at (19,2) width 14: "ru"
            RenderTableCell {TD} at (57,319) size 710x24 [border: (1px solid #EEEEEE)] [r=9 c=1 rs=1 cs=1]
              RenderText {#text} at (2,2) size 192x19
                text run at (2,2) width 192: "\x{43D}\x{44C}\x{44E}-\x{439}\x{43E}\x{440}\x{43A} 1990-\x{445} 14-vii-1789"
          RenderTableRow {TR} at (0,345) size 769x24
            RenderTableCell {TH} at (2,345) size 53x24 [bgcolor=#F8F8F8] [border: (1px solid #EEEEEE)] [r=10 c=0 rs=1 cs=1]
              RenderText {#text} at (18,2) size 17x19
                text run at (18,2) width 17: "tlh"
            RenderTableCell {TD} at (57,345) size 710x24 [border: (1px solid #EEEEEE)] [r=10 c=1 rs=1 cs=1]
              RenderText {#text} at (2,2) size 173x19
                text run at (2,2) width 173: "tlhIngan Hol wa''uy' loghqam"
      RenderTable {TABLE} at (0,491) size 769x391
        RenderBlock {CAPTION} at (0,0) size 769x20
          RenderText {#text} at (317,0) size 135x19
            text run at (317,0) width 135: "Correct output sample"
        RenderTableSection {TBODY} at (0,20) size 769x371
          RenderTableRow {TR} at (0,2) size 769x64
            RenderTableCell {TH} at (2,22) size 53x24 [bgcolor=#F8F8F8] [border: (1px solid #EEEEEE)] [r=0 c=0 rs=1 cs=1]
              RenderText {#text} at (2,2) size 49x19
                text run at (2,2) width 49: "generic"
            RenderTableCell {TD} at (57,2) size 710x64 [border: (1px solid #EEEEEE)] [r=0 c=1 rs=1 cs=1]
              RenderText {#text} at (2,2) size 703x59
                text run at (2,2) width 20: "Lip"
                text run at (22,2) width 49: "smackin"
                text run at (71,2) width 29: "thirst"
                text run at (100,2) width 53: "quenchin"
                text run at (153,2) width 52: "acetastin"
                text run at (205,2) width 54: "motivatin"
                text run at (259,2) width 31: "good"
                text run at (290,2) width 37: "buzzin"
                text run at (327,2) width 26: "cool"
                text run at (353,2) width 32: "talkin"
                text run at (385,2) width 24: "high"
                text run at (409,2) width 39: "walkin"
                text run at (448,2) width 21: "fast"
                text run at (469,2) width 23: "livin"
                text run at (492,2) width 26: "ever"
                text run at (518,2) width 27: "givin"
                text run at (545,2) width 26: "cool"
                text run at (571,2) width 29: "fizzin"
                text run at (600,2) width 14: "lip"
                text run at (614,2) width 49: "smackin"
                text run at (663,2) width 35: "thirst\x{AD}"
                text run at (2,22) width 53: "quenchin"
                text run at (55,22) width 52: "acetastin"
                text run at (107,22) width 54: "motivatin"
                text run at (161,22) width 31: "good"
                text run at (192,22) width 37: "buzzin"
                text run at (229,22) width 26: "cool"
                text run at (255,22) width 32: "talkin"
                text run at (287,22) width 24: "high"
                text run at (311,22) width 39: "walkin"
                text run at (350,22) width 21: "fast"
                text run at (371,22) width 23: "livin"
                text run at (394,22) width 26: "ever"
                text run at (420,22) width 27: "givin"
                text run at (447,22) width 26: "cool"
                text run at (473,22) width 29: "fizzin"
                text run at (502,22) width 14: "lip"
                text run at (516,22) width 49: "smackin"
                text run at (565,22) width 29: "thirst"
                text run at (594,22) width 53: "quenchin"
                text run at (647,22) width 58: "acetastin\x{AD}"
                text run at (2,42) width 54: "motivatin"
                text run at (56,42) width 31: "good"
                text run at (87,42) width 37: "buzzin"
                text run at (124,42) width 26: "cool"
                text run at (150,42) width 32: "talkin"
                text run at (182,42) width 24: "high"
                text run at (206,42) width 39: "walkin"
                text run at (245,42) width 21: "fast"
                text run at (266,42) width 23: "livin"
                text run at (289,42) width 26: "ever"
                text run at (315,42) width 27: "givin"
                text run at (342,42) width 26: "cool"
                text run at (368,42) width 29: "fizzin"
          RenderTableRow {TR} at (0,68) size 769x24
            RenderTableCell {TH} at (2,68) size 53x24 [bgcolor=#F8F8F8] [border: (1px solid #EEEEEE)] [r=1 c=0 rs=1 cs=1]
              RenderText {#text} at (19,2) size 15x19
                text run at (19,2) width 15: "cy"
            RenderTableCell {TD} at (57,68) size 710x24 [border: (1px solid #EEEEEE)] [r=1 c=1 rs=1 cs=1]
              RenderText {#text} at (2,2) size 25x19
                text run at (2,2) width 25: "\x{174}yl"
          RenderTableRow {TR} at (0,94) size 769x24
            RenderTableCell {TH} at (2,94) size 53x24 [bgcolor=#F8F8F8] [border: (1px solid #EEEEEE)] [r=2 c=0 rs=1 cs=1]
              RenderText {#text} at (20,2) size 12x19
                text run at (20,2) width 12: "el"
            RenderTableCell {TD} at (57,94) size 710x24 [border: (1px solid #EEEEEE)] [r=2 c=1 rs=1 cs=1]
              RenderText {#text} at (2,2) size 212x19
                text run at (2,2) width 212: "\x{393}\x{3B5}\x{3C9}\x{3B3}\x{3C1}\x{3B1}\x{3C6}\x{3B9}\x{3BA}\x{3AC}\x{2010}\x{3A3}\x{3C5}\x{3C3}\x{3C7}\x{3B5}\x{3C4}\x{3B9}\x{3C3}\x{3BC}\x{3AD}\x{3BD}\x{3B5}\x{3C2} \x{389}\x{3C4}\x{3B1}"
          RenderTableRow {TR} at (0,120) size 769x64
            RenderTableCell {TH} at (2,140) size 53x24 [bgcolor=#F8F8F8] [border: (1px solid #EEEEEE)] [r=3 c=0 rs=1 cs=1]
              RenderText {#text} at (18,2) size 16x19
                text run at (18,2) width 16: "en"
            RenderTableCell {TD} at (57,120) size 710x64 [border: (1px solid #EEEEEE)] [r=3 c=1 rs=1 cs=1]
              RenderText {#text} at (2,2) size 450x19
                text run at (2,2) width 450: "'Cept Nut'in Safari\x{2019}s \x{2018}Sure\x{2019} Na\x{EF}ve R\x{E9}sum\x{E9}\x{2014}H\x{E1}\x{10D}ek Full\x{2010}time One-to-One"
              RenderBR {BR} at (452,17) size 0x0
              RenderText {#text} at (2,22) size 314x19
                text run at (2,22) width 314: "\"Newcastle-upon-Tyne\" Washington\x{2011}on\x{2011}the\x{2011}Brazos"
              RenderBR {BR} at (316,37) size 0x0
              RenderText {#text} at (2,42) size 349x19
                text run at (2,42) width 349: "Earthquake Earthworm Cheeseburger [House] ~Six -Big-"
          RenderTableRow {TR} at (0,186) size 769x24
            RenderTableCell {TH} at (2,186) size 53x24 [bgcolor=#F8F8F8] [border: (1px solid #EEEEEE)] [r=4 c=0 rs=1 cs=1]
              RenderText {#text} at (19,2) size 15x19
                text run at (19,2) width 15: "es"
            RenderTableCell {TD} at (57,186) size 710x24 [border: (1px solid #EEEEEE)] [r=4 c=1 rs=1 cs=1]
              RenderText {#text} at (2,2) size 63x19
                text run at (2,2) width 63: "\x{A1}Jalape\x{F1}o!"
          RenderTableRow {TR} at (0,212) size 769x27
            RenderTableCell {TH} at (2,213) size 53x24 [bgcolor=#F8F8F8] [border: (1px solid #EEEEEE)] [r=5 c=0 rs=1 cs=1]
              RenderText {#text} at (21,2) size 11x19
                text run at (21,2) width 11: "fr"
            RenderTableCell {TD} at (57,212) size 710x27 [border: (1px solid #EEEEEE)] [r=5 c=1 rs=1 cs=1]
              RenderText {#text} at (2,5) size 213x19
                text run at (2,5) width 213: "Quelqu'un l\x{2019}Amour t'Appelles\x{2011}Tu 3"
              RenderInline {SUP} at (0,0) size 21x15
                RenderText {#text} at (215,2) size 21x15
                  text run at (215,2) width 21: "eme"
          RenderTableRow {TR} at (0,241) size 769x24
            RenderTableCell {TH} at (2,241) size 53x24 [bgcolor=#F8F8F8] [border: (1px solid #EEEEEE)] [r=6 c=0 rs=1 cs=1]
              RenderText {#text} at (18,2) size 16x19
                text run at (18,2) width 16: "hu"
            RenderTableCell {TD} at (57,241) size 710x24 [border: (1px solid #EEEEEE)] [r=6 c=1 rs=1 cs=1]
              RenderText {#text} at (2,2) size 111x19
                text run at (2,2) width 111: "11-ei London\x{2011}ban"
          RenderTableRow {TR} at (0,267) size 769x24
            RenderTableCell {TH} at (2,267) size 53x24 [bgcolor=#F8F8F8] [border: (1px solid #EEEEEE)] [r=7 c=0 rs=1 cs=1]
              RenderText {#text} at (20,2) size 12x19
                text run at (20,2) width 12: "nl"
            RenderTableCell {TD} at (57,267) size 710x24 [border: (1px solid #EEEEEE)] [r=7 c=1 rs=1 cs=1]
              RenderText {#text} at (2,2) size 71x19
                text run at (2,2) width 71: "'s Ochtends"
          RenderTableRow {TR} at (0,293) size 769x24
            RenderTableCell {TH} at (2,293) size 53x24 [bgcolor=#F8F8F8] [border: (1px solid #EEEEEE)] [r=8 c=0 rs=1 cs=1]
              RenderText {#text} at (20,2) size 12x19
                text run at (20,2) width 12: "pl"
            RenderTableCell {TD} at (57,293) size 710x24 [border: (1px solid #EEEEEE)] [r=8 c=1 rs=1 cs=1]
              RenderText {#text} at (2,2) size 92x19
                text run at (2,2) width 92: "Wzi\x{119}\x{142}a Bie\x{17C}\x{105}ce"
          RenderTableRow {TR} at (0,319) size 769x24
            RenderTableCell {TH} at (2,319) size 53x24 [bgcolor=#F8F8F8] [border: (1px solid #EEEEEE)] [r=9 c=0 rs=1 cs=1]
              RenderText {#text} at (19,2) size 14x19
                text run at (19,2) width 14: "ru"
            RenderTableCell {TD} at (57,319) size 710x24 [border: (1px solid #EEEEEE)] [r=9 c=1 rs=1 cs=1]
              RenderText {#text} at (2,2) size 196x19
                text run at (2,2) width 196: "\x{41D}\x{44C}\x{44E}-\x{419}\x{43E}\x{440}\x{43A} 1990-\x{445} 14-vii-1789"
          RenderTableRow {TR} at (0,345) size 769x24
            RenderTableCell {TH} at (2,345) size 53x24 [bgcolor=#F8F8F8] [border: (1px solid #EEEEEE)] [r=10 c=0 rs=1 cs=1]
              RenderText {#text} at (18,2) size 17x19
                text run at (18,2) width 17: "tlh"
            RenderTableCell {TD} at (57,345) size 710x24 [border: (1px solid #EEEEEE)] [r=10 c=1 rs=1 cs=1]
              RenderText {#text} at (2,2) size 173x19
                text run at (2,2) width 173: "tlhIngan Hol wa''uy' loghqam"
      RenderTable {TABLE} at (0,882) size 769x391
        RenderBlock {CAPTION} at (0,0) size 769x20
          RenderText {#text} at (328,0) size 112x19
            text run at (328,0) width 112: "Browser rendering"
        RenderTableSection {TBODY} at (0,20) size 769x371
          RenderTableRow {TR} at (0,2) size 769x64
            RenderTableCell {TH} at (2,22) size 53x24 [bgcolor=#F8F8F8] [border: (1px solid #EEEEEE)] [r=0 c=0 rs=1 cs=1]
              RenderText {#text} at (2,2) size 49x19
                text run at (2,2) width 49: "generic"
            RenderTableCell {TD} at (57,2) size 710x64 [border: (1px solid #EEEEEE)] [r=0 c=1 rs=1 cs=1]
              RenderText {#text} at (2,2) size 703x59
                text run at (2,2) width 20: "Lip"
                text run at (22,2) width 49: "smackin"
                text run at (71,2) width 29: "thirst"
                text run at (100,2) width 53: "quenchin"
                text run at (153,2) width 52: "acetastin"
                text run at (205,2) width 54: "motivatin"
                text run at (259,2) width 31: "good"
                text run at (290,2) width 37: "buzzin"
                text run at (327,2) width 26: "cool"
                text run at (353,2) width 32: "talkin"
                text run at (385,2) width 24: "high"
                text run at (409,2) width 39: "walkin"
                text run at (448,2) width 21: "fast"
                text run at (469,2) width 23: "livin"
                text run at (492,2) width 26: "ever"
                text run at (518,2) width 27: "givin"
                text run at (545,2) width 26: "cool"
                text run at (571,2) width 29: "fizzin"
                text run at (600,2) width 14: "lip"
                text run at (614,2) width 49: "smackin"
                text run at (663,2) width 35: "thirst\x{AD}"
                text run at (2,22) width 53: "quenchin"
                text run at (55,22) width 52: "acetastin"
                text run at (107,22) width 54: "motivatin"
                text run at (161,22) width 31: "good"
                text run at (192,22) width 37: "buzzin"
                text run at (229,22) width 26: "cool"
                text run at (255,22) width 32: "talkin"
                text run at (287,22) width 24: "high"
                text run at (311,22) width 39: "walkin"
                text run at (350,22) width 21: "fast"
                text run at (371,22) width 23: "livin"
                text run at (394,22) width 26: "ever"
                text run at (420,22) width 27: "givin"
                text run at (447,22) width 26: "cool"
                text run at (473,22) width 29: "fizzin"
                text run at (502,22) width 14: "lip"
                text run at (516,22) width 49: "smackin"
                text run at (565,22) width 29: "thirst"
                text run at (594,22) width 53: "quenchin"
                text run at (647,22) width 58: "acetastin\x{AD}"
                text run at (2,42) width 54: "motivatin"
                text run at (56,42) width 31: "good"
                text run at (87,42) width 37: "buzzin"
                text run at (124,42) width 26: "cool"
                text run at (150,42) width 32: "talkin"
                text run at (182,42) width 24: "high"
                text run at (206,42) width 39: "walkin"
                text run at (245,42) width 21: "fast"
                text run at (266,42) width 23: "livin"
                text run at (289,42) width 26: "ever"
                text run at (315,42) width 27: "givin"
                text run at (342,42) width 26: "cool"
                text run at (368,42) width 29: "fizzin"
          RenderTableRow {TR} at (0,68) size 769x24
            RenderTableCell {TH} at (2,68) size 53x24 [bgcolor=#F8F8F8] [border: (1px solid #EEEEEE)] [r=1 c=0 rs=1 cs=1]
              RenderText {#text} at (19,2) size 15x19
                text run at (19,2) width 15: "cy"
            RenderTableCell {TD} at (57,68) size 710x24 [border: (1px solid #EEEEEE)] [r=1 c=1 rs=1 cs=1]
              RenderText {#text} at (2,2) size 25x19
                text run at (2,2) width 25: "\x{174}yl"
          RenderTableRow {TR} at (0,94) size 769x24
            RenderTableCell {TH} at (2,94) size 53x24 [bgcolor=#F8F8F8] [border: (1px solid #EEEEEE)] [r=2 c=0 rs=1 cs=1]
              RenderText {#text} at (20,2) size 12x19
                text run at (20,2) width 12: "el"
            RenderTableCell {TD} at (57,94) size 710x24 [border: (1px solid #EEEEEE)] [r=2 c=1 rs=1 cs=1]
              RenderText {#text} at (2,2) size 212x19
                text run at (2,2) width 212: "\x{393}\x{3B5}\x{3C9}\x{3B3}\x{3C1}\x{3B1}\x{3C6}\x{3B9}\x{3BA}\x{3AC}\x{2010}\x{3A3}\x{3C5}\x{3C3}\x{3C7}\x{3B5}\x{3C4}\x{3B9}\x{3C3}\x{3BC}\x{3AD}\x{3BD}\x{3B5}\x{3C2} \x{389}\x{3C4}\x{3B1}"
          RenderTableRow {TR} at (0,120) size 769x64
            RenderTableCell {TH} at (2,140) size 53x24 [bgcolor=#F8F8F8] [border: (1px solid #EEEEEE)] [r=3 c=0 rs=1 cs=1]
              RenderText {#text} at (18,2) size 16x19
                text run at (18,2) width 16: "en"
            RenderTableCell {TD} at (57,120) size 710x64 [border: (1px solid #EEEEEE)] [r=3 c=1 rs=1 cs=1]
              RenderText {#text} at (2,2) size 460x19
                text run at (2,2) width 460: "'Cept Nut'in Safari\x{2019}s \x{2018}Sure\x{2019} Nai\x{308}ve R\x{E9}sum\x{E9}\x{2014}H\x{E1}c\x{30C}ek Full\x{2010}Time One-To-One"
              RenderBR {BR} at (462,17) size 0x0
              RenderText {#text} at (2,22) size 327x19
                text run at (2,22) width 327: "\"Newcastle\x{2011}Upon\x{2011}Tyne\" Washington\x{2011}On\x{2011}The\x{2011}Brazos"
              RenderBR {BR} at (329,37) size 0x0
              RenderInline {SPAN} at (0,0) size 32x19
                RenderText {#text} at (2,42) size 32x19
                  text run at (2,42) width 32: "Earth"
              RenderText {#text} at (34,42) size 73x19
                text run at (34,42) width 73: "quake Earth"
              RenderInline {SPAN} at (0,0) size 35x19
                RenderText {#text} at (107,42) size 35x19
                  text run at (107,42) width 35: "worm"
              RenderText {#text} at (142,42) size 4x19
                text run at (142,42) width 4: " "
              RenderInline {SPAN} at (0,0) size 45x19
                RenderText {#text} at (146,42) size 45x19
                  text run at (146,42) width 45: "Cheese"
              RenderInline {SPAN} at (0,0) size 39x19
                RenderText {#text} at (191,42) size 39x19
                  text run at (191,42) width 39: "burger"
              RenderText {#text} at (230,42) size 121x19
                text run at (230,42) width 121: " [House] ~Six -Big-"
          RenderTableRow {TR} at (0,186) size 769x24
            RenderTableCell {TH} at (2,186) size 53x24 [bgcolor=#F8F8F8] [border: (1px solid #EEEEEE)] [r=4 c=0 rs=1 cs=1]
              RenderText {#text} at (19,2) size 15x19
                text run at (19,2) width 15: "es"
            RenderTableCell {TD} at (57,186) size 710x24 [border: (1px solid #EEEEEE)] [r=4 c=1 rs=1 cs=1]
              RenderText {#text} at (2,2) size 63x19
                text run at (2,2) width 63: "\x{A1}Jalape\x{F1}o!"
          RenderTableRow {TR} at (0,212) size 769x27
            RenderTableCell {TH} at (2,213) size 53x24 [bgcolor=#F8F8F8] [border: (1px solid #EEEEEE)] [r=5 c=0 rs=1 cs=1]
              RenderText {#text} at (21,2) size 11x19
                text run at (21,2) width 11: "fr"
            RenderTableCell {TD} at (57,212) size 710x27 [border: (1px solid #EEEEEE)] [r=5 c=1 rs=1 cs=1]
              RenderText {#text} at (2,5) size 216x19
                text run at (2,5) width 216: "Quelqu'un L\x{2019}amour T'appelles\x{2011}Tu 3"
              RenderInline {SUP} at (0,0) size 21x15
                RenderText {#text} at (218,2) size 21x15
                  text run at (218,2) width 21: "eme"
          RenderTableRow {TR} at (0,241) size 769x24
            RenderTableCell {TH} at (2,241) size 53x24 [bgcolor=#F8F8F8] [border: (1px solid #EEEEEE)] [r=6 c=0 rs=1 cs=1]
              RenderText {#text} at (18,2) size 16x19
                text run at (18,2) width 16: "hu"
            RenderTableCell {TD} at (57,241) size 710x24 [border: (1px solid #EEEEEE)] [r=6 c=1 rs=1 cs=1]
              RenderText {#text} at (2,2) size 115x19
                text run at (2,2) width 115: "11-Ei London\x{2011}Ban"
          RenderTableRow {TR} at (0,267) size 769x24
            RenderTableCell {TH} at (2,267) size 53x24 [bgcolor=#F8F8F8] [border: (1px solid #EEEEEE)] [r=7 c=0 rs=1 cs=1]
              RenderText {#text} at (20,2) size 12x19
                text run at (20,2) width 12: "nl"
            RenderTableCell {TD} at (57,267) size 710x24 [border: (1px solid #EEEEEE)] [r=7 c=1 rs=1 cs=1]
              RenderText {#text} at (2,2) size 74x19
                text run at (2,2) width 74: "'S Ochtends"
          RenderTableRow {TR} at (0,293) size 769x24
            RenderTableCell {TH} at (2,293) size 53x24 [bgcolor=#F8F8F8] [border: (1px solid #EEEEEE)] [r=8 c=0 rs=1 cs=1]
              RenderText {#text} at (20,2) size 12x19
                text run at (20,2) width 12: "pl"
            RenderTableCell {TD} at (57,293) size 710x24 [border: (1px solid #EEEEEE)] [r=8 c=1 rs=1 cs=1]
              RenderText {#text} at (2,2) size 92x19
                text run at (2,2) width 92: "Wzi\x{119}\x{142}a Bie\x{17C}\x{105}ce"
          RenderTableRow {TR} at (0,319) size 769x24
            RenderTableCell {TH} at (2,319) size 53x24 [bgcolor=#F8F8F8] [border: (1px solid #EEEEEE)] [r=9 c=0 rs=1 cs=1]
              RenderText {#text} at (19,2) size 14x19
                text run at (19,2) width 14: "ru"
            RenderTableCell {TD} at (57,319) size 710x24 [border: (1px solid #EEEEEE)] [r=9 c=1 rs=1 cs=1]
              RenderText {#text} at (2,2) size 204x19
                text run at (2,2) width 204: "\x{41D}\x{44C}\x{44E}-\x{419}\x{43E}\x{440}\x{43A} 1990-\x{425} 14-Vii-1789"
          RenderTableRow {TR} at (0,345) size 769x24
            RenderTableCell {TH} at (2,345) size 53x24 [bgcolor=#F8F8F8] [border: (1px solid #EEEEEE)] [r=10 c=0 rs=1 cs=1]
              RenderText {#text} at (18,2) size 17x19
                text run at (18,2) width 17: "tlh"
            RenderTableCell {TD} at (57,345) size 710x24 [border: (1px solid #EEEEEE)] [r=10 c=1 rs=1 cs=1]
              RenderText {#text} at (2,2) size 192x19
                text run at (2,2) width 192: "TlhIngan Hol Wa''Uy' Loghqam"
