layer at (0,0) size 800x600
  RenderView at (0,0) size 800x600
layer at (0,0) size 800x600
  RenderBlock {HTML} at (0,0) size 800x600
    RenderBody {BODY} at (8,8) size 784x584
      RenderBlock (anonymous) at (0,0) size 784x18
        RenderText {#text} at (0,0) size 252x18
          text run at (0,0) width 252: "The textareas below should not overlap."
      RenderTable {TABLE} at (0,18) size 784x36
        RenderTableSection {TBODY} at (0,0) size 784x36
          RenderTableRow {TR} at (0,1) size 784x34
            RenderTableCell {TD} at (1,1) size 165x34 [r=0 c=0 rs=1 cs=1]
            RenderTableCell {TD} at (167,1) size 4x34 [r=0 c=1 rs=1 cs=1]
            RenderTableCell {TD} at (172,1) size 4x34 [r=0 c=2 rs=1 cs=1]
            RenderTableCell {TD} at (177,8) size 606x20 [r=0 c=3 rs=1 cs=1]
              RenderText {#text} at (1,1) size 4x18
                text run at (1,1) width 4: " "
      RenderBlock (anonymous) at (0,54) size 784x36
        RenderBR {BR} at (0,0) size 0x18
        RenderBR {BR} at (0,18) size 0x18
      RenderTable {TABLE} at (0,90) size 784x36
        RenderTableSection {TBODY} at (0,0) size 784x36
          RenderTableRow {TR} at (0,1) size 784x34
            RenderTableCell {TD} at (1,1) size 234x34 [r=0 c=0 rs=1 cs=1]
            RenderTableCell {TD} at (236,1) size 4x34 [r=0 c=1 rs=1 cs=1]
            RenderTableCell {TD} at (241,1) size 4x34 [r=0 c=2 rs=1 cs=1]
            RenderTableCell {TD} at (246,8) size 537x20 [r=0 c=3 rs=1 cs=1]
              RenderText {#text} at (1,1) size 4x18
                text run at (1,1) width 4: " "
layer at (10,30) size 163x28 clip at (11,31) size 161x26
  RenderTextControl {TEXTAREA} at (1,3) size 163x28 [bgcolor=#FFFFFF] [border: (1px solid #000000)]
    RenderBlock {DIV} at (1,1) size 161x13
      RenderText {#text} at (3,0) size 20x13
        text run at (3,0) width 20: "one"
layer at (176,30) size 2x28 clip at (0,0) size 0x0 scrollWidth 12 scrollHeight 39
  RenderTextControl {TEXTAREA} at (1,3) size 2x28 [bgcolor=#FFFFFF] [border: (1px solid #000000)]
    RenderBlock {DIV} at (1,1) size 6x39
      RenderText {#text} at (3,0) size 9x39
        text run at (3,0) width 5: "t"
        text run at (3,13) width 9: "w"
        text run at (3,26) width 7: "o"
layer at (181,30) size 2x28 clip at (0,0) size 0x0 scrollWidth 10 scrollHeight 65
  RenderTextControl {TEXTAREA} at (1,3) size 2x28 [bgcolor=#FFFFFF] [border: (1px solid #000000)]
    RenderBlock {DIV} at (1,1) size 6x65
      RenderText {#text} at (3,0) size 7x65
        text run at (3,0) width 5: "t"
        text run at (3,13) width 7: "h"
        text run at (3,26) width 5: "r"
        text run at (3,39) width 7: "e"
        text run at (3,52) width 7: "e"
layer at (10,102) size 232x28 clip at (11,103) size 230x26
  RenderTextControl {TEXTAREA} at (1,3) size 232x28 [bgcolor=#FFFFFF] [border: (1px solid #000000)]
    RenderBlock {DIV} at (1,1) size 230x13
      RenderText {#text} at (3,0) size 74x13
        text run at (3,0) width 74: "one two three"
layer at (245,102) size 2x28 clip at (0,0) size 0x0 scrollWidth 12 scrollHeight 39
  RenderTextControl {TEXTAREA} at (1,3) size 2x28 [bgcolor=#FFFFFF] [border: (1px solid #000000)]
    RenderBlock {DIV} at (1,1) size 6x39
      RenderText {#text} at (3,0) size 9x39
        text run at (3,0) width 5: "t"
        text run at (3,13) width 9: "w"
        text run at (3,26) width 7: "o"
layer at (250,102) size 2x28 clip at (0,0) size 0x0 scrollWidth 10 scrollHeight 65
  RenderTextControl {TEXTAREA} at (1,3) size 2x28 [bgcolor=#FFFFFF] [border: (1px solid #000000)]
    RenderBlock {DIV} at (1,1) size 6x65
      RenderText {#text} at (3,0) size 7x65
        text run at (3,0) width 5: "t"
        text run at (3,13) width 7: "h"
        text run at (3,26) width 5: "r"
        text run at (3,39) width 7: "e"
        text run at (3,52) width 7: "e"
