layer at (0,0) size 784x2580
  RenderView at (0,0) size 784x600
layer at (0,0) size 784x2580
  RenderBlock {HTML} at (0,0) size 784x2580
    RenderBody {BODY} at (8,16) size 768x2548
layer at (8,16) size 760x390
  RenderBlock {DIV} at (0,0) size 760x390 [border: (5px solid #800000)]
    RenderText {#text} at (5,5) size 367x760
      text run at (5,5) width 367: "Lorem ipsum dolor sit amet, consectetuer adipiscing"
      text run at (5,25) width 349: "elit. Nulla varius enim ac mi. Curabitur sollicitudin"
      text run at (5,45) width 353: "felis quis lectus. Quisque adipiscing rhoncus sem."
      text run at (5,65) width 356: "Proin nulla purus, vulputate vel, varius ut, euismod"
      text run at (5,85) width 366: "et, nisi. Sed vitae felis vel orci sagittis aliquam. Cras"
      text run at (5,105) width 333: "convallis adipiscing sem. Nam nonummy enim."
      text run at (5,125) width 352: "Nullam bibendum lobortis neque. Vestibulum velit"
      text run at (5,145) width 358: "orci, tempus euismod, pretium quis, interdum vitae,"
      text run at (5,165) width 341: "nulla. Phasellus eget ante et tortor condimentum"
      text run at (5,185) width 356: "vestibulum. Suspendisse hendrerit quam nec felis."
      text run at (5,205) width 357: "Sed varius turpis vitae pede. Lorem ipsum dolor sit"
      text run at (5,225) width 244: "amet, consectetuer adipiscing elit. "
      text run at (249,225) width 92: "Lorem ipsum"
      text run at (5,245) width 342: "dolor sit amet, consectetuer adipiscing elit. Nulla"
      text run at (5,265) width 345: "varius enim ac mi. Curabitur sollicitudin felis quis"
      text run at (5,285) width 367: "lectus. Quisque adipiscing rhoncus sem. Proin nulla"
      text run at (5,305) width 362: "purus, vulputate vel, varius ut, euismod et, nisi. Sed"
      text run at (5,325) width 346: "vitae felis vel orci sagittis aliquam. Cras convallis"
      text run at (5,345) width 321: "adipiscing sem. Nam nonummy enim. Nullam"
      text run at (5,365) width 331: "bibendum lobortis neque. Vestibulum velit orci,"
      text run at (5,385) width 367: "tempus euismod, pretium quis, interdum vitae, nulla."
      text run at (5,405) width 298: "Phasellus eget ante et tortor condimentum"
      text run at (5,425) width 356: "vestibulum. Suspendisse hendrerit quam nec felis."
      text run at (5,445) width 357: "Sed varius turpis vitae pede. Lorem ipsum dolor sit"
      text run at (5,465) width 244: "amet, consectetuer adipiscing elit. "
      text run at (249,465) width 92: "Lorem ipsum"
      text run at (5,485) width 342: "dolor sit amet, consectetuer adipiscing elit. Nulla"
      text run at (5,505) width 345: "varius enim ac mi. Curabitur sollicitudin felis quis"
      text run at (5,525) width 367: "lectus. Quisque adipiscing rhoncus sem. Proin nulla"
      text run at (5,545) width 362: "purus, vulputate vel, varius ut, euismod et, nisi. Sed"
      text run at (5,565) width 346: "vitae felis vel orci sagittis aliquam. Cras convallis"
      text run at (5,585) width 321: "adipiscing sem. Nam nonummy enim. Nullam"
      text run at (5,605) width 331: "bibendum lobortis neque. Vestibulum velit orci,"
      text run at (5,625) width 367: "tempus euismod, pretium quis, interdum vitae, nulla."
      text run at (5,645) width 298: "Phasellus eget ante et tortor condimentum"
      text run at (5,665) width 356: "vestibulum. Suspendisse hendrerit quam nec felis."
      text run at (5,685) width 357: "Sed varius turpis vitae pede. Lorem ipsum dolor sit"
      text run at (5,705) width 244: "amet, consectetuer adipiscing elit. "
      text run at (249,705) width 92: "Lorem ipsum"
      text run at (5,725) width 342: "dolor sit amet, consectetuer adipiscing elit. Nulla"
      text run at (5,745) width 128: "varius enim ac mi."
layer at (8,422) size 760x390
  RenderBlock {DIV} at (0,406) size 760x390 [border: (5px solid #800000)]
    RenderText {#text} at (5,5) size 367x760
      text run at (5,5) width 367: "Lorem ipsum dolor sit amet, consectetuer adipiscing"
      text run at (5,25) width 349: "elit. Nulla varius enim ac mi. Curabitur sollicitudin"
      text run at (5,45) width 353: "felis quis lectus. Quisque adipiscing rhoncus sem."
      text run at (5,65) width 356: "Proin nulla purus, vulputate vel, varius ut, euismod"
      text run at (5,85) width 366: "et, nisi. Sed vitae felis vel orci sagittis aliquam. Cras"
      text run at (5,105) width 333: "convallis adipiscing sem. Nam nonummy enim."
      text run at (5,125) width 352: "Nullam bibendum lobortis neque. Vestibulum velit"
      text run at (5,145) width 358: "orci, tempus euismod, pretium quis, interdum vitae,"
      text run at (5,165) width 341: "nulla. Phasellus eget ante et tortor condimentum"
      text run at (5,185) width 356: "vestibulum. Suspendisse hendrerit quam nec felis."
      text run at (5,205) width 357: "Sed varius turpis vitae pede. Lorem ipsum dolor sit"
      text run at (5,225) width 244: "amet, consectetuer adipiscing elit. "
      text run at (249,225) width 92: "Lorem ipsum"
      text run at (5,245) width 342: "dolor sit amet, consectetuer adipiscing elit. Nulla"
      text run at (5,265) width 345: "varius enim ac mi. Curabitur sollicitudin felis quis"
      text run at (5,285) width 367: "lectus. Quisque adipiscing rhoncus sem. Proin nulla"
      text run at (5,305) width 362: "purus, vulputate vel, varius ut, euismod et, nisi. Sed"
      text run at (5,325) width 346: "vitae felis vel orci sagittis aliquam. Cras convallis"
      text run at (5,345) width 321: "adipiscing sem. Nam nonummy enim. Nullam"
      text run at (5,365) width 331: "bibendum lobortis neque. Vestibulum velit orci,"
      text run at (5,385) width 367: "tempus euismod, pretium quis, interdum vitae, nulla."
      text run at (5,405) width 298: "Phasellus eget ante et tortor condimentum"
      text run at (5,425) width 356: "vestibulum. Suspendisse hendrerit quam nec felis."
      text run at (5,445) width 357: "Sed varius turpis vitae pede. Lorem ipsum dolor sit"
      text run at (5,465) width 244: "amet, consectetuer adipiscing elit. "
      text run at (249,465) width 92: "Lorem ipsum"
      text run at (5,485) width 342: "dolor sit amet, consectetuer adipiscing elit. Nulla"
      text run at (5,505) width 345: "varius enim ac mi. Curabitur sollicitudin felis quis"
      text run at (5,525) width 367: "lectus. Quisque adipiscing rhoncus sem. Proin nulla"
      text run at (5,545) width 362: "purus, vulputate vel, varius ut, euismod et, nisi. Sed"
      text run at (5,565) width 346: "vitae felis vel orci sagittis aliquam. Cras convallis"
      text run at (5,585) width 321: "adipiscing sem. Nam nonummy enim. Nullam"
      text run at (5,605) width 331: "bibendum lobortis neque. Vestibulum velit orci,"
      text run at (5,625) width 367: "tempus euismod, pretium quis, interdum vitae, nulla."
      text run at (5,645) width 298: "Phasellus eget ante et tortor condimentum"
      text run at (5,665) width 356: "vestibulum. Suspendisse hendrerit quam nec felis."
      text run at (5,685) width 357: "Sed varius turpis vitae pede. Lorem ipsum dolor sit"
      text run at (5,705) width 244: "amet, consectetuer adipiscing elit. "
      text run at (249,705) width 92: "Lorem ipsum"
      text run at (5,725) width 342: "dolor sit amet, consectetuer adipiscing elit. Nulla"
      text run at (5,745) width 128: "varius enim ac mi."
layer at (8,828) size 760x422
  RenderBlock {DIV} at (0,812) size 760x422 [border: (5px solid #800000)]
    RenderBlock {P} at (5,21) size 367x280
      RenderText {#text} at (0,0) size 367x280
        text run at (0,0) width 367: "Lorem ipsum dolor sit amet, consectetuer adipiscing"
        text run at (0,20) width 349: "elit. Nulla varius enim ac mi. Curabitur sollicitudin"
        text run at (0,40) width 353: "felis quis lectus. Quisque adipiscing rhoncus sem."
        text run at (0,60) width 356: "Proin nulla purus, vulputate vel, varius ut, euismod"
        text run at (0,80) width 366: "et, nisi. Sed vitae felis vel orci sagittis aliquam. Cras"
        text run at (0,100) width 333: "convallis adipiscing sem. Nam nonummy enim."
        text run at (0,120) width 352: "Nullam bibendum lobortis neque. Vestibulum velit"
        text run at (0,140) width 358: "orci, tempus euismod, pretium quis, interdum vitae,"
        text run at (0,160) width 341: "nulla. Phasellus eget ante et tortor condimentum"
        text run at (0,180) width 356: "vestibulum. Suspendisse hendrerit quam nec felis."
        text run at (0,200) width 357: "Sed varius turpis vitae pede. Lorem ipsum dolor sit"
        text run at (0,220) width 244: "amet, consectetuer adipiscing elit. "
        text run at (244,220) width 92: "Lorem ipsum"
        text run at (0,240) width 342: "dolor sit amet, consectetuer adipiscing elit. Nulla"
        text run at (0,260) width 128: "varius enim ac mi."
    RenderBlock {P} at (5,317) size 367x480
      RenderText {#text} at (0,0) size 367x480
        text run at (0,0) width 367: "Lorem ipsum dolor sit amet, consectetuer adipiscing"
        text run at (0,20) width 349: "elit. Nulla varius enim ac mi. Curabitur sollicitudin"
        text run at (0,40) width 353: "felis quis lectus. Quisque adipiscing rhoncus sem."
        text run at (0,60) width 356: "Proin nulla purus, vulputate vel, varius ut, euismod"
        text run at (0,80) width 366: "et, nisi. Sed vitae felis vel orci sagittis aliquam. Cras"
        text run at (0,100) width 333: "convallis adipiscing sem. Nam nonummy enim."
        text run at (0,120) width 352: "Nullam bibendum lobortis neque. Vestibulum velit"
        text run at (0,140) width 358: "orci, tempus euismod, pretium quis, interdum vitae,"
        text run at (0,160) width 341: "nulla. Phasellus eget ante et tortor condimentum"
        text run at (0,180) width 356: "vestibulum. Suspendisse hendrerit quam nec felis."
        text run at (0,200) width 357: "Sed varius turpis vitae pede. Lorem ipsum dolor sit"
        text run at (0,220) width 244: "amet, consectetuer adipiscing elit. "
        text run at (244,220) width 92: "Lorem ipsum"
        text run at (0,240) width 342: "dolor sit amet, consectetuer adipiscing elit. Nulla"
        text run at (0,260) width 345: "varius enim ac mi. Curabitur sollicitudin felis quis"
        text run at (0,280) width 367: "lectus. Quisque adipiscing rhoncus sem. Proin nulla"
        text run at (0,300) width 362: "purus, vulputate vel, varius ut, euismod et, nisi. Sed"
        text run at (0,320) width 346: "vitae felis vel orci sagittis aliquam. Cras convallis"
        text run at (0,340) width 321: "adipiscing sem. Nam nonummy enim. Nullam"
        text run at (0,360) width 331: "bibendum lobortis neque. Vestibulum velit orci,"
        text run at (0,380) width 367: "tempus euismod, pretium quis, interdum vitae, nulla."
        text run at (0,400) width 298: "Phasellus eget ante et tortor condimentum"
        text run at (0,420) width 356: "vestibulum. Suspendisse hendrerit quam nec felis."
        text run at (0,440) width 357: "Sed varius turpis vitae pede. Lorem ipsum dolor sit"
        text run at (0,460) width 240: "amet, consectetuer adipiscing elit."
layer at (8,1266) size 760x410
  RenderBlock {DIV} at (0,1250) size 760x410 [border: (5px solid #800000)]
    RenderBlock (anonymous) at (5,5) size 367x280
      RenderText {#text} at (0,0) size 367x280
        text run at (0,0) width 367: "Lorem ipsum dolor sit amet, consectetuer adipiscing"
        text run at (0,20) width 349: "elit. Nulla varius enim ac mi. Curabitur sollicitudin"
        text run at (0,40) width 353: "felis quis lectus. Quisque adipiscing rhoncus sem."
        text run at (0,60) width 356: "Proin nulla purus, vulputate vel, varius ut, euismod"
        text run at (0,80) width 366: "et, nisi. Sed vitae felis vel orci sagittis aliquam. Cras"
        text run at (0,100) width 333: "convallis adipiscing sem. Nam nonummy enim."
        text run at (0,120) width 352: "Nullam bibendum lobortis neque. Vestibulum velit"
        text run at (0,140) width 358: "orci, tempus euismod, pretium quis, interdum vitae,"
        text run at (0,160) width 341: "nulla. Phasellus eget ante et tortor condimentum"
        text run at (0,180) width 356: "vestibulum. Suspendisse hendrerit quam nec felis."
        text run at (0,200) width 357: "Sed varius turpis vitae pede. Lorem ipsum dolor sit"
        text run at (0,220) width 244: "amet, consectetuer adipiscing elit. "
        text run at (244,220) width 92: "Lorem ipsum"
        text run at (0,240) width 342: "dolor sit amet, consectetuer adipiscing elit. Nulla"
        text run at (0,260) width 128: "varius enim ac mi."
    RenderBlock (anonymous) at (5,285) size 367x240
      RenderInline {SPAN} at (0,0) size 45x20
        RenderText {#text} at (0,0) size 45x20
          text run at (0,0) width 45: "Lorem"
      RenderText {#text} at (45,0) size 367x240
        text run at (45,0) width 322: " ipsum dolor sit amet, consectetuer adipiscing"
        text run at (0,20) width 349: "elit. Nulla varius enim ac mi. Curabitur sollicitudin"
        text run at (0,40) width 353: "felis quis lectus. Quisque adipiscing rhoncus sem."
        text run at (0,60) width 356: "Proin nulla purus, vulputate vel, varius ut, euismod"
        text run at (0,80) width 366: "et, nisi. Sed vitae felis vel orci sagittis aliquam. Cras"
        text run at (0,100) width 333: "convallis adipiscing sem. Nam nonummy enim."
        text run at (0,120) width 352: "Nullam bibendum lobortis neque. Vestibulum velit"
        text run at (0,140) width 358: "orci, tempus euismod, pretium quis, interdum vitae,"
        text run at (0,160) width 341: "nulla. Phasellus eget ante et tortor condimentum"
        text run at (0,180) width 356: "vestibulum. Suspendisse hendrerit quam nec felis."
        text run at (0,200) width 357: "Sed varius turpis vitae pede. Lorem ipsum dolor sit"
        text run at (0,220) width 240: "amet, consectetuer adipiscing elit."
    RenderBlock {P} at (5,541) size 367x240
      RenderText {#text} at (0,0) size 367x240
        text run at (0,0) width 367: "Lorem ipsum dolor sit amet, consectetuer adipiscing"
        text run at (0,20) width 349: "elit. Nulla varius enim ac mi. Curabitur sollicitudin"
        text run at (0,40) width 353: "felis quis lectus. Quisque adipiscing rhoncus sem."
        text run at (0,60) width 356: "Proin nulla purus, vulputate vel, varius ut, euismod"
        text run at (0,80) width 366: "et, nisi. Sed vitae felis vel orci sagittis aliquam. Cras"
        text run at (0,100) width 333: "convallis adipiscing sem. Nam nonummy enim."
        text run at (0,120) width 352: "Nullam bibendum lobortis neque. Vestibulum velit"
        text run at (0,140) width 358: "orci, tempus euismod, pretium quis, interdum vitae,"
        text run at (0,160) width 341: "nulla. Phasellus eget ante et tortor condimentum"
        text run at (0,180) width 356: "vestibulum. Suspendisse hendrerit quam nec felis."
        text run at (0,200) width 357: "Sed varius turpis vitae pede. Lorem ipsum dolor sit"
        text run at (0,220) width 240: "amet, consectetuer adipiscing elit."
layer at (8,1692) size 760x410
  RenderBlock {DIV} at (0,1676) size 760x410 [border: (5px solid #800000)]
    RenderBlock (anonymous) at (5,5) size 367x240
      RenderInline {SPAN} at (0,0) size 367x240
        RenderText {#text} at (0,0) size 367x240
          text run at (0,0) width 367: "Lorem ipsum dolor sit amet, consectetuer adipiscing"
          text run at (0,20) width 349: "elit. Nulla varius enim ac mi. Curabitur sollicitudin"
          text run at (0,40) width 353: "felis quis lectus. Quisque adipiscing rhoncus sem."
          text run at (0,60) width 356: "Proin nulla purus, vulputate vel, varius ut, euismod"
          text run at (0,80) width 366: "et, nisi. Sed vitae felis vel orci sagittis aliquam. Cras"
          text run at (0,100) width 333: "convallis adipiscing sem. Nam nonummy enim."
          text run at (0,120) width 352: "Nullam bibendum lobortis neque. Vestibulum velit"
          text run at (0,140) width 358: "orci, tempus euismod, pretium quis, interdum vitae,"
          text run at (0,160) width 341: "nulla. Phasellus eget ante et tortor condimentum"
          text run at (0,180) width 356: "vestibulum. Suspendisse hendrerit quam nec felis."
          text run at (0,200) width 357: "Sed varius turpis vitae pede. Lorem ipsum dolor sit"
          text run at (0,220) width 240: "amet, consectetuer adipiscing elit."
    RenderBlock (anonymous) at (5,245) size 367x40
      RenderBlock {SPAN} at (0,0) size 367x40
        RenderText {#text} at (0,0) size 367x40
          text run at (0,0) width 367: "Lorem ipsum dolor sit amet, consectetuer adipiscing"
          text run at (0,20) width 199: "elit. Nulla varius enim ac mi."
    RenderBlock (anonymous) at (5,285) size 367x240
      RenderInline {SPAN} at (0,0) size 45x20
        RenderText {#text} at (0,0) size 45x20
          text run at (0,0) width 45: "Lorem"
      RenderText {#text} at (45,0) size 367x240
        text run at (45,0) width 322: " ipsum dolor sit amet, consectetuer adipiscing"
        text run at (0,20) width 349: "elit. Nulla varius enim ac mi. Curabitur sollicitudin"
        text run at (0,40) width 353: "felis quis lectus. Quisque adipiscing rhoncus sem."
        text run at (0,60) width 356: "Proin nulla purus, vulputate vel, varius ut, euismod"
        text run at (0,80) width 366: "et, nisi. Sed vitae felis vel orci sagittis aliquam. Cras"
        text run at (0,100) width 333: "convallis adipiscing sem. Nam nonummy enim."
        text run at (0,120) width 352: "Nullam bibendum lobortis neque. Vestibulum velit"
        text run at (0,140) width 358: "orci, tempus euismod, pretium quis, interdum vitae,"
        text run at (0,160) width 341: "nulla. Phasellus eget ante et tortor condimentum"
        text run at (0,180) width 356: "vestibulum. Suspendisse hendrerit quam nec felis."
        text run at (0,200) width 357: "Sed varius turpis vitae pede. Lorem ipsum dolor sit"
        text run at (0,220) width 240: "amet, consectetuer adipiscing elit."
    RenderBlock {P} at (5,541) size 367x240
      RenderText {#text} at (0,0) size 367x240
        text run at (0,0) width 367: "Lorem ipsum dolor sit amet, consectetuer adipiscing"
        text run at (0,20) width 349: "elit. Nulla varius enim ac mi. Curabitur sollicitudin"
        text run at (0,40) width 353: "felis quis lectus. Quisque adipiscing rhoncus sem."
        text run at (0,60) width 356: "Proin nulla purus, vulputate vel, varius ut, euismod"
        text run at (0,80) width 366: "et, nisi. Sed vitae felis vel orci sagittis aliquam. Cras"
        text run at (0,100) width 333: "convallis adipiscing sem. Nam nonummy enim."
        text run at (0,120) width 352: "Nullam bibendum lobortis neque. Vestibulum velit"
        text run at (0,140) width 358: "orci, tempus euismod, pretium quis, interdum vitae,"
        text run at (0,160) width 341: "nulla. Phasellus eget ante et tortor condimentum"
        text run at (0,180) width 356: "vestibulum. Suspendisse hendrerit quam nec felis."
        text run at (0,200) width 357: "Sed varius turpis vitae pede. Lorem ipsum dolor sit"
        text run at (0,220) width 240: "amet, consectetuer adipiscing elit."
layer at (8,2118) size 760x446
  RenderBlock {DIV} at (0,2102) size 760x446 [border: (5px solid #800000)]
    RenderBlock {P} at (5,21) size 367x240
      RenderText {#text} at (0,0) size 367x240
        text run at (0,0) width 367: "Lorem ipsum dolor sit amet, consectetuer adipiscing"
        text run at (0,20) width 349: "elit. Nulla varius enim ac mi. Curabitur sollicitudin"
        text run at (0,40) width 353: "felis quis lectus. Quisque adipiscing rhoncus sem."
        text run at (0,60) width 356: "Proin nulla purus, vulputate vel, varius ut, euismod"
        text run at (0,80) width 366: "et, nisi. Sed vitae felis vel orci sagittis aliquam. Cras"
        text run at (0,100) width 333: "convallis adipiscing sem. Nam nonummy enim."
        text run at (0,120) width 352: "Nullam bibendum lobortis neque. Vestibulum velit"
        text run at (0,140) width 358: "orci, tempus euismod, pretium quis, interdum vitae,"
        text run at (0,160) width 341: "nulla. Phasellus eget ante et tortor condimentum"
        text run at (0,180) width 356: "vestibulum. Suspendisse hendrerit quam nec felis."
        text run at (0,200) width 357: "Sed varius turpis vitae pede. Lorem ipsum dolor sit"
        text run at (0,220) width 240: "amet, consectetuer adipiscing elit."
    RenderBlock {P} at (5,277) size 367x40
      RenderText {#text} at (0,0) size 367x40
        text run at (0,0) width 367: "Lorem ipsum dolor sit amet, consectetuer adipiscing"
        text run at (0,20) width 199: "elit. Nulla varius enim ac mi."
    RenderBlock {P} at (5,333) size 367x240
      RenderText {#text} at (0,0) size 367x240
        text run at (0,0) width 367: "Lorem ipsum dolor sit amet, consectetuer adipiscing"
        text run at (0,20) width 349: "elit. Nulla varius enim ac mi. Curabitur sollicitudin"
        text run at (0,40) width 353: "felis quis lectus. Quisque adipiscing rhoncus sem."
        text run at (0,60) width 356: "Proin nulla purus, vulputate vel, varius ut, euismod"
        text run at (0,80) width 366: "et, nisi. Sed vitae felis vel orci sagittis aliquam. Cras"
        text run at (0,100) width 333: "convallis adipiscing sem. Nam nonummy enim."
        text run at (0,120) width 352: "Nullam bibendum lobortis neque. Vestibulum velit"
        text run at (0,140) width 358: "orci, tempus euismod, pretium quis, interdum vitae,"
        text run at (0,160) width 341: "nulla. Phasellus eget ante et tortor condimentum"
        text run at (0,180) width 356: "vestibulum. Suspendisse hendrerit quam nec felis."
        text run at (0,200) width 357: "Sed varius turpis vitae pede. Lorem ipsum dolor sit"
        text run at (0,220) width 240: "amet, consectetuer adipiscing elit."
    RenderBlock (anonymous) at (5,589) size 367x40
      RenderInline {SPAN} at (0,0) size 367x40
        RenderText {#text} at (0,0) size 367x40
          text run at (0,0) width 367: "Lorem ipsum dolor sit amet, consectetuer adipiscing"
          text run at (0,20) width 25: "elit."
    RenderBlock (anonymous) at (5,629) size 367x20
      RenderBlock {SPAN} at (0,0) size 367x20
        RenderText {#text} at (0,0) size 170x20
          text run at (0,0) width 170: "Nulla varius enim ac mi."
    RenderBlock (anonymous) at (5,649) size 367x220
      RenderInline {SPAN} at (0,0) size 367x220
        RenderText {#text} at (0,0) size 367x220
          text run at (0,0) width 327: "Curabitur sollicitudin felis quis lectus. Quisque"
          text run at (0,20) width 301: "adipiscing rhoncus sem. Proin nulla purus,"
          text run at (0,40) width 352: "vulputate vel, varius ut, euismod et, nisi. Sed vitae"
          text run at (0,60) width 308: "felis vel orci sagittis aliquam. Cras convallis"
          text run at (0,80) width 321: "adipiscing sem. Nam nonummy enim. Nullam"
          text run at (0,100) width 331: "bibendum lobortis neque. Vestibulum velit orci,"
          text run at (0,120) width 367: "tempus euismod, pretium quis, interdum vitae, nulla."
          text run at (0,140) width 298: "Phasellus eget ante et tortor condimentum"
          text run at (0,160) width 356: "vestibulum. Suspendisse hendrerit quam nec felis."
          text run at (0,180) width 357: "Sed varius turpis vitae pede. Lorem ipsum dolor sit"
          text run at (0,200) width 240: "amet, consectetuer adipiscing elit."
      RenderText {#text} at (0,0) size 0x0
