layer at (0,0) size 784x2878
  RenderView at (0,0) size 784x600
layer at (0,0) size 784x2878
  RenderBlock {HTML} at (0,0) size 784x2878
    RenderBody {BODY} at (8,8) size 768x2854
      RenderBlock (anonymous) at (0,0) size 768x42
        RenderText {#text} at (0,0) size 761x42
          text run at (0,0) width 761: "In this test, all of the spanning elements have their spans turned off dynamically, and so they should just be in the"
          text run at (0,21) width 87: "column flow."
        RenderText {#text} at (0,0) size 0x0
layer at (8,66) size 760x436
  RenderBlock {DIV} at (0,58) size 760x436 [border: (5px solid #800000)]
    RenderBlock {H2} at (5,24) size 367x31 [bgcolor=#EEEEEE]
      RenderText {#text} at (0,0) size 276x32
        text run at (0,0) width 276: "This is a spanning element."
    RenderBlock (anonymous) at (5,74) size 367x777
      RenderText {#text} at (0,0) size 367x777
        text run at (0,0) width 351: "Lorem ipsum dolor sit amet, consectetuer adipiscing"
        text run at (0,21) width 343: "elit. Nulla varius enim ac mi. Curabitur sollicitudin"
        text run at (0,42) width 329: "felis quis lectus. Quisque adipiscing rhoncus sem."
        text run at (0,63) width 367: "Proin nulla purus, vulputate vel, varius ut, euismod et,"
        text run at (0,84) width 325: "nisi. Sed vitae felis vel orci sagittis aliquam. Cras"
        text run at (0,105) width 315: "convallis adipiscing sem. Nam nonummy enim."
        text run at (0,126) width 341: "Nullam bibendum lobortis neque. Vestibulum velit"
        text run at (0,147) width 348: "orci, tempus euismod, pretium quis, interdum vitae,"
        text run at (0,168) width 326: "nulla. Phasellus eget ante et tortor condimentum"
        text run at (0,189) width 364: "vestibulum. Suspendisse hendrerit quam nec felis. Sed"
        text run at (0,210) width 357: "varius turpis vitae pede. Lorem ipsum dolor sit amet,"
        text run at (0,231) width 188: "consectetuer adipiscing elit. "
        text run at (188,231) width 150: "Lorem ipsum dolor sit"
        text run at (0,252) width 349: "amet, consectetuer adipiscing elit. Nulla varius enim"
        text run at (0,273) width 359: "ac mi. Curabitur sollicitudin felis quis lectus. Quisque"
        text run at (0,294) width 357: "adipiscing rhoncus sem. Proin nulla purus, vulputate"
        text run at (0,315) width 350: "vel, varius ut, euismod et, nisi. Sed vitae felis vel orci"
        text run at (0,336) width 351: "sagittis aliquam. Cras convallis adipiscing sem. Nam"
        text run at (0,357) width 341: "nonummy enim. Nullam bibendum lobortis neque."
        text run at (0,378) width 355: "Vestibulum velit orci, tempus euismod, pretium quis,"
        text run at (0,399) width 336: "interdum vitae, nulla. Phasellus eget ante et tortor"
        text run at (0,420) width 328: "condimentum vestibulum. Suspendisse hendrerit"
        text run at (0,441) width 345: "quam nec felis. Sed varius turpis vitae pede. Lorem"
        text run at (0,462) width 329: "ipsum dolor sit amet, consectetuer adipiscing elit."
        text run at (0,483) width 351: "Lorem ipsum dolor sit amet, consectetuer adipiscing"
        text run at (0,504) width 343: "elit. Nulla varius enim ac mi. Curabitur sollicitudin"
        text run at (0,525) width 329: "felis quis lectus. Quisque adipiscing rhoncus sem."
        text run at (0,546) width 367: "Proin nulla purus, vulputate vel, varius ut, euismod et,"
        text run at (0,567) width 325: "nisi. Sed vitae felis vel orci sagittis aliquam. Cras"
        text run at (0,588) width 315: "convallis adipiscing sem. Nam nonummy enim."
        text run at (0,609) width 341: "Nullam bibendum lobortis neque. Vestibulum velit"
        text run at (0,630) width 348: "orci, tempus euismod, pretium quis, interdum vitae,"
        text run at (0,651) width 326: "nulla. Phasellus eget ante et tortor condimentum"
        text run at (0,672) width 364: "vestibulum. Suspendisse hendrerit quam nec felis. Sed"
        text run at (0,693) width 357: "varius turpis vitae pede. Lorem ipsum dolor sit amet,"
        text run at (0,714) width 188: "consectetuer adipiscing elit. "
        text run at (188,714) width 150: "Lorem ipsum dolor sit"
        text run at (0,735) width 349: "amet, consectetuer adipiscing elit. Nulla varius enim"
        text run at (0,756) width 40: "ac mi."
layer at (8,518) size 760x436
  RenderBlock {DIV} at (0,510) size 760x436 [border: (5px solid #800000)]
    RenderBlock (anonymous) at (5,5) size 367x777
      RenderText {#text} at (0,0) size 367x777
        text run at (0,0) width 351: "Lorem ipsum dolor sit amet, consectetuer adipiscing"
        text run at (0,21) width 343: "elit. Nulla varius enim ac mi. Curabitur sollicitudin"
        text run at (0,42) width 329: "felis quis lectus. Quisque adipiscing rhoncus sem."
        text run at (0,63) width 367: "Proin nulla purus, vulputate vel, varius ut, euismod et,"
        text run at (0,84) width 325: "nisi. Sed vitae felis vel orci sagittis aliquam. Cras"
        text run at (0,105) width 315: "convallis adipiscing sem. Nam nonummy enim."
        text run at (0,126) width 341: "Nullam bibendum lobortis neque. Vestibulum velit"
        text run at (0,147) width 348: "orci, tempus euismod, pretium quis, interdum vitae,"
        text run at (0,168) width 326: "nulla. Phasellus eget ante et tortor condimentum"
        text run at (0,189) width 364: "vestibulum. Suspendisse hendrerit quam nec felis. Sed"
        text run at (0,210) width 357: "varius turpis vitae pede. Lorem ipsum dolor sit amet,"
        text run at (0,231) width 188: "consectetuer adipiscing elit. "
        text run at (188,231) width 150: "Lorem ipsum dolor sit"
        text run at (0,252) width 349: "amet, consectetuer adipiscing elit. Nulla varius enim"
        text run at (0,273) width 359: "ac mi. Curabitur sollicitudin felis quis lectus. Quisque"
        text run at (0,294) width 357: "adipiscing rhoncus sem. Proin nulla purus, vulputate"
        text run at (0,315) width 350: "vel, varius ut, euismod et, nisi. Sed vitae felis vel orci"
        text run at (0,336) width 351: "sagittis aliquam. Cras convallis adipiscing sem. Nam"
        text run at (0,357) width 341: "nonummy enim. Nullam bibendum lobortis neque."
        text run at (0,378) width 355: "Vestibulum velit orci, tempus euismod, pretium quis,"
        text run at (0,399) width 336: "interdum vitae, nulla. Phasellus eget ante et tortor"
        text run at (0,420) width 328: "condimentum vestibulum. Suspendisse hendrerit"
        text run at (0,441) width 345: "quam nec felis. Sed varius turpis vitae pede. Lorem"
        text run at (0,462) width 329: "ipsum dolor sit amet, consectetuer adipiscing elit."
        text run at (0,483) width 351: "Lorem ipsum dolor sit amet, consectetuer adipiscing"
        text run at (0,504) width 343: "elit. Nulla varius enim ac mi. Curabitur sollicitudin"
        text run at (0,525) width 329: "felis quis lectus. Quisque adipiscing rhoncus sem."
        text run at (0,546) width 367: "Proin nulla purus, vulputate vel, varius ut, euismod et,"
        text run at (0,567) width 325: "nisi. Sed vitae felis vel orci sagittis aliquam. Cras"
        text run at (0,588) width 315: "convallis adipiscing sem. Nam nonummy enim."
        text run at (0,609) width 341: "Nullam bibendum lobortis neque. Vestibulum velit"
        text run at (0,630) width 348: "orci, tempus euismod, pretium quis, interdum vitae,"
        text run at (0,651) width 326: "nulla. Phasellus eget ante et tortor condimentum"
        text run at (0,672) width 364: "vestibulum. Suspendisse hendrerit quam nec felis. Sed"
        text run at (0,693) width 357: "varius turpis vitae pede. Lorem ipsum dolor sit amet,"
        text run at (0,714) width 188: "consectetuer adipiscing elit. "
        text run at (188,714) width 150: "Lorem ipsum dolor sit"
        text run at (0,735) width 349: "amet, consectetuer adipiscing elit. Nulla varius enim"
        text run at (0,756) width 40: "ac mi."
    RenderBlock {H2} at (5,801) size 367x31 [bgcolor=#EEEEEE]
      RenderText {#text} at (0,0) size 276x32
        text run at (0,0) width 276: "This is a spanning element."
layer at (8,970) size 760x452
  RenderBlock {DIV} at (0,962) size 760x452 [border: (5px solid #800000)]
    RenderBlock {P} at (5,21) size 367x294
      RenderText {#text} at (0,0) size 367x294
        text run at (0,0) width 351: "Lorem ipsum dolor sit amet, consectetuer adipiscing"
        text run at (0,21) width 343: "elit. Nulla varius enim ac mi. Curabitur sollicitudin"
        text run at (0,42) width 329: "felis quis lectus. Quisque adipiscing rhoncus sem."
        text run at (0,63) width 367: "Proin nulla purus, vulputate vel, varius ut, euismod et,"
        text run at (0,84) width 325: "nisi. Sed vitae felis vel orci sagittis aliquam. Cras"
        text run at (0,105) width 315: "convallis adipiscing sem. Nam nonummy enim."
        text run at (0,126) width 341: "Nullam bibendum lobortis neque. Vestibulum velit"
        text run at (0,147) width 348: "orci, tempus euismod, pretium quis, interdum vitae,"
        text run at (0,168) width 326: "nulla. Phasellus eget ante et tortor condimentum"
        text run at (0,189) width 364: "vestibulum. Suspendisse hendrerit quam nec felis. Sed"
        text run at (0,210) width 357: "varius turpis vitae pede. Lorem ipsum dolor sit amet,"
        text run at (0,231) width 188: "consectetuer adipiscing elit. "
        text run at (188,231) width 150: "Lorem ipsum dolor sit"
        text run at (0,252) width 349: "amet, consectetuer adipiscing elit. Nulla varius enim"
        text run at (0,273) width 40: "ac mi."
    RenderBlock {H2} at (5,334) size 367x31 [bgcolor=#EEEEEE]
      RenderText {#text} at (0,0) size 276x32
        text run at (0,0) width 276: "This is a spanning element."
    RenderBlock {P} at (5,384) size 367x483
      RenderText {#text} at (0,0) size 367x483
        text run at (0,0) width 351: "Lorem ipsum dolor sit amet, consectetuer adipiscing"
        text run at (0,21) width 343: "elit. Nulla varius enim ac mi. Curabitur sollicitudin"
        text run at (0,42) width 329: "felis quis lectus. Quisque adipiscing rhoncus sem."
        text run at (0,63) width 367: "Proin nulla purus, vulputate vel, varius ut, euismod et,"
        text run at (0,84) width 325: "nisi. Sed vitae felis vel orci sagittis aliquam. Cras"
        text run at (0,105) width 315: "convallis adipiscing sem. Nam nonummy enim."
        text run at (0,126) width 341: "Nullam bibendum lobortis neque. Vestibulum velit"
        text run at (0,147) width 348: "orci, tempus euismod, pretium quis, interdum vitae,"
        text run at (0,168) width 326: "nulla. Phasellus eget ante et tortor condimentum"
        text run at (0,189) width 364: "vestibulum. Suspendisse hendrerit quam nec felis. Sed"
        text run at (0,210) width 357: "varius turpis vitae pede. Lorem ipsum dolor sit amet,"
        text run at (0,231) width 188: "consectetuer adipiscing elit. "
        text run at (188,231) width 150: "Lorem ipsum dolor sit"
        text run at (0,252) width 349: "amet, consectetuer adipiscing elit. Nulla varius enim"
        text run at (0,273) width 359: "ac mi. Curabitur sollicitudin felis quis lectus. Quisque"
        text run at (0,294) width 357: "adipiscing rhoncus sem. Proin nulla purus, vulputate"
        text run at (0,315) width 350: "vel, varius ut, euismod et, nisi. Sed vitae felis vel orci"
        text run at (0,336) width 351: "sagittis aliquam. Cras convallis adipiscing sem. Nam"
        text run at (0,357) width 341: "nonummy enim. Nullam bibendum lobortis neque."
        text run at (0,378) width 355: "Vestibulum velit orci, tempus euismod, pretium quis,"
        text run at (0,399) width 336: "interdum vitae, nulla. Phasellus eget ante et tortor"
        text run at (0,420) width 328: "condimentum vestibulum. Suspendisse hendrerit"
        text run at (0,441) width 345: "quam nec felis. Sed varius turpis vitae pede. Lorem"
        text run at (0,462) width 329: "ipsum dolor sit amet, consectetuer adipiscing elit."
layer at (8,1438) size 760x462
  RenderBlock {DIV} at (0,1430) size 760x462 [border: (5px solid #800000)]
    RenderBlock (anonymous) at (5,5) size 367x294
      RenderText {#text} at (0,0) size 367x294
        text run at (0,0) width 351: "Lorem ipsum dolor sit amet, consectetuer adipiscing"
        text run at (0,21) width 343: "elit. Nulla varius enim ac mi. Curabitur sollicitudin"
        text run at (0,42) width 329: "felis quis lectus. Quisque adipiscing rhoncus sem."
        text run at (0,63) width 367: "Proin nulla purus, vulputate vel, varius ut, euismod et,"
        text run at (0,84) width 325: "nisi. Sed vitae felis vel orci sagittis aliquam. Cras"
        text run at (0,105) width 315: "convallis adipiscing sem. Nam nonummy enim."
        text run at (0,126) width 341: "Nullam bibendum lobortis neque. Vestibulum velit"
        text run at (0,147) width 348: "orci, tempus euismod, pretium quis, interdum vitae,"
        text run at (0,168) width 326: "nulla. Phasellus eget ante et tortor condimentum"
        text run at (0,189) width 364: "vestibulum. Suspendisse hendrerit quam nec felis. Sed"
        text run at (0,210) width 357: "varius turpis vitae pede. Lorem ipsum dolor sit amet,"
        text run at (0,231) width 188: "consectetuer adipiscing elit. "
        text run at (188,231) width 150: "Lorem ipsum dolor sit"
        text run at (0,252) width 349: "amet, consectetuer adipiscing elit. Nulla varius enim"
        text run at (0,273) width 40: "ac mi."
    RenderBlock {H2} at (5,318) size 367x31 [bgcolor=#EEEEEE]
      RenderText {#text} at (0,0) size 276x32
        text run at (0,0) width 276: "This is a spanning element."
    RenderBlock (anonymous) at (5,368) size 367x252
      RenderInline {SPAN} at (0,0) size 46x21
        RenderText {#text} at (0,0) size 46x21
          text run at (0,0) width 46: "Lorem"
      RenderText {#text} at (46,0) size 367x252
        text run at (46,0) width 305: " ipsum dolor sit amet, consectetuer adipiscing"
        text run at (0,21) width 343: "elit. Nulla varius enim ac mi. Curabitur sollicitudin"
        text run at (0,42) width 329: "felis quis lectus. Quisque adipiscing rhoncus sem."
        text run at (0,63) width 367: "Proin nulla purus, vulputate vel, varius ut, euismod et,"
        text run at (0,84) width 325: "nisi. Sed vitae felis vel orci sagittis aliquam. Cras"
        text run at (0,105) width 315: "convallis adipiscing sem. Nam nonummy enim."
        text run at (0,126) width 341: "Nullam bibendum lobortis neque. Vestibulum velit"
        text run at (0,147) width 348: "orci, tempus euismod, pretium quis, interdum vitae,"
        text run at (0,168) width 326: "nulla. Phasellus eget ante et tortor condimentum"
        text run at (0,189) width 364: "vestibulum. Suspendisse hendrerit quam nec felis. Sed"
        text run at (0,210) width 357: "varius turpis vitae pede. Lorem ipsum dolor sit amet,"
        text run at (0,231) width 184: "consectetuer adipiscing elit."
    RenderBlock {P} at (5,636) size 367x252
      RenderText {#text} at (0,0) size 367x252
        text run at (0,0) width 351: "Lorem ipsum dolor sit amet, consectetuer adipiscing"
        text run at (0,21) width 343: "elit. Nulla varius enim ac mi. Curabitur sollicitudin"
        text run at (0,42) width 329: "felis quis lectus. Quisque adipiscing rhoncus sem."
        text run at (0,63) width 367: "Proin nulla purus, vulputate vel, varius ut, euismod et,"
        text run at (0,84) width 325: "nisi. Sed vitae felis vel orci sagittis aliquam. Cras"
        text run at (0,105) width 315: "convallis adipiscing sem. Nam nonummy enim."
        text run at (0,126) width 341: "Nullam bibendum lobortis neque. Vestibulum velit"
        text run at (0,147) width 348: "orci, tempus euismod, pretium quis, interdum vitae,"
        text run at (0,168) width 326: "nulla. Phasellus eget ante et tortor condimentum"
        text run at (0,189) width 364: "vestibulum. Suspendisse hendrerit quam nec felis. Sed"
        text run at (0,210) width 357: "varius turpis vitae pede. Lorem ipsum dolor sit amet,"
        text run at (0,231) width 184: "consectetuer adipiscing elit."
layer at (8,1916) size 760x452
  RenderBlock {DIV} at (0,1908) size 760x452 [border: (5px solid #800000)]
    RenderBlock (anonymous) at (5,5) size 367x252
      RenderInline {SPAN} at (0,0) size 367x252
        RenderText {#text} at (0,0) size 367x252
          text run at (0,0) width 351: "Lorem ipsum dolor sit amet, consectetuer adipiscing"
          text run at (0,21) width 343: "elit. Nulla varius enim ac mi. Curabitur sollicitudin"
          text run at (0,42) width 329: "felis quis lectus. Quisque adipiscing rhoncus sem."
          text run at (0,63) width 367: "Proin nulla purus, vulputate vel, varius ut, euismod et,"
          text run at (0,84) width 325: "nisi. Sed vitae felis vel orci sagittis aliquam. Cras"
          text run at (0,105) width 315: "convallis adipiscing sem. Nam nonummy enim."
          text run at (0,126) width 341: "Nullam bibendum lobortis neque. Vestibulum velit"
          text run at (0,147) width 348: "orci, tempus euismod, pretium quis, interdum vitae,"
          text run at (0,168) width 326: "nulla. Phasellus eget ante et tortor condimentum"
          text run at (0,189) width 364: "vestibulum. Suspendisse hendrerit quam nec felis. Sed"
          text run at (0,210) width 357: "varius turpis vitae pede. Lorem ipsum dolor sit amet,"
          text run at (0,231) width 184: "consectetuer adipiscing elit."
    RenderBlock (anonymous) at (5,257) size 367x42
      RenderBlock {SPAN} at (0,0) size 367x42
        RenderText {#text} at (0,0) size 351x42
          text run at (0,0) width 351: "Lorem ipsum dolor sit amet, consectetuer adipiscing"
          text run at (0,21) width 192: "elit. Nulla varius enim ac mi."
    RenderBlock (anonymous) at (5,299) size 367x252
      RenderInline {SPAN} at (0,0) size 46x21
        RenderText {#text} at (0,0) size 46x21
          text run at (0,0) width 46: "Lorem"
      RenderText {#text} at (46,0) size 367x252
        text run at (46,0) width 305: " ipsum dolor sit amet, consectetuer adipiscing"
        text run at (0,21) width 343: "elit. Nulla varius enim ac mi. Curabitur sollicitudin"
        text run at (0,42) width 329: "felis quis lectus. Quisque adipiscing rhoncus sem."
        text run at (0,63) width 367: "Proin nulla purus, vulputate vel, varius ut, euismod et,"
        text run at (0,84) width 325: "nisi. Sed vitae felis vel orci sagittis aliquam. Cras"
        text run at (0,105) width 315: "convallis adipiscing sem. Nam nonummy enim."
        text run at (0,126) width 341: "Nullam bibendum lobortis neque. Vestibulum velit"
        text run at (0,147) width 348: "orci, tempus euismod, pretium quis, interdum vitae,"
        text run at (0,168) width 326: "nulla. Phasellus eget ante et tortor condimentum"
        text run at (0,189) width 364: "vestibulum. Suspendisse hendrerit quam nec felis. Sed"
        text run at (0,210) width 357: "varius turpis vitae pede. Lorem ipsum dolor sit amet,"
        text run at (0,231) width 184: "consectetuer adipiscing elit."
    RenderBlock {H2} at (5,570) size 367x31 [bgcolor=#EEEEEE]
      RenderText {#text} at (0,0) size 276x32
        text run at (0,0) width 276: "This is a spanning element."
    RenderBlock {P} at (5,620) size 367x252
      RenderText {#text} at (0,0) size 367x252
        text run at (0,0) width 351: "Lorem ipsum dolor sit amet, consectetuer adipiscing"
        text run at (0,21) width 343: "elit. Nulla varius enim ac mi. Curabitur sollicitudin"
        text run at (0,42) width 329: "felis quis lectus. Quisque adipiscing rhoncus sem."
        text run at (0,63) width 367: "Proin nulla purus, vulputate vel, varius ut, euismod et,"
        text run at (0,84) width 325: "nisi. Sed vitae felis vel orci sagittis aliquam. Cras"
        text run at (0,105) width 315: "convallis adipiscing sem. Nam nonummy enim."
        text run at (0,126) width 341: "Nullam bibendum lobortis neque. Vestibulum velit"
        text run at (0,147) width 348: "orci, tempus euismod, pretium quis, interdum vitae,"
        text run at (0,168) width 326: "nulla. Phasellus eget ante et tortor condimentum"
        text run at (0,189) width 364: "vestibulum. Suspendisse hendrerit quam nec felis. Sed"
        text run at (0,210) width 357: "varius turpis vitae pede. Lorem ipsum dolor sit amet,"
        text run at (0,231) width 184: "consectetuer adipiscing elit."
layer at (8,2384) size 760x478
  RenderBlock {DIV} at (0,2376) size 760x478 [border: (5px solid #800000)]
    RenderBlock {P} at (5,21) size 367x252
      RenderText {#text} at (0,0) size 367x252
        text run at (0,0) width 351: "Lorem ipsum dolor sit amet, consectetuer adipiscing"
        text run at (0,21) width 343: "elit. Nulla varius enim ac mi. Curabitur sollicitudin"
        text run at (0,42) width 329: "felis quis lectus. Quisque adipiscing rhoncus sem."
        text run at (0,63) width 367: "Proin nulla purus, vulputate vel, varius ut, euismod et,"
        text run at (0,84) width 325: "nisi. Sed vitae felis vel orci sagittis aliquam. Cras"
        text run at (0,105) width 315: "convallis adipiscing sem. Nam nonummy enim."
        text run at (0,126) width 341: "Nullam bibendum lobortis neque. Vestibulum velit"
        text run at (0,147) width 348: "orci, tempus euismod, pretium quis, interdum vitae,"
        text run at (0,168) width 326: "nulla. Phasellus eget ante et tortor condimentum"
        text run at (0,189) width 364: "vestibulum. Suspendisse hendrerit quam nec felis. Sed"
        text run at (0,210) width 357: "varius turpis vitae pede. Lorem ipsum dolor sit amet,"
        text run at (0,231) width 184: "consectetuer adipiscing elit."
    RenderBlock {P} at (5,289) size 367x42
      RenderText {#text} at (0,0) size 351x42
        text run at (0,0) width 351: "Lorem ipsum dolor sit amet, consectetuer adipiscing"
        text run at (0,21) width 192: "elit. Nulla varius enim ac mi."
    RenderBlock {P} at (5,347) size 367x252
      RenderText {#text} at (0,0) size 367x252
        text run at (0,0) width 351: "Lorem ipsum dolor sit amet, consectetuer adipiscing"
        text run at (0,21) width 343: "elit. Nulla varius enim ac mi. Curabitur sollicitudin"
        text run at (0,42) width 329: "felis quis lectus. Quisque adipiscing rhoncus sem."
        text run at (0,63) width 367: "Proin nulla purus, vulputate vel, varius ut, euismod et,"
        text run at (0,84) width 325: "nisi. Sed vitae felis vel orci sagittis aliquam. Cras"
        text run at (0,105) width 315: "convallis adipiscing sem. Nam nonummy enim."
        text run at (0,126) width 341: "Nullam bibendum lobortis neque. Vestibulum velit"
        text run at (0,147) width 348: "orci, tempus euismod, pretium quis, interdum vitae,"
        text run at (0,168) width 326: "nulla. Phasellus eget ante et tortor condimentum"
        text run at (0,189) width 364: "vestibulum. Suspendisse hendrerit quam nec felis. Sed"
        text run at (0,210) width 357: "varius turpis vitae pede. Lorem ipsum dolor sit amet,"
        text run at (0,231) width 184: "consectetuer adipiscing elit."
    RenderBlock {H2} at (5,618) size 367x31 [bgcolor=#EEEEEE]
      RenderText {#text} at (0,0) size 276x32
        text run at (0,0) width 276: "This is a spanning element."
    RenderBlock (anonymous) at (5,668) size 367x42
      RenderInline {SPAN} at (0,0) size 351x42
        RenderText {#text} at (0,0) size 351x42
          text run at (0,0) width 351: "Lorem ipsum dolor sit amet, consectetuer adipiscing"
          text run at (0,21) width 24: "elit."
    RenderBlock (anonymous) at (5,710) size 367x21
      RenderBlock {SPAN} at (0,0) size 367x21
        RenderText {#text} at (0,0) size 164x21
          text run at (0,0) width 164: "Nulla varius enim ac mi."
    RenderBlock (anonymous) at (5,731) size 367x210
      RenderInline {SPAN} at (0,0) size 357x210
        RenderText {#text} at (0,0) size 357x210
          text run at (0,0) width 315: "Curabitur sollicitudin felis quis lectus. Quisque"
          text run at (0,21) width 357: "adipiscing rhoncus sem. Proin nulla purus, vulputate"
          text run at (0,42) width 350: "vel, varius ut, euismod et, nisi. Sed vitae felis vel orci"
          text run at (0,63) width 351: "sagittis aliquam. Cras convallis adipiscing sem. Nam"
          text run at (0,84) width 341: "nonummy enim. Nullam bibendum lobortis neque."
          text run at (0,105) width 355: "Vestibulum velit orci, tempus euismod, pretium quis,"
          text run at (0,126) width 336: "interdum vitae, nulla. Phasellus eget ante et tortor"
          text run at (0,147) width 328: "condimentum vestibulum. Suspendisse hendrerit"
          text run at (0,168) width 345: "quam nec felis. Sed varius turpis vitae pede. Lorem"
          text run at (0,189) width 329: "ipsum dolor sit amet, consectetuer adipiscing elit."
      RenderText {#text} at (0,0) size 0x0
