layer at (0,0) size 784x1530
  RenderView at (0,0) size 784x600
layer at (0,0) size 784x1530
  RenderBlock {HTML} at (0,0) size 784x1530
    RenderBody {BODY} at (8,16) size 768x1498
layer at (8,16) size 760x478
  RenderBlock {DIV} at (0,0) size 760x478 [border: (5px solid #800000)]
    RenderBlock (anonymous multi-column span) at (5,24) size 750x31
      RenderBlock {H2} at (0,0) size 750x31 [bgcolor=#EEEEEE]
        RenderText {#text} at (0,0) size 664x32
          text run at (0,0) width 664: "This is a spanning element at the beginning of the columns block."
layer at (13,90) size 750x399
  RenderBlock (anonymous multi-column) at (5,74) size 750x399
    RenderBlock {SPAN} at (0,0) size 367x252 [color=#FFFFFF] [bgcolor=#000000]
      RenderText {#text} at (0,0) size 367x252
        text run at (0,0) width 351: "Lorem ipsum dolor sit amet, consectetuer adipiscing"
        text run at (0,21) width 343: "elit. Nulla varius enim ac mi. Curabitur sollicitudin"
        text run at (0,42) width 329: "felis quis lectus. Quisque adipiscing rhoncus sem."
        text run at (0,63) width 367: "Proin nulla purus, vulputate vel, varius ut, euismod et,"
        text run at (0,84) width 325: "nisi. Sed vitae felis vel orci sagittis aliquam. Cras"
        text run at (0,105) width 315: "convallis adipiscing sem. Nam nonummy enim."
        text run at (0,126) width 341: "Nullam bibendum lobortis neque. Vestibulum velit"
        text run at (0,147) width 348: "orci, tempus euismod, pretium quis, interdum vitae,"
        text run at (0,168) width 326: "nulla. Phasellus eget ante et tortor condimentum"
        text run at (0,189) width 364: "vestibulum. Suspendisse hendrerit quam nec felis. Sed"
        text run at (0,210) width 357: "varius turpis vitae pede. Lorem ipsum dolor sit amet,"
        text run at (0,231) width 184: "consectetuer adipiscing elit."
    RenderBlock (anonymous) at (0,268) size 367x525
      RenderText {#text} at (0,0) size 367x525
        text run at (0,0) width 351: "Lorem ipsum dolor sit amet, consectetuer adipiscing"
        text run at (0,21) width 343: "elit. Nulla varius enim ac mi. Curabitur sollicitudin"
        text run at (0,42) width 329: "felis quis lectus. Quisque adipiscing rhoncus sem."
        text run at (0,63) width 367: "Proin nulla purus, vulputate vel, varius ut, euismod et,"
        text run at (0,84) width 325: "nisi. Sed vitae felis vel orci sagittis aliquam. Cras"
        text run at (0,105) width 315: "convallis adipiscing sem. Nam nonummy enim."
        text run at (0,126) width 341: "Nullam bibendum lobortis neque. Vestibulum velit"
        text run at (0,147) width 348: "orci, tempus euismod, pretium quis, interdum vitae,"
        text run at (0,168) width 326: "nulla. Phasellus eget ante et tortor condimentum"
        text run at (0,189) width 364: "vestibulum. Suspendisse hendrerit quam nec felis. Sed"
        text run at (0,210) width 357: "varius turpis vitae pede. Lorem ipsum dolor sit amet,"
        text run at (0,231) width 188: "consectetuer adipiscing elit. "
        text run at (188,231) width 150: "Lorem ipsum dolor sit"
        text run at (0,252) width 349: "amet, consectetuer adipiscing elit. Nulla varius enim"
        text run at (0,273) width 359: "ac mi. Curabitur sollicitudin felis quis lectus. Quisque"
        text run at (0,294) width 357: "adipiscing rhoncus sem. Proin nulla purus, vulputate"
        text run at (0,315) width 350: "vel, varius ut, euismod et, nisi. Sed vitae felis vel orci"
        text run at (0,336) width 351: "sagittis aliquam. Cras convallis adipiscing sem. Nam"
        text run at (0,357) width 341: "nonummy enim. Nullam bibendum lobortis neque."
        text run at (0,378) width 355: "Vestibulum velit orci, tempus euismod, pretium quis,"
        text run at (0,399) width 336: "interdum vitae, nulla. Phasellus eget ante et tortor"
        text run at (0,420) width 328: "condimentum vestibulum. Suspendisse hendrerit"
        text run at (0,441) width 345: "quam nec felis. Sed varius turpis vitae pede. Lorem"
        text run at (0,462) width 329: "ipsum dolor sit amet, consectetuer adipiscing elit."
        text run at (0,483) width 351: "Lorem ipsum dolor sit amet, consectetuer adipiscing"
        text run at (0,504) width 192: "elit. Nulla varius enim ac mi."
layer at (8,510) size 760x478
  RenderBlock {DIV} at (0,494) size 760x478 [border: (5px solid #800000)]
    RenderBlock (anonymous multi-column span) at (5,423) size 750x31
      RenderBlock {H2} at (0,0) size 750x31 [bgcolor=#EEEEEE]
        RenderText {#text} at (0,0) size 600x32
          text run at (0,0) width 600: "This is a spanning element at the end of the columns block."
layer at (13,515) size 750x399
  RenderBlock (anonymous multi-column) at (5,5) size 750x399
    RenderBlock (anonymous) at (0,0) size 367x483
      RenderText {#text} at (0,0) size 367x483
        text run at (0,0) width 351: "Lorem ipsum dolor sit amet, consectetuer adipiscing"
        text run at (0,21) width 343: "elit. Nulla varius enim ac mi. Curabitur sollicitudin"
        text run at (0,42) width 329: "felis quis lectus. Quisque adipiscing rhoncus sem."
        text run at (0,63) width 367: "Proin nulla purus, vulputate vel, varius ut, euismod et,"
        text run at (0,84) width 325: "nisi. Sed vitae felis vel orci sagittis aliquam. Cras"
        text run at (0,105) width 315: "convallis adipiscing sem. Nam nonummy enim."
        text run at (0,126) width 341: "Nullam bibendum lobortis neque. Vestibulum velit"
        text run at (0,147) width 348: "orci, tempus euismod, pretium quis, interdum vitae,"
        text run at (0,168) width 326: "nulla. Phasellus eget ante et tortor condimentum"
        text run at (0,189) width 364: "vestibulum. Suspendisse hendrerit quam nec felis. Sed"
        text run at (0,210) width 357: "varius turpis vitae pede. Lorem ipsum dolor sit amet,"
        text run at (0,231) width 188: "consectetuer adipiscing elit. "
        text run at (188,231) width 150: "Lorem ipsum dolor sit"
        text run at (0,252) width 349: "amet, consectetuer adipiscing elit. Nulla varius enim"
        text run at (0,273) width 359: "ac mi. Curabitur sollicitudin felis quis lectus. Quisque"
        text run at (0,294) width 357: "adipiscing rhoncus sem. Proin nulla purus, vulputate"
        text run at (0,315) width 350: "vel, varius ut, euismod et, nisi. Sed vitae felis vel orci"
        text run at (0,336) width 351: "sagittis aliquam. Cras convallis adipiscing sem. Nam"
        text run at (0,357) width 341: "nonummy enim. Nullam bibendum lobortis neque."
        text run at (0,378) width 355: "Vestibulum velit orci, tempus euismod, pretium quis,"
        text run at (0,399) width 336: "interdum vitae, nulla. Phasellus eget ante et tortor"
        text run at (0,420) width 328: "condimentum vestibulum. Suspendisse hendrerit"
        text run at (0,441) width 345: "quam nec felis. Sed varius turpis vitae pede. Lorem"
        text run at (0,462) width 329: "ipsum dolor sit amet, consectetuer adipiscing elit."
    RenderBlock {SPAN} at (0,499) size 367x294 [color=#FFFFFF] [bgcolor=#000000]
      RenderText {#text} at (0,0) size 367x294
        text run at (0,0) width 351: "Lorem ipsum dolor sit amet, consectetuer adipiscing"
        text run at (0,21) width 343: "elit. Nulla varius enim ac mi. Curabitur sollicitudin"
        text run at (0,42) width 329: "felis quis lectus. Quisque adipiscing rhoncus sem."
        text run at (0,63) width 367: "Proin nulla purus, vulputate vel, varius ut, euismod et,"
        text run at (0,84) width 325: "nisi. Sed vitae felis vel orci sagittis aliquam. Cras"
        text run at (0,105) width 315: "convallis adipiscing sem. Nam nonummy enim."
        text run at (0,126) width 341: "Nullam bibendum lobortis neque. Vestibulum velit"
        text run at (0,147) width 348: "orci, tempus euismod, pretium quis, interdum vitae,"
        text run at (0,168) width 326: "nulla. Phasellus eget ante et tortor condimentum"
        text run at (0,189) width 364: "vestibulum. Suspendisse hendrerit quam nec felis. Sed"
        text run at (0,210) width 357: "varius turpis vitae pede. Lorem ipsum dolor sit amet,"
        text run at (0,231) width 188: "consectetuer adipiscing elit. "
        text run at (188,231) width 150: "Lorem ipsum dolor sit"
        text run at (0,252) width 349: "amet, consectetuer adipiscing elit. Nulla varius enim"
        text run at (0,273) width 40: "ac mi."
layer at (8,1004) size 760x510
  RenderBlock {DIV} at (0,988) size 760x510 [border: (5px solid #800000)]
    RenderBlock (anonymous multi-column span) at (5,187) size 750x31
      RenderBlock {H2} at (0,0) size 750x31 [bgcolor=#EEEEEE]
        RenderText {#text} at (0,0) size 634x32
          text run at (0,0) width 634: "This is a spanning element in the middle of the columns block."
layer at (13,1009) size 750x163
  RenderBlock (anonymous multi-column) at (5,5) size 750x163
    RenderBlock (anonymous) at (0,0) size 367x252
      RenderText {#text} at (0,0) size 367x252
        text run at (0,0) width 351: "Lorem ipsum dolor sit amet, consectetuer adipiscing"
        text run at (0,21) width 343: "elit. Nulla varius enim ac mi. Curabitur sollicitudin"
        text run at (0,42) width 329: "felis quis lectus. Quisque adipiscing rhoncus sem."
        text run at (0,63) width 367: "Proin nulla purus, vulputate vel, varius ut, euismod et,"
        text run at (0,84) width 325: "nisi. Sed vitae felis vel orci sagittis aliquam. Cras"
        text run at (0,105) width 315: "convallis adipiscing sem. Nam nonummy enim."
        text run at (0,126) width 341: "Nullam bibendum lobortis neque. Vestibulum velit"
        text run at (0,147) width 348: "orci, tempus euismod, pretium quis, interdum vitae,"
        text run at (0,168) width 326: "nulla. Phasellus eget ante et tortor condimentum"
        text run at (0,189) width 364: "vestibulum. Suspendisse hendrerit quam nec felis. Sed"
        text run at (0,210) width 357: "varius turpis vitae pede. Lorem ipsum dolor sit amet,"
        text run at (0,231) width 184: "consectetuer adipiscing elit."
    RenderBlock {SPAN} at (0,268) size 367x42 [color=#FFFFFF] [bgcolor=#000000]
      RenderText {#text} at (0,0) size 351x42
        text run at (0,0) width 351: "Lorem ipsum dolor sit amet, consectetuer adipiscing"
        text run at (0,21) width 192: "elit. Nulla varius enim ac mi."
layer at (13,1241) size 750x268
  RenderBlock (anonymous multi-column) at (5,237) size 750x268
    RenderBlock {SPAN} at (0,0) size 367x252 [color=#FFFFFF] [bgcolor=#000000]
      RenderText {#text} at (0,0) size 367x252
        text run at (0,0) width 351: "Lorem ipsum dolor sit amet, consectetuer adipiscing"
        text run at (0,21) width 343: "elit. Nulla varius enim ac mi. Curabitur sollicitudin"
        text run at (0,42) width 329: "felis quis lectus. Quisque adipiscing rhoncus sem."
        text run at (0,63) width 367: "Proin nulla purus, vulputate vel, varius ut, euismod et,"
        text run at (0,84) width 325: "nisi. Sed vitae felis vel orci sagittis aliquam. Cras"
        text run at (0,105) width 315: "convallis adipiscing sem. Nam nonummy enim."
        text run at (0,126) width 341: "Nullam bibendum lobortis neque. Vestibulum velit"
        text run at (0,147) width 348: "orci, tempus euismod, pretium quis, interdum vitae,"
        text run at (0,168) width 326: "nulla. Phasellus eget ante et tortor condimentum"
        text run at (0,189) width 364: "vestibulum. Suspendisse hendrerit quam nec felis. Sed"
        text run at (0,210) width 357: "varius turpis vitae pede. Lorem ipsum dolor sit amet,"
        text run at (0,231) width 184: "consectetuer adipiscing elit."
    RenderBlock (anonymous) at (0,268) size 367x252
      RenderText {#text} at (0,0) size 367x252
        text run at (0,0) width 351: "Lorem ipsum dolor sit amet, consectetuer adipiscing"
        text run at (0,21) width 343: "elit. Nulla varius enim ac mi. Curabitur sollicitudin"
        text run at (0,42) width 329: "felis quis lectus. Quisque adipiscing rhoncus sem."
        text run at (0,63) width 367: "Proin nulla purus, vulputate vel, varius ut, euismod et,"
        text run at (0,84) width 325: "nisi. Sed vitae felis vel orci sagittis aliquam. Cras"
        text run at (0,105) width 315: "convallis adipiscing sem. Nam nonummy enim."
        text run at (0,126) width 341: "Nullam bibendum lobortis neque. Vestibulum velit"
        text run at (0,147) width 348: "orci, tempus euismod, pretium quis, interdum vitae,"
        text run at (0,168) width 326: "nulla. Phasellus eget ante et tortor condimentum"
        text run at (0,189) width 364: "vestibulum. Suspendisse hendrerit quam nec felis. Sed"
        text run at (0,210) width 357: "varius turpis vitae pede. Lorem ipsum dolor sit amet,"
        text run at (0,231) width 184: "consectetuer adipiscing elit."
