layer at (0,0) size 784x2161
  RenderView at (0,0) size 784x600
layer at (0,0) size 784x2161
  RenderBlock {HTML} at (0,0) size 784x2161
    RenderBody {BODY} at (8,19) size 768x2126
layer at (8,19) size 750x461
  RenderBlock {DIV} at (0,0) size 750x461 [bgcolor=#EEEEEE]
    RenderBlock (anonymous multi-column span) at (0,0) size 750x62
      RenderBlock {H2} at (0,0) size 750x62 [bgcolor=#CCCCCC]
        RenderText {#text} at (0,0) size 704x62
          text run at (0,0) width 683: "This is a spanning element at the beginning of the columns"
          text run at (0,31) width 77: "block. "
          text run at (77,31) width 627: "It should collapse its margins with the top of the page."
layer at (8,100) size 750x380
  RenderBlock (anonymous multi-column) at (0,81) size 750x380
    RenderText {#text} at (0,0) size 367x760
      text run at (0,0) width 367: "Lorem ipsum dolor sit amet, consectetuer adipiscing"
      text run at (0,20) width 349: "elit. Nulla varius enim ac mi. Curabitur sollicitudin"
      text run at (0,40) width 353: "felis quis lectus. Quisque adipiscing rhoncus sem."
      text run at (0,60) width 356: "Proin nulla purus, vulputate vel, varius ut, euismod"
      text run at (0,80) width 366: "et, nisi. Sed vitae felis vel orci sagittis aliquam. Cras"
      text run at (0,100) width 333: "convallis adipiscing sem. Nam nonummy enim."
      text run at (0,120) width 352: "Nullam bibendum lobortis neque. Vestibulum velit"
      text run at (0,140) width 358: "orci, tempus euismod, pretium quis, interdum vitae,"
      text run at (0,160) width 341: "nulla. Phasellus eget ante et tortor condimentum"
      text run at (0,180) width 356: "vestibulum. Suspendisse hendrerit quam nec felis."
      text run at (0,200) width 357: "Sed varius turpis vitae pede. Lorem ipsum dolor sit"
      text run at (0,220) width 244: "amet, consectetuer adipiscing elit. "
      text run at (244,220) width 92: "Lorem ipsum"
      text run at (0,240) width 342: "dolor sit amet, consectetuer adipiscing elit. Nulla"
      text run at (0,260) width 345: "varius enim ac mi. Curabitur sollicitudin felis quis"
      text run at (0,280) width 367: "lectus. Quisque adipiscing rhoncus sem. Proin nulla"
      text run at (0,300) width 362: "purus, vulputate vel, varius ut, euismod et, nisi. Sed"
      text run at (0,320) width 346: "vitae felis vel orci sagittis aliquam. Cras convallis"
      text run at (0,340) width 321: "adipiscing sem. Nam nonummy enim. Nullam"
      text run at (0,360) width 331: "bibendum lobortis neque. Vestibulum velit orci,"
      text run at (0,380) width 367: "tempus euismod, pretium quis, interdum vitae, nulla."
      text run at (0,400) width 298: "Phasellus eget ante et tortor condimentum"
      text run at (0,420) width 356: "vestibulum. Suspendisse hendrerit quam nec felis."
      text run at (0,440) width 357: "Sed varius turpis vitae pede. Lorem ipsum dolor sit"
      text run at (0,460) width 244: "amet, consectetuer adipiscing elit. "
      text run at (244,460) width 92: "Lorem ipsum"
      text run at (0,480) width 342: "dolor sit amet, consectetuer adipiscing elit. Nulla"
      text run at (0,500) width 345: "varius enim ac mi. Curabitur sollicitudin felis quis"
      text run at (0,520) width 367: "lectus. Quisque adipiscing rhoncus sem. Proin nulla"
      text run at (0,540) width 362: "purus, vulputate vel, varius ut, euismod et, nisi. Sed"
      text run at (0,560) width 346: "vitae felis vel orci sagittis aliquam. Cras convallis"
      text run at (0,580) width 321: "adipiscing sem. Nam nonummy enim. Nullam"
      text run at (0,600) width 331: "bibendum lobortis neque. Vestibulum velit orci,"
      text run at (0,620) width 367: "tempus euismod, pretium quis, interdum vitae, nulla."
      text run at (0,640) width 298: "Phasellus eget ante et tortor condimentum"
      text run at (0,660) width 356: "vestibulum. Suspendisse hendrerit quam nec felis."
      text run at (0,680) width 357: "Sed varius turpis vitae pede. Lorem ipsum dolor sit"
      text run at (0,700) width 244: "amet, consectetuer adipiscing elit. "
      text run at (244,700) width 92: "Lorem ipsum"
      text run at (0,720) width 342: "dolor sit amet, consectetuer adipiscing elit. Nulla"
      text run at (0,740) width 128: "varius enim ac mi."
layer at (8,496) size 750x461
  RenderBlock {DIV} at (0,477) size 750x461 [bgcolor=#EEEEEE]
    RenderBlock (anonymous multi-column span) at (0,399) size 750x62
      RenderBlock {H2} at (0,0) size 750x62 [bgcolor=#CCCCCC]
        RenderText {#text} at (0,0) size 708x62
          text run at (0,0) width 693: "This is a spanning element at the end of the columns block. "
          text run at (693,0) width 15: "It"
          text run at (0,31) width 657: "should collapse its margins with the h2 in the next block."
layer at (8,496) size 750x380
  RenderBlock (anonymous multi-column) at (0,0) size 750x380
    RenderText {#text} at (0,0) size 367x760
      text run at (0,0) width 367: "Lorem ipsum dolor sit amet, consectetuer adipiscing"
      text run at (0,20) width 349: "elit. Nulla varius enim ac mi. Curabitur sollicitudin"
      text run at (0,40) width 353: "felis quis lectus. Quisque adipiscing rhoncus sem."
      text run at (0,60) width 356: "Proin nulla purus, vulputate vel, varius ut, euismod"
      text run at (0,80) width 366: "et, nisi. Sed vitae felis vel orci sagittis aliquam. Cras"
      text run at (0,100) width 333: "convallis adipiscing sem. Nam nonummy enim."
      text run at (0,120) width 352: "Nullam bibendum lobortis neque. Vestibulum velit"
      text run at (0,140) width 358: "orci, tempus euismod, pretium quis, interdum vitae,"
      text run at (0,160) width 341: "nulla. Phasellus eget ante et tortor condimentum"
      text run at (0,180) width 356: "vestibulum. Suspendisse hendrerit quam nec felis."
      text run at (0,200) width 357: "Sed varius turpis vitae pede. Lorem ipsum dolor sit"
      text run at (0,220) width 244: "amet, consectetuer adipiscing elit. "
      text run at (244,220) width 92: "Lorem ipsum"
      text run at (0,240) width 342: "dolor sit amet, consectetuer adipiscing elit. Nulla"
      text run at (0,260) width 345: "varius enim ac mi. Curabitur sollicitudin felis quis"
      text run at (0,280) width 367: "lectus. Quisque adipiscing rhoncus sem. Proin nulla"
      text run at (0,300) width 362: "purus, vulputate vel, varius ut, euismod et, nisi. Sed"
      text run at (0,320) width 346: "vitae felis vel orci sagittis aliquam. Cras convallis"
      text run at (0,340) width 321: "adipiscing sem. Nam nonummy enim. Nullam"
      text run at (0,360) width 331: "bibendum lobortis neque. Vestibulum velit orci,"
      text run at (0,380) width 367: "tempus euismod, pretium quis, interdum vitae, nulla."
      text run at (0,400) width 298: "Phasellus eget ante et tortor condimentum"
      text run at (0,420) width 356: "vestibulum. Suspendisse hendrerit quam nec felis."
      text run at (0,440) width 357: "Sed varius turpis vitae pede. Lorem ipsum dolor sit"
      text run at (0,460) width 244: "amet, consectetuer adipiscing elit. "
      text run at (244,460) width 92: "Lorem ipsum"
      text run at (0,480) width 342: "dolor sit amet, consectetuer adipiscing elit. Nulla"
      text run at (0,500) width 345: "varius enim ac mi. Curabitur sollicitudin felis quis"
      text run at (0,520) width 367: "lectus. Quisque adipiscing rhoncus sem. Proin nulla"
      text run at (0,540) width 362: "purus, vulputate vel, varius ut, euismod et, nisi. Sed"
      text run at (0,560) width 346: "vitae felis vel orci sagittis aliquam. Cras convallis"
      text run at (0,580) width 321: "adipiscing sem. Nam nonummy enim. Nullam"
      text run at (0,600) width 331: "bibendum lobortis neque. Vestibulum velit orci,"
      text run at (0,620) width 367: "tempus euismod, pretium quis, interdum vitae, nulla."
      text run at (0,640) width 298: "Phasellus eget ante et tortor condimentum"
      text run at (0,660) width 356: "vestibulum. Suspendisse hendrerit quam nec felis."
      text run at (0,680) width 357: "Sed varius turpis vitae pede. Lorem ipsum dolor sit"
      text run at (0,700) width 244: "amet, consectetuer adipiscing elit. "
      text run at (244,700) width 92: "Lorem ipsum"
      text run at (0,720) width 342: "dolor sit amet, consectetuer adipiscing elit. Nulla"
      text run at (0,740) width 128: "varius enim ac mi."
layer at (8,976) size 750x492
  RenderBlock {DIV} at (0,957) size 750x492 [bgcolor=#EEEEEE]
    RenderBlock (anonymous multi-column span) at (0,0) size 750x93
      RenderBlock {H2} at (0,0) size 750x93 [bgcolor=#CCCCCC]
        RenderText {#text} at (0,0) size 730x93
          text run at (0,0) width 683: "This is a spanning element at the beginning of the columns"
          text run at (0,31) width 77: "block. "
          text run at (77,31) width 653: "It should collapse its margins with the h2 in the previous"
          text run at (0,62) width 70: "block."
layer at (8,1088) size 750x380
  RenderBlock (anonymous multi-column) at (0,112) size 750x380
    RenderText {#text} at (0,0) size 367x760
      text run at (0,0) width 367: "Lorem ipsum dolor sit amet, consectetuer adipiscing"
      text run at (0,20) width 349: "elit. Nulla varius enim ac mi. Curabitur sollicitudin"
      text run at (0,40) width 353: "felis quis lectus. Quisque adipiscing rhoncus sem."
      text run at (0,60) width 356: "Proin nulla purus, vulputate vel, varius ut, euismod"
      text run at (0,80) width 366: "et, nisi. Sed vitae felis vel orci sagittis aliquam. Cras"
      text run at (0,100) width 333: "convallis adipiscing sem. Nam nonummy enim."
      text run at (0,120) width 352: "Nullam bibendum lobortis neque. Vestibulum velit"
      text run at (0,140) width 358: "orci, tempus euismod, pretium quis, interdum vitae,"
      text run at (0,160) width 341: "nulla. Phasellus eget ante et tortor condimentum"
      text run at (0,180) width 356: "vestibulum. Suspendisse hendrerit quam nec felis."
      text run at (0,200) width 357: "Sed varius turpis vitae pede. Lorem ipsum dolor sit"
      text run at (0,220) width 244: "amet, consectetuer adipiscing elit. "
      text run at (244,220) width 92: "Lorem ipsum"
      text run at (0,240) width 342: "dolor sit amet, consectetuer adipiscing elit. Nulla"
      text run at (0,260) width 345: "varius enim ac mi. Curabitur sollicitudin felis quis"
      text run at (0,280) width 367: "lectus. Quisque adipiscing rhoncus sem. Proin nulla"
      text run at (0,300) width 362: "purus, vulputate vel, varius ut, euismod et, nisi. Sed"
      text run at (0,320) width 346: "vitae felis vel orci sagittis aliquam. Cras convallis"
      text run at (0,340) width 321: "adipiscing sem. Nam nonummy enim. Nullam"
      text run at (0,360) width 331: "bibendum lobortis neque. Vestibulum velit orci,"
      text run at (0,380) width 367: "tempus euismod, pretium quis, interdum vitae, nulla."
      text run at (0,400) width 298: "Phasellus eget ante et tortor condimentum"
      text run at (0,420) width 356: "vestibulum. Suspendisse hendrerit quam nec felis."
      text run at (0,440) width 357: "Sed varius turpis vitae pede. Lorem ipsum dolor sit"
      text run at (0,460) width 244: "amet, consectetuer adipiscing elit. "
      text run at (244,460) width 92: "Lorem ipsum"
      text run at (0,480) width 342: "dolor sit amet, consectetuer adipiscing elit. Nulla"
      text run at (0,500) width 345: "varius enim ac mi. Curabitur sollicitudin felis quis"
      text run at (0,520) width 367: "lectus. Quisque adipiscing rhoncus sem. Proin nulla"
      text run at (0,540) width 362: "purus, vulputate vel, varius ut, euismod et, nisi. Sed"
      text run at (0,560) width 346: "vitae felis vel orci sagittis aliquam. Cras convallis"
      text run at (0,580) width 321: "adipiscing sem. Nam nonummy enim. Nullam"
      text run at (0,600) width 331: "bibendum lobortis neque. Vestibulum velit orci,"
      text run at (0,620) width 367: "tempus euismod, pretium quis, interdum vitae, nulla."
      text run at (0,640) width 298: "Phasellus eget ante et tortor condimentum"
      text run at (0,660) width 356: "vestibulum. Suspendisse hendrerit quam nec felis."
      text run at (0,680) width 357: "Sed varius turpis vitae pede. Lorem ipsum dolor sit"
      text run at (0,700) width 244: "amet, consectetuer adipiscing elit. "
      text run at (244,700) width 92: "Lorem ipsum"
      text run at (0,720) width 342: "dolor sit amet, consectetuer adipiscing elit. Nulla"
      text run at (0,740) width 128: "varius enim ac mi."
layer at (8,1484) size 750x661
  RenderBlock {DIV} at (0,1465) size 750x661 [bgcolor=#EEEEEE]
    RenderBlock (anonymous multi-column span) at (0,259) size 750x143
      RenderBlock {H2} at (0,0) size 750x62 [bgcolor=#CCCCCC]
        RenderText {#text} at (0,0) size 744x62
          text run at (0,0) width 729: "This is a spanning element in the middle of the columns block. "
          text run at (729,0) width 15: "It"
          text run at (0,31) width 734: "should collapse its margins with the spanning element below it."
      RenderBlock {H2} at (0,81) size 750x62 [bgcolor=#CCCCCC]
        RenderText {#text} at (0,0) size 744x62
          text run at (0,0) width 729: "This is a spanning element in the middle of the columns block. "
          text run at (729,0) width 15: "It"
          text run at (0,31) width 734: "should collapse its margins with the spanning element above it."
layer at (8,1484) size 750x240
  RenderBlock (anonymous multi-column) at (0,0) size 750x240
    RenderText {#text} at (0,0) size 367x480
      text run at (0,0) width 367: "Lorem ipsum dolor sit amet, consectetuer adipiscing"
      text run at (0,20) width 349: "elit. Nulla varius enim ac mi. Curabitur sollicitudin"
      text run at (0,40) width 353: "felis quis lectus. Quisque adipiscing rhoncus sem."
      text run at (0,60) width 356: "Proin nulla purus, vulputate vel, varius ut, euismod"
      text run at (0,80) width 366: "et, nisi. Sed vitae felis vel orci sagittis aliquam. Cras"
      text run at (0,100) width 333: "convallis adipiscing sem. Nam nonummy enim."
      text run at (0,120) width 352: "Nullam bibendum lobortis neque. Vestibulum velit"
      text run at (0,140) width 358: "orci, tempus euismod, pretium quis, interdum vitae,"
      text run at (0,160) width 341: "nulla. Phasellus eget ante et tortor condimentum"
      text run at (0,180) width 356: "vestibulum. Suspendisse hendrerit quam nec felis."
      text run at (0,200) width 357: "Sed varius turpis vitae pede. Lorem ipsum dolor sit"
      text run at (0,220) width 244: "amet, consectetuer adipiscing elit. "
      text run at (244,220) width 92: "Lorem ipsum"
      text run at (0,240) width 342: "dolor sit amet, consectetuer adipiscing elit. Nulla"
      text run at (0,260) width 345: "varius enim ac mi. Curabitur sollicitudin felis quis"
      text run at (0,280) width 367: "lectus. Quisque adipiscing rhoncus sem. Proin nulla"
      text run at (0,300) width 362: "purus, vulputate vel, varius ut, euismod et, nisi. Sed"
      text run at (0,320) width 346: "vitae felis vel orci sagittis aliquam. Cras convallis"
      text run at (0,340) width 321: "adipiscing sem. Nam nonummy enim. Nullam"
      text run at (0,360) width 331: "bibendum lobortis neque. Vestibulum velit orci,"
      text run at (0,380) width 367: "tempus euismod, pretium quis, interdum vitae, nulla."
      text run at (0,400) width 298: "Phasellus eget ante et tortor condimentum"
      text run at (0,420) width 356: "vestibulum. Suspendisse hendrerit quam nec felis."
      text run at (0,440) width 357: "Sed varius turpis vitae pede. Lorem ipsum dolor sit"
      text run at (0,460) width 240: "amet, consectetuer adipiscing elit."
layer at (8,1905) size 750x240
  RenderBlock (anonymous multi-column) at (0,421) size 750x240
    RenderText {#text} at (0,0) size 367x480
      text run at (0,0) width 367: "Lorem ipsum dolor sit amet, consectetuer adipiscing"
      text run at (0,20) width 349: "elit. Nulla varius enim ac mi. Curabitur sollicitudin"
      text run at (0,40) width 353: "felis quis lectus. Quisque adipiscing rhoncus sem."
      text run at (0,60) width 356: "Proin nulla purus, vulputate vel, varius ut, euismod"
      text run at (0,80) width 366: "et, nisi. Sed vitae felis vel orci sagittis aliquam. Cras"
      text run at (0,100) width 333: "convallis adipiscing sem. Nam nonummy enim."
      text run at (0,120) width 352: "Nullam bibendum lobortis neque. Vestibulum velit"
      text run at (0,140) width 358: "orci, tempus euismod, pretium quis, interdum vitae,"
      text run at (0,160) width 341: "nulla. Phasellus eget ante et tortor condimentum"
      text run at (0,180) width 356: "vestibulum. Suspendisse hendrerit quam nec felis."
      text run at (0,200) width 357: "Sed varius turpis vitae pede. Lorem ipsum dolor sit"
      text run at (0,220) width 244: "amet, consectetuer adipiscing elit. "
      text run at (244,220) width 92: "Lorem ipsum"
      text run at (0,240) width 342: "dolor sit amet, consectetuer adipiscing elit. Nulla"
      text run at (0,260) width 345: "varius enim ac mi. Curabitur sollicitudin felis quis"
      text run at (0,280) width 367: "lectus. Quisque adipiscing rhoncus sem. Proin nulla"
      text run at (0,300) width 362: "purus, vulputate vel, varius ut, euismod et, nisi. Sed"
      text run at (0,320) width 346: "vitae felis vel orci sagittis aliquam. Cras convallis"
      text run at (0,340) width 321: "adipiscing sem. Nam nonummy enim. Nullam"
      text run at (0,360) width 331: "bibendum lobortis neque. Vestibulum velit orci,"
      text run at (0,380) width 367: "tempus euismod, pretium quis, interdum vitae, nulla."
      text run at (0,400) width 298: "Phasellus eget ante et tortor condimentum"
      text run at (0,420) width 356: "vestibulum. Suspendisse hendrerit quam nec felis."
      text run at (0,440) width 357: "Sed varius turpis vitae pede. Lorem ipsum dolor sit"
      text run at (0,460) width 240: "amet, consectetuer adipiscing elit."
