layer at (0,0) size 784x3180
  RenderView at (0,0) size 784x600
layer at (0,0) size 784x3180
  RenderBlock {HTML} at (0,0) size 784x3180
    RenderBody {BODY} at (8,16) size 768x3148
layer at (8,16) size 760x499
  RenderBlock {DIV} at (0,0) size 760x499 [border: (5px solid #800000)]
    RenderBlock (anonymous multi-column span) at (5,45) size 750x31
      RenderBlock {H2} at (0,0) size 750x31 [bgcolor=#EEEEEE]
        RenderText {#text} at (0,0) size 276x32
          text run at (0,0) width 276: "This is a spanning element."
layer at (13,21) size 750x21
  RenderBlock (anonymous multi-column) at (5,5) size 750x21
    RenderBlock (generated) at (0,0) size 367x21 [bgcolor=#FFFF00]
      RenderText at (0,0) size 179x21
        text run at (0,0) width 179: "Before Generated Content"
layer at (13,111) size 750x399
  RenderBlock (anonymous multi-column) at (5,95) size 750x399
    RenderBlock (anonymous) at (0,0) size 367x777
      RenderText {#text} at (0,0) size 367x777
        text run at (0,0) width 351: "Lorem ipsum dolor sit amet, consectetuer adipiscing"
        text run at (0,21) width 343: "elit. Nulla varius enim ac mi. Curabitur sollicitudin"
        text run at (0,42) width 329: "felis quis lectus. Quisque adipiscing rhoncus sem."
        text run at (0,63) width 367: "Proin nulla purus, vulputate vel, varius ut, euismod et,"
        text run at (0,84) width 325: "nisi. Sed vitae felis vel orci sagittis aliquam. Cras"
        text run at (0,105) width 315: "convallis adipiscing sem. Nam nonummy enim."
        text run at (0,126) width 341: "Nullam bibendum lobortis neque. Vestibulum velit"
        text run at (0,147) width 348: "orci, tempus euismod, pretium quis, interdum vitae,"
        text run at (0,168) width 326: "nulla. Phasellus eget ante et tortor condimentum"
        text run at (0,189) width 364: "vestibulum. Suspendisse hendrerit quam nec felis. Sed"
        text run at (0,210) width 357: "varius turpis vitae pede. Lorem ipsum dolor sit amet,"
        text run at (0,231) width 188: "consectetuer adipiscing elit. "
        text run at (188,231) width 150: "Lorem ipsum dolor sit"
        text run at (0,252) width 349: "amet, consectetuer adipiscing elit. Nulla varius enim"
        text run at (0,273) width 359: "ac mi. Curabitur sollicitudin felis quis lectus. Quisque"
        text run at (0,294) width 357: "adipiscing rhoncus sem. Proin nulla purus, vulputate"
        text run at (0,315) width 350: "vel, varius ut, euismod et, nisi. Sed vitae felis vel orci"
        text run at (0,336) width 351: "sagittis aliquam. Cras convallis adipiscing sem. Nam"
        text run at (0,357) width 341: "nonummy enim. Nullam bibendum lobortis neque."
        text run at (0,378) width 355: "Vestibulum velit orci, tempus euismod, pretium quis,"
        text run at (0,399) width 336: "interdum vitae, nulla. Phasellus eget ante et tortor"
        text run at (0,420) width 328: "condimentum vestibulum. Suspendisse hendrerit"
        text run at (0,441) width 345: "quam nec felis. Sed varius turpis vitae pede. Lorem"
        text run at (0,462) width 329: "ipsum dolor sit amet, consectetuer adipiscing elit."
        text run at (0,483) width 351: "Lorem ipsum dolor sit amet, consectetuer adipiscing"
        text run at (0,504) width 343: "elit. Nulla varius enim ac mi. Curabitur sollicitudin"
        text run at (0,525) width 329: "felis quis lectus. Quisque adipiscing rhoncus sem."
        text run at (0,546) width 367: "Proin nulla purus, vulputate vel, varius ut, euismod et,"
        text run at (0,567) width 325: "nisi. Sed vitae felis vel orci sagittis aliquam. Cras"
        text run at (0,588) width 315: "convallis adipiscing sem. Nam nonummy enim."
        text run at (0,609) width 341: "Nullam bibendum lobortis neque. Vestibulum velit"
        text run at (0,630) width 348: "orci, tempus euismod, pretium quis, interdum vitae,"
        text run at (0,651) width 326: "nulla. Phasellus eget ante et tortor condimentum"
        text run at (0,672) width 364: "vestibulum. Suspendisse hendrerit quam nec felis. Sed"
        text run at (0,693) width 357: "varius turpis vitae pede. Lorem ipsum dolor sit amet,"
        text run at (0,714) width 188: "consectetuer adipiscing elit. "
        text run at (188,714) width 150: "Lorem ipsum dolor sit"
        text run at (0,735) width 349: "amet, consectetuer adipiscing elit. Nulla varius enim"
        text run at (0,756) width 40: "ac mi."
    RenderBlock (generated) at (0,777) size 367x20 [bgcolor=#FFFF00]
      RenderText at (0,0) size 170x21
        text run at (0,0) width 170: "After Generated Content"
layer at (8,531) size 760x499
  RenderBlock {DIV} at (0,515) size 760x499 [border: (5px solid #800000)]
    RenderBlock (anonymous multi-column span) at (5,423) size 750x31
      RenderBlock {H2} at (0,0) size 750x31 [bgcolor=#EEEEEE]
        RenderText {#text} at (0,0) size 276x32
          text run at (0,0) width 276: "This is a spanning element."
layer at (13,536) size 750x399
  RenderBlock (anonymous multi-column) at (5,5) size 750x399
    RenderBlock (generated) at (0,0) size 367x21 [bgcolor=#FFFF00]
      RenderText at (0,0) size 179x21
        text run at (0,0) width 179: "Before Generated Content"
    RenderBlock (anonymous) at (0,21) size 367x777
      RenderText {#text} at (0,0) size 367x777
        text run at (0,0) width 351: "Lorem ipsum dolor sit amet, consectetuer adipiscing"
        text run at (0,21) width 343: "elit. Nulla varius enim ac mi. Curabitur sollicitudin"
        text run at (0,42) width 329: "felis quis lectus. Quisque adipiscing rhoncus sem."
        text run at (0,63) width 367: "Proin nulla purus, vulputate vel, varius ut, euismod et,"
        text run at (0,84) width 325: "nisi. Sed vitae felis vel orci sagittis aliquam. Cras"
        text run at (0,105) width 315: "convallis adipiscing sem. Nam nonummy enim."
        text run at (0,126) width 341: "Nullam bibendum lobortis neque. Vestibulum velit"
        text run at (0,147) width 348: "orci, tempus euismod, pretium quis, interdum vitae,"
        text run at (0,168) width 326: "nulla. Phasellus eget ante et tortor condimentum"
        text run at (0,189) width 364: "vestibulum. Suspendisse hendrerit quam nec felis. Sed"
        text run at (0,210) width 357: "varius turpis vitae pede. Lorem ipsum dolor sit amet,"
        text run at (0,231) width 188: "consectetuer adipiscing elit. "
        text run at (188,231) width 150: "Lorem ipsum dolor sit"
        text run at (0,252) width 349: "amet, consectetuer adipiscing elit. Nulla varius enim"
        text run at (0,273) width 359: "ac mi. Curabitur sollicitudin felis quis lectus. Quisque"
        text run at (0,294) width 357: "adipiscing rhoncus sem. Proin nulla purus, vulputate"
        text run at (0,315) width 350: "vel, varius ut, euismod et, nisi. Sed vitae felis vel orci"
        text run at (0,336) width 351: "sagittis aliquam. Cras convallis adipiscing sem. Nam"
        text run at (0,357) width 341: "nonummy enim. Nullam bibendum lobortis neque."
        text run at (0,378) width 355: "Vestibulum velit orci, tempus euismod, pretium quis,"
        text run at (0,399) width 336: "interdum vitae, nulla. Phasellus eget ante et tortor"
        text run at (0,420) width 328: "condimentum vestibulum. Suspendisse hendrerit"
        text run at (0,441) width 345: "quam nec felis. Sed varius turpis vitae pede. Lorem"
        text run at (0,462) width 329: "ipsum dolor sit amet, consectetuer adipiscing elit."
        text run at (0,483) width 351: "Lorem ipsum dolor sit amet, consectetuer adipiscing"
        text run at (0,504) width 343: "elit. Nulla varius enim ac mi. Curabitur sollicitudin"
        text run at (0,525) width 329: "felis quis lectus. Quisque adipiscing rhoncus sem."
        text run at (0,546) width 367: "Proin nulla purus, vulputate vel, varius ut, euismod et,"
        text run at (0,567) width 325: "nisi. Sed vitae felis vel orci sagittis aliquam. Cras"
        text run at (0,588) width 315: "convallis adipiscing sem. Nam nonummy enim."
        text run at (0,609) width 341: "Nullam bibendum lobortis neque. Vestibulum velit"
        text run at (0,630) width 348: "orci, tempus euismod, pretium quis, interdum vitae,"
        text run at (0,651) width 326: "nulla. Phasellus eget ante et tortor condimentum"
        text run at (0,672) width 364: "vestibulum. Suspendisse hendrerit quam nec felis. Sed"
        text run at (0,693) width 357: "varius turpis vitae pede. Lorem ipsum dolor sit amet,"
        text run at (0,714) width 188: "consectetuer adipiscing elit. "
        text run at (188,714) width 150: "Lorem ipsum dolor sit"
        text run at (0,735) width 349: "amet, consectetuer adipiscing elit. Nulla varius enim"
        text run at (0,756) width 40: "ac mi."
layer at (13,1004) size 750x21
  RenderBlock (anonymous multi-column) at (5,473) size 750x21
    RenderBlock (generated) at (0,0) size 367x20 [bgcolor=#FFFF00]
      RenderText at (0,0) size 170x21
        text run at (0,0) width 170: "After Generated Content"
layer at (8,1046) size 760x499
  RenderBlock {DIV} at (0,1030) size 760x499 [border: (5px solid #800000)]
    RenderBlock (anonymous multi-column span) at (5,192) size 750x31
      RenderBlock {H2} at (0,0) size 750x31 [bgcolor=#EEEEEE]
        RenderText {#text} at (0,0) size 276x32
          text run at (0,0) width 276: "This is a spanning element."
layer at (13,1051) size 750x168
  RenderBlock (anonymous multi-column) at (5,5) size 750x168
    RenderBlock (generated) at (0,0) size 367x21 [bgcolor=#FFFF00]
      RenderText at (0,0) size 179x21
        text run at (0,0) width 179: "Before Generated Content"
    RenderBlock {P} at (0,37) size 367x294
      RenderText {#text} at (0,0) size 367x294
        text run at (0,0) width 351: "Lorem ipsum dolor sit amet, consectetuer adipiscing"
        text run at (0,21) width 343: "elit. Nulla varius enim ac mi. Curabitur sollicitudin"
        text run at (0,42) width 329: "felis quis lectus. Quisque adipiscing rhoncus sem."
        text run at (0,63) width 367: "Proin nulla purus, vulputate vel, varius ut, euismod et,"
        text run at (0,84) width 325: "nisi. Sed vitae felis vel orci sagittis aliquam. Cras"
        text run at (0,105) width 315: "convallis adipiscing sem. Nam nonummy enim."
        text run at (0,126) width 341: "Nullam bibendum lobortis neque. Vestibulum velit"
        text run at (0,147) width 348: "orci, tempus euismod, pretium quis, interdum vitae,"
        text run at (0,168) width 326: "nulla. Phasellus eget ante et tortor condimentum"
        text run at (0,189) width 364: "vestibulum. Suspendisse hendrerit quam nec felis. Sed"
        text run at (0,210) width 357: "varius turpis vitae pede. Lorem ipsum dolor sit amet,"
        text run at (0,231) width 188: "consectetuer adipiscing elit. "
        text run at (188,231) width 150: "Lorem ipsum dolor sit"
        text run at (0,252) width 349: "amet, consectetuer adipiscing elit. Nulla varius enim"
        text run at (0,273) width 40: "ac mi."
layer at (13,1288) size 750x252
  RenderBlock (anonymous multi-column) at (5,242) size 750x252
    RenderBlock {P} at (0,0) size 367x483
      RenderText {#text} at (0,0) size 367x483
        text run at (0,0) width 351: "Lorem ipsum dolor sit amet, consectetuer adipiscing"
        text run at (0,21) width 343: "elit. Nulla varius enim ac mi. Curabitur sollicitudin"
        text run at (0,42) width 329: "felis quis lectus. Quisque adipiscing rhoncus sem."
        text run at (0,63) width 367: "Proin nulla purus, vulputate vel, varius ut, euismod et,"
        text run at (0,84) width 325: "nisi. Sed vitae felis vel orci sagittis aliquam. Cras"
        text run at (0,105) width 315: "convallis adipiscing sem. Nam nonummy enim."
        text run at (0,126) width 341: "Nullam bibendum lobortis neque. Vestibulum velit"
        text run at (0,147) width 348: "orci, tempus euismod, pretium quis, interdum vitae,"
        text run at (0,168) width 326: "nulla. Phasellus eget ante et tortor condimentum"
        text run at (0,189) width 364: "vestibulum. Suspendisse hendrerit quam nec felis. Sed"
        text run at (0,210) width 357: "varius turpis vitae pede. Lorem ipsum dolor sit amet,"
        text run at (0,231) width 188: "consectetuer adipiscing elit. "
        text run at (188,231) width 150: "Lorem ipsum dolor sit"
        text run at (0,252) width 349: "amet, consectetuer adipiscing elit. Nulla varius enim"
        text run at (0,273) width 359: "ac mi. Curabitur sollicitudin felis quis lectus. Quisque"
        text run at (0,294) width 357: "adipiscing rhoncus sem. Proin nulla purus, vulputate"
        text run at (0,315) width 350: "vel, varius ut, euismod et, nisi. Sed vitae felis vel orci"
        text run at (0,336) width 351: "sagittis aliquam. Cras convallis adipiscing sem. Nam"
        text run at (0,357) width 341: "nonummy enim. Nullam bibendum lobortis neque."
        text run at (0,378) width 355: "Vestibulum velit orci, tempus euismod, pretium quis,"
        text run at (0,399) width 336: "interdum vitae, nulla. Phasellus eget ante et tortor"
        text run at (0,420) width 328: "condimentum vestibulum. Suspendisse hendrerit"
        text run at (0,441) width 345: "quam nec felis. Sed varius turpis vitae pede. Lorem"
        text run at (0,462) width 329: "ipsum dolor sit amet, consectetuer adipiscing elit."
    RenderBlock (generated) at (0,499) size 367x20 [bgcolor=#FFFF00]
      RenderText at (0,0) size 170x21
        text run at (0,0) width 170: "After Generated Content"
layer at (8,1561) size 760x515
  RenderBlock {DIV} at (0,1545) size 760x515 [border: (5px solid #800000)]
    RenderBlock (anonymous multi-column span) at (5,192) size 750x31
      RenderBlock {H2} at (0,0) size 750x31 [bgcolor=#EEEEEE]
        RenderText {#text} at (0,0) size 276x32
          text run at (0,0) width 276: "This is a spanning element."
layer at (13,1566) size 750x168
  RenderBlock (anonymous multi-column) at (5,5) size 750x168
    RenderBlock (generated) at (0,0) size 367x21 [bgcolor=#FFFF00]
      RenderText at (0,0) size 179x21
        text run at (0,0) width 179: "Before Generated Content"
    RenderBlock (anonymous) at (0,21) size 367x294
      RenderText {#text} at (0,0) size 367x294
        text run at (0,0) width 351: "Lorem ipsum dolor sit amet, consectetuer adipiscing"
        text run at (0,21) width 343: "elit. Nulla varius enim ac mi. Curabitur sollicitudin"
        text run at (0,42) width 329: "felis quis lectus. Quisque adipiscing rhoncus sem."
        text run at (0,63) width 367: "Proin nulla purus, vulputate vel, varius ut, euismod et,"
        text run at (0,84) width 325: "nisi. Sed vitae felis vel orci sagittis aliquam. Cras"
        text run at (0,105) width 315: "convallis adipiscing sem. Nam nonummy enim."
        text run at (0,126) width 341: "Nullam bibendum lobortis neque. Vestibulum velit"
        text run at (0,147) width 348: "orci, tempus euismod, pretium quis, interdum vitae,"
        text run at (0,168) width 326: "nulla. Phasellus eget ante et tortor condimentum"
        text run at (0,189) width 364: "vestibulum. Suspendisse hendrerit quam nec felis. Sed"
        text run at (0,210) width 357: "varius turpis vitae pede. Lorem ipsum dolor sit amet,"
        text run at (0,231) width 188: "consectetuer adipiscing elit. "
        text run at (188,231) width 150: "Lorem ipsum dolor sit"
        text run at (0,252) width 349: "amet, consectetuer adipiscing elit. Nulla varius enim"
        text run at (0,273) width 40: "ac mi."
layer at (13,1803) size 750x268
  RenderBlock (anonymous multi-column) at (5,242) size 750x268
    RenderBlock (anonymous) at (0,0) size 367x252
      RenderInline {SPAN} at (0,0) size 46x21
        RenderText {#text} at (0,0) size 46x21
          text run at (0,0) width 46: "Lorem"
      RenderText {#text} at (46,0) size 367x252
        text run at (46,0) width 305: " ipsum dolor sit amet, consectetuer adipiscing"
        text run at (0,21) width 343: "elit. Nulla varius enim ac mi. Curabitur sollicitudin"
        text run at (0,42) width 329: "felis quis lectus. Quisque adipiscing rhoncus sem."
        text run at (0,63) width 367: "Proin nulla purus, vulputate vel, varius ut, euismod et,"
        text run at (0,84) width 325: "nisi. Sed vitae felis vel orci sagittis aliquam. Cras"
        text run at (0,105) width 315: "convallis adipiscing sem. Nam nonummy enim."
        text run at (0,126) width 341: "Nullam bibendum lobortis neque. Vestibulum velit"
        text run at (0,147) width 348: "orci, tempus euismod, pretium quis, interdum vitae,"
        text run at (0,168) width 326: "nulla. Phasellus eget ante et tortor condimentum"
        text run at (0,189) width 364: "vestibulum. Suspendisse hendrerit quam nec felis. Sed"
        text run at (0,210) width 357: "varius turpis vitae pede. Lorem ipsum dolor sit amet,"
        text run at (0,231) width 184: "consectetuer adipiscing elit."
    RenderBlock {P} at (0,268) size 367x252
      RenderText {#text} at (0,0) size 367x252
        text run at (0,0) width 351: "Lorem ipsum dolor sit amet, consectetuer adipiscing"
        text run at (0,21) width 343: "elit. Nulla varius enim ac mi. Curabitur sollicitudin"
        text run at (0,42) width 329: "felis quis lectus. Quisque adipiscing rhoncus sem."
        text run at (0,63) width 367: "Proin nulla purus, vulputate vel, varius ut, euismod et,"
        text run at (0,84) width 325: "nisi. Sed vitae felis vel orci sagittis aliquam. Cras"
        text run at (0,105) width 315: "convallis adipiscing sem. Nam nonummy enim."
        text run at (0,126) width 341: "Nullam bibendum lobortis neque. Vestibulum velit"
        text run at (0,147) width 348: "orci, tempus euismod, pretium quis, interdum vitae,"
        text run at (0,168) width 326: "nulla. Phasellus eget ante et tortor condimentum"
        text run at (0,189) width 364: "vestibulum. Suspendisse hendrerit quam nec felis. Sed"
        text run at (0,210) width 357: "varius turpis vitae pede. Lorem ipsum dolor sit amet,"
        text run at (0,231) width 184: "consectetuer adipiscing elit."
    RenderBlock (generated) at (0,536) size 367x20 [bgcolor=#FFFF00]
      RenderText at (0,0) size 170x21
        text run at (0,0) width 170: "After Generated Content"
layer at (8,2092) size 760x520
  RenderBlock {DIV} at (0,2076) size 760x520 [border: (5px solid #800000)]
    RenderBlock (anonymous multi-column span) at (5,318) size 750x31
      RenderBlock {H2} at (0,0) size 750x31 [bgcolor=#EEEEEE]
        RenderText {#text} at (0,0) size 276x32
          text run at (0,0) width 276: "This is a spanning element."
layer at (13,2097) size 750x294
  RenderBlock (anonymous multi-column) at (5,5) size 750x294
    RenderBlock (generated) at (0,0) size 367x21 [bgcolor=#FFFF00]
      RenderText at (0,0) size 179x21
        text run at (0,0) width 179: "Before Generated Content"
    RenderBlock (anonymous) at (0,21) size 367x252
      RenderInline {SPAN} at (0,0) size 367x252
        RenderText {#text} at (0,0) size 367x252
          text run at (0,0) width 351: "Lorem ipsum dolor sit amet, consectetuer adipiscing"
          text run at (0,21) width 343: "elit. Nulla varius enim ac mi. Curabitur sollicitudin"
          text run at (0,42) width 329: "felis quis lectus. Quisque adipiscing rhoncus sem."
          text run at (0,63) width 367: "Proin nulla purus, vulputate vel, varius ut, euismod et,"
          text run at (0,84) width 325: "nisi. Sed vitae felis vel orci sagittis aliquam. Cras"
          text run at (0,105) width 315: "convallis adipiscing sem. Nam nonummy enim."
          text run at (0,126) width 341: "Nullam bibendum lobortis neque. Vestibulum velit"
          text run at (0,147) width 348: "orci, tempus euismod, pretium quis, interdum vitae,"
          text run at (0,168) width 326: "nulla. Phasellus eget ante et tortor condimentum"
          text run at (0,189) width 364: "vestibulum. Suspendisse hendrerit quam nec felis. Sed"
          text run at (0,210) width 357: "varius turpis vitae pede. Lorem ipsum dolor sit amet,"
          text run at (0,231) width 184: "consectetuer adipiscing elit."
    RenderBlock (anonymous) at (0,273) size 367x42
      RenderBlock {SPAN} at (0,0) size 367x42
        RenderText {#text} at (0,0) size 351x42
          text run at (0,0) width 351: "Lorem ipsum dolor sit amet, consectetuer adipiscing"
          text run at (0,21) width 192: "elit. Nulla varius enim ac mi."
    RenderBlock (anonymous) at (0,315) size 367x252
      RenderInline {SPAN} at (0,0) size 46x21
        RenderText {#text} at (0,0) size 46x21
          text run at (0,0) width 46: "Lorem"
      RenderText {#text} at (46,0) size 367x252
        text run at (46,0) width 305: " ipsum dolor sit amet, consectetuer adipiscing"
        text run at (0,21) width 343: "elit. Nulla varius enim ac mi. Curabitur sollicitudin"
        text run at (0,42) width 329: "felis quis lectus. Quisque adipiscing rhoncus sem."
        text run at (0,63) width 367: "Proin nulla purus, vulputate vel, varius ut, euismod et,"
        text run at (0,84) width 325: "nisi. Sed vitae felis vel orci sagittis aliquam. Cras"
        text run at (0,105) width 315: "convallis adipiscing sem. Nam nonummy enim."
        text run at (0,126) width 341: "Nullam bibendum lobortis neque. Vestibulum velit"
        text run at (0,147) width 348: "orci, tempus euismod, pretium quis, interdum vitae,"
        text run at (0,168) width 326: "nulla. Phasellus eget ante et tortor condimentum"
        text run at (0,189) width 364: "vestibulum. Suspendisse hendrerit quam nec felis. Sed"
        text run at (0,210) width 357: "varius turpis vitae pede. Lorem ipsum dolor sit amet,"
        text run at (0,231) width 184: "consectetuer adipiscing elit."
layer at (13,2460) size 750x147
  RenderBlock (anonymous multi-column) at (5,368) size 750x147
    RenderBlock {P} at (0,0) size 367x252
      RenderText {#text} at (0,0) size 367x252
        text run at (0,0) width 351: "Lorem ipsum dolor sit amet, consectetuer adipiscing"
        text run at (0,21) width 343: "elit. Nulla varius enim ac mi. Curabitur sollicitudin"
        text run at (0,42) width 329: "felis quis lectus. Quisque adipiscing rhoncus sem."
        text run at (0,63) width 367: "Proin nulla purus, vulputate vel, varius ut, euismod et,"
        text run at (0,84) width 325: "nisi. Sed vitae felis vel orci sagittis aliquam. Cras"
        text run at (0,105) width 315: "convallis adipiscing sem. Nam nonummy enim."
        text run at (0,126) width 341: "Nullam bibendum lobortis neque. Vestibulum velit"
        text run at (0,147) width 348: "orci, tempus euismod, pretium quis, interdum vitae,"
        text run at (0,168) width 326: "nulla. Phasellus eget ante et tortor condimentum"
        text run at (0,189) width 364: "vestibulum. Suspendisse hendrerit quam nec felis. Sed"
        text run at (0,210) width 357: "varius turpis vitae pede. Lorem ipsum dolor sit amet,"
        text run at (0,231) width 184: "consectetuer adipiscing elit."
    RenderBlock (generated) at (0,268) size 367x20 [bgcolor=#FFFF00]
      RenderText at (0,0) size 170x21
        text run at (0,0) width 170: "After Generated Content"
layer at (8,2628) size 760x536
  RenderBlock {DIV} at (0,2612) size 760x536 [border: (5px solid #800000)]
    RenderBlock (anonymous multi-column span) at (5,334) size 750x31
      RenderBlock {H2} at (0,0) size 750x31 [bgcolor=#EEEEEE]
        RenderText {#text} at (0,0) size 276x32
          text run at (0,0) width 276: "This is a spanning element."
layer at (13,2633) size 750x310
  RenderBlock (anonymous multi-column) at (5,5) size 750x310
    RenderBlock (generated) at (0,0) size 367x21 [bgcolor=#FFFF00]
      RenderText at (0,0) size 179x21
        text run at (0,0) width 179: "Before Generated Content"
    RenderBlock {P} at (0,37) size 367x252
      RenderText {#text} at (0,0) size 367x252
        text run at (0,0) width 351: "Lorem ipsum dolor sit amet, consectetuer adipiscing"
        text run at (0,21) width 343: "elit. Nulla varius enim ac mi. Curabitur sollicitudin"
        text run at (0,42) width 329: "felis quis lectus. Quisque adipiscing rhoncus sem."
        text run at (0,63) width 367: "Proin nulla purus, vulputate vel, varius ut, euismod et,"
        text run at (0,84) width 325: "nisi. Sed vitae felis vel orci sagittis aliquam. Cras"
        text run at (0,105) width 315: "convallis adipiscing sem. Nam nonummy enim."
        text run at (0,126) width 341: "Nullam bibendum lobortis neque. Vestibulum velit"
        text run at (0,147) width 348: "orci, tempus euismod, pretium quis, interdum vitae,"
        text run at (0,168) width 326: "nulla. Phasellus eget ante et tortor condimentum"
        text run at (0,189) width 364: "vestibulum. Suspendisse hendrerit quam nec felis. Sed"
        text run at (0,210) width 357: "varius turpis vitae pede. Lorem ipsum dolor sit amet,"
        text run at (0,231) width 184: "consectetuer adipiscing elit."
    RenderBlock {P} at (0,305) size 367x42
      RenderText {#text} at (0,0) size 351x42
        text run at (0,0) width 351: "Lorem ipsum dolor sit amet, consectetuer adipiscing"
        text run at (0,21) width 192: "elit. Nulla varius enim ac mi."
    RenderBlock {P} at (0,363) size 367x252
      RenderText {#text} at (0,0) size 367x252
        text run at (0,0) width 351: "Lorem ipsum dolor sit amet, consectetuer adipiscing"
        text run at (0,21) width 343: "elit. Nulla varius enim ac mi. Curabitur sollicitudin"
        text run at (0,42) width 329: "felis quis lectus. Quisque adipiscing rhoncus sem."
        text run at (0,63) width 367: "Proin nulla purus, vulputate vel, varius ut, euismod et,"
        text run at (0,84) width 325: "nisi. Sed vitae felis vel orci sagittis aliquam. Cras"
        text run at (0,105) width 315: "convallis adipiscing sem. Nam nonummy enim."
        text run at (0,126) width 341: "Nullam bibendum lobortis neque. Vestibulum velit"
        text run at (0,147) width 348: "orci, tempus euismod, pretium quis, interdum vitae,"
        text run at (0,168) width 326: "nulla. Phasellus eget ante et tortor condimentum"
        text run at (0,189) width 364: "vestibulum. Suspendisse hendrerit quam nec felis. Sed"
        text run at (0,210) width 357: "varius turpis vitae pede. Lorem ipsum dolor sit amet,"
        text run at (0,231) width 184: "consectetuer adipiscing elit."
layer at (13,3012) size 750x147
  RenderBlock (anonymous multi-column) at (5,384) size 750x147
    RenderBlock (anonymous) at (0,0) size 367x42
      RenderInline {SPAN} at (0,0) size 351x42
        RenderText {#text} at (0,0) size 351x42
          text run at (0,0) width 351: "Lorem ipsum dolor sit amet, consectetuer adipiscing"
          text run at (0,21) width 24: "elit."
    RenderBlock (anonymous) at (0,42) size 367x21
      RenderBlock {SPAN} at (0,0) size 367x21
        RenderText {#text} at (0,0) size 164x21
          text run at (0,0) width 164: "Nulla varius enim ac mi."
    RenderBlock (anonymous) at (0,63) size 367x210
      RenderInline {SPAN} at (0,0) size 357x210
        RenderText {#text} at (0,0) size 357x210
          text run at (0,0) width 315: "Curabitur sollicitudin felis quis lectus. Quisque"
          text run at (0,21) width 357: "adipiscing rhoncus sem. Proin nulla purus, vulputate"
          text run at (0,42) width 350: "vel, varius ut, euismod et, nisi. Sed vitae felis vel orci"
          text run at (0,63) width 351: "sagittis aliquam. Cras convallis adipiscing sem. Nam"
          text run at (0,84) width 341: "nonummy enim. Nullam bibendum lobortis neque."
          text run at (0,105) width 355: "Vestibulum velit orci, tempus euismod, pretium quis,"
          text run at (0,126) width 336: "interdum vitae, nulla. Phasellus eget ante et tortor"
          text run at (0,147) width 328: "condimentum vestibulum. Suspendisse hendrerit"
          text run at (0,168) width 345: "quam nec felis. Sed varius turpis vitae pede. Lorem"
          text run at (0,189) width 329: "ipsum dolor sit amet, consectetuer adipiscing elit."
      RenderText {#text} at (0,0) size 0x0
    RenderBlock (generated) at (0,273) size 367x20 [bgcolor=#FFFF00]
      RenderText at (0,0) size 170x21
        text run at (0,0) width 170: "After Generated Content"
