layer at (0,0) size 800x600
  RenderView at (0,0) size 800x600
layer at (0,0) size 800x104
  RenderBlock {HTML} at (0,0) size 800x104
    RenderBody {BODY} at (8,14) size 784x76
      RenderBlock {P} at (0,0) size 784x16
        RenderText {#text} at (0,0) size 284x16
          text run at (0,0) width 284: "The following paragraphs should be identical:"
      RenderBlock {P} at (0,30) size 784x16
        RenderText {#text} at (0,0) size 171x16
          text run at (0,0) width 171: "This should be in a bold font."
      RenderBlock {P} at (0,60) size 784x16
        RenderText {#text} at (0,0) size 171x16
          text run at (0,0) width 171: "This should be in a bold font."
