layer at (0,0) size 96x114
  RenderView at (0,0) size 96x26
layer at (0,0) size 96x114
  RenderBlock {HTML} at (0,0) size 96x114
    RenderBody {BODY} at (8,14) size 80x86 [bgcolor=#FFFFFF]
      RenderBlock {P} at (0,0) size 80x86 [color=#008000] [border: (3px solid #008000)]
        RenderInline {SPAN} at (0,0) size 54x80 [color=#000000]
          RenderText {#text} at (3,3) size 54x80
            text run at (3,3) width 54: "This text"
            text run at (3,19) width 41: "should"
            text run at (3,35) width 43: "have a"
            text run at (3,51) width 37: "green"
            text run at (3,67) width 44: "border."
