layer at (0,0) size 800x600
  RenderView at (0,0) size 800x600
layer at (0,0) size 800x543
  RenderBlock {HTML} at (0,0) size 800x543
    RenderBody {BODY} at (8,14) size 784x515 [color=#008000]
      RenderBlock {P} at (0,0) size 784x19
        RenderText {#text} at (0,0) size 164x19
          text run at (0,0) width 164: "This line should be green."
      RenderBlock {P} at (0,33) size 784x19
        RenderText {#text} at (0,0) size 164x19
          text run at (0,0) width 164: "This line should be green."
      RenderBlock {P} at (0,66) size 784x19
        RenderText {#text} at (0,0) size 164x19
          text run at (0,0) width 164: "This line should be green."
      RenderBlock {P} at (0,99) size 784x19
        RenderText {#text} at (0,0) size 164x19
          text run at (0,0) width 164: "This line should be green."
      RenderBlock {OL} at (0,132) size 784x19
        RenderListItem {LI} at (40,0) size 744x19
          RenderListMarker at (-20,0) size 16x19: "1"
          RenderText {#text} at (0,0) size 164x19
            text run at (0,0) width 164: "This line should be green."
      RenderBlock {P} at (0,165) size 784x19
        RenderText {#text} at (0,0) size 164x19
          text run at (0,0) width 164: "This line should be green."
      RenderBlock {UL} at (0,198) size 784x19
        RenderListItem {LI} at (40,0) size 744x19
          RenderListMarker at (-17,0) size 7x19: bullet
          RenderText {#text} at (0,0) size 164x19
            text run at (0,0) width 164: "This line should be green."
      RenderBlock {BLOCKQUOTE} at (40,231) size 704x19
        RenderBlock {P} at (0,0) size 704x19
          RenderText {#text} at (0,0) size 164x19
            text run at (0,0) width 164: "This line should be green."
      RenderBlock {P} at (0,264) size 784x19
        RenderInline {ACRONYM} at (0,0) size 164x19
          RenderText {#text} at (0,0) size 164x19
            text run at (0,0) width 164: "This line should be green."
        RenderText {#text} at (0,0) size 0x0
      RenderBlock {ADDRESS} at (0,297) size 784x20
        RenderText {#text} at (0,0) size 164x19
          text run at (0,0) width 164: "This line should be green."
      RenderBlock {P} at (0,331) size 784x19
        RenderInline {SPAN} at (0,0) size 164x19
          RenderText {#text} at (0,0) size 164x19
            text run at (0,0) width 164: "This line should be green."
        RenderText {#text} at (0,0) size 0x0
      RenderBlock {P} at (0,364) size 784x19
        RenderText {#text} at (0,0) size 164x19
          text run at (0,0) width 164: "This line should be green."
      RenderBlock {P} at (0,397) size 784x19
        RenderText {#text} at (0,0) size 164x19
          text run at (0,0) width 164: "This line should be green."
      RenderBlock {P} at (0,430) size 784x19
        RenderText {#text} at (0,0) size 164x19
          text run at (0,0) width 164: "This line should be green."
      RenderBlock {P} at (0,463) size 784x19
        RenderText {#text} at (48,0) size 164x19
          text run at (48,0) width 164: "This line should be green."
      RenderBlock {P} at (0,496) size 784x19
        RenderText {#text} at (0,0) size 164x19
          text run at (0,0) width 164: "This line should be green."
