layer at (0,0) size 800x600
  RenderView at (0,0) size 800x600
layer at (0,0) size 800x44
  RenderBlock {HTML} at (0,0) size 800x44
    RenderBody {BODY} at (8,14) size 784x16
      RenderBlock {P} at (0,0) size 784x16 [bgcolor=#00FF00]
        RenderText {#text} at (48,0) size 200x16
          text run at (48,0) width 200: "This line should be bright green."
