layer at (0,0) size 96x278
  RenderView at (0,0) size 96x26
layer at (0,0) size 96x278
  RenderBlock {HTML} at (0,0) size 96x278
    RenderBody {BODY} at (8,14) size 80x250
      RenderBlock {P} at (0,0) size 80x64
        RenderText {#text} at (0,0) size 74x64
          text run at (0,0) width 38: "There"
          text run at (0,16) width 60: "should be"
          text run at (0,32) width 74: "three green"
          text run at (0,48) width 72: "lines below."
      RenderBlock {P} at (0,78) size 80x48 [color=#FFFFFF] [bgcolor=#FF0000]
        RenderText {#text} at (0,0) size 60x48
          text run at (0,0) width 53: "This line"
          text run at (0,16) width 60: "should be"
          text run at (0,32) width 40: "green."
      RenderBlock {P} at (0,140) size 80x48 [color=#FFFFFF] [bgcolor=#FF0000]
        RenderText {#text} at (0,0) size 60x48
          text run at (0,0) width 53: "This line"
          text run at (0,16) width 60: "should be"
          text run at (0,32) width 40: "green."
      RenderBlock {P} at (0,202) size 80x48 [color=#FFFFFF] [bgcolor=#FF0000]
        RenderText {#text} at (0,0) size 60x48
          text run at (0,0) width 53: "This line"
          text run at (0,16) width 60: "should be"
          text run at (0,32) width 40: "green."
