layer at (0,0) size 800x600
  RenderView at (0,0) size 800x600
layer at (0,0) size 800x112
  RenderBlock {HTML} at (0,0) size 800x112
    RenderBody {BODY} at (8,14) size 784x90 [color=#0000FF]
      RenderBlock {P} at (0,0) size 784x19
        RenderText {#text} at (0,0) size 657x19
          text run at (0,0) width 657: "There should be three solid bars of colour below, each longer than the last, each of the colour specified."
      RenderBlock {DIV} at (0,33) size 784x19
        RenderText {#text} at (0,0) size 36x19
          text run at (0,0) width 36: "Blue: "
        RenderInline {SPAN} at (0,0) size 15x16
          RenderText {#text} at (36,4) size 15x16
            text run at (36,4) width 15: "X"
        RenderInline {SPAN} at (0,0) size 15x16
          RenderText {#text} at (51,4) size 15x16
            text run at (51,4) width 15: "X"
        RenderImage {IMG} at (66,4) size 15x15 [color=#FF0000]
        RenderText {#text} at (0,0) size 0x0
      RenderBlock {DIV} at (0,52) size 784x19
        RenderText {#text} at (0,0) size 56x19
          text run at (0,0) width 56: "Orange: "
        RenderInline {SPAN} at (0,0) size 15x16 [color=#FFA500]
          RenderText {#text} at (56,4) size 15x16
            text run at (56,4) width 15: "X"
        RenderInline {SPAN} at (0,0) size 15x16 [color=#FFA500]
          RenderText {#text} at (71,4) size 15x16
            text run at (71,4) width 15: "X"
        RenderInline {SPAN} at (0,0) size 15x16 [color=#FFA500]
          RenderText {#text} at (86,4) size 15x16
            text run at (86,4) width 15: "X"
        RenderInline {SPAN} at (0,0) size 15x16 [color=#FFA500]
          RenderText {#text} at (101,4) size 15x16
            text run at (101,4) width 15: "X"
        RenderImage {IMG} at (116,4) size 15x15 [color=#FF0000]
        RenderText {#text} at (0,0) size 0x0
      RenderBlock {DIV} at (0,71) size 784x19
        RenderText {#text} at (0,0) size 39x19
          text run at (0,0) width 39: "Lime: "
        RenderInline {SPAN} at (0,0) size 15x16 [color=#00FF00]
          RenderText {#text} at (39,4) size 15x16
            text run at (39,4) width 15: "X"
        RenderInline {SPAN} at (0,0) size 15x16 [color=#00FF00]
          RenderText {#text} at (54,4) size 15x16
            text run at (54,4) width 15: "X"
        RenderInline {SPAN} at (0,0) size 15x16 [color=#00FF00]
          RenderText {#text} at (69,4) size 15x16
            text run at (69,4) width 15: "X"
        RenderInline {SPAN} at (0,0) size 15x16 [color=#00FF00]
          RenderText {#text} at (84,4) size 15x16
            text run at (84,4) width 15: "X"
        RenderInline {SPAN} at (0,0) size 15x16 [color=#00FF00]
          RenderText {#text} at (99,4) size 15x16
            text run at (99,4) width 15: "X"
        RenderInline {SPAN} at (0,0) size 15x16 [color=#00FF00]
          RenderText {#text} at (114,4) size 15x16
            text run at (114,4) width 15: "X"
        RenderInline {SPAN} at (0,0) size 15x16 [color=#00FF00]
          RenderText {#text} at (129,4) size 15x16
            text run at (129,4) width 15: "X"
        RenderInline {SPAN} at (0,0) size 15x16 [color=#00FF00]
          RenderText {#text} at (144,4) size 15x16
            text run at (144,4) width 15: "X"
        RenderInline {SPAN} at (0,0) size 15x16 [color=#00FF00]
          RenderText {#text} at (159,4) size 15x16
            text run at (159,4) width 15: "X"
        RenderInline {SPAN} at (0,0) size 15x16 [color=#00FF00]
          RenderText {#text} at (174,4) size 15x16
            text run at (174,4) width 15: "X"
        RenderInline {SPAN} at (0,0) size 15x16 [color=#00FF00]
          RenderText {#text} at (189,4) size 15x16
            text run at (189,4) width 15: "X"
        RenderInline {SPAN} at (0,0) size 15x16 [color=#00FF00]
          RenderText {#text} at (204,4) size 15x16
            text run at (204,4) width 15: "X"
        RenderImage {IMG} at (219,4) size 15x15 [color=#FF0000]
        RenderText {#text} at (0,0) size 0x0
