layer at (0,0) size 800x600
  RenderView at (0,0) size 800x600
layer at (0,0) size 800x146
  RenderBlock {HTML} at (0,0) size 800x146
    RenderBody {BODY} at (8,14) size 784x118 [color=#000080]
      RenderBlock {P} at (0,0) size 784x19
        RenderText {#text} at (0,0) size 315x19
          text run at (0,0) width 315: "These four lines should look identical, to the pixel."
      RenderBlock {P} at (0,33) size 784x19
        RenderText {#text} at (0,0) size 315x19
          text run at (0,0) width 315: "These four lines should look identical, to the pixel."
      RenderBlock {P} at (0,66) size 784x19
        RenderText {#text} at (0,0) size 315x19
          text run at (0,0) width 315: "These four lines should look identical, to the pixel."
      RenderBlock {P} at (0,99) size 784x19
        RenderText {#text} at (0,0) size 315x19
          text run at (0,0) width 315: "These four lines should look identical, to the pixel."
