layer at (0,0) size 800x600
  RenderView at (0,0) size 800x600
layer at (0,0) size 800x134
  RenderBlock {HTML} at (0,0) size 800x134
    RenderBody {BODY} at (8,14) size 784x106
      RenderBlock {P} at (0,0) size 784x16
        RenderText {#text} at (0,0) size 332x16
          text run at (0,0) width 332: "The following three paragraphs should look identical:"
      RenderBlock {P} at (0,30) size 784x16
        RenderText {#text} at (0,0) size 153x16
          text run at (0,0) width 153: "This is a test paragraph."
      RenderBlock {P} at (0,60) size 784x16
        RenderInline (generated) at (0,0) size 31x16
          RenderText at (0,0) size 31x16
            text run at (0,0) width 31: "This "
        RenderText {#text} at (31,0) size 122x16
          text run at (31,0) width 122: "is a test paragraph."
      RenderBlock {P} at (0,90) size 784x16
        RenderInline (generated) at (0,0) size 31x16
          RenderText at (0,0) size 31x16
            text run at (0,0) width 31: "This "
        RenderText {#text} at (31,0) size 122x16
          text run at (31,0) width 122: "is a test paragraph."
