layer at (0,0) size 800x600
  RenderView at (0,0) size 800x600
layer at (0,0) size 800x182
  RenderBlock {HTML} at (0,0) size 800x182
    RenderBody {BODY} at (8,14) size 784x160
      RenderBlock {P} at (0,0) size 784x16 [color=#000080]
        RenderText {#text} at (0,0) size 313x16
          text run at (0,0) width 313: "There should be two unbroken vertical bars below."
      RenderBlock {P} at (0,30) size 784x32 [color=#000080]
        RenderText {#text} at (0,0) size 780x32
          text run at (0,0) width 400: "Hold up a credit card to your display. The distance between the "
          text run at (400,0) width 380: "two vertical bars should be exactly the length of a credit card"
          text run at (0,16) width 70: "(85.60mm)."
      RenderBlock {DIV} at (0,76) size 784x84 [border: (3px solid #000000)]
        RenderBlock {DIV} at (326,0) size 458x14 [border: (3px solid #000000)]
        RenderBlock {DIV} at (326,14) size 458x14 [border: (3px solid #000000)]
        RenderBlock {DIV} at (326,28) size 458x14 [border: (3px solid #000000)]
        RenderBlock {DIV} at (326,42) size 458x14 [border: (3px solid #000000)]
        RenderBlock {DIV} at (326,56) size 458x14 [border: (3px solid #000000)]
        RenderBlock {DIV} at (326,70) size 458x14 [border: (3px solid #000000)]
