layer at (0,0) size 800x600
  RenderView at (0,0) size 800x600
layer at (0,0) size 800x112
  RenderBlock {HTML} at (0,0) size 800x112
    RenderBody {BODY} at (8,14) size 784x90
      RenderBlock {P} at (0,0) size 784x16
        RenderText {#text} at (0,0) size 320x16
          text run at (0,0) width 320: "There should be a solid vertical bar of green below."
      RenderBlock {DIV} at (0,30) size 784x60 [color=#008000]
        RenderBlock {DIV} at (0,0) size 784x15
          RenderText {#text} at (0,-1) size 22x17
            text run at (0,-1) width 22: "   X"
        RenderBlock {DIV} at (45,15) size 739x15
          RenderText {#text} at (0,-1) size 10x17
            text run at (0,-1) width 10: "X"
        RenderBlock {DIV} at (0,30) size 784x15
          RenderText {#text} at (0,-1) size 10x17
            text run at (0,-1) width 10: "X"
        RenderBlock {DIV} at (45,45) size 739x15
          RenderText {#text} at (0,-1) size 10x17
            text run at (0,-1) width 10: "X"
