layer at (0,0) size 800x600
  RenderView at (0,0) size 800x600
layer at (0,0) size 800x194
  RenderBlock {HTML} at (0,0) size 800x194
    RenderBody {BODY} at (8,14) size 784x166 [color=#FF0000]
      RenderBlock {P} at (0,0) size 784x16 [color=#008000]
        RenderText {#text} at (0,0) size 161x16
          text run at (0,0) width 161: "This line should be green."
      RenderBlock {P} at (0,30) size 784x16 [color=#008000]
        RenderText {#text} at (0,0) size 161x16
          text run at (0,0) width 161: "This line should be green."
      RenderBlock {P} at (0,60) size 784x16 [color=#008000]
        RenderText {#text} at (0,0) size 161x16
          text run at (0,0) width 161: "This line should be green."
      RenderBlock {P} at (0,90) size 784x16 [color=#008000]
        RenderText {#text} at (0,0) size 161x16
          text run at (0,0) width 161: "This line should be green."
      RenderBlock {P} at (0,120) size 784x16 [color=#008000]
        RenderText {#text} at (0,0) size 161x16
          text run at (0,0) width 161: "This line should be green."
      RenderBlock {P} at (0,150) size 784x16 [color=#008000]
        RenderText {#text} at (0,0) size 161x16
          text run at (0,0) width 161: "This line should be green."
