layer at (0,0) size 800x600
  RenderView at (0,0) size 800x600
layer at (0,0) size 800x238
  RenderBlock {HTML} at (0,0) size 800x238
    RenderBody {BODY} at (8,14) size 784x216
      RenderBlock {P} at (0,0) size 784x16
        RenderText {#text} at (0,0) size 224x16
          text run at (0,0) width 224: "There should be a green box below."
      RenderBlock {DIV} at (0,30) size 186x186 [color=#008000] [bgcolor=#FF0000] [border: (3px solid #000000)]
        RenderBlock {DIV} at (48,18) size 90x45
          RenderBlock {P} at (0,0) size 90x45
            RenderText {#text} at (0,-1) size 80x47
              text run at (0,-1) width 80: "x x x x x x x"
              text run at (0,14) width 80: "x x x x x x x"
              text run at (0,29) width 8: "x"
        RenderBlock {DIV} at (93,78) size 90x45
          RenderBlock {P} at (0,0) size 90x45
            RenderText {#text} at (0,-1) size 80x47
              text run at (0,-1) width 80: "x x x x x x x"
              text run at (0,14) width 80: "x x x x x x x"
              text run at (0,29) width 8: "x"
        RenderBlock {P} at (48,138) size 135x30
          RenderText {#text} at (0,-1) size 128x32
            text run at (0,-1) width 128: "x x x x x x x x x x x"
            text run at (0,14) width 104: "x x x x x x x x x"
