layer at (0,0) size 167x179
  RenderView at (0,0) size 96x26
layer at (0,0) size 167x179
  RenderBlock {HTML} at (0,0) size 96x179
    RenderBody {BODY} at (8,14) size 80x151
      RenderBlock {P} at (0,0) size 80x80 [color=#000080]
        RenderText {#text} at (0,0) size 79x80
          text run at (0,0) width 51: "The two"
          text run at (0,16) width 79: "blocks below"
          text run at (0,32) width 76: "should have"
          text run at (0,48) width 58: "the same"
          text run at (0,64) width 42: "height."
      RenderTable {TABLE} at (70,94) size 89x57
        RenderTableSection {TBODY} at (0,0) size 89x57
          RenderTableRow {TR} at (0,2) size 89x53
            RenderTableCell {TD} at (2,2) size 35x53 [r=0 c=0 rs=1 cs=1]
              RenderBlock {DIV} at (4,4) size 27x45 [color=#000080]
                RenderText {#text} at (0,1) size 27x42
                  text run at (0,1) width 27: "\x{C9}"
            RenderTableCell {TD} at (39,2) size 48x8 [r=0 c=1 rs=1 cs=1]
              RenderBlock {DIV} at (4,4) size 40x0
