layer at (0,0) size 96x76
  RenderView at (0,0) size 96x26
layer at (0,0) size 96x76
  RenderBlock {HTML} at (0,0) size 96x76
    RenderBody {BODY} at (8,14) size 80x48
      RenderBlock {DIV} at (0,0) size 80x48 [color=#FF0000]
        RenderBlock {P} at (0,0) size 80x48 [color=#008000]
          RenderText {#text} at (0,0) size 60x48
            text run at (0,0) width 53: "This line"
            text run at (0,16) width 60: "should be"
            text run at (0,32) width 40: "green."
