layer at (0,0) size 96x170
  RenderView at (0,0) size 96x26
layer at (0,0) size 96x170
  RenderBlock {HTML} at (0,0) size 96x170
    RenderBody {BODY} at (8,14) size 80x142
      RenderBlock {DIV} at (0,0) size 80x48
        RenderBlock {P} at (0,0) size 80x48 [color=#008000]
          RenderText {#text} at (0,0) size 60x48
            text run at (0,0) width 53: "This line"
            text run at (0,16) width 60: "should be"
            text run at (0,32) width 40: "green."
      RenderBlock {UL} at (0,62) size 80x80 [color=#008000]
        RenderListItem {LI} at (40,0) size 40x80
          RenderListMarker at (-16,0) size 6x16: bullet
          RenderInline {SPAN} at (0,0) size 0x0 [color=#FF0000]
            RenderText {#text} at (0,0) size 0x0
          RenderText {#text} at (0,0) size 41x80
            text run at (0,0) width 27: "This"
            text run at (0,16) width 22: "line"
            text run at (0,32) width 41: "should"
            text run at (0,48) width 15: "be"
            text run at (0,64) width 40: "green."
