layer at (0,0) size 800x600
  RenderView at (0,0) size 800x600
layer at (0,0) size 800x344
  RenderBlock {HTML} at (0,0) size 800x344
    RenderBody {BODY} at (8,14) size 784x316 [color=#0000FF]
      RenderBlock {P} at (0,0) size 784x80
        RenderText {#text} at (0,0) size 29x16
          text run at (0,0) width 29: "The "
        RenderInline {STRONG} at (0,0) size 56x16
          RenderText {#text} at (29,0) size 56x16
            text run at (29,0) width 56: "first line"
        RenderText {#text} at (85,0) size 300x16
          text run at (85,0) width 205: " of this paragraph, and only that "
          text run at (290,0) width 95: "one, should be "
        RenderInline {STRONG} at (0,0) size 40x16
          RenderText {#text} at (385,0) size 40x16
            text run at (385,0) width 40: "green"
        RenderText {#text} at (425,0) size 782x80
          text run at (425,0) width 174: ". If this precise combination "
          text run at (599,0) width 183: "does not occur, then the user"
          text run at (0,16) width 233: "agent has failed this test. Remember "
          text run at (233,16) width 393: "that in order to ensure a complete test, the paragraph must be "
          text run at (626,16) width 148: "displayed on more than"
          text run at (0,32) width 267: "one line. Dummy text. Dummy text. Dummy "
          text run at (267,32) width 430: "text. Dummy text. Dummy text. Dummy text. Dummy text. Dummy text. "
          text run at (697,32) width 76: "Dummy text."
          text run at (0,48) width 370: "Dummy text. Dummy text. Dummy text. Dummy text. Dummy "
          text run at (370,48) width 396: "text. Dummy text. Dummy text. Dummy text. Dummy text. Dummy"
          text run at (0,64) width 30: "text. "
          text run at (30,64) width 450: "Dummy text. Dummy text. Dummy text. Dummy text. Dummy text. Dummy "
          text run at (480,64) width 266: "text. Dummy text. Dummy text. Dummy text."
      RenderBlock {P} at (0,94) size 784x112
        RenderText {#text} at (0,1) size 57x30
          text run at (0,1) width 57: "The "
        RenderInline {STRONG} at (0,0) size 110x30
          RenderText {#text} at (57,1) size 110x30
            text run at (57,1) width 110: "first line"
        RenderText {#text} at (167,1) size 765x47
          text run at (167,1) width 410: " of this paragraph, and only that "
          text run at (577,1) width 188: "one, should be"
          text run at (0,32) width 12: "a "
        RenderInline {STRONG} at (0,0) size 41x16
          RenderText {#text} at (12,32) size 41x16
            text run at (12,32) width 41: "larger"
        RenderText {#text} at (53,32) size 127x16
          text run at (53,32) width 127: " font size as well as "
        RenderInline {STRONG} at (0,0) size 40x16
          RenderText {#text} at (180,32) size 40x16
            text run at (180,32) width 40: "green"
        RenderText {#text} at (220,32) size 766x80
          text run at (220,32) width 274: ". If this precise combination does not occur, "
          text run at (494,32) width 244: "then the user agent has failed this test."
          text run at (0,48) width 169: "Remember that in order to "
          text run at (169,48) width 416: "ensure a complete test, the paragraph must be displayed on more "
          text run at (585,48) width 165: "than one line. Dummy text."
          text run at (0,64) width 240: "Dummy text. Dummy text. Dummy text. "
          text run at (240,64) width 450: "Dummy text. Dummy text. Dummy text. Dummy text. Dummy text. Dummy "
          text run at (690,64) width 76: "text. Dummy"
          text run at (0,80) width 350: "text. Dummy text. Dummy text. Dummy text. Dummy text. "
          text run at (350,80) width 396: "Dummy text. Dummy text. Dummy text. Dummy text. Dummy text."
          text run at (0,96) width 50: "Dummy "
          text run at (50,96) width 430: "text. Dummy text. Dummy text. Dummy text. Dummy text. Dummy text. "
          text run at (480,96) width 156: "Dummy text. Dummy text."
      RenderBlock {P} at (0,220) size 784x96
        RenderText {#text} at (0,0) size 32x16
          text run at (0,0) width 32: "The "
        RenderInline {STRONG} at (0,0) size 78x16
          RenderText {#text} at (32,0) size 78x16
            text run at (32,0) width 78: "first line"
        RenderText {#text} at (110,0) size 492x16
          text run at (110,0) width 272: " of this paragraph, and only that "
          text run at (382,0) width 220: "one, should be displayed in "
        RenderInline {STRONG} at (0,0) size 94x16
          RenderText {#text} at (602,0) size 94x16
            text run at (602,0) width 94: "small-caps"
        RenderText {#text} at (696,0) size 766x32
          text run at (696,0) width 70: " style as"
          text run at (0,16) width 47: "well as "
        RenderInline {STRONG} at (0,0) size 40x16
          RenderText {#text} at (47,16) size 40x16
            text run at (47,16) width 40: "green"
        RenderText {#text} at (87,16) size 770x80
          text run at (87,16) width 186: ". Thus, if the first line is not in "
          text run at (273,16) width 341: "small-caps style, or if the entire paragraph turns out in "
          text run at (614,16) width 156: "small-caps, then the user"
          text run at (0,32) width 241: "agent has failed this test. Dummy text. "
          text run at (241,32) width 450: "Dummy text. Dummy text. Dummy text. Dummy text. Dummy text. Dummy "
          text run at (691,32) width 76: "text. Dummy"
          text run at (0,48) width 350: "text. Dummy text. Dummy text. Dummy text. Dummy text. "
          text run at (350,48) width 396: "Dummy text. Dummy text. Dummy text. Dummy text. Dummy text."
          text run at (0,64) width 50: "Dummy "
          text run at (50,64) width 430: "text. Dummy text. Dummy text. Dummy text. Dummy text. Dummy text. "
          text run at (480,64) width 286: "Dummy text. Dummy text. Dummy text. Dummy"
          text run at (0,80) width 106: "text. Dummy text."
