layer at (0,0) size 96x108
  RenderView at (0,0) size 96x26
layer at (0,0) size 96x108
  RenderBlock {HTML} at (0,0) size 96x108
    RenderBody {BODY} at (8,14) size 80x80
      RenderBlock {P} at (0,0) size 80x80
        RenderInline {A} at (0,0) size 80x80 [color=#0000FF]
          RenderText {#text} at (0,0) size 80x80
            text run at (0,0) width 61: "While you"
            text run at (0,16) width 80: "are hovering"
            text run at (0,32) width 54: "over this"
            text run at (0,48) width 80: "link, it should"
            text run at (0,64) width 60: "go green."
