layer at (0,0) size 800x600
  RenderView at (0,0) size 800x600
layer at (0,0) size 800x44
  RenderBlock {HTML} at (0,0) size 800x44
    RenderBody {BODY} at (8,14) size 784x16
      RenderBlock {P} at (0,0) size 784x16
        RenderInline {A} at (0,0) size 160x16 [color=#008000]
          RenderText {#text} at (0,0) size 160x16
            text run at (0,0) width 160: "This link should be green."
        RenderText {#text} at (160,0) size 218x16
          text run at (160,0) width 218: " (do not hover over it or activate it)"
