layer at (0,0) size 96x192
  RenderView at (0,0) size 96x26
layer at (0,0) size 96x192
  RenderBlock {HTML} at (0,0) size 96x192
    RenderBody {BODY} at (8,8) size 80x176
      RenderBlock {DIV} at (0,0) size 80x144
        RenderBlock (anonymous) at (0,0) size 80x32
          RenderText {#text} at (0,0) size 76x32
            text run at (0,0) width 76: "Dummy text."
            text run at (0,16) width 76: "Dummy text."
        RenderBlock {DIV} at (0,32) size 80x112
          RenderInline {SPAN} at (0,0) size 78x112
            RenderText {#text} at (0,0) size 78x112
              text run at (0,0) width 64: "Hover this"
              text run at (0,16) width 30: "text, "
              text run at (30,16) width 28: "then"
              text run at (0,32) width 53: "wait till it"
              text run at (0,48) width 73: "disappears."
              text run at (0,64) width 76: "At that point"
              text run at (0,80) width 78: "there should"
              text run at (0,96) width 63: "be no red."
          RenderText {#text} at (0,0) size 0x0
      RenderBlock {DIV} at (0,144) size 80x32 [color=#008000]
        RenderText {#text} at (0,0) size 76x32
          text run at (0,0) width 76: "Dummy text."
          text run at (0,16) width 76: "Dummy text."
