layer at (0,0) size 800x600
  RenderView at (0,0) size 800x600
layer at (0,0) size 800x410
  RenderBlock {HTML} at (0,0) size 800x410
    RenderBody {BODY} at (8,14) size 784x388 [color=#0000FF]
      RenderBlock {P} at (0,0) size 784x202
        RenderInline (generated) at (0,0) size 77x128 [color=#00FFFF]
          RenderText {#text} at (0,5) size 77x128
            text run at (0,5) width 77: "T"
        RenderText {#text} at (77,81) size 58x44
          text run at (77,81) width 58: "he "
        RenderInline {STRONG} at (0,0) size 193x44
          RenderText {#text} at (135,81) size 193x44
            text run at (135,81) width 193: "first letter"
        RenderText {#text} at (328,81) size 746x73
          text run at (328,81) width 418: " of this paragraph, and"
          text run at (0,138) width 58: "only that "
          text run at (58,138) width 95: "one, should be "
        RenderInline {STRONG} at (0,0) size 86x16
          RenderText {#text} at (153,138) size 86x16
            text run at (153,138) width 86: "600% bigger"
        RenderText {#text} at (239,138) size 516x16
          text run at (239,138) width 134: " than the normal text "
          text run at (373,138) width 382: "(300% bigger than the rest of first line of this paragraph) and"
        RenderInline {STRONG} at (0,0) size 34x16
          RenderText {#text} at (0,154) size 34x16
            text run at (0,154) width 34: "aqua"
        RenderText {#text} at (34,154) size 107x16
          text run at (34,154) width 107: ", while the entire "
        RenderInline {STRONG} at (0,0) size 56x16
          RenderText {#text} at (141,154) size 56x16
            text run at (141,154) width 56: "first line"
        RenderText {#text} at (197,154) size 68x16
          text run at (197,154) width 4: " "
          text run at (201,154) width 64: "should be "
        RenderInline {STRONG} at (0,0) size 86x16
          RenderText {#text} at (265,154) size 86x16
            text run at (265,154) width 86: "300% bigger"
        RenderText {#text} at (351,154) size 111x16
          text run at (351,154) width 111: " than normal and "
        RenderInline {STRONG} at (0,0) size 25x16
          RenderText {#text} at (462,154) size 25x16
            text run at (462,154) width 25: "teal"
        RenderText {#text} at (487,154) size 773x48
          text run at (487,154) width 270: ". If this precise combination does not occur,"
          text run at (0,170) width 417: "then the user agent has failed this test. Remember that in order to "
          text run at (417,170) width 356: "ensure a complete test, the paragraph must be displayed"
          text run at (0,186) width 56: "on more "
          text run at (56,186) width 143: "than one line. (TEST1)"
      RenderBlock {P} at (0,216) size 784x80
        RenderInline (generated) at (0,0) size 27x30 [color=#00FFFF]
          RenderText {#text} at (0,1) size 27x30
            text run at (0,1) width 27: "\"T"
        RenderText {#text} at (27,14) size 115x16
          text run at (27,14) width 115: "est\": The first "
        RenderInline {STRONG} at (0,0) size 139x16
          RenderText {#text} at (142,14) size 139x16
            text run at (142,14) width 139: "two characters"
        RenderText {#text} at (281,14) size 734x34
          text run at (281,14) width 148: " in this paragraph "
          text run at (429,14) width 305: "(a double-quote mark and a capital 'T')"
          text run at (0,32) width 64: "should be "
        RenderInline {STRONG} at (0,0) size 86x16
          RenderText {#text} at (64,32) size 86x16
            text run at (64,32) width 41: "200% "
            text run at (105,32) width 45: "bigger"
        RenderText {#text} at (150,32) size 229x16
          text run at (150,32) width 229: " than the rest of the paragraph, and "
        RenderInline {STRONG} at (0,0) size 34x16
          RenderText {#text} at (379,32) size 34x16
            text run at (379,32) width 34: "aqua"
        RenderText {#text} at (413,32) size 144x16
          text run at (413,32) width 144: ". In addition, the entire "
        RenderInline {STRONG} at (0,0) size 56x16
          RenderText {#text} at (557,32) size 56x16
            text run at (557,32) width 31: "first "
            text run at (588,32) width 25: "line"
        RenderText {#text} at (613,32) size 95x16
          text run at (613,32) width 95: " should be in a "
        RenderInline {STRONG} at (0,0) size 781x32
          RenderText {#text} at (708,32) size 781x32
            text run at (708,32) width 73: "small-caps"
            text run at (0,48) width 61: "font and "
            text run at (61,48) width 25: "teal"
        RenderText {#text} at (86,48) size 763x32
          text run at (86,48) width 326: ". Remember that in order to ensure a complete test, "
          text run at (412,48) width 351: "the paragraph must be displayed on more than one line."
          text run at (0,64) width 54: "(TEST2)"
      RenderBlock {P} at (0,310) size 784x48
        RenderInline (generated) at (0,0) size 9x16 [color=#00FFFF]
          RenderText {#text} at (0,0) size 9x16
            text run at (0,0) width 9: "T"
        RenderText {#text} at (9,0) size 20x16
          text run at (9,0) width 20: "he "
        RenderInline {STRONG} at (0,0) size 67x16
          RenderText {#text} at (29,0) size 67x16
            text run at (29,0) width 67: "first letter"
        RenderText {#text} at (96,0) size 300x16
          text run at (96,0) width 205: " of this paragraph, and only that "
          text run at (301,0) width 95: "one, should be "
        RenderInline {STRONG} at (0,0) size 34x16
          RenderText {#text} at (396,0) size 34x16
            text run at (396,0) width 34: "aqua"
        RenderText {#text} at (430,0) size 107x16
          text run at (430,0) width 107: ", while the entire "
        RenderInline {STRONG} at (0,0) size 56x16
          RenderText {#text} at (537,0) size 56x16
            text run at (537,0) width 56: "first line"
        RenderText {#text} at (593,0) size 68x16
          text run at (593,0) width 68: " should be "
        RenderInline {STRONG} at (0,0) size 25x16
          RenderText {#text} at (661,0) size 25x16
            text run at (661,0) width 25: "teal"
        RenderText {#text} at (686,0) size 777x48
          text run at (686,0) width 19: ". If "
          text run at (705,0) width 72: "this precise"
          text run at (0,16) width 333: "combination does not occur, then the user agent has "
          text run at (333,16) width 413: "failed this test. Remember that in order to ensure a complete test, "
          text run at (746,16) width 20: "the"
          text run at (0,32) width 385: "paragraph must be displayed on more than one line. (TEST3)"
      RenderBlock {DIV} at (0,372) size 784x16
        RenderText {#text} at (0,0) size 166x16
          text run at (0,0) width 166: "You should see the words "
        RenderInline {STRONG} at (0,0) size 57x16
          RenderText {#text} at (166,0) size 57x16
            text run at (166,0) width 57: "\"TEST1\""
        RenderText {#text} at (223,0) size 7x16
          text run at (223,0) width 7: ", "
        RenderInline {STRONG} at (0,0) size 57x16
          RenderText {#text} at (230,0) size 57x16
            text run at (230,0) width 57: "\"TEST2\""
        RenderText {#text} at (287,0) size 35x16
          text run at (287,0) width 35: ", and "
        RenderInline {STRONG} at (0,0) size 57x16
          RenderText {#text} at (322,0) size 57x16
            text run at (322,0) width 57: "\"TEST3\""
        RenderText {#text} at (379,0) size 243x16
          text run at (379,0) width 88: " at the end of "
          text run at (467,0) width 155: "three paragraphs above."
