layer at (0,0) size 96x172
  RenderView at (0,0) size 96x26
layer at (0,0) size 96x172
  RenderBlock {HTML} at (0,0) size 96x172
    RenderBody {BODY} at (8,14) size 80x144
      RenderBlock {P} at (0,0) size 80x144
        RenderInline {A} at (0,0) size 71x80 [color=#008000]
          RenderText {#text} at (0,0) size 71x80
            text run at (0,0) width 61: "Whatever"
            text run at (0,16) width 58: "you do to"
            text run at (0,32) width 61: "this link, it"
            text run at (0,48) width 71: "should stay"
            text run at (0,64) width 40: "green."
        RenderText {#text} at (0,80) size 52x64
          text run at (0,80) width 44: "(hover,"
          text run at (0,96) width 36: "focus,"
          text run at (0,112) width 52: "activate,"
          text run at (0,128) width 41: "follow)"
