layer at (0,0) size 96x566
  RenderView at (0,0) size 96x26
layer at (0,0) size 96x566
  RenderBlock {HTML} at (0,0) size 96x566
    RenderBody {BODY} at (8,14) size 80x538 [color=#000080]
      RenderBlock {P} at (0,0) size 80x48
        RenderText {#text} at (0,0) size 72x48
          text run at (0,0) width 72: "This should"
          text run at (0,16) width 72: "be blue and"
          text run at (0,32) width 69: "underlined."
      RenderBlock {P} at (0,62) size 80x144
        RenderText {#text} at (0,0) size 69x80
          text run at (0,0) width 27: "This"
          text run at (0,16) width 58: "sentence"
          text run at (0,32) width 60: "should be"
          text run at (0,48) width 69: "underlined,"
          text run at (0,64) width 59: "including "
        RenderInline {CODE} at (0,0) size 75x32
          RenderText {#text} at (59,64) size 75x32
            text run at (59,64) width 16: "this"
            text run at (0,80) width 16: "part"
        RenderText {#text} at (16,80) size 7x16
          text run at (16,80) width 7: ", "
        RenderInline {CITE} at (0,0) size 51x16
          RenderText {#text} at (23,80) size 51x16
            text run at (23,80) width 51: "this part"
        RenderText {#text} at (74,80) size 3x16
          text run at (74,80) width 3: ","
        RenderInline {EM} at (0,0) size 51x16
          RenderText {#text} at (0,96) size 51x16
            text run at (0,96) width 51: "this part"
        RenderText {#text} at (51,96) size 54x32
          text run at (51,96) width 3: ","
          text run at (0,112) width 28: "and "
        RenderInline {STRONG} at (0,0) size 54x32
          RenderText {#text} at (28,112) size 54x32
            text run at (28,112) width 26: "this"
            text run at (0,128) width 28: "part"
        RenderText {#text} at (28,128) size 3x16
          text run at (28,128) width 3: "."
      RenderBlock {P} at (0,220) size 80x144
        RenderText {#text} at (0,0) size 71x112
          text run at (0,0) width 27: "This"
          text run at (0,16) width 58: "sentence"
          text run at (0,32) width 71: "should also"
          text run at (0,48) width 15: "be"
          text run at (0,64) width 69: "underlined,"
          text run at (0,80) width 19: "as "
          text run at (19,80) width 43: "well as"
          text run at (0,96) width 38: "italics,"
        RenderInline {STRONG} at (0,0) size 65x32
          RenderText {#text} at (0,112) size 65x32
            text run at (0,112) width 65: "including"
            text run at (0,128) width 58: "this part"
        RenderText {#text} at (58,128) size 3x16
          text run at (58,128) width 3: "."
      RenderBlock {P} at (0,378) size 80x160
        RenderText {#text} at (0,0) size 71x96
          text run at (0,0) width 27: "This"
          text run at (0,16) width 58: "sentence"
          text run at (0,32) width 60: "should be"
          text run at (0,48) width 71: "blue but not"
          text run at (0,64) width 69: "underlined,"
          text run at (0,80) width 25: "like "
        RenderInline {STRONG} at (0,0) size 51x32
          RenderText {#text} at (25,80) size 51x32
            text run at (25,80) width 26: "this"
            text run at (0,96) width 28: "part"
        RenderText {#text} at (28,96) size 29x16
          text run at (28,96) width 29: ", but "
        RenderInline {EM} at (0,0) size 79x64
          RenderText {#text} at (57,96) size 79x64
            text run at (57,96) width 22: "this"
            text run at (0,112) width 70: "part should"
            text run at (0,128) width 15: "be"
            text run at (0,144) width 66: "underlined"
        RenderText {#text} at (66,144) size 3x16
          text run at (66,144) width 3: "."
