layer at (0,0) size 800x600
  RenderView at (0,0) size 800x600
layer at (0,0) size 800x74
  RenderBlock {HTML} at (0,0) size 800x74
    RenderBody {BODY} at (8,14) size 784x46
      RenderBlock {P} at (0,0) size 784x16
        RenderText {#text} at (0,0) size 241x16
          text run at (0,0) width 241: "This sentence should have no border. "
        RenderInline {SPAN} at (0,0) size 280x26 [border: (5px solid #00FF00)]
          RenderText {#text} at (246,0) size 270x16
            text run at (246,0) width 270: "This sentence should have a green border."
        RenderText {#text} at (0,0) size 0x0
      RenderBlock {P} at (0,30) size 784x16
        RenderInline {SPAN} at (0,0) size 377x32 [bgcolor=#FF0000]
          RenderInline {SPAN} at (0,0) size 377x32 [bgcolor=#00FF00]
            RenderText {#text} at (0,0) size 377x16
              text run at (0,0) width 377: "This sentence should be in a green bar, with no red present."
        RenderText {#text} at (0,0) size 0x0
