layer at (0,0) size 800x600
  RenderView at (0,0) size 800x600
layer at (0,0) size 800x62
  RenderBlock {HTML} at (0,0) size 800x62
    RenderBody {BODY} at (8,8) size 784x46
      RenderBlock {DIV} at (0,0) size 784x46
        RenderBlock {DIV} at (0,0) size 784x46 [color=#008000] [border: (15px solid #008000)]
          RenderBlock {P} at (15,15) size 754x16 [color=#000000] [bgcolor=#FFFFFF]
            RenderText {#text} at (0,0) size 232x16
              text run at (0,0) width 232: "There should be no red on this page."
