layer at (0,0) size 128x191
  RenderView at (0,0) size 96x26
layer at (0,0) size 128x191
  RenderBlock {HTML} at (0,0) size 96x191
    RenderBody {BODY} at (8,14) size 80x163
      RenderBlock {P} at (0,0) size 80x64 [color=#000080]
        RenderText {#text} at (0,0) size 67x64
          text run at (0,0) width 51: "The two"
          text run at (0,16) width 67: "bars below"
          text run at (0,32) width 60: "should be"
          text run at (0,48) width 55: "identical:"
      RenderBlock {DIV} at (15,79) size 105x15 [bgcolor=#FF0000]
        RenderBlock {DIV} at (0,0) size 105x15 [color=#008000] [bgcolor=#00FF00]
          RenderText {#text} at (0,-1) size 8x17
            text run at (0,-1) width 8: "x"
          RenderInline {SPAN} at (0,0) size 16x17 [color=#FFFF00] [bgcolor=#FFA500]
            RenderText {#text} at (23,-1) size 16x17
              text run at (23,-1) width 16: " x "
          RenderText {#text} at (54,-1) size 8x17
            text run at (54,-1) width 8: "x"
      RenderBlock {DIV} at (14,109) size 52x54
        RenderImage {IMG} at (0,0) size 15x15
        RenderImage {IMG} at (15,0) size 15x15
        RenderImage {IMG} at (30,0) size 15x15
        RenderImage {IMG} at (0,18) size 15x15
        RenderImage {IMG} at (15,18) size 15x15
        RenderImage {IMG} at (30,18) size 15x15
        RenderImage {IMG} at (0,36) size 15x15
        RenderText {#text} at (0,0) size 0x0
