layer at (0,0) size 143x153
  RenderView at (0,0) size 96x26
layer at (0,0) size 143x153
  RenderBlock {HTML} at (0,0) size 96x153
    RenderBody {BODY} at (8,14) size 80x124
      RenderBlock {P} at (0,0) size 80x64
        RenderText {#text} at (0,0) size 72x64
          text run at (0,0) width 38: "There"
          text run at (0,16) width 72: "should be a"
          text run at (0,32) width 61: "green bar"
          text run at (0,48) width 39: "below:"
      RenderBlock {DIV} at (15,79) size 120x45 [bgcolor=#008000]
        RenderBlock {P} at (0,0) size 120x15 [color=#FFFFFF] [bgcolor=#FFFFFF]
          RenderText {#text} at (0,-1) size 44x17
            text run at (0,-1) width 44: "x x x x"
          RenderInline {SPAN} at (0,0) size 8x17
            RenderText {#text} at (44,-1) size 8x17
              text run at (44,-1) width 8: "x"
          RenderText {#text} at (-8,-1) size 68x17
            text run at (-8,-1) width 68: "x x x x x x"
