layer at (0,0) size 168x242
  RenderView at (0,0) size 96x26
layer at (0,0) size 168x242
  RenderBlock {HTML} at (0,0) size 96x242
    RenderBody {BODY} at (8,8) size 80x220
      RenderBlock {P} at (0,0) size 80x96 [color=#000080]
        RenderText {#text} at (0,0) size 71x96
          text run at (0,0) width 25: "The"
          text run at (0,16) width 55: "following"
          text run at (0,32) width 22: "two"
          text run at (0,48) width 58: "diagrams"
          text run at (0,64) width 71: "should look"
          text run at (0,80) width 55: "identical."
      RenderBlock {DIV} at (14,110) size 146x48 [color=#008080] [bgcolor=#FFA500] [border: (3px solid #000000)]
        RenderBlock {UL} at (3,3) size 112x42 [bgcolor=#FFFF00]
          RenderListItem {LI} at (0,0) size 112x14
            RenderText {#text} at (108,-1) size 4x16
              text run at (108,-1) width 4: "-"
          RenderListItem {LI} at (0,14) size 84x14 [bgcolor=#00FFFF]
            RenderText {#text} at (80,-1) size 4x16
              text run at (80,-1) width 4: "-"
          RenderListItem {LI} at (0,28) size 112x14
            RenderText {#text} at (108,-1) size 4x16
              text run at (108,-1) width 4: "-"
      RenderBlock {DIV} at (14,172) size 146x48 [bgcolor=#FF0000] [border: (3px solid #000000)]
        RenderBlock {DIV} at (3,3) size 140x14 [border: none (28px solid #FFA500) none (98px solid #FFFF00)]
          RenderBlock {DIV} at (98,0) size 14x14 [border: none (14px solid #008080) none none]
        RenderBlock {DIV} at (3,17) size 140x14 [border: none (28px solid #FFA500) none (70px solid #00FFFF)]
          RenderBlock {DIV} at (70,0) size 42x14 [border: none (28px solid #FFFF00) none (14px solid #008080)]
        RenderBlock {DIV} at (3,31) size 140x14 [border: none (28px solid #FFA500) none (98px solid #FFFF00)]
          RenderBlock {DIV} at (98,0) size 14x14 [border: none (14px solid #008080) none none]
