layer at (0,0) size 218x239
  RenderView at (0,0) size 96x26
layer at (0,0) size 218x239
  RenderBlock {HTML} at (0,0) size 96x239
    RenderBody {BODY} at (8,14) size 80x210
      RenderBlock {P} at (0,0) size 80x80 [color=#000080]
        RenderText {#text} at (0,0) size 60x80
          text run at (0,0) width 25: "The"
          text run at (0,16) width 55: "following"
          text run at (0,32) width 53: "two bars"
          text run at (0,48) width 60: "should be"
          text run at (0,64) width 55: "identical:"
      RenderBlock {DIV} at (15,95) size 195x15
        RenderBlock {P} at (0,0) size 195x15 [color=#00FF00] [bgcolor=#FFFF00]
          RenderText {#text} at (0,-1) size 60x17
            text run at (0,-1) width 60: "xx xx xx "
          RenderInline {SPAN} at (0,0) size 40x17 [color=#FFA500] [bgcolor=#0000FF]
            RenderText {#text} at (0,-1) size 40x17
              text run at (0,-1) width 40: "xx xx "
          RenderText {#text} at (40,-1) size 16x17
            text run at (40,-1) width 16: "xx"
      RenderBlock {DIV} at (15,125) size 50x85
        RenderImage {IMG} at (0,0) size 15x15
        RenderImage {IMG} at (15,0) size 15x15
        RenderImage {IMG} at (30,0) size 15x15
        RenderImage {IMG} at (0,17) size 15x15
        RenderImage {IMG} at (15,17) size 15x15
        RenderImage {IMG} at (30,17) size 15x15
        RenderImage {IMG} at (0,34) size 15x15
        RenderImage {IMG} at (15,34) size 15x15
        RenderImage {IMG} at (30,34) size 15x15
        RenderImage {IMG} at (0,51) size 15x15
        RenderImage {IMG} at (15,51) size 15x15
        RenderImage {IMG} at (30,51) size 15x15
        RenderImage {IMG} at (0,68) size 15x15
        RenderText {#text} at (0,0) size 0x0
