layer at (0,0) size 96x2474
  RenderView at (0,0) size 96x26
layer at (0,0) size 96x2474
  RenderBlock {HTML} at (0,0) size 96x2474
    RenderBody {BODY} at (8,14) size 80x2446
      RenderBlock {P} at (0,0) size 60x1232 [color=#0000FF] [border: (10px double #0000FF) none]
        RenderText {#text} at (0,0) size 66x144
          text run at (0,0) width 27: "This"
          text run at (0,16) width 66: "paragraph"
          text run at (0,32) width 41: "should"
          text run at (0,48) width 31: "have"
          text run at (0,64) width 22: "two"
          text run at (0,80) width 25: "blue"
          text run at (0,96) width 49: "lines on"
          text run at (0,112) width 49: "its right."
          text run at (0,128) width 6: "\x{21E8}"
        RenderInline {SPAN} at (0,0) size 44x1088 [color=#C0C0C0]
          RenderText {#text} at (0,144) size 44x1088
            text run at (0,144) width 44: "dummy"
            text run at (0,160) width 23: "text"
            text run at (0,176) width 44: "dummy"
            text run at (0,192) width 23: "text"
            text run at (0,208) width 44: "dummy"
            text run at (0,224) width 23: "text"
            text run at (0,240) width 44: "dummy"
            text run at (0,256) width 23: "text"
            text run at (0,272) width 44: "dummy"
            text run at (0,288) width 23: "text"
            text run at (0,304) width 44: "dummy"
            text run at (0,320) width 23: "text"
            text run at (0,336) width 44: "dummy"
            text run at (0,352) width 23: "text"
            text run at (0,368) width 44: "dummy"
            text run at (0,384) width 23: "text"
            text run at (0,400) width 44: "dummy"
            text run at (0,416) width 23: "text"
            text run at (0,432) width 44: "dummy"
            text run at (0,448) width 23: "text"
            text run at (0,464) width 44: "dummy"
            text run at (0,480) width 23: "text"
            text run at (0,496) width 44: "dummy"
            text run at (0,512) width 23: "text"
            text run at (0,528) width 44: "dummy"
            text run at (0,544) width 23: "text"
            text run at (0,560) width 44: "dummy"
            text run at (0,576) width 23: "text"
            text run at (0,592) width 44: "dummy"
            text run at (0,608) width 23: "text"
            text run at (0,624) width 44: "dummy"
            text run at (0,640) width 23: "text"
            text run at (0,656) width 44: "dummy"
            text run at (0,672) width 23: "text"
            text run at (0,688) width 44: "dummy"
            text run at (0,704) width 23: "text"
            text run at (0,720) width 44: "dummy"
            text run at (0,736) width 23: "text"
            text run at (0,752) width 44: "dummy"
            text run at (0,768) width 23: "text"
            text run at (0,784) width 44: "dummy"
            text run at (0,800) width 23: "text"
            text run at (0,816) width 44: "dummy"
            text run at (0,832) width 23: "text"
            text run at (0,848) width 44: "dummy"
            text run at (0,864) width 23: "text"
            text run at (0,880) width 44: "dummy"
            text run at (0,896) width 23: "text"
            text run at (0,912) width 44: "dummy"
            text run at (0,928) width 23: "text"
            text run at (0,944) width 44: "dummy"
            text run at (0,960) width 23: "text"
            text run at (0,976) width 44: "dummy"
            text run at (0,992) width 23: "text"
            text run at (0,1008) width 44: "dummy"
            text run at (0,1024) width 23: "text"
            text run at (0,1040) width 44: "dummy"
            text run at (0,1056) width 23: "text"
            text run at (0,1072) width 44: "dummy"
            text run at (0,1088) width 23: "text"
            text run at (0,1104) width 44: "dummy"
            text run at (0,1120) width 23: "text"
            text run at (0,1136) width 44: "dummy"
            text run at (0,1152) width 23: "text"
            text run at (0,1168) width 44: "dummy"
            text run at (0,1184) width 23: "text"
            text run at (0,1200) width 44: "dummy"
            text run at (0,1216) width 23: "text"
        RenderText {#text} at (0,0) size 0x0
      RenderBlock {P} at (0,1246) size 60x1200 [color=#0000FF] [border: (1px solid #0000FF) none]
        RenderText {#text} at (0,0) size 66x112
          text run at (0,0) width 27: "This"
          text run at (0,16) width 66: "paragraph"
          text run at (0,32) width 41: "should"
          text run at (0,48) width 43: "have a"
          text run at (0,64) width 52: "thin blue"
          text run at (0,80) width 42: "line on"
          text run at (0,96) width 59: "its right. \x{21E8}"
        RenderInline {SPAN} at (0,0) size 44x1088 [color=#C0C0C0]
          RenderText {#text} at (0,112) size 44x1088
            text run at (0,112) width 44: "dummy"
            text run at (0,128) width 23: "text"
            text run at (0,144) width 44: "dummy"
            text run at (0,160) width 23: "text"
            text run at (0,176) width 44: "dummy"
            text run at (0,192) width 23: "text"
            text run at (0,208) width 44: "dummy"
            text run at (0,224) width 23: "text"
            text run at (0,240) width 44: "dummy"
            text run at (0,256) width 23: "text"
            text run at (0,272) width 44: "dummy"
            text run at (0,288) width 23: "text"
            text run at (0,304) width 44: "dummy"
            text run at (0,320) width 23: "text"
            text run at (0,336) width 44: "dummy"
            text run at (0,352) width 23: "text"
            text run at (0,368) width 44: "dummy"
            text run at (0,384) width 23: "text"
            text run at (0,400) width 44: "dummy"
            text run at (0,416) width 23: "text"
            text run at (0,432) width 44: "dummy"
            text run at (0,448) width 23: "text"
            text run at (0,464) width 44: "dummy"
            text run at (0,480) width 23: "text"
            text run at (0,496) width 44: "dummy"
            text run at (0,512) width 23: "text"
            text run at (0,528) width 44: "dummy"
            text run at (0,544) width 23: "text"
            text run at (0,560) width 44: "dummy"
            text run at (0,576) width 23: "text"
            text run at (0,592) width 44: "dummy"
            text run at (0,608) width 23: "text"
            text run at (0,624) width 44: "dummy"
            text run at (0,640) width 23: "text"
            text run at (0,656) width 44: "dummy"
            text run at (0,672) width 23: "text"
            text run at (0,688) width 44: "dummy"
            text run at (0,704) width 23: "text"
            text run at (0,720) width 44: "dummy"
            text run at (0,736) width 23: "text"
            text run at (0,752) width 44: "dummy"
            text run at (0,768) width 23: "text"
            text run at (0,784) width 44: "dummy"
            text run at (0,800) width 23: "text"
            text run at (0,816) width 44: "dummy"
            text run at (0,832) width 23: "text"
            text run at (0,848) width 44: "dummy"
            text run at (0,864) width 23: "text"
            text run at (0,880) width 44: "dummy"
            text run at (0,896) width 23: "text"
            text run at (0,912) width 44: "dummy"
            text run at (0,928) width 23: "text"
            text run at (0,944) width 44: "dummy"
            text run at (0,960) width 23: "text"
            text run at (0,976) width 44: "dummy"
            text run at (0,992) width 23: "text"
            text run at (0,1008) width 44: "dummy"
            text run at (0,1024) width 23: "text"
            text run at (0,1040) width 44: "dummy"
            text run at (0,1056) width 23: "text"
            text run at (0,1072) width 44: "dummy"
            text run at (0,1088) width 23: "text"
            text run at (0,1104) width 44: "dummy"
            text run at (0,1120) width 23: "text"
            text run at (0,1136) width 44: "dummy"
            text run at (0,1152) width 23: "text"
            text run at (0,1168) width 44: "dummy"
            text run at (0,1184) width 23: "text"
        RenderText {#text} at (0,0) size 0x0
