layer at (0,0) size 800x829
  RenderView at (0,0) size 800x600
layer at (0,0) size 800x829
  RenderBlock {HTML} at (0,0) size 800x829
    RenderBody {BODY} at (8,14) size 784x807
      RenderBlock {P} at (0,0) size 784x16
        RenderText {#text} at (0,0) size 269x16
          text run at (0,0) width 269: "The two columns below should be identical."
      RenderTable {TABLE} at (0,30) size 158x777
        RenderTableSection {TBODY} at (0,0) size 158x777
          RenderTableRow {TR} at (0,2) size 158x773
            RenderTableCell {TD} at (2,2) size 76x773 [bgcolor=#008080] [border: (3px solid #000000)] [r=0 c=0 rs=1 cs=1]
              RenderBlock {P} at (3,3) size 70x16 [bgcolor=#FFFF00]
                RenderText {#text} at (0,0) size 4x16
                  text run at (0,0) width 4: "-"
              RenderBlock {P} at (3,94) size 70x16 [bgcolor=#FF00FF]
                RenderText {#text} at (0,0) size 4x16
                  text run at (0,0) width 4: "-"
              RenderBlock {P} at (3,110) size 70x16 [bgcolor=#FFFF00]
                RenderText {#text} at (0,0) size 4x16
                  text run at (0,0) width 4: "-"
              RenderBlock {P} at (3,201) size 70x16 [bgcolor=#00FF00]
                RenderText {#text} at (0,0) size 4x16
                  text run at (0,0) width 4: "-"
              RenderBlock {P} at (3,217) size 70x16 [bgcolor=#FFFF00]
                RenderText {#text} at (0,0) size 4x16
                  text run at (0,0) width 4: "-"
              RenderBlock {P} at (3,271) size 70x16 [bgcolor=#FFFFFF]
                RenderText {#text} at (0,0) size 4x16
                  text run at (0,0) width 4: "-"
              RenderBlock {DIV} at (3,324) size 70x90 [bgcolor=#00FFFF]
                RenderBlock {P} at (0,74) size 70x16 [bgcolor=#FFA500]
                  RenderText {#text} at (0,0) size 4x16
                    text run at (0,0) width 4: "-"
              RenderBlock {P} at (3,451) size 70x16 [bgcolor=#FFFF00]
                RenderText {#text} at (0,0) size 4x16
                  text run at (0,0) width 4: "-"
              RenderBlock {P} at (3,467) size 70x91 [bgcolor=#FF00FF]
                RenderText {#text} at (0,0) size 4x16
                  text run at (0,0) width 4: "-"
              RenderBlock {P} at (3,521) size 70x53 [bgcolor=#00FF00]
                RenderText {#text} at (0,37) size 4x16
                  text run at (0,37) width 4: "-"
              RenderBlock (floating) {P} at (3,648) size 35x16 [bgcolor=#FFFFFF]
                RenderText {#text} at (0,0) size 4x16
                  text run at (0,0) width 4: "-"
              RenderBlock {P} at (3,611) size 70x16 [bgcolor=#00FFFF]
                RenderText {#text} at (35,0) size 4x16
                  text run at (35,0) width 4: "-"
              RenderBlock {P} at (3,664) size 70x53 [bgcolor=#FFA500]
                RenderText {#text} at (0,0) size 4x16
                  text run at (0,0) width 4: "-"
              RenderBlock {P} at (3,717) size 70x53 [bgcolor=#FFFF00]
                RenderText {#text} at (0,37) size 4x16
                  text run at (0,37) width 4: "-"
            RenderTableCell {TD} at (80,2) size 76x772 [border: (3px solid #000000)] [r=0 c=1 rs=1 cs=1]
              RenderBlock {DIV} at (3,3) size 70x16 [bgcolor=#FFFF00]
                RenderText {#text} at (0,0) size 4x16
                  text run at (0,0) width 4: "-"
              RenderBlock {DIV} at (3,19) size 70x75 [bgcolor=#008080]
              RenderBlock {DIV} at (3,94) size 70x16 [bgcolor=#FF00FF]
                RenderText {#text} at (0,0) size 4x16
                  text run at (0,0) width 4: "-"
              RenderBlock {DIV} at (3,110) size 70x16 [bgcolor=#FFFF00]
                RenderText {#text} at (0,0) size 4x16
                  text run at (0,0) width 4: "-"
              RenderBlock {DIV} at (3,126) size 70x75 [bgcolor=#008080]
              RenderBlock {DIV} at (3,201) size 70x16 [bgcolor=#00FF00]
                RenderText {#text} at (0,0) size 4x16
                  text run at (0,0) width 4: "-"
              RenderBlock {DIV} at (3,217) size 70x16 [bgcolor=#FFFF00]
                RenderText {#text} at (0,0) size 4x16
                  text run at (0,0) width 4: "-"
              RenderBlock {DIV} at (3,233) size 70x37 [bgcolor=#008080]
              RenderBlock {DIV} at (3,270) size 70x16 [bgcolor=#FFFFFF]
                RenderText {#text} at (0,0) size 4x16
                  text run at (0,0) width 4: "-"
              RenderBlock {DIV} at (3,286) size 70x37 [bgcolor=#008080]
              RenderBlock {DIV} at (3,323) size 70x75 [bgcolor=#00FFFF]
              RenderBlock {DIV} at (3,398) size 70x16 [bgcolor=#FFA500]
                RenderText {#text} at (0,0) size 4x16
                  text run at (0,0) width 4: "-"
              RenderBlock {DIV} at (3,414) size 70x37 [bgcolor=#008080]
              RenderBlock {DIV} at (3,451) size 70x16 [bgcolor=#FFFF00]
                RenderText {#text} at (0,0) size 4x16
                  text run at (0,0) width 4: "-"
              RenderBlock {DIV} at (3,467) size 70x16 [bgcolor=#FF00FF]
                RenderText {#text} at (0,0) size 4x16
                  text run at (0,0) width 4: "-"
              RenderBlock {DIV} at (3,483) size 70x37 [bgcolor=#FF00FF]
              RenderBlock {DIV} at (3,520) size 70x37 [bgcolor=#00FF00]
              RenderBlock {DIV} at (3,557) size 70x16 [bgcolor=#00FF00]
                RenderText {#text} at (0,0) size 4x16
                  text run at (0,0) width 4: "-"
              RenderBlock {DIV} at (3,573) size 70x37 [bgcolor=#008080]
              RenderBlock {DIV} at (3,610) size 70x16 [bgcolor=#00FFFF]
                RenderBlock {DIV} at (35,0) size 35x16
                  RenderText {#text} at (0,0) size 4x16
                    text run at (0,0) width 4: "-"
              RenderBlock {DIV} at (3,663) size 70x16 [bgcolor=#FFA500]
                RenderText {#text} at (0,0) size 4x16
                  text run at (0,0) width 4: "-"
              RenderBlock {DIV} at (3,679) size 70x37 [bgcolor=#FFA500]
              RenderBlock {DIV} at (3,716) size 70x37 [bgcolor=#FFFF00]
              RenderBlock {DIV} at (3,753) size 70x16 [bgcolor=#FFFF00]
                RenderText {#text} at (0,0) size 4x16
                  text run at (0,0) width 4: "-"
layer at (91,672) size 70x37
  RenderBlock (relative positioned) {DIV} at (3,626) size 70x37 [bgcolor=#008080]
layer at (91,693) size 35x16
  RenderBlock (positioned) {DIV} at (0,21) size 35x16 [bgcolor=#FFFFFF]
    RenderText {#text} at (0,0) size 4x16
      text run at (0,0) width 4: "-"
