layer at (0,0) size 800x600
  RenderView at (0,0) size 800x600
layer at (0,0) size 800x105
  RenderBlock {HTML} at (0,0) size 800x105
    RenderBody {BODY} at (8,14) size 784x76
      RenderBlock {P} at (0,0) size 784x16
        RenderText {#text} at (0,0) size 222x16
          text run at (0,0) width 222: "There should be a green bar below:"
      RenderBlock {DIV} at (15,31) size 195x45 [bgcolor=#008000]
        RenderBlock {P} at (0,0) size 195x15 [color=#FFFFFF] [bgcolor=#FFFFFF]
          RenderText {#text} at (0,-1) size 12x17
            text run at (0,-1) width 12: "x "
          RenderInline {SPAN} at (0,0) size 128x17
            RenderText {#text} at (72,-1) size 68x17
              text run at (72,-1) width 68: "xxxx xxxx"
          RenderText {#text} at (140,-1) size 12x17
            text run at (140,-1) width 12: " x"
