layer at (0,0) size 96x99
  RenderView at (0,0) size 96x26
layer at (0,0) size 96x99
  RenderBlock {HTML} at (0,0) size 96x99
    RenderBody {BODY} at (8,8) size 80x83
      RenderBlock {DIV} at (0,0) size 80x83 [color=#000080]
        RenderBlock {DIV} at (0,0) size 80x83 [border: (3px solid #000080) none (3px solid #000080)]
          RenderText {#text} at (3,3) size 69x80
            text run at (3,3) width 53: "This box"
            text run at (3,19) width 60: "should be"
            text run at (3,35) width 32: "open"
            text run at (3,51) width 56: "ended at"
            text run at (3,67) width 69: "the bottom."
