layer at (0,0) size 800x600
  RenderView at (0,0) size 800x600
layer at (0,0) size 800x382
  RenderBlock {HTML} at (0,0) size 800x382
    RenderBody {BODY} at (8,14) size 784x358 [color=#000080]
      RenderBlock {P} at (0,0) size 784x16
        RenderText {#text} at (0,0) size 276x16
          text run at (0,0) width 276: "The five diagrams below should be identical."
      RenderBlock {DIV} at (0,30) size 138x328 [color=#FFA500]
        RenderBlock {P} at (0,0) size 138x58 [bgcolor=#FF0000] [border: (24px solid #FFFF00)]
          RenderImage {IMG} at (24,24) size 10x10
          RenderImage {IMG} at (34,24) size 10x10
          RenderImage {IMG} at (44,24) size 10x10
          RenderImage {IMG} at (54,24) size 10x10
          RenderImage {IMG} at (64,24) size 10x10
          RenderImage {IMG} at (74,24) size 10x10
          RenderImage {IMG} at (84,24) size 10x10
          RenderImage {IMG} at (94,24) size 10x10
          RenderImage {IMG} at (104,24) size 10x10
          RenderText {#text} at (0,0) size 0x0
        RenderBlock {P} at (0,68) size 138x58 [bgcolor=#FFFF00]
          RenderText {#text} at (24,23) size 37x12
            text run at (24,23) width 37: "x x x x x"
        RenderBlock {P} at (0,136) size 138x58 [bgcolor=#FFFF00]
          RenderText {#text} at (24,23) size 37x12
            text run at (24,23) width 37: "x x x x x"
        RenderBlock {P} at (0,204) size 138x58 [bgcolor=#FFFF00]
          RenderText {#text} at (24,23) size 37x12
            text run at (24,23) width 37: "x x x x x"
        RenderBlock {P} at (0,272) size 138x56 [bgcolor=#FFFF00]
          RenderText {#text} at (23,22) size 37x12
            text run at (23,22) width 37: "x x x x x"
