layer at (0,0) size 800x600
  RenderView at (0,0) size 800x600
layer at (0,0) size 800x134
  RenderBlock {HTML} at (0,0) size 800x134
    RenderBody {BODY} at (8,14) size 784x106
      RenderBlock {P} at (0,0) size 784x16
        RenderText {#text} at (0,0) size 268x16
          text run at (0,0) width 268: "The borders below should be as described:"
      RenderBlock {P} at (0,30) size 784x16
        RenderInline {SPAN} at (0,0) size 126x26 [border: (5px dashed #000000)]
          RenderText {#text} at (5,0) size 116x16
            text run at (5,0) width 116: "Black and dashed."
        RenderText {#text} at (0,0) size 0x0
      RenderBlock {P} at (0,60) size 784x16
        RenderInline {SPAN} at (0,0) size 145x26 [border: (5px groove #FFA500)]
          RenderText {#text} at (5,0) size 135x16
            text run at (5,0) width 135: "Orange and grooved."
        RenderText {#text} at (0,0) size 0x0
      RenderBlock {P} at (0,90) size 784x16
        RenderInline {SPAN} at (0,0) size 66x16
          RenderText {#text} at (0,0) size 66x16
            text run at (0,0) width 66: "No border."
        RenderText {#text} at (0,0) size 0x0
