layer at (0,0) size 208x328
  RenderView at (0,0) size 96x26
layer at (0,0) size 208x328
  RenderBlock {HTML} at (0,0) size 96x328
    RenderBody {BODY} at (8,14) size 80x306 [color=#000080]
      RenderBlock {P} at (0,0) size 80x112
        RenderText {#text} at (0,0) size 63x80
          text run at (0,0) width 51: "The five"
          text run at (0,16) width 63: "\"matches\""
          text run at (0,32) width 36: "below"
          text run at (0,48) width 60: "should be"
          text run at (0,64) width 52: "identical"
        RenderInline {STRONG} at (0,0) size 80x32
          RenderText {#text} at (0,80) size 80x32
            text run at (0,80) width 80: "and equally"
            text run at (0,96) width 50: "spaced"
        RenderText {#text} at (50,96) size 3x16
          text run at (50,96) width 3: "."
      RenderBlock {DIV} at (0,126) size 200x180 [color=#FFA500]
        RenderBlock {P} at (0,0) size 200x10 [bgcolor=#A52A2A]
          RenderImage {IMG} at (0,0) size 24x10
          RenderText {#text} at (24,-1) size 5x12
            text run at (24,-1) width 5: "x"
          RenderImage {IMG} at (29,0) size 142x10
          RenderImage {IMG} at (171,0) size 24x10
          RenderText {#text} at (0,0) size 0x0
        RenderBlock {P} at (24,34) size 152x10 [bgcolor=#A52A2A]
          RenderText {#text} at (0,-1) size 5x12
            text run at (0,-1) width 5: "x"
        RenderBlock {P} at (24,68) size 152x10 [bgcolor=#A52A2A]
          RenderText {#text} at (0,-1) size 5x12
            text run at (0,-1) width 5: "x"
        RenderBlock {P} at (24,102) size 152x10 [bgcolor=#A52A2A]
          RenderText {#text} at (0,-1) size 5x12
            text run at (0,-1) width 5: "x"
        RenderBlock {P} at (24,136) size 152x10 [bgcolor=#A52A2A]
          RenderText {#text} at (0,-1) size 5x12
            text run at (0,-1) width 5: "x"
        RenderBlock {P} at (0,170) size 200x10 [bgcolor=#A52A2A]
          RenderImage {IMG} at (0,0) size 24x10
          RenderText {#text} at (24,-1) size 5x12
            text run at (24,-1) width 5: "x"
          RenderImage {IMG} at (29,0) size 142x10
          RenderImage {IMG} at (171,0) size 24x10
          RenderText {#text} at (0,0) size 0x0
