layer at (0,0) size 98x200
  RenderView at (0,0) size 96x26
layer at (0,0) size 98x200
  RenderBlock {HTML} at (0,0) size 96x200
    RenderBody {BODY} at (8,14) size 80x171
      RenderBlock {P} at (0,0) size 80x96
        RenderText {#text} at (0,0) size 72x96
          text run at (0,0) width 38: "There"
          text run at (0,16) width 72: "should be a"
          text run at (0,32) width 62: "small light"
          text run at (0,48) width 37: "green"
          text run at (0,64) width 43: "square"
          text run at (0,80) width 39: "below:"
      RenderBlock {DIV} at (15,111) size 50x60
        RenderBlock {P} at (0,0) size 75x60 [color=#FFFFFF]
          RenderText {#text} at (0,-1) size 16x32
            text run at (0,-1) width 16: "xx"
            text run at (0,14) width 16: "xx"
          RenderInline {SPAN} at (0,0) size 68x17 [color=#00FF00]
            RenderText {#text} at (60,29) size 8x17
              text run at (60,29) width 8: "x"
          RenderText {#text} at (0,44) size 36x17
            text run at (0,44) width 36: "xx xx"
