layer at (0,0) size 104x2458
  RenderView at (0,0) size 96x26
layer at (0,0) size 104x2458
  RenderBlock {HTML} at (0,0) size 96x2458
    RenderBody {BODY} at (8,14) size 80x2430
      RenderBlock {P} at (20,0) size 60x1216 [color=#0000FF] [border: (10px double #0000FF)]
        RenderText {#text} at (10,0) size 66x128
          text run at (10,0) width 37: "\x{21E6} This"
          text run at (10,16) width 66: "paragraph"
          text run at (10,32) width 41: "should"
          text run at (10,48) width 31: "have"
          text run at (10,64) width 22: "two"
          text run at (10,80) width 25: "blue"
          text run at (10,96) width 49: "lines on"
          text run at (10,112) width 40: "its left."
        RenderInline {SPAN} at (0,0) size 44x1088 [color=#C0C0C0]
          RenderText {#text} at (10,128) size 44x1088
            text run at (10,128) width 44: "dummy"
            text run at (10,144) width 23: "text"
            text run at (10,160) width 44: "dummy"
            text run at (10,176) width 23: "text"
            text run at (10,192) width 44: "dummy"
            text run at (10,208) width 23: "text"
            text run at (10,224) width 44: "dummy"
            text run at (10,240) width 23: "text"
            text run at (10,256) width 44: "dummy"
            text run at (10,272) width 23: "text"
            text run at (10,288) width 44: "dummy"
            text run at (10,304) width 23: "text"
            text run at (10,320) width 44: "dummy"
            text run at (10,336) width 23: "text"
            text run at (10,352) width 44: "dummy"
            text run at (10,368) width 23: "text"
            text run at (10,384) width 44: "dummy"
            text run at (10,400) width 23: "text"
            text run at (10,416) width 44: "dummy"
            text run at (10,432) width 23: "text"
            text run at (10,448) width 44: "dummy"
            text run at (10,464) width 23: "text"
            text run at (10,480) width 44: "dummy"
            text run at (10,496) width 23: "text"
            text run at (10,512) width 44: "dummy"
            text run at (10,528) width 23: "text"
            text run at (10,544) width 44: "dummy"
            text run at (10,560) width 23: "text"
            text run at (10,576) width 44: "dummy"
            text run at (10,592) width 23: "text"
            text run at (10,608) width 44: "dummy"
            text run at (10,624) width 23: "text"
            text run at (10,640) width 44: "dummy"
            text run at (10,656) width 23: "text"
            text run at (10,672) width 44: "dummy"
            text run at (10,688) width 23: "text"
            text run at (10,704) width 44: "dummy"
            text run at (10,720) width 23: "text"
            text run at (10,736) width 44: "dummy"
            text run at (10,752) width 23: "text"
            text run at (10,768) width 44: "dummy"
            text run at (10,784) width 23: "text"
            text run at (10,800) width 44: "dummy"
            text run at (10,816) width 23: "text"
            text run at (10,832) width 44: "dummy"
            text run at (10,848) width 23: "text"
            text run at (10,864) width 44: "dummy"
            text run at (10,880) width 23: "text"
            text run at (10,896) width 44: "dummy"
            text run at (10,912) width 23: "text"
            text run at (10,928) width 44: "dummy"
            text run at (10,944) width 23: "text"
            text run at (10,960) width 44: "dummy"
            text run at (10,976) width 23: "text"
            text run at (10,992) width 44: "dummy"
            text run at (10,1008) width 23: "text"
            text run at (10,1024) width 44: "dummy"
            text run at (10,1040) width 23: "text"
            text run at (10,1056) width 44: "dummy"
            text run at (10,1072) width 23: "text"
            text run at (10,1088) width 44: "dummy"
            text run at (10,1104) width 23: "text"
            text run at (10,1120) width 44: "dummy"
            text run at (10,1136) width 23: "text"
            text run at (10,1152) width 44: "dummy"
            text run at (10,1168) width 23: "text"
            text run at (10,1184) width 44: "dummy"
            text run at (10,1200) width 23: "text"
        RenderText {#text} at (0,0) size 0x0
      RenderBlock {P} at (20,1230) size 60x1200 [color=#0000FF] [border: (1px solid #0000FF)]
        RenderText {#text} at (1,0) size 66x112
          text run at (1,0) width 37: "\x{21E6} This"
          text run at (1,16) width 66: "paragraph"
          text run at (1,32) width 41: "should"
          text run at (1,48) width 43: "have a"
          text run at (1,64) width 52: "thin blue"
          text run at (1,80) width 42: "line on"
          text run at (1,96) width 40: "its left."
        RenderInline {SPAN} at (0,0) size 44x1088 [color=#C0C0C0]
          RenderText {#text} at (1,112) size 44x1088
            text run at (1,112) width 44: "dummy"
            text run at (1,128) width 23: "text"
            text run at (1,144) width 44: "dummy"
            text run at (1,160) width 23: "text"
            text run at (1,176) width 44: "dummy"
            text run at (1,192) width 23: "text"
            text run at (1,208) width 44: "dummy"
            text run at (1,224) width 23: "text"
            text run at (1,240) width 44: "dummy"
            text run at (1,256) width 23: "text"
            text run at (1,272) width 44: "dummy"
            text run at (1,288) width 23: "text"
            text run at (1,304) width 44: "dummy"
            text run at (1,320) width 23: "text"
            text run at (1,336) width 44: "dummy"
            text run at (1,352) width 23: "text"
            text run at (1,368) width 44: "dummy"
            text run at (1,384) width 23: "text"
            text run at (1,400) width 44: "dummy"
            text run at (1,416) width 23: "text"
            text run at (1,432) width 44: "dummy"
            text run at (1,448) width 23: "text"
            text run at (1,464) width 44: "dummy"
            text run at (1,480) width 23: "text"
            text run at (1,496) width 44: "dummy"
            text run at (1,512) width 23: "text"
            text run at (1,528) width 44: "dummy"
            text run at (1,544) width 23: "text"
            text run at (1,560) width 44: "dummy"
            text run at (1,576) width 23: "text"
            text run at (1,592) width 44: "dummy"
            text run at (1,608) width 23: "text"
            text run at (1,624) width 44: "dummy"
            text run at (1,640) width 23: "text"
            text run at (1,656) width 44: "dummy"
            text run at (1,672) width 23: "text"
            text run at (1,688) width 44: "dummy"
            text run at (1,704) width 23: "text"
            text run at (1,720) width 44: "dummy"
            text run at (1,736) width 23: "text"
            text run at (1,752) width 44: "dummy"
            text run at (1,768) width 23: "text"
            text run at (1,784) width 44: "dummy"
            text run at (1,800) width 23: "text"
            text run at (1,816) width 44: "dummy"
            text run at (1,832) width 23: "text"
            text run at (1,848) width 44: "dummy"
            text run at (1,864) width 23: "text"
            text run at (1,880) width 44: "dummy"
            text run at (1,896) width 23: "text"
            text run at (1,912) width 44: "dummy"
            text run at (1,928) width 23: "text"
            text run at (1,944) width 44: "dummy"
            text run at (1,960) width 23: "text"
            text run at (1,976) width 44: "dummy"
            text run at (1,992) width 23: "text"
            text run at (1,1008) width 44: "dummy"
            text run at (1,1024) width 23: "text"
            text run at (1,1040) width 44: "dummy"
            text run at (1,1056) width 23: "text"
            text run at (1,1072) width 44: "dummy"
            text run at (1,1088) width 23: "text"
            text run at (1,1104) width 44: "dummy"
            text run at (1,1120) width 23: "text"
            text run at (1,1136) width 44: "dummy"
            text run at (1,1152) width 23: "text"
            text run at (1,1168) width 44: "dummy"
            text run at (1,1184) width 23: "text"
        RenderText {#text} at (0,0) size 0x0
