layer at (0,0) size 800x600
  RenderView at (0,0) size 800x600
layer at (0,0) size 800x268
  RenderBlock {HTML} at (0,0) size 800x268
    RenderBody {BODY} at (8,8) size 784x252
      RenderBlock {DIV} at (0,0) size 784x16
        RenderText {#text} at (0,0) size 341x16
          text run at (0,0) width 341: "The blue bits of text should be decorated as described."
      RenderBlock {P} at (0,30) size 784x192 [color=#C0C0C0]
        RenderText {#text} at (0,0) size 746x48
          text run at (0,0) width 450: "dummy text dummy text dummy text dummy text dummy text dummy text "
          text run at (450,0) width 296: "dummy text dummy text dummy text dummy text"
          text run at (0,16) width 150: "dummy text dummy text "
          text run at (150,16) width 450: "dummy text dummy text dummy text dummy text dummy text dummy text "
          text run at (600,16) width 146: "dummy text dummy text"
          text run at (0,32) width 300: "dummy text dummy text dummy text dummy text "
        RenderInline {SPAN} at (0,0) size 746x32 [color=#0000FF] [border: (10px double #0000FF) none]
          RenderInline {SPAN} at (0,0) size 746x32 [color=#C0C0C0]
            RenderText {#text} at (300,32) size 746x32
              text run at (300,32) width 300: "dummy text dummy text dummy text dummy text "
              text run at (600,32) width 146: "dummy text dummy text"
              text run at (0,48) width 300: "dummy text dummy text dummy text dummy text "
              text run at (300,48) width 146: "dummy text dummy text"
          RenderText {#text} at (446,48) size 128x16
            text run at (446,48) width 128: " two blue lines here: "
        RenderText {#text} at (584,48) size 778x80
          text run at (584,48) width 48: "dummy "
          text run at (632,48) width 146: "text dummy text dummy"
          text run at (0,64) width 300: "text dummy text dummy text dummy text dummy "
          text run at (300,64) width 450: "text dummy text dummy text dummy text dummy text dummy text dummy "
          text run at (750,64) width 23: "text"
          text run at (0,80) width 423: "dummy text dummy text dummy text dummy text dummy text dummy "
          text run at (423,80) width 323: "text dummy text dummy text dummy text dummy text"
          text run at (0,96) width 123: "dummy text dummy "
          text run at (123,96) width 450: "text dummy text dummy text dummy text dummy text dummy text dummy "
          text run at (573,96) width 173: "text dummy text dummy text"
          text run at (0,112) width 273: "dummy text dummy text dummy text dummy "
          text run at (273,112) width 252: "text dummy text dummy text dummy text "
        RenderInline {SPAN} at (0,0) size 147x16 [color=#0000FF] [border: (1px solid #0000FF) none]
          RenderText {#text} at (525,112) size 146x16
            text run at (525,112) width 55: "one thin "
            text run at (580,112) width 91: "blue line here: "
        RenderText {#text} at (672,112) size 746x80
          text run at (672,112) width 71: "dummy text"
          text run at (0,128) width 225: "dummy text dummy text dummy text "
          text run at (225,128) width 450: "dummy text dummy text dummy text dummy text dummy text dummy text "
          text run at (675,128) width 71: "dummy text"
          text run at (0,144) width 375: "dummy text dummy text dummy text dummy text dummy text "
          text run at (375,144) width 371: "dummy text dummy text dummy text dummy text dummy text"
          text run at (0,160) width 75: "dummy text "
          text run at (75,160) width 450: "dummy text dummy text dummy text dummy text dummy text dummy text "
          text run at (525,160) width 221: "dummy text dummy text dummy text"
          text run at (0,176) width 225: "dummy text dummy text dummy text "
          text run at (225,176) width 371: "dummy text dummy text dummy text dummy text dummy text"
      RenderBlock {DIV} at (0,236) size 784x16
        RenderText {#text} at (0,0) size 407x16
          text run at (0,0) width 407: "(All the lines of text in the block above should be equally spaced.)"
