layer at (0,0) size 96x86
  RenderView at (0,0) size 96x26
layer at (0,0) size 96x86
  RenderBlock {HTML} at (0,0) size 96x86
    RenderBody {BODY} at (8,8) size 80x70
      RenderBlock {DIV} at (0,0) size 80x70
        RenderBlock {DIV} at (0,0) size 80x70 [color=#008000] [border: (3px solid #008000) (15px solid #008000)]
          RenderText {#text} at (15,3) size 61x64
            text run at (15,3) width 38: "There"
            text run at (15,19) width 60: "should be"
            text run at (15,35) width 61: "no red on"
            text run at (15,51) width 61: "this page."
