layer at (0,0) size 800x600
  RenderView at (0,0) size 800x600
layer at (0,0) size 800x107
  RenderBlock {HTML} at (0,0) size 800x107
    RenderBody {BODY} at (8,14) size 784x78
      RenderBlock {P} at (0,0) size 784x16 [color=#000080]
        RenderText {#text} at (0,0) size 264x16
          text run at (0,0) width 264: "The following two bars should be identical:"
      RenderBlock {DIV} at (15,31) size 180x15
        RenderBlock {P} at (0,0) size 180x15 [color=#00FF00] [bgcolor=#FFFF00]
          RenderText {#text} at (0,-1) size 20x17
            text run at (0,-1) width 20: "xx "
          RenderInline {SPAN} at (0,0) size 60x17 [color=#FFA500] [bgcolor=#0000FF]
            RenderText {#text} at (20,-1) size 60x17
              text run at (20,-1) width 60: "xx xx xx "
          RenderText {#text} at (20,-1) size 16x17
            text run at (20,-1) width 16: "xx"
      RenderBlock {DIV} at (15,61) size 754x17
        RenderImage {IMG} at (0,0) size 15x15
        RenderImage {IMG} at (15,0) size 15x15
        RenderImage {IMG} at (30,0) size 15x15
        RenderImage {IMG} at (45,0) size 15x15
        RenderImage {IMG} at (60,0) size 15x15
        RenderImage {IMG} at (75,0) size 15x15
        RenderImage {IMG} at (90,0) size 15x15
        RenderImage {IMG} at (105,0) size 15x15
        RenderImage {IMG} at (120,0) size 15x15
        RenderImage {IMG} at (135,0) size 15x15
        RenderImage {IMG} at (150,0) size 15x15
        RenderImage {IMG} at (165,0) size 15x15
        RenderText {#text} at (0,0) size 0x0
