layer at (0,0) size 800x600
  RenderView at (0,0) size 800x600
layer at (0,0) size 800x216
  RenderBlock {HTML} at (0,0) size 800x216
    RenderBody {BODY} at (8,14) size 784x188 [color=#0000FF]
      RenderBlock {P} at (0,0) size 784x32
        RenderText {#text} at (0,14) size 473x16
          text run at (0,14) width 473: "There should be a solid blue line to the left of every occurance of the word \""
        RenderInline {SPAN} at (0,0) size 109x30 [border: (2px solid #0000FF)]
          RenderText {#text} at (475,1) size 107x30
            text run at (475,1) width 107: "\x{21E6}THERE"
        RenderText {#text} at (582,14) size 8x16
          text run at (582,14) width 8: "\"."
      RenderTable {TABLE} at (0,46) size 236x112
        RenderTableSection {TBODY} at (0,0) size 236x112
          RenderTableRow {TR} at (0,2) size 236x34
            RenderTableCell {TD} at (2,2) size 232x34 [border: none (2px solid #0000FF)] [r=0 c=0 rs=1 cs=2]
              RenderText {#text} at (3,2) size 107x30
                text run at (3,2) width 107: "\x{21E6}THERE"
          RenderTableRow {TR} at (0,38) size 236x72
            RenderTableCell {TD} at (2,57) size 111x34 [border: none (2px solid #0000FF)] [r=1 c=0 rs=1 cs=1]
              RenderText {#text} at (3,2) size 107x30
                text run at (3,2) width 107: "\x{21E6}THERE"
            RenderTableCell {TD} at (115,38) size 119x72 [border: none (2px solid #0000FF)] [r=1 c=1 rs=1 cs=1]
              RenderBlock (anonymous) at (3,1) size 115x32
                RenderText {#text} at (0,1) size 107x30
                  text run at (0,1) width 107: "\x{21E6}THERE"
              RenderTable {TABLE} at (3,33) size 115x38
                RenderTableSection {TBODY} at (0,0) size 115x38
                  RenderTableRow {TR} at (0,2) size 115x34
                    RenderTableCell {TD} at (2,2) size 111x34 [border: none (2px solid #0000FF)] [r=0 c=0 rs=1 cs=1]
                      RenderText {#text} at (3,2) size 107x30
                        text run at (3,2) width 107: "\x{21E6}THERE"
      RenderBlock {P} at (0,172) size 784x16
        RenderText {#text} at (0,0) size 336x16
          text run at (0,0) width 336: "There should be 3 short lines and 2 long lines in total."
