layer at (0,0) size 800x600
  RenderView at (0,0) size 800x600
layer at (0,0) size 800x112
  RenderBlock {HTML} at (0,0) size 800x112
    RenderBody {BODY} at (8,14) size 784x84
      RenderBlock {P} at (0,0) size 784x16
        RenderText {#text} at (0,0) size 236x16
          text run at (0,0) width 236: "The next two bars should be identical:"
      RenderBlock {DIV} at (14,30) size 118x20 [border: (3px solid #000000)]
        RenderBlock {P} at (3,3) size 112x14 [color=#FFA500] [bgcolor=#FFFF00]
          RenderText {#text} at (0,-1) size 36x16
            text run at (0,-1) width 36: "TEST"
      RenderBlock {DIV} at (14,64) size 118x20 [bgcolor=#FF0000] [border: (3px solid #000000)]
        RenderImage {IMG} at (3,3) size 56x14
        RenderImage {IMG} at (59,3) size 56x14
        RenderText {#text} at (0,0) size 0x0
