layer at (0,0) size 568x528
  RenderView at (0,0) size 96x26
layer at (0,0) size 568x528
  RenderBlock {HTML} at (0,0) size 96x528
    RenderBody {BODY} at (8,14) size 80x500
      RenderBlock {P} at (0,0) size 80x80
        RenderText {#text} at (0,0) size 60x80
          text run at (0,0) width 51: "The two"
          text run at (0,16) width 58: "diagrams"
          text run at (0,32) width 36: "below"
          text run at (0,48) width 60: "should be"
          text run at (0,64) width 55: "identical."
      RenderBlock {DIV} at (0,94) size 80x406
        RenderBlock {P} at (40,0) size 520x40 [color=#0000FF] [bgcolor=#00FFFF] [border: none (40px solid #FF00FF) none (40px solid #FF00FF)]
          RenderText {#text} at (80,-1) size 179x42
            text run at (80,-1) width 179: "X X X X X"
        RenderBlock {P} at (0,54) size 80x352
          RenderBlock (anonymous) at (0,0) size 80x0
            RenderInline {OBJECT} at (0,0) size 0x0
              RenderText {#text} at (0,0) size 0x0
          RenderBlock (anonymous) at (0,0) size 80x352
            RenderBlock {P} at (0,0) size 80x352
              RenderText {#text} at (0,0) size 80x352
                text run at (0,0) width 80: "The diagram"
                text run at (0,16) width 38: "above"
                text run at (0,32) width 79: "should be as"
                text run at (0,48) width 61: "described"
                text run at (0,64) width 80: "here: A 40px"
                text run at (0,80) width 37: "white "
                text run at (37,80) width 43: "square"
                text run at (0,96) width 64: "(which will"
                text run at (0,112) width 76: "appear as a"
                text run at (0,128) width 74: "40px indent"
                text run at (0,144) width 75: "from the left"
                text run at (0,160) width 55: "margin), "
                text run at (55,160) width 8: "a"
                text run at (0,176) width 79: "40px fuchsia"
                text run at (0,192) width 67: "square, six"
                text run at (0,208) width 66: "40px aqua"
                text run at (0,224) width 50: "squares"
                text run at (0,240) width 64: "separated"
                text run at (0,256) width 44: "by five "
                text run at (44,256) width 31: "40px"
                text run at (0,272) width 25: "blue"
                text run at (0,288) width 53: "squares,"
                text run at (0,304) width 66: "and a final"
                text run at (0,320) width 44: "fuchsia"
                text run at (0,336) width 46: "square."
          RenderBlock (anonymous) at (0,366) size 80x0
            RenderInline {OBJECT} at (0,0) size 0x0
            RenderText {#text} at (0,0) size 0x0
