layer at (0,0) size 800x600
  RenderView at (0,0) size 800x600
layer at (0,0) size 800x104
  RenderBlock {HTML} at (0,0) size 800x104
    RenderBody {BODY} at (8,14) size 784x76
      RenderBlock {P} at (0,0) size 784x16
        RenderText {#text} at (0,0) size 232x16
          text run at (0,0) width 232: "There should be no red on this page:"
      RenderBlock {P} at (0,30) size 784x16 [color=#FF0000]
        RenderText {#text} at (0,0) size 4x16
          text run at (0,0) width 4: " "
      RenderBlock {P} at (0,60) size 784x16 [color=#FF0000]
        RenderText {#text} at (0,0) size 4x16
          text run at (0,0) width 4: " "
