layer at (0,0) size 800x600
  RenderView at (0,0) size 800x600
layer at (0,0) size 800x50
  RenderBlock {HTML} at (0,0) size 800x50
    RenderBody {BODY} at (8,8) size 784x34
      RenderBlock {DIV} at (0,0) size 784x34
        RenderBlock {DIV} at (0,0) size 784x34 [color=#008000] [border: (3px solid #008000) (15px solid #008000) (3px solid #008000)]
          RenderText {#text} at (3,3) size 232x16
            text run at (3,3) width 232: "There should be no red on this page."
