layer at (0,0) size 800x600
  RenderView at (0,0) size 800x600
layer at (0,0) size 800x104
  RenderBlock {HTML} at (0,0) size 800x104
    RenderBody {BODY} at (8,14) size 784x76
      RenderBlock {P} at (0,0) size 784x16
        RenderText {#text} at (0,0) size 236x16
          text run at (0,0) width 236: "The next two bars should be identical:"
      RenderBlock {DIV} at (14,30) size 168x16 [color=#FFFF00] [bgcolor=#000080]
        RenderText {#text} at (0,0) size 36x16
          text run at (0,0) width 36: "TEST"
      RenderBlock {DIV} at (14,60) size 168x16 [color=#FFFF00] [bgcolor=#000080]
        RenderText {#text} at (0,0) size 36x16
          text run at (0,0) width 36: "TEST"
