layer at (0,0) size 800x600
  RenderView at (0,0) size 800x600
layer at (0,0) size 800x260
  RenderBlock {HTML} at (0,0) size 800x260
    RenderBody {BODY} at (8,14) size 784x232 [color=#0000FF]
      RenderBlock {P} at (0,0) size 784x32
        RenderText {#text} at (0,0) size 488x16
          text run at (0,0) width 488: "There should be a solid blue line directly under every occurrence of the word \""
        RenderInline {SPAN} at (0,0) size 48x18 [border: (2px solid #0000FF) none]
          RenderText {#text} at (488,0) size 48x16
            text run at (488,0) width 48: "HERE \x{21E9}"
        RenderText {#text} at (536,0) size 765x32
          text run at (536,0) width 229: "\". (So there should be 8 blue lines on"
          text run at (0,16) width 66: "this page.)"
      RenderTable {TABLE} at (0,46) size 112x70
        RenderTableSection {TBODY} at (0,0) size 112x70
          RenderTableRow {TR} at (0,2) size 112x20
            RenderTableCell {TD} at (2,2) size 108x20 [border: none (2px solid #0000FF) none] [r=0 c=0 rs=1 cs=2]
              RenderText {#text} at (30,1) size 48x16
                text run at (30,1) width 48: "HERE \x{21E9}"
          RenderTableRow {TR} at (0,24) size 112x44
            RenderTableCell {TD} at (2,36) size 50x20 [border: none (2px solid #0000FF) none] [r=1 c=0 rs=1 cs=1]
              RenderText {#text} at (1,1) size 48x16
                text run at (1,1) width 48: "HERE \x{21E9}"
            RenderTableCell {TD} at (54,24) size 56x44 [border: none (2px solid #0000FF) none] [r=1 c=1 rs=1 cs=1]
              RenderTable {TABLE} at (1,1) size 54x24
                RenderTableSection {TBODY} at (0,0) size 54x24
                  RenderTableRow {TR} at (0,2) size 54x20
                    RenderTableCell {TD} at (2,2) size 50x20 [border: none (2px solid #0000FF) none] [r=0 c=0 rs=1 cs=1]
                      RenderText {#text} at (1,1) size 48x16
                        text run at (1,1) width 48: "HERE \x{21E9}"
              RenderBlock (anonymous) at (1,25) size 54x16
                RenderText {#text} at (3,0) size 48x16
                  text run at (3,0) width 48: "HERE \x{21E9}"
      RenderBlock {UL} at (0,130) size 784x102
        RenderListItem {LI} at (40,0) size 744x66 [border: (2px solid #0000FF) none]
          RenderBlock {UL} at (0,0) size 744x48
            RenderListItem {LI} at (40,0) size 704x16
              RenderListMarker at (-56,0) size 6x16: bullet
              RenderListMarker at (-16,0) size 6x16: white bullet
              RenderText {#text} at (0,0) size 71x16
                text run at (0,0) width 71: "dummy text"
            RenderListItem {LI} at (40,16) size 704x16
              RenderListMarker at (-16,0) size 6x16: white bullet
              RenderText {#text} at (0,0) size 71x16
                text run at (0,0) width 71: "dummy text"
            RenderListItem {LI} at (40,32) size 704x16
              RenderListMarker at (-16,0) size 6x16: white bullet
              RenderText {#text} at (0,0) size 71x16
                text run at (0,0) width 71: "dummy text"
          RenderBlock (anonymous) at (0,48) size 744x16
            RenderText {#text} at (0,0) size 48x16
              text run at (0,0) width 48: "HERE \x{21E9}"
        RenderListItem {LI} at (40,66) size 744x18 [border: (2px solid #0000FF) none]
          RenderListMarker at (-16,0) size 6x16: bullet
          RenderText {#text} at (0,0) size 48x16
            text run at (0,0) width 48: "HERE \x{21E9}"
        RenderListItem {LI} at (40,84) size 744x18 [border: (2px solid #0000FF) none]
          RenderListMarker at (-16,0) size 6x16: bullet
          RenderText {#text} at (0,0) size 48x16
            text run at (0,0) width 48: "HERE \x{21E9}"
