layer at (0,0) size 800x600
  RenderView at (0,0) size 800x600
layer at (0,0) size 800x74
  RenderBlock {HTML} at (0,0) size 800x74
    RenderBody {BODY} at (8,14) size 784x46
      RenderBlock {P} at (0,0) size 784x16
        RenderInline {SPAN} at (0,0) size 222x18 [border: (1px solid #000000)]
          RenderText {#text} at (1,0) size 220x16
            text run at (1,0) width 220: "This box should have a thin border."
        RenderText {#text} at (0,0) size 0x0
      RenderBlock {P} at (0,30) size 784x16
        RenderText {#text} at (0,0) size 226x16
          text run at (0,0) width 226: "There should be no red on this line. "
        RenderInline {SPAN} at (0,0) size 12x16 [color=#FF0000]
          RenderText {#text} at (226,0) size 12x16
            text run at (226,0) width 12: "   "
        RenderText {#text} at (0,0) size 0x0
