layer at (0,0) size 800x600
  RenderView at (0,0) size 800x600
layer at (0,0) size 800x152
  RenderBlock {HTML} at (0,0) size 800x152
    RenderBody {BODY} at (8,14) size 784x124
      RenderBlock {P} at (0,0) size 784x16
        RenderText {#text} at (0,0) size 446x16
          text run at (0,0) width 446: "The three boxes below should have progressively thinner right borders."
      RenderBlock {P} at (0,30) size 784x22 [border: (3px solid #000000) (5px solid #000000) (3px solid #000000)]
        RenderText {#text} at (3,3) size 9x16
          text run at (3,3) width 9: "A"
      RenderBlock {P} at (0,66) size 784x22 [border: (3px solid #000000)]
        RenderText {#text} at (3,3) size 9x16
          text run at (3,3) width 9: "B"
      RenderBlock {P} at (0,102) size 784x22 [border: (3px solid #000000) (1px solid #000000) (3px solid #000000)]
        RenderText {#text} at (3,3) size 10x16
          text run at (3,3) width 10: "C"
