layer at (0,0) size 99x184
  RenderView at (0,0) size 96x26
layer at (0,0) size 99x184
  RenderBlock {HTML} at (0,0) size 96x184
    RenderBody {BODY} at (8,14) size 80x155
      RenderBlock {P} at (0,0) size 80x80
        RenderText {#text} at (0,0) size 72x80
          text run at (0,0) width 38: "There"
          text run at (0,16) width 72: "should be a"
          text run at (0,32) width 37: "green"
          text run at (0,48) width 43: "square"
          text run at (0,64) width 39: "below:"
      RenderBlock {DIV} at (15,95) size 50x60
        RenderBlock {DIV} at (0,0) size 75x60 [bgcolor=#FF0000]
          RenderBlock {P} at (0,0) size 75x45 [color=#FFFFFF] [bgcolor=#FFFFFF]
            RenderText {#text} at (0,-1) size 40x17
              text run at (0,-1) width 40: "xx xx "
            RenderInline {SPAN} at (0,0) size 76x32 [color=#008000]
              RenderText {#text} at (40,-1) size 56x32
                text run at (40,-1) width 16: "xx"
                text run at (0,14) width 16: "xx"
            RenderText {#text} at (0,29) size 36x17
              text run at (0,29) width 36: "xx xx"
