layer at (0,0) size 113x245
  RenderView at (0,0) size 96x26
layer at (0,0) size 113x245
  RenderBlock {HTML} at (0,0) size 96x245
    RenderBody {BODY} at (8,14) size 80x203
      RenderBlock {P} at (0,0) size 80x80 [color=#000080]
        RenderText {#text} at (0,0) size 60x80
          text run at (0,0) width 51: "The two"
          text run at (0,16) width 44: "sweets"
          text run at (0,32) width 36: "below"
          text run at (0,48) width 60: "should be"
          text run at (0,64) width 55: "identical:"
      RenderBlock {DIV} at (0,110) size 105x15 [bgcolor=#FF0000]
        RenderBlock {P} at (0,0) size 105x15 [color=#008000] [bgcolor=#00FF00]
          RenderText {#text} at (0,-1) size 12x17
            text run at (0,-1) width 12: "x "
          RenderInline {SPAN} at (0,0) size 38x47 [color=#FFFF00] [bgcolor=#FFA500]
            RenderText {#text} at (27,-1) size 8x17
              text run at (27,-1) width 8: "x"
          RenderText {#text} at (50,-1) size 12x17
            text run at (50,-1) width 12: " x"
      RenderBlock {DIV} at (0,155) size 80x48
        RenderImage {IMG} at (0,0) size 105x45
