layer at (0,0) size 800x600
  RenderView at (0,0) size 800x600
layer at (0,0) size 800x92
  RenderBlock {HTML} at (0,0) size 800x92
    RenderBody {BODY} at (8,14) size 784x70
      RenderBlock {P} at (0,0) size 784x16
        RenderText {#text} at (0,0) size 222x16
          text run at (0,0) width 222: "There should be a green bar below:"
      RenderBlock {DIV} at (0,30) size 120x40 [color=#FFFFFF]
        RenderText {#text} at (0,-1) size 50x22
          text run at (0,-1) width 50: "xx xx "
        RenderInline {SPAN} at (0,0) size 20x42 [bgcolor=#FF0000]
          RenderText {#text} at (50,-1) size 20x22
            text run at (50,-1) width 20: "xx"
        RenderText {#text} at (70,-1) size 30x22
          text run at (70,-1) width 30: " xx "
        RenderInline {SPAN} at (0,0) size 20x22 [color=#008000]
          RenderText {#text} at (100,-1) size 20x22
            text run at (100,-1) width 20: "xx"
        RenderText {#text} at (0,19) size 20x22
          text run at (0,19) width 20: "xx"
