layer at (0,0) size 800x600
  RenderView at (0,0) size 800x600
layer at (0,0) size 800x252
  RenderBlock {HTML} at (0,0) size 800x252
    RenderBody {BODY} at (8,14) size 784x224
      RenderBlock {P} at (0,0) size 784x224 [color=#000080]
        RenderImage {IMG} at (0,0) size 50x50
        RenderText {#text} at (50,0) size 310x16
          text run at (50,0) width 310: "\x{21E6} This text should flow around the box on the left. "
        RenderInline {SPAN} at (0,0) size 779x224 [color=#C0C0C0]
          RenderText {#text} at (360,0) size 779x224
            text run at (360,0) width 419: "dummy text dummy text dummy text dummy text dummy text dummy"
            text run at (50,16) width 450: "text dummy text dummy text dummy text dummy text dummy text dummy "
            text run at (500,16) width 248: "text dummy text dummy text dummy text"
            text run at (50,32) width 198: "dummy text dummy text dummy "
            text run at (248,32) width 450: "text dummy text dummy text dummy text dummy text dummy text dummy "
            text run at (698,32) width 71: "text dummy"
            text run at (50,48) width 375: "text dummy text dummy text dummy text dummy text dummy "
            text run at (425,48) width 323: "text dummy text dummy text dummy text dummy text"
            text run at (0,64) width 123: "dummy text dummy "
            text run at (123,64) width 450: "text dummy text dummy text dummy text dummy text dummy text dummy "
            text run at (573,64) width 173: "text dummy text dummy text"
            text run at (0,80) width 273: "dummy text dummy text dummy text dummy "
            text run at (273,80) width 450: "text dummy text dummy text dummy text dummy text dummy text dummy "
            text run at (723,80) width 23: "text"
            text run at (0,96) width 423: "dummy text dummy text dummy text dummy text dummy text dummy "
            text run at (423,96) width 323: "text dummy text dummy text dummy text dummy text"
            text run at (0,112) width 123: "dummy text dummy "
            text run at (123,112) width 450: "text dummy text dummy text dummy text dummy text dummy text dummy "
            text run at (573,112) width 173: "text dummy text dummy text"
            text run at (0,128) width 273: "dummy text dummy text dummy text dummy "
            text run at (273,128) width 450: "text dummy text dummy text dummy text dummy text dummy text dummy "
            text run at (723,128) width 23: "text"
            text run at (0,144) width 423: "dummy text dummy text dummy text dummy text dummy text dummy "
            text run at (423,144) width 323: "text dummy text dummy text dummy text dummy text"
            text run at (0,160) width 123: "dummy text dummy "
            text run at (123,160) width 450: "text dummy text dummy text dummy text dummy text dummy text dummy "
            text run at (573,160) width 173: "text dummy text dummy text"
            text run at (0,176) width 273: "dummy text dummy text dummy text dummy "
            text run at (273,176) width 450: "text dummy text dummy text dummy text dummy text dummy text dummy "
            text run at (723,176) width 23: "text"
            text run at (0,192) width 423: "dummy text dummy text dummy text dummy text dummy text dummy "
            text run at (423,192) width 323: "text dummy text dummy text dummy text dummy text"
            text run at (0,208) width 71: "dummy text"
        RenderText {#text} at (0,0) size 0x0
