layer at (0,0) size 800x755
  RenderView at (0,0) size 800x600
layer at (0,0) size 800x755
  RenderBlock {HTML} at (0,0) size 800x755
    RenderBody {BODY} at (8,28) size 784x699
      RenderBlock {P} at (28,0) size 728x74 [color=#000080]
        RenderText {#text} at (0,0) size 702x73
          text run at (0,0) width 702: "\x{21E9} The following blue box should be exactly half the width"
          text run at (0,37) width 614: "of the viewport, on the left of the 50% ruler mark."
      RenderBlock (floating) {DIV} at (0,102) size 392x456 [color=#FFFFFF] [bgcolor=#0000FF]
        RenderText {#text} at (0,0) size 392x456
          text run at (0,0) width 392: "ignore this float text ignore this float text"
          text run at (0,19) width 156: "ignore this float "
          text run at (156,19) width 236: "text ignore this float text"
          text run at (0,38) width 302: "ignore this float text ignore this "
          text run at (302,38) width 90: "float text"
          text run at (0,57) width 392: "ignore this float text ignore this float text"
          text run at (0,76) width 62: "ignore "
          text run at (62,76) width 330: "this float text ignore this float text"
          text run at (0,95) width 199: "ignore this float text "
          text run at (199,95) width 193: "ignore this float text"
          text run at (0,114) width 356: "ignore this float text ignore this float "
          text run at (356,114) width 36: "text"
          text run at (0,133) width 392: "ignore this float text ignore this float text"
          text run at (0,152) width 102: "ignore this "
          text run at (102,152) width 290: "float text ignore this float text"
          text run at (0,171) width 262: "ignore this float text ignore "
          text run at (262,171) width 130: "this float text"
          text run at (0,190) width 392: "ignore this float text ignore this float text"
          text run at (0,209) width 392: "ignore this float text ignore this float text"
          text run at (0,228) width 156: "ignore this float "
          text run at (156,228) width 236: "text ignore this float text"
          text run at (0,247) width 302: "ignore this float text ignore this "
          text run at (302,247) width 90: "float text"
          text run at (0,266) width 392: "ignore this float text ignore this float text"
          text run at (0,285) width 62: "ignore "
          text run at (62,285) width 330: "this float text ignore this float text"
          text run at (0,304) width 199: "ignore this float text "
          text run at (199,304) width 193: "ignore this float text"
          text run at (0,323) width 356: "ignore this float text ignore this float "
          text run at (356,323) width 36: "text"
          text run at (0,342) width 392: "ignore this float text ignore this float text"
          text run at (0,361) width 102: "ignore this "
          text run at (102,361) width 290: "float text ignore this float text"
          text run at (0,380) width 262: "ignore this float text ignore "
          text run at (262,380) width 130: "this float text"
          text run at (0,399) width 392: "ignore this float text ignore this float text"
          text run at (0,418) width 392: "ignore this float text ignore this float text"
          text run at (0,437) width 141: "ignore this float"
      RenderBlock {DIV} at (0,102) size 784x532 [color=#C0C0C0]
        RenderText {#text} at (392,0) size 784x532
          text run at (392,0) width 392: "this is some dummy text this is some dummy text this is some"
          text run at (392,19) width 51: "dummy "
          text run at (443,19) width 341: "text this is some dummy text this is some dummy text"
          text run at (392,38) width 79: "this is some "
          text run at (471,38) width 313: "dummy text this is some dummy text this is some"
          text run at (392,57) width 119: "dummy text this is "
          text run at (511,57) width 273: "some dummy text this is some dummy text"
          text run at (392,76) width 158: "this is some dummy text "
          text run at (550,76) width 234: "this is some dummy text this is some"
          text run at (392,95) width 210: "dummy text this is some dummy "
          text run at (602,95) width 182: "text this is some dummy text"
          text run at (392,114) width 238: "this is some dummy text this is some "
          text run at (630,114) width 154: "dummy text this is some"
          text run at (392,133) width 278: "dummy text this is some dummy text this is "
          text run at (670,133) width 114: "some dummy text"
          text run at (392,152) width 316: "this is some dummy text this is some dummy text "
          text run at (708,152) width 76: "this is some"
          text run at (392,171) width 369: "dummy text this is some dummy text this is some dummy "
          text run at (761,171) width 23: "text"
          text run at (392,190) width 392: "this is some dummy text this is some dummy text this is some"
          text run at (392,209) width 392: "dummy text this is some dummy text this is some dummy text"
          text run at (392,228) width 40: "this is "
          text run at (432,228) width 352: "some dummy text this is some dummy text this is some"
          text run at (392,247) width 78: "dummy text "
          text run at (470,247) width 314: "this is some dummy text this is some dummy text"
          text run at (392,266) width 131: "this is some dummy "
          text run at (523,266) width 261: "text this is some dummy text this is some"
          text run at (392,285) width 158: "dummy text this is some "
          text run at (550,285) width 234: "dummy text this is some dummy text"
          text run at (392,304) width 198: "this is some dummy text this is "
          text run at (590,304) width 194: "some dummy text this is some"
          text run at (392,323) width 237: "dummy text this is some dummy text "
          text run at (629,323) width 155: "this is some dummy text"
          text run at (392,342) width 289: "this is some dummy text this is some dummy "
          text run at (681,342) width 103: "text this is some"
          text run at (392,361) width 317: "dummy text this is some dummy text this is some "
          text run at (709,361) width 75: "dummy text"
          text run at (392,380) width 357: "this is some dummy text this is some dummy text this is "
          text run at (749,380) width 35: "some"
          text run at (392,399) width 392: "dummy text this is some dummy text this is some dummy text"
          text run at (392,418) width 392: "this is some dummy text this is some dummy text this is some"
          text run at (392,437) width 51: "dummy "
          text run at (443,437) width 341: "text this is some dummy text this is some dummy text"
          text run at (0,456) width 79: "this is some "
          text run at (79,456) width 434: "dummy text this is some dummy text this is some dummy text this is "
          text run at (513,456) width 271: "some dummy text this is some dummy text"
          text run at (0,475) width 157: "this is some dummy text "
          text run at (157,475) width 446: "this is some dummy text this is some dummy text this is some dummy "
          text run at (603,475) width 181: "text this is some dummy text"
          text run at (0,494) width 237: "this is some dummy text this is some "
          text run at (237,494) width 433: "dummy text this is some dummy text this is some dummy text this is "
          text run at (670,494) width 114: "some dummy text"
          text run at (0,513) width 153: "this is some dummy text"
      RenderBlock {P} at (28,662) size 728x37 [color=#000080]
        RenderText {#text} at (42,0) size 686x36
          text run at (42,0) width 679: "The above gray text should flow around the blue box. "
          text run at (721,0) width 7: "\x{21E7}"
