layer at (0,0) size 96x3128
  RenderView at (0,0) size 96x26
layer at (0,0) size 96x8
  RenderBlock {HTML} at (0,0) size 96x8
    RenderBody {BODY} at (8,8) size 80x0
      RenderBlock (floating) {DIV} at (0,0) size 60x3120 [color=#FFFFFF] [bgcolor=#000080]
        RenderBlock (floating) {DIV} at (13,0) size 30x496 [color=#00FFFF] [bgcolor=#008080]
          RenderBlock {P} at (0,0) size 30x496
            RenderText {#text} at (0,0) size 61x496
              text run at (0,0) width 17: "To"
              text run at (0,16) width 20: "the"
              text run at (0,32) width 28: "right"
              text run at (0,48) width 12: "of"
              text run at (0,64) width 22: "this"
              text run at (0,80) width 23: "teal"
              text run at (0,96) width 22: "box"
              text run at (0,112) width 33: "there"
              text run at (0,128) width 41: "should"
              text run at (0,144) width 30: "be a"
              text run at (0,160) width 39: "purple"
              text run at (0,176) width 46: "square,"
              text run at (0,192) width 37: "tightly"
              text run at (0,208) width 61: "squeezed"
              text run at (0,224) width 11: "in"
              text run at (0,240) width 53: "between"
              text run at (0,256) width 20: "the"
              text run at (0,272) width 32: "edge"
              text run at (0,288) width 12: "of"
              text run at (0,304) width 20: "the"
              text run at (0,320) width 23: "teal"
              text run at (0,336) width 22: "box"
              text run at (0,352) width 24: "and"
              text run at (0,368) width 20: "the"
              text run at (0,384) width 45: "outside"
              text run at (0,400) width 32: "edge"
              text run at (0,416) width 12: "of"
              text run at (0,432) width 20: "the"
              text run at (0,448) width 25: "blue"
              text run at (0,464) width 35: "block."
              text run at (0,480) width 6: "\x{21E8}"
        RenderBlock {P} at (0,0) size 60x3120
          RenderText {#text} at (0,496) size 60x128
            text run at (0,496) width 38: "Inside"
            text run at (0,512) width 60: "this blue"
            text run at (0,528) width 60: "block on"
            text run at (0,544) width 60: "the right"
            text run at (0,560) width 33: "there"
            text run at (0,576) width 60: "should be"
            text run at (0,592) width 60: "a teal"
            text run at (0,608) width 60: "box. \x{21E8}"
          RenderInline {SPAN} at (0,0) size 29x2496 [color=#000080]
            RenderText {#text} at (0,624) size 29x2496
              text run at (0,624) width 29: "FAIL"
              text run at (0,640) width 29: "FAIL"
              text run at (0,656) width 29: "FAIL"
              text run at (0,672) width 29: "FAIL"
              text run at (0,688) width 29: "FAIL"
              text run at (0,704) width 29: "FAIL"
              text run at (0,720) width 29: "FAIL"
              text run at (0,736) width 29: "FAIL"
              text run at (0,752) width 29: "FAIL"
              text run at (0,768) width 29: "FAIL"
              text run at (0,784) width 29: "FAIL"
              text run at (0,800) width 29: "FAIL"
              text run at (0,816) width 29: "FAIL"
              text run at (0,832) width 29: "FAIL"
              text run at (0,848) width 29: "FAIL"
              text run at (0,864) width 29: "FAIL"
              text run at (0,880) width 29: "FAIL"
              text run at (0,896) width 29: "FAIL"
              text run at (0,912) width 29: "FAIL"
              text run at (0,928) width 29: "FAIL"
              text run at (0,944) width 29: "FAIL"
              text run at (0,960) width 29: "FAIL"
              text run at (0,976) width 29: "FAIL"
              text run at (0,992) width 29: "FAIL"
              text run at (0,1008) width 29: "FAIL"
              text run at (0,1024) width 29: "FAIL"
              text run at (0,1040) width 29: "FAIL"
              text run at (0,1056) width 29: "FAIL"
              text run at (0,1072) width 29: "FAIL"
              text run at (0,1088) width 29: "FAIL"
              text run at (0,1104) width 29: "FAIL"
              text run at (0,1120) width 29: "FAIL"
              text run at (0,1136) width 29: "FAIL"
              text run at (0,1152) width 29: "FAIL"
              text run at (0,1168) width 29: "FAIL"
              text run at (0,1184) width 29: "FAIL"
              text run at (0,1200) width 29: "FAIL"
              text run at (0,1216) width 29: "FAIL"
              text run at (0,1232) width 29: "FAIL"
              text run at (0,1248) width 29: "FAIL"
              text run at (0,1264) width 29: "FAIL"
              text run at (0,1280) width 29: "FAIL"
              text run at (0,1296) width 29: "FAIL"
              text run at (0,1312) width 29: "FAIL"
              text run at (0,1328) width 29: "FAIL"
              text run at (0,1344) width 29: "FAIL"
              text run at (0,1360) width 29: "FAIL"
              text run at (0,1376) width 29: "FAIL"
              text run at (0,1392) width 29: "FAIL"
              text run at (0,1408) width 29: "FAIL"
              text run at (0,1424) width 29: "FAIL"
              text run at (0,1440) width 29: "FAIL"
              text run at (0,1456) width 29: "FAIL"
              text run at (0,1472) width 29: "FAIL"
              text run at (0,1488) width 29: "FAIL"
              text run at (0,1504) width 29: "FAIL"
              text run at (0,1520) width 29: "FAIL"
              text run at (0,1536) width 29: "FAIL"
              text run at (0,1552) width 29: "FAIL"
              text run at (0,1568) width 29: "FAIL"
              text run at (0,1584) width 29: "FAIL"
              text run at (0,1600) width 29: "FAIL"
              text run at (0,1616) width 29: "FAIL"
              text run at (0,1632) width 29: "FAIL"
              text run at (0,1648) width 29: "FAIL"
              text run at (0,1664) width 29: "FAIL"
              text run at (0,1680) width 29: "FAIL"
              text run at (0,1696) width 29: "FAIL"
              text run at (0,1712) width 29: "FAIL"
              text run at (0,1728) width 29: "FAIL"
              text run at (0,1744) width 29: "FAIL"
              text run at (0,1760) width 29: "FAIL"
              text run at (0,1776) width 29: "FAIL"
              text run at (0,1792) width 29: "FAIL"
              text run at (0,1808) width 29: "FAIL"
              text run at (0,1824) width 29: "FAIL"
              text run at (0,1840) width 29: "FAIL"
              text run at (0,1856) width 29: "FAIL"
              text run at (0,1872) width 29: "FAIL"
              text run at (0,1888) width 29: "FAIL"
              text run at (0,1904) width 29: "FAIL"
              text run at (0,1920) width 29: "FAIL"
              text run at (0,1936) width 29: "FAIL"
              text run at (0,1952) width 29: "FAIL"
              text run at (0,1968) width 29: "FAIL"
              text run at (0,1984) width 29: "FAIL"
              text run at (0,2000) width 29: "FAIL"
              text run at (0,2016) width 29: "FAIL"
              text run at (0,2032) width 29: "FAIL"
              text run at (0,2048) width 29: "FAIL"
              text run at (0,2064) width 29: "FAIL"
              text run at (0,2080) width 29: "FAIL"
              text run at (0,2096) width 29: "FAIL"
              text run at (0,2112) width 29: "FAIL"
              text run at (0,2128) width 29: "FAIL"
              text run at (0,2144) width 29: "FAIL"
              text run at (0,2160) width 29: "FAIL"
              text run at (0,2176) width 29: "FAIL"
              text run at (0,2192) width 29: "FAIL"
              text run at (0,2208) width 29: "FAIL"
              text run at (0,2224) width 29: "FAIL"
              text run at (0,2240) width 29: "FAIL"
              text run at (0,2256) width 29: "FAIL"
              text run at (0,2272) width 29: "FAIL"
              text run at (0,2288) width 29: "FAIL"
              text run at (0,2304) width 29: "FAIL"
              text run at (0,2320) width 29: "FAIL"
              text run at (0,2336) width 29: "FAIL"
              text run at (0,2352) width 29: "FAIL"
              text run at (0,2368) width 29: "FAIL"
              text run at (0,2384) width 29: "FAIL"
              text run at (0,2400) width 29: "FAIL"
              text run at (0,2416) width 29: "FAIL"
              text run at (0,2432) width 29: "FAIL"
              text run at (0,2448) width 29: "FAIL"
              text run at (0,2464) width 29: "FAIL"
              text run at (0,2480) width 29: "FAIL"
              text run at (0,2496) width 29: "FAIL"
              text run at (0,2512) width 29: "FAIL"
              text run at (0,2528) width 29: "FAIL"
              text run at (0,2544) width 29: "FAIL"
              text run at (0,2560) width 29: "FAIL"
              text run at (0,2576) width 29: "FAIL"
              text run at (0,2592) width 29: "FAIL"
              text run at (0,2608) width 29: "FAIL"
              text run at (0,2624) width 29: "FAIL"
              text run at (0,2640) width 29: "FAIL"
              text run at (0,2656) width 29: "FAIL"
              text run at (0,2672) width 29: "FAIL"
              text run at (0,2688) width 29: "FAIL"
              text run at (0,2704) width 29: "FAIL"
              text run at (0,2720) width 29: "FAIL"
              text run at (0,2736) width 29: "FAIL"
              text run at (0,2752) width 29: "FAIL"
              text run at (0,2768) width 29: "FAIL"
              text run at (0,2784) width 29: "FAIL"
              text run at (0,2800) width 29: "FAIL"
              text run at (0,2816) width 29: "FAIL"
              text run at (0,2832) width 29: "FAIL"
              text run at (0,2848) width 29: "FAIL"
              text run at (0,2864) width 29: "FAIL"
              text run at (0,2880) width 29: "FAIL"
              text run at (0,2896) width 29: "FAIL"
              text run at (0,2912) width 29: "FAIL"
              text run at (0,2928) width 29: "FAIL"
              text run at (0,2944) width 29: "FAIL"
              text run at (0,2960) width 29: "FAIL"
              text run at (0,2976) width 29: "FAIL"
              text run at (0,2992) width 29: "FAIL"
              text run at (0,3008) width 29: "FAIL"
              text run at (0,3024) width 29: "FAIL"
              text run at (0,3040) width 29: "FAIL"
              text run at (0,3056) width 29: "FAIL"
              text run at (0,3072) width 29: "FAIL"
              text run at (0,3088) width 29: "FAIL"
              text run at (0,3104) width 29: "FAIL"
          RenderText {#text} at (0,0) size 0x0
