layer at (0,0) size 800x600
  RenderView at (0,0) size 800x600
layer at (0,0) size 800x251
  RenderBlock {HTML} at (0,0) size 800x251
    RenderBody {BODY} at (8,8) size 784x235
      RenderBlock (floating) {DIV} at (0,0) size 196x188 [color=#FFFFFF] [bgcolor=#000080]
        RenderBlock {P} at (0,0) size 196x188
          RenderText {#text} at (0,1) size 196x185
            text run at (0,1) width 109: "\x{21E6} This"
            text run at (0,48) width 157: "blue box"
            text run at (0,95) width 180: "should be"
            text run at (0,142) width 196: "on the left."
      RenderBlock (floating) {DIV} at (588,0) size 196x235 [color=#FFFFFF] [bgcolor=#008080]
        RenderBlock {P} at (0,0) size 196x235
          RenderText {#text} at (0,1) size 180x232
            text run at (0,1) width 158: "This teal"
            text run at (0,48) width 67: "box"
            text run at (0,95) width 180: "should be"
            text run at (0,142) width 116: "on the"
            text run at (0,189) width 123: "right. \x{21E8}"
      RenderBlock {P} at (0,0) size 784x235
        RenderText {#text} at (196,1) size 558x232
          text run at (196,1) width 351: "This text should be"
          text run at (196,48) width 326: "in between a blue"
          text run at (196,95) width 362: "box on the \x{21E6}left and"
          text run at (196,142) width 309: "a teal box on the"
          text run at (0,189) width 111: "right\x{21E8}."
