layer at (0,0) size 314x556
  RenderView at (0,0) size 96x26
layer at (0,0) size 314x556
  RenderBlock {HTML} at (0,0) size 96x556
    RenderBody {BODY} at (8,14) size 80x534
      RenderBlock {P} at (0,0) size 80x64
        RenderText {#text} at (0,0) size 72x64
          text run at (0,0) width 38: "There"
          text run at (0,16) width 72: "should be a"
          text run at (0,32) width 59: "big green"
          text run at (0,48) width 65: "box below."
      RenderBlock {DIV} at (0,78) size 306x456 [color=#008000] [bgcolor=#FF0000] [border: (3px solid #000000)]
        RenderImage {IMG} at (3,3) size 50x50
        RenderBlock {P} at (3,18) size 300x45
          RenderText {#text} at (50,-1) size 220x47
            text run at (50,-1) width 220: "xxxxx xxxx xxx xx x xx xxx xxxx"
            text run at (50,14) width 220: "xxxxx xxxx xxx xx x xx xxx xxxx"
            text run at (50,29) width 220: "xxxxx xxxx xxx xx x xx xxx xxxx"
        RenderImage {IMG} at (3,78) size 50x50
        RenderBlock {P} at (3,128) size 300x30
          RenderText {#text} at (0,-1) size 300x32
            text run at (0,-1) width 224: "xxxxx xxxx xxx xx x xx xxx xxxx "
            text run at (224,-1) width 76: "xxxxx xxxx"
            text run at (0,14) width 140: "xxx xx x xx xxx xxxx"
        RenderImage {IMG} at (253,173) size 50x50
        RenderBlock {P} at (3,223) size 300x30
          RenderText {#text} at (0,-1) size 300x32
            text run at (0,-1) width 224: "xxxxx xxxx xxx xx x xx xxx xxxx "
            text run at (224,-1) width 76: "xxxxx xxxx"
            text run at (0,14) width 140: "xxx xx x xx xxx xxxx"
        RenderImage {IMG} at (3,268) size 50x50
        RenderImage {IMG} at (253,268) size 50x50
        RenderBlock {P} at (3,318) size 300x30
          RenderText {#text} at (0,-1) size 300x32
            text run at (0,-1) width 224: "xxxxx xxxx xxx xx x xx xxx xxxx "
            text run at (224,-1) width 76: "xxxxx xxxx"
            text run at (0,14) width 140: "xxx xx x xx xxx xxxx"
        RenderImage {IMG} at (3,363) size 50x50
        RenderImage {IMG} at (253,363) size 50x50
        RenderBlock {P} at (3,363) size 300x75
          RenderText {#text} at (50,-1) size 250x77
            text run at (50,-1) width 184: "xxxxx xxxx xxx xx x xx xxx"
            text run at (50,14) width 36: "xxxx "
            text run at (86,14) width 156: "xxxxx xxxx xxx xx x xx"
            text run at (50,29) width 64: "xxx xxxx "
            text run at (114,29) width 136: "xxxxx xxxx xxx xx x"
            text run at (50,44) width 84: "xx xxx xxxx "
            text run at (134,44) width 104: "xxxxx xxxx xxx"
            text run at (0,59) width 112: "xx x xx xxx xxxx"
