layer at (0,0) size 323x257
  RenderView at (0,0) size 96x26
layer at (0,0) size 96x257
  RenderBlock {HTML} at (0,0) size 96x257
    RenderBody {BODY} at (8,8) size 80x241
      RenderBlock {DIV} at (0,0) size 80x241 [color=#FFFFFF] [bgcolor=#000080] [border: (3px solid #0000FF) (84px solid #0000FF) (3px solid #0000FF)]
        RenderBlock (floating) {DIV} at (7,10) size 308x76 [bgcolor=#008080]
          RenderBlock {P} at (14,14) size 280x48
            RenderText {#text} at (0,0) size 254x48
              text run at (0,0) width 254: "This teal box should start inside the dark"
              text run at (0,16) width 134: "blue box and spill out "
              text run at (134,16) width 114: "onto the blue area"
              text run at (0,32) width 50: "below it."
        RenderBlock {P} at (3,3) size 74x154
          RenderText {#text} at (0,90) size 69x64
            text run at (0,90) width 69: "You should"
            text run at (0,106) width 62: "see a teal"
            text run at (0,122) width 62: "box to the"
            text run at (0,138) width 41: "right. \x{21E8}"
