layer at (0,0) size 800x600
  RenderView at (0,0) size 800x600
layer at (0,0) size 800x147
  RenderBlock {HTML} at (0,0) size 800x147
    RenderBody {BODY} at (8,14) size 784x118
      RenderBlock {P} at (0,0) size 784x16
        RenderText {#text} at (0,0) size 269x16
          text run at (0,0) width 269: "There should be two boxes of green below."
      RenderBlock {DIV} at (15,31) size 96x36 [color=#008000] [bgcolor=#FF0000] [border: (3px solid #000000)]
        RenderBlock (floating) {SPAN} at (3,3) size 45x30
          RenderText {#text} at (0,-1) size 20x32
            text run at (0,-1) width 20: "X"
        RenderText {#text} at (48,2) size 40x32
          text run at (48,2) width 40: "x x xx"
          text run at (48,17) width 20: "x x"
      RenderBlock {DIV} at (15,82) size 96x36 [color=#008000] [bgcolor=#FF0000] [border: (3px solid #000000)]
        RenderBlock (floating) {SPAN} at (3,3) size 45x30 [bgcolor=#008000]
          RenderText {#text} at (0,-1) size 20x32
            text run at (0,-1) width 20: "X"
        RenderText {#text} at (48,2) size 40x32
          text run at (48,2) width 40: "x x xx"
          text run at (48,17) width 20: "x x"
