layer at (0,0) size 169x1008
  RenderView at (0,0) size 96x26
layer at (0,0) size 96x1008
  RenderBlock {HTML} at (0,0) size 96x1008
    RenderBody {BODY} at (8,14) size 80x980
      RenderBlock {P} at (0,0) size 80x160 [color=#000080]
        RenderText {#text} at (0,0) size 77x160
          text run at (0,0) width 36: "In the"
          text run at (0,16) width 55: "following"
          text run at (0,32) width 77: "test, the teal"
          text run at (0,48) width 50: "squares"
          text run at (0,64) width 73: "must be just"
          text run at (0,80) width 61: "inside the"
          text run at (0,96) width 48: "top and"
          text run at (0,112) width 73: "sides of the"
          text run at (0,128) width 25: "blue"
          text run at (0,144) width 62: "rectangle."
      RenderBlock {DIV} at (0,174) size 80x806
        RenderBlock {DIV} at (14,0) size 52x806 [color=#0000FF] [bgcolor=#000080] [border: (7px solid #0000FF) none (7px solid #0000FF)]
          RenderImage {IMG} at (7,7) size 140x140 [color=#FFFF00] [bgcolor=#FF0000]
          RenderImage {IMG} at (0,147) size 140x140 [color=#FFFF00] [bgcolor=#FF0000]
          RenderText {#text} at (7,287) size 62x512
            text run at (7,287) width 27: "Blue"
            text run at (7,303) width 62: "rectangle."
            text run at (7,319) width 27: "Blue"
            text run at (7,335) width 62: "rectangle."
            text run at (7,351) width 27: "Blue"
            text run at (7,367) width 62: "rectangle."
            text run at (7,383) width 27: "Blue"
            text run at (7,399) width 62: "rectangle."
            text run at (7,415) width 27: "Blue"
            text run at (7,431) width 62: "rectangle."
            text run at (7,447) width 27: "Blue"
            text run at (7,463) width 62: "rectangle."
            text run at (7,479) width 27: "Blue"
            text run at (7,495) width 62: "rectangle."
            text run at (7,511) width 27: "Blue"
            text run at (7,527) width 62: "rectangle."
            text run at (7,543) width 27: "Blue"
            text run at (7,559) width 62: "rectangle."
            text run at (7,575) width 27: "Blue"
            text run at (7,591) width 62: "rectangle."
            text run at (7,607) width 27: "Blue"
            text run at (7,623) width 62: "rectangle."
            text run at (7,639) width 27: "Blue"
            text run at (7,655) width 62: "rectangle."
            text run at (7,671) width 27: "Blue"
            text run at (7,687) width 62: "rectangle."
            text run at (7,703) width 27: "Blue"
            text run at (7,719) width 62: "rectangle."
            text run at (7,735) width 27: "Blue"
            text run at (7,751) width 62: "rectangle."
            text run at (7,767) width 27: "Blue"
            text run at (7,783) width 62: "rectangle."
