layer at (0,0) size 800x600
  RenderView at (0,0) size 800x600
layer at (0,0) size 800x118
  RenderBlock {HTML} at (0,0) size 800x118
    RenderBody {BODY} at (8,14) size 784x90
      RenderBlock {P} at (0,0) size 784x16 [color=#000080]
        RenderText {#text} at (0,0) size 399x16
          text run at (0,0) width 399: "The two patterns below should be identical, with no red present."
      RenderBlock {DIV} at (0,30) size 784x60
        RenderBlock {DIV} at (14,14) size 140x16 [color=#FFFF00] [bgcolor=#000080]
          RenderText {#text} at (0,0) size 11x16
            text run at (0,0) width 11: " *"
        RenderBlock {DIV} at (84,30) size 140x16 [color=#FFFF00] [bgcolor=#000080]
          RenderText {#text} at (129,0) size 11x16
            text run at (129,0) width 11: "* "
      RenderBlock {DIV} at (14,104) size 210x0
        RenderBlock {DIV} at (0,0) size 210x0 [bgcolor=#FF0000]
          RenderBlock (floating) {P} at (0,0) size 140x16 [color=#FFFF00] [bgcolor=#000080]
            RenderText {#text} at (0,0) size 11x16
              text run at (0,0) width 11: " *"
          RenderBlock (floating) {P} at (70,16) size 140x16 [color=#FFFF00] [bgcolor=#000080]
            RenderText {#text} at (129,0) size 11x16
              text run at (129,0) width 11: "* "
