layer at (0,0) size 800x600
  RenderView at (0,0) size 800x600
layer at (0,0) size 800x398
  RenderBlock {HTML} at (0,0) size 800x398
    RenderBody {BODY} at (8,14) size 784x370
      RenderBlock {P} at (0,0) size 784x48 [color=#000080]
        RenderText {#text} at (0,0) size 783x48
          text run at (0,0) width 400: "The big coloured boxes should be level with the top of the small "
          text run at (400,0) width 383: "coloured boxes of the same color (unless there is not enough"
          text run at (0,16) width 36: "room "
          text run at (36,16) width 382: "for the big box to fit on the small box's line, in which case the "
          text run at (418,16) width 349: "big box should be level with the bottom of the respective"
          text run at (0,32) width 36: "small "
          text run at (36,32) width 30: "box)."
      RenderBlock {DIV} at (14,62) size 756x308 [color=#C0C0C0] [border: (5px solid #800080)]
        RenderText {#text} at (117,20) size 426x16
          text run at (117,20) width 426: "dummy text dummy text dummy text dummy text dummy text dummy text "
        RenderInline {SPAN} at (0,0) size 12x22 [color=#FFFFFF] [bgcolor=#008080] [border: (3px solid #00FFFF)]
          RenderText {#text} at (546,20) size 6x16
            text run at (546,20) width 6: "\x{21E6}"
        RenderText {#text} at (555,20) size 3x16
          text run at (555,20) width 3: " "
        RenderImage {IMG} at (19,19) size 98x98 [color=#FF0000]
        RenderText {#text} at (558,20) size 580x34
          text run at (558,20) width 139: "dummy text dummy text"
          text run at (117,38) width 284: "dummy text dummy text dummy text dummy text "
        RenderInline {SPAN} at (0,0) size 12x22 [color=#FFFFFF] [bgcolor=#800080] [border: (3px solid #FF00FF)]
          RenderText {#text} at (404,38) size 6x16
            text run at (404,38) width 6: "\x{21E8}"
        RenderText {#text} at (413,38) size 3x16
          text run at (413,38) width 3: " "
        RenderImage {IMG} at (639,37) size 98x98 [color=#FF0000]
        RenderText {#text} at (416,38) size 707x250
          text run at (416,38) width 210: "dummy text dummy text dummy text"
          text run at (117,56) width 213: "dummy text dummy text dummy text "
          text run at (330,56) width 281: "dummy text dummy text dummy text dummy text"
          text run at (117,74) width 142: "dummy text dummy text "
          text run at (259,74) width 352: "dummy text dummy text dummy text dummy text dummy text"
          text run at (117,92) width 71: "dummy text "
          text run at (188,92) width 423: "dummy text dummy text dummy text dummy text dummy text dummy text"
          text run at (117,110) width 426: "dummy text dummy text dummy text dummy text dummy text dummy text "
          text run at (543,110) width 68: "dummy text"
          text run at (19,128) width 355: "dummy text dummy text dummy text dummy text dummy text "
          text run at (374,128) width 256: "dummy text dummy text dummy text dummy"
          text run at (19,146) width 167: "text dummy text dummy text "
          text run at (186,146) width 426: "dummy text dummy text dummy text dummy text dummy text dummy text "
          text run at (612,146) width 114: "dummy text dummy"
          text run at (19,164) width 309: "text dummy text dummy text dummy text dummy text "
          text run at (328,164) width 398: "dummy text dummy text dummy text dummy text dummy text dummy"
          text run at (19,182) width 25: "text "
          text run at (44,182) width 426: "dummy text dummy text dummy text dummy text dummy text dummy text "
          text run at (470,182) width 256: "dummy text dummy text dummy text dummy"
          text run at (19,200) width 167: "text dummy text dummy text "
          text run at (186,200) width 426: "dummy text dummy text dummy text dummy text dummy text dummy text "
          text run at (612,200) width 114: "dummy text dummy"
          text run at (19,218) width 309: "text dummy text dummy text dummy text dummy text "
          text run at (328,218) width 398: "dummy text dummy text dummy text dummy text dummy text dummy"
          text run at (19,236) width 25: "text "
          text run at (44,236) width 426: "dummy text dummy text dummy text dummy text dummy text dummy text "
          text run at (470,236) width 256: "dummy text dummy text dummy text dummy"
          text run at (19,254) width 167: "text dummy text dummy text "
          text run at (186,254) width 426: "dummy text dummy text dummy text dummy text dummy text dummy text "
          text run at (612,254) width 114: "dummy text dummy"
          text run at (19,272) width 306: "text dummy text dummy text dummy text dummy text"
