layer at (0,0) size 800x600
  RenderView at (0,0) size 800x600
layer at (0,0) size 800x252
  RenderBlock {HTML} at (0,0) size 800x252
    RenderBody {BODY} at (8,14) size 784x224
      RenderBlock {P} at (0,0) size 784x224 [color=#000080]
        RenderImage {IMG} at (734,0) size 50x50
        RenderText {#text} at (0,0) size 319x16
          text run at (0,0) width 319: "This text should flow around the box on the right. \x{21E8} "
        RenderInline {SPAN} at (0,0) size 773x224 [color=#C0C0C0]
          RenderText {#text} at (319,0) size 773x224
            text run at (319,0) width 371: "dummy text dummy text dummy text dummy text dummy text"
            text run at (0,16) width 48: "dummy "
            text run at (48,16) width 450: "text dummy text dummy text dummy text dummy text dummy text dummy "
            text run at (498,16) width 221: "text dummy text dummy text dummy"
            text run at (0,32) width 225: "text dummy text dummy text dummy "
            text run at (225,32) width 450: "text dummy text dummy text dummy text dummy text dummy text dummy "
            text run at (675,32) width 23: "text"
            text run at (0,48) width 423: "dummy text dummy text dummy text dummy text dummy text dummy "
            text run at (423,48) width 296: "text dummy text dummy text dummy text dummy"
            text run at (0,64) width 150: "text dummy text dummy "
            text run at (150,64) width 450: "text dummy text dummy text dummy text dummy text dummy text dummy "
            text run at (600,64) width 173: "text dummy text dummy text"
            text run at (0,80) width 273: "dummy text dummy text dummy text dummy "
            text run at (273,80) width 450: "text dummy text dummy text dummy text dummy text dummy text dummy "
            text run at (723,80) width 23: "text"
            text run at (0,96) width 423: "dummy text dummy text dummy text dummy text dummy text dummy "
            text run at (423,96) width 323: "text dummy text dummy text dummy text dummy text"
            text run at (0,112) width 123: "dummy text dummy "
            text run at (123,112) width 450: "text dummy text dummy text dummy text dummy text dummy text dummy "
            text run at (573,112) width 173: "text dummy text dummy text"
            text run at (0,128) width 273: "dummy text dummy text dummy text dummy "
            text run at (273,128) width 450: "text dummy text dummy text dummy text dummy text dummy text dummy "
            text run at (723,128) width 23: "text"
            text run at (0,144) width 423: "dummy text dummy text dummy text dummy text dummy text dummy "
            text run at (423,144) width 323: "text dummy text dummy text dummy text dummy text"
            text run at (0,160) width 123: "dummy text dummy "
            text run at (123,160) width 450: "text dummy text dummy text dummy text dummy text dummy text dummy "
            text run at (573,160) width 173: "text dummy text dummy text"
            text run at (0,176) width 273: "dummy text dummy text dummy text dummy "
            text run at (273,176) width 450: "text dummy text dummy text dummy text dummy text dummy text dummy "
            text run at (723,176) width 23: "text"
            text run at (0,192) width 423: "dummy text dummy text dummy text dummy text dummy text dummy "
            text run at (423,192) width 323: "text dummy text dummy text dummy text dummy text"
            text run at (0,208) width 71: "dummy text"
        RenderText {#text} at (0,0) size 0x0
