layer at (0,0) size 800x600
  RenderView at (0,0) size 800x600
layer at (0,0) size 800x380
  RenderBlock {HTML} at (0,0) size 800x380
    RenderBody {BODY} at (8,14) size 784x352
      RenderBlock {P} at (0,0) size 784x48 [color=#000080]
        RenderText {#text} at (0,0) size 783x48
          text run at (0,0) width 400: "The big coloured boxes should be level with the top of the small "
          text run at (400,0) width 383: "coloured boxes of the same color (unless there is not enough"
          text run at (0,16) width 36: "room "
          text run at (36,16) width 388: "for the big box to fit on the small box's line after the small box, "
          text run at (424,16) width 345: "in which case the big box should be as high as possible"
          text run at (0,32) width 64: "below the "
          text run at (64,32) width 66: "small box)."
      RenderBlock {DIV} at (14,62) size 756x290 [color=#C0C0C0] [border: (5px solid #800080)]
        RenderText {#text} at (151,20) size 284x16
          text run at (151,20) width 284: "dummy text dummy text dummy text dummy text "
        RenderInline {SPAN} at (0,0) size 17x22 [color=#FFFFFF] [bgcolor=#008080] [border: (3px solid #00FFFF)]
          RenderText {#text} at (438,20) size 11x16
            text run at (438,20) width 11: "A"
        RenderText {#text} at (452,20) size 3x16
          text run at (452,20) width 3: " "
        RenderBlock (floating) {P} at (19,19) size 132x52 [color=#FFFFFF] [bgcolor=#008080] [border: (3px solid #00FFFF)]
          RenderText {#text} at (17,18) size 44x16
            text run at (17,18) width 44: "AAAA"
        RenderText {#text} at (0,0) size 0x0
        RenderInline {SPAN} at (0,0) size 15x22 [color=#FFFFFF] [bgcolor=#800080] [border: (3px solid #FF00FF)]
          RenderText {#text} at (458,20) size 9x16
            text run at (458,20) width 9: "B"
        RenderText {#text} at (470,20) size 3x16
          text run at (470,20) width 3: " "
        RenderBlock (floating) {P} at (605,19) size 132x52 [color=#FFFFFF] [bgcolor=#800080] [border: (3px solid #FF00FF)]
          RenderText {#text} at (17,18) size 36x16
            text run at (17,18) width 36: "BBBB"
        RenderText {#text} at (473,20) size 707x250
          text run at (473,20) width 114: "dummy text dummy"
          text run at (151,38) width 309: "text dummy text dummy text dummy text dummy text "
          text run at (460,38) width 139: "dummy text dummy text"
          text run at (151,56) width 284: "dummy text dummy text dummy text dummy text "
          text run at (435,56) width 139: "dummy text dummy text"
          text run at (19,74) width 284: "dummy text dummy text dummy text dummy text "
          text run at (303,74) width 423: "dummy text dummy text dummy text dummy text dummy text dummy text"
          text run at (19,92) width 426: "dummy text dummy text dummy text dummy text dummy text dummy text "
          text run at (445,92) width 281: "dummy text dummy text dummy text dummy text"
          text run at (19,110) width 142: "dummy text dummy text "
          text run at (161,110) width 426: "dummy text dummy text dummy text dummy text dummy text dummy text "
          text run at (587,110) width 139: "dummy text dummy text"
          text run at (19,128) width 284: "dummy text dummy text dummy text dummy text "
          text run at (303,128) width 423: "dummy text dummy text dummy text dummy text dummy text dummy text"
          text run at (19,146) width 426: "dummy text dummy text dummy text dummy text dummy text dummy text "
          text run at (445,146) width 281: "dummy text dummy text dummy text dummy text"
          text run at (19,164) width 142: "dummy text dummy text "
          text run at (161,164) width 426: "dummy text dummy text dummy text dummy text dummy text dummy text "
          text run at (587,164) width 139: "dummy text dummy text"
          text run at (19,182) width 284: "dummy text dummy text dummy text dummy text "
          text run at (303,182) width 423: "dummy text dummy text dummy text dummy text dummy text dummy text"
          text run at (19,200) width 426: "dummy text dummy text dummy text dummy text dummy text dummy text "
          text run at (445,200) width 281: "dummy text dummy text dummy text dummy text"
          text run at (19,218) width 142: "dummy text dummy text "
          text run at (161,218) width 426: "dummy text dummy text dummy text dummy text dummy text dummy text "
          text run at (587,218) width 139: "dummy text dummy text"
          text run at (19,236) width 284: "dummy text dummy text dummy text dummy text "
          text run at (303,236) width 423: "dummy text dummy text dummy text dummy text dummy text dummy text"
          text run at (19,254) width 423: "dummy text dummy text dummy text dummy text dummy text dummy text"
