layer at (0,0) size 200x208
  RenderView at (0,0) size 96x26
layer at (0,0) size 200x208
  RenderBlock {HTML} at (0,0) size 200x208 [bgcolor=#FF0000] [border: (100px solid #FF0000)]
    RenderBody {BODY} at (108,108) size 0x0
layer at (0,0) size 96x48
  RenderBlock (positioned) {DIV} at (0,0) size 96x26 [color=#008000] [bgcolor=#FFFFFF]
    RenderText {#text} at (0,0) size 83x48
      text run at (0,0) width 83: "There should"
      text run at (0,16) width 80: "be no red on"
      text run at (0,32) width 61: "this page."
