layer at (0,0) size 800x600
  RenderView at (0,0) size 800x600
layer at (0,0) size 800x487
  RenderBlock {HTML} at (0,0) size 800x487
    RenderBody {BODY} at (8,14) size 784x465
      RenderBlock {P} at (0,0) size 784x16
        RenderText {#text} at (0,0) size 454x16
          text run at (0,0) width 454: "The square below should be exactly 50% wide on the ruler at the bottom."
      RenderBlock {DIV} at (0,30) size 784x395
        RenderImage {IMG} at (0,0) size 392x392
