layer at (0,0) size 114x262
  RenderView at (0,0) size 96x26
layer at (0,0) size 114x262
  RenderBlock {HTML} at (0,0) size 96x262
    RenderBody {BODY} at (8,8) size 80x234
      RenderBlock {P} at (0,0) size 80x48
        RenderText {#text} at (0,0) size 80x48
          text run at (0,0) width 38: "There"
          text run at (0,16) width 80: "should be no"
          text run at (0,32) width 64: "red below:"
      RenderBlock {DIV} at (20,68) size 86x166 [color=#008000] [bgcolor=#FF0000] [border: (3px solid #000000)]
        RenderBlock (anonymous) at (3,3) size 80x40
          RenderText {#text} at (0,9) size 55x22
            text run at (0,9) width 55: "x x x x"
        RenderBlock {P} at (3,43) size 80x80
          RenderText {#text} at (0,19) size 51x42
            text run at (0,19) width 51: "x x"
        RenderBlock (anonymous) at (3,123) size 80x40
          RenderText {#text} at (0,9) size 55x22
            text run at (0,9) width 55: "x x x x"
