layer at (0,0) size 121x938
  RenderView at (0,0) size 96x26
layer at (0,0) size 121x938
  RenderBlock {HTML} at (0,0) size 96x938
    RenderBody {BODY} at (8,16) size 80x907
      RenderBlock {P} at (0,0) size 80x342
        RenderText {#text} at (0,0) size 83x342
          text run at (0,0) width 57: "Change"
          text run at (0,18) width 31: "your"
          text run at (0,36) width 55: "window"
          text run at (0,54) width 33: "size."
          text run at (0,72) width 64: "However"
          text run at (0,90) width 60: "the lines"
          text run at (0,108) width 65: "wrap, the"
          text run at (0,126) width 31: "blue"
          text run at (0,144) width 83: "rectanglues"
          text run at (0,162) width 48: "should"
          text run at (0,180) width 50: "always"
          text run at (0,198) width 70: "have their"
          text run at (0,216) width 78: "tops on the"
          text run at (0,234) width 39: "same"
          text run at (0,252) width 70: "alignment"
          text run at (0,270) width 21: "as "
          text run at (21,270) width 36: "other"
          text run at (0,288) width 31: "blue"
          text run at (0,306) width 74: "rectangles"
          text run at (0,324) width 78: "on the line."
      RenderBlock {P} at (15,358) size 50x549 [color=#0000FF] [bgcolor=#FFFFFF] [border: (1px solid #C0C0C0)]
        RenderInline {SPAN} at (0,0) size 24x17
          RenderText {#text} at (8,7) size 24x17
            text run at (8,7) width 24: "xxx"
        RenderText {#text} at (0,0) size 0x0
        RenderImage {IMG} at (8,23) size 10x10
        RenderText {#text} at (0,0) size 0x0
        RenderInline {SPAN} at (0,0) size 57x40
          RenderText {#text} at (8,37) size 57x40
            text run at (8,37) width 57: "xxx"
        RenderText {#text} at (0,0) size 0x0
        RenderImage {IMG} at (8,76) size 10x10
        RenderText {#text} at (0,0) size 0x0
        RenderInline {SPAN} at (0,0) size 24x17
          RenderText {#text} at (8,90) size 24x17
            text run at (8,90) width 24: "xxx"
        RenderText {#text} at (0,0) size 0x0
        RenderImage {IMG} at (8,106) size 10x10
        RenderText {#text} at (0,0) size 0x0
        RenderInline {SPAN} at (0,0) size 24x17
          RenderText {#text} at (8,120) size 24x17
            text run at (8,120) width 24: "xxx"
        RenderText {#text} at (0,0) size 0x0
        RenderImage {IMG} at (8,136) size 10x10
        RenderText {#text} at (0,0) size 0x0
        RenderInline {BIG} at (0,0) size 30x22
          RenderText {#text} at (8,150) size 30x22
            text run at (8,150) width 30: "xxx"
        RenderText {#text} at (0,0) size 0x0
        RenderImage {IMG} at (8,171) size 20x20
        RenderText {#text} at (0,0) size 0x0
        RenderInline {SPAN} at (0,0) size 24x17
          RenderText {#text} at (8,190) size 24x17
            text run at (8,190) width 24: "xxx"
        RenderText {#text} at (0,0) size 0x0
        RenderImage {IMG} at (8,206) size 65x65
        RenderText {#text} at (0,0) size 0x0
        RenderInline {SPAN} at (0,0) size 24x17
          RenderText {#text} at (8,270) size 24x17
            text run at (8,270) width 24: "xxx"
        RenderText {#text} at (0,0) size 0x0
        RenderImage {IMG} at (8,286) size 35x35
        RenderText {#text} at (0,0) size 0x0
        RenderInline {SPAN} at (0,0) size 45x32
          RenderText {#text} at (8,320) size 45x32
            text run at (8,320) width 45: "xxx"
        RenderText {#text} at (0,0) size 0x0
        RenderImage {IMG} at (8,351) size 50x50
        RenderText {#text} at (0,0) size 0x0
        RenderInline {SPAN} at (0,0) size 24x17
          RenderText {#text} at (8,400) size 24x17
            text run at (8,400) width 24: "xxx"
        RenderText {#text} at (0,0) size 0x0
        RenderImage {IMG} at (8,416) size 15x15
        RenderText {#text} at (0,0) size 0x0
        RenderInline {BIG} at (0,0) size 30x22
          RenderText {#text} at (8,430) size 30x22
            text run at (8,430) width 30: "xxx"
        RenderText {#text} at (0,0) size 0x0
        RenderImage {IMG} at (8,451) size 90x90
        RenderText {#text} at (0,0) size 0x0
