layer at (0,0) size 96x100
  RenderView at (0,0) size 96x26
layer at (0,0) size 96x100
  RenderBlock (relative positioned) {HTML} at (0,0) size 96x26
    RenderBody {BODY} at (19,100) size 58x0 [bgcolor=#FF0000]
layer at (0,0) size 96x48
  RenderBlock (positioned) {DIV} at (0,0) size 96x26 [color=#008000] [bgcolor=#FFFFFF]
    RenderText {#text} at (0,0) size 83x48
      text run at (0,0) width 83: "There should"
      text run at (0,16) width 80: "be no red on"
      text run at (0,32) width 61: "this page."
