layer at (0,0) size 800x600
  RenderView at (0,0) size 800x600
layer at (0,0) size 800x248
  RenderBlock {HTML} at (0,0) size 800x248
    RenderBody {BODY} at (8,14) size 784x184
      RenderBlock {P} at (0,0) size 784x32
        RenderText {#text} at (0,0) size 774x32
          text run at (0,0) width 774: "There should be four identical white boxes in the teal block below, all the same size, each one a little lower down on the line,"
          text run at (0,16) width 106: "in a step pattern."
      RenderBlock {DIV} at (50,82) size 684x102 [color=#FFFFFF] [bgcolor=#008080]
        RenderInline {SPAN} at (0,0) size 33x52
          RenderText {#text} at (12,11) size 33x52
            text run at (12,11) width 33: "X"
        RenderText {#text} at (45,28) size 14x52
          text run at (45,28) width 14: " "
        RenderImage {IMG} at (59,24) size 50x50
        RenderText {#text} at (109,28) size 61x52
          text run at (109,28) width 61: " X "
        RenderInline {SPAN} at (0,0) size 33x52
          RenderText {#text} at (170,39) size 33x52
            text run at (170,39) width 33: "X"
