layer at (0,0) size 800x600
  RenderView at (0,0) size 800x600
layer at (0,0) size 800x540
  RenderBlock {HTML} at (0,0) size 800x540
    RenderBody {BODY} at (8,14) size 784x518
      RenderBlock {P} at (0,0) size 784x16
        RenderText {#text} at (0,0) size 411x16
          text run at (0,0) width 372: "The blue text should not go past the 50% mark on the ruler "
          text run at (372,0) width 39: "below."
      RenderBlock {DIV} at (0,30) size 392x448 [color=#0000FF]
        RenderText {#text} at (0,0) size 389x448
          text run at (0,0) width 375: "a bit of dummy text a bit of dummy text a bit of dummy text a "
          text run at (375,0) width 14: "bit"
          text run at (0,16) width 375: "of dummy text a bit of dummy text a bit of dummy text a bit of"
          text run at (0,32) width 359: "dummy text a bit of dummy text a bit of dummy text a bit of"
          text run at (0,48) width 48: "dummy "
          text run at (48,48) width 311: "text a bit of dummy text a bit of dummy text a bit of"
          text run at (0,64) width 87: "dummy text a "
          text run at (87,64) width 272: "bit of dummy text a bit of dummy text a bit of"
          text run at (0,80) width 121: "dummy text a bit of "
          text run at (121,80) width 238: "dummy text a bit of dummy text a bit of"
          text run at (0,96) width 169: "dummy text a bit of dummy "
          text run at (169,96) width 190: "text a bit of dummy text a bit of"
          text run at (0,112) width 208: "dummy text a bit of dummy text a "
          text run at (208,112) width 151: "bit of dummy text a bit of"
          text run at (0,128) width 242: "dummy text a bit of dummy text a bit of "
          text run at (242,128) width 117: "dummy text a bit of"
          text run at (0,144) width 290: "dummy text a bit of dummy text a bit of dummy "
          text run at (290,144) width 69: "text a bit of"
          text run at (0,160) width 329: "dummy text a bit of dummy text a bit of dummy text a "
          text run at (329,160) width 30: "bit of"
          text run at (0,176) width 359: "dummy text a bit of dummy text a bit of dummy text a bit of"
          text run at (0,192) width 359: "dummy text a bit of dummy text a bit of dummy text a bit of"
          text run at (0,208) width 48: "dummy "
          text run at (48,208) width 311: "text a bit of dummy text a bit of dummy text a bit of"
          text run at (0,224) width 87: "dummy text a "
          text run at (87,224) width 272: "bit of dummy text a bit of dummy text a bit of"
          text run at (0,240) width 121: "dummy text a bit of "
          text run at (121,240) width 238: "dummy text a bit of dummy text a bit of"
          text run at (0,256) width 169: "dummy text a bit of dummy "
          text run at (169,256) width 190: "text a bit of dummy text a bit of"
          text run at (0,272) width 208: "dummy text a bit of dummy text a "
          text run at (208,272) width 151: "bit of dummy text a bit of"
          text run at (0,288) width 242: "dummy text a bit of dummy text a bit of "
          text run at (242,288) width 117: "dummy text a bit of"
          text run at (0,304) width 290: "dummy text a bit of dummy text a bit of dummy "
          text run at (290,304) width 69: "text a bit of"
          text run at (0,320) width 329: "dummy text a bit of dummy text a bit of dummy text a "
          text run at (329,320) width 30: "bit of"
          text run at (0,336) width 359: "dummy text a bit of dummy text a bit of dummy text a bit of"
          text run at (0,352) width 359: "dummy text a bit of dummy text a bit of dummy text a bit of"
          text run at (0,368) width 48: "dummy "
          text run at (48,368) width 311: "text a bit of dummy text a bit of dummy text a bit of"
          text run at (0,384) width 87: "dummy text a "
          text run at (87,384) width 272: "bit of dummy text a bit of dummy text a bit of"
          text run at (0,400) width 121: "dummy text a bit of "
          text run at (121,400) width 238: "dummy text a bit of dummy text a bit of"
          text run at (0,416) width 169: "dummy text a bit of dummy "
          text run at (169,416) width 190: "text a bit of dummy text a bit of"
          text run at (0,432) width 169: "dummy text a bit of dummy "
          text run at (169,432) width 23: "text"
