layer at (0,0) size 800x600
  RenderView at (0,0) size 800x600
layer at (0,0) size 800x190
  RenderBlock {HTML} at (0,0) size 800x190
    RenderBody {BODY} at (8,14) size 784x168
      RenderBlock {P} at (0,0) size 784x16
        RenderText {#text} at (0,0) size 432x16
          text run at (0,0) width 432: "There should be no red below, just the outline of an empty green box."
      RenderBlock {DIV} at (0,30) size 230x138 [color=#FFFFFF] [bgcolor=#FF0000] [border: (10px solid #008000)]
        RenderText {#text} at (20,19) size 181x12
          text run at (20,19) width 92: "xxxx xxxx xxxx xxxx "
          text run at (112,19) width 89: "xxxx xxxx xxxx xxxx"
        RenderImage {IMG} at (20,35) size 40x40
        RenderText {#text} at (60,63) size 26x12
          text run at (60,63) width 3: " "
          text run at (63,63) width 23: "xxxx "
        RenderImage {IMG} at (86,63) size 40x40
        RenderText {#text} at (126,63) size 175x56
          text run at (126,63) width 3: " "
          text run at (129,63) width 23: "xxxx "
          text run at (152,63) width 43: "xxxx xxxx"
          text run at (20,107) width 43: "xxxx xxxx"
