layer at (0,0) size 800x600
  RenderView at (0,0) size 800x600
layer at (0,0) size 800x270
  RenderBlock {HTML} at (0,0) size 800x270
    RenderBody {BODY} at (8,14) size 784x248
      RenderBlock {P} at (0,0) size 784x16
        RenderText {#text} at (0,0) size 432x16
          text run at (0,0) width 432: "There should be no red below, just the outline of an empty green box."
      RenderBlock {DIV} at (0,30) size 430x218 [color=#FFFFFF] [bgcolor=#FF0000] [border: (10px solid #008000)]
        RenderText {#text} at (20,93) size 207x12
          text run at (20,93) width 184: "xxxx xxxx xxxx xxxx xxxx xxxx xxxx xxxx "
          text run at (204,93) width 23: "xxxx "
        RenderImage {IMG} at (242,30) size 60x60 [border: (10px solid #FFFFFF)]
        RenderText {#text} at (317,93) size 46x12
          text run at (317,93) width 3: " "
          text run at (320,93) width 43: "xxxx xxxx"
        RenderImage {IMG} at (35,128) size 60x60 [border: (10px solid #FFFFFF)]
        RenderText {#text} at (110,113) size 207x12
          text run at (110,113) width 3: " "
          text run at (113,113) width 23: "xxxx "
          text run at (136,113) width 181: "xxxx xxxx xxxx xxxx xxxx xxxx xxxx xxxx"
