layer at (0,0) size 208x168
  RenderView at (0,0) size 96x26
layer at (0,0) size 208x168
  RenderBlock {HTML} at (0,0) size 96x168
    RenderBody {BODY} at (8,14) size 80x146
      RenderBlock {P} at (0,0) size 80x96
        RenderText {#text} at (0,0) size 80x96
          text run at (0,0) width 38: "There"
          text run at (0,16) width 80: "should be no"
          text run at (0,32) width 64: "red below,"
          text run at (0,48) width 67: "only green"
          text run at (0,64) width 57: "lines and"
          text run at (0,80) width 30: "dots."
      RenderBlock {DIV} at (0,110) size 200x36 [color=#008000]
        RenderText {#text} at (0,0) size 16x12
          text run at (0,0) width 16: "z z "
        RenderInline {EM} at (0,0) size 80x12 [color=#FF0000]
          RenderText {#text} at (16,0) size 80x12
            text run at (16,0) width 80: "x x x x x x x x x x "
        RenderText {#text} at (0,0) size 0x0
        RenderInline {SPAN} at (0,0) size 193x48 [border: (10px solid #00FF00)]
          RenderText {#text} at (0,0) size 0x0
          RenderInline {EM} at (0,0) size 193x24 [color=#FF0000]
            RenderText {#text} at (116,0) size 193x24
              text run at (116,0) width 77: "x x x x x x x x x x"
              text run at (0,12) width 24: "x x x "
          RenderText {#text} at (24,12) size 72x12
            text run at (24,12) width 72: "y y y y y y y y y "
        RenderText {#text} at (116,12) size 193x24
          text run at (116,12) width 77: "y y y y y y y y y y"
          text run at (0,24) width 29: "z z z z"
