layer at (0,0) size 103x286
  RenderView at (0,0) size 96x26
layer at (0,0) size 103x286
  RenderBlock {HTML} at (0,0) size 96x286
    RenderBody {BODY} at (8,14) size 80x264
      RenderBlock {P} at (0,0) size 80x96
        RenderText {#text} at (0,0) size 75x96
          text run at (0,0) width 72: "The square"
          text run at (0,16) width 36: "below"
          text run at (0,32) width 60: "should be"
          text run at (0,48) width 64: "exactly 50"
          text run at (0,64) width 67: "pixels high"
          text run at (0,80) width 75: "on the ruler."
      RenderBlock {DIV} at (0,110) size 80x154
        RenderImage {IMG} at (45,0) size 50x50
