layer at (0,0) size 800x600
  RenderView at (0,0) size 800x600
layer at (0,0) size 800x200
  RenderBlock {HTML} at (0,0) size 800x200
    RenderBody {BODY} at (8,8) size 784x184
      RenderBlock {P} at (0,0) size 784x16
        RenderText {#text} at (0,0) size 502x16
          text run at (0,0) width 502: "There should be a big pattern of green and lime dots below, with no red present."
      RenderBlock {DIV} at (6,22) size 66x162 [color=#00FF00] [bgcolor=#FF0000] [border: (3px solid #000000)]
        RenderBlock {P} at (15,9) size 48x24
          RenderText {#text} at (0,5) size 41x14
            text run at (0,5) width 41: "X X X X"
        RenderBlock {P} at (15,33) size 48x24
          RenderText {#text} at (0,5) size 41x14
            text run at (0,5) width 41: "X X X X"
        RenderBlock {P} at (15,57) size 48x24
          RenderText {#text} at (0,5) size 41x14
            text run at (0,5) width 41: "X X X X"
        RenderBlock {P} at (15,81) size 48x24
          RenderText {#text} at (0,5) size 41x14
            text run at (0,5) width 41: "X X X X"
        RenderBlock {P} at (15,105) size 48x24
          RenderText {#text} at (0,5) size 41x14
            text run at (0,5) width 41: "X X X X"
        RenderBlock {P} at (15,129) size 48x24
          RenderText {#text} at (0,5) size 41x14
            text run at (0,5) width 41: "X X X X"
