layer at (0,0) size 138x384
  RenderView at (0,0) size 96x26
layer at (0,0) size 138x384
  RenderBlock {HTML} at (0,0) size 96x384
    RenderBody {BODY} at (8,14) size 80x360
      RenderBlock {P} at (0,0) size 80x96
        RenderText {#text} at (0,0) size 80x96
          text run at (0,0) width 38: "There"
          text run at (0,16) width 80: "should be no"
          text run at (0,32) width 64: "red below,"
          text run at (0,48) width 47: "just two"
          text run at (0,64) width 37: "green"
          text run at (0,80) width 53: "squares."
      RenderBlock {DIV} at (10,110) size 120x120 [color=#008000] [bgcolor=#FF0000] [border: (10px solid #008000)]
        RenderBlock {P} at (20,10) size 90x10
          RenderText {#text} at (0,-1) size 7x12
            text run at (0,-1) width 7: "X"
        RenderBlock {DIV} at (20,20) size 90x10
          RenderBlock {P} at (10,0) size 80x10
            RenderText {#text} at (0,-1) size 7x12
              text run at (0,-1) width 7: "X"
        RenderBlock {P} at (10,30) size 50x10
          RenderText {#text} at (0,-1) size 7x12
            text run at (0,-1) width 7: "X"
        RenderBlock {P} at (35,40) size 50x10
          RenderText {#text} at (0,-1) size 7x12
            text run at (0,-1) width 7: "X"
        RenderBlock {P} at (60,50) size 50x10
          RenderText {#text} at (0,-1) size 7x12
            text run at (0,-1) width 7: "X"
        RenderBlock {P} at (10,60) size 100x10
          RenderText {#text} at (0,-1) size 7x12
            text run at (0,-1) width 7: "X"
        RenderBlock {P} at (10,70) size 100x10
          RenderText {#text} at (0,-1) size 7x12
            text run at (0,-1) width 7: "X"
        RenderBlock {P} at (10,80) size 100x10
          RenderText {#text} at (0,-1) size 7x12
            text run at (0,-1) width 7: "X"
        RenderBlock {P} at (10,90) size 50x10
          RenderText {#text} at (0,-1) size 7x12
            text run at (0,-1) width 7: "X"
        RenderBlock {P} at (10,100) size 100x10
          RenderText {#text} at (0,-1) size 7x12
            text run at (0,-1) width 7: "X"
      RenderBlock {DIV} at (10,240) size 120x120 [color=#008000] [bgcolor=#FF0000] [border: (10px solid #008000)]
        RenderBlock {P} at (20,10) size 90x10 [bgcolor=#008000]
          RenderText {#text} at (0,-1) size 7x12
            text run at (0,-1) width 7: "X"
        RenderBlock {DIV} at (20,20) size 90x10
          RenderBlock {P} at (10,0) size 80x10 [bgcolor=#008000]
            RenderText {#text} at (0,-1) size 7x12
              text run at (0,-1) width 7: "X"
        RenderBlock {P} at (10,30) size 50x10 [bgcolor=#008000]
          RenderText {#text} at (0,-1) size 7x12
            text run at (0,-1) width 7: "X"
        RenderBlock {P} at (35,40) size 50x10 [bgcolor=#008000]
          RenderText {#text} at (0,-1) size 7x12
            text run at (0,-1) width 7: "X"
        RenderBlock {P} at (60,50) size 50x10 [bgcolor=#008000]
          RenderText {#text} at (0,-1) size 7x12
            text run at (0,-1) width 7: "X"
        RenderBlock {P} at (10,60) size 100x10 [bgcolor=#008000]
          RenderText {#text} at (0,-1) size 7x12
            text run at (0,-1) width 7: "X"
        RenderBlock {P} at (10,70) size 100x10 [bgcolor=#008000]
          RenderText {#text} at (0,-1) size 7x12
            text run at (0,-1) width 7: "X"
        RenderBlock {P} at (10,80) size 100x10 [bgcolor=#008000]
          RenderText {#text} at (0,-1) size 7x12
            text run at (0,-1) width 7: "X"
        RenderBlock {P} at (10,90) size 50x10 [bgcolor=#008000]
          RenderText {#text} at (0,-1) size 7x12
            text run at (0,-1) width 7: "X"
        RenderBlock {P} at (10,100) size 100x10 [bgcolor=#008000]
          RenderText {#text} at (0,-1) size 7x12
            text run at (0,-1) width 7: "X"
