layer at (0,0) size 368x331
  RenderView at (0,0) size 96x26
layer at (0,0) size 368x331
  RenderBlock {HTML} at (0,0) size 96x331
    RenderBody {BODY} at (8,14) size 80x309
      RenderBlock {P} at (0,0) size 80x112
        RenderText {#text} at (0,0) size 80x112
          text run at (0,0) width 38: "There"
          text run at (0,16) width 80: "should be no"
          text run at (0,32) width 64: "red below,"
          text run at (0,48) width 45: "just the"
          text run at (0,64) width 77: "outline of an"
          text run at (0,80) width 79: "empty green"
          text run at (0,96) width 25: "box."
      RenderBlock {DIV} at (0,126) size 360x183 [color=#FFFFFF] [bgcolor=#FF0000] [border: (20px solid #008000)]
        RenderText {#text} at (40,39) size 265x62
          text run at (40,39) width 135: "xxxx xxxx xxxx "
          text run at (175,39) width 130: "xxxx xxxx xxxx"
          text run at (40,79) width 45: "xxxx "
        RenderImage {IMG} at (75,43) size 100x100 [border: (20px solid #FFFFFF)]
        RenderText {#text} at (165,79) size 260x65
          text run at (165,79) width 5: " "
          text run at (170,79) width 45: "xxxx "
          text run at (215,79) width 85: "xxxx xxxx"
          text run at (40,122) width 45: "xxxx "
          text run at (85,122) width 130: "xxxx xxxx xxxx"
