layer at (0,0) size 291x84
  RenderView at (0,0) size 96x26
layer at (0,0) size 291x84
  RenderBlock {HTML} at (0,0) size 96x84
    RenderBody {BODY} at (8,14) size 80x62
      RenderBlock {P} at (0,0) size 80x16
        RenderText {#text} at (0,0) size 283x16
          text run at (0,0) width 283: "The following two lines should look the same:"
      RenderBlock {DIV} at (0,30) size 80x16
        RenderInline {SPAN} at (0,0) size 9x16
          RenderInline (generated) at (0,0) size 9x16
            RenderCounter at (0,0) size 9x16
              text run at (0,0) width 9: "A"
        RenderText {#text} at (9,0) size 4x16
          text run at (9,0) width 4: " "
        RenderInline {SPAN} at (0,0) size 9x16
          RenderInline (generated) at (0,0) size 9x16
            RenderCounter at (13,0) size 9x16
              text run at (13,0) width 9: "B"
        RenderText {#text} at (22,0) size 4x16
          text run at (22,0) width 4: " "
        RenderInline {SPAN} at (0,0) size 10x16
          RenderInline (generated) at (0,0) size 10x16
            RenderCounter at (26,0) size 10x16
              text run at (26,0) width 10: "C"
        RenderText {#text} at (36,0) size 4x16
          text run at (36,0) width 4: " "
        RenderInline {SPAN} at (0,0) size 10x16
          RenderInline (generated) at (0,0) size 10x16
            RenderCounter at (40,0) size 10x16
              text run at (40,0) width 10: "D"
        RenderText {#text} at (50,0) size 4x16
          text run at (50,0) width 4: " "
        RenderInline {SPAN} at (0,0) size 9x16
          RenderInline (generated) at (0,0) size 9x16
            RenderCounter at (54,0) size 9x16
              text run at (54,0) width 9: "E"
        RenderText {#text} at (63,0) size 4x16
          text run at (63,0) width 4: " "
        RenderInline {SPAN} at (0,0) size 8x16
          RenderInline (generated) at (0,0) size 8x16
            RenderCounter at (67,0) size 8x16
              text run at (67,0) width 8: "F"
        RenderText {#text} at (75,0) size 4x16
          text run at (75,0) width 4: " "
        RenderInline {SPAN} at (0,0) size 11x16
          RenderInline (generated) at (0,0) size 11x16
            RenderCounter at (79,0) size 11x16
              text run at (79,0) width 11: "G"
        RenderText {#text} at (90,0) size 4x16
          text run at (90,0) width 4: " "
        RenderInline {SPAN} at (0,0) size 10x16
          RenderInline (generated) at (0,0) size 10x16
            RenderCounter at (94,0) size 10x16
              text run at (94,0) width 10: "H"
        RenderText {#text} at (104,0) size 4x16
          text run at (104,0) width 4: " "
        RenderInline {SPAN} at (0,0) size 4x16
          RenderInline (generated) at (0,0) size 4x16
            RenderCounter at (108,0) size 4x16
              text run at (108,0) width 4: "I"
        RenderText {#text} at (112,0) size 4x16
          text run at (112,0) width 4: " "
        RenderInline {SPAN} at (0,0) size 7x16
          RenderInline (generated) at (0,0) size 7x16
            RenderCounter at (116,0) size 7x16
              text run at (116,0) width 7: "J"
        RenderText {#text} at (123,0) size 4x16
          text run at (123,0) width 4: " "
        RenderInline {SPAN} at (0,0) size 9x16
          RenderInline (generated) at (0,0) size 9x16
            RenderCounter at (127,0) size 9x16
              text run at (127,0) width 9: "K"
        RenderText {#text} at (136,0) size 4x16
          text run at (136,0) width 4: " "
        RenderInline {SPAN} at (0,0) size 8x16
          RenderInline (generated) at (0,0) size 8x16
            RenderCounter at (140,0) size 8x16
              text run at (140,0) width 8: "L"
        RenderText {#text} at (0,0) size 0x0
      RenderBlock {DIV} at (0,46) size 80x16
        RenderText {#text} at (0,0) size 148x16
          text run at (0,0) width 13: "A "
          text run at (13,0) width 13: "B "
          text run at (26,0) width 14: "C "
          text run at (40,0) width 14: "D "
          text run at (54,0) width 13: "E "
          text run at (67,0) width 12: "F "
          text run at (79,0) width 15: "G "
          text run at (94,0) width 14: "H "
          text run at (108,0) width 8: "I "
          text run at (116,0) width 11: "J "
          text run at (127,0) width 13: "K "
          text run at (140,0) width 8: "L"
