layer at (0,0) size 215x84
  RenderView at (0,0) size 96x26
layer at (0,0) size 215x84
  RenderBlock {HTML} at (0,0) size 96x84
    RenderBody {BODY} at (8,14) size 80x62
      RenderBlock {P} at (0,0) size 80x16
        RenderText {#text} at (0,0) size 207x16
          text run at (0,0) width 207: "The following should be identical:"
      RenderBlock {DIV} at (0,30) size 80x16
        RenderInline {SPAN} at (0,0) size 8x16
          RenderInline (generated) at (0,0) size 8x16
            RenderCounter at (0,0) size 8x16
              text run at (0,0) width 8: "1"
        RenderInline {SPAN} at (0,0) size 8x16
          RenderInline (generated) at (0,0) size 8x16
            RenderCounter at (8,0) size 8x16
              text run at (8,0) width 8: "2"
      RenderBlock {DIV} at (0,46) size 80x16
        RenderText {#text} at (0,0) size 16x16
          text run at (0,0) width 16: "12"
