layer at (0,0) size 291x84
  RenderView at (0,0) size 96x26
layer at (0,0) size 291x84
  RenderBlock {HTML} at (0,0) size 96x84
    RenderBody {BODY} at (8,14) size 80x62
      RenderBlock {P} at (0,0) size 80x16
        RenderText {#text} at (0,0) size 283x16
          text run at (0,0) width 283: "The following two lines should look the same:"
      RenderBlock {DIV} at (0,30) size 80x16
        RenderInline {SPAN} at (0,0) size 31x16
          RenderInline (generated) at (0,0) size 31x16
            RenderCounter at (0,0) size 19x16
              text run at (0,0) width 19: "1.1"
            RenderText at (19,0) size 12x16
              text run at (19,0) width 12: " - "
        RenderInline {SPAN} at (0,0) size 28x16
          RenderInline (generated) at (0,0) size 28x16
            RenderCounter at (31,0) size 16x16
              text run at (31,0) width 16: "12"
            RenderText at (47,0) size 12x16
              text run at (47,0) width 12: " - "
        RenderInline {SPAN} at (0,0) size 83x16
          RenderInline (generated) at (0,0) size 83x16
            RenderCounter at (59,0) size 19x16
              text run at (59,0) width 19: "1.3"
            RenderText at (78,0) size 20x16
              text run at (78,0) width 12: "-- "
              text run at (90,0) width 8: "--"
            RenderCounter at (98,0) size 44x16
              text run at (98,0) width 44: "1-------3"
      RenderBlock {DIV} at (0,46) size 80x16
        RenderText {#text} at (0,0) size 142x16
          text run at (0,0) width 90: "1.1 - 12 - 1.3-- "
          text run at (90,0) width 52: "--1-------3"
