layer at (0,0) size 800x600
  RenderView at (0,0) size 800x600
layer at (0,0) size 800x84
  RenderBlock {HTML} at (0,0) size 800x84
    RenderBody {BODY} at (8,14) size 784x62
      RenderBlock {P} at (0,0) size 784x16
        RenderText {#text} at (0,0) size 283x16
          text run at (0,0) width 283: "The following two lines should look the same:"
      RenderBlock {DIV} at (0,30) size 784x16
        RenderInline {SPAN} at (0,0) size 4x16
          RenderInline (generated) at (0,0) size 4x16
            RenderCounter at (0,0) size 4x16
              text run at (0,0) width 4: "I"
        RenderText {#text} at (4,0) size 4x16
          text run at (4,0) width 4: " "
        RenderInline {SPAN} at (0,0) size 8x16
          RenderInline (generated) at (0,0) size 8x16
            RenderCounter at (8,0) size 8x16
              text run at (8,0) width 8: "II"
        RenderText {#text} at (16,0) size 4x16
          text run at (16,0) width 4: " "
        RenderInline {SPAN} at (0,0) size 12x16
          RenderInline (generated) at (0,0) size 12x16
            RenderCounter at (20,0) size 12x16
              text run at (20,0) width 12: "III"
        RenderText {#text} at (32,0) size 4x16
          text run at (32,0) width 4: " "
        RenderInline {SPAN} at (0,0) size 13x16
          RenderInline (generated) at (0,0) size 13x16
            RenderCounter at (36,0) size 13x16
              text run at (36,0) width 13: "IV"
        RenderText {#text} at (49,0) size 4x16
          text run at (49,0) width 4: " "
        RenderInline {SPAN} at (0,0) size 9x16
          RenderInline (generated) at (0,0) size 9x16
            RenderCounter at (53,0) size 9x16
              text run at (53,0) width 9: "V"
        RenderText {#text} at (62,0) size 4x16
          text run at (62,0) width 4: " "
        RenderInline {SPAN} at (0,0) size 13x16
          RenderInline (generated) at (0,0) size 13x16
            RenderCounter at (66,0) size 13x16
              text run at (66,0) width 13: "VI"
        RenderText {#text} at (79,0) size 4x16
          text run at (79,0) width 4: " "
        RenderInline {SPAN} at (0,0) size 17x16
          RenderInline (generated) at (0,0) size 17x16
            RenderCounter at (83,0) size 17x16
              text run at (83,0) width 17: "VII"
        RenderText {#text} at (100,0) size 4x16
          text run at (100,0) width 4: " "
        RenderInline {SPAN} at (0,0) size 21x16
          RenderInline (generated) at (0,0) size 21x16
            RenderCounter at (104,0) size 21x16
              text run at (104,0) width 21: "VIII"
        RenderText {#text} at (125,0) size 4x16
          text run at (125,0) width 4: " "
        RenderInline {SPAN} at (0,0) size 13x16
          RenderInline (generated) at (0,0) size 13x16
            RenderCounter at (129,0) size 13x16
              text run at (129,0) width 13: "IX"
        RenderText {#text} at (142,0) size 4x16
          text run at (142,0) width 4: " "
        RenderInline {SPAN} at (0,0) size 9x16
          RenderInline (generated) at (0,0) size 9x16
            RenderCounter at (146,0) size 9x16
              text run at (146,0) width 9: "X"
        RenderText {#text} at (155,0) size 4x16
          text run at (155,0) width 4: " "
        RenderInline {SPAN} at (0,0) size 13x16
          RenderInline (generated) at (0,0) size 13x16
            RenderCounter at (159,0) size 13x16
              text run at (159,0) width 13: "XI"
        RenderText {#text} at (172,0) size 4x16
          text run at (172,0) width 4: " "
        RenderInline {SPAN} at (0,0) size 17x16
          RenderInline (generated) at (0,0) size 17x16
            RenderCounter at (176,0) size 17x16
              text run at (176,0) width 17: "XII"
        RenderText {#text} at (193,0) size 4x16
          text run at (193,0) width 4: " "
        RenderInline {SPAN} at (0,0) size 30x16
          RenderInline (generated) at (0,0) size 30x16
            RenderCounter at (197,0) size 30x16
              text run at (197,0) width 30: "XLIX"
        RenderText {#text} at (227,0) size 4x16
          text run at (227,0) width 4: " "
        RenderInline {SPAN} at (0,0) size 8x16
          RenderInline (generated) at (0,0) size 8x16
            RenderCounter at (231,0) size 8x16
              text run at (231,0) width 8: "L"
        RenderText {#text} at (239,0) size 4x16
          text run at (239,0) width 4: " "
        RenderInline {SPAN} at (0,0) size 78x16
          RenderInline (generated) at (0,0) size 78x16
            RenderCounter at (243,0) size 78x16
              text run at (243,0) width 78: "CCCLXXXIX"
        RenderText {#text} at (321,0) size 4x16
          text run at (321,0) width 4: " "
        RenderInline {SPAN} at (0,0) size 49x16
          RenderInline (generated) at (0,0) size 49x16
            RenderCounter at (325,0) size 49x16
              text run at (325,0) width 49: "CCCXC"
        RenderText {#text} at (374,0) size 4x16
          text run at (374,0) width 4: " "
        RenderInline {SPAN} at (0,0) size 104x16
          RenderInline (generated) at (0,0) size 104x16
            RenderCounter at (378,0) size 104x16
              text run at (378,0) width 104: "MMMCDLXXXIX"
        RenderText {#text} at (482,0) size 4x16
          text run at (482,0) width 4: " "
        RenderInline {SPAN} at (0,0) size 75x16
          RenderInline (generated) at (0,0) size 75x16
            RenderCounter at (486,0) size 75x16
              text run at (486,0) width 75: "MMMCDXC"
        RenderText {#text} at (561,0) size 4x16
          text run at (561,0) width 4: " "
        RenderInline {SPAN} at (0,0) size 79x16
          RenderInline (generated) at (0,0) size 79x16
            RenderCounter at (565,0) size 79x16
              text run at (565,0) width 79: "MMMCDXCI"
        RenderText {#text} at (0,0) size 0x0
      RenderBlock {DIV} at (0,46) size 784x16
        RenderText {#text} at (0,0) size 644x16
          text run at (0,0) width 8: "I "
          text run at (8,0) width 12: "II "
          text run at (20,0) width 16: "III "
          text run at (36,0) width 17: "IV "
          text run at (53,0) width 13: "V "
          text run at (66,0) width 17: "VI "
          text run at (83,0) width 21: "VII "
          text run at (104,0) width 25: "VIII "
          text run at (129,0) width 17: "IX "
          text run at (146,0) width 13: "X "
          text run at (159,0) width 17: "XI "
          text run at (176,0) width 21: "XII "
          text run at (197,0) width 34: "XLIX "
          text run at (231,0) width 12: "L "
          text run at (243,0) width 82: "CCCLXXXIX "
          text run at (325,0) width 53: "CCCXC "
          text run at (378,0) width 108: "MMMCDLXXXIX "
          text run at (486,0) width 79: "MMMCDXC "
          text run at (565,0) width 79: "MMMCDXCI"
