layer at (0,0) size 800x600
  RenderView at (0,0) size 800x600
layer at (0,0) size 800x84
  RenderBlock {HTML} at (0,0) size 800x84
    RenderBody {BODY} at (8,14) size 784x62
      RenderBlock {P} at (0,0) size 784x16
        RenderText {#text} at (0,0) size 283x16
          text run at (0,0) width 283: "The following two lines should look the same:"
      RenderBlock {DIV} at (0,30) size 784x16
        RenderInline {SPAN} at (0,0) size 19x16
          RenderInline (generated) at (0,0) size 19x16
            RenderCounter at (0,0) size 19x16
              text run at (0,0) width 19: "a.a"
        RenderText {#text} at (19,0) size 4x16
          text run at (19,0) width 4: " "
        RenderInline {SPAN} at (0,0) size 18x16
          RenderInline (generated) at (0,0) size 18x16
            RenderCounter at (23,0) size 18x16
              text run at (23,0) width 18: "a.b"
        RenderText {#text} at (41,0) size 4x16
          text run at (41,0) width 4: " "
        RenderInline {SPAN} at (0,0) size 18x16
          RenderInline (generated) at (0,0) size 18x16
            RenderCounter at (45,0) size 18x16
              text run at (45,0) width 18: "a.c"
        RenderText {#text} at (63,0) size 4x16
          text run at (63,0) width 4: " "
        RenderInline {SPAN} at (0,0) size 19x16
          RenderInline (generated) at (0,0) size 19x16
            RenderCounter at (67,0) size 19x16
              text run at (67,0) width 19: "a.d"
        RenderText {#text} at (86,0) size 4x16
          text run at (86,0) width 4: " "
        RenderInline {SPAN} at (0,0) size 19x16
          RenderInline (generated) at (0,0) size 19x16
            RenderCounter at (90,0) size 19x16
              text run at (90,0) width 19: "a.e"
        RenderText {#text} at (109,0) size 4x16
          text run at (109,0) width 4: " "
        RenderInline {SPAN} at (0,0) size 15x16
          RenderInline (generated) at (0,0) size 15x16
            RenderCounter at (113,0) size 15x16
              text run at (113,0) width 15: "a.f"
        RenderText {#text} at (128,0) size 4x16
          text run at (128,0) width 4: " "
        RenderInline {SPAN} at (0,0) size 19x16
          RenderInline (generated) at (0,0) size 19x16
            RenderCounter at (132,0) size 19x16
              text run at (132,0) width 19: "a.g"
        RenderText {#text} at (151,0) size 4x16
          text run at (151,0) width 4: " "
        RenderInline {SPAN} at (0,0) size 19x16
          RenderInline (generated) at (0,0) size 19x16
            RenderCounter at (155,0) size 19x16
              text run at (155,0) width 19: "a.h"
        RenderText {#text} at (174,0) size 4x16
          text run at (174,0) width 4: " "
        RenderInline {SPAN} at (0,0) size 14x16
          RenderInline (generated) at (0,0) size 14x16
            RenderCounter at (178,0) size 14x16
              text run at (178,0) width 14: "a.i"
        RenderText {#text} at (192,0) size 4x16
          text run at (192,0) width 4: " "
        RenderInline {SPAN} at (0,0) size 14x16
          RenderInline (generated) at (0,0) size 14x16
            RenderCounter at (196,0) size 14x16
              text run at (196,0) width 14: "a.j"
        RenderText {#text} at (210,0) size 4x16
          text run at (210,0) width 4: " "
        RenderInline {SPAN} at (0,0) size 18x16
          RenderInline (generated) at (0,0) size 18x16
            RenderCounter at (214,0) size 18x16
              text run at (214,0) width 18: "a.k"
        RenderText {#text} at (232,0) size 4x16
          text run at (232,0) width 4: " "
        RenderInline {SPAN} at (0,0) size 14x16
          RenderInline (generated) at (0,0) size 14x16
            RenderCounter at (236,0) size 14x16
              text run at (236,0) width 14: "a.l"
        RenderText {#text} at (0,0) size 0x0
      RenderBlock {DIV} at (0,46) size 784x16
        RenderText {#text} at (0,0) size 250x16
          text run at (0,0) width 23: "a.a "
          text run at (23,0) width 22: "a.b "
          text run at (45,0) width 22: "a.c "
          text run at (67,0) width 23: "a.d "
          text run at (90,0) width 23: "a.e "
          text run at (113,0) width 19: "a.f "
          text run at (132,0) width 23: "a.g "
          text run at (155,0) width 23: "a.h "
          text run at (178,0) width 18: "a.i "
          text run at (196,0) width 18: "a.j "
          text run at (214,0) width 22: "a.k "
          text run at (236,0) width 14: "a.l"
