layer at (0,0) size 800x600
  RenderView at (0,0) size 800x600
layer at (0,0) size 800x198
  RenderBlock {HTML} at (0,0) size 800x198
    RenderBody {BODY} at (8,14) size 784x170 [color=#000080]
      RenderBlock {P} at (0,0) size 784x19
        RenderText {#text} at (0,0) size 235x19
          text run at (0,0) width 235: "Each bullet should look as described."
      RenderBlock {UL} at (0,33) size 784x66
        RenderListItem {LI} at (40,0) size 744x22
          RenderListMarker at (-24,0) size 17x17
          RenderText {#text} at (0,3) size 88x19
            text run at (0,3) width 88: "purple square"
        RenderListItem {LI} at (40,22) size 744x22
          RenderListMarker at (-24,0) size 17x17
          RenderText {#text} at (0,3) size 88x19
            text run at (0,3) width 88: "purple square"
        RenderListItem {LI} at (40,44) size 744x22
          RenderListMarker at (-24,0) size 17x17
          RenderText {#text} at (0,3) size 88x19
            text run at (0,3) width 88: "purple square"
      RenderBlock {UL} at (0,113) size 784x57
        RenderListItem {LI} at (40,0) size 744x19
          RenderListMarker at (-17,0) size 7x19: bullet
          RenderText {#text} at (0,0) size 25x19
            text run at (0,0) width 25: "disc"
        RenderListItem {LI} at (40,19) size 744x19
          RenderListMarker at (-17,0) size 7x19: bullet
          RenderText {#text} at (0,0) size 25x19
            text run at (0,0) width 25: "disc"
        RenderListItem {LI} at (40,38) size 744x19
          RenderListMarker at (-17,0) size 7x19: bullet
          RenderText {#text} at (0,0) size 25x19
            text run at (0,0) width 25: "disc"
