layer at (0,0) size 280x84
  RenderView at (0,0) size 96x26
layer at (0,0) size 280x84
  RenderBlock {HTML} at (0,0) size 96x84
    RenderBody {BODY} at (8,14) size 80x62
      RenderBlock {P} at (0,0) size 80x16
        RenderText {#text} at (0,0) size 272x16
          text run at (0,0) width 272: "The following two lines should be the same:"
      RenderBlock {DIV} at (0,30) size 80x16
        RenderInline {SPAN} at (0,0) size 170x16
          RenderInline (generated) at (0,0) size 21x16
            RenderText at (0,0) size 9x16
              text run at (0,0) width 9: "B"
            RenderCounter at (9,0) size 8x16
              text run at (9,0) width 8: "1"
            RenderText at (17,0) size 4x16
              text run at (17,0) width 4: "-"
          RenderInline {SPAN} at (0,0) size 128x16
            RenderInline (generated) at (0,0) size 32x16
              RenderText at (21,0) size 9x16
                text run at (21,0) width 9: "B"
              RenderCounter at (30,0) size 19x16
                text run at (30,0) width 19: "1.1"
              RenderText at (49,0) size 4x16
                text run at (49,0) width 4: "-"
            RenderInline {SPAN} at (0,0) size 64x16
              RenderInline (generated) at (0,0) size 32x16
                RenderText at (53,0) size 9x16
                  text run at (53,0) width 9: "B"
                RenderCounter at (62,0) size 19x16
                  text run at (62,0) width 19: "1.2"
                RenderText at (81,0) size 4x16
                  text run at (81,0) width 4: "-"
              RenderInline (generated) at (0,0) size 32x16
                RenderText at (85,0) size 9x16
                  text run at (85,0) width 9: "A"
                RenderCounter at (94,0) size 19x16
                  text run at (94,0) width 19: "1.3"
                RenderText at (113,0) size 4x16
                  text run at (113,0) width 4: "-"
            RenderInline (generated) at (0,0) size 32x16
              RenderText at (117,0) size 9x16
                text run at (117,0) width 9: "A"
              RenderCounter at (126,0) size 19x16
                text run at (126,0) width 19: "1.4"
              RenderText at (145,0) size 4x16
                text run at (145,0) width 4: "-"
          RenderInline (generated) at (0,0) size 21x16
            RenderText at (149,0) size 9x16
              text run at (149,0) width 9: "A"
            RenderCounter at (158,0) size 8x16
              text run at (158,0) width 8: "2"
            RenderText at (166,0) size 4x16
              text run at (166,0) width 4: "-"
      RenderBlock {DIV} at (0,46) size 80x16
        RenderText {#text} at (0,0) size 170x16
          text run at (0,0) width 170: "B1-B1.1-B1.2-A1.3-A1.4-A2-"
