layer at (0,0) size 274x84
  RenderView at (0,0) size 96x26
layer at (0,0) size 274x84
  RenderBlock {HTML} at (0,0) size 96x84
    RenderBody {BODY} at (8,14) size 80x62
      RenderBlock {P} at (0,0) size 80x16
        RenderText {#text} at (0,0) size 266x16
          text run at (0,0) width 266: "The following two lines should be identical:"
      RenderBlock {DIV} at (0,30) size 80x16
        RenderInline {SPAN} at (0,0) size 12x16
          RenderInline (generated) at (0,0) size 12x16
            RenderCounter at (0,0) size 8x16
              text run at (0,0) width 8: "0"
            RenderText at (8,0) size 4x16
              text run at (8,0) width 4: " "
        RenderInline {SPAN} at (0,0) size 8x16
          RenderInline {SPAN} at (0,0) size 8x16
            RenderInline (generated) at (0,0) size 8x16
              RenderCounter at (12,0) size 8x16
                text run at (12,0) width 8: "1"
              RenderText at (0,0) size 0x0
      RenderBlock {DIV} at (0,46) size 80x16
        RenderText {#text} at (0,0) size 20x16
          text run at (0,0) width 20: "0 1"
