layer at (0,0) size 800x600
  RenderView at (0,0) size 800x600
layer at (0,0) size 800x175
  RenderBlock {HTML} at (0,0) size 800x175
    RenderBody {BODY} at (8,14) size 784x153
      RenderBlock {P} at (0,0) size 784x16
        RenderText {#text} at (0,0) size 716x16
          text run at (0,0) width 401: "You should see nine boxes below, each just containing a unique "
          text run at (401,0) width 315: "multiple of eleven, from 11 to 99, and nothing else."
      RenderBlock {UL} at (0,30) size 784x123
        RenderBlock {LI} at (0,0) size 44x18 [border: (1px solid #000000)]
          RenderInline (generated) at (0,0) size 8x16
            RenderCounter at (1,1) size 8x16
              text run at (1,1) width 8: "1"
          RenderText {#text} at (9,1) size 8x16
            text run at (9,1) width 8: "1"
        RenderBlock (floating) {LI} at (0,18) size 44x18 [border: (1px solid #000000)]
          RenderInline (generated) at (0,0) size 8x16
            RenderCounter at (1,1) size 8x16
              text run at (1,1) width 8: "2"
          RenderText {#text} at (9,1) size 8x16
            text run at (9,1) width 8: "2"
        RenderBlock {LI} at (0,69) size 44x18 [border: (1px solid #000000)]
          RenderInline (generated) at (0,0) size 8x16
            RenderCounter at (1,1) size 8x16
              text run at (1,1) width 8: "5"
          RenderText {#text} at (9,1) size 8x16
            text run at (9,1) width 8: "5"
        RenderBlock {LI} at (0,87) size 44x18 [border: (1px solid #000000)]
          RenderInline (generated) at (0,0) size 8x16
            RenderCounter at (1,1) size 8x16
              text run at (1,1) width 8: "7"
          RenderText {#text} at (9,1) size 8x16
            text run at (9,1) width 8: "7"
        RenderBlock {LI} at (0,105) size 44x18 [border: (1px solid #000000)]
          RenderInline (generated) at (0,0) size 8x16
            RenderCounter at (1,1) size 8x16
              text run at (1,1) width 8: "9"
          RenderText {#text} at (9,1) size 8x16
            text run at (9,1) width 8: "9"
layer at (8,62) size 44x35
  RenderBlock (relative positioned) {LI} at (0,18) size 44x35 [border: (1px solid #000000)]
    RenderInline (generated) at (0,0) size 8x16
      RenderCounter at (1,18) size 8x16
        text run at (1,18) width 8: "3"
    RenderText {#text} at (9,18) size 8x16
      text run at (9,18) width 8: "3"
layer at (8,97) size 42x16
  RenderBlock (relative positioned) {LI} at (0,53) size 42x16
    RenderInline (generated) at (0,0) size 8x16
      RenderCounter at (0,0) size 8x16
        text run at (0,0) width 8: "4"
layer at (120,113) size 44x18
  RenderBlock (positioned) {DIV} at (112,16) size 44x18 [border: (1px solid #000000)]
    RenderInline (generated) at (0,0) size 8x16
      RenderCounter at (1,1) size 8x16
        text run at (1,1) width 8: "4"
    RenderText {#text} at (9,1) size 8x16
      text run at (9,1) width 8: "4"
layer at (168,70) size 44x18
  RenderBlock (positioned) {LI} at (168,70) size 44x18 [border: (1px solid #000000)]
    RenderInline (generated) at (0,0) size 8x16
      RenderCounter at (1,1) size 8x16
        text run at (1,1) width 8: "6"
    RenderText {#text} at (9,1) size 8x16
      text run at (9,1) width 8: "6"
layer at (56,112) size 44x18
  RenderBlock (positioned) {LI} at (56,112) size 44x18 [border: (1px solid #000000)]
    RenderInline (generated) at (0,0) size 8x16
      RenderCounter at (1,1) size 8x16
        text run at (1,1) width 8: "8"
    RenderText {#text} at (9,1) size 8x16
      text run at (9,1) width 8: "8"
