layer at (0,0) size 280x84
  RenderView at (0,0) size 96x26
layer at (0,0) size 280x84
  RenderBlock {HTML} at (0,0) size 96x84
    RenderBody {BODY} at (8,14) size 80x62
      RenderBlock {P} at (0,0) size 80x16
        RenderText {#text} at (0,0) size 272x16
          text run at (0,0) width 272: "The following two lines should be the same:"
      RenderBlock {DIV} at (0,30) size 80x16
        RenderInline {SPAN} at (0,0) size 137x16
          RenderInline (generated) at (0,0) size 21x16
            RenderText at (0,0) size 9x16
              text run at (0,0) width 9: "B"
            RenderCounter at (9,0) size 8x16
              text run at (9,0) width 8: "1"
            RenderText at (17,0) size 4x16
              text run at (17,0) width 4: "-"
          RenderInline {SPAN} at (0,0) size 95x16
            RenderInline (generated) at (0,0) size 21x16
              RenderText at (21,0) size 9x16
                text run at (21,0) width 9: "B"
              RenderCounter at (30,0) size 8x16
                text run at (30,0) width 8: "2"
              RenderText at (38,0) size 4x16
                text run at (38,0) width 4: "-"
            RenderInline {SPAN} at (0,0) size 42x16
              RenderInline (generated) at (0,0) size 21x16
                RenderText at (42,0) size 9x16
                  text run at (42,0) width 9: "B"
                RenderCounter at (51,0) size 8x16
                  text run at (51,0) width 8: "3"
                RenderText at (59,0) size 4x16
                  text run at (59,0) width 4: "-"
              RenderInline (generated) at (0,0) size 21x16
                RenderText at (63,0) size 9x16
                  text run at (63,0) width 9: "A"
                RenderCounter at (72,0) size 8x16
                  text run at (72,0) width 8: "4"
                RenderText at (80,0) size 4x16
                  text run at (80,0) width 4: "-"
            RenderInline (generated) at (0,0) size 32x16
              RenderText at (84,0) size 9x16
                text run at (84,0) width 9: "A"
              RenderCounter at (93,0) size 19x16
                text run at (93,0) width 19: "4.1"
              RenderText at (112,0) size 4x16
                text run at (112,0) width 4: "-"
          RenderInline (generated) at (0,0) size 21x16
            RenderText at (116,0) size 9x16
              text run at (116,0) width 9: "A"
            RenderCounter at (125,0) size 8x16
              text run at (125,0) width 8: "5"
            RenderText at (133,0) size 4x16
              text run at (133,0) width 4: "-"
      RenderBlock {DIV} at (0,46) size 80x16
        RenderText {#text} at (0,0) size 137x16
          text run at (0,0) width 137: "B1-B2-B3-A4-A4.1-A5-"
