layer at (0,0) size 800x600
  RenderView at (0,0) size 800x600
layer at (0,0) size 800x180
  RenderBlock {HTML} at (0,0) size 800x180
    RenderBody {BODY} at (8,14) size 784x158
      RenderBlock {P} at (0,0) size 784x16 [color=#000080]
        RenderText {#text} at (0,0) size 743x16
          text run at (0,0) width 743: "There should be eight numbered lines below, all identical except for the numbering, which should match the description."
      RenderListItem {DIV} at (0,30) size 784x16 [color=#000080]
        RenderListMarker at (0,0) size 15x16: "1"
        RenderText {#text} at (15,0) size 152x16
          text run at (15,0) width 152: " This should be line one."
      RenderBlock {DIV} at (0,46) size 784x16 [color=#000080]
        RenderText {#text} at (0,0) size 161x16
          text run at (0,0) width 161: "2. This should be line two."
      RenderBlock (anonymous) at (0,62) size 784x16
        RenderInline {DIV} at (0,0) size 91x16 [color=#000080]
          RenderText {#text} at (0,0) size 91x16
            text run at (0,0) width 91: "3. This should "
        RenderText {#text} at (0,0) size 0x0
        RenderInline {DIV} at (0,0) size 81x16 [color=#000080]
          RenderText {#text} at (91,0) size 81x16
            text run at (91,0) width 81: "be line three."
        RenderText {#text} at (0,0) size 0x0
      RenderBlock {DIV} at (0,78) size 784x16 [color=#000080]
        RenderText {#text} at (0,0) size 163x16
          text run at (0,0) width 163: "4. This should be line four."
      RenderBlock {DIV} at (0,94) size 784x16 [color=#000080]
        RenderText {#text} at (0,0) size 161x16
          text run at (0,0) width 161: "5. This should be line five."
        RenderText {#text} at (0,0) size 0x0
      RenderBlock {DIV} at (0,110) size 784x48 [color=#000080]
        RenderBlock (anonymous) at (0,0) size 784x16
          RenderText {#text} at (0,0) size 156x16
            text run at (0,0) width 156: "6. This should be line six."
        RenderBlock {A} at (0,16) size 784x16
          RenderText {#text} at (0,0) size 177x16
            text run at (0,0) width 177: "7. This should be line seven."
        RenderBlock (anonymous) at (0,32) size 784x16
          RenderText {#text} at (0,0) size 170x16
            text run at (0,0) width 170: "8. This should be line eight."
