layer at (0,0) size 800x600
  RenderView at (0,0) size 800x600
layer at (0,0) size 800x292
  RenderBlock {HTML} at (0,0) size 800x292
    RenderBody {BODY} at (8,14) size 784x264 [color=#000080]
      RenderBlock {P} at (0,0) size 784x16
        RenderText {#text} at (0,0) size 459x16
          text run at (0,0) width 459: "Each bullet should look as described, and there should be no red present."
      RenderBlock {UL} at (0,30) size 784x48
        RenderListItem {LI} at (40,0) size 744x16
          RenderListMarker at (-16,0) size 6x16: bullet
          RenderText {#text} at (0,0) size 25x16
            text run at (0,0) width 25: "disc"
        RenderListItem {LI} at (40,16) size 744x16
          RenderListMarker at (-16,0) size 6x16: bullet
          RenderText {#text} at (0,0) size 25x16
            text run at (0,0) width 25: "disc"
        RenderListItem {LI} at (40,32) size 744x16
          RenderListMarker at (-16,0) size 6x16: bullet
          RenderText {#text} at (0,0) size 25x16
            text run at (0,0) width 25: "disc"
      RenderBlock {UL} at (0,92) size 784x48
        RenderListItem {LI} at (40,0) size 744x16
          RenderListMarker at (-16,0) size 6x16: white bullet
          RenderText {#text} at (0,0) size 33x16
            text run at (0,0) width 33: "circle"
        RenderListItem {LI} at (40,16) size 744x16
          RenderListMarker at (-16,0) size 6x16: white bullet
          RenderText {#text} at (0,0) size 33x16
            text run at (0,0) width 33: "circle"
        RenderListItem {LI} at (40,32) size 744x16
          RenderListMarker at (-16,0) size 6x16: white bullet
          RenderText {#text} at (0,0) size 33x16
            text run at (0,0) width 33: "circle"
      RenderBlock {UL} at (0,154) size 784x48
        RenderListItem {LI} at (40,0) size 744x16
          RenderListMarker at (-16,0) size 6x16: black square
          RenderText {#text} at (0,0) size 43x16
            text run at (0,0) width 43: "square"
        RenderListItem {LI} at (40,16) size 744x16
          RenderListMarker at (-16,0) size 6x16: black square
          RenderText {#text} at (0,0) size 43x16
            text run at (0,0) width 43: "square"
        RenderListItem {LI} at (40,32) size 744x16
          RenderListMarker at (-16,0) size 6x16: black square
          RenderText {#text} at (0,0) size 43x16
            text run at (0,0) width 43: "square"
      RenderBlock {UL} at (0,216) size 784x48 [color=#FF0000]
        RenderListItem {LI} at (40,0) size 744x16
          RenderText {#text} at (0,0) size 4x16
            text run at (0,0) width 4: " "
        RenderListItem {LI} at (40,16) size 744x16
          RenderText {#text} at (0,0) size 4x16
            text run at (0,0) width 4: " "
        RenderListItem {LI} at (40,32) size 744x16
          RenderText {#text} at (0,0) size 4x16
            text run at (0,0) width 4: " "
