layer at (0,0) size 800x600
  RenderView at (0,0) size 800x600
layer at (0,0) size 800x94
  RenderBlock {HTML} at (0,0) size 800x94
    RenderBody {BODY} at (8,14) size 784x72
      RenderBlock {P} at (0,0) size 784x20
        RenderText {#text} at (0,0) size 223x19
          text run at (0,0) width 223: "The following two lines should look "
        RenderInline {EM} at (0,0) size 89x19
          RenderText {#text} at (223,0) size 89x19
            text run at (223,0) width 89: "approximately"
        RenderText {#text} at (312,0) size 67x19
          text run at (312,0) width 67: " the same:"
      RenderBlock {DIV} at (0,34) size 784x19
        RenderInline {SPAN} at (0,0) size 14x19
          RenderInline (generated) at (0,0) size 14x19
            RenderCounter at (0,0) size 14x19
              text run at (0,0) width 14: "\x{2022}.\x{2022}"
        RenderText {#text} at (14,0) size 4x19
          text run at (14,0) width 4: " "
        RenderInline {SPAN} at (0,0) size 14x19
          RenderInline (generated) at (0,0) size 14x19
            RenderCounter at (18,0) size 14x19
              text run at (18,0) width 14: "\x{2022}.\x{2022}"
        RenderText {#text} at (32,0) size 4x19
          text run at (32,0) width 4: " "
        RenderInline {SPAN} at (0,0) size 14x19
          RenderInline (generated) at (0,0) size 14x19
            RenderCounter at (36,0) size 14x19
              text run at (36,0) width 14: "\x{2022}.\x{2022}"
        RenderText {#text} at (50,0) size 4x19
          text run at (50,0) width 4: " "
        RenderInline {SPAN} at (0,0) size 14x19
          RenderInline (generated) at (0,0) size 14x19
            RenderCounter at (54,0) size 14x19
              text run at (54,0) width 14: "\x{2022}.\x{2022}"
        RenderText {#text} at (68,0) size 4x19
          text run at (68,0) width 4: " "
        RenderInline {SPAN} at (0,0) size 14x19
          RenderInline (generated) at (0,0) size 14x19
            RenderCounter at (72,0) size 14x19
              text run at (72,0) width 14: "\x{2022}.\x{2022}"
        RenderText {#text} at (86,0) size 4x19
          text run at (86,0) width 4: " "
        RenderInline {SPAN} at (0,0) size 14x19
          RenderInline (generated) at (0,0) size 14x19
            RenderCounter at (90,0) size 14x19
              text run at (90,0) width 14: "\x{2022}.\x{2022}"
        RenderText {#text} at (104,0) size 4x19
          text run at (104,0) width 4: " "
        RenderInline {SPAN} at (0,0) size 14x19
          RenderInline (generated) at (0,0) size 14x19
            RenderCounter at (108,0) size 14x19
              text run at (108,0) width 14: "\x{2022}.\x{2022}"
        RenderText {#text} at (122,0) size 4x19
          text run at (122,0) width 4: " "
        RenderInline {SPAN} at (0,0) size 14x19
          RenderInline (generated) at (0,0) size 14x19
            RenderCounter at (126,0) size 14x19
              text run at (126,0) width 14: "\x{2022}.\x{2022}"
        RenderText {#text} at (140,0) size 4x19
          text run at (140,0) width 4: " "
        RenderInline {SPAN} at (0,0) size 14x19
          RenderInline (generated) at (0,0) size 14x19
            RenderCounter at (144,0) size 14x19
              text run at (144,0) width 14: "\x{2022}.\x{2022}"
        RenderText {#text} at (158,0) size 4x19
          text run at (158,0) width 4: " "
        RenderInline {SPAN} at (0,0) size 14x19
          RenderInline (generated) at (0,0) size 14x19
            RenderCounter at (162,0) size 14x19
              text run at (162,0) width 14: "\x{2022}.\x{2022}"
        RenderText {#text} at (176,0) size 4x19
          text run at (176,0) width 4: " "
        RenderInline {SPAN} at (0,0) size 14x19
          RenderInline (generated) at (0,0) size 14x19
            RenderCounter at (180,0) size 14x19
              text run at (180,0) width 14: "\x{2022}.\x{2022}"
        RenderText {#text} at (194,0) size 4x19
          text run at (194,0) width 4: " "
        RenderInline {SPAN} at (0,0) size 14x19
          RenderInline (generated) at (0,0) size 14x19
            RenderCounter at (198,0) size 14x19
              text run at (198,0) width 14: "\x{2022}.\x{2022}"
        RenderText {#text} at (0,0) size 0x0
      RenderBlock {DIV} at (0,53) size 784x19
        RenderText {#text} at (0,0) size 212x19
          text run at (0,0) width 18: "\x{2022}.\x{2022} "
          text run at (18,0) width 18: "\x{2022}.\x{2022} "
          text run at (36,0) width 18: "\x{2022}.\x{2022} "
          text run at (54,0) width 18: "\x{2022}.\x{2022} "
          text run at (72,0) width 18: "\x{2022}.\x{2022} "
          text run at (90,0) width 18: "\x{2022}.\x{2022} "
          text run at (108,0) width 18: "\x{2022}.\x{2022} "
          text run at (126,0) width 18: "\x{2022}.\x{2022} "
          text run at (144,0) width 18: "\x{2022}.\x{2022} "
          text run at (162,0) width 18: "\x{2022}.\x{2022} "
          text run at (180,0) width 18: "\x{2022}.\x{2022} "
          text run at (198,0) width 14: "\x{2022}.\x{2022}"
