layer at (0,0) size 800x600
  RenderView at (0,0) size 800x600
layer at (0,0) size 800x85
  RenderBlock {HTML} at (0,0) size 800x85
    RenderBody {BODY} at (8,14) size 784x63
      RenderBlock {P} at (0,0) size 784x16
        RenderText {#text} at (0,0) size 350x16
          text run at (0,0) width 350: "The following two boxes should be identical, to the pixel."
      RenderBlock {OL} at (70,30) size 140x16 [color=#FFFFFF] [bgcolor=#000080]
        RenderListItem {LI} at (0,0) size 140x16
          RenderListMarker at (-19,0) size 15x16: "1"
          RenderInline {SPAN} at (0,0) size 11x16 [color=#000080]
            RenderText {#text} at (0,0) size 11x16
              text run at (0,0) width 11: "1."
          RenderText {#text} at (11,0) size 32x16
            text run at (11,0) width 32: " Test"
      RenderBlock {OL} at (70,47) size 140x16 [color=#000080] [bgcolor=#000080]
        RenderListItem {LI} at (0,0) size 140x16
          RenderListMarker at (0,0) size 15x16: "1"
          RenderInline {SPAN} at (0,0) size 32x16 [color=#FFFFFF]
            RenderText {#text} at (15,0) size 32x16
              text run at (15,0) width 32: " Test"
