layer at (0,0) size 304x84
  RenderView at (0,0) size 96x26
layer at (0,0) size 304x84
  RenderBlock {HTML} at (0,0) size 96x84
    RenderBody {BODY} at (8,14) size 80x62
      RenderBlock {P} at (0,0) size 80x16
        RenderText {#text} at (0,0) size 283x16
          text run at (0,0) width 283: "The following two lines should look the same:"
      RenderBlock {DIV} at (0,30) size 80x16
        RenderInline {SPAN} at (0,0) size 19x16
          RenderInline (generated) at (0,0) size 19x16
            RenderCounter at (0,0) size 19x16
              text run at (0,0) width 19: "1.1"
        RenderText {#text} at (19,0) size 4x16
          text run at (19,0) width 4: " "
        RenderInline {SPAN} at (0,0) size 19x16
          RenderInline (generated) at (0,0) size 19x16
            RenderCounter at (23,0) size 19x16
              text run at (23,0) width 19: "1.2"
        RenderText {#text} at (42,0) size 4x16
          text run at (42,0) width 4: " "
        RenderInline {SPAN} at (0,0) size 19x16
          RenderInline (generated) at (0,0) size 19x16
            RenderCounter at (46,0) size 19x16
              text run at (46,0) width 19: "1.3"
        RenderText {#text} at (65,0) size 4x16
          text run at (65,0) width 4: " "
        RenderInline {SPAN} at (0,0) size 19x16
          RenderInline (generated) at (0,0) size 19x16
            RenderCounter at (69,0) size 19x16
              text run at (69,0) width 19: "1.4"
        RenderText {#text} at (88,0) size 4x16
          text run at (88,0) width 4: " "
        RenderInline {SPAN} at (0,0) size 19x16
          RenderInline (generated) at (0,0) size 19x16
            RenderCounter at (92,0) size 19x16
              text run at (92,0) width 19: "1.5"
        RenderText {#text} at (111,0) size 4x16
          text run at (111,0) width 4: " "
        RenderInline {SPAN} at (0,0) size 19x16
          RenderInline (generated) at (0,0) size 19x16
            RenderCounter at (115,0) size 19x16
              text run at (115,0) width 19: "1.6"
        RenderText {#text} at (134,0) size 4x16
          text run at (134,0) width 4: " "
        RenderInline {SPAN} at (0,0) size 19x16
          RenderInline (generated) at (0,0) size 19x16
            RenderCounter at (138,0) size 19x16
              text run at (138,0) width 19: "1.7"
        RenderText {#text} at (157,0) size 4x16
          text run at (157,0) width 4: " "
        RenderInline {SPAN} at (0,0) size 19x16
          RenderInline (generated) at (0,0) size 19x16
            RenderCounter at (161,0) size 19x16
              text run at (161,0) width 19: "1.8"
        RenderText {#text} at (180,0) size 4x16
          text run at (180,0) width 4: " "
        RenderInline {SPAN} at (0,0) size 19x16
          RenderInline (generated) at (0,0) size 19x16
            RenderCounter at (184,0) size 19x16
              text run at (184,0) width 19: "1.9"
        RenderText {#text} at (203,0) size 4x16
          text run at (203,0) width 4: " "
        RenderInline {SPAN} at (0,0) size 27x16
          RenderInline (generated) at (0,0) size 27x16
            RenderCounter at (207,0) size 27x16
              text run at (207,0) width 27: "1.10"
        RenderText {#text} at (234,0) size 4x16
          text run at (234,0) width 4: " "
        RenderInline {SPAN} at (0,0) size 27x16
          RenderInline (generated) at (0,0) size 27x16
            RenderCounter at (238,0) size 27x16
              text run at (238,0) width 27: "1.11"
        RenderText {#text} at (265,0) size 4x16
          text run at (265,0) width 4: " "
        RenderInline {SPAN} at (0,0) size 27x16
          RenderInline (generated) at (0,0) size 27x16
            RenderCounter at (269,0) size 27x16
              text run at (269,0) width 27: "1.12"
        RenderText {#text} at (0,0) size 0x0
      RenderBlock {DIV} at (0,46) size 80x16
        RenderText {#text} at (0,0) size 296x16
          text run at (0,0) width 23: "1.1 "
          text run at (23,0) width 23: "1.2 "
          text run at (46,0) width 23: "1.3 "
          text run at (69,0) width 23: "1.4 "
          text run at (92,0) width 23: "1.5 "
          text run at (115,0) width 23: "1.6 "
          text run at (138,0) width 23: "1.7 "
          text run at (161,0) width 23: "1.8 "
          text run at (184,0) width 23: "1.9 "
          text run at (207,0) width 31: "1.10 "
          text run at (238,0) width 31: "1.11 "
          text run at (269,0) width 27: "1.12"
