layer at (0,0) size 179x128
  RenderView at (0,0) size 96x26
layer at (0,0) size 179x128
  RenderBlock {HTML} at (0,0) size 96x128
    RenderBody {BODY} at (8,14) size 80x99
      RenderBlock {P} at (0,0) size 80x48
        RenderText {#text} at (0,0) size 80x48
          text run at (0,0) width 38: "There"
          text run at (0,16) width 80: "should be no"
          text run at (0,32) width 64: "red below."
      RenderBlock {UL} at (75,63) size 96x36 [color=#00FF00] [bgcolor=#FF0000] [border: (3px solid #000000)]
        RenderListItem {LI} at (3,3) size 90x30
          RenderListMarker at (0,-1) size 18x17: "A"
          RenderText {#text} at (18,-1) size 82x32
            text run at (18,-1) width 64: " x x xx xx"
            text run at (0,14) width 20: "x x"
