layer at (0,0) size 800x600
  RenderView at (0,0) size 800x600
layer at (0,0) size 800x84
  RenderBlock {HTML} at (0,0) size 800x84
    RenderBody {BODY} at (8,14) size 784x62
      RenderBlock {P} at (0,0) size 784x16
        RenderText {#text} at (0,0) size 222x16
          text run at (0,0) width 222: "The following two lines should look "
        RenderInline {EM} at (0,0) size 88x16
          RenderText {#text} at (222,0) size 88x16
            text run at (222,0) width 88: "approximately"
        RenderText {#text} at (310,0) size 65x16
          text run at (310,0) width 65: " the same:"
      RenderBlock {DIV} at (0,30) size 784x16
        RenderInline {SPAN} at (0,0) size 6x16
          RenderInline (generated) at (0,0) size 6x16
            RenderCounter at (0,0) size 6x16
              text run at (0,0) width 6: "\x{25E6}"
        RenderText {#text} at (6,0) size 4x16
          text run at (6,0) width 4: " "
        RenderInline {SPAN} at (0,0) size 6x16
          RenderInline (generated) at (0,0) size 6x16
            RenderCounter at (10,0) size 6x16
              text run at (10,0) width 6: "\x{25E6}"
        RenderText {#text} at (16,0) size 4x16
          text run at (16,0) width 4: " "
        RenderInline {SPAN} at (0,0) size 6x16
          RenderInline (generated) at (0,0) size 6x16
            RenderCounter at (20,0) size 6x16
              text run at (20,0) width 6: "\x{25E6}"
        RenderText {#text} at (26,0) size 4x16
          text run at (26,0) width 4: " "
        RenderInline {SPAN} at (0,0) size 6x16
          RenderInline (generated) at (0,0) size 6x16
            RenderCounter at (30,0) size 6x16
              text run at (30,0) width 6: "\x{25E6}"
        RenderText {#text} at (36,0) size 4x16
          text run at (36,0) width 4: " "
        RenderInline {SPAN} at (0,0) size 6x16
          RenderInline (generated) at (0,0) size 6x16
            RenderCounter at (40,0) size 6x16
              text run at (40,0) width 6: "\x{25E6}"
        RenderText {#text} at (46,0) size 4x16
          text run at (46,0) width 4: " "
        RenderInline {SPAN} at (0,0) size 6x16
          RenderInline (generated) at (0,0) size 6x16
            RenderCounter at (50,0) size 6x16
              text run at (50,0) width 6: "\x{25E6}"
        RenderText {#text} at (56,0) size 4x16
          text run at (56,0) width 4: " "
        RenderInline {SPAN} at (0,0) size 6x16
          RenderInline (generated) at (0,0) size 6x16
            RenderCounter at (60,0) size 6x16
              text run at (60,0) width 6: "\x{25E6}"
        RenderText {#text} at (66,0) size 4x16
          text run at (66,0) width 4: " "
        RenderInline {SPAN} at (0,0) size 6x16
          RenderInline (generated) at (0,0) size 6x16
            RenderCounter at (70,0) size 6x16
              text run at (70,0) width 6: "\x{25E6}"
        RenderText {#text} at (76,0) size 4x16
          text run at (76,0) width 4: " "
        RenderInline {SPAN} at (0,0) size 6x16
          RenderInline (generated) at (0,0) size 6x16
            RenderCounter at (80,0) size 6x16
              text run at (80,0) width 6: "\x{25E6}"
        RenderText {#text} at (86,0) size 4x16
          text run at (86,0) width 4: " "
        RenderInline {SPAN} at (0,0) size 6x16
          RenderInline (generated) at (0,0) size 6x16
            RenderCounter at (90,0) size 6x16
              text run at (90,0) width 6: "\x{25E6}"
        RenderText {#text} at (96,0) size 4x16
          text run at (96,0) width 4: " "
        RenderInline {SPAN} at (0,0) size 6x16
          RenderInline (generated) at (0,0) size 6x16
            RenderCounter at (100,0) size 6x16
              text run at (100,0) width 6: "\x{25E6}"
        RenderText {#text} at (106,0) size 4x16
          text run at (106,0) width 4: " "
        RenderInline {SPAN} at (0,0) size 6x16
          RenderInline (generated) at (0,0) size 6x16
            RenderCounter at (110,0) size 6x16
              text run at (110,0) width 6: "\x{25E6}"
        RenderText {#text} at (0,0) size 0x0
      RenderBlock {DIV} at (0,46) size 784x16
        RenderText {#text} at (0,0) size 116x16
          text run at (0,0) width 10: "\x{25E6} "
          text run at (10,0) width 10: "\x{25E6} "
          text run at (20,0) width 10: "\x{25E6} "
          text run at (30,0) width 10: "\x{25E6} "
          text run at (40,0) width 10: "\x{25E6} "
          text run at (50,0) width 10: "\x{25E6} "
          text run at (60,0) width 10: "\x{25E6} "
          text run at (70,0) width 10: "\x{25E6} "
          text run at (80,0) width 10: "\x{25E6} "
          text run at (90,0) width 10: "\x{25E6} "
          text run at (100,0) width 10: "\x{25E6} "
          text run at (110,0) width 6: "\x{25E6}"
