layer at (0,0) size 800x600
  RenderView at (0,0) size 800x600
layer at (0,0) size 800x84
  RenderBlock {HTML} at (0,0) size 800x84
    RenderBody {BODY} at (8,14) size 784x62
      RenderBlock {P} at (0,0) size 784x16
        RenderText {#text} at (0,0) size 207x16
          text run at (0,0) width 207: "The following should be identical:"
      RenderBlock {DIV} at (0,30) size 784x16
        RenderInline {SPAN} at (0,0) size 0x0
        RenderInline {SPAN} at (0,0) size 8x16
          RenderInline (generated) at (0,0) size 8x16
            RenderCounter at (0,0) size 8x16
              text run at (0,0) width 8: "1"
      RenderBlock {DIV} at (0,46) size 784x16
        RenderText {#text} at (0,0) size 8x16
          text run at (0,0) width 8: "1"
