layer at (0,0) size 800x600
  RenderView at (0,0) size 800x600
layer at (0,0) size 800x84
  RenderBlock {HTML} at (0,0) size 800x84
    RenderBody {BODY} at (8,14) size 784x62
      RenderBlock {P} at (0,0) size 784x16
        RenderText {#text} at (0,0) size 222x16
          text run at (0,0) width 222: "The following two lines should look "
        RenderInline {EM} at (0,0) size 88x16
          RenderText {#text} at (222,0) size 88x16
            text run at (222,0) width 88: "approximately"
        RenderText {#text} at (310,0) size 65x16
          text run at (310,0) width 65: " the same:"
      RenderBlock {DIV} at (0,30) size 784x16
        RenderInline {SPAN} at (0,0) size 7x16
          RenderInline (generated) at (0,0) size 7x16
            RenderCounter at (0,0) size 0x0
            RenderText at (0,0) size 7x16
              text run at (0,0) width 7: "z"
        RenderText {#text} at (7,0) size 4x16
          text run at (7,0) width 4: " "
        RenderInline {SPAN} at (0,0) size 7x16
          RenderInline (generated) at (0,0) size 7x16
            RenderCounter at (0,0) size 0x0
            RenderText at (11,0) size 7x16
              text run at (11,0) width 7: "z"
        RenderText {#text} at (18,0) size 4x16
          text run at (18,0) width 4: " "
        RenderInline {SPAN} at (0,0) size 7x16
          RenderInline (generated) at (0,0) size 7x16
            RenderCounter at (0,0) size 0x0
            RenderText at (22,0) size 7x16
              text run at (22,0) width 7: "z"
        RenderText {#text} at (29,0) size 4x16
          text run at (29,0) width 4: " "
        RenderInline {SPAN} at (0,0) size 7x16
          RenderInline (generated) at (0,0) size 7x16
            RenderCounter at (0,0) size 0x0
            RenderText at (33,0) size 7x16
              text run at (33,0) width 7: "z"
        RenderText {#text} at (40,0) size 4x16
          text run at (40,0) width 4: " "
        RenderInline {SPAN} at (0,0) size 7x16
          RenderInline (generated) at (0,0) size 7x16
            RenderCounter at (0,0) size 0x0
            RenderText at (44,0) size 7x16
              text run at (44,0) width 7: "z"
        RenderText {#text} at (51,0) size 4x16
          text run at (51,0) width 4: " "
        RenderInline {SPAN} at (0,0) size 7x16
          RenderInline (generated) at (0,0) size 7x16
            RenderCounter at (0,0) size 0x0
            RenderText at (55,0) size 7x16
              text run at (55,0) width 7: "z"
        RenderText {#text} at (62,0) size 4x16
          text run at (62,0) width 4: " "
        RenderInline {SPAN} at (0,0) size 7x16
          RenderInline (generated) at (0,0) size 7x16
            RenderCounter at (0,0) size 0x0
            RenderText at (66,0) size 7x16
              text run at (66,0) width 7: "z"
        RenderText {#text} at (73,0) size 4x16
          text run at (73,0) width 4: " "
        RenderInline {SPAN} at (0,0) size 7x16
          RenderInline (generated) at (0,0) size 7x16
            RenderCounter at (0,0) size 0x0
            RenderText at (77,0) size 7x16
              text run at (77,0) width 7: "z"
        RenderText {#text} at (84,0) size 4x16
          text run at (84,0) width 4: " "
        RenderInline {SPAN} at (0,0) size 7x16
          RenderInline (generated) at (0,0) size 7x16
            RenderCounter at (0,0) size 0x0
            RenderText at (88,0) size 7x16
              text run at (88,0) width 7: "z"
        RenderText {#text} at (95,0) size 4x16
          text run at (95,0) width 4: " "
        RenderInline {SPAN} at (0,0) size 7x16
          RenderInline (generated) at (0,0) size 7x16
            RenderCounter at (0,0) size 0x0
            RenderText at (99,0) size 7x16
              text run at (99,0) width 7: "z"
        RenderText {#text} at (106,0) size 4x16
          text run at (106,0) width 4: " "
        RenderInline {SPAN} at (0,0) size 7x16
          RenderInline (generated) at (0,0) size 7x16
            RenderCounter at (0,0) size 0x0
            RenderText at (110,0) size 7x16
              text run at (110,0) width 7: "z"
        RenderText {#text} at (117,0) size 4x16
          text run at (117,0) width 4: " "
        RenderInline {SPAN} at (0,0) size 7x16
          RenderInline (generated) at (0,0) size 7x16
            RenderCounter at (0,0) size 0x0
            RenderText at (121,0) size 7x16
              text run at (121,0) width 7: "z"
        RenderText {#text} at (0,0) size 0x0
      RenderBlock {DIV} at (0,46) size 784x16
        RenderText {#text} at (0,0) size 128x16
          text run at (0,0) width 11: "z "
          text run at (11,0) width 11: "z "
          text run at (22,0) width 11: "z "
          text run at (33,0) width 11: "z "
          text run at (44,0) width 11: "z "
          text run at (55,0) width 11: "z "
          text run at (66,0) width 11: "z "
          text run at (77,0) width 11: "z "
          text run at (88,0) width 11: "z "
          text run at (99,0) width 11: "z "
          text run at (110,0) width 11: "z "
          text run at (121,0) width 7: "z"
