layer at (0,0) size 383x84
  RenderView at (0,0) size 96x26
layer at (0,0) size 383x84
  RenderBlock {HTML} at (0,0) size 96x84
    RenderBody {BODY} at (8,14) size 80x62
      RenderBlock {P} at (0,0) size 80x16
        RenderText {#text} at (0,0) size 222x16
          text run at (0,0) width 222: "The following two lines should look "
        RenderInline {EM} at (0,0) size 88x16
          RenderText {#text} at (222,0) size 88x16
            text run at (222,0) width 88: "approximately"
        RenderText {#text} at (310,0) size 65x16
          text run at (310,0) width 65: " the same:"
      RenderBlock {DIV} at (0,30) size 80x16
        RenderInline {SPAN} at (0,0) size 10x16
          RenderInline (generated) at (0,0) size 10x16
            RenderCounter at (0,0) size 3x16
              text run at (0,0) width 3: "."
            RenderText at (3,0) size 7x16
              text run at (3,0) width 7: "z"
        RenderText {#text} at (10,0) size 4x16
          text run at (10,0) width 4: " "
        RenderInline {SPAN} at (0,0) size 10x16
          RenderInline (generated) at (0,0) size 10x16
            RenderCounter at (14,0) size 3x16
              text run at (14,0) width 3: "."
            RenderText at (17,0) size 7x16
              text run at (17,0) width 7: "z"
        RenderText {#text} at (24,0) size 4x16
          text run at (24,0) width 4: " "
        RenderInline {SPAN} at (0,0) size 10x16
          RenderInline (generated) at (0,0) size 10x16
            RenderCounter at (28,0) size 3x16
              text run at (28,0) width 3: "."
            RenderText at (31,0) size 7x16
              text run at (31,0) width 7: "z"
        RenderText {#text} at (38,0) size 4x16
          text run at (38,0) width 4: " "
        RenderInline {SPAN} at (0,0) size 10x16
          RenderInline (generated) at (0,0) size 10x16
            RenderCounter at (42,0) size 3x16
              text run at (42,0) width 3: "."
            RenderText at (45,0) size 7x16
              text run at (45,0) width 7: "z"
        RenderText {#text} at (52,0) size 4x16
          text run at (52,0) width 4: " "
        RenderInline {SPAN} at (0,0) size 10x16
          RenderInline (generated) at (0,0) size 10x16
            RenderCounter at (56,0) size 3x16
              text run at (56,0) width 3: "."
            RenderText at (59,0) size 7x16
              text run at (59,0) width 7: "z"
        RenderText {#text} at (66,0) size 4x16
          text run at (66,0) width 4: " "
        RenderInline {SPAN} at (0,0) size 10x16
          RenderInline (generated) at (0,0) size 10x16
            RenderCounter at (70,0) size 3x16
              text run at (70,0) width 3: "."
            RenderText at (73,0) size 7x16
              text run at (73,0) width 7: "z"
        RenderText {#text} at (80,0) size 4x16
          text run at (80,0) width 4: " "
        RenderInline {SPAN} at (0,0) size 10x16
          RenderInline (generated) at (0,0) size 10x16
            RenderCounter at (84,0) size 3x16
              text run at (84,0) width 3: "."
            RenderText at (87,0) size 7x16
              text run at (87,0) width 7: "z"
        RenderText {#text} at (94,0) size 4x16
          text run at (94,0) width 4: " "
        RenderInline {SPAN} at (0,0) size 10x16
          RenderInline (generated) at (0,0) size 10x16
            RenderCounter at (98,0) size 3x16
              text run at (98,0) width 3: "."
            RenderText at (101,0) size 7x16
              text run at (101,0) width 7: "z"
        RenderText {#text} at (108,0) size 4x16
          text run at (108,0) width 4: " "
        RenderInline {SPAN} at (0,0) size 10x16
          RenderInline (generated) at (0,0) size 10x16
            RenderCounter at (112,0) size 3x16
              text run at (112,0) width 3: "."
            RenderText at (115,0) size 7x16
              text run at (115,0) width 7: "z"
        RenderText {#text} at (122,0) size 4x16
          text run at (122,0) width 4: " "
        RenderInline {SPAN} at (0,0) size 10x16
          RenderInline (generated) at (0,0) size 10x16
            RenderCounter at (126,0) size 3x16
              text run at (126,0) width 3: "."
            RenderText at (129,0) size 7x16
              text run at (129,0) width 7: "z"
        RenderText {#text} at (136,0) size 4x16
          text run at (136,0) width 4: " "
        RenderInline {SPAN} at (0,0) size 10x16
          RenderInline (generated) at (0,0) size 10x16
            RenderCounter at (140,0) size 3x16
              text run at (140,0) width 3: "."
            RenderText at (143,0) size 7x16
              text run at (143,0) width 7: "z"
        RenderText {#text} at (150,0) size 4x16
          text run at (150,0) width 4: " "
        RenderInline {SPAN} at (0,0) size 10x16
          RenderInline (generated) at (0,0) size 10x16
            RenderCounter at (154,0) size 3x16
              text run at (154,0) width 3: "."
            RenderText at (157,0) size 7x16
              text run at (157,0) width 7: "z"
        RenderText {#text} at (0,0) size 0x0
      RenderBlock {DIV} at (0,46) size 80x16
        RenderText {#text} at (0,0) size 164x16
          text run at (0,0) width 14: ".z "
          text run at (14,0) width 14: ".z "
          text run at (28,0) width 14: ".z "
          text run at (42,0) width 14: ".z "
          text run at (56,0) width 14: ".z "
          text run at (70,0) width 14: ".z "
          text run at (84,0) width 14: ".z "
          text run at (98,0) width 14: ".z "
          text run at (112,0) width 14: ".z "
          text run at (126,0) width 14: ".z "
          text run at (140,0) width 14: ".z "
          text run at (154,0) width 10: ".z"
