layer at (0,0) size 215x84
  RenderView at (0,0) size 96x26
layer at (0,0) size 215x84
  RenderBlock {HTML} at (0,0) size 96x84
    RenderBlock (anonymous) at (0,0) size 96x0
      RenderInline (generated) at (0,0) size 0x0
        RenderText at (0,0) size 0x0
    RenderBody {BODY} at (8,14) size 80x62
      RenderBlock {P} at (0,0) size 80x16
        RenderText {#text} at (0,0) size 207x16
          text run at (0,0) width 207: "The following should be identical:"
      RenderBlock {DIV} at (0,30) size 80x16
        RenderInline {SPAN} at (0,0) size 19x16
          RenderInline (generated) at (0,0) size 19x16
            RenderCounter at (0,0) size 19x16
              text run at (0,0) width 19: "4.8"
        RenderText {#text} at (0,0) size 0x0
      RenderBlock {DIV} at (0,46) size 80x16
        RenderText {#text} at (0,0) size 19x16
          text run at (0,0) width 19: "4.8"
