layer at (0,0) size 383x84
  RenderView at (0,0) size 96x26
layer at (0,0) size 383x84
  RenderBlock {HTML} at (0,0) size 96x84
    RenderBody {BODY} at (8,14) size 80x62
      RenderBlock {P} at (0,0) size 80x16
        RenderText {#text} at (0,0) size 222x16
          text run at (0,0) width 222: "The following two lines should look "
        RenderInline {EM} at (0,0) size 88x16
          RenderText {#text} at (222,0) size 88x16
            text run at (222,0) width 88: "approximately"
        RenderText {#text} at (310,0) size 65x16
          text run at (310,0) width 65: " the same:"
      RenderBlock {DIV} at (0,30) size 80x16
        RenderInline {SPAN} at (0,0) size 5x16
          RenderInline (generated) at (0,0) size 5x16
            RenderCounter at (0,0) size 5x16
              text run at (0,0) width 5: "\x{2022}"
        RenderText {#text} at (5,0) size 4x16
          text run at (5,0) width 4: " "
        RenderInline {SPAN} at (0,0) size 5x16
          RenderInline (generated) at (0,0) size 5x16
            RenderCounter at (9,0) size 5x16
              text run at (9,0) width 5: "\x{2022}"
        RenderText {#text} at (14,0) size 4x16
          text run at (14,0) width 4: " "
        RenderInline {SPAN} at (0,0) size 5x16
          RenderInline (generated) at (0,0) size 5x16
            RenderCounter at (18,0) size 5x16
              text run at (18,0) width 5: "\x{2022}"
        RenderText {#text} at (23,0) size 4x16
          text run at (23,0) width 4: " "
        RenderInline {SPAN} at (0,0) size 5x16
          RenderInline (generated) at (0,0) size 5x16
            RenderCounter at (27,0) size 5x16
              text run at (27,0) width 5: "\x{2022}"
        RenderText {#text} at (32,0) size 4x16
          text run at (32,0) width 4: " "
        RenderInline {SPAN} at (0,0) size 5x16
          RenderInline (generated) at (0,0) size 5x16
            RenderCounter at (36,0) size 5x16
              text run at (36,0) width 5: "\x{2022}"
        RenderText {#text} at (41,0) size 4x16
          text run at (41,0) width 4: " "
        RenderInline {SPAN} at (0,0) size 5x16
          RenderInline (generated) at (0,0) size 5x16
            RenderCounter at (45,0) size 5x16
              text run at (45,0) width 5: "\x{2022}"
        RenderText {#text} at (50,0) size 4x16
          text run at (50,0) width 4: " "
        RenderInline {SPAN} at (0,0) size 5x16
          RenderInline (generated) at (0,0) size 5x16
            RenderCounter at (54,0) size 5x16
              text run at (54,0) width 5: "\x{2022}"
        RenderText {#text} at (59,0) size 4x16
          text run at (59,0) width 4: " "
        RenderInline {SPAN} at (0,0) size 5x16
          RenderInline (generated) at (0,0) size 5x16
            RenderCounter at (63,0) size 5x16
              text run at (63,0) width 5: "\x{2022}"
        RenderText {#text} at (68,0) size 4x16
          text run at (68,0) width 4: " "
        RenderInline {SPAN} at (0,0) size 5x16
          RenderInline (generated) at (0,0) size 5x16
            RenderCounter at (72,0) size 5x16
              text run at (72,0) width 5: "\x{2022}"
        RenderText {#text} at (77,0) size 4x16
          text run at (77,0) width 4: " "
        RenderInline {SPAN} at (0,0) size 5x16
          RenderInline (generated) at (0,0) size 5x16
            RenderCounter at (81,0) size 5x16
              text run at (81,0) width 5: "\x{2022}"
        RenderText {#text} at (86,0) size 4x16
          text run at (86,0) width 4: " "
        RenderInline {SPAN} at (0,0) size 5x16
          RenderInline (generated) at (0,0) size 5x16
            RenderCounter at (90,0) size 5x16
              text run at (90,0) width 5: "\x{2022}"
        RenderText {#text} at (95,0) size 4x16
          text run at (95,0) width 4: " "
        RenderInline {SPAN} at (0,0) size 5x16
          RenderInline (generated) at (0,0) size 5x16
            RenderCounter at (99,0) size 5x16
              text run at (99,0) width 5: "\x{2022}"
        RenderText {#text} at (0,0) size 0x0
      RenderBlock {DIV} at (0,46) size 80x16
        RenderText {#text} at (0,0) size 104x16
          text run at (0,0) width 9: "\x{2022} "
          text run at (9,0) width 9: "\x{2022} "
          text run at (18,0) width 9: "\x{2022} "
          text run at (27,0) width 9: "\x{2022} "
          text run at (36,0) width 9: "\x{2022} "
          text run at (45,0) width 9: "\x{2022} "
          text run at (54,0) width 9: "\x{2022} "
          text run at (63,0) width 9: "\x{2022} "
          text run at (72,0) width 9: "\x{2022} "
          text run at (81,0) width 9: "\x{2022} "
          text run at (90,0) width 9: "\x{2022} "
          text run at (99,0) width 5: "\x{2022}"
