layer at (0,0) size 800x600
  RenderView at (0,0) size 800x600
layer at (0,0) size 800x84
  RenderBlock {HTML} at (0,0) size 800x84
    RenderBody {BODY} at (8,14) size 784x62
      RenderBlock {P} at (0,0) size 784x16
        RenderText {#text} at (0,0) size 266x16
          text run at (0,0) width 266: "The following two lines should be identical:"
      RenderBlock {DIV} at (0,30) size 784x16
        RenderInline {SPAN} at (0,0) size 33x16
          RenderInline (generated) at (0,0) size 9x16
            RenderText at (0,0) size 9x16
              text run at (0,0) width 9: "B"
          RenderInline {SPAN} at (0,0) size 12x16
            RenderInline (generated) at (0,0) size 12x16
              RenderCounter at (9,0) size 8x16
                text run at (9,0) width 8: "1"
              RenderText at (17,0) size 4x16
                text run at (17,0) width 4: " "
          RenderInline {SPAN} at (0,0) size 12x16
            RenderInline {SPAN} at (0,0) size 12x16
              RenderInline (generated) at (0,0) size 12x16
                RenderCounter at (21,0) size 8x16
                  text run at (21,0) width 8: "0"
                RenderText at (29,0) size 4x16
                  text run at (29,0) width 4: " "
        RenderInline {SPAN} at (0,0) size 31x16
          RenderInline {SPAN} at (0,0) size 12x16
            RenderInline (generated) at (0,0) size 12x16
              RenderCounter at (33,0) size 8x16
                text run at (33,0) width 8: "1"
              RenderText at (41,0) size 4x16
                text run at (41,0) width 4: " "
          RenderInline {SPAN} at (0,0) size 19x16
            RenderInline {SPAN} at (0,0) size 19x16
              RenderInline (generated) at (0,0) size 19x16
                RenderCounter at (45,0) size 19x16
                  text run at (45,0) width 19: "1.0"
                RenderText at (0,0) size 0x0
      RenderBlock {DIV} at (0,46) size 784x16
        RenderText {#text} at (0,0) size 64x16
          text run at (0,0) width 64: "B1 0 1 1.0"
