layer at (0,0) size 800x600
  RenderView at (0,0) size 800x600
layer at (0,0) size 800x84
  RenderBlock {HTML} at (0,0) size 800x84
    RenderBody {BODY} at (8,14) size 784x62
      RenderBlock {P} at (0,0) size 784x16
        RenderText {#text} at (0,0) size 244x16
          text run at (0,0) width 244: "The next two lines should be the same:"
      RenderBlock {DIV} at (0,30) size 784x16
        RenderInline {SPAN} at (0,0) size 0x0
        RenderInline {SPAN} at (0,0) size 12x16
          RenderInline (generated) at (0,0) size 12x16
            RenderCounter at (0,0) size 8x16
              text run at (0,0) width 8: "1"
            RenderText at (8,0) size 4x16
              text run at (8,0) width 4: " "
        RenderInline {SPAN} at (0,0) size 0x16
        RenderInline {SPAN} at (0,0) size 12x16
          RenderInline (generated) at (0,0) size 12x16
            RenderCounter at (12,0) size 8x16
              text run at (12,0) width 8: "1"
            RenderText at (20,0) size 4x16
              text run at (20,0) width 4: " "
        RenderInline {SPAN} at (0,0) size 52x16
          RenderInline (generated) at (0,0) size 10x16
            RenderText at (24,0) size 10x16
              text run at (24,0) width 10: "R"
          RenderInline {SPAN} at (0,0) size 23x16
            RenderInline (generated) at (0,0) size 23x16
              RenderCounter at (34,0) size 19x16
                text run at (34,0) width 19: "1.1"
              RenderText at (53,0) size 4x16
                text run at (53,0) width 4: " "
          RenderInline {SPAN} at (0,0) size 0x16
          RenderInline {SPAN} at (0,0) size 19x16
            RenderInline (generated) at (0,0) size 19x16
              RenderCounter at (57,0) size 19x16
                text run at (57,0) width 19: "1.1"
              RenderText at (0,0) size 0x0
      RenderBlock {DIV} at (0,46) size 784x16
        RenderText {#text} at (0,0) size 76x16
          text run at (0,0) width 76: "1 1 R1.1 1.1"
