layer at (0,0) size 800x600
  RenderView at (0,0) size 800x600
layer at (0,0) size 800x84
  RenderBlock {HTML} at (0,0) size 800x84
    RenderBody {BODY} at (8,14) size 784x62
      RenderBlock {P} at (0,0) size 784x16
        RenderText {#text} at (0,0) size 283x16
          text run at (0,0) width 283: "The following two lines should look the same:"
      RenderBlock {DIV} at (0,30) size 784x16
        RenderInline {SPAN} at (0,0) size 8x16
          RenderInline (generated) at (0,0) size 8x16
            RenderCounter at (0,0) size 8x16
              text run at (0,0) width 8: "a"
        RenderText {#text} at (8,0) size 4x16
          text run at (8,0) width 4: " "
        RenderInline {SPAN} at (0,0) size 7x16
          RenderInline (generated) at (0,0) size 7x16
            RenderCounter at (12,0) size 7x16
              text run at (12,0) width 7: "b"
        RenderText {#text} at (19,0) size 4x16
          text run at (19,0) width 4: " "
        RenderInline {SPAN} at (0,0) size 7x16
          RenderInline (generated) at (0,0) size 7x16
            RenderCounter at (23,0) size 7x16
              text run at (23,0) width 7: "c"
        RenderText {#text} at (30,0) size 4x16
          text run at (30,0) width 4: " "
        RenderInline {SPAN} at (0,0) size 8x16
          RenderInline (generated) at (0,0) size 8x16
            RenderCounter at (34,0) size 8x16
              text run at (34,0) width 8: "d"
        RenderText {#text} at (42,0) size 4x16
          text run at (42,0) width 4: " "
        RenderInline {SPAN} at (0,0) size 8x16
          RenderInline (generated) at (0,0) size 8x16
            RenderCounter at (46,0) size 8x16
              text run at (46,0) width 8: "e"
        RenderText {#text} at (54,0) size 4x16
          text run at (54,0) width 4: " "
        RenderInline {SPAN} at (0,0) size 4x16
          RenderInline (generated) at (0,0) size 4x16
            RenderCounter at (58,0) size 4x16
              text run at (58,0) width 4: "f"
        RenderText {#text} at (62,0) size 4x16
          text run at (62,0) width 4: " "
        RenderInline {SPAN} at (0,0) size 8x16
          RenderInline (generated) at (0,0) size 8x16
            RenderCounter at (66,0) size 8x16
              text run at (66,0) width 8: "g"
        RenderText {#text} at (74,0) size 4x16
          text run at (74,0) width 4: " "
        RenderInline {SPAN} at (0,0) size 8x16
          RenderInline (generated) at (0,0) size 8x16
            RenderCounter at (78,0) size 8x16
              text run at (78,0) width 8: "h"
        RenderText {#text} at (86,0) size 4x16
          text run at (86,0) width 4: " "
        RenderInline {SPAN} at (0,0) size 3x16
          RenderInline (generated) at (0,0) size 3x16
            RenderCounter at (90,0) size 3x16
              text run at (90,0) width 3: "i"
        RenderText {#text} at (93,0) size 4x16
          text run at (93,0) width 4: " "
        RenderInline {SPAN} at (0,0) size 3x16
          RenderInline (generated) at (0,0) size 3x16
            RenderCounter at (97,0) size 3x16
              text run at (97,0) width 3: "j"
        RenderText {#text} at (100,0) size 4x16
          text run at (100,0) width 4: " "
        RenderInline {SPAN} at (0,0) size 7x16
          RenderInline (generated) at (0,0) size 7x16
            RenderCounter at (104,0) size 7x16
              text run at (104,0) width 7: "k"
        RenderText {#text} at (111,0) size 4x16
          text run at (111,0) width 4: " "
        RenderInline {SPAN} at (0,0) size 3x16
          RenderInline (generated) at (0,0) size 3x16
            RenderCounter at (115,0) size 3x16
              text run at (115,0) width 3: "l"
        RenderText {#text} at (0,0) size 0x0
      RenderBlock {DIV} at (0,46) size 784x16
        RenderText {#text} at (0,0) size 118x16
          text run at (0,0) width 12: "a "
          text run at (12,0) width 11: "b "
          text run at (23,0) width 11: "c "
          text run at (34,0) width 12: "d "
          text run at (46,0) width 12: "e "
          text run at (58,0) width 8: "f "
          text run at (66,0) width 12: "g "
          text run at (78,0) width 12: "h "
          text run at (90,0) width 7: "i "
          text run at (97,0) width 7: "j "
          text run at (104,0) width 11: "k "
          text run at (115,0) width 3: "l"
