layer at (0,0) size 291x84
  RenderView at (0,0) size 96x26
layer at (0,0) size 291x84
  RenderBlock {HTML} at (0,0) size 96x84
    RenderBody {BODY} at (8,14) size 80x62
      RenderBlock {P} at (0,0) size 80x16
        RenderText {#text} at (0,0) size 283x16
          text run at (0,0) width 283: "The following two lines should look the same:"
      RenderBlock {DIV} at (0,30) size 80x16
        RenderInline {SPAN} at (0,0) size 6x16
          RenderInline (generated) at (0,0) size 6x16
            RenderCounter at (0,0) size 6x16
              text run at (0,0) width 6: "\x{3B1}"
        RenderText {#text} at (6,0) size 4x16
          text run at (6,0) width 4: " "
        RenderInline {SPAN} at (0,0) size 6x16
          RenderInline (generated) at (0,0) size 6x16
            RenderCounter at (10,0) size 6x16
              text run at (10,0) width 6: "\x{3B2}"
        RenderText {#text} at (16,0) size 4x16
          text run at (16,0) width 4: " "
        RenderInline {SPAN} at (0,0) size 6x16
          RenderInline (generated) at (0,0) size 6x16
            RenderCounter at (20,0) size 6x16
              text run at (20,0) width 6: "\x{3B3}"
        RenderText {#text} at (26,0) size 4x16
          text run at (26,0) width 4: " "
        RenderInline {SPAN} at (0,0) size 6x16
          RenderInline (generated) at (0,0) size 6x16
            RenderCounter at (30,0) size 6x16
              text run at (30,0) width 6: "\x{3B4}"
        RenderText {#text} at (36,0) size 4x16
          text run at (36,0) width 4: " "
        RenderInline {SPAN} at (0,0) size 6x16
          RenderInline (generated) at (0,0) size 6x16
            RenderCounter at (40,0) size 6x16
              text run at (40,0) width 6: "\x{3B5}"
        RenderText {#text} at (46,0) size 4x16
          text run at (46,0) width 4: " "
        RenderInline {SPAN} at (0,0) size 6x16
          RenderInline (generated) at (0,0) size 6x16
            RenderCounter at (50,0) size 6x16
              text run at (50,0) width 6: "\x{3B6}"
        RenderText {#text} at (56,0) size 4x16
          text run at (56,0) width 4: " "
        RenderInline {SPAN} at (0,0) size 6x16
          RenderInline (generated) at (0,0) size 6x16
            RenderCounter at (60,0) size 6x16
              text run at (60,0) width 6: "\x{3B7}"
        RenderText {#text} at (66,0) size 4x16
          text run at (66,0) width 4: " "
        RenderInline {SPAN} at (0,0) size 6x16
          RenderInline (generated) at (0,0) size 6x16
            RenderCounter at (70,0) size 6x16
              text run at (70,0) width 6: "\x{3B8}"
        RenderText {#text} at (76,0) size 4x16
          text run at (76,0) width 4: " "
        RenderInline {SPAN} at (0,0) size 6x16
          RenderInline (generated) at (0,0) size 6x16
            RenderCounter at (80,0) size 6x16
              text run at (80,0) width 6: "\x{3B9}"
        RenderText {#text} at (86,0) size 4x16
          text run at (86,0) width 4: " "
        RenderInline {SPAN} at (0,0) size 6x16
          RenderInline (generated) at (0,0) size 6x16
            RenderCounter at (90,0) size 6x16
              text run at (90,0) width 6: "\x{3BA}"
        RenderText {#text} at (96,0) size 4x16
          text run at (96,0) width 4: " "
        RenderInline {SPAN} at (0,0) size 6x16
          RenderInline (generated) at (0,0) size 6x16
            RenderCounter at (100,0) size 6x16
              text run at (100,0) width 6: "\x{3BB}"
        RenderText {#text} at (106,0) size 4x16
          text run at (106,0) width 4: " "
        RenderInline {SPAN} at (0,0) size 8x16
          RenderInline (generated) at (0,0) size 8x16
            RenderCounter at (110,0) size 8x16
              text run at (110,0) width 8: "\x{3BC}"
        RenderText {#text} at (0,0) size 0x0
      RenderBlock {DIV} at (0,46) size 80x16
        RenderText {#text} at (0,0) size 118x16
          text run at (0,0) width 10: "\x{3B1} "
          text run at (10,0) width 10: "\x{3B2} "
          text run at (20,0) width 10: "\x{3B3} "
          text run at (30,0) width 10: "\x{3B4} "
          text run at (40,0) width 10: "\x{3B5} "
          text run at (50,0) width 10: "\x{3B6} "
          text run at (60,0) width 10: "\x{3B7} "
          text run at (70,0) width 10: "\x{3B8} "
          text run at (80,0) width 10: "\x{3B9} "
          text run at (90,0) width 10: "\x{3BA} "
          text run at (100,0) width 10: "\x{3BB} "
          text run at (110,0) width 8: "\x{3BC}"
