layer at (0,0) size 605x84
  RenderView at (0,0) size 96x26
layer at (0,0) size 605x84
  RenderBlock {HTML} at (0,0) size 96x84
    RenderBody {BODY} at (8,14) size 80x62
      RenderBlock {P} at (0,0) size 80x16
        RenderText {#text} at (0,0) size 283x16
          text run at (0,0) width 283: "The following two lines should look the same:"
      RenderBlock {DIV} at (0,30) size 80x16
        RenderInline {SPAN} at (0,0) size 35x16
          RenderInline (generated) at (0,0) size 35x16
            RenderCounter at (0,0) size 35x16
              text run at (0,0) width 35: "01.01"
        RenderText {#text} at (35,0) size 4x16
          text run at (35,0) width 4: " "
        RenderInline {SPAN} at (0,0) size 35x16
          RenderInline (generated) at (0,0) size 35x16
            RenderCounter at (39,0) size 35x16
              text run at (39,0) width 35: "01.02"
        RenderText {#text} at (74,0) size 4x16
          text run at (74,0) width 4: " "
        RenderInline {SPAN} at (0,0) size 35x16
          RenderInline (generated) at (0,0) size 35x16
            RenderCounter at (78,0) size 35x16
              text run at (78,0) width 35: "01.03"
        RenderText {#text} at (113,0) size 4x16
          text run at (113,0) width 4: " "
        RenderInline {SPAN} at (0,0) size 35x16
          RenderInline (generated) at (0,0) size 35x16
            RenderCounter at (117,0) size 35x16
              text run at (117,0) width 35: "01.04"
        RenderText {#text} at (152,0) size 4x16
          text run at (152,0) width 4: " "
        RenderInline {SPAN} at (0,0) size 35x16
          RenderInline (generated) at (0,0) size 35x16
            RenderCounter at (156,0) size 35x16
              text run at (156,0) width 35: "01.05"
        RenderText {#text} at (191,0) size 4x16
          text run at (191,0) width 4: " "
        RenderInline {SPAN} at (0,0) size 35x16
          RenderInline (generated) at (0,0) size 35x16
            RenderCounter at (195,0) size 35x16
              text run at (195,0) width 35: "01.06"
        RenderText {#text} at (230,0) size 4x16
          text run at (230,0) width 4: " "
        RenderInline {SPAN} at (0,0) size 35x16
          RenderInline (generated) at (0,0) size 35x16
            RenderCounter at (234,0) size 35x16
              text run at (234,0) width 35: "01.07"
        RenderText {#text} at (269,0) size 4x16
          text run at (269,0) width 4: " "
        RenderInline {SPAN} at (0,0) size 35x16
          RenderInline (generated) at (0,0) size 35x16
            RenderCounter at (273,0) size 35x16
              text run at (273,0) width 35: "01.08"
        RenderText {#text} at (308,0) size 4x16
          text run at (308,0) width 4: " "
        RenderInline {SPAN} at (0,0) size 35x16
          RenderInline (generated) at (0,0) size 35x16
            RenderCounter at (312,0) size 35x16
              text run at (312,0) width 35: "01.09"
        RenderText {#text} at (347,0) size 4x16
          text run at (347,0) width 4: " "
        RenderInline {SPAN} at (0,0) size 35x16
          RenderInline (generated) at (0,0) size 35x16
            RenderCounter at (351,0) size 35x16
              text run at (351,0) width 35: "01.10"
        RenderText {#text} at (386,0) size 4x16
          text run at (386,0) width 4: " "
        RenderInline {SPAN} at (0,0) size 35x16
          RenderInline (generated) at (0,0) size 35x16
            RenderCounter at (390,0) size 35x16
              text run at (390,0) width 35: "01.11"
        RenderText {#text} at (425,0) size 4x16
          text run at (425,0) width 4: " "
        RenderInline {SPAN} at (0,0) size 35x16
          RenderInline (generated) at (0,0) size 35x16
            RenderCounter at (429,0) size 35x16
              text run at (429,0) width 35: "01.12"
        RenderText {#text} at (464,0) size 4x16
          text run at (464,0) width 4: " "
        RenderInline {SPAN} at (0,0) size 35x16
          RenderInline (generated) at (0,0) size 35x16
            RenderCounter at (468,0) size 35x16
              text run at (468,0) width 35: "01.99"
        RenderText {#text} at (503,0) size 4x16
          text run at (503,0) width 4: " "
        RenderInline {SPAN} at (0,0) size 43x16
          RenderInline (generated) at (0,0) size 43x16
            RenderCounter at (507,0) size 43x16
              text run at (507,0) width 43: "01.100"
        RenderText {#text} at (550,0) size 4x16
          text run at (550,0) width 4: " "
        RenderInline {SPAN} at (0,0) size 43x16
          RenderInline (generated) at (0,0) size 43x16
            RenderCounter at (554,0) size 43x16
              text run at (554,0) width 43: "01.101"
        RenderText {#text} at (0,0) size 0x0
      RenderBlock {DIV} at (0,46) size 80x16
        RenderText {#text} at (0,0) size 597x16
          text run at (0,0) width 39: "01.01 "
          text run at (39,0) width 39: "01.02 "
          text run at (78,0) width 39: "01.03 "
          text run at (117,0) width 39: "01.04 "
          text run at (156,0) width 39: "01.05 "
          text run at (195,0) width 39: "01.06 "
          text run at (234,0) width 39: "01.07 "
          text run at (273,0) width 39: "01.08 "
          text run at (312,0) width 39: "01.09 "
          text run at (351,0) width 39: "01.10 "
          text run at (390,0) width 39: "01.11 "
          text run at (429,0) width 39: "01.12 "
          text run at (468,0) width 39: "01.99 "
          text run at (507,0) width 47: "01.100 "
          text run at (554,0) width 43: "01.101"
