layer at (0,0) size 96x2732
  RenderView at (0,0) size 96x26
layer at (0,0) size 96x2732
  RenderBlock {HTML} at (0,0) size 96x2732
    RenderBody {BODY} at (8,8) size 80x2716
      RenderBlock {DIV} at (0,0) size 80x16 [color=#C0C0C0]
        RenderText {#text} at (0,0) size 76x16
          text run at (0,0) width 76: "Dummy text."
      RenderBlock {DIV} at (0,16) size 80x16 [color=#C0C0C0]
        RenderText {#text} at (0,0) size 76x16
          text run at (0,0) width 76: "Dummy text."
      RenderBlock {DIV} at (0,32) size 80x16 [color=#C0C0C0]
        RenderText {#text} at (0,0) size 76x16
          text run at (0,0) width 76: "Dummy text."
      RenderBlock {P} at (0,62) size 80x144
        RenderText {#text} at (0,0) size 79x144
          text run at (0,0) width 61: "Scroll this"
          text run at (0,16) width 77: "document. A"
          text run at (0,32) width 67: "line of blue"
          text run at (0,48) width 41: "should"
          text run at (0,64) width 79: "remain stuck"
          text run at (0,80) width 40: "at the "
          text run at (40,80) width 36: "top of"
          text run at (0,96) width 77: "the viewport"
          text run at (0,112) width 61: "the whole"
          text run at (0,128) width 29: "time."
      RenderBlock {DIV} at (0,220) size 80x16 [color=#C0C0C0]
        RenderText {#text} at (0,0) size 76x16
          text run at (0,0) width 76: "Dummy text."
      RenderBlock {DIV} at (0,236) size 80x16 [color=#C0C0C0]
        RenderText {#text} at (0,0) size 76x16
          text run at (0,0) width 76: "Dummy text."
      RenderBlock {DIV} at (0,252) size 80x16 [color=#C0C0C0]
        RenderText {#text} at (0,0) size 76x16
          text run at (0,0) width 76: "Dummy text."
      RenderBlock {DIV} at (0,268) size 80x16 [color=#C0C0C0]
        RenderText {#text} at (0,0) size 76x16
          text run at (0,0) width 76: "Dummy text."
      RenderBlock {DIV} at (0,284) size 80x16 [color=#C0C0C0]
        RenderText {#text} at (0,0) size 76x16
          text run at (0,0) width 76: "Dummy text."
      RenderBlock {DIV} at (0,300) size 80x16 [color=#C0C0C0]
        RenderText {#text} at (0,0) size 76x16
          text run at (0,0) width 76: "Dummy text."
      RenderBlock {DIV} at (0,316) size 80x16 [color=#C0C0C0]
        RenderText {#text} at (0,0) size 76x16
          text run at (0,0) width 76: "Dummy text."
      RenderBlock {DIV} at (0,332) size 80x16 [color=#C0C0C0]
        RenderText {#text} at (0,0) size 76x16
          text run at (0,0) width 76: "Dummy text."
      RenderBlock {DIV} at (0,348) size 80x16 [color=#C0C0C0]
        RenderText {#text} at (0,0) size 76x16
          text run at (0,0) width 76: "Dummy text."
      RenderBlock {DIV} at (0,364) size 80x16 [color=#C0C0C0]
        RenderText {#text} at (0,0) size 76x16
          text run at (0,0) width 76: "Dummy text."
      RenderBlock {DIV} at (0,380) size 80x16 [color=#C0C0C0]
        RenderText {#text} at (0,0) size 76x16
          text run at (0,0) width 76: "Dummy text."
      RenderBlock {DIV} at (0,396) size 80x16 [color=#C0C0C0]
        RenderText {#text} at (0,0) size 76x16
          text run at (0,0) width 76: "Dummy text."
      RenderBlock {DIV} at (0,412) size 80x16 [color=#C0C0C0]
        RenderText {#text} at (0,0) size 76x16
          text run at (0,0) width 76: "Dummy text."
      RenderBlock {DIV} at (0,428) size 80x16 [color=#C0C0C0]
        RenderText {#text} at (0,0) size 76x16
          text run at (0,0) width 76: "Dummy text."
      RenderBlock {DIV} at (0,444) size 80x16 [color=#C0C0C0]
        RenderText {#text} at (0,0) size 76x16
          text run at (0,0) width 76: "Dummy text."
      RenderBlock {DIV} at (0,460) size 80x16 [color=#C0C0C0]
        RenderText {#text} at (0,0) size 76x16
          text run at (0,0) width 76: "Dummy text."
      RenderBlock {DIV} at (0,476) size 80x16 [color=#C0C0C0]
        RenderText {#text} at (0,0) size 76x16
          text run at (0,0) width 76: "Dummy text."
      RenderBlock {DIV} at (0,492) size 80x16 [color=#C0C0C0]
        RenderText {#text} at (0,0) size 76x16
          text run at (0,0) width 76: "Dummy text."
      RenderBlock {DIV} at (0,508) size 80x16 [color=#C0C0C0]
        RenderText {#text} at (0,0) size 76x16
          text run at (0,0) width 76: "Dummy text."
      RenderBlock {DIV} at (0,524) size 80x16 [color=#C0C0C0]
        RenderText {#text} at (0,0) size 76x16
          text run at (0,0) width 76: "Dummy text."
      RenderBlock {DIV} at (0,540) size 80x16 [color=#C0C0C0]
        RenderText {#text} at (0,0) size 76x16
          text run at (0,0) width 76: "Dummy text."
      RenderBlock {DIV} at (0,556) size 80x16 [color=#C0C0C0]
        RenderText {#text} at (0,0) size 76x16
          text run at (0,0) width 76: "Dummy text."
      RenderBlock {DIV} at (0,572) size 80x16 [color=#C0C0C0]
        RenderText {#text} at (0,0) size 76x16
          text run at (0,0) width 76: "Dummy text."
      RenderBlock {DIV} at (0,588) size 80x16 [color=#C0C0C0]
        RenderText {#text} at (0,0) size 76x16
          text run at (0,0) width 76: "Dummy text."
      RenderBlock {DIV} at (0,604) size 80x16 [color=#C0C0C0]
        RenderText {#text} at (0,0) size 76x16
          text run at (0,0) width 76: "Dummy text."
      RenderBlock {DIV} at (0,620) size 80x16 [color=#C0C0C0]
        RenderText {#text} at (0,0) size 76x16
          text run at (0,0) width 76: "Dummy text."
      RenderBlock {DIV} at (0,636) size 80x16 [color=#C0C0C0]
        RenderText {#text} at (0,0) size 76x16
          text run at (0,0) width 76: "Dummy text."
      RenderBlock {DIV} at (0,652) size 80x16 [color=#C0C0C0]
        RenderText {#text} at (0,0) size 76x16
          text run at (0,0) width 76: "Dummy text."
      RenderBlock {DIV} at (0,668) size 80x16 [color=#C0C0C0]
        RenderText {#text} at (0,0) size 76x16
          text run at (0,0) width 76: "Dummy text."
      RenderBlock {DIV} at (0,684) size 80x16 [color=#C0C0C0]
        RenderText {#text} at (0,0) size 76x16
          text run at (0,0) width 76: "Dummy text."
      RenderBlock {DIV} at (0,700) size 80x16 [color=#C0C0C0]
        RenderText {#text} at (0,0) size 76x16
          text run at (0,0) width 76: "Dummy text."
      RenderBlock {DIV} at (0,716) size 80x16 [color=#C0C0C0]
        RenderText {#text} at (0,0) size 76x16
          text run at (0,0) width 76: "Dummy text."
      RenderBlock {DIV} at (0,732) size 80x16 [color=#C0C0C0]
        RenderText {#text} at (0,0) size 76x16
          text run at (0,0) width 76: "Dummy text."
      RenderBlock {DIV} at (0,748) size 80x16 [color=#C0C0C0]
        RenderText {#text} at (0,0) size 76x16
          text run at (0,0) width 76: "Dummy text."
      RenderBlock {DIV} at (0,764) size 80x16 [color=#C0C0C0]
        RenderText {#text} at (0,0) size 76x16
          text run at (0,0) width 76: "Dummy text."
      RenderBlock {DIV} at (0,780) size 80x16 [color=#C0C0C0]
        RenderText {#text} at (0,0) size 76x16
          text run at (0,0) width 76: "Dummy text."
      RenderBlock {DIV} at (0,796) size 80x16 [color=#C0C0C0]
        RenderText {#text} at (0,0) size 76x16
          text run at (0,0) width 76: "Dummy text."
      RenderBlock {DIV} at (0,812) size 80x16 [color=#C0C0C0]
        RenderText {#text} at (0,0) size 76x16
          text run at (0,0) width 76: "Dummy text."
      RenderBlock {DIV} at (0,828) size 80x16 [color=#C0C0C0]
        RenderText {#text} at (0,0) size 76x16
          text run at (0,0) width 76: "Dummy text."
      RenderBlock {DIV} at (0,844) size 80x16 [color=#C0C0C0]
        RenderText {#text} at (0,0) size 76x16
          text run at (0,0) width 76: "Dummy text."
      RenderBlock {DIV} at (0,860) size 80x16 [color=#C0C0C0]
        RenderText {#text} at (0,0) size 76x16
          text run at (0,0) width 76: "Dummy text."
      RenderBlock {DIV} at (0,876) size 80x16 [color=#C0C0C0]
        RenderText {#text} at (0,0) size 76x16
          text run at (0,0) width 76: "Dummy text."
      RenderBlock {DIV} at (0,892) size 80x16 [color=#C0C0C0]
        RenderText {#text} at (0,0) size 76x16
          text run at (0,0) width 76: "Dummy text."
      RenderBlock {DIV} at (0,908) size 80x16 [color=#C0C0C0]
        RenderText {#text} at (0,0) size 76x16
          text run at (0,0) width 76: "Dummy text."
      RenderBlock {DIV} at (0,924) size 80x16 [color=#C0C0C0]
        RenderText {#text} at (0,0) size 76x16
          text run at (0,0) width 76: "Dummy text."
      RenderBlock {DIV} at (0,940) size 80x16 [color=#C0C0C0]
        RenderText {#text} at (0,0) size 76x16
          text run at (0,0) width 76: "Dummy text."
      RenderBlock {DIV} at (0,956) size 80x16 [color=#C0C0C0]
        RenderText {#text} at (0,0) size 76x16
          text run at (0,0) width 76: "Dummy text."
      RenderBlock {DIV} at (0,972) size 80x16 [color=#C0C0C0]
        RenderText {#text} at (0,0) size 76x16
          text run at (0,0) width 76: "Dummy text."
      RenderBlock {DIV} at (0,988) size 80x16 [color=#C0C0C0]
        RenderText {#text} at (0,0) size 76x16
          text run at (0,0) width 76: "Dummy text."
      RenderBlock {DIV} at (0,1004) size 80x16 [color=#C0C0C0]
        RenderText {#text} at (0,0) size 76x16
          text run at (0,0) width 76: "Dummy text."
      RenderBlock {DIV} at (0,1020) size 80x16 [color=#C0C0C0]
        RenderText {#text} at (0,0) size 76x16
          text run at (0,0) width 76: "Dummy text."
      RenderBlock {DIV} at (0,1036) size 80x16 [color=#C0C0C0]
        RenderText {#text} at (0,0) size 76x16
          text run at (0,0) width 76: "Dummy text."
      RenderBlock {DIV} at (0,1052) size 80x16 [color=#C0C0C0]
        RenderText {#text} at (0,0) size 76x16
          text run at (0,0) width 76: "Dummy text."
      RenderBlock {DIV} at (0,1068) size 80x16 [color=#C0C0C0]
        RenderText {#text} at (0,0) size 76x16
          text run at (0,0) width 76: "Dummy text."
      RenderBlock {DIV} at (0,1084) size 80x16 [color=#C0C0C0]
        RenderText {#text} at (0,0) size 76x16
          text run at (0,0) width 76: "Dummy text."
      RenderBlock {DIV} at (0,1100) size 80x16 [color=#C0C0C0]
        RenderText {#text} at (0,0) size 76x16
          text run at (0,0) width 76: "Dummy text."
      RenderBlock {DIV} at (0,1116) size 80x16 [color=#C0C0C0]
        RenderText {#text} at (0,0) size 76x16
          text run at (0,0) width 76: "Dummy text."
      RenderBlock {DIV} at (0,1132) size 80x16 [color=#C0C0C0]
        RenderText {#text} at (0,0) size 76x16
          text run at (0,0) width 76: "Dummy text."
      RenderBlock {DIV} at (0,1148) size 80x16 [color=#C0C0C0]
        RenderText {#text} at (0,0) size 76x16
          text run at (0,0) width 76: "Dummy text."
      RenderBlock {DIV} at (0,1164) size 80x16 [color=#C0C0C0]
        RenderText {#text} at (0,0) size 76x16
          text run at (0,0) width 76: "Dummy text."
      RenderBlock {DIV} at (0,1180) size 80x16 [color=#C0C0C0]
        RenderText {#text} at (0,0) size 76x16
          text run at (0,0) width 76: "Dummy text."
      RenderBlock {DIV} at (0,1196) size 80x16 [color=#C0C0C0]
        RenderText {#text} at (0,0) size 76x16
          text run at (0,0) width 76: "Dummy text."
      RenderBlock {DIV} at (0,1212) size 80x16 [color=#C0C0C0]
        RenderText {#text} at (0,0) size 76x16
          text run at (0,0) width 76: "Dummy text."
      RenderBlock {DIV} at (0,1228) size 80x16 [color=#C0C0C0]
        RenderText {#text} at (0,0) size 76x16
          text run at (0,0) width 76: "Dummy text."
      RenderBlock {DIV} at (0,1244) size 80x16 [color=#C0C0C0]
        RenderText {#text} at (0,0) size 76x16
          text run at (0,0) width 76: "Dummy text."
      RenderBlock {DIV} at (0,1260) size 80x16 [color=#C0C0C0]
        RenderText {#text} at (0,0) size 76x16
          text run at (0,0) width 76: "Dummy text."
      RenderBlock {DIV} at (0,1276) size 80x16 [color=#C0C0C0]
        RenderText {#text} at (0,0) size 76x16
          text run at (0,0) width 76: "Dummy text."
      RenderBlock {DIV} at (0,1292) size 80x16 [color=#C0C0C0]
        RenderText {#text} at (0,0) size 76x16
          text run at (0,0) width 76: "Dummy text."
      RenderBlock {DIV} at (0,1308) size 80x16 [color=#C0C0C0]
        RenderText {#text} at (0,0) size 76x16
          text run at (0,0) width 76: "Dummy text."
      RenderBlock {DIV} at (0,1324) size 80x16 [color=#C0C0C0]
        RenderText {#text} at (0,0) size 76x16
          text run at (0,0) width 76: "Dummy text."
      RenderBlock {DIV} at (0,1340) size 80x16 [color=#C0C0C0]
        RenderText {#text} at (0,0) size 76x16
          text run at (0,0) width 76: "Dummy text."
      RenderBlock {DIV} at (0,1356) size 80x16 [color=#C0C0C0]
        RenderText {#text} at (0,0) size 76x16
          text run at (0,0) width 76: "Dummy text."
      RenderBlock {DIV} at (0,1372) size 80x16 [color=#C0C0C0]
        RenderText {#text} at (0,0) size 76x16
          text run at (0,0) width 76: "Dummy text."
      RenderBlock {DIV} at (0,1388) size 80x16 [color=#C0C0C0]
        RenderText {#text} at (0,0) size 76x16
          text run at (0,0) width 76: "Dummy text."
      RenderBlock {DIV} at (0,1404) size 80x16 [color=#C0C0C0]
        RenderText {#text} at (0,0) size 76x16
          text run at (0,0) width 76: "Dummy text."
      RenderBlock {DIV} at (0,1420) size 80x16 [color=#C0C0C0]
        RenderText {#text} at (0,0) size 76x16
          text run at (0,0) width 76: "Dummy text."
      RenderBlock {DIV} at (0,1436) size 80x16 [color=#C0C0C0]
        RenderText {#text} at (0,0) size 76x16
          text run at (0,0) width 76: "Dummy text."
      RenderBlock {DIV} at (0,1452) size 80x16 [color=#C0C0C0]
        RenderText {#text} at (0,0) size 76x16
          text run at (0,0) width 76: "Dummy text."
      RenderBlock {DIV} at (0,1468) size 80x16 [color=#C0C0C0]
        RenderText {#text} at (0,0) size 76x16
          text run at (0,0) width 76: "Dummy text."
      RenderBlock {DIV} at (0,1484) size 80x16 [color=#C0C0C0]
        RenderText {#text} at (0,0) size 76x16
          text run at (0,0) width 76: "Dummy text."
      RenderBlock {DIV} at (0,1500) size 80x16 [color=#C0C0C0]
        RenderText {#text} at (0,0) size 76x16
          text run at (0,0) width 76: "Dummy text."
      RenderBlock {DIV} at (0,1516) size 80x16 [color=#C0C0C0]
        RenderText {#text} at (0,0) size 76x16
          text run at (0,0) width 76: "Dummy text."
      RenderBlock {DIV} at (0,1532) size 80x16 [color=#C0C0C0]
        RenderText {#text} at (0,0) size 76x16
          text run at (0,0) width 76: "Dummy text."
      RenderBlock {DIV} at (0,1548) size 80x16 [color=#C0C0C0]
        RenderText {#text} at (0,0) size 76x16
          text run at (0,0) width 76: "Dummy text."
      RenderBlock {DIV} at (0,1564) size 80x16 [color=#C0C0C0]
        RenderText {#text} at (0,0) size 76x16
          text run at (0,0) width 76: "Dummy text."
      RenderBlock {DIV} at (0,1580) size 80x16 [color=#C0C0C0]
        RenderText {#text} at (0,0) size 76x16
          text run at (0,0) width 76: "Dummy text."
      RenderBlock {DIV} at (0,1596) size 80x16 [color=#C0C0C0]
        RenderText {#text} at (0,0) size 76x16
          text run at (0,0) width 76: "Dummy text."
      RenderBlock {DIV} at (0,1612) size 80x16 [color=#C0C0C0]
        RenderText {#text} at (0,0) size 76x16
          text run at (0,0) width 76: "Dummy text."
      RenderBlock {DIV} at (0,1628) size 80x16 [color=#C0C0C0]
        RenderText {#text} at (0,0) size 76x16
          text run at (0,0) width 76: "Dummy text."
      RenderBlock {DIV} at (0,1644) size 80x16 [color=#C0C0C0]
        RenderText {#text} at (0,0) size 76x16
          text run at (0,0) width 76: "Dummy text."
      RenderBlock {DIV} at (0,1660) size 80x16 [color=#C0C0C0]
        RenderText {#text} at (0,0) size 76x16
          text run at (0,0) width 76: "Dummy text."
      RenderBlock {DIV} at (0,1676) size 80x16 [color=#C0C0C0]
        RenderText {#text} at (0,0) size 76x16
          text run at (0,0) width 76: "Dummy text."
      RenderBlock {DIV} at (0,1692) size 80x16 [color=#C0C0C0]
        RenderText {#text} at (0,0) size 76x16
          text run at (0,0) width 76: "Dummy text."
      RenderBlock {DIV} at (0,1708) size 80x16 [color=#C0C0C0]
        RenderText {#text} at (0,0) size 76x16
          text run at (0,0) width 76: "Dummy text."
      RenderBlock {DIV} at (0,1724) size 80x16 [color=#C0C0C0]
        RenderText {#text} at (0,0) size 76x16
          text run at (0,0) width 76: "Dummy text."
      RenderBlock {DIV} at (0,1740) size 80x16 [color=#C0C0C0]
        RenderText {#text} at (0,0) size 76x16
          text run at (0,0) width 76: "Dummy text."
      RenderBlock {DIV} at (0,1756) size 80x16 [color=#C0C0C0]
        RenderText {#text} at (0,0) size 76x16
          text run at (0,0) width 76: "Dummy text."
      RenderBlock {DIV} at (0,1772) size 80x16 [color=#C0C0C0]
        RenderText {#text} at (0,0) size 76x16
          text run at (0,0) width 76: "Dummy text."
      RenderBlock {DIV} at (0,1788) size 80x16 [color=#C0C0C0]
        RenderText {#text} at (0,0) size 76x16
          text run at (0,0) width 76: "Dummy text."
      RenderBlock {DIV} at (0,1804) size 80x16 [color=#C0C0C0]
        RenderText {#text} at (0,0) size 76x16
          text run at (0,0) width 76: "Dummy text."
      RenderBlock {DIV} at (0,1820) size 80x16 [color=#C0C0C0]
        RenderText {#text} at (0,0) size 76x16
          text run at (0,0) width 76: "Dummy text."
      RenderBlock {DIV} at (0,1836) size 80x16 [color=#C0C0C0]
        RenderText {#text} at (0,0) size 76x16
          text run at (0,0) width 76: "Dummy text."
      RenderBlock {DIV} at (0,1852) size 80x16 [color=#C0C0C0]
        RenderText {#text} at (0,0) size 76x16
          text run at (0,0) width 76: "Dummy text."
      RenderBlock {DIV} at (0,1868) size 80x16 [color=#C0C0C0]
        RenderText {#text} at (0,0) size 76x16
          text run at (0,0) width 76: "Dummy text."
      RenderBlock {DIV} at (0,1884) size 80x16 [color=#C0C0C0]
        RenderText {#text} at (0,0) size 76x16
          text run at (0,0) width 76: "Dummy text."
      RenderBlock {DIV} at (0,1900) size 80x16 [color=#C0C0C0]
        RenderText {#text} at (0,0) size 76x16
          text run at (0,0) width 76: "Dummy text."
      RenderBlock {DIV} at (0,1916) size 80x16 [color=#C0C0C0]
        RenderText {#text} at (0,0) size 76x16
          text run at (0,0) width 76: "Dummy text."
      RenderBlock {DIV} at (0,1932) size 80x16 [color=#C0C0C0]
        RenderText {#text} at (0,0) size 76x16
          text run at (0,0) width 76: "Dummy text."
      RenderBlock {DIV} at (0,1948) size 80x16 [color=#C0C0C0]
        RenderText {#text} at (0,0) size 76x16
          text run at (0,0) width 76: "Dummy text."
      RenderBlock {DIV} at (0,1964) size 80x16 [color=#C0C0C0]
        RenderText {#text} at (0,0) size 76x16
          text run at (0,0) width 76: "Dummy text."
      RenderBlock {DIV} at (0,1980) size 80x16 [color=#C0C0C0]
        RenderText {#text} at (0,0) size 76x16
          text run at (0,0) width 76: "Dummy text."
      RenderBlock {DIV} at (0,1996) size 80x16 [color=#C0C0C0]
        RenderText {#text} at (0,0) size 76x16
          text run at (0,0) width 76: "Dummy text."
      RenderBlock {DIV} at (0,2012) size 80x16 [color=#C0C0C0]
        RenderText {#text} at (0,0) size 76x16
          text run at (0,0) width 76: "Dummy text."
      RenderBlock {DIV} at (0,2028) size 80x16 [color=#C0C0C0]
        RenderText {#text} at (0,0) size 76x16
          text run at (0,0) width 76: "Dummy text."
      RenderBlock {DIV} at (0,2044) size 80x16 [color=#C0C0C0]
        RenderText {#text} at (0,0) size 76x16
          text run at (0,0) width 76: "Dummy text."
      RenderBlock {DIV} at (0,2060) size 80x16 [color=#C0C0C0]
        RenderText {#text} at (0,0) size 76x16
          text run at (0,0) width 76: "Dummy text."
      RenderBlock {DIV} at (0,2076) size 80x16 [color=#C0C0C0]
        RenderText {#text} at (0,0) size 76x16
          text run at (0,0) width 76: "Dummy text."
      RenderBlock {DIV} at (0,2092) size 80x16 [color=#C0C0C0]
        RenderText {#text} at (0,0) size 76x16
          text run at (0,0) width 76: "Dummy text."
      RenderBlock {DIV} at (0,2108) size 80x16 [color=#C0C0C0]
        RenderText {#text} at (0,0) size 76x16
          text run at (0,0) width 76: "Dummy text."
      RenderBlock {DIV} at (0,2124) size 80x16 [color=#C0C0C0]
        RenderText {#text} at (0,0) size 76x16
          text run at (0,0) width 76: "Dummy text."
      RenderBlock {DIV} at (0,2140) size 80x16 [color=#C0C0C0]
        RenderText {#text} at (0,0) size 76x16
          text run at (0,0) width 76: "Dummy text."
      RenderBlock {DIV} at (0,2156) size 80x16 [color=#C0C0C0]
        RenderText {#text} at (0,0) size 76x16
          text run at (0,0) width 76: "Dummy text."
      RenderBlock {DIV} at (0,2172) size 80x16 [color=#C0C0C0]
        RenderText {#text} at (0,0) size 76x16
          text run at (0,0) width 76: "Dummy text."
      RenderBlock {DIV} at (0,2188) size 80x16 [color=#C0C0C0]
        RenderText {#text} at (0,0) size 76x16
          text run at (0,0) width 76: "Dummy text."
      RenderBlock {DIV} at (0,2204) size 80x16 [color=#C0C0C0]
        RenderText {#text} at (0,0) size 76x16
          text run at (0,0) width 76: "Dummy text."
      RenderBlock {DIV} at (0,2220) size 80x16 [color=#C0C0C0]
        RenderText {#text} at (0,0) size 76x16
          text run at (0,0) width 76: "Dummy text."
      RenderBlock {DIV} at (0,2236) size 80x16 [color=#C0C0C0]
        RenderText {#text} at (0,0) size 76x16
          text run at (0,0) width 76: "Dummy text."
      RenderBlock {DIV} at (0,2252) size 80x16 [color=#C0C0C0]
        RenderText {#text} at (0,0) size 76x16
          text run at (0,0) width 76: "Dummy text."
      RenderBlock {DIV} at (0,2268) size 80x16 [color=#C0C0C0]
        RenderText {#text} at (0,0) size 76x16
          text run at (0,0) width 76: "Dummy text."
      RenderBlock {DIV} at (0,2284) size 80x16 [color=#C0C0C0]
        RenderText {#text} at (0,0) size 76x16
          text run at (0,0) width 76: "Dummy text."
      RenderBlock {DIV} at (0,2300) size 80x16 [color=#C0C0C0]
        RenderText {#text} at (0,0) size 76x16
          text run at (0,0) width 76: "Dummy text."
      RenderBlock {DIV} at (0,2316) size 80x16 [color=#C0C0C0]
        RenderText {#text} at (0,0) size 76x16
          text run at (0,0) width 76: "Dummy text."
      RenderBlock {DIV} at (0,2332) size 80x16 [color=#C0C0C0]
        RenderText {#text} at (0,0) size 76x16
          text run at (0,0) width 76: "Dummy text."
      RenderBlock {DIV} at (0,2348) size 80x16 [color=#C0C0C0]
        RenderText {#text} at (0,0) size 76x16
          text run at (0,0) width 76: "Dummy text."
      RenderBlock {DIV} at (0,2364) size 80x16 [color=#C0C0C0]
        RenderText {#text} at (0,0) size 76x16
          text run at (0,0) width 76: "Dummy text."
      RenderBlock {DIV} at (0,2380) size 80x16 [color=#C0C0C0]
        RenderText {#text} at (0,0) size 76x16
          text run at (0,0) width 76: "Dummy text."
      RenderBlock {DIV} at (0,2396) size 80x16 [color=#C0C0C0]
        RenderText {#text} at (0,0) size 76x16
          text run at (0,0) width 76: "Dummy text."
      RenderBlock {DIV} at (0,2412) size 80x16 [color=#C0C0C0]
        RenderText {#text} at (0,0) size 76x16
          text run at (0,0) width 76: "Dummy text."
      RenderBlock {DIV} at (0,2428) size 80x16 [color=#C0C0C0]
        RenderText {#text} at (0,0) size 76x16
          text run at (0,0) width 76: "Dummy text."
      RenderBlock {DIV} at (0,2444) size 80x16 [color=#C0C0C0]
        RenderText {#text} at (0,0) size 76x16
          text run at (0,0) width 76: "Dummy text."
      RenderBlock {DIV} at (0,2460) size 80x16 [color=#C0C0C0]
        RenderText {#text} at (0,0) size 76x16
          text run at (0,0) width 76: "Dummy text."
      RenderBlock {DIV} at (0,2476) size 80x16 [color=#C0C0C0]
        RenderText {#text} at (0,0) size 76x16
          text run at (0,0) width 76: "Dummy text."
      RenderBlock {DIV} at (0,2492) size 80x16 [color=#C0C0C0]
        RenderText {#text} at (0,0) size 76x16
          text run at (0,0) width 76: "Dummy text."
      RenderBlock {DIV} at (0,2508) size 80x16 [color=#C0C0C0]
        RenderText {#text} at (0,0) size 76x16
          text run at (0,0) width 76: "Dummy text."
      RenderBlock {DIV} at (0,2524) size 80x16 [color=#C0C0C0]
        RenderText {#text} at (0,0) size 76x16
          text run at (0,0) width 76: "Dummy text."
      RenderBlock {DIV} at (0,2540) size 80x16 [color=#C0C0C0]
        RenderText {#text} at (0,0) size 76x16
          text run at (0,0) width 76: "Dummy text."
      RenderBlock {DIV} at (0,2556) size 80x16 [color=#C0C0C0]
        RenderText {#text} at (0,0) size 76x16
          text run at (0,0) width 76: "Dummy text."
      RenderBlock {DIV} at (0,2572) size 80x16 [color=#C0C0C0]
        RenderText {#text} at (0,0) size 76x16
          text run at (0,0) width 76: "Dummy text."
      RenderBlock {DIV} at (0,2588) size 80x16 [color=#C0C0C0]
        RenderText {#text} at (0,0) size 76x16
          text run at (0,0) width 76: "Dummy text."
      RenderBlock {DIV} at (0,2604) size 80x16 [color=#C0C0C0]
        RenderText {#text} at (0,0) size 76x16
          text run at (0,0) width 76: "Dummy text."
      RenderBlock {DIV} at (0,2620) size 80x16 [color=#C0C0C0]
        RenderText {#text} at (0,0) size 76x16
          text run at (0,0) width 76: "Dummy text."
      RenderBlock {DIV} at (0,2636) size 80x16 [color=#C0C0C0]
        RenderText {#text} at (0,0) size 76x16
          text run at (0,0) width 76: "Dummy text."
      RenderBlock {DIV} at (0,2652) size 80x16 [color=#C0C0C0]
        RenderText {#text} at (0,0) size 76x16
          text run at (0,0) width 76: "Dummy text."
      RenderBlock {DIV} at (0,2668) size 80x16 [color=#C0C0C0]
        RenderText {#text} at (0,0) size 76x16
          text run at (0,0) width 76: "Dummy text."
      RenderBlock {DIV} at (0,2684) size 80x16 [color=#C0C0C0]
        RenderText {#text} at (0,0) size 76x16
          text run at (0,0) width 76: "Dummy text."
      RenderBlock {DIV} at (0,2700) size 80x16 [color=#C0C0C0]
        RenderText {#text} at (0,0) size 76x16
          text run at (0,0) width 76: "Dummy text."
