layer at (0,0) size 800x600
  RenderView at (0,0) size 800x600
layer at (0,0) size 800x113
  RenderBlock {HTML} at (0,0) size 800x113
    RenderBody {BODY} at (8,14) size 784x85
      RenderBlock {P} at (0,0) size 784x19 [bgcolor=#00FF00]
        RenderText {#text} at (0,0) size 164x19
          text run at (0,0) width 164: "This line should be green."
      RenderBlock {P} at (0,33) size 784x19 [bgcolor=#00FF00]
        RenderText {#text} at (0,0) size 57x19
          text run at (0,0) width 57: "This line "
        RenderInline {SPAN} at (0,0) size 103x19
          RenderText {#text} at (57,0) size 103x19
            text run at (57,0) width 103: "should be green"
        RenderText {#text} at (160,0) size 28x19
          text run at (160,0) width 28: " too."
      RenderBlock {P} at (0,66) size 784x19 [bgcolor=#AAFFAA]
        RenderText {#text} at (0,0) size 195x19
          text run at (0,0) width 195: "This line should be pale green."
