layer at (0,0) size 203x1796
  RenderView at (0,0) size 96x26
layer at (0,0) size 203x1796
  RenderBlock {HTML} at (0,0) size 96x1796
    RenderBody {BODY} at (8,14) size 80x1768
      RenderBlock {P} at (0,0) size 80x16 [color=#C0C0C0]
        RenderText {#text} at (0,0) size 76x16
          text run at (0,0) width 76: "Dummy text."
      RenderBlock {P} at (0,30) size 80x16 [color=#C0C0C0]
        RenderText {#text} at (0,0) size 76x16
          text run at (0,0) width 76: "Dummy text."
      RenderBlock {P} at (0,60) size 80x16 [color=#C0C0C0]
        RenderText {#text} at (0,0) size 76x16
          text run at (0,0) width 76: "Dummy text."
      RenderBlock {P} at (0,90) size 80x224
        RenderText {#text} at (0,0) size 79x224
          text run at (0,0) width 61: "Scroll this"
          text run at (0,16) width 77: "document. A"
          text run at (0,32) width 67: "line of blue"
          text run at (0,48) width 41: "should"
          text run at (0,64) width 79: "remain stuck"
          text run at (0,80) width 40: "at the "
          text run at (40,80) width 36: "top of"
          text run at (0,96) width 77: "the viewport"
          text run at (0,112) width 61: "the whole"
          text run at (0,128) width 57: "time, and"
          text run at (0,144) width 78: "there should"
          text run at (0,160) width 60: "be no red"
          text run at (0,176) width 76: "below, just a"
          text run at (0,192) width 48: "block of"
          text run at (0,208) width 40: "green."
      RenderBlock {DIV} at (30,328) size 165x30 [color=#008000] [bgcolor=#008000]
        RenderText {#text} at (0,-1) size 158x32
          text run at (0,-1) width 54: "          X "
          text run at (54,-1) width 54: "          X "
          text run at (108,-1) width 50: "          X"
          text run at (0,14) width 54: "          X "
          text run at (54,14) width 50: "          X"
      RenderBlock {DIV} at (30,358) size 165x30 [color=#008000] [bgcolor=#008000]
        RenderText {#text} at (0,-1) size 158x32
          text run at (0,-1) width 54: "     X      "
          text run at (54,-1) width 54: "     X      "
          text run at (108,-1) width 50: "     X     "
          text run at (0,14) width 54: "     X      "
          text run at (54,14) width 50: "     X     "
      RenderBlock {DIV} at (30,388) size 165x30 [color=#008000] [bgcolor=#008000]
        RenderText {#text} at (0,-1) size 158x32
          text run at (0,-1) width 114: "XXXXXXXXXXX "
          text run at (114,-1) width 44: "           "
          text run at (0,14) width 48: "            "
          text run at (48,14) width 48: "            "
          text run at (96,14) width 44: "           "
      RenderBlock {P} at (0,432) size 80x16 [color=#C0C0C0]
        RenderText {#text} at (0,0) size 76x16
          text run at (0,0) width 76: "Dummy text."
      RenderBlock {P} at (0,462) size 80x16 [color=#C0C0C0]
        RenderText {#text} at (0,0) size 76x16
          text run at (0,0) width 76: "Dummy text."
      RenderBlock {P} at (0,492) size 80x16 [color=#C0C0C0]
        RenderText {#text} at (0,0) size 76x16
          text run at (0,0) width 76: "Dummy text."
      RenderBlock {P} at (0,522) size 80x16 [color=#C0C0C0]
        RenderText {#text} at (0,0) size 76x16
          text run at (0,0) width 76: "Dummy text."
      RenderBlock {P} at (0,552) size 80x16 [color=#C0C0C0]
        RenderText {#text} at (0,0) size 76x16
          text run at (0,0) width 76: "Dummy text."
      RenderBlock {P} at (0,582) size 80x16 [color=#C0C0C0]
        RenderText {#text} at (0,0) size 76x16
          text run at (0,0) width 76: "Dummy text."
      RenderBlock {P} at (0,612) size 80x16 [color=#C0C0C0]
        RenderText {#text} at (0,0) size 76x16
          text run at (0,0) width 76: "Dummy text."
      RenderBlock {P} at (0,642) size 80x16 [color=#C0C0C0]
        RenderText {#text} at (0,0) size 76x16
          text run at (0,0) width 76: "Dummy text."
      RenderBlock {P} at (0,672) size 80x16 [color=#C0C0C0]
        RenderText {#text} at (0,0) size 76x16
          text run at (0,0) width 76: "Dummy text."
      RenderBlock {P} at (0,702) size 80x16 [color=#C0C0C0]
        RenderText {#text} at (0,0) size 76x16
          text run at (0,0) width 76: "Dummy text."
      RenderBlock {P} at (0,732) size 80x16 [color=#C0C0C0]
        RenderText {#text} at (0,0) size 76x16
          text run at (0,0) width 76: "Dummy text."
      RenderBlock {P} at (0,762) size 80x16 [color=#C0C0C0]
        RenderText {#text} at (0,0) size 76x16
          text run at (0,0) width 76: "Dummy text."
      RenderBlock {P} at (0,792) size 80x16 [color=#C0C0C0]
        RenderText {#text} at (0,0) size 76x16
          text run at (0,0) width 76: "Dummy text."
      RenderBlock {P} at (0,822) size 80x16 [color=#C0C0C0]
        RenderText {#text} at (0,0) size 76x16
          text run at (0,0) width 76: "Dummy text."
      RenderBlock {P} at (0,852) size 80x16 [color=#C0C0C0]
        RenderText {#text} at (0,0) size 76x16
          text run at (0,0) width 76: "Dummy text."
      RenderBlock {P} at (0,882) size 80x16 [color=#C0C0C0]
        RenderText {#text} at (0,0) size 76x16
          text run at (0,0) width 76: "Dummy text."
      RenderBlock {P} at (0,912) size 80x16 [color=#C0C0C0]
        RenderText {#text} at (0,0) size 76x16
          text run at (0,0) width 76: "Dummy text."
      RenderBlock {P} at (0,942) size 80x16 [color=#C0C0C0]
        RenderText {#text} at (0,0) size 76x16
          text run at (0,0) width 76: "Dummy text."
      RenderBlock {P} at (0,972) size 80x16 [color=#C0C0C0]
        RenderText {#text} at (0,0) size 76x16
          text run at (0,0) width 76: "Dummy text."
      RenderBlock {P} at (0,1002) size 80x16 [color=#C0C0C0]
        RenderText {#text} at (0,0) size 76x16
          text run at (0,0) width 76: "Dummy text."
      RenderBlock {P} at (0,1032) size 80x16 [color=#C0C0C0]
        RenderText {#text} at (0,0) size 76x16
          text run at (0,0) width 76: "Dummy text."
      RenderBlock {P} at (0,1062) size 80x16 [color=#C0C0C0]
        RenderText {#text} at (0,0) size 76x16
          text run at (0,0) width 76: "Dummy text."
      RenderBlock {P} at (0,1092) size 80x16 [color=#C0C0C0]
        RenderText {#text} at (0,0) size 76x16
          text run at (0,0) width 76: "Dummy text."
      RenderBlock {P} at (0,1122) size 80x16 [color=#C0C0C0]
        RenderText {#text} at (0,0) size 76x16
          text run at (0,0) width 76: "Dummy text."
      RenderBlock {P} at (0,1152) size 80x16 [color=#C0C0C0]
        RenderText {#text} at (0,0) size 76x16
          text run at (0,0) width 76: "Dummy text."
      RenderBlock {P} at (0,1182) size 80x16 [color=#C0C0C0]
        RenderText {#text} at (0,0) size 76x16
          text run at (0,0) width 76: "Dummy text."
      RenderBlock {P} at (0,1212) size 80x16 [color=#C0C0C0]
        RenderText {#text} at (0,0) size 76x16
          text run at (0,0) width 76: "Dummy text."
      RenderBlock {P} at (0,1242) size 80x16 [color=#C0C0C0]
        RenderText {#text} at (0,0) size 76x16
          text run at (0,0) width 76: "Dummy text."
      RenderBlock {P} at (0,1272) size 80x16 [color=#C0C0C0]
        RenderText {#text} at (0,0) size 76x16
          text run at (0,0) width 76: "Dummy text."
      RenderBlock {P} at (0,1302) size 80x16 [color=#C0C0C0]
        RenderText {#text} at (0,0) size 76x16
          text run at (0,0) width 76: "Dummy text."
      RenderBlock {P} at (0,1332) size 80x16 [color=#C0C0C0]
        RenderText {#text} at (0,0) size 76x16
          text run at (0,0) width 76: "Dummy text."
      RenderBlock {P} at (0,1362) size 80x16 [color=#C0C0C0]
        RenderText {#text} at (0,0) size 76x16
          text run at (0,0) width 76: "Dummy text."
      RenderBlock {P} at (0,1392) size 80x16 [color=#C0C0C0]
        RenderText {#text} at (0,0) size 76x16
          text run at (0,0) width 76: "Dummy text."
      RenderBlock {P} at (0,1422) size 80x16 [color=#C0C0C0]
        RenderText {#text} at (0,0) size 76x16
          text run at (0,0) width 76: "Dummy text."
      RenderBlock {P} at (0,1452) size 80x16 [color=#C0C0C0]
        RenderText {#text} at (0,0) size 76x16
          text run at (0,0) width 76: "Dummy text."
      RenderBlock {P} at (0,1482) size 80x16 [color=#C0C0C0]
        RenderText {#text} at (0,0) size 76x16
          text run at (0,0) width 76: "Dummy text."
      RenderBlock {P} at (0,1512) size 80x16 [color=#C0C0C0]
        RenderText {#text} at (0,0) size 76x16
          text run at (0,0) width 76: "Dummy text."
      RenderBlock {P} at (0,1542) size 80x16 [color=#C0C0C0]
        RenderText {#text} at (0,0) size 76x16
          text run at (0,0) width 76: "Dummy text."
      RenderBlock {P} at (0,1572) size 80x16 [color=#C0C0C0]
        RenderText {#text} at (0,0) size 76x16
          text run at (0,0) width 76: "Dummy text."
      RenderBlock {P} at (0,1602) size 80x16 [color=#C0C0C0]
        RenderText {#text} at (0,0) size 76x16
          text run at (0,0) width 76: "Dummy text."
      RenderBlock {P} at (0,1632) size 80x16 [color=#C0C0C0]
        RenderText {#text} at (0,0) size 76x16
          text run at (0,0) width 76: "Dummy text."
      RenderBlock {P} at (0,1662) size 80x16 [color=#C0C0C0]
        RenderText {#text} at (0,0) size 76x16
          text run at (0,0) width 76: "Dummy text."
      RenderBlock {P} at (0,1692) size 80x16 [color=#C0C0C0]
        RenderText {#text} at (0,0) size 76x16
          text run at (0,0) width 76: "Dummy text."
      RenderBlock {P} at (0,1722) size 80x16 [color=#C0C0C0]
        RenderText {#text} at (0,0) size 76x16
          text run at (0,0) width 76: "Dummy text."
      RenderBlock {P} at (0,1752) size 80x16 [color=#C0C0C0]
        RenderText {#text} at (0,0) size 76x16
          text run at (0,0) width 76: "Dummy text."
