layer at (0,0) size 168x148
  RenderView at (0,0) size 96x26
layer at (0,0) size 168x148
  RenderBlock {HTML} at (0,0) size 96x148
    RenderBody {BODY} at (8,14) size 80x126
      RenderBlock {P} at (0,0) size 80x64
        RenderText {#text} at (0,0) size 73x64
          text run at (0,0) width 38: "There"
          text run at (0,16) width 72: "should be a"
          text run at (0,32) width 73: "green block"
          text run at (0,48) width 39: "below."
      RenderBlock {DIV} at (0,78) size 160x48 [color=#008000] [bgcolor=#FF0000] [border: (3px solid #000000)]
        RenderBlock {DIV} at (3,3) size 154x42
          RenderText {#text} at (0,-1) size 103x44
            text run at (0,-1) width 55: " rr rr rr r "
            text run at (55,-1) width 48: "r  r  r  r "
            text run at (0,13) width 52: "r  r  r  r  "
            text run at (52,13) width 51: " rr rr rr r"
            text run at (0,27) width 48: "r  r  r  r "
