layer at (0,0) size 800x600
  RenderView at (0,0) size 800x600
layer at (0,0) size 800x100
  RenderBlock {HTML} at (0,0) size 800x100
    RenderBody {BODY} at (8,14) size 784x78
      RenderBlock {P} at (0,0) size 784x16
        RenderText {#text} at (0,0) size 234x16
          text run at (0,0) width 234: "There should be a green block below."
      RenderBlock {DIV} at (0,30) size 160x48 [color=#008000] [bgcolor=#FF0000] [border: (3px solid #000000)]
        RenderBlock {DIV} at (3,3) size 154x42
          RenderText {#text} at (0,-1) size 103x44
            text run at (0,-1) width 52: " r  r  r  r "
            text run at (52,-1) width 51: "r rr rr rr "
            text run at (0,13) width 52: " r  r  r  r "
            text run at (52,13) width 48: " r  r  r  r"
            text run at (0,27) width 51: "r rr rr rr "
