layer at (0,0) size 164x196
  RenderView at (0,0) size 96x26
layer at (0,0) size 164x196
  RenderBlock {HTML} at (0,0) size 96x196
    RenderBody {BODY} at (8,14) size 80x174
      RenderBlock {P} at (0,0) size 80x64
        RenderText {#text} at (0,0) size 73x64
          text run at (0,0) width 38: "There"
          text run at (0,16) width 72: "should be a"
          text run at (0,32) width 73: "green block"
          text run at (0,48) width 39: "below."
      RenderBlock {DIV} at (0,78) size 156x96 [color=#008000] [bgcolor=#008000] [border: (3px solid #000000)]
        RenderBlock {DIV} at (3,3) size 150x30
          RenderText {#text} at (0,-1) size 140x32
            text run at (0,-1) width 48: "z          "
            text run at (48,-1) width 48: "z          "
            text run at (96,-1) width 44: "z         "
            text run at (0,14) width 48: "z          "
            text run at (48,14) width 44: "z         "
        RenderBlock {DIV} at (3,33) size 150x30
          RenderText {#text} at (0,-1) size 128x32
            text run at (0,-1) width 84: "zzzzzzzzzz "
            text run at (84,-1) width 40: "          "
            text run at (0,14) width 44: "           "
            text run at (44,14) width 44: "           "
            text run at (88,14) width 40: "          "
        RenderBlock {DIV} at (3,63) size 150x30
          RenderText {#text} at (0,-1) size 132x32
            text run at (0,-1) width 48: "z          "
            text run at (48,-1) width 44: "           "
            text run at (92,-1) width 40: "          "
            text run at (0,14) width 44: "           "
            text run at (44,14) width 40: "          "
