layer at (0,0) size 164x316
  RenderView at (0,0) size 96x26
layer at (0,0) size 164x316
  RenderBlock {HTML} at (0,0) size 96x316
    RenderBody {BODY} at (8,14) size 80x294
      RenderBlock {P} at (0,0) size 80x64
        RenderText {#text} at (0,0) size 73x64
          text run at (0,0) width 38: "There"
          text run at (0,16) width 72: "should be a"
          text run at (0,32) width 73: "green block"
          text run at (0,48) width 39: "below."
      RenderBlock {DIV} at (0,78) size 156x216 [color=#008000] [bgcolor=#FF0000] [border: (3px solid #000000)]
        RenderBlock {DIV} at (3,3) size 150x75
          RenderText {#text} at (0,-1) size 76x77
            text run at (0,-1) width 76: " xxxxxxxxx"
            text run at (0,14) width 76: " xxxxxxxxx"
            text run at (0,29) width 76: " xxxxxxxxx"
            text run at (0,44) width 76: " xxxxxxxxx"
            text run at (0,59) width 76: " xxxxxxxxx"
        RenderBlock {DIV} at (3,78) size 150x60
          RenderText {#text} at (0,-1) size 124x62
            text run at (0,-1) width 44: "           "
            text run at (44,-1) width 80: "xxxxxxxxxx"
            text run at (0,14) width 80: "xxxxxxxxxx"
            text run at (0,29) width 80: "xxxxxxxxxx"
            text run at (0,44) width 80: "xxxxxxxxxx"
        RenderBlock {DIV} at (3,138) size 150x75
          RenderText {#text} at (0,-1) size 80x77
            text run at (0,-1) width 76: " xxxxxxxxx"
            text run at (0,14) width 80: "xxxxxxxxxx"
            text run at (0,29) width 80: "xxxxxxxxxx"
            text run at (0,44) width 80: "xxxxxxxxxx"
            text run at (0,59) width 80: "xxxxxxxxxx"
