layer at (0,0) size 110x10692
  RenderView at (0,0) size 96x26
layer at (0,0) size 110x10692
  RenderBlock {HTML} at (0,0) size 96x10692
    RenderBody {BODY} at (8,18) size 80x10656 [color=#000080]
      RenderBlock {P} at (0,0) size 80x10656
        RenderText {#text} at (0,38) size 102x1556
          text run at (0,38) width 41: "This"
          text run at (0,134) width 46: "text"
          text run at (0,230) width 75: "should"
          text run at (0,326) width 73: "be 18px"
          text run at (0,422) width 55: "sans-"
          text run at (0,518) width 58: "serif,"
          text run at (0,614) width 18: "in"
          text run at (0,710) width 65: "small-"
          text run at (0,806) width 49: "caps"
          text run at (0,902) width 38: "and"
          text run at (0,998) width 102: "italicized."
          text run at (0,1094) width 36: "The"
          text run at (0,1190) width 52: "lines"
          text run at (0,1286) width 75: "should"
          text run at (0,1382) width 68: "be one"
          text run at (0,1478) width 44: "inch"
          text run at (0,1574) width 65: "apart."
        RenderInline {SPAN} at (0,0) size 68x8948 [color=#C0C0C0]
          RenderText {#text} at (0,1670) size 68x8948
            text run at (0,1670) width 68: "dummy"
            text run at (0,1766) width 46: "text"
            text run at (0,1862) width 68: "dummy"
            text run at (0,1958) width 46: "text"
            text run at (0,2054) width 68: "dummy"
            text run at (0,2150) width 46: "text"
            text run at (0,2246) width 68: "dummy"
            text run at (0,2342) width 46: "text"
            text run at (0,2438) width 68: "dummy"
            text run at (0,2534) width 46: "text"
            text run at (0,2630) width 68: "dummy"
            text run at (0,2726) width 46: "text"
            text run at (0,2822) width 68: "dummy"
            text run at (0,2918) width 46: "text"
            text run at (0,3014) width 68: "dummy"
            text run at (0,3110) width 46: "text"
            text run at (0,3206) width 68: "dummy"
            text run at (0,3302) width 46: "text"
            text run at (0,3398) width 68: "dummy"
            text run at (0,3494) width 46: "text"
            text run at (0,3590) width 68: "dummy"
            text run at (0,3686) width 46: "text"
            text run at (0,3782) width 68: "dummy"
            text run at (0,3878) width 46: "text"
            text run at (0,3974) width 68: "dummy"
            text run at (0,4070) width 46: "text"
            text run at (0,4166) width 68: "dummy"
            text run at (0,4262) width 46: "text"
            text run at (0,4358) width 68: "dummy"
            text run at (0,4454) width 46: "text"
            text run at (0,4550) width 68: "dummy"
            text run at (0,4646) width 46: "text"
            text run at (0,4742) width 68: "dummy"
            text run at (0,4838) width 46: "text"
            text run at (0,4934) width 68: "dummy"
            text run at (0,5030) width 46: "text"
            text run at (0,5126) width 68: "dummy"
            text run at (0,5222) width 46: "text"
            text run at (0,5318) width 68: "dummy"
            text run at (0,5414) width 46: "text"
            text run at (0,5510) width 68: "dummy"
            text run at (0,5606) width 46: "text"
            text run at (0,5702) width 68: "dummy"
            text run at (0,5798) width 46: "text"
            text run at (0,5894) width 68: "dummy"
            text run at (0,5990) width 46: "text"
            text run at (0,6086) width 68: "dummy"
            text run at (0,6182) width 46: "text"
            text run at (0,6278) width 68: "dummy"
            text run at (0,6374) width 46: "text"
            text run at (0,6470) width 68: "dummy"
            text run at (0,6566) width 46: "text"
            text run at (0,6662) width 68: "dummy"
            text run at (0,6758) width 46: "text"
            text run at (0,6854) width 68: "dummy"
            text run at (0,6950) width 46: "text"
            text run at (0,7046) width 68: "dummy"
            text run at (0,7142) width 46: "text"
            text run at (0,7238) width 68: "dummy"
            text run at (0,7334) width 46: "text"
            text run at (0,7430) width 68: "dummy"
            text run at (0,7526) width 46: "text"
            text run at (0,7622) width 68: "dummy"
            text run at (0,7718) width 46: "text"
            text run at (0,7814) width 68: "dummy"
            text run at (0,7910) width 46: "text"
            text run at (0,8006) width 68: "dummy"
            text run at (0,8102) width 46: "text"
            text run at (0,8198) width 68: "dummy"
            text run at (0,8294) width 46: "text"
            text run at (0,8390) width 68: "dummy"
            text run at (0,8486) width 46: "text"
            text run at (0,8582) width 68: "dummy"
            text run at (0,8678) width 46: "text"
            text run at (0,8774) width 68: "dummy"
            text run at (0,8870) width 46: "text"
            text run at (0,8966) width 68: "dummy"
            text run at (0,9062) width 46: "text"
            text run at (0,9158) width 68: "dummy"
            text run at (0,9254) width 46: "text"
            text run at (0,9350) width 68: "dummy"
            text run at (0,9446) width 46: "text"
            text run at (0,9542) width 68: "dummy"
            text run at (0,9638) width 46: "text"
            text run at (0,9734) width 68: "dummy"
            text run at (0,9830) width 46: "text"
            text run at (0,9926) width 68: "dummy"
            text run at (0,10022) width 46: "text"
            text run at (0,10118) width 68: "dummy"
            text run at (0,10214) width 46: "text"
            text run at (0,10310) width 68: "dummy"
            text run at (0,10406) width 46: "text"
            text run at (0,10502) width 68: "dummy"
            text run at (0,10598) width 46: "text"
        RenderText {#text} at (0,0) size 0x0
