layer at (0,0) size 96x3996
  RenderView at (0,0) size 96x26
layer at (0,0) size 96x3996
  RenderBlock {HTML} at (0,0) size 96x3996
    RenderBody {BODY} at (8,18) size 80x3960 [color=#000080]
      RenderBlock {P} at (0,0) size 80x3960
        RenderText {#text} at (0,8) size 80x560
          text run at (0,8) width 74: "This text"
          text run at (0,44) width 59: "should"
          text run at (0,80) width 67: "be 18px"
          text run at (0,116) width 47: "sans-"
          text run at (0,152) width 64: "serif, in"
          text run at (0,188) width 52: "small-"
          text run at (0,224) width 46: "caps,"
          text run at (0,260) width 69: "oblique,"
          text run at (0,296) width 80: "and bold."
          text run at (0,332) width 49: "There"
          text run at (0,368) width 59: "should"
          text run at (0,404) width 72: "be a 9px"
          text run at (0,440) width 32: "gap"
          text run at (0,476) width 72: "between"
          text run at (0,512) width 41: "each"
          text run at (0,548) width 36: "line."
        RenderInline {SPAN} at (0,0) size 64x3368 [color=#C0C0C0]
          RenderText {#text} at (0,584) size 64x3368
            text run at (0,584) width 64: "dummy"
            text run at (0,620) width 32: "text"
            text run at (0,656) width 64: "dummy"
            text run at (0,692) width 32: "text"
            text run at (0,728) width 64: "dummy"
            text run at (0,764) width 32: "text"
            text run at (0,800) width 64: "dummy"
            text run at (0,836) width 32: "text"
            text run at (0,872) width 64: "dummy"
            text run at (0,908) width 32: "text"
            text run at (0,944) width 64: "dummy"
            text run at (0,980) width 32: "text"
            text run at (0,1016) width 64: "dummy"
            text run at (0,1052) width 32: "text"
            text run at (0,1088) width 64: "dummy"
            text run at (0,1124) width 32: "text"
            text run at (0,1160) width 64: "dummy"
            text run at (0,1196) width 32: "text"
            text run at (0,1232) width 64: "dummy"
            text run at (0,1268) width 32: "text"
            text run at (0,1304) width 64: "dummy"
            text run at (0,1340) width 32: "text"
            text run at (0,1376) width 64: "dummy"
            text run at (0,1412) width 32: "text"
            text run at (0,1448) width 64: "dummy"
            text run at (0,1484) width 32: "text"
            text run at (0,1520) width 64: "dummy"
            text run at (0,1556) width 32: "text"
            text run at (0,1592) width 64: "dummy"
            text run at (0,1628) width 32: "text"
            text run at (0,1664) width 64: "dummy"
            text run at (0,1700) width 32: "text"
            text run at (0,1736) width 64: "dummy"
            text run at (0,1772) width 32: "text"
            text run at (0,1808) width 64: "dummy"
            text run at (0,1844) width 32: "text"
            text run at (0,1880) width 64: "dummy"
            text run at (0,1916) width 32: "text"
            text run at (0,1952) width 64: "dummy"
            text run at (0,1988) width 32: "text"
            text run at (0,2024) width 64: "dummy"
            text run at (0,2060) width 32: "text"
            text run at (0,2096) width 64: "dummy"
            text run at (0,2132) width 32: "text"
            text run at (0,2168) width 64: "dummy"
            text run at (0,2204) width 32: "text"
            text run at (0,2240) width 64: "dummy"
            text run at (0,2276) width 32: "text"
            text run at (0,2312) width 64: "dummy"
            text run at (0,2348) width 32: "text"
            text run at (0,2384) width 64: "dummy"
            text run at (0,2420) width 32: "text"
            text run at (0,2456) width 64: "dummy"
            text run at (0,2492) width 32: "text"
            text run at (0,2528) width 64: "dummy"
            text run at (0,2564) width 32: "text"
            text run at (0,2600) width 64: "dummy"
            text run at (0,2636) width 32: "text"
            text run at (0,2672) width 64: "dummy"
            text run at (0,2708) width 32: "text"
            text run at (0,2744) width 64: "dummy"
            text run at (0,2780) width 32: "text"
            text run at (0,2816) width 64: "dummy"
            text run at (0,2852) width 32: "text"
            text run at (0,2888) width 64: "dummy"
            text run at (0,2924) width 32: "text"
            text run at (0,2960) width 64: "dummy"
            text run at (0,2996) width 32: "text"
            text run at (0,3032) width 64: "dummy"
            text run at (0,3068) width 32: "text"
            text run at (0,3104) width 64: "dummy"
            text run at (0,3140) width 32: "text"
            text run at (0,3176) width 64: "dummy"
            text run at (0,3212) width 32: "text"
            text run at (0,3248) width 64: "dummy"
            text run at (0,3284) width 32: "text"
            text run at (0,3320) width 64: "dummy"
            text run at (0,3356) width 32: "text"
            text run at (0,3392) width 64: "dummy"
            text run at (0,3428) width 32: "text"
            text run at (0,3464) width 64: "dummy"
            text run at (0,3500) width 32: "text"
            text run at (0,3536) width 64: "dummy"
            text run at (0,3572) width 32: "text"
            text run at (0,3608) width 64: "dummy"
            text run at (0,3644) width 32: "text"
            text run at (0,3680) width 64: "dummy"
            text run at (0,3716) width 32: "text"
            text run at (0,3752) width 64: "dummy"
            text run at (0,3788) width 32: "text"
            text run at (0,3824) width 64: "dummy"
            text run at (0,3860) width 32: "text"
            text run at (0,3896) width 64: "dummy"
            text run at (0,3932) width 32: "text"
        RenderText {#text} at (0,0) size 0x0
