layer at (0,0) size 800x600
  RenderView at (0,0) size 800x600
layer at (0,0) size 800x340
  RenderBlock {HTML} at (0,0) size 800x340
    RenderBody {BODY} at (8,14) size 784x318
      RenderBlock {P} at (0,0) size 784x16
        RenderText {#text} at (0,0) size 461x16
          text run at (0,0) width 461: "There should be a solid single uninterrupted smooth column of blue below."
      RenderBlock {DIV} at (96,30) size 592x48 [color=#000080]
        RenderText {#text} at (0,-1) size 24x50
          text run at (0,-1) width 24: "x"
      RenderBlock {DIV} at (96,78) size 592x48 [color=#000080]
        RenderText {#text} at (0,-1) size 24x50
          text run at (0,-1) width 24: "x"
      RenderBlock {DIV} at (96,126) size 592x48 [color=#000080]
        RenderText {#text} at (0,-1) size 24x50
          text run at (0,-1) width 24: "x"
      RenderBlock {DIV} at (96,174) size 592x48 [color=#000080]
        RenderText {#text} at (0,-1) size 24x50
          text run at (0,-1) width 24: "x"
      RenderBlock {DIV} at (96,222) size 592x48 [color=#000080]
        RenderText {#text} at (0,-1) size 24x50
          text run at (0,-1) width 24: "x"
      RenderBlock {DIV} at (96,270) size 592x48 [color=#000080]
        RenderText {#text} at (0,-1) size 24x50
          text run at (0,-1) width 24: "x"
