layer at (0,0) size 800x600
  RenderView at (0,0) size 800x600
layer at (0,0) size 800x74
  RenderBlock {HTML} at (0,0) size 800x74
    RenderBody {BODY} at (8,14) size 784x46
      RenderBlock {P} at (0,0) size 784x16 [color=#000080]
        RenderText {#text} at (0,0) size 318x16
          text run at (0,0) width 318: "This Paragraph should be in Small Caps."
      RenderBlock {P} at (0,30) size 784x16 [color=#000080]
        RenderText {#text} at (0,0) size 311x16
          text run at (0,0) width 311: "This Sentence should be in Small Caps. "
        RenderInline {SPAN} at (0,0) size 207x16
          RenderText {#text} at (311,0) size 207x16
            text run at (311,0) width 207: "This Sentence should be Normal."
        RenderText {#text} at (0,0) size 0x0
