layer at (0,0) size 96x2790
  RenderView at (0,0) size 96x26
layer at (0,0) size 96x2790
  RenderBlock {HTML} at (0,0) size 96x2790
    RenderBody {BODY} at (8,18) size 80x2754 [color=#000080]
      RenderBlock {P} at (0,0) size 80x2754
        RenderText {#text} at (0,3) size 78x209
          text run at (0,3) width 64: "This text"
          text run at (0,30) width 70: "should be"
          text run at (0,57) width 78: "18px serif."
          text run at (0,84) width 42: "There"
          text run at (0,111) width 70: "should be"
          text run at (0,138) width 71: "a 9px gap"
          text run at (0,165) width 60: "between"
          text run at (0,192) width 70: "each line."
        RenderInline {SPAN} at (0,0) size 55x2531 [color=#C0C0C0]
          RenderText {#text} at (0,219) size 55x2531
            text run at (0,219) width 55: "dummy"
            text run at (0,246) width 27: "text"
            text run at (0,273) width 55: "dummy"
            text run at (0,300) width 27: "text"
            text run at (0,327) width 55: "dummy"
            text run at (0,354) width 27: "text"
            text run at (0,381) width 55: "dummy"
            text run at (0,408) width 27: "text"
            text run at (0,435) width 55: "dummy"
            text run at (0,462) width 27: "text"
            text run at (0,489) width 55: "dummy"
            text run at (0,516) width 27: "text"
            text run at (0,543) width 55: "dummy"
            text run at (0,570) width 27: "text"
            text run at (0,597) width 55: "dummy"
            text run at (0,624) width 27: "text"
            text run at (0,651) width 55: "dummy"
            text run at (0,678) width 27: "text"
            text run at (0,705) width 55: "dummy"
            text run at (0,732) width 27: "text"
            text run at (0,759) width 55: "dummy"
            text run at (0,786) width 27: "text"
            text run at (0,813) width 55: "dummy"
            text run at (0,840) width 27: "text"
            text run at (0,867) width 55: "dummy"
            text run at (0,894) width 27: "text"
            text run at (0,921) width 55: "dummy"
            text run at (0,948) width 27: "text"
            text run at (0,975) width 55: "dummy"
            text run at (0,1002) width 27: "text"
            text run at (0,1029) width 55: "dummy"
            text run at (0,1056) width 27: "text"
            text run at (0,1083) width 55: "dummy"
            text run at (0,1110) width 27: "text"
            text run at (0,1137) width 55: "dummy"
            text run at (0,1164) width 27: "text"
            text run at (0,1191) width 55: "dummy"
            text run at (0,1218) width 27: "text"
            text run at (0,1245) width 55: "dummy"
            text run at (0,1272) width 27: "text"
            text run at (0,1299) width 55: "dummy"
            text run at (0,1326) width 27: "text"
            text run at (0,1353) width 55: "dummy"
            text run at (0,1380) width 27: "text"
            text run at (0,1407) width 55: "dummy"
            text run at (0,1434) width 27: "text"
            text run at (0,1461) width 55: "dummy"
            text run at (0,1488) width 27: "text"
            text run at (0,1515) width 55: "dummy"
            text run at (0,1542) width 27: "text"
            text run at (0,1569) width 55: "dummy"
            text run at (0,1596) width 27: "text"
            text run at (0,1623) width 55: "dummy"
            text run at (0,1650) width 27: "text"
            text run at (0,1677) width 55: "dummy"
            text run at (0,1704) width 27: "text"
            text run at (0,1731) width 55: "dummy"
            text run at (0,1758) width 27: "text"
            text run at (0,1785) width 55: "dummy"
            text run at (0,1812) width 27: "text"
            text run at (0,1839) width 55: "dummy"
            text run at (0,1866) width 27: "text"
            text run at (0,1893) width 55: "dummy"
            text run at (0,1920) width 27: "text"
            text run at (0,1947) width 55: "dummy"
            text run at (0,1974) width 27: "text"
            text run at (0,2001) width 55: "dummy"
            text run at (0,2028) width 27: "text"
            text run at (0,2055) width 55: "dummy"
            text run at (0,2082) width 27: "text"
            text run at (0,2109) width 55: "dummy"
            text run at (0,2136) width 27: "text"
            text run at (0,2163) width 55: "dummy"
            text run at (0,2190) width 27: "text"
            text run at (0,2217) width 55: "dummy"
            text run at (0,2244) width 27: "text"
            text run at (0,2271) width 55: "dummy"
            text run at (0,2298) width 27: "text"
            text run at (0,2325) width 55: "dummy"
            text run at (0,2352) width 27: "text"
            text run at (0,2379) width 55: "dummy"
            text run at (0,2406) width 27: "text"
            text run at (0,2433) width 55: "dummy"
            text run at (0,2460) width 27: "text"
            text run at (0,2487) width 55: "dummy"
            text run at (0,2514) width 27: "text"
            text run at (0,2541) width 55: "dummy"
            text run at (0,2568) width 27: "text"
            text run at (0,2595) width 55: "dummy"
            text run at (0,2622) width 27: "text"
            text run at (0,2649) width 55: "dummy"
            text run at (0,2676) width 27: "text"
            text run at (0,2703) width 55: "dummy"
            text run at (0,2730) width 27: "text"
        RenderText {#text} at (0,0) size 0x0
