layer at (0,0) size 800x600
  RenderView at (0,0) size 800x600
layer at (0,0) size 800x118
  RenderBlock {HTML} at (0,0) size 800x118
    RenderBody {BODY} at (8,9) size 784x100 [color=#000080]
      RenderBlock {P} at (0,0) size 784x100
        RenderText {#text} at (0,5) size 472x14
          text run at (0,5) width 472: "This test should be about 10px, sans-serif, and light. There should be about 15px between each line. "
        RenderInline {SPAN} at (0,0) size 781x89 [color=#C0C0C0]
          RenderText {#text} at (472,5) size 781x89
            text run at (472,5) width 277: "dummy text dummy text dummy text dummy text dummy text"
            text run at (0,30) width 36: "dummy "
            text run at (36,30) width 336: "text dummy text dummy text dummy text dummy text dummy text dummy "
            text run at (372,30) width 336: "text dummy text dummy text dummy text dummy text dummy text dummy "
            text run at (708,30) width 73: "text dummy text"
            text run at (0,55) width 260: "dummy text dummy text dummy text dummy text dummy "
            text run at (260,55) width 336: "text dummy text dummy text dummy text dummy text dummy text dummy "
            text run at (596,55) width 185: "text dummy text dummy text dummy text"
            text run at (0,80) width 148: "dummy text dummy text dummy "
            text run at (148,80) width 336: "text dummy text dummy text dummy text dummy text dummy text dummy "
            text run at (484,80) width 297: "text dummy text dummy text dummy text dummy text dummy text"
        RenderText {#text} at (0,0) size 0x0
