layer at (0,0) size 112x3114
  RenderView at (0,0) size 96x26
layer at (0,0) size 112x3114
  RenderBlock {HTML} at (0,0) size 96x3114
    RenderBody {BODY} at (8,18) size 80x3078 [color=#000080]
      RenderBlock {P} at (0,0) size 80x3078
        RenderText {#text} at (0,3) size 104x533
          text run at (0,3) width 41: "This"
          text run at (0,30) width 46: "text"
          text run at (0,57) width 76: "should"
          text run at (0,84) width 74: "be 18px"
          text run at (0,111) width 56: "sans-"
          text run at (0,138) width 58: "serif,"
          text run at (0,165) width 18: "in"
          text run at (0,192) width 68: "small-"
          text run at (0,219) width 55: "caps,"
          text run at (0,246) width 104: "italicized,"
          text run at (0,273) width 39: "and"
          text run at (0,300) width 49: "very"
          text run at (0,327) width 56: "bold."
          text run at (0,354) width 61: "There"
          text run at (0,381) width 76: "should"
          text run at (0,408) width 43: "be a"
          text run at (0,435) width 78: "9px gap"
          text run at (0,462) width 90: "between"
          text run at (0,489) width 51: "each"
          text run at (0,516) width 46: "line."
        RenderInline {SPAN} at (0,0) size 68x2531 [color=#C0C0C0]
          RenderText {#text} at (0,543) size 68x2531
            text run at (0,543) width 68: "dummy"
            text run at (0,570) width 46: "text"
            text run at (0,597) width 68: "dummy"
            text run at (0,624) width 46: "text"
            text run at (0,651) width 68: "dummy"
            text run at (0,678) width 46: "text"
            text run at (0,705) width 68: "dummy"
            text run at (0,732) width 46: "text"
            text run at (0,759) width 68: "dummy"
            text run at (0,786) width 46: "text"
            text run at (0,813) width 68: "dummy"
            text run at (0,840) width 46: "text"
            text run at (0,867) width 68: "dummy"
            text run at (0,894) width 46: "text"
            text run at (0,921) width 68: "dummy"
            text run at (0,948) width 46: "text"
            text run at (0,975) width 68: "dummy"
            text run at (0,1002) width 46: "text"
            text run at (0,1029) width 68: "dummy"
            text run at (0,1056) width 46: "text"
            text run at (0,1083) width 68: "dummy"
            text run at (0,1110) width 46: "text"
            text run at (0,1137) width 68: "dummy"
            text run at (0,1164) width 46: "text"
            text run at (0,1191) width 68: "dummy"
            text run at (0,1218) width 46: "text"
            text run at (0,1245) width 68: "dummy"
            text run at (0,1272) width 46: "text"
            text run at (0,1299) width 68: "dummy"
            text run at (0,1326) width 46: "text"
            text run at (0,1353) width 68: "dummy"
            text run at (0,1380) width 46: "text"
            text run at (0,1407) width 68: "dummy"
            text run at (0,1434) width 46: "text"
            text run at (0,1461) width 68: "dummy"
            text run at (0,1488) width 46: "text"
            text run at (0,1515) width 68: "dummy"
            text run at (0,1542) width 46: "text"
            text run at (0,1569) width 68: "dummy"
            text run at (0,1596) width 46: "text"
            text run at (0,1623) width 68: "dummy"
            text run at (0,1650) width 46: "text"
            text run at (0,1677) width 68: "dummy"
            text run at (0,1704) width 46: "text"
            text run at (0,1731) width 68: "dummy"
            text run at (0,1758) width 46: "text"
            text run at (0,1785) width 68: "dummy"
            text run at (0,1812) width 46: "text"
            text run at (0,1839) width 68: "dummy"
            text run at (0,1866) width 46: "text"
            text run at (0,1893) width 68: "dummy"
            text run at (0,1920) width 46: "text"
            text run at (0,1947) width 68: "dummy"
            text run at (0,1974) width 46: "text"
            text run at (0,2001) width 68: "dummy"
            text run at (0,2028) width 46: "text"
            text run at (0,2055) width 68: "dummy"
            text run at (0,2082) width 46: "text"
            text run at (0,2109) width 68: "dummy"
            text run at (0,2136) width 46: "text"
            text run at (0,2163) width 68: "dummy"
            text run at (0,2190) width 46: "text"
            text run at (0,2217) width 68: "dummy"
            text run at (0,2244) width 46: "text"
            text run at (0,2271) width 68: "dummy"
            text run at (0,2298) width 46: "text"
            text run at (0,2325) width 68: "dummy"
            text run at (0,2352) width 46: "text"
            text run at (0,2379) width 68: "dummy"
            text run at (0,2406) width 46: "text"
            text run at (0,2433) width 68: "dummy"
            text run at (0,2460) width 46: "text"
            text run at (0,2487) width 68: "dummy"
            text run at (0,2514) width 46: "text"
            text run at (0,2541) width 68: "dummy"
            text run at (0,2568) width 46: "text"
            text run at (0,2595) width 68: "dummy"
            text run at (0,2622) width 46: "text"
            text run at (0,2649) width 68: "dummy"
            text run at (0,2676) width 46: "text"
            text run at (0,2703) width 68: "dummy"
            text run at (0,2730) width 46: "text"
            text run at (0,2757) width 68: "dummy"
            text run at (0,2784) width 46: "text"
            text run at (0,2811) width 68: "dummy"
            text run at (0,2838) width 46: "text"
            text run at (0,2865) width 68: "dummy"
            text run at (0,2892) width 46: "text"
            text run at (0,2919) width 68: "dummy"
            text run at (0,2946) width 46: "text"
            text run at (0,2973) width 68: "dummy"
            text run at (0,3000) width 46: "text"
            text run at (0,3027) width 68: "dummy"
            text run at (0,3054) width 46: "text"
        RenderText {#text} at (0,0) size 0x0
