layer at (0,0) size 96x1296
  RenderView at (0,0) size 96x26
layer at (0,0) size 96x1296
  RenderBlock {HTML} at (0,0) size 96x1296
    RenderBody {BODY} at (8,12) size 80x1272 [color=#000080]
      RenderBlock {P} at (0,0) size 80x1272
        RenderText {#text} at (0,5) size 67x134
          text run at (0,5) width 45: "This text"
          text run at (0,29) width 54: "should be"
          text run at (0,53) width 53: "small and"
          text run at (0,77) width 67: "cursive, with"
          text run at (0,101) width 61: "double line"
          text run at (0,125) width 46: "spacing."
        RenderInline {SPAN} at (0,0) size 62x1118 [color=#C0C0C0]
          RenderText {#text} at (0,149) size 62x1118
            text run at (0,149) width 62: "dummy text"
            text run at (0,173) width 62: "dummy text"
            text run at (0,197) width 62: "dummy text"
            text run at (0,221) width 62: "dummy text"
            text run at (0,245) width 62: "dummy text"
            text run at (0,269) width 43: "dummy "
            text run at (43,269) width 19: "text"
            text run at (0,293) width 62: "dummy text"
            text run at (0,317) width 62: "dummy text"
            text run at (0,341) width 62: "dummy text"
            text run at (0,365) width 62: "dummy text"
            text run at (0,389) width 62: "dummy text"
            text run at (0,413) width 43: "dummy "
            text run at (43,413) width 19: "text"
            text run at (0,437) width 62: "dummy text"
            text run at (0,461) width 62: "dummy text"
            text run at (0,485) width 62: "dummy text"
            text run at (0,509) width 62: "dummy text"
            text run at (0,533) width 62: "dummy text"
            text run at (0,557) width 43: "dummy "
            text run at (43,557) width 19: "text"
            text run at (0,581) width 62: "dummy text"
            text run at (0,605) width 62: "dummy text"
            text run at (0,629) width 62: "dummy text"
            text run at (0,653) width 62: "dummy text"
            text run at (0,677) width 62: "dummy text"
            text run at (0,701) width 43: "dummy "
            text run at (43,701) width 19: "text"
            text run at (0,725) width 62: "dummy text"
            text run at (0,749) width 62: "dummy text"
            text run at (0,773) width 62: "dummy text"
            text run at (0,797) width 62: "dummy text"
            text run at (0,821) width 62: "dummy text"
            text run at (0,845) width 43: "dummy "
            text run at (43,845) width 19: "text"
            text run at (0,869) width 62: "dummy text"
            text run at (0,893) width 62: "dummy text"
            text run at (0,917) width 62: "dummy text"
            text run at (0,941) width 62: "dummy text"
            text run at (0,965) width 62: "dummy text"
            text run at (0,989) width 43: "dummy "
            text run at (43,989) width 19: "text"
            text run at (0,1013) width 62: "dummy text"
            text run at (0,1037) width 62: "dummy text"
            text run at (0,1061) width 62: "dummy text"
            text run at (0,1085) width 62: "dummy text"
            text run at (0,1109) width 62: "dummy text"
            text run at (0,1133) width 43: "dummy "
            text run at (43,1133) width 19: "text"
            text run at (0,1157) width 62: "dummy text"
            text run at (0,1181) width 62: "dummy text"
            text run at (0,1205) width 62: "dummy text"
            text run at (0,1229) width 62: "dummy text"
            text run at (0,1253) width 62: "dummy text"
        RenderText {#text} at (0,0) size 0x0
