layer at (0,0) size 800x600
  RenderView at (0,0) size 800x600
layer at (0,0) size 800x104
  RenderBlock {HTML} at (0,0) size 800x104
    RenderBody {BODY} at (8,14) size 784x76
      RenderBlock {P} at (0,0) size 784x16 [color=#000080]
        RenderText {#text} at (0,0) size 214x16
          text run at (0,0) width 214: "This sentence should be in italics. "
        RenderInline {SPAN} at (0,0) size 203x16
          RenderText {#text} at (214,0) size 203x16
            text run at (214,0) width 203: "This sentence should be normal."
        RenderText {#text} at (0,0) size 0x0
      RenderBlock {P} at (0,30) size 784x16 [color=#000080]
        RenderText {#text} at (0,0) size 204x16
          text run at (0,0) width 204: "This sentence should be oblique."
      RenderBlock {P} at (0,60) size 784x16 [color=#000080]
        RenderInline {I} at (0,0) size 203x16
          RenderText {#text} at (0,0) size 203x16
            text run at (0,0) width 203: "This sentence should be normal."
        RenderText {#text} at (0,0) size 0x0
