layer at (0,0) size 800x600
  RenderView at (0,0) size 800x600
layer at (0,0) size 800x196
  RenderBlock {HTML} at (0,0) size 800x196
    RenderBody {BODY} at (8,14) size 784x174
      RenderBlock {P} at (0,0) size 784x16
        RenderText {#text} at (0,0) size 704x16
          text run at (0,0) width 704: "There should be a stripy pattern of yellow and aqua below (each vertical stripe should be straight and unbroken)."
      RenderBlock {DIV} at (48,30) size 360x24 [color=#00FFFF] [bgcolor=#FFFF00]
        RenderText {#text} at (0,-1) size 121x26
          text run at (0,-1) width 121: "x  x    xx xx"
      RenderBlock {DIV} at (48,54) size 360x24 [color=#00FFFF] [bgcolor=#FFFF00]
        RenderText {#text} at (0,-1) size 121x26
          text run at (0,-1) width 121: "x  x    xx xx"
      RenderBlock {DIV} at (48,78) size 360x24 [color=#00FFFF] [bgcolor=#FFFF00]
        RenderText {#text} at (0,-1) size 121x26
          text run at (0,-1) width 121: "x  x    xx xx"
      RenderBlock {DIV} at (48,102) size 360x24 [color=#00FFFF] [bgcolor=#FFFF00]
        RenderText {#text} at (0,-1) size 175x26
          text run at (0,-1) width 175: "xx "
        RenderInline {SPAN} at (0,0) size 55x26
          RenderText {#text} at (175,-1) size 55x26
            text run at (175,-1) width 55: "xx xx"
        RenderText {#text} at (0,0) size 0x0
      RenderBlock {DIV} at (48,126) size 360x24 [color=#00FFFF] [bgcolor=#FFFF00]
        RenderText {#text} at (0,-1) size 121x26
          text run at (0,-1) width 121: "x  x    xx xx"
      RenderBlock {DIV} at (48,150) size 360x24 [color=#00FFFF] [bgcolor=#FFFF00]
        RenderText {#text} at (0,-1) size 0x26
          text run at (0,-1) width -95: "x     x         x x   x x"
