layer at (0,0) size 239x196
  RenderView at (0,0) size 96x26
layer at (0,0) size 239x196
  RenderBlock {HTML} at (0,0) size 96x196
    RenderBody {BODY} at (8,14) size 80x174
      RenderBlock {P} at (0,0) size 80x64
        RenderText {#text} at (0,0) size 78x64
          text run at (0,0) width 38: "There"
          text run at (0,16) width 72: "should be a"
          text run at (0,32) width 78: "single green"
          text run at (0,48) width 75: "block below."
      RenderBlock {DIV} at (0,78) size 231x96 [color=#008000] [bgcolor=#FF0000] [border: (3px solid #000000)]
        RenderBlock {P} at (3,3) size 225x45
          RenderText {#text} at (0,-1) size 56x47
            text run at (0,-1) width 44: "x  x   x"
            text run at (44,-1) width 0: " "
            text run at (0,14) width 56: " x    x   x"
            text run at (56,14) width 0: " "
            text run at (0,29) width 44: "    x   x"
        RenderBlock {P} at (3,48) size 225x15
          RenderText {#text} at (0,-1) size 92x17
            text run at (0,-1) width 12: "x "
            text run at (12,-1) width 12: "x "
            text run at (24,-1) width 12: "x "
            text run at (36,-1) width 12: "x "
            text run at (48,-1) width 12: "x "
            text run at (60,-1) width 12: "x "
            text run at (72,-1) width 12: "x "
            text run at (84,-1) width 8: "x"
        RenderBlock {P} at (3,63) size 225x30
          RenderText {#text} at (0,-1) size 44x32
            text run at (0,-1) width 44: "x  x   x"
            text run at (44,-1) width 0: " "
            text run at (0,14) width 28: " x    "
          RenderInline {SPAN} at (0,0) size 44x17
            RenderText {#text} at (28,14) size 44x17
              text run at (28,14) width 12: "x "
              text run at (40,14) width 12: "x "
              text run at (52,14) width 12: "x "
              text run at (64,14) width 8: "x"
