layer at (0,0) size 800x600
  RenderView at (0,0) size 800x600
layer at (0,0) size 800x138
  RenderBlock {HTML} at (0,0) size 800x138
    RenderBody {BODY} at (8,8) size 784x122
      RenderBlock {P} at (0,0) size 784x16
        RenderText {#text} at (0,0) size 224x16
          text run at (0,0) width 224: "There should be a green box below."
      RenderBlock {DIV} at (0,16) size 326x106 [color=#008000] [bgcolor=#FF0000] [border: (3px solid #000000)]
        RenderBlock {P} at (3,3) size 320x20
          RenderText {#text} at (0,-1) size 97x12
            text run at (0,-1) width 97: "Xx xx x. (x.x. XX) x x "
          RenderInline {SPAN} at (0,0) size 12x12
            RenderText {#text} at (97,-1) size 12x12
              text run at (97,-1) width 12: "Xx"
          RenderText {#text} at (109,-1) size 18x12
            text run at (109,-1) width 18: "xxx "
          RenderInline {SPAN} at (0,0) size 15x12
            RenderText {#text} at (127,-1) size 15x12
              text run at (127,-1) width 15: "xxx"
          RenderText {#text} at (142,-1) size 108x12
            text run at (142,-1) width 3: " "
            text run at (145,-1) width 105: "Pp pp p. (p.p. PP) p p "
          RenderInline {SPAN} at (0,0) size 13x12
            RenderText {#text} at (250,-1) size 13x12
              text run at (250,-1) width 13: "Pp"
          RenderText {#text} at (263,-1) size 21x12
            text run at (263,-1) width 21: "ppp "
          RenderInline {SPAN} at (0,0) size 18x12
            RenderText {#text} at (284,-1) size 18x12
              text run at (284,-1) width 18: "ppp"
          RenderText {#text} at (302,-1) size 318x22
            text run at (302,-1) width 3: " "
            text run at (305,-1) width 13: "\x{C9}\x{E9}"
            text run at (0,9) width 89: "\x{E9}\x{E9} \x{E9}. (\x{E9}.\x{E9}. \x{C9}\x{C9}) \x{E9} \x{E9} "
          RenderInline {SPAN} at (0,0) size 13x12
            RenderText {#text} at (89,9) size 13x12
              text run at (89,9) width 13: "\x{C9}\x{E9}"
          RenderText {#text} at (102,9) size 21x12
            text run at (102,9) width 21: "\x{E9}\x{E9}\x{E9} "
          RenderInline {SPAN} at (0,0) size 18x12
            RenderText {#text} at (123,9) size 18x12
              text run at (123,9) width 18: "\x{E9}\x{E9}\x{E9}"
          RenderText {#text} at (0,0) size 0x0
        RenderBlock {P} at (3,23) size 320x20
          RenderText {#text} at (0,-1) size 97x12
            text run at (0,-1) width 97: "Xx xx x. (x.x. XX) x x "
          RenderInline {SPAN} at (0,0) size 12x12
            RenderText {#text} at (97,-1) size 12x12
              text run at (97,-1) width 12: "Xx"
          RenderText {#text} at (109,-1) size 18x12
            text run at (109,-1) width 18: "xxx "
          RenderInline {SPAN} at (0,0) size 15x12
            RenderText {#text} at (127,-1) size 15x12
              text run at (127,-1) width 15: "xxx"
          RenderText {#text} at (142,-1) size 108x12
            text run at (142,-1) width 3: " "
            text run at (145,-1) width 105: "Pp pp p. (p.p. PP) p p "
          RenderInline {SPAN} at (0,0) size 13x12
            RenderText {#text} at (250,-1) size 13x12
              text run at (250,-1) width 13: "Pp"
          RenderText {#text} at (263,-1) size 21x12
            text run at (263,-1) width 21: "ppp "
          RenderInline {SPAN} at (0,0) size 18x12
            RenderText {#text} at (284,-1) size 18x12
              text run at (284,-1) width 18: "ppp"
          RenderText {#text} at (302,-1) size 318x22
            text run at (302,-1) width 3: " "
            text run at (305,-1) width 13: "\x{C9}\x{E9}"
            text run at (0,9) width 89: "\x{E9}\x{E9} \x{E9}. (\x{E9}.\x{E9}. \x{C9}\x{C9}) \x{E9} \x{E9} "
          RenderInline {SPAN} at (0,0) size 13x12
            RenderText {#text} at (89,9) size 13x12
              text run at (89,9) width 13: "\x{C9}\x{E9}"
          RenderText {#text} at (102,9) size 21x12
            text run at (102,9) width 21: "\x{E9}\x{E9}\x{E9} "
          RenderInline {SPAN} at (0,0) size 18x12
            RenderText {#text} at (123,9) size 18x12
              text run at (123,9) width 18: "\x{E9}\x{E9}\x{E9}"
          RenderText {#text} at (0,0) size 0x0
        RenderBlock {P} at (3,43) size 320x20
          RenderText {#text} at (0,-1) size 105x12
            text run at (0,-1) width 105: "Xx Xx X. (x.x. XX) X X "
          RenderInline {SPAN} at (0,0) size 12x12
            RenderText {#text} at (105,-1) size 12x12
              text run at (105,-1) width 12: "Xx"
          RenderText {#text} at (117,-1) size 18x12
            text run at (117,-1) width 18: "xxx "
          RenderInline {SPAN} at (0,0) size 15x12
            RenderText {#text} at (135,-1) size 15x12
              text run at (135,-1) width 15: "xxx"
          RenderText {#text} at (150,-1) size 112x12
            text run at (150,-1) width 3: " "
            text run at (153,-1) width 109: "Pp Pp P. (p.p. PP) P P "
          RenderInline {SPAN} at (0,0) size 13x12
            RenderText {#text} at (262,-1) size 13x12
              text run at (262,-1) width 13: "Pp"
          RenderText {#text} at (275,-1) size 21x12
            text run at (275,-1) width 21: "ppp "
          RenderInline {SPAN} at (0,0) size 18x12
            RenderText {#text} at (296,-1) size 18x12
              text run at (296,-1) width 18: "ppp"
          RenderText {#text} at (0,9) size 109x12
            text run at (0,9) width 109: "\x{C9}\x{E9} \x{C9}\x{E9} \x{C9}. (\x{E9}.\x{E9}. \x{C9}\x{C9}) \x{C9} \x{C9} "
          RenderInline {SPAN} at (0,0) size 13x12
            RenderText {#text} at (109,9) size 13x12
              text run at (109,9) width 13: "\x{C9}\x{E9}"
          RenderText {#text} at (122,9) size 21x12
            text run at (122,9) width 21: "\x{E9}\x{E9}\x{E9} "
          RenderInline {SPAN} at (0,0) size 18x12
            RenderText {#text} at (143,9) size 18x12
              text run at (143,9) width 18: "\x{E9}\x{E9}\x{E9}"
          RenderText {#text} at (0,0) size 0x0
        RenderBlock {P} at (3,63) size 320x20
          RenderText {#text} at (0,-1) size 113x12
            text run at (0,-1) width 113: "XX XX X. (X.X. XX) X X "
          RenderInline {SPAN} at (0,0) size 12x12
            RenderText {#text} at (113,-1) size 12x12
              text run at (113,-1) width 12: "Xx"
          RenderText {#text} at (125,-1) size 24x12
            text run at (125,-1) width 24: "XXX "
          RenderInline {SPAN} at (0,0) size 15x12
            RenderText {#text} at (149,-1) size 15x12
              text run at (149,-1) width 15: "xxx"
          RenderText {#text} at (164,-1) size 116x12
            text run at (164,-1) width 3: " "
            text run at (167,-1) width 113: "PP PP P. (P.P. PP) P P "
          RenderInline {SPAN} at (0,0) size 13x12
            RenderText {#text} at (280,-1) size 13x12
              text run at (280,-1) width 13: "Pp"
          RenderText {#text} at (293,-1) size 21x12
            text run at (293,-1) width 21: "PPP"
          RenderInline {SPAN} at (0,0) size 18x12
            RenderText {#text} at (0,9) size 18x12
              text run at (0,9) width 18: "ppp"
          RenderText {#text} at (18,9) size 116x12
            text run at (18,9) width 3: " "
            text run at (21,9) width 113: "\x{C9}\x{C9} \x{C9}\x{C9} \x{C9}. (\x{C9}.\x{C9}. \x{C9}\x{C9}) \x{C9} \x{C9} "
          RenderInline {SPAN} at (0,0) size 13x12
            RenderText {#text} at (134,9) size 13x12
              text run at (134,9) width 13: "\x{C9}\x{E9}"
          RenderText {#text} at (147,9) size 24x12
            text run at (147,9) width 24: "\x{C9}\x{C9}\x{C9} "
          RenderInline {SPAN} at (0,0) size 18x12
            RenderText {#text} at (171,9) size 18x12
              text run at (171,9) width 18: "\x{E9}\x{E9}\x{E9}"
          RenderText {#text} at (0,0) size 0x0
        RenderBlock {P} at (3,83) size 320x20
          RenderText {#text} at (0,-1) size 91x12
            text run at (0,-1) width 91: "xx xx x. (x.x. xx) x x "
          RenderInline {SPAN} at (0,0) size 12x12
            RenderText {#text} at (91,-1) size 12x12
              text run at (91,-1) width 12: "Xx"
          RenderText {#text} at (103,-1) size 18x12
            text run at (103,-1) width 18: "xxx "
          RenderInline {SPAN} at (0,0) size 15x12
            RenderText {#text} at (121,-1) size 15x12
              text run at (121,-1) width 15: "xxx"
          RenderText {#text} at (136,-1) size 105x12
            text run at (136,-1) width 3: " "
            text run at (139,-1) width 102: "pp pp p. (p.p. pp) p p "
          RenderInline {SPAN} at (0,0) size 13x12
            RenderText {#text} at (241,-1) size 13x12
              text run at (241,-1) width 13: "Pp"
          RenderText {#text} at (254,-1) size 21x12
            text run at (254,-1) width 21: "ppp "
          RenderInline {SPAN} at (0,0) size 18x12
            RenderText {#text} at (275,-1) size 18x12
              text run at (275,-1) width 18: "ppp"
          RenderText {#text} at (293,-1) size 308x22
            text run at (293,-1) width 3: " "
            text run at (296,-1) width 12: "\x{E9}\x{E9}"
            text run at (0,9) width 87: "\x{E9}\x{E9} \x{E9}. (\x{E9}.\x{E9}. \x{E9}\x{E9}) \x{E9} \x{E9} "
          RenderInline {SPAN} at (0,0) size 13x12
            RenderText {#text} at (87,9) size 13x12
              text run at (87,9) width 13: "\x{C9}\x{E9}"
          RenderText {#text} at (100,9) size 21x12
            text run at (100,9) width 21: "\x{E9}\x{E9}\x{E9} "
          RenderInline {SPAN} at (0,0) size 18x12
            RenderText {#text} at (121,9) size 18x12
              text run at (121,9) width 18: "\x{E9}\x{E9}\x{E9}"
          RenderText {#text} at (0,0) size 0x0
