layer at (0,0) size 800x600
  RenderView at (0,0) size 800x600
layer at (0,0) size 800x292
  RenderBlock {HTML} at (0,0) size 800x292
    RenderBody {BODY} at (8,14) size 784x270
      RenderBlock {P} at (0,0) size 784x16
        RenderText {#text} at (0,0) size 367x16
          text run at (0,0) width 367: "There should be a tall solid unbroken column of blue below."
      RenderBlock {DIV} at (0,30) size 432x24 [color=#0000FF]
        RenderText {#text} at (0,-1) size 19x26
          text run at (0,-1) width 19: " x"
      RenderBlock {DIV} at (0,54) size 432x24 [color=#0000FF]
        RenderText {#text} at (24,-1) size 12x26
          text run at (24,-1) width 12: "x"
      RenderBlock {DIV} at (0,78) size 432x24 [color=#0000FF]
        RenderText {#text} at (24,-1) size 12x26
          text run at (24,-1) width 12: "x"
      RenderBlock {DIV} at (0,102) size 432x24 [color=#0000FF]
        RenderText {#text} at (24,-1) size 12x26
          text run at (24,-1) width 12: "x"
      RenderBlock {DIV} at (0,126) size 432x24 [color=#0000FF]
        RenderText {#text} at (24,-1) size 12x26
          text run at (24,-1) width 12: "x"
      RenderBlock {DIV} at (0,150) size 432x24 [color=#0000FF]
        RenderText {#text} at (24,-1) size 12x26
          text run at (24,-1) width 12: "x"
      RenderBlock {DIV} at (0,174) size 432x24 [color=#0000FF]
        RenderText {#text} at (24,-1) size 12x26
          text run at (24,-1) width 12: "x"
      RenderBlock {DIV} at (0,198) size 432x24 [color=#0000FF]
        RenderText {#text} at (0,-1) size 12x26
          text run at (0,-1) width 12: "x"
      RenderBlock {DIV} at (0,222) size 432x24 [color=#0000FF]
        RenderText {#text} at (24,-1) size 12x26
          text run at (24,-1) width 12: "x"
      RenderBlock {DIV} at (0,246) size 432x24 [color=#0000FF]
        RenderText {#text} at (0,-1) size 19x26
          text run at (0,-1) width 19: " x"
