layer at (0,0) size 136x268
  RenderView at (0,0) size 96x26
layer at (0,0) size 136x268
  RenderBlock {HTML} at (0,0) size 96x268
    RenderBody {BODY} at (8,14) size 80x246
      RenderBlock {P} at (0,0) size 80x80
        RenderText {#text} at (0,0) size 80x80
          text run at (0,0) width 38: "There"
          text run at (0,16) width 80: "should be no"
          text run at (0,32) width 73: "red borders"
          text run at (0,48) width 74: "on the table"
          text run at (0,64) width 36: "below"
      RenderTable {TABLE} at (0,94) size 128x152
        RenderTableSection {TBODY} at (0,0) size 128x152
          RenderTableRow {TR} at (0,0) size 128x49
            RenderTableCell {TD} at (0,15) size 39x18 [r=0 c=0 rs=1 cs=1]
              RenderText {#text} at (1,1) size 32x16
                text run at (1,1) width 32: "none"
            RenderTableCell {TD} at (39,13) size 50x23 [border: none] [r=0 c=1 rs=1 cs=1]
              RenderText {#text} at (1,1) size 32x16
                text run at (1,1) width 32: "none"
            RenderTableCell {TD} at (89,15) size 39x18 [r=0 c=2 rs=1 cs=1]
              RenderText {#text} at (1,1) size 32x16
                text run at (1,1) width 32: "none"
          RenderTableRow {TR} at (0,49) size 128x54
            RenderTableCell {TD} at (0,67) size 39x18 [border: none] [r=1 c=0 rs=1 cs=1]
              RenderText {#text} at (1,1) size 32x16
                text run at (1,1) width 32: "none"
            RenderTableCell {TD} at (39,62) size 50x28 [border: (5px outset #00FF00)] [r=1 c=1 rs=1 cs=1]
              RenderText {#text} at (6,6) size 38x16
                text run at (6,6) width 38: "outset"
            RenderTableCell {TD} at (89,67) size 39x18 [border: none] [r=1 c=2 rs=1 cs=1]
              RenderText {#text} at (6,1) size 32x16
                text run at (6,1) width 32: "none"
          RenderTableRow {TR} at (0,103) size 128x49
            RenderTableCell {TD} at (0,118) size 39x18 [r=2 c=0 rs=1 cs=1]
              RenderText {#text} at (1,1) size 32x16
                text run at (1,1) width 32: "none"
            RenderTableCell {TD} at (39,116) size 50x23 [border: (5px none #FF0000)] [r=2 c=1 rs=1 cs=1]
              RenderText {#text} at (1,6) size 32x16
                text run at (1,6) width 32: "none"
            RenderTableCell {TD} at (89,118) size 39x18 [r=2 c=2 rs=1 cs=1]
              RenderText {#text} at (1,1) size 32x16
                text run at (1,1) width 32: "none"
