layer at (0,0) size 800x600
  RenderView at (0,0) size 800x600
layer at (0,0) size 800x214
  RenderBlock {HTML} at (0,0) size 800x214
    RenderBody {BODY} at (8,14) size 784x192
      RenderBlock {P} at (0,0) size 784x16
        RenderText {#text} at (0,0) size 317x16
          text run at (0,0) width 317: "There should be no red borders on the table below"
      RenderTable {TABLE} at (0,30) size 144x162 [border: (2px none #808080)]
        RenderTableSection {TBODY} at (2,2) size 139x157
          RenderTableRow {TR} at (0,0) size 139x52
            RenderTableCell {TD} at (0,14) size 42x23 [border: (3px ridge #00FF00)] [r=0 c=0 rs=1 cs=1]
              RenderText {#text} at (4,4) size 32x16
                text run at (4,4) width 32: "ridge"
            RenderTableCell {TD} at (42,13) size 56x26 [border: (3px ridge #00FF00) (5px ridge #FF0000) (3px ridge #00FF00)] [r=0 c=1 rs=1 cs=1]
              RenderText {#text} at (4,4) size 32x16
                text run at (4,4) width 32: "ridge"
            RenderTableCell {TD} at (98,14) size 41x23 [border: (3px ridge #00FF00)] [r=0 c=2 rs=1 cs=1]
              RenderText {#text} at (4,4) size 32x16
                text run at (4,4) width 32: "ridge"
          RenderTableRow {TR} at (0,52) size 139x54
            RenderTableCell {TD} at (0,67) size 42x23 [border: (3px ridge #00FF00) (5px ridge #FF0000) (2px ridge #00FF00)] [r=1 c=0 rs=1 cs=1]
              RenderText {#text} at (4,4) size 32x16
                text run at (4,4) width 32: "ridge"
            RenderTableCell {TD} at (42,65) size 56x28 [border: (5px groove #00FF00)] [r=1 c=1 rs=1 cs=1]
              RenderText {#text} at (6,6) size 44x16
                text run at (6,6) width 44: "groove"
            RenderTableCell {TD} at (98,67) size 41x23 [border: (3px ridge #00FF00) (5px ridge #FF0000)] [r=1 c=2 rs=1 cs=1]
              RenderText {#text} at (6,4) size 32x16
                text run at (6,4) width 32: "ridge"
          RenderTableRow {TR} at (0,106) size 139x51
            RenderTableCell {TD} at (0,120) size 42x23 [border: (3px ridge #00FF00)] [r=2 c=0 rs=1 cs=1]
              RenderText {#text} at (4,4) size 32x16
                text run at (4,4) width 32: "ridge"
            RenderTableCell {TD} at (42,119) size 56x25 [border: (5px ridge #FF0000) (2px ridge #00FF00)] [r=2 c=1 rs=1 cs=1]
              RenderText {#text} at (4,6) size 32x16
                text run at (4,6) width 32: "ridge"
            RenderTableCell {TD} at (98,120) size 41x23 [border: (3px ridge #00FF00)] [r=2 c=2 rs=1 cs=1]
              RenderText {#text} at (4,4) size 32x16
                text run at (4,4) width 32: "ridge"
