layer at (0,0) size 171x278
  RenderView at (0,0) size 96x26
layer at (0,0) size 168x278
  RenderBlock {HTML} at (0,0) size 96x278
    RenderBody {BODY} at (8,14) size 80x256
      RenderBlock {P} at (0,0) size 80x80
        RenderText {#text} at (0,0) size 80x80
          text run at (0,0) width 38: "There"
          text run at (0,16) width 80: "should be no"
          text run at (0,32) width 73: "red borders"
          text run at (0,48) width 74: "on the table"
          text run at (0,64) width 36: "below"
      RenderTable {TABLE} at (0,94) size 163x162 [border: (2px none #808080)]
        RenderTableSection {TBODY} at (2,2) size 158x157
          RenderTableRow {TR} at (0,0) size 158x52
            RenderTableCell {TD} at (0,14) size 50x23 [border: (3px dotted #00FF00)] [r=0 c=0 rs=1 cs=1]
              RenderText {#text} at (4,4) size 40x16
                text run at (4,4) width 40: "dotted"
            RenderTableCell {TD} at (50,13) size 59x26 [border: (3px dotted #00FF00) (5px dotted #FF0000) (3px dotted #00FF00)] [r=0 c=1 rs=1 cs=1]
              RenderText {#text} at (4,4) size 40x16
                text run at (4,4) width 40: "dotted"
            RenderTableCell {TD} at (109,14) size 49x23 [border: (3px dotted #00FF00)] [r=0 c=2 rs=1 cs=1]
              RenderText {#text} at (4,4) size 40x16
                text run at (4,4) width 40: "dotted"
          RenderTableRow {TR} at (0,52) size 158x54
            RenderTableCell {TD} at (0,67) size 50x23 [border: (3px dotted #00FF00) (5px dotted #FF0000) (2px dotted #00FF00)] [r=1 c=0 rs=1 cs=1]
              RenderText {#text} at (4,4) size 40x16
                text run at (4,4) width 40: "dotted"
            RenderTableCell {TD} at (50,65) size 59x28 [border: (5px dashed #00FF00)] [r=1 c=1 rs=1 cs=1]
              RenderText {#text} at (6,6) size 47x16
                text run at (6,6) width 47: "dashed"
            RenderTableCell {TD} at (109,67) size 49x23 [border: (3px dotted #00FF00) (5px dotted #FF0000)] [r=1 c=2 rs=1 cs=1]
              RenderText {#text} at (6,4) size 40x16
                text run at (6,4) width 40: "dotted"
          RenderTableRow {TR} at (0,106) size 158x51
            RenderTableCell {TD} at (0,120) size 50x23 [border: (3px dotted #00FF00)] [r=2 c=0 rs=1 cs=1]
              RenderText {#text} at (4,4) size 40x16
                text run at (4,4) width 40: "dotted"
            RenderTableCell {TD} at (50,119) size 59x25 [border: (5px dotted #FF0000) (2px dotted #00FF00)] [r=2 c=1 rs=1 cs=1]
              RenderText {#text} at (4,6) size 40x16
                text run at (4,6) width 40: "dotted"
            RenderTableCell {TD} at (109,120) size 49x23 [border: (3px dotted #00FF00)] [r=2 c=2 rs=1 cs=1]
              RenderText {#text} at (4,4) size 40x16
                text run at (4,4) width 40: "dotted"
