layer at (0,0) size 138x278
  RenderView at (0,0) size 96x26
layer at (0,0) size 135x278
  RenderBlock {HTML} at (0,0) size 96x278
    RenderBody {BODY} at (8,14) size 80x256
      RenderBlock {P} at (0,0) size 80x80
        RenderText {#text} at (0,0) size 80x80
          text run at (0,0) width 38: "There"
          text run at (0,16) width 80: "should be no"
          text run at (0,32) width 73: "red borders"
          text run at (0,48) width 74: "on the table"
          text run at (0,64) width 36: "below"
      RenderTable {TABLE} at (0,94) size 130x162 [border: (2px none #808080)]
        RenderTableSection {TBODY} at (2,2) size 125x157
          RenderTableRow {TR} at (0,0) size 125x52
            RenderTableCell {TD} at (0,14) size 42x23 [border: (3px ridge #00FF00)] [r=0 c=0 rs=1 cs=1]
              RenderText {#text} at (4,4) size 32x16
                text run at (4,4) width 32: "ridge"
            RenderTableCell {TD} at (42,13) size 42x26 [border: (3px ridge #00FF00) (5px ridge #FF0000) (3px ridge #00FF00)] [r=0 c=1 rs=1 cs=1]
              RenderText {#text} at (4,4) size 32x16
                text run at (4,4) width 32: "ridge"
            RenderTableCell {TD} at (84,14) size 41x23 [border: (3px ridge #00FF00)] [r=0 c=2 rs=1 cs=1]
              RenderText {#text} at (4,4) size 32x16
                text run at (4,4) width 32: "ridge"
          RenderTableRow {TR} at (0,52) size 125x54
            RenderTableCell {TD} at (0,67) size 42x23 [border: (3px ridge #00FF00) (5px ridge #FF0000) (2px ridge #00FF00)] [r=1 c=0 rs=1 cs=1]
              RenderText {#text} at (4,4) size 32x16
                text run at (4,4) width 32: "ridge"
            RenderTableCell {TD} at (42,65) size 42x28 [border: (5px inset #00FF00)] [r=1 c=1 rs=1 cs=1]
              RenderText {#text} at (6,6) size 30x16
                text run at (6,6) width 30: "inset"
            RenderTableCell {TD} at (84,67) size 41x23 [border: (3px ridge #00FF00) (5px ridge #FF0000)] [r=1 c=2 rs=1 cs=1]
              RenderText {#text} at (6,4) size 32x16
                text run at (6,4) width 32: "ridge"
          RenderTableRow {TR} at (0,106) size 125x51
            RenderTableCell {TD} at (0,120) size 42x23 [border: (3px ridge #00FF00)] [r=2 c=0 rs=1 cs=1]
              RenderText {#text} at (4,4) size 32x16
                text run at (4,4) width 32: "ridge"
            RenderTableCell {TD} at (42,119) size 42x25 [border: (5px ridge #FF0000) (2px ridge #00FF00)] [r=2 c=1 rs=1 cs=1]
              RenderText {#text} at (4,6) size 32x16
                text run at (4,6) width 32: "ridge"
            RenderTableCell {TD} at (84,120) size 41x23 [border: (3px ridge #00FF00)] [r=2 c=2 rs=1 cs=1]
              RenderText {#text} at (4,4) size 32x16
                text run at (4,4) width 32: "ridge"
