layer at (0,0) size 180x278
  RenderView at (0,0) size 96x26
layer at (0,0) size 177x278
  RenderBlock {HTML} at (0,0) size 96x278
    RenderBody {BODY} at (8,14) size 80x256
      RenderBlock {P} at (0,0) size 80x80
        RenderText {#text} at (0,0) size 80x80
          text run at (0,0) width 38: "There"
          text run at (0,16) width 80: "should be no"
          text run at (0,32) width 73: "red borders"
          text run at (0,48) width 74: "on the table"
          text run at (0,64) width 36: "below"
      RenderTable {TABLE} at (0,94) size 172x162 [border: (2px none #808080)]
        RenderTableSection {TBODY} at (2,2) size 167x157
          RenderTableRow {TR} at (0,0) size 167x52
            RenderTableCell {TD} at (0,14) size 57x23 [border: (3px dashed #00FF00)] [r=0 c=0 rs=1 cs=1]
              RenderText {#text} at (4,4) size 47x16
                text run at (4,4) width 47: "dashed"
            RenderTableCell {TD} at (57,13) size 54x26 [border: (3px dashed #00FF00) (5px dashed #FF0000) (3px dashed #00FF00)] [r=0 c=1 rs=1 cs=1]
              RenderText {#text} at (4,4) size 47x16
                text run at (4,4) width 47: "dashed"
            RenderTableCell {TD} at (111,14) size 56x23 [border: (3px dashed #00FF00)] [r=0 c=2 rs=1 cs=1]
              RenderText {#text} at (4,4) size 47x16
                text run at (4,4) width 47: "dashed"
          RenderTableRow {TR} at (0,52) size 167x54
            RenderTableCell {TD} at (0,67) size 57x23 [border: (3px dashed #00FF00) (5px dashed #FF0000) (2px dashed #00FF00)] [r=1 c=0 rs=1 cs=1]
              RenderText {#text} at (4,4) size 47x16
                text run at (4,4) width 47: "dashed"
            RenderTableCell {TD} at (57,65) size 54x28 [border: (5px solid #00FF00)] [r=1 c=1 rs=1 cs=1]
              RenderText {#text} at (6,6) size 29x16
                text run at (6,6) width 29: "solid"
            RenderTableCell {TD} at (111,67) size 56x23 [border: (3px dashed #00FF00) (5px dashed #FF0000)] [r=1 c=2 rs=1 cs=1]
              RenderText {#text} at (6,4) size 47x16
                text run at (6,4) width 47: "dashed"
          RenderTableRow {TR} at (0,106) size 167x51
            RenderTableCell {TD} at (0,120) size 57x23 [border: (3px dashed #00FF00)] [r=2 c=0 rs=1 cs=1]
              RenderText {#text} at (4,4) size 47x16
                text run at (4,4) width 47: "dashed"
            RenderTableCell {TD} at (57,119) size 54x25 [border: (5px dashed #FF0000) (2px dashed #00FF00)] [r=2 c=1 rs=1 cs=1]
              RenderText {#text} at (4,6) size 47x16
                text run at (4,6) width 47: "dashed"
            RenderTableCell {TD} at (111,120) size 56x23 [border: (3px dashed #00FF00)] [r=2 c=2 rs=1 cs=1]
              RenderText {#text} at (4,4) size 47x16
                text run at (4,4) width 47: "dashed"
