layer at (0,0) size 800x600
  RenderView at (0,0) size 800x600
layer at (0,0) size 800x184
  RenderBlock {HTML} at (0,0) size 800x184
    RenderBody {BODY} at (8,14) size 784x162
      RenderBlock {P} at (0,0) size 784x16
        RenderText {#text} at (0,0) size 317x16
          text run at (0,0) width 317: "There should be no red borders on the table below"
      RenderTable {TABLE} at (0,30) size 113x132
        RenderTableSection {TBODY} at (0,0) size 113x132
          RenderTableRow {TR} at (0,0) size 113x44
            RenderTableCell {TD} at (0,13) size 34x18 [r=0 c=0 rs=1 cs=1]
              RenderText {#text} at (1,1) size 32x16
                text run at (1,1) width 32: "none"
            RenderTableCell {TD} at (34,13) size 45x18 [r=0 c=1 rs=1 cs=1]
              RenderText {#text} at (1,1) size 32x16
                text run at (1,1) width 32: "none"
            RenderTableCell {TD} at (79,13) size 34x18 [r=0 c=2 rs=1 cs=1]
              RenderText {#text} at (1,1) size 32x16
                text run at (1,1) width 32: "none"
          RenderTableRow {TR} at (0,44) size 113x44
            RenderTableCell {TD} at (0,57) size 34x18 [r=1 c=0 rs=1 cs=1]
              RenderText {#text} at (1,1) size 32x16
                text run at (1,1) width 32: "none"
            RenderTableCell {TD} at (34,57) size 45x18 [r=1 c=1 rs=1 cs=1]
              RenderText {#text} at (1,1) size 43x16
                text run at (1,1) width 43: "hidden"
            RenderTableCell {TD} at (79,57) size 34x18 [r=1 c=2 rs=1 cs=1]
              RenderText {#text} at (1,1) size 32x16
                text run at (1,1) width 32: "none"
          RenderTableRow {TR} at (0,88) size 113x44
            RenderTableCell {TD} at (0,101) size 34x18 [r=2 c=0 rs=1 cs=1]
              RenderText {#text} at (1,1) size 32x16
                text run at (1,1) width 32: "none"
            RenderTableCell {TD} at (34,101) size 45x18 [r=2 c=1 rs=1 cs=1]
              RenderText {#text} at (1,1) size 32x16
                text run at (1,1) width 32: "none"
            RenderTableCell {TD} at (79,101) size 34x18 [r=2 c=2 rs=1 cs=1]
              RenderText {#text} at (1,1) size 32x16
                text run at (1,1) width 32: "none"
