layer at (0,0) size 800x600
  RenderView at (0,0) size 800x600
layer at (0,0) size 800x184
  RenderBlock {HTML} at (0,0) size 800x184
    RenderBody {BODY} at (8,14) size 784x162
      RenderBlock {P} at (0,0) size 784x16
        RenderText {#text} at (0,0) size 317x16
          text run at (0,0) width 317: "There should be no red borders on the table below"
      RenderTable {TABLE} at (0,30) size 139x132
        RenderTableSection {TBODY} at (0,0) size 139x132
          RenderTableRow {TR} at (0,0) size 139x44
            RenderTableCell {TD} at (0,13) size 45x18 [r=0 c=0 rs=1 cs=1]
              RenderText {#text} at (1,1) size 43x16
                text run at (1,1) width 43: "hidden"
            RenderTableCell {TD} at (45,13) size 49x18 [r=0 c=1 rs=1 cs=1]
              RenderText {#text} at (1,1) size 43x16
                text run at (1,1) width 43: "hidden"
            RenderTableCell {TD} at (94,13) size 45x18 [r=0 c=2 rs=1 cs=1]
              RenderText {#text} at (1,1) size 43x16
                text run at (1,1) width 43: "hidden"
          RenderTableRow {TR} at (0,44) size 139x44
            RenderTableCell {TD} at (0,57) size 45x18 [r=1 c=0 rs=1 cs=1]
              RenderText {#text} at (1,1) size 43x16
                text run at (1,1) width 43: "hidden"
            RenderTableCell {TD} at (45,57) size 49x18 [r=1 c=1 rs=1 cs=1]
              RenderText {#text} at (1,1) size 47x16
                text run at (1,1) width 47: "dashed"
            RenderTableCell {TD} at (94,57) size 45x18 [r=1 c=2 rs=1 cs=1]
              RenderText {#text} at (1,1) size 43x16
                text run at (1,1) width 43: "hidden"
          RenderTableRow {TR} at (0,88) size 139x44
            RenderTableCell {TD} at (0,101) size 45x18 [r=2 c=0 rs=1 cs=1]
              RenderText {#text} at (1,1) size 43x16
                text run at (1,1) width 43: "hidden"
            RenderTableCell {TD} at (45,101) size 49x18 [r=2 c=1 rs=1 cs=1]
              RenderText {#text} at (1,1) size 43x16
                text run at (1,1) width 43: "hidden"
            RenderTableCell {TD} at (94,101) size 45x18 [r=2 c=2 rs=1 cs=1]
              RenderText {#text} at (1,1) size 43x16
                text run at (1,1) width 43: "hidden"
