layer at (0,0) size 800x600
  RenderView at (0,0) size 800x600
layer at (0,0) size 800x214
  RenderBlock {HTML} at (0,0) size 800x214
    RenderBody {BODY} at (8,14) size 784x192
      RenderBlock {P} at (0,0) size 784x16
        RenderText {#text} at (0,0) size 317x16
          text run at (0,0) width 317: "There should be no red borders on the table below"
      RenderTable {TABLE} at (0,30) size 154x162 [border: (2px none #808080)]
        RenderTableSection {TBODY} at (2,2) size 149x157
          RenderTableRow {TR} at (0,0) size 149x52
            RenderTableCell {TD} at (0,14) size 51x23 [border: (3px double #00FF00)] [r=0 c=0 rs=1 cs=1]
              RenderText {#text} at (4,4) size 41x16
                text run at (4,4) width 41: "double"
            RenderTableCell {TD} at (51,13) size 48x26 [border: (3px double #00FF00) (5px double #FF0000) (3px double #00FF00)] [r=0 c=1 rs=1 cs=1]
              RenderText {#text} at (4,4) size 41x16
                text run at (4,4) width 41: "double"
            RenderTableCell {TD} at (99,14) size 50x23 [border: (3px double #00FF00)] [r=0 c=2 rs=1 cs=1]
              RenderText {#text} at (4,4) size 41x16
                text run at (4,4) width 41: "double"
          RenderTableRow {TR} at (0,52) size 149x54
            RenderTableCell {TD} at (0,67) size 51x23 [border: (3px double #00FF00) (5px double #FF0000) (2px double #00FF00)] [r=1 c=0 rs=1 cs=1]
              RenderText {#text} at (4,4) size 41x16
                text run at (4,4) width 41: "double"
            RenderTableCell {TD} at (51,65) size 48x28 [border: (5px inset #00FF00)] [r=1 c=1 rs=1 cs=1]
              RenderText {#text} at (6,6) size 30x16
                text run at (6,6) width 30: "inset"
            RenderTableCell {TD} at (99,67) size 50x23 [border: (3px double #00FF00) (5px double #FF0000)] [r=1 c=2 rs=1 cs=1]
              RenderText {#text} at (6,4) size 41x16
                text run at (6,4) width 41: "double"
          RenderTableRow {TR} at (0,106) size 149x51
            RenderTableCell {TD} at (0,120) size 51x23 [border: (3px double #00FF00)] [r=2 c=0 rs=1 cs=1]
              RenderText {#text} at (4,4) size 41x16
                text run at (4,4) width 41: "double"
            RenderTableCell {TD} at (51,119) size 48x25 [border: (5px double #FF0000) (2px double #00FF00)] [r=2 c=1 rs=1 cs=1]
              RenderText {#text} at (4,6) size 41x16
                text run at (4,6) width 41: "double"
            RenderTableCell {TD} at (99,120) size 50x23 [border: (3px double #00FF00)] [r=2 c=2 rs=1 cs=1]
              RenderText {#text} at (4,4) size 41x16
                text run at (4,4) width 41: "double"
