layer at (0,0) size 162x278
  RenderView at (0,0) size 96x26
layer at (0,0) size 159x278
  RenderBlock {HTML} at (0,0) size 96x278
    RenderBody {BODY} at (8,14) size 80x256
      RenderBlock {P} at (0,0) size 80x80
        RenderText {#text} at (0,0) size 80x80
          text run at (0,0) width 38: "There"
          text run at (0,16) width 80: "should be no"
          text run at (0,32) width 73: "red borders"
          text run at (0,48) width 74: "on the table"
          text run at (0,64) width 36: "below"
      RenderTable {TABLE} at (0,94) size 154x162 [border: (2px none #808080)]
        RenderTableSection {TBODY} at (2,2) size 149x157
          RenderTableRow {TR} at (0,0) size 149x52
            RenderTableCell {TD} at (0,14) size 51x23 [border: (3px double #00FF00)] [r=0 c=0 rs=1 cs=1]
              RenderText {#text} at (4,4) size 41x16
                text run at (4,4) width 41: "double"
            RenderTableCell {TD} at (51,13) size 48x26 [border: (3px double #00FF00) (5px double #FF0000) (3px double #00FF00)] [r=0 c=1 rs=1 cs=1]
              RenderText {#text} at (4,4) size 41x16
                text run at (4,4) width 41: "double"
            RenderTableCell {TD} at (99,14) size 50x23 [border: (3px double #00FF00)] [r=0 c=2 rs=1 cs=1]
              RenderText {#text} at (4,4) size 41x16
                text run at (4,4) width 41: "double"
          RenderTableRow {TR} at (0,52) size 149x54
            RenderTableCell {TD} at (0,67) size 51x23 [border: (3px double #00FF00) (5px double #FF0000) (2px double #00FF00)] [r=1 c=0 rs=1 cs=1]
              RenderText {#text} at (4,4) size 41x16
                text run at (4,4) width 41: "double"
            RenderTableCell {TD} at (51,65) size 48x28 [border: (5px solid #00FF00)] [r=1 c=1 rs=1 cs=1]
              RenderText {#text} at (6,6) size 29x16
                text run at (6,6) width 29: "solid"
            RenderTableCell {TD} at (99,67) size 50x23 [border: (3px double #00FF00) (5px double #FF0000)] [r=1 c=2 rs=1 cs=1]
              RenderText {#text} at (6,4) size 41x16
                text run at (6,4) width 41: "double"
          RenderTableRow {TR} at (0,106) size 149x51
            RenderTableCell {TD} at (0,120) size 51x23 [border: (3px double #00FF00)] [r=2 c=0 rs=1 cs=1]
              RenderText {#text} at (4,4) size 41x16
                text run at (4,4) width 41: "double"
            RenderTableCell {TD} at (51,119) size 48x25 [border: (5px double #FF0000) (2px double #00FF00)] [r=2 c=1 rs=1 cs=1]
              RenderText {#text} at (4,6) size 41x16
                text run at (4,6) width 41: "double"
            RenderTableCell {TD} at (99,120) size 50x23 [border: (3px double #00FF00)] [r=2 c=2 rs=1 cs=1]
              RenderText {#text} at (4,4) size 41x16
                text run at (4,4) width 41: "double"
