layer at (0,0) size 800x600
  RenderView at (0,0) size 800x600
layer at (0,0) size 800x204
  RenderBlock {HTML} at (0,0) size 800x204
    RenderBody {BODY} at (8,14) size 784x182
      RenderBlock {P} at (0,0) size 784x16
        RenderText {#text} at (0,0) size 317x16
          text run at (0,0) width 317: "There should be no red borders on the table below"
      RenderTable {TABLE} at (0,30) size 116x152 [border: (2px none #808080)]
        RenderTableSection {TBODY} at (2,2) size 111x147
          RenderTableRow {TR} at (0,0) size 111x49
            RenderTableCell {TD} at (0,13) size 36x23 [border: (3px solid #00FF00)] [r=0 c=0 rs=1 cs=1]
              RenderText {#text} at (4,4) size 29x16
                text run at (4,4) width 29: "solid"
            RenderTableCell {TD} at (36,13) size 39x23 [border: (3px solid #00FF00)] [r=0 c=1 rs=1 cs=1]
              RenderText {#text} at (4,4) size 29x16
                text run at (4,4) width 29: "solid"
            RenderTableCell {TD} at (75,13) size 36x23 [border: (3px solid #00FF00)] [r=0 c=2 rs=1 cs=1]
              RenderText {#text} at (4,4) size 29x16
                text run at (4,4) width 29: "solid"
          RenderTableRow {TR} at (0,49) size 111x49
            RenderTableCell {TD} at (0,62) size 36x23 [border: (3px solid #00FF00)] [r=1 c=0 rs=1 cs=1]
              RenderText {#text} at (4,4) size 29x16
                text run at (4,4) width 29: "solid"
            RenderTableCell {TD} at (36,62) size 39x23 [border: (3px none #FF0000)] [r=1 c=1 rs=1 cs=1]
              RenderText {#text} at (4,4) size 32x16
                text run at (4,4) width 32: "none"
            RenderTableCell {TD} at (75,62) size 36x23 [border: (3px solid #00FF00)] [r=1 c=2 rs=1 cs=1]
              RenderText {#text} at (4,4) size 29x16
                text run at (4,4) width 29: "solid"
          RenderTableRow {TR} at (0,98) size 111x49
            RenderTableCell {TD} at (0,111) size 36x23 [border: (3px solid #00FF00)] [r=2 c=0 rs=1 cs=1]
              RenderText {#text} at (4,4) size 29x16
                text run at (4,4) width 29: "solid"
            RenderTableCell {TD} at (36,111) size 39x23 [border: (3px solid #00FF00)] [r=2 c=1 rs=1 cs=1]
              RenderText {#text} at (4,4) size 29x16
                text run at (4,4) width 29: "solid"
            RenderTableCell {TD} at (75,111) size 36x23 [border: (3px solid #00FF00)] [r=2 c=2 rs=1 cs=1]
              RenderText {#text} at (4,4) size 29x16
                text run at (4,4) width 29: "solid"
