layer at (0,0) size 161x278
  RenderView at (0,0) size 96x26
layer at (0,0) size 158x278
  RenderBlock {HTML} at (0,0) size 96x278
    RenderBody {BODY} at (8,14) size 80x256
      RenderBlock {P} at (0,0) size 80x80
        RenderText {#text} at (0,0) size 80x80
          text run at (0,0) width 38: "There"
          text run at (0,16) width 80: "should be no"
          text run at (0,32) width 73: "red borders"
          text run at (0,48) width 74: "on the table"
          text run at (0,64) width 36: "below"
      RenderTable {TABLE} at (0,94) size 153x162 [border: (2px none #808080)]
        RenderTableSection {TBODY} at (2,2) size 148x157
          RenderTableRow {TR} at (0,0) size 148x52
            RenderTableCell {TD} at (0,14) size 48x23 [border: (3px outset #00FF00)] [r=0 c=0 rs=1 cs=1]
              RenderText {#text} at (4,4) size 38x16
                text run at (4,4) width 38: "outset"
            RenderTableCell {TD} at (48,13) size 53x26 [border: (3px outset #00FF00) (5px outset #FF0000) (3px outset #00FF00)] [r=0 c=1 rs=1 cs=1]
              RenderText {#text} at (4,4) size 38x16
                text run at (4,4) width 38: "outset"
            RenderTableCell {TD} at (101,14) size 47x23 [border: (3px outset #00FF00)] [r=0 c=2 rs=1 cs=1]
              RenderText {#text} at (4,4) size 38x16
                text run at (4,4) width 38: "outset"
          RenderTableRow {TR} at (0,52) size 148x54
            RenderTableCell {TD} at (0,67) size 48x23 [border: (3px outset #00FF00) (5px outset #FF0000) (2px outset #00FF00)] [r=1 c=0 rs=1 cs=1]
              RenderText {#text} at (4,4) size 38x16
                text run at (4,4) width 38: "outset"
            RenderTableCell {TD} at (48,65) size 53x28 [border: (5px double #00FF00)] [r=1 c=1 rs=1 cs=1]
              RenderText {#text} at (6,6) size 41x16
                text run at (6,6) width 41: "double"
            RenderTableCell {TD} at (101,67) size 47x23 [border: (3px outset #00FF00) (5px outset #FF0000)] [r=1 c=2 rs=1 cs=1]
              RenderText {#text} at (6,4) size 38x16
                text run at (6,4) width 38: "outset"
          RenderTableRow {TR} at (0,106) size 148x51
            RenderTableCell {TD} at (0,120) size 48x23 [border: (3px outset #00FF00)] [r=2 c=0 rs=1 cs=1]
              RenderText {#text} at (4,4) size 38x16
                text run at (4,4) width 38: "outset"
            RenderTableCell {TD} at (48,119) size 53x25 [border: (5px outset #FF0000) (2px outset #00FF00)] [r=2 c=1 rs=1 cs=1]
              RenderText {#text} at (4,6) size 38x16
                text run at (4,6) width 38: "outset"
            RenderTableCell {TD} at (101,120) size 47x23 [border: (3px outset #00FF00)] [r=2 c=2 rs=1 cs=1]
              RenderText {#text} at (4,4) size 38x16
                text run at (4,4) width 38: "outset"
