layer at (0,0) size 800x600
  RenderView at (0,0) size 800x600
layer at (0,0) size 800x204
  RenderBlock {HTML} at (0,0) size 800x204
    RenderBody {BODY} at (8,14) size 784x182
      RenderBlock {P} at (0,0) size 784x16
        RenderText {#text} at (0,0) size 317x16
          text run at (0,0) width 317: "There should be no red borders on the table below"
      RenderTable {TABLE} at (0,30) size 167x152 [border: (2px none #808080)]
        RenderTableSection {TBODY} at (2,2) size 162x147
          RenderTableRow {TR} at (0,0) size 162x49
            RenderTableCell {TD} at (0,13) size 54x23 [border: (3px dashed #00FF00)] [r=0 c=0 rs=1 cs=1]
              RenderText {#text} at (4,4) size 47x16
                text run at (4,4) width 47: "dashed"
            RenderTableCell {TD} at (54,14) size 54x21 [border: (3px dashed #00FF00) none (3px dashed #00FF00)] [r=0 c=1 rs=1 cs=1]
              RenderText {#text} at (4,4) size 47x16
                text run at (4,4) width 47: "dashed"
            RenderTableCell {TD} at (108,13) size 54x23 [border: (3px dashed #00FF00)] [r=0 c=2 rs=1 cs=1]
              RenderText {#text} at (4,4) size 47x16
                text run at (4,4) width 47: "dashed"
          RenderTableRow {TR} at (0,49) size 162x49
            RenderTableCell {TD} at (0,62) size 54x23 [border: (3px dashed #00FF00) none (2px dashed #00FF00)] [r=1 c=0 rs=1 cs=1]
              RenderText {#text} at (4,4) size 47x16
                text run at (4,4) width 47: "dashed"
            RenderTableCell {TD} at (54,64) size 54x18 [r=1 c=1 rs=1 cs=1]
              RenderText {#text} at (1,1) size 43x16
                text run at (1,1) width 43: "hidden"
            RenderTableCell {TD} at (108,62) size 54x23 [border: (3px dashed #00FF00) none] [r=1 c=2 rs=1 cs=1]
              RenderText {#text} at (1,4) size 47x16
                text run at (1,4) width 47: "dashed"
          RenderTableRow {TR} at (0,98) size 162x49
            RenderTableCell {TD} at (0,111) size 54x23 [border: (3px dashed #00FF00)] [r=2 c=0 rs=1 cs=1]
              RenderText {#text} at (4,4) size 47x16
                text run at (4,4) width 47: "dashed"
            RenderTableCell {TD} at (54,112) size 54x20 [border: none (2px dashed #00FF00)] [r=2 c=1 rs=1 cs=1]
              RenderText {#text} at (4,1) size 47x16
                text run at (4,1) width 47: "dashed"
            RenderTableCell {TD} at (108,111) size 54x23 [border: (3px dashed #00FF00)] [r=2 c=2 rs=1 cs=1]
              RenderText {#text} at (4,4) size 47x16
                text run at (4,4) width 47: "dashed"
