layer at (0,0) size 130x268
  RenderView at (0,0) size 96x26
layer at (0,0) size 127x268
  RenderBlock {HTML} at (0,0) size 96x268
    RenderBody {BODY} at (8,14) size 80x246
      RenderBlock {P} at (0,0) size 80x80
        RenderText {#text} at (0,0) size 80x80
          text run at (0,0) width 38: "There"
          text run at (0,16) width 80: "should be no"
          text run at (0,32) width 73: "red borders"
          text run at (0,48) width 74: "on the table"
          text run at (0,64) width 36: "below"
      RenderTable {TABLE} at (0,94) size 122x152 [border: (2px none #808080)]
        RenderTableSection {TBODY} at (2,2) size 117x147
          RenderTableRow {TR} at (0,0) size 117x49
            RenderTableCell {TD} at (0,13) size 36x23 [border: (3px solid #00FF00)] [r=0 c=0 rs=1 cs=1]
              RenderText {#text} at (4,4) size 29x16
                text run at (4,4) width 29: "solid"
            RenderTableCell {TD} at (36,14) size 45x21 [border: (3px solid #00FF00) none (3px solid #00FF00)] [r=0 c=1 rs=1 cs=1]
              RenderText {#text} at (4,4) size 29x16
                text run at (4,4) width 29: "solid"
            RenderTableCell {TD} at (81,13) size 36x23 [border: (3px solid #00FF00)] [r=0 c=2 rs=1 cs=1]
              RenderText {#text} at (4,4) size 29x16
                text run at (4,4) width 29: "solid"
          RenderTableRow {TR} at (0,49) size 117x49
            RenderTableCell {TD} at (0,62) size 36x23 [border: (3px solid #00FF00) none (2px solid #00FF00)] [r=1 c=0 rs=1 cs=1]
              RenderText {#text} at (4,4) size 29x16
                text run at (4,4) width 29: "solid"
            RenderTableCell {TD} at (36,64) size 45x18 [r=1 c=1 rs=1 cs=1]
              RenderText {#text} at (1,1) size 43x16
                text run at (1,1) width 43: "hidden"
            RenderTableCell {TD} at (81,62) size 36x23 [border: (3px solid #00FF00) none] [r=1 c=2 rs=1 cs=1]
              RenderText {#text} at (1,4) size 29x16
                text run at (1,4) width 29: "solid"
          RenderTableRow {TR} at (0,98) size 117x49
            RenderTableCell {TD} at (0,111) size 36x23 [border: (3px solid #00FF00)] [r=2 c=0 rs=1 cs=1]
              RenderText {#text} at (4,4) size 29x16
                text run at (4,4) width 29: "solid"
            RenderTableCell {TD} at (36,112) size 45x20 [border: none (2px solid #00FF00)] [r=2 c=1 rs=1 cs=1]
              RenderText {#text} at (4,1) size 29x16
                text run at (4,1) width 29: "solid"
            RenderTableCell {TD} at (81,111) size 36x23 [border: (3px solid #00FF00)] [r=2 c=2 rs=1 cs=1]
              RenderText {#text} at (4,4) size 29x16
                text run at (4,4) width 29: "solid"
