layer at (0,0) size 800x600
  RenderView at (0,0) size 800x600
layer at (0,0) size 800x214
  RenderBlock {HTML} at (0,0) size 800x214
    RenderBody {BODY} at (8,14) size 784x192
      RenderBlock {P} at (0,0) size 784x16
        RenderText {#text} at (0,0) size 317x16
          text run at (0,0) width 317: "There should be no red borders on the table below"
      RenderTable {TABLE} at (0,30) size 172x162 [border: (2px none #808080)]
        RenderTableSection {TBODY} at (2,2) size 167x157
          RenderTableRow {TR} at (0,0) size 167x52
            RenderTableCell {TD} at (0,14) size 57x23 [border: (3px dashed #00FF00)] [r=0 c=0 rs=1 cs=1]
              RenderText {#text} at (4,4) size 47x16
                text run at (4,4) width 47: "dashed"
            RenderTableCell {TD} at (57,13) size 54x26 [border: (3px dashed #00FF00) (5px dashed #FF0000) (3px dashed #00FF00)] [r=0 c=1 rs=1 cs=1]
              RenderText {#text} at (4,4) size 47x16
                text run at (4,4) width 47: "dashed"
            RenderTableCell {TD} at (111,14) size 56x23 [border: (3px dashed #00FF00)] [r=0 c=2 rs=1 cs=1]
              RenderText {#text} at (4,4) size 47x16
                text run at (4,4) width 47: "dashed"
          RenderTableRow {TR} at (0,52) size 167x54
            RenderTableCell {TD} at (0,67) size 57x23 [border: (3px dashed #00FF00) (5px dashed #FF0000) (2px dashed #00FF00)] [r=1 c=0 rs=1 cs=1]
              RenderText {#text} at (4,4) size 47x16
                text run at (4,4) width 47: "dashed"
            RenderTableCell {TD} at (57,65) size 54x28 [border: (5px double #00FF00)] [r=1 c=1 rs=1 cs=1]
              RenderText {#text} at (6,6) size 41x16
                text run at (6,6) width 41: "double"
            RenderTableCell {TD} at (111,67) size 56x23 [border: (3px dashed #00FF00) (5px dashed #FF0000)] [r=1 c=2 rs=1 cs=1]
              RenderText {#text} at (6,4) size 47x16
                text run at (6,4) width 47: "dashed"
          RenderTableRow {TR} at (0,106) size 167x51
            RenderTableCell {TD} at (0,120) size 57x23 [border: (3px dashed #00FF00)] [r=2 c=0 rs=1 cs=1]
              RenderText {#text} at (4,4) size 47x16
                text run at (4,4) width 47: "dashed"
            RenderTableCell {TD} at (57,119) size 54x25 [border: (5px dashed #FF0000) (2px dashed #00FF00)] [r=2 c=1 rs=1 cs=1]
              RenderText {#text} at (4,6) size 47x16
                text run at (4,6) width 47: "dashed"
            RenderTableCell {TD} at (111,120) size 56x23 [border: (3px dashed #00FF00)] [r=2 c=2 rs=1 cs=1]
              RenderText {#text} at (4,4) size 47x16
                text run at (4,4) width 47: "dashed"
