layer at (0,0) size 175x268
  RenderView at (0,0) size 96x26
layer at (0,0) size 172x268
  RenderBlock {HTML} at (0,0) size 96x268
    RenderBody {BODY} at (8,14) size 80x246
      RenderBlock {P} at (0,0) size 80x80
        RenderText {#text} at (0,0) size 80x80
          text run at (0,0) width 38: "There"
          text run at (0,16) width 80: "should be no"
          text run at (0,32) width 73: "red borders"
          text run at (0,48) width 74: "on the table"
          text run at (0,64) width 36: "below"
      RenderTable {TABLE} at (0,94) size 167x152 [border: (2px none #808080)]
        RenderTableSection {TBODY} at (2,2) size 162x147
          RenderTableRow {TR} at (0,0) size 162x49
            RenderTableCell {TD} at (0,13) size 54x23 [border: (3px dashed #00FF00)] [r=0 c=0 rs=1 cs=1]
              RenderText {#text} at (4,4) size 47x16
                text run at (4,4) width 47: "dashed"
            RenderTableCell {TD} at (54,13) size 54x23 [border: (3px dashed #00FF00)] [r=0 c=1 rs=1 cs=1]
              RenderText {#text} at (4,4) size 47x16
                text run at (4,4) width 47: "dashed"
            RenderTableCell {TD} at (108,13) size 54x23 [border: (3px dashed #00FF00)] [r=0 c=2 rs=1 cs=1]
              RenderText {#text} at (4,4) size 47x16
                text run at (4,4) width 47: "dashed"
          RenderTableRow {TR} at (0,49) size 162x49
            RenderTableCell {TD} at (0,62) size 54x23 [border: (3px dashed #00FF00)] [r=1 c=0 rs=1 cs=1]
              RenderText {#text} at (4,4) size 47x16
                text run at (4,4) width 47: "dashed"
            RenderTableCell {TD} at (54,62) size 54x23 [border: (3px none #FF0000)] [r=1 c=1 rs=1 cs=1]
              RenderText {#text} at (4,4) size 32x16
                text run at (4,4) width 32: "none"
            RenderTableCell {TD} at (108,62) size 54x23 [border: (3px dashed #00FF00)] [r=1 c=2 rs=1 cs=1]
              RenderText {#text} at (4,4) size 47x16
                text run at (4,4) width 47: "dashed"
          RenderTableRow {TR} at (0,98) size 162x49
            RenderTableCell {TD} at (0,111) size 54x23 [border: (3px dashed #00FF00)] [r=2 c=0 rs=1 cs=1]
              RenderText {#text} at (4,4) size 47x16
                text run at (4,4) width 47: "dashed"
            RenderTableCell {TD} at (54,111) size 54x23 [border: (3px dashed #00FF00)] [r=2 c=1 rs=1 cs=1]
              RenderText {#text} at (4,4) size 47x16
                text run at (4,4) width 47: "dashed"
            RenderTableCell {TD} at (108,111) size 54x23 [border: (3px dashed #00FF00)] [r=2 c=2 rs=1 cs=1]
              RenderText {#text} at (4,4) size 47x16
                text run at (4,4) width 47: "dashed"
