layer at (0,0) size 800x600
  RenderView at (0,0) size 800x600
layer at (0,0) size 800x204
  RenderBlock {HTML} at (0,0) size 800x204
    RenderBody {BODY} at (8,14) size 784x182
      RenderBlock {P} at (0,0) size 784x16
        RenderText {#text} at (0,0) size 317x16
          text run at (0,0) width 317: "There should be no red borders on the table below"
      RenderTable {TABLE} at (0,30) size 122x152
        RenderTableSection {TBODY} at (0,0) size 122x152
          RenderTableRow {TR} at (0,0) size 122x49
            RenderTableCell {TD} at (0,15) size 39x18 [r=0 c=0 rs=1 cs=1]
              RenderText {#text} at (1,1) size 32x16
                text run at (1,1) width 32: "none"
            RenderTableCell {TD} at (39,13) size 44x23 [border: none] [r=0 c=1 rs=1 cs=1]
              RenderText {#text} at (1,1) size 32x16
                text run at (1,1) width 32: "none"
            RenderTableCell {TD} at (83,15) size 39x18 [r=0 c=2 rs=1 cs=1]
              RenderText {#text} at (1,1) size 32x16
                text run at (1,1) width 32: "none"
          RenderTableRow {TR} at (0,49) size 122x54
            RenderTableCell {TD} at (0,67) size 39x18 [border: none] [r=1 c=0 rs=1 cs=1]
              RenderText {#text} at (1,1) size 32x16
                text run at (1,1) width 32: "none"
            RenderTableCell {TD} at (39,62) size 44x28 [border: (5px ridge #00FF00)] [r=1 c=1 rs=1 cs=1]
              RenderText {#text} at (6,6) size 32x16
                text run at (6,6) width 32: "ridge"
            RenderTableCell {TD} at (83,67) size 39x18 [border: none] [r=1 c=2 rs=1 cs=1]
              RenderText {#text} at (6,1) size 32x16
                text run at (6,1) width 32: "none"
          RenderTableRow {TR} at (0,103) size 122x49
            RenderTableCell {TD} at (0,118) size 39x18 [r=2 c=0 rs=1 cs=1]
              RenderText {#text} at (1,1) size 32x16
                text run at (1,1) width 32: "none"
            RenderTableCell {TD} at (39,116) size 44x23 [border: (5px none #FF0000)] [r=2 c=1 rs=1 cs=1]
              RenderText {#text} at (1,6) size 32x16
                text run at (1,6) width 32: "none"
            RenderTableCell {TD} at (83,118) size 39x18 [r=2 c=2 rs=1 cs=1]
              RenderText {#text} at (1,1) size 32x16
                text run at (1,1) width 32: "none"
