layer at (0,0) size 800x600
  RenderView at (0,0) size 800x600
layer at (0,0) size 800x600
  RenderBlock {HTML} at (0,0) size 800x600
    RenderBody {BODY} at (8,8) size 784x584 [bgcolor=#CCCCCC]
      RenderBlock {P} at (0,0) size 784x19
        RenderText {#text} at (0,0) size 354x19
          text run at (0,0) width 354: "The style declarations which apply to the text below are:"
      RenderBlock {PRE} at (0,33) size 784x38
        RenderText {#text} at (0,0) size 355x38
          text run at (0,0) width 223: ".one {list-style: upper-alpha inside;}"
          text run at (223,0) width 0: " "
          text run at (0,19) width 355: ".two {list-style: url(../resources/oransqr.gif) disc outside;}"
          text run at (355,19) width 0: " "
      RenderBlock {HR} at (0,85) size 784x2 [border: (1px inset #000000)]
      RenderBlock {UL} at (0,101) size 784x38
        RenderListItem {LI} at (40,0) size 744x38
          RenderListMarker at (0,0) size 17x19: "A"
          RenderText {#text} at (17,0) size 727x38
            text run at (17,0) width 710: "The text in this item should not behave as expected; that is, it should line up with the capital-A on the left margin,"
            text run at (0,19) width 288: "leaving no blank space beneath the capital-A."
      RenderBlock {UL} at (0,153) size 784x39
        RenderListItem {LI} at (40,0) size 744x39
          RenderListMarker at (-22,0) size 15x15
          RenderText {#text} at (0,1) size 739x38
            text run at (0,1) width 479: "The text in this item have an orange square for its bullet; failing that, a disc. "
            text run at (479,1) width 260: "Also, the bullet should be outside the text"
            text run at (0,20) width 263: "block, as the list has been set to 'outside'."
      RenderTable {TABLE} at (0,206) size 784x143 [border: (1px outset #808080)]
        RenderTableSection {TBODY} at (1,1) size 782x141
          RenderTableRow {TR} at (0,0) size 782x28
            RenderTableCell {TD} at (0,0) size 782x28 [bgcolor=#C0C0C0] [border: (1px inset #808080)] [r=0 c=0 rs=1 cs=2]
              RenderInline {STRONG} at (0,0) size 159x20
                RenderText {#text} at (4,4) size 159x20
                  text run at (4,4) width 159: "TABLE Testing Section"
          RenderTableRow {TR} at (0,28) size 782x113
            RenderTableCell {TD} at (0,71) size 12x27 [bgcolor=#C0C0C0] [border: (1px inset #808080)] [r=1 c=0 rs=1 cs=1]
              RenderText {#text} at (4,4) size 4x19
                text run at (4,4) width 4: " "
            RenderTableCell {TD} at (12,28) size 770x113 [border: (1px inset #808080)] [r=1 c=1 rs=1 cs=1]
              RenderBlock {UL} at (4,4) size 762x38
                RenderListItem {LI} at (40,0) size 722x38
                  RenderListMarker at (0,0) size 17x19: "A"
                  RenderText {#text} at (17,0) size 675x38
                    text run at (17,0) width 658: "The text in this item should not behave as expected; that is, it should line up with the capital-A on the left"
                    text run at (0,19) width 340: "margin, leaving no blank space beneath the capital-A."
              RenderBlock {UL} at (4,56) size 762x39
                RenderListItem {LI} at (40,0) size 722x39
                  RenderListMarker at (-22,0) size 15x15
                  RenderText {#text} at (0,1) size 712x38
                    text run at (0,1) width 479: "The text in this item have an orange square for its bullet; failing that, a disc. "
                    text run at (479,1) width 233: "Also, the bullet should be outside the"
                    text run at (0,20) width 290: "text block, as the list has been set to 'outside'."
