layer at (0,0) size 800x600
  RenderView at (0,0) size 800x600
layer at (0,0) size 800x600
  RenderBlock {HTML} at (0,0) size 800x600
    RenderBody {BODY} at (8,8) size 784x584 [bgcolor=#CCCCCC]
      RenderBlock {P} at (0,0) size 784x19
        RenderText {#text} at (0,0) size 354x19
          text run at (0,0) width 354: "The style declarations which apply to the text below are:"
      RenderBlock {PRE} at (0,33) size 784x57
        RenderText {#text} at (0,0) size 322x57
          text run at (0,0) width 322: ".one {list-style-image: url(../resources/oransqr.gif);}"
          text run at (322,0) width 0: " "
          text run at (0,19) width 179: ".two {list-style-image: none;}"
          text run at (179,19) width 0: " "
          text run at (0,38) width 0: " "
      RenderBlock {HR} at (0,104) size 784x2 [border: (1px inset #000000)]
      RenderBlock {UL} at (0,120) size 784x60
        RenderListItem {LI} at (40,0) size 744x20
          RenderListMarker at (-22,0) size 15x15
          RenderText {#text} at (0,1) size 60x19
            text run at (0,1) width 60: "This list..."
        RenderListItem {LI} at (40,20) size 744x20
          RenderListMarker at (-22,0) size 15x15
          RenderText {#text} at (0,1) size 115x19
            text run at (0,1) width 115: "...should feature..."
        RenderListItem {LI} at (40,40) size 744x20
          RenderListMarker at (-22,0) size 15x15
          RenderText {#text} at (0,1) size 149x19
            text run at (0,1) width 149: "...images for each item."
      RenderBlock {UL} at (0,194) size 784x57
        RenderListItem {LI} at (40,0) size 744x19
          RenderListMarker at (-17,0) size 7x19: bullet
          RenderText {#text} at (0,0) size 60x19
            text run at (0,0) width 60: "This list..."
        RenderListItem {LI} at (40,19) size 744x19
          RenderListMarker at (-17,0) size 7x19: bullet
          RenderText {#text} at (0,0) size 115x19
            text run at (0,0) width 115: "...should feature..."
        RenderListItem {LI} at (40,38) size 744x19
          RenderListMarker at (-17,0) size 7x19: bullet
          RenderText {#text} at (0,0) size 236x19
            text run at (0,0) width 236: "...standard list markers for each item."
      RenderTable {TABLE} at (0,265) size 298x183 [border: (1px outset #808080)]
        RenderTableSection {TBODY} at (1,1) size 296x181
          RenderTableRow {TR} at (0,0) size 296x28
            RenderTableCell {TD} at (0,0) size 296x28 [bgcolor=#C0C0C0] [border: (1px inset #808080)] [r=0 c=0 rs=1 cs=2]
              RenderInline {STRONG} at (0,0) size 159x20
                RenderText {#text} at (4,4) size 159x20
                  text run at (4,4) width 159: "TABLE Testing Section"
          RenderTableRow {TR} at (0,28) size 296x153
            RenderTableCell {TD} at (0,91) size 12x27 [bgcolor=#C0C0C0] [border: (1px inset #808080)] [r=1 c=0 rs=1 cs=1]
              RenderText {#text} at (4,4) size 4x19
                text run at (4,4) width 4: " "
            RenderTableCell {TD} at (12,28) size 284x153 [border: (1px inset #808080)] [r=1 c=1 rs=1 cs=1]
              RenderBlock {UL} at (4,4) size 276x60
                RenderListItem {LI} at (40,0) size 236x20
                  RenderListMarker at (-22,0) size 15x15
                  RenderText {#text} at (0,1) size 60x19
                    text run at (0,1) width 60: "This list..."
                RenderListItem {LI} at (40,20) size 236x20
                  RenderListMarker at (-22,0) size 15x15
                  RenderText {#text} at (0,1) size 115x19
                    text run at (0,1) width 115: "...should feature..."
                RenderListItem {LI} at (40,40) size 236x20
                  RenderListMarker at (-22,0) size 15x15
                  RenderText {#text} at (0,1) size 149x19
                    text run at (0,1) width 149: "...images for each item."
              RenderBlock {UL} at (4,78) size 276x57
                RenderListItem {LI} at (40,0) size 236x19
                  RenderListMarker at (-17,0) size 7x19: bullet
                  RenderText {#text} at (0,0) size 60x19
                    text run at (0,0) width 60: "This list..."
                RenderListItem {LI} at (40,19) size 236x19
                  RenderListMarker at (-17,0) size 7x19: bullet
                  RenderText {#text} at (0,0) size 115x19
                    text run at (0,0) width 115: "...should feature..."
                RenderListItem {LI} at (40,38) size 236x19
                  RenderListMarker at (-17,0) size 7x19: bullet
                  RenderText {#text} at (0,0) size 236x19
                    text run at (0,0) width 236: "...standard list markers for each item."
