layer at (0,0) size 784x1705
  RenderView at (0,0) size 784x600
layer at (0,0) size 784x1705
  RenderBlock {HTML} at (0,0) size 784x1705
    RenderBody {BODY} at (8,8) size 768x1689 [bgcolor=#CCCCCC]
      RenderBlock {P} at (0,0) size 768x21
        RenderText {#text} at (0,0) size 380x21
          text run at (0,0) width 380: "The style declarations which apply to the text below are:"
      RenderBlock {PRE} at (0,37) size 768x160
        RenderText {#text} at (0,0) size 208x160
          text run at (0,0) width 151: ".one {list-style-type: disc;}"
          text run at (151,0) width 0: " "
          text run at (0,16) width 157: ".two {list-style-type: circle;}"
          text run at (157,16) width 0: " "
          text run at (0,32) width 174: ".three {list-style-type: square;}"
          text run at (174,32) width 0: " "
          text run at (0,48) width 198: ".four {list-style-type: lower-roman;}"
          text run at (198,48) width 0: " "
          text run at (0,64) width 199: ".five {list-style-type: upper-roman;}"
          text run at (199,64) width 0: " "
          text run at (0,80) width 188: ".six {list-style-type: lower-alpha;}"
          text run at (188,80) width 0: " "
          text run at (0,96) width 208: ".seven {list-style-type: upper-alpha;}"
          text run at (208,96) width 0: " "
          text run at (0,112) width 179: ".eight {list-style-type: decimal;}"
          text run at (179,112) width 0: " "
          text run at (0,128) width 158: ".nine {list-style-type: none;}"
          text run at (158,128) width 0: " "
          text run at (0,144) width 0: " "
      RenderBlock {HR} at (0,210) size 768x2 [border: (1px inset #000000)]
      RenderBlock {UL} at (0,228) size 768x63
        RenderListItem {LI} at (40,0) size 728x21
          RenderListMarker at (-18,0) size 7x21: bullet
          RenderText {#text} at (0,0) size 65x21
            text run at (0,0) width 65: "This list..."
        RenderListItem {LI} at (40,21) size 728x21
          RenderListMarker at (-18,0) size 7x21: bullet
          RenderText {#text} at (0,0) size 121x21
            text run at (0,0) width 121: "...should feature..."
        RenderListItem {LI} at (40,42) size 728x21
          RenderListMarker at (-18,0) size 7x21: bullet
          RenderText {#text} at (0,0) size 140x21
            text run at (0,0) width 140: "...discs for each item."
      RenderBlock {UL} at (0,307) size 768x63
        RenderListItem {LI} at (40,0) size 728x21
          RenderListMarker at (-18,0) size 7x21: white bullet
          RenderText {#text} at (0,0) size 65x21
            text run at (0,0) width 65: "This list..."
        RenderListItem {LI} at (40,21) size 728x21
          RenderListMarker at (-18,0) size 7x21: white bullet
          RenderText {#text} at (0,0) size 121x21
            text run at (0,0) width 121: "...should feature..."
        RenderListItem {LI} at (40,42) size 728x21
          RenderListMarker at (-18,0) size 7x21: white bullet
          RenderText {#text} at (0,0) size 150x21
            text run at (0,0) width 150: "...circles for each item."
      RenderBlock {UL} at (0,386) size 768x63
        RenderListItem {LI} at (40,0) size 728x21
          RenderListMarker at (-18,0) size 7x21: black square
          RenderText {#text} at (0,0) size 65x21
            text run at (0,0) width 65: "This list..."
        RenderListItem {LI} at (40,21) size 728x21
          RenderListMarker at (-18,0) size 7x21: black square
          RenderText {#text} at (0,0) size 121x21
            text run at (0,0) width 121: "...should feature..."
        RenderListItem {LI} at (40,42) size 728x21
          RenderListMarker at (-18,0) size 7x21: black square
          RenderText {#text} at (0,0) size 160x21
            text run at (0,0) width 160: "...squares for each item."
      RenderBlock {OL} at (0,465) size 768x63
        RenderListItem {LI} at (40,0) size 728x21
          RenderListMarker at (-17,0) size 12x21: "i"
          RenderText {#text} at (0,0) size 65x21
            text run at (0,0) width 65: "This list..."
        RenderListItem {LI} at (40,21) size 728x21
          RenderListMarker at (-21,0) size 16x21: "ii"
          RenderText {#text} at (0,0) size 121x21
            text run at (0,0) width 121: "...should feature..."
        RenderListItem {LI} at (40,42) size 728x21
          RenderListMarker at (-25,0) size 20x21: "iii"
          RenderText {#text} at (0,0) size 295x21
            text run at (0,0) width 295: "...lowercase Roman numerals for each item."
      RenderBlock {OL} at (0,544) size 768x63
        RenderListItem {LI} at (40,0) size 728x21
          RenderListMarker at (-19,0) size 14x21: "I"
          RenderText {#text} at (0,0) size 65x21
            text run at (0,0) width 65: "This list..."
        RenderListItem {LI} at (40,21) size 728x21
          RenderListMarker at (-25,0) size 20x21: "II"
          RenderText {#text} at (0,0) size 121x21
            text run at (0,0) width 121: "...should feature..."
        RenderListItem {LI} at (40,42) size 728x21
          RenderListMarker at (-31,0) size 26x21: "III"
          RenderText {#text} at (0,0) size 298x21
            text run at (0,0) width 298: "...uppercase Roman numerals for each item."
      RenderBlock {OL} at (0,623) size 768x63
        RenderListItem {LI} at (40,0) size 728x21
          RenderListMarker at (-21,0) size 16x21: "a"
          RenderText {#text} at (0,0) size 65x21
            text run at (0,0) width 65: "This list..."
        RenderListItem {LI} at (40,21) size 728x21
          RenderListMarker at (-22,0) size 17x21: "b"
          RenderText {#text} at (0,0) size 121x21
            text run at (0,0) width 121: "...should feature..."
        RenderListItem {LI} at (40,42) size 728x21
          RenderListMarker at (-20,0) size 15x21: "c"
          RenderText {#text} at (0,0) size 219x21
            text run at (0,0) width 219: "...lowercase letters for each item."
      RenderBlock {OL} at (0,702) size 768x63
        RenderListItem {LI} at (40,0) size 728x21
          RenderListMarker at (-25,0) size 20x21: "A"
          RenderText {#text} at (0,0) size 65x21
            text run at (0,0) width 65: "This list..."
        RenderListItem {LI} at (40,21) size 728x21
          RenderListMarker at (-24,0) size 19x21: "B"
          RenderText {#text} at (0,0) size 121x21
            text run at (0,0) width 121: "...should feature..."
        RenderListItem {LI} at (40,42) size 728x21
          RenderListMarker at (-25,0) size 20x21: "C"
          RenderText {#text} at (0,0) size 222x21
            text run at (0,0) width 222: "...uppercase letters for each item."
      RenderBlock {OL} at (0,781) size 768x63
        RenderListItem {LI} at (40,0) size 728x21
          RenderListMarker at (-25,0) size 20x21: "A"
          RenderText {#text} at (0,0) size 166x21
            text run at (0,0) width 166: "This list should feature..."
        RenderListItem {LI} at (40,21) size 728x21
          RenderListMarker at (-24,0) size 19x21: "B"
          RenderText {#text} at (0,0) size 157x21
            text run at (0,0) width 157: "...letters for each item..."
        RenderListItem {LI} at (40,42) size 728x21
          RenderListMarker at (-21,0) size 16x21: "3"
          RenderText {#text} at (0,0) size 115x21
            text run at (0,0) width 115: "...except this one."
      RenderBlock {UL} at (0,860) size 768x63
        RenderListItem {LI} at (40,0) size 728x21
          RenderText {#text} at (0,0) size 65x21
            text run at (0,0) width 65: "This list..."
        RenderListItem {LI} at (40,21) size 728x21
          RenderText {#text} at (0,0) size 121x21
            text run at (0,0) width 121: "...should feature..."
        RenderListItem {LI} at (40,42) size 728x21
          RenderText {#text} at (0,0) size 160x21
            text run at (0,0) width 160: "...nothing for each item."
      RenderTable {TABLE} at (0,939) size 360x750 [border: (1px outset #808080)]
        RenderTableSection {TBODY} at (1,1) size 358x748
          RenderTableRow {TR} at (0,0) size 358x29
            RenderTableCell {TD} at (0,0) size 358x29 [bgcolor=#C0C0C0] [border: (1px inset #808080)] [r=0 c=0 rs=1 cs=2]
              RenderInline {STRONG} at (0,0) size 163x21
                RenderText {#text} at (4,4) size 163x21
                  text run at (4,4) width 163: "TABLE Testing Section"
          RenderTableRow {TR} at (0,29) size 358x719
            RenderTableCell {TD} at (0,374) size 12x29 [bgcolor=#C0C0C0] [border: (1px inset #808080)] [r=1 c=0 rs=1 cs=1]
              RenderText {#text} at (4,4) size 4x21
                text run at (4,4) width 4: " "
            RenderTableCell {TD} at (12,29) size 346x719 [border: (1px inset #808080)] [r=1 c=1 rs=1 cs=1]
              RenderBlock {UL} at (4,4) size 338x63
                RenderListItem {LI} at (40,0) size 298x21
                  RenderListMarker at (-18,0) size 7x21: bullet
                  RenderText {#text} at (0,0) size 65x21
                    text run at (0,0) width 65: "This list..."
                RenderListItem {LI} at (40,21) size 298x21
                  RenderListMarker at (-18,0) size 7x21: bullet
                  RenderText {#text} at (0,0) size 121x21
                    text run at (0,0) width 121: "...should feature..."
                RenderListItem {LI} at (40,42) size 298x21
                  RenderListMarker at (-18,0) size 7x21: bullet
                  RenderText {#text} at (0,0) size 140x21
                    text run at (0,0) width 140: "...discs for each item."
              RenderBlock {UL} at (4,83) size 338x63
                RenderListItem {LI} at (40,0) size 298x21
                  RenderListMarker at (-18,0) size 7x21: white bullet
                  RenderText {#text} at (0,0) size 65x21
                    text run at (0,0) width 65: "This list..."
                RenderListItem {LI} at (40,21) size 298x21
                  RenderListMarker at (-18,0) size 7x21: white bullet
                  RenderText {#text} at (0,0) size 121x21
                    text run at (0,0) width 121: "...should feature..."
                RenderListItem {LI} at (40,42) size 298x21
                  RenderListMarker at (-18,0) size 7x21: white bullet
                  RenderText {#text} at (0,0) size 150x21
                    text run at (0,0) width 150: "...circles for each item."
              RenderBlock {UL} at (4,162) size 338x63
                RenderListItem {LI} at (40,0) size 298x21
                  RenderListMarker at (-18,0) size 7x21: black square
                  RenderText {#text} at (0,0) size 65x21
                    text run at (0,0) width 65: "This list..."
                RenderListItem {LI} at (40,21) size 298x21
                  RenderListMarker at (-18,0) size 7x21: black square
                  RenderText {#text} at (0,0) size 121x21
                    text run at (0,0) width 121: "...should feature..."
                RenderListItem {LI} at (40,42) size 298x21
                  RenderListMarker at (-18,0) size 7x21: black square
                  RenderText {#text} at (0,0) size 160x21
                    text run at (0,0) width 160: "...squares for each item."
              RenderBlock {OL} at (4,241) size 338x63
                RenderListItem {LI} at (40,0) size 298x21
                  RenderListMarker at (-17,0) size 12x21: "i"
                  RenderText {#text} at (0,0) size 65x21
                    text run at (0,0) width 65: "This list..."
                RenderListItem {LI} at (40,21) size 298x21
                  RenderListMarker at (-21,0) size 16x21: "ii"
                  RenderText {#text} at (0,0) size 121x21
                    text run at (0,0) width 121: "...should feature..."
                RenderListItem {LI} at (40,42) size 298x21
                  RenderListMarker at (-25,0) size 20x21: "iii"
                  RenderText {#text} at (0,0) size 295x21
                    text run at (0,0) width 295: "...lowercase Roman numerals for each item."
              RenderBlock {OL} at (4,320) size 338x63
                RenderListItem {LI} at (40,0) size 298x21
                  RenderListMarker at (-19,0) size 14x21: "I"
                  RenderText {#text} at (0,0) size 65x21
                    text run at (0,0) width 65: "This list..."
                RenderListItem {LI} at (40,21) size 298x21
                  RenderListMarker at (-25,0) size 20x21: "II"
                  RenderText {#text} at (0,0) size 121x21
                    text run at (0,0) width 121: "...should feature..."
                RenderListItem {LI} at (40,42) size 298x21
                  RenderListMarker at (-31,0) size 26x21: "III"
                  RenderText {#text} at (0,0) size 298x21
                    text run at (0,0) width 298: "...uppercase Roman numerals for each item."
              RenderBlock {OL} at (4,399) size 338x63
                RenderListItem {LI} at (40,0) size 298x21
                  RenderListMarker at (-21,0) size 16x21: "a"
                  RenderText {#text} at (0,0) size 65x21
                    text run at (0,0) width 65: "This list..."
                RenderListItem {LI} at (40,21) size 298x21
                  RenderListMarker at (-22,0) size 17x21: "b"
                  RenderText {#text} at (0,0) size 121x21
                    text run at (0,0) width 121: "...should feature..."
                RenderListItem {LI} at (40,42) size 298x21
                  RenderListMarker at (-20,0) size 15x21: "c"
                  RenderText {#text} at (0,0) size 219x21
                    text run at (0,0) width 219: "...lowercase letters for each item."
              RenderBlock {OL} at (4,478) size 338x63
                RenderListItem {LI} at (40,0) size 298x21
                  RenderListMarker at (-25,0) size 20x21: "A"
                  RenderText {#text} at (0,0) size 65x21
                    text run at (0,0) width 65: "This list..."
                RenderListItem {LI} at (40,21) size 298x21
                  RenderListMarker at (-24,0) size 19x21: "B"
                  RenderText {#text} at (0,0) size 121x21
                    text run at (0,0) width 121: "...should feature..."
                RenderListItem {LI} at (40,42) size 298x21
                  RenderListMarker at (-25,0) size 20x21: "C"
                  RenderText {#text} at (0,0) size 222x21
                    text run at (0,0) width 222: "...uppercase letters for each item."
              RenderBlock {OL} at (4,557) size 338x63
                RenderListItem {LI} at (40,0) size 298x21
                  RenderListMarker at (-25,0) size 20x21: "A"
                  RenderText {#text} at (0,0) size 166x21
                    text run at (0,0) width 166: "This list should feature..."
                RenderListItem {LI} at (40,21) size 298x21
                  RenderListMarker at (-24,0) size 19x21: "B"
                  RenderText {#text} at (0,0) size 157x21
                    text run at (0,0) width 157: "...letters for each item..."
                RenderListItem {LI} at (40,42) size 298x21
                  RenderListMarker at (-21,0) size 16x21: "3"
                  RenderText {#text} at (0,0) size 115x21
                    text run at (0,0) width 115: "...except this one."
              RenderBlock {UL} at (4,636) size 338x63
                RenderListItem {LI} at (40,0) size 298x21
                  RenderText {#text} at (0,0) size 65x21
                    text run at (0,0) width 65: "This list..."
                RenderListItem {LI} at (40,21) size 298x21
                  RenderText {#text} at (0,0) size 121x21
                    text run at (0,0) width 121: "...should feature..."
                RenderListItem {LI} at (40,42) size 298x21
                  RenderText {#text} at (0,0) size 160x21
                    text run at (0,0) width 160: "...nothing for each item."
