layer at (0,0) size 800x600
  RenderView at (0,0) size 800x600
layer at (0,0) size 800x600
  RenderBlock {HTML} at (0,0) size 800x600
    RenderBody {BODY} at (8,8) size 784x584
      RenderBlock {P} at (0,0) size 784x44
        RenderText {#text} at (0,0) size 732x44
          text run at (0,0) width 732: "This tests for a bug when moving the caret backward through a misspelled word. Once the caret is no longer"
          text run at (0,22) width 322: "adjacent to it it should be marked as misspelled."
      RenderBlock {DIV} at (0,60) size 784x22
        RenderText {#text} at (0,0) size 316x22
          text run at (0,0) width 316: "This sentence ends with a misspelled word asd."
caret: position 40 of child 0 {#text} of child 2 {DIV} of body
