EDITING DELEGATE: webViewDidChangeSelection:WebViewDidChangeSelectionNotification
layer at (0,0) size 800x600
  RenderView at (0,0) size 800x600
layer at (0,0) size 800x600
  RenderBlock {HTML} at (0,0) size 800x600
    RenderBody {BODY} at (8,8) size 784x584
      RenderBlock {P} at (0,0) size 784x44
        RenderText {#text} at (0,0) size 139x22
          text run at (0,0) width 139: "This is a testcase for "
        RenderInline {A} at (0,0) size 161x22 [color=#0000EE]
          RenderText {#text} at (139,0) size 161x22
            text run at (139,0) width 161: "rdar://problem/4402375"
        RenderText {#text} at (300,0) size 743x44
          text run at (300,0) width 443: " \"REGRESSION (417.8-TOT): finding text sometimes also selects"
          text run at (0,22) width 203: "previous image (5127) (6451)\""
      RenderBlock {HR} at (0,60) size 784x2 [border: (1px inset #000000)]
      RenderBlock {P} at (0,78) size 784x44
        RenderText {#text} at (0,0) size 769x44
          text run at (0,0) width 438: "This test uses a right aligned image next to some left aligned text. "
          text run at (438,0) width 331: "The image should not be selected, and should not"
          text run at (0,22) width 657: "be included in the selection rect (you won't see the selection rect when you run this test manually)."
      RenderBlock {DIV} at (0,138) size 784x22
        RenderImage {IMG} at (708,0) size 76x103
        RenderText {#text} at (0,0) size 188x22
          text run at (0,0) width 188: "This text should be selected."
selection start: position 0 of child 1 {#text} of child 6 {DIV} of body
selection end:   position 29 of child 1 {#text} of child 6 {DIV} of body
