layer at (0,0) size 800x600
  RenderView at (0,0) size 800x600
layer at (0,0) size 800x600
  RenderBlock {HTML} at (0,0) size 800x600
    RenderBody {BODY} at (8,8) size 784x584
      RenderBlock {P} at (0,0) size 784x22
        RenderText {#text} at (0,0) size 656x22
          text run at (0,0) width 464: "This tests caret movement through -webkit-user-select:none content. "
          text run at (464,0) width 192: "The caret should move over "
        RenderInline {B} at (0,0) size 24x22
          RenderText {#text} at (656,0) size 24x22
            text run at (656,0) width 24: "yyy"
        RenderText {#text} at (680,0) size 4x22
          text run at (680,0) width 4: "."
      RenderBlock {DIV} at (0,38) size 784x22
        RenderText {#text} at (0,0) size 8x22
          text run at (0,0) width 8: "x"
        RenderInline {SPAN} at (0,0) size 24x22
          RenderText {#text} at (8,0) size 24x22
            text run at (8,0) width 24: "yyy"
        RenderText {#text} at (32,0) size 8x22
          text run at (32,0) width 8: "x"
caret: position 0 of child 2 {#text} of child 2 {DIV} of body
