layer at (0,0) size 800x600
  RenderView at (0,0) size 800x600
layer at (0,0) size 800x600
  RenderBlock {HTML} at (0,0) size 800x600
    RenderBody {BODY} at (8,8) size 784x584
      RenderBlock {P} at (0,0) size 784x63
        RenderText {#text} at (0,0) size 768x63
          text run at (0,0) width 759: "We delay focus until mouse up if the mouse down occurs inside a focusable node that is inside an already focused"
          text run at (0,21) width 635: "node. But we shouldn't delay focus unless the mouse down occurs in an already focused node. "
          text run at (635,21) width 133: "The text field below"
          text run at (0,42) width 128: "should be focused. "
        RenderInline {B} at (0,0) size 654x21
          RenderText {#text} at (128,42) size 654x21
            text run at (128,42) width 654: "To run manually, select everything from 'foo' though 'baz', then mouse down inside the text field."
      RenderBlock {DIV} at (0,79) size 784x71
        RenderBlock {DIV} at (0,0) size 784x21
          RenderText {#text} at (0,0) size 21x21
            text run at (0,0) width 21: "foo"
        RenderBlock (anonymous) at (0,21) size 784x29
          RenderTextControl {INPUT} at (2,2) size 166x25
        RenderBlock {DIV} at (0,50) size 784x21
          RenderText {#text} at (0,0) size 24x21
            text run at (0,0) width 24: "baz"
layer at (12,112) size 162x21
  RenderBlock {DIV} at (2,2) size 162x21
caret: position 0 of child 0 {DIV} of child 1 {INPUT} of child 2 {DIV} of body
