layer at (0,0) size 800x600
  RenderView at (0,0) size 800x600
layer at (0,0) size 800x600
  RenderBlock {HTML} at (0,0) size 800x600
    RenderBody {BODY} at (8,8) size 784x584
      RenderBlock {P} at (0,0) size 784x63
        RenderText {#text} at (0,0) size 779x63
          text run at (0,0) width 746: "This tests for a bug that caused the parent of an active frame to paint as though it were active when its window"
          text run at (0,21) width 93: "becomes key. "
          text run at (93,21) width 686: "To run manually, make another window active and then make this window active. Only the subframe"
          text run at (0,42) width 144: "should appear active."
      RenderBlock (anonymous) at (0,79) size 784x183
        RenderTextControl {INPUT} at (2,2) size 166x25
        RenderBR {BR} at (170,20) size 0x0
        RenderPartObject {IFRAME} at (0,29) size 304x154 [border: (2px inset #000000)]
          layer at (0,0) size 300x150
            RenderView at (0,0) size 300x150
          layer at (0,0) size 300x150
            RenderBlock {HTML} at (0,0) size 300x150
              RenderBody {BODY} at (8,8) size 284x134 [bgcolor=#FFFFE0]
        RenderText {#text} at (0,0) size 0x0
        RenderText {#text} at (0,0) size 0x0
layer at (12,91) size 162x21
  RenderBlock {DIV} at (2,2) size 162x21
    RenderText {#text} at (1,0) size 21x21
      text run at (1,0) width 21: "foo"
selection start: position 0 of child 0 {#text} of child 0 {DIV} of child 3 {INPUT} of body
selection end:   position 3 of child 0 {#text} of child 0 {DIV} of child 3 {INPUT} of body
