layer at (0,0) size 800x600
  RenderView at (0,0) size 800x600
layer at (0,0) size 800x600
  RenderBlock {HTML} at (0,0) size 800x600
    RenderBody {BODY} at (8,8) size 784x576
      RenderBlock {P} at (0,0) size 784x42
        RenderText {#text} at (0,0) size 745x42
          text run at (0,0) width 745: "This tests for a bug where moving the selection to the end of the document would move it outside of an editable"
          text run at (0,21) width 322: "region if the selection started just before a table."
      RenderBlock {DIV} at (0,58) size 784x50
        RenderTable {TABLE} at (0,0) size 29x29 [border: (1px solid #AAAAAA)]
          RenderTableSection {TBODY} at (1,1) size 27x27
            RenderTableRow {TR} at (0,2) size 27x23
              RenderTableCell {TD} at (2,2) size 23x23 [r=0 c=0 rs=1 cs=1]
                RenderText {#text} at (1,1) size 21x21
                  text run at (1,1) width 21: "foo"
        RenderBlock (anonymous) at (0,29) size 784x21
          RenderText {#text} at (0,0) size 24x21
            text run at (0,0) width 24: "bar"
      RenderBlock {P} at (0,124) size 784x21
        RenderText {#text} at (0,0) size 608x21
          text run at (0,0) width 608: "In the above editable region, you should see 'foo' in the bordered table and 'bar' outside it."
caret: position 3 of child 1 {#text} of child 2 {DIV} of body
