layer at (0,0) size 800x600
  RenderView at (0,0) size 800x600
layer at (0,0) size 800x600
  RenderBlock {HTML} at (0,0) size 800x600
    RenderBody {BODY} at (8,8) size 784x578
      RenderBlock {P} at (0,0) size 784x19
        RenderText {#text} at (0,0) size 703x19
          text run at (0,0) width 703: "This tests for a bug where extending a selection created with the mouse would blow it away before extending it."
      RenderBlock {DIV} at (0,33) size 784x19
        RenderText {#text} at (0,0) size 365x19
          text run at (0,0) width 365: "There should be five characters selected in this sentence."
      RenderBlock {UL} at (0,66) size 784x19
        RenderListItem {LI} at (40,0) size 744x19
          RenderListMarker at (-17,0) size 7x19: bullet
          RenderText {#text} at (0,0) size 53x19
            text run at (0,0) width 53: "Success"
selection start: position 3 of child 0 {#text} of child 2 {DIV} of child 1 {BODY} of child 0 {HTML} of document
selection end:   position 9 of child 0 {#text} of child 2 {DIV} of child 1 {BODY} of child 0 {HTML} of document
