layer at (0,0) size 800x600
  RenderView at (0,0) size 800x600
layer at (0,0) size 800x600
  RenderBlock {HTML} at (0,0) size 800x600
    RenderBody {BODY} at (8,8) size 784x578
      RenderBlock {P} at (0,0) size 784x19
        RenderText {#text} at (0,0) size 766x19
          text run at (0,0) width 766: "This tests to see that a selection inside an input field is removed when clicking (and focusing) a button in the same frame."
      RenderBlock (anonymous) at (0,33) size 784x61
        RenderTextControl {INPUT} at (2,2) size 488x25 [border: (2px inset #000000)]
        RenderBR {BR} at (492,19) size 0x0
        RenderButton {INPUT} at (2,31) size 59x28 [bgcolor=#C0C0C0]
          RenderBlock (anonymous) at (6,6) size 47x17
            RenderText at (0,0) size 47x17
              text run at (0,0) width 47: "Click Me"
        RenderBR {BR} at (63,49) size 0x0
      RenderBlock {UL} at (0,108) size 784x0
layer at (13,46) size 482x19
  RenderBlock {DIV} at (3,3) size 482x19
    RenderText {#text} at (1,0) size 429x19
      text run at (1,0) width 429: "After you click the button below, this content should not be selected."
