layer at (0,0) size 800x600
  RenderView at (0,0) size 800x600
layer at (0,0) size 800x600
  RenderBlock {HTML} at (0,0) size 800x600
    RenderBody {BODY} at (8,8) size 784x584
      RenderBlock {P} at (0,0) size 784x57
        RenderText {#text} at (0,0) size 783x57
          text run at (0,0) width 764: "This tests to see that clicking on content outside of an editable region with -webkit-user-select: ignore doesn't remove the"
          text run at (0,19) width 464: "selection from the editable region. To run it manually, click on the button. "
          text run at (464,19) width 319: "The editable region should not be focused, but the"
          text run at (0,38) width 218: "text inside of it should be selected."
      RenderBlock (anonymous) at (0,71) size 784x34
        RenderButton {INPUT} at (2,2) size 90x30 [bgcolor=#C0C0C0]
          RenderBlock (anonymous) at (8,5) size 74x19
            RenderText at (0,0) size 74x19
              text run at (0,0) width 74: "Click on me"
        RenderText {#text} at (0,0) size 0x0
      RenderBlock {DIV} at (0,105) size 784x19
        RenderText {#text} at (0,0) size 181x19
          text run at (0,0) width 181: "This text should be selected."
selection start: position 0 of child 0 {#text} of child 4 {DIV} of child 0 {BODY} of child 0 {HTML} of document
selection end:   position 29 of child 0 {#text} of child 4 {DIV} of child 0 {BODY} of child 0 {HTML} of document
