EDITING DELEGATE: shouldBeginEditingInDOMRange:range from 0 of DIV > BODY > HTML > #document to 3 of DIV > BODY > HTML > #document
EDITING DELEGATE: webViewDidBeginEditing:WebViewDidBeginEditingNotification
EDITING DELEGATE: webViewDidChangeSelection:WebViewDidChangeSelectionNotification
EDITING DELEGATE: webViewDidChangeSelection:WebViewDidChangeSelectionNotification
EDITING DELEGATE: webViewDidChangeSelection:WebViewDidChangeSelectionNotification
EDITING DELEGATE: webViewDidChangeSelection:WebViewDidChangeSelectionNotification
EDITING DELEGATE: webViewDidChangeSelection:WebViewDidChangeSelectionNotification
layer at (0,0) size 800x600
  RenderView at (0,0) size 800x600
layer at (0,0) size 800x600
  RenderBlock {HTML} at (0,0) size 800x600
    RenderBody {BODY} at (8,8) size 784x576
      RenderBlock {P} at (0,0) size 784x63
        RenderInline {B} at (0,0) size 304x21
          RenderText {#text} at (0,0) size 304x21
            text run at (0,0) width 304: "Make sure that your window is small enough"
        RenderText {#text} at (304,0) size 773x63
          text run at (304,0) width 469: " so that 'don't select this line' and 'try to select just this line' appear on"
          text run at (0,21) width 129: "two different lines. "
          text run at (129,21) width 618: "The two phrases are actually in the same paragraph, there are just lots of spaces in between"
          text run at (0,42) width 38: "them."
      RenderBlock {P} at (0,79) size 784x42
        RenderText {#text} at (0,0) size 111x21
          text run at (0,0) width 111: "This is a test for "
        RenderInline {A} at (0,0) size 392x21 [color=#0000EE]
          RenderText {#text} at (111,0) size 392x21
            text run at (111,0) width 392: "REGRESSION: Selection includes spaces that it shouldn't"
        RenderText {#text} at (503,0) size 773x42
          text run at (503,0) width 270: ". The test makes sure that a word that is"
          text run at (0,21) width 339: "right after a line wrap can be selected successfully."
      RenderBlock {P} at (0,137) size 784x0
      RenderBlock {DIV} at (16,137) size 752x44 [border: (1px solid #000000)]
        RenderText {#text} at (1,1) size 750x21
          text run at (1,1) width 99: "don't select me"
          text run at (100,1) width 651: "                                                                                                                                                                                                                                                                                                                                                             "
        RenderInline {I} at (0,0) size 153x21
          RenderText {#text} at (1,22) size 153x21
            text run at (1,22) width 153: "try to select just this text"
        RenderText {#text} at (0,0) size 0x0
selection start: position 0 of child 0 {#text} of child 1 {I} of child 7 {DIV} of body
selection end:   position 3 of child 0 {#text} of child 1 {I} of child 7 {DIV} of body
