EDITING DELEGATE: webViewDidChangeSelection:WebViewDidChangeSelectionNotification
EDITING DELEGATE: webViewDidChangeSelection:WebViewDidChangeSelectionNotification
layer at (0,0) size 800x600
  RenderView at (0,0) size 800x600
layer at (0,0) size 800x600
  RenderBlock {HTML} at (0,0) size 800x600
    RenderBody {BODY} at (8,8) size 784x584
      RenderBlock {DIV} at (0,0) size 784x44
        RenderText {#text} at (0,0) size 780x44
          text run at (0,0) width 780: "This tests that window.getSelection().clear() clears the selection correctly. If this test is successful, this text should not"
          text run at (0,22) width 76: "be selected."
