EDITING DELEGATE: shouldBeginEditingInDOMRange:range from 0 of DIV > BODY > HTML > #document to 2 of DIV > BODY > HTML > #document
EDITING DELEGATE: webViewDidBeginEditing:WebViewDidBeginEditingNotification
EDITING DELEGATE: shouldChangeSelectedDOMRange:(null) toDOMRange:range from 1 of #text > SPAN > DIV > BODY > HTML > #document to 1 of #text > SPAN > DIV > BODY > HTML > #document affinity:NSSelectionAffinityDownstream stillSelecting:FALSE
EDITING DELEGATE: webViewDidChangeSelection:WebViewDidChangeSelectionNotification
layer at (0,0) size 800x600
  RenderView at (0,0) size 800x600
layer at (0,0) size 800x600
  RenderBlock {HTML} at (0,0) size 800x600
    RenderBody {BODY} at (8,8) size 784x576
      RenderBlock {P} at (0,0) size 784x44
        RenderText {#text} at (0,0) size 752x44
          text run at (0,0) width 441: "This tests double clicking inside and at the end of an editable div. "
          text run at (441,0) width 311: "The selection that is created should not extend"
          text run at (0,22) width 181: "outside the editable region."
      RenderBlock {DIV} at (0,60) size 784x22
        RenderText {#text} at (0,0) size 219x22
          text run at (0,0) width 219: "This text is inside an editable div"
        RenderInline {SPAN} at (0,0) size 4x22
          RenderText {#text} at (219,0) size 4x22
            text run at (219,0) width 4: " "
layer at (8,106) size 784x22
  RenderBlock {P} at (0,98) size 784x22
    RenderText {#text} at (0,0) size 160x22
      text run at (0,0) width 160: "This text is not editable."
caret: position 1 of child 0 {#text} of child 1 {SPAN} of child 3 {DIV} of body
