EDITING DELEGATE: shouldBeginEditingInDOMRange:range from 0 of DIV > BODY > HTML > #document to 3 of DIV > BODY > HTML > #document
EDITING DELEGATE: webViewDidBeginEditing:WebViewDidBeginEditingNotification
EDITING DELEGATE: webViewDidChangeSelection:WebViewDidChangeSelectionNotification
EDITING DELEGATE: webViewDidChangeSelection:WebViewDidChangeSelectionNotification
EDITING DELEGATE: webViewDidChangeSelection:WebViewDidChangeSelectionNotification
EDITING DELEGATE: webViewDidChangeSelection:WebViewDidChangeSelectionNotification
EDITING DELEGATE: webViewDidChangeSelection:WebViewDidChangeSelectionNotification
EDITING DELEGATE: webViewDidChangeSelection:WebViewDidChangeSelectionNotification
EDITING DELEGATE: webViewDidChangeSelection:WebViewDidChangeSelectionNotification
layer at (0,0) size 800x600
  RenderView at (0,0) size 800x600
layer at (0,0) size 800x600
  RenderBlock {HTML} at (0,0) size 800x600
    RenderBody {BODY} at (8,8) size 784x584
      RenderBlock {DIV} at (0,0) size 148x166 [border: (2px solid #FF0000)]
        RenderBlock {UL} at (14,14) size 120x138
          RenderListItem {LI} at (0,0) size 120x21
            RenderListMarker at (-14,6) size 5x12: bullet
            RenderInline (generated) at (0,0) size 12x25
              RenderText {#text} at (5,-4) size 12x25
                text run at (5,-4) width 12: "\x{B7} "
            RenderText {#text} at (0,0) size 0x0
            RenderInline {A} at (0,0) size 49x12 [color=#0000EE]
              RenderText {#text} at (17,6) size 49x12
                text run at (17,6) width 49: "Appetizers"
          RenderListItem {LI} at (0,21) size 120x21
            RenderListMarker at (-14,6) size 5x12: bullet
            RenderInline (generated) at (0,0) size 12x25
              RenderText {#text} at (5,-4) size 12x25
                text run at (5,-4) width 12: "\x{B7} "
            RenderText {#text} at (0,0) size 0x0
            RenderInline {A} at (0,0) size 75x12 [color=#0000EE]
              RenderText {#text} at (17,6) size 75x12
                text run at (17,6) width 75: "Soups & Salads"
          RenderListItem {LI} at (0,42) size 120x33
            RenderListMarker at (-14,6) size 5x12: bullet
            RenderInline (generated) at (0,0) size 12x25
              RenderText {#text} at (5,-4) size 12x25
                text run at (5,-4) width 12: "\x{B7} "
            RenderText {#text} at (0,0) size 0x0
            RenderInline {A} at (0,0) size 70x24 [color=#0000EE]
              RenderText {#text} at (17,6) size 70x24
                text run at (17,6) width 66: "Sandwiches &"
                text run at (83,6) width 3: " "
                text run at (16,18) width 36: "Burgers"
          RenderListItem {LI} at (0,75) size 120x21
            RenderListMarker at (-14,6) size 5x12: bullet
            RenderInline (generated) at (0,0) size 12x25
              RenderText {#text} at (5,-4) size 12x25
                text run at (5,-4) width 12: "\x{B7} "
            RenderText {#text} at (0,0) size 0x0
            RenderInline {A} at (0,0) size 60x12 [color=#0000EE]
              RenderText {#text} at (17,6) size 60x12
                text run at (17,6) width 60: "Steak & Ribs"
          RenderListItem {LI} at (0,96) size 120x21
            RenderListMarker at (-14,6) size 5x12: bullet
            RenderInline (generated) at (0,0) size 12x25
              RenderText {#text} at (5,-4) size 12x25
                text run at (5,-4) width 12: "\x{B7} "
            RenderText {#text} at (0,0) size 0x0
            RenderInline {A} at (0,0) size 40x12 [color=#0000EE]
              RenderText {#text} at (17,6) size 40x12
                text run at (17,6) width 40: "Seafood"
          RenderListItem {LI} at (0,117) size 120x21
            RenderListMarker at (-14,6) size 5x12: bullet
            RenderInline (generated) at (0,0) size 12x25
              RenderText {#text} at (5,-4) size 12x25
                text run at (5,-4) width 12: "\x{B7} "
            RenderText {#text} at (0,0) size 0x0
            RenderInline {A} at (0,0) size 38x12 [color=#0000EE]
              RenderText {#text} at (17,6) size 38x12
                text run at (17,6) width 38: "Combos"
selection start: position 0 of child 0 {#text} of child 1 {A} of child 1 {LI} of child 1 {UL} of child 1 {DIV} of body
selection end:   position 5 of child 0 {#text} of child 1 {A} of child 7 {LI} of child 1 {UL} of child 1 {DIV} of body
