EDITING DELEGATE: shouldBeginEditingInDOMRange:range from 0 of DIV > BODY > HTML > #document to 3 of DIV > BODY > HTML > #document
EDITING DELEGATE: webViewDidBeginEditing:WebViewDidBeginEditingNotification
EDITING DELEGATE: webViewDidChangeSelection:WebViewDidChangeSelectionNotification
EDITING DELEGATE: shouldEndEditingInDOMRange:range from 0 of DIV > BODY > HTML > #document to 3 of DIV > BODY > HTML > #document
EDITING DELEGATE: webViewDidEndEditing:WebViewDidEndEditingNotification
EDITING DELEGATE: shouldBeginEditingInDOMRange:range from 0 of TD > TR > TBODY > TABLE > DIV > BODY > HTML > #document to 1 of TD > TR > TBODY > TABLE > DIV > BODY > HTML > #document
EDITING DELEGATE: webViewDidBeginEditing:WebViewDidBeginEditingNotification
EDITING DELEGATE: webViewDidChangeSelection:WebViewDidChangeSelectionNotification
layer at (0,0) size 800x600
  RenderView at (0,0) size 800x600
layer at (0,0) size 800x600
  RenderBlock {HTML} at (0,0) size 800x600
    RenderBody {BODY} at (8,8) size 784x584
      RenderBlock {P} at (0,0) size 784x44
        RenderText {#text} at (0,0) size 783x44
          text run at (0,0) width 494: "This tests moving the caret forward through content of mixed editability. "
          text run at (494,0) width 289: "The caret should move down one line from"
          text run at (0,22) width 527: "the editable piece to the editable piece that's embedded in a non-editable piece."
      RenderBlock {DIV} at (0,60) size 784x76
        RenderBlock (anonymous) at (0,0) size 784x22
          RenderText {#text} at (0,0) size 53x22
            text run at (0,0) width 53: "editable"
        RenderTable {TABLE} at (0,22) size 63x32 [border: (1px outset #808080)]
          RenderTableSection {TBODY} at (1,1) size 61x30
            RenderTableRow {TR} at (0,2) size 61x26
              RenderTableCell {TD} at (2,2) size 57x26 [border: (1px inset #808080)] [r=0 c=0 rs=1 cs=1]
                RenderText {#text} at (2,2) size 53x22
                  text run at (2,2) width 53: "editable"
        RenderBlock (anonymous) at (0,54) size 784x22
          RenderText {#text} at (0,0) size 53x22
            text run at (0,0) width 53: "editable"
caret: position 0 of child 0 {#text} of child 0 {TD} of child 0 {TR} of child 0 {TBODY} of child 1 {TABLE} of child 2 {DIV} of body
