EDITING DELEGATE: shouldBeginEditingInDOMRange:range from 0 of DIV > BODY > HTML > #document to 4 of DIV > BODY > HTML > #document
EDITING DELEGATE: webViewDidBeginEditing:WebViewDidBeginEditingNotification
EDITING DELEGATE: webViewDidChangeSelection:WebViewDidChangeSelectionNotification
EDITING DELEGATE: webViewDidChangeSelection:WebViewDidChangeSelectionNotification
layer at (0,0) size 800x600
  RenderView at (0,0) size 800x600
layer at (0,0) size 800x600
  RenderBlock {HTML} at (0,0) size 800x600
    RenderBody {BODY} at (8,8) size 784x584
      RenderBlock {P} at (0,0) size 784x66
        RenderText {#text} at (0,0) size 261x22
          text run at (0,0) width 261: "There was a workaround added to fix "
        RenderInline {A} at (0,0) size 161x22 [color=#0000EE]
          RenderText {#text} at (261,0) size 161x22
            text run at (261,0) width 161: "rdar://problem/4033202"
        RenderText {#text} at (422,0) size 317x22
          text run at (422,0) width 8: ". "
          text run at (430,0) width 309: "A bug to remove the workaround was filed as"
        RenderInline {A} at (0,0) size 161x22 [color=#0000EE]
          RenderText {#text} at (0,22) size 161x22
            text run at (0,22) width 161: "rdar://problem/4040763"
        RenderText {#text} at (161,22) size 696x44
          text run at (161,22) width 8: ". "
          text run at (169,22) width 527: "The underlying problem with VisiblePositions was fixed, and so I removed the"
          text run at (0,44) width 267: "workaround and added this layout test."
      RenderBlock {DIV} at (0,82) size 784x68 [border: (1px solid #0000FF)]
        RenderBlock {P} at (1,1) size 782x22
          RenderText {#text} at (0,0) size 13x22
            text run at (0,0) width 13: "hi"
          RenderInline {SPAN} at (0,0) size 0x22
        RenderBlock (anonymous) at (1,23) size 782x44
          RenderBR {BR} at (0,0) size 0x22
          RenderText {#text} at (0,22) size 23x22
            text run at (0,22) width 23: "test"
caret: position 0 of child 2 {BR} of child 3 {DIV} of body
