EDITING DELEGATE: shouldBeginEditingInDOMRange:range from 0 of DIV > BODY > HTML > #document to 5 of DIV > BODY > HTML > #document
EDITING DELEGATE: webViewDidBeginEditing:WebViewDidBeginEditingNotification
EDITING DELEGATE: webViewDidChangeSelection:WebViewDidChangeSelectionNotification
EDITING DELEGATE: shouldChangeSelectedDOMRange:range from 0 of DIV > BODY > HTML > #document to 0 of DIV > BODY > HTML > #document toDOMRange:range from 1 of #text > DIV > BODY > HTML > #document to 4 of DIV > BODY > HTML > #document affinity:NSSelectionAffinityDownstream stillSelecting:FALSE
EDITING DELEGATE: webViewDidChangeSelection:WebViewDidChangeSelectionNotification
EDITING DELEGATE: webViewDidChangeSelection:WebViewDidChangeSelectionNotification
EDITING DELEGATE: webViewDidChangeSelection:WebViewDidChangeSelectionNotification
layer at (0,0) size 800x600
  RenderView at (0,0) size 800x600
layer at (0,0) size 800x600
  RenderBlock {HTML} at (0,0) size 800x600
    RenderBody {BODY} at (8,8) size 784x584
      RenderBlock {P} at (0,0) size 784x42
        RenderText {#text} at (0,0) size 755x42
          text run at (0,0) width 755: "This tests that when a selection that ends at [replaced element, 0] is painted, the replaced element doesn't appear"
          text run at (0,21) width 60: "selected. "
          text run at (60,21) width 341: "This test uses a select box for the replaced element."
      RenderBlock {DIV} at (0,58) size 784x52
        RenderText {#text} at (0,0) size 24x21
          text run at (0,0) width 24: "abc"
        RenderBR {BR} at (24,16) size 0x0
        RenderMenuList {SELECT} at (2,23) size 264x27 [bgcolor=#FFFFFF]
          RenderBlock (anonymous) at (4,3) size 236x21
            RenderText at (0,0) size 236x21
              text run at (0,0) width 236: "this select box shouldn't be selected"
        RenderText {#text} at (0,0) size 0x0
selection start: position 1 of child 0 {#text} of child 3 {DIV} of body
selection end:   position 1 of child 1 {BR} of child 3 {DIV} of body
