EDITING DELEGATE: shouldBeginEditingInDOMRange:range from 0 of DIV > BODY > HTML > #document to 3 of DIV > BODY > HTML > #document
EDITING DELEGATE: webViewDidBeginEditing:WebViewDidBeginEditingNotification
EDITING DELEGATE: webViewDidChangeSelection:WebViewDidChangeSelectionNotification
EDITING DELEGATE: shouldChangeSelectedDOMRange:range from 0 of DIV > BODY > HTML > #document to 0 of DIV > BODY > HTML > #document toDOMRange:range from 1 of #text > DIV > BODY > HTML > #document to 3 of #text > DIV > BODY > HTML > #document affinity:NSSelectionAffinityDownstream stillSelecting:FALSE
EDITING DELEGATE: webViewDidChangeSelection:WebViewDidChangeSelectionNotification
EDITING DELEGATE: webViewDidChangeSelection:WebViewDidChangeSelectionNotification
EDITING DELEGATE: webViewDidChangeSelection:WebViewDidChangeSelectionNotification
EDITING DELEGATE: webViewDidChangeSelection:WebViewDidChangeSelectionNotification
EDITING DELEGATE: webViewDidChangeSelection:WebViewDidChangeSelectionNotification
layer at (0,0) size 800x600
  RenderView at (0,0) size 800x600
layer at (0,0) size 800x600
  RenderBlock {HTML} at (0,0) size 800x600
    RenderBody {BODY} at (8,8) size 784x584
      RenderBlock {P} at (0,0) size 784x44
        RenderText {#text} at (0,0) size 755x44
          text run at (0,0) width 755: "This tests that when a selection that ends at [replaced element, 0] is painted, the replaced element doesn't appear"
          text run at (0,22) width 60: "selected. "
          text run at (60,22) width 325: "This test uses an image for the replaced element."
      RenderBlock {DIV} at (0,60) size 784x109
        RenderText {#text} at (0,87) size 24x22
          text run at (0,87) width 24: "abc"
        RenderImage {IMG} at (24,0) size 76x103
        RenderText {#text} at (100,87) size 21x22
          text run at (100,87) width 21: "def"
selection start: position 1 of child 0 {#text} of child 3 {DIV} of body
selection end:   position 4 of child 0 {#text} of child 3 {DIV} of body
