EDITING DELEGATE: shouldChangeSelectedDOMRange:(null) toDOMRange:range from 15 of #text > BODY > HTML > #document to 15 of #text > BODY > HTML > #document affinity:NSSelectionAffinityDownstream stillSelecting:FALSE
EDITING DELEGATE: webViewDidChangeSelection:WebViewDidChangeSelectionNotification
EDITING DELEGATE: shouldChangeSelectedDOMRange:range from 15 of #text > BODY > HTML > #document to 15 of #text > BODY > HTML > #document toDOMRange:range from 11 of #text > BODY > HTML > #document to 4 of #text > BODY > HTML > #document affinity:NSSelectionAffinityDownstream stillSelecting:FALSE
EDITING DELEGATE: webViewDidChangeSelection:WebViewDidChangeSelectionNotification
EDITING DELEGATE: shouldChangeSelectedDOMRange:range from 11 of #text > BODY > HTML > #document to 4 of #text > BODY > HTML > #document toDOMRange:range from 11 of #text > BODY > HTML > #document to 8 of BODY > HTML > #document affinity:NSSelectionAffinityDownstream stillSelecting:FALSE
EDITING DELEGATE: webViewDidChangeSelection:WebViewDidChangeSelectionNotification
layer at (0,0) size 800x600
  RenderView at (0,0) size 800x600
layer at (0,0) size 800x600
  RenderBlock {HTML} at (0,0) size 800x600
    RenderBody {BODY} at (8,8) size 784x584
      RenderText {#text} at (0,0) size 757x42
        text run at (0,0) width 757: "This tests whether certain NSResponder methods that should only operate on editable regions modify a selection"
        text run at (0,21) width 213: "that is not in an editable region."
      RenderBR {BR} at (213,37) size 0x0
      RenderText {#text} at (0,42) size 92x21
        text run at (0,42) width 92: "This is a para"
      RenderInline {SPAN} at (0,0) size 8x21 [color=#0000FF]
        RenderText {#text} at (92,42) size 8x21
          text run at (92,42) width 8: "g"
      RenderText {#text} at (100,42) size 37x21
        text run at (100,42) width 37: "raph."
      RenderBR {BR} at (137,58) size 0x0
      RenderText {#text} at (0,63) size 66x21
        text run at (0,63) width 66: "Some text"
      RenderBR {BR} at (66,79) size 0x0
      RenderText {#text} at (0,84) size 66x21
        text run at (0,84) width 66: "Some text"
      RenderBR {BR} at (66,100) size 0x0
      RenderText {#text} at (0,105) size 66x21
        text run at (0,105) width 66: "Some text"
      RenderBR {BR} at (66,121) size 0x0
      RenderText {#text} at (0,126) size 66x21
        text run at (0,126) width 66: "Some text"
      RenderBR {BR} at (66,142) size 0x0
      RenderText {#text} at (0,147) size 137x21
        text run at (0,147) width 137: "This is a paragraph."
      RenderText {#text} at (0,0) size 0x0
selection start: position 11 of child 2 {#text} of body
selection end:   position 1 of child 7 {BR} of body
