layer at (0,0) size 800x600
  RenderView at (0,0) size 800x600
layer at (0,0) size 800x600
  RenderBlock {HTML} at (0,0) size 800x600
    RenderBody {BODY} at (8,8) size 784x576
      RenderBlock {P} at (0,0) size 784x21
        RenderText {#text} at (0,0) size 419x21
          text run at (0,0) width 419: "This tests Range.selectNodeContents() of a text node and a br."
      RenderBlock {DIV} at (0,37) size 784x21
        RenderText {#text} at (0,0) size 24x21
          text run at (0,0) width 24: "one"
      RenderBlock {DIV} at (0,58) size 784x42
        RenderText {#text} at (0,0) size 25x21
          text run at (0,0) width 25: "two"
        RenderBR {BR} at (25,16) size 0x0
        RenderText {#text} at (0,21) size 35x21
          text run at (0,21) width 35: "three"
      RenderBlock {DIV} at (0,100) size 784x21
        RenderText {#text} at (0,0) size 29x21
          text run at (0,0) width 29: "four"
      RenderBlock {UL} at (0,137) size 784x21
        RenderListItem {LI} at (40,0) size 744x21
          RenderListMarker at (-18,0) size 7x21: bullet
          RenderText {#text} at (0,0) size 55x21
            text run at (0,0) width 55: "Success."
