EDITING DELEGATE: shouldBeginEditingInDOMRange:range from 0 of DIV > BODY > HTML > #document to 3 of DIV > BODY > HTML > #document
EDITING DELEGATE: webViewDidBeginEditing:WebViewDidBeginEditingNotification
EDITING DELEGATE: webViewDidChangeSelection:WebViewDidChangeSelectionNotification
layer at (0,0) size 800x600
  RenderView at (0,0) size 800x600
layer at (0,0) size 800x600
  RenderBlock {HTML} at (0,0) size 800x600
    RenderBody {BODY} at (8,8) size 784x584
      RenderBlock {P} at (0,0) size 784x21
        RenderText {#text} at (0,0) size 400x21
          text run at (0,0) width 400: "This tests the caret position for the caret after a block table."
      RenderBlock {DIV} at (0,37) size 784x127
        RenderBlock (anonymous) at (0,0) size 784x21
          RenderText {#text} at (0,0) size 21x21
            text run at (0,0) width 21: "foo"
        RenderTable {TABLE} at (0,21) size 55x85 [border: (1px solid #999999)]
          RenderTableSection {TBODY} at (1,1) size 53x83
            RenderTableRow {TR} at (0,2) size 53x25
              RenderTableCell {TD} at (2,2) size 49x25 [border: (1px solid #999999)] [r=0 c=0 rs=1 cs=1]
                RenderText {#text} at (2,2) size 24x21
                  text run at (2,2) width 24: "this"
            RenderTableRow {TR} at (0,29) size 53x25
              RenderTableCell {TD} at (2,29) size 49x25 [border: (1px solid #999999)] [r=1 c=0 rs=1 cs=1]
                RenderText {#text} at (2,2) size 10x21
                  text run at (2,2) width 10: "is"
            RenderTableRow {TR} at (0,56) size 53x25
              RenderTableCell {TD} at (2,56) size 49x25 [border: (1px solid #999999)] [r=2 c=0 rs=1 cs=1]
                RenderText {#text} at (2,2) size 45x21
                  text run at (2,2) width 45: "a table"
        RenderBlock (anonymous) at (0,106) size 784x21
          RenderText {#text} at (0,0) size 24x21
            text run at (0,0) width 24: "baz"
caret: position 1 of child 1 {TABLE} of child 2 {DIV} of body
