EDITING DELEGATE: shouldBeginEditingInDOMRange:range from 0 of DIV > BODY > HTML > #document to 3 of DIV > BODY > HTML > #document
EDITING DELEGATE: webViewDidBeginEditing:WebViewDidBeginEditingNotification
EDITING DELEGATE: webViewDidChangeSelection:WebViewDidChangeSelectionNotification
layer at (0,0) size 800x600
  RenderView at (0,0) size 800x600
layer at (0,0) size 800x600
  RenderBlock {HTML} at (0,0) size 800x600
    RenderBody {BODY} at (8,8) size 784x584
      RenderBlock {P} at (0,0) size 784x22
        RenderText {#text} at (0,0) size 411x22
          text run at (0,0) width 411: "This tests the caret position for the caret before a block table."
      RenderBlock {DIV} at (0,38) size 784x132
        RenderBlock (anonymous) at (0,0) size 784x22
          RenderText {#text} at (0,0) size 21x22
            text run at (0,0) width 21: "foo"
        RenderTable {TABLE} at (0,22) size 55x88 [border: (1px solid #999999)]
          RenderTableSection {TBODY} at (1,1) size 53x86
            RenderTableRow {TR} at (0,2) size 53x26
              RenderTableCell {TD} at (2,2) size 49x26 [border: (1px solid #999999)] [r=0 c=0 rs=1 cs=1]
                RenderText {#text} at (2,2) size 24x22
                  text run at (2,2) width 24: "this"
            RenderTableRow {TR} at (0,30) size 53x26
              RenderTableCell {TD} at (2,30) size 49x26 [border: (1px solid #999999)] [r=1 c=0 rs=1 cs=1]
                RenderText {#text} at (2,2) size 10x22
                  text run at (2,2) width 10: "is"
            RenderTableRow {TR} at (0,58) size 53x26
              RenderTableCell {TD} at (2,58) size 49x26 [border: (1px solid #999999)] [r=2 c=0 rs=1 cs=1]
                RenderText {#text} at (2,2) size 45x22
                  text run at (2,2) width 45: "a table"
        RenderBlock (anonymous) at (0,110) size 784x22
          RenderText {#text} at (0,0) size 24x22
            text run at (0,0) width 24: "baz"
caret: position 0 of child 1 {TABLE} of child 2 {DIV} of body
