EDITING DELEGATE: shouldBeginEditingInDOMRange:range from 0 of DIV > BODY > HTML > #document to 2 of DIV > BODY > HTML > #document
EDITING DELEGATE: webViewDidBeginEditing:WebViewDidBeginEditingNotification
EDITING DELEGATE: webViewDidChangeSelection:WebViewDidChangeSelectionNotification
layer at (0,0) size 800x600
  RenderView at (0,0) size 800x600
layer at (0,0) size 800x600
  RenderBlock {HTML} at (0,0) size 800x600
    RenderBody {BODY} at (8,8) size 784x584
      RenderBlock {P} at (0,0) size 784x84
        RenderText {#text} at (0,0) size 782x84
          text run at (0,0) width 671: "This tests visible position creation in unrendered space after rendered text, just before a new block. "
          text run at (671,0) width 65: "The caret"
          text run at (0,21) width 782: "should be at the end of the line containing 'foo' because we choose to treat all positions in the unrendered space after"
          text run at (0,42) width 781: "'foo' as being visually equivalent to the position just after 'foo', and not visually equivalent to the position on the next"
          text run at (0,63) width 115: "line, before 'bar'."
      RenderBlock {DIV} at (0,100) size 784x42
        RenderBlock (anonymous) at (0,0) size 784x21
          RenderText {#text} at (0,0) size 21x21
            text run at (0,0) width 21: "foo"
        RenderBlock {DIV} at (0,21) size 784x21
          RenderText {#text} at (0,0) size 24x21
            text run at (0,0) width 24: "bar"
caret: position 3 of child 0 {#text} of child 2 {DIV} of body
