EDITING DELEGATE: shouldChangeSelectedDOMRange:(null) toDOMRange:range from 15 of #text > DIV > BODY > HTML > #document to 15 of #text > DIV > BODY > HTML > #document affinity:NSSelectionAffinityDownstream stillSelecting:FALSE
EDITING DELEGATE: webViewDidChangeSelection:WebViewDidChangeSelectionNotification
EDITING DELEGATE: shouldChangeSelectedDOMRange:range from 15 of #text > DIV > BODY > HTML > #document to 15 of #text > DIV > BODY > HTML > #document toDOMRange:range from 11 of #text > DIV > BODY > HTML > #document to 4 of #text > DIV > BODY > HTML > #document affinity:NSSelectionAffinityDownstream stillSelecting:FALSE
EDITING DELEGATE: webViewDidChangeSelection:WebViewDidChangeSelectionNotification
EDITING DELEGATE: shouldChangeSelectedDOMRange:range from 11 of #text > DIV > BODY > HTML > #document to 4 of #text > DIV > BODY > HTML > #document toDOMRange:range from 11 of #text > DIV > BODY > HTML > #document to 4 of #text > DIV > BODY > HTML > #document affinity:NSSelectionAffinityDownstream stillSelecting:FALSE
EDITING DELEGATE: webViewDidChangeSelection:WebViewDidChangeSelectionNotification
layer at (0,0) size 800x600
  RenderView at (0,0) size 800x600
layer at (0,0) size 800x600
  RenderBlock {HTML} at (0,0) size 800x600
    RenderBody {BODY} at (8,8) size 784x584
      RenderBlock {P} at (0,0) size 784x21
        RenderText {#text} at (0,0) size 721x21
          text run at (0,0) width 401: "This tests modifying a selection created with a double click. "
          text run at (401,0) width 320: "The new selection should use word granularity."
      RenderBlock {P} at (0,37) size 784x63 [color=#008000]
        RenderText {#text} at (0,0) size 744x63
          text run at (0,0) width 241: "This test does not run interactively. "
          text run at (241,0) width 442: "It uses the layoutTestControllers eventSender to do mouse clicks. "
          text run at (683,0) width 61: "To run it"
          text run at (0,21) width 464: "manually, double click on the blue 'g', then drag down to the red 'g'. "
          text run at (464,21) width 263: "As you drag, watch the selection that is"
          text run at (0,42) width 405: "created, it should always start and end on word boundaries."
      RenderBlock {DIV} at (0,116) size 784x126
        RenderText {#text} at (0,0) size 92x21
          text run at (0,0) width 92: "This is a para"
        RenderInline {SPAN} at (0,0) size 8x21 [color=#0000FF]
          RenderText {#text} at (92,0) size 8x21
            text run at (92,0) width 8: "g"
        RenderText {#text} at (100,0) size 37x21
          text run at (100,0) width 37: "raph."
        RenderBR {BR} at (137,16) size 0x0
        RenderText {#text} at (0,21) size 66x21
          text run at (0,21) width 66: "Some text"
        RenderBR {BR} at (66,37) size 0x0
        RenderText {#text} at (0,42) size 66x21
          text run at (0,42) width 66: "Some text"
        RenderBR {BR} at (66,58) size 0x0
        RenderText {#text} at (0,63) size 66x21
          text run at (0,63) width 66: "Some text"
        RenderBR {BR} at (66,79) size 0x0
        RenderText {#text} at (0,84) size 66x21
          text run at (0,84) width 66: "Some text"
        RenderBR {BR} at (66,100) size 0x0
        RenderText {#text} at (0,105) size 92x21
          text run at (0,105) width 92: "This is a para"
        RenderInline {SPAN} at (0,0) size 8x21 [color=#FF0000]
          RenderText {#text} at (92,105) size 8x21
            text run at (92,105) width 8: "g"
        RenderText {#text} at (100,105) size 37x21
          text run at (100,105) width 37: "raph."
selection start: position 11 of child 0 {#text} of child 5 {DIV} of body
selection end:   position 4 of child 14 {#text} of child 5 {DIV} of body
