layer at (0,0) size 800x600
  RenderView at (0,0) size 800x600
layer at (0,0) size 800x600
  RenderBlock {HTML} at (0,0) size 800x600
    RenderBody {BODY} at (8,8) size 784x578
      RenderBlock {P} at (0,0) size 784x48
        RenderText {#text} at (0,0) size 768x48
          text run at (0,0) width 556: "In this test, you should see three blocks that are centered horizontally within a black box. "
          text run at (556,0) width 208: "They should be stacked vertically"
          text run at (0,16) width 295: "with the green box in between two olive boxes. "
          text run at (295,16) width 473: "The olive boxes and the green box should be 100x100, and there should be"
          text run at (0,32) width 323: "50 pixels of padding on either side of the box stack."
layer at (8,70) size 240x340
  RenderBlock (positioned) {DIV} at (8,70) size 240x340 [border: (20px solid #000000)]
    RenderBlock {DIV} at (70,70) size 100x0
layer at (78,190) size 100x100
  RenderBlock (positioned) {SPAN} at (70,120) size 100x100 [bgcolor=#008000]
layer at (78,90) size 100x100
  RenderBlock (positioned) {DIV} at (70,20) size 100x100 [bgcolor=#808000]
layer at (78,290) size 100x100
  RenderBlock (positioned) {DIV} at (70,220) size 100x100 [bgcolor=#808000]
