layer at (0,0) size 800x1590
  RenderView at (0,0) size 800x600
layer at (0,0) size 800x600
  RenderBlock {HTML} at (0,0) size 800x600
    RenderBody {BODY} at (8,8) size 784x584
layer at (8,8) size 209x1582
  RenderBlock (positioned) {DIV} at (8,8) size 209x1582
    RenderBlock {P} at (0,72) size 209x79
      RenderInline {A} at (0,0) size 169x74 [color=#0000EE]
        RenderText {#text} at (0,2) size 169x74
          text run at (0,2) width 169: "link 1"
    RenderBlock {P} at (0,223) size 209x79
      RenderInline {A} at (0,0) size 169x74 [color=#0000EE]
        RenderText {#text} at (0,2) size 169x74
          text run at (0,2) width 169: "link 2"
    RenderBlock {P} at (0,374) size 209x79
      RenderInline {A} at (0,0) size 169x74 [color=#0000EE]
        RenderText {#text} at (0,2) size 169x74
          text run at (0,2) width 169: "link 3"
    RenderBlock {P} at (0,525) size 209x79
      RenderInline {A} at (0,0) size 169x74 [color=#0000EE]
        RenderText {#text} at (0,2) size 169x74
          text run at (0,2) width 169: "link 4"
    RenderBlock {P} at (0,676) size 209x79
      RenderInline {A} at (0,0) size 169x74 [color=#0000EE]
        RenderText {#text} at (0,2) size 169x74
          text run at (0,2) width 169: "link 5"
    RenderBlock {P} at (0,827) size 209x79
      RenderInline {A} at (0,0) size 169x74 [color=#0000EE]
        RenderText {#text} at (0,2) size 169x74
          text run at (0,2) width 169: "link 6"
    RenderBlock {P} at (0,978) size 209x79
      RenderInline {A} at (0,0) size 169x74 [color=#0000EE]
        RenderText {#text} at (0,2) size 169x74
          text run at (0,2) width 169: "link 7"
    RenderBlock {P} at (0,1129) size 209x79
      RenderInline {A} at (0,0) size 169x74 [color=#0000EE]
        RenderText {#text} at (0,2) size 169x74
          text run at (0,2) width 169: "link 8"
    RenderBlock {P} at (0,1280) size 209x79
      RenderInline {A} at (0,0) size 169x74 [color=#0000EE]
        RenderText {#text} at (0,2) size 169x74
          text run at (0,2) width 169: "link 9"
    RenderBlock {P} at (0,1431) size 209x79
      RenderInline {A} at (0,0) size 209x74 [color=#0000EE]
        RenderText {#text} at (0,2) size 209x74
          text run at (0,2) width 209: "link 10"
