layer at (0,0) size 800x778
  RenderView at (0,0) size 800x600
layer at (0,0) size 800x778
  RenderBlock {HTML} at (0,0) size 800x778
    RenderBody {BODY} at (8,8) size 784x762
      RenderBlock {P} at (0,0) size 784x38
        RenderText {#text} at (0,0) size 451x19
          text run at (0,0) width 451: "This tests that bidirectional text is correctly rendered in list box controls."
        RenderBR {BR} at (451,14) size 0x0
        RenderText {#text} at (0,19) size 570x19
          text run at (0,19) width 570: "The order of the text below each list box should match the order of the select's option text."
      RenderBlock (anonymous) at (0,52) size 784x104
        RenderText {#text} at (0,0) size 263x19
          text run at (0,0) width 263: "1) direction: rtl; -webkit-rtl-ordering: visual"
        RenderBR {BR} at (263,14) size 0x0
        RenderListBox {SELECT} at (2,21) size 102x81 [bgcolor=#FFFFFF] [border: (1px inset #808080)]
        RenderBR {BR} at (106,97) size 0x0
      RenderBlock {DIV} at (0,156) size 100x19
        RenderText {#text} at (-21,0) size 121x19
          text run at (-21,0) width 23 LTR override: "abc"
          text run at (2,0) width 98 LTR override: "\x{5D0}\x{5E4}\x{5E8}\x{5E1}\x{5DE}\x{5D5}\x{5DF}"
      RenderBlock (anonymous) at (0,175) size 784x123
        RenderBR {BR} at (0,0) size 0x19
        RenderText {#text} at (0,19) size 267x19
          text run at (0,19) width 267: "2) direction: rtl; -webkit-rtl-ordering: logical"
        RenderBR {BR} at (267,33) size 0x0
        RenderListBox {SELECT} at (2,40) size 102x81 [bgcolor=#FFFFFF] [border: (1px inset #808080)]
        RenderBR {BR} at (106,116) size 0x0
      RenderBlock {DIV} at (0,298) size 100x19
        RenderText {#text} at (-21,0) size 121x19
          text run at (-21,0) width 98 RTL: "\x{5D0}\x{5E4}\x{5E8}\x{5E1}\x{5DE}\x{5D5}\x{5DF}"
          text run at (77,0) width 23: "abc"
      RenderBlock (anonymous) at (0,317) size 784x123
        RenderBR {BR} at (0,0) size 0x19
        RenderText {#text} at (0,19) size 263x19
          text run at (0,19) width 263: "3) direction: ltr; -webkit-rtl-ordering: visual"
        RenderBR {BR} at (263,33) size 0x0
        RenderListBox {SELECT} at (2,40) size 102x81 [bgcolor=#FFFFFF] [border: (1px inset #808080)]
        RenderBR {BR} at (106,116) size 0x0
      RenderBlock {DIV} at (0,440) size 100x19
        RenderText {#text} at (0,0) size 121x19
          text run at (0,0) width 23 LTR override: "abc"
          text run at (23,0) width 98 LTR override: "\x{5D0}\x{5E4}\x{5E8}\x{5E1}\x{5DE}\x{5D5}\x{5DF}"
      RenderBlock (anonymous) at (0,459) size 784x123
        RenderBR {BR} at (0,0) size 0x19
        RenderText {#text} at (0,19) size 267x19
          text run at (0,19) width 267: "4) direction: ltr; -webkit-rtl-ordering: logical"
        RenderBR {BR} at (267,33) size 0x0
        RenderListBox {SELECT} at (2,40) size 102x81 [bgcolor=#FFFFFF] [border: (1px inset #808080)]
        RenderBR {BR} at (106,116) size 0x0
      RenderBlock {DIV} at (0,582) size 100x19
        RenderText {#text} at (0,0) size 121x19
          text run at (0,0) width 23: "abc"
          text run at (23,0) width 98 RTL: "\x{5D0}\x{5E4}\x{5E8}\x{5E1}\x{5DE}\x{5D5}\x{5DF}"
      RenderBlock (anonymous) at (0,601) size 784x123
        RenderBR {BR} at (0,0) size 0x19
        RenderText {#text} at (0,19) size 68x19
          text run at (0,19) width 68: "5) No style"
        RenderBR {BR} at (68,33) size 0x0
        RenderListBox {SELECT} at (2,40) size 102x81 [bgcolor=#FFFFFF] [border: (1px inset #808080)]
        RenderBR {BR} at (106,116) size 0x0
      RenderBlock {DIV} at (0,724) size 100x19
        RenderText {#text} at (0,0) size 121x19
          text run at (0,0) width 23: "abc"
          text run at (23,0) width 98 RTL: "\x{5D0}\x{5E4}\x{5E8}\x{5E1}\x{5DE}\x{5D5}\x{5DF}"
      RenderBlock (anonymous) at (0,743) size 784x19
        RenderBR {BR} at (0,0) size 0x19
