layer at (0,0) size 800x600
  RenderView at (0,0) size 800x600
layer at (0,0) size 800x94
  RenderBlock {HTML} at (0,0) size 800x94
    RenderBody {BODY} at (8,16) size 784x70
      RenderBlock {P} at (0,0) size 784x18
        RenderText {#text} at (0,0) size 279x18
          text run at (0,0) width 279: "The following two lines should be the same:"
      RenderBlock {DIV} at (0,34) size 784x18
        RenderInline {SPAN} at (0,0) size 13x18
          RenderInline (generated) at (0,0) size 13x18
            RenderCounter at (0,0) size 8x18
              text run at (0,0) width 8: "1"
            RenderText at (8,0) size 5x18
              text run at (8,0) width 5: "-"
        RenderInline {SPAN} at (0,0) size 50x18
          RenderInline {SPAN} at (0,0) size 50x18
            RenderInline {SPAN} at (0,0) size 25x18
              RenderInline (generated) at (0,0) size 25x18
                RenderCounter at (13,0) size 20x18
                  text run at (13,0) width 20: "1.1"
                RenderText at (33,0) size 5x18
                  text run at (33,0) width 5: "-"
            RenderInline {SPAN} at (0,0) size 25x18
              RenderInline (generated) at (0,0) size 25x18
                RenderCounter at (38,0) size 20x18
                  text run at (38,0) width 20: "1.2"
                RenderText at (58,0) size 5x18
                  text run at (58,0) width 5: "-"
        RenderInline {SPAN} at (0,0) size 13x18
          RenderInline (generated) at (0,0) size 13x18
            RenderCounter at (63,0) size 8x18
              text run at (63,0) width 8: "1"
            RenderText at (71,0) size 5x18
              text run at (71,0) width 5: "-"
        RenderInline {SPAN} at (0,0) size 13x18
          RenderInline (generated) at (0,0) size 13x18
            RenderCounter at (76,0) size 8x18
              text run at (76,0) width 8: "2"
            RenderText at (84,0) size 5x18
              text run at (84,0) width 5: "-"
      RenderBlock {DIV} at (0,52) size 784x18
        RenderText {#text} at (0,0) size 76x18
          text run at (0,0) width 76: "0.1-0.2-1-2-"
