layer at (0,0) size 784x722
  RenderView at (0,0) size 784x600
layer at (0,0) size 784x722
  RenderBlock {HTML} at (0,0) size 784x722
    RenderBody {BODY} at (8,8) size 768x706
      RenderBlock (anonymous) at (0,0) size 768x22
        RenderText {#text} at (0,0) size 311x22
          text run at (0,0) width 311: "border=\"0\" cellspacing=\"0\" cellpadding=\"0\""
      RenderTable {TABLE} at (0,22) size 768x52 [bgcolor=#DDDD33]
        RenderTableSection {TBODY} at (0,0) size 768x52
          RenderTableRow {TR} at (0,0) size 768x52
            RenderTableCell {TD} at (0,26) size 12x0 [r=0 c=0 rs=1 cs=1]
            RenderTableCell {TD} at (12,0) size 744x52 [r=0 c=1 rs=1 cs=1]
            RenderTableCell {TD} at (756,26) size 12x0 [r=0 c=2 rs=1 cs=1]
      RenderBlock (anonymous) at (0,74) size 768x22
        RenderText {#text} at (0,0) size 225x22
          text run at (0,0) width 225: "cellspacing=\"0\" cellpadding=\"0\""
      RenderTable {TABLE} at (0,96) size 768x52 [bgcolor=#CCCCFF]
        RenderTableSection {TBODY} at (0,0) size 768x52
          RenderTableRow {TR} at (0,0) size 768x52
            RenderTableCell {TD} at (0,26) size 12x0 [r=0 c=0 rs=1 cs=1]
            RenderTableCell {TD} at (12,0) size 744x52 [r=0 c=1 rs=1 cs=1]
            RenderTableCell {TD} at (756,26) size 12x0 [r=0 c=2 rs=1 cs=1]
      RenderBlock (anonymous) at (0,148) size 768x22
        RenderText {#text} at (0,0) size 113x22
          text run at (0,0) width 113: "cellpadding=\"0\""
      RenderTable {TABLE} at (0,170) size 768x56 [bgcolor=#FF9999]
        RenderTableSection {TBODY} at (0,0) size 768x56
          RenderTableRow {TR} at (0,2) size 768x52
            RenderTableCell {TD} at (2,28) size 12x0 [r=0 c=0 rs=1 cs=1]
            RenderTableCell {TD} at (16,2) size 736x52 [r=0 c=1 rs=1 cs=1]
            RenderTableCell {TD} at (754,28) size 12x0 [r=0 c=2 rs=1 cs=1]
      RenderBlock (anonymous) at (0,226) size 768x22
        RenderText {#text} at (0,0) size 199x22
          text run at (0,0) width 199: "border=\"0\" cellpadding=\"0\""
      RenderTable {TABLE} at (0,248) size 768x56 [bgcolor=#AAEEBB]
        RenderTableSection {TBODY} at (0,0) size 768x56
          RenderTableRow {TR} at (0,2) size 768x52
            RenderTableCell {TD} at (2,28) size 12x0 [r=0 c=0 rs=1 cs=1]
            RenderTableCell {TD} at (16,2) size 736x52 [r=0 c=1 rs=1 cs=1]
            RenderTableCell {TD} at (754,28) size 12x0 [r=0 c=2 rs=1 cs=1]
      RenderBlock (anonymous) at (0,304) size 768x22
        RenderInline {FONT} at (0,0) size 33x22 [color=#0000FF]
          RenderText {#text} at (0,0) size 33x22
            text run at (0,0) width 33: "right"
        RenderText {#text} at (33,0) size 86x22
          text run at (33,0) width 86: " border=\"0\""
      RenderTable {TABLE} at (0,326) size 768x58 [bgcolor=#FFCCEE]
        RenderTableSection {TBODY} at (0,0) size 768x58
          RenderTableRow {TR} at (0,2) size 768x54
            RenderTableCell {TD} at (2,28) size 14x2 [r=0 c=0 rs=1 cs=1]
            RenderTableCell {TD} at (18,2) size 732x54 [r=0 c=1 rs=1 cs=1]
            RenderTableCell {TD} at (752,28) size 14x2 [r=0 c=2 rs=1 cs=1]
      RenderBlock (anonymous) at (0,384) size 768x22
        RenderInline {FONT} at (0,0) size 33x22 [color=#0000FF]
          RenderText {#text} at (0,0) size 33x22
            text run at (0,0) width 33: "right"
        RenderText {#text} at (33,0) size 117x22
          text run at (33,0) width 117: " cellpadding=\"1\""
      RenderTable {TABLE} at (0,406) size 768x58 [bgcolor=#66DDFF]
        RenderTableSection {TBODY} at (0,0) size 768x58
          RenderTableRow {TR} at (0,2) size 768x54
            RenderTableCell {TD} at (2,28) size 14x2 [r=0 c=0 rs=1 cs=1]
            RenderTableCell {TD} at (18,2) size 732x54 [r=0 c=1 rs=1 cs=1]
            RenderTableCell {TD} at (752,28) size 14x2 [r=0 c=2 rs=1 cs=1]
      RenderBlock (anonymous) at (0,464) size 768x22
        RenderInline {FONT} at (0,0) size 33x22 [color=#0000FF]
          RenderText {#text} at (0,0) size 33x22
            text run at (0,0) width 33: "right"
        RenderText {#text} at (33,0) size 315x22
          text run at (33,0) width 315: " border=\"1\" cellspacing=\"0\" cellpadding=\"0\""
      RenderTable {TABLE} at (0,486) size 768x56 [bgcolor=#EEEEEE] [border: (1px outset #808080)]
        RenderTableSection {TBODY} at (1,1) size 766x54
          RenderTableRow {TR} at (0,0) size 766x54
            RenderTableCell {TD} at (0,26) size 14x2 [border: (1px inset #808080)] [r=0 c=0 rs=1 cs=1]
            RenderTableCell {TD} at (14,0) size 738x54 [border: (1px inset #808080)] [r=0 c=1 rs=1 cs=1]
            RenderTableCell {TD} at (752,26) size 14x2 [border: (1px inset #808080)] [r=0 c=2 rs=1 cs=1]
      RenderBlock (anonymous) at (0,542) size 768x22
        RenderInline {FONT} at (0,0) size 33x22 [color=#0000FF]
          RenderText {#text} at (0,0) size 33x22
            text run at (0,0) width 33: "right"
        RenderText {#text} at (33,0) size 198x22
          text run at (33,0) width 198: " border=\"1\" cellspacing=\"0\""
      RenderTable {TABLE} at (0,564) size 768x58 [bgcolor=#FFCC66] [border: (1px outset #808080)]
        RenderTableSection {TBODY} at (1,1) size 766x56
          RenderTableRow {TR} at (0,0) size 766x56
            RenderTableCell {TD} at (0,26) size 16x4 [border: (1px inset #808080)] [r=0 c=0 rs=1 cs=1]
            RenderTableCell {TD} at (16,0) size 734x56 [border: (1px inset #808080)] [r=0 c=1 rs=1 cs=1]
            RenderTableCell {TD} at (750,26) size 16x4 [border: (1px inset #808080)] [r=0 c=2 rs=1 cs=1]
      RenderBlock (anonymous) at (0,622) size 768x22
        RenderInline {FONT} at (0,0) size 33x22 [color=#0000FF]
          RenderText {#text} at (0,0) size 33x22
            text run at (0,0) width 33: "right"
        RenderText {#text} at (33,0) size 86x22
          text run at (33,0) width 86: " border=\"1\""
      RenderTable {TABLE} at (0,644) size 768x62 [bgcolor=#CCFF33] [border: (1px outset #808080)]
        RenderTableSection {TBODY} at (1,1) size 766x60
          RenderTableRow {TR} at (0,2) size 766x56
            RenderTableCell {TD} at (2,28) size 16x4 [border: (1px inset #808080)] [r=0 c=0 rs=1 cs=1]
            RenderTableCell {TD} at (20,2) size 726x56 [border: (1px inset #808080)] [r=0 c=1 rs=1 cs=1]
            RenderTableCell {TD} at (748,28) size 16x4 [border: (1px inset #808080)] [r=0 c=2 rs=1 cs=1]
layer at (20,32) size 744x48
  RenderTextControl {TEXTAREA} at (0,2) size 744x48
    RenderBlock {DIV} at (2,2) size 740x22
      RenderText {#text} at (0,0) size 23x22
        text run at (0,0) width 23: "test"
layer at (20,106) size 744x48
  RenderTextControl {TEXTAREA} at (0,2) size 744x48
    RenderBlock {DIV} at (2,2) size 740x22
      RenderText {#text} at (0,0) size 23x22
        text run at (0,0) width 23: "test"
layer at (24,182) size 736x48
  RenderTextControl {TEXTAREA} at (0,2) size 736x48
    RenderBlock {DIV} at (2,2) size 732x22
      RenderText {#text} at (0,0) size 23x22
        text run at (0,0) width 23: "test"
layer at (24,260) size 736x48
  RenderTextControl {TEXTAREA} at (0,2) size 736x48
    RenderBlock {DIV} at (2,2) size 732x22
      RenderText {#text} at (0,0) size 23x22
        text run at (0,0) width 23: "test"
layer at (27,339) size 730x48
  RenderTextControl {TEXTAREA} at (1,3) size 730x48
    RenderBlock {DIV} at (2,2) size 726x22
      RenderText {#text} at (0,0) size 23x22
        text run at (0,0) width 23: "test"
layer at (27,419) size 730x48
  RenderTextControl {TEXTAREA} at (1,3) size 730x48
    RenderBlock {DIV} at (2,2) size 726x22
      RenderText {#text} at (0,0) size 23x22
        text run at (0,0) width 23: "test"
layer at (24,498) size 736x48
  RenderTextControl {TEXTAREA} at (1,3) size 736x48
    RenderBlock {DIV} at (2,2) size 732x22
      RenderText {#text} at (0,0) size 23x22
        text run at (0,0) width 23: "test"
layer at (27,577) size 730x48
  RenderTextControl {TEXTAREA} at (2,4) size 730x48
    RenderBlock {DIV} at (2,2) size 726x22
      RenderText {#text} at (0,0) size 23x22
        text run at (0,0) width 23: "test"
layer at (31,659) size 722x48
  RenderTextControl {TEXTAREA} at (2,4) size 722x48
    RenderBlock {DIV} at (2,2) size 718x22
      RenderText {#text} at (0,0) size 23x22
        text run at (0,0) width 23: "test"
