layer at (0,0) size 784x1576
  RenderView at (0,0) size 784x600
layer at (0,0) size 784x1576
  RenderBlock {HTML} at (0,0) size 784x1576
    RenderBody {BODY} at (8,8) size 768x1560
      RenderTable {TABLE} at (0,0) size 768x74 [border: (1px solid #000000)]
        RenderTableSection {TBODY} at (1,1) size 766x72
          RenderTableRow {TR} at (0,2) size 766x68
            RenderTableCell {TD} at (2,2) size 444x68 [border: (1px solid #000000)] [r=0 c=0 rs=1 cs=1]
              RenderImage {IMG} at (2,2) size 88x64
              RenderImage {IMG} at (90,2) size 88x64
              RenderImage {IMG} at (178,2) size 88x64
              RenderImage {IMG} at (266,2) size 88x64
              RenderImage {IMG} at (354,2) size 88x64
            RenderTableCell {TD} at (448,23) size 316x25 [border: (1px solid #000000)] [r=0 c=1 rs=1 cs=1]
              RenderText {#text} at (2,2) size 165x21
                text run at (2,2) width 165: "Nothing between images"
      RenderTable {TABLE} at (0,74) size 768x330 [border: (1px solid #000000)]
        RenderTableSection {TBODY} at (1,1) size 766x328
          RenderTableRow {TR} at (0,2) size 766x324
            RenderTableCell {TD} at (2,2) size 92x324 [border: (1px solid #000000)] [r=0 c=0 rs=1 cs=1]
              RenderImage {IMG} at (2,2) size 88x64
              RenderText {#text} at (0,0) size 0x0
              RenderImage {IMG} at (2,66) size 88x64
              RenderText {#text} at (0,0) size 0x0
              RenderImage {IMG} at (2,130) size 88x64
              RenderText {#text} at (0,0) size 0x0
              RenderImage {IMG} at (2,194) size 88x64
              RenderText {#text} at (0,0) size 0x0
              RenderImage {IMG} at (2,258) size 88x64
            RenderTableCell {TD} at (96,151) size 668x25 [border: (1px solid #000000)] [r=0 c=1 rs=1 cs=1]
              RenderText {#text} at (2,2) size 156x21
                text run at (2,2) width 156: "Spaces between images"
      RenderTable {TABLE} at (0,404) size 768x330 [border: (1px solid #000000)]
        RenderTableSection {TBODY} at (1,1) size 766x328
          RenderTableRow {TR} at (0,2) size 766x324
            RenderTableCell {TD} at (2,2) size 92x324 [border: (1px solid #000000)] [r=0 c=0 rs=1 cs=1]
              RenderImage {IMG} at (2,2) size 88x64
              RenderText {#text} at (0,0) size 0x0
              RenderImage {IMG} at (2,66) size 88x64
              RenderText {#text} at (0,0) size 0x0
              RenderImage {IMG} at (2,130) size 88x64
              RenderText {#text} at (0,0) size 0x0
              RenderImage {IMG} at (2,194) size 88x64
              RenderText {#text} at (0,0) size 0x0
              RenderImage {IMG} at (2,258) size 88x64
            RenderTableCell {TD} at (96,151) size 668x25 [border: (1px solid #000000)] [r=0 c=1 rs=1 cs=1]
              RenderText {#text} at (2,2) size 171x21
                text run at (2,2) width 171: "Newlines between images"
      RenderTable {TABLE} at (0,734) size 768x79 [border: (1px solid #000000)]
        RenderTableSection {TBODY} at (1,1) size 766x77
          RenderTableRow {TR} at (0,2) size 766x73
            RenderTableCell {TD} at (2,2) size 607x73 [border: (1px solid #000000)] [r=0 c=0 rs=1 cs=1]
              RenderText {#text} at (2,50) size 28x21
                text run at (2,50) width 28: "One"
              RenderImage {IMG} at (30,2) size 88x64
              RenderText {#text} at (118,50) size 31x21
                text run at (118,50) width 31: "Two"
              RenderImage {IMG} at (149,2) size 88x64
              RenderText {#text} at (237,50) size 41x21
                text run at (237,50) width 41: "Three"
              RenderImage {IMG} at (278,2) size 88x64
              RenderText {#text} at (366,50) size 34x21
                text run at (366,50) width 34: "Four"
              RenderImage {IMG} at (400,2) size 88x64
              RenderText {#text} at (488,50) size 29x21
                text run at (488,50) width 29: "Five"
              RenderImage {IMG} at (517,2) size 88x64
            RenderTableCell {TD} at (611,26) size 153x25 [border: (1px solid #000000)] [r=0 c=1 rs=1 cs=1]
              RenderText {#text} at (2,2) size 141x21
                text run at (2,2) width 141: "Text between images"
      RenderTable {TABLE} at (0,813) size 768x371 [border: (1px solid #000000)]
        RenderTableSection {TBODY} at (1,1) size 766x369
          RenderTableRow {TR} at (0,2) size 766x365
            RenderTableCell {TD} at (2,2) size 133x365 [border: (1px solid #000000)] [r=0 c=0 rs=1 cs=1]
              RenderText {#text} at (2,2) size 28x21
                text run at (2,2) width 28: "One"
              RenderImage {IMG} at (2,23) size 88x64
              RenderText {#text} at (90,71) size 31x21
                text run at (90,71) width 31: "Two"
              RenderImage {IMG} at (2,92) size 88x64
              RenderText {#text} at (90,140) size 41x21
                text run at (90,140) width 41: "Three"
              RenderImage {IMG} at (2,161) size 88x64
              RenderText {#text} at (90,209) size 34x21
                text run at (90,209) width 34: "Four"
              RenderImage {IMG} at (2,230) size 88x64
              RenderText {#text} at (90,278) size 29x21
                text run at (90,278) width 29: "Five"
              RenderImage {IMG} at (2,299) size 88x64
            RenderTableCell {TD} at (137,172) size 627x25 [border: (1px solid #000000)] [r=0 c=1 rs=1 cs=1]
              RenderText {#text} at (2,2) size 222x21
                text run at (2,2) width 222: "Text with spaces between images"
      RenderTable {TABLE} at (0,1184) size 768x376 [border: (1px solid #000000)]
        RenderTableSection {TBODY} at (1,1) size 766x374
          RenderTableRow {TR} at (0,2) size 766x370
            RenderTableCell {TD} at (2,2) size 142x370 [border: (1px solid #000000)] [r=0 c=0 rs=1 cs=1]
              RenderText {#text} at (2,2) size 28x90
                text run at (2,2) width 28: "One"
                text run at (2,71) width 12: "A"
              RenderImage {IMG} at (14,23) size 88x64
              RenderText {#text} at (102,71) size 131x90
                text run at (102,71) width 31: "Two"
                text run at (2,140) width 9: "b"
              RenderImage {IMG} at (11,92) size 88x64
              RenderText {#text} at (99,140) size 138x90
                text run at (99,140) width 41: "Three"
                text run at (2,209) width 7: "c"
              RenderImage {IMG} at (9,161) size 88x64
              RenderText {#text} at (97,209) size 129x90
                text run at (97,209) width 34: "Four"
                text run at (2,278) width 9: "d"
              RenderImage {IMG} at (11,230) size 88x64
              RenderText {#text} at (99,278) size 126x90
                text run at (99,278) width 29: "Five"
                text run at (2,347) width 7: "e"
              RenderImage {IMG} at (9,299) size 88x64
            RenderTableCell {TD} at (146,174) size 618x25 [border: (1px solid #000000)] [r=0 c=1 rs=1 cs=1]
              RenderText {#text} at (2,2) size 320x21
                text run at (2,2) width 320: "Text with spaces and more text between images"
