layer at (0,0) size 800x600
  RenderView at (0,0) size 800x600
layer at (0,0) size 800x600
  RenderBlock {HTML} at (0,0) size 800x600
    RenderBody {BODY} at (8,8) size 784x584
      RenderBlock (anonymous) at (0,0) size 784x42
        RenderText {#text} at (0,0) size 278x21
          text run at (0,0) width 278: "Tables: both lines should be 1 pixel thick."
        RenderBR {BR} at (278,16) size 0x0
        RenderBR {BR} at (0,21) size 0x21
      RenderTable {TABLE} at (0,42) size 37x5
        RenderTableSection {TBODY} at (0,0) size 37x5
          RenderTableRow {TR} at (0,2) size 37x1
            RenderTableCell {TD} at (2,2) size 31x1 [bgcolor=#FF0000] [r=0 c=0 rs=1 cs=1]
              RenderImage {IMG} at (0,0) size 30x1
            RenderTableCell {TD} at (35,2) size 0x0 [r=0 c=1 rs=1 cs=1]
      RenderBlock (anonymous) at (0,47) size 784x21
        RenderBR {BR} at (0,0) size 0x21
      RenderTable {TABLE} at (0,68) size 34x5
        RenderTableSection {TBODY} at (0,0) size 34x5
          RenderTableRow {TR} at (0,2) size 34x1
            RenderTableCell {TD} at (2,2) size 30x1 [bgcolor=#FF0000] [r=0 c=0 rs=1 cs=1]
              RenderImage {IMG} at (0,0) size 30x1
      RenderBlock (anonymous) at (0,73) size 784x195
        RenderBR {BR} at (0,0) size 0x21
        RenderBR {BR} at (0,21) size 0x21
        RenderBR {BR} at (0,42) size 0x21
        RenderText {#text} at (0,63) size 418x21
          text run at (0,63) width 236: "2 texts, FACE=\"Arial, Helvetica\", "
          text run at (236,63) width 182: "1st at size=0, 2nd at size=-4"
        RenderBR {BR} at (418,79) size 0x0
        RenderBR {BR} at (0,84) size 0x21
        RenderInline {FONT} at (0,0) size 104x24
          RenderText {#text} at (0,105) size 104x12
            text run at (0,105) width 104: "Detonator 3.53 Drivers"
          RenderBR {BR} at (104,115) size 0x0
          RenderText {#text} at (0,117) size 75x12
            text run at (0,117) width 75: "Available NOW! "
        RenderBR {BR} at (75,127) size 0x0
        RenderBR {BR} at (0,129) size 0x21
        RenderInline {FONT} at (0,0) size 104x24
          RenderText {#text} at (0,150) size 104x12
            text run at (0,150) width 104: "Detonator 3.53 Drivers"
          RenderBR {BR} at (104,160) size 0x0
          RenderText {#text} at (0,162) size 75x12
            text run at (0,162) width 75: "Available NOW! "
        RenderBR {BR} at (75,172) size 0x0
        RenderBR {BR} at (0,174) size 0x21
