layer at (0,0) size 800x600
  RenderView at (0,0) size 800x600
layer at (0,0) size 800x600
  RenderBlock {HTML} at (0,0) size 800x600
    RenderBody {BODY} at (8,8) size 784x584
      RenderBlock {P} at (0,0) size 784x42
        RenderInline {B} at (0,0) size 770x42
          RenderText {#text} at (0,0) size 770x42
            text run at (0,0) width 770: "original page, stripped down to the problem table (pattern: auto width table with first row has specified width and"
            text run at (0,21) width 379: "colspan=2, second row has two specified width columns)"
      RenderTable {TABLE} at (0,58) size 506x226 [border: (1px outset #808080)]
        RenderTableSection {TBODY} at (1,1) size 504x224
          RenderTableRow {TR} at (0,2) size 504x109
            RenderTableCell {TD} at (2,2) size 500x109 [border: (1px inset #808080)] [r=0 c=0 rs=1 cs=2]
              RenderText {#text} at (2,2) size 480x105
                text run at (2,2) width 467: "Cons For Pokemon \"They're Pokemon card sharks out there. This is"
                text run at (2,23) width 480: "worse than the Cabbage Patch Kid craze because now it's the kids who"
                text run at (2,44) width 405: "are actually fighting each other instead of just the parents.\" "
                text run at (407,44) width 75: "-- Children"
                text run at (2,65) width 366: "are doing anything, including breaking the law, to get "
                text run at (368,65) width 86: "their grubby"
                text run at (2,86) width 302: "hands on some trading cards, observe police."
          RenderTableRow {TR} at (0,113) size 504x109
            RenderTableCell {TD} at (2,113) size 272x25 [border: (1px inset #808080)] [r=1 c=0 rs=1 cs=1]
              RenderText {#text} at (2,2) size 43x21
                text run at (2,2) width 43: "ASDF"
            RenderTableCell {TD} at (276,113) size 226x109 [border: (1px inset #808080)] [r=1 c=1 rs=1 cs=1]
              RenderText {#text} at (2,2) size 210x105
                text run at (2,2) width 34: "Sat., "
                text run at (36,2) width 90: "Dec 11, 1999 "
                text run at (126,2) width 74: "Gay Union"
                text run at (2,23) width 210: "Kibosh Hawaii Supreme Court"
                text run at (2,44) width 66: "slams the "
                text run at (68,44) width 117: "door on same-sex"
                text run at (2,65) width 178: "marriages. All eyes look to"
                text run at (2,86) width 65: "Vermont."
      RenderBlock (anonymous) at (0,284) size 784x21
        RenderBR {BR} at (0,0) size 0x21
      RenderBlock {P} at (0,321) size 784x21
        RenderInline {B} at (0,0) size 337x21
          RenderText {#text} at (0,0) size 337x21
            text run at (0,0) width 337: "same table, but less content (text) in the first cell ..."
      RenderTable {TABLE} at (0,358) size 506x142 [border: (1px outset #808080)]
        RenderTableSection {TBODY} at (1,1) size 504x140
          RenderTableRow {TR} at (0,2) size 504x25
            RenderTableCell {TD} at (2,2) size 500x25 [border: (1px inset #808080)] [r=0 c=0 rs=1 cs=2]
              RenderText {#text} at (2,2) size 467x21
                text run at (2,2) width 467: "Cons For Pokemon \"They're Pokemon card sharks out there. This is"
          RenderTableRow {TR} at (0,29) size 504x109
            RenderTableCell {TD} at (2,29) size 272x25 [border: (1px inset #808080)] [r=1 c=0 rs=1 cs=1]
              RenderText {#text} at (2,2) size 43x21
                text run at (2,2) width 43: "ASDF"
            RenderTableCell {TD} at (276,29) size 226x109 [border: (1px inset #808080)] [r=1 c=1 rs=1 cs=1]
              RenderText {#text} at (2,2) size 210x105
                text run at (2,2) width 34: "Sat., "
                text run at (36,2) width 90: "Dec 11, 1999 "
                text run at (126,2) width 74: "Gay Union"
                text run at (2,23) width 210: "Kibosh Hawaii Supreme Court"
                text run at (2,44) width 66: "slams the "
                text run at (68,44) width 117: "door on same-sex"
                text run at (2,65) width 178: "marriages. All eyes look to"
                text run at (2,86) width 65: "Vermont."
