layer at (0,0) size 800x600
  RenderView at (0,0) size 800x600
layer at (0,0) size 800x600
  RenderBlock {HTML} at (0,0) size 800x600
    RenderBody {BODY} at (8,8) size 784x584
      RenderTable {TABLE} at (0,0) size 89x583 [border: (1px outset #808080)]
        RenderTableSection {TBODY} at (1,1) size 87x581
          RenderTableRow {TR} at (0,0) size 87x407
            RenderTableCell {TD} at (0,190) size 87x26 [border: (1px inset #808080)] [r=0 c=0 rs=1 cs=1]
              RenderText {#text} at (2,2) size 83x22
                text run at (2,2) width 83: "height: 70%"
          RenderTableRow {TR} at (0,407) size 87x174
            RenderTableCell {TD} at (0,481) size 87x26 [border: (1px inset #808080)] [r=1 c=0 rs=1 cs=1]
              RenderText {#text} at (2,2) size 83x22
                text run at (2,2) width 83: "height: 30%"
