layer at (0,0) size 808x584
  RenderView at (0,0) size 800x584
layer at (0,0) size 800x584
  RenderBlock {HTML} at (0,0) size 800x584
    RenderBody {BODY} at (8,8) size 784x568
      RenderTable {TABLE} at (0,0) size 800x568 [border: (1px outset #808080)]
        RenderTableSection {TBODY} at (1,1) size 798x566
          RenderTableRow {TR} at (0,2) size 798x562
            RenderTableCell {TD} at (2,2) size 794x562 [border: (1px inset #808080)] [r=0 c=0 rs=1 cs=1]
              RenderTable {TABLE} at (2,2) size 790x558 [border: (1px outset #808080)]
                RenderTableSection {TBODY} at (1,1) size 788x556
                  RenderTableRow {TR} at (0,2) size 788x552
                    RenderTableCell {TD} at (2,4) size 784x548 [border: (1px inset #808080)] [r=0 c=0 rs=1 cs=1]
                      RenderPartObject {IFRAME} at (2,2) size 790x544 [border: (5px solid #0000FF)]
                        layer at (0,0) size 764x2197
                          RenderView at (0,0) size 764x534
                        layer at (0,0) size 764x2197
                          RenderBlock {HTML} at (0,0) size 764x2197
                            RenderBody {BODY} at (0,0) size 764x2197 [bgcolor=#53799F]
                              RenderBlock {CENTER} at (0,0) size 764x2197
                                RenderBlock (anonymous) at (0,0) size 764x21
                                  RenderBR {BR} at (382,0) size 0x21
                                RenderTable {TABLE} at (19,21) size 725x2155 [border: (1px solid #000000)]
                                  RenderTableSection {TBODY} at (1,1) size 723x2153
                                    RenderTableRow {TR} at (0,0) size 723x23
                                      RenderTableCell {TD} at (0,0) size 723x23 [bgcolor=#3F5694] [border: (1px solid #000000)] [r=0 c=0 rs=1 cs=1]
                                        RenderText {#text} at (343,1) size 37x21
                                          text run at (343,1) width 37: "News"
                                    RenderTableRow {TR} at (0,23) size 723x44
                                      RenderTableCell {TD} at (0,23) size 723x44 [border: (1px solid #000000)] [r=1 c=0 rs=1 cs=1]
                                        RenderInline {B} at (0,0) size 97x21
                                          RenderText {#text} at (313,1) size 97x21
                                            text run at (313,1) width 97: "11. M\x{E4}rz 2002"
                                        RenderBR {BR} at (410,17) size 0x0
                                        RenderText {#text} at (25,22) size 673x21
                                          text run at (25,22) width 525: "nun gibt es auch eine kommerzielle Version vom PopUp-Manager, mehr Info "
                                          text run at (550,22) width 148: "unter komerz. Scripte"
                                    RenderTableRow {TR} at (0,67) size 723x44
                                      RenderTableCell {TD} at (0,67) size 723x44 [border: (1px solid #000000)] [r=2 c=0 rs=1 cs=1]
                                        RenderInline {B} at (0,0) size 93x21
                                          RenderText {#text} at (315,1) size 93x21
                                            text run at (315,1) width 93: "09.M\x{E4}rz 2002"
                                          RenderBR {BR} at (408,17) size 0x0
                                        RenderText {#text} at (142,22) size 439x21
                                          text run at (142,22) width 439: "neues Script ist online, PopUp-Manager, mehr Info unter Scripte"
                                    RenderTableRow {TR} at (0,111) size 723x44
                                      RenderTableCell {TD} at (0,111) size 723x44 [border: (1px solid #000000)] [r=3 c=0 rs=1 cs=1]
                                        RenderText {#text} at (296,1) size 131x21
                                          text run at (296,1) width 131: "17. November 2001"
                                        RenderBR {BR} at (427,17) size 0x0
                                        RenderText {#text} at (273,22) size 177x21
                                          text run at (273,22) width 177: "Endlich wieder Online! :-)"
                                    RenderTableRow {TR} at (0,155) size 723x191
                                      RenderTableCell {TD} at (0,155) size 723x191 [border: (1px solid #000000)] [r=4 c=0 rs=1 cs=1]
                                        RenderText {#text} at (261,1) size 201x21
                                          text run at (261,1) width 201: "23. Oktober 2001 (21:00 Uhr)"
                                        RenderBR {BR} at (461,17) size 1x0
                                        RenderText {#text} at (302,22) size 119x21
                                          text run at (302,22) width 119: "Es ist vollbracht! "
                                        RenderBR {BR} at (420,38) size 1x0
                                        RenderText {#text} at (191,43) size 341x21
                                          text run at (191,43) width 341: "Ich habe nun den .htaccess-BUG bei den Scripten:"
                                        RenderBR {BR} at (532,59) size 0x0
                                        RenderText {#text} at (80,64) size 563x21
                                          text run at (80,64) width 563: "The Real Topsites, Sponsor Manager, Download Manager und Password Manager"
                                        RenderBR {BR} at (643,80) size 0x0
                                        RenderText {#text} at (99,85) size 525x21
                                          text run at (99,85) width 464: "abgeschafft, brauchte 2 Tage daf\x{FC}r, dabei lag der Fehler vor meiner "
                                          text run at (563,85) width 61: "Nase ! :-)"
                                        RenderBR {BR} at (624,101) size 0x0
                                        RenderText {#text} at (15,106) size 721x84
                                          text run at (15,106) width 409: "F\x{FC}r Euch hei\x{DF}t es, wenn Ihr eines der Scripte benutzt, ladet "
                                          text run at (423,106) width 285: "Euch die admin.cgi runter und vereinbart"
                                          text run at (1,127) width 214: "unbedingt ein neues Password! "
                                          text run at (215,127) width 485: "Au\x{DF}erdem wurde bei der Toplist die Sache mit dem Button Load/Klick "
                                          text run at (700,127) width 22: "um"
                                          text run at (2,148) width 482: "programmiert, f\x{FC}r die Leute die den Button Load/Klick Modus haben, "
                                          text run at (483,148) width 238: "Ihr m\x{FC}st Euch auch die topsites.cgi"
                                          text run at (70,169) width 242: "laden und im Admin Bereich unter "
                                          text run at (311,169) width 342: "Modus unten die URL zu Eurem Button angeben!"
                                    RenderTableRow {TR} at (0,346) size 723x44
                                      RenderTableCell {TD} at (0,346) size 723x44 [border: (1px solid #000000)] [r=5 c=0 rs=1 cs=1]
                                        RenderText {#text} at (303,1) size 117x21
                                          text run at (303,1) width 117: "22. Oktober 2001"
                                        RenderBR {BR} at (420,17) size 0x0
                                        RenderText {#text} at (107,22) size 509x21
                                          text run at (107,22) width 459: "Download-Bereich ist vorrerst geschlo\x{DF}en, kommen Sie bitte sp\x{E4}ter "
                                          text run at (565,22) width 51: "wieder."
                                    RenderTableRow {TR} at (0,390) size 723x65
                                      RenderTableCell {TD} at (0,390) size 723x65 [border: (1px solid #000000)] [r=6 c=0 rs=1 cs=1]
                                        RenderText {#text} at (261,1) size 201x21
                                          text run at (261,1) width 201: "21. Oktober 2001 (22:45 Uhr)"
                                        RenderBR {BR} at (461,17) size 1x0
                                        RenderText {#text} at (10,22) size 719x42
                                          text run at (10,22) width 445: "OK, sorry f\x{FC}r die Unannehmlichkeiten, aber Ihr m\x{FC}sst Euch nun "
                                          text run at (455,22) width 258: "noch mal die Scripte runter laden und"
                                          text run at (2,43) width 248: "die admin.cgi erneuern, hier kommt "
                                          text run at (249,43) width 472: "noch das Password-Manager-Script dazu, sollte jetzt alles sicher sein! "
                                        RenderBR {BR} at (0,0) size 0x0
                                    RenderTableRow {TR} at (0,455) size 723x149
                                      RenderTableCell {TD} at (0,455) size 723x149 [border: (1px solid #000000)] [r=7 c=0 rs=1 cs=1]
                                        RenderText {#text} at (261,1) size 201x21
                                          text run at (261,1) width 201: "21. Oktober 2001 (20:50 Uhr)"
                                        RenderBR {BR} at (461,17) size 1x0
                                        RenderText {#text} at (157,22) size 409x21
                                          text run at (157,22) width 409: "An alle Leute die follgende Scripte von G5-Scripts benutzen:"
                                        RenderBR {BR} at (565,38) size 1x0
                                        RenderText {#text} at (166,43) size 391x21
                                          text run at (166,43) width 391: "The Real Topsites, Download Counter, Sponsor Manager"
                                        RenderBR {BR} at (557,59) size 0x0
                                        RenderText {#text} at (18,64) size 687x42
                                          text run at (18,64) width 505: "bitte noch ein mal runter laden und die admin.cgi erneuern, beim Sponsor "
                                          text run at (523,64) width 182: "Manager kommt noch eine"
                                          text run at (343,85) width 37: "Datei"
                                        RenderBR {BR} at (379,101) size 1x0
                                        RenderText {#text} at (298,106) size 127x21
                                          text run at (298,106) width 127: "'variable.pl' dazu!!"
                                        RenderBR {BR} at (425,122) size 0x0
                                        RenderText {#text} at (53,127) size 617x21
                                          text run at (53,127) width 508: "Der Grund : man hat festgestellt das .htaccess Password Schutz doch nicht "
                                          text run at (560,127) width 110: "das sicherste ist!"
                                    RenderTableRow {TR} at (0,604) size 723x228
                                      RenderTableCell {TD} at (0,604) size 723x228 [border: (1px solid #000000)] [r=8 c=0 rs=1 cs=1]
                                        RenderBlock {P} at (1,1) size 721x168
                                          RenderText {#text} at (302,0) size 117x21
                                            text run at (302,0) width 117: "13. Oktober 2001"
                                          RenderBR {BR} at (419,16) size 0x0
                                          RenderText {#text} at (59,21) size 603x21
                                            text run at (59,21) width 519: "Ich habe es nun endlich geschafft das Gateway bei der Toplist mit IP-Sperre "
                                            text run at (577,21) width 85: "zu versehen,"
                                          RenderBR {BR} at (661,37) size 1x0
                                          RenderText {#text} at (20,42) size 681x42
                                            text run at (20,42) width 478: "dabei war der Fehler den ich vorher nicht verstand eine simple Sache, "
                                            text run at (497,42) width 204: "h\x{E4}tte ich doch ein wenig mehr"
                                            text run at (315,63) width 91: "nachgedacht!"
                                          RenderBR {BR} at (406,79) size 0x0
                                          RenderText {#text} at (11,84) size 715x84
                                            text run at (11,84) width 460: "Des weiteren habe ich noch die Datensicherung umgeschrieben, f\x{FC}r "
                                            text run at (470,84) width 240: "alle die Listen deren Hits ab und zu"
                                            text run at (9,105) width 214: "mal auf 0 gesetzt werden, sollte "
                                            text run at (222,105) width 490: "jetzt nicht mehr passieren und ich habe noch den Mail Versand aus dem"
                                            text run at (3,126) width 490: "Admin-Bereich umgeschrieben und zwar wurde fr\x{FC}her der Text immer "
                                            text run at (492,126) width 226: "zusammen gequetscht, die Enters"
                                            text run at (202,147) width 238: "wurden so zu sagen ignoriert, jetzt "
                                            text run at (439,147) width 80: "nicht mehr!"
                                        RenderBlock {P} at (1,185) size 721x42
                                          RenderText {#text} at (18,0) size 685x42
                                            text run at (18,0) width 399: ">> F\x{FC}r alle die das Script vor dem 11.10.01 runter geladen "
                                            text run at (417,0) width 286: "haben, Ihr solltet es Euch noch mal runter"
                                            text run at (69,21) width 223: "laden und die folgenden Dateien "
                                            text run at (291,21) width 361: "durch die neuen ersetzen: topsites.cgi und admin.cgi ."
                                    RenderTableRow {TR} at (0,832) size 723x44
                                      RenderTableCell {TD} at (0,832) size 723x44 [border: (1px solid #000000)] [r=9 c=0 rs=1 cs=1]
                                        RenderText {#text} at (303,1) size 117x21
                                          text run at (303,1) width 117: "11. Oktober 2001"
                                        RenderBR {BR} at (420,17) size 0x0
                                        RenderText {#text} at (101,22) size 521x21
                                          text run at (101,22) width 521: "neues Script ist online, .htaccess-Password-Manager, mehr Info unter Scripte"
                                    RenderTableRow {TR} at (0,876) size 723x44
                                      RenderTableCell {TD} at (0,876) size 723x44 [border: (1px solid #000000)] [r=10 c=0 rs=1 cs=1]
                                        RenderText {#text} at (295,1) size 133x21
                                          text run at (295,1) width 133: "08. September 2001"
                                        RenderBR {BR} at (428,17) size 0x0
                                        RenderText {#text} at (185,22) size 353x21
                                          text run at (185,22) width 353: "Eine neu Version des Download Counters ist online!"
                                    RenderTableRow {TR} at (0,920) size 723x65
                                      RenderTableCell {TD} at (0,920) size 723x65 [border: (1px solid #000000)] [r=11 c=0 rs=1 cs=1]
                                        RenderText {#text} at (307,1) size 109x21
                                          text run at (307,1) width 109: "11. August 2001"
                                        RenderBR {BR} at (416,17) size 0x0
                                        RenderText {#text} at (4,22) size 715x21
                                          text run at (4,22) width 476: "Ich habe so eben eine random.cgi f\x{FC}r den Topsites Script geschrieben. "
                                          text run at (480,22) width 239: "Die random.cgi f\x{FC}hrt den Besucher"
                                        RenderBR {BR} at (719,38) size 0x0
                                        RenderText {#text} at (245,43) size 233x21
                                          text run at (245,43) width 233: "auf eine zuf\x{E4}llig ausgew\x{E4}hlte Seite."
                                    RenderTableRow {TR} at (0,985) size 723x65
                                      RenderTableCell {TD} at (0,985) size 723x65 [border: (1px solid #000000)] [r=12 c=0 rs=1 cs=1]
                                        RenderText {#text} at (307,1) size 109x21
                                          text run at (307,1) width 109: "08. August 2001"
                                        RenderBR {BR} at (416,17) size 0x0
                                        RenderText {#text} at (73,22) size 577x21
                                          text run at (73,22) width 495: "Ich schreibe gerade eine neue Version von dem Download Counter, bitte "
                                          text run at (568,22) width 82: "schreibt mir"
                                        RenderBR {BR} at (650,38) size 0x0
                                        RenderText {#text} at (169,43) size 385x21
                                          text run at (169,43) width 385: "ins Forum was Ihr da alles haben wollt, wer das benutzt!"
                                    RenderTableRow {TR} at (0,1050) size 723x65
                                      RenderTableCell {TD} at (0,1050) size 723x65 [border: (1px solid #000000)] [r=13 c=0 rs=1 cs=1]
                                        RenderText {#text} at (319,1) size 85x21
                                          text run at (319,1) width 85: "09. Juli 2001"
                                        RenderBR {BR} at (404,17) size 0x0
                                        RenderText {#text} at (13,22) size 697x42
                                          text run at (13,22) width 483: "eine kleiner Bug in der Topsites.cgi wurde behoben! Wer m\x{F6}chte kann "
                                          text run at (495,22) width 215: "sich die jetzige Zip runter laden"
                                          text run at (137,43) width 237: "und die topsites.cgi auktualisieren, "
                                          text run at (373,43) width 213: "mu\x{DF} aber nicht unbedingt sein!"
                                    RenderTableRow {TR} at (0,1115) size 723x65
                                      RenderTableCell {TD} at (0,1115) size 723x65 [border: (1px solid #000000)] [r=14 c=0 rs=1 cs=1]
                                        RenderText {#text} at (319,1) size 85x21
                                          text run at (319,1) width 85: "01. Juli 2001"
                                        RenderBR {BR} at (404,17) size 0x0
                                        RenderText {#text} at (55,22) size 613x21
                                          text run at (55,22) width 546: "Jetzt haben wir einen Support Forum, postet Eure Fragen da rein und versuche "
                                          text run at (601,22) width 67: "Sie alle zu"
                                        RenderBR {BR} at (668,38) size 0x0
                                        RenderText {#text} at (27,43) size 669x21
                                          text run at (27,43) width 430: "beantworten! Au\x{DF}erdem k\x{F6}nnt Ihr dort auch Eure Vorschl\x{E4}ge "
                                          text run at (457,43) width 239: "zu den einzelnen Scripten abgeben!"
                                    RenderTableRow {TR} at (0,1180) size 723x65
                                      RenderTableCell {TD} at (0,1180) size 723x65 [border: (1px solid #000000)] [r=15 c=0 rs=1 cs=1]
                                        RenderText {#text} at (319,1) size 85x21
                                          text run at (319,1) width 85: "01. Juli 2001"
                                        RenderBR {BR} at (404,17) size 0x0
                                        RenderText {#text} at (93,22) size 537x21
                                          text run at (93,22) width 512: "Und wieder eine neue Version von The Real Topsites ist online, die Version "
                                          text run at (605,22) width 25: "3.4!"
                                        RenderBR {BR} at (630,38) size 0x0
                                        RenderText {#text} at (127,43) size 469x21
                                          text run at (127,43) width 469: "Es gibt einige neue Funktionen und es wurde auch einiges verbessert!"
                                    RenderTableRow {TR} at (0,1245) size 723x65
                                      RenderTableCell {TD} at (0,1245) size 723x65 [border: (1px solid #000000)] [r=16 c=0 rs=1 cs=1]
                                        RenderText {#text} at (316,1) size 91x21
                                          text run at (316,1) width 91: "20. Juni 2001"
                                        RenderBR {BR} at (406,17) size 1x0
                                        RenderText {#text} at (103,22) size 517x21
                                          text run at (103,22) width 485: "unser Hoster hat ein paar kleine Probleme also sollte irgend was an der "
                                          text run at (587,22) width 33: "Seite"
                                        RenderBR {BR} at (619,38) size 1x0
                                        RenderText {#text} at (230,43) size 263x21
                                          text run at (230,43) width 263: "nicht gehen, einfach wieder versuchen!"
                                    RenderTableRow {TR} at (0,1310) size 723x107
                                      RenderTableCell {TD} at (0,1310) size 723x107 [border: (1px solid #000000)] [r=17 c=0 rs=1 cs=1]
                                        RenderText {#text} at (316,1) size 91x21
                                          text run at (316,1) width 91: "09. Juni 2001"
                                        RenderBR {BR} at (406,17) size 1x0
                                        RenderText {#text} at (68,22) size 587x21
                                          text run at (68,22) width 468: "Die neue Version (3.3) von The Real Topsites ist online, es gibt einige "
                                          text run at (535,22) width 120: "neue Funktionen "
                                        RenderBR {BR} at (654,38) size 1x0
                                        RenderText {#text} at (234,43) size 255x21
                                          text run at (234,43) width 255: "und es wurde auch einiges ver\x{E4}ndert!"
                                        RenderBR {BR} at (488,59) size 1x0
                                        RenderText {#text} at (218,64) size 287x21
                                          text run at (218,64) width 287: "Mehr Info unter \"Perl Scripte\" im Men\x{FC}. "
                                        RenderBR {BR} at (504,80) size 1x0
                                        RenderText {#text} at (135,85) size 453x21
                                          text run at (135,85) width 453: "P.S. den Umstieg auf die Version3.3 kann ich Euch nur empfehlen!"
                                    RenderTableRow {TR} at (0,1417) size 723x86
                                      RenderTableCell {TD} at (0,1417) size 723x86 [border: (1px solid #000000)] [r=18 c=0 rs=1 cs=1]
                                        RenderText {#text} at (316,1) size 91x21
                                          text run at (316,1) width 91: "04. Juni 2001"
                                        RenderBR {BR} at (406,17) size 1x0
                                        RenderText {#text} at (115,22) size 493x21
                                          text run at (115,22) width 493: "Ein kleiner Bug bei Topsites Script wurde gefunden und sofort behoben!"
                                        RenderBR {BR} at (607,38) size 1x0
                                        RenderText {#text} at (126,43) size 471x21
                                          text run at (126,43) width 471: "Bug: es wurde immer wieder die selbe Site Of The Moment angezeigt!"
                                        RenderBR {BR} at (597,59) size 0x0
                                        RenderText {#text} at (124,64) size 475x21
                                          text run at (124,64) width 470: "Ladet Euch die jetzige Version runter und ersetzt nur die topsites.cgi "
                                          text run at (593,64) width 6: "!"
                                    RenderTableRow {TR} at (0,1503) size 723x65
                                      RenderTableCell {TD} at (0,1503) size 723x65 [border: (1px solid #000000)] [r=19 c=0 rs=1 cs=1]
                                        RenderText {#text} at (316,1) size 91x21
                                          text run at (316,1) width 91: "01. Juni 2001"
                                        RenderBR {BR} at (406,17) size 1x0
                                        RenderText {#text} at (200,22) size 323x21
                                          text run at (200,22) width 323: "Ein neues Script ist online! G5-ICQ Newsletter. "
                                        RenderBR {BR} at (523,38) size 0x0
                                        RenderText {#text} at (220,43) size 283x21
                                          text run at (220,43) width 283: "Mehr Info unter \"Perl Scripte\" im Men\x{FC}."
                                    RenderTableRow {TR} at (0,1568) size 723x65
                                      RenderTableCell {TD} at (0,1568) size 723x65 [border: (1px solid #000000)] [r=20 c=0 rs=1 cs=1]
                                        RenderText {#text} at (318,1) size 87x21
                                          text run at (318,1) width 87: "31. Mai 2001"
                                        RenderBR {BR} at (405,17) size 0x0
                                        RenderText {#text} at (137,22) size 449x21
                                          text run at (137,22) width 449: "Ich habe einen ICQ-Newsletter Script installiert, unter dem Men\x{FC}."
                                        RenderBR {BR} at (585,38) size 1x0
                                        RenderText {#text} at (156,43) size 411x21
                                          text run at (156,43) width 411: "Tragt Euch ein, dann seit Ihr immer auf dem neusten Stand!"
                                    RenderTableRow {TR} at (0,1633) size 723x44
                                      RenderTableCell {TD} at (0,1633) size 723x44 [border: (1px solid #000000)] [r=21 c=0 rs=1 cs=1]
                                        RenderText {#text} at (318,1) size 87x21
                                          text run at (318,1) width 87: "26. Mai 2001"
                                        RenderBR {BR} at (405,17) size 0x0
                                        RenderText {#text} at (250,22) size 223x21
                                          text run at (250,22) width 223: "The Real Topsites v3.0 ist online!"
                                    RenderTableRow {TR} at (0,1677) size 723x65
                                      RenderTableCell {TD} at (0,1677) size 723x65 [border: (1px solid #000000)] [r=22 c=0 rs=1 cs=1]
                                        RenderText {#text} at (318,1) size 87x21
                                          text run at (318,1) width 87: "25. Mai 2001"
                                        RenderBR {BR} at (405,17) size 0x0
                                        RenderText {#text} at (189,22) size 345x21
                                          text run at (189,22) width 345: "Ein neues Script ist online! G5-Download Counter."
                                        RenderBR {BR} at (533,38) size 1x0
                                        RenderText {#text} at (220,43) size 283x21
                                          text run at (220,43) width 283: "Mehr Info unter \"Perl Scripte\" im Men\x{FC}."
                                    RenderTableRow {TR} at (0,1742) size 723x107
                                      RenderTableCell {TD} at (0,1742) size 723x107 [border: (1px solid #000000)] [r=23 c=0 rs=1 cs=1]
                                        RenderText {#text} at (318,1) size 87x21
                                          text run at (318,1) width 87: "24. Mai 2001"
                                        RenderBR {BR} at (405,17) size 0x0
                                        RenderText {#text} at (93,22) size 537x21
                                          text run at (93,22) width 458: "Ich habe es mir sehr lange \x{FC}berlegt, die Entscheidung war wirklich "
                                          text run at (550,22) width 80: "nicht leicht!"
                                        RenderBR {BR} at (629,38) size 1x0
                                        RenderText {#text} at (66,43) size 591x21
                                          text run at (66,43) width 434: "Ich habe mich entschieden den Script \"The Real Topsites\" zum "
                                          text run at (500,43) width 157: "Download freizugeben."
                                        RenderBR {BR} at (657,59) size 0x0
                                        RenderText {#text} at (203,64) size 317x21
                                          text run at (203,64) width 317: "Ihr k\x{F6}nnt es Euch jetzt kostenlos runter laden!"
                                        RenderBR {BR} at (519,80) size 1x0
                                        RenderText {#text} at (304,85) size 115x21
                                          text run at (304,85) width 115: "Viel Spa\x{DF} damit!"
                                    RenderTableRow {TR} at (0,1849) size 723x86
                                      RenderTableCell {TD} at (0,1849) size 723x86 [border: (1px solid #000000)] [r=24 c=0 rs=1 cs=1]
                                        RenderText {#text} at (318,1) size 87x21
                                          text run at (318,1) width 87: "13. Mai 2001"
                                        RenderBR {BR} at (405,17) size 0x0
                                        RenderText {#text} at (10,22) size 703x63
                                          text run at (10,22) width 503: "Es gab nur eine kleine Ver\x{E4}nderung bei G5-Sponsor-Manager, man kann "
                                          text run at (513,22) width 200: "den Script jetzt auch via Java"
                                          text run at (19,43) width 271: "aufrufen, so das Euer Server jetzt nicht "
                                          text run at (289,43) width 399: "unbedingt SSI unterst\x{FC}tzen mu\x{DF} um den Script ausf\x{FC}hren "
                                          text run at (687,43) width 17: "zu"
                                          text run at (333,64) width 57: "k\x{F6}nnen!"
                                    RenderTableRow {TR} at (0,1935) size 723x65
                                      RenderTableCell {TD} at (0,1935) size 723x65 [border: (1px solid #000000)] [r=25 c=0 rs=1 cs=1]
                                        RenderText {#text} at (313,1) size 97x21
                                          text run at (313,1) width 97: "22. April 2001"
                                        RenderBR {BR} at (409,17) size 1x0
                                        RenderText {#text} at (193,22) size 337x21
                                          text run at (193,22) width 337: "Ein neues Script ist online! G5-Sponsor-Manager."
                                        RenderBR {BR} at (529,38) size 1x0
                                        RenderText {#text} at (220,43) size 283x21
                                          text run at (220,43) width 283: "Mehr Info unter \"Perl Scripte\" im Men\x{FC}."
                                    RenderTableRow {TR} at (0,2000) size 723x86
                                      RenderTableCell {TD} at (0,2000) size 723x86 [border: (1px solid #000000)] [r=26 c=0 rs=1 cs=1]
                                        RenderText {#text} at (313,1) size 97x21
                                          text run at (313,1) width 97: "20. April 2001"
                                        RenderBR {BR} at (409,17) size 1x0
                                        RenderText {#text} at (177,22) size 369x21
                                          text run at (177,22) width 369: "Auf einige Anfragen habe ich eine Demonstration von "
                                        RenderBR {BR} at (545,38) size 1x0
                                        RenderText {#text} at (189,43) size 345x21
                                          text run at (189,43) width 345: "\"The Real Topsites\" (Toplist Script) ver\x{F6}ffentlicht!"
                                        RenderBR {BR} at (534,59) size 0x0
                                        RenderText {#text} at (220,64) size 283x21
                                          text run at (220,64) width 283: "Mehr Info unter \"Perl Scripte\" im Men\x{FC}."
                                    RenderTableRow {TR} at (0,2086) size 723x44
                                      RenderTableCell {TD} at (0,2086) size 723x44 [border: (1px solid #000000)] [r=27 c=0 rs=1 cs=1]
                                        RenderText {#text} at (313,1) size 97x21
                                          text run at (313,1) width 97: "13. M\x{E4}rz 2001"
                                        RenderBR {BR} at (410,17) size 0x0
                                        RenderText {#text} at (212,22) size 299x21
                                          text run at (212,22) width 299: "An diesem Tag ging die G5-Script.de online!"
                                    RenderTableRow {TR} at (0,2130) size 723x23
                                      RenderTableCell {TD} at (0,2130) size 723x23 [border: (1px solid #000000)] [r=28 c=0 rs=1 cs=1]
                                        RenderText {#text} at (359,1) size 5x21
                                          text run at (359,1) width 5: " "
                                RenderBlock (anonymous) at (0,2176) size 764x21
                                  RenderBR {BR} at (382,0) size 0x21
