layer at (0,0) size 784x12162
  RenderView at (0,0) size 784x600
layer at (0,0) size 784x12162
  RenderBlock {HTML} at (0,0) size 784x12162
    RenderBody {BODY} at (8,8) size 768x12146
      RenderTable {TABLE} at (0,0) size 739x12146 [border: (1px outset #808080)]
        RenderTableSection {TBODY} at (1,1) size 737x12144
          RenderTableRow {TR} at (0,2) size 737x12140
            RenderTableCell {TD} at (2,2) size 12x25 [border: (1px inset #808080)] [r=0 c=0 rs=1 cs=1]
              RenderText {#text} at (2,2) size 8x21
                text run at (2,2) width 8: "x"
            RenderTableCell {TD} at (16,2) size 719x12140 [border: (1px inset #808080)] [r=0 c=1 rs=1 cs=1]
              RenderBlock (anonymous) at (2,2) size 715x0
                RenderInline {FONT} at (0,0) size 0x0
                  RenderText {#text} at (0,0) size 0x0
              RenderBlock (anonymous) at (2,2) size 715x12136
                RenderTable {TABLE} at (0,0) size 566x56 [border: (1px outset #808080)]
                  RenderTableSection {TBODY} at (1,1) size 564x54
                    RenderTableRow {TR} at (0,2) size 564x24
                      RenderTableCell {TD} at (2,2) size 111x24 [border: (1px inset #808080)] [r=0 c=0 rs=1 cs=1]
                        RenderText {#text} at (2,2) size 4x20
                          text run at (2,2) width 4: " "
                      RenderTableCell {TD} at (115,2) size 447x4 [border: (1px inset #808080)] [r=0 c=1 rs=1 cs=1]
                    RenderTableRow {TR} at (0,28) size 564x24
                      RenderTableCell {TD} at (2,28) size 111x24 [border: (1px inset #808080)] [r=1 c=0 rs=1 cs=1]
                        RenderText {#text} at (2,2) size 107x20
                          text run at (2,2) width 107: "Search again..."
                RenderBlock (anonymous) at (0,56) size 715x16
                  RenderText {#text} at (0,0) size 715x16
                    text run at (0,0) width 332: "This text node only exists once in the original document! "
                    text run at (332,0) width 307: "If it were a large collection of inlines, the page would "
                    text run at (639,0) width 76: "hang forever."
                  RenderInline {A} at (0,0) size 0x0
                RenderBlock {H2} at (0,88) size 715x26
                  RenderInline {A} at (0,0) size 169x26
                    RenderText {#text} at (0,0) size 169x26
                      text run at (0,0) width 169: "Table of Contents"
                RenderBlock {P} at (0,130) size 715x161
                  RenderInline {B} at (0,0) size 76x16
                    RenderInline {A} at (0,0) size 76x16 [color=#0000EE]
                      RenderText {#text} at (0,0) size 76x16
                        text run at (0,0) width 76: "Introduction"
                  RenderBR {BR} at (76,13) size 0x0
                  RenderBR {BR} at (0,17) size 0x16
                  RenderInline {A} at (0,0) size 160x16 [color=#0000EE]
                    RenderText {#text} at (0,33) size 160x16
                      text run at (0,33) width 160: "Who Should Use This Book"
                  RenderText {#text} at (160,33) size 4x16
                    text run at (160,33) width 4: " "
                  RenderBR {BR} at (164,46) size 0x0
                  RenderInline {A} at (0,0) size 134x16 [color=#0000EE]
                    RenderText {#text} at (0,49) size 134x16
                      text run at (0,49) width 134: "How To Use This Book"
                  RenderText {#text} at (134,49) size 4x16
                    text run at (134,49) width 4: " "
                  RenderBR {BR} at (138,62) size 0x0
                  RenderInline {A} at (0,0) size 166x16 [color=#0000EE]
                    RenderText {#text} at (0,65) size 166x16
                      text run at (0,65) width 166: "How This Book is Structured"
                  RenderText {#text} at (166,65) size 4x16
                    text run at (166,65) width 4: " "
                  RenderBR {BR} at (170,78) size 0x0
                  RenderInline {A} at (0,0) size 200x16 [color=#0000EE]
                    RenderText {#text} at (0,81) size 200x16
                      text run at (0,81) width 200: "How to Read the Syntax Diagrams"
                  RenderText {#text} at (200,81) size 4x16
                    text run at (200,81) width 4: " "
                  RenderBR {BR} at (204,94) size 0x0
                  RenderInline {A} at (0,0) size 195x16 [color=#0000EE]
                    RenderText {#text} at (0,97) size 195x16
                      text run at (0,97) width 195: "Conventions Used in This Manual"
                  RenderText {#text} at (195,97) size 4x16
                    text run at (195,97) width 4: " "
                  RenderBR {BR} at (199,110) size 0x0
                  RenderInline {A} at (0,0) size 93x16 [color=#0000EE]
                    RenderText {#text} at (0,113) size 93x16
                      text run at (0,113) width 93: "Error Conditions"
                  RenderText {#text} at (93,113) size 4x16
                    text run at (93,113) width 4: " "
                  RenderBR {BR} at (97,126) size 0x0
                  RenderInline {A} at (0,0) size 143x16 [color=#0000EE]
                    RenderText {#text} at (0,129) size 143x16
                      text run at (0,129) width 143: "Highlighting Conventions"
                  RenderText {#text} at (143,129) size 4x16
                    text run at (143,129) width 4: " "
                  RenderBR {BR} at (147,142) size 0x0
                  RenderInline {A} at (0,0) size 217x16 [color=#0000EE]
                    RenderText {#text} at (0,145) size 217x16
                      text run at (0,145) width 217: "Related Documentation for This Book"
                  RenderText {#text} at (0,0) size 0x0
                RenderBlock {P} at (0,304) size 715x1057
                  RenderInline {B} at (0,0) size 58x16
                    RenderInline {A} at (0,0) size 58x16 [color=#0000EE]
                      RenderText {#text} at (0,0) size 58x16
                        text run at (0,0) width 58: "Concepts"
                  RenderBR {BR} at (58,13) size 0x0
                  RenderBR {BR} at (0,17) size 0x16
                  RenderInline {A} at (0,0) size 116x16 [color=#0000EE]
                    RenderText {#text} at (0,33) size 116x16
                      text run at (0,33) width 116: "Relational Database"
                  RenderText {#text} at (116,33) size 4x16
                    text run at (116,33) width 4: " "
                  RenderBR {BR} at (120,46) size 0x0
                  RenderInline {A} at (0,0) size 197x16 [color=#0000EE]
                    RenderText {#text} at (0,49) size 197x16
                      text run at (0,49) width 197: "Structured Query Language (SQL)"
                  RenderText {#text} at (197,49) size 4x16
                    text run at (197,49) width 4: " "
                  RenderBR {BR} at (201,62) size 0x0
                  RenderInline {A} at (0,0) size 92x16 [color=#0000EE]
                    RenderText {#text} at (0,65) size 92x16
                      text run at (0,65) width 92: "Embedded SQL"
                  RenderText {#text} at (92,65) size 4x16
                    text run at (92,65) width 4: " "
                  RenderBR {BR} at (96,78) size 0x0
                  RenderInline {A} at (0,0) size 64x16 [color=#0000EE]
                    RenderText {#text} at (0,81) size 64x16
                      text run at (0,81) width 64: "Static SQL"
                  RenderText {#text} at (64,81) size 4x16
                    text run at (64,81) width 4: " "
                  RenderBR {BR} at (68,94) size 0x0
                  RenderInline {A} at (0,0) size 81x16 [color=#0000EE]
                    RenderText {#text} at (0,97) size 81x16
                      text run at (0,97) width 81: "Dynamic SQL"
                  RenderText {#text} at (81,97) size 4x16
                    text run at (81,97) width 4: " "
                  RenderBR {BR} at (85,110) size 0x0
                  RenderInline {A} at (0,0) size 405x16 [color=#0000EE]
                    RenderText {#text} at (0,113) size 405x16
                      text run at (0,113) width 405: "DB2 Call Level Interface (CLI) & Open Database Connectivity (ODBC)"
                  RenderText {#text} at (405,113) size 4x16
                    text run at (405,113) width 4: " "
                  RenderBR {BR} at (409,126) size 0x0
                  RenderInline {A} at (0,0) size 486x16 [color=#0000EE]
                    RenderText {#text} at (0,129) size 486x16
                      text run at (0,129) width 486: "Java Database Connectivity (JDBC) and Embedded SQL for Java (SQLJ) Programs"
                  RenderText {#text} at (486,129) size 4x16
                    text run at (486,129) width 4: " "
                  RenderBR {BR} at (490,142) size 0x0
                  RenderInline {A} at (0,0) size 91x16 [color=#0000EE]
                    RenderText {#text} at (0,145) size 91x16
                      text run at (0,145) width 91: "Interactive SQL"
                  RenderText {#text} at (91,145) size 4x16
                    text run at (91,145) width 4: " "
                  RenderBR {BR} at (95,158) size 0x0
                  RenderInline {A} at (0,0) size 55x16 [color=#0000EE]
                    RenderText {#text} at (0,161) size 55x16
                      text run at (0,161) width 55: "Schemas"
                  RenderText {#text} at (55,161) size 4x16
                    text run at (55,161) width 4: " "
                  RenderBR {BR} at (59,174) size 0x0
                  RenderInline {A} at (0,0) size 162x16 [color=#0000EE]
                    RenderText {#text} at (0,177) size 162x16
                      text run at (0,177) width 162: "Controlling Use of Schemas"
                  RenderText {#text} at (162,177) size 4x16
                    text run at (162,177) width 4: " "
                  RenderBR {BR} at (166,190) size 0x0
                  RenderInline {A} at (0,0) size 39x16 [color=#0000EE]
                    RenderText {#text} at (0,193) size 39x16
                      text run at (0,193) width 39: "Tables"
                  RenderText {#text} at (39,193) size 4x16
                    text run at (39,193) width 4: " "
                  RenderBR {BR} at (43,206) size 0x0
                  RenderInline {A} at (0,0) size 35x16 [color=#0000EE]
                    RenderText {#text} at (0,209) size 35x16
                      text run at (0,209) width 35: "Views"
                  RenderText {#text} at (35,209) size 4x16
                    text run at (35,209) width 4: " "
                  RenderBR {BR} at (39,222) size 0x0
                  RenderInline {A} at (0,0) size 43x16 [color=#0000EE]
                    RenderText {#text} at (0,225) size 43x16
                      text run at (0,225) width 43: "Aliases"
                  RenderText {#text} at (43,225) size 4x16
                    text run at (43,225) width 4: " "
                  RenderBR {BR} at (47,238) size 0x0
                  RenderInline {A} at (0,0) size 46x16 [color=#0000EE]
                    RenderText {#text} at (0,241) size 46x16
                      text run at (0,241) width 46: "Indexes"
                  RenderText {#text} at (46,241) size 4x16
                    text run at (46,241) width 4: " "
                  RenderBR {BR} at (50,254) size 0x0
                  RenderInline {A} at (0,0) size 30x16 [color=#0000EE]
                    RenderText {#text} at (0,257) size 30x16
                      text run at (0,257) width 30: "Keys"
                  RenderText {#text} at (30,257) size 4x16
                    text run at (30,257) width 4: " "
                  RenderBR {BR} at (34,270) size 0x0
                  RenderInline {A} at (0,0) size 74x16 [color=#0000EE]
                    RenderText {#text} at (0,273) size 74x16
                      text run at (0,273) width 74: "Unique Keys"
                  RenderText {#text} at (74,273) size 4x16
                    text run at (74,273) width 4: " "
                  RenderBR {BR} at (78,286) size 0x0
                  RenderInline {A} at (0,0) size 79x16 [color=#0000EE]
                    RenderText {#text} at (0,289) size 79x16
                      text run at (0,289) width 79: "Primary Keys"
                  RenderText {#text} at (79,289) size 4x16
                    text run at (79,289) width 4: " "
                  RenderBR {BR} at (83,302) size 0x0
                  RenderInline {A} at (0,0) size 77x16 [color=#0000EE]
                    RenderText {#text} at (0,305) size 77x16
                      text run at (0,305) width 77: "Foreign Keys"
                  RenderText {#text} at (77,305) size 4x16
                    text run at (77,305) width 4: " "
                  RenderBR {BR} at (81,318) size 0x0
                  RenderInline {A} at (0,0) size 99x16 [color=#0000EE]
                    RenderText {#text} at (0,321) size 99x16
                      text run at (0,321) width 99: "Partitioning Keys"
                  RenderText {#text} at (99,321) size 4x16
                    text run at (99,321) width 4: " "
                  RenderBR {BR} at (103,334) size 0x0
                  RenderInline {A} at (0,0) size 66x16 [color=#0000EE]
                    RenderText {#text} at (0,337) size 66x16
                      text run at (0,337) width 66: "Constraints"
                  RenderText {#text} at (66,337) size 4x16
                    text run at (66,337) width 4: " "
                  RenderBR {BR} at (70,350) size 0x0
                  RenderInline {A} at (0,0) size 110x16 [color=#0000EE]
                    RenderText {#text} at (0,353) size 110x16
                      text run at (0,353) width 110: "Unique Constraints"
                  RenderText {#text} at (110,353) size 4x16
                    text run at (110,353) width 4: " "
                  RenderBR {BR} at (114,366) size 0x0
                  RenderInline {A} at (0,0) size 132x16 [color=#0000EE]
                    RenderText {#text} at (0,369) size 132x16
                      text run at (0,369) width 132: "Referential Constraints"
                  RenderText {#text} at (132,369) size 4x16
                    text run at (132,369) width 4: " "
                  RenderBR {BR} at (136,382) size 0x0
                  RenderInline {A} at (0,0) size 143x16 [color=#0000EE]
                    RenderText {#text} at (0,385) size 143x16
                      text run at (0,385) width 143: "Table Check Constraints"
                  RenderText {#text} at (143,385) size 4x16
                    text run at (143,385) width 4: " "
                  RenderBR {BR} at (147,398) size 0x0
                  RenderInline {A} at (0,0) size 47x16 [color=#0000EE]
                    RenderText {#text} at (0,401) size 47x16
                      text run at (0,401) width 47: "Triggers"
                  RenderText {#text} at (47,401) size 4x16
                    text run at (47,401) width 4: " "
                  RenderBR {BR} at (51,414) size 0x0
                  RenderInline {A} at (0,0) size 88x16 [color=#0000EE]
                    RenderText {#text} at (0,417) size 88x16
                      text run at (0,417) width 88: "Event Monitors"
                  RenderText {#text} at (88,417) size 4x16
                    text run at (88,417) width 4: " "
                  RenderBR {BR} at (92,430) size 0x0
                  RenderInline {A} at (0,0) size 45x16 [color=#0000EE]
                    RenderText {#text} at (0,433) size 45x16
                      text run at (0,433) width 45: "Queries"
                  RenderText {#text} at (45,433) size 4x16
                    text run at (45,433) width 4: " "
                  RenderBR {BR} at (49,446) size 0x0
                  RenderInline {A} at (0,0) size 108x16 [color=#0000EE]
                    RenderText {#text} at (0,449) size 108x16
                      text run at (0,449) width 108: "Table Expressions"
                  RenderText {#text} at (108,449) size 4x16
                    text run at (108,449) width 4: " "
                  RenderBR {BR} at (112,462) size 0x0
                  RenderInline {A} at (0,0) size 164x16 [color=#0000EE]
                    RenderText {#text} at (0,465) size 164x16
                      text run at (0,465) width 164: "Common Table Expressions"
                  RenderText {#text} at (164,465) size 4x16
                    text run at (164,465) width 4: " "
                  RenderBR {BR} at (168,478) size 0x0
                  RenderInline {A} at (0,0) size 58x16 [color=#0000EE]
                    RenderText {#text} at (0,481) size 58x16
                      text run at (0,481) width 58: "Packages"
                  RenderText {#text} at (58,481) size 4x16
                    text run at (58,481) width 4: " "
                  RenderBR {BR} at (62,494) size 0x0
                  RenderInline {A} at (0,0) size 83x16 [color=#0000EE]
                    RenderText {#text} at (0,497) size 83x16
                      text run at (0,497) width 83: "Catalog Views"
                  RenderText {#text} at (83,497) size 4x16
                    text run at (83,497) width 4: " "
                  RenderBR {BR} at (87,510) size 0x0
                  RenderInline {A} at (0,0) size 299x16 [color=#0000EE]
                    RenderText {#text} at (0,513) size 299x16
                      text run at (0,513) width 299: "Application Processes, Concurrency, and Recovery"
                  RenderText {#text} at (299,513) size 4x16
                    text run at (299,513) width 4: " "
                  RenderBR {BR} at (303,526) size 0x0
                  RenderInline {A} at (0,0) size 84x16 [color=#0000EE]
                    RenderText {#text} at (0,529) size 84x16
                      text run at (0,529) width 84: "Isolation Level"
                  RenderText {#text} at (84,529) size 4x16
                    text run at (84,529) width 4: " "
                  RenderBR {BR} at (88,542) size 0x0
                  RenderInline {A} at (0,0) size 129x16 [color=#0000EE]
                    RenderText {#text} at (0,545) size 129x16
                      text run at (0,545) width 129: "Repeatable Read (RR)"
                  RenderText {#text} at (129,545) size 4x16
                    text run at (129,545) width 4: " "
                  RenderBR {BR} at (133,558) size 0x0
                  RenderInline {A} at (0,0) size 111x16 [color=#0000EE]
                    RenderText {#text} at (0,561) size 111x16
                      text run at (0,561) width 111: "Read Stability (RS)"
                  RenderText {#text} at (111,561) size 4x16
                    text run at (111,561) width 4: " "
                  RenderBR {BR} at (115,574) size 0x0
                  RenderInline {A} at (0,0) size 119x16 [color=#0000EE]
                    RenderText {#text} at (0,577) size 119x16
                      text run at (0,577) width 119: "Cursor Stability (CS)"
                  RenderText {#text} at (119,577) size 4x16
                    text run at (119,577) width 4: " "
                  RenderBR {BR} at (123,590) size 0x0
                  RenderInline {A} at (0,0) size 141x16 [color=#0000EE]
                    RenderText {#text} at (0,593) size 141x16
                      text run at (0,593) width 141: "Uncommitted Read (UR)"
                  RenderText {#text} at (141,593) size 4x16
                    text run at (141,593) width 4: " "
                  RenderBR {BR} at (145,606) size 0x0
                  RenderInline {A} at (0,0) size 179x16 [color=#0000EE]
                    RenderText {#text} at (0,609) size 179x16
                      text run at (0,609) width 179: "Comparison of Isolation Levels"
                  RenderText {#text} at (179,609) size 4x16
                    text run at (179,609) width 4: " "
                  RenderBR {BR} at (183,622) size 0x0
                  RenderInline {A} at (0,0) size 182x16 [color=#0000EE]
                    RenderText {#text} at (0,625) size 182x16
                      text run at (0,625) width 182: "Distributed Relational Database"
                  RenderText {#text} at (182,625) size 4x16
                    text run at (182,625) width 4: " "
                  RenderBR {BR} at (186,638) size 0x0
                  RenderInline {A} at (0,0) size 113x16 [color=#0000EE]
                    RenderText {#text} at (0,641) size 113x16
                      text run at (0,641) width 113: "Application Servers"
                  RenderText {#text} at (113,641) size 4x16
                    text run at (113,641) width 4: " "
                  RenderBR {BR} at (117,654) size 0x0
                  RenderInline {A} at (0,0) size 259x16 [color=#0000EE]
                    RenderText {#text} at (0,657) size 259x16
                      text run at (0,657) width 259: "CONNECT (Type 1) and CONNECT (Type 2)"
                  RenderText {#text} at (259,657) size 4x16
                    text run at (259,657) width 4: " "
                  RenderBR {BR} at (263,670) size 0x0
                  RenderInline {A} at (0,0) size 121x16 [color=#0000EE]
                    RenderText {#text} at (0,673) size 121x16
                      text run at (0,673) width 121: "Remote Unit of Work"
                  RenderText {#text} at (121,673) size 4x16
                    text run at (121,673) width 4: " "
                  RenderBR {BR} at (125,686) size 0x0
                  RenderInline {A} at (0,0) size 258x16 [color=#0000EE]
                    RenderText {#text} at (0,689) size 258x16
                      text run at (0,689) width 258: "Application-Directed Distributed Unit of Work"
                  RenderText {#text} at (258,689) size 4x16
                    text run at (258,689) width 4: " "
                  RenderBR {BR} at (262,702) size 0x0
                  RenderInline {A} at (0,0) size 208x16 [color=#0000EE]
                    RenderText {#text} at (0,705) size 208x16
                      text run at (0,705) width 208: "Data Representation Considerations"
                  RenderText {#text} at (208,705) size 4x16
                    text run at (208,705) width 4: " "
                  RenderBR {BR} at (212,718) size 0x0
                  RenderInline {A} at (0,0) size 143x16 [color=#0000EE]
                    RenderText {#text} at (0,721) size 143x16
                      text run at (0,721) width 143: "DB2 Federated Systems"
                  RenderText {#text} at (143,721) size 4x16
                    text run at (143,721) width 4: " "
                  RenderBR {BR} at (147,734) size 0x0
                  RenderInline {A} at (0,0) size 363x16 [color=#0000EE]
                    RenderText {#text} at (0,737) size 363x16
                      text run at (0,737) width 363: "The Federated Server, Federated Database, and Data Sources"
                  RenderText {#text} at (363,737) size 4x16
                    text run at (363,737) width 4: " "
                  RenderBR {BR} at (367,750) size 0x0
                  RenderInline {A} at (0,0) size 266x16 [color=#0000EE]
                    RenderText {#text} at (0,753) size 266x16
                      text run at (0,753) width 266: "Tasks to Perform in a DB2 Federated System"
                  RenderText {#text} at (266,753) size 4x16
                    text run at (266,753) width 4: " "
                  RenderBR {BR} at (270,766) size 0x0
                  RenderInline {A} at (0,0) size 185x16 [color=#0000EE]
                    RenderText {#text} at (0,769) size 185x16
                      text run at (0,769) width 185: "Wrappers and Wrapper Modules"
                  RenderText {#text} at (185,769) size 4x16
                    text run at (185,769) width 4: " "
                  RenderBR {BR} at (189,782) size 0x0
                  RenderInline {A} at (0,0) size 219x16 [color=#0000EE]
                    RenderText {#text} at (0,785) size 219x16
                      text run at (0,785) width 219: "Server Definitions and Server Options"
                  RenderText {#text} at (219,785) size 4x16
                    text run at (219,785) width 4: " "
                  RenderBR {BR} at (223,798) size 0x0
                  RenderInline {A} at (0,0) size 192x16 [color=#0000EE]
                    RenderText {#text} at (0,801) size 192x16
                      text run at (0,801) width 192: "User Mappings and User Options"
                  RenderText {#text} at (192,801) size 4x16
                    text run at (192,801) width 4: " "
                  RenderBR {BR} at (196,814) size 0x0
                  RenderInline {A} at (0,0) size 120x16 [color=#0000EE]
                    RenderText {#text} at (0,817) size 120x16
                      text run at (0,817) width 120: "Data Type Mappings"
                  RenderText {#text} at (120,817) size 4x16
                    text run at (120,817) width 4: " "
                  RenderBR {BR} at (124,830) size 0x0
                  RenderInline {A} at (0,0) size 418x16 [color=#0000EE]
                    RenderText {#text} at (0,833) size 418x16
                      text run at (0,833) width 418: "Function Mappings, Function Templates, and Function Mapping Options"
                  RenderText {#text} at (418,833) size 4x16
                    text run at (418,833) width 4: " "
                  RenderBR {BR} at (422,846) size 0x0
                  RenderInline {A} at (0,0) size 187x16 [color=#0000EE]
                    RenderText {#text} at (0,849) size 187x16
                      text run at (0,849) width 187: "Nicknames and Column Options"
                  RenderText {#text} at (187,849) size 4x16
                    text run at (187,849) width 4: " "
                  RenderBR {BR} at (191,862) size 0x0
                  RenderInline {A} at (0,0) size 118x16 [color=#0000EE]
                    RenderText {#text} at (0,865) size 118x16
                      text run at (0,865) width 118: "Index Specifications"
                  RenderText {#text} at (118,865) size 4x16
                    text run at (118,865) width 4: " "
                  RenderBR {BR} at (122,878) size 0x0
                  RenderInline {A} at (0,0) size 121x16 [color=#0000EE]
                    RenderText {#text} at (0,881) size 121x16
                      text run at (0,881) width 121: "Distributed Requests"
                  RenderText {#text} at (121,881) size 4x16
                    text run at (121,881) width 4: " "
                  RenderBR {BR} at (125,894) size 0x0
                  RenderInline {A} at (0,0) size 83x16 [color=#0000EE]
                    RenderText {#text} at (0,897) size 83x16
                      text run at (0,897) width 83: "Compensation"
                  RenderText {#text} at (83,897) size 4x16
                    text run at (83,897) width 4: " "
                  RenderBR {BR} at (87,910) size 0x0
                  RenderInline {A} at (0,0) size 81x16 [color=#0000EE]
                    RenderText {#text} at (0,913) size 81x16
                      text run at (0,913) width 81: "Pass-Through"
                  RenderText {#text} at (81,913) size 4x16
                    text run at (81,913) width 4: " "
                  RenderBR {BR} at (85,926) size 0x0
                  RenderInline {A} at (0,0) size 125x16 [color=#0000EE]
                    RenderText {#text} at (0,929) size 125x16
                      text run at (0,929) width 125: "Character Conversion"
                  RenderText {#text} at (125,929) size 4x16
                    text run at (125,929) width 4: " "
                  RenderBR {BR} at (129,942) size 0x0
                  RenderInline {A} at (0,0) size 187x16 [color=#0000EE]
                    RenderText {#text} at (0,945) size 187x16
                      text run at (0,945) width 187: "Character Sets and Code Pages"
                  RenderText {#text} at (187,945) size 4x16
                    text run at (187,945) width 4: " "
                  RenderBR {BR} at (191,958) size 0x0
                  RenderInline {A} at (0,0) size 124x16 [color=#0000EE]
                    RenderText {#text} at (0,961) size 124x16
                      text run at (0,961) width 124: "Code Page Attributes"
                  RenderText {#text} at (124,961) size 4x16
                    text run at (124,961) width 4: " "
                  RenderBR {BR} at (128,974) size 0x0
                  RenderInline {A} at (0,0) size 162x16 [color=#0000EE]
                    RenderText {#text} at (0,977) size 162x16
                      text run at (0,977) width 162: "Authorization and Privileges"
                  RenderText {#text} at (162,977) size 4x16
                    text run at (162,977) width 4: " "
                  RenderBR {BR} at (166,990) size 0x0
                  RenderInline {A} at (0,0) size 254x16 [color=#0000EE]
                    RenderText {#text} at (0,993) size 254x16
                      text run at (0,993) width 254: "Table Spaces and Other Storage Structures"
                  RenderText {#text} at (254,993) size 4x16
                    text run at (254,993) width 4: " "
                  RenderBR {BR} at (258,1006) size 0x0
                  RenderInline {A} at (0,0) size 249x16 [color=#0000EE]
                    RenderText {#text} at (0,1009) size 249x16
                      text run at (0,1009) width 249: "Data Partitioning Across Multiple Partitions"
                  RenderText {#text} at (249,1009) size 4x16
                    text run at (249,1009) width 4: " "
                  RenderBR {BR} at (253,1022) size 0x0
                  RenderInline {A} at (0,0) size 101x16 [color=#0000EE]
                    RenderText {#text} at (0,1025) size 101x16
                      text run at (0,1025) width 101: "Partitioning Maps"
                  RenderText {#text} at (101,1025) size 4x16
                    text run at (101,1025) width 4: " "
                  RenderBR {BR} at (105,1038) size 0x0
                  RenderInline {A} at (0,0) size 100x16 [color=#0000EE]
                    RenderText {#text} at (0,1041) size 100x16
                      text run at (0,1041) width 100: "Table Collocation"
                  RenderText {#text} at (0,0) size 0x0
                RenderBlock {P} at (0,1374) size 715x2129
                  RenderInline {B} at (0,0) size 123x16
                    RenderInline {A} at (0,0) size 123x16 [color=#0000EE]
                      RenderText {#text} at (0,0) size 123x16
                        text run at (0,0) width 123: "Language Elements"
                  RenderBR {BR} at (123,13) size 0x0
                  RenderBR {BR} at (0,17) size 0x16
                  RenderInline {A} at (0,0) size 63x16 [color=#0000EE]
                    RenderText {#text} at (0,33) size 63x16
                      text run at (0,33) width 63: "Characters"
                  RenderText {#text} at (63,33) size 4x16
                    text run at (63,33) width 4: " "
                  RenderBR {BR} at (67,46) size 0x0
                  RenderInline {A} at (0,0) size 128x16 [color=#0000EE]
                    RenderText {#text} at (0,49) size 128x16
                      text run at (0,49) width 128: "MBCS Considerations"
                  RenderText {#text} at (128,49) size 4x16
                    text run at (128,49) width 4: " "
                  RenderBR {BR} at (132,62) size 0x0
                  RenderInline {A} at (0,0) size 43x16 [color=#0000EE]
                    RenderText {#text} at (0,65) size 43x16
                      text run at (0,65) width 43: "Tokens"
                  RenderText {#text} at (43,65) size 4x16
                    text run at (43,65) width 4: " "
                  RenderBR {BR} at (47,78) size 0x0
                  RenderInline {A} at (0,0) size 128x16 [color=#0000EE]
                    RenderText {#text} at (0,81) size 128x16
                      text run at (0,81) width 128: "MBCS Considerations"
                  RenderText {#text} at (128,81) size 4x16
                    text run at (128,81) width 4: " "
                  RenderBR {BR} at (132,94) size 0x0
                  RenderInline {A} at (0,0) size 57x16 [color=#0000EE]
                    RenderText {#text} at (0,97) size 57x16
                      text run at (0,97) width 57: "Identifiers"
                  RenderText {#text} at (57,97) size 4x16
                    text run at (57,97) width 4: " "
                  RenderBR {BR} at (61,110) size 0x0
                  RenderInline {A} at (0,0) size 87x16 [color=#0000EE]
                    RenderText {#text} at (0,113) size 87x16
                      text run at (0,113) width 87: "SQL Identifiers"
                  RenderText {#text} at (87,113) size 4x16
                    text run at (87,113) width 4: " "
                  RenderBR {BR} at (91,126) size 0x0
                  RenderInline {A} at (0,0) size 88x16 [color=#0000EE]
                    RenderText {#text} at (0,129) size 88x16
                      text run at (0,129) width 88: "Host Identifiers"
                  RenderText {#text} at (88,129) size 4x16
                    text run at (88,129) width 4: " "
                  RenderBR {BR} at (92,142) size 0x0
                  RenderInline {A} at (0,0) size 354x16 [color=#0000EE]
                    RenderText {#text} at (0,145) size 354x16
                      text run at (0,145) width 354: "Naming Conventions and Implicit Object Name Qualifications"
                  RenderText {#text} at (354,145) size 4x16
                    text run at (354,145) width 4: " "
                  RenderBR {BR} at (358,158) size 0x0
                  RenderInline {A} at (0,0) size 43x16 [color=#0000EE]
                    RenderText {#text} at (0,161) size 43x16
                      text run at (0,161) width 43: "Aliases"
                  RenderText {#text} at (43,161) size 4x16
                    text run at (43,161) width 4: " "
                  RenderBR {BR} at (47,174) size 0x0
                  RenderInline {A} at (0,0) size 246x16 [color=#0000EE]
                    RenderText {#text} at (0,177) size 246x16
                      text run at (0,177) width 246: "Authorization IDs and authorization-names"
                  RenderText {#text} at (246,177) size 4x16
                    text run at (246,177) width 4: " "
                  RenderBR {BR} at (250,190) size 0x0
                  RenderInline {A} at (0,0) size 238x16 [color=#0000EE]
                    RenderText {#text} at (0,193) size 238x16
                      text run at (0,193) width 238: "Dynamic SQL Characteristics at run-time"
                  RenderText {#text} at (238,193) size 4x16
                    text run at (238,193) width 4: " "
                  RenderBR {BR} at (242,206) size 0x0
                  RenderInline {A} at (0,0) size 259x16 [color=#0000EE]
                    RenderText {#text} at (0,209) size 259x16
                      text run at (0,209) width 259: "Authorization IDs and Statement Preparation"
                  RenderText {#text} at (259,209) size 4x16
                    text run at (259,209) width 4: " "
                  RenderBR {BR} at (263,222) size 0x0
                  RenderInline {A} at (0,0) size 67x16 [color=#0000EE]
                    RenderText {#text} at (0,225) size 67x16
                      text run at (0,225) width 67: "Data Types"
                  RenderText {#text} at (67,225) size 4x16
                    text run at (67,225) width 4: " "
                  RenderBR {BR} at (71,238) size 0x0
                  RenderInline {A} at (0,0) size 29x16 [color=#0000EE]
                    RenderText {#text} at (0,241) size 29x16
                      text run at (0,241) width 29: "Nulls"
                  RenderText {#text} at (29,241) size 4x16
                    text run at (29,241) width 4: " "
                  RenderBR {BR} at (33,254) size 0x0
                  RenderInline {A} at (0,0) size 126x16 [color=#0000EE]
                    RenderText {#text} at (0,257) size 126x16
                      text run at (0,257) width 126: "Large Objects (LOBs)"
                  RenderText {#text} at (126,257) size 4x16
                    text run at (126,257) width 4: " "
                  RenderBR {BR} at (130,270) size 0x0
                  RenderInline {A} at (0,0) size 101x16 [color=#0000EE]
                    RenderText {#text} at (0,273) size 101x16
                      text run at (0,273) width 101: "Character Strings"
                  RenderText {#text} at (101,273) size 4x16
                    text run at (101,273) width 4: " "
                  RenderBR {BR} at (105,286) size 0x0
                  RenderInline {A} at (0,0) size 90x16 [color=#0000EE]
                    RenderText {#text} at (0,289) size 90x16
                      text run at (0,289) width 90: "Graphic Strings"
                  RenderText {#text} at (90,289) size 4x16
                    text run at (90,289) width 4: " "
                  RenderBR {BR} at (94,302) size 0x0
                  RenderInline {A} at (0,0) size 75x16 [color=#0000EE]
                    RenderText {#text} at (0,305) size 75x16
                      text run at (0,305) width 75: "Binary String"
                  RenderText {#text} at (75,305) size 4x16
                    text run at (75,305) width 4: " "
                  RenderBR {BR} at (79,318) size 0x0
                  RenderInline {A} at (0,0) size 52x16 [color=#0000EE]
                    RenderText {#text} at (0,321) size 52x16
                      text run at (0,321) width 52: "Numbers"
                  RenderText {#text} at (52,321) size 4x16
                    text run at (52,321) width 4: " "
                  RenderBR {BR} at (56,334) size 0x0
                  RenderInline {A} at (0,0) size 96x16 [color=#0000EE]
                    RenderText {#text} at (0,337) size 96x16
                      text run at (0,337) width 96: "Datetime Values"
                  RenderText {#text} at (96,337) size 4x16
                    text run at (96,337) width 4: " "
                  RenderBR {BR} at (100,350) size 0x0
                  RenderInline {A} at (0,0) size 108x16 [color=#0000EE]
                    RenderText {#text} at (0,353) size 108x16
                      text run at (0,353) width 108: "DATALINK Values"
                  RenderText {#text} at (108,353) size 4x16
                    text run at (108,353) width 4: " "
                  RenderBR {BR} at (112,366) size 0x0
                  RenderInline {A} at (0,0) size 115x16 [color=#0000EE]
                    RenderText {#text} at (0,369) size 115x16
                      text run at (0,369) width 115: "User Defined Types"
                  RenderText {#text} at (115,369) size 4x16
                    text run at (115,369) width 4: " "
                  RenderBR {BR} at (119,382) size 0x0
                  RenderInline {A} at (0,0) size 145x16 [color=#0000EE]
                    RenderText {#text} at (0,385) size 145x16
                      text run at (0,385) width 145: "Promotion of Data Types"
                  RenderText {#text} at (145,385) size 4x16
                    text run at (145,385) width 4: " "
                  RenderBR {BR} at (149,398) size 0x0
                  RenderInline {A} at (0,0) size 169x16 [color=#0000EE]
                    RenderText {#text} at (0,401) size 169x16
                      text run at (0,401) width 169: "Casting Between Data Types"
                  RenderText {#text} at (169,401) size 4x16
                    text run at (169,401) width 4: " "
                  RenderBR {BR} at (173,414) size 0x0
                  RenderInline {A} at (0,0) size 181x16 [color=#0000EE]
                    RenderText {#text} at (0,417) size 181x16
                      text run at (0,417) width 181: "Assignments and Comparisons"
                  RenderText {#text} at (181,417) size 4x16
                    text run at (181,417) width 4: " "
                  RenderBR {BR} at (185,430) size 0x0
                  RenderInline {A} at (0,0) size 128x16 [color=#0000EE]
                    RenderText {#text} at (0,433) size 128x16
                      text run at (0,433) width 128: "Numeric Assignments"
                  RenderText {#text} at (128,433) size 4x16
                    text run at (128,433) width 4: " "
                  RenderBR {BR} at (132,446) size 0x0
                  RenderInline {A} at (0,0) size 114x16 [color=#0000EE]
                    RenderText {#text} at (0,449) size 114x16
                      text run at (0,449) width 114: "String Assignments"
                  RenderText {#text} at (114,449) size 4x16
                    text run at (114,449) width 4: " "
                  RenderBR {BR} at (118,462) size 0x0
                  RenderInline {A} at (0,0) size 132x16 [color=#0000EE]
                    RenderText {#text} at (0,465) size 132x16
                      text run at (0,465) width 132: "Datetime Assignments"
                  RenderText {#text} at (132,465) size 4x16
                    text run at (132,465) width 4: " "
                  RenderBR {BR} at (136,478) size 0x0
                  RenderInline {A} at (0,0) size 144x16 [color=#0000EE]
                    RenderText {#text} at (0,481) size 144x16
                      text run at (0,481) width 144: "DATALINK Assignments"
                  RenderText {#text} at (144,481) size 4x16
                    text run at (144,481) width 4: " "
                  RenderBR {BR} at (148,494) size 0x0
                  RenderInline {A} at (0,0) size 186x16 [color=#0000EE]
                    RenderText {#text} at (0,497) size 186x16
                      text run at (0,497) width 186: "User-defined Type Assignments"
                  RenderText {#text} at (186,497) size 4x16
                    text run at (186,497) width 4: " "
                  RenderBR {BR} at (190,510) size 0x0
                  RenderInline {A} at (0,0) size 172x16 [color=#0000EE]
                    RenderText {#text} at (0,513) size 172x16
                      text run at (0,513) width 172: "Reference Type Assignments"
                  RenderText {#text} at (172,513) size 4x16
                    text run at (172,513) width 4: " "
                  RenderBR {BR} at (176,526) size 0x0
                  RenderInline {A} at (0,0) size 128x16 [color=#0000EE]
                    RenderText {#text} at (0,529) size 128x16
                      text run at (0,529) width 128: "Numeric Comparisons"
                  RenderText {#text} at (128,529) size 4x16
                    text run at (128,529) width 4: " "
                  RenderBR {BR} at (132,542) size 0x0
                  RenderInline {A} at (0,0) size 114x16 [color=#0000EE]
                    RenderText {#text} at (0,545) size 114x16
                      text run at (0,545) width 114: "String Comparisons"
                  RenderText {#text} at (114,545) size 4x16
                    text run at (114,545) width 4: " "
                  RenderBR {BR} at (118,558) size 0x0
                  RenderInline {A} at (0,0) size 132x16 [color=#0000EE]
                    RenderText {#text} at (0,561) size 132x16
                      text run at (0,561) width 132: "Datetime Comparisons"
                  RenderText {#text} at (132,561) size 4x16
                    text run at (132,561) width 4: " "
                  RenderBR {BR} at (136,574) size 0x0
                  RenderInline {A} at (0,0) size 186x16 [color=#0000EE]
                    RenderText {#text} at (0,577) size 186x16
                      text run at (0,577) width 186: "User-defined Type Comparisons"
                  RenderText {#text} at (186,577) size 4x16
                    text run at (186,577) width 4: " "
                  RenderBR {BR} at (190,590) size 0x0
                  RenderInline {A} at (0,0) size 172x16 [color=#0000EE]
                    RenderText {#text} at (0,593) size 172x16
                      text run at (0,593) width 172: "Reference Type Comparisons"
                  RenderText {#text} at (172,593) size 4x16
                    text run at (172,593) width 4: " "
                  RenderBR {BR} at (176,606) size 0x0
                  RenderInline {A} at (0,0) size 164x16 [color=#0000EE]
                    RenderText {#text} at (0,609) size 164x16
                      text run at (0,609) width 164: "Rules for Result Data Types"
                  RenderText {#text} at (164,609) size 4x16
                    text run at (164,609) width 4: " "
                  RenderBR {BR} at (168,622) size 0x0
                  RenderInline {A} at (0,0) size 101x16 [color=#0000EE]
                    RenderText {#text} at (0,625) size 101x16
                      text run at (0,625) width 101: "Character Strings"
                  RenderText {#text} at (101,625) size 4x16
                    text run at (101,625) width 4: " "
                  RenderBR {BR} at (105,638) size 0x0
                  RenderInline {A} at (0,0) size 90x16 [color=#0000EE]
                    RenderText {#text} at (0,641) size 90x16
                      text run at (0,641) width 90: "Graphic Strings"
                  RenderText {#text} at (90,641) size 4x16
                    text run at (90,641) width 4: " "
                  RenderBR {BR} at (94,654) size 0x0
                  RenderInline {A} at (0,0) size 162x16 [color=#0000EE]
                    RenderText {#text} at (0,657) size 162x16
                      text run at (0,657) width 162: "Binary Large Object (BLOB)"
                  RenderText {#text} at (162,657) size 4x16
                    text run at (162,657) width 4: " "
                  RenderBR {BR} at (166,670) size 0x0
                  RenderInline {A} at (0,0) size 48x16 [color=#0000EE]
                    RenderText {#text} at (0,673) size 48x16
                      text run at (0,673) width 48: "Numeric"
                  RenderText {#text} at (48,673) size 4x16
                    text run at (48,673) width 4: " "
                  RenderBR {BR} at (52,686) size 0x0
                  RenderInline {A} at (0,0) size 35x16 [color=#0000EE]
                    RenderText {#text} at (0,689) size 35x16
                      text run at (0,689) width 35: "DATE"
                  RenderText {#text} at (35,689) size 4x16
                    text run at (35,689) width 4: " "
                  RenderBR {BR} at (39,702) size 0x0
                  RenderInline {A} at (0,0) size 32x16 [color=#0000EE]
                    RenderText {#text} at (0,705) size 32x16
                      text run at (0,705) width 32: "TIME"
                  RenderText {#text} at (32,705) size 4x16
                    text run at (32,705) width 4: " "
                  RenderBR {BR} at (36,718) size 0x0
                  RenderInline {A} at (0,0) size 78x16 [color=#0000EE]
                    RenderText {#text} at (0,721) size 78x16
                      text run at (0,721) width 78: "TIMESTAMP"
                  RenderText {#text} at (78,721) size 4x16
                    text run at (78,721) width 4: " "
                  RenderBR {BR} at (82,734) size 0x0
                  RenderInline {A} at (0,0) size 64x16 [color=#0000EE]
                    RenderText {#text} at (0,737) size 64x16
                      text run at (0,737) width 64: "DATALINK"
                  RenderText {#text} at (64,737) size 4x16
                    text run at (64,737) width 4: " "
                  RenderBR {BR} at (68,750) size 0x0
                  RenderInline {A} at (0,0) size 113x16 [color=#0000EE]
                    RenderText {#text} at (0,753) size 113x16
                      text run at (0,753) width 113: "User-defined Types"
                  RenderText {#text} at (113,753) size 4x16
                    text run at (113,753) width 4: " "
                  RenderBR {BR} at (117,766) size 0x0
                  RenderInline {A} at (0,0) size 155x16 [color=#0000EE]
                    RenderText {#text} at (0,769) size 155x16
                      text run at (0,769) width 155: "Nullable Attribute of Result"
                  RenderText {#text} at (155,769) size 4x16
                    text run at (155,769) width 4: " "
                  RenderBR {BR} at (159,782) size 0x0
                  RenderInline {A} at (0,0) size 166x16 [color=#0000EE]
                    RenderText {#text} at (0,785) size 166x16
                      text run at (0,785) width 166: "Rules for String Conversions"
                  RenderText {#text} at (166,785) size 4x16
                    text run at (166,785) width 4: " "
                  RenderBR {BR} at (170,798) size 0x0
                  RenderInline {A} at (0,0) size 127x16 [color=#0000EE]
                    RenderText {#text} at (0,801) size 127x16
                      text run at (0,801) width 127: "Partition Compatibility"
                  RenderText {#text} at (127,801) size 4x16
                    text run at (127,801) width 4: " "
                  RenderBR {BR} at (131,814) size 0x0
                  RenderInline {A} at (0,0) size 59x16 [color=#0000EE]
                    RenderText {#text} at (0,817) size 59x16
                      text run at (0,817) width 59: "Constants"
                  RenderText {#text} at (59,817) size 4x16
                    text run at (59,817) width 4: " "
                  RenderBR {BR} at (63,830) size 0x0
                  RenderInline {A} at (0,0) size 103x16 [color=#0000EE]
                    RenderText {#text} at (0,833) size 103x16
                      text run at (0,833) width 103: "Integer Constants"
                  RenderText {#text} at (103,833) size 4x16
                    text run at (103,833) width 4: " "
                  RenderBR {BR} at (107,846) size 0x0
                  RenderInline {A} at (0,0) size 143x16 [color=#0000EE]
                    RenderText {#text} at (0,849) size 143x16
                      text run at (0,849) width 143: "Floating-Point Constants"
                  RenderText {#text} at (143,849) size 4x16
                    text run at (143,849) width 4: " "
                  RenderBR {BR} at (147,862) size 0x0
                  RenderInline {A} at (0,0) size 110x16 [color=#0000EE]
                    RenderText {#text} at (0,865) size 110x16
                      text run at (0,865) width 110: "Decimal Constants"
                  RenderText {#text} at (110,865) size 4x16
                    text run at (110,865) width 4: " "
                  RenderBR {BR} at (114,878) size 0x0
                  RenderInline {A} at (0,0) size 157x16 [color=#0000EE]
                    RenderText {#text} at (0,881) size 157x16
                      text run at (0,881) width 157: "Character String Constants"
                  RenderText {#text} at (157,881) size 4x16
                    text run at (157,881) width 4: " "
                  RenderBR {BR} at (161,894) size 0x0
                  RenderInline {A} at (0,0) size 138x16 [color=#0000EE]
                    RenderText {#text} at (0,897) size 138x16
                      text run at (0,897) width 138: "Hexadecimal Constants"
                  RenderText {#text} at (138,897) size 4x16
                    text run at (138,897) width 4: " "
                  RenderBR {BR} at (142,910) size 0x0
                  RenderInline {A} at (0,0) size 146x16 [color=#0000EE]
                    RenderText {#text} at (0,913) size 146x16
                      text run at (0,913) width 146: "Graphic String Constants"
                  RenderText {#text} at (146,913) size 4x16
                    text run at (146,913) width 4: " "
                  RenderBR {BR} at (150,926) size 0x0
                  RenderInline {A} at (0,0) size 240x16 [color=#0000EE]
                    RenderText {#text} at (0,929) size 240x16
                      text run at (0,929) width 240: "Using Constants with User-defined Types"
                  RenderText {#text} at (240,929) size 4x16
                    text run at (240,929) width 4: " "
                  RenderBR {BR} at (244,942) size 0x0
                  RenderInline {A} at (0,0) size 102x16 [color=#0000EE]
                    RenderText {#text} at (0,945) size 102x16
                      text run at (0,945) width 102: "Special Registers"
                  RenderText {#text} at (102,945) size 4x16
                    text run at (102,945) width 4: " "
                  RenderBR {BR} at (106,958) size 0x0
                  RenderInline {A} at (0,0) size 101x16 [color=#0000EE]
                    RenderText {#text} at (0,961) size 101x16
                      text run at (0,961) width 101: "CURRENT DATE"
                  RenderText {#text} at (101,961) size 4x16
                    text run at (101,961) width 4: " "
                  RenderBR {BR} at (105,974) size 0x0
                  RenderInline {A} at (0,0) size 262x16 [color=#0000EE]
                    RenderText {#text} at (0,977) size 262x16
                      text run at (0,977) width 262: "CURRENT DEFAULT TRANSFORM GROUP"
                  RenderText {#text} at (262,977) size 4x16
                    text run at (262,977) width 4: " "
                  RenderBR {BR} at (266,990) size 0x0
                  RenderInline {A} at (0,0) size 121x16 [color=#0000EE]
                    RenderText {#text} at (0,993) size 121x16
                      text run at (0,993) width 121: "CURRENT DEGREE"
                  RenderText {#text} at (121,993) size 4x16
                    text run at (121,993) width 4: " "
                  RenderBR {BR} at (125,1006) size 0x0
                  RenderInline {A} at (0,0) size 165x16 [color=#0000EE]
                    RenderText {#text} at (0,1009) size 165x16
                      text run at (0,1009) width 165: "CURRENT EXPLAIN MODE"
                  RenderText {#text} at (165,1009) size 4x16
                    text run at (165,1009) width 4: " "
                  RenderBR {BR} at (169,1022) size 0x0
                  RenderInline {A} at (0,0) size 198x16 [color=#0000EE]
                    RenderText {#text} at (0,1025) size 198x16
                      text run at (0,1025) width 198: "CURRENT EXPLAIN SNAPSHOT"
                  RenderText {#text} at (198,1025) size 4x16
                    text run at (198,1025) width 4: " "
                  RenderBR {BR} at (202,1038) size 0x0
                  RenderInline {A} at (0,0) size 103x16 [color=#0000EE]
                    RenderText {#text} at (0,1041) size 103x16
                      text run at (0,1041) width 103: "CURRENT NODE"
                  RenderText {#text} at (103,1041) size 4x16
                    text run at (103,1041) width 4: " "
                  RenderBR {BR} at (107,1054) size 0x0
                  RenderInline {A} at (0,0) size 101x16 [color=#0000EE]
                    RenderText {#text} at (0,1057) size 101x16
                      text run at (0,1057) width 101: "CURRENT PATH"
                  RenderText {#text} at (101,1057) size 4x16
                    text run at (101,1057) width 4: " "
                  RenderBR {BR} at (105,1070) size 0x0
                  RenderInline {A} at (0,0) size 210x16 [color=#0000EE]
                    RenderText {#text} at (0,1073) size 210x16
                      text run at (0,1073) width 210: "CURRENT QUERY OPTIMIZATION"
                  RenderText {#text} at (210,1073) size 4x16
                    text run at (210,1073) width 4: " "
                  RenderBR {BR} at (214,1086) size 0x0
                  RenderInline {A} at (0,0) size 160x16 [color=#0000EE]
                    RenderText {#text} at (0,1089) size 160x16
                      text run at (0,1089) width 160: "CURRENT REFRESH AGE"
                  RenderText {#text} at (160,1089) size 4x16
                    text run at (160,1089) width 4: " "
                  RenderBR {BR} at (164,1102) size 0x0
                  RenderInline {A} at (0,0) size 122x16 [color=#0000EE]
                    RenderText {#text} at (0,1105) size 122x16
                      text run at (0,1105) width 122: "CURRENT SCHEMA"
                  RenderText {#text} at (122,1105) size 4x16
                    text run at (122,1105) width 4: " "
                  RenderBR {BR} at (126,1118) size 0x0
                  RenderInline {A} at (0,0) size 120x16 [color=#0000EE]
                    RenderText {#text} at (0,1121) size 120x16
                      text run at (0,1121) width 120: "CURRENT SERVER"
                  RenderText {#text} at (120,1121) size 4x16
                    text run at (120,1121) width 4: " "
                  RenderBR {BR} at (124,1134) size 0x0
                  RenderInline {A} at (0,0) size 98x16 [color=#0000EE]
                    RenderText {#text} at (0,1137) size 98x16
                      text run at (0,1137) width 98: "CURRENT TIME"
                  RenderText {#text} at (98,1137) size 4x16
                    text run at (98,1137) width 4: " "
                  RenderBR {BR} at (102,1150) size 0x0
                  RenderInline {A} at (0,0) size 144x16 [color=#0000EE]
                    RenderText {#text} at (0,1153) size 144x16
                      text run at (0,1153) width 144: "CURRENT TIMESTAMP"
                  RenderText {#text} at (144,1153) size 4x16
                    text run at (144,1153) width 4: " "
                  RenderBR {BR} at (148,1166) size 0x0
                  RenderInline {A} at (0,0) size 134x16 [color=#0000EE]
                    RenderText {#text} at (0,1169) size 134x16
                      text run at (0,1169) width 134: "CURRENT TIMEZONE"
                  RenderText {#text} at (134,1169) size 4x16
                    text run at (134,1169) width 4: " "
                  RenderBR {BR} at (138,1182) size 0x0
                  RenderInline {A} at (0,0) size 36x16 [color=#0000EE]
                    RenderText {#text} at (0,1185) size 36x16
                      text run at (0,1185) width 36: "USER"
                  RenderText {#text} at (36,1185) size 4x16
                    text run at (36,1185) width 4: " "
                  RenderBR {BR} at (40,1198) size 0x0
                  RenderInline {A} at (0,0) size 89x16 [color=#0000EE]
                    RenderText {#text} at (0,1201) size 89x16
                      text run at (0,1201) width 89: "Column Names"
                  RenderText {#text} at (89,1201) size 4x16
                    text run at (89,1201) width 4: " "
                  RenderBR {BR} at (93,1214) size 0x0
                  RenderInline {A} at (0,0) size 144x16 [color=#0000EE]
                    RenderText {#text} at (0,1217) size 144x16
                      text run at (0,1217) width 144: "Qualified Column Names"
                  RenderText {#text} at (144,1217) size 4x16
                    text run at (144,1217) width 4: " "
                  RenderBR {BR} at (148,1230) size 0x0
                  RenderInline {A} at (0,0) size 107x16 [color=#0000EE]
                    RenderText {#text} at (0,1233) size 107x16
                      text run at (0,1233) width 107: "Correlation Names"
                  RenderText {#text} at (107,1233) size 4x16
                    text run at (107,1233) width 4: " "
                  RenderBR {BR} at (111,1246) size 0x0
                  RenderInline {A} at (0,0) size 255x16 [color=#0000EE]
                    RenderText {#text} at (0,1249) size 255x16
                      text run at (0,1249) width 255: "Column Name Qualifiers to Avoid Ambiguity"
                  RenderText {#text} at (255,1249) size 4x16
                    text run at (255,1249) width 4: " "
                  RenderBR {BR} at (259,1262) size 0x0
                  RenderInline {A} at (0,0) size 288x16 [color=#0000EE]
                    RenderText {#text} at (0,1265) size 288x16
                      text run at (0,1265) width 288: "Column Name Qualifiers in Correlated References"
                  RenderText {#text} at (288,1265) size 4x16
                    text run at (288,1265) width 4: " "
                  RenderBR {BR} at (292,1278) size 0x0
                  RenderInline {A} at (0,0) size 170x16 [color=#0000EE]
                    RenderText {#text} at (0,1281) size 170x16
                      text run at (0,1281) width 170: "References to Host Variables"
                  RenderText {#text} at (170,1281) size 4x16
                    text run at (170,1281) width 4: " "
                  RenderBR {BR} at (174,1294) size 0x0
                  RenderInline {A} at (0,0) size 184x16 [color=#0000EE]
                    RenderText {#text} at (0,1297) size 184x16
                      text run at (0,1297) width 184: "Host Variables in Dynamic SQL"
                  RenderText {#text} at (184,1297) size 4x16
                    text run at (184,1297) width 4: " "
                  RenderBR {BR} at (188,1310) size 0x0
                  RenderInline {A} at (0,0) size 338x16 [color=#0000EE]
                    RenderText {#text} at (0,1313) size 338x16
                      text run at (0,1313) width 338: "References to BLOB, CLOB, and DBCLOB Host Variables"
                  RenderText {#text} at (338,1313) size 4x16
                    text run at (338,1313) width 4: " "
                  RenderBR {BR} at (342,1326) size 0x0
                  RenderInline {A} at (0,0) size 186x16 [color=#0000EE]
                    RenderText {#text} at (0,1329) size 186x16
                      text run at (0,1329) width 186: "References to Locator Variables"
                  RenderText {#text} at (186,1329) size 4x16
                    text run at (186,1329) width 4: " "
                  RenderBR {BR} at (190,1342) size 0x0
                  RenderInline {A} at (0,0) size 395x16 [color=#0000EE]
                    RenderText {#text} at (0,1345) size 395x16
                      text run at (0,1345) width 395: "References to BLOB, CLOB, and DBCLOB File Reference Variables"
                  RenderText {#text} at (395,1345) size 4x16
                    text run at (395,1345) width 4: " "
                  RenderBR {BR} at (399,1358) size 0x0
                  RenderInline {A} at (0,0) size 267x16 [color=#0000EE]
                    RenderText {#text} at (0,1361) size 267x16
                      text run at (0,1361) width 267: "References to Structured Type Host Variables"
                  RenderText {#text} at (267,1361) size 4x16
                    text run at (267,1361) width 4: " "
                  RenderBR {BR} at (271,1374) size 0x0
                  RenderInline {A} at (0,0) size 57x16 [color=#0000EE]
                    RenderText {#text} at (0,1377) size 57x16
                      text run at (0,1377) width 57: "Functions"
                  RenderText {#text} at (57,1377) size 4x16
                    text run at (57,1377) width 4: " "
                  RenderBR {BR} at (61,1390) size 0x0
                  RenderInline {A} at (0,0) size 299x16 [color=#0000EE]
                    RenderText {#text} at (0,1393) size 299x16
                      text run at (0,1393) width 299: "External, SQL and Sourced User-Defined Functions"
                  RenderText {#text} at (299,1393) size 4x16
                    text run at (299,1393) width 4: " "
                  RenderBR {BR} at (303,1406) size 0x0
                  RenderInline {A} at (0,0) size 323x16 [color=#0000EE]
                    RenderText {#text} at (0,1409) size 323x16
                      text run at (0,1409) width 323: "Scalar, Column, Row and Table User-Defined Functions"
                  RenderText {#text} at (323,1409) size 4x16
                    text run at (323,1409) width 4: " "
                  RenderBR {BR} at (327,1422) size 0x0
                  RenderInline {A} at (0,0) size 114x16 [color=#0000EE]
                    RenderText {#text} at (0,1425) size 114x16
                      text run at (0,1425) width 114: "Function signatures"
                  RenderText {#text} at (114,1425) size 4x16
                    text run at (114,1425) width 4: " "
                  RenderBR {BR} at (118,1438) size 0x0
                  RenderInline {A} at (0,0) size 57x16 [color=#0000EE]
                    RenderText {#text} at (0,1441) size 57x16
                      text run at (0,1441) width 57: "SQL Path"
                  RenderText {#text} at (57,1441) size 4x16
                    text run at (57,1441) width 4: " "
                  RenderBR {BR} at (61,1454) size 0x0
                  RenderInline {A} at (0,0) size 115x16 [color=#0000EE]
                    RenderText {#text} at (0,1457) size 115x16
                      text run at (0,1457) width 115: "Function Resolution"
                  RenderText {#text} at (115,1457) size 4x16
                    text run at (115,1457) width 4: " "
                  RenderBR {BR} at (119,1470) size 0x0
                  RenderInline {A} at (0,0) size 114x16 [color=#0000EE]
                    RenderText {#text} at (0,1473) size 114x16
                      text run at (0,1473) width 114: "Function Invocation"
                  RenderText {#text} at (114,1473) size 4x16
                    text run at (114,1473) width 4: " "
                  RenderBR {BR} at (118,1486) size 0x0
                  RenderInline {A} at (0,0) size 50x16 [color=#0000EE]
                    RenderText {#text} at (0,1489) size 50x16
                      text run at (0,1489) width 50: "Methods"
                  RenderText {#text} at (50,1489) size 4x16
                    text run at (50,1489) width 4: " "
                  RenderBR {BR} at (54,1502) size 0x0
                  RenderInline {A} at (0,0) size 236x16 [color=#0000EE]
                    RenderText {#text} at (0,1505) size 236x16
                      text run at (0,1505) width 236: "External and SQL User-Defined Methods"
                  RenderText {#text} at (236,1505) size 4x16
                    text run at (236,1505) width 4: " "
                  RenderBR {BR} at (240,1518) size 0x0
                  RenderInline {A} at (0,0) size 109x16 [color=#0000EE]
                    RenderText {#text} at (0,1521) size 109x16
                      text run at (0,1521) width 109: "Method Signatures"
                  RenderText {#text} at (109,1521) size 4x16
                    text run at (109,1521) width 4: " "
                  RenderBR {BR} at (113,1534) size 0x0
                  RenderInline {A} at (0,0) size 107x16 [color=#0000EE]
                    RenderText {#text} at (0,1537) size 107x16
                      text run at (0,1537) width 107: "Method Invocation"
                  RenderText {#text} at (107,1537) size 4x16
                    text run at (107,1537) width 4: " "
                  RenderBR {BR} at (111,1550) size 0x0
                  RenderInline {A} at (0,0) size 108x16 [color=#0000EE]
                    RenderText {#text} at (0,1553) size 108x16
                      text run at (0,1553) width 108: "Method Resolution"
                  RenderText {#text} at (108,1553) size 4x16
                    text run at (108,1553) width 4: " "
                  RenderBR {BR} at (112,1566) size 0x0
                  RenderInline {A} at (0,0) size 188x16 [color=#0000EE]
                    RenderText {#text} at (0,1569) size 188x16
                      text run at (0,1569) width 188: "Method of Choosing the Best Fit"
                  RenderText {#text} at (188,1569) size 4x16
                    text run at (188,1569) width 4: " "
                  RenderBR {BR} at (192,1582) size 0x0
                  RenderInline {A} at (0,0) size 178x16 [color=#0000EE]
                    RenderText {#text} at (0,1585) size 178x16
                      text run at (0,1585) width 178: "Example of Method Resolution"
                  RenderText {#text} at (178,1585) size 4x16
                    text run at (178,1585) width 4: " "
                  RenderBR {BR} at (182,1598) size 0x0
                  RenderInline {A} at (0,0) size 107x16 [color=#0000EE]
                    RenderText {#text} at (0,1601) size 107x16
                      text run at (0,1601) width 107: "Method Invocation"
                  RenderText {#text} at (107,1601) size 4x16
                    text run at (107,1601) width 4: " "
                  RenderBR {BR} at (111,1614) size 0x0
                  RenderInline {A} at (0,0) size 189x16 [color=#0000EE]
                    RenderText {#text} at (0,1617) size 189x16
                      text run at (0,1617) width 189: "Conservative Binding Semantics"
                  RenderText {#text} at (189,1617) size 4x16
                    text run at (189,1617) width 4: " "
                  RenderBR {BR} at (193,1630) size 0x0
                  RenderInline {A} at (0,0) size 72x16 [color=#0000EE]
                    RenderText {#text} at (0,1633) size 72x16
                      text run at (0,1633) width 72: "Expressions"
                  RenderText {#text} at (72,1633) size 4x16
                    text run at (72,1633) width 4: " "
                  RenderBR {BR} at (76,1646) size 0x0
                  RenderInline {A} at (0,0) size 105x16 [color=#0000EE]
                    RenderText {#text} at (0,1649) size 105x16
                      text run at (0,1649) width 105: "Without Operators"
                  RenderText {#text} at (105,1649) size 4x16
                    text run at (105,1649) width 4: " "
                  RenderBR {BR} at (109,1662) size 0x0
                  RenderInline {A} at (0,0) size 189x16 [color=#0000EE]
                    RenderText {#text} at (0,1665) size 189x16
                      text run at (0,1665) width 189: "With the Concatenation Operator"
                  RenderText {#text} at (189,1665) size 4x16
                    text run at (189,1665) width 4: " "
                  RenderBR {BR} at (193,1678) size 0x0
                  RenderInline {A} at (0,0) size 150x16 [color=#0000EE]
                    RenderText {#text} at (0,1681) size 150x16
                      text run at (0,1681) width 150: "With Arithmetic Operators"
                  RenderText {#text} at (150,1681) size 4x16
                    text run at (150,1681) width 4: " "
                  RenderBR {BR} at (154,1694) size 0x0
                  RenderInline {A} at (0,0) size 128x16 [color=#0000EE]
                    RenderText {#text} at (0,1697) size 128x16
                      text run at (0,1697) width 128: "Two Integer Operands"
                  RenderText {#text} at (128,1697) size 4x16
                    text run at (128,1697) width 4: " "
                  RenderBR {BR} at (132,1710) size 0x0
                  RenderInline {A} at (0,0) size 176x16 [color=#0000EE]
                    RenderText {#text} at (0,1713) size 176x16
                      text run at (0,1713) width 176: "Integer and Decimal Operands"
                  RenderText {#text} at (176,1713) size 4x16
                    text run at (176,1713) width 4: " "
                  RenderBR {BR} at (180,1726) size 0x0
                  RenderInline {A} at (0,0) size 135x16 [color=#0000EE]
                    RenderText {#text} at (0,1729) size 135x16
                      text run at (0,1729) width 135: "Two Decimal Operands"
                  RenderText {#text} at (135,1729) size 4x16
                    text run at (135,1729) width 4: " "
                  RenderBR {BR} at (139,1742) size 0x0
                  RenderInline {A} at (0,0) size 154x16 [color=#0000EE]
                    RenderText {#text} at (0,1745) size 154x16
                      text run at (0,1745) width 154: "Decimal Arithmetic in SQL"
                  RenderText {#text} at (154,1745) size 4x16
                    text run at (154,1745) width 4: " "
                  RenderBR {BR} at (158,1758) size 0x0
                  RenderInline {A} at (0,0) size 140x16 [color=#0000EE]
                    RenderText {#text} at (0,1761) size 140x16
                      text run at (0,1761) width 140: "Floating-Point Operands"
                  RenderText {#text} at (140,1761) size 4x16
                    text run at (140,1761) width 4: " "
                  RenderBR {BR} at (144,1774) size 0x0
                  RenderInline {A} at (0,0) size 191x16 [color=#0000EE]
                    RenderText {#text} at (0,1777) size 191x16
                      text run at (0,1777) width 191: "User-defined Types as Operands"
                  RenderText {#text} at (191,1777) size 4x16
                    text run at (191,1777) width 4: " "
                  RenderBR {BR} at (195,1790) size 0x0
                  RenderInline {A} at (0,0) size 97x16 [color=#0000EE]
                    RenderText {#text} at (0,1793) size 97x16
                      text run at (0,1793) width 97: "Scalar Fullselect"
                  RenderText {#text} at (97,1793) size 4x16
                    text run at (97,1793) width 4: " "
                  RenderBR {BR} at (101,1806) size 0x0
                  RenderInline {A} at (0,0) size 203x16 [color=#0000EE]
                    RenderText {#text} at (0,1809) size 203x16
                      text run at (0,1809) width 203: "Datetime Operations and Durations"
                  RenderText {#text} at (203,1809) size 4x16
                    text run at (203,1809) width 4: " "
                  RenderBR {BR} at (207,1822) size 0x0
                  RenderInline {A} at (0,0) size 159x16 [color=#0000EE]
                    RenderText {#text} at (0,1825) size 159x16
                      text run at (0,1825) width 159: "Datetime Arithmetic in SQL"
                  RenderText {#text} at (159,1825) size 4x16
                    text run at (159,1825) width 4: " "
                  RenderBR {BR} at (163,1838) size 0x0
                  RenderInline {A} at (0,0) size 151x16 [color=#0000EE]
                    RenderText {#text} at (0,1841) size 151x16
                      text run at (0,1841) width 151: "Precedence of Operations"
                  RenderText {#text} at (151,1841) size 4x16
                    text run at (151,1841) width 4: " "
                  RenderBR {BR} at (155,1854) size 0x0
                  RenderInline {A} at (0,0) size 112x16 [color=#0000EE]
                    RenderText {#text} at (0,1857) size 112x16
                      text run at (0,1857) width 112: "CASE Expressions"
                  RenderText {#text} at (112,1857) size 4x16
                    text run at (112,1857) width 4: " "
                  RenderBR {BR} at (116,1870) size 0x0
                  RenderInline {A} at (0,0) size 121x16 [color=#0000EE]
                    RenderText {#text} at (0,1873) size 121x16
                      text run at (0,1873) width 121: "CAST Specifications"
                  RenderText {#text} at (121,1873) size 4x16
                    text run at (121,1873) width 4: " "
                  RenderBR {BR} at (125,1886) size 0x0
                  RenderInline {A} at (0,0) size 137x16 [color=#0000EE]
                    RenderText {#text} at (0,1889) size 137x16
                      text run at (0,1889) width 137: "Dereference Operations"
                  RenderText {#text} at (137,1889) size 4x16
                    text run at (137,1889) width 4: " "
                  RenderBR {BR} at (141,1902) size 0x0
                  RenderInline {A} at (0,0) size 96x16 [color=#0000EE]
                    RenderText {#text} at (0,1905) size 96x16
                      text run at (0,1905) width 96: "OLAP Functions"
                  RenderText {#text} at (96,1905) size 4x16
                    text run at (96,1905) width 4: " "
                  RenderBR {BR} at (100,1918) size 0x0
                  RenderInline {A} at (0,0) size 107x16 [color=#0000EE]
                    RenderText {#text} at (0,1921) size 107x16
                      text run at (0,1921) width 107: "Method Invocation"
                  RenderText {#text} at (107,1921) size 4x16
                    text run at (107,1921) width 4: " "
                  RenderBR {BR} at (111,1934) size 0x0
                  RenderInline {A} at (0,0) size 111x16 [color=#0000EE]
                    RenderText {#text} at (0,1937) size 111x16
                      text run at (0,1937) width 111: "Subtype Treatment"
                  RenderText {#text} at (111,1937) size 4x16
                    text run at (111,1937) width 4: " "
                  RenderBR {BR} at (115,1950) size 0x0
                  RenderInline {A} at (0,0) size 62x16 [color=#0000EE]
                    RenderText {#text} at (0,1953) size 62x16
                      text run at (0,1953) width 62: "Predicates"
                  RenderText {#text} at (62,1953) size 4x16
                    text run at (62,1953) width 4: " "
                  RenderBR {BR} at (66,1966) size 0x0
                  RenderInline {A} at (0,0) size 92x16 [color=#0000EE]
                    RenderText {#text} at (0,1969) size 92x16
                      text run at (0,1969) width 92: "Basic Predicate"
                  RenderText {#text} at (92,1969) size 4x16
                    text run at (92,1969) width 4: " "
                  RenderBR {BR} at (96,1982) size 0x0
                  RenderInline {A} at (0,0) size 118x16 [color=#0000EE]
                    RenderText {#text} at (0,1985) size 118x16
                      text run at (0,1985) width 118: "Quantified Predicate"
                  RenderText {#text} at (118,1985) size 4x16
                    text run at (118,1985) width 4: " "
                  RenderBR {BR} at (122,1998) size 0x0
                  RenderInline {A} at (0,0) size 124x16 [color=#0000EE]
                    RenderText {#text} at (0,2001) size 124x16
                      text run at (0,2001) width 124: "BETWEEN Predicate"
                  RenderText {#text} at (124,2001) size 4x16
                    text run at (124,2001) width 4: " "
                  RenderBR {BR} at (128,2014) size 0x0
                  RenderInline {A} at (0,0) size 107x16 [color=#0000EE]
                    RenderText {#text} at (0,2017) size 107x16
                      text run at (0,2017) width 107: "EXISTS Predicate"
                  RenderText {#text} at (107,2017) size 4x16
                    text run at (107,2017) width 4: " "
                  RenderBR {BR} at (111,2030) size 0x0
                  RenderInline {A} at (0,0) size 72x16 [color=#0000EE]
                    RenderText {#text} at (0,2033) size 72x16
                      text run at (0,2033) width 72: "IN Predicate"
                  RenderText {#text} at (72,2033) size 4x16
                    text run at (72,2033) width 4: " "
                  RenderBR {BR} at (76,2046) size 0x0
                  RenderInline {A} at (0,0) size 88x16 [color=#0000EE]
                    RenderText {#text} at (0,2049) size 88x16
                      text run at (0,2049) width 88: "LIKE Predicate"
                  RenderText {#text} at (88,2049) size 4x16
                    text run at (88,2049) width 4: " "
                  RenderBR {BR} at (92,2062) size 0x0
                  RenderInline {A} at (0,0) size 91x16 [color=#0000EE]
                    RenderText {#text} at (0,2065) size 91x16
                      text run at (0,2065) width 91: "NULL Predicate"
                  RenderText {#text} at (91,2065) size 4x16
                    text run at (91,2065) width 4: " "
                  RenderBR {BR} at (95,2078) size 0x0
                  RenderInline {A} at (0,0) size 94x16 [color=#0000EE]
                    RenderText {#text} at (0,2081) size 94x16
                      text run at (0,2081) width 94: "TYPE Predicate"
                  RenderText {#text} at (94,2081) size 4x16
                    text run at (94,2081) width 4: " "
                  RenderBR {BR} at (98,2094) size 0x0
                  RenderInline {A} at (0,0) size 106x16 [color=#0000EE]
                    RenderText {#text} at (0,2097) size 106x16
                      text run at (0,2097) width 106: "Search Conditions"
                  RenderText {#text} at (106,2097) size 4x16
                    text run at (106,2097) width 4: " "
                  RenderBR {BR} at (110,2110) size 0x0
                  RenderInline {A} at (0,0) size 58x16 [color=#0000EE]
                    RenderText {#text} at (0,2113) size 58x16
                      text run at (0,2113) width 58: "Examples"
                  RenderText {#text} at (0,0) size 0x0
                RenderBlock {P} at (0,3516) size 715x2065
                  RenderInline {B} at (0,0) size 62x16
                    RenderInline {A} at (0,0) size 62x16 [color=#0000EE]
                      RenderText {#text} at (0,0) size 62x16
                        text run at (0,0) width 62: "Functions"
                  RenderBR {BR} at (62,13) size 0x0
                  RenderBR {BR} at (0,17) size 0x16
                  RenderInline {A} at (0,0) size 105x16 [color=#0000EE]
                    RenderText {#text} at (0,33) size 105x16
                      text run at (0,33) width 105: "Column Functions"
                  RenderText {#text} at (105,33) size 4x16
                    text run at (105,33) width 4: " "
                  RenderBR {BR} at (109,46) size 0x0
                  RenderInline {A} at (0,0) size 28x16 [color=#0000EE]
                    RenderText {#text} at (0,49) size 28x16
                      text run at (0,49) width 28: "AVG"
                  RenderText {#text} at (28,49) size 4x16
                    text run at (28,49) width 4: " "
                  RenderBR {BR} at (32,62) size 0x0
                  RenderInline {A} at (0,0) size 93x16 [color=#0000EE]
                    RenderText {#text} at (0,65) size 93x16
                      text run at (0,65) width 93: "CORRELATION"
                  RenderText {#text} at (93,65) size 4x16
                    text run at (93,65) width 4: " "
                  RenderBR {BR} at (97,78) size 0x0
                  RenderInline {A} at (0,0) size 45x16 [color=#0000EE]
                    RenderText {#text} at (0,81) size 45x16
                      text run at (0,81) width 45: "COUNT"
                  RenderText {#text} at (45,81) size 4x16
                    text run at (45,81) width 4: " "
                  RenderBR {BR} at (49,94) size 0x0
                  RenderInline {A} at (0,0) size 75x16 [color=#0000EE]
                    RenderText {#text} at (0,97) size 75x16
                      text run at (0,97) width 75: "COUNT_BIG"
                  RenderText {#text} at (75,97) size 4x16
                    text run at (75,97) width 4: " "
                  RenderBR {BR} at (79,110) size 0x0
                  RenderInline {A} at (0,0) size 86x16 [color=#0000EE]
                    RenderText {#text} at (0,113) size 86x16
                      text run at (0,113) width 86: "COVARIANCE"
                  RenderText {#text} at (86,113) size 4x16
                    text run at (86,113) width 4: " "
                  RenderBR {BR} at (90,126) size 0x0
                  RenderInline {A} at (0,0) size 70x16 [color=#0000EE]
                    RenderText {#text} at (0,129) size 70x16
                      text run at (0,129) width 70: "GROUPING"
                  RenderText {#text} at (70,129) size 4x16
                    text run at (70,129) width 4: " "
                  RenderBR {BR} at (74,142) size 0x0
                  RenderInline {A} at (0,0) size 29x16 [color=#0000EE]
                    RenderText {#text} at (0,145) size 29x16
                      text run at (0,145) width 29: "MAX"
                  RenderText {#text} at (29,145) size 4x16
                    text run at (29,145) width 4: " "
                  RenderBR {BR} at (33,158) size 0x0
                  RenderInline {A} at (0,0) size 24x16 [color=#0000EE]
                    RenderText {#text} at (0,161) size 24x16
                      text run at (0,161) width 24: "MIN"
                  RenderText {#text} at (24,161) size 4x16
                    text run at (24,161) width 4: " "
                  RenderBR {BR} at (28,174) size 0x0
                  RenderInline {A} at (0,0) size 148x16 [color=#0000EE]
                    RenderText {#text} at (0,177) size 148x16
                      text run at (0,177) width 148: "REGRESSION Functions"
                  RenderText {#text} at (148,177) size 4x16
                    text run at (148,177) width 4: " "
                  RenderBR {BR} at (152,190) size 0x0
                  RenderInline {A} at (0,0) size 53x16 [color=#0000EE]
                    RenderText {#text} at (0,193) size 53x16
                      text run at (0,193) width 53: "STDDEV"
                  RenderText {#text} at (53,193) size 4x16
                    text run at (53,193) width 4: " "
                  RenderBR {BR} at (57,206) size 0x0
                  RenderInline {A} at (0,0) size 29x16 [color=#0000EE]
                    RenderText {#text} at (0,209) size 29x16
                      text run at (0,209) width 29: "SUM"
                  RenderText {#text} at (29,209) size 4x16
                    text run at (29,209) width 4: " "
                  RenderBR {BR} at (33,222) size 0x0
                  RenderInline {A} at (0,0) size 67x16 [color=#0000EE]
                    RenderText {#text} at (0,225) size 67x16
                      text run at (0,225) width 67: "VARIANCE"
                  RenderText {#text} at (67,225) size 4x16
                    text run at (67,225) width 4: " "
                  RenderBR {BR} at (71,238) size 0x0
                  RenderInline {A} at (0,0) size 98x16 [color=#0000EE]
                    RenderText {#text} at (0,241) size 98x16
                      text run at (0,241) width 98: "Scalar Functions"
                  RenderText {#text} at (98,241) size 4x16
                    text run at (98,241) width 4: " "
                  RenderBR {BR} at (102,254) size 0x0
                  RenderInline {A} at (0,0) size 98x16 [color=#0000EE]
                    RenderText {#text} at (0,257) size 98x16
                      text run at (0,257) width 98: "ABS or ABSVAL"
                  RenderText {#text} at (98,257) size 4x16
                    text run at (98,257) width 4: " "
                  RenderBR {BR} at (102,270) size 0x0
                  RenderInline {A} at (0,0) size 37x16 [color=#0000EE]
                    RenderText {#text} at (0,273) size 37x16
                      text run at (0,273) width 37: "ACOS"
                  RenderText {#text} at (37,273) size 4x16
                    text run at (37,273) width 4: " "
                  RenderBR {BR} at (41,286) size 0x0
                  RenderInline {A} at (0,0) size 35x16 [color=#0000EE]
                    RenderText {#text} at (0,289) size 35x16
                      text run at (0,289) width 35: "ASCII"
                  RenderText {#text} at (35,289) size 4x16
                    text run at (35,289) width 4: " "
                  RenderBR {BR} at (39,302) size 0x0
                  RenderInline {A} at (0,0) size 31x16 [color=#0000EE]
                    RenderText {#text} at (0,305) size 31x16
                      text run at (0,305) width 31: "ASIN"
                  RenderText {#text} at (31,305) size 4x16
                    text run at (31,305) width 4: " "
                  RenderBR {BR} at (35,318) size 0x0
                  RenderInline {A} at (0,0) size 35x16 [color=#0000EE]
                    RenderText {#text} at (0,321) size 35x16
                      text run at (0,321) width 35: "ATAN"
                  RenderText {#text} at (35,321) size 4x16
                    text run at (35,321) width 4: " "
                  RenderBR {BR} at (39,334) size 0x0
                  RenderInline {A} at (0,0) size 42x16 [color=#0000EE]
                    RenderText {#text} at (0,337) size 42x16
                      text run at (0,337) width 42: "ATAN2"
                  RenderText {#text} at (42,337) size 4x16
                    text run at (42,337) width 4: " "
                  RenderBR {BR} at (46,350) size 0x0
                  RenderInline {A} at (0,0) size 44x16 [color=#0000EE]
                    RenderText {#text} at (0,353) size 44x16
                      text run at (0,353) width 44: "BIGINT"
                  RenderText {#text} at (44,353) size 4x16
                    text run at (44,353) width 4: " "
                  RenderBR {BR} at (48,366) size 0x0
                  RenderInline {A} at (0,0) size 35x16 [color=#0000EE]
                    RenderText {#text} at (0,369) size 35x16
                      text run at (0,369) width 35: "BLOB"
                  RenderText {#text} at (35,369) size 4x16
                    text run at (35,369) width 4: " "
                  RenderBR {BR} at (39,382) size 0x0
                  RenderInline {A} at (0,0) size 100x16 [color=#0000EE]
                    RenderText {#text} at (0,385) size 100x16
                      text run at (0,385) width 100: "CEILING or CEIL"
                  RenderText {#text} at (100,385) size 4x16
                    text run at (100,385) width 4: " "
                  RenderBR {BR} at (104,398) size 0x0
                  RenderInline {A} at (0,0) size 36x16 [color=#0000EE]
                    RenderText {#text} at (0,401) size 36x16
                      text run at (0,401) width 36: "CHAR"
                  RenderText {#text} at (36,401) size 4x16
                    text run at (36,401) width 4: " "
                  RenderBR {BR} at (40,414) size 0x0
                  RenderInline {A} at (0,0) size 27x16 [color=#0000EE]
                    RenderText {#text} at (0,417) size 27x16
                      text run at (0,417) width 27: "CHR"
                  RenderText {#text} at (27,417) size 4x16
                    text run at (27,417) width 4: " "
                  RenderBR {BR} at (31,430) size 0x0
                  RenderInline {A} at (0,0) size 35x16 [color=#0000EE]
                    RenderText {#text} at (0,433) size 35x16
                      text run at (0,433) width 35: "CLOB"
                  RenderText {#text} at (35,433) size 4x16
                    text run at (35,433) width 4: " "
                  RenderBR {BR} at (39,446) size 0x0
                  RenderInline {A} at (0,0) size 71x16 [color=#0000EE]
                    RenderText {#text} at (0,449) size 71x16
                      text run at (0,449) width 71: "COALESCE"
                  RenderText {#text} at (71,449) size 4x16
                    text run at (71,449) width 4: " "
                  RenderBR {BR} at (75,462) size 0x0
                  RenderInline {A} at (0,0) size 54x16 [color=#0000EE]
                    RenderText {#text} at (0,465) size 54x16
                      text run at (0,465) width 54: "CONCAT"
                  RenderText {#text} at (54,465) size 4x16
                    text run at (54,465) width 4: " "
                  RenderBR {BR} at (58,478) size 0x0
                  RenderInline {A} at (0,0) size 28x16 [color=#0000EE]
                    RenderText {#text} at (0,481) size 28x16
                      text run at (0,481) width 28: "COS"
                  RenderText {#text} at (28,481) size 4x16
                    text run at (28,481) width 4: " "
                  RenderBR {BR} at (32,494) size 0x0
                  RenderInline {A} at (0,0) size 27x16 [color=#0000EE]
                    RenderText {#text} at (0,497) size 27x16
                      text run at (0,497) width 27: "COT"
                  RenderText {#text} at (27,497) size 4x16
                    text run at (27,497) width 4: " "
                  RenderBR {BR} at (31,510) size 0x0
                  RenderInline {A} at (0,0) size 35x16 [color=#0000EE]
                    RenderText {#text} at (0,513) size 35x16
                      text run at (0,513) width 35: "DATE"
                  RenderText {#text} at (35,513) size 4x16
                    text run at (35,513) width 4: " "
                  RenderBR {BR} at (39,526) size 0x0
                  RenderInline {A} at (0,0) size 27x16 [color=#0000EE]
                    RenderText {#text} at (0,529) size 27x16
                      text run at (0,529) width 27: "DAY"
                  RenderText {#text} at (27,529) size 4x16
                    text run at (27,529) width 4: " "
                  RenderBR {BR} at (31,542) size 0x0
                  RenderInline {A} at (0,0) size 65x16 [color=#0000EE]
                    RenderText {#text} at (0,545) size 65x16
                      text run at (0,545) width 65: "DAYNAME"
                  RenderText {#text} at (65,545) size 4x16
                    text run at (65,545) width 4: " "
                  RenderBR {BR} at (69,558) size 0x0
                  RenderInline {A} at (0,0) size 84x16 [color=#0000EE]
                    RenderText {#text} at (0,561) size 84x16
                      text run at (0,561) width 84: "DAYOFWEEK"
                  RenderText {#text} at (84,561) size 4x16
                    text run at (84,561) width 4: " "
                  RenderBR {BR} at (88,574) size 0x0
                  RenderInline {A} at (0,0) size 114x16 [color=#0000EE]
                    RenderText {#text} at (0,577) size 114x16
                      text run at (0,577) width 114: "DAYOFWEEK_ISO"
                  RenderText {#text} at (114,577) size 4x16
                    text run at (114,577) width 4: " "
                  RenderBR {BR} at (118,590) size 0x0
                  RenderInline {A} at (0,0) size 81x16 [color=#0000EE]
                    RenderText {#text} at (0,593) size 81x16
                      text run at (0,593) width 81: "DAYOFYEAR"
                  RenderText {#text} at (81,593) size 4x16
                    text run at (81,593) width 4: " "
                  RenderBR {BR} at (85,606) size 0x0
                  RenderInline {A} at (0,0) size 36x16 [color=#0000EE]
                    RenderText {#text} at (0,609) size 36x16
                      text run at (0,609) width 36: "DAYS"
                  RenderText {#text} at (36,609) size 4x16
                    text run at (36,609) width 4: " "
                  RenderBR {BR} at (40,622) size 0x0
                  RenderInline {A} at (0,0) size 53x16 [color=#0000EE]
                    RenderText {#text} at (0,625) size 53x16
                      text run at (0,625) width 53: "DBCLOB"
                  RenderText {#text} at (53,625) size 4x16
                    text run at (53,625) width 4: " "
                  RenderBR {BR} at (57,638) size 0x0
                  RenderInline {A} at (0,0) size 58x16 [color=#0000EE]
                    RenderText {#text} at (0,641) size 58x16
                      text run at (0,641) width 58: "DECIMAL"
                  RenderText {#text} at (58,641) size 4x16
                    text run at (58,641) width 4: " "
                  RenderBR {BR} at (62,654) size 0x0
                  RenderInline {A} at (0,0) size 64x16 [color=#0000EE]
                    RenderText {#text} at (0,657) size 64x16
                      text run at (0,657) width 64: "DEGREES"
                  RenderText {#text} at (64,657) size 4x16
                    text run at (64,657) width 4: " "
                  RenderBR {BR} at (68,670) size 0x0
                  RenderInline {A} at (0,0) size 44x16 [color=#0000EE]
                    RenderText {#text} at (0,673) size 44x16
                      text run at (0,673) width 44: "DEREF"
                  RenderText {#text} at (44,673) size 4x16
                    text run at (44,673) width 4: " "
                  RenderBR {BR} at (48,686) size 0x0
                  RenderInline {A} at (0,0) size 83x16 [color=#0000EE]
                    RenderText {#text} at (0,689) size 83x16
                      text run at (0,689) width 83: "DIFFERENCE"
                  RenderText {#text} at (83,689) size 4x16
                    text run at (83,689) width 4: " "
                  RenderBR {BR} at (87,702) size 0x0
                  RenderInline {A} at (0,0) size 44x16 [color=#0000EE]
                    RenderText {#text} at (0,705) size 44x16
                      text run at (0,705) width 44: "DIGITS"
                  RenderText {#text} at (44,705) size 4x16
                    text run at (44,705) width 4: " "
                  RenderBR {BR} at (48,718) size 0x0
                  RenderInline {A} at (0,0) size 83x16 [color=#0000EE]
                    RenderText {#text} at (0,721) size 83x16
                      text run at (0,721) width 83: "DLCOMMENT"
                  RenderText {#text} at (83,721) size 4x16
                    text run at (83,721) width 4: " "
                  RenderBR {BR} at (87,734) size 0x0
                  RenderInline {A} at (0,0) size 80x16 [color=#0000EE]
                    RenderText {#text} at (0,737) size 80x16
                      text run at (0,737) width 80: "DLLINKTYPE"
                  RenderText {#text} at (80,737) size 4x16
                    text run at (80,737) width 4: " "
                  RenderBR {BR} at (84,750) size 0x0
                  RenderInline {A} at (0,0) size 113x16 [color=#0000EE]
                    RenderText {#text} at (0,753) size 113x16
                      text run at (0,753) width 113: "DLURLCOMPLETE"
                  RenderText {#text} at (113,753) size 4x16
                    text run at (113,753) width 4: " "
                  RenderBR {BR} at (117,766) size 0x0
                  RenderInline {A} at (0,0) size 76x16 [color=#0000EE]
                    RenderText {#text} at (0,769) size 76x16
                      text run at (0,769) width 76: "DLURLPATH"
                  RenderText {#text} at (76,769) size 4x16
                    text run at (76,769) width 4: " "
                  RenderBR {BR} at (80,782) size 0x0
                  RenderInline {A} at (0,0) size 111x16 [color=#0000EE]
                    RenderText {#text} at (0,785) size 111x16
                      text run at (0,785) width 111: "DLURLPATHONLY"
                  RenderText {#text} at (111,785) size 4x16
                    text run at (111,785) width 4: " "
                  RenderBR {BR} at (115,798) size 0x0
                  RenderInline {A} at (0,0) size 97x16 [color=#0000EE]
                    RenderText {#text} at (0,801) size 97x16
                      text run at (0,801) width 97: "DLURLSCHEME"
                  RenderText {#text} at (97,801) size 4x16
                    text run at (97,801) width 4: " "
                  RenderBR {BR} at (101,814) size 0x0
                  RenderInline {A} at (0,0) size 95x16 [color=#0000EE]
                    RenderText {#text} at (0,817) size 95x16
                      text run at (0,817) width 95: "DLURLSERVER"
                  RenderText {#text} at (95,817) size 4x16
                    text run at (95,817) width 4: " "
                  RenderBR {BR} at (99,830) size 0x0
                  RenderInline {A} at (0,0) size 59x16 [color=#0000EE]
                    RenderText {#text} at (0,833) size 59x16
                      text run at (0,833) width 59: "DLVALUE"
                  RenderText {#text} at (59,833) size 4x16
                    text run at (59,833) width 4: " "
                  RenderBR {BR} at (63,846) size 0x0
                  RenderInline {A} at (0,0) size 53x16 [color=#0000EE]
                    RenderText {#text} at (0,849) size 53x16
                      text run at (0,849) width 53: "DOUBLE"
                  RenderText {#text} at (53,849) size 4x16
                    text run at (53,849) width 4: " "
                  RenderBR {BR} at (57,862) size 0x0
                  RenderInline {A} at (0,0) size 131x16 [color=#0000EE]
                    RenderText {#text} at (0,865) size 131x16
                      text run at (0,865) width 131: "EVENT_MON_STATE"
                  RenderText {#text} at (131,865) size 4x16
                    text run at (131,865) width 4: " "
                  RenderBR {BR} at (135,878) size 0x0
                  RenderInline {A} at (0,0) size 27x16 [color=#0000EE]
                    RenderText {#text} at (0,881) size 27x16
                      text run at (0,881) width 27: "EXP"
                  RenderText {#text} at (27,881) size 4x16
                    text run at (27,881) width 4: " "
                  RenderBR {BR} at (31,894) size 0x0
                  RenderInline {A} at (0,0) size 42x16 [color=#0000EE]
                    RenderText {#text} at (0,897) size 42x16
                      text run at (0,897) width 42: "FLOAT"
                  RenderText {#text} at (42,897) size 4x16
                    text run at (42,897) width 4: " "
                  RenderBR {BR} at (46,910) size 0x0
                  RenderInline {A} at (0,0) size 44x16 [color=#0000EE]
                    RenderText {#text} at (0,913) size 44x16
                      text run at (0,913) width 44: "FLOOR"
                  RenderText {#text} at (44,913) size 4x16
                    text run at (44,913) width 4: " "
                  RenderBR {BR} at (48,926) size 0x0
                  RenderInline {A} at (0,0) size 129x16 [color=#0000EE]
                    RenderText {#text} at (0,929) size 129x16
                      text run at (0,929) width 129: "GENERATE_UNIQUE"
                  RenderText {#text} at (129,929) size 4x16
                    text run at (129,929) width 4: " "
                  RenderBR {BR} at (133,942) size 0x0
                  RenderInline {A} at (0,0) size 59x16 [color=#0000EE]
                    RenderText {#text} at (0,945) size 59x16
                      text run at (0,945) width 59: "GRAPHIC"
                  RenderText {#text} at (59,945) size 4x16
                    text run at (59,945) width 4: " "
                  RenderBR {BR} at (63,958) size 0x0
                  RenderInline {A} at (0,0) size 27x16 [color=#0000EE]
                    RenderText {#text} at (0,961) size 27x16
                      text run at (0,961) width 27: "HEX"
                  RenderText {#text} at (27,961) size 4x16
                    text run at (27,961) width 4: " "
                  RenderBR {BR} at (31,974) size 0x0
                  RenderInline {A} at (0,0) size 37x16 [color=#0000EE]
                    RenderText {#text} at (0,977) size 37x16
                      text run at (0,977) width 37: "HOUR"
                  RenderText {#text} at (37,977) size 4x16
                    text run at (37,977) width 4: " "
                  RenderBR {BR} at (41,990) size 0x0
                  RenderInline {A} at (0,0) size 48x16 [color=#0000EE]
                    RenderText {#text} at (0,993) size 48x16
                      text run at (0,993) width 48: "INSERT"
                  RenderText {#text} at (48,993) size 4x16
                    text run at (48,993) width 4: " "
                  RenderBR {BR} at (52,1006) size 0x0
                  RenderInline {A} at (0,0) size 58x16 [color=#0000EE]
                    RenderText {#text} at (0,1009) size 58x16
                      text run at (0,1009) width 58: "INTEGER"
                  RenderText {#text} at (58,1009) size 4x16
                    text run at (58,1009) width 4: " "
                  RenderBR {BR} at (62,1022) size 0x0
                  RenderInline {A} at (0,0) size 79x16 [color=#0000EE]
                    RenderText {#text} at (0,1025) size 79x16
                      text run at (0,1025) width 79: "JULIAN_DAY"
                  RenderText {#text} at (79,1025) size 4x16
                    text run at (79,1025) width 4: " "
                  RenderBR {BR} at (83,1038) size 0x0
                  RenderInline {A} at (0,0) size 109x16 [color=#0000EE]
                    RenderText {#text} at (0,1041) size 109x16
                      text run at (0,1041) width 109: "LCASE or LOWER"
                  RenderText {#text} at (109,1041) size 4x16
                    text run at (109,1041) width 4: " "
                  RenderBR {BR} at (113,1054) size 0x0
                  RenderInline {A} at (0,0) size 158x16 [color=#0000EE]
                    RenderText {#text} at (0,1057) size 158x16
                      text run at (0,1057) width 158: "LCASE (SYSFUN schema)"
                  RenderText {#text} at (158,1057) size 4x16
                    text run at (158,1057) width 4: " "
                  RenderBR {BR} at (162,1070) size 0x0
                  RenderInline {A} at (0,0) size 32x16 [color=#0000EE]
                    RenderText {#text} at (0,1073) size 32x16
                      text run at (0,1073) width 32: "LEFT"
                  RenderText {#text} at (32,1073) size 4x16
                    text run at (32,1073) width 4: " "
                  RenderBR {BR} at (36,1086) size 0x0
                  RenderInline {A} at (0,0) size 52x16 [color=#0000EE]
                    RenderText {#text} at (0,1089) size 52x16
                      text run at (0,1089) width 52: "LENGTH"
                  RenderText {#text} at (52,1089) size 4x16
                    text run at (52,1089) width 4: " "
                  RenderBR {BR} at (56,1102) size 0x0
                  RenderInline {A} at (0,0) size 16x16 [color=#0000EE]
                    RenderText {#text} at (0,1105) size 16x16
                      text run at (0,1105) width 16: "LN"
                  RenderText {#text} at (16,1105) size 4x16
                    text run at (16,1105) width 4: " "
                  RenderBR {BR} at (20,1118) size 0x0
                  RenderInline {A} at (0,0) size 52x16 [color=#0000EE]
                    RenderText {#text} at (0,1121) size 52x16
                      text run at (0,1121) width 52: "LOCATE"
                  RenderText {#text} at (52,1121) size 4x16
                    text run at (52,1121) width 4: " "
                  RenderBR {BR} at (56,1134) size 0x0
                  RenderInline {A} at (0,0) size 27x16 [color=#0000EE]
                    RenderText {#text} at (0,1137) size 27x16
                      text run at (0,1137) width 27: "LOG"
                  RenderText {#text} at (27,1137) size 4x16
                    text run at (27,1137) width 4: " "
                  RenderBR {BR} at (31,1150) size 0x0
                  RenderInline {A} at (0,0) size 41x16 [color=#0000EE]
                    RenderText {#text} at (0,1153) size 41x16
                      text run at (0,1153) width 41: "LOG10"
                  RenderText {#text} at (41,1153) size 4x16
                    text run at (41,1153) width 4: " "
                  RenderBR {BR} at (45,1166) size 0x0
                  RenderInline {A} at (0,0) size 106x16 [color=#0000EE]
                    RenderText {#text} at (0,1169) size 106x16
                      text run at (0,1169) width 106: "LONG_VARCHAR"
                  RenderText {#text} at (106,1169) size 4x16
                    text run at (106,1169) width 4: " "
                  RenderBR {BR} at (110,1182) size 0x0
                  RenderInline {A} at (0,0) size 129x16 [color=#0000EE]
                    RenderText {#text} at (0,1185) size 129x16
                      text run at (0,1185) width 129: "LONG_VARGRAPHIC"
                  RenderText {#text} at (129,1185) size 4x16
                    text run at (129,1185) width 4: " "
                  RenderBR {BR} at (133,1198) size 0x0
                  RenderInline {A} at (0,0) size 39x16 [color=#0000EE]
                    RenderText {#text} at (0,1201) size 39x16
                      text run at (0,1201) width 39: "LTRIM"
                  RenderText {#text} at (39,1201) size 4x16
                    text run at (39,1201) width 4: " "
                  RenderBR {BR} at (43,1214) size 0x0
                  RenderInline {A} at (0,0) size 154x16 [color=#0000EE]
                    RenderText {#text} at (0,1217) size 154x16
                      text run at (0,1217) width 154: "LTRIM (SYSFUN schema)"
                  RenderText {#text} at (154,1217) size 4x16
                    text run at (154,1217) width 4: " "
                  RenderBR {BR} at (158,1230) size 0x0
                  RenderInline {A} at (0,0) size 98x16 [color=#0000EE]
                    RenderText {#text} at (0,1233) size 98x16
                      text run at (0,1233) width 98: "MICROSECOND"
                  RenderText {#text} at (98,1233) size 4x16
                    text run at (98,1233) width 4: " "
                  RenderBR {BR} at (102,1246) size 0x0
                  RenderInline {A} at (0,0) size 135x16 [color=#0000EE]
                    RenderText {#text} at (0,1249) size 135x16
                      text run at (0,1249) width 135: "MIDNIGHT_SECONDS"
                  RenderText {#text} at (135,1249) size 4x16
                    text run at (135,1249) width 4: " "
                  RenderBR {BR} at (139,1262) size 0x0
                  RenderInline {A} at (0,0) size 50x16 [color=#0000EE]
                    RenderText {#text} at (0,1265) size 50x16
                      text run at (0,1265) width 50: "MINUTE"
                  RenderText {#text} at (50,1265) size 4x16
                    text run at (50,1265) width 4: " "
                  RenderBR {BR} at (54,1278) size 0x0
                  RenderInline {A} at (0,0) size 30x16 [color=#0000EE]
                    RenderText {#text} at (0,1281) size 30x16
                      text run at (0,1281) width 30: "MOD"
                  RenderText {#text} at (30,1281) size 4x16
                    text run at (30,1281) width 4: " "
                  RenderBR {BR} at (34,1294) size 0x0
                  RenderInline {A} at (0,0) size 47x16 [color=#0000EE]
                    RenderText {#text} at (0,1297) size 47x16
                      text run at (0,1297) width 47: "MONTH"
                  RenderText {#text} at (47,1297) size 4x16
                    text run at (47,1297) width 4: " "
                  RenderBR {BR} at (51,1310) size 0x0
                  RenderInline {A} at (0,0) size 85x16 [color=#0000EE]
                    RenderText {#text} at (0,1313) size 85x16
                      text run at (0,1313) width 85: "MONTHNAME"
                  RenderText {#text} at (85,1313) size 4x16
                    text run at (85,1313) width 4: " "
                  RenderBR {BR} at (89,1326) size 0x0
                  RenderInline {A} at (0,0) size 93x16 [color=#0000EE]
                    RenderText {#text} at (0,1329) size 93x16
                      text run at (0,1329) width 93: "NODENUMBER"
                  RenderText {#text} at (93,1329) size 4x16
                    text run at (93,1329) width 4: " "
                  RenderBR {BR} at (97,1342) size 0x0
                  RenderInline {A} at (0,0) size 44x16 [color=#0000EE]
                    RenderText {#text} at (0,1345) size 44x16
                      text run at (0,1345) width 44: "NULLIF"
                  RenderText {#text} at (44,1345) size 4x16
                    text run at (44,1345) width 4: " "
                  RenderBR {BR} at (48,1358) size 0x0
                  RenderInline {A} at (0,0) size 70x16 [color=#0000EE]
                    RenderText {#text} at (0,1361) size 70x16
                      text run at (0,1361) width 70: "PARTITION"
                  RenderText {#text} at (70,1361) size 4x16
                    text run at (70,1361) width 4: " "
                  RenderBR {BR} at (74,1374) size 0x0
                  RenderInline {A} at (0,0) size 54x16 [color=#0000EE]
                    RenderText {#text} at (0,1377) size 54x16
                      text run at (0,1377) width 54: "POSSTR"
                  RenderText {#text} at (54,1377) size 4x16
                    text run at (54,1377) width 4: " "
                  RenderBR {BR} at (58,1390) size 0x0
                  RenderInline {A} at (0,0) size 49x16 [color=#0000EE]
                    RenderText {#text} at (0,1393) size 49x16
                      text run at (0,1393) width 49: "POWER"
                  RenderText {#text} at (49,1393) size 4x16
                    text run at (49,1393) width 4: " "
                  RenderBR {BR} at (53,1406) size 0x0
                  RenderInline {A} at (0,0) size 63x16 [color=#0000EE]
                    RenderText {#text} at (0,1409) size 63x16
                      text run at (0,1409) width 63: "QUARTER"
                  RenderText {#text} at (63,1409) size 4x16
                    text run at (63,1409) width 4: " "
                  RenderBR {BR} at (67,1422) size 0x0
                  RenderInline {A} at (0,0) size 58x16 [color=#0000EE]
                    RenderText {#text} at (0,1425) size 58x16
                      text run at (0,1425) width 58: "RADIANS"
                  RenderText {#text} at (58,1425) size 4x16
                    text run at (58,1425) width 4: " "
                  RenderBR {BR} at (62,1438) size 0x0
                  RenderInline {A} at (0,0) size 93x16 [color=#0000EE]
                    RenderText {#text} at (0,1441) size 93x16
                      text run at (0,1441) width 93: "RAISE_ERROR"
                  RenderText {#text} at (93,1441) size 4x16
                    text run at (93,1441) width 4: " "
                  RenderBR {BR} at (97,1454) size 0x0
                  RenderInline {A} at (0,0) size 36x16 [color=#0000EE]
                    RenderText {#text} at (0,1457) size 36x16
                      text run at (0,1457) width 36: "RAND"
                  RenderText {#text} at (36,1457) size 4x16
                    text run at (36,1457) width 4: " "
                  RenderBR {BR} at (40,1470) size 0x0
                  RenderInline {A} at (0,0) size 34x16 [color=#0000EE]
                    RenderText {#text} at (0,1473) size 34x16
                      text run at (0,1473) width 34: "REAL"
                  RenderText {#text} at (34,1473) size 4x16
                    text run at (34,1473) width 4: " "
                  RenderBR {BR} at (38,1486) size 0x0
                  RenderInline {A} at (0,0) size 53x16 [color=#0000EE]
                    RenderText {#text} at (0,1489) size 53x16
                      text run at (0,1489) width 53: "REPEAT"
                  RenderText {#text} at (53,1489) size 4x16
                    text run at (53,1489) width 4: " "
                  RenderBR {BR} at (57,1502) size 0x0
                  RenderInline {A} at (0,0) size 61x16 [color=#0000EE]
                    RenderText {#text} at (0,1505) size 61x16
                      text run at (0,1505) width 61: "REPLACE"
                  RenderText {#text} at (61,1505) size 4x16
                    text run at (61,1505) width 4: " "
                  RenderBR {BR} at (65,1518) size 0x0
                  RenderInline {A} at (0,0) size 40x16 [color=#0000EE]
                    RenderText {#text} at (0,1521) size 40x16
                      text run at (0,1521) width 40: "RIGHT"
                  RenderText {#text} at (40,1521) size 4x16
                    text run at (40,1521) width 4: " "
                  RenderBR {BR} at (44,1534) size 0x0
                  RenderInline {A} at (0,0) size 46x16 [color=#0000EE]
                    RenderText {#text} at (0,1537) size 46x16
                      text run at (0,1537) width 46: "ROUND"
                  RenderText {#text} at (46,1537) size 4x16
                    text run at (46,1537) width 4: " "
                  RenderBR {BR} at (50,1550) size 0x0
                  RenderInline {A} at (0,0) size 41x16 [color=#0000EE]
                    RenderText {#text} at (0,1553) size 41x16
                      text run at (0,1553) width 41: "RTRIM"
                  RenderText {#text} at (41,1553) size 4x16
                    text run at (41,1553) width 4: " "
                  RenderBR {BR} at (45,1566) size 0x0
                  RenderInline {A} at (0,0) size 156x16 [color=#0000EE]
                    RenderText {#text} at (0,1569) size 156x16
                      text run at (0,1569) width 156: "RTRIM (SYSFUN schema)"
                  RenderText {#text} at (156,1569) size 4x16
                    text run at (156,1569) width 4: " "
                  RenderBR {BR} at (160,1582) size 0x0
                  RenderInline {A} at (0,0) size 55x16 [color=#0000EE]
                    RenderText {#text} at (0,1585) size 55x16
                      text run at (0,1585) width 55: "SECOND"
                  RenderText {#text} at (55,1585) size 4x16
                    text run at (55,1585) width 4: " "
                  RenderBR {BR} at (59,1598) size 0x0
                  RenderInline {A} at (0,0) size 32x16 [color=#0000EE]
                    RenderText {#text} at (0,1601) size 32x16
                      text run at (0,1601) width 32: "SIGN"
                  RenderText {#text} at (32,1601) size 4x16
                    text run at (32,1601) width 4: " "
                  RenderBR {BR} at (36,1614) size 0x0
                  RenderInline {A} at (0,0) size 22x16 [color=#0000EE]
                    RenderText {#text} at (0,1617) size 22x16
                      text run at (0,1617) width 22: "SIN"
                  RenderText {#text} at (22,1617) size 4x16
                    text run at (22,1617) width 4: " "
                  RenderBR {BR} at (26,1630) size 0x0
                  RenderInline {A} at (0,0) size 64x16 [color=#0000EE]
                    RenderText {#text} at (0,1633) size 64x16
                      text run at (0,1633) width 64: "SMALLINT"
                  RenderText {#text} at (64,1633) size 4x16
                    text run at (64,1633) width 4: " "
                  RenderBR {BR} at (68,1646) size 0x0
                  RenderInline {A} at (0,0) size 64x16 [color=#0000EE]
                    RenderText {#text} at (0,1649) size 64x16
                      text run at (0,1649) width 64: "SOUNDEX"
                  RenderText {#text} at (64,1649) size 4x16
                    text run at (64,1649) width 4: " "
                  RenderBR {BR} at (68,1662) size 0x0
                  RenderInline {A} at (0,0) size 45x16 [color=#0000EE]
                    RenderText {#text} at (0,1665) size 45x16
                      text run at (0,1665) width 45: "SPACE"
                  RenderText {#text} at (45,1665) size 4x16
                    text run at (45,1665) width 4: " "
                  RenderBR {BR} at (49,1678) size 0x0
                  RenderInline {A} at (0,0) size 36x16 [color=#0000EE]
                    RenderText {#text} at (0,1681) size 36x16
                      text run at (0,1681) width 36: "SQRT"
                  RenderText {#text} at (36,1681) size 4x16
                    text run at (36,1681) width 4: " "
                  RenderBR {BR} at (40,1694) size 0x0
                  RenderInline {A} at (0,0) size 53x16 [color=#0000EE]
                    RenderText {#text} at (0,1697) size 53x16
                      text run at (0,1697) width 53: "SUBSTR"
                  RenderText {#text} at (53,1697) size 4x16
                    text run at (53,1697) width 4: " "
                  RenderBR {BR} at (57,1710) size 0x0
                  RenderInline {A} at (0,0) size 87x16 [color=#0000EE]
                    RenderText {#text} at (0,1713) size 87x16
                      text run at (0,1713) width 87: "TABLE_NAME"
                  RenderText {#text} at (87,1713) size 4x16
                    text run at (87,1713) width 4: " "
                  RenderBR {BR} at (91,1726) size 0x0
                  RenderInline {A} at (0,0) size 105x16 [color=#0000EE]
                    RenderText {#text} at (0,1729) size 105x16
                      text run at (0,1729) width 105: "TABLE_SCHEMA"
                  RenderText {#text} at (105,1729) size 4x16
                    text run at (105,1729) width 4: " "
                  RenderBR {BR} at (109,1742) size 0x0
                  RenderInline {A} at (0,0) size 26x16 [color=#0000EE]
                    RenderText {#text} at (0,1745) size 26x16
                      text run at (0,1745) width 26: "TAN"
                  RenderText {#text} at (26,1745) size 4x16
                    text run at (26,1745) width 4: " "
                  RenderBR {BR} at (30,1758) size 0x0
                  RenderInline {A} at (0,0) size 32x16 [color=#0000EE]
                    RenderText {#text} at (0,1761) size 32x16
                      text run at (0,1761) width 32: "TIME"
                  RenderText {#text} at (32,1761) size 4x16
                    text run at (32,1761) width 4: " "
                  RenderBR {BR} at (36,1774) size 0x0
                  RenderInline {A} at (0,0) size 78x16 [color=#0000EE]
                    RenderText {#text} at (0,1777) size 78x16
                      text run at (0,1777) width 78: "TIMESTAMP"
                  RenderText {#text} at (78,1777) size 4x16
                    text run at (78,1777) width 4: " "
                  RenderBR {BR} at (82,1790) size 0x0
                  RenderInline {A} at (0,0) size 108x16 [color=#0000EE]
                    RenderText {#text} at (0,1793) size 108x16
                      text run at (0,1793) width 108: "TIMESTAMP_ISO"
                  RenderText {#text} at (108,1793) size 4x16
                    text run at (108,1793) width 4: " "
                  RenderBR {BR} at (112,1806) size 0x0
                  RenderInline {A} at (0,0) size 107x16 [color=#0000EE]
                    RenderText {#text} at (0,1809) size 107x16
                      text run at (0,1809) width 107: "TIMESTAMPDIFF"
                  RenderText {#text} at (107,1809) size 4x16
                    text run at (107,1809) width 4: " "
                  RenderBR {BR} at (111,1822) size 0x0
                  RenderInline {A} at (0,0) size 77x16 [color=#0000EE]
                    RenderText {#text} at (0,1825) size 77x16
                      text run at (0,1825) width 77: "TRANSLATE"
                  RenderText {#text} at (77,1825) size 4x16
                    text run at (77,1825) width 4: " "
                  RenderBR {BR} at (81,1838) size 0x0
                  RenderInline {A} at (0,0) size 133x16 [color=#0000EE]
                    RenderText {#text} at (0,1841) size 133x16
                      text run at (0,1841) width 133: "TRUNCATE or TRUNC"
                  RenderText {#text} at (133,1841) size 4x16
                    text run at (133,1841) width 4: " "
                  RenderBR {BR} at (137,1854) size 0x0
                  RenderInline {A} at (0,0) size 55x16 [color=#0000EE]
                    RenderText {#text} at (0,1857) size 55x16
                      text run at (0,1857) width 55: "TYPE_ID"
                  RenderText {#text} at (55,1857) size 4x16
                    text run at (55,1857) width 4: " "
                  RenderBR {BR} at (59,1870) size 0x0
                  RenderInline {A} at (0,0) size 80x16 [color=#0000EE]
                    RenderText {#text} at (0,1873) size 80x16
                      text run at (0,1873) width 80: "TYPE_NAME"
                  RenderText {#text} at (80,1873) size 4x16
                    text run at (80,1873) width 4: " "
                  RenderBR {BR} at (84,1886) size 0x0
                  RenderInline {A} at (0,0) size 98x16 [color=#0000EE]
                    RenderText {#text} at (0,1889) size 98x16
                      text run at (0,1889) width 98: "TYPE_SCHEMA"
                  RenderText {#text} at (98,1889) size 4x16
                    text run at (98,1889) width 4: " "
                  RenderBR {BR} at (102,1902) size 0x0
                  RenderInline {A} at (0,0) size 109x16 [color=#0000EE]
                    RenderText {#text} at (0,1905) size 109x16
                      text run at (0,1905) width 109: "UCASE or UPPER"
                  RenderText {#text} at (109,1905) size 4x16
                    text run at (109,1905) width 4: " "
                  RenderBR {BR} at (113,1918) size 0x0
                  RenderInline {A} at (0,0) size 43x16 [color=#0000EE]
                    RenderText {#text} at (0,1921) size 43x16
                      text run at (0,1921) width 43: "VALUE"
                  RenderText {#text} at (43,1921) size 4x16
                    text run at (43,1921) width 4: " "
                  RenderBR {BR} at (47,1934) size 0x0
                  RenderInline {A} at (0,0) size 63x16 [color=#0000EE]
                    RenderText {#text} at (0,1937) size 63x16
                      text run at (0,1937) width 63: "VARCHAR"
                  RenderText {#text} at (63,1937) size 4x16
                    text run at (63,1937) width 4: " "
                  RenderBR {BR} at (67,1950) size 0x0
                  RenderInline {A} at (0,0) size 86x16 [color=#0000EE]
                    RenderText {#text} at (0,1953) size 86x16
                      text run at (0,1953) width 86: "VARGRAPHIC"
                  RenderText {#text} at (86,1953) size 4x16
                    text run at (86,1953) width 4: " "
                  RenderBR {BR} at (90,1966) size 0x0
                  RenderInline {A} at (0,0) size 39x16 [color=#0000EE]
                    RenderText {#text} at (0,1969) size 39x16
                      text run at (0,1969) width 39: "WEEK"
                  RenderText {#text} at (39,1969) size 4x16
                    text run at (39,1969) width 4: " "
                  RenderBR {BR} at (43,1982) size 0x0
                  RenderInline {A} at (0,0) size 69x16 [color=#0000EE]
                    RenderText {#text} at (0,1985) size 69x16
                      text run at (0,1985) width 69: "WEEK_ISO"
                  RenderText {#text} at (69,1985) size 4x16
                    text run at (69,1985) width 4: " "
                  RenderBR {BR} at (73,1998) size 0x0
                  RenderInline {A} at (0,0) size 36x16 [color=#0000EE]
                    RenderText {#text} at (0,2001) size 36x16
                      text run at (0,2001) width 36: "YEAR"
                  RenderText {#text} at (36,2001) size 4x16
                    text run at (36,2001) width 4: " "
                  RenderBR {BR} at (40,2014) size 0x0
                  RenderInline {A} at (0,0) size 93x16 [color=#0000EE]
                    RenderText {#text} at (0,2017) size 93x16
                      text run at (0,2017) width 93: "Table Functions"
                  RenderText {#text} at (93,2017) size 4x16
                    text run at (93,2017) width 4: " "
                  RenderBR {BR} at (97,2030) size 0x0
                  RenderInline {A} at (0,0) size 150x16 [color=#0000EE]
                    RenderText {#text} at (0,2033) size 150x16
                      text run at (0,2033) width 150: "SQLCACHE_SNAPSHOT"
                  RenderText {#text} at (150,2033) size 4x16
                    text run at (150,2033) width 4: " "
                  RenderBR {BR} at (154,2046) size 0x0
                  RenderInline {A} at (0,0) size 136x16 [color=#0000EE]
                    RenderText {#text} at (0,2049) size 136x16
                      text run at (0,2049) width 136: "User-Defined Functions"
                  RenderText {#text} at (0,0) size 0x0
                RenderBlock {P} at (0,5594) size 715x369
                  RenderInline {B} at (0,0) size 48x16
                    RenderInline {A} at (0,0) size 48x16 [color=#0000EE]
                      RenderText {#text} at (0,0) size 48x16
                        text run at (0,0) width 48: "Queries"
                  RenderBR {BR} at (48,13) size 0x0
                  RenderBR {BR} at (0,17) size 0x16
                  RenderInline {A} at (0,0) size 56x16 [color=#0000EE]
                    RenderText {#text} at (0,33) size 56x16
                      text run at (0,33) width 56: "subselect"
                  RenderText {#text} at (56,33) size 4x16
                    text run at (56,33) width 4: " "
                  RenderBR {BR} at (60,46) size 0x0
                  RenderInline {A} at (0,0) size 77x16 [color=#0000EE]
                    RenderText {#text} at (0,49) size 77x16
                      text run at (0,49) width 77: "select-clause"
                  RenderText {#text} at (77,49) size 4x16
                    text run at (77,49) width 4: " "
                  RenderBR {BR} at (81,62) size 0x0
                  RenderInline {A} at (0,0) size 68x16 [color=#0000EE]
                    RenderText {#text} at (0,65) size 68x16
                      text run at (0,65) width 68: "from-clause"
                  RenderText {#text} at (68,65) size 4x16
                    text run at (68,65) width 4: " "
                  RenderBR {BR} at (72,78) size 0x0
                  RenderInline {A} at (0,0) size 86x16 [color=#0000EE]
                    RenderText {#text} at (0,81) size 86x16
                      text run at (0,81) width 86: "table-reference"
                  RenderText {#text} at (86,81) size 4x16
                    text run at (86,81) width 4: " "
                  RenderBR {BR} at (90,94) size 0x0
                  RenderInline {A} at (0,0) size 66x16 [color=#0000EE]
                    RenderText {#text} at (0,97) size 66x16
                      text run at (0,97) width 66: "joined-table"
                  RenderText {#text} at (66,97) size 4x16
                    text run at (66,97) width 4: " "
                  RenderBR {BR} at (70,110) size 0x0
                  RenderInline {A} at (0,0) size 76x16 [color=#0000EE]
                    RenderText {#text} at (0,113) size 76x16
                      text run at (0,113) width 76: "where-clause"
                  RenderText {#text} at (76,113) size 4x16
                    text run at (76,113) width 4: " "
                  RenderBR {BR} at (80,126) size 0x0
                  RenderInline {A} at (0,0) size 92x16 [color=#0000EE]
                    RenderText {#text} at (0,129) size 92x16
                      text run at (0,129) width 92: "group-by-clause"
                  RenderText {#text} at (92,129) size 4x16
                    text run at (92,129) width 4: " "
                  RenderBR {BR} at (96,142) size 0x0
                  RenderInline {A} at (0,0) size 80x16 [color=#0000EE]
                    RenderText {#text} at (0,145) size 80x16
                      text run at (0,145) width 80: "having-clause"
                  RenderText {#text} at (80,145) size 4x16
                    text run at (80,145) width 4: " "
                  RenderBR {BR} at (84,158) size 0x0
                  RenderInline {A} at (0,0) size 140x16 [color=#0000EE]
                    RenderText {#text} at (0,161) size 140x16
                      text run at (0,161) width 140: "Examples of subselects"
                  RenderText {#text} at (140,161) size 4x16
                    text run at (140,161) width 4: " "
                  RenderBR {BR} at (144,174) size 0x0
                  RenderInline {A} at (0,0) size 108x16 [color=#0000EE]
                    RenderText {#text} at (0,177) size 108x16
                      text run at (0,177) width 108: "Examples of Joins"
                  RenderText {#text} at (108,177) size 4x16
                    text run at (108,177) width 4: " "
                  RenderBR {BR} at (112,190) size 0x0
                  RenderInline {A} at (0,0) size 267x16 [color=#0000EE]
                    RenderText {#text} at (0,193) size 267x16
                      text run at (0,193) width 267: "Examples of Grouping Sets, Cube, and Rollup"
                  RenderText {#text} at (267,193) size 4x16
                    text run at (267,193) width 4: " "
                  RenderBR {BR} at (271,206) size 0x0
                  RenderInline {A} at (0,0) size 52x16 [color=#0000EE]
                    RenderText {#text} at (0,209) size 52x16
                      text run at (0,209) width 52: "fullselect"
                  RenderText {#text} at (52,209) size 4x16
                    text run at (52,209) width 4: " "
                  RenderBR {BR} at (56,222) size 0x0
                  RenderInline {A} at (0,0) size 140x16 [color=#0000EE]
                    RenderText {#text} at (0,225) size 140x16
                      text run at (0,225) width 140: "Examples of a fullselect"
                  RenderText {#text} at (140,225) size 4x16
                    text run at (140,225) width 4: " "
                  RenderBR {BR} at (144,238) size 0x0
                  RenderInline {A} at (0,0) size 97x16 [color=#0000EE]
                    RenderText {#text} at (0,241) size 97x16
                      text run at (0,241) width 97: "select-statement"
                  RenderText {#text} at (97,241) size 4x16
                    text run at (97,241) width 4: " "
                  RenderBR {BR} at (101,254) size 0x0
                  RenderInline {A} at (0,0) size 149x16 [color=#0000EE]
                    RenderText {#text} at (0,257) size 149x16
                      text run at (0,257) width 149: "common-table-expression"
                  RenderText {#text} at (149,257) size 4x16
                    text run at (149,257) width 4: " "
                  RenderBR {BR} at (153,270) size 0x0
                  RenderInline {A} at (0,0) size 89x16 [color=#0000EE]
                    RenderText {#text} at (0,273) size 89x16
                      text run at (0,273) width 89: "order-by-clause"
                  RenderText {#text} at (89,273) size 4x16
                    text run at (89,273) width 4: " "
                  RenderBR {BR} at (93,286) size 0x0
                  RenderInline {A} at (0,0) size 81x16 [color=#0000EE]
                    RenderText {#text} at (0,289) size 81x16
                      text run at (0,289) width 81: "update-clause"
                  RenderText {#text} at (81,289) size 4x16
                    text run at (81,289) width 4: " "
                  RenderBR {BR} at (85,302) size 0x0
                  RenderInline {A} at (0,0) size 95x16 [color=#0000EE]
                    RenderText {#text} at (0,305) size 95x16
                      text run at (0,305) width 95: "read-only-clause"
                  RenderText {#text} at (95,305) size 4x16
                    text run at (95,305) width 4: " "
                  RenderBR {BR} at (99,318) size 0x0
                  RenderInline {A} at (0,0) size 97x16 [color=#0000EE]
                    RenderText {#text} at (0,321) size 97x16
                      text run at (0,321) width 97: "fetch-first-clause"
                  RenderText {#text} at (97,321) size 4x16
                    text run at (97,321) width 4: " "
                  RenderBR {BR} at (101,334) size 0x0
                  RenderInline {A} at (0,0) size 110x16 [color=#0000EE]
                    RenderText {#text} at (0,337) size 110x16
                      text run at (0,337) width 110: "optimize-for-clause"
                  RenderText {#text} at (110,337) size 4x16
                    text run at (110,337) width 4: " "
                  RenderBR {BR} at (114,350) size 0x0
                  RenderInline {A} at (0,0) size 185x16 [color=#0000EE]
                    RenderText {#text} at (0,353) size 185x16
                      text run at (0,353) width 185: "Examples of a select-statement"
                  RenderText {#text} at (0,0) size 0x0
                RenderBlock {P} at (0,5976) size 715x1889
                  RenderInline {B} at (0,0) size 100x16
                    RenderInline {A} at (0,0) size 100x16 [color=#0000EE]
                      RenderText {#text} at (0,0) size 100x16
                        text run at (0,0) width 100: "SQL Statements"
                  RenderBR {BR} at (100,13) size 0x0
                  RenderBR {BR} at (0,17) size 0x16
                  RenderInline {A} at (0,0) size 200x16 [color=#0000EE]
                    RenderText {#text} at (0,33) size 200x16
                      text run at (0,33) width 200: "How SQL Statements Are Invoked"
                  RenderText {#text} at (200,33) size 4x16
                    text run at (200,33) width 4: " "
                  RenderBR {BR} at (204,46) size 0x0
                  RenderInline {A} at (0,0) size 293x16 [color=#0000EE]
                    RenderText {#text} at (0,49) size 293x16
                      text run at (0,49) width 293: "Embedding a Statement in an Application Program"
                  RenderText {#text} at (293,49) size 4x16
                    text run at (293,49) width 4: " "
                  RenderBR {BR} at (297,62) size 0x0
                  RenderInline {A} at (0,0) size 208x16 [color=#0000EE]
                    RenderText {#text} at (0,65) size 208x16
                      text run at (0,65) width 208: "Dynamic Preparation and Execution"
                  RenderText {#text} at (208,65) size 4x16
                    text run at (208,65) width 4: " "
                  RenderBR {BR} at (212,78) size 0x0
                  RenderInline {A} at (0,0) size 225x16 [color=#0000EE]
                    RenderText {#text} at (0,81) size 225x16
                      text run at (0,81) width 225: "Static Invocation of a select-statement"
                  RenderText {#text} at (225,81) size 4x16
                    text run at (225,81) width 4: " "
                  RenderBR {BR} at (229,94) size 0x0
                  RenderInline {A} at (0,0) size 242x16 [color=#0000EE]
                    RenderText {#text} at (0,97) size 242x16
                      text run at (0,97) width 242: "Dynamic Invocation of a select-statement"
                  RenderText {#text} at (242,97) size 4x16
                    text run at (242,97) width 4: " "
                  RenderBR {BR} at (246,110) size 0x0
                  RenderInline {A} at (0,0) size 125x16 [color=#0000EE]
                    RenderText {#text} at (0,113) size 125x16
                      text run at (0,113) width 125: "Interactive Invocation"
                  RenderText {#text} at (125,113) size 4x16
                    text run at (125,113) width 4: " "
                  RenderBR {BR} at (129,126) size 0x0
                  RenderInline {A} at (0,0) size 109x16 [color=#0000EE]
                    RenderText {#text} at (0,129) size 109x16
                      text run at (0,129) width 109: "SQL Return Codes"
                  RenderText {#text} at (109,129) size 4x16
                    text run at (109,129) width 4: " "
                  RenderBR {BR} at (113,142) size 0x0
                  RenderInline {A} at (0,0) size 63x16 [color=#0000EE]
                    RenderText {#text} at (0,145) size 63x16
                      text run at (0,145) width 63: "SQLCODE"
                  RenderText {#text} at (63,145) size 4x16
                    text run at (63,145) width 4: " "
                  RenderBR {BR} at (67,158) size 0x0
                  RenderInline {A} at (0,0) size 69x16 [color=#0000EE]
                    RenderText {#text} at (0,161) size 69x16
                      text run at (0,161) width 69: "SQLSTATE"
                  RenderText {#text} at (69,161) size 4x16
                    text run at (69,161) width 4: " "
                  RenderBR {BR} at (73,174) size 0x0
                  RenderInline {A} at (0,0) size 93x16 [color=#0000EE]
                    RenderText {#text} at (0,177) size 93x16
                      text run at (0,177) width 93: "SQL Comments"
                  RenderText {#text} at (93,177) size 4x16
                    text run at (93,177) width 4: " "
                  RenderBR {BR} at (97,190) size 0x0
                  RenderInline {A} at (0,0) size 134x16 [color=#0000EE]
                    RenderText {#text} at (0,193) size 134x16
                      text run at (0,193) width 134: "ALTER BUFFERPOOL"
                  RenderText {#text} at (134,193) size 4x16
                    text run at (134,193) width 4: " "
                  RenderBR {BR} at (138,206) size 0x0
                  RenderInline {A} at (0,0) size 115x16 [color=#0000EE]
                    RenderText {#text} at (0,209) size 115x16
                      text run at (0,209) width 115: "ALTER NICKNAME"
                  RenderText {#text} at (115,209) size 4x16
                    text run at (115,209) width 4: " "
                  RenderBR {BR} at (119,222) size 0x0
                  RenderInline {A} at (0,0) size 130x16 [color=#0000EE]
                    RenderText {#text} at (0,225) size 130x16
                      text run at (0,225) width 130: "ALTER NODEGROUP"
                  RenderText {#text} at (130,225) size 4x16
                    text run at (130,225) width 4: " "
                  RenderBR {BR} at (134,238) size 0x0
                  RenderInline {A} at (0,0) size 100x16 [color=#0000EE]
                    RenderText {#text} at (0,241) size 100x16
                      text run at (0,241) width 100: "ALTER SERVER"
                  RenderText {#text} at (100,241) size 4x16
                    text run at (100,241) width 4: " "
                  RenderBR {BR} at (104,254) size 0x0
                  RenderInline {A} at (0,0) size 88x16 [color=#0000EE]
                    RenderText {#text} at (0,257) size 88x16
                      text run at (0,257) width 88: "ALTER TABLE"
                  RenderText {#text} at (88,257) size 4x16
                    text run at (88,257) width 4: " "
                  RenderBR {BR} at (92,270) size 0x0
                  RenderInline {A} at (0,0) size 133x16 [color=#0000EE]
                    RenderText {#text} at (0,273) size 133x16
                      text run at (0,273) width 133: "ALTER TABLESPACE"
                  RenderText {#text} at (133,273) size 4x16
                    text run at (133,273) width 4: " "
                  RenderBR {BR} at (137,286) size 0x0
                  RenderInline {A} at (0,0) size 153x16 [color=#0000EE]
                    RenderText {#text} at (0,289) size 153x16
                      text run at (0,289) width 153: "ALTER TYPE (Structured)"
                  RenderText {#text} at (153,289) size 4x16
                    text run at (153,289) width 4: " "
                  RenderBR {BR} at (157,302) size 0x0
                  RenderInline {A} at (0,0) size 147x16 [color=#0000EE]
                    RenderText {#text} at (0,305) size 147x16
                      text run at (0,305) width 147: "ALTER USER MAPPING"
                  RenderText {#text} at (147,305) size 4x16
                    text run at (147,305) width 4: " "
                  RenderBR {BR} at (151,318) size 0x0
                  RenderInline {A} at (0,0) size 80x16 [color=#0000EE]
                    RenderText {#text} at (0,321) size 80x16
                      text run at (0,321) width 80: "ALTER VIEW"
                  RenderText {#text} at (80,321) size 4x16
                    text run at (80,321) width 4: " "
                  RenderBR {BR} at (84,334) size 0x0
                  RenderInline {A} at (0,0) size 168x16 [color=#0000EE]
                    RenderText {#text} at (0,337) size 168x16
                      text run at (0,337) width 168: "BEGIN DECLARE SECTION"
                  RenderText {#text} at (168,337) size 4x16
                    text run at (168,337) width 4: " "
                  RenderBR {BR} at (172,350) size 0x0
                  RenderInline {A} at (0,0) size 32x16 [color=#0000EE]
                    RenderText {#text} at (0,353) size 32x16
                      text run at (0,353) width 32: "CALL"
                  RenderText {#text} at (32,353) size 4x16
                    text run at (32,353) width 4: " "
                  RenderBR {BR} at (36,366) size 0x0
                  RenderInline {A} at (0,0) size 44x16 [color=#0000EE]
                    RenderText {#text} at (0,369) size 44x16
                      text run at (0,369) width 44: "CLOSE"
                  RenderText {#text} at (44,369) size 4x16
                    text run at (44,369) width 4: " "
                  RenderBR {BR} at (48,382) size 0x0
                  RenderInline {A} at (0,0) size 90x16 [color=#0000EE]
                    RenderText {#text} at (0,385) size 90x16
                      text run at (0,385) width 90: "COMMENT ON"
                  RenderText {#text} at (90,385) size 4x16
                    text run at (90,385) width 4: " "
                  RenderBR {BR} at (94,398) size 0x0
                  RenderInline {A} at (0,0) size 53x16 [color=#0000EE]
                    RenderText {#text} at (0,401) size 53x16
                      text run at (0,401) width 53: "COMMIT"
                  RenderText {#text} at (53,401) size 4x16
                    text run at (53,401) width 4: " "
                  RenderBR {BR} at (57,414) size 0x0
                  RenderInline {A} at (0,0) size 166x16 [color=#0000EE]
                    RenderText {#text} at (0,417) size 166x16
                      text run at (0,417) width 166: "Compound SQL (Embedded)"
                  RenderText {#text} at (166,417) size 4x16
                    text run at (166,417) width 4: " "
                  RenderBR {BR} at (170,430) size 0x0
                  RenderInline {A} at (0,0) size 115x16 [color=#0000EE]
                    RenderText {#text} at (0,433) size 115x16
                      text run at (0,433) width 115: "CONNECT (Type 1)"
                  RenderText {#text} at (115,433) size 4x16
                    text run at (115,433) width 4: " "
                  RenderBR {BR} at (119,446) size 0x0
                  RenderInline {A} at (0,0) size 115x16 [color=#0000EE]
                    RenderText {#text} at (0,449) size 115x16
                      text run at (0,449) width 115: "CONNECT (Type 2)"
                  RenderText {#text} at (115,449) size 4x16
                    text run at (115,449) width 4: " "
                  RenderBR {BR} at (119,462) size 0x0
                  RenderInline {A} at (0,0) size 95x16 [color=#0000EE]
                    RenderText {#text} at (0,465) size 95x16
                      text run at (0,465) width 95: "CREATE ALIAS"
                  RenderText {#text} at (95,465) size 4x16
                    text run at (95,465) width 4: " "
                  RenderBR {BR} at (99,478) size 0x0
                  RenderInline {A} at (0,0) size 145x16 [color=#0000EE]
                    RenderText {#text} at (0,481) size 145x16
                      text run at (0,481) width 145: "CREATE BUFFERPOOL"
                  RenderText {#text} at (145,481) size 4x16
                    text run at (145,481) width 4: " "
                  RenderBR {BR} at (149,494) size 0x0
                  RenderInline {A} at (0,0) size 156x16 [color=#0000EE]
                    RenderText {#text} at (0,497) size 156x16
                      text run at (0,497) width 156: "CREATE DISTINCT TYPE"
                  RenderText {#text} at (156,497) size 4x16
                    text run at (156,497) width 4: " "
                  RenderBR {BR} at (160,510) size 0x0
                  RenderInline {A} at (0,0) size 166x16 [color=#0000EE]
                    RenderText {#text} at (0,513) size 166x16
                      text run at (0,513) width 166: "CREATE EVENT MONITOR"
                  RenderText {#text} at (166,513) size 4x16
                    text run at (166,513) width 4: " "
                  RenderBR {BR} at (170,526) size 0x0
                  RenderInline {A} at (0,0) size 123x16 [color=#0000EE]
                    RenderText {#text} at (0,529) size 123x16
                      text run at (0,529) width 123: "CREATE FUNCTION"
                  RenderText {#text} at (123,529) size 4x16
                    text run at (123,529) width 4: " "
                  RenderBR {BR} at (127,542) size 0x0
                  RenderInline {A} at (0,0) size 224x16 [color=#0000EE]
                    RenderText {#text} at (0,545) size 224x16
                      text run at (0,545) width 224: "CREATE FUNCTION (External Scalar)"
                  RenderText {#text} at (224,545) size 4x16
                    text run at (224,545) width 4: " "
                  RenderBR {BR} at (228,558) size 0x0
                  RenderInline {A} at (0,0) size 219x16 [color=#0000EE]
                    RenderText {#text} at (0,561) size 219x16
                      text run at (0,561) width 219: "CREATE FUNCTION (External Table)"
                  RenderText {#text} at (219,561) size 4x16
                    text run at (219,561) width 4: " "
                  RenderBR {BR} at (223,574) size 0x0
                  RenderInline {A} at (0,0) size 271x16 [color=#0000EE]
                    RenderText {#text} at (0,577) size 271x16
                      text run at (0,577) width 271: "CREATE FUNCTION (OLE DB External Table)"
                  RenderText {#text} at (271,577) size 4x16
                    text run at (271,577) width 4: " "
                  RenderBR {BR} at (275,590) size 0x0
                  RenderInline {A} at (0,0) size 249x16 [color=#0000EE]
                    RenderText {#text} at (0,593) size 249x16
                      text run at (0,593) width 249: "CREATE FUNCTION (Source or Template)"
                  RenderText {#text} at (249,593) size 4x16
                    text run at (249,593) width 4: " "
                  RenderBR {BR} at (253,606) size 0x0
                  RenderInline {A} at (0,0) size 286x16 [color=#0000EE]
                    RenderText {#text} at (0,609) size 286x16
                      text run at (0,609) width 286: "CREATE FUNCTION (SQL Scalar, Table or Row)"
                  RenderText {#text} at (286,609) size 4x16
                    text run at (286,609) width 4: " "
                  RenderBR {BR} at (290,622) size 0x0
                  RenderInline {A} at (0,0) size 188x16 [color=#0000EE]
                    RenderText {#text} at (0,625) size 188x16
                      text run at (0,625) width 188: "CREATE FUNCTION MAPPING"
                  RenderText {#text} at (188,625) size 4x16
                    text run at (188,625) width 4: " "
                  RenderBR {BR} at (192,638) size 0x0
                  RenderInline {A} at (0,0) size 97x16 [color=#0000EE]
                    RenderText {#text} at (0,641) size 97x16
                      text run at (0,641) width 97: "CREATE INDEX"
                  RenderText {#text} at (97,641) size 4x16
                    text run at (97,641) width 4: " "
                  RenderBR {BR} at (101,654) size 0x0
                  RenderInline {A} at (0,0) size 177x16 [color=#0000EE]
                    RenderText {#text} at (0,657) size 177x16
                      text run at (0,657) width 177: "CREATE INDEX EXTENSION"
                  RenderText {#text} at (177,657) size 4x16
                    text run at (177,657) width 4: " "
                  RenderBR {BR} at (181,670) size 0x0
                  RenderInline {A} at (0,0) size 113x16 [color=#0000EE]
                    RenderText {#text} at (0,673) size 113x16
                      text run at (0,673) width 113: "CREATE METHOD"
                  RenderText {#text} at (113,673) size 4x16
                    text run at (113,673) width 4: " "
                  RenderBR {BR} at (117,686) size 0x0
                  RenderInline {A} at (0,0) size 126x16 [color=#0000EE]
                    RenderText {#text} at (0,689) size 126x16
                      text run at (0,689) width 126: "CREATE NICKNAME"
                  RenderText {#text} at (126,689) size 4x16
                    text run at (126,689) width 4: " "
                  RenderBR {BR} at (130,702) size 0x0
                  RenderInline {A} at (0,0) size 141x16 [color=#0000EE]
                    RenderText {#text} at (0,705) size 141x16
                      text run at (0,705) width 141: "CREATE NODEGROUP"
                  RenderText {#text} at (141,705) size 4x16
                    text run at (141,705) width 4: " "
                  RenderBR {BR} at (145,718) size 0x0
                  RenderInline {A} at (0,0) size 139x16 [color=#0000EE]
                    RenderText {#text} at (0,721) size 139x16
                      text run at (0,721) width 139: "CREATE PROCEDURE"
                  RenderText {#text} at (139,721) size 4x16
                    text run at (139,721) width 4: " "
                  RenderBR {BR} at (143,734) size 0x0
                  RenderInline {A} at (0,0) size 113x16 [color=#0000EE]
                    RenderText {#text} at (0,737) size 113x16
                      text run at (0,737) width 113: "CREATE SCHEMA"
                  RenderText {#text} at (113,737) size 4x16
                    text run at (113,737) width 4: " "
                  RenderBR {BR} at (117,750) size 0x0
                  RenderInline {A} at (0,0) size 111x16 [color=#0000EE]
                    RenderText {#text} at (0,753) size 111x16
                      text run at (0,753) width 111: "CREATE SERVER"
                  RenderText {#text} at (111,753) size 4x16
                    text run at (111,753) width 4: " "
                  RenderBR {BR} at (115,766) size 0x0
                  RenderInline {A} at (0,0) size 99x16 [color=#0000EE]
                    RenderText {#text} at (0,769) size 99x16
                      text run at (0,769) width 99: "CREATE TABLE"
                  RenderText {#text} at (99,769) size 4x16
                    text run at (99,769) width 4: " "
                  RenderBR {BR} at (103,782) size 0x0
                  RenderInline {A} at (0,0) size 144x16 [color=#0000EE]
                    RenderText {#text} at (0,785) size 144x16
                      text run at (0,785) width 144: "CREATE TABLESPACE"
                  RenderText {#text} at (144,785) size 4x16
                    text run at (144,785) width 4: " "
                  RenderBR {BR} at (148,798) size 0x0
                  RenderInline {A} at (0,0) size 139x16 [color=#0000EE]
                    RenderText {#text} at (0,801) size 139x16
                      text run at (0,801) width 139: "CREATE TRANSFORM"
                  RenderText {#text} at (139,801) size 4x16
                    text run at (139,801) width 4: " "
                  RenderBR {BR} at (143,814) size 0x0
                  RenderInline {A} at (0,0) size 116x16 [color=#0000EE]
                    RenderText {#text} at (0,817) size 116x16
                      text run at (0,817) width 116: "CREATE TRIGGER"
                  RenderText {#text} at (116,817) size 4x16
                    text run at (116,817) width 4: " "
                  RenderBR {BR} at (120,830) size 0x0
                  RenderInline {A} at (0,0) size 164x16 [color=#0000EE]
                    RenderText {#text} at (0,833) size 164x16
                      text run at (0,833) width 164: "CREATE TYPE (Structured)"
                  RenderText {#text} at (164,833) size 4x16
                    text run at (164,833) width 4: " "
                  RenderBR {BR} at (168,846) size 0x0
                  RenderInline {A} at (0,0) size 157x16 [color=#0000EE]
                    RenderText {#text} at (0,849) size 157x16
                      text run at (0,849) width 157: "CREATE TYPE MAPPING"
                  RenderText {#text} at (157,849) size 4x16
                    text run at (157,849) width 4: " "
                  RenderBR {BR} at (161,862) size 0x0
                  RenderInline {A} at (0,0) size 158x16 [color=#0000EE]
                    RenderText {#text} at (0,865) size 158x16
                      text run at (0,865) width 158: "CREATE USER MAPPING"
                  RenderText {#text} at (158,865) size 4x16
                    text run at (158,865) width 4: " "
                  RenderBR {BR} at (162,878) size 0x0
                  RenderInline {A} at (0,0) size 91x16 [color=#0000EE]
                    RenderText {#text} at (0,881) size 91x16
                      text run at (0,881) width 91: "CREATE VIEW"
                  RenderText {#text} at (91,881) size 4x16
                    text run at (91,881) width 4: " "
                  RenderBR {BR} at (95,894) size 0x0
                  RenderInline {A} at (0,0) size 123x16 [color=#0000EE]
                    RenderText {#text} at (0,897) size 123x16
                      text run at (0,897) width 123: "CREATE WRAPPER"
                  RenderText {#text} at (123,897) size 4x16
                    text run at (123,897) width 4: " "
                  RenderBR {BR} at (127,910) size 0x0
                  RenderInline {A} at (0,0) size 120x16 [color=#0000EE]
                    RenderText {#text} at (0,913) size 120x16
                      text run at (0,913) width 120: "DECLARE CURSOR"
                  RenderText {#text} at (120,913) size 4x16
                    text run at (120,913) width 4: " "
                  RenderBR {BR} at (124,926) size 0x0
                  RenderInline {A} at (0,0) size 250x16 [color=#0000EE]
                    RenderText {#text} at (0,929) size 250x16
                      text run at (0,929) width 250: "DECLARE GLOBAL TEMPORARY TABLE"
                  RenderText {#text} at (250,929) size 4x16
                    text run at (250,929) width 4: " "
                  RenderBR {BR} at (254,942) size 0x0
                  RenderInline {A} at (0,0) size 51x16 [color=#0000EE]
                    RenderText {#text} at (0,945) size 51x16
                      text run at (0,945) width 51: "DELETE"
                  RenderText {#text} at (51,945) size 4x16
                    text run at (51,945) width 4: " "
                  RenderBR {BR} at (55,958) size 0x0
                  RenderInline {A} at (0,0) size 67x16 [color=#0000EE]
                    RenderText {#text} at (0,961) size 67x16
                      text run at (0,961) width 67: "DESCRIBE"
                  RenderText {#text} at (67,961) size 4x16
                    text run at (67,961) width 4: " "
                  RenderBR {BR} at (71,974) size 0x0
                  RenderInline {A} at (0,0) size 85x16 [color=#0000EE]
                    RenderText {#text} at (0,977) size 85x16
                      text run at (0,977) width 85: "DISCONNECT"
                  RenderText {#text} at (85,977) size 4x16
                    text run at (85,977) width 4: " "
                  RenderBR {BR} at (89,990) size 0x0
                  RenderInline {A} at (0,0) size 37x16 [color=#0000EE]
                    RenderText {#text} at (0,993) size 37x16
                      text run at (0,993) width 37: "DROP"
                  RenderText {#text} at (37,993) size 4x16
                    text run at (37,993) width 4: " "
                  RenderBR {BR} at (41,1006) size 0x0
                  RenderInline {A} at (0,0) size 154x16 [color=#0000EE]
                    RenderText {#text} at (0,1009) size 154x16
                      text run at (0,1009) width 154: "END DECLARE SECTION"
                  RenderText {#text} at (154,1009) size 4x16
                    text run at (154,1009) width 4: " "
                  RenderBR {BR} at (158,1022) size 0x0
                  RenderInline {A} at (0,0) size 62x16 [color=#0000EE]
                    RenderText {#text} at (0,1025) size 62x16
                      text run at (0,1025) width 62: "EXECUTE"
                  RenderText {#text} at (62,1025) size 4x16
                    text run at (62,1025) width 4: " "
                  RenderBR {BR} at (66,1038) size 0x0
                  RenderInline {A} at (0,0) size 140x16 [color=#0000EE]
                    RenderText {#text} at (0,1041) size 140x16
                      text run at (0,1041) width 140: "EXECUTE IMMEDIATE"
                  RenderText {#text} at (140,1041) size 4x16
                    text run at (140,1041) width 4: " "
                  RenderBR {BR} at (144,1054) size 0x0
                  RenderInline {A} at (0,0) size 56x16 [color=#0000EE]
                    RenderText {#text} at (0,1057) size 56x16
                      text run at (0,1057) width 56: "EXPLAIN"
                  RenderText {#text} at (56,1057) size 4x16
                    text run at (56,1057) width 4: " "
                  RenderBR {BR} at (60,1070) size 0x0
                  RenderInline {A} at (0,0) size 43x16 [color=#0000EE]
                    RenderText {#text} at (0,1073) size 43x16
                      text run at (0,1073) width 43: "FETCH"
                  RenderText {#text} at (43,1073) size 4x16
                    text run at (43,1073) width 4: " "
                  RenderBR {BR} at (47,1086) size 0x0
                  RenderInline {A} at (0,0) size 155x16 [color=#0000EE]
                    RenderText {#text} at (0,1089) size 155x16
                      text run at (0,1089) width 155: "FLUSH EVENT MONITOR"
                  RenderText {#text} at (155,1089) size 4x16
                    text run at (155,1089) width 4: " "
                  RenderBR {BR} at (159,1102) size 0x0
                  RenderInline {A} at (0,0) size 101x16 [color=#0000EE]
                    RenderText {#text} at (0,1105) size 101x16
                      text run at (0,1105) width 101: "FREE LOCATOR"
                  RenderText {#text} at (101,1105) size 4x16
                    text run at (101,1105) width 4: " "
                  RenderBR {BR} at (105,1118) size 0x0
                  RenderInline {A} at (0,0) size 178x16 [color=#0000EE]
                    RenderText {#text} at (0,1121) size 178x16
                      text run at (0,1121) width 178: "GRANT (Database Authorities)"
                  RenderText {#text} at (178,1121) size 4x16
                    text run at (178,1121) width 4: " "
                  RenderBR {BR} at (182,1134) size 0x0
                  RenderInline {A} at (0,0) size 150x16 [color=#0000EE]
                    RenderText {#text} at (0,1137) size 150x16
                      text run at (0,1137) width 150: "GRANT (Index Privileges)"
                  RenderText {#text} at (150,1137) size 4x16
                    text run at (150,1137) width 4: " "
                  RenderBR {BR} at (154,1150) size 0x0
                  RenderInline {A} at (0,0) size 169x16 [color=#0000EE]
                    RenderText {#text} at (0,1153) size 169x16
                      text run at (0,1153) width 169: "GRANT (Package Privileges)"
                  RenderText {#text} at (169,1153) size 4x16
                    text run at (169,1153) width 4: " "
                  RenderBR {BR} at (173,1166) size 0x0
                  RenderInline {A} at (0,0) size 166x16 [color=#0000EE]
                    RenderText {#text} at (0,1169) size 166x16
                      text run at (0,1169) width 166: "GRANT (Schema Privileges)"
                  RenderText {#text} at (166,1169) size 4x16
                    text run at (166,1169) width 4: " "
                  RenderBR {BR} at (170,1182) size 0x0
                  RenderInline {A} at (0,0) size 156x16 [color=#0000EE]
                    RenderText {#text} at (0,1185) size 156x16
                      text run at (0,1185) width 156: "GRANT (Server Privileges)"
                  RenderText {#text} at (156,1185) size 4x16
                    text run at (156,1185) width 4: " "
                  RenderBR {BR} at (160,1198) size 0x0
                  RenderInline {A} at (0,0) size 267x16 [color=#0000EE]
                    RenderText {#text} at (0,1201) size 267x16
                      text run at (0,1201) width 267: "GRANT (Table, View, or Nickname Privileges)"
                  RenderText {#text} at (267,1201) size 4x16
                    text run at (267,1201) width 4: " "
                  RenderBR {BR} at (271,1214) size 0x0
                  RenderInline {A} at (0,0) size 191x16 [color=#0000EE]
                    RenderText {#text} at (0,1217) size 191x16
                      text run at (0,1217) width 191: "GRANT (Table Space Privileges)"
                  RenderText {#text} at (191,1217) size 4x16
                    text run at (191,1217) width 4: " "
                  RenderBR {BR} at (195,1230) size 0x0
                  RenderInline {A} at (0,0) size 56x16 [color=#0000EE]
                    RenderText {#text} at (0,1233) size 56x16
                      text run at (0,1233) width 56: "INCLUDE"
                  RenderText {#text} at (56,1233) size 4x16
                    text run at (56,1233) width 4: " "
                  RenderBR {BR} at (60,1246) size 0x0
                  RenderInline {A} at (0,0) size 48x16 [color=#0000EE]
                    RenderText {#text} at (0,1249) size 48x16
                      text run at (0,1249) width 48: "INSERT"
                  RenderText {#text} at (48,1249) size 4x16
                    text run at (48,1249) width 4: " "
                  RenderBR {BR} at (52,1262) size 0x0
                  RenderInline {A} at (0,0) size 81x16 [color=#0000EE]
                    RenderText {#text} at (0,1265) size 81x16
                      text run at (0,1265) width 81: "LOCK TABLE"
                  RenderText {#text} at (81,1265) size 4x16
                    text run at (81,1265) width 4: " "
                  RenderBR {BR} at (85,1278) size 0x0
                  RenderInline {A} at (0,0) size 37x16 [color=#0000EE]
                    RenderText {#text} at (0,1281) size 37x16
                      text run at (0,1281) width 37: "OPEN"
                  RenderText {#text} at (37,1281) size 4x16
                    text run at (37,1281) width 4: " "
                  RenderBR {BR} at (41,1294) size 0x0
                  RenderInline {A} at (0,0) size 63x16 [color=#0000EE]
                    RenderText {#text} at (0,1297) size 63x16
                      text run at (0,1297) width 63: "PREPARE"
                  RenderText {#text} at (63,1297) size 4x16
                    text run at (63,1297) width 4: " "
                  RenderBR {BR} at (67,1310) size 0x0
                  RenderInline {A} at (0,0) size 108x16 [color=#0000EE]
                    RenderText {#text} at (0,1313) size 108x16
                      text run at (0,1313) width 108: "REFRESH TABLE"
                  RenderText {#text} at (108,1313) size 4x16
                    text run at (108,1313) width 4: " "
                  RenderBR {BR} at (112,1326) size 0x0
                  RenderInline {A} at (0,0) size 138x16 [color=#0000EE]
                    RenderText {#text} at (0,1329) size 138x16
                      text run at (0,1329) width 138: "RELEASE (Connection)"
                  RenderText {#text} at (138,1329) size 4x16
                    text run at (138,1329) width 4: " "
                  RenderBR {BR} at (142,1342) size 0x0
                  RenderInline {A} at (0,0) size 141x16 [color=#0000EE]
                    RenderText {#text} at (0,1345) size 141x16
                      text run at (0,1345) width 141: "RELEASE SAVEPOINT"
                  RenderText {#text} at (141,1345) size 4x16
                    text run at (141,1345) width 4: " "
                  RenderBR {BR} at (145,1358) size 0x0
                  RenderInline {A} at (0,0) size 102x16 [color=#0000EE]
                    RenderText {#text} at (0,1361) size 102x16
                      text run at (0,1361) width 102: "RENAME TABLE"
                  RenderText {#text} at (102,1361) size 4x16
                    text run at (102,1361) width 4: " "
                  RenderBR {BR} at (106,1374) size 0x0
                  RenderInline {A} at (0,0) size 147x16 [color=#0000EE]
                    RenderText {#text} at (0,1377) size 147x16
                      text run at (0,1377) width 147: "RENAME TABLESPACE"
                  RenderText {#text} at (147,1377) size 4x16
                    text run at (147,1377) width 4: " "
                  RenderBR {BR} at (151,1390) size 0x0
                  RenderInline {A} at (0,0) size 188x16 [color=#0000EE]
                    RenderText {#text} at (0,1393) size 188x16
                      text run at (0,1393) width 188: "REVOKE (Database Authorities)"
                  RenderText {#text} at (188,1393) size 4x16
                    text run at (188,1393) width 4: " "
                  RenderBR {BR} at (192,1406) size 0x0
                  RenderInline {A} at (0,0) size 160x16 [color=#0000EE]
                    RenderText {#text} at (0,1409) size 160x16
                      text run at (0,1409) width 160: "REVOKE (Index Privileges)"
                  RenderText {#text} at (160,1409) size 4x16
                    text run at (160,1409) width 4: " "
                  RenderBR {BR} at (164,1422) size 0x0
                  RenderInline {A} at (0,0) size 179x16 [color=#0000EE]
                    RenderText {#text} at (0,1425) size 179x16
                      text run at (0,1425) width 179: "REVOKE (Package Privileges)"
                  RenderText {#text} at (179,1425) size 4x16
                    text run at (179,1425) width 4: " "
                  RenderBR {BR} at (183,1438) size 0x0
                  RenderInline {A} at (0,0) size 176x16 [color=#0000EE]
                    RenderText {#text} at (0,1441) size 176x16
                      text run at (0,1441) width 176: "REVOKE (Schema Privileges)"
                  RenderText {#text} at (176,1441) size 4x16
                    text run at (176,1441) width 4: " "
                  RenderBR {BR} at (180,1454) size 0x0
                  RenderInline {A} at (0,0) size 166x16 [color=#0000EE]
                    RenderText {#text} at (0,1457) size 166x16
                      text run at (0,1457) width 166: "REVOKE (Server Privileges)"
                  RenderText {#text} at (166,1457) size 4x16
                    text run at (166,1457) width 4: " "
                  RenderBR {BR} at (170,1470) size 0x0
                  RenderInline {A} at (0,0) size 277x16 [color=#0000EE]
                    RenderText {#text} at (0,1473) size 277x16
                      text run at (0,1473) width 277: "REVOKE (Table, View, or Nickname Privileges)"
                  RenderText {#text} at (277,1473) size 4x16
                    text run at (277,1473) width 4: " "
                  RenderBR {BR} at (281,1486) size 0x0
                  RenderInline {A} at (0,0) size 201x16 [color=#0000EE]
                    RenderText {#text} at (0,1489) size 201x16
                      text run at (0,1489) width 201: "REVOKE (Table Space Privileges)"
                  RenderText {#text} at (201,1489) size 4x16
                    text run at (201,1489) width 4: " "
                  RenderBR {BR} at (205,1502) size 0x0
                  RenderInline {A} at (0,0) size 69x16 [color=#0000EE]
                    RenderText {#text} at (0,1505) size 69x16
                      text run at (0,1505) width 69: "ROLLBACK"
                  RenderText {#text} at (69,1505) size 4x16
                    text run at (69,1505) width 4: " "
                  RenderBR {BR} at (73,1518) size 0x0
                  RenderInline {A} at (0,0) size 76x16 [color=#0000EE]
                    RenderText {#text} at (0,1521) size 76x16
                      text run at (0,1521) width 76: "SAVEPOINT"
                  RenderText {#text} at (76,1521) size 4x16
                    text run at (76,1521) width 4: " "
                  RenderBR {BR} at (80,1534) size 0x0
                  RenderInline {A} at (0,0) size 51x16 [color=#0000EE]
                    RenderText {#text} at (0,1537) size 51x16
                      text run at (0,1537) width 51: "SELECT"
                  RenderText {#text} at (51,1537) size 4x16
                    text run at (51,1537) width 4: " "
                  RenderBR {BR} at (55,1550) size 0x0
                  RenderInline {A} at (0,0) size 86x16 [color=#0000EE]
                    RenderText {#text} at (0,1553) size 86x16
                      text run at (0,1553) width 86: "SELECT INTO"
                  RenderText {#text} at (86,1553) size 4x16
                    text run at (86,1553) width 4: " "
                  RenderBR {BR} at (90,1566) size 0x0
                  RenderInline {A} at (0,0) size 116x16 [color=#0000EE]
                    RenderText {#text} at (0,1569) size 116x16
                      text run at (0,1569) width 116: "SET CONNECTION"
                  RenderText {#text} at (116,1569) size 4x16
                    text run at (116,1569) width 4: " "
                  RenderBR {BR} at (120,1582) size 0x0
                  RenderInline {A} at (0,0) size 292x16 [color=#0000EE]
                    RenderText {#text} at (0,1585) size 292x16
                      text run at (0,1585) width 292: "SET CURRENT DEFAULT TRANSFORM GROUP"
                  RenderText {#text} at (292,1585) size 4x16
                    text run at (292,1585) width 4: " "
                  RenderBR {BR} at (296,1598) size 0x0
                  RenderInline {A} at (0,0) size 151x16 [color=#0000EE]
                    RenderText {#text} at (0,1601) size 151x16
                      text run at (0,1601) width 151: "SET CURRENT DEGREE"
                  RenderText {#text} at (151,1601) size 4x16
                    text run at (151,1601) width 4: " "
                  RenderBR {BR} at (155,1614) size 0x0
                  RenderInline {A} at (0,0) size 195x16 [color=#0000EE]
                    RenderText {#text} at (0,1617) size 195x16
                      text run at (0,1617) width 195: "SET CURRENT EXPLAIN MODE"
                  RenderText {#text} at (195,1617) size 4x16
                    text run at (195,1617) width 4: " "
                  RenderBR {BR} at (199,1630) size 0x0
                  RenderInline {A} at (0,0) size 228x16 [color=#0000EE]
                    RenderText {#text} at (0,1633) size 228x16
                      text run at (0,1633) width 228: "SET CURRENT EXPLAIN SNAPSHOT"
                  RenderText {#text} at (228,1633) size 4x16
                    text run at (228,1633) width 4: " "
                  RenderBR {BR} at (232,1646) size 0x0
                  RenderInline {A} at (0,0) size 186x16 [color=#0000EE]
                    RenderText {#text} at (0,1649) size 186x16
                      text run at (0,1649) width 186: "SET CURRENT PACKAGESET"
                  RenderText {#text} at (186,1649) size 4x16
                    text run at (186,1649) width 4: " "
                  RenderBR {BR} at (190,1662) size 0x0
                  RenderInline {A} at (0,0) size 240x16 [color=#0000EE]
                    RenderText {#text} at (0,1665) size 240x16
                      text run at (0,1665) width 240: "SET CURRENT QUERY OPTIMIZATION"
                  RenderText {#text} at (240,1665) size 4x16
                    text run at (240,1665) width 4: " "
                  RenderBR {BR} at (244,1678) size 0x0
                  RenderInline {A} at (0,0) size 190x16 [color=#0000EE]
                    RenderText {#text} at (0,1681) size 190x16
                      text run at (0,1681) width 190: "SET CURRENT REFRESH AGE"
                  RenderText {#text} at (190,1681) size 4x16
                    text run at (190,1681) width 4: " "
                  RenderBR {BR} at (194,1694) size 0x0
                  RenderInline {A} at (0,0) size 186x16 [color=#0000EE]
                    RenderText {#text} at (0,1697) size 186x16
                      text run at (0,1697) width 186: "SET EVENT MONITOR STATE"
                  RenderText {#text} at (186,1697) size 4x16
                    text run at (186,1697) width 4: " "
                  RenderBR {BR} at (190,1710) size 0x0
                  RenderInline {A} at (0,0) size 100x16 [color=#0000EE]
                    RenderText {#text} at (0,1713) size 100x16
                      text run at (0,1713) width 100: "SET INTEGRITY"
                  RenderText {#text} at (100,1713) size 4x16
                    text run at (100,1713) width 4: " "
                  RenderBR {BR} at (104,1726) size 0x0
                  RenderInline {A} at (0,0) size 101x16 [color=#0000EE]
                    RenderText {#text} at (0,1729) size 101x16
                      text run at (0,1729) width 101: "SET PASSTHRU"
                  RenderText {#text} at (101,1729) size 4x16
                    text run at (101,1729) width 4: " "
                  RenderBR {BR} at (105,1742) size 0x0
                  RenderInline {A} at (0,0) size 65x16 [color=#0000EE]
                    RenderText {#text} at (0,1745) size 65x16
                      text run at (0,1745) width 65: "SET PATH"
                  RenderText {#text} at (65,1745) size 4x16
                    text run at (65,1745) width 4: " "
                  RenderBR {BR} at (69,1758) size 0x0
                  RenderInline {A} at (0,0) size 86x16 [color=#0000EE]
                    RenderText {#text} at (0,1761) size 86x16
                      text run at (0,1761) width 86: "SET SCHEMA"
                  RenderText {#text} at (86,1761) size 4x16
                    text run at (86,1761) width 4: " "
                  RenderBR {BR} at (90,1774) size 0x0
                  RenderInline {A} at (0,0) size 138x16 [color=#0000EE]
                    RenderText {#text} at (0,1777) size 138x16
                      text run at (0,1777) width 138: "SET SERVER OPTION"
                  RenderText {#text} at (138,1777) size 4x16
                    text run at (138,1777) width 4: " "
                  RenderBR {BR} at (142,1790) size 0x0
                  RenderInline {A} at (0,0) size 132x16 [color=#0000EE]
                    RenderText {#text} at (0,1793) size 132x16
                      text run at (0,1793) width 132: "SET transition-variable"
                  RenderText {#text} at (132,1793) size 4x16
                    text run at (132,1793) width 4: " "
                  RenderBR {BR} at (136,1806) size 0x0
                  RenderInline {A} at (0,0) size 121x16 [color=#0000EE]
                    RenderText {#text} at (0,1809) size 121x16
                      text run at (0,1809) width 121: "SIGNAL SQLSTATE"
                  RenderText {#text} at (121,1809) size 4x16
                    text run at (121,1809) width 4: " "
                  RenderBR {BR} at (125,1822) size 0x0
                  RenderInline {A} at (0,0) size 53x16 [color=#0000EE]
                    RenderText {#text} at (0,1825) size 53x16
                      text run at (0,1825) width 53: "UPDATE"
                  RenderText {#text} at (53,1825) size 4x16
                    text run at (53,1825) width 4: " "
                  RenderBR {BR} at (57,1838) size 0x0
                  RenderInline {A} at (0,0) size 52x16 [color=#0000EE]
                    RenderText {#text} at (0,1841) size 52x16
                      text run at (0,1841) width 52: "VALUES"
                  RenderText {#text} at (52,1841) size 4x16
                    text run at (52,1841) width 4: " "
                  RenderBR {BR} at (56,1854) size 0x0
                  RenderInline {A} at (0,0) size 87x16 [color=#0000EE]
                    RenderText {#text} at (0,1857) size 87x16
                      text run at (0,1857) width 87: "VALUES INTO"
                  RenderText {#text} at (87,1857) size 4x16
                    text run at (87,1857) width 4: " "
                  RenderBR {BR} at (91,1870) size 0x0
                  RenderInline {A} at (0,0) size 75x16 [color=#0000EE]
                    RenderText {#text} at (0,1873) size 75x16
                      text run at (0,1873) width 75: "WHENEVER"
                  RenderText {#text} at (0,0) size 0x0
                RenderBlock {P} at (0,7878) size 715x321
                  RenderInline {B} at (0,0) size 102x16
                    RenderInline {A} at (0,0) size 102x16 [color=#0000EE]
                      RenderText {#text} at (0,0) size 102x16
                        text run at (0,0) width 102: "SQL Procedures"
                  RenderBR {BR} at (102,13) size 0x0
                  RenderBR {BR} at (0,17) size 0x16
                  RenderInline {A} at (0,0) size 153x16 [color=#0000EE]
                    RenderText {#text} at (0,33) size 153x16
                      text run at (0,33) width 153: "SQL Procedure Statement"
                  RenderText {#text} at (153,33) size 4x16
                    text run at (153,33) width 4: " "
                  RenderBR {BR} at (157,46) size 0x0
                  RenderInline {A} at (0,0) size 191x16 [color=#0000EE]
                    RenderText {#text} at (0,49) size 191x16
                      text run at (0,49) width 191: "ALLOCATE CURSOR Statement"
                  RenderText {#text} at (191,49) size 4x16
                    text run at (191,49) width 4: " "
                  RenderBR {BR} at (195,62) size 0x0
                  RenderInline {A} at (0,0) size 133x16 [color=#0000EE]
                    RenderText {#text} at (0,65) size 133x16
                      text run at (0,65) width 133: "Assignment Statement"
                  RenderText {#text} at (133,65) size 4x16
                    text run at (133,65) width 4: " "
                  RenderBR {BR} at (137,78) size 0x0
                  RenderInline {A} at (0,0) size 215x16 [color=#0000EE]
                    RenderText {#text} at (0,81) size 215x16
                      text run at (0,81) width 215: "ASSOCIATE LOCATORS Statement"
                  RenderText {#text} at (215,81) size 4x16
                    text run at (215,81) width 4: " "
                  RenderBR {BR} at (219,94) size 0x0
                  RenderInline {A} at (0,0) size 100x16 [color=#0000EE]
                    RenderText {#text} at (0,97) size 100x16
                      text run at (0,97) width 100: "CASE Statement"
                  RenderText {#text} at (100,97) size 4x16
                    text run at (100,97) width 4: " "
                  RenderBR {BR} at (104,110) size 0x0
                  RenderInline {A} at (0,0) size 126x16 [color=#0000EE]
                    RenderText {#text} at (0,113) size 126x16
                      text run at (0,113) width 126: "Compound Statement"
                  RenderText {#text} at (126,113) size 4x16
                    text run at (126,113) width 4: " "
                  RenderBR {BR} at (130,126) size 0x0
                  RenderInline {A} at (0,0) size 91x16 [color=#0000EE]
                    RenderText {#text} at (0,129) size 91x16
                      text run at (0,129) width 91: "FOR Statement"
                  RenderText {#text} at (91,129) size 4x16
                    text run at (91,129) width 4: " "
                  RenderBR {BR} at (95,142) size 0x0
                  RenderInline {A} at (0,0) size 185x16 [color=#0000EE]
                    RenderText {#text} at (0,145) size 185x16
                      text run at (0,145) width 185: "GET DIAGNOSTICS Statement"
                  RenderText {#text} at (185,145) size 4x16
                    text run at (185,145) width 4: " "
                  RenderBR {BR} at (189,158) size 0x0
                  RenderInline {A} at (0,0) size 102x16 [color=#0000EE]
                    RenderText {#text} at (0,161) size 102x16
                      text run at (0,161) width 102: "GOTO Statement"
                  RenderText {#text} at (102,161) size 4x16
                    text run at (102,161) width 4: " "
                  RenderBR {BR} at (106,174) size 0x0
                  RenderInline {A} at (0,0) size 76x16 [color=#0000EE]
                    RenderText {#text} at (0,177) size 76x16
                      text run at (0,177) width 76: "IF Statement"
                  RenderText {#text} at (76,177) size 4x16
                    text run at (76,177) width 4: " "
                  RenderBR {BR} at (80,190) size 0x0
                  RenderInline {A} at (0,0) size 120x16 [color=#0000EE]
                    RenderText {#text} at (0,193) size 120x16
                      text run at (0,193) width 120: "ITERATE Statement"
                  RenderText {#text} at (120,193) size 4x16
                    text run at (120,193) width 4: " "
                  RenderBR {BR} at (124,206) size 0x0
                  RenderInline {A} at (0,0) size 107x16 [color=#0000EE]
                    RenderText {#text} at (0,209) size 107x16
                      text run at (0,209) width 107: "LEAVE Statement"
                  RenderText {#text} at (107,209) size 4x16
                    text run at (107,209) width 4: " "
                  RenderBR {BR} at (111,222) size 0x0
                  RenderInline {A} at (0,0) size 100x16 [color=#0000EE]
                    RenderText {#text} at (0,225) size 100x16
                      text run at (0,225) width 100: "LOOP Statement"
                  RenderText {#text} at (100,225) size 4x16
                    text run at (100,225) width 4: " "
                  RenderBR {BR} at (104,238) size 0x0
                  RenderInline {A} at (0,0) size 117x16 [color=#0000EE]
                    RenderText {#text} at (0,241) size 117x16
                      text run at (0,241) width 117: "REPEAT Statement"
                  RenderText {#text} at (117,241) size 4x16
                    text run at (117,241) width 4: " "
                  RenderBR {BR} at (121,254) size 0x0
                  RenderInline {A} at (0,0) size 130x16 [color=#0000EE]
                    RenderText {#text} at (0,257) size 130x16
                      text run at (0,257) width 130: "RESIGNAL Statement"
                  RenderText {#text} at (130,257) size 4x16
                    text run at (130,257) width 4: " "
                  RenderBR {BR} at (134,270) size 0x0
                  RenderInline {A} at (0,0) size 117x16 [color=#0000EE]
                    RenderText {#text} at (0,273) size 117x16
                      text run at (0,273) width 117: "RETURN Statement"
                  RenderText {#text} at (117,273) size 4x16
                    text run at (117,273) width 4: " "
                  RenderBR {BR} at (121,286) size 0x0
                  RenderInline {A} at (0,0) size 112x16 [color=#0000EE]
                    RenderText {#text} at (0,289) size 112x16
                      text run at (0,289) width 112: "SIGNAL Statement"
                  RenderText {#text} at (112,289) size 4x16
                    text run at (112,289) width 4: " "
                  RenderBR {BR} at (116,302) size 0x0
                  RenderInline {A} at (0,0) size 105x16 [color=#0000EE]
                    RenderText {#text} at (0,305) size 105x16
                      text run at (0,305) width 105: "WHILE Statement"
                  RenderText {#text} at (0,0) size 0x0
                RenderBlock {P} at (0,8212) size 715x17
                  RenderInline {B} at (0,0) size 150x16
                    RenderInline {A} at (0,0) size 150x16 [color=#0000EE]
                      RenderText {#text} at (0,0) size 150x16
                        text run at (0,0) width 150: "Appendix A. SQL Limits"
                  RenderBR {BR} at (150,13) size 0x0
                RenderBlock {P} at (0,8242) size 715x97
                  RenderInline {B} at (0,0) size 274x16
                    RenderInline {A} at (0,0) size 274x16 [color=#0000EE]
                      RenderText {#text} at (0,0) size 274x16
                        text run at (0,0) width 274: "Appendix B. SQL Communications (SQLCA)"
                  RenderBR {BR} at (274,13) size 0x0
                  RenderBR {BR} at (0,17) size 0x16
                  RenderInline {A} at (0,0) size 190x16 [color=#0000EE]
                    RenderText {#text} at (0,33) size 190x16
                      text run at (0,33) width 190: "Viewing the SQLCA Interactively"
                  RenderText {#text} at (190,33) size 4x16
                    text run at (190,33) width 4: " "
                  RenderBR {BR} at (194,46) size 0x0
                  RenderInline {A} at (0,0) size 152x16 [color=#0000EE]
                    RenderText {#text} at (0,49) size 152x16
                      text run at (0,49) width 152: "SQLCA Field Descriptions"
                  RenderText {#text} at (152,49) size 4x16
                    text run at (152,49) width 4: " "
                  RenderBR {BR} at (156,62) size 0x0
                  RenderInline {A} at (0,0) size 138x16 [color=#0000EE]
                    RenderText {#text} at (0,65) size 138x16
                      text run at (0,65) width 138: "Order of Error Reporting"
                  RenderText {#text} at (138,65) size 4x16
                    text run at (138,65) width 4: " "
                  RenderBR {BR} at (142,78) size 0x0
                  RenderInline {A} at (0,0) size 325x16 [color=#0000EE]
                    RenderText {#text} at (0,81) size 325x16
                      text run at (0,81) width 325: "DB2 Enterprise - Extended Edition Usage of the SQLCA"
                  RenderText {#text} at (0,0) size 0x0
                RenderBlock {P} at (0,8352) size 715x177
                  RenderInline {B} at (0,0) size 264x16
                    RenderInline {A} at (0,0) size 264x16 [color=#0000EE]
                      RenderText {#text} at (0,0) size 264x16
                        text run at (0,0) width 264: "Appendix C. SQL Descriptor Area (SQLDA)"
                  RenderBR {BR} at (264,13) size 0x0
                  RenderBR {BR} at (0,17) size 0x16
                  RenderInline {A} at (0,0) size 104x16 [color=#0000EE]
                    RenderText {#text} at (0,33) size 104x16
                      text run at (0,33) width 104: "Field Descriptions"
                  RenderText {#text} at (104,33) size 4x16
                    text run at (104,33) width 4: " "
                  RenderBR {BR} at (108,46) size 0x0
                  RenderInline {A} at (0,0) size 164x16 [color=#0000EE]
                    RenderText {#text} at (0,49) size 164x16
                      text run at (0,49) width 164: "Fields in the SQLDA Header"
                  RenderText {#text} at (164,49) size 4x16
                    text run at (164,49) width 4: " "
                  RenderBR {BR} at (168,62) size 0x0
                  RenderInline {A} at (0,0) size 255x16 [color=#0000EE]
                    RenderText {#text} at (0,65) size 255x16
                      text run at (0,65) width 255: "Fields in an Occurrence of a Base SQLVAR"
                  RenderText {#text} at (255,65) size 4x16
                    text run at (255,65) width 4: " "
                  RenderBR {BR} at (259,78) size 0x0
                  RenderInline {A} at (0,0) size 287x16 [color=#0000EE]
                    RenderText {#text} at (0,81) size 287x16
                      text run at (0,81) width 287: "Fields in an Occurrence of a Secondary SQLVAR"
                  RenderText {#text} at (287,81) size 4x16
                    text run at (287,81) width 4: " "
                  RenderBR {BR} at (291,94) size 0x0
                  RenderInline {A} at (0,0) size 209x16 [color=#0000EE]
                    RenderText {#text} at (0,97) size 209x16
                      text run at (0,97) width 209: "Effect of DESCRIBE on the SQLDA"
                  RenderText {#text} at (209,97) size 4x16
                    text run at (209,97) width 4: " "
                  RenderBR {BR} at (213,110) size 0x0
                  RenderInline {A} at (0,0) size 141x16 [color=#0000EE]
                    RenderText {#text} at (0,113) size 141x16
                      text run at (0,113) width 141: "SQLTYPE and SQLLEN"
                  RenderText {#text} at (141,113) size 4x16
                    text run at (141,113) width 4: " "
                  RenderBR {BR} at (145,126) size 0x0
                  RenderInline {A} at (0,0) size 255x16 [color=#0000EE]
                    RenderText {#text} at (0,129) size 255x16
                      text run at (0,129) width 255: "Unrecognized and Unsupported SQLTYPES"
                  RenderText {#text} at (255,129) size 4x16
                    text run at (255,129) width 4: " "
                  RenderBR {BR} at (259,142) size 0x0
                  RenderInline {A} at (0,0) size 151x16 [color=#0000EE]
                    RenderText {#text} at (0,145) size 151x16
                      text run at (0,145) width 151: "Packed Decimal Numbers"
                  RenderText {#text} at (151,145) size 4x16
                    text run at (151,145) width 4: " "
                  RenderBR {BR} at (155,158) size 0x0
                  RenderInline {A} at (0,0) size 153x16 [color=#0000EE]
                    RenderText {#text} at (0,161) size 153x16
                      text run at (0,161) width 153: "SQLLEN Field for Decimal"
                  RenderText {#text} at (0,0) size 0x0
                RenderBlock {P} at (0,8542) size 715x1169
                  RenderInline {B} at (0,0) size 168x16
                    RenderInline {A} at (0,0) size 168x16 [color=#0000EE]
                      RenderText {#text} at (0,0) size 168x16
                        text run at (0,0) width 168: "Appendix D. Catalog Views"
                  RenderBR {BR} at (168,13) size 0x0
                  RenderBR {BR} at (0,17) size 0x16
                  RenderInline {A} at (0,0) size 145x16 [color=#0000EE]
                    RenderText {#text} at (0,33) size 145x16
                      text run at (0,33) width 145: "Updatable Catalog Views"
                  RenderText {#text} at (145,33) size 4x16
                    text run at (145,33) width 4: " "
                  RenderBR {BR} at (149,46) size 0x0
                  RenderInline {A} at (0,0) size 161x16 [color=#0000EE]
                    RenderText {#text} at (0,49) size 161x16
                      text run at (0,49) width 161: "'Roadmap' to Catalog Views"
                  RenderText {#text} at (161,49) size 4x16
                    text run at (161,49) width 4: " "
                  RenderBR {BR} at (165,62) size 0x0
                  RenderInline {A} at (0,0) size 223x16 [color=#0000EE]
                    RenderText {#text} at (0,65) size 223x16
                      text run at (0,65) width 223: "'Roadmap' to Updatable Catalog Views"
                  RenderText {#text} at (223,65) size 4x16
                    text run at (223,65) width 4: " "
                  RenderBR {BR} at (227,78) size 0x0
                  RenderInline {A} at (0,0) size 138x16 [color=#0000EE]
                    RenderText {#text} at (0,81) size 138x16
                      text run at (0,81) width 138: "SYSIBM.SYSDUMMY1"
                  RenderText {#text} at (138,81) size 4x16
                    text run at (138,81) width 4: " "
                  RenderBR {BR} at (142,94) size 0x0
                  RenderInline {A} at (0,0) size 139x16 [color=#0000EE]
                    RenderText {#text} at (0,97) size 139x16
                      text run at (0,97) width 139: "SYSCAT.ATTRIBUTES"
                  RenderText {#text} at (139,97) size 4x16
                    text run at (139,97) width 4: " "
                  RenderBR {BR} at (143,110) size 0x0
                  RenderInline {A} at (0,0) size 191x16 [color=#0000EE]
                    RenderText {#text} at (0,113) size 191x16
                      text run at (0,113) width 191: "SYSCAT.BUFFERPOOLNODES"
                  RenderText {#text} at (191,113) size 4x16
                    text run at (191,113) width 4: " "
                  RenderBR {BR} at (195,126) size 0x0
                  RenderInline {A} at (0,0) size 154x16 [color=#0000EE]
                    RenderText {#text} at (0,129) size 154x16
                      text run at (0,129) width 154: "SYSCAT.BUFFERPOOLS"
                  RenderText {#text} at (154,129) size 4x16
                    text run at (154,129) width 4: " "
                  RenderBR {BR} at (158,142) size 0x0
                  RenderInline {A} at (0,0) size 167x16 [color=#0000EE]
                    RenderText {#text} at (0,145) size 167x16
                      text run at (0,145) width 167: "SYSCAT.CASTFUNCTIONS"
                  RenderText {#text} at (167,145) size 4x16
                    text run at (167,145) width 4: " "
                  RenderBR {BR} at (171,158) size 0x0
                  RenderInline {A} at (0,0) size 111x16 [color=#0000EE]
                    RenderText {#text} at (0,161) size 111x16
                      text run at (0,161) width 111: "SYSCAT.CHECKS"
                  RenderText {#text} at (111,161) size 4x16
                    text run at (111,161) width 4: " "
                  RenderBR {BR} at (115,174) size 0x0
                  RenderInline {A} at (0,0) size 118x16 [color=#0000EE]
                    RenderText {#text} at (0,177) size 118x16
                      text run at (0,177) width 118: "SYSCAT.COLAUTH"
                  RenderText {#text} at (118,177) size 4x16
                    text run at (118,177) width 4: " "
                  RenderBR {BR} at (122,190) size 0x0
                  RenderInline {A} at (0,0) size 137x16 [color=#0000EE]
                    RenderText {#text} at (0,193) size 137x16
                      text run at (0,193) width 137: "SYSCAT.COLCHECKS"
                  RenderText {#text} at (137,193) size 4x16
                    text run at (137,193) width 4: " "
                  RenderBR {BR} at (141,206) size 0x0
                  RenderInline {A} at (0,0) size 113x16 [color=#0000EE]
                    RenderText {#text} at (0,209) size 113x16
                      text run at (0,209) width 113: "SYSCAT.COLDIST"
                  RenderText {#text} at (113,209) size 4x16
                    text run at (113,209) width 4: " "
                  RenderBR {BR} at (117,222) size 0x0
                  RenderInline {A} at (0,0) size 142x16 [color=#0000EE]
                    RenderText {#text} at (0,225) size 142x16
                      text run at (0,225) width 142: "SYSCAT.COLOPTIONS"
                  RenderText {#text} at (142,225) size 4x16
                    text run at (142,225) width 4: " "
                  RenderBR {BR} at (146,238) size 0x0
                  RenderInline {A} at (0,0) size 121x16 [color=#0000EE]
                    RenderText {#text} at (0,241) size 121x16
                      text run at (0,241) width 121: "SYSCAT.COLUMNS"
                  RenderText {#text} at (121,241) size 4x16
                    text run at (121,241) width 4: " "
                  RenderBR {BR} at (125,254) size 0x0
                  RenderInline {A} at (0,0) size 129x16 [color=#0000EE]
                    RenderText {#text} at (0,257) size 129x16
                      text run at (0,257) width 129: "SYSCAT.CONSTDEP"
                  RenderText {#text} at (129,257) size 4x16
                    text run at (129,257) width 4: " "
                  RenderBR {BR} at (133,270) size 0x0
                  RenderInline {A} at (0,0) size 136x16 [color=#0000EE]
                    RenderText {#text} at (0,273) size 136x16
                      text run at (0,273) width 136: "SYSCAT.DATATYPES"
                  RenderText {#text} at (136,273) size 4x16
                    text run at (136,273) width 4: " "
                  RenderBR {BR} at (140,286) size 0x0
                  RenderInline {A} at (0,0) size 110x16 [color=#0000EE]
                    RenderText {#text} at (0,289) size 110x16
                      text run at (0,289) width 110: "SYSCAT.DBAUTH"
                  RenderText {#text} at (110,289) size 4x16
                    text run at (110,289) width 4: " "
                  RenderBR {BR} at (114,302) size 0x0
                  RenderInline {A} at (0,0) size 171x16 [color=#0000EE]
                    RenderText {#text} at (0,305) size 171x16
                      text run at (0,305) width 171: "SYSCAT.EVENTMONITORS"
                  RenderText {#text} at (171,305) size 4x16
                    text run at (171,305) width 4: " "
                  RenderBR {BR} at (175,318) size 0x0
                  RenderInline {A} at (0,0) size 110x16 [color=#0000EE]
                    RenderText {#text} at (0,321) size 110x16
                      text run at (0,321) width 110: "SYSCAT.EVENTS"
                  RenderText {#text} at (110,321) size 4x16
                    text run at (110,321) width 4: " "
                  RenderBR {BR} at (114,334) size 0x0
                  RenderInline {A} at (0,0) size 177x16 [color=#0000EE]
                    RenderText {#text} at (0,337) size 177x16
                      text run at (0,337) width 177: "SYSCAT.FULLHIERARCHIES"
                  RenderText {#text} at (177,337) size 4x16
                    text run at (177,337) width 4: " "
                  RenderBR {BR} at (181,350) size 0x0
                  RenderInline {A} at (0,0) size 119x16 [color=#0000EE]
                    RenderText {#text} at (0,353) size 119x16
                      text run at (0,353) width 119: "SYSCAT.FUNCDEP"
                  RenderText {#text} at (119,353) size 4x16
                    text run at (119,353) width 4: " "
                  RenderBR {BR} at (123,366) size 0x0
                  RenderInline {A} at (0,0) size 180x16 [color=#0000EE]
                    RenderText {#text} at (0,369) size 180x16
                      text run at (0,369) width 180: "SYSCAT.FUNCMAPOPTIONS"
                  RenderText {#text} at (180,369) size 4x16
                    text run at (180,369) width 4: " "
                  RenderBR {BR} at (184,382) size 0x0
                  RenderInline {A} at (0,0) size 218x16 [color=#0000EE]
                    RenderText {#text} at (0,385) size 218x16
                      text run at (0,385) width 218: "SYSCAT.FUNCMAPPARMOPTIONS"
                  RenderText {#text} at (218,385) size 4x16
                    text run at (218,385) width 4: " "
                  RenderBR {BR} at (222,398) size 0x0
                  RenderInline {A} at (0,0) size 162x16 [color=#0000EE]
                    RenderText {#text} at (0,401) size 162x16
                      text run at (0,401) width 162: "SYSCAT.FUNCMAPPINGS"
                  RenderText {#text} at (162,401) size 4x16
                    text run at (162,401) width 4: " "
                  RenderBR {BR} at (166,414) size 0x0
                  RenderInline {A} at (0,0) size 139x16 [color=#0000EE]
                    RenderText {#text} at (0,417) size 139x16
                      text run at (0,417) width 139: "SYSCAT.FUNCPARMS"
                  RenderText {#text} at (139,417) size 4x16
                    text run at (139,417) width 4: " "
                  RenderBR {BR} at (143,430) size 0x0
                  RenderInline {A} at (0,0) size 132x16 [color=#0000EE]
                    RenderText {#text} at (0,433) size 132x16
                      text run at (0,433) width 132: "SYSCAT.FUNCTIONS"
                  RenderText {#text} at (132,433) size 4x16
                    text run at (132,433) width 4: " "
                  RenderBR {BR} at (136,446) size 0x0
                  RenderInline {A} at (0,0) size 146x16 [color=#0000EE]
                    RenderText {#text} at (0,449) size 146x16
                      text run at (0,449) width 146: "SYSCAT.HIERARCHIES"
                  RenderText {#text} at (146,449) size 4x16
                    text run at (146,449) width 4: " "
                  RenderBR {BR} at (150,462) size 0x0
                  RenderInline {A} at (0,0) size 132x16 [color=#0000EE]
                    RenderText {#text} at (0,465) size 132x16
                      text run at (0,465) width 132: "SYSCAT.INDEXAUTH"
                  RenderText {#text} at (132,465) size 4x16
                    text run at (132,465) width 4: " "
                  RenderBR {BR} at (136,478) size 0x0
                  RenderInline {A} at (0,0) size 150x16 [color=#0000EE]
                    RenderText {#text} at (0,481) size 150x16
                      text run at (0,481) width 150: "SYSCAT.INDEXCOLUSE"
                  RenderText {#text} at (150,481) size 4x16
                    text run at (150,481) width 4: " "
                  RenderBR {BR} at (154,494) size 0x0
                  RenderInline {A} at (0,0) size 124x16 [color=#0000EE]
                    RenderText {#text} at (0,497) size 124x16
                      text run at (0,497) width 124: "SYSCAT.INDEXDEP"
                  RenderText {#text} at (124,497) size 4x16
                    text run at (124,497) width 4: " "
                  RenderBR {BR} at (128,510) size 0x0
                  RenderInline {A} at (0,0) size 115x16 [color=#0000EE]
                    RenderText {#text} at (0,513) size 115x16
                      text run at (0,513) width 115: "SYSCAT.INDEXES"
                  RenderText {#text} at (115,513) size 4x16
                    text run at (115,513) width 4: " "
                  RenderBR {BR} at (119,526) size 0x0
                  RenderInline {A} at (0,0) size 156x16 [color=#0000EE]
                    RenderText {#text} at (0,529) size 156x16
                      text run at (0,529) width 156: "SYSCAT.INDEXOPTIONS"
                  RenderText {#text} at (156,529) size 4x16
                    text run at (156,529) width 4: " "
                  RenderBR {BR} at (160,542) size 0x0
                  RenderInline {A} at (0,0) size 137x16 [color=#0000EE]
                    RenderText {#text} at (0,545) size 137x16
                      text run at (0,545) width 137: "SYSCAT.KEYCOLUSE"
                  RenderText {#text} at (137,545) size 4x16
                    text run at (137,545) width 4: " "
                  RenderBR {BR} at (141,558) size 0x0
                  RenderInline {A} at (0,0) size 165x16 [color=#0000EE]
                    RenderText {#text} at (0,561) size 165x16
                      text run at (0,561) width 165: "SYSCAT.NAMEMAPPINGS"
                  RenderText {#text} at (165,561) size 4x16
                    text run at (165,561) width 4: " "
                  RenderBR {BR} at (169,574) size 0x0
                  RenderInline {A} at (0,0) size 167x16 [color=#0000EE]
                    RenderText {#text} at (0,577) size 167x16
                      text run at (0,577) width 167: "SYSCAT.NODEGROUPDEF"
                  RenderText {#text} at (167,577) size 4x16
                    text run at (167,577) width 4: " "
                  RenderBR {BR} at (171,590) size 0x0
                  RenderInline {A} at (0,0) size 150x16 [color=#0000EE]
                    RenderText {#text} at (0,593) size 150x16
                      text run at (0,593) width 150: "SYSCAT.NODEGROUPS"
                  RenderText {#text} at (150,593) size 4x16
                    text run at (150,593) width 4: " "
                  RenderBR {BR} at (154,606) size 0x0
                  RenderInline {A} at (0,0) size 156x16 [color=#0000EE]
                    RenderText {#text} at (0,609) size 156x16
                      text run at (0,609) width 156: "SYSCAT.PACKAGEAUTH"
                  RenderText {#text} at (156,609) size 4x16
                    text run at (156,609) width 4: " "
                  RenderBR {BR} at (160,622) size 0x0
                  RenderInline {A} at (0,0) size 148x16 [color=#0000EE]
                    RenderText {#text} at (0,625) size 148x16
                      text run at (0,625) width 148: "SYSCAT.PACKAGEDEP"
                  RenderText {#text} at (148,625) size 4x16
                    text run at (148,625) width 4: " "
                  RenderBR {BR} at (152,638) size 0x0
                  RenderInline {A} at (0,0) size 130x16 [color=#0000EE]
                    RenderText {#text} at (0,641) size 130x16
                      text run at (0,641) width 130: "SYSCAT.PACKAGES"
                  RenderText {#text} at (130,641) size 4x16
                    text run at (130,641) width 4: " "
                  RenderBR {BR} at (134,654) size 0x0
                  RenderInline {A} at (0,0) size 165x16 [color=#0000EE]
                    RenderText {#text} at (0,657) size 165x16
                      text run at (0,657) width 165: "SYSCAT.PARTITIONMAPS"
                  RenderText {#text} at (165,657) size 4x16
                    text run at (165,657) width 4: " "
                  RenderBR {BR} at (169,670) size 0x0
                  RenderInline {A} at (0,0) size 163x16 [color=#0000EE]
                    RenderText {#text} at (0,673) size 163x16
                      text run at (0,673) width 163: "SYSCAT.PASSTHRUAUTH"
                  RenderText {#text} at (163,673) size 4x16
                    text run at (163,673) width 4: " "
                  RenderBR {BR} at (167,686) size 0x0
                  RenderInline {A} at (0,0) size 148x16 [color=#0000EE]
                    RenderText {#text} at (0,689) size 148x16
                      text run at (0,689) width 148: "SYSCAT.PROCEDURES"
                  RenderText {#text} at (148,689) size 4x16
                    text run at (148,689) width 4: " "
                  RenderBR {BR} at (152,702) size 0x0
                  RenderInline {A} at (0,0) size 153x16 [color=#0000EE]
                    RenderText {#text} at (0,705) size 153x16
                      text run at (0,705) width 153: "SYSCAT.PROCOPTIONS"
                  RenderText {#text} at (153,705) size 4x16
                    text run at (153,705) width 4: " "
                  RenderBR {BR} at (157,718) size 0x0
                  RenderInline {A} at (0,0) size 191x16 [color=#0000EE]
                    RenderText {#text} at (0,721) size 191x16
                      text run at (0,721) width 191: "SYSCAT.PROCPARMOPTIONS"
                  RenderText {#text} at (191,721) size 4x16
                    text run at (191,721) width 4: " "
                  RenderBR {BR} at (195,734) size 0x0
                  RenderInline {A} at (0,0) size 141x16 [color=#0000EE]
                    RenderText {#text} at (0,737) size 141x16
                      text run at (0,737) width 141: "SYSCAT.PROCPARMS"
                  RenderText {#text} at (141,737) size 4x16
                    text run at (141,737) width 4: " "
                  RenderBR {BR} at (145,750) size 0x0
                  RenderInline {A} at (0,0) size 146x16 [color=#0000EE]
                    RenderText {#text} at (0,753) size 146x16
                      text run at (0,753) width 146: "SYSCAT.REFERENCES"
                  RenderText {#text} at (146,753) size 4x16
                    text run at (146,753) width 4: " "
                  RenderBR {BR} at (150,766) size 0x0
                  RenderInline {A} at (0,0) size 189x16 [color=#0000EE]
                    RenderText {#text} at (0,769) size 189x16
                      text run at (0,769) width 189: "SYSCAT.REVTYPEMAPPINGS"
                  RenderText {#text} at (189,769) size 4x16
                    text run at (189,769) width 4: " "
                  RenderBR {BR} at (193,782) size 0x0
                  RenderInline {A} at (0,0) size 148x16 [color=#0000EE]
                    RenderText {#text} at (0,785) size 148x16
                      text run at (0,785) width 148: "SYSCAT.SCHEMAAUTH"
                  RenderText {#text} at (148,785) size 4x16
                    text run at (148,785) width 4: " "
                  RenderBR {BR} at (152,798) size 0x0
                  RenderInline {A} at (0,0) size 130x16 [color=#0000EE]
                    RenderText {#text} at (0,801) size 130x16
                      text run at (0,801) width 130: "SYSCAT.SCHEMATA"
                  RenderText {#text} at (130,801) size 4x16
                    text run at (130,801) width 4: " "
                  RenderBR {BR} at (134,814) size 0x0
                  RenderInline {A} at (0,0) size 170x16 [color=#0000EE]
                    RenderText {#text} at (0,817) size 170x16
                      text run at (0,817) width 170: "SYSCAT.SERVEROPTIONS"
                  RenderText {#text} at (170,817) size 4x16
                    text run at (170,817) width 4: " "
                  RenderBR {BR} at (174,830) size 0x0
                  RenderInline {A} at (0,0) size 120x16 [color=#0000EE]
                    RenderText {#text} at (0,833) size 120x16
                      text run at (0,833) width 120: "SYSCAT.SERVERS"
                  RenderText {#text} at (120,833) size 4x16
                    text run at (120,833) width 4: " "
                  RenderBR {BR} at (124,846) size 0x0
                  RenderInline {A} at (0,0) size 146x16 [color=#0000EE]
                    RenderText {#text} at (0,849) size 146x16
                      text run at (0,849) width 146: "SYSCAT.STATEMENTS"
                  RenderText {#text} at (146,849) size 4x16
                    text run at (146,849) width 4: " "
                  RenderBR {BR} at (150,862) size 0x0
                  RenderInline {A} at (0,0) size 118x16 [color=#0000EE]
                    RenderText {#text} at (0,865) size 118x16
                      text run at (0,865) width 118: "SYSCAT.TABAUTH"
                  RenderText {#text} at (118,865) size 4x16
                    text run at (118,865) width 4: " "
                  RenderBR {BR} at (122,878) size 0x0
                  RenderInline {A} at (0,0) size 128x16 [color=#0000EE]
                    RenderText {#text} at (0,881) size 128x16
                      text run at (0,881) width 128: "SYSCAT.TABCONST"
                  RenderText {#text} at (128,881) size 4x16
                    text run at (128,881) width 4: " "
                  RenderBR {BR} at (132,894) size 0x0
                  RenderInline {A} at (0,0) size 108x16 [color=#0000EE]
                    RenderText {#text} at (0,897) size 108x16
                      text run at (0,897) width 108: "SYSCAT.TABLES"
                  RenderText {#text} at (108,897) size 4x16
                    text run at (108,897) width 4: " "
                  RenderBR {BR} at (112,910) size 0x0
                  RenderInline {A} at (0,0) size 153x16 [color=#0000EE]
                    RenderText {#text} at (0,913) size 153x16
                      text run at (0,913) width 153: "SYSCAT.TABLESPACES"
                  RenderText {#text} at (153,913) size 4x16
                    text run at (153,913) width 4: " "
                  RenderBR {BR} at (157,926) size 0x0
                  RenderInline {A} at (0,0) size 142x16 [color=#0000EE]
                    RenderText {#text} at (0,929) size 142x16
                      text run at (0,929) width 142: "SYSCAT.TABOPTIONS"
                  RenderText {#text} at (142,929) size 4x16
                    text run at (142,929) width 4: " "
                  RenderBR {BR} at (146,942) size 0x0
                  RenderInline {A} at (0,0) size 154x16 [color=#0000EE]
                    RenderText {#text} at (0,945) size 154x16
                      text run at (0,945) width 154: "SYSCAT.TBSPACEAUTH"
                  RenderText {#text} at (154,945) size 4x16
                    text run at (154,945) width 4: " "
                  RenderBR {BR} at (158,958) size 0x0
                  RenderInline {A} at (0,0) size 115x16 [color=#0000EE]
                    RenderText {#text} at (0,961) size 115x16
                      text run at (0,961) width 115: "SYSCAT.TRIGDEP"
                  RenderText {#text} at (115,961) size 4x16
                    text run at (115,961) width 4: " "
                  RenderBR {BR} at (119,974) size 0x0
                  RenderInline {A} at (0,0) size 125x16 [color=#0000EE]
                    RenderText {#text} at (0,977) size 125x16
                      text run at (0,977) width 125: "SYSCAT.TRIGGERS"
                  RenderText {#text} at (125,977) size 4x16
                    text run at (125,977) width 4: " "
                  RenderBR {BR} at (129,990) size 0x0
                  RenderInline {A} at (0,0) size 162x16 [color=#0000EE]
                    RenderText {#text} at (0,993) size 162x16
                      text run at (0,993) width 162: "SYSCAT.TYPEMAPPINGS"
                  RenderText {#text} at (162,993) size 4x16
                    text run at (162,993) width 4: " "
                  RenderBR {BR} at (166,1006) size 0x0
                  RenderInline {A} at (0,0) size 152x16 [color=#0000EE]
                    RenderText {#text} at (0,1009) size 152x16
                      text run at (0,1009) width 152: "SYSCAT.USEROPTIONS"
                  RenderText {#text} at (152,1009) size 4x16
                    text run at (152,1009) width 4: " "
                  RenderBR {BR} at (156,1022) size 0x0
                  RenderInline {A} at (0,0) size 118x16 [color=#0000EE]
                    RenderText {#text} at (0,1025) size 118x16
                      text run at (0,1025) width 118: "SYSCAT.VIEWDEP"
                  RenderText {#text} at (118,1025) size 4x16
                    text run at (118,1025) width 4: " "
                  RenderBR {BR} at (122,1038) size 0x0
                  RenderInline {A} at (0,0) size 100x16 [color=#0000EE]
                    RenderText {#text} at (0,1041) size 100x16
                      text run at (0,1041) width 100: "SYSCAT.VIEWS"
                  RenderText {#text} at (100,1041) size 4x16
                    text run at (100,1041) width 4: " "
                  RenderBR {BR} at (104,1054) size 0x0
                  RenderInline {A} at (0,0) size 155x16 [color=#0000EE]
                    RenderText {#text} at (0,1057) size 155x16
                      text run at (0,1057) width 155: "SYSCAT.WRAPOPTIONS"
                  RenderText {#text} at (155,1057) size 4x16
                    text run at (155,1057) width 4: " "
                  RenderBR {BR} at (159,1070) size 0x0
                  RenderInline {A} at (0,0) size 132x16 [color=#0000EE]
                    RenderText {#text} at (0,1073) size 132x16
                      text run at (0,1073) width 132: "SYSCAT.WRAPPERS"
                  RenderText {#text} at (132,1073) size 4x16
                    text run at (132,1073) width 4: " "
                  RenderBR {BR} at (136,1086) size 0x0
                  RenderInline {A} at (0,0) size 121x16 [color=#0000EE]
                    RenderText {#text} at (0,1089) size 121x16
                      text run at (0,1089) width 121: "SYSSTAT.COLDIST"
                  RenderText {#text} at (121,1089) size 4x16
                    text run at (121,1089) width 4: " "
                  RenderBR {BR} at (125,1102) size 0x0
                  RenderInline {A} at (0,0) size 129x16 [color=#0000EE]
                    RenderText {#text} at (0,1105) size 129x16
                      text run at (0,1105) width 129: "SYSSTAT.COLUMNS"
                  RenderText {#text} at (129,1105) size 4x16
                    text run at (129,1105) width 4: " "
                  RenderBR {BR} at (133,1118) size 0x0
                  RenderInline {A} at (0,0) size 140x16 [color=#0000EE]
                    RenderText {#text} at (0,1121) size 140x16
                      text run at (0,1121) width 140: "SYSSTAT.FUNCTIONS"
                  RenderText {#text} at (140,1121) size 4x16
                    text run at (140,1121) width 4: " "
                  RenderBR {BR} at (144,1134) size 0x0
                  RenderInline {A} at (0,0) size 123x16 [color=#0000EE]
                    RenderText {#text} at (0,1137) size 123x16
                      text run at (0,1137) width 123: "SYSSTAT.INDEXES"
                  RenderText {#text} at (123,1137) size 4x16
                    text run at (123,1137) width 4: " "
                  RenderBR {BR} at (127,1150) size 0x0
                  RenderInline {A} at (0,0) size 116x16 [color=#0000EE]
                    RenderText {#text} at (0,1153) size 116x16
                      text run at (0,1153) width 116: "SYSSTAT.TABLES"
                  RenderText {#text} at (0,0) size 0x0
                RenderBlock {P} at (0,9724) size 715x177
                  RenderInline {B} at (0,0) size 362x16
                    RenderInline {A} at (0,0) size 362x16 [color=#0000EE]
                      RenderText {#text} at (0,0) size 362x16
                        text run at (0,0) width 362: "Appendix E. Catalog Views For Use With Structured Types"
                  RenderBR {BR} at (362,13) size 0x0
                  RenderBR {BR} at (0,17) size 0x16
                  RenderInline {A} at (0,0) size 161x16 [color=#0000EE]
                    RenderText {#text} at (0,33) size 161x16
                      text run at (0,33) width 161: "'Roadmap' to Catalog Views"
                  RenderText {#text} at (161,33) size 4x16
                    text run at (161,33) width 4: " "
                  RenderBR {BR} at (165,46) size 0x0
                  RenderInline {A} at (0,0) size 114x16 [color=#0000EE]
                    RenderText {#text} at (0,49) size 114x16
                      text run at (0,49) width 114: "OBJCAT.INDEXES"
                  RenderText {#text} at (114,49) size 4x16
                    text run at (114,49) width 4: " "
                  RenderBR {BR} at (118,62) size 0x0
                  RenderInline {A} at (0,0) size 195x16 [color=#0000EE]
                    RenderText {#text} at (0,65) size 195x16
                      text run at (0,65) width 195: "OBJCAT.INDEXEXPLOITRULES"
                  RenderText {#text} at (195,65) size 4x16
                    text run at (195,65) width 4: " "
                  RenderBR {BR} at (199,78) size 0x0
                  RenderInline {A} at (0,0) size 199x16 [color=#0000EE]
                    RenderText {#text} at (0,81) size 199x16
                      text run at (0,81) width 199: "OBJCAT.INDEXEXTENSIONDEP"
                  RenderText {#text} at (199,81) size 4x16
                    text run at (199,81) width 4: " "
                  RenderBR {BR} at (203,94) size 0x0
                  RenderInline {A} at (0,0) size 237x16 [color=#0000EE]
                    RenderText {#text} at (0,97) size 237x16
                      text run at (0,97) width 237: "OBJCAT.INDEXEXTENSIONMETHODS"
                  RenderText {#text} at (237,97) size 4x16
                    text run at (237,97) width 4: " "
                  RenderBR {BR} at (241,110) size 0x0
                  RenderInline {A} at (0,0) size 219x16 [color=#0000EE]
                    RenderText {#text} at (0,113) size 219x16
                      text run at (0,113) width 219: "OBJCAT.INDEXEXTENSIONPARMS"
                  RenderText {#text} at (219,113) size 4x16
                    text run at (219,113) width 4: " "
                  RenderBR {BR} at (223,126) size 0x0
                  RenderInline {A} at (0,0) size 181x16 [color=#0000EE]
                    RenderText {#text} at (0,129) size 181x16
                      text run at (0,129) width 181: "OBJCAT.INDEXEXTENSIONS"
                  RenderText {#text} at (181,129) size 4x16
                    text run at (181,129) width 4: " "
                  RenderBR {BR} at (185,142) size 0x0
                  RenderInline {A} at (0,0) size 176x16 [color=#0000EE]
                    RenderText {#text} at (0,145) size 176x16
                      text run at (0,145) width 176: "OBJCAT.PREDICATESPECS"
                  RenderText {#text} at (176,145) size 4x16
                    text run at (176,145) width 4: " "
                  RenderBR {BR} at (180,158) size 0x0
                  RenderInline {A} at (0,0) size 147x16 [color=#0000EE]
                    RenderText {#text} at (0,161) size 147x16
                      text run at (0,161) width 147: "OBJCAT.TRANSFORMS"
                  RenderText {#text} at (0,0) size 0x0
                RenderBlock {P} at (0,9914) size 715x257
                  RenderInline {B} at (0,0) size 197x16
                    RenderInline {A} at (0,0) size 197x16 [color=#0000EE]
                      RenderText {#text} at (0,0) size 197x16
                        text run at (0,0) width 197: "Appendix F. Federated Systems"
                  RenderBR {BR} at (197,13) size 0x0
                  RenderBR {BR} at (0,17) size 0x16
                  RenderInline {A} at (0,0) size 78x16 [color=#0000EE]
                    RenderText {#text} at (0,33) size 78x16
                      text run at (0,33) width 78: "Server Types"
                  RenderText {#text} at (78,33) size 4x16
                    text run at (78,33) width 4: " "
                  RenderBR {BR} at (82,46) size 0x0
                  RenderInline {A} at (0,0) size 212x16 [color=#0000EE]
                    RenderText {#text} at (0,49) size 212x16
                      text run at (0,49) width 212: "SQL Options for Federated Systems"
                  RenderText {#text} at (212,49) size 4x16
                    text run at (212,49) width 4: " "
                  RenderBR {BR} at (216,62) size 0x0
                  RenderInline {A} at (0,0) size 93x16 [color=#0000EE]
                    RenderText {#text} at (0,65) size 93x16
                      text run at (0,65) width 93: "Column Options"
                  RenderText {#text} at (93,65) size 4x16
                    text run at (93,65) width 4: " "
                  RenderBR {BR} at (97,78) size 0x0
                  RenderInline {A} at (0,0) size 152x16 [color=#0000EE]
                    RenderText {#text} at (0,81) size 152x16
                      text run at (0,81) width 152: "Function Mapping Options"
                  RenderText {#text} at (152,81) size 4x16
                    text run at (152,81) width 4: " "
                  RenderBR {BR} at (156,94) size 0x0
                  RenderInline {A} at (0,0) size 87x16 [color=#0000EE]
                    RenderText {#text} at (0,97) size 87x16
                      text run at (0,97) width 87: "Server Options"
                  RenderText {#text} at (87,97) size 4x16
                    text run at (87,97) width 4: " "
                  RenderBR {BR} at (91,110) size 0x0
                  RenderInline {A} at (0,0) size 76x16 [color=#0000EE]
                    RenderText {#text} at (0,113) size 76x16
                      text run at (0,113) width 76: "User Options"
                  RenderText {#text} at (76,113) size 4x16
                    text run at (76,113) width 4: " "
                  RenderBR {BR} at (80,126) size 0x0
                  RenderInline {A} at (0,0) size 165x16 [color=#0000EE]
                    RenderText {#text} at (0,129) size 165x16
                      text run at (0,129) width 165: "Default Data Type Mappings"
                  RenderText {#text} at (165,129) size 4x16
                    text run at (165,129) width 4: " "
                  RenderBR {BR} at (169,142) size 0x0
                  RenderInline {A} at (0,0) size 681x16 [color=#0000EE]
                    RenderText {#text} at (0,145) size 681x16
                      text run at (0,145) width 681: "Default Type Mappings between DB2 and DB2 Universal Database for OS/390 (and DB2 for MVS/ESA) Data Sources"
                  RenderText {#text} at (681,145) size 4x16
                    text run at (681,145) width 4: " "
                  RenderBR {BR} at (685,158) size 0x0
                  RenderInline {A} at (0,0) size 646x16 [color=#0000EE]
                    RenderText {#text} at (0,161) size 646x16
                      text run at (0,161) width 646: "Default Type Mappings between DB2 and 2 Universal Database for AS/400 (and DB2 for OS/400) Data Sources"
                  RenderText {#text} at (646,161) size 4x16
                    text run at (646,161) width 4: " "
                  RenderBR {BR} at (650,174) size 0x0
                  RenderInline {A} at (0,0) size 365x16 [color=#0000EE]
                    RenderText {#text} at (0,177) size 365x16
                      text run at (0,177) width 365: "Default Type Mappings between DB2 and Oracle Data Sources"
                  RenderText {#text} at (365,177) size 4x16
                    text run at (365,177) width 4: " "
                  RenderBR {BR} at (369,190) size 0x0
                  RenderInline {A} at (0,0) size 536x16 [color=#0000EE]
                    RenderText {#text} at (0,193) size 536x16
                      text run at (0,193) width 536: "Default Type Mappings between DB2 and DB2 for VM and VSE (and SQL/DS) Data Sources"
                  RenderText {#text} at (536,193) size 4x16
                    text run at (536,193) width 4: " "
                  RenderBR {BR} at (540,206) size 0x0
                  RenderInline {A} at (0,0) size 196x16 [color=#0000EE]
                    RenderText {#text} at (0,209) size 196x16
                      text run at (0,209) width 196: "Pass-Through Facility Processing"
                  RenderText {#text} at (196,209) size 4x16
                    text run at (196,209) width 4: " "
                  RenderBR {BR} at (200,222) size 0x0
                  RenderInline {A} at (0,0) size 252x16 [color=#0000EE]
                    RenderText {#text} at (0,225) size 252x16
                      text run at (0,225) width 252: "SQL Processing in Pass-Through Sessions"
                  RenderText {#text} at (252,225) size 4x16
                    text run at (252,225) width 4: " "
                  RenderBR {BR} at (256,238) size 0x0
                  RenderInline {A} at (0,0) size 184x16 [color=#0000EE]
                    RenderText {#text} at (0,241) size 184x16
                      text run at (0,241) width 184: "Considerations and Restrictions"
                  RenderText {#text} at (0,0) size 0x0
                RenderBlock {P} at (0,10184) size 715x417
                  RenderInline {B} at (0,0) size 233x16
                    RenderInline {A} at (0,0) size 233x16 [color=#0000EE]
                      RenderText {#text} at (0,0) size 233x16
                        text run at (0,0) width 233: "Appendix G. Sample Database Tables"
                  RenderBR {BR} at (233,13) size 0x0
                  RenderBR {BR} at (0,17) size 0x16
                  RenderInline {A} at (0,0) size 129x16 [color=#0000EE]
                    RenderText {#text} at (0,33) size 129x16
                      text run at (0,33) width 129: "The Sample Database"
                  RenderText {#text} at (129,33) size 4x16
                    text run at (129,33) width 4: " "
                  RenderBR {BR} at (133,46) size 0x0
                  RenderInline {A} at (0,0) size 186x16 [color=#0000EE]
                    RenderText {#text} at (0,49) size 186x16
                      text run at (0,49) width 186: "To Create the Sample Database"
                  RenderText {#text} at (186,49) size 4x16
                    text run at (186,49) width 4: " "
                  RenderBR {BR} at (190,62) size 0x0
                  RenderInline {A} at (0,0) size 182x16 [color=#0000EE]
                    RenderText {#text} at (0,65) size 182x16
                      text run at (0,65) width 182: "To Erase the Sample Database"
                  RenderText {#text} at (182,65) size 4x16
                    text run at (182,65) width 4: " "
                  RenderBR {BR} at (186,78) size 0x0
                  RenderInline {A} at (0,0) size 104x16 [color=#0000EE]
                    RenderText {#text} at (0,81) size 104x16
                      text run at (0,81) width 104: "CL_SCHED Table"
                  RenderText {#text} at (104,81) size 4x16
                    text run at (104,81) width 4: " "
                  RenderBR {BR} at (108,94) size 0x0
                  RenderInline {A} at (0,0) size 126x16 [color=#0000EE]
                    RenderText {#text} at (0,97) size 126x16
                      text run at (0,97) width 126: "DEPARTMENT Table"
                  RenderText {#text} at (126,97) size 4x16
                    text run at (126,97) width 4: " "
                  RenderBR {BR} at (130,110) size 0x0
                  RenderInline {A} at (0,0) size 109x16 [color=#0000EE]
                    RenderText {#text} at (0,113) size 109x16
                      text run at (0,113) width 109: "EMPLOYEE Table"
                  RenderText {#text} at (109,113) size 4x16
                    text run at (109,113) width 4: " "
                  RenderBR {BR} at (113,126) size 0x0
                  RenderInline {A} at (0,0) size 98x16 [color=#0000EE]
                    RenderText {#text} at (0,129) size 98x16
                      text run at (0,129) width 98: "EMP_ACT Table"
                  RenderText {#text} at (98,129) size 4x16
                    text run at (98,129) width 4: " "
                  RenderBR {BR} at (102,142) size 0x0
                  RenderInline {A} at (0,0) size 118x16 [color=#0000EE]
                    RenderText {#text} at (0,145) size 118x16
                      text run at (0,145) width 118: "EMP_PHOTO Table"
                  RenderText {#text} at (118,145) size 4x16
                    text run at (118,145) width 4: " "
                  RenderBR {BR} at (122,158) size 0x0
                  RenderInline {A} at (0,0) size 128x16 [color=#0000EE]
                    RenderText {#text} at (0,161) size 128x16
                      text run at (0,161) width 128: "EMP_RESUME Table"
                  RenderText {#text} at (128,161) size 4x16
                    text run at (128,161) width 4: " "
                  RenderBR {BR} at (132,174) size 0x0
                  RenderInline {A} at (0,0) size 91x16 [color=#0000EE]
                    RenderText {#text} at (0,177) size 91x16
                      text run at (0,177) width 91: "IN_TRAY Table"
                  RenderText {#text} at (91,177) size 4x16
                    text run at (91,177) width 4: " "
                  RenderBR {BR} at (95,190) size 0x0
                  RenderInline {A} at (0,0) size 65x16 [color=#0000EE]
                    RenderText {#text} at (0,193) size 65x16
                      text run at (0,193) width 65: "ORG Table"
                  RenderText {#text} at (65,193) size 4x16
                    text run at (65,193) width 4: " "
                  RenderBR {BR} at (69,206) size 0x0
                  RenderInline {A} at (0,0) size 97x16 [color=#0000EE]
                    RenderText {#text} at (0,209) size 97x16
                      text run at (0,209) width 97: "PROJECT Table"
                  RenderText {#text} at (97,209) size 4x16
                    text run at (97,209) width 4: " "
                  RenderBR {BR} at (101,222) size 0x0
                  RenderInline {A} at (0,0) size 79x16 [color=#0000EE]
                    RenderText {#text} at (0,225) size 79x16
                      text run at (0,225) width 79: "SALES Table"
                  RenderText {#text} at (79,225) size 4x16
                    text run at (79,225) width 4: " "
                  RenderBR {BR} at (83,238) size 0x0
                  RenderInline {A} at (0,0) size 78x16 [color=#0000EE]
                    RenderText {#text} at (0,241) size 78x16
                      text run at (0,241) width 78: "STAFF Table"
                  RenderText {#text} at (78,241) size 4x16
                    text run at (78,241) width 4: " "
                  RenderBR {BR} at (82,254) size 0x0
                  RenderInline {A} at (0,0) size 88x16 [color=#0000EE]
                    RenderText {#text} at (0,257) size 88x16
                      text run at (0,257) width 88: "STAFFG Table"
                  RenderText {#text} at (88,257) size 4x16
                    text run at (88,257) width 4: " "
                  RenderBR {BR} at (92,270) size 0x0
                  RenderInline {A} at (0,0) size 270x16 [color=#0000EE]
                    RenderText {#text} at (0,273) size 270x16
                      text run at (0,273) width 270: "Sample Files with BLOB and CLOB Data Type"
                  RenderText {#text} at (270,273) size 4x16
                    text run at (270,273) width 4: " "
                  RenderBR {BR} at (274,286) size 0x0
                  RenderInline {A} at (0,0) size 90x16 [color=#0000EE]
                    RenderText {#text} at (0,289) size 90x16
                      text run at (0,289) width 90: "Quintana Photo"
                  RenderText {#text} at (90,289) size 4x16
                    text run at (90,289) width 4: " "
                  RenderBR {BR} at (94,302) size 0x0
                  RenderInline {A} at (0,0) size 104x16 [color=#0000EE]
                    RenderText {#text} at (0,305) size 104x16
                      text run at (0,305) width 104: "Quintana Resume"
                  RenderText {#text} at (104,305) size 4x16
                    text run at (104,305) width 4: " "
                  RenderBR {BR} at (108,318) size 0x0
                  RenderInline {A} at (0,0) size 84x16 [color=#0000EE]
                    RenderText {#text} at (0,321) size 84x16
                      text run at (0,321) width 84: "Nicholls Photo"
                  RenderText {#text} at (84,321) size 4x16
                    text run at (84,321) width 4: " "
                  RenderBR {BR} at (88,334) size 0x0
                  RenderInline {A} at (0,0) size 98x16 [color=#0000EE]
                    RenderText {#text} at (0,337) size 98x16
                      text run at (0,337) width 98: "Nicholls Resume"
                  RenderText {#text} at (98,337) size 4x16
                    text run at (98,337) width 4: " "
                  RenderBR {BR} at (102,350) size 0x0
                  RenderInline {A} at (0,0) size 93x16 [color=#0000EE]
                    RenderText {#text} at (0,353) size 93x16
                      text run at (0,353) width 93: "Adamson Photo"
                  RenderText {#text} at (93,353) size 4x16
                    text run at (93,353) width 4: " "
                  RenderBR {BR} at (97,366) size 0x0
                  RenderInline {A} at (0,0) size 107x16 [color=#0000EE]
                    RenderText {#text} at (0,369) size 107x16
                      text run at (0,369) width 107: "Adamson Resume"
                  RenderText {#text} at (107,369) size 4x16
                    text run at (107,369) width 4: " "
                  RenderBR {BR} at (111,382) size 0x0
                  RenderInline {A} at (0,0) size 78x16 [color=#0000EE]
                    RenderText {#text} at (0,385) size 78x16
                      text run at (0,385) width 78: "Walker Photo"
                  RenderText {#text} at (78,385) size 4x16
                    text run at (78,385) width 4: " "
                  RenderBR {BR} at (82,398) size 0x0
                  RenderInline {A} at (0,0) size 92x16 [color=#0000EE]
                    RenderText {#text} at (0,401) size 92x16
                      text run at (0,401) width 92: "Walker Resume"
                  RenderText {#text} at (0,0) size 0x0
                RenderBlock {P} at (0,10614) size 715x97
                  RenderInline {B} at (0,0) size 369x16
                    RenderInline {A} at (0,0) size 369x16 [color=#0000EE]
                      RenderText {#text} at (0,0) size 369x16
                        text run at (0,0) width 369: "Appendix H. Reserved Schema Names and Reserved Words"
                  RenderBR {BR} at (369,13) size 0x0
                  RenderBR {BR} at (0,17) size 0x16
                  RenderInline {A} at (0,0) size 114x16 [color=#0000EE]
                    RenderText {#text} at (0,33) size 114x16
                      text run at (0,33) width 114: "Reserved Schemas"
                  RenderText {#text} at (114,33) size 4x16
                    text run at (114,33) width 4: " "
                  RenderBR {BR} at (118,46) size 0x0
                  RenderInline {A} at (0,0) size 96x16 [color=#0000EE]
                    RenderText {#text} at (0,49) size 96x16
                      text run at (0,49) width 96: "Reserved Words"
                  RenderText {#text} at (96,49) size 4x16
                    text run at (96,49) width 4: " "
                  RenderBR {BR} at (100,62) size 0x0
                  RenderInline {A} at (0,0) size 154x16 [color=#0000EE]
                    RenderText {#text} at (0,65) size 154x16
                      text run at (0,65) width 154: "IBM SQL Reserved Words"
                  RenderText {#text} at (154,65) size 4x16
                    text run at (154,65) width 4: " "
                  RenderBR {BR} at (158,78) size 0x0
                  RenderInline {A} at (0,0) size 198x16 [color=#0000EE]
                    RenderText {#text} at (0,81) size 198x16
                      text run at (0,81) width 198: "ISO/ANS SQL92 Reserved Words"
                  RenderText {#text} at (0,0) size 0x0
                RenderBlock {P} at (0,10724) size 715x17
                  RenderInline {B} at (0,0) size 269x16
                    RenderInline {A} at (0,0) size 269x16 [color=#0000EE]
                      RenderText {#text} at (0,0) size 269x16
                        text run at (0,0) width 269: "Appendix I. Comparison of Isolation Levels"
                  RenderBR {BR} at (269,13) size 0x0
                RenderBlock {P} at (0,10754) size 715x17
                  RenderInline {B} at (0,0) size 318x16
                    RenderInline {A} at (0,0) size 318x16 [color=#0000EE]
                      RenderText {#text} at (0,0) size 318x16
                        text run at (0,0) width 318: "Appendix J. Interaction of Triggers and Constraints"
                  RenderBR {BR} at (318,13) size 0x0
                RenderBlock {P} at (0,10784) size 715x337
                  RenderInline {B} at (0,0) size 270x16
                    RenderInline {A} at (0,0) size 270x16 [color=#0000EE]
                      RenderText {#text} at (0,0) size 270x16
                        text run at (0,0) width 270: "Appendix K. Explain Tables and Definitions"
                  RenderBR {BR} at (270,13) size 0x0
                  RenderBR {BR} at (0,17) size 0x16
                  RenderInline {A} at (0,0) size 173x16 [color=#0000EE]
                    RenderText {#text} at (0,33) size 173x16
                      text run at (0,33) width 173: "EXPLAIN_ARGUMENT Table"
                  RenderText {#text} at (173,33) size 4x16
                    text run at (173,33) width 4: " "
                  RenderBR {BR} at (177,46) size 0x0
                  RenderInline {A} at (0,0) size 165x16 [color=#0000EE]
                    RenderText {#text} at (0,49) size 165x16
                      text run at (0,49) width 165: "EXPLAIN_INSTANCE Table"
                  RenderText {#text} at (165,49) size 4x16
                    text run at (165,49) width 4: " "
                  RenderBR {BR} at (169,62) size 0x0
                  RenderInline {A} at (0,0) size 151x16 [color=#0000EE]
                    RenderText {#text} at (0,65) size 151x16
                      text run at (0,65) width 151: "EXPLAIN_OBJECT Table"
                  RenderText {#text} at (151,65) size 4x16
                    text run at (151,65) width 4: " "
                  RenderBR {BR} at (155,78) size 0x0
                  RenderInline {A} at (0,0) size 172x16 [color=#0000EE]
                    RenderText {#text} at (0,81) size 172x16
                      text run at (0,81) width 172: "EXPLAIN_OPERATOR Table"
                  RenderText {#text} at (172,81) size 4x16
                    text run at (172,81) width 4: " "
                  RenderBR {BR} at (176,94) size 0x0
                  RenderInline {A} at (0,0) size 174x16 [color=#0000EE]
                    RenderText {#text} at (0,97) size 174x16
                      text run at (0,97) width 174: "EXPLAIN_PREDICATE Table"
                  RenderText {#text} at (174,97) size 4x16
                    text run at (174,97) width 4: " "
                  RenderBR {BR} at (178,110) size 0x0
                  RenderInline {A} at (0,0) size 179x16 [color=#0000EE]
                    RenderText {#text} at (0,113) size 179x16
                      text run at (0,113) width 179: "EXPLAIN_STATEMENT Table"
                  RenderText {#text} at (179,113) size 4x16
                    text run at (179,113) width 4: " "
                  RenderBR {BR} at (183,126) size 0x0
                  RenderInline {A} at (0,0) size 154x16 [color=#0000EE]
                    RenderText {#text} at (0,129) size 154x16
                      text run at (0,129) width 154: "EXPLAIN_STREAM Table"
                  RenderText {#text} at (154,129) size 4x16
                    text run at (154,129) width 4: " "
                  RenderBR {BR} at (158,142) size 0x0
                  RenderInline {A} at (0,0) size 132x16 [color=#0000EE]
                    RenderText {#text} at (0,145) size 132x16
                      text run at (0,145) width 132: "ADVISE_INDEX Table"
                  RenderText {#text} at (132,145) size 4x16
                    text run at (132,145) width 4: " "
                  RenderBR {BR} at (136,158) size 0x0
                  RenderInline {A} at (0,0) size 167x16 [color=#0000EE]
                    RenderText {#text} at (0,161) size 167x16
                      text run at (0,161) width 167: "ADVISE_WORKLOAD Table"
                  RenderText {#text} at (167,161) size 4x16
                    text run at (167,161) width 4: " "
                  RenderBR {BR} at (171,174) size 0x0
                  RenderInline {A} at (0,0) size 206x16 [color=#0000EE]
                    RenderText {#text} at (0,177) size 206x16
                      text run at (0,177) width 206: "Table Definitions for Explain Tables"
                  RenderText {#text} at (206,177) size 4x16
                    text run at (206,177) width 4: " "
                  RenderBR {BR} at (210,190) size 0x0
                  RenderInline {A} at (0,0) size 231x16 [color=#0000EE]
                    RenderText {#text} at (0,193) size 231x16
                      text run at (0,193) width 231: "EXPLAIN_ARGUMENT Table Definition"
                  RenderText {#text} at (231,193) size 4x16
                    text run at (231,193) width 4: " "
                  RenderBR {BR} at (235,206) size 0x0
                  RenderInline {A} at (0,0) size 223x16 [color=#0000EE]
                    RenderText {#text} at (0,209) size 223x16
                      text run at (0,209) width 223: "EXPLAIN_INSTANCE Table Definition"
                  RenderText {#text} at (223,209) size 4x16
                    text run at (223,209) width 4: " "
                  RenderBR {BR} at (227,222) size 0x0
                  RenderInline {A} at (0,0) size 209x16 [color=#0000EE]
                    RenderText {#text} at (0,225) size 209x16
                      text run at (0,225) width 209: "EXPLAIN_OBJECT Table Definition"
                  RenderText {#text} at (209,225) size 4x16
                    text run at (209,225) width 4: " "
                  RenderBR {BR} at (213,238) size 0x0
                  RenderInline {A} at (0,0) size 230x16 [color=#0000EE]
                    RenderText {#text} at (0,241) size 230x16
                      text run at (0,241) width 230: "EXPLAIN_OPERATOR Table Definition"
                  RenderText {#text} at (230,241) size 4x16
                    text run at (230,241) width 4: " "
                  RenderBR {BR} at (234,254) size 0x0
                  RenderInline {A} at (0,0) size 232x16 [color=#0000EE]
                    RenderText {#text} at (0,257) size 232x16
                      text run at (0,257) width 232: "EXPLAIN_PREDICATE Table Definition"
                  RenderText {#text} at (232,257) size 4x16
                    text run at (232,257) width 4: " "
                  RenderBR {BR} at (236,270) size 0x0
                  RenderInline {A} at (0,0) size 237x16 [color=#0000EE]
                    RenderText {#text} at (0,273) size 237x16
                      text run at (0,273) width 237: "EXPLAIN_STATEMENT Table Definition"
                  RenderText {#text} at (237,273) size 4x16
                    text run at (237,273) width 4: " "
                  RenderBR {BR} at (241,286) size 0x0
                  RenderInline {A} at (0,0) size 212x16 [color=#0000EE]
                    RenderText {#text} at (0,289) size 212x16
                      text run at (0,289) width 212: "EXPLAIN_STREAM Table Definition"
                  RenderText {#text} at (212,289) size 4x16
                    text run at (212,289) width 4: " "
                  RenderBR {BR} at (216,302) size 0x0
                  RenderInline {A} at (0,0) size 190x16 [color=#0000EE]
                    RenderText {#text} at (0,305) size 190x16
                      text run at (0,305) width 190: "ADVISE_INDEX Table Definition"
                  RenderText {#text} at (190,305) size 4x16
                    text run at (190,305) width 4: " "
                  RenderBR {BR} at (194,318) size 0x0
                  RenderInline {A} at (0,0) size 225x16 [color=#0000EE]
                    RenderText {#text} at (0,321) size 225x16
                      text run at (0,321) width 225: "ADVISE_WORKLOAD Table Definition"
                  RenderText {#text} at (0,0) size 0x0
                RenderBlock {P} at (0,11134) size 715x17
                  RenderInline {B} at (0,0) size 227x16
                    RenderInline {A} at (0,0) size 227x16 [color=#0000EE]
                      RenderText {#text} at (0,0) size 227x16
                        text run at (0,0) width 227: "Appendix L. Explain Register Values"
                  RenderBR {BR} at (227,13) size 0x0
                RenderBlock {P} at (0,11164) size 715x81
                  RenderInline {B} at (0,0) size 308x16
                    RenderInline {A} at (0,0) size 308x16 [color=#0000EE]
                      RenderText {#text} at (0,0) size 308x16
                        text run at (0,0) width 308: "Appendix M. Recursion Example: Bill of Materials"
                  RenderBR {BR} at (308,13) size 0x0
                  RenderBR {BR} at (0,17) size 0x16
                  RenderInline {A} at (0,0) size 202x16 [color=#0000EE]
                    RenderText {#text} at (0,33) size 202x16
                      text run at (0,33) width 202: "Example 1: Single Level Explosion"
                  RenderText {#text} at (202,33) size 4x16
                    text run at (202,33) width 4: " "
                  RenderBR {BR} at (206,46) size 0x0
                  RenderInline {A} at (0,0) size 204x16 [color=#0000EE]
                    RenderText {#text} at (0,49) size 204x16
                      text run at (0,49) width 204: "Example 2: Summarized Explosion"
                  RenderText {#text} at (204,49) size 4x16
                    text run at (204,49) width 4: " "
                  RenderBR {BR} at (208,62) size 0x0
                  RenderInline {A} at (0,0) size 169x16 [color=#0000EE]
                    RenderText {#text} at (0,65) size 169x16
                      text run at (0,65) width 169: "Example 3: Controlling Depth"
                  RenderText {#text} at (0,0) size 0x0
                RenderBlock {P} at (0,11258) size 715x81
                  RenderInline {B} at (0,0) size 187x16
                    RenderInline {A} at (0,0) size 187x16 [color=#0000EE]
                      RenderText {#text} at (0,0) size 187x16
                        text run at (0,0) width 187: "Appendix N. Exception Tables"
                  RenderBR {BR} at (187,13) size 0x0
                  RenderBR {BR} at (0,17) size 0x16
                  RenderInline {A} at (0,0) size 220x16 [color=#0000EE]
                    RenderText {#text} at (0,33) size 220x16
                      text run at (0,33) width 220: "Rules for Creating an Exception Table"
                  RenderText {#text} at (220,33) size 4x16
                    text run at (220,33) width 4: " "
                  RenderBR {BR} at (224,46) size 0x0
                  RenderInline {A} at (0,0) size 227x16 [color=#0000EE]
                    RenderText {#text} at (0,49) size 227x16
                      text run at (0,49) width 227: "Handling Rows in the Exception Tables"
                  RenderText {#text} at (227,49) size 4x16
                    text run at (227,49) width 4: " "
                  RenderBR {BR} at (231,62) size 0x0
                  RenderInline {A} at (0,0) size 179x16 [color=#0000EE]
                    RenderText {#text} at (0,65) size 179x16
                      text run at (0,65) width 179: "Querying the Exception Tables"
                  RenderText {#text} at (0,0) size 0x0
                RenderBlock {P} at (0,11352) size 715x353
                  RenderInline {B} at (0,0) size 420x16
                    RenderInline {A} at (0,0) size 420x16 [color=#0000EE]
                      RenderText {#text} at (0,0) size 420x16
                        text run at (0,0) width 420: "Appendix O. Japanese and Traditional-Chinese EUC Considerations"
                  RenderBR {BR} at (420,13) size 0x0
                  RenderBR {BR} at (0,17) size 0x16
                  RenderInline {A} at (0,0) size 115x16 [color=#0000EE]
                    RenderText {#text} at (0,33) size 115x16
                      text run at (0,33) width 115: "Language Elements"
                  RenderText {#text} at (115,33) size 4x16
                    text run at (115,33) width 4: " "
                  RenderBR {BR} at (119,46) size 0x0
                  RenderInline {A} at (0,0) size 63x16 [color=#0000EE]
                    RenderText {#text} at (0,49) size 63x16
                      text run at (0,49) width 63: "Characters"
                  RenderText {#text} at (63,49) size 4x16
                    text run at (63,49) width 4: " "
                  RenderBR {BR} at (67,62) size 0x0
                  RenderInline {A} at (0,0) size 43x16 [color=#0000EE]
                    RenderText {#text} at (0,65) size 43x16
                      text run at (0,65) width 43: "Tokens"
                  RenderText {#text} at (43,65) size 4x16
                    text run at (43,65) width 4: " "
                  RenderBR {BR} at (47,78) size 0x0
                  RenderInline {A} at (0,0) size 57x16 [color=#0000EE]
                    RenderText {#text} at (0,81) size 57x16
                      text run at (0,81) width 57: "Identifiers"
                  RenderText {#text} at (57,81) size 4x16
                    text run at (57,81) width 4: " "
                  RenderBR {BR} at (61,94) size 0x0
                  RenderInline {A} at (0,0) size 67x16 [color=#0000EE]
                    RenderText {#text} at (0,97) size 67x16
                      text run at (0,97) width 67: "Data Types"
                  RenderText {#text} at (67,97) size 4x16
                    text run at (67,97) width 4: " "
                  RenderBR {BR} at (71,110) size 0x0
                  RenderInline {A} at (0,0) size 181x16 [color=#0000EE]
                    RenderText {#text} at (0,113) size 181x16
                      text run at (0,113) width 181: "Assignments and Comparisons"
                  RenderText {#text} at (181,113) size 4x16
                    text run at (181,113) width 4: " "
                  RenderBR {BR} at (185,126) size 0x0
                  RenderInline {A} at (0,0) size 164x16 [color=#0000EE]
                    RenderText {#text} at (0,129) size 164x16
                      text run at (0,129) width 164: "Rules for Result Data Types"
                  RenderText {#text} at (164,129) size 4x16
                    text run at (164,129) width 4: " "
                  RenderBR {BR} at (168,142) size 0x0
                  RenderInline {A} at (0,0) size 166x16 [color=#0000EE]
                    RenderText {#text} at (0,145) size 166x16
                      text run at (0,145) width 166: "Rules for String Conversions"
                  RenderText {#text} at (166,145) size 4x16
                    text run at (166,145) width 4: " "
                  RenderBR {BR} at (170,158) size 0x0
                  RenderInline {A} at (0,0) size 59x16 [color=#0000EE]
                    RenderText {#text} at (0,161) size 59x16
                      text run at (0,161) width 59: "Constants"
                  RenderText {#text} at (59,161) size 4x16
                    text run at (59,161) width 4: " "
                  RenderBR {BR} at (63,174) size 0x0
                  RenderInline {A} at (0,0) size 57x16 [color=#0000EE]
                    RenderText {#text} at (0,177) size 57x16
                      text run at (0,177) width 57: "Functions"
                  RenderText {#text} at (57,177) size 4x16
                    text run at (57,177) width 4: " "
                  RenderBR {BR} at (61,190) size 0x0
                  RenderInline {A} at (0,0) size 72x16 [color=#0000EE]
                    RenderText {#text} at (0,193) size 72x16
                      text run at (0,193) width 72: "Expressions"
                  RenderText {#text} at (72,193) size 4x16
                    text run at (72,193) width 4: " "
                  RenderBR {BR} at (76,206) size 0x0
                  RenderInline {A} at (0,0) size 62x16 [color=#0000EE]
                    RenderText {#text} at (0,209) size 62x16
                      text run at (0,209) width 62: "Predicates"
                  RenderText {#text} at (62,209) size 4x16
                    text run at (62,209) width 4: " "
                  RenderBR {BR} at (66,222) size 0x0
                  RenderInline {A} at (0,0) size 57x16 [color=#0000EE]
                    RenderText {#text} at (0,225) size 57x16
                      text run at (0,225) width 57: "Functions"
                  RenderText {#text} at (57,225) size 4x16
                    text run at (57,225) width 4: " "
                  RenderBR {BR} at (61,238) size 0x0
                  RenderInline {A} at (0,0) size 52x16 [color=#0000EE]
                    RenderText {#text} at (0,241) size 52x16
                      text run at (0,241) width 52: "LENGTH"
                  RenderText {#text} at (52,241) size 4x16
                    text run at (52,241) width 4: " "
                  RenderBR {BR} at (56,254) size 0x0
                  RenderInline {A} at (0,0) size 53x16 [color=#0000EE]
                    RenderText {#text} at (0,257) size 53x16
                      text run at (0,257) width 53: "SUBSTR"
                  RenderText {#text} at (53,257) size 4x16
                    text run at (53,257) width 4: " "
                  RenderBR {BR} at (57,270) size 0x0
                  RenderInline {A} at (0,0) size 77x16 [color=#0000EE]
                    RenderText {#text} at (0,273) size 77x16
                      text run at (0,273) width 77: "TRANSLATE"
                  RenderText {#text} at (77,273) size 4x16
                    text run at (77,273) width 4: " "
                  RenderBR {BR} at (81,286) size 0x0
                  RenderInline {A} at (0,0) size 86x16 [color=#0000EE]
                    RenderText {#text} at (0,289) size 86x16
                      text run at (0,289) width 86: "VARGRAPHIC"
                  RenderText {#text} at (86,289) size 4x16
                    text run at (86,289) width 4: " "
                  RenderBR {BR} at (90,302) size 0x0
                  RenderInline {A} at (0,0) size 67x16 [color=#0000EE]
                    RenderText {#text} at (0,305) size 67x16
                      text run at (0,305) width 67: "Statements"
                  RenderText {#text} at (67,305) size 4x16
                    text run at (67,305) width 4: " "
                  RenderBR {BR} at (71,318) size 0x0
                  RenderInline {A} at (0,0) size 63x16 [color=#0000EE]
                    RenderText {#text} at (0,321) size 63x16
                      text run at (0,321) width 63: "CONNECT"
                  RenderText {#text} at (63,321) size 4x16
                    text run at (63,321) width 4: " "
                  RenderBR {BR} at (67,334) size 0x0
                  RenderInline {A} at (0,0) size 63x16 [color=#0000EE]
                    RenderText {#text} at (0,337) size 63x16
                      text run at (0,337) width 63: "PREPARE"
                  RenderText {#text} at (0,0) size 0x0
                RenderBlock {P} at (0,11718) size 715x17
                  RenderInline {B} at (0,0) size 295x16
                    RenderInline {A} at (0,0) size 295x16 [color=#0000EE]
                      RenderText {#text} at (0,0) size 295x16
                        text run at (0,0) width 295: "Appendix P. BNF Specifications for DATALINKs"
                  RenderBR {BR} at (295,13) size 0x0
                RenderBlock {P} at (0,11748) size 715x193
                  RenderInline {B} at (0,0) size 217x16
                    RenderInline {A} at (0,0) size 217x16 [color=#0000EE]
                      RenderText {#text} at (0,0) size 217x16
                        text run at (0,0) width 217: "Appendix Q. Using the DB2 Library"
                  RenderBR {BR} at (217,13) size 0x0
                  RenderBR {BR} at (0,17) size 0x16
                  RenderInline {A} at (0,0) size 198x16 [color=#0000EE]
                    RenderText {#text} at (0,33) size 198x16
                      text run at (0,33) width 198: "DB2 PDF Files and Printed Books"
                  RenderText {#text} at (198,33) size 4x16
                    text run at (198,33) width 4: " "
                  RenderBR {BR} at (202,46) size 0x0
                  RenderInline {A} at (0,0) size 94x16 [color=#0000EE]
                    RenderText {#text} at (0,49) size 94x16
                      text run at (0,49) width 94: "DB2 Information"
                  RenderText {#text} at (94,49) size 4x16
                    text run at (94,49) width 4: " "
                  RenderBR {BR} at (98,62) size 0x0
                  RenderInline {A} at (0,0) size 137x16 [color=#0000EE]
                    RenderText {#text} at (0,65) size 137x16
                      text run at (0,65) width 137: "Printing the PDF Books"
                  RenderText {#text} at (137,65) size 4x16
                    text run at (137,65) width 4: " "
                  RenderBR {BR} at (141,78) size 0x0
                  RenderInline {A} at (0,0) size 157x16 [color=#0000EE]
                    RenderText {#text} at (0,81) size 157x16
                      text run at (0,81) width 157: "Ordering the Printed Books"
                  RenderText {#text} at (157,81) size 4x16
                    text run at (157,81) width 4: " "
                  RenderBR {BR} at (161,94) size 0x0
                  RenderInline {A} at (0,0) size 157x16 [color=#0000EE]
                    RenderText {#text} at (0,97) size 157x16
                      text run at (0,97) width 157: "DB2 Online Documentation"
                  RenderText {#text} at (157,97) size 4x16
                    text run at (157,97) width 4: " "
                  RenderBR {BR} at (161,110) size 0x0
                  RenderInline {A} at (0,0) size 132x16 [color=#0000EE]
                    RenderText {#text} at (0,113) size 132x16
                      text run at (0,113) width 132: "Accessing Online Help"
                  RenderText {#text} at (132,113) size 4x16
                    text run at (132,113) width 4: " "
                  RenderBR {BR} at (136,126) size 0x0
                  RenderInline {A} at (0,0) size 155x16 [color=#0000EE]
                    RenderText {#text} at (0,129) size 155x16
                      text run at (0,129) width 155: "Viewing Information Online"
                  RenderText {#text} at (155,129) size 4x16
                    text run at (155,129) width 4: " "
                  RenderBR {BR} at (159,142) size 0x0
                  RenderInline {A} at (0,0) size 113x16 [color=#0000EE]
                    RenderText {#text} at (0,145) size 113x16
                      text run at (0,145) width 113: "Using DB2 Wizards"
                  RenderText {#text} at (113,145) size 4x16
                    text run at (113,145) width 4: " "
                  RenderBR {BR} at (117,158) size 0x0
                  RenderInline {A} at (0,0) size 177x16 [color=#0000EE]
                    RenderText {#text} at (0,161) size 177x16
                      text run at (0,161) width 177: "Setting Up a Document Server"
                  RenderText {#text} at (177,161) size 4x16
                    text run at (177,161) width 4: " "
                  RenderBR {BR} at (181,174) size 0x0
                  RenderInline {A} at (0,0) size 168x16 [color=#0000EE]
                    RenderText {#text} at (0,177) size 168x16
                      text run at (0,177) width 168: "Searching Information Online"
                  RenderText {#text} at (0,0) size 0x0
                RenderBlock {P} at (0,11954) size 715x49
                  RenderInline {B} at (0,0) size 126x16
                    RenderInline {A} at (0,0) size 126x16 [color=#0000EE]
                      RenderText {#text} at (0,0) size 126x16
                        text run at (0,0) width 126: "Appendix R. Notices"
                  RenderBR {BR} at (126,13) size 0x0
                  RenderBR {BR} at (0,17) size 0x16
                  RenderInline {A} at (0,0) size 69x16 [color=#0000EE]
                    RenderText {#text} at (0,33) size 69x16
                      text run at (0,33) width 69: "Trademarks"
                  RenderText {#text} at (0,0) size 0x0
                RenderBlock {P} at (0,12016) size 715x17
                  RenderInline {B} at (0,0) size 34x16
                    RenderInline {A} at (0,0) size 34x16 [color=#0000EE]
                      RenderText {#text} at (0,0) size 34x16
                        text run at (0,0) width 34: "Index"
                  RenderBR {BR} at (34,13) size 0x0
                RenderBlock {P} at (0,12046) size 715x49
                  RenderInline {B} at (0,0) size 95x16
                    RenderInline {A} at (0,0) size 95x16 [color=#0000EE]
                      RenderText {#text} at (0,0) size 95x16
                        text run at (0,0) width 95: "Contacting IBM"
                  RenderBR {BR} at (95,13) size 0x0
                  RenderBR {BR} at (0,17) size 0x16
                  RenderInline {A} at (0,0) size 114x16 [color=#0000EE]
                    RenderText {#text} at (0,33) size 114x16
                      text run at (0,33) width 114: "Product Information"
                  RenderText {#text} at (0,0) size 0x0
                  RenderInline {A} at (0,0) size 0x0
                  RenderText {#text} at (0,0) size 0x0
                RenderTable {TABLE} at (0,12108) size 26x28
                  RenderTableSection {TBODY} at (0,0) size 26x28
                    RenderTableRow {TR} at (0,2) size 26x0
                    RenderTableRow {TR} at (0,4) size 26x22
                      RenderTableCell {TD} at (2,4) size 10x22 [r=1 c=0 rs=1 cs=1]
                        RenderText {#text} at (1,1) size 8x20
                          text run at (1,1) width 8: "x"
                      RenderTableCell {TD} at (14,4) size 10x22 [r=1 c=1 rs=1 cs=1]
                        RenderText {#text} at (1,1) size 8x20
                          text run at (1,1) width 8: "x"
              RenderBlock (anonymous) at (2,12138) size 715x0
                RenderInline {FONT} at (0,0) size 0x0
