layer at (0,0) size 800x600
  RenderView at (0,0) size 800x600
layer at (0,0) size 800x600
  RenderBlock {HTML} at (0,0) size 800x600
    RenderBody {BODY} at (8,8) size 784x578
      RenderBlock {H2} at (0,0) size 784x29
        RenderText {#text} at (0,0) size 350x29
          text run at (0,0) width 350: "SeaMonkey XPInstall Trigger Page"
      RenderBlock {HR} at (0,46) size 784x2 [border: (1px inset #000000)]
      RenderBlock {FORM} at (0,55) size 784x78
        RenderTable {TABLE} at (0,0) size 751x78
          RenderTableSection {TBODY} at (0,0) size 751x78
            RenderTableRow {TR} at (0,2) size 751x36
              RenderTableCell {TD} at (2,9) size 107x22 [r=0 c=0 rs=1 cs=1]
                RenderInline {B} at (0,0) size 87x20
                  RenderText {#text} at (1,1) size 87x20
                    text run at (1,1) width 87: "Trigger URL:"
              RenderTableCell {TD} at (111,4) size 534x31 [r=0 c=1 rs=1 cs=1]
                RenderTextControl {INPUT} at (3,3) size 528x25 [bgcolor=#FFFFFF] [border: (2px inset #000000)]
              RenderTableCell {TD} at (647,2) size 102x36 [r=0 c=2 rs=1 cs=1]
                RenderButton {INPUT} at (3,3) size 62x30 [bgcolor=#C0C0C0]
                  RenderBlock (anonymous) at (8,5) size 46x19
                    RenderText at (0,0) size 46x19
                      text run at (0,0) width 46: "Trigger"
            RenderTableRow {TR} at (0,40) size 751x36
              RenderTableCell {TD} at (2,47) size 107x22 [r=1 c=0 rs=1 cs=1]
                RenderInline {B} at (0,0) size 105x20
                  RenderText {#text} at (1,1) size 105x20
                    text run at (1,1) width 105: "Run Test Case:"
              RenderTableCell {TD} at (111,42) size 534x31 [r=1 c=1 rs=1 cs=1]
                RenderMenuList {SELECT} at (3,3) size 311x25 [bgcolor=#FFFFFF]
                  RenderBlock (anonymous) at (8,3) size 279x19
                    RenderText at (0,0) size 85x19
                      text run at (0,0) width 85: "a_abortinstall"
                RenderText {#text} at (0,0) size 0x0
              RenderTableCell {TD} at (647,40) size 102x36 [r=1 c=2 rs=1 cs=1]
                RenderButton {INPUT} at (3,3) size 96x30 [bgcolor=#C0C0C0]
                  RenderBlock (anonymous) at (8,5) size 80x19
                    RenderText at (0,0) size 80x19
                      text run at (0,0) width 80: "Trigger case"
layer at (125,73) size 522x19
  RenderBlock {DIV} at (3,3) size 522x19
    RenderText {#text} at (1,0) size 109x19
      text run at (1,0) width 109: "http://jimbob/jars/"
