layer at (0,0) size 800x600
  RenderView at (0,0) size 800x600
layer at (0,0) size 800x116
  RenderBlock {HTML} at (0,0) size 800x116
    RenderBody {BODY} at (8,8) size 784x92
      RenderTable {TABLE} at (0,0) size 64x54
        RenderTableSection {TBODY} at (0,0) size 64x54
          RenderTableRow {TR} at (0,0) size 64x0
            RenderTableCell {TD} at (0,0) size 64x54 [r=0 c=0 rs=4 cs=1]
              RenderBlock {P} at (0,16) size 64x22
                RenderText {#text} at (0,0) size 64x22
                  text run at (0,0) width 64: "blah blah"
          RenderTableRow {TR} at (0,0) size 64x0
          RenderTableRow {TR} at (0,0) size 64x0
          RenderTableRow {TR} at (0,0) size 64x54
      RenderBlock {P} at (0,70) size 784x22
        RenderText {#text} at (0,0) size 119x22
          text run at (0,0) width 119: "text at the bottom"
