layer at (0,0) size 800x600
  RenderView at (0,0) size 800x600
layer at (0,0) size 800x600
  RenderBlock {HTML} at (0,0) size 800x600
    RenderBody {BODY} at (8,8) size 784x584
      RenderTable {TABLE} at (0,0) size 272x31
        RenderTableSection {TBODY} at (0,0) size 272x31
          RenderTableRow {TR} at (0,2) size 272x23
            RenderTableCell {TD} at (2,2) size 268x23 [r=0 c=0 rs=1 cs=1]
              RenderText {#text} at (1,1) size 266x21
                text run at (1,1) width 266: "Really sorry about the server yesterday"
          RenderTableRow {TR} at (0,27) size 272x2
            RenderTableCell {TD} at (2,27) size 268x2 [r=1 c=0 rs=1 cs=1]
