layer at (0,0) size 800x600
  RenderView at (0,0) size 800x600
layer at (0,0) size 800x600
  RenderBlock {HTML} at (0,0) size 800x600
    RenderBody {BODY} at (8,8) size 784x584 [bgcolor=#C0C0C0]
      RenderTable {TABLE} at (0,0) size 400x68 [border: (5px outset #808080)]
        RenderTableSection {TBODY} at (5,5) size 390x58
          RenderTableRow {TR} at (0,2) size 390x26
            RenderTableCell {TD} at (2,2) size 192x26 [border: (1px inset #808080)] [r=0 c=0 rs=1 cs=2]
              RenderText {#text} at (2,2) size 32x22
                text run at (2,2) width 32: "50%"
            RenderTableCell {TD} at (196,2) size 192x26 [border: (1px inset #808080)] [r=0 c=2 rs=1 cs=1]
              RenderText {#text} at (2,2) size 21x22
                text run at (2,2) width 21: "foo"
          RenderTableRow {TR} at (0,30) size 390x26
            RenderTableCell {TD} at (2,30) size 95x26 [border: (1px inset #808080)] [r=1 c=0 rs=1 cs=1]
              RenderText {#text} at (2,2) size 32x22
                text run at (2,2) width 32: "25%"
            RenderTableCell {TD} at (99,30) size 95x26 [border: (1px inset #808080)] [r=1 c=1 rs=1 cs=1]
              RenderText {#text} at (2,2) size 24x22
                text run at (2,2) width 24: "bar"
      RenderBlock (anonymous) at (0,68) size 784x22
        RenderBR {BR} at (0,0) size 0x22
      RenderTable {TABLE} at (0,90) size 400x68 [border: (5px outset #808080)]
        RenderTableSection {TBODY} at (5,5) size 390x58
          RenderTableRow {TR} at (0,2) size 390x26
            RenderTableCell {TD} at (2,2) size 193x26 [border: (1px inset #808080)] [r=0 c=0 rs=1 cs=2]
              RenderText {#text} at (2,2) size 21x22
                text run at (2,2) width 21: "foo"
            RenderTableCell {TD} at (197,2) size 191x26 [border: (1px inset #808080)] [r=0 c=2 rs=1 cs=1]
              RenderText {#text} at (2,2) size 32x22
                text run at (2,2) width 32: "50%"
          RenderTableRow {TR} at (0,30) size 390x26
            RenderTableCell {TD} at (2,30) size 95x26 [border: (1px inset #808080)] [r=1 c=0 rs=1 cs=1]
              RenderText {#text} at (2,2) size 32x22
                text run at (2,2) width 32: "25%"
            RenderTableCell {TD} at (99,30) size 96x26 [border: (1px inset #808080)] [r=1 c=1 rs=1 cs=1]
              RenderText {#text} at (2,2) size 24x22
                text run at (2,2) width 24: "bar"
