layer at (0,0) size 800x600
  RenderView at (0,0) size 800x600
layer at (0,0) size 800x43
  RenderBlock {HTML} at (0,0) size 800x43
    RenderBody {BODY} at (8,8) size 784x27
      RenderTable {TABLE} at (0,0) size 114x27
        RenderTableSection {TBODY} at (0,0) size 114x27
          RenderTableRow {TR} at (0,2) size 114x23
            RenderTableCell {TD} at (2,2) size 30x23 [r=0 c=0 rs=1 cs=1]
              RenderText {#text} at (1,1) size 28x21
                text run at (1,1) width 28: "One"
            RenderTableCell {TD} at (34,2) size 33x23 [r=0 c=1 rs=1 cs=1]
              RenderText {#text} at (1,1) size 31x21
                text run at (1,1) width 31: "Two"
            RenderTableCell {TD} at (69,2) size 43x23 [r=0 c=2 rs=1 cs=1]
              RenderText {#text} at (1,1) size 41x21
                text run at (1,1) width 41: "Three"
