layer at (0,0) size 800x600
  RenderView at (0,0) size 800x600
layer at (0,0) size 800x600
  RenderBlock {HTML} at (0,0) size 800x600
    RenderBody {BODY} at (8,8) size 784x584
      RenderTable {TABLE} at (0,0) size 784x104 [border: (1px outset #808080)]
        RenderTableSection {TBODY} at (1,1) size 782x102
          RenderTableRow {TR} at (0,2) size 782x98
            RenderTableCell {TD} at (2,2) size 619x98 [border: (1px inset #808080)] [r=0 c=0 rs=1 cs=1]
              RenderBlock (anonymous) at (2,2) size 615x21
                RenderText {#text} at (0,0) size 272x21
                  text run at (0,0) width 272: "some normal text before the nested table"
              RenderTable {TABLE} at (52,23) size 553x52 [border: (1px outset #808080)]
                RenderTableSection {TBODY} at (1,1) size 551x50
                  RenderTableRow {TR} at (0,2) size 551x46
                    RenderTableCell {TD} at (2,2) size 181x46 [border: (1px inset #808080)] [r=0 c=0 rs=1 cs=1]
                      RenderText {#text} at (2,2) size 167x42
                        text run at (2,2) width 167: "selection of words to pad"
                        text run at (2,23) width 59: "table cell"
                    RenderTableCell {TD} at (185,2) size 181x46 [border: (1px inset #808080)] [r=0 c=1 rs=1 cs=1]
                      RenderText {#text} at (2,2) size 167x42
                        text run at (2,2) width 167: "selection of words to pad"
                        text run at (2,23) width 59: "table cell"
                    RenderTableCell {TD} at (368,2) size 181x46 [border: (1px inset #808080)] [r=0 c=2 rs=1 cs=1]
                      RenderText {#text} at (2,2) size 167x42
                        text run at (2,2) width 167: "selection of words to pad"
                        text run at (2,23) width 59: "table cell"
              RenderBlock (anonymous) at (2,75) size 615x21
                RenderText {#text} at (0,0) size 261x21
                  text run at (0,0) width 261: "some normal text after the nested table"
            RenderTableCell {TD} at (623,28) size 157x46 [border: (1px inset #808080)] [r=0 c=1 rs=1 cs=1]
              RenderText {#text} at (2,2) size 153x42
                text run at (2,2) width 153: "contents of table cell to"
                text run at (2,23) width 33: "right"
      RenderTable {TABLE} at (0,104) size 784x104 [border: (1px outset #808080)]
        RenderTableSection {TBODY} at (1,1) size 782x102
          RenderTableRow {TR} at (0,2) size 782x98
            RenderTableCell {TD} at (2,2) size 619x98 [border: (1px inset #808080)] [r=0 c=0 rs=1 cs=1]
              RenderBlock (anonymous) at (2,2) size 615x21
                RenderText {#text} at (0,0) size 272x21
                  text run at (0,0) width 272: "some normal text before the nested table"
              RenderTable {TABLE} at (52,23) size 565x52 [border: (1px outset #808080)]
                RenderTableSection {TBODY} at (1,1) size 563x50
                  RenderTableRow {TR} at (0,2) size 563x46
                    RenderTableCell {TD} at (2,2) size 185x46 [border: (1px inset #808080)] [r=0 c=0 rs=1 cs=1]
                      RenderText {#text} at (2,2) size 167x42
                        text run at (2,2) width 167: "selection of words to pad"
                        text run at (2,23) width 59: "table cell"
                    RenderTableCell {TD} at (189,2) size 185x46 [border: (1px inset #808080)] [r=0 c=1 rs=1 cs=1]
                      RenderText {#text} at (2,2) size 167x42
                        text run at (2,2) width 167: "selection of words to pad"
                        text run at (2,23) width 59: "table cell"
                    RenderTableCell {TD} at (376,2) size 185x46 [border: (1px inset #808080)] [r=0 c=2 rs=1 cs=1]
                      RenderText {#text} at (2,2) size 167x42
                        text run at (2,2) width 167: "selection of words to pad"
                        text run at (2,23) width 59: "table cell"
              RenderBlock (anonymous) at (2,75) size 615x21
                RenderText {#text} at (0,0) size 261x21
                  text run at (0,0) width 261: "some normal text after the nested table"
            RenderTableCell {TD} at (623,28) size 157x46 [border: (1px inset #808080)] [r=0 c=1 rs=1 cs=1]
              RenderText {#text} at (2,2) size 153x42
                text run at (2,2) width 153: "contents of table cell to"
                text run at (2,23) width 33: "right"
      RenderTable {TABLE} at (0,208) size 784x132 [border: (1px outset #808080)]
        RenderTableSection {TBODY} at (1,1) size 782x130
          RenderTableRow {TR} at (0,2) size 782x126
            RenderTableCell {TD} at (2,2) size 623x126 [border: (1px inset #808080)] [r=0 c=0 rs=1 cs=1]
              RenderBlock (anonymous) at (2,2) size 619x21
                RenderText {#text} at (0,0) size 272x21
                  text run at (0,0) width 272: "some normal text before the nested table"
              RenderTable {TABLE} at (52,23) size 569x80 [border: (10px solid #000000)]
                RenderTableSection {TBODY} at (15,15) size 539x50
                  RenderTableRow {TR} at (0,2) size 539x46
                    RenderTableCell {TD} at (2,2) size 177x46 [border: (1px inset #000000)] [r=0 c=0 rs=1 cs=1]
                      RenderText {#text} at (2,2) size 167x42
                        text run at (2,2) width 167: "selection of words to pad"
                        text run at (2,23) width 59: "table cell"
                    RenderTableCell {TD} at (181,2) size 177x46 [border: (1px inset #000000)] [r=0 c=1 rs=1 cs=1]
                      RenderText {#text} at (2,2) size 167x42
                        text run at (2,2) width 167: "selection of words to pad"
                        text run at (2,23) width 59: "table cell"
                    RenderTableCell {TD} at (360,2) size 177x46 [border: (1px inset #000000)] [r=0 c=2 rs=1 cs=1]
                      RenderText {#text} at (2,2) size 167x42
                        text run at (2,2) width 167: "selection of words to pad"
                        text run at (2,23) width 59: "table cell"
              RenderBlock (anonymous) at (2,103) size 619x21
                RenderText {#text} at (0,0) size 261x21
                  text run at (0,0) width 261: "some normal text after the nested table"
            RenderTableCell {TD} at (627,42) size 153x46 [border: (1px inset #808080)] [r=0 c=1 rs=1 cs=1]
              RenderText {#text} at (2,2) size 136x42
                text run at (2,2) width 136: "contents of table cell"
                text run at (2,23) width 50: "to right"
