layer at (0,0) size 800x600
  RenderView at (0,0) size 800x600
layer at (0,0) size 800x514
  RenderBlock {HTML} at (0,0) size 800x514
    RenderBody {BODY} at (8,8) size 784x493
      RenderTable {TABLE} at (0,0) size 25x0
        RenderTableSection {TBODY} at (0,0) size 25x0
          RenderTableRow {TR} at (0,0) size 25x0
            RenderTableCell {TD} at (0,0) size 2x0 [r=0 c=0 rs=1 cs=1]
            RenderTableCell {TD} at (2,0) size 1x0 [r=0 c=1 rs=1 cs=1]
            RenderTableCell {TD} at (3,0) size 1x0 [r=0 c=2 rs=1 cs=1]
            RenderTableCell {TD} at (4,0) size 1x0 [r=0 c=3 rs=1 cs=1]
            RenderTableCell {TD} at (5,0) size 1x0 [r=0 c=4 rs=1 cs=1]
            RenderTableCell {TD} at (6,0) size 1x0 [r=0 c=5 rs=1 cs=1]
            RenderTableCell {TD} at (7,0) size 1x0 [r=0 c=6 rs=1 cs=1]
            RenderTableCell {TD} at (8,0) size 1x0 [r=0 c=7 rs=1 cs=1]
            RenderTableCell {TD} at (9,0) size 1x0 [r=0 c=8 rs=1 cs=1]
            RenderTableCell {TD} at (10,0) size 1x0 [r=0 c=9 rs=1 cs=1]
            RenderTableCell {TD} at (11,0) size 1x0 [r=0 c=10 rs=1 cs=1]
            RenderTableCell {TD} at (12,0) size 1x0 [r=0 c=11 rs=1 cs=1]
            RenderTableCell {TD} at (13,0) size 1x0 [r=0 c=12 rs=1 cs=1]
            RenderTableCell {TD} at (14,0) size 1x0 [r=0 c=13 rs=1 cs=1]
            RenderTableCell {TD} at (15,0) size 1x0 [r=0 c=14 rs=1 cs=1]
            RenderTableCell {TD} at (16,0) size 1x0 [r=0 c=15 rs=1 cs=1]
            RenderTableCell {TD} at (17,0) size 8x0 [r=0 c=16 rs=1 cs=1]
      RenderTable {TABLE} at (0,0) size 12x0
        RenderTableSection {TBODY} at (0,0) size 12x0
          RenderTableRow {TR} at (0,0) size 12x0
            RenderTableCell {TD} at (0,0) size 1x0 [r=0 c=0 rs=1 cs=1]
            RenderTableCell {TD} at (1,0) size 1x0 [r=0 c=1 rs=1 cs=1]
            RenderTableCell {TD} at (2,0) size 1x0 [r=0 c=2 rs=1 cs=1]
            RenderTableCell {TD} at (3,0) size 1x0 [r=0 c=3 rs=1 cs=1]
            RenderTableCell {TD} at (4,0) size 8x0 [r=0 c=4 rs=1 cs=1]
      RenderTable {TABLE} at (0,0) size 13x0
        RenderTableSection {TBODY} at (0,0) size 13x0
          RenderTableRow {TR} at (0,0) size 13x0
            RenderTableCell {TD} at (0,0) size 2x0 [r=0 c=0 rs=1 cs=1]
            RenderTableCell {TD} at (2,0) size 1x0 [r=0 c=1 rs=1 cs=1]
            RenderTableCell {TD} at (3,0) size 1x0 [r=0 c=2 rs=1 cs=1]
            RenderTableCell {TD} at (4,0) size 1x0 [r=0 c=3 rs=1 cs=1]
            RenderTableCell {TD} at (5,0) size 8x0 [r=0 c=4 rs=1 cs=1]
      RenderTable {TABLE} at (0,0) size 24x0
        RenderTableSection {TBODY} at (0,0) size 24x0
          RenderTableRow {TR} at (0,0) size 24x0
            RenderTableCell {TD} at (0,0) size 2x0 [r=0 c=0 rs=1 cs=1]
            RenderTableCell {TD} at (2,0) size 2x0 [r=0 c=1 rs=1 cs=1]
            RenderTableCell {TD} at (4,0) size 2x0 [r=0 c=2 rs=1 cs=1]
            RenderTableCell {TD} at (6,0) size 2x0 [r=0 c=3 rs=1 cs=1]
            RenderTableCell {TD} at (8,0) size 16x0 [r=0 c=4 rs=1 cs=1]
      RenderTable {TABLE} at (0,0) size 25x0
        RenderTableSection {TBODY} at (0,0) size 25x0
          RenderTableRow {TR} at (0,0) size 25x0
            RenderTableCell {TD} at (0,0) size 3x0 [r=0 c=0 rs=1 cs=1]
            RenderTableCell {TD} at (3,0) size 2x0 [r=0 c=1 rs=1 cs=1]
            RenderTableCell {TD} at (5,0) size 2x0 [r=0 c=2 rs=1 cs=1]
            RenderTableCell {TD} at (7,0) size 2x0 [r=0 c=3 rs=1 cs=1]
            RenderTableCell {TD} at (9,0) size 16x0 [r=0 c=4 rs=1 cs=1]
      RenderTable {TABLE} at (0,0) size 17x0
        RenderTableSection {TBODY} at (0,0) size 17x0
          RenderTableRow {TR} at (0,0) size 17x0
            RenderTableCell {TD} at (0,0) size 2x0 [r=0 c=0 rs=1 cs=1]
            RenderTableCell {TD} at (2,0) size 2x0 [r=0 c=1 rs=1 cs=1]
            RenderTableCell {TD} at (4,0) size 2x0 [r=0 c=2 rs=1 cs=1]
            RenderTableCell {TD} at (6,0) size 2x0 [r=0 c=3 rs=1 cs=1]
            RenderTableCell {TD} at (8,0) size 2x0 [r=0 c=4 rs=1 cs=1]
            RenderTableCell {TD} at (10,0) size 2x0 [r=0 c=5 rs=1 cs=1]
            RenderTableCell {TD} at (12,0) size 2x0 [r=0 c=6 rs=1 cs=1]
            RenderTableCell {TD} at (14,0) size 1x0 [r=0 c=7 rs=1 cs=1]
            RenderTableCell {TD} at (15,0) size 1x0 [r=0 c=8 rs=1 cs=1]
            RenderTableCell {TD} at (16,0) size 1x0 [r=0 c=9 rs=1 cs=1]
      RenderBlock {PRE} at (0,13) size 784x480
        RenderText {#text} at (0,0) size 156x16
          text run at (0,0) width 156: "Specified table width: 25px"
          text run at (156,0) width 0: " "
        RenderText {#text} at (0,16) size 151x16
          text run at (0,16) width 151: "Actual table width:    25px"
          text run at (151,16) width 0: " "
        RenderText {#text} at (0,32) size 124x16
          text run at (0,32) width 124: "Specified TD widths: "
        RenderText {#text} at (124,32) size 25x16
          text run at (124,32) width 25: "1px "
        RenderText {#text} at (149,32) size 25x16
          text run at (149,32) width 25: "1px "
        RenderText {#text} at (174,32) size 25x16
          text run at (174,32) width 25: "1px "
        RenderText {#text} at (199,32) size 25x16
          text run at (199,32) width 25: "1px "
        RenderText {#text} at (224,32) size 25x16
          text run at (224,32) width 25: "1px "
        RenderText {#text} at (249,32) size 25x16
          text run at (249,32) width 25: "1px "
        RenderText {#text} at (274,32) size 25x16
          text run at (274,32) width 25: "1px "
        RenderText {#text} at (299,32) size 25x16
          text run at (299,32) width 25: "1px "
        RenderText {#text} at (324,32) size 25x16
          text run at (324,32) width 25: "1px "
        RenderText {#text} at (349,32) size 25x16
          text run at (349,32) width 25: "1px "
        RenderText {#text} at (374,32) size 25x16
          text run at (374,32) width 25: "1px "
        RenderText {#text} at (399,32) size 25x16
          text run at (399,32) width 25: "1px "
        RenderText {#text} at (424,32) size 25x16
          text run at (424,32) width 25: "1px "
        RenderText {#text} at (449,32) size 25x16
          text run at (449,32) width 25: "1px "
        RenderText {#text} at (474,32) size 25x16
          text run at (474,32) width 25: "1px "
        RenderText {#text} at (499,32) size 25x16
          text run at (499,32) width 25: "1px "
        RenderText {#text} at (524,32) size 25x16
          text run at (524,32) width 25: "8px "
        RenderText {#text} at (549,32) size 0x16
          text run at (549,32) width 0: " "
        RenderText {#text} at (0,48) size 119x16
          text run at (0,48) width 119: "Actual TD widths:    "
        RenderText {#text} at (119,48) size 25x16
          text run at (119,48) width 25: "2px "
        RenderText {#text} at (144,48) size 25x16
          text run at (144,48) width 25: "1px "
        RenderText {#text} at (169,48) size 25x16
          text run at (169,48) width 25: "1px "
        RenderText {#text} at (194,48) size 25x16
          text run at (194,48) width 25: "1px "
        RenderText {#text} at (219,48) size 25x16
          text run at (219,48) width 25: "1px "
        RenderText {#text} at (244,48) size 25x16
          text run at (244,48) width 25: "1px "
        RenderText {#text} at (269,48) size 25x16
          text run at (269,48) width 25: "1px "
        RenderText {#text} at (294,48) size 25x16
          text run at (294,48) width 25: "1px "
        RenderText {#text} at (319,48) size 25x16
          text run at (319,48) width 25: "1px "
        RenderText {#text} at (344,48) size 25x16
          text run at (344,48) width 25: "1px "
        RenderText {#text} at (369,48) size 25x16
          text run at (369,48) width 25: "1px "
        RenderText {#text} at (394,48) size 25x16
          text run at (394,48) width 25: "1px "
        RenderText {#text} at (419,48) size 25x16
          text run at (419,48) width 25: "1px "
        RenderText {#text} at (444,48) size 25x16
          text run at (444,48) width 25: "1px "
        RenderText {#text} at (469,48) size 25x16
          text run at (469,48) width 25: "1px "
        RenderText {#text} at (494,48) size 25x16
          text run at (494,48) width 25: "1px "
        RenderText {#text} at (519,48) size 25x16
          text run at (519,48) width 25: "8px "
        RenderText {#text} at (544,48) size 544x32
          text run at (544,48) width 0: " "
          text run at (0,64) width 0: " "
        RenderText {#text} at (0,80) size 156x16
          text run at (0,80) width 156: "Specified table width: 12px"
          text run at (156,80) width 0: " "
        RenderText {#text} at (0,96) size 151x16
          text run at (0,96) width 151: "Actual table width:    12px"
          text run at (151,96) width 0: " "
        RenderText {#text} at (0,112) size 124x16
          text run at (0,112) width 124: "Specified TD widths: "
        RenderText {#text} at (124,112) size 25x16
          text run at (124,112) width 25: "1px "
        RenderText {#text} at (149,112) size 25x16
          text run at (149,112) width 25: "1px "
        RenderText {#text} at (174,112) size 25x16
          text run at (174,112) width 25: "1px "
        RenderText {#text} at (199,112) size 25x16
          text run at (199,112) width 25: "1px "
        RenderText {#text} at (224,112) size 25x16
          text run at (224,112) width 25: "8px "
        RenderText {#text} at (249,112) size 0x16
          text run at (249,112) width 0: " "
        RenderText {#text} at (0,128) size 119x16
          text run at (0,128) width 119: "Actual TD widths:    "
        RenderText {#text} at (119,128) size 25x16
          text run at (119,128) width 25: "1px "
        RenderText {#text} at (144,128) size 25x16
          text run at (144,128) width 25: "1px "
        RenderText {#text} at (169,128) size 25x16
          text run at (169,128) width 25: "1px "
        RenderText {#text} at (194,128) size 25x16
          text run at (194,128) width 25: "1px "
        RenderText {#text} at (219,128) size 25x16
          text run at (219,128) width 25: "8px "
        RenderText {#text} at (244,128) size 244x32
          text run at (244,128) width 0: " "
          text run at (0,144) width 0: " "
        RenderText {#text} at (0,160) size 156x16
          text run at (0,160) width 156: "Specified table width: 13px"
          text run at (156,160) width 0: " "
        RenderText {#text} at (0,176) size 151x16
          text run at (0,176) width 151: "Actual table width:    13px"
          text run at (151,176) width 0: " "
        RenderText {#text} at (0,192) size 124x16
          text run at (0,192) width 124: "Specified TD widths: "
        RenderText {#text} at (124,192) size 25x16
          text run at (124,192) width 25: "1px "
        RenderText {#text} at (149,192) size 25x16
          text run at (149,192) width 25: "1px "
        RenderText {#text} at (174,192) size 25x16
          text run at (174,192) width 25: "1px "
        RenderText {#text} at (199,192) size 25x16
          text run at (199,192) width 25: "1px "
        RenderText {#text} at (224,192) size 25x16
          text run at (224,192) width 25: "8px "
        RenderText {#text} at (249,192) size 0x16
          text run at (249,192) width 0: " "
        RenderText {#text} at (0,208) size 119x16
          text run at (0,208) width 119: "Actual TD widths:    "
        RenderText {#text} at (119,208) size 25x16
          text run at (119,208) width 25: "2px "
        RenderText {#text} at (144,208) size 25x16
          text run at (144,208) width 25: "1px "
        RenderText {#text} at (169,208) size 25x16
          text run at (169,208) width 25: "1px "
        RenderText {#text} at (194,208) size 25x16
          text run at (194,208) width 25: "1px "
        RenderText {#text} at (219,208) size 25x16
          text run at (219,208) width 25: "8px "
        RenderText {#text} at (244,208) size 244x32
          text run at (244,208) width 0: " "
          text run at (0,224) width 0: " "
        RenderText {#text} at (0,240) size 156x16
          text run at (0,240) width 156: "Specified table width: 24px"
          text run at (156,240) width 0: " "
        RenderText {#text} at (0,256) size 151x16
          text run at (0,256) width 151: "Actual table width:    24px"
          text run at (151,256) width 0: " "
        RenderText {#text} at (0,272) size 124x16
          text run at (0,272) width 124: "Specified TD widths: "
        RenderText {#text} at (124,272) size 25x16
          text run at (124,272) width 25: "1px "
        RenderText {#text} at (149,272) size 25x16
          text run at (149,272) width 25: "1px "
        RenderText {#text} at (174,272) size 25x16
          text run at (174,272) width 25: "1px "
        RenderText {#text} at (199,272) size 25x16
          text run at (199,272) width 25: "1px "
        RenderText {#text} at (224,272) size 25x16
          text run at (224,272) width 25: "8px "
        RenderText {#text} at (249,272) size 0x16
          text run at (249,272) width 0: " "
        RenderText {#text} at (0,288) size 119x16
          text run at (0,288) width 119: "Actual TD widths:    "
        RenderText {#text} at (119,288) size 25x16
          text run at (119,288) width 25: "2px "
        RenderText {#text} at (144,288) size 25x16
          text run at (144,288) width 25: "2px "
        RenderText {#text} at (169,288) size 25x16
          text run at (169,288) width 25: "2px "
        RenderText {#text} at (194,288) size 25x16
          text run at (194,288) width 25: "2px "
        RenderText {#text} at (219,288) size 32x16
          text run at (219,288) width 32: "16px "
        RenderText {#text} at (251,288) size 251x32
          text run at (251,288) width 0: " "
          text run at (0,304) width 0: " "
        RenderText {#text} at (0,320) size 156x16
          text run at (0,320) width 156: "Specified table width: 25px"
          text run at (156,320) width 0: " "
        RenderText {#text} at (0,336) size 151x16
          text run at (0,336) width 151: "Actual table width:    25px"
          text run at (151,336) width 0: " "
        RenderText {#text} at (0,352) size 124x16
          text run at (0,352) width 124: "Specified TD widths: "
        RenderText {#text} at (124,352) size 25x16
          text run at (124,352) width 25: "1px "
        RenderText {#text} at (149,352) size 25x16
          text run at (149,352) width 25: "1px "
        RenderText {#text} at (174,352) size 25x16
          text run at (174,352) width 25: "1px "
        RenderText {#text} at (199,352) size 25x16
          text run at (199,352) width 25: "1px "
        RenderText {#text} at (224,352) size 25x16
          text run at (224,352) width 25: "8px "
        RenderText {#text} at (249,352) size 0x16
          text run at (249,352) width 0: " "
        RenderText {#text} at (0,368) size 119x16
          text run at (0,368) width 119: "Actual TD widths:    "
        RenderText {#text} at (119,368) size 25x16
          text run at (119,368) width 25: "3px "
        RenderText {#text} at (144,368) size 25x16
          text run at (144,368) width 25: "2px "
        RenderText {#text} at (169,368) size 25x16
          text run at (169,368) width 25: "2px "
        RenderText {#text} at (194,368) size 25x16
          text run at (194,368) width 25: "2px "
        RenderText {#text} at (219,368) size 32x16
          text run at (219,368) width 32: "16px "
        RenderText {#text} at (251,368) size 251x32
          text run at (251,368) width 0: " "
          text run at (0,384) width 0: " "
        RenderText {#text} at (0,400) size 156x16
          text run at (0,400) width 156: "Specified table width: 17px"
          text run at (156,400) width 0: " "
        RenderText {#text} at (0,416) size 151x16
          text run at (0,416) width 151: "Actual table width:    17px"
          text run at (151,416) width 0: " "
        RenderText {#text} at (0,432) size 124x16
          text run at (0,432) width 124: "Specified TD widths: "
        RenderText {#text} at (124,432) size 30x16
          text run at (124,432) width 30: "10% "
        RenderText {#text} at (154,432) size 30x16
          text run at (154,432) width 30: "10% "
        RenderText {#text} at (184,432) size 30x16
          text run at (184,432) width 30: "10% "
        RenderText {#text} at (214,432) size 30x16
          text run at (214,432) width 30: "10% "
        RenderText {#text} at (244,432) size 30x16
          text run at (244,432) width 30: "10% "
        RenderText {#text} at (274,432) size 30x16
          text run at (274,432) width 30: "10% "
        RenderText {#text} at (304,432) size 30x16
          text run at (304,432) width 30: "10% "
        RenderText {#text} at (334,432) size 30x16
          text run at (334,432) width 30: "10% "
        RenderText {#text} at (364,432) size 30x16
          text run at (364,432) width 30: "10% "
        RenderText {#text} at (394,432) size 30x16
          text run at (394,432) width 30: "10% "
        RenderText {#text} at (424,432) size 0x16
          text run at (424,432) width 0: " "
        RenderText {#text} at (0,448) size 119x16
          text run at (0,448) width 119: "Actual TD widths:    "
        RenderText {#text} at (119,448) size 25x16
          text run at (119,448) width 25: "2px "
        RenderText {#text} at (144,448) size 25x16
          text run at (144,448) width 25: "2px "
        RenderText {#text} at (169,448) size 25x16
          text run at (169,448) width 25: "2px "
        RenderText {#text} at (194,448) size 25x16
          text run at (194,448) width 25: "2px "
        RenderText {#text} at (219,448) size 25x16
          text run at (219,448) width 25: "2px "
        RenderText {#text} at (244,448) size 25x16
          text run at (244,448) width 25: "2px "
        RenderText {#text} at (269,448) size 25x16
          text run at (269,448) width 25: "2px "
        RenderText {#text} at (294,448) size 25x16
          text run at (294,448) width 25: "1px "
        RenderText {#text} at (319,448) size 25x16
          text run at (319,448) width 25: "1px "
        RenderText {#text} at (344,448) size 25x16
          text run at (344,448) width 25: "1px "
        RenderText {#text} at (369,448) size 369x32
          text run at (369,448) width 0: " "
          text run at (0,464) width 0: " "
