layer at (0,0) size 800x600
  RenderView at (0,0) size 800x600
layer at (0,0) size 800x600
  RenderBlock {HTML} at (0,0) size 800x600
    RenderBody {BODY} at (8,8) size 784x584
      RenderTable {TABLE} at (0,0) size 150x22 [bgcolor=#FFCCCC]
        RenderTableCol {COLGROUP} at (0,0) size 0x0
          RenderTableCol {COL} at (0,0) size 0x0
          RenderTableCol {COL} at (0,0) size 0x0
        RenderTableSection {TBODY} at (0,0) size 150x22
          RenderTableRow {TR} at (0,0) size 150x22
            RenderTableCell {TD} at (0,0) size 150x22 [r=0 c=0 rs=1 cs=2]
              RenderText {#text} at (0,0) size 108x22
                text run at (0,0) width 108: "Correct Display"
          RenderTableRow {TR} at (0,22) size 150x0
            RenderTableCell {TD} at (0,22) size 123x0 [r=1 c=0 rs=1 cs=1]
            RenderTableCell {TD} at (123,22) size 27x0 [r=1 c=1 rs=1 cs=1]
      RenderBlock {P} at (0,38) size 784x0
      RenderTable {TABLE} at (0,38) size 150x22 [bgcolor=#FFCCCC]
        RenderTableCol {COLGROUP} at (0,0) size 0x0
          RenderTableCol {COL} at (0,0) size 0x0
          RenderTableCol {COL} at (0,0) size 0x0
        RenderTableSection {TBODY} at (0,0) size 150x22
          RenderTableRow {TR} at (0,0) size 150x22
            RenderTableCell {TD} at (0,0) size 150x22 [r=0 c=0 rs=1 cs=2]
              RenderText {#text} at (0,0) size 118x22
                text run at (0,0) width 118: "Incorrect Display"
