layer at (0,0) size 784x616
  RenderView at (0,0) size 784x600
layer at (0,0) size 784x616
  RenderBlock {HTML} at (0,0) size 784x616
    RenderBody {BODY} at (8,8) size 768x600
      RenderTable {TABLE} at (0,0) size 71x102 [border: (1px outset #808080)]
        RenderBlock {CAPTION} at (0,0) size 69x42 [color=#008000] [bgcolor=#FFFFE0]
          RenderText {#text} at (4,0) size 67x42
            text run at (4,0) width 61: "Where is"
            text run at (1,21) width 67: "the table?"
        RenderTableSection {THEAD} at (1,43) size 69x29
          RenderTableRow {TR} at (0,2) size 69x25
            RenderTableCell {TD} at (2,2) size 65x25 [border: (1px inset #808080)] [r=0 c=0 rs=1 cs=1]
              RenderText {#text} at (2,2) size 50x21
                text run at (2,2) width 50: "Header"
        RenderTableSection {TBODY} at (1,72) size 69x29
          RenderTableRow {TR} at (0,2) size 69x25
            RenderTableCell {TD} at (2,2) size 65x25 [border: (1px inset #808080)] [r=0 c=0 rs=1 cs=1]
              RenderText {#text} at (2,2) size 61x21
                text run at (2,2) width 61: "Kibology"
      RenderBlock {HR} at (0,110) size 768x2 [border: (1px inset #000000)]
      RenderTable {TABLE} at (0,120) size 71x60 [border: (1px outset #808080)]
        RenderTableSection {THEAD} at (1,1) size 69x29
          RenderTableRow {TR} at (0,2) size 69x25
            RenderTableCell {TD} at (2,2) size 65x25 [border: (1px inset #808080)] [r=0 c=0 rs=1 cs=1]
              RenderText {#text} at (2,2) size 50x21
                text run at (2,2) width 50: "Header"
        RenderTableSection {TBODY} at (1,30) size 69x29
          RenderTableRow {TR} at (0,2) size 69x25
            RenderTableCell {TD} at (2,2) size 65x25 [border: (1px inset #808080)] [r=0 c=0 rs=1 cs=1]
              RenderText {#text} at (2,2) size 61x21
                text run at (2,2) width 61: "Kibology"
      RenderBlock {HR} at (0,188) size 768x2 [border: (1px inset #000000)]
      RenderTable {TABLE} at (0,198) size 71x102 [border: (1px outset #808080)]
        RenderBlock {CAPTION} at (0,0) size 69x42 [color=#008000] [bgcolor=#FFFFE0]
          RenderText {#text} at (11,0) size 59x42
            text run at (11,0) width 47: "Here is"
            text run at (5,21) width 59: "the table"
        RenderTableSection {THEAD} at (1,43) size 69x29
          RenderTableRow {TR} at (0,2) size 69x25
            RenderTableCell {TD} at (2,2) size 65x25 [border: (1px inset #808080)] [r=0 c=0 rs=1 cs=1]
              RenderText {#text} at (2,2) size 50x21
                text run at (2,2) width 50: "Header"
        RenderTableSection {TBODY} at (1,72) size 69x29
          RenderTableRow {TR} at (0,2) size 69x25
            RenderTableCell {TD} at (2,2) size 65x25 [border: (1px inset #808080)] [r=0 c=0 rs=1 cs=1]
              RenderText {#text} at (2,2) size 61x21
                text run at (2,2) width 61: "Kibology"
      RenderTable {TABLE} at (0,300) size 71x102 [border: (1px outset #808080)]
        RenderTableSection {THEAD} at (1,43) size 69x29
          RenderTableRow {TR} at (0,2) size 69x25
            RenderTableCell {TD} at (2,2) size 65x25 [border: (1px inset #808080)] [r=0 c=0 rs=1 cs=1]
              RenderText {#text} at (2,2) size 50x21
                text run at (2,2) width 50: "Header"
        RenderBlock {CAPTION} at (0,0) size 69x42 [color=#008000] [bgcolor=#FFFFE0]
          RenderText {#text} at (4,0) size 67x42
            text run at (4,0) width 61: "Where is"
            text run at (1,21) width 67: "the table?"
        RenderTableSection {TBODY} at (1,72) size 69x29
          RenderTableRow {TR} at (0,2) size 69x25
            RenderTableCell {TD} at (2,2) size 65x25 [border: (1px inset #808080)] [r=0 c=0 rs=1 cs=1]
              RenderText {#text} at (2,2) size 61x21
                text run at (2,2) width 61: "Kibology"
      RenderBlock {HR} at (0,410) size 768x2 [border: (1px inset #000000)]
      RenderTable {TABLE} at (0,420) size 71x60 [border: (1px outset #808080)]
        RenderTableSection {THEAD} at (1,1) size 69x29
          RenderTableRow {TR} at (0,2) size 69x25
            RenderTableCell {TD} at (2,2) size 65x25 [border: (1px inset #808080)] [r=0 c=0 rs=1 cs=1]
              RenderText {#text} at (2,2) size 50x21
                text run at (2,2) width 50: "Header"
        RenderTableSection {TBODY} at (1,30) size 69x29
          RenderTableRow {TR} at (0,2) size 69x25
            RenderTableCell {TD} at (2,2) size 65x25 [border: (1px inset #808080)] [r=0 c=0 rs=1 cs=1]
              RenderText {#text} at (2,2) size 61x21
                text run at (2,2) width 61: "Kibology"
      RenderBlock {HR} at (0,488) size 768x2 [border: (1px inset #000000)]
      RenderTable {TABLE} at (0,498) size 71x102 [border: (1px outset #808080)]
        RenderTableSection {THEAD} at (1,43) size 69x29
          RenderTableRow {TR} at (0,2) size 69x25
            RenderTableCell {TD} at (2,2) size 65x25 [border: (1px inset #808080)] [r=0 c=0 rs=1 cs=1]
              RenderText {#text} at (2,2) size 50x21
                text run at (2,2) width 50: "Header"
        RenderBlock {CAPTION} at (0,0) size 69x42 [color=#008000] [bgcolor=#FFFFE0]
          RenderText {#text} at (11,0) size 59x42
            text run at (11,0) width 47: "Here is"
            text run at (5,21) width 59: "the table"
        RenderTableSection {TBODY} at (1,72) size 69x29
          RenderTableRow {TR} at (0,2) size 69x25
            RenderTableCell {TD} at (2,2) size 65x25 [border: (1px inset #808080)] [r=0 c=0 rs=1 cs=1]
              RenderText {#text} at (2,2) size 61x21
                text run at (2,2) width 61: "Kibology"
