layer at (0,0) size 800x600
  RenderView at (0,0) size 800x600
layer at (0,0) size 800x600
  RenderBlock {HTML} at (0,0) size 800x600
    RenderBody {BODY} at (8,8) size 784x576
      RenderBlock {P} at (0,0) size 784x43
        RenderBlock (anonymous) at (0,0) size 784x16
          RenderInline {CODE} at (0,0) size 202x16
            RenderText {#text} at (0,0) size 202x16
              text run at (0,0) width 202: "<TABLE border=\"0\" frame=\"void\">"
          RenderText {#text} at (0,0) size 0x0
        RenderTable {TABLE} at (0,16) size 76x27
          RenderTableSection {TBODY} at (0,0) size 76x27
            RenderTableRow {TR} at (0,2) size 76x23
              RenderTableCell {TD} at (2,2) size 30x23 [r=0 c=0 rs=1 cs=1]
                RenderText {#text} at (1,1) size 28x21
                  text run at (1,1) width 28: "Left"
              RenderTableCell {TD} at (34,2) size 40x23 [r=0 c=1 rs=1 cs=1]
                RenderText {#text} at (1,1) size 38x21
                  text run at (1,1) width 38: "Right"
