layer at (0,0) size 800x600
  RenderView at (0,0) size 800x600
layer at (0,0) size 800x600
  RenderBlock {HTML} at (0,0) size 800x600
    RenderBody {BODY} at (8,8) size 784x584
      RenderTable {TABLE} at (0,0) size 334x76 [border: (1px outset #808080)]
        RenderTableSection {TBODY} at (1,1) size 332x74
          RenderTableRow {TR} at (0,2) size 332x70
            RenderTableCell {TD} at (2,2) size 267x70 [border: (1px inset #808080)] [r=0 c=0 rs=1 cs=1]
              RenderText {#text} at (2,2) size 247x66
                text run at (2,2) width 247: "This section will provide you with all"
                text run at (2,24) width 138: "the information you "
                text run at (140,24) width 108: "may need to use"
                text run at (2,46) width 203: "any of your Internet software."
            RenderTableCell {TD} at (271,9) size 59x55 [border: (1px inset #808080)] [r=0 c=1 rs=1 cs=1]
              RenderImage {IMG} at (5,2) size 52x51
