layer at (0,0) size 800x600
  RenderView at (0,0) size 800x600
layer at (0,0) size 800x600
  RenderBlock {HTML} at (0,0) size 800x600
    RenderBody {BODY} at (8,8) size 784x584 [bgcolor=#FFFFFF]
      RenderTable {TABLE} at (0,0) size 506x56
        RenderBlock {CAPTION} at (0,0) size 506x28 [border: (3px solid #000000)]
          RenderText {#text} at (96,3) size 314x22
            text run at (96,3) width 8 RTL: "?"
            text run at (104,3) width 306: "is the question mark on the left side with style"
        RenderTableSection {TBODY} at (0,28) size 506x28
          RenderTableRow {TR} at (0,2) size 506x24
            RenderTableCell {TD} at (2,2) size 502x24 [r=0 c=0 rs=1 cs=1]
              RenderText {#text} at (1,1) size 59x22
                text run at (1,1) width 59: "table cell"
      RenderTable {TABLE} at (0,56) size 506x56
        RenderBlock {CAPTION} at (0,0) size 506x28 [border: (3px solid #000000)]
          RenderText {#text} at (85,3) size 336x22
            text run at (85,3) width 8 RTL: "?"
            text run at (93,3) width 328: "is the question mark on the left side without style"
        RenderTableSection {TBODY} at (0,28) size 506x28
          RenderTableRow {TR} at (0,2) size 506x24
            RenderTableCell {TD} at (2,2) size 502x24 [r=0 c=0 rs=1 cs=1]
              RenderText {#text} at (1,1) size 59x22
                text run at (1,1) width 59: "table cell"
