layer at (0,0) size 784x1006
  RenderView at (0,0) size 784x600
layer at (0,0) size 784x1006
  RenderBlock {HTML} at (0,0) size 784x1006
    RenderBody {BODY} at (8,8) size 768x990
      RenderBlock {DIV} at (0,0) size 768x185
        RenderBlock {HR} at (0,0) size 768x2 [border: (1px inset #000000)]
        RenderBlock {P} at (0,18) size 768x21
          RenderInline {B} at (0,0) size 330x21
            RenderText {#text} at (219,0) size 330x21
              text run at (219,0) width 330: "Tables I, II, III, IV (cellpadding=0 cellspacing=5)"
        RenderTable {TABLE} at (90,55) size 587x130 [bgcolor=#FFCC00] [border: (1px outset #808080)]
          RenderTableSection {TBODY} at (1,1) size 585x128
            RenderTableRow {TR} at (0,2) size 585x124
              RenderTableCell {TD} at (2,2) size 154x124 [border: (1px inset #808080)] [r=0 c=0 rs=1 cs=1]
                RenderTable {TABLE} at (6,6) size 142x112 [bgcolor=#FFFFFF] [border: (1px outset #808080)]
                  RenderBlock {CAPTION} at (0,0) size 140x21
                    RenderInline {NOBR} at (0,0) size 50x21
                      RenderText {#text} at (45,0) size 50x21
                        text run at (45,0) width 50: "Table I"
                  RenderTableSection {TBODY} at (1,22) size 140x89
                    RenderTableRow {TR} at (0,5) size 140x23
                      RenderTableCell {TD} at (5,5) size 22x23 [border: (1px inset #808080)] [r=0 c=0 rs=1 cs=1]
                        RenderText {#text} at (1,1) size 20x21
                          text run at (1,1) width 20: "1,1"
                      RenderTableCell {TD} at (32,5) size 22x23 [border: (1px inset #808080)] [r=0 c=1 rs=1 cs=1]
                        RenderText {#text} at (1,1) size 20x21
                          text run at (1,1) width 20: "1,2"
                      RenderTableCell {TD} at (59,5) size 22x23 [border: (1px inset #808080)] [r=0 c=2 rs=1 cs=1]
                        RenderText {#text} at (1,1) size 20x21
                          text run at (1,1) width 20: "1,3"
                      RenderTableCell {TD} at (86,5) size 22x23 [border: (1px inset #808080)] [r=0 c=3 rs=1 cs=1]
                        RenderText {#text} at (1,1) size 20x21
                          text run at (1,1) width 20: "1,4"
                      RenderTableCell {TD} at (113,5) size 22x23 [border: (1px inset #808080)] [r=0 c=4 rs=1 cs=1]
                        RenderText {#text} at (1,1) size 20x21
                          text run at (1,1) width 20: "1,5"
                    RenderTableRow {TR} at (0,33) size 140x23
                      RenderTableCell {TD} at (5,33) size 22x23 [border: (1px inset #808080)] [r=1 c=0 rs=1 cs=1]
                        RenderText {#text} at (1,1) size 20x21
                          text run at (1,1) width 20: "2,1"
                      RenderTableCell {TD} at (32,33) size 22x23 [border: (1px inset #808080)] [r=1 c=1 rs=1 cs=1]
                        RenderText {#text} at (1,1) size 20x21
                          text run at (1,1) width 20: "2,2"
                      RenderTableCell {TD} at (59,33) size 22x23 [border: (1px inset #808080)] [r=1 c=2 rs=1 cs=1]
                        RenderText {#text} at (1,1) size 20x21
                          text run at (1,1) width 20: "2,3"
                      RenderTableCell {TD} at (86,33) size 22x23 [border: (1px inset #808080)] [r=1 c=3 rs=1 cs=1]
                        RenderText {#text} at (1,1) size 20x21
                          text run at (1,1) width 20: "2,4"
                      RenderTableCell {TD} at (113,33) size 22x23 [border: (1px inset #808080)] [r=1 c=4 rs=1 cs=1]
                        RenderText {#text} at (1,1) size 20x21
                          text run at (1,1) width 20: "2,5"
                    RenderTableRow {TR} at (0,61) size 140x23
                      RenderTableCell {TD} at (5,61) size 22x23 [border: (1px inset #808080)] [r=2 c=0 rs=1 cs=1]
                        RenderText {#text} at (1,1) size 20x21
                          text run at (1,1) width 20: "3,1"
                      RenderTableCell {TD} at (32,61) size 22x23 [bgcolor=#FFFF66] [border: (1px inset #808080)] [r=2 c=1 rs=1 cs=1]
                        RenderText {#text} at (1,1) size 20x21
                          text run at (1,1) width 20: "3,2"
                      RenderTableCell {TD} at (59,61) size 22x23 [bgcolor=#FFFF66] [border: (1px inset #808080)] [r=2 c=2 rs=1 cs=1]
                        RenderText {#text} at (1,1) size 20x21
                          text run at (1,1) width 20: "3,3"
                      RenderTableCell {TD} at (86,61) size 22x23 [bgcolor=#FFFF66] [border: (1px inset #808080)] [r=2 c=3 rs=1 cs=1]
                        RenderText {#text} at (1,1) size 20x21
                          text run at (1,1) width 20: "3,4"
                      RenderTableCell {TD} at (113,61) size 22x23 [border: (1px inset #808080)] [r=2 c=4 rs=1 cs=1]
                        RenderText {#text} at (1,1) size 20x21
                          text run at (1,1) width 20: "3,5"
              RenderTableCell {TD} at (158,2) size 154x124 [border: (1px inset #808080)] [r=0 c=1 rs=1 cs=1]
                RenderTable {TABLE} at (6,6) size 142x112 [bgcolor=#FFFFFF] [border: (1px outset #808080)]
                  RenderBlock {CAPTION} at (0,0) size 140x21
                    RenderInline {NOBR} at (0,0) size 56x21
                      RenderText {#text} at (42,0) size 56x21
                        text run at (42,0) width 56: "Table II"
                  RenderTableSection {TBODY} at (1,22) size 140x89
                    RenderTableRow {TR} at (0,5) size 140x23
                      RenderTableCell {TD} at (5,5) size 22x23 [border: (1px inset #808080)] [r=0 c=0 rs=1 cs=1]
                        RenderText {#text} at (1,1) size 20x21
                          text run at (1,1) width 20: "1,1"
                      RenderTableCell {TD} at (32,5) size 49x23 [border: (1px inset #808080)] [r=0 c=1 rs=1 cs=2]
                        RenderText {#text} at (1,1) size 20x21
                          text run at (1,1) width 20: "1,2"
                      RenderTableCell {TD} at (86,5) size 22x23 [border: (1px inset #808080)] [r=0 c=3 rs=1 cs=1]
                        RenderText {#text} at (1,1) size 20x21
                          text run at (1,1) width 20: "1,4"
                      RenderTableCell {TD} at (113,5) size 22x23 [border: (1px inset #808080)] [r=0 c=4 rs=1 cs=1]
                        RenderText {#text} at (1,1) size 20x21
                          text run at (1,1) width 20: "1,5"
                    RenderTableRow {TR} at (0,33) size 140x23
                      RenderTableCell {TD} at (5,33) size 22x23 [border: (1px inset #808080)] [r=1 c=0 rs=1 cs=1]
                        RenderText {#text} at (1,1) size 20x21
                          text run at (1,1) width 20: "2,1"
                      RenderTableCell {TD} at (32,33) size 22x23 [border: (1px inset #808080)] [r=1 c=1 rs=1 cs=1]
                        RenderText {#text} at (1,1) size 20x21
                          text run at (1,1) width 20: "2,2"
                      RenderTableCell {TD} at (59,33) size 49x23 [border: (1px inset #808080)] [r=1 c=2 rs=1 cs=2]
                        RenderText {#text} at (1,1) size 20x21
                          text run at (1,1) width 20: "2,3"
                      RenderTableCell {TD} at (113,33) size 22x23 [border: (1px inset #808080)] [r=1 c=4 rs=1 cs=1]
                        RenderText {#text} at (1,1) size 20x21
                          text run at (1,1) width 20: "2,5"
                    RenderTableRow {TR} at (0,61) size 140x23
                      RenderTableCell {TD} at (5,61) size 22x23 [border: (1px inset #808080)] [r=2 c=0 rs=1 cs=1]
                        RenderText {#text} at (1,1) size 20x21
                          text run at (1,1) width 20: "3,1"
                      RenderTableCell {TD} at (32,61) size 22x23 [bgcolor=#FFFF66] [border: (1px inset #808080)] [r=2 c=1 rs=1 cs=1]
                        RenderText {#text} at (1,1) size 20x21
                          text run at (1,1) width 20: "3,2"
                      RenderTableCell {TD} at (59,61) size 22x23 [bgcolor=#FFFF66] [border: (1px inset #808080)] [r=2 c=2 rs=1 cs=1]
                        RenderText {#text} at (1,1) size 20x21
                          text run at (1,1) width 20: "3,3"
                      RenderTableCell {TD} at (86,61) size 22x23 [bgcolor=#FFFF66] [border: (1px inset #808080)] [r=2 c=3 rs=1 cs=1]
                        RenderText {#text} at (1,1) size 20x21
                          text run at (1,1) width 20: "3,4"
                      RenderTableCell {TD} at (113,61) size 22x23 [border: (1px inset #808080)] [r=2 c=4 rs=1 cs=1]
                        RenderText {#text} at (1,1) size 20x21
                          text run at (1,1) width 20: "3,5"
              RenderTableCell {TD} at (314,2) size 134x124 [border: (1px inset #808080)] [r=0 c=2 rs=1 cs=1]
                RenderTable {TABLE} at (6,6) size 122x112 [bgcolor=#FFFFFF] [border: (1px outset #808080)]
                  RenderBlock {CAPTION} at (0,0) size 120x21
                    RenderInline {NOBR} at (0,0) size 62x21
                      RenderText {#text} at (29,0) size 62x21
                        text run at (29,0) width 62: "Table III"
                  RenderTableSection {TBODY} at (1,22) size 120x89
                    RenderTableRow {TR} at (0,5) size 120x23
                      RenderTableCell {TD} at (5,5) size 22x23 [border: (1px inset #808080)] [r=0 c=0 rs=1 cs=1]
                        RenderText {#text} at (1,1) size 20x21
                          text run at (1,1) width 20: "1,1"
                      RenderTableCell {TD} at (32,5) size 29x23 [border: (1px inset #808080)] [r=0 c=1 rs=1 cs=2]
                        RenderText {#text} at (1,1) size 20x21
                          text run at (1,1) width 20: "1,2"
                      RenderTableCell {TD} at (66,5) size 22x23 [border: (1px inset #808080)] [r=0 c=3 rs=1 cs=1]
                        RenderText {#text} at (1,1) size 20x21
                          text run at (1,1) width 20: "1,4"
                      RenderTableCell {TD} at (93,5) size 22x23 [border: (1px inset #808080)] [r=0 c=4 rs=1 cs=1]
                        RenderText {#text} at (1,1) size 20x21
                          text run at (1,1) width 20: "1,5"
                    RenderTableRow {TR} at (0,33) size 120x23
                      RenderTableCell {TD} at (5,33) size 22x23 [border: (1px inset #808080)] [r=1 c=0 rs=1 cs=1]
                        RenderText {#text} at (1,1) size 20x21
                          text run at (1,1) width 20: "2,1"
                      RenderTableCell {TD} at (32,33) size 22x23 [border: (1px inset #808080)] [r=1 c=1 rs=1 cs=1]
                        RenderText {#text} at (1,1) size 20x21
                          text run at (1,1) width 20: "2,2"
                      RenderTableCell {TD} at (59,33) size 29x23 [border: (1px inset #808080)] [r=1 c=2 rs=1 cs=2]
                        RenderText {#text} at (1,1) size 20x21
                          text run at (1,1) width 20: "2,3"
                      RenderTableCell {TD} at (93,33) size 22x23 [border: (1px inset #808080)] [r=1 c=4 rs=1 cs=1]
                        RenderText {#text} at (1,1) size 20x21
                          text run at (1,1) width 20: "2,5"
                    RenderTableRow {TR} at (0,61) size 120x23
                      RenderTableCell {TD} at (5,61) size 22x23 [border: (1px inset #808080)] [r=2 c=0 rs=1 cs=1]
                        RenderText {#text} at (1,1) size 20x21
                          text run at (1,1) width 20: "3,1"
                      RenderTableCell {TD} at (32,71) size 22x2 [bgcolor=#FFFF66] [border: (1px inset #808080)] [r=2 c=1 rs=1 cs=1]
                      RenderTableCell {TD} at (59,71) size 2x2 [bgcolor=#FFFF66] [border: (1px inset #808080)] [r=2 c=2 rs=1 cs=1]
                      RenderTableCell {TD} at (66,71) size 22x2 [bgcolor=#FFFF66] [border: (1px inset #808080)] [r=2 c=3 rs=1 cs=1]
                      RenderTableCell {TD} at (93,61) size 22x23 [border: (1px inset #808080)] [r=2 c=4 rs=1 cs=1]
                        RenderText {#text} at (1,1) size 20x21
                          text run at (1,1) width 20: "3,5"
              RenderTableCell {TD} at (450,2) size 133x96 [border: (1px inset #808080)] [r=0 c=3 rs=1 cs=1]
                RenderTable {TABLE} at (6,6) size 121x84 [bgcolor=#FFFFFF] [border: (1px outset #808080)]
                  RenderBlock {CAPTION} at (0,0) size 119x21
                    RenderInline {NOBR} at (0,0) size 61x21
                      RenderText {#text} at (29,0) size 61x21
                        text run at (29,0) width 61: "Table IV"
                  RenderTableSection {TBODY} at (1,22) size 119x61
                    RenderTableRow {TR} at (0,5) size 119x23
                      RenderTableCell {TD} at (5,5) size 22x23 [border: (1px inset #808080)] [r=0 c=0 rs=1 cs=1]
                        RenderText {#text} at (1,1) size 20x21
                          text run at (1,1) width 20: "1,1"
                      RenderTableCell {TD} at (32,5) size 28x23 [border: (1px inset #808080)] [r=0 c=1 rs=1 cs=2]
                        RenderText {#text} at (1,1) size 20x21
                          text run at (1,1) width 20: "1,2"
                      RenderTableCell {TD} at (65,5) size 22x23 [border: (1px inset #808080)] [r=0 c=3 rs=1 cs=1]
                        RenderText {#text} at (1,1) size 20x21
                          text run at (1,1) width 20: "1,4"
                      RenderTableCell {TD} at (92,5) size 22x23 [border: (1px inset #808080)] [r=0 c=4 rs=1 cs=1]
                        RenderText {#text} at (1,1) size 20x21
                          text run at (1,1) width 20: "1,5"
                    RenderTableRow {TR} at (0,33) size 119x23
                      RenderTableCell {TD} at (5,33) size 22x23 [border: (1px inset #808080)] [r=1 c=0 rs=1 cs=1]
                        RenderText {#text} at (1,1) size 20x21
                          text run at (1,1) width 20: "2,1"
                      RenderTableCell {TD} at (32,33) size 22x23 [border: (1px inset #808080)] [r=1 c=1 rs=1 cs=1]
                        RenderText {#text} at (1,1) size 20x21
                          text run at (1,1) width 20: "2,2"
                      RenderTableCell {TD} at (59,33) size 28x23 [border: (1px inset #808080)] [r=1 c=2 rs=1 cs=2]
                        RenderText {#text} at (1,1) size 20x21
                          text run at (1,1) width 20: "2,3"
                      RenderTableCell {TD} at (92,33) size 22x23 [border: (1px inset #808080)] [r=1 c=4 rs=1 cs=1]
                        RenderText {#text} at (1,1) size 20x21
                          text run at (1,1) width 20: "2,5"
      RenderBlock (anonymous) at (0,185) size 768x21
        RenderBR {BR} at (0,0) size 0x21
      RenderBlock {P} at (0,222) size 768x105
        RenderText {#text} at (0,0) size 761x105
          text run at (0,0) width 339: "This is a table colspan counting problem (IMHO). "
          text run at (339,0) width 406: "The oversize <TABLE> has two rows: one has *two* <TD>"
          text run at (0,21) width 759: "\"requesting\" total of 3 columns to span; second row has *one* <TD> \"requesting\" total of 3 columns to span. In"
          text run at (0,42) width 638: "other words, it's asking for one more column than the max number of 'real' elements in a row. "
          text run at (638,42) width 115: "Here's the simple"
          text run at (0,63) width 374: "case (first one shows the problem; the other adjusts the "
          text run at (374,63) width 387: "colspan values and it works) (Dec 19 Nightly Win 95): All"
          text run at (0,84) width 104: "the elements in "
          text run at (104,84) width 475: "the two tables below are width=auto (i.e., no width attribute specified)."
      RenderBlock (anonymous) at (0,343) size 768x21
        RenderBR {BR} at (0,0) size 0x21
      RenderTable {TABLE} at (0,364) size 682x60 [border: (1px outset #808080)]
        RenderTableSection {TBODY} at (1,1) size 680x58
          RenderTableRow {TR} at (0,0) size 680x29
            RenderTableCell {TD} at (0,0) size 245x29 [border: (1px inset #808080)] [r=0 c=0 rs=1 cs=2]
              RenderBlock {P} at (4,4) size 237x21
                RenderInline {B} at (0,0) size 116x21
                  RenderText {#text} at (0,0) size 116x21
                    text run at (0,0) width 116: "This is colspan=2"
            RenderTableCell {TD} at (245,0) size 435x29 [border: (1px inset #808080)] [r=0 c=2 rs=1 cs=1]
              RenderText {#text} at (4,4) size 212x21
                text run at (4,4) width 212: "Blah Blah Blah Blah Blah Blah"
          RenderTableRow {TR} at (0,29) size 680x29
            RenderTableCell {TD} at (0,29) size 680x29 [border: (1px inset #808080)] [r=1 c=0 rs=1 cs=3]
              RenderBlock {P} at (4,4) size 672x21
                RenderInline {B} at (0,0) size 116x21
                  RenderText {#text} at (0,0) size 116x21
                    text run at (0,0) width 116: "This is colspan=3"
                RenderText {#text} at (116,0) size 556x21
                  text run at (116,0) width 174: " blah blah blah blah blah "
                  text run at (290,0) width 382: "--- why doesn't this cell span the table (5.0 win95 jun17)?"
      RenderBlock (anonymous) at (0,424) size 768x42
        RenderBR {BR} at (0,0) size 0x21
        RenderBR {BR} at (0,21) size 0x21
      RenderTable {TABLE} at (0,466) size 541x60 [border: (1px outset #808080)]
        RenderTableSection {TBODY} at (1,1) size 539x58
          RenderTableRow {TR} at (0,0) size 539x29
            RenderTableCell {TD} at (0,0) size 194x29 [border: (1px inset #808080)] [r=0 c=0 rs=1 cs=1]
              RenderBlock {P} at (4,4) size 186x21
                RenderInline {B} at (0,0) size 116x21
                  RenderText {#text} at (0,0) size 116x21
                    text run at (0,0) width 116: "This is colspan=1"
            RenderTableCell {TD} at (194,0) size 345x29 [border: (1px inset #808080)] [r=0 c=1 rs=1 cs=1]
              RenderText {#text} at (4,4) size 212x21
                text run at (4,4) width 212: "Blah Blah Blah Blah Blah Blah"
          RenderTableRow {TR} at (0,29) size 539x29
            RenderTableCell {TD} at (0,29) size 539x29 [border: (1px inset #808080)] [r=1 c=0 rs=1 cs=2]
              RenderBlock {P} at (4,4) size 531x21
                RenderInline {B} at (0,0) size 116x21
                  RenderText {#text} at (0,0) size 116x21
                    text run at (0,0) width 116: "This is colspan=2"
                RenderText {#text} at (116,0) size 415x21
                  text run at (116,0) width 174: " blah blah blah blah blah "
                  text run at (290,0) width 241: "--- this cell spans the table correctly."
      RenderBlock (anonymous) at (0,526) size 768x21
        RenderBR {BR} at (0,0) size 0x21
      RenderBlock {P} at (0,563) size 768x21
        RenderText {#text} at (0,0) size 242x21
          text run at (0,0) width 242: "Here's the test case from bug #2645."
      RenderBlock {P} at (0,600) size 768x63
        RenderText {#text} at (0,0) size 766x63
          text run at (0,0) width 573: "This test case (below) is derived from home.netscape.com (although not much is left). "
          text run at (573,0) width 193: "[This was the table structure"
          text run at (0,21) width 758: "for \"Autos ... Local ...\" and the right-hand column (\"ABCNews.com...\"); added an extra column to differentiate"
          text run at (0,42) width 300: "this example a bit more from the one above]."
      RenderBlock {P} at (0,679) size 768x84
        RenderText {#text} at (0,0) size 759x84
          text run at (0,0) width 520: "The basic problem is \"competing colspan requests\". The table has two rows, "
          text run at (520,0) width 211: "both of which have COLSPAN"
          text run at (0,21) width 357: "requests. They are both asking for one more column "
          text run at (357,21) width 387: "than the max number of 'real' elements in either row (i.e.,"
          text run at (0,42) width 675: "both ask for total of 5 but the maximum number of TD in either row is 4). This seems to confuse the "
          text run at (675,42) width 84: "algorithm. ;)"
          text run at (0,63) width 677: "(Note: all the column elements in these two tables are width=fixed except the TD with colspan=(4|3))."
      RenderTable {TABLE} at (0,779) size 680x58 [border: (1px outset #808080)]
        RenderTableSection {TBODY} at (1,1) size 678x56
          RenderTableRow {TR} at (0,2) size 678x25
            RenderTableCell {TD} at (2,2) size 84x25 [border: (1px inset #808080)] [r=0 c=0 rs=1 cs=1]
              RenderText {#text} at (2,2) size 8x21
                text run at (2,2) width 8: "x"
            RenderTableCell {TD} at (88,2) size 349x25 [border: (1px inset #808080)] [r=0 c=1 rs=1 cs=2]
              RenderText {#text} at (2,2) size 106x21
                text run at (2,2) width 106: "this (colspan=2)"
            RenderTableCell {TD} at (439,2) size 33x25 [bgcolor=#99CCCC] [border: (1px inset #808080)] [r=0 c=3 rs=1 cs=1]
              RenderText {#text} at (2,2) size 29x21
                text run at (2,2) width 29: "blue"
            RenderTableCell {TD} at (474,2) size 202x25 [border: (1px inset #808080)] [r=0 c=4 rs=1 cs=1]
              RenderText {#text} at (2,2) size 27x21
                text run at (2,2) width 27: "that"
          RenderTableRow {TR} at (0,29) size 678x25
            RenderTableCell {TD} at (2,29) size 84x25 [border: (1px inset #808080)] [r=1 c=0 rs=1 cs=1]
              RenderText {#text} at (2,2) size 8x21
                text run at (2,2) width 8: "x"
            RenderTableCell {TD} at (88,29) size 588x25 [bgcolor=#99CCCC] [border: (1px inset #808080)] [r=1 c=1 rs=1 cs=4]
              RenderText {#text} at (2,2) size 340x21
                text run at (2,2) width 340: "blue (colspan=4) --- doesn't span (5.0 win95 jun17)"
      RenderBlock (anonymous) at (0,837) size 768x21
        RenderBR {BR} at (0,0) size 0x21
      RenderBlock {P} at (0,874) size 768x21
        RenderText {#text} at (0,0) size 460x21
          text run at (0,0) width 460: "Here's the same table but the 'colspan' values have been normalized."
      RenderTable {TABLE} at (0,911) size 680x58 [border: (1px outset #808080)]
        RenderTableSection {TBODY} at (1,1) size 678x56
          RenderTableRow {TR} at (0,2) size 678x25
            RenderTableCell {TD} at (2,2) size 76x25 [border: (1px inset #808080)] [r=0 c=0 rs=1 cs=1]
              RenderText {#text} at (2,2) size 8x21
                text run at (2,2) width 8: "x"
            RenderTableCell {TD} at (80,2) size 373x25 [border: (1px inset #808080)] [r=0 c=1 rs=1 cs=1]
              RenderText {#text} at (2,2) size 106x21
                text run at (2,2) width 106: "this (colspan=1)"
            RenderTableCell {TD} at (455,2) size 33x25 [bgcolor=#99CCCC] [border: (1px inset #808080)] [r=0 c=2 rs=1 cs=1]
              RenderText {#text} at (2,2) size 29x21
                text run at (2,2) width 29: "blue"
            RenderTableCell {TD} at (490,2) size 186x25 [border: (1px inset #808080)] [r=0 c=3 rs=1 cs=1]
              RenderText {#text} at (2,2) size 27x21
                text run at (2,2) width 27: "that"
          RenderTableRow {TR} at (0,29) size 678x25
            RenderTableCell {TD} at (2,29) size 76x25 [border: (1px inset #808080)] [r=1 c=0 rs=1 cs=1]
              RenderText {#text} at (2,2) size 8x21
                text run at (2,2) width 8: "x"
            RenderTableCell {TD} at (80,29) size 596x25 [bgcolor=#99CCCC] [border: (1px inset #808080)] [r=1 c=1 rs=1 cs=3]
              RenderText {#text} at (2,2) size 236x21
                text run at (2,2) width 236: "blue (colspan=3) --- spans correctly"
      RenderBlock (anonymous) at (0,969) size 768x21
        RenderBR {BR} at (0,0) size 0x21
