layer at (0,0) size 784x8814
  RenderView at (0,0) size 784x600
layer at (0,0) size 784x8814
  RenderBlock {HTML} at (0,0) size 784x8814
    RenderBody {BODY} at (8,21) size 768x8777
      RenderBlock {H1} at (0,0) size 768x42
        RenderText {#text} at (0,0) size 252x41
          text run at (0,0) width 252: "table-layout: fixed"
      RenderBlock {P} at (0,63) size 768x21
        RenderText {#text} at (0,0) size 606x21
          text run at (0,0) width 606: "The following tables should be laid out in the traditional manner because their widths are "
        RenderInline {CODE} at (0,0) size 25x16
          RenderText {#text} at (606,3) size 25x16
            text run at (606,3) width 25: "auto"
        RenderText {#text} at (631,0) size 5x21
          text run at (631,0) width 5: ":"
      RenderTable {TABLE} at (0,100) size 119x56
        RenderTableSection {TBODY} at (0,0) size 119x56
          RenderTableRow {TR} at (0,2) size 119x25
            RenderTableCell {TD} at (2,2) size 37x25 [border: (1px solid #000000)] [r=0 c=0 rs=1 cs=1]
              RenderText {#text} at (2,2) size 33x21
                text run at (2,2) width 33: "Data"
            RenderTableCell {TD} at (41,2) size 37x25 [border: (1px solid #000000)] [r=0 c=1 rs=1 cs=1]
              RenderText {#text} at (2,2) size 33x21
                text run at (2,2) width 33: "Data"
            RenderTableCell {TD} at (80,2) size 37x25 [border: (1px solid #000000)] [r=0 c=2 rs=1 cs=1]
              RenderText {#text} at (2,2) size 33x21
                text run at (2,2) width 33: "Data"
          RenderTableRow {TR} at (0,29) size 119x25
            RenderTableCell {TD} at (2,29) size 37x25 [border: (1px solid #000000)] [r=1 c=0 rs=1 cs=1]
              RenderText {#text} at (2,2) size 33x21
                text run at (2,2) width 33: "Data"
            RenderTableCell {TD} at (41,29) size 37x25 [border: (1px solid #000000)] [r=1 c=1 rs=1 cs=1]
              RenderText {#text} at (2,2) size 33x21
                text run at (2,2) width 33: "Data"
            RenderTableCell {TD} at (80,29) size 37x25 [border: (1px solid #000000)] [r=1 c=2 rs=1 cs=1]
              RenderText {#text} at (2,2) size 33x21
                text run at (2,2) width 33: "Data"
      RenderTable {TABLE} at (0,156) size 768x434
        RenderTableSection {TBODY} at (0,0) size 768x434
          RenderTableRow {TR} at (0,2) size 768x25
            RenderTableCell {TD} at (2,2) size 37x25 [border: (1px solid #000000)] [r=0 c=0 rs=1 cs=1]
              RenderText {#text} at (2,2) size 33x21
                text run at (2,2) width 33: "Data"
            RenderTableCell {TD} at (41,2) size 37x25 [border: (1px solid #000000)] [r=0 c=1 rs=1 cs=1]
              RenderText {#text} at (2,2) size 33x21
                text run at (2,2) width 33: "Data"
            RenderTableCell {TD} at (80,2) size 686x25 [border: (1px solid #000000)] [r=0 c=2 rs=1 cs=1]
              RenderText {#text} at (2,2) size 33x21
                text run at (2,2) width 33: "Data"
          RenderTableRow {TR} at (0,29) size 768x403
            RenderTableCell {TD} at (2,218) size 37x25 [border: (1px solid #000000)] [r=1 c=0 rs=1 cs=1]
              RenderText {#text} at (2,2) size 33x21
                text run at (2,2) width 33: "Data"
            RenderTableCell {TD} at (41,218) size 37x25 [border: (1px solid #000000)] [r=1 c=1 rs=1 cs=1]
              RenderText {#text} at (2,2) size 33x21
                text run at (2,2) width 33: "Data"
            RenderTableCell {TD} at (80,29) size 686x403 [border: (1px solid #000000)] [r=1 c=2 rs=1 cs=1]
              RenderText {#text} at (2,2) size 679x399
                text run at (2,2) width 203: "Lots and lots and lots of data. "
                text run at (205,2) width 203: "Lots and lots and lots of data. "
                text run at (408,2) width 203: "Lots and lots and lots of data. "
                text run at (611,2) width 60: "Lots and"
                text run at (2,23) width 139: "lots and lots of data. "
                text run at (141,23) width 203: "Lots and lots and lots of data. "
                text run at (344,23) width 203: "Lots and lots and lots of data. "
                text run at (547,23) width 117: "Lots and lots and"
                text run at (2,44) width 82: "lots of data. "
                text run at (84,44) width 203: "Lots and lots and lots of data. "
                text run at (287,44) width 203: "Lots and lots and lots of data. "
                text run at (490,44) width 161: "Lots and lots and lots of"
                text run at (2,65) width 38: "data. "
                text run at (40,65) width 203: "Lots and lots and lots of data. "
                text run at (243,65) width 203: "Lots and lots and lots of data. "
                text run at (446,65) width 203: "Lots and lots and lots of data. "
                text run at (649,65) width 30: "Lots"
                text run at (2,86) width 169: "and lots and lots of data. "
                text run at (171,86) width 203: "Lots and lots and lots of data. "
                text run at (374,86) width 203: "Lots and lots and lots of data. "
                text run at (577,86) width 87: "Lots and lots"
                text run at (2,107) width 112: "and lots of data. "
                text run at (114,107) width 203: "Lots and lots and lots of data. "
                text run at (317,107) width 203: "Lots and lots and lots of data. "
                text run at (520,107) width 161: "Lots and lots and lots of"
                text run at (2,128) width 38: "data. "
                text run at (40,128) width 203: "Lots and lots and lots of data. "
                text run at (243,128) width 203: "Lots and lots and lots of data. "
                text run at (446,128) width 203: "Lots and lots and lots of data. "
                text run at (649,128) width 30: "Lots"
                text run at (2,149) width 169: "and lots and lots of data. "
                text run at (171,149) width 203: "Lots and lots and lots of data. "
                text run at (374,149) width 203: "Lots and lots and lots of data. "
                text run at (577,149) width 87: "Lots and lots"
                text run at (2,170) width 112: "and lots of data. "
                text run at (114,170) width 203: "Lots and lots and lots of data. "
                text run at (317,170) width 203: "Lots and lots and lots of data. "
                text run at (520,170) width 161: "Lots and lots and lots of"
                text run at (2,191) width 38: "data. "
                text run at (40,191) width 203: "Lots and lots and lots of data. "
                text run at (243,191) width 203: "Lots and lots and lots of data. "
                text run at (446,191) width 203: "Lots and lots and lots of data. "
                text run at (649,191) width 30: "Lots"
                text run at (2,212) width 169: "and lots and lots of data. "
                text run at (171,212) width 203: "Lots and lots and lots of data. "
                text run at (374,212) width 203: "Lots and lots and lots of data. "
                text run at (577,212) width 87: "Lots and lots"
                text run at (2,233) width 112: "and lots of data. "
                text run at (114,233) width 203: "Lots and lots and lots of data. "
                text run at (317,233) width 203: "Lots and lots and lots of data. "
                text run at (520,233) width 161: "Lots and lots and lots of"
                text run at (2,254) width 38: "data. "
                text run at (40,254) width 203: "Lots and lots and lots of data. "
                text run at (243,254) width 203: "Lots and lots and lots of data. "
                text run at (446,254) width 203: "Lots and lots and lots of data. "
                text run at (649,254) width 30: "Lots"
                text run at (2,275) width 169: "and lots and lots of data. "
                text run at (171,275) width 203: "Lots and lots and lots of data. "
                text run at (374,275) width 203: "Lots and lots and lots of data. "
                text run at (577,275) width 87: "Lots and lots"
                text run at (2,296) width 112: "and lots of data. "
                text run at (114,296) width 203: "Lots and lots and lots of data. "
                text run at (317,296) width 203: "Lots and lots and lots of data. "
                text run at (520,296) width 161: "Lots and lots and lots of"
                text run at (2,317) width 38: "data. "
                text run at (40,317) width 203: "Lots and lots and lots of data. "
                text run at (243,317) width 203: "Lots and lots and lots of data. "
                text run at (446,317) width 203: "Lots and lots and lots of data. "
                text run at (649,317) width 30: "Lots"
                text run at (2,338) width 169: "and lots and lots of data. "
                text run at (171,338) width 203: "Lots and lots and lots of data. "
                text run at (374,338) width 203: "Lots and lots and lots of data. "
                text run at (577,338) width 87: "Lots and lots"
                text run at (2,359) width 112: "and lots of data. "
                text run at (114,359) width 203: "Lots and lots and lots of data. "
                text run at (317,359) width 203: "Lots and lots and lots of data. "
                text run at (520,359) width 161: "Lots and lots and lots of"
                text run at (2,380) width 34: "data."
      RenderTable {TABLE} at (0,590) size 768x434
        RenderTableSection {TBODY} at (0,0) size 768x434
          RenderTableRow {TR} at (0,2) size 768x403
            RenderTableCell {TD} at (2,191) size 37x25 [border: (1px solid #000000)] [r=0 c=0 rs=1 cs=1]
              RenderText {#text} at (2,2) size 33x21
                text run at (2,2) width 33: "Data"
            RenderTableCell {TD} at (41,191) size 37x25 [border: (1px solid #000000)] [r=0 c=1 rs=1 cs=1]
              RenderText {#text} at (2,2) size 33x21
                text run at (2,2) width 33: "Data"
            RenderTableCell {TD} at (80,2) size 686x403 [border: (1px solid #000000)] [r=0 c=2 rs=1 cs=1]
              RenderText {#text} at (2,2) size 679x399
                text run at (2,2) width 203: "Lots and lots and lots of data. "
                text run at (205,2) width 203: "Lots and lots and lots of data. "
                text run at (408,2) width 203: "Lots and lots and lots of data. "
                text run at (611,2) width 60: "Lots and"
                text run at (2,23) width 139: "lots and lots of data. "
                text run at (141,23) width 203: "Lots and lots and lots of data. "
                text run at (344,23) width 203: "Lots and lots and lots of data. "
                text run at (547,23) width 117: "Lots and lots and"
                text run at (2,44) width 82: "lots of data. "
                text run at (84,44) width 203: "Lots and lots and lots of data. "
                text run at (287,44) width 203: "Lots and lots and lots of data. "
                text run at (490,44) width 161: "Lots and lots and lots of"
                text run at (2,65) width 38: "data. "
                text run at (40,65) width 203: "Lots and lots and lots of data. "
                text run at (243,65) width 203: "Lots and lots and lots of data. "
                text run at (446,65) width 203: "Lots and lots and lots of data. "
                text run at (649,65) width 30: "Lots"
                text run at (2,86) width 169: "and lots and lots of data. "
                text run at (171,86) width 203: "Lots and lots and lots of data. "
                text run at (374,86) width 203: "Lots and lots and lots of data. "
                text run at (577,86) width 87: "Lots and lots"
                text run at (2,107) width 112: "and lots of data. "
                text run at (114,107) width 203: "Lots and lots and lots of data. "
                text run at (317,107) width 203: "Lots and lots and lots of data. "
                text run at (520,107) width 161: "Lots and lots and lots of"
                text run at (2,128) width 38: "data. "
                text run at (40,128) width 203: "Lots and lots and lots of data. "
                text run at (243,128) width 203: "Lots and lots and lots of data. "
                text run at (446,128) width 203: "Lots and lots and lots of data. "
                text run at (649,128) width 30: "Lots"
                text run at (2,149) width 169: "and lots and lots of data. "
                text run at (171,149) width 203: "Lots and lots and lots of data. "
                text run at (374,149) width 203: "Lots and lots and lots of data. "
                text run at (577,149) width 87: "Lots and lots"
                text run at (2,170) width 112: "and lots of data. "
                text run at (114,170) width 203: "Lots and lots and lots of data. "
                text run at (317,170) width 203: "Lots and lots and lots of data. "
                text run at (520,170) width 161: "Lots and lots and lots of"
                text run at (2,191) width 38: "data. "
                text run at (40,191) width 203: "Lots and lots and lots of data. "
                text run at (243,191) width 203: "Lots and lots and lots of data. "
                text run at (446,191) width 203: "Lots and lots and lots of data. "
                text run at (649,191) width 30: "Lots"
                text run at (2,212) width 169: "and lots and lots of data. "
                text run at (171,212) width 203: "Lots and lots and lots of data. "
                text run at (374,212) width 203: "Lots and lots and lots of data. "
                text run at (577,212) width 87: "Lots and lots"
                text run at (2,233) width 112: "and lots of data. "
                text run at (114,233) width 203: "Lots and lots and lots of data. "
                text run at (317,233) width 203: "Lots and lots and lots of data. "
                text run at (520,233) width 161: "Lots and lots and lots of"
                text run at (2,254) width 38: "data. "
                text run at (40,254) width 203: "Lots and lots and lots of data. "
                text run at (243,254) width 203: "Lots and lots and lots of data. "
                text run at (446,254) width 203: "Lots and lots and lots of data. "
                text run at (649,254) width 30: "Lots"
                text run at (2,275) width 169: "and lots and lots of data. "
                text run at (171,275) width 203: "Lots and lots and lots of data. "
                text run at (374,275) width 203: "Lots and lots and lots of data. "
                text run at (577,275) width 87: "Lots and lots"
                text run at (2,296) width 112: "and lots of data. "
                text run at (114,296) width 203: "Lots and lots and lots of data. "
                text run at (317,296) width 203: "Lots and lots and lots of data. "
                text run at (520,296) width 161: "Lots and lots and lots of"
                text run at (2,317) width 38: "data. "
                text run at (40,317) width 203: "Lots and lots and lots of data. "
                text run at (243,317) width 203: "Lots and lots and lots of data. "
                text run at (446,317) width 203: "Lots and lots and lots of data. "
                text run at (649,317) width 30: "Lots"
                text run at (2,338) width 169: "and lots and lots of data. "
                text run at (171,338) width 203: "Lots and lots and lots of data. "
                text run at (374,338) width 203: "Lots and lots and lots of data. "
                text run at (577,338) width 87: "Lots and lots"
                text run at (2,359) width 112: "and lots of data. "
                text run at (114,359) width 203: "Lots and lots and lots of data. "
                text run at (317,359) width 203: "Lots and lots and lots of data. "
                text run at (520,359) width 161: "Lots and lots and lots of"
                text run at (2,380) width 34: "data."
          RenderTableRow {TR} at (0,407) size 768x25
            RenderTableCell {TD} at (2,407) size 37x25 [border: (1px solid #000000)] [r=1 c=0 rs=1 cs=1]
              RenderText {#text} at (2,2) size 33x21
                text run at (2,2) width 33: "Data"
            RenderTableCell {TD} at (41,407) size 37x25 [border: (1px solid #000000)] [r=1 c=1 rs=1 cs=1]
              RenderText {#text} at (2,2) size 33x21
                text run at (2,2) width 33: "Data"
            RenderTableCell {TD} at (80,407) size 686x25 [border: (1px solid #000000)] [r=1 c=2 rs=1 cs=1]
              RenderText {#text} at (2,2) size 33x21
                text run at (2,2) width 33: "Data"
      RenderBlock {P} at (0,1040) size 768x42
        RenderText {#text} at (0,0) size 748x42
          text run at (0,0) width 748: "All the columns in the following three tables should divide equally the available space (100% of the width of the"
          text run at (0,21) width 42: "page):"
      RenderTable {TABLE} at (0,1098) size 768x56
        RenderTableSection {TBODY} at (0,0) size 768x56
          RenderTableRow {TR} at (0,2) size 768x25
            RenderTableCell {TD} at (2,2) size 253x25 [border: (1px solid #000000)] [r=0 c=0 rs=1 cs=1]
              RenderText {#text} at (2,2) size 33x21
                text run at (2,2) width 33: "Data"
            RenderTableCell {TD} at (257,2) size 253x25 [border: (1px solid #000000)] [r=0 c=1 rs=1 cs=1]
              RenderText {#text} at (2,2) size 33x21
                text run at (2,2) width 33: "Data"
            RenderTableCell {TD} at (512,2) size 254x25 [border: (1px solid #000000)] [r=0 c=2 rs=1 cs=1]
              RenderText {#text} at (2,2) size 33x21
                text run at (2,2) width 33: "Data"
          RenderTableRow {TR} at (0,29) size 768x25
            RenderTableCell {TD} at (2,29) size 253x25 [border: (1px solid #000000)] [r=1 c=0 rs=1 cs=1]
              RenderText {#text} at (2,2) size 33x21
                text run at (2,2) width 33: "Data"
            RenderTableCell {TD} at (257,29) size 253x25 [border: (1px solid #000000)] [r=1 c=1 rs=1 cs=1]
              RenderText {#text} at (2,2) size 33x21
                text run at (2,2) width 33: "Data"
            RenderTableCell {TD} at (512,29) size 254x25 [border: (1px solid #000000)] [r=1 c=2 rs=1 cs=1]
              RenderText {#text} at (2,2) size 33x21
                text run at (2,2) width 33: "Data"
      RenderTable {TABLE} at (0,1154) size 768x1127
        RenderTableSection {TBODY} at (0,0) size 768x1127
          RenderTableRow {TR} at (0,2) size 768x25
            RenderTableCell {TD} at (2,2) size 253x25 [border: (1px solid #000000)] [r=0 c=0 rs=1 cs=1]
              RenderText {#text} at (2,2) size 33x21
                text run at (2,2) width 33: "Data"
            RenderTableCell {TD} at (257,2) size 253x25 [border: (1px solid #000000)] [r=0 c=1 rs=1 cs=1]
              RenderText {#text} at (2,2) size 33x21
                text run at (2,2) width 33: "Data"
            RenderTableCell {TD} at (512,2) size 254x25 [border: (1px solid #000000)] [r=0 c=2 rs=1 cs=1]
              RenderText {#text} at (2,2) size 33x21
                text run at (2,2) width 33: "Data"
          RenderTableRow {TR} at (0,29) size 768x1096
            RenderTableCell {TD} at (2,564) size 253x25 [border: (1px solid #000000)] [r=1 c=0 rs=1 cs=1]
              RenderText {#text} at (2,2) size 33x21
                text run at (2,2) width 33: "Data"
            RenderTableCell {TD} at (257,564) size 253x25 [border: (1px solid #000000)] [r=1 c=1 rs=1 cs=1]
              RenderText {#text} at (2,2) size 33x21
                text run at (2,2) width 33: "Data"
            RenderTableCell {TD} at (512,29) size 254x1096 [border: (1px solid #000000)] [r=1 c=2 rs=1 cs=1]
              RenderText {#text} at (2,2) size 243x1092
                text run at (2,2) width 203: "Lots and lots and lots of data. "
                text run at (205,2) width 30: "Lots"
                text run at (2,23) width 169: "and lots and lots of data. "
                text run at (171,23) width 60: "Lots and"
                text run at (2,44) width 139: "lots and lots of data. "
                text run at (141,44) width 87: "Lots and lots"
                text run at (2,65) width 112: "and lots of data. "
                text run at (114,65) width 117: "Lots and lots and"
                text run at (2,86) width 82: "lots of data. "
                text run at (84,86) width 161: "Lots and lots and lots of"
                text run at (2,107) width 38: "data. "
                text run at (40,107) width 199: "Lots and lots and lots of data."
                text run at (2,128) width 203: "Lots and lots and lots of data. "
                text run at (205,128) width 30: "Lots"
                text run at (2,149) width 169: "and lots and lots of data. "
                text run at (171,149) width 60: "Lots and"
                text run at (2,170) width 139: "lots and lots of data. "
                text run at (141,170) width 87: "Lots and lots"
                text run at (2,191) width 112: "and lots of data. "
                text run at (114,191) width 117: "Lots and lots and"
                text run at (2,212) width 82: "lots of data. "
                text run at (84,212) width 161: "Lots and lots and lots of"
                text run at (2,233) width 38: "data. "
                text run at (40,233) width 199: "Lots and lots and lots of data."
                text run at (2,254) width 203: "Lots and lots and lots of data. "
                text run at (205,254) width 30: "Lots"
                text run at (2,275) width 169: "and lots and lots of data. "
                text run at (171,275) width 60: "Lots and"
                text run at (2,296) width 139: "lots and lots of data. "
                text run at (141,296) width 87: "Lots and lots"
                text run at (2,317) width 112: "and lots of data. "
                text run at (114,317) width 117: "Lots and lots and"
                text run at (2,338) width 82: "lots of data. "
                text run at (84,338) width 161: "Lots and lots and lots of"
                text run at (2,359) width 38: "data. "
                text run at (40,359) width 199: "Lots and lots and lots of data."
                text run at (2,380) width 203: "Lots and lots and lots of data. "
                text run at (205,380) width 30: "Lots"
                text run at (2,401) width 169: "and lots and lots of data. "
                text run at (171,401) width 60: "Lots and"
                text run at (2,422) width 139: "lots and lots of data. "
                text run at (141,422) width 87: "Lots and lots"
                text run at (2,443) width 112: "and lots of data. "
                text run at (114,443) width 117: "Lots and lots and"
                text run at (2,464) width 82: "lots of data. "
                text run at (84,464) width 161: "Lots and lots and lots of"
                text run at (2,485) width 38: "data. "
                text run at (40,485) width 199: "Lots and lots and lots of data."
                text run at (2,506) width 203: "Lots and lots and lots of data. "
                text run at (205,506) width 30: "Lots"
                text run at (2,527) width 169: "and lots and lots of data. "
                text run at (171,527) width 60: "Lots and"
                text run at (2,548) width 139: "lots and lots of data. "
                text run at (141,548) width 87: "Lots and lots"
                text run at (2,569) width 112: "and lots of data. "
                text run at (114,569) width 117: "Lots and lots and"
                text run at (2,590) width 82: "lots of data. "
                text run at (84,590) width 161: "Lots and lots and lots of"
                text run at (2,611) width 38: "data. "
                text run at (40,611) width 199: "Lots and lots and lots of data."
                text run at (2,632) width 203: "Lots and lots and lots of data. "
                text run at (205,632) width 30: "Lots"
                text run at (2,653) width 169: "and lots and lots of data. "
                text run at (171,653) width 60: "Lots and"
                text run at (2,674) width 139: "lots and lots of data. "
                text run at (141,674) width 87: "Lots and lots"
                text run at (2,695) width 112: "and lots of data. "
                text run at (114,695) width 117: "Lots and lots and"
                text run at (2,716) width 82: "lots of data. "
                text run at (84,716) width 161: "Lots and lots and lots of"
                text run at (2,737) width 38: "data. "
                text run at (40,737) width 199: "Lots and lots and lots of data."
                text run at (2,758) width 203: "Lots and lots and lots of data. "
                text run at (205,758) width 30: "Lots"
                text run at (2,779) width 169: "and lots and lots of data. "
                text run at (171,779) width 60: "Lots and"
                text run at (2,800) width 139: "lots and lots of data. "
                text run at (141,800) width 87: "Lots and lots"
                text run at (2,821) width 112: "and lots of data. "
                text run at (114,821) width 117: "Lots and lots and"
                text run at (2,842) width 82: "lots of data. "
                text run at (84,842) width 161: "Lots and lots and lots of"
                text run at (2,863) width 38: "data. "
                text run at (40,863) width 199: "Lots and lots and lots of data."
                text run at (2,884) width 203: "Lots and lots and lots of data. "
                text run at (205,884) width 30: "Lots"
                text run at (2,905) width 169: "and lots and lots of data. "
                text run at (171,905) width 60: "Lots and"
                text run at (2,926) width 139: "lots and lots of data. "
                text run at (141,926) width 87: "Lots and lots"
                text run at (2,947) width 112: "and lots of data. "
                text run at (114,947) width 117: "Lots and lots and"
                text run at (2,968) width 82: "lots of data. "
                text run at (84,968) width 161: "Lots and lots and lots of"
                text run at (2,989) width 38: "data. "
                text run at (40,989) width 199: "Lots and lots and lots of data."
                text run at (2,1010) width 203: "Lots and lots and lots of data. "
                text run at (205,1010) width 30: "Lots"
                text run at (2,1031) width 169: "and lots and lots of data. "
                text run at (171,1031) width 60: "Lots and"
                text run at (2,1052) width 139: "lots and lots of data. "
                text run at (141,1052) width 87: "Lots and lots"
                text run at (2,1073) width 108: "and lots of data."
      RenderTable {TABLE} at (0,2281) size 768x1127
        RenderTableSection {TBODY} at (0,0) size 768x1127
          RenderTableRow {TR} at (0,2) size 768x1096
            RenderTableCell {TD} at (2,537) size 253x25 [border: (1px solid #000000)] [r=0 c=0 rs=1 cs=1]
              RenderText {#text} at (2,2) size 33x21
                text run at (2,2) width 33: "Data"
            RenderTableCell {TD} at (257,537) size 253x25 [border: (1px solid #000000)] [r=0 c=1 rs=1 cs=1]
              RenderText {#text} at (2,2) size 33x21
                text run at (2,2) width 33: "Data"
            RenderTableCell {TD} at (512,2) size 254x1096 [border: (1px solid #000000)] [r=0 c=2 rs=1 cs=1]
              RenderText {#text} at (2,2) size 243x1092
                text run at (2,2) width 203: "Lots and lots and lots of data. "
                text run at (205,2) width 30: "Lots"
                text run at (2,23) width 169: "and lots and lots of data. "
                text run at (171,23) width 60: "Lots and"
                text run at (2,44) width 139: "lots and lots of data. "
                text run at (141,44) width 87: "Lots and lots"
                text run at (2,65) width 112: "and lots of data. "
                text run at (114,65) width 117: "Lots and lots and"
                text run at (2,86) width 82: "lots of data. "
                text run at (84,86) width 161: "Lots and lots and lots of"
                text run at (2,107) width 38: "data. "
                text run at (40,107) width 199: "Lots and lots and lots of data."
                text run at (2,128) width 203: "Lots and lots and lots of data. "
                text run at (205,128) width 30: "Lots"
                text run at (2,149) width 169: "and lots and lots of data. "
                text run at (171,149) width 60: "Lots and"
                text run at (2,170) width 139: "lots and lots of data. "
                text run at (141,170) width 87: "Lots and lots"
                text run at (2,191) width 112: "and lots of data. "
                text run at (114,191) width 117: "Lots and lots and"
                text run at (2,212) width 82: "lots of data. "
                text run at (84,212) width 161: "Lots and lots and lots of"
                text run at (2,233) width 38: "data. "
                text run at (40,233) width 199: "Lots and lots and lots of data."
                text run at (2,254) width 203: "Lots and lots and lots of data. "
                text run at (205,254) width 30: "Lots"
                text run at (2,275) width 169: "and lots and lots of data. "
                text run at (171,275) width 60: "Lots and"
                text run at (2,296) width 139: "lots and lots of data. "
                text run at (141,296) width 87: "Lots and lots"
                text run at (2,317) width 112: "and lots of data. "
                text run at (114,317) width 117: "Lots and lots and"
                text run at (2,338) width 82: "lots of data. "
                text run at (84,338) width 161: "Lots and lots and lots of"
                text run at (2,359) width 38: "data. "
                text run at (40,359) width 199: "Lots and lots and lots of data."
                text run at (2,380) width 203: "Lots and lots and lots of data. "
                text run at (205,380) width 30: "Lots"
                text run at (2,401) width 169: "and lots and lots of data. "
                text run at (171,401) width 60: "Lots and"
                text run at (2,422) width 139: "lots and lots of data. "
                text run at (141,422) width 87: "Lots and lots"
                text run at (2,443) width 112: "and lots of data. "
                text run at (114,443) width 117: "Lots and lots and"
                text run at (2,464) width 82: "lots of data. "
                text run at (84,464) width 161: "Lots and lots and lots of"
                text run at (2,485) width 38: "data. "
                text run at (40,485) width 199: "Lots and lots and lots of data."
                text run at (2,506) width 203: "Lots and lots and lots of data. "
                text run at (205,506) width 30: "Lots"
                text run at (2,527) width 169: "and lots and lots of data. "
                text run at (171,527) width 60: "Lots and"
                text run at (2,548) width 139: "lots and lots of data. "
                text run at (141,548) width 87: "Lots and lots"
                text run at (2,569) width 112: "and lots of data. "
                text run at (114,569) width 117: "Lots and lots and"
                text run at (2,590) width 82: "lots of data. "
                text run at (84,590) width 161: "Lots and lots and lots of"
                text run at (2,611) width 38: "data. "
                text run at (40,611) width 199: "Lots and lots and lots of data."
                text run at (2,632) width 203: "Lots and lots and lots of data. "
                text run at (205,632) width 30: "Lots"
                text run at (2,653) width 169: "and lots and lots of data. "
                text run at (171,653) width 60: "Lots and"
                text run at (2,674) width 139: "lots and lots of data. "
                text run at (141,674) width 87: "Lots and lots"
                text run at (2,695) width 112: "and lots of data. "
                text run at (114,695) width 117: "Lots and lots and"
                text run at (2,716) width 82: "lots of data. "
                text run at (84,716) width 161: "Lots and lots and lots of"
                text run at (2,737) width 38: "data. "
                text run at (40,737) width 199: "Lots and lots and lots of data."
                text run at (2,758) width 203: "Lots and lots and lots of data. "
                text run at (205,758) width 30: "Lots"
                text run at (2,779) width 169: "and lots and lots of data. "
                text run at (171,779) width 60: "Lots and"
                text run at (2,800) width 139: "lots and lots of data. "
                text run at (141,800) width 87: "Lots and lots"
                text run at (2,821) width 112: "and lots of data. "
                text run at (114,821) width 117: "Lots and lots and"
                text run at (2,842) width 82: "lots of data. "
                text run at (84,842) width 161: "Lots and lots and lots of"
                text run at (2,863) width 38: "data. "
                text run at (40,863) width 199: "Lots and lots and lots of data."
                text run at (2,884) width 203: "Lots and lots and lots of data. "
                text run at (205,884) width 30: "Lots"
                text run at (2,905) width 169: "and lots and lots of data. "
                text run at (171,905) width 60: "Lots and"
                text run at (2,926) width 139: "lots and lots of data. "
                text run at (141,926) width 87: "Lots and lots"
                text run at (2,947) width 112: "and lots of data. "
                text run at (114,947) width 117: "Lots and lots and"
                text run at (2,968) width 82: "lots of data. "
                text run at (84,968) width 161: "Lots and lots and lots of"
                text run at (2,989) width 38: "data. "
                text run at (40,989) width 199: "Lots and lots and lots of data."
                text run at (2,1010) width 203: "Lots and lots and lots of data. "
                text run at (205,1010) width 30: "Lots"
                text run at (2,1031) width 169: "and lots and lots of data. "
                text run at (171,1031) width 60: "Lots and"
                text run at (2,1052) width 139: "lots and lots of data. "
                text run at (141,1052) width 87: "Lots and lots"
                text run at (2,1073) width 108: "and lots of data."
          RenderTableRow {TR} at (0,1100) size 768x25
            RenderTableCell {TD} at (2,1100) size 253x25 [border: (1px solid #000000)] [r=1 c=0 rs=1 cs=1]
              RenderText {#text} at (2,2) size 33x21
                text run at (2,2) width 33: "Data"
            RenderTableCell {TD} at (257,1100) size 253x25 [border: (1px solid #000000)] [r=1 c=1 rs=1 cs=1]
              RenderText {#text} at (2,2) size 33x21
                text run at (2,2) width 33: "Data"
            RenderTableCell {TD} at (512,1100) size 254x25 [border: (1px solid #000000)] [r=1 c=2 rs=1 cs=1]
              RenderText {#text} at (2,2) size 33x21
                text run at (2,2) width 33: "Data"
      RenderBlock {P} at (0,3424) size 768x42
        RenderText {#text} at (0,0) size 740x42
          text run at (0,0) width 740: "All the columns in the following three tables should divide equally the available space (50% of the width of the"
          text run at (0,21) width 42: "page):"
      RenderTable {TABLE} at (0,3482) size 384x56
        RenderTableSection {TBODY} at (0,0) size 384x56
          RenderTableRow {TR} at (0,2) size 384x25
            RenderTableCell {TD} at (2,2) size 125x25 [border: (1px solid #000000)] [r=0 c=0 rs=1 cs=1]
              RenderText {#text} at (2,2) size 33x21
                text run at (2,2) width 33: "Data"
            RenderTableCell {TD} at (129,2) size 125x25 [border: (1px solid #000000)] [r=0 c=1 rs=1 cs=1]
              RenderText {#text} at (2,2) size 33x21
                text run at (2,2) width 33: "Data"
            RenderTableCell {TD} at (256,2) size 126x25 [border: (1px solid #000000)] [r=0 c=2 rs=1 cs=1]
              RenderText {#text} at (2,2) size 33x21
                text run at (2,2) width 33: "Data"
          RenderTableRow {TR} at (0,29) size 384x25
            RenderTableCell {TD} at (2,29) size 125x25 [border: (1px solid #000000)] [r=1 c=0 rs=1 cs=1]
              RenderText {#text} at (2,2) size 33x21
                text run at (2,2) width 33: "Data"
            RenderTableCell {TD} at (129,29) size 125x25 [border: (1px solid #000000)] [r=1 c=1 rs=1 cs=1]
              RenderText {#text} at (2,2) size 33x21
                text run at (2,2) width 33: "Data"
            RenderTableCell {TD} at (256,29) size 126x25 [border: (1px solid #000000)] [r=1 c=2 rs=1 cs=1]
              RenderText {#text} at (2,2) size 33x21
                text run at (2,2) width 33: "Data"
      RenderTable {TABLE} at (0,3538) size 384x2555
        RenderTableSection {TBODY} at (0,0) size 384x2555
          RenderTableRow {TR} at (0,2) size 384x25
            RenderTableCell {TD} at (2,2) size 125x25 [border: (1px solid #000000)] [r=0 c=0 rs=1 cs=1]
              RenderText {#text} at (2,2) size 33x21
                text run at (2,2) width 33: "Data"
            RenderTableCell {TD} at (129,2) size 125x25 [border: (1px solid #000000)] [r=0 c=1 rs=1 cs=1]
              RenderText {#text} at (2,2) size 33x21
                text run at (2,2) width 33: "Data"
            RenderTableCell {TD} at (256,2) size 126x25 [border: (1px solid #000000)] [r=0 c=2 rs=1 cs=1]
              RenderText {#text} at (2,2) size 33x21
                text run at (2,2) width 33: "Data"
          RenderTableRow {TR} at (0,29) size 384x2524
            RenderTableCell {TD} at (2,1278) size 125x25 [border: (1px solid #000000)] [r=1 c=0 rs=1 cs=1]
              RenderText {#text} at (2,2) size 33x21
                text run at (2,2) width 33: "Data"
            RenderTableCell {TD} at (129,1278) size 125x25 [border: (1px solid #000000)] [r=1 c=1 rs=1 cs=1]
              RenderText {#text} at (2,2) size 33x21
                text run at (2,2) width 33: "Data"
            RenderTableCell {TD} at (256,29) size 126x2524 [border: (1px solid #000000)] [r=1 c=2 rs=1 cs=1]
              RenderText {#text} at (2,2) size 117x2520
                text run at (2,2) width 117: "Lots and lots and"
                text run at (2,23) width 82: "lots of data. "
                text run at (84,23) width 30: "Lots"
                text run at (2,44) width 110: "and lots and lots"
                text run at (2,65) width 55: "of data. "
                text run at (57,65) width 60: "Lots and"
                text run at (2,86) width 97: "lots and lots of"
                text run at (2,107) width 38: "data. "
                text run at (40,107) width 60: "Lots and"
                text run at (2,128) width 97: "lots and lots of"
                text run at (2,149) width 38: "data. "
                text run at (40,149) width 60: "Lots and"
                text run at (2,170) width 97: "lots and lots of"
                text run at (2,191) width 38: "data. "
                text run at (40,191) width 60: "Lots and"
                text run at (2,212) width 97: "lots and lots of"
                text run at (2,233) width 38: "data. "
                text run at (40,233) width 60: "Lots and"
                text run at (2,254) width 97: "lots and lots of"
                text run at (2,275) width 38: "data. "
                text run at (40,275) width 60: "Lots and"
                text run at (2,296) width 97: "lots and lots of"
                text run at (2,317) width 38: "data. "
                text run at (40,317) width 60: "Lots and"
                text run at (2,338) width 97: "lots and lots of"
                text run at (2,359) width 38: "data. "
                text run at (40,359) width 60: "Lots and"
                text run at (2,380) width 97: "lots and lots of"
                text run at (2,401) width 38: "data. "
                text run at (40,401) width 60: "Lots and"
                text run at (2,422) width 97: "lots and lots of"
                text run at (2,443) width 38: "data. "
                text run at (40,443) width 60: "Lots and"
                text run at (2,464) width 97: "lots and lots of"
                text run at (2,485) width 38: "data. "
                text run at (40,485) width 60: "Lots and"
                text run at (2,506) width 97: "lots and lots of"
                text run at (2,527) width 38: "data. "
                text run at (40,527) width 60: "Lots and"
                text run at (2,548) width 97: "lots and lots of"
                text run at (2,569) width 38: "data. "
                text run at (40,569) width 60: "Lots and"
                text run at (2,590) width 97: "lots and lots of"
                text run at (2,611) width 38: "data. "
                text run at (40,611) width 60: "Lots and"
                text run at (2,632) width 97: "lots and lots of"
                text run at (2,653) width 38: "data. "
                text run at (40,653) width 60: "Lots and"
                text run at (2,674) width 97: "lots and lots of"
                text run at (2,695) width 38: "data. "
                text run at (40,695) width 60: "Lots and"
                text run at (2,716) width 97: "lots and lots of"
                text run at (2,737) width 38: "data. "
                text run at (40,737) width 60: "Lots and"
                text run at (2,758) width 97: "lots and lots of"
                text run at (2,779) width 38: "data. "
                text run at (40,779) width 60: "Lots and"
                text run at (2,800) width 97: "lots and lots of"
                text run at (2,821) width 38: "data. "
                text run at (40,821) width 60: "Lots and"
                text run at (2,842) width 97: "lots and lots of"
                text run at (2,863) width 38: "data. "
                text run at (40,863) width 60: "Lots and"
                text run at (2,884) width 97: "lots and lots of"
                text run at (2,905) width 38: "data. "
                text run at (40,905) width 60: "Lots and"
                text run at (2,926) width 97: "lots and lots of"
                text run at (2,947) width 38: "data. "
                text run at (40,947) width 60: "Lots and"
                text run at (2,968) width 97: "lots and lots of"
                text run at (2,989) width 38: "data. "
                text run at (40,989) width 60: "Lots and"
                text run at (2,1010) width 97: "lots and lots of"
                text run at (2,1031) width 38: "data. "
                text run at (40,1031) width 60: "Lots and"
                text run at (2,1052) width 97: "lots and lots of"
                text run at (2,1073) width 38: "data. "
                text run at (40,1073) width 60: "Lots and"
                text run at (2,1094) width 97: "lots and lots of"
                text run at (2,1115) width 38: "data. "
                text run at (40,1115) width 60: "Lots and"
                text run at (2,1136) width 97: "lots and lots of"
                text run at (2,1157) width 38: "data. "
                text run at (40,1157) width 60: "Lots and"
                text run at (2,1178) width 97: "lots and lots of"
                text run at (2,1199) width 38: "data. "
                text run at (40,1199) width 60: "Lots and"
                text run at (2,1220) width 97: "lots and lots of"
                text run at (2,1241) width 38: "data. "
                text run at (40,1241) width 60: "Lots and"
                text run at (2,1262) width 97: "lots and lots of"
                text run at (2,1283) width 38: "data. "
                text run at (40,1283) width 60: "Lots and"
                text run at (2,1304) width 97: "lots and lots of"
                text run at (2,1325) width 38: "data. "
                text run at (40,1325) width 60: "Lots and"
                text run at (2,1346) width 97: "lots and lots of"
                text run at (2,1367) width 38: "data. "
                text run at (40,1367) width 60: "Lots and"
                text run at (2,1388) width 97: "lots and lots of"
                text run at (2,1409) width 38: "data. "
                text run at (40,1409) width 60: "Lots and"
                text run at (2,1430) width 97: "lots and lots of"
                text run at (2,1451) width 38: "data. "
                text run at (40,1451) width 60: "Lots and"
                text run at (2,1472) width 97: "lots and lots of"
                text run at (2,1493) width 38: "data. "
                text run at (40,1493) width 60: "Lots and"
                text run at (2,1514) width 97: "lots and lots of"
                text run at (2,1535) width 38: "data. "
                text run at (40,1535) width 60: "Lots and"
                text run at (2,1556) width 97: "lots and lots of"
                text run at (2,1577) width 38: "data. "
                text run at (40,1577) width 60: "Lots and"
                text run at (2,1598) width 97: "lots and lots of"
                text run at (2,1619) width 38: "data. "
                text run at (40,1619) width 60: "Lots and"
                text run at (2,1640) width 97: "lots and lots of"
                text run at (2,1661) width 38: "data. "
                text run at (40,1661) width 60: "Lots and"
                text run at (2,1682) width 97: "lots and lots of"
                text run at (2,1703) width 38: "data. "
                text run at (40,1703) width 60: "Lots and"
                text run at (2,1724) width 97: "lots and lots of"
                text run at (2,1745) width 38: "data. "
                text run at (40,1745) width 60: "Lots and"
                text run at (2,1766) width 97: "lots and lots of"
                text run at (2,1787) width 38: "data. "
                text run at (40,1787) width 60: "Lots and"
                text run at (2,1808) width 97: "lots and lots of"
                text run at (2,1829) width 38: "data. "
                text run at (40,1829) width 60: "Lots and"
                text run at (2,1850) width 97: "lots and lots of"
                text run at (2,1871) width 38: "data. "
                text run at (40,1871) width 60: "Lots and"
                text run at (2,1892) width 97: "lots and lots of"
                text run at (2,1913) width 38: "data. "
                text run at (40,1913) width 60: "Lots and"
                text run at (2,1934) width 97: "lots and lots of"
                text run at (2,1955) width 38: "data. "
                text run at (40,1955) width 60: "Lots and"
                text run at (2,1976) width 97: "lots and lots of"
                text run at (2,1997) width 38: "data. "
                text run at (40,1997) width 60: "Lots and"
                text run at (2,2018) width 97: "lots and lots of"
                text run at (2,2039) width 38: "data. "
                text run at (40,2039) width 60: "Lots and"
                text run at (2,2060) width 97: "lots and lots of"
                text run at (2,2081) width 38: "data. "
                text run at (40,2081) width 60: "Lots and"
                text run at (2,2102) width 97: "lots and lots of"
                text run at (2,2123) width 38: "data. "
                text run at (40,2123) width 60: "Lots and"
                text run at (2,2144) width 97: "lots and lots of"
                text run at (2,2165) width 38: "data. "
                text run at (40,2165) width 60: "Lots and"
                text run at (2,2186) width 97: "lots and lots of"
                text run at (2,2207) width 38: "data. "
                text run at (40,2207) width 60: "Lots and"
                text run at (2,2228) width 97: "lots and lots of"
                text run at (2,2249) width 38: "data. "
                text run at (40,2249) width 60: "Lots and"
                text run at (2,2270) width 97: "lots and lots of"
                text run at (2,2291) width 38: "data. "
                text run at (40,2291) width 60: "Lots and"
                text run at (2,2312) width 97: "lots and lots of"
                text run at (2,2333) width 38: "data. "
                text run at (40,2333) width 60: "Lots and"
                text run at (2,2354) width 97: "lots and lots of"
                text run at (2,2375) width 38: "data. "
                text run at (40,2375) width 60: "Lots and"
                text run at (2,2396) width 97: "lots and lots of"
                text run at (2,2417) width 38: "data. "
                text run at (40,2417) width 60: "Lots and"
                text run at (2,2438) width 97: "lots and lots of"
                text run at (2,2459) width 38: "data. "
                text run at (40,2459) width 60: "Lots and"
                text run at (2,2480) width 97: "lots and lots of"
                text run at (2,2501) width 34: "data."
      RenderTable {TABLE} at (0,6093) size 384x2555
        RenderTableSection {TBODY} at (0,0) size 384x2555
          RenderTableRow {TR} at (0,2) size 384x2524
            RenderTableCell {TD} at (2,1251) size 125x25 [border: (1px solid #000000)] [r=0 c=0 rs=1 cs=1]
              RenderText {#text} at (2,2) size 33x21
                text run at (2,2) width 33: "Data"
            RenderTableCell {TD} at (129,1251) size 125x25 [border: (1px solid #000000)] [r=0 c=1 rs=1 cs=1]
              RenderText {#text} at (2,2) size 33x21
                text run at (2,2) width 33: "Data"
            RenderTableCell {TD} at (256,2) size 126x2524 [border: (1px solid #000000)] [r=0 c=2 rs=1 cs=1]
              RenderText {#text} at (2,2) size 117x2520
                text run at (2,2) width 117: "Lots and lots and"
                text run at (2,23) width 82: "lots of data. "
                text run at (84,23) width 30: "Lots"
                text run at (2,44) width 110: "and lots and lots"
                text run at (2,65) width 55: "of data. "
                text run at (57,65) width 60: "Lots and"
                text run at (2,86) width 97: "lots and lots of"
                text run at (2,107) width 38: "data. "
                text run at (40,107) width 60: "Lots and"
                text run at (2,128) width 97: "lots and lots of"
                text run at (2,149) width 38: "data. "
                text run at (40,149) width 60: "Lots and"
                text run at (2,170) width 97: "lots and lots of"
                text run at (2,191) width 38: "data. "
                text run at (40,191) width 60: "Lots and"
                text run at (2,212) width 97: "lots and lots of"
                text run at (2,233) width 38: "data. "
                text run at (40,233) width 60: "Lots and"
                text run at (2,254) width 97: "lots and lots of"
                text run at (2,275) width 38: "data. "
                text run at (40,275) width 60: "Lots and"
                text run at (2,296) width 97: "lots and lots of"
                text run at (2,317) width 38: "data. "
                text run at (40,317) width 60: "Lots and"
                text run at (2,338) width 97: "lots and lots of"
                text run at (2,359) width 38: "data. "
                text run at (40,359) width 60: "Lots and"
                text run at (2,380) width 97: "lots and lots of"
                text run at (2,401) width 38: "data. "
                text run at (40,401) width 60: "Lots and"
                text run at (2,422) width 97: "lots and lots of"
                text run at (2,443) width 38: "data. "
                text run at (40,443) width 60: "Lots and"
                text run at (2,464) width 97: "lots and lots of"
                text run at (2,485) width 38: "data. "
                text run at (40,485) width 60: "Lots and"
                text run at (2,506) width 97: "lots and lots of"
                text run at (2,527) width 38: "data. "
                text run at (40,527) width 60: "Lots and"
                text run at (2,548) width 97: "lots and lots of"
                text run at (2,569) width 38: "data. "
                text run at (40,569) width 60: "Lots and"
                text run at (2,590) width 97: "lots and lots of"
                text run at (2,611) width 38: "data. "
                text run at (40,611) width 60: "Lots and"
                text run at (2,632) width 97: "lots and lots of"
                text run at (2,653) width 38: "data. "
                text run at (40,653) width 60: "Lots and"
                text run at (2,674) width 97: "lots and lots of"
                text run at (2,695) width 38: "data. "
                text run at (40,695) width 60: "Lots and"
                text run at (2,716) width 97: "lots and lots of"
                text run at (2,737) width 38: "data. "
                text run at (40,737) width 60: "Lots and"
                text run at (2,758) width 97: "lots and lots of"
                text run at (2,779) width 38: "data. "
                text run at (40,779) width 60: "Lots and"
                text run at (2,800) width 97: "lots and lots of"
                text run at (2,821) width 38: "data. "
                text run at (40,821) width 60: "Lots and"
                text run at (2,842) width 97: "lots and lots of"
                text run at (2,863) width 38: "data. "
                text run at (40,863) width 60: "Lots and"
                text run at (2,884) width 97: "lots and lots of"
                text run at (2,905) width 38: "data. "
                text run at (40,905) width 60: "Lots and"
                text run at (2,926) width 97: "lots and lots of"
                text run at (2,947) width 38: "data. "
                text run at (40,947) width 60: "Lots and"
                text run at (2,968) width 97: "lots and lots of"
                text run at (2,989) width 38: "data. "
                text run at (40,989) width 60: "Lots and"
                text run at (2,1010) width 97: "lots and lots of"
                text run at (2,1031) width 38: "data. "
                text run at (40,1031) width 60: "Lots and"
                text run at (2,1052) width 97: "lots and lots of"
                text run at (2,1073) width 38: "data. "
                text run at (40,1073) width 60: "Lots and"
                text run at (2,1094) width 97: "lots and lots of"
                text run at (2,1115) width 38: "data. "
                text run at (40,1115) width 60: "Lots and"
                text run at (2,1136) width 97: "lots and lots of"
                text run at (2,1157) width 38: "data. "
                text run at (40,1157) width 60: "Lots and"
                text run at (2,1178) width 97: "lots and lots of"
                text run at (2,1199) width 38: "data. "
                text run at (40,1199) width 60: "Lots and"
                text run at (2,1220) width 97: "lots and lots of"
                text run at (2,1241) width 38: "data. "
                text run at (40,1241) width 60: "Lots and"
                text run at (2,1262) width 97: "lots and lots of"
                text run at (2,1283) width 38: "data. "
                text run at (40,1283) width 60: "Lots and"
                text run at (2,1304) width 97: "lots and lots of"
                text run at (2,1325) width 38: "data. "
                text run at (40,1325) width 60: "Lots and"
                text run at (2,1346) width 97: "lots and lots of"
                text run at (2,1367) width 38: "data. "
                text run at (40,1367) width 60: "Lots and"
                text run at (2,1388) width 97: "lots and lots of"
                text run at (2,1409) width 38: "data. "
                text run at (40,1409) width 60: "Lots and"
                text run at (2,1430) width 97: "lots and lots of"
                text run at (2,1451) width 38: "data. "
                text run at (40,1451) width 60: "Lots and"
                text run at (2,1472) width 97: "lots and lots of"
                text run at (2,1493) width 38: "data. "
                text run at (40,1493) width 60: "Lots and"
                text run at (2,1514) width 97: "lots and lots of"
                text run at (2,1535) width 38: "data. "
                text run at (40,1535) width 60: "Lots and"
                text run at (2,1556) width 97: "lots and lots of"
                text run at (2,1577) width 38: "data. "
                text run at (40,1577) width 60: "Lots and"
                text run at (2,1598) width 97: "lots and lots of"
                text run at (2,1619) width 38: "data. "
                text run at (40,1619) width 60: "Lots and"
                text run at (2,1640) width 97: "lots and lots of"
                text run at (2,1661) width 38: "data. "
                text run at (40,1661) width 60: "Lots and"
                text run at (2,1682) width 97: "lots and lots of"
                text run at (2,1703) width 38: "data. "
                text run at (40,1703) width 60: "Lots and"
                text run at (2,1724) width 97: "lots and lots of"
                text run at (2,1745) width 38: "data. "
                text run at (40,1745) width 60: "Lots and"
                text run at (2,1766) width 97: "lots and lots of"
                text run at (2,1787) width 38: "data. "
                text run at (40,1787) width 60: "Lots and"
                text run at (2,1808) width 97: "lots and lots of"
                text run at (2,1829) width 38: "data. "
                text run at (40,1829) width 60: "Lots and"
                text run at (2,1850) width 97: "lots and lots of"
                text run at (2,1871) width 38: "data. "
                text run at (40,1871) width 60: "Lots and"
                text run at (2,1892) width 97: "lots and lots of"
                text run at (2,1913) width 38: "data. "
                text run at (40,1913) width 60: "Lots and"
                text run at (2,1934) width 97: "lots and lots of"
                text run at (2,1955) width 38: "data. "
                text run at (40,1955) width 60: "Lots and"
                text run at (2,1976) width 97: "lots and lots of"
                text run at (2,1997) width 38: "data. "
                text run at (40,1997) width 60: "Lots and"
                text run at (2,2018) width 97: "lots and lots of"
                text run at (2,2039) width 38: "data. "
                text run at (40,2039) width 60: "Lots and"
                text run at (2,2060) width 97: "lots and lots of"
                text run at (2,2081) width 38: "data. "
                text run at (40,2081) width 60: "Lots and"
                text run at (2,2102) width 97: "lots and lots of"
                text run at (2,2123) width 38: "data. "
                text run at (40,2123) width 60: "Lots and"
                text run at (2,2144) width 97: "lots and lots of"
                text run at (2,2165) width 38: "data. "
                text run at (40,2165) width 60: "Lots and"
                text run at (2,2186) width 97: "lots and lots of"
                text run at (2,2207) width 38: "data. "
                text run at (40,2207) width 60: "Lots and"
                text run at (2,2228) width 97: "lots and lots of"
                text run at (2,2249) width 38: "data. "
                text run at (40,2249) width 60: "Lots and"
                text run at (2,2270) width 97: "lots and lots of"
                text run at (2,2291) width 38: "data. "
                text run at (40,2291) width 60: "Lots and"
                text run at (2,2312) width 97: "lots and lots of"
                text run at (2,2333) width 38: "data. "
                text run at (40,2333) width 60: "Lots and"
                text run at (2,2354) width 97: "lots and lots of"
                text run at (2,2375) width 38: "data. "
                text run at (40,2375) width 60: "Lots and"
                text run at (2,2396) width 97: "lots and lots of"
                text run at (2,2417) width 38: "data. "
                text run at (40,2417) width 60: "Lots and"
                text run at (2,2438) width 97: "lots and lots of"
                text run at (2,2459) width 38: "data. "
                text run at (40,2459) width 60: "Lots and"
                text run at (2,2480) width 97: "lots and lots of"
                text run at (2,2501) width 34: "data."
          RenderTableRow {TR} at (0,2528) size 384x25
            RenderTableCell {TD} at (2,2528) size 125x25 [border: (1px solid #000000)] [r=1 c=0 rs=1 cs=1]
              RenderText {#text} at (2,2) size 33x21
                text run at (2,2) width 33: "Data"
            RenderTableCell {TD} at (129,2528) size 125x25 [border: (1px solid #000000)] [r=1 c=1 rs=1 cs=1]
              RenderText {#text} at (2,2) size 33x21
                text run at (2,2) width 33: "Data"
            RenderTableCell {TD} at (256,2528) size 126x25 [border: (1px solid #000000)] [r=1 c=2 rs=1 cs=1]
              RenderText {#text} at (2,2) size 33x21
                text run at (2,2) width 33: "Data"
      RenderBlock {P} at (0,8664) size 768x21
        RenderText {#text} at (0,0) size 204x21
          text run at (0,0) width 204: "This test is still being written..."
      RenderBlock {HR} at (0,8701) size 768x2 [border: (1px inset #000000)]
      RenderBlock {P} at (0,8719) size 768x21
        RenderText {#text} at (0,0) size 61x21
          text run at (0,0) width 61: "(Back to "
        RenderInline {A} at (0,0) size 170x21 [color=#0000EE]
          RenderText {#text} at (61,0) size 170x21
            text run at (61,0) width 170: "CSS Testing Information"
        RenderText {#text} at (231,0) size 8x21
          text run at (231,0) width 8: ", "
        RenderInline {A} at (0,0) size 88x21 [color=#0000EE]
          RenderText {#text} at (239,0) size 88x21
            text run at (239,0) width 88: "David Baron"
        RenderText {#text} at (327,0) size 5x21
          text run at (327,0) width 5: ")"
      RenderBlock {P} at (0,8756) size 768x21
        RenderInline {A} at (0,0) size 34x21 [color=#0000EE]
          RenderText {#text} at (0,0) size 34x21
            text run at (0,0) width 34: "LDB"
        RenderText {#text} at (34,0) size 8x21
          text run at (34,0) width 8: ", "
        RenderInline {A} at (0,0) size 173x21 [color=#0000EE]
          RenderText {#text} at (42,0) size 173x21
            text run at (42,0) width 173: "dbaron@fas.harvard.edu"
