layer at (0,0) size 800x600
  RenderView at (0,0) size 800x600
layer at (0,0) size 800x600
  RenderBlock {HTML} at (0,0) size 800x600
    RenderBody {BODY} at (8,8) size 784x584
      RenderTable {TABLE} at (0,0) size 784x152
        RenderBlock {FORM} at (0,0) size 0x0
        RenderTableSection {TBODY} at (0,0) size 784x152
          RenderTableRow {TR} at (0,0) size 784x78
            RenderTableCell {TD} at (0,0) size 784x78 [r=0 c=0 rs=1 cs=4]
              RenderBR {BR} at (392,1) size 0x19
              RenderInline {FONT} at (0,0) size 775x57
                RenderText {#text} at (4,20) size 775x38
                  text run at (4,20) width 163: "The Supreme Court says "
                  text run at (167,20) width 494: "Wisconsin can continue using tuition vouchers to help poor parents send their "
                  text run at (661,20) width 118: "children to church-"
                  text run at (288,39) width 81: "run schools. "
                  text run at (369,39) width 126: "What's your stand? "
                RenderBR {BR} at (495,53) size 0x0
                RenderBR {BR} at (392,58) size 0x19
              RenderText {#text} at (0,0) size 0x0
          RenderTableRow {TR} at (0,78) size 784x19
            RenderTableCell {TD} at (0,78) size 517x18 [r=1 c=0 rs=1 cs=1]
              RenderInline {FONT} at (0,0) size 118x16
                RenderText {#text} at (398,1) size 118x16
                  text run at (398,1) width 118: "I agree with the program"
              RenderText {#text} at (0,0) size 0x0
            RenderTableCell {TD} at (517,78) size 74x19 [r=1 c=1 rs=1 cs=1]
              RenderBlock {INPUT} at (3,3) size 13x13 [bgcolor=#C0C0C0]
          RenderTableRow {TR} at (0,97) size 784x19
            RenderTableCell {TD} at (0,97) size 517x18 [r=2 c=0 rs=1 cs=1]
              RenderInline {FONT} at (0,0) size 130x16
                RenderText {#text} at (386,1) size 130x16
                  text run at (386,1) width 130: "I think vouchers are wrong"
              RenderText {#text} at (0,0) size 0x0
            RenderTableCell {TD} at (517,97) size 74x19 [r=2 c=1 rs=1 cs=1]
              RenderBlock {INPUT} at (3,3) size 13x13 [bgcolor=#C0C0C0]
          RenderTableRow {TR} at (0,116) size 784x36
            RenderTableCell {TD} at (0,125) size 591x18 [r=3 c=0 rs=1 cs=2]
              RenderInline {A} at (0,0) size 63x16 [color=#0000EE]
                RenderInline {FONT} at (0,0) size 63x16
                  RenderText {#text} at (264,1) size 63x16
                    text run at (264,1) width 63: "View Results"
              RenderInline {FONT} at (0,0) size 0x0
                RenderText {#text} at (0,0) size 0x0
            RenderTableCell {TD} at (591,116) size 193x36 [r=3 c=2 rs=1 cs=2]
              RenderButton {INPUT} at (75,3) size 43x30 [bgcolor=#C0C0C0]
                RenderBlock (anonymous) at (8,5) size 27x19
                  RenderText at (0,0) size 27x19
                    text run at (0,0) width 27: "vote"
              RenderText {#text} at (0,0) size 0x0
