layer at (0,0) size 800x600
  RenderView at (0,0) size 800x600
layer at (0,0) size 800x228
  RenderBlock {HTML} at (0,0) size 800x228
    RenderBody {BODY} at (8,8) size 784x212
      RenderTable {TABLE} at (0,0) size 200x85 [border: (1px outset #808080)]
        RenderTableSection {TBODY} at (1,1) size 198x83
          RenderTableRow {TR} at (0,2) size 198x25
            RenderTableCell {TD} at (2,2) size 99x25 [border: (1px inset #808080)] [r=0 c=0 rs=1 cs=1]
              RenderText {#text} at (2,2) size 36x21
                text run at (2,2) width 36: "AAA"
            RenderTableCell {TD} at (103,2) size 93x25 [border: (1px inset #808080)] [r=0 c=1 rs=1 cs=1]
              RenderText {#text} at (2,2) size 33x21
                text run at (2,2) width 33: "BBB"
          RenderTableRow {TR} at (0,29) size 198x25
            RenderTableCell {TD} at (2,29) size 99x25 [border: (1px inset #808080)] [r=1 c=0 rs=1 cs=1]
              RenderText {#text} at (43,2) size 13x21
                text run at (43,2) width 13: "A"
            RenderTableCell {TD} at (103,29) size 93x25 [border: (1px inset #808080)] [r=1 c=1 rs=1 cs=1]
              RenderText {#text} at (41,2) size 11x21
                text run at (41,2) width 11: "B"
          RenderTableRow {TR} at (0,56) size 198x25
            RenderTableCell {TD} at (2,56) size 99x25 [border: (1px inset #808080)] [r=2 c=0 rs=1 cs=1]
              RenderText {#text} at (85,2) size 12x21
                text run at (85,2) width 12: "A"
            RenderTableCell {TD} at (103,56) size 93x25 [border: (1px inset #808080)] [r=2 c=1 rs=1 cs=1]
              RenderText {#text} at (80,2) size 11x21
                text run at (80,2) width 11: "B"
      RenderBlock (anonymous) at (0,85) size 784x21
        RenderBR {BR} at (0,0) size 0x21
      RenderTable {TABLE} at (0,106) size 784x85 [border: (1px outset #808080)]
        RenderTableSection {TBODY} at (1,1) size 782x83
          RenderTableRow {TR} at (0,2) size 782x25
            RenderTableCell {TD} at (2,2) size 376x25 [border: (1px inset #808080)] [r=0 c=0 rs=1 cs=1]
              RenderText {#text} at (2,2) size 30x21
                text run at (2,2) width 30: "<tr>"
            RenderTableCell {TH} at (380,2) size 199x25 [border: (1px inset #808080)] [r=0 c=1 rs=1 cs=1]
              RenderText {#text} at (64,2) size 71x21
                text run at (64,2) width 71: "th: Center"
            RenderTableCell {TD} at (581,2) size 199x25 [border: (1px inset #808080)] [r=0 c=2 rs=1 cs=1]
              RenderText {#text} at (2,2) size 51x21
                text run at (2,2) width 51: "td: Left"
          RenderTableRow {TR} at (0,29) size 782x25
            RenderTableCell {TD} at (2,29) size 376x25 [border: (1px inset #808080)] [r=1 c=0 rs=1 cs=1]
              RenderText {#text} at (2,2) size 115x21
                text run at (2,2) width 115: "<tr align=\"left\">"
            RenderTableCell {TH} at (380,29) size 199x25 [border: (1px inset #808080)] [r=1 c=1 rs=1 cs=1]
              RenderText {#text} at (2,2) size 51x21
                text run at (2,2) width 51: "th: Left"
            RenderTableCell {TD} at (581,29) size 199x25 [border: (1px inset #808080)] [r=1 c=2 rs=1 cs=1]
              RenderText {#text} at (2,2) size 51x21
                text run at (2,2) width 51: "td: Left"
          RenderTableRow {TR} at (0,56) size 782x25
            RenderTableCell {TD} at (2,56) size 376x25 [border: (1px inset #808080)] [r=2 c=0 rs=1 cs=1]
              RenderText {#text} at (2,2) size 136x21
                text run at (2,2) width 136: "<tr align=\"center\">"
            RenderTableCell {TH} at (380,56) size 199x25 [border: (1px inset #808080)] [r=2 c=1 rs=1 cs=1]
              RenderText {#text} at (64,2) size 71x21
                text run at (64,2) width 71: "th: Center"
            RenderTableCell {TD} at (581,56) size 199x25 [border: (1px inset #808080)] [r=2 c=2 rs=1 cs=1]
              RenderText {#text} at (64,2) size 71x21
                text run at (64,2) width 71: "td: Center"
      RenderBlock (anonymous) at (0,191) size 784x21
        RenderBR {BR} at (0,0) size 0x21
