layer at (0,0) size 800x600
  RenderView at (0,0) size 800x600
layer at (0,0) size 800x384
  RenderBlock {HTML} at (0,0) size 800x384
    RenderBody {BODY} at (8,18) size 784x358
      RenderBlock {H3} at (0,0) size 784x25
        RenderText {#text} at (0,0) size 528x25
          text run at (0,0) width 528: "SPAN attribute of COL element being ignored in Mozilla 1.0 rc1"
      RenderBlock {P} at (0,43) size 784x42
        RenderText {#text} at (0,0) size 760x42
          text run at (0,0) width 760: "(Note: this is a regression bug - I don't know when it appeared, but I remember the SPAN attribute on COL elements"
          text run at (0,21) width 279: "worked fine sometime before Mozilla 0.9.6)"
      RenderBlock {P} at (0,101) size 784x21
        RenderText {#text} at (0,0) size 377x21
          text run at (0,0) width 377: "The following TABLE has a COLGROUP structure of:"
      RenderBlock {PRE} at (15,138) size 769x64 [color=#000066]
        RenderText {#text} at (0,0) size 167x64
          text run at (0,0) width 65: "<colgroup>"
          text run at (65,0) width 0: " "
          text run at (0,16) width 167: " <col width=\"100\" span=\"2\">"
          text run at (167,16) width 0: " "
          text run at (0,32) width 110: " <col width=\"200\">"
          text run at (110,32) width 0: " "
          text run at (0,48) width 69: "</colgroup>"
          text run at (69,48) width 0: " "
      RenderBlock {P} at (0,218) size 784x21
        RenderText {#text} at (0,0) size 589x21
          text run at (0,0) width 589: "So the first two colums should both be 100px wide, and the third should be 200px wide."
      RenderBlock {P} at (0,255) size 784x21
        RenderText {#text} at (0,0) size 606x21
          text run at (0,0) width 606: "However, the first column is 100px, the second is 200px, and the third is the default width."
      RenderBlock {P} at (0,292) size 784x21
        RenderText {#text} at (0,0) size 409x21
          text run at (0,0) width 409: "So it would appear that the SPAN attribute is being ignored."
      RenderTable {TABLE} at (0,329) size 408x29
        RenderTableCol {COLGROUP} at (0,0) size 0x0
          RenderTableCol {COL} at (0,0) size 0x0
          RenderTableCol {COL} at (0,0) size 0x0
        RenderTableSection {TBODY} at (0,0) size 408x29
          RenderTableRow {TR} at (0,2) size 408x25
            RenderTableCell {TD} at (2,2) size 100x25 [border: (1px solid #000000)] [r=0 c=0 rs=1 cs=1]
              RenderText {#text} at (2,2) size 31x21
                text run at (2,2) width 31: "col 1"
            RenderTableCell {TD} at (104,2) size 100x25 [border: (1px solid #000000)] [r=0 c=1 rs=1 cs=1]
              RenderText {#text} at (2,2) size 31x21
                text run at (2,2) width 31: "col 2"
            RenderTableCell {TD} at (206,2) size 200x25 [border: (1px solid #000000)] [r=0 c=2 rs=1 cs=1]
              RenderText {#text} at (2,2) size 31x21
                text run at (2,2) width 31: "col 3"
