layer at (0,0) size 800x600
  RenderView at (0,0) size 800x600
layer at (0,0) size 800x600
  RenderBlock {HTML} at (0,0) size 800x600
    RenderBody {BODY} at (8,8) size 784x584
      RenderTable {TABLE} at (0,0) size 784x28
        RenderTableSection {TBODY} at (0,0) size 784x28
          RenderTableRow {TR} at (0,2) size 784x24
            RenderTableCell {TD} at (2,2) size 624x24 [r=0 c=0 rs=1 cs=1]
            RenderTableCell {TD} at (628,2) size 154x24 [r=0 c=1 rs=1 cs=1]
              RenderText {#text} at (1,1) size 23x22
                text run at (1,1) width 23: "test"
layer at (272,11) size 100x22
  RenderBlock {DIV} at (262,1) size 100x22
    RenderText {#text} at (0,0) size 63x22
      text run at (0,0) width 63: "ddddddd"
