layer at (0,0) size 784x1813
  RenderView at (0,0) size 784x600
layer at (0,0) size 784x1813
  RenderBlock {HTML} at (0,0) size 784x1813
    RenderBody {BODY} at (8,8) size 768x584
      RenderText {#text} at (0,0) size 21x22
        text run at (0,0) width 21: "foo"
      RenderTable {TABLE} at (652,0) size 116x1805
        RenderTableSection {TBODY} at (0,0) size 116x1805
          RenderTableRow {TR} at (0,2) size 116x998
            RenderTableCell {TD} at (2,2) size 112x90 [r=0 c=0 rs=1 cs=1]
              RenderBR {BR} at (1,1) size 0x22
              RenderText {#text} at (1,23) size 107x66
                text run at (1,23) width 89: "Create a cool"
                text run at (1,45) width 107: "home page with"
                text run at (1,67) width 21: "the"
          RenderTableRow {TR} at (0,1002) size 116x801
            RenderTableCell {TD} at (2,1002) size 112x68 [r=1 c=0 rs=1 cs=1]
              RenderBR {BR} at (1,1) size 0x22
              RenderText {#text} at (1,23) size 100x44
                text run at (1,23) width 95: "Get organized"
                text run at (1,45) width 100: "online with the"
      RenderText {#text} at (0,0) size 0x0
