layer at (0,0) size 800x600
  RenderView at (0,0) size 800x600
layer at (0,0) size 800x600
  RenderBlock {HTML} at (0,0) size 800x600
    RenderBody {BODY} at (8,8) size 784x584
      RenderTable {TABLE} at (0,0) size 151x76 [border: (1px outset #808080)]
        RenderTableSection {TBODY} at (1,1) size 149x74
          RenderTableRow {TR} at (0,2) size 149x25
            RenderTableCell {TD} at (2,2) size 145x25 [border: (1px inset #808080)] [r=0 c=0 rs=1 cs=1]
              RenderText {#text} at (2,2) size 116x21
                text run at (2,2) width 116: "cell of outer table"
          RenderTableRow {TR} at (0,29) size 149x43
            RenderTableCell {TD} at (2,29) size 145x43 [border: (1px inset #808080)] [r=1 c=0 rs=1 cs=1]
              RenderTable {TABLE} at (2,2) size 141x39 [border: (5px outset #808080)]
                RenderTableSection {TBODY} at (5,5) size 131x29
                  RenderTableRow {TR} at (0,2) size 131x25
                    RenderTableCell {TD} at (2,2) size 127x25 [border: (1px inset #808080)] [r=0 c=0 rs=1 cs=1]
                      RenderText {#text} at (2,2) size 123x21
                        text run at (2,2) width 123: "cell of nested table"
      RenderBlock (anonymous) at (0,76) size 784x21
        RenderBR {BR} at (0,0) size 0x21
      RenderBlock {HR} at (0,105) size 202x2 [border: (1px inset #000000)]
      RenderBlock (anonymous) at (0,115) size 784x21
        RenderText {#text} at (0,0) size 233x21
          text run at (0,0) width 233: "nested table width includes border"
      RenderTable {TABLE} at (0,136) size 204x53 [border: (1px outset #808080)]
        RenderTableSection {TBODY} at (1,1) size 202x51
          RenderTableRow {TR} at (0,0) size 202x51
            RenderTableCell {TD} at (0,0) size 202x51 [border: (1px inset #808080)] [r=0 c=0 rs=1 cs=1]
              RenderTable {TABLE} at (1,1) size 200x49 [border: (10px outset #808080)]
                RenderTableSection {TBODY} at (10,10) size 180x29
                  RenderTableRow {TR} at (0,2) size 180x25
                    RenderTableCell {TD} at (2,2) size 176x25 [border: (1px inset #808080)] [r=0 c=0 rs=1 cs=1]
                      RenderText {#text} at (2,2) size 108x21
                        text run at (2,2) width 108: "200 nested table"
      RenderBlock (anonymous) at (0,189) size 784x42
        RenderBR {BR} at (0,0) size 0x21
        RenderText {#text} at (0,21) size 233x21
          text run at (0,21) width 233: "nested table width includes border"
      RenderTable {TABLE} at (0,231) size 146x53 [border: (1px outset #808080)]
        RenderTableSection {TBODY} at (1,1) size 144x51
          RenderTableRow {TR} at (0,0) size 144x51
            RenderTableCell {TD} at (0,0) size 144x51 [border: (1px inset #808080)] [r=0 c=0 rs=1 cs=1]
              RenderTable {TABLE} at (1,1) size 142x49 [border: (10px outset #808080)]
                RenderTableSection {TBODY} at (10,10) size 122x29
                  RenderTableRow {TR} at (0,2) size 122x25
                    RenderTableCell {TD} at (2,2) size 118x25 [border: (1px inset #808080)] [r=0 c=0 rs=1 cs=1]
                      RenderText {#text} at (2,2) size 114x21
                        text run at (2,2) width 114: "auto nested table"
      RenderBlock (anonymous) at (0,284) size 784x42
        RenderBR {BR} at (0,0) size 0x21
        RenderText {#text} at (0,21) size 233x21
          text run at (0,21) width 233: "nested table width includes border"
      RenderTable {TABLE} at (0,326) size 784x33 [border: (5px outset #808080)]
        RenderTableSection {TBODY} at (5,5) size 774x23
          RenderTableRow {TR} at (0,0) size 774x23
            RenderTableCell {TD} at (0,0) size 774x23 [border: (1px inset #808080)] [r=0 c=0 rs=1 cs=1]
              RenderText {#text} at (1,1) size 120x21
                text run at (1,1) width 120: "100% width table"
      RenderBlock (anonymous) at (0,359) size 784x42
        RenderBR {BR} at (0,0) size 0x21
        RenderText {#text} at (0,21) size 233x21
          text run at (0,21) width 233: "nested table width includes border"
      RenderTable {TABLE} at (0,401) size 156x53 [border: (1px outset #808080)]
        RenderTableSection {TBODY} at (1,1) size 154x51
          RenderTableRow {TR} at (0,0) size 154x51
            RenderTableCell {TD} at (0,0) size 154x51 [border: (1px inset #808080)] [r=0 c=0 rs=1 cs=1]
              RenderTable {TABLE} at (1,1) size 152x49 [border: (10px outset #808080)]
                RenderTableSection {TBODY} at (10,10) size 132x29
                  RenderTableRow {TR} at (0,2) size 132x25
                    RenderTableCell {TD} at (2,2) size 128x25 [border: (1px inset #808080)] [r=0 c=0 rs=1 cs=1]
                      RenderText {#text} at (2,2) size 124x21
                        text run at (2,2) width 124: "100% nested table"
