layer at (0,0) size 784x2189
  RenderView at (0,0) size 784x600
layer at (0,0) size 784x2189
  RenderBlock {HTML} at (0,0) size 784x2189
    RenderBody {BODY} at (8,8) size 768x2173
      RenderBlock (anonymous) at (0,0) size 768x21
        RenderBR {BR} at (0,0) size 0x21
      RenderBlock {HR} at (0,29) size 768x2 [border: (1px inset #000000)]
      RenderBlock {H3} at (0,49) size 768x25
        RenderText {#text} at (0,0) size 89x25
          text run at (0,0) width 89: "border-top"
      RenderBlock {P} at (0,92) size 768x21
        RenderInline {CODE} at (0,0) size 46x16
          RenderText {#text} at (0,3) size 46x16
            text run at (0,3) width 46: "<table>"
        RenderText {#text} at (46,0) size 31x21
          text run at (46,0) width 31: " has "
        RenderInline {CODE} at (0,0) size 41x16
          RenderText {#text} at (77,3) size 41x16
            text run at (77,3) width 41: "border"
        RenderText {#text} at (118,0) size 72x21
          text run at (118,0) width 72: " attribute; "
        RenderInline {CODE} at (0,0) size 28x16
          RenderText {#text} at (190,3) size 28x16
            text run at (190,3) width 28: "<td>"
        RenderText {#text} at (218,0) size 40x21
          text run at (218,0) width 40: " have "
        RenderInline {CODE} at (0,0) size 229x16
          RenderText {#text} at (258,3) size 229x16
            text run at (258,3) width 229: "style=\"border-top: green 10px solid;\""
        RenderText {#text} at (487,0) size 4x21
          text run at (487,0) width 4: "."
      RenderTable {TABLE} at (0,129) size 477x125 [border: (1px outset #808080)]
        RenderTableSection {TBODY} at (1,1) size 475x123
          RenderTableRow {TR} at (0,5) size 475x34
            RenderTableCell {TD} at (5,5) size 465x34 [border: (10px solid #008000) (1px inset #808080)] [r=0 c=0 rs=1 cs=2]
              RenderText {#text} at (2,11) size 461x21
                text run at (2,11) width 461: "Every cell in this table should have a 10-pixel solid green top border."
          RenderTableRow {TR} at (0,44) size 475x74
            RenderTableCell {TD} at (5,64) size 118x34 [border: (10px solid #008000) (1px inset #808080)] [r=1 c=0 rs=1 cs=1]
              RenderText {#text} at (2,11) size 55x21
                text run at (2,11) width 55: "Cell one"
            RenderTableCell {TD} at (128,44) size 342x74 [border: (10px solid #008000) (1px inset #808080)] [r=1 c=1 rs=1 cs=1]
              RenderBlock (anonymous) at (2,11) size 338x21
                RenderText {#text} at (0,0) size 56x21
                  text run at (0,0) width 56: "Cell two"
              RenderTable {TABLE} at (2,32) size 167x40 [border: (1px outset #808080)]
                RenderTableSection {TBODY} at (1,1) size 165x38
                  RenderTableRow {TR} at (0,2) size 165x34
                    RenderTableCell {TD} at (2,2) size 161x34 [border: (10px solid #008000) (1px inset #808080)] [r=0 c=0 rs=1 cs=1]
                      RenderText {#text} at (2,11) size 157x21
                        text run at (2,11) width 157: "Nested single-cell table!"
      RenderBlock (anonymous) at (0,254) size 768x21
        RenderBR {BR} at (0,0) size 0x21
      RenderBlock {P} at (0,291) size 768x21
        RenderInline {CODE} at (0,0) size 46x16
          RenderText {#text} at (0,3) size 46x16
            text run at (0,3) width 46: "<table>"
        RenderText {#text} at (46,0) size 68x21
          text run at (46,0) width 68: " has *no* "
        RenderInline {CODE} at (0,0) size 41x16
          RenderText {#text} at (114,3) size 41x16
            text run at (114,3) width 41: "border"
        RenderText {#text} at (155,0) size 72x21
          text run at (155,0) width 72: " attribute; "
        RenderInline {CODE} at (0,0) size 28x16
          RenderText {#text} at (227,3) size 28x16
            text run at (227,3) width 28: "<td>"
        RenderText {#text} at (255,0) size 40x21
          text run at (255,0) width 40: " have "
        RenderInline {CODE} at (0,0) size 229x16
          RenderText {#text} at (295,3) size 229x16
            text run at (295,3) width 229: "style=\"border-top: green 10px solid;\""
        RenderText {#text} at (524,0) size 4x21
          text run at (524,0) width 4: "."
      RenderTable {TABLE} at (0,328) size 473x118
        RenderTableSection {TBODY} at (0,0) size 473x118
          RenderTableRow {TR} at (0,5) size 473x33
            RenderTableCell {TD} at (5,5) size 463x33 [border: (10px solid #008000) none] [r=0 c=0 rs=1 cs=2]
              RenderText {#text} at (1,11) size 461x21
                text run at (1,11) width 461: "Every cell in this table should have a 10-pixel solid green top border."
          RenderTableRow {TR} at (0,43) size 473x70
            RenderTableCell {TD} at (5,61) size 117x33 [border: (10px solid #008000) none] [r=1 c=0 rs=1 cs=1]
              RenderText {#text} at (1,11) size 55x21
                text run at (1,11) width 55: "Cell one"
            RenderTableCell {TD} at (127,43) size 341x70 [border: (10px solid #008000) none] [r=1 c=1 rs=1 cs=1]
              RenderBlock (anonymous) at (1,11) size 339x21
                RenderText {#text} at (0,0) size 56x21
                  text run at (0,0) width 56: "Cell two"
              RenderTable {TABLE} at (1,32) size 163x37
                RenderTableSection {TBODY} at (0,0) size 163x37
                  RenderTableRow {TR} at (0,2) size 163x33
                    RenderTableCell {TD} at (2,2) size 159x33 [border: (10px solid #008000) none] [r=0 c=0 rs=1 cs=1]
                      RenderText {#text} at (1,11) size 157x21
                        text run at (1,11) width 157: "Nested single-cell table!"
      RenderBlock (anonymous) at (0,446) size 768x21
        RenderBR {BR} at (0,0) size 0x21
      RenderBlock {HR} at (0,475) size 768x2 [border: (1px inset #000000)]
      RenderBlock {H3} at (0,495) size 768x25
        RenderText {#text} at (0,0) size 102x25
          text run at (0,0) width 102: "border-right"
      RenderBlock {P} at (0,538) size 768x21
        RenderInline {CODE} at (0,0) size 46x16
          RenderText {#text} at (0,3) size 46x16
            text run at (0,3) width 46: "<table>"
        RenderText {#text} at (46,0) size 31x21
          text run at (46,0) width 31: " has "
        RenderInline {CODE} at (0,0) size 41x16
          RenderText {#text} at (77,3) size 41x16
            text run at (77,3) width 41: "border"
        RenderText {#text} at (118,0) size 72x21
          text run at (118,0) width 72: " attribute; "
        RenderInline {CODE} at (0,0) size 28x16
          RenderText {#text} at (190,3) size 28x16
            text run at (190,3) width 28: "<td>"
        RenderText {#text} at (218,0) size 40x21
          text run at (218,0) width 40: " have "
        RenderInline {CODE} at (0,0) size 238x16
          RenderText {#text} at (258,3) size 238x16
            text run at (258,3) width 238: "style=\"border-right: green 10px solid;\""
        RenderText {#text} at (496,0) size 4x21
          text run at (496,0) width 4: "."
      RenderTable {TABLE} at (0,575) size 497x98 [border: (1px outset #808080)]
        RenderTableSection {TBODY} at (1,1) size 495x96
          RenderTableRow {TR} at (0,5) size 495x25
            RenderTableCell {TD} at (5,5) size 485x25 [border: (1px inset #808080) (10px solid #008000) (1px inset #808080)] [r=0 c=0 rs=1 cs=2]
              RenderText {#text} at (2,2) size 472x21
                text run at (2,2) width 472: "Every cell in this table should have a 10-pixel solid green right border."
          RenderTableRow {TR} at (0,35) size 495x56
            RenderTableCell {TD} at (5,50) size 127x25 [border: (1px inset #808080) (10px solid #008000) (1px inset #808080)] [r=1 c=0 rs=1 cs=1]
              RenderText {#text} at (2,2) size 55x21
                text run at (2,2) width 55: "Cell one"
            RenderTableCell {TD} at (137,35) size 353x56 [border: (1px inset #808080) (10px solid #008000) (1px inset #808080)] [r=1 c=1 rs=1 cs=1]
              RenderBlock (anonymous) at (2,2) size 340x21
                RenderText {#text} at (0,0) size 56x21
                  text run at (0,0) width 56: "Cell two"
              RenderTable {TABLE} at (2,23) size 176x31 [border: (1px outset #808080)]
                RenderTableSection {TBODY} at (1,1) size 174x29
                  RenderTableRow {TR} at (0,2) size 174x25
                    RenderTableCell {TD} at (2,2) size 170x25 [border: (1px inset #808080) (10px solid #008000) (1px inset #808080)] [r=0 c=0 rs=1 cs=1]
                      RenderText {#text} at (2,2) size 157x21
                        text run at (2,2) width 157: "Nested single-cell table!"
      RenderBlock (anonymous) at (0,673) size 768x21
        RenderBR {BR} at (0,0) size 0x21
      RenderBlock {P} at (0,710) size 768x21
        RenderInline {CODE} at (0,0) size 46x16
          RenderText {#text} at (0,3) size 46x16
            text run at (0,3) width 46: "<table>"
        RenderText {#text} at (46,0) size 31x21
          text run at (46,0) width 31: " has "
        RenderInline {CODE} at (0,0) size 41x16
          RenderText {#text} at (77,3) size 41x16
            text run at (77,3) width 41: "border"
        RenderText {#text} at (118,0) size 72x21
          text run at (118,0) width 72: " attribute; "
        RenderInline {CODE} at (0,0) size 28x16
          RenderText {#text} at (190,3) size 28x16
            text run at (190,3) width 28: "<td>"
        RenderText {#text} at (218,0) size 40x21
          text run at (218,0) width 40: " have "
        RenderInline {CODE} at (0,0) size 238x16
          RenderText {#text} at (258,3) size 238x16
            text run at (258,3) width 238: "style=\"border-right: green 10px solid;\""
        RenderText {#text} at (496,0) size 4x21
          text run at (496,0) width 4: "."
      RenderTable {TABLE} at (0,747) size 494x88
        RenderTableSection {TBODY} at (0,0) size 494x88
          RenderTableRow {TR} at (0,5) size 494x23
            RenderTableCell {TD} at (5,5) size 484x23 [border: none (10px solid #008000) none] [r=0 c=0 rs=1 cs=2]
              RenderText {#text} at (1,1) size 472x21
                text run at (1,1) width 472: "Every cell in this table should have a 10-pixel solid green right border."
          RenderTableRow {TR} at (0,33) size 494x50
            RenderTableCell {TD} at (5,46) size 127x23 [border: none (10px solid #008000) none] [r=1 c=0 rs=1 cs=1]
              RenderText {#text} at (1,1) size 55x21
                text run at (1,1) width 55: "Cell one"
            RenderTableCell {TD} at (137,33) size 352x50 [border: none (10px solid #008000) none] [r=1 c=1 rs=1 cs=1]
              RenderBlock (anonymous) at (1,1) size 340x21
                RenderText {#text} at (0,0) size 56x21
                  text run at (0,0) width 56: "Cell two"
              RenderTable {TABLE} at (1,22) size 173x27
                RenderTableSection {TBODY} at (0,0) size 173x27
                  RenderTableRow {TR} at (0,2) size 173x23
                    RenderTableCell {TD} at (2,2) size 169x23 [border: none (10px solid #008000) none] [r=0 c=0 rs=1 cs=1]
                      RenderText {#text} at (1,1) size 157x21
                        text run at (1,1) width 157: "Nested single-cell table!"
      RenderBlock (anonymous) at (0,835) size 768x21
        RenderBR {BR} at (0,0) size 0x21
      RenderBlock {HR} at (0,864) size 768x2 [border: (1px inset #000000)]
      RenderBlock {H3} at (0,884) size 768x25
        RenderText {#text} at (0,0) size 121x25
          text run at (0,0) width 121: "border-bottom"
      RenderBlock {P} at (0,927) size 768x21
        RenderInline {CODE} at (0,0) size 46x16
          RenderText {#text} at (0,3) size 46x16
            text run at (0,3) width 46: "<table>"
        RenderText {#text} at (46,0) size 31x21
          text run at (46,0) width 31: " has "
        RenderInline {CODE} at (0,0) size 41x16
          RenderText {#text} at (77,3) size 41x16
            text run at (77,3) width 41: "border"
        RenderText {#text} at (118,0) size 72x21
          text run at (118,0) width 72: " attribute; "
        RenderInline {CODE} at (0,0) size 28x16
          RenderText {#text} at (190,3) size 28x16
            text run at (190,3) width 28: "<td>"
        RenderText {#text} at (218,0) size 40x21
          text run at (218,0) width 40: " have "
        RenderInline {CODE} at (0,0) size 253x16
          RenderText {#text} at (258,3) size 253x16
            text run at (258,3) width 253: "style=\"border-bottom: green 10px solid;\""
        RenderText {#text} at (511,0) size 4x21
          text run at (511,0) width 4: "."
      RenderTable {TABLE} at (0,964) size 503x125 [border: (1px outset #808080)]
        RenderTableSection {TBODY} at (1,1) size 501x123
          RenderTableRow {TR} at (0,5) size 501x34
            RenderTableCell {TD} at (5,5) size 491x34 [border: (1px inset #808080) (10px solid #008000) (1px inset #808080)] [r=0 c=0 rs=1 cs=2]
              RenderText {#text} at (2,2) size 487x21
                text run at (2,2) width 487: "Every cell in this table should have a 10-pixel solid green bottom border."
          RenderTableRow {TR} at (0,44) size 501x74
            RenderTableCell {TD} at (5,64) size 124x34 [border: (1px inset #808080) (10px solid #008000) (1px inset #808080)] [r=1 c=0 rs=1 cs=1]
              RenderText {#text} at (2,2) size 55x21
                text run at (2,2) width 55: "Cell one"
            RenderTableCell {TD} at (134,44) size 362x74 [border: (1px inset #808080) (10px solid #008000) (1px inset #808080)] [r=1 c=1 rs=1 cs=1]
              RenderBlock (anonymous) at (2,2) size 358x21
                RenderText {#text} at (0,0) size 56x21
                  text run at (0,0) width 56: "Cell two"
              RenderTable {TABLE} at (2,23) size 167x40 [border: (1px outset #808080)]
                RenderTableSection {TBODY} at (1,1) size 165x38
                  RenderTableRow {TR} at (0,2) size 165x34
                    RenderTableCell {TD} at (2,2) size 161x34 [border: (1px inset #808080) (10px solid #008000) (1px inset #808080)] [r=0 c=0 rs=1 cs=1]
                      RenderText {#text} at (2,2) size 157x21
                        text run at (2,2) width 157: "Nested single-cell table!"
      RenderBlock (anonymous) at (0,1089) size 768x21
        RenderBR {BR} at (0,0) size 0x21
      RenderBlock {P} at (0,1126) size 768x21
        RenderInline {CODE} at (0,0) size 46x16
          RenderText {#text} at (0,3) size 46x16
            text run at (0,3) width 46: "<table>"
        RenderText {#text} at (46,0) size 68x21
          text run at (46,0) width 68: " has *no* "
        RenderInline {CODE} at (0,0) size 41x16
          RenderText {#text} at (114,3) size 41x16
            text run at (114,3) width 41: "border"
        RenderText {#text} at (155,0) size 72x21
          text run at (155,0) width 72: " attribute; "
        RenderInline {CODE} at (0,0) size 28x16
          RenderText {#text} at (227,3) size 28x16
            text run at (227,3) width 28: "<td>"
        RenderText {#text} at (255,0) size 40x21
          text run at (255,0) width 40: " have "
        RenderInline {CODE} at (0,0) size 253x16
          RenderText {#text} at (295,3) size 253x16
            text run at (295,3) width 253: "style=\"border-bottom: green 10px solid;\""
        RenderText {#text} at (548,0) size 4x21
          text run at (548,0) width 4: "."
      RenderTable {TABLE} at (0,1163) size 499x118
        RenderTableSection {TBODY} at (0,0) size 499x118
          RenderTableRow {TR} at (0,5) size 499x33
            RenderTableCell {TD} at (5,5) size 489x33 [border: none (10px solid #008000) none] [r=0 c=0 rs=1 cs=2]
              RenderText {#text} at (1,1) size 487x21
                text run at (1,1) width 487: "Every cell in this table should have a 10-pixel solid green bottom border."
          RenderTableRow {TR} at (0,43) size 499x70
            RenderTableCell {TD} at (5,61) size 124x33 [border: none (10px solid #008000) none] [r=1 c=0 rs=1 cs=1]
              RenderText {#text} at (1,1) size 55x21
                text run at (1,1) width 55: "Cell one"
            RenderTableCell {TD} at (134,43) size 360x70 [border: none (10px solid #008000) none] [r=1 c=1 rs=1 cs=1]
              RenderBlock (anonymous) at (1,1) size 358x21
                RenderText {#text} at (0,0) size 56x21
                  text run at (0,0) width 56: "Cell two"
              RenderTable {TABLE} at (1,22) size 163x37
                RenderTableSection {TBODY} at (0,0) size 163x37
                  RenderTableRow {TR} at (0,2) size 163x33
                    RenderTableCell {TD} at (2,2) size 159x33 [border: none (10px solid #008000) none] [r=0 c=0 rs=1 cs=1]
                      RenderText {#text} at (1,1) size 157x21
                        text run at (1,1) width 157: "Nested single-cell table!"
      RenderBlock (anonymous) at (0,1281) size 768x21
        RenderBR {BR} at (0,0) size 0x21
      RenderBlock {HR} at (0,1310) size 768x2 [border: (1px inset #000000)]
      RenderBlock {H3} at (0,1330) size 768x25
        RenderText {#text} at (0,0) size 87x25
          text run at (0,0) width 87: "border-left"
      RenderBlock {P} at (0,1373) size 768x21
        RenderInline {CODE} at (0,0) size 46x16
          RenderText {#text} at (0,3) size 46x16
            text run at (0,3) width 46: "<table>"
        RenderText {#text} at (46,0) size 31x21
          text run at (46,0) width 31: " has "
        RenderInline {CODE} at (0,0) size 41x16
          RenderText {#text} at (77,3) size 41x16
            text run at (77,3) width 41: "border"
        RenderText {#text} at (118,0) size 72x21
          text run at (118,0) width 72: " attribute; "
        RenderInline {CODE} at (0,0) size 28x16
          RenderText {#text} at (190,3) size 28x16
            text run at (190,3) width 28: "<td>"
        RenderText {#text} at (218,0) size 40x21
          text run at (218,0) width 40: " have "
        RenderInline {CODE} at (0,0) size 228x16
          RenderText {#text} at (258,3) size 228x16
            text run at (258,3) width 228: "style=\"border-left: green 10px solid;\""
        RenderText {#text} at (486,0) size 4x21
          text run at (486,0) width 4: "."
      RenderTable {TABLE} at (0,1410) size 485x98 [border: (1px outset #808080)]
        RenderTableSection {TBODY} at (1,1) size 483x96
          RenderTableRow {TR} at (0,5) size 483x25
            RenderTableCell {TD} at (5,5) size 473x25 [border: (1px inset #808080) (10px solid #008000)] [r=0 c=0 rs=1 cs=2]
              RenderText {#text} at (11,2) size 460x21
                text run at (11,2) width 460: "Every cell in this table should have a 10-pixel solid green left border."
          RenderTableRow {TR} at (0,35) size 483x56
            RenderTableCell {TD} at (5,50) size 123x25 [border: (1px inset #808080) (10px solid #008000)] [r=1 c=0 rs=1 cs=1]
              RenderText {#text} at (11,2) size 55x21
                text run at (11,2) width 55: "Cell one"
            RenderTableCell {TD} at (133,35) size 345x56 [border: (1px inset #808080) (10px solid #008000)] [r=1 c=1 rs=1 cs=1]
              RenderBlock (anonymous) at (11,2) size 332x21
                RenderText {#text} at (0,0) size 56x21
                  text run at (0,0) width 56: "Cell two"
              RenderTable {TABLE} at (11,23) size 176x31 [border: (1px outset #808080)]
                RenderTableSection {TBODY} at (1,1) size 174x29
                  RenderTableRow {TR} at (0,2) size 174x25
                    RenderTableCell {TD} at (2,2) size 170x25 [border: (1px inset #808080) (10px solid #008000)] [r=0 c=0 rs=1 cs=1]
                      RenderText {#text} at (11,2) size 157x21
                        text run at (11,2) width 157: "Nested single-cell table!"
      RenderBlock (anonymous) at (0,1508) size 768x21
        RenderBR {BR} at (0,0) size 0x21
      RenderBlock {P} at (0,1545) size 768x21
        RenderInline {CODE} at (0,0) size 46x16
          RenderText {#text} at (0,3) size 46x16
            text run at (0,3) width 46: "<table>"
        RenderText {#text} at (46,0) size 68x21
          text run at (46,0) width 68: " has *no* "
        RenderInline {CODE} at (0,0) size 41x16
          RenderText {#text} at (114,3) size 41x16
            text run at (114,3) width 41: "border"
        RenderText {#text} at (155,0) size 72x21
          text run at (155,0) width 72: " attribute; "
        RenderInline {CODE} at (0,0) size 28x16
          RenderText {#text} at (227,3) size 28x16
            text run at (227,3) width 28: "<td>"
        RenderText {#text} at (255,0) size 40x21
          text run at (255,0) width 40: " have "
        RenderInline {CODE} at (0,0) size 228x16
          RenderText {#text} at (295,3) size 228x16
            text run at (295,3) width 228: "style=\"border-left: green 10px solid;\""
        RenderText {#text} at (523,0) size 4x21
          text run at (523,0) width 4: "."
      RenderTable {TABLE} at (0,1582) size 482x88
        RenderTableSection {TBODY} at (0,0) size 482x88
          RenderTableRow {TR} at (0,5) size 482x23
            RenderTableCell {TD} at (5,5) size 472x23 [border: none (10px solid #008000)] [r=0 c=0 rs=1 cs=2]
              RenderText {#text} at (11,1) size 460x21
                text run at (11,1) width 460: "Every cell in this table should have a 10-pixel solid green left border."
          RenderTableRow {TR} at (0,33) size 482x50
            RenderTableCell {TD} at (5,46) size 124x23 [border: none (10px solid #008000)] [r=1 c=0 rs=1 cs=1]
              RenderText {#text} at (11,1) size 55x21
                text run at (11,1) width 55: "Cell one"
            RenderTableCell {TD} at (134,33) size 343x50 [border: none (10px solid #008000)] [r=1 c=1 rs=1 cs=1]
              RenderBlock (anonymous) at (11,1) size 331x21
                RenderText {#text} at (0,0) size 56x21
                  text run at (0,0) width 56: "Cell two"
              RenderTable {TABLE} at (11,22) size 173x27
                RenderTableSection {TBODY} at (0,0) size 173x27
                  RenderTableRow {TR} at (0,2) size 173x23
                    RenderTableCell {TD} at (2,2) size 169x23 [border: none (10px solid #008000)] [r=0 c=0 rs=1 cs=1]
                      RenderText {#text} at (11,1) size 157x21
                        text run at (11,1) width 157: "Nested single-cell table!"
      RenderBlock (anonymous) at (0,1670) size 768x21
        RenderBR {BR} at (0,0) size 0x21
      RenderBlock {HR} at (0,1699) size 768x2 [border: (1px inset #000000)]
      RenderBlock {H3} at (0,1719) size 768x25
        RenderText {#text} at (0,0) size 56x25
          text run at (0,0) width 56: "border"
      RenderBlock {P} at (0,1762) size 768x21
        RenderInline {CODE} at (0,0) size 46x16
          RenderText {#text} at (0,3) size 46x16
            text run at (0,3) width 46: "<table>"
        RenderText {#text} at (46,0) size 31x21
          text run at (46,0) width 31: " has "
        RenderInline {CODE} at (0,0) size 41x16
          RenderText {#text} at (77,3) size 41x16
            text run at (77,3) width 41: "border"
        RenderText {#text} at (118,0) size 72x21
          text run at (118,0) width 72: " attribute; "
        RenderInline {CODE} at (0,0) size 28x16
          RenderText {#text} at (190,3) size 28x16
            text run at (190,3) width 28: "<td>"
        RenderText {#text} at (218,0) size 40x21
          text run at (218,0) width 40: " have "
        RenderInline {CODE} at (0,0) size 205x16
          RenderText {#text} at (258,3) size 205x16
            text run at (258,3) width 205: "style=\"border: green 10px solid;\""
        RenderText {#text} at (463,0) size 4x21
          text run at (463,0) width 4: "."
      RenderTable {TABLE} at (0,1799) size 469x152 [border: (1px outset #808080)]
        RenderTableSection {TBODY} at (1,1) size 467x150
          RenderTableRow {TR} at (0,5) size 467x43
            RenderTableCell {TD} at (5,5) size 457x43 [border: (10px solid #008000)] [r=0 c=0 rs=1 cs=2]
              RenderText {#text} at (11,11) size 435x21
                text run at (11,11) width 435: "Every cell in this table should have a 10-pixel solid green border."
          RenderTableRow {TR} at (0,53) size 467x92
            RenderTableCell {TD} at (5,77) size 122x43 [border: (10px solid #008000)] [r=1 c=0 rs=1 cs=1]
              RenderText {#text} at (11,11) size 55x21
                text run at (11,11) width 55: "Cell one"
            RenderTableCell {TD} at (132,53) size 330x92 [border: (10px solid #008000)] [r=1 c=1 rs=1 cs=1]
              RenderBlock (anonymous) at (11,11) size 308x21
                RenderText {#text} at (0,0) size 56x21
                  text run at (0,0) width 56: "Cell two"
              RenderTable {TABLE} at (11,32) size 185x49 [border: (1px outset #808080)]
                RenderTableSection {TBODY} at (1,1) size 183x47
                  RenderTableRow {TR} at (0,2) size 183x43
                    RenderTableCell {TD} at (2,2) size 179x43 [border: (10px solid #008000)] [r=0 c=0 rs=1 cs=1]
                      RenderText {#text} at (11,11) size 157x21
                        text run at (11,11) width 157: "Nested single-cell table!"
      RenderBlock (anonymous) at (0,1951) size 768x21
        RenderBR {BR} at (0,0) size 0x21
      RenderBlock {P} at (0,1988) size 768x21
        RenderInline {CODE} at (0,0) size 46x16
          RenderText {#text} at (0,3) size 46x16
            text run at (0,3) width 46: "<table>"
        RenderText {#text} at (46,0) size 68x21
          text run at (46,0) width 68: " has *no* "
        RenderInline {CODE} at (0,0) size 41x16
          RenderText {#text} at (114,3) size 41x16
            text run at (114,3) width 41: "border"
        RenderText {#text} at (155,0) size 72x21
          text run at (155,0) width 72: " attribute; "
        RenderInline {CODE} at (0,0) size 28x16
          RenderText {#text} at (227,3) size 28x16
            text run at (227,3) width 28: "<td>"
        RenderText {#text} at (255,0) size 40x21
          text run at (255,0) width 40: " have "
        RenderInline {CODE} at (0,0) size 205x16
          RenderText {#text} at (295,3) size 205x16
            text run at (295,3) width 205: "style=\"border: green 10px solid;\""
        RenderText {#text} at (500,0) size 4x21
          text run at (500,0) width 4: "."
      RenderTable {TABLE} at (0,2025) size 467x148
        RenderTableSection {TBODY} at (0,0) size 467x148
          RenderTableRow {TR} at (0,5) size 467x43
            RenderTableCell {TD} at (5,5) size 457x43 [border: (10px solid #008000)] [r=0 c=0 rs=1 cs=2]
              RenderText {#text} at (11,11) size 435x21
                text run at (11,11) width 435: "Every cell in this table should have a 10-pixel solid green border."
          RenderTableRow {TR} at (0,53) size 467x90
            RenderTableCell {TD} at (5,76) size 123x43 [border: (10px solid #008000)] [r=1 c=0 rs=1 cs=1]
              RenderText {#text} at (11,11) size 55x21
                text run at (11,11) width 55: "Cell one"
            RenderTableCell {TD} at (133,53) size 329x90 [border: (10px solid #008000)] [r=1 c=1 rs=1 cs=1]
              RenderBlock (anonymous) at (11,11) size 307x21
                RenderText {#text} at (0,0) size 56x21
                  text run at (0,0) width 56: "Cell two"
              RenderTable {TABLE} at (11,32) size 183x47
                RenderTableSection {TBODY} at (0,0) size 183x47
                  RenderTableRow {TR} at (0,2) size 183x43
                    RenderTableCell {TD} at (2,2) size 179x43 [border: (10px solid #008000)] [r=0 c=0 rs=1 cs=1]
                      RenderText {#text} at (11,11) size 157x21
                        text run at (11,11) width 157: "Nested single-cell table!"
