layer at (0,0) size 784x2176
  RenderView at (0,0) size 784x600
layer at (0,0) size 784x2176
  RenderBlock {HTML} at (0,0) size 784x2176
    RenderBody {BODY} at (0,0) size 784x2176 [bgcolor=#53799F]
      RenderBlock {CENTER} at (0,0) size 784x2176
        RenderBlock (anonymous) at (0,0) size 784x21
          RenderBR {BR} at (392,0) size 0x21
        RenderTable {TABLE} at (20,21) size 744x2134 [border: (1px solid #000000)]
          RenderTableSection {TBODY} at (1,1) size 742x2132
            RenderTableRow {TR} at (0,0) size 742x23
              RenderTableCell {TD} at (0,0) size 742x23 [bgcolor=#3F5694] [border: (1px solid #000000)] [r=0 c=0 rs=1 cs=1]
                RenderText {#text} at (352,1) size 38x21
                  text run at (352,1) width 38: "News"
            RenderTableRow {TR} at (0,23) size 742x44
              RenderTableCell {TD} at (0,23) size 742x44 [border: (1px solid #000000)] [r=1 c=0 rs=1 cs=1]
                RenderInline {B} at (0,0) size 98x21
                  RenderText {#text} at (322,1) size 98x21
                    text run at (322,1) width 98: "11. M\x{E4}rz 2002"
                RenderBR {BR} at (419,17) size 1x0
                RenderText {#text} at (34,22) size 674x21
                  text run at (34,22) width 526: "nun gibt es auch eine kommerzielle Version vom PopUp-Manager, mehr Info "
                  text run at (559,22) width 149: "unter komerz. Scripte"
            RenderTableRow {TR} at (0,67) size 742x44
              RenderTableCell {TD} at (0,67) size 742x44 [border: (1px solid #000000)] [r=2 c=0 rs=1 cs=1]
                RenderInline {B} at (0,0) size 94x21
                  RenderText {#text} at (324,1) size 94x21
                    text run at (324,1) width 94: "09.M\x{E4}rz 2002"
                  RenderBR {BR} at (417,17) size 1x0
                RenderText {#text} at (151,22) size 440x21
                  text run at (151,22) width 440: "neues Script ist online, PopUp-Manager, mehr Info unter Scripte"
            RenderTableRow {TR} at (0,111) size 742x44
              RenderTableCell {TD} at (0,111) size 742x44 [border: (1px solid #000000)] [r=3 c=0 rs=1 cs=1]
                RenderText {#text} at (305,1) size 132x21
                  text run at (305,1) width 132: "17. November 2001"
                RenderBR {BR} at (436,17) size 1x0
                RenderText {#text} at (283,22) size 176x21
                  text run at (283,22) width 176: "Endlich wieder Online! :-)"
            RenderTableRow {TR} at (0,155) size 742x191
              RenderTableCell {TD} at (0,155) size 742x191 [border: (1px solid #000000)] [r=4 c=0 rs=1 cs=1]
                RenderText {#text} at (271,1) size 200x21
                  text run at (271,1) width 200: "23. Oktober 2001 (21:00 Uhr)"
                RenderBR {BR} at (471,17) size 0x0
                RenderText {#text} at (312,22) size 118x21
                  text run at (312,22) width 118: "Es ist vollbracht! "
                RenderBR {BR} at (430,38) size 0x0
                RenderText {#text} at (200,43) size 342x21
                  text run at (200,43) width 342: "Ich habe nun den .htaccess-BUG bei den Scripten:"
                RenderBR {BR} at (541,59) size 1x0
                RenderText {#text} at (89,64) size 564x21
                  text run at (89,64) width 564: "The Real Topsites, Sponsor Manager, Download Manager und Password Manager"
                RenderBR {BR} at (652,80) size 1x0
                RenderText {#text} at (108,85) size 526x21
                  text run at (108,85) width 465: "abgeschafft, brauchte 2 Tage daf\x{FC}r, dabei lag der Fehler vor meiner "
                  text run at (572,85) width 62: "Nase ! :-)"
                RenderBR {BR} at (633,101) size 1x0
                RenderText {#text} at (25,106) size 722x84
                  text run at (25,106) width 408: "F\x{FC}r Euch hei\x{DF}t es, wenn Ihr eines der Scripte benutzt, ladet "
                  text run at (433,106) width 284: "Euch die admin.cgi runter und vereinbart"
                  text run at (10,127) width 215: "unbedingt ein neues Password! "
                  text run at (224,127) width 486: "Au\x{DF}erdem wurde bei der Toplist die Sache mit dem Button Load/Klick "
                  text run at (709,127) width 23: "um"
                  text run at (12,148) width 481: "programmiert, f\x{FC}r die Leute die den Button Load/Klick Modus haben, "
                  text run at (493,148) width 237: "Ihr m\x{FC}st Euch auch die topsites.cgi"
                  text run at (80,169) width 241: "laden und im Admin Bereich unter "
                  text run at (321,169) width 341: "Modus unten die URL zu Eurem Button angeben!"
            RenderTableRow {TR} at (0,346) size 742x44
              RenderTableCell {TD} at (0,346) size 742x44 [border: (1px solid #000000)] [r=5 c=0 rs=1 cs=1]
                RenderText {#text} at (312,1) size 118x21
                  text run at (312,1) width 118: "22. Oktober 2001"
                RenderBR {BR} at (429,17) size 1x0
                RenderText {#text} at (117,22) size 508x21
                  text run at (117,22) width 458: "Download-Bereich ist vorrerst geschlo\x{DF}en, kommen Sie bitte sp\x{E4}ter "
                  text run at (575,22) width 50: "wieder."
            RenderTableRow {TR} at (0,390) size 742x65
              RenderTableCell {TD} at (0,390) size 742x65 [border: (1px solid #000000)] [r=6 c=0 rs=1 cs=1]
                RenderText {#text} at (271,1) size 200x21
                  text run at (271,1) width 200: "21. Oktober 2001 (22:45 Uhr)"
                RenderBR {BR} at (471,17) size 0x0
                RenderText {#text} at (7,22) size 728x42
                  text run at (7,22) width 446: "OK, sorry f\x{FC}r die Unannehmlichkeiten, aber Ihr m\x{FC}sst Euch nun "
                  text run at (452,22) width 283: "noch mal die Scripte runter laden und die"
                  text run at (24,43) width 223: "admin.cgi erneuern, hier kommt "
                  text run at (247,43) width 471: "noch das Password-Manager-Script dazu, sollte jetzt alles sicher sein! "
                RenderBR {BR} at (0,0) size 0x0
            RenderTableRow {TR} at (0,455) size 742x128
              RenderTableCell {TD} at (0,455) size 742x128 [border: (1px solid #000000)] [r=7 c=0 rs=1 cs=1]
                RenderText {#text} at (271,1) size 200x21
                  text run at (271,1) width 200: "21. Oktober 2001 (20:50 Uhr)"
                RenderBR {BR} at (471,17) size 0x0
                RenderText {#text} at (167,22) size 408x21
                  text run at (167,22) width 408: "An alle Leute die follgende Scripte von G5-Scripts benutzen:"
                RenderBR {BR} at (575,38) size 0x0
                RenderText {#text} at (175,43) size 392x21
                  text run at (175,43) width 392: "The Real Topsites, Download Counter, Sponsor Manager"
                RenderBR {BR} at (566,59) size 1x0
                RenderText {#text} at (7,64) size 728x21
                  text run at (7,64) width 506: "bitte noch ein mal runter laden und die admin.cgi erneuern, beim Sponsor "
                  text run at (512,64) width 223: "Manager kommt noch eine Datei"
                RenderBR {BR} at (734,80) size 1x0
                RenderText {#text} at (307,85) size 128x21
                  text run at (307,85) width 128: "'variable.pl' dazu!!"
                RenderBR {BR} at (434,101) size 1x0
                RenderText {#text} at (63,106) size 616x21
                  text run at (63,106) width 507: "Der Grund : man hat festgestellt das .htaccess Password Schutz doch nicht "
                  text run at (570,106) width 109: "das sicherste ist!"
            RenderTableRow {TR} at (0,583) size 742x228
              RenderTableCell {TD} at (0,583) size 742x228 [border: (1px solid #000000)] [r=8 c=0 rs=1 cs=1]
                RenderBlock {P} at (1,1) size 740x168
                  RenderText {#text} at (311,0) size 118x21
                    text run at (311,0) width 118: "13. Oktober 2001"
                  RenderBR {BR} at (428,16) size 1x0
                  RenderText {#text} at (69,21) size 602x21
                    text run at (69,21) width 518: "Ich habe es nun endlich geschafft das Gateway bei der Toplist mit IP-Sperre "
                    text run at (587,21) width 84: "zu versehen,"
                  RenderBR {BR} at (671,37) size 0x0
                  RenderText {#text} at (30,42) size 680x42
                    text run at (30,42) width 477: "dabei war der Fehler den ich vorher nicht verstand eine simple Sache, "
                    text run at (507,42) width 203: "h\x{E4}tte ich doch ein wenig mehr"
                    text run at (324,63) width 92: "nachgedacht!"
                  RenderBR {BR} at (415,79) size 1x0
                  RenderText {#text} at (6,84) size 738x84
                    text run at (6,84) width 460: "Des weiteren habe ich noch die Datensicherung umgeschrieben, f\x{FC}r "
                    text run at (465,84) width 269: "alle die Listen deren Hits ab und zu mal"
                    text run at (5,105) width 185: "auf 0 gesetzt werden, sollte "
                    text run at (189,105) width 494: "jetzt nicht mehr passieren und ich habe noch den Mail Versand aus dem "
                    text run at (682,105) width 53: "Admin-"
                    text run at (1,126) width 438: "Bereich umgeschrieben und zwar wurde fr\x{FC}her der Text immer "
                    text run at (438,126) width 301: "zusammen gequetscht, die Enters wurden so"
                    text run at (249,147) width 163: "zu sagen ignoriert, jetzt "
                    text run at (411,147) width 80: "nicht mehr!"
                RenderBlock {P} at (1,185) size 740x42
                  RenderText {#text} at (7,0) size 726x42
                    text run at (7,0) width 399: ">> F\x{FC}r alle die das Script vor dem 11.10.01 runter geladen "
                    text run at (406,0) width 327: "haben, Ihr solltet es Euch noch mal runter laden"
                    text run at (99,21) width 182: "und die folgenden Dateien "
                    text run at (280,21) width 361: "durch die neuen ersetzen: topsites.cgi und admin.cgi ."
            RenderTableRow {TR} at (0,811) size 742x44
              RenderTableCell {TD} at (0,811) size 742x44 [border: (1px solid #000000)] [r=9 c=0 rs=1 cs=1]
                RenderText {#text} at (312,1) size 118x21
                  text run at (312,1) width 118: "11. Oktober 2001"
                RenderBR {BR} at (429,17) size 1x0
                RenderText {#text} at (110,22) size 522x21
                  text run at (110,22) width 522: "neues Script ist online, .htaccess-Password-Manager, mehr Info unter Scripte"
            RenderTableRow {TR} at (0,855) size 742x44
              RenderTableCell {TD} at (0,855) size 742x44 [border: (1px solid #000000)] [r=10 c=0 rs=1 cs=1]
                RenderText {#text} at (304,1) size 134x21
                  text run at (304,1) width 134: "08. September 2001"
                RenderBR {BR} at (437,17) size 1x0
                RenderText {#text} at (194,22) size 354x21
                  text run at (194,22) width 354: "Eine neu Version des Download Counters ist online!"
            RenderTableRow {TR} at (0,899) size 742x65
              RenderTableCell {TD} at (0,899) size 742x65 [border: (1px solid #000000)] [r=11 c=0 rs=1 cs=1]
                RenderText {#text} at (316,1) size 110x21
                  text run at (316,1) width 110: "11. August 2001"
                RenderBR {BR} at (425,17) size 1x0
                RenderText {#text} at (13,22) size 716x21
                  text run at (13,22) width 477: "Ich habe so eben eine random.cgi f\x{FC}r den Topsites Script geschrieben. "
                  text run at (489,22) width 240: "Die random.cgi f\x{FC}hrt den Besucher"
                RenderBR {BR} at (728,38) size 1x0
                RenderText {#text} at (254,43) size 234x21
                  text run at (254,43) width 234: "auf eine zuf\x{E4}llig ausgew\x{E4}hlte Seite."
            RenderTableRow {TR} at (0,964) size 742x65
              RenderTableCell {TD} at (0,964) size 742x65 [border: (1px solid #000000)] [r=12 c=0 rs=1 cs=1]
                RenderText {#text} at (316,1) size 110x21
                  text run at (316,1) width 110: "08. August 2001"
                RenderBR {BR} at (425,17) size 1x0
                RenderText {#text} at (82,22) size 578x21
                  text run at (82,22) width 496: "Ich schreibe gerade eine neue Version von dem Download Counter, bitte "
                  text run at (577,22) width 83: "schreibt mir"
                RenderBR {BR} at (659,38) size 1x0
                RenderText {#text} at (179,43) size 384x21
                  text run at (179,43) width 384: "ins Forum was Ihr da alles haben wollt, wer das benutzt!"
            RenderTableRow {TR} at (0,1029) size 742x65
              RenderTableCell {TD} at (0,1029) size 742x65 [border: (1px solid #000000)] [r=13 c=0 rs=1 cs=1]
                RenderText {#text} at (328,1) size 86x21
                  text run at (328,1) width 86: "09. Juli 2001"
                RenderBR {BR} at (413,17) size 1x0
                RenderText {#text} at (7,22) size 728x42
                  text run at (7,22) width 483: "eine kleiner Bug in der Topsites.cgi wurde behoben! Wer m\x{F6}chte kann "
                  text run at (489,22) width 246: "sich die jetzige Zip runter laden und"
                  text run at (162,43) width 206: "die topsites.cgi auktualisieren, "
                  text run at (367,43) width 213: "mu\x{DF} aber nicht unbedingt sein!"
            RenderTableRow {TR} at (0,1094) size 742x65
              RenderTableCell {TD} at (0,1094) size 742x65 [border: (1px solid #000000)] [r=14 c=0 rs=1 cs=1]
                RenderText {#text} at (328,1) size 86x21
                  text run at (328,1) width 86: "01. Juli 2001"
                RenderBR {BR} at (413,17) size 1x0
                RenderText {#text} at (64,22) size 614x21
                  text run at (64,22) width 547: "Jetzt haben wir einen Support Forum, postet Eure Fragen da rein und versuche "
                  text run at (610,22) width 68: "Sie alle zu"
                RenderBR {BR} at (677,38) size 1x0
                RenderText {#text} at (36,43) size 670x21
                  text run at (36,43) width 431: "beantworten! Au\x{DF}erdem k\x{F6}nnt Ihr dort auch Eure Vorschl\x{E4}ge "
                  text run at (466,43) width 240: "zu den einzelnen Scripten abgeben!"
            RenderTableRow {TR} at (0,1159) size 742x65
              RenderTableCell {TD} at (0,1159) size 742x65 [border: (1px solid #000000)] [r=15 c=0 rs=1 cs=1]
                RenderText {#text} at (328,1) size 86x21
                  text run at (328,1) width 86: "01. Juli 2001"
                RenderBR {BR} at (413,17) size 1x0
                RenderText {#text} at (102,22) size 538x21
                  text run at (102,22) width 513: "Und wieder eine neue Version von The Real Topsites ist online, die Version "
                  text run at (614,22) width 26: "3.4!"
                RenderBR {BR} at (639,38) size 1x0
                RenderText {#text} at (136,43) size 470x21
                  text run at (136,43) width 470: "Es gibt einige neue Funktionen und es wurde auch einiges verbessert!"
            RenderTableRow {TR} at (0,1224) size 742x65
              RenderTableCell {TD} at (0,1224) size 742x65 [border: (1px solid #000000)] [r=16 c=0 rs=1 cs=1]
                RenderText {#text} at (326,1) size 90x21
                  text run at (326,1) width 90: "20. Juni 2001"
                RenderBR {BR} at (416,17) size 0x0
                RenderText {#text} at (113,22) size 516x21
                  text run at (113,22) width 484: "unser Hoster hat ein paar kleine Probleme also sollte irgend was an der "
                  text run at (597,22) width 32: "Seite"
                RenderBR {BR} at (629,38) size 0x0
                RenderText {#text} at (239,43) size 264x21
                  text run at (239,43) width 264: "nicht gehen, einfach wieder versuchen!"
            RenderTableRow {TR} at (0,1289) size 742x107
              RenderTableCell {TD} at (0,1289) size 742x107 [border: (1px solid #000000)] [r=17 c=0 rs=1 cs=1]
                RenderText {#text} at (326,1) size 90x21
                  text run at (326,1) width 90: "09. Juni 2001"
                RenderBR {BR} at (416,17) size 0x0
                RenderText {#text} at (78,22) size 586x21
                  text run at (78,22) width 467: "Die neue Version (3.3) von The Real Topsites ist online, es gibt einige "
                  text run at (545,22) width 119: "neue Funktionen "
                RenderBR {BR} at (664,38) size 0x0
                RenderText {#text} at (244,43) size 254x21
                  text run at (244,43) width 254: "und es wurde auch einiges ver\x{E4}ndert!"
                RenderBR {BR} at (498,59) size 0x0
                RenderText {#text} at (228,64) size 286x21
                  text run at (228,64) width 286: "Mehr Info unter \"Perl Scripte\" im Men\x{FC}. "
                RenderBR {BR} at (514,80) size 0x0
                RenderText {#text} at (144,85) size 454x21
                  text run at (144,85) width 454: "P.S. den Umstieg auf die Version3.3 kann ich Euch nur empfehlen!"
            RenderTableRow {TR} at (0,1396) size 742x86
              RenderTableCell {TD} at (0,1396) size 742x86 [border: (1px solid #000000)] [r=18 c=0 rs=1 cs=1]
                RenderText {#text} at (326,1) size 90x21
                  text run at (326,1) width 90: "04. Juni 2001"
                RenderBR {BR} at (416,17) size 0x0
                RenderText {#text} at (125,22) size 492x21
                  text run at (125,22) width 492: "Ein kleiner Bug bei Topsites Script wurde gefunden und sofort behoben!"
                RenderBR {BR} at (617,38) size 0x0
                RenderText {#text} at (135,43) size 472x21
                  text run at (135,43) width 472: "Bug: es wurde immer wieder die selbe Site Of The Moment angezeigt!"
                RenderBR {BR} at (606,59) size 1x0
                RenderText {#text} at (134,64) size 474x21
                  text run at (134,64) width 469: "Ladet Euch die jetzige Version runter und ersetzt nur die topsites.cgi "
                  text run at (603,64) width 5: "!"
            RenderTableRow {TR} at (0,1482) size 742x65
              RenderTableCell {TD} at (0,1482) size 742x65 [border: (1px solid #000000)] [r=19 c=0 rs=1 cs=1]
                RenderText {#text} at (326,1) size 90x21
                  text run at (326,1) width 90: "01. Juni 2001"
                RenderBR {BR} at (416,17) size 0x0
                RenderText {#text} at (209,22) size 324x21
                  text run at (209,22) width 324: "Ein neues Script ist online! G5-ICQ Newsletter. "
                RenderBR {BR} at (532,38) size 1x0
                RenderText {#text} at (230,43) size 282x21
                  text run at (230,43) width 282: "Mehr Info unter \"Perl Scripte\" im Men\x{FC}."
            RenderTableRow {TR} at (0,1547) size 742x65
              RenderTableCell {TD} at (0,1547) size 742x65 [border: (1px solid #000000)] [r=20 c=0 rs=1 cs=1]
                RenderText {#text} at (327,1) size 88x21
                  text run at (327,1) width 88: "31. Mai 2001"
                RenderBR {BR} at (414,17) size 1x0
                RenderText {#text} at (147,22) size 448x21
                  text run at (147,22) width 448: "Ich habe einen ICQ-Newsletter Script installiert, unter dem Men\x{FC}."
                RenderBR {BR} at (595,38) size 0x0
                RenderText {#text} at (166,43) size 410x21
                  text run at (166,43) width 410: "Tragt Euch ein, dann seit Ihr immer auf dem neusten Stand!"
            RenderTableRow {TR} at (0,1612) size 742x44
              RenderTableCell {TD} at (0,1612) size 742x44 [border: (1px solid #000000)] [r=21 c=0 rs=1 cs=1]
                RenderText {#text} at (327,1) size 88x21
                  text run at (327,1) width 88: "26. Mai 2001"
                RenderBR {BR} at (414,17) size 1x0
                RenderText {#text} at (259,22) size 224x21
                  text run at (259,22) width 224: "The Real Topsites v3.0 ist online!"
            RenderTableRow {TR} at (0,1656) size 742x65
              RenderTableCell {TD} at (0,1656) size 742x65 [border: (1px solid #000000)] [r=22 c=0 rs=1 cs=1]
                RenderText {#text} at (327,1) size 88x21
                  text run at (327,1) width 88: "25. Mai 2001"
                RenderBR {BR} at (414,17) size 1x0
                RenderText {#text} at (199,22) size 344x21
                  text run at (199,22) width 344: "Ein neues Script ist online! G5-Download Counter."
                RenderBR {BR} at (543,38) size 0x0
                RenderText {#text} at (230,43) size 282x21
                  text run at (230,43) width 282: "Mehr Info unter \"Perl Scripte\" im Men\x{FC}."
            RenderTableRow {TR} at (0,1721) size 742x107
              RenderTableCell {TD} at (0,1721) size 742x107 [border: (1px solid #000000)] [r=23 c=0 rs=1 cs=1]
                RenderText {#text} at (327,1) size 88x21
                  text run at (327,1) width 88: "24. Mai 2001"
                RenderBR {BR} at (414,17) size 1x0
                RenderText {#text} at (103,22) size 536x21
                  text run at (103,22) width 457: "Ich habe es mir sehr lange \x{FC}berlegt, die Entscheidung war wirklich "
                  text run at (560,22) width 79: "nicht leicht!"
                RenderBR {BR} at (639,38) size 0x0
                RenderText {#text} at (75,43) size 592x21
                  text run at (75,43) width 435: "Ich habe mich entschieden den Script \"The Real Topsites\" zum "
                  text run at (509,43) width 158: "Download freizugeben."
                RenderBR {BR} at (666,59) size 1x0
                RenderText {#text} at (213,64) size 316x21
                  text run at (213,64) width 316: "Ihr k\x{F6}nnt es Euch jetzt kostenlos runter laden!"
                RenderBR {BR} at (529,80) size 0x0
                RenderText {#text} at (314,85) size 114x21
                  text run at (314,85) width 114: "Viel Spa\x{DF} damit!"
            RenderTableRow {TR} at (0,1828) size 742x86
              RenderTableCell {TD} at (0,1828) size 742x86 [border: (1px solid #000000)] [r=24 c=0 rs=1 cs=1]
                RenderText {#text} at (327,1) size 88x21
                  text run at (327,1) width 88: "13. Mai 2001"
                RenderBR {BR} at (414,17) size 1x0
                RenderText {#text} at (19,22) size 704x63
                  text run at (19,22) width 504: "Es gab nur eine kleine Ver\x{E4}nderung bei G5-Sponsor-Manager, man kann "
                  text run at (522,22) width 201: "den Script jetzt auch via Java"
                  text run at (29,43) width 270: "aufrufen, so das Euer Server jetzt nicht "
                  text run at (299,43) width 398: "unbedingt SSI unterst\x{FC}tzen mu\x{DF} um den Script ausf\x{FC}hren "
                  text run at (697,43) width 16: "zu"
                  text run at (343,64) width 56: "k\x{F6}nnen!"
            RenderTableRow {TR} at (0,1914) size 742x65
              RenderTableCell {TD} at (0,1914) size 742x65 [border: (1px solid #000000)] [r=25 c=0 rs=1 cs=1]
                RenderText {#text} at (323,1) size 96x21
                  text run at (323,1) width 96: "22. April 2001"
                RenderBR {BR} at (419,17) size 0x0
                RenderText {#text} at (203,22) size 336x21
                  text run at (203,22) width 336: "Ein neues Script ist online! G5-Sponsor-Manager."
                RenderBR {BR} at (539,38) size 0x0
                RenderText {#text} at (230,43) size 282x21
                  text run at (230,43) width 282: "Mehr Info unter \"Perl Scripte\" im Men\x{FC}."
            RenderTableRow {TR} at (0,1979) size 742x86
              RenderTableCell {TD} at (0,1979) size 742x86 [border: (1px solid #000000)] [r=26 c=0 rs=1 cs=1]
                RenderText {#text} at (323,1) size 96x21
                  text run at (323,1) width 96: "20. April 2001"
                RenderBR {BR} at (419,17) size 0x0
                RenderText {#text} at (187,22) size 368x21
                  text run at (187,22) width 368: "Auf einige Anfragen habe ich eine Demonstration von "
                RenderBR {BR} at (555,38) size 0x0
                RenderText {#text} at (198,43) size 346x21
                  text run at (198,43) width 346: "\"The Real Topsites\" (Toplist Script) ver\x{F6}ffentlicht!"
                RenderBR {BR} at (543,59) size 1x0
                RenderText {#text} at (230,64) size 282x21
                  text run at (230,64) width 282: "Mehr Info unter \"Perl Scripte\" im Men\x{FC}."
            RenderTableRow {TR} at (0,2065) size 742x44
              RenderTableCell {TD} at (0,2065) size 742x44 [border: (1px solid #000000)] [r=27 c=0 rs=1 cs=1]
                RenderText {#text} at (322,1) size 98x21
                  text run at (322,1) width 98: "13. M\x{E4}rz 2001"
                RenderBR {BR} at (419,17) size 1x0
                RenderText {#text} at (221,22) size 300x21
                  text run at (221,22) width 300: "An diesem Tag ging die G5-Script.de online!"
            RenderTableRow {TR} at (0,2109) size 742x23
              RenderTableCell {TD} at (0,2109) size 742x23 [border: (1px solid #000000)] [r=28 c=0 rs=1 cs=1]
                RenderText {#text} at (369,1) size 4x21
                  text run at (369,1) width 4: " "
        RenderBlock (anonymous) at (0,2155) size 784x21
          RenderBR {BR} at (392,0) size 0x21
