layer at (0,0) size 784x1126
  RenderView at (0,0) size 784x600
layer at (0,0) size 784x1126
  RenderBlock {HTML} at (0,0) size 784x1126
    RenderBody {BODY} at (8,8) size 768x1110
      RenderBlock (anonymous) at (0,0) size 768x22
        RenderInline {FONT} at (0,0) size 112x22
          RenderText {#text} at (0,0) size 100x22
            text run at (0,0) width 100: "same line as X "
          RenderInline {A} at (0,0) size 12x22
            RenderText {#text} at (100,0) size 12x22
              text run at (100,0) width 12: "X"
      RenderBlock (anonymous) at (0,22) size 768x32
        RenderTable {TABLE} at (0,0) size 56x32 [border: (1px outset #808080)]
          RenderTableSection {TBODY} at (1,1) size 54x30
            RenderTableRow {TR} at (0,2) size 54x26
              RenderTableCell {TD} at (2,2) size 50x26 [border: (1px inset #808080)] [r=0 c=0 rs=1 cs=1]
                RenderText {#text} at (2,2) size 46x22
                  text run at (2,2) width 46: "table-1"
      RenderBlock (anonymous) at (0,54) size 768x22
        RenderInline {FONT} at (0,0) size 11x22
          RenderInline {A} at (0,0) size 11x22
            RenderText {#text} at (0,0) size 11x22
              text run at (0,0) width 11: "Z"
          RenderInline {FONT} at (0,0) size 0x0
            RenderText {#text} at (0,0) size 0x0
      RenderBlock (anonymous) at (0,84) size 768x2
        RenderBlock {HR} at (0,0) size 768x2 [border: (1px inset #000000)]
      RenderBlock (anonymous) at (0,94) size 768x22
        RenderInline {FONT} at (0,0) size 112x22
          RenderInline {FONT} at (0,0) size 112x22
            RenderInline {FONT} at (0,0) size 112x22
              RenderInline {A} at (0,0) size 12x22
                RenderText {#text} at (0,0) size 12x22
                  text run at (0,0) width 12: "X"
              RenderText {#text} at (12,0) size 100x22
                text run at (12,0) width 100: " same line as X"
      RenderBlock (anonymous) at (0,116) size 768x32
        RenderTable {TABLE} at (0,0) size 56x32 [border: (1px outset #808080)]
          RenderTableSection {TBODY} at (1,1) size 54x30
            RenderTableRow {TR} at (0,2) size 54x26
              RenderTableCell {TD} at (2,2) size 50x26 [border: (1px inset #808080)] [r=0 c=0 rs=1 cs=1]
                RenderText {#text} at (2,2) size 46x22
                  text run at (2,2) width 46: "table-2"
      RenderBlock (anonymous) at (0,148) size 768x22
        RenderInline {FONT} at (0,0) size 11x22
          RenderInline {FONT} at (0,0) size 11x22
            RenderInline {FONT} at (0,0) size 11x22
              RenderInline {A} at (0,0) size 11x22
                RenderText {#text} at (0,0) size 11x22
                  text run at (0,0) width 11: "Z"
              RenderInline {FONT} at (0,0) size 0x0
                RenderText {#text} at (0,0) size 0x0
      RenderBlock (anonymous) at (0,178) size 768x2
        RenderBlock {HR} at (0,0) size 768x2 [border: (1px inset #000000)]
      RenderBlock (anonymous) at (0,188) size 768x22
        RenderInline {FONT} at (0,0) size 12x22
          RenderInline {FONT} at (0,0) size 12x22
            RenderInline {FONT} at (0,0) size 12x22
              RenderInline {FONT} at (0,0) size 12x22
                RenderInline {FONT} at (0,0) size 12x22
                  RenderInline {A} at (0,0) size 12x22
                    RenderText {#text} at (0,0) size 12x22
                      text run at (0,0) width 12: "X"
      RenderBlock (anonymous) at (0,210) size 768x32
        RenderTable {TABLE} at (0,0) size 56x32 [border: (1px outset #808080)]
          RenderTableSection {TBODY} at (1,1) size 54x30
            RenderTableRow {TR} at (0,2) size 54x26
              RenderTableCell {TD} at (2,2) size 50x26 [border: (1px inset #808080)] [r=0 c=0 rs=1 cs=1]
                RenderText {#text} at (2,2) size 46x22
                  text run at (2,2) width 46: "table-3"
      RenderBlock (anonymous) at (0,242) size 768x22
        RenderInline {FONT} at (0,0) size 110x22
          RenderInline {FONT} at (0,0) size 110x22
            RenderInline {FONT} at (0,0) size 110x22
              RenderInline {FONT} at (0,0) size 110x22
                RenderInline {FONT} at (0,0) size 110x22
                  RenderText {#text} at (0,0) size 99x22
                    text run at (0,0) width 99: "same line as Z "
                  RenderInline {A} at (0,0) size 11x22
                    RenderText {#text} at (99,0) size 11x22
                      text run at (99,0) width 11: "Z"
                  RenderInline {FONT} at (0,0) size 0x0
                    RenderText {#text} at (0,0) size 0x0
      RenderBlock (anonymous) at (0,272) size 768x2
        RenderBlock {HR} at (0,0) size 768x2 [border: (1px inset #000000)]
      RenderBlock (anonymous) at (0,282) size 768x22
        RenderInline {FONT} at (0,0) size 108x22
          RenderInline {FONT} at (0,0) size 108x22
            RenderInline {FONT} at (0,0) size 108x22
              RenderInline {FONT} at (0,0) size 108x22
                RenderInline {FONT} at (0,0) size 108x22
                  RenderInline {FONT} at (0,0) size 108x22
                    RenderInline {FONT} at (0,0) size 108x22
                      RenderText {#text} at (0,0) size 108x22
                        text run at (0,0) width 108: "line before table"
      RenderBlock (anonymous) at (0,304) size 768x32
        RenderTable {TABLE} at (0,0) size 56x32 [border: (1px outset #808080)]
          RenderTableSection {TBODY} at (1,1) size 54x30
            RenderTableRow {TR} at (0,2) size 54x26
              RenderTableCell {TD} at (2,2) size 50x26 [border: (1px inset #808080)] [r=0 c=0 rs=1 cs=1]
                RenderText {#text} at (2,2) size 46x22
                  text run at (2,2) width 46: "table-4"
      RenderBlock (anonymous) at (0,336) size 768x22
        RenderInline {FONT} at (0,0) size 11x22
          RenderInline {FONT} at (0,0) size 11x22
            RenderInline {FONT} at (0,0) size 11x22
              RenderInline {FONT} at (0,0) size 11x22
                RenderInline {FONT} at (0,0) size 11x22
                  RenderInline {FONT} at (0,0) size 11x22
                    RenderInline {FONT} at (0,0) size 11x22
                      RenderInline {A} at (0,0) size 11x22
                        RenderText {#text} at (0,0) size 11x22
                          text run at (0,0) width 11: "Z"
                      RenderInline {FONT} at (0,0) size 0x0
                        RenderText {#text} at (0,0) size 0x0
      RenderBlock (anonymous) at (0,366) size 768x2
        RenderBlock {HR} at (0,0) size 768x2 [border: (1px inset #000000)]
      RenderBlock (anonymous) at (0,376) size 768x0
        RenderInline {FONT} at (0,0) size 0x0
          RenderInline {FONT} at (0,0) size 0x0
            RenderInline {FONT} at (0,0) size 0x0
              RenderInline {FONT} at (0,0) size 0x0
                RenderInline {FONT} at (0,0) size 0x0
                  RenderInline {FONT} at (0,0) size 0x0
                    RenderInline {FONT} at (0,0) size 0x0
                      RenderInline {FONT} at (0,0) size 0x0
                        RenderInline {FONT} at (0,0) size 0x0
      RenderBlock (anonymous) at (0,376) size 768x32
        RenderTable {TABLE} at (0,0) size 56x32 [border: (1px outset #808080)]
          RenderTableSection {TBODY} at (1,1) size 54x30
            RenderTableRow {TR} at (0,2) size 54x26
              RenderTableCell {TD} at (2,2) size 50x26 [border: (1px inset #808080)] [r=0 c=0 rs=1 cs=1]
                RenderText {#text} at (2,2) size 46x22
                  text run at (2,2) width 46: "table-5"
      RenderBlock (anonymous) at (0,408) size 768x22
        RenderInline {FONT} at (0,0) size 112x22
          RenderInline {FONT} at (0,0) size 112x22
            RenderInline {FONT} at (0,0) size 112x22
              RenderInline {FONT} at (0,0) size 112x22
                RenderInline {FONT} at (0,0) size 112x22
                  RenderInline {FONT} at (0,0) size 112x22
                    RenderInline {FONT} at (0,0) size 112x22
                      RenderInline {FONT} at (0,0) size 112x22
                        RenderInline {FONT} at (0,0) size 112x22
                          RenderText {#text} at (0,0) size 101x22
                            text run at (0,0) width 101: "line after table "
                          RenderInline {A} at (0,0) size 11x22
                            RenderText {#text} at (101,0) size 11x22
                              text run at (101,0) width 11: "Z"
                          RenderInline {FONT} at (0,0) size 0x0
                            RenderText {#text} at (0,0) size 0x0
      RenderBlock (anonymous) at (0,438) size 768x2
        RenderBlock {HR} at (0,0) size 768x2 [border: (1px inset #000000)]
      RenderBlock (anonymous) at (0,448) size 768x22
        RenderInline {FONT} at (0,0) size 108x22
          RenderInline {FONT} at (0,0) size 108x22
            RenderInline {FONT} at (0,0) size 108x22
              RenderInline {FONT} at (0,0) size 108x22
                RenderInline {FONT} at (0,0) size 108x22
                  RenderInline {FONT} at (0,0) size 108x22
                    RenderInline {FONT} at (0,0) size 108x22
                      RenderInline {FONT} at (0,0) size 108x22
                        RenderInline {FONT} at (0,0) size 108x22
                          RenderInline {FONT} at (0,0) size 108x22
                            RenderInline {FONT} at (0,0) size 108x22
                              RenderText {#text} at (0,0) size 108x22
                                text run at (0,0) width 108: "line before table"
      RenderBlock (anonymous) at (0,470) size 768x32
        RenderTable {TABLE} at (0,0) size 56x32 [border: (1px outset #808080)]
          RenderTableSection {TBODY} at (1,1) size 54x30
            RenderTableRow {TR} at (0,2) size 54x26
              RenderTableCell {TD} at (2,2) size 50x26 [border: (1px inset #808080)] [r=0 c=0 rs=1 cs=1]
                RenderText {#text} at (2,2) size 46x22
                  text run at (2,2) width 46: "table-6"
      RenderBlock (anonymous) at (0,502) size 768x0
        RenderInline {FONT} at (0,0) size 0x0
          RenderInline {FONT} at (0,0) size 0x0
            RenderInline {FONT} at (0,0) size 0x0
              RenderInline {FONT} at (0,0) size 0x0
                RenderInline {FONT} at (0,0) size 0x0
                  RenderInline {FONT} at (0,0) size 0x0
                    RenderInline {FONT} at (0,0) size 0x0
                      RenderInline {FONT} at (0,0) size 0x0
                        RenderInline {FONT} at (0,0) size 0x0
                          RenderInline {FONT} at (0,0) size 0x0
                            RenderInline {FONT} at (0,0) size 0x0
                              RenderInline {FONT} at (0,0) size 0x0
                                RenderText {#text} at (0,0) size 0x0
      RenderBlock (anonymous) at (0,510) size 768x2
        RenderBlock {HR} at (0,0) size 768x2 [border: (1px inset #000000)]
      RenderBlock (anonymous) at (0,520) size 768x0
        RenderInline {FONT} at (0,0) size 0x0
          RenderInline {FONT} at (0,0) size 0x0
            RenderInline {FONT} at (0,0) size 0x0
              RenderInline {FONT} at (0,0) size 0x0
                RenderInline {FONT} at (0,0) size 0x0
                  RenderInline {FONT} at (0,0) size 0x0
                    RenderInline {FONT} at (0,0) size 0x0
                      RenderInline {FONT} at (0,0) size 0x0
                        RenderInline {FONT} at (0,0) size 0x0
                          RenderInline {FONT} at (0,0) size 0x0
                            RenderInline {FONT} at (0,0) size 0x0
                              RenderInline {FONT} at (0,0) size 0x0
                                RenderInline {FONT} at (0,0) size 0x0
      RenderBlock (anonymous) at (0,520) size 768x22
        RenderBlock {DIV} at (0,0) size 768x22
          RenderText {#text} at (0,0) size 84x22
            text run at (0,0) width 84: "div before X"
      RenderBlock (anonymous) at (0,542) size 768x22
        RenderInline {FONT} at (0,0) size 12x22
          RenderInline {FONT} at (0,0) size 12x22
            RenderInline {FONT} at (0,0) size 12x22
              RenderInline {FONT} at (0,0) size 12x22
                RenderInline {FONT} at (0,0) size 12x22
                  RenderInline {FONT} at (0,0) size 12x22
                    RenderInline {FONT} at (0,0) size 12x22
                      RenderInline {FONT} at (0,0) size 12x22
                        RenderInline {FONT} at (0,0) size 12x22
                          RenderInline {FONT} at (0,0) size 12x22
                            RenderInline {FONT} at (0,0) size 12x22
                              RenderInline {FONT} at (0,0) size 12x22
                                RenderInline {FONT} at (0,0) size 12x22
                                  RenderInline {A} at (0,0) size 12x22
                                    RenderText {#text} at (0,0) size 12x22
                                      text run at (0,0) width 12: "X"
      RenderBlock (anonymous) at (0,564) size 768x32
        RenderTable {TABLE} at (0,0) size 56x32 [border: (1px outset #808080)]
          RenderTableSection {TBODY} at (1,1) size 54x30
            RenderTableRow {TR} at (0,2) size 54x26
              RenderTableCell {TD} at (2,2) size 50x26 [border: (1px inset #808080)] [r=0 c=0 rs=1 cs=1]
                RenderText {#text} at (2,2) size 46x22
                  text run at (2,2) width 46: "table-7"
      RenderBlock (anonymous) at (0,596) size 768x22
        RenderInline {FONT} at (0,0) size 11x22
          RenderInline {FONT} at (0,0) size 11x22
            RenderInline {FONT} at (0,0) size 11x22
              RenderInline {FONT} at (0,0) size 11x22
                RenderInline {FONT} at (0,0) size 11x22
                  RenderInline {FONT} at (0,0) size 11x22
                    RenderInline {FONT} at (0,0) size 11x22
                      RenderInline {FONT} at (0,0) size 11x22
                        RenderInline {FONT} at (0,0) size 11x22
                          RenderInline {FONT} at (0,0) size 11x22
                            RenderInline {FONT} at (0,0) size 11x22
                              RenderInline {FONT} at (0,0) size 11x22
                                RenderInline {FONT} at (0,0) size 11x22
                                  RenderInline {A} at (0,0) size 11x22
                                    RenderText {#text} at (0,0) size 11x22
                                      text run at (0,0) width 11: "Z"
                                  RenderInline {FONT} at (0,0) size 0x0
                                    RenderText {#text} at (0,0) size 0x0
      RenderBlock (anonymous) at (0,626) size 768x2
        RenderBlock {HR} at (0,0) size 768x2 [border: (1px inset #000000)]
      RenderBlock (anonymous) at (0,636) size 768x22
        RenderInline {FONT} at (0,0) size 12x22
          RenderInline {FONT} at (0,0) size 12x22
            RenderInline {FONT} at (0,0) size 12x22
              RenderInline {FONT} at (0,0) size 12x22
                RenderInline {FONT} at (0,0) size 12x22
                  RenderInline {FONT} at (0,0) size 12x22
                    RenderInline {FONT} at (0,0) size 12x22
                      RenderInline {FONT} at (0,0) size 12x22
                        RenderInline {FONT} at (0,0) size 12x22
                          RenderInline {FONT} at (0,0) size 12x22
                            RenderInline {FONT} at (0,0) size 12x22
                              RenderInline {FONT} at (0,0) size 12x22
                                RenderInline {FONT} at (0,0) size 12x22
                                  RenderInline {FONT} at (0,0) size 12x22
                                    RenderInline {FONT} at (0,0) size 12x22
                                      RenderInline {A} at (0,0) size 12x22
                                        RenderText {#text} at (0,0) size 12x22
                                          text run at (0,0) width 12: "X"
      RenderBlock (anonymous) at (0,658) size 768x54
        RenderBlock {DIV} at (0,0) size 768x22
          RenderText {#text} at (0,0) size 105x22
            text run at (0,0) width 105: "div before table"
        RenderTable {TABLE} at (0,22) size 56x32 [border: (1px outset #808080)]
          RenderTableSection {TBODY} at (1,1) size 54x30
            RenderTableRow {TR} at (0,2) size 54x26
              RenderTableCell {TD} at (2,2) size 50x26 [border: (1px inset #808080)] [r=0 c=0 rs=1 cs=1]
                RenderText {#text} at (2,2) size 46x22
                  text run at (2,2) width 46: "table-8"
      RenderBlock (anonymous) at (0,712) size 768x22
        RenderInline {FONT} at (0,0) size 11x22
          RenderInline {FONT} at (0,0) size 11x22
            RenderInline {FONT} at (0,0) size 11x22
              RenderInline {FONT} at (0,0) size 11x22
                RenderInline {FONT} at (0,0) size 11x22
                  RenderInline {FONT} at (0,0) size 11x22
                    RenderInline {FONT} at (0,0) size 11x22
                      RenderInline {FONT} at (0,0) size 11x22
                        RenderInline {FONT} at (0,0) size 11x22
                          RenderInline {FONT} at (0,0) size 11x22
                            RenderInline {FONT} at (0,0) size 11x22
                              RenderInline {FONT} at (0,0) size 11x22
                                RenderInline {FONT} at (0,0) size 11x22
                                  RenderInline {FONT} at (0,0) size 11x22
                                    RenderInline {FONT} at (0,0) size 11x22
                                      RenderInline {A} at (0,0) size 11x22
                                        RenderText {#text} at (0,0) size 11x22
                                          text run at (0,0) width 11: "Z"
                                      RenderInline {FONT} at (0,0) size 0x0
                                        RenderText {#text} at (0,0) size 0x0
      RenderBlock (anonymous) at (0,742) size 768x2
        RenderBlock {HR} at (0,0) size 768x2 [border: (1px inset #000000)]
      RenderBlock (anonymous) at (0,752) size 768x22
        RenderInline {FONT} at (0,0) size 12x22
          RenderInline {FONT} at (0,0) size 12x22
            RenderInline {FONT} at (0,0) size 12x22
              RenderInline {FONT} at (0,0) size 12x22
                RenderInline {FONT} at (0,0) size 12x22
                  RenderInline {FONT} at (0,0) size 12x22
                    RenderInline {FONT} at (0,0) size 12x22
                      RenderInline {FONT} at (0,0) size 12x22
                        RenderInline {FONT} at (0,0) size 12x22
                          RenderInline {FONT} at (0,0) size 12x22
                            RenderInline {FONT} at (0,0) size 12x22
                              RenderInline {FONT} at (0,0) size 12x22
                                RenderInline {FONT} at (0,0) size 12x22
                                  RenderInline {FONT} at (0,0) size 12x22
                                    RenderInline {FONT} at (0,0) size 12x22
                                      RenderInline {FONT} at (0,0) size 12x22
                                        RenderInline {FONT} at (0,0) size 12x22
                                          RenderInline {A} at (0,0) size 12x22
                                            RenderText {#text} at (0,0) size 12x22
                                              text run at (0,0) width 12: "X"
      RenderBlock (anonymous) at (0,774) size 768x54
        RenderTable {TABLE} at (0,0) size 56x32 [border: (1px outset #808080)]
          RenderTableSection {TBODY} at (1,1) size 54x30
            RenderTableRow {TR} at (0,2) size 54x26
              RenderTableCell {TD} at (2,2) size 50x26 [border: (1px inset #808080)] [r=0 c=0 rs=1 cs=1]
                RenderText {#text} at (2,2) size 46x22
                  text run at (2,2) width 46: "table-9"
        RenderBlock {DIV} at (0,32) size 768x22
          RenderText {#text} at (0,0) size 94x22
            text run at (0,0) width 94: "div after table"
      RenderBlock (anonymous) at (0,828) size 768x22
        RenderInline {FONT} at (0,0) size 11x22
          RenderInline {FONT} at (0,0) size 11x22
            RenderInline {FONT} at (0,0) size 11x22
              RenderInline {FONT} at (0,0) size 11x22
                RenderInline {FONT} at (0,0) size 11x22
                  RenderInline {FONT} at (0,0) size 11x22
                    RenderInline {FONT} at (0,0) size 11x22
                      RenderInline {FONT} at (0,0) size 11x22
                        RenderInline {FONT} at (0,0) size 11x22
                          RenderInline {FONT} at (0,0) size 11x22
                            RenderInline {FONT} at (0,0) size 11x22
                              RenderInline {FONT} at (0,0) size 11x22
                                RenderInline {FONT} at (0,0) size 11x22
                                  RenderInline {FONT} at (0,0) size 11x22
                                    RenderInline {FONT} at (0,0) size 11x22
                                      RenderInline {FONT} at (0,0) size 11x22
                                        RenderInline {FONT} at (0,0) size 11x22
                                          RenderInline {A} at (0,0) size 11x22
                                            RenderText {#text} at (0,0) size 11x22
                                              text run at (0,0) width 11: "Z"
                                          RenderInline {FONT} at (0,0) size 0x0
                                            RenderText {#text} at (0,0) size 0x0
      RenderBlock (anonymous) at (0,858) size 768x2
        RenderBlock {HR} at (0,0) size 768x2 [border: (1px inset #000000)]
      RenderBlock (anonymous) at (0,868) size 768x0
        RenderInline {FONT} at (0,0) size 0x0
          RenderInline {FONT} at (0,0) size 0x0
            RenderInline {FONT} at (0,0) size 0x0
              RenderInline {FONT} at (0,0) size 0x0
                RenderInline {FONT} at (0,0) size 0x0
                  RenderInline {FONT} at (0,0) size 0x0
                    RenderInline {FONT} at (0,0) size 0x0
                      RenderInline {FONT} at (0,0) size 0x0
                        RenderInline {FONT} at (0,0) size 0x0
                          RenderInline {FONT} at (0,0) size 0x0
                            RenderInline {FONT} at (0,0) size 0x0
                              RenderInline {FONT} at (0,0) size 0x0
                                RenderInline {FONT} at (0,0) size 0x0
                                  RenderInline {FONT} at (0,0) size 0x0
                                    RenderInline {FONT} at (0,0) size 0x0
                                      RenderInline {FONT} at (0,0) size 0x0
                                        RenderInline {FONT} at (0,0) size 0x0
                                          RenderInline {FONT} at (0,0) size 0x0
                                            RenderInline {FONT} at (0,0) size 0x0
      RenderBlock (anonymous) at (0,868) size 768x54
        RenderBlock {DIV} at (0,0) size 768x22
          RenderText {#text} at (0,0) size 105x22
            text run at (0,0) width 105: "div before table"
        RenderTable {TABLE} at (0,22) size 64x32 [border: (1px outset #808080)]
          RenderTableSection {TBODY} at (1,1) size 62x30
            RenderTableRow {TR} at (0,2) size 62x26
              RenderTableCell {TD} at (2,2) size 58x26 [border: (1px inset #808080)] [r=0 c=0 rs=1 cs=1]
                RenderText {#text} at (2,2) size 54x22
                  text run at (2,2) width 54: "table-10"
      RenderBlock (anonymous) at (0,922) size 768x22
        RenderInline {FONT} at (0,0) size 11x22
          RenderInline {FONT} at (0,0) size 11x22
            RenderInline {FONT} at (0,0) size 11x22
              RenderInline {FONT} at (0,0) size 11x22
                RenderInline {FONT} at (0,0) size 11x22
                  RenderInline {FONT} at (0,0) size 11x22
                    RenderInline {FONT} at (0,0) size 11x22
                      RenderInline {FONT} at (0,0) size 11x22
                        RenderInline {FONT} at (0,0) size 11x22
                          RenderInline {FONT} at (0,0) size 11x22
                            RenderInline {FONT} at (0,0) size 11x22
                              RenderInline {FONT} at (0,0) size 11x22
                                RenderInline {FONT} at (0,0) size 11x22
                                  RenderInline {FONT} at (0,0) size 11x22
                                    RenderInline {FONT} at (0,0) size 11x22
                                      RenderInline {FONT} at (0,0) size 11x22
                                        RenderInline {FONT} at (0,0) size 11x22
                                          RenderInline {FONT} at (0,0) size 11x22
                                            RenderInline {FONT} at (0,0) size 11x22
                                              RenderInline {A} at (0,0) size 11x22
                                                RenderText {#text} at (0,0) size 11x22
                                                  text run at (0,0) width 11: "Z"
                                              RenderInline {FONT} at (0,0) size 0x0
                                                RenderText {#text} at (0,0) size 0x0
      RenderBlock (anonymous) at (0,952) size 768x2
        RenderBlock {HR} at (0,0) size 768x2 [border: (1px inset #000000)]
      RenderBlock (anonymous) at (0,962) size 768x0
        RenderInline {FONT} at (0,0) size 0x0
          RenderInline {FONT} at (0,0) size 0x0
            RenderInline {FONT} at (0,0) size 0x0
              RenderInline {FONT} at (0,0) size 0x0
                RenderInline {FONT} at (0,0) size 0x0
                  RenderInline {FONT} at (0,0) size 0x0
                    RenderInline {FONT} at (0,0) size 0x0
                      RenderInline {FONT} at (0,0) size 0x0
                        RenderInline {FONT} at (0,0) size 0x0
                          RenderInline {FONT} at (0,0) size 0x0
                            RenderInline {FONT} at (0,0) size 0x0
                              RenderInline {FONT} at (0,0) size 0x0
                                RenderInline {FONT} at (0,0) size 0x0
                                  RenderInline {FONT} at (0,0) size 0x0
                                    RenderInline {FONT} at (0,0) size 0x0
                                      RenderInline {FONT} at (0,0) size 0x0
                                        RenderInline {FONT} at (0,0) size 0x0
                                          RenderInline {FONT} at (0,0) size 0x0
                                            RenderInline {FONT} at (0,0) size 0x0
                                              RenderInline {FONT} at (0,0) size 0x0
                                                RenderInline {FONT} at (0,0) size 0x0
      RenderBlock (anonymous) at (0,962) size 768x54
        RenderTable {TABLE} at (0,0) size 64x32 [border: (1px outset #808080)]
          RenderTableSection {TBODY} at (1,1) size 62x30
            RenderTableRow {TR} at (0,2) size 62x26
              RenderTableCell {TD} at (2,2) size 58x26 [border: (1px inset #808080)] [r=0 c=0 rs=1 cs=1]
                RenderText {#text} at (2,2) size 54x22
                  text run at (2,2) width 54: "table-11"
        RenderBlock {DIV} at (0,32) size 768x22
          RenderText {#text} at (0,0) size 94x22
            text run at (0,0) width 94: "div after table"
      RenderBlock (anonymous) at (0,1016) size 768x22
        RenderInline {FONT} at (0,0) size 11x22
          RenderInline {FONT} at (0,0) size 11x22
            RenderInline {FONT} at (0,0) size 11x22
              RenderInline {FONT} at (0,0) size 11x22
                RenderInline {FONT} at (0,0) size 11x22
                  RenderInline {FONT} at (0,0) size 11x22
                    RenderInline {FONT} at (0,0) size 11x22
                      RenderInline {FONT} at (0,0) size 11x22
                        RenderInline {FONT} at (0,0) size 11x22
                          RenderInline {FONT} at (0,0) size 11x22
                            RenderInline {FONT} at (0,0) size 11x22
                              RenderInline {FONT} at (0,0) size 11x22
                                RenderInline {FONT} at (0,0) size 11x22
                                  RenderInline {FONT} at (0,0) size 11x22
                                    RenderInline {FONT} at (0,0) size 11x22
                                      RenderInline {FONT} at (0,0) size 11x22
                                        RenderInline {FONT} at (0,0) size 11x22
                                          RenderInline {FONT} at (0,0) size 11x22
                                            RenderInline {FONT} at (0,0) size 11x22
                                              RenderInline {FONT} at (0,0) size 11x22
                                                RenderInline {FONT} at (0,0) size 11x22
                                                  RenderInline {A} at (0,0) size 11x22
                                                    RenderText {#text} at (0,0) size 11x22
                                                      text run at (0,0) width 11: "Z"
                                                  RenderInline {FONT} at (0,0) size 0x0
                                                    RenderText {#text} at (0,0) size 0x0
      RenderBlock (anonymous) at (0,1046) size 768x2
        RenderBlock {HR} at (0,0) size 768x2 [border: (1px inset #000000)]
      RenderBlock (anonymous) at (0,1056) size 768x0
        RenderInline {FONT} at (0,0) size 0x0
          RenderInline {FONT} at (0,0) size 0x0
            RenderInline {FONT} at (0,0) size 0x0
              RenderInline {FONT} at (0,0) size 0x0
                RenderInline {FONT} at (0,0) size 0x0
                  RenderInline {FONT} at (0,0) size 0x0
                    RenderInline {FONT} at (0,0) size 0x0
                      RenderInline {FONT} at (0,0) size 0x0
                        RenderInline {FONT} at (0,0) size 0x0
                          RenderInline {FONT} at (0,0) size 0x0
                            RenderInline {FONT} at (0,0) size 0x0
                              RenderInline {FONT} at (0,0) size 0x0
                                RenderInline {FONT} at (0,0) size 0x0
                                  RenderInline {FONT} at (0,0) size 0x0
                                    RenderInline {FONT} at (0,0) size 0x0
                                      RenderInline {FONT} at (0,0) size 0x0
                                        RenderInline {FONT} at (0,0) size 0x0
                                          RenderInline {FONT} at (0,0) size 0x0
                                            RenderInline {FONT} at (0,0) size 0x0
                                              RenderInline {FONT} at (0,0) size 0x0
                                                RenderInline {FONT} at (0,0) size 0x0
                                                  RenderInline {FONT} at (0,0) size 0x0
                                                    RenderInline {FONT} at (0,0) size 0x0
      RenderBlock (anonymous) at (0,1056) size 768x54
        RenderBlock {DIV} at (0,0) size 768x22
          RenderText {#text} at (0,0) size 105x22
            text run at (0,0) width 105: "div before table"
        RenderTable {TABLE} at (0,22) size 64x32 [border: (1px outset #808080)]
          RenderTableSection {TBODY} at (1,1) size 62x30
            RenderTableRow {TR} at (0,2) size 62x26
              RenderTableCell {TD} at (2,2) size 58x26 [border: (1px inset #808080)] [r=0 c=0 rs=1 cs=1]
                RenderText {#text} at (2,2) size 54x22
                  text run at (2,2) width 54: "table-12"
      RenderBlock (anonymous) at (0,1110) size 768x0
        RenderInline {FONT} at (0,0) size 0x0
          RenderInline {FONT} at (0,0) size 0x0
            RenderInline {FONT} at (0,0) size 0x0
              RenderInline {FONT} at (0,0) size 0x0
                RenderInline {FONT} at (0,0) size 0x0
                  RenderInline {FONT} at (0,0) size 0x0
                    RenderInline {FONT} at (0,0) size 0x0
                      RenderInline {FONT} at (0,0) size 0x0
                        RenderInline {FONT} at (0,0) size 0x0
                          RenderInline {FONT} at (0,0) size 0x0
                            RenderInline {FONT} at (0,0) size 0x0
                              RenderInline {FONT} at (0,0) size 0x0
                                RenderInline {FONT} at (0,0) size 0x0
                                  RenderInline {FONT} at (0,0) size 0x0
                                    RenderInline {FONT} at (0,0) size 0x0
                                      RenderInline {FONT} at (0,0) size 0x0
                                        RenderInline {FONT} at (0,0) size 0x0
                                          RenderInline {FONT} at (0,0) size 0x0
                                            RenderInline {FONT} at (0,0) size 0x0
                                              RenderInline {FONT} at (0,0) size 0x0
                                                RenderInline {FONT} at (0,0) size 0x0
                                                  RenderInline {FONT} at (0,0) size 0x0
                                                    RenderInline {FONT} at (0,0) size 0x0
                                                      RenderInline {FONT} at (0,0) size 0x0
                                                        RenderText {#text} at (0,0) size 0x0
