layer at (0,0) size 800x600
  RenderView at (0,0) size 800x600
layer at (0,0) size 800x600
  RenderBlock {HTML} at (0,0) size 800x600
    RenderBody {BODY} at (8,8) size 784x584
      RenderBlock (anonymous) at (0,0) size 784x21
        RenderText {#text} at (0,0) size 4x21
          text run at (0,0) width 4: " "
      RenderTable {TABLE} at (0,21) size 222x104 [border: (3px solid #0000BB)]
        RenderBlock {CAPTION} at (0,0) size 216x42
          RenderText {#text} at (4,0) size 208x42
            text run at (4,0) width 208: "Testing BORDERCOLOR tag"
            text run at (21,21) width 174: "the border shood be blue."
        RenderTableSection {TBODY} at (3,45) size 216x56
          RenderTableRow {TR} at (0,2) size 216x25
            RenderTableCell {TD} at (2,2) size 37x25 [border: (1px solid #0000BB)] [r=0 c=0 rs=1 cs=1]
              RenderText {#text} at (2,2) size 33x21
                text run at (2,2) width 33: "mike"
            RenderTableCell {TD} at (41,2) size 30x25 [border: (1px solid #0000BB)] [r=0 c=1 rs=1 cs=1]
              RenderText {#text} at (2,2) size 26x21
                text run at (2,2) width 26: "was"
            RenderTableCell {TD} at (73,2) size 34x25 [border: (1px solid #0000BB)] [r=0 c=2 rs=1 cs=1]
              RenderText {#text} at (2,2) size 30x21
                text run at (2,2) width 30: "here"
            RenderTableCell {TD} at (109,2) size 37x25 [border: (1px solid #0000BB)] [r=0 c=3 rs=1 cs=1]
              RenderText {#text} at (2,2) size 33x21
                text run at (2,2) width 33: "mike"
            RenderTableCell {TD} at (148,2) size 30x25 [border: (1px solid #0000BB)] [r=0 c=4 rs=1 cs=1]
              RenderText {#text} at (2,2) size 26x21
                text run at (2,2) width 26: "was"
            RenderTableCell {TD} at (180,2) size 34x25 [border: (1px solid #0000BB)] [r=0 c=5 rs=1 cs=1]
              RenderText {#text} at (2,2) size 30x21
                text run at (2,2) width 30: "here"
          RenderTableRow {TR} at (0,29) size 216x25
            RenderTableCell {TD} at (2,29) size 37x25 [border: (1px solid #0000BB)] [r=1 c=0 rs=1 cs=1]
              RenderText {#text} at (2,2) size 33x21
                text run at (2,2) width 33: "mike"
            RenderTableCell {TD} at (41,29) size 30x25 [border: (1px solid #0000BB)] [r=1 c=1 rs=1 cs=1]
              RenderText {#text} at (2,2) size 26x21
                text run at (2,2) width 26: "was"
            RenderTableCell {TD} at (73,29) size 34x25 [border: (1px solid #0000BB)] [r=1 c=2 rs=1 cs=1]
              RenderText {#text} at (2,2) size 30x21
                text run at (2,2) width 30: "here"
            RenderTableCell {TD} at (109,29) size 37x25 [border: (1px solid #0000BB)] [r=1 c=3 rs=1 cs=1]
              RenderText {#text} at (2,2) size 33x21
                text run at (2,2) width 33: "mike"
            RenderTableCell {TD} at (148,29) size 30x25 [border: (1px solid #0000BB)] [r=1 c=4 rs=1 cs=1]
              RenderText {#text} at (2,2) size 26x21
                text run at (2,2) width 26: "was"
            RenderTableCell {TD} at (180,29) size 34x25 [border: (1px solid #0000BB)] [r=1 c=5 rs=1 cs=1]
              RenderText {#text} at (2,2) size 30x21
                text run at (2,2) width 30: "here"
