layer at (0,0) size 800x600
  RenderView at (0,0) size 800x600
layer at (0,0) size 800x600
  RenderBlock {HTML} at (0,0) size 800x600
    RenderBody {BODY} at (8,8) size 784x584
      RenderTable {TABLE} at (0,0) size 76x28
        RenderTableSection {TBODY} at (0,0) size 76x28
          RenderTableRow {TR} at (0,2) size 76x24
            RenderTableCell {TD} at (2,2) size 35x24 [r=0 c=0 rs=1 cs=1]
              RenderText {#text} at (1,1) size 33x22
                text run at (1,1) width 33: "Data"
            RenderTableCell {TD} at (39,2) size 35x24 [r=0 c=1 rs=1 cs=1]
              RenderText {#text} at (1,1) size 33x22
                text run at (1,1) width 33: "Data"
