layer at (0,0) size 800x600
  RenderView at (0,0) size 800x600
layer at (0,0) size 800x600
  RenderBlock {HTML} at (0,0) size 800x600
    RenderBody {BODY} at (8,8) size 784x584
      RenderBlock (anonymous) at (0,0) size 784x21
        RenderText {#text} at (0,0) size 335x21
          text run at (0,0) width 335: "If the text is too low, then it is probably Bug 6920."
        RenderText {#text} at (0,0) size 0x0
      RenderTable {TABLE} at (0,21) size 271x68 [bgcolor=#FFCC00] [border: (1px outset #808080)]
        RenderTableSection {TBODY} at (1,1) size 269x66
          RenderTableRow {TR} at (0,2) size 269x62
            RenderTableCell {TD} at (2,2) size 265x62 [border: (1px inset #808080)] [r=0 c=0 rs=1 cs=1]
              RenderBlock {DL} at (2,2) size 261x42
                RenderBlock (anonymous) at (0,0) size 261x0
                  RenderInline {FONT} at (0,0) size 0x0
                    RenderText {#text} at (0,0) size 0x0
                RenderBlock (anonymous) at (0,0) size 261x21
                  RenderBlock {DT} at (0,0) size 261x21
                    RenderText {#text} at (0,0) size 26x21
                      text run at (0,0) width 26: "Baz"
                RenderBlock (anonymous) at (0,21) size 261x0
                  RenderInline {FONT} at (0,0) size 0x0
                  RenderText {#text} at (0,0) size 0x0
                RenderBlock {DD} at (40,21) size 221x21
                  RenderText {#text} at (0,0) size 221x21
                    text run at (0,0) width 221: "foo foo foo foo foo foo foo foo foo"
