layer at (0,0) size 800x2530
  RenderView at (0,0) size 800x600
layer at (0,0) size 800x2530
  RenderBlock {HTML} at (0,0) size 800x2530
    RenderBody {BODY} at (8,18) size 784x2498 [bgcolor=#FFFFFF]
      RenderBlock {H1} at (0,0) size 784x38
        RenderText {#text} at (0,0) size 320x38
          text run at (0,0) width 320: "Table Inheritance Tests - 1"
      RenderBlock {P} at (0,56) size 784x20
        RenderText {#text} at (0,0) size 376x20
          text run at (0,0) width 376: "If you have any comments to make regarding this test, e-mail "
        RenderInline {A} at (0,0) size 173x20 [color=#0000EE]
          RenderText {#text} at (376,0) size 173x20
            text run at (376,0) width 173: "py8ieh=eviltests@bath.ac.uk"
        RenderText {#text} at (549,0) size 4x20
          text run at (549,0) width 4: "."
      RenderBlock {DL} at (0,90) size 784x40
        RenderBlock {DT} at (0,0) size 784x20
          RenderText {#text} at (0,0) size 78x20
            text run at (0,0) width 78: "Prerequisites"
        RenderBlock {DD} at (40,20) size 744x20
          RenderText {#text} at (0,0) size 532x20
            text run at (0,0) width 532: "Browsers that are subjected to this test should support CSS1 and the CSS2 table model."
      RenderBlock {H2} at (0,147) size 784x29
        RenderText {#text} at (0,0) size 92x30
          text run at (0,0) width 92: "0. Control"
      RenderBlock {P} at (0,193) size 784x20
        RenderText {#text} at (0,0) size 386x20
          text run at (0,0) width 386: "The following four tests should look identical, namely, like this:"
      RenderBlock {DIV} at (0,227) size 784x76 [color=#FFFFFF] [bgcolor=#000000]
        RenderText {#text} at (0,0) size 768x76
          text run at (0,0) width 768: "This text should be white on black, bold, twice the size of"
          text run at (0,38) width 367: "normal text, and sans serif."
      RenderBlock {P} at (0,317) size 784x60
        RenderText {#text} at (0,0) size 768x60
          text run at (0,0) width 768: "There are some minor exceptions, however. The x.1 tests should fill the viewport width, the other tests need not. Also, browsers"
          text run at (0,20) width 753: "attempting to have backwards compatability with the buggy behaviour of legacy browsers may omit to inherit the color and"
          text run at (0,40) width 681: "font-size in 1.1, which will make 1.1 (but only 1.1) unreadable. That is the problem with not following the specs."
      RenderBlock {H2} at (0,394) size 784x29
        RenderText {#text} at (0,0) size 150x30
          text run at (0,0) width 150: "1. HTML Tables"
      RenderBlock {H3} at (0,440) size 784x23
        RenderText {#text} at (0,0) size 207x23
          text run at (0,0) width 207: "1.1 Inheritance through a DIV"
      RenderBlock {DIV} at (0,479) size 784x82 [color=#FFFFFF] [bgcolor=#000000]
        RenderTable {TABLE} at (0,0) size 784x82
          RenderTableSection {TBODY} at (0,0) size 784x82
            RenderTableRow {TR} at (0,2) size 784x78
              RenderTableCell {TD} at (2,2) size 780x78 [r=0 c=0 rs=1 cs=1]
                RenderText {#text} at (1,1) size 768x76
                  text run at (1,1) width 768: "This text should be white on black, bold, twice the size of"
                  text run at (1,39) width 367: "normal text, and sans serif."
      RenderBlock {H3} at (0,577) size 784x23
        RenderText {#text} at (0,0) size 221x23
          text run at (0,0) width 221: "1.2 Styles set directly on TABLE"
      RenderTable {TABLE} at (0,616) size 784x82 [color=#FFFFFF] [bgcolor=#000000]
        RenderTableSection {TBODY} at (0,0) size 784x82
          RenderTableRow {TR} at (0,2) size 784x78
            RenderTableCell {TD} at (2,2) size 780x78 [r=0 c=0 rs=1 cs=1]
              RenderText {#text} at (1,1) size 768x76
                text run at (1,1) width 768: "This text should be white on black, bold, twice the size of"
                text run at (1,39) width 367: "normal text, and sans serif."
      RenderBlock {H2} at (0,715) size 784x29
        RenderText {#text} at (0,0) size 201x30
          text run at (0,0) width 201: "2. Explicit CSS Tables"
      RenderBlock {H3} at (0,761) size 784x23
        RenderText {#text} at (0,0) size 207x23
          text run at (0,0) width 207: "2.1 Inheritance through a DIV"
      RenderBlock {DIV} at (0,800) size 784x76 [color=#FFFFFF] [bgcolor=#000000]
        RenderTable {DIV} at (0,0) size 784x76
          RenderTableSection at (0,0) size 784x76
            RenderTableRow {DIV} at (0,0) size 784x76
              RenderTableCell {DIV} at (0,0) size 784x76 [r=0 c=0 rs=1 cs=1]
                RenderText {#text} at (0,0) size 768x76
                  text run at (0,0) width 768: "This text should be white on black, bold, twice the size of"
                  text run at (0,38) width 367: "normal text, and sans serif."
      RenderBlock {H3} at (0,892) size 784x23
        RenderText {#text} at (0,0) size 221x23
          text run at (0,0) width 221: "2.2 Styles set directly on TABLE"
      RenderTable {DIV} at (0,931) size 784x76 [color=#FFFFFF] [bgcolor=#000000]
        RenderTableSection at (0,0) size 784x76
          RenderTableRow {DIV} at (0,0) size 784x76
            RenderTableCell {DIV} at (0,0) size 784x76 [r=0 c=0 rs=1 cs=1]
              RenderText {#text} at (0,0) size 768x76
                text run at (0,0) width 768: "This text should be white on black, bold, twice the size of"
                text run at (0,38) width 367: "normal text, and sans serif."
      RenderBlock {H3} at (0,1023) size 784x23
        RenderText {#text} at (0,0) size 205x23
          text run at (0,0) width 205: "2.3 Styles set directly on ROW"
      RenderTable {DIV} at (0,1062) size 784x76
        RenderTableSection at (0,0) size 784x76
          RenderTableRow {DIV} at (0,0) size 784x76 [color=#FFFFFF] [bgcolor=#000000]
            RenderTableCell {DIV} at (0,0) size 784x76 [r=0 c=0 rs=1 cs=1]
              RenderText {#text} at (0,0) size 768x76
                text run at (0,0) width 768: "This text should be white on black, bold, twice the size of"
                text run at (0,38) width 367: "normal text, and sans serif."
      RenderBlock {H3} at (0,1154) size 784x23
        RenderText {#text} at (0,0) size 210x23
          text run at (0,0) width 210: "2.4 Styles set directly on CELL"
      RenderTable {DIV} at (0,1193) size 784x76
        RenderTableSection at (0,0) size 784x76
          RenderTableRow {DIV} at (0,0) size 784x76
            RenderTableCell {DIV} at (0,0) size 784x76 [color=#FFFFFF] [bgcolor=#000000] [r=0 c=0 rs=1 cs=1]
              RenderText {#text} at (0,0) size 768x76
                text run at (0,0) width 768: "This text should be white on black, bold, twice the size of"
                text run at (0,38) width 367: "normal text, and sans serif."
      RenderBlock {H2} at (0,1286) size 784x29
        RenderText {#text} at (0,0) size 337x30
          text run at (0,0) width 337: "3. Implicit CSS Tables (table explicit)"
      RenderBlock {H3} at (0,1332) size 784x23
        RenderText {#text} at (0,0) size 207x23
          text run at (0,0) width 207: "3.1 Inheritance through a DIV"
      RenderBlock {DIV} at (0,1371) size 784x76 [color=#FFFFFF] [bgcolor=#000000]
        RenderTable {DIV} at (0,0) size 784x76
          RenderTableSection at (0,0) size 784x76
            RenderTableRow at (0,0) size 784x76
              RenderTableCell at (0,0) size 784x76 [r=0 c=0 rs=1 cs=1]
                RenderText {#text} at (0,0) size 768x76
                  text run at (0,0) width 768: "This text should be white on black, bold, twice the size of"
                  text run at (0,38) width 367: "normal text, and sans serif."
      RenderBlock {H3} at (0,1463) size 784x23
        RenderText {#text} at (0,0) size 221x23
          text run at (0,0) width 221: "3.2 Styles set directly on TABLE"
      RenderTable {DIV} at (0,1502) size 784x76 [color=#FFFFFF] [bgcolor=#000000]
        RenderTableSection at (0,0) size 784x76
          RenderTableRow at (0,0) size 784x76
            RenderTableCell at (0,0) size 784x76 [r=0 c=0 rs=1 cs=1]
              RenderText {#text} at (0,0) size 768x76
                text run at (0,0) width 768: "This text should be white on black, bold, twice the size of"
                text run at (0,38) width 367: "normal text, and sans serif."
      RenderBlock {H2} at (0,1595) size 784x29
        RenderText {#text} at (0,0) size 327x30
          text run at (0,0) width 327: "4. Implicit CSS Tables (row explicit)"
      RenderBlock {H3} at (0,1641) size 784x23
        RenderText {#text} at (0,0) size 207x23
          text run at (0,0) width 207: "4.1 Inheritance through a DIV"
      RenderBlock {DIV} at (0,1680) size 784x76 [color=#FFFFFF] [bgcolor=#000000]
        RenderTable at (0,0) size 784x76
          RenderTableSection at (0,0) size 784x76
            RenderTableRow {DIV} at (0,0) size 784x76
              RenderTableCell at (0,0) size 784x76 [r=0 c=0 rs=1 cs=1]
                RenderText {#text} at (0,0) size 768x76
                  text run at (0,0) width 768: "This text should be white on black, bold, twice the size of"
                  text run at (0,38) width 367: "normal text, and sans serif."
      RenderTable at (0,1756) size 784x76
        RenderTableSection at (0,0) size 784x76
          RenderTableRow {DIV} at (0,0) size 784x76 [color=#FFFFFF] [bgcolor=#000000]
            RenderTableCell at (0,0) size 784x76 [r=0 c=0 rs=1 cs=1]
              RenderText {#text} at (0,0) size 768x76
                text run at (0,0) width 768: "This text should be white on black, bold, twice the size of"
                text run at (0,38) width 367: "normal text, and sans serif."
      RenderBlock {H3} at (0,1848) size 784x23
        RenderText {#text} at (0,0) size 205x23
          text run at (0,0) width 205: "4.2 Styles set directly on ROW"
      RenderBlock {H2} at (0,1888) size 784x29
        RenderText {#text} at (0,0) size 322x30
          text run at (0,0) width 322: "5. Implicit CSS Tables (cell explicit)"
      RenderBlock {H3} at (0,1934) size 784x23
        RenderText {#text} at (0,0) size 207x23
          text run at (0,0) width 207: "5.1 Inheritance through a DIV"
      RenderBlock {DIV} at (0,1973) size 784x76 [color=#FFFFFF] [bgcolor=#000000]
        RenderTable at (0,0) size 784x76
          RenderTableSection at (0,0) size 784x76
            RenderTableRow at (0,0) size 784x76
              RenderTableCell {DIV} at (0,0) size 784x76 [r=0 c=0 rs=1 cs=1]
                RenderText {#text} at (0,0) size 768x76
                  text run at (0,0) width 768: "This text should be white on black, bold, twice the size of"
                  text run at (0,38) width 367: "normal text, and sans serif."
      RenderTable at (0,2049) size 784x76
        RenderTableSection at (0,0) size 784x76
          RenderTableRow at (0,0) size 784x76
            RenderTableCell {DIV} at (0,0) size 784x76 [color=#FFFFFF] [bgcolor=#000000] [r=0 c=0 rs=1 cs=1]
              RenderText {#text} at (0,0) size 768x76
                text run at (0,0) width 768: "This text should be white on black, bold, twice the size of"
                text run at (0,38) width 367: "normal text, and sans serif."
      RenderBlock {H3} at (0,2141) size 784x23
        RenderText {#text} at (0,0) size 210x23
          text run at (0,0) width 210: "5.2 Styles set directly on CELL"
      RenderBlock {H2} at (0,2181) size 784x29
        RenderText {#text} at (0,0) size 137x30
          text run at (0,0) width 137: "Submit Results"
      RenderBlock {FORM} at (0,2227) size 784x85
        RenderBlock {P} at (0,0) size 784x85
          RenderText {#text} at (0,0) size 247x20
            text run at (0,0) width 247: "How does your browser fare on this test?"
          RenderMenuList {SELECT} at (2,22) size 537x26 [bgcolor=#FFFFFF]
            RenderBlock (anonymous) at (8,3) size 505x20
              RenderText at (0,0) size 505x20
                text run at (0,0) width 505: "The tests all render identically, and this browser may or may not grok CSS2 tables."
          RenderText {#text} at (541,25) size 4x20
            text run at (541,25) width 4: " "
          RenderInline {LABEL} at (0,0) size 221x20
            RenderText {#text} at (545,25) size 69x20
              text run at (545,25) width 69: "Comment: "
            RenderTextControl {INPUT} at (616,22) size 148x26 [bgcolor=#FFFFFF] [border: (2px inset #000000)]
          RenderText {#text} at (0,0) size 0x0
          RenderButton {INPUT} at (2,52) size 61x31 [bgcolor=#C0C0C0]
            RenderBlock (anonymous) at (8,5) size 45x20
              RenderText at (0,0) size 45x20
                text run at (0,0) width 45: "Submit"
          RenderText {#text} at (0,0) size 0x0
      RenderBlock {HR} at (0,2326) size 784x2 [border: (1px inset #000000)]
      RenderBlock {P} at (0,2342) size 784x20
        RenderText {#text} at (0,0) size 61x20
          text run at (0,0) width 61: "Up to the "
        RenderInline {A} at (0,0) size 68x20 [color=#0000EE]
          RenderText {#text} at (61,0) size 68x20
            text run at (61,0) width 68: "Table Tests"
        RenderText {#text} at (129,0) size 4x20
          text run at (129,0) width 4: "."
      RenderBlock {P} at (0,2376) size 784x20
        RenderText {#text} at (0,0) size 61x20
          text run at (0,0) width 61: "Up to the "
        RenderInline {A} at (0,0) size 91x20 [color=#0000EE]
          RenderText {#text} at (61,0) size 91x20
            text run at (61,0) width 91: "Evil Tests Page"
        RenderText {#text} at (152,0) size 4x20
          text run at (152,0) width 4: "."
      RenderBlock {P} at (0,2410) size 784x20
        RenderText {#text} at (0,0) size 58x20
          text run at (0,0) width 58: "Bugzilla: "
        RenderInline {A} at (0,0) size 56x20 [color=#0000EE]
          RenderText {#text} at (58,0) size 56x20
            text run at (58,0) width 56: "Bug 1044"
      RenderBlock {P} at (0,2444) size 784x20
        RenderText {#text} at (0,0) size 167x20
          text run at (0,0) width 167: "This page is maintained by "
        RenderInline {A} at (0,0) size 73x20 [color=#0000EE]
          RenderText {#text} at (167,0) size 73x20
            text run at (167,0) width 73: "Ian Hickson"
        RenderText {#text} at (240,0) size 9x20
          text run at (240,0) width 9: " ("
        RenderInline {A} at (0,0) size 118x20 [color=#0000EE]
          RenderText {#text} at (249,0) size 118x20
            text run at (249,0) width 118: "py8ieh@bath.ac.uk"
        RenderText {#text} at (367,0) size 9x20
          text run at (367,0) width 9: ")."
      RenderBlock {P} at (0,2478) size 784x20
        RenderText {#text} at (0,0) size 176x20
          text run at (0,0) width 176: "Last updated in March 1999."
layer at (627,2270) size 142x20
  RenderBlock {DIV} at (3,3) size 142x20
