layer at (0,0) size 800x600
  RenderView at (0,0) size 800x600
layer at (0,0) size 800x128
  RenderBlock {HTML} at (0,0) size 800x128
    RenderBody {BODY} at (8,8) size 784x112
      RenderBlock (anonymous) at (0,0) size 784x21
        RenderText {#text} at (0,0) size 4x21
          text run at (0,0) width 4: " "
      RenderTable {TABLE} at (0,21) size 238x91 [border: (1px outset #808080)]
        RenderTableSection {TBODY} at (1,1) size 236x89
          RenderTableRow {TR} at (0,2) size 236x27
            RenderTableCell {TD} at (2,2) size 14x27 [border: (1px inset #808080)] [r=0 c=0 rs=1 cs=1]
              RenderText {#text} at (3,3) size 8x21
                text run at (3,3) width 8: "1"
            RenderTableCell {TD} at (18,16) size 144x27 [border: (1px inset #808080)] [r=0 c=1 rs=2 cs=3]
              RenderText {#text} at (3,3) size 138x21
                text run at (3,3) width 138: "colspan 3 rowspan 2"
            RenderTableCell {TD} at (164,2) size 22x27 [border: (1px inset #808080)] [r=0 c=4 rs=1 cs=1]
              RenderText {#text} at (3,3) size 8x21
                text run at (3,3) width 8: "3"
          RenderTableRow {TR} at (0,31) size 236x27
            RenderTableCell {TD} at (2,31) size 14x27 [border: (1px inset #808080)] [r=1 c=0 rs=1 cs=1]
              RenderText {#text} at (3,3) size 8x21
                text run at (3,3) width 8: "4"
            RenderTableCell {TD} at (164,31) size 22x27 [border: (1px inset #808080)] [r=1 c=4 rs=1 cs=1]
              RenderText {#text} at (3,3) size 8x21
                text run at (3,3) width 8: "5"
            RenderTableCell {TD} at (188,31) size 14x27 [border: (1px inset #808080)] [r=1 c=5 rs=1 cs=1]
              RenderText {#text} at (3,3) size 8x21
                text run at (3,3) width 8: "6"
            RenderTableCell {TD} at (204,31) size 14x27 [border: (1px inset #808080)] [r=1 c=6 rs=1 cs=1]
              RenderText {#text} at (3,3) size 8x21
                text run at (3,3) width 8: "7"
            RenderTableCell {TD} at (220,31) size 14x27 [border: (1px inset #808080)] [r=1 c=7 rs=1 cs=1]
              RenderText {#text} at (3,3) size 8x21
                text run at (3,3) width 8: "8"
          RenderTableRow {TR} at (0,60) size 236x27
            RenderTableCell {TD} at (2,60) size 14x27 [border: (1px inset #808080)] [r=2 c=0 rs=1 cs=1]
              RenderText {#text} at (3,3) size 8x21
                text run at (3,3) width 8: "9"
            RenderTableCell {TD} at (18,60) size 46x27 [border: (1px inset #808080)] [r=2 c=1 rs=1 cs=1]
              RenderText {#text} at (3,3) size 16x21
                text run at (3,3) width 16: "10"
            RenderTableCell {TD} at (66,60) size 47x27 [border: (1px inset #808080)] [r=2 c=2 rs=1 cs=1]
              RenderText {#text} at (3,3) size 16x21
                text run at (3,3) width 16: "11"
            RenderTableCell {TD} at (115,60) size 47x27 [border: (1px inset #808080)] [r=2 c=3 rs=1 cs=1]
              RenderText {#text} at (3,3) size 16x21
                text run at (3,3) width 16: "12"
            RenderTableCell {TD} at (164,60) size 22x27 [border: (1px inset #808080)] [r=2 c=4 rs=1 cs=1]
              RenderText {#text} at (3,3) size 16x21
                text run at (3,3) width 16: "13"
