layer at (0,0) size 800x600
  RenderView at (0,0) size 800x600
layer at (0,0) size 800x600
  RenderBlock {HTML} at (0,0) size 800x600
    RenderBody {BODY} at (8,8) size 784x584
      RenderTable {TABLE} at (0,0) size 400x170 [border: (1px solid #FF0000)]
        RenderTableSection {TBODY} at (1,1) size 398x168
          RenderTableRow {TR} at (0,2) size 398x26
            RenderTableCell {TD} at (2,2) size 300x26 [border: (1px solid #0000FF)] [r=0 c=0 rs=1 cs=1]
              RenderText {#text} at (2,2) size 241x22
                text run at (2,2) width 241: "What's New on WebDeveloper.com"
            RenderTableCell {TD} at (304,2) size 92x26 [border: (1px solid #0000FF)] [r=0 c=1 rs=1 cs=1]
              RenderText {#text} at (2,2) size 35x22
                text run at (2,2) width 35: "umm"
          RenderTableRow {TR} at (0,30) size 398x136
            RenderTableCell {TD} at (2,74) size 300x48 [border: (1px solid #008000)] [r=1 c=0 rs=1 cs=1]
              RenderText {#text} at (2,2) size 268x44
                text run at (2,2) width 268: "blah blah blah blah blah blah blah blah"
                text run at (2,24) width 132: "blah blah blah blah"
            RenderTableCell {TD} at (304,30) size 92x136 [border: (1px solid #008000)] [r=1 c=1 rs=1 cs=1]
              RenderText {#text} at (2,2) size 64x132
                text run at (2,2) width 64: "blah blah"
                text run at (2,24) width 64: "blah blah"
                text run at (2,46) width 64: "blah blah"
                text run at (2,68) width 64: "blah blah"
                text run at (2,90) width 64: "blah blah"
                text run at (2,112) width 64: "blah blah"
