layer at (0,0) size 800x600
  RenderView at (0,0) size 800x600
layer at (0,0) size 800x600
  RenderBlock {HTML} at (0,0) size 800x600
    RenderBody {BODY} at (8,8) size 784x584
      RenderTable {TABLE} at (0,0) size 143x37 [border: (1px outset #808080)]
        RenderTableSection {TBODY} at (1,1) size 141x35
          RenderTableRow {TR} at (0,2) size 141x31
            RenderTableCell {TD} at (2,2) size 137x31 [border: (1px inset #808080)] [r=0 c=0 rs=1 cs=1]
              RenderTable {TABLE} at (2,2) size 133x27 [bgcolor=#FFCC99]
                RenderTableSection {TBODY} at (0,0) size 133x27
                  RenderTableRow {TR} at (0,2) size 133x23
                    RenderTableCell {TD} at (2,2) size 34x23 [bgcolor=#FF6600] [r=0 c=0 rs=1 cs=1]
                      RenderText {#text} at (1,1) size 32x21
                        text run at (1,1) width 32: "Find"
                    RenderTableCell {TD} at (38,2) size 93x23 [r=0 c=1 rs=1 cs=1]
                      RenderText {#text} at (1,1) size 91x21
                        text run at (1,1) width 91: "rick was here"
