layer at (0,0) size 800x600
  RenderView at (0,0) size 800x600
layer at (0,0) size 800x94
  RenderBlock {HTML} at (0,0) size 800x94
    RenderBody {BODY} at (8,16) size 784x70
      RenderBlock {P} at (0,0) size 784x22
        RenderText {#text} at (0,0) size 317x22
          text run at (0,0) width 317: "The background color should span all columns"
      RenderTable {TABLE} at (0,38) size 484x32 [border: (1px outset #808080)]
        RenderTableCol {COLGROUP} at (0,0) size 0x0
          RenderTableCol {COL} at (0,0) size 0x0 [bgcolor=#00FF00]
        RenderTableSection {TBODY} at (1,1) size 482x30
          RenderTableRow {TR} at (0,2) size 482x26
            RenderTableCell {TD} at (2,2) size 118x26 [border: (1px inset #808080)] [r=0 c=0 rs=1 cs=1]
              RenderText {#text} at (2,2) size 114x22
                text run at (2,2) width 114: "Column 1, row 1"
            RenderTableCell {TD} at (122,2) size 118x26 [border: (1px inset #808080)] [r=0 c=1 rs=1 cs=1]
              RenderText {#text} at (2,2) size 114x22
                text run at (2,2) width 114: "Column 2, row 1"
            RenderTableCell {TD} at (242,2) size 118x26 [border: (1px inset #808080)] [r=0 c=2 rs=1 cs=1]
              RenderText {#text} at (2,2) size 114x22
                text run at (2,2) width 114: "Column 3, row 1"
            RenderTableCell {TD} at (362,2) size 118x26 [border: (1px inset #808080)] [r=0 c=3 rs=1 cs=1]
              RenderText {#text} at (2,2) size 114x22
                text run at (2,2) width 114: "Column 4, row 1"
