layer at (0,0) size 784x609
  RenderView at (0,0) size 784x600
layer at (0,0) size 784x609
  RenderBlock {HTML} at (0,0) size 784x609
    RenderBody {BODY} at (8,8) size 768x593
      RenderBlock {P} at (0,0) size 768x22
        RenderText {#text} at (0,0) size 202x22
          text run at (0,0) width 202: "Tests of padding in table cells."
      RenderTable {TABLE} at (0,38) size 392x134
        RenderTableSection {TBODY} at (0,0) size 392x134
          RenderTableRow {TR} at (0,2) size 392x130
            RenderTableCell {TD} at (2,2) size 135x130 [r=0 c=0 rs=1 cs=1]
              RenderBlock {P} at (10,10) size 115x22
                RenderInline {B} at (0,0) size 115x22
                  RenderText {#text} at (0,0) size 115x22
                    text run at (0,0) width 115: "1) padding: 20px"
              RenderTable {TABLE} at (10,48) size 84x72 [border: (1px outset #808080)]
                RenderTableSection {TBODY} at (1,1) size 82x70
                  RenderTableRow {TR} at (0,2) size 82x66
                    RenderTableCell {TD} at (2,2) size 78x66 [border: (1px inset #808080)] [r=0 c=0 rs=1 cs=1]
                      RenderBlock {DIV} at (21,21) size 36x24 [border: (1px dashed #FF0000)]
                        RenderText {#text} at (1,1) size 34x22
                          text run at (1,1) width 34: "FOO"
            RenderTableCell {TD} at (139,2) size 251x130 [r=0 c=1 rs=1 cs=1]
              RenderBlock {P} at (10,10) size 231x22
                RenderInline {B} at (0,0) size 231x22
                  RenderText {#text} at (0,0) size 231x22
                    text run at (0,0) width 231: "2) padding: 10px 25px 30px 45px;"
              RenderTable {TABLE} at (10,48) size 114x72 [border: (1px outset #808080)]
                RenderTableSection {TBODY} at (1,1) size 112x70
                  RenderTableRow {TR} at (0,2) size 112x66
                    RenderTableCell {TD} at (2,2) size 108x66 [border: (1px inset #808080)] [r=0 c=0 rs=1 cs=1]
                      RenderBlock {DIV} at (46,11) size 36x24 [border: (1px dashed #FF0000)]
                        RenderText {#text} at (1,1) size 34x22
                          text run at (1,1) width 34: "FOO"
      RenderBlock (anonymous) at (0,172) size 768x22
        RenderBR {BR} at (0,0) size 0x22
      RenderTable {TABLE} at (0,194) size 694x115
        RenderTableSection {TBODY} at (0,0) size 694x115
          RenderTableRow {TR} at (0,2) size 694x111
            RenderTableCell {TD} at (2,2) size 161x92 [r=0 c=0 rs=1 cs=1]
              RenderBlock {P} at (10,10) size 141x22
                RenderInline {B} at (0,0) size 141x22
                  RenderText {#text} at (0,0) size 141x22
                    text run at (0,0) width 141: "3) padding-left: 20px"
              RenderTable {TABLE} at (10,48) size 65x34 [border: (1px outset #808080)]
                RenderTableSection {TBODY} at (1,1) size 63x32
                  RenderTableRow {TR} at (0,2) size 63x28
                    RenderTableCell {TD} at (2,2) size 59x28 [border: (1px inset #808080)] [r=0 c=0 rs=1 cs=1]
                      RenderBlock {DIV} at (21,2) size 36x24 [border: (1px dashed #FF0000)]
                        RenderText {#text} at (1,1) size 34x22
                          text run at (1,1) width 34: "FOO"
            RenderTableCell {TD} at (165,2) size 173x92 [r=0 c=1 rs=1 cs=1]
              RenderBlock {P} at (10,10) size 153x22
                RenderInline {B} at (0,0) size 153x22
                  RenderText {#text} at (0,0) size 153x22
                    text run at (0,0) width 153: "4) padding-right: 20px"
              RenderTable {TABLE} at (10,48) size 65x34 [border: (1px outset #808080)]
                RenderTableSection {TBODY} at (1,1) size 63x32
                  RenderTableRow {TR} at (0,2) size 63x28
                    RenderTableCell {TD} at (2,2) size 59x28 [border: (1px inset #808080)] [r=0 c=0 rs=1 cs=1]
                      RenderBlock {DIV} at (2,2) size 36x24 [border: (1px dashed #FF0000)]
                        RenderText {#text} at (1,1) size 34x22
                          text run at (1,1) width 34: "FOO"
            RenderTableCell {TD} at (340,2) size 162x111 [r=0 c=2 rs=1 cs=1]
              RenderBlock {P} at (10,10) size 142x22
                RenderInline {B} at (0,0) size 142x22
                  RenderText {#text} at (0,0) size 142x22
                    text run at (0,0) width 142: "5) padding-top: 20px"
              RenderTable {TABLE} at (10,48) size 46x53 [border: (1px outset #808080)]
                RenderTableSection {TBODY} at (1,1) size 44x51
                  RenderTableRow {TR} at (0,2) size 44x47
                    RenderTableCell {TD} at (2,2) size 40x47 [border: (1px inset #808080)] [r=0 c=0 rs=1 cs=1]
                      RenderBlock {DIV} at (2,21) size 36x24 [border: (1px dashed #FF0000)]
                        RenderText {#text} at (1,1) size 34x22
                          text run at (1,1) width 34: "FOO"
            RenderTableCell {TD} at (504,2) size 188x111 [r=0 c=3 rs=1 cs=1]
              RenderBlock {P} at (10,10) size 168x22
                RenderInline {B} at (0,0) size 168x22
                  RenderText {#text} at (0,0) size 168x22
                    text run at (0,0) width 168: "6) padding-bottom: 20px"
              RenderTable {TABLE} at (10,48) size 46x53 [border: (1px outset #808080)]
                RenderTableSection {TBODY} at (1,1) size 44x51
                  RenderTableRow {TR} at (0,2) size 44x47
                    RenderTableCell {TD} at (2,2) size 40x47 [border: (1px inset #808080)] [r=0 c=0 rs=1 cs=1]
                      RenderBlock {DIV} at (2,2) size 36x24 [border: (1px dashed #FF0000)]
                        RenderText {#text} at (1,1) size 34x22
                          text run at (1,1) width 34: "FOO"
      RenderBlock (anonymous) at (0,309) size 768x22
        RenderBR {BR} at (0,0) size 0x22
      RenderBlock {P} at (0,347) size 768x22
        RenderInline {B} at (0,0) size 240x22
          RenderText {#text} at (0,0) size 240x22
            text run at (0,0) width 240: "misc) padding: 20px 10px 40px 0px"
      RenderTable {TABLE} at (0,385) size 54x92 [border: (1px outset #808080)]
        RenderTableSection {TBODY} at (1,1) size 52x90
          RenderTableRow {TR} at (0,2) size 52x86
            RenderTableCell {TD} at (2,2) size 48x86 [border: (1px inset #808080)] [r=0 c=0 rs=1 cs=1]
              RenderBlock {DIV} at (1,21) size 36x24 [border: (1px dashed #FF0000)]
                RenderText {#text} at (1,1) size 34x22
                  text run at (1,1) width 34: "FOO"
      RenderBlock {P} at (0,493) size 768x22
        RenderInline {B} at (0,0) size 329x22
          RenderText {#text} at (0,0) size 329x22
            text run at (0,0) width 329: "misc) padding-top: 10px; padding-bottom: 20px;"
      RenderTable {TABLE} at (0,531) size 46x62 [border: (1px outset #808080)]
        RenderTableSection {TBODY} at (1,1) size 44x60
          RenderTableRow {TR} at (0,2) size 44x56
            RenderTableCell {TD} at (2,2) size 40x56 [border: (1px inset #808080)] [r=0 c=0 rs=1 cs=1]
              RenderBlock {DIV} at (2,11) size 36x24 [border: (1px dashed #FF0000)]
                RenderText {#text} at (1,1) size 34x22
                  text run at (1,1) width 34: "FOO"
