layer at (0,0) size 800x600
  RenderView at (0,0) size 800x600
layer at (0,0) size 800x600
  RenderBlock {HTML} at (0,0) size 800x600
    RenderBody {BODY} at (8,8) size 784x584
      RenderTable {TABLE} at (0,0) size 784x96
        RenderTableSection {TBODY} at (0,0) size 784x96
          RenderTableRow {TR} at (0,2) size 784x92
            RenderTableCell {TD} at (2,2) size 641x92 [r=0 c=0 rs=1 cs=1]
              RenderTable {TABLE} at (1,1) size 639x90
                RenderTableSection {TBODY} at (0,0) size 639x90
                  RenderTableRow {TR} at (0,2) size 639x86
                    RenderTableCell {TD} at (2,2) size 635x86 [r=0 c=0 rs=1 cs=1]
                      RenderText {#text} at (1,1) size 56x84
                        text run at (1,1) width 56: "inside of"
                        text run at (1,64) width 33: "table"
                      RenderImage {IMG} at (34,22) size 600x58
            RenderTableCell {TD} at (645,26) size 137x44 [r=0 c=1 rs=1 cs=1]
              RenderText {#text} at (1,1) size 126x42
                text run at (1,1) width 126: "2nd row of outside"
                text run at (1,22) width 33: "table"
