layer at (0,0) size 800x600
  RenderView at (0,0) size 800x600
layer at (0,0) size 800x600
  RenderBlock {HTML} at (0,0) size 800x600
    RenderBody {BODY} at (8,8) size 784x584
      RenderTable {TABLE} at (0,0) size 300x52 [border: (2px outset #808080)]
        RenderTableSection {TBODY} at (2,2) size 296x48
          RenderTableRow {TR} at (0,0) size 296x48
            RenderTableCell {TD} at (0,0) size 296x48 [bgcolor=#FFFF00] [border: (1px inset #808080)] [r=0 c=0 rs=1 cs=1]
              RenderBlock {CENTER} at (3,3) size 290x42
                RenderInline {A} at (0,0) size 0x0 [color=#0000EE]
                  RenderImage {IMG} at (0,0) size 20x20
                RenderText {#text} at (0,0) size 0x0
                RenderInline {A} at (0,0) size 202x42 [color=#0000EE]
                  RenderInline {FONT} at (0,0) size 202x42 [color=#000000]
                    RenderText {#text} at (58,0) size 197x21
                      text run at (58,0) width 117: "Free Homepage! "
                      text run at (174,0) width 81: "Free Email!"
                    RenderBR {BR} at (254,16) size 1x0
                    RenderText {#text} at (53,21) size 184x21
                      text run at (53,21) width 46: "It's all "
                      text run at (98,21) width 139: "yours at ACMEcity!"
