layer at (0,0) size 800x600
  RenderView at (0,0) size 800x600
layer at (0,0) size 800x251
  RenderBlock {HTML} at (0,0) size 800x251
    RenderBody {BODY} at (8,8) size 784x235
      RenderTable {TABLE} at (0,0) size 400x235 [border: (1px outset #808080)]
        RenderBlock {CAPTION} at (0,0) size 398x21
          RenderText {#text} at (38,0) size 322x21
            text run at (38,0) width 322: "Table is 400 px width, set with table width=400."
        RenderTableCol {COLGROUP} at (0,0) size 0x0
          RenderTableCol {COL} at (0,0) size 0x0
          RenderTableCol {COL} at (0,0) size 0x0
          RenderTableCol {COL} at (0,0) size 0x0
        RenderTableSection {TBODY} at (1,22) size 398x212
          RenderTableRow {TR} at (0,0) size 398x212
            RenderTableCell {TD} at (0,0) size 398x212 [border: (1px inset #808080)] [r=0 c=0 rs=1 cs=3]
              RenderText {#text} at (1,1) size 396x210
                text run at (1,1) width 323: "table Cols 1 - 3. There must be a lot of text here "
                text run at (324,1) width 72: "in order to"
                text run at (1,22) width 236: "see the bug. table Cols 1 - 3. There "
                text run at (237,22) width 132: "must be a lot of text"
                text run at (1,43) width 193: "here in order to see the bug. "
                text run at (194,43) width 186: "table Cols 1 - 3. There must"
                text run at (1,64) width 133: "be a lot of text here "
                text run at (134,64) width 263: "in order to see the bug. table Cols 1 - 3."
                text run at (1,85) width 45: "There "
                text run at (46,85) width 325: "must be a lot of text here in order to see the bug."
                text run at (1,106) width 323: "table Cols 1 - 3. There must be a lot of text here "
                text run at (324,106) width 72: "in order to"
                text run at (1,127) width 236: "see the bug. table Cols 1 - 3. There "
                text run at (237,127) width 132: "must be a lot of text"
                text run at (1,148) width 193: "here in order to see the bug. "
                text run at (194,148) width 186: "table Cols 1 - 3. There must"
                text run at (1,169) width 133: "be a lot of text here "
                text run at (134,169) width 263: "in order to see the bug. table Cols 1 - 3."
                text run at (1,190) width 45: "There "
                text run at (46,190) width 325: "must be a lot of text here in order to see the bug."
