layer at (0,0) size 800x600
  RenderView at (0,0) size 800x600
layer at (0,0) size 800x600
  RenderBlock {HTML} at (0,0) size 800x600
    RenderBody {BODY} at (8,8) size 784x584
      RenderBlock (anonymous) at (0,0) size 784x0
        RenderInline {B} at (0,0) size 0x0
          RenderText {#text} at (0,0) size 0x0
          RenderText {#text} at (0,0) size 0x0
      RenderTable {TABLE} at (0,0) size 239x97 [border: (1px outset #808080)]
        RenderTableSection {TBODY} at (1,1) size 237x95
          RenderTableRow {TR} at (0,5) size 237x25
            RenderTableCell {TD} at (5,5) size 122x25 [border: (1px inset #808080)] [r=0 c=0 rs=1 cs=1]
              RenderText {#text} at (2,2) size 118x21
                text run at (2,2) width 118: "Click name to see"
            RenderTableCell {TD} at (132,20) size 100x25 [bgcolor=#00FF00] [border: (1px inset #808080)] [r=0 c=1 rs=2 cs=1]
              RenderText {#text} at (2,2) size 96x21
                text run at (2,2) width 96: "Mac Clbr Opt"
          RenderTableRow {TR} at (0,35) size 237x25
            RenderTableCell {TD} at (5,35) size 122x25 [border: (1px inset #808080)] [r=1 c=0 rs=1 cs=1]
              RenderText {#text} at (2,2) size 42x21
                text run at (2,2) width 42: "Guilty"
          RenderTableRow {TR} at (0,65) size 237x25
            RenderTableCell {TD} at (5,65) size 122x25 [border: (1px inset #808080)] [r=2 c=0 rs=1 cs=1]
              RenderText {#text} at (2,2) size 4x21
                text run at (2,2) width 4: " "
            RenderTableCell {TD} at (132,65) size 100x25 [bgcolor=#FFFF00] [border: (1px inset #808080)] [r=2 c=1 rs=1 cs=1]
              RenderText {#text} at (2,2) size 27x21
                text run at (2,2) width 27: "L C"
      RenderBlock (anonymous) at (0,97) size 784x21
        RenderInline {B} at (0,0) size 0x21
          RenderText {#text} at (0,0) size 0x0
          RenderBR {BR} at (0,0) size 0x21
          RenderInline {B} at (0,0) size 0x0
            RenderText {#text} at (0,0) size 0x0
            RenderText {#text} at (0,0) size 0x0
      RenderBlock (anonymous) at (0,118) size 784x127
        RenderTable {TABLE} at (0,0) size 239x127 [border: (1px outset #808080)]
          RenderTableSection {TBODY} at (1,1) size 237x125
            RenderTableRow {TR} at (0,5) size 237x25
              RenderTableCell {TD} at (5,5) size 122x25 [border: (1px inset #808080)] [r=0 c=0 rs=1 cs=1]
                RenderText {#text} at (2,2) size 21x21
                  text run at (2,2) width 21: "foo"
              RenderTableCell {TD} at (132,5) size 100x25 [border: (1px inset #808080)] [r=0 c=1 rs=1 cs=1]
                RenderText {#text} at (2,2) size 24x21
                  text run at (2,2) width 24: "bar"
            RenderTableRow {TR} at (0,35) size 237x25
              RenderTableCell {TD} at (5,35) size 122x25 [border: (1px inset #808080)] [r=1 c=0 rs=1 cs=1]
                RenderText {#text} at (2,2) size 118x21
                  text run at (2,2) width 118: "Click name to see"
              RenderTableCell {TD} at (132,50) size 100x25 [bgcolor=#00FF00] [border: (1px inset #808080)] [r=1 c=1 rs=2 cs=1]
                RenderText {#text} at (2,2) size 96x21
                  text run at (2,2) width 96: "Mac Clbr Opt"
            RenderTableRow {TR} at (0,65) size 237x25
              RenderTableCell {TD} at (5,65) size 122x25 [border: (1px inset #808080)] [r=2 c=0 rs=1 cs=1]
                RenderText {#text} at (2,2) size 42x21
                  text run at (2,2) width 42: "Guilty"
            RenderTableRow {TR} at (0,95) size 237x25
              RenderTableCell {TD} at (5,95) size 122x25 [border: (1px inset #808080)] [r=3 c=0 rs=1 cs=1]
                RenderText {#text} at (2,2) size 4x21
                  text run at (2,2) width 4: " "
              RenderTableCell {TD} at (132,95) size 100x25 [bgcolor=#FFFF00] [border: (1px inset #808080)] [r=3 c=1 rs=1 cs=1]
                RenderText {#text} at (2,2) size 27x21
                  text run at (2,2) width 27: "L C"
      RenderBlock (anonymous) at (0,245) size 784x21
        RenderInline {B} at (0,0) size 0x21
          RenderInline {B} at (0,0) size 0x21
            RenderText {#text} at (0,0) size 0x0
            RenderBR {BR} at (0,0) size 0x21
            RenderInline {B} at (0,0) size 0x0
              RenderText {#text} at (0,0) size 0x0
              RenderText {#text} at (0,0) size 0x0
      RenderBlock (anonymous) at (0,266) size 784x97
        RenderTable {TABLE} at (0,0) size 275x97 [border: (1px outset #808080)]
          RenderTableSection {TBODY} at (1,1) size 273x95
            RenderTableRow {TR} at (0,5) size 273x25
              RenderTableCell {TD} at (5,5) size 122x25 [border: (1px inset #808080)] [r=0 c=0 rs=1 cs=1]
                RenderText {#text} at (2,2) size 118x21
                  text run at (2,2) width 118: "Click name to see"
              RenderTableCell {TD} at (132,35) size 100x25 [bgcolor=#00FF00] [border: (1px inset #808080)] [r=0 c=1 rs=3 cs=1]
                RenderText {#text} at (2,2) size 96x21
                  text run at (2,2) width 96: "Mac Clbr Opt"
            RenderTableRow {TR} at (0,35) size 273x25
              RenderTableCell {TD} at (5,35) size 122x25 [border: (1px inset #808080)] [r=1 c=0 rs=1 cs=1]
                RenderText {#text} at (2,2) size 42x21
                  text run at (2,2) width 42: "Guilty"
            RenderTableRow {TR} at (0,65) size 273x25
              RenderTableCell {TD} at (5,65) size 122x25 [border: (1px inset #808080)] [r=2 c=0 rs=1 cs=1]
                RenderText {#text} at (2,2) size 4x21
                  text run at (2,2) width 4: " "
              RenderTableCell {TD} at (237,65) size 31x25 [bgcolor=#FFFF00] [border: (1px inset #808080)] [r=2 c=2 rs=1 cs=1]
                RenderText {#text} at (2,2) size 27x21
                  text run at (2,2) width 27: "L C"
      RenderBlock (anonymous) at (0,363) size 784x21
        RenderInline {B} at (0,0) size 0x21
          RenderInline {B} at (0,0) size 0x21
            RenderInline {B} at (0,0) size 0x21
              RenderText {#text} at (0,0) size 0x0
              RenderBR {BR} at (0,0) size 0x21
              RenderInline {B} at (0,0) size 0x0
                RenderText {#text} at (0,0) size 0x0
                RenderText {#text} at (0,0) size 0x0
      RenderBlock (anonymous) at (0,384) size 784x127
        RenderTable {TABLE} at (0,0) size 275x127 [border: (1px outset #808080)]
          RenderTableSection {TBODY} at (1,1) size 273x125
            RenderTableRow {TR} at (0,5) size 273x25
              RenderTableCell {TD} at (5,5) size 122x25 [border: (1px inset #808080)] [r=0 c=0 rs=1 cs=1]
                RenderText {#text} at (2,2) size 21x21
                  text run at (2,2) width 21: "foo"
              RenderTableCell {TD} at (132,5) size 100x25 [border: (1px inset #808080)] [r=0 c=1 rs=1 cs=1]
                RenderText {#text} at (2,2) size 24x21
                  text run at (2,2) width 24: "bar"
            RenderTableRow {TR} at (0,35) size 273x25
              RenderTableCell {TD} at (5,35) size 122x25 [border: (1px inset #808080)] [r=1 c=0 rs=1 cs=1]
                RenderText {#text} at (2,2) size 118x21
                  text run at (2,2) width 118: "Click name to see"
              RenderTableCell {TD} at (132,65) size 100x25 [bgcolor=#00FF00] [border: (1px inset #808080)] [r=1 c=1 rs=3 cs=1]
                RenderText {#text} at (2,2) size 96x21
                  text run at (2,2) width 96: "Mac Clbr Opt"
            RenderTableRow {TR} at (0,65) size 273x25
              RenderTableCell {TD} at (5,65) size 122x25 [border: (1px inset #808080)] [r=2 c=0 rs=1 cs=1]
                RenderText {#text} at (2,2) size 42x21
                  text run at (2,2) width 42: "Guilty"
            RenderTableRow {TR} at (0,95) size 273x25
              RenderTableCell {TD} at (5,95) size 122x25 [border: (1px inset #808080)] [r=3 c=0 rs=1 cs=1]
                RenderText {#text} at (2,2) size 4x21
                  text run at (2,2) width 4: " "
              RenderTableCell {TD} at (237,95) size 31x25 [bgcolor=#FFFF00] [border: (1px inset #808080)] [r=3 c=2 rs=1 cs=1]
                RenderText {#text} at (2,2) size 27x21
                  text run at (2,2) width 27: "L C"
      RenderBlock (anonymous) at (0,511) size 784x0
        RenderInline {B} at (0,0) size 0x0
          RenderInline {B} at (0,0) size 0x0
            RenderInline {B} at (0,0) size 0x0
              RenderInline {B} at (0,0) size 0x0
                RenderText {#text} at (0,0) size 0x0
