layer at (0,0) size 800x600
  RenderView at (0,0) size 800x600
layer at (0,0) size 800x600
  RenderBlock {HTML} at (0,0) size 800x600
    RenderBody {BODY} at (8,8) size 784x584 [bgcolor=#FFFFFF]
      RenderTable {TABLE} at (0,0) size 53x22 [bgcolor=#00FF00]
        RenderTableSection {TBODY} at (0,0) size 53x22
          RenderTableRow {TR} at (0,0) size 53x22
            RenderTableCell {TD} at (0,3) size 7x15 [r=0 c=0 rs=1 cs=1]
              RenderImage {IMG} at (0,0) size 7x15
            RenderTableCell {TD} at (7,0) size 40x22 [r=0 c=1 rs=1 cs=1]
              RenderText {#text} at (0,0) size 40x22
                text run at (0,0) width 40: "Home"
            RenderTableCell {TD} at (47,3) size 6x15 [r=0 c=2 rs=1 cs=1]
              RenderImage {IMG} at (0,0) size 6x15
