layer at (0,0) size 800x600
  RenderView at (0,0) size 800x600
layer at (0,0) size 800x600
  RenderBlock {HTML} at (0,0) size 800x600
    RenderBody {BODY} at (8,8) size 784x584
      RenderBlock (anonymous) at (0,0) size 784x0
        RenderInline {B} at (0,0) size 0x0
          RenderText {#text} at (0,0) size 0x0
          RenderText {#text} at (0,0) size 0x0
      RenderTable {TABLE} at (0,0) size 230x88 [border: (1px outset #808080)]
        RenderTableSection {TBODY} at (1,1) size 228x86
          RenderTableRow {TR} at (0,2) size 228x26
            RenderTableCell {TD} at (2,2) size 122x26 [border: (1px inset #808080)] [r=0 c=0 rs=1 cs=1]
              RenderText {#text} at (2,2) size 118x22
                text run at (2,2) width 118: "Click name to see"
            RenderTableCell {TD} at (126,16) size 100x26 [bgcolor=#00FF00] [border: (1px inset #808080)] [r=0 c=1 rs=2 cs=1]
              RenderText {#text} at (2,2) size 96x22
                text run at (2,2) width 96: "Mac Clbr Opt"
          RenderTableRow {TR} at (0,30) size 228x26
            RenderTableCell {TD} at (2,30) size 122x26 [border: (1px inset #808080)] [r=1 c=0 rs=1 cs=1]
              RenderText {#text} at (2,2) size 42x22
                text run at (2,2) width 42: "Guilty"
          RenderTableRow {TR} at (0,58) size 228x26
            RenderTableCell {TD} at (2,58) size 122x26 [border: (1px inset #808080)] [r=2 c=0 rs=1 cs=1]
              RenderText {#text} at (2,2) size 4x22
                text run at (2,2) width 4: " "
            RenderTableCell {TD} at (126,58) size 100x26 [bgcolor=#FFFF00] [border: (1px inset #808080)] [r=2 c=1 rs=1 cs=1]
              RenderText {#text} at (2,2) size 27x22
                text run at (2,2) width 27: "L C"
      RenderBlock (anonymous) at (0,88) size 784x0
        RenderInline {B} at (0,0) size 0x0
          RenderText {#text} at (0,0) size 0x0
