layer at (0,0) size 800x600
  RenderView at (0,0) size 800x600
layer at (0,0) size 800x600
  RenderBlock {HTML} at (0,0) size 800x600
    RenderBody {BODY} at (8,8) size 784x584 [bgcolor=#FFFFFF]
      RenderTable {TABLE} at (0,0) size 604x58 [border: (1px outset #808080)]
        RenderTableSection {TBODY} at (1,1) size 602x56
          RenderTableRow {TR} at (0,0) size 602x32
            RenderTableCell {TD} at (0,0) size 602x32 [border: (1px inset #808080)] [r=0 c=0 rs=1 cs=3]
              RenderTable {TABLE} at (1,1) size 600x30 [border: (1px outset #808080)]
                RenderTableSection {TBODY} at (1,1) size 598x28
                  RenderTableRow {TR} at (0,0) size 598x28
                    RenderTableCell {TD} at (0,0) size 598x28 [border: (1px inset #808080)] [r=0 c=0 rs=1 cs=1]
                      RenderTable {TABLE} at (1,1) size 596x26 [border: (1px outset #808080)]
                        RenderTableSection {TBODY} at (1,1) size 594x24
                          RenderTableRow {TR} at (0,0) size 594x24 [bgcolor=#FF0000]
                            RenderTableCell {TD} at (0,0) size 594x24 [border: (1px inset #808080)] [r=0 c=0 rs=1 cs=1]
                              RenderText {#text} at (1,1) size 56x22
                                text run at (1,1) width 56: "cell data"
                              RenderText {#text} at (0,0) size 0x0
          RenderTableRow {TR} at (0,32) size 602x24
            RenderTableCell {TD} at (0,32) size 602x24 [border: (1px inset #808080)] [r=1 c=0 rs=1 cs=1]
              RenderText {#text} at (1,1) size 68x22
                text run at (1,1) width 68: "cell data 2"
