layer at (0,0) size 800x600
  RenderView at (0,0) size 800x600
layer at (0,0) size 800x600
  RenderBlock {HTML} at (0,0) size 800x600
    RenderBody {BODY} at (8,8) size 784x584 [bgcolor=#68A8E8]
      RenderBlock {DIV} at (0,0) size 784x30 [bgcolor=#D0D0D0]
        RenderText {#text} at (317,0) size 150x30
          text run at (317,0) width 150: "Font Size:6mm"
      RenderTable {TABLE} at (0,30) size 784x144 [bgcolor=#008000]
        RenderTableSection {TBODY} at (0,0) size 784x144
          RenderTableRow {TR} at (0,2) size 784x140
            RenderTableCell {TD} at (2,2) size 389x140 [r=0 c=0 rs=1 cs=1]
              RenderBlock {DIV} at (1,1) size 387x30 [bgcolor=#D0D0D0]
                RenderText {#text} at (84,0) size 219x30
                  text run at (84,0) width 219: "Table height at 24mm"
              RenderTable {TABLE} at (1,31) size 387x108
                RenderTableSection {THEAD} at (0,0) size 387x36 [bgcolor=#FF0000]
                  RenderTableRow {TR} at (0,2) size 387x32
                    RenderTableCell {TD} at (2,2) size 383x32 [r=0 c=0 rs=1 cs=1]
                      RenderText {#text} at (150,1) size 83x30
                        text run at (150,1) width 83: "THEAD"
                RenderTableSection {TFOOT} at (0,72) size 387x36 [bgcolor=#0000FF]
                  RenderTableRow {TR} at (0,2) size 387x32
                    RenderTableCell {TD} at (2,2) size 383x32 [r=0 c=0 rs=1 cs=1]
                      RenderText {#text} at (151,1) size 81x30
                        text run at (151,1) width 81: "TFOOT"
                RenderTableSection {TBODY} at (0,36) size 387x36 [bgcolor=#FFFF00]
                  RenderTableRow {TR} at (0,2) size 387x32
                    RenderTableCell {TD} at (2,2) size 383x32 [r=0 c=0 rs=1 cs=1]
                      RenderText {#text} at (153,1) size 77x30
                        text run at (153,1) width 77: "TBODY"
            RenderTableCell {TD} at (393,2) size 389x140 [r=0 c=1 rs=1 cs=1]
              RenderBlock {DIV} at (1,1) size 387x30 [bgcolor=#D0D0D0]
                RenderText {#text} at (84,0) size 219x30
                  text run at (84,0) width 219: "Table height at 25mm"
              RenderTable {TABLE} at (1,31) size 387x108
                RenderTableSection {THEAD} at (0,0) size 387x36 [bgcolor=#FF0000]
                  RenderTableRow {TR} at (0,2) size 387x32
                    RenderTableCell {TD} at (2,2) size 383x32 [r=0 c=0 rs=1 cs=1]
                      RenderText {#text} at (150,1) size 83x30
                        text run at (150,1) width 83: "THEAD"
                RenderTableSection {TFOOT} at (0,72) size 387x36 [bgcolor=#0000FF]
                  RenderTableRow {TR} at (0,2) size 387x32
                    RenderTableCell {TD} at (2,2) size 383x32 [r=0 c=0 rs=1 cs=1]
                      RenderText {#text} at (151,1) size 81x30
                        text run at (151,1) width 81: "TFOOT"
                RenderTableSection {TBODY} at (0,36) size 387x36 [bgcolor=#FFFF00]
                  RenderTableRow {TR} at (0,2) size 387x32
                    RenderTableCell {TD} at (2,2) size 383x32 [r=0 c=0 rs=1 cs=1]
                      RenderText {#text} at (153,1) size 77x30
                        text run at (153,1) width 77: "TBODY"
