layer at (0,0) size 800x600
  RenderView at (0,0) size 800x600
layer at (0,0) size 800x600
  RenderBlock {HTML} at (0,0) size 800x600
    RenderBody {BODY} at (8,8) size 784x584
      RenderBlock (anonymous) at (0,0) size 784x22
        RenderText {#text} at (0,0) size 244x22
          text run at (0,0) width 244: "There should be text below this line:"
      RenderTable at (0,22) size 123x22
        RenderTableSection (anonymous) at (0,0) size 123x22
          RenderTableRow {DIV} at (0,0) size 123x22
            RenderTableCell (anonymous) at (0,0) size 123x22 [r=0 c=0 rs=1 cs=1]
              RenderText {#text} at (0,0) size 123x22
                text run at (0,0) width 123: "Second line of text"
