layer at (0,0) size 784x775
  RenderView at (0,0) size 784x600
layer at (0,0) size 784x775
  RenderBlock {HTML} at (0,0) size 784x775
    RenderBody {BODY} at (8,21) size 768x738
      RenderBlock {H1} at (0,0) size 768x42
        RenderText {#text} at (0,0) size 315x41
          text run at (0,0) width 315: "Generic Table Tests - 1"
      RenderBlock {P} at (0,63) size 768x21
        RenderText {#text} at (0,0) size 414x21
          text run at (0,0) width 414: "If you have any comments to make regarding this test, e-mail "
        RenderInline {A} at (0,0) size 193x21 [color=#0000EE]
          RenderText {#text} at (414,0) size 193x21
            text run at (414,0) width 193: "py8ieh=eviltests@bath.ac.uk"
        RenderText {#text} at (607,0) size 4x21
          text run at (607,0) width 4: "."
      RenderBlock {DL} at (0,100) size 768x63
        RenderBlock {DT} at (0,0) size 768x21
          RenderText {#text} at (0,0) size 88x21
            text run at (0,0) width 88: "Prerequisites"
        RenderBlock {DD} at (40,21) size 728x42
          RenderText {#text} at (0,0) size 681x42
            text run at (0,0) width 681: "Browsers that are subjected to this test should support CSS1 and the CSS2 table model, and multiple"
            text run at (0,21) width 48: "classes."
      RenderBlock {P} at (0,179) size 768x110 [border: (5px double #FF0000)]
        RenderBlock (anonymous) at (13,13) size 742x21
          RenderText {#text} at (0,0) size 258x21
            text run at (0,0) width 258: "If this paragraph breaks the line here:"
        RenderTable {SPAN} at (13,34) size 65x21
          RenderTableSection (anonymous) at (0,0) size 65x21
            RenderTableRow (anonymous) at (0,0) size 65x21
              RenderTableCell (anonymous) at (0,0) size 65x21 [r=0 c=0 rs=1 cs=1]
                RenderText {#text} at (0,0) size 65x21
                  text run at (0,0) width 65: "and here:"
        RenderBlock (anonymous) at (13,55) size 742x42
          RenderText {#text} at (0,0) size 130x21
            text run at (0,0) width 130: "then your browser "
          RenderInline {EM} at (0,0) size 82x21
            RenderText {#text} at (130,0) size 82x21
              text run at (130,0) width 82: "does support"
          RenderText {#text} at (212,0) size 172x21
            text run at (212,0) width 172: " table values on 'display'. "
          RenderInline {STRONG} at (0,0) size 731x42
            RenderText {#text} at (384,0) size 731x42
              text run at (384,0) width 347: "If this paragraphs flows without any undue breaks,"
              text run at (0,21) width 455: "then you should mark your browser as not supporting table values!"
      RenderBlock {H2} at (0,308) size 768x31
        RenderText {#text} at (0,0) size 224x32
          text run at (0,0) width 224: "1. Table -> Table Cell"
      RenderBlock {P} at (0,358) size 768x42
        RenderText {#text} at (0,0) size 749x42
          text run at (0,0) width 749: "Below there should be a gray bar, spanning the width of the BODY, with the text \"Left\" to the left and the text"
          text run at (0,21) width 296: "\"Right\", on the same line, flush to the right."
      RenderTable {DIV} at (0,416) size 768x21 [bgcolor=#C0C0C0]
        RenderTableSection (anonymous) at (0,0) size 768x21
          RenderTableRow (anonymous) at (0,0) size 768x21
            RenderTableCell {DIV} at (0,0) size 325x21 [r=0 c=0 rs=1 cs=1]
              RenderText {#text} at (0,0) size 28x21
                text run at (0,0) width 28: "Left"
            RenderTableCell {DIV} at (325,0) size 443x21 [r=0 c=1 rs=1 cs=1]
              RenderText {#text} at (405,0) size 38x21
                text run at (405,0) width 38: "Right"
      RenderBlock {H2} at (0,456) size 768x31
        RenderText {#text} at (0,0) size 154x32
          text run at (0,0) width 154: "Submit Results"
      RenderBlock {FORM} at (0,506) size 768x66
        RenderBlock {P} at (0,0) size 768x66
          RenderText {#text} at (0,5) size 281x21
            text run at (0,5) width 281: "How does your browser fare on this test? "
          RenderMenuList {SELECT} at (283,2) size 300x27 [bgcolor=#FFFFFF]
            RenderBlock (anonymous) at (4,3) size 272x21
              RenderText at (0,0) size 178x21
                text run at (0,0) width 178: "The test renders correctly."
          RenderText {#text} at (585,5) size 4x21
            text run at (585,5) width 4: " "
          RenderInline {LABEL} at (0,0) size 665x55
            RenderText {#text} at (589,5) size 76x21
              text run at (589,5) width 76: "Comment: "
            RenderTextControl {INPUT} at (2,37) size 166x25
          RenderText {#text} at (170,39) size 4x21
            text run at (170,39) width 4: " "
          RenderButton {INPUT} at (176,33) size 62x31 [bgcolor=#C0C0C0]
            RenderBlock (anonymous) at (6,6) size 50x20
              RenderText at (0,0) size 50x20
                text run at (0,0) width 50: "Submit"
          RenderText {#text} at (0,0) size 0x0
      RenderBlock {HR} at (0,588) size 768x2 [border: (1px inset #000000)]
      RenderBlock {P} at (0,606) size 768x21
        RenderText {#text} at (0,0) size 67x21
          text run at (0,0) width 67: "Up to the "
        RenderInline {A} at (0,0) size 78x21 [color=#0000EE]
          RenderText {#text} at (67,0) size 78x21
            text run at (67,0) width 78: "Table Tests"
        RenderText {#text} at (145,0) size 4x21
          text run at (145,0) width 4: "."
      RenderBlock {P} at (0,643) size 768x21
        RenderText {#text} at (0,0) size 67x21
          text run at (0,0) width 67: "Up to the "
        RenderInline {A} at (0,0) size 103x21 [color=#0000EE]
          RenderText {#text} at (67,0) size 103x21
            text run at (67,0) width 103: "Evil Tests Page"
        RenderText {#text} at (170,0) size 4x21
          text run at (170,0) width 4: "."
      RenderBlock {P} at (0,680) size 768x21
        RenderText {#text} at (0,0) size 185x21
          text run at (0,0) width 185: "This page is maintained by "
        RenderInline {A} at (0,0) size 82x21 [color=#0000EE]
          RenderText {#text} at (185,0) size 82x21
            text run at (185,0) width 82: "Ian Hickson"
        RenderText {#text} at (267,0) size 9x21
          text run at (267,0) width 9: " ("
        RenderInline {A} at (0,0) size 132x21 [color=#0000EE]
          RenderText {#text} at (276,0) size 132x21
            text run at (276,0) width 132: "py8ieh@bath.ac.uk"
        RenderText {#text} at (408,0) size 9x21
          text run at (408,0) width 9: ")."
      RenderBlock {P} at (0,717) size 768x21
        RenderText {#text} at (0,0) size 197x21
          text run at (0,0) width 197: "Last updated in March 1999."
layer at (12,566) size 162x21
  RenderBlock {DIV} at (2,2) size 162x21
