layer at (0,0) size 800x600
  RenderView at (0,0) size 800x600
layer at (0,0) size 800x600
  RenderBlock {HTML} at (0,0) size 800x600
    RenderBody {BODY} at (8,8) size 784x584
      RenderBlock {P} at (0,0) size 784x22
        RenderInline {B} at (0,0) size 380x22
          RenderText {#text} at (0,0) size 380x22
            text run at (0,0) width 380: "(1) Colspanning TD has fixed width equal to table width"
      RenderTable {TABLE} at (0,38) size 340x50 [bgcolor=#FFFFCC] [border: (1px outset #808080)]
        RenderTableSection {TBODY} at (1,1) size 338x48
          RenderTableRow {TR} at (0,0) size 338x24
            RenderTableCell {TD} at (0,0) size 338x24 [border: (1px inset #808080)] [r=0 c=0 rs=1 cs=2]
              RenderText {#text} at (1,1) size 175x22
                text run at (1,1) width 175: "width=340 (same as table)"
          RenderTableRow {TR} at (0,24) size 338x24
            RenderTableCell {TD} at (0,24) size 82x24 [border: (1px inset #808080)] [r=1 c=0 rs=1 cs=1]
              RenderText {#text} at (1,1) size 76x22
                text run at (1,1) width 76: "Search for:"
            RenderTableCell {TD} at (82,24) size 256x24 [border: (1px inset #808080)] [r=1 c=1 rs=1 cs=1]
              RenderText {#text} at (1,1) size 239x22
                text run at (1,1) width 239: "foo bar baz foo bar baz foo bar baz"
      RenderBlock {P} at (0,104) size 784x22
        RenderInline {B} at (0,0) size 239x22
          RenderText {#text} at (0,0) size 239x22
            text run at (0,0) width 239: "(2) Colspanning TD has auto width"
      RenderTable {TABLE} at (0,142) size 340x50 [bgcolor=#FFFFCC] [border: (1px outset #808080)]
        RenderTableSection {TBODY} at (1,1) size 338x48
          RenderTableRow {TR} at (0,0) size 338x24
            RenderTableCell {TD} at (0,0) size 338x24 [border: (1px inset #808080)] [r=0 c=0 rs=1 cs=2]
              RenderText {#text} at (1,1) size 123x22
                text run at (1,1) width 123: "no width attribute"
          RenderTableRow {TR} at (0,24) size 338x24
            RenderTableCell {TD} at (0,24) size 82x24 [border: (1px inset #808080)] [r=1 c=0 rs=1 cs=1]
              RenderText {#text} at (1,1) size 76x22
                text run at (1,1) width 76: "Search for:"
            RenderTableCell {TD} at (82,24) size 256x24 [border: (1px inset #808080)] [r=1 c=1 rs=1 cs=1]
              RenderText {#text} at (1,1) size 239x22
                text run at (1,1) width 239: "foo bar baz foo bar baz foo bar baz"
      RenderBlock {P} at (0,208) size 784x22
        RenderInline {B} at (0,0) size 255x22
          RenderText {#text} at (0,0) size 255x22
            text run at (0,0) width 255: "(3) Colspanning TD has width=100px"
      RenderTable {TABLE} at (0,246) size 340x50 [bgcolor=#FFFFCC] [border: (1px outset #808080)]
        RenderTableSection {TBODY} at (1,1) size 338x48
          RenderTableRow {TR} at (0,0) size 338x24
            RenderTableCell {TD} at (0,0) size 338x24 [border: (1px inset #808080)] [r=0 c=0 rs=1 cs=2]
              RenderText {#text} at (1,1) size 89x22
                text run at (1,1) width 89: "width=100px"
          RenderTableRow {TR} at (0,24) size 338x24
            RenderTableCell {TD} at (0,24) size 82x24 [border: (1px inset #808080)] [r=1 c=0 rs=1 cs=1]
              RenderText {#text} at (1,1) size 76x22
                text run at (1,1) width 76: "Search for:"
            RenderTableCell {TD} at (82,24) size 256x24 [border: (1px inset #808080)] [r=1 c=1 rs=1 cs=1]
              RenderText {#text} at (1,1) size 239x22
                text run at (1,1) width 239: "foo bar baz foo bar baz foo bar baz"
      RenderBlock {P} at (0,312) size 784x22
        RenderInline {B} at (0,0) size 255x22
          RenderText {#text} at (0,0) size 255x22
            text run at (0,0) width 255: "(4) Colspanning TD has width=200px"
      RenderTable {TABLE} at (0,350) size 340x50 [bgcolor=#FFFFCC] [border: (1px outset #808080)]
        RenderTableSection {TBODY} at (1,1) size 338x48
          RenderTableRow {TR} at (0,0) size 338x24
            RenderTableCell {TD} at (0,0) size 338x24 [border: (1px inset #808080)] [r=0 c=0 rs=1 cs=2]
              RenderText {#text} at (1,1) size 89x22
                text run at (1,1) width 89: "width=200px"
          RenderTableRow {TR} at (0,24) size 338x24
            RenderTableCell {TD} at (0,24) size 82x24 [border: (1px inset #808080)] [r=1 c=0 rs=1 cs=1]
              RenderText {#text} at (1,1) size 76x22
                text run at (1,1) width 76: "Search for:"
            RenderTableCell {TD} at (82,24) size 256x24 [border: (1px inset #808080)] [r=1 c=1 rs=1 cs=1]
              RenderText {#text} at (1,1) size 239x22
                text run at (1,1) width 239: "foo bar baz foo bar baz foo bar baz"
      RenderBlock {P} at (0,416) size 784x22
        RenderInline {B} at (0,0) size 254x22
          RenderText {#text} at (0,0) size 254x22
            text run at (0,0) width 254: "(5) Colspanning TD has width=100%"
      RenderTable {TABLE} at (0,454) size 340x50 [bgcolor=#FFFFCC] [border: (1px outset #808080)]
        RenderTableSection {TBODY} at (1,1) size 338x48
          RenderTableRow {TR} at (0,0) size 338x24
            RenderTableCell {TD} at (0,0) size 338x24 [border: (1px inset #808080)] [r=0 c=0 rs=1 cs=2]
              RenderText {#text} at (1,1) size 88x22
                text run at (1,1) width 88: "width=100%"
          RenderTableRow {TR} at (0,24) size 338x24
            RenderTableCell {TD} at (0,24) size 83x24 [border: (1px inset #808080)] [r=1 c=0 rs=1 cs=1]
              RenderText {#text} at (1,1) size 76x22
                text run at (1,1) width 76: "Search for:"
            RenderTableCell {TD} at (83,24) size 255x24 [border: (1px inset #808080)] [r=1 c=1 rs=1 cs=1]
              RenderText {#text} at (1,1) size 239x22
                text run at (1,1) width 239: "foo bar baz foo bar baz foo bar baz"
