layer at (0,0) size 800x600
  RenderView at (0,0) size 800x600
layer at (0,0) size 800x225
  RenderBlock {HTML} at (0,0) size 800x225
    RenderBody {BODY} at (8,8) size 784x209
      RenderBlock (anonymous) at (0,0) size 784x21
        RenderText {#text} at (0,0) size 219x21
          text run at (0,0) width 219: "Both tables should look identical"
      RenderTable {TABLE} at (0,21) size 200x94 [border: (1px outset #808080)]
        RenderBlock {CAPTION} at (0,0) size 198x42
          RenderText {#text} at (48,0) size 102x41
            text run at (48,0) width 102: "caption"
        RenderTableSection {TBODY} at (1,43) size 198x50
          RenderTableRow {TR} at (0,2) size 198x46
            RenderTableCell {TD} at (2,2) size 194x46 [border: (1px inset #808080)] [r=0 c=0 rs=1 cs=1]
              RenderText {#text} at (2,2) size 62x41
                text run at (2,2) width 62: "cell1"
      RenderTable {TABLE} at (0,115) size 200x94 [border: (1px outset #808080)]
        RenderBlock {CAPTION} at (0,0) size 198x42
          RenderText {#text} at (48,0) size 102x41
            text run at (48,0) width 102: "caption"
        RenderTableSection {TBODY} at (1,43) size 198x50
          RenderTableRow {TR} at (0,2) size 198x46
            RenderTableCell {TD} at (2,2) size 194x46 [border: (1px inset #808080)] [r=0 c=0 rs=1 cs=1]
              RenderText {#text} at (2,2) size 62x41
                text run at (2,2) width 62: "cell1"
