layer at (0,0) size 800x600
  RenderView at (0,0) size 800x600
layer at (0,0) size 800x600
  RenderBlock {HTML} at (0,0) size 800x600
    RenderBody {BODY} at (8,8) size 784x584 [bgcolor=#CCCCCC]
      RenderTable {TABLE} at (0,0) size 195x31 [border: (1px outset #808080)]
        RenderTableSection {TBODY} at (1,1) size 193x29
          RenderTableRow {TR} at (0,2) size 193x25
            RenderTableCell {TD} at (2,2) size 70x25 [bgcolor=#FFFFFF] [border: (1px inset #808080)] [r=0 c=0 rs=1 cs=1]
              RenderText {#text} at (2,2) size 66x21
                text run at (2,2) width 66: "appName"
            RenderTableCell {TD} at (74,2) size 117x25 [bgcolor=#FFFFFF] [border: (1px inset #808080)] [r=0 c=1 rs=1 cs=1]
              RenderText {#text} at (2,2) size 113x21
                text run at (2,2) width 65: "Netscape "
                text run at (67,2) width 48: "rules!!!"
