layer at (0,0) size 800x600
  RenderView at (0,0) size 800x600
layer at (0,0) size 800x600
  RenderBlock {HTML} at (0,0) size 800x600
    RenderBody {BODY} at (8,8) size 784x584 [bgcolor=#FFFFFF]
      RenderTable {TABLE} at (0,0) size 705x85 [border: (1px outset #808080)]
        RenderTableSection {TBODY} at (1,1) size 703x83
          RenderTableRow {TR} at (0,2) size 703x25
            RenderTableCell {TH} at (2,12) size 267x4 [border: (1px inset #808080)] [r=0 c=0 rs=1 cs=1]
            RenderTableCell {TD} at (271,2) size 150x25 [border: (1px inset #808080)] [r=0 c=1 rs=1 cs=1]
              RenderText {#text} at (2,2) size 72x21
                text run at (2,2) width 72: "Host name"
            RenderTableCell {TD} at (423,2) size 178x25 [border: (1px inset #808080)] [r=0 c=2 rs=1 cs=1]
              RenderText {#text} at (2,2) size 86x21
                text run at (2,2) width 86: "Architecture"
            RenderTableCell {TD} at (603,2) size 98x25 [border: (1px inset #808080)] [r=0 c=3 rs=1 cs=1]
              RenderText {#text} at (2,2) size 45x21
                text run at (2,2) width 45: "Access"
          RenderTableRow {TR} at (0,29) size 703x25
            RenderTableCell {TD} at (2,29) size 267x25 [border: (1px inset #808080)] [r=1 c=0 rs=1 cs=1]
              RenderText {#text} at (2,2) size 131x21
                text run at (2,2) width 131: "debussy.debian.org"
            RenderTableCell {TD} at (271,29) size 150x25 [border: (1px inset #808080)] [r=1 c=1 rs=1 cs=1]
              RenderText {#text} at (2,2) size 39x21
                text run at (2,2) width 39: "ARM"
            RenderTableCell {TD} at (423,29) size 178x25 [border: (1px inset #808080)] [r=1 c=2 rs=1 cs=1]
              RenderText {#text} at (2,2) size 16x21
                text run at (2,2) width 16: "all"
          RenderTableRow {TR} at (0,56) size 703x25
            RenderTableCell {TD} at (2,56) size 267x25 [border: (1px inset #808080)] [r=2 c=0 rs=1 cs=1]
              RenderText {#text} at (2,2) size 113x21
                text run at (2,2) width 113: "faure.debian.org"
            RenderTableCell {TD} at (271,56) size 150x25 [border: (1px inset #808080)] [r=2 c=1 rs=1 cs=1]
              RenderText {#text} at (2,2) size 38x21
                text run at (2,2) width 38: "alpha"
            RenderTableCell {TD} at (423,56) size 178x25 [border: (1px inset #808080)] [r=2 c=2 rs=1 cs=1]
              RenderText {#text} at (2,2) size 16x21
                text run at (2,2) width 16: "all"
      RenderBlock {P} at (0,101) size 784x21
        RenderText {#text} at (0,0) size 140x21
          text run at (0,0) width 140: "Table nested in table"
      RenderTable {TABLE} at (0,138) size 368x112
        RenderTableSection {TBODY} at (0,0) size 368x112
          RenderTableRow {TR} at (0,2) size 368x108
            RenderTableCell {TD} at (2,2) size 364x108 [r=0 c=0 rs=1 cs=1]
              RenderTable {TABLE} at (1,1) size 329x106 [border: (1px outset #808080)]
                RenderTableSection {TBODY} at (1,1) size 327x104
                  RenderTableRow {TR} at (0,2) size 327x46
                    RenderTableCell {TH} at (2,23) size 135x4 [border: (1px inset #808080)] [r=0 c=0 rs=1 cs=1]
                    RenderTableCell {TD} at (139,2) size 43x46 [border: (1px inset #808080)] [r=0 c=1 rs=1 cs=1]
                      RenderText {#text} at (2,2) size 37x42
                        text run at (2,2) width 31: "Host"
                        text run at (2,23) width 37: "name"
                    RenderTableCell {TD} at (184,12) size 90x25 [border: (1px inset #808080)] [r=0 c=2 rs=1 cs=1]
                      RenderText {#text} at (2,2) size 86x21
                        text run at (2,2) width 86: "Architecture"
                    RenderTableCell {TD} at (276,12) size 49x25 [border: (1px inset #808080)] [r=0 c=3 rs=1 cs=1]
                      RenderText {#text} at (2,2) size 45x21
                        text run at (2,2) width 45: "Access"
                  RenderTableRow {TR} at (0,50) size 327x25
                    RenderTableCell {TD} at (2,50) size 135x25 [border: (1px inset #808080)] [r=1 c=0 rs=1 cs=1]
                      RenderText {#text} at (2,2) size 131x21
                        text run at (2,2) width 131: "debussy.debian.org"
                    RenderTableCell {TD} at (139,50) size 43x25 [border: (1px inset #808080)] [r=1 c=1 rs=1 cs=1]
                      RenderText {#text} at (2,2) size 39x21
                        text run at (2,2) width 39: "ARM"
                    RenderTableCell {TD} at (184,50) size 90x25 [border: (1px inset #808080)] [r=1 c=2 rs=1 cs=1]
                      RenderText {#text} at (2,2) size 16x21
                        text run at (2,2) width 16: "all"
                  RenderTableRow {TR} at (0,77) size 327x25
                    RenderTableCell {TD} at (2,77) size 135x25 [border: (1px inset #808080)] [r=2 c=0 rs=1 cs=1]
                      RenderText {#text} at (2,2) size 113x21
                        text run at (2,2) width 113: "faure.debian.org"
                    RenderTableCell {TD} at (139,77) size 43x25 [border: (1px inset #808080)] [r=2 c=1 rs=1 cs=1]
                      RenderText {#text} at (2,2) size 38x21
                        text run at (2,2) width 38: "alpha"
                    RenderTableCell {TD} at (184,77) size 90x25 [border: (1px inset #808080)] [r=2 c=2 rs=1 cs=1]
                      RenderText {#text} at (2,2) size 16x21
                        text run at (2,2) width 16: "all"
      RenderBlock (anonymous) at (0,250) size 784x21
        RenderBR {BR} at (0,0) size 0x21
      RenderBlock {P} at (0,287) size 784x21
        RenderText {#text} at (0,0) size 121x21
          text run at (0,0) width 121: "Table - no nesting"
      RenderTable {TABLE} at (0,324) size 705x85 [border: (1px outset #808080)]
        RenderTableSection {TBODY} at (1,1) size 703x83
          RenderTableRow {TR} at (0,2) size 703x25
            RenderTableCell {TH} at (2,12) size 267x4 [border: (1px inset #808080)] [r=0 c=0 rs=1 cs=1]
            RenderTableCell {TD} at (271,2) size 150x25 [border: (1px inset #808080)] [r=0 c=1 rs=1 cs=1]
              RenderText {#text} at (2,2) size 72x21
                text run at (2,2) width 72: "Host name"
            RenderTableCell {TD} at (423,2) size 178x25 [border: (1px inset #808080)] [r=0 c=2 rs=1 cs=1]
              RenderText {#text} at (2,2) size 86x21
                text run at (2,2) width 86: "Architecture"
            RenderTableCell {TD} at (603,2) size 98x25 [border: (1px inset #808080)] [r=0 c=3 rs=1 cs=1]
              RenderText {#text} at (2,2) size 45x21
                text run at (2,2) width 45: "Access"
          RenderTableRow {TR} at (0,29) size 703x25
            RenderTableCell {TD} at (2,29) size 267x25 [border: (1px inset #808080)] [r=1 c=0 rs=1 cs=1]
              RenderText {#text} at (2,2) size 131x21
                text run at (2,2) width 131: "debussy.debian.org"
            RenderTableCell {TD} at (271,29) size 150x25 [border: (1px inset #808080)] [r=1 c=1 rs=1 cs=1]
              RenderText {#text} at (2,2) size 39x21
                text run at (2,2) width 39: "ARM"
            RenderTableCell {TD} at (423,29) size 178x25 [border: (1px inset #808080)] [r=1 c=2 rs=1 cs=1]
              RenderText {#text} at (2,2) size 16x21
                text run at (2,2) width 16: "all"
          RenderTableRow {TR} at (0,56) size 703x25
            RenderTableCell {TD} at (2,56) size 267x25 [border: (1px inset #808080)] [r=2 c=0 rs=1 cs=1]
              RenderText {#text} at (2,2) size 113x21
                text run at (2,2) width 113: "faure.debian.org"
            RenderTableCell {TD} at (271,56) size 150x25 [border: (1px inset #808080)] [r=2 c=1 rs=1 cs=1]
              RenderText {#text} at (2,2) size 38x21
                text run at (2,2) width 38: "alpha"
            RenderTableCell {TD} at (423,56) size 178x25 [border: (1px inset #808080)] [r=2 c=2 rs=1 cs=1]
              RenderText {#text} at (2,2) size 16x21
                text run at (2,2) width 16: "all"
