layer at (0,0) size 800x600
  RenderView at (0,0) size 800x600
layer at (0,0) size 800x600
  RenderBlock {HTML} at (0,0) size 800x600
    RenderBody {BODY} at (8,8) size 784x584
      RenderTable {TABLE} at (0,0) size 300x32 [border: (1px outset #808080)]
        RenderTableSection {TBODY} at (1,1) size 298x30
          RenderTableRow {TR} at (0,2) size 298x26
            RenderTableCell {TD} at (2,2) size 139x26 [border: (1px inset #808080)] [r=0 c=0 rs=1 cs=1]
              RenderText {#text} at (55,2) size 29x22
                text run at (55,2) width 29: "One"
            RenderTableCell {TD} at (143,2) size 153x26 [border: (1px inset #808080)] [r=0 c=1 rs=1 cs=1]
              RenderText {#text} at (61,2) size 31x22
                text run at (61,2) width 31: "Two"
      RenderTable {TABLE} at (0,32) size 300x32 [border: (1px outset #808080)]
        RenderTableSection {TBODY} at (1,1) size 298x30
          RenderTableRow {TR} at (0,2) size 298x26
            RenderTableCell {TD} at (2,2) size 139x26 [border: (1px inset #808080)] [r=0 c=0 rs=1 cs=1]
              RenderText {#text} at (109,2) size 28x22
                text run at (109,2) width 28: "One"
            RenderTableCell {TD} at (143,2) size 153x26 [border: (1px inset #808080)] [r=0 c=1 rs=1 cs=1]
              RenderText {#text} at (120,2) size 31x22
                text run at (120,2) width 31: "Two"
      RenderTable {TABLE} at (0,64) size 375x60 [border: (1px outset #808080)]
        RenderTableSection {TBODY} at (1,1) size 373x58
          RenderTableRow {TR} at (0,2) size 373x26
            RenderTableCell {TD} at (2,2) size 182x26 [border: (1px inset #808080)] [r=0 c=0 rs=1 cs=1]
              RenderText {#text} at (77,2) size 28x22
                text run at (77,2) width 28: "One"
            RenderTableCell {TD} at (186,2) size 185x26 [border: (1px inset #808080)] [r=0 c=1 rs=1 cs=1]
              RenderText {#text} at (77,2) size 31x22
                text run at (77,2) width 31: "Two"
          RenderTableRow {TR} at (0,30) size 373x26
            RenderTableCell {TD} at (2,30) size 182x26 [border: (1px inset #808080)] [r=1 c=0 rs=1 cs=1]
              RenderText {#text} at (2,2) size 178x22
                text run at (2,2) width 178: "----------Long One------------"
            RenderTableCell {TD} at (186,30) size 185x26 [border: (1px inset #808080)] [r=1 c=1 rs=1 cs=1]
              RenderText {#text} at (2,2) size 181x22
                text run at (2,2) width 181: "----------Long Two------------"
      RenderTable {TABLE} at (0,124) size 784x32 [border: (1px outset #808080)]
        RenderTableSection {TBODY} at (1,1) size 782x30
          RenderTableRow {TR} at (0,2) size 782x26
            RenderTableCell {TD} at (2,2) size 370x26 [border: (1px inset #808080)] [r=0 c=0 rs=1 cs=1]
              RenderText {#text} at (171,2) size 28x22
                text run at (171,2) width 28: "One"
            RenderTableCell {TD} at (374,2) size 406x26 [border: (1px inset #808080)] [r=0 c=1 rs=1 cs=1]
              RenderText {#text} at (187,2) size 32x22
                text run at (187,2) width 32: "Two"
