layer at (0,0) size 784x1461
  RenderView at (0,0) size 784x600
layer at (0,0) size 784x1461
  RenderBlock {HTML} at (0,0) size 784x1461
    RenderBody {BODY} at (8,8) size 768x1445
      RenderBlock {P} at (0,0) size 768x21
        RenderText {#text} at (0,0) size 169x21
          text run at (0,0) width 169: "IFRAME inside TFOOT"
      RenderTable {TABLE} at (0,37) size 768x434 [border: (1px outset #808080)]
        RenderTableSection {THEAD} at (1,1) size 766x112
          RenderTableRow {TR} at (0,2) size 766x108
            RenderTableCell {TD} at (2,33) size 39x46 [border: (1px inset #808080)] [r=0 c=0 rs=1 cs=1]
              RenderText {#text} at (2,2) size 27x42
                text run at (2,2) width 12: "A"
                text run at (2,23) width 27: "Cell"
            RenderTableCell {TD} at (43,2) size 679x108 [border: (1px inset #808080)] [r=0 c=1 rs=1 cs=1]
              RenderInline {SPAN} at (0,0) size 653x104
                RenderText {#text} at (2,2) size 653x104
                  text run at (2,2) width 653: "THEAD blah blah blah blah blah blah"
                  text run at (2,54) width 143: "THEAD"
              RenderText {#text} at (0,0) size 0x0
            RenderTableCell {TD} at (724,33) size 40x46 [border: (1px inset #808080)] [r=0 c=2 rs=1 cs=1]
              RenderText {#text} at (2,2) size 27x42
                text run at (2,2) width 12: "A"
                text run at (2,23) width 27: "Cell"
        RenderTableSection {TFOOT} at (1,225) size 766x208
          RenderTableRow {TR} at (0,2) size 766x204
            RenderTableCell {TD} at (2,81) size 39x46 [border: (1px inset #808080)] [r=0 c=0 rs=1 cs=1]
              RenderText {#text} at (2,2) size 27x42
                text run at (2,2) width 12: "A"
                text run at (2,23) width 27: "Cell"
            RenderTableCell {TD} at (43,2) size 679x204 [border: (1px inset #808080)] [r=0 c=1 rs=1 cs=1]
              RenderPartObject {IFRAME} at (12,12) size 155x180 [border: (5px solid #FF0000)]
                layer at (0,0) size 125x150
                  RenderView at (0,0) size 125x150
                layer at (0,0) size 125x150
                  RenderBlock {HTML} at (0,0) size 125x150
                    RenderBody {BODY} at (8,8) size 109x134
              RenderText {#text} at (0,0) size 0x0
            RenderTableCell {TD} at (724,81) size 40x46 [border: (1px inset #808080)] [r=0 c=2 rs=1 cs=1]
              RenderText {#text} at (2,2) size 27x42
                text run at (2,2) width 12: "A"
                text run at (2,23) width 27: "Cell"
        RenderTableSection {TBODY} at (1,113) size 766x112
          RenderTableRow {TR} at (0,2) size 766x108
            RenderTableCell {TD} at (2,33) size 39x46 [border: (1px inset #808080)] [r=0 c=0 rs=1 cs=1]
              RenderText {#text} at (2,2) size 27x42
                text run at (2,2) width 12: "A"
                text run at (2,23) width 27: "Cell"
            RenderTableCell {TD} at (43,2) size 679x108 [border: (1px inset #808080)] [r=0 c=1 rs=1 cs=1]
              RenderInline {SPAN} at (0,0) size 653x104
                RenderText {#text} at (2,2) size 653x104
                  text run at (2,2) width 653: "TBODY blah blah blah blah blah blah"
                  text run at (2,54) width 143: "TBODY"
              RenderText {#text} at (0,0) size 0x0
            RenderTableCell {TD} at (724,33) size 40x46 [border: (1px inset #808080)] [r=0 c=2 rs=1 cs=1]
              RenderText {#text} at (2,2) size 27x42
                text run at (2,2) width 12: "A"
                text run at (2,23) width 27: "Cell"
      RenderBlock {P} at (0,487) size 768x21
        RenderText {#text} at (0,0) size 171x21
          text run at (0,0) width 171: "IFRAME inside TBODY"
      RenderTable {TABLE} at (0,524) size 768x434 [border: (1px outset #808080)]
        RenderTableSection {THEAD} at (1,1) size 766x112
          RenderTableRow {TR} at (0,2) size 766x108
            RenderTableCell {TD} at (2,33) size 39x46 [border: (1px inset #808080)] [r=0 c=0 rs=1 cs=1]
              RenderText {#text} at (2,2) size 27x42
                text run at (2,2) width 12: "A"
                text run at (2,23) width 27: "Cell"
            RenderTableCell {TD} at (43,2) size 679x108 [border: (1px inset #808080)] [r=0 c=1 rs=1 cs=1]
              RenderInline {SPAN} at (0,0) size 653x104
                RenderText {#text} at (2,2) size 653x104
                  text run at (2,2) width 653: "THEAD blah blah blah blah blah blah"
                  text run at (2,54) width 143: "THEAD"
              RenderText {#text} at (0,0) size 0x0
            RenderTableCell {TD} at (724,33) size 40x46 [border: (1px inset #808080)] [r=0 c=2 rs=1 cs=1]
              RenderText {#text} at (2,2) size 27x42
                text run at (2,2) width 12: "A"
                text run at (2,23) width 27: "Cell"
        RenderTableSection {TFOOT} at (1,321) size 766x112
          RenderTableRow {TR} at (0,2) size 766x108
            RenderTableCell {TD} at (2,33) size 39x46 [border: (1px inset #808080)] [r=0 c=0 rs=1 cs=1]
              RenderText {#text} at (2,2) size 27x42
                text run at (2,2) width 12: "A"
                text run at (2,23) width 27: "Cell"
            RenderTableCell {TD} at (43,2) size 679x108 [border: (1px inset #808080)] [r=0 c=1 rs=1 cs=1]
              RenderInline {SPAN} at (0,0) size 650x104
                RenderText {#text} at (2,2) size 650x104
                  text run at (2,2) width 650: "TFOOT blah blah blah blah blah blah"
                  text run at (2,54) width 140: "TFOOT"
              RenderText {#text} at (0,0) size 0x0
            RenderTableCell {TD} at (724,33) size 40x46 [border: (1px inset #808080)] [r=0 c=2 rs=1 cs=1]
              RenderText {#text} at (2,2) size 27x42
                text run at (2,2) width 12: "A"
                text run at (2,23) width 27: "Cell"
        RenderTableSection {TBODY} at (1,113) size 766x208
          RenderTableRow {TR} at (0,2) size 766x204
            RenderTableCell {TD} at (2,81) size 39x46 [border: (1px inset #808080)] [r=0 c=0 rs=1 cs=1]
              RenderText {#text} at (2,2) size 27x42
                text run at (2,2) width 12: "A"
                text run at (2,23) width 27: "Cell"
            RenderTableCell {TD} at (43,2) size 679x204 [border: (1px inset #808080)] [r=0 c=1 rs=1 cs=1]
              RenderPartObject {IFRAME} at (12,12) size 155x180 [border: (5px solid #FF0000)]
                layer at (0,0) size 125x150
                  RenderView at (0,0) size 125x150
                layer at (0,0) size 125x150
                  RenderBlock {HTML} at (0,0) size 125x150
                    RenderBody {BODY} at (8,8) size 109x134
              RenderText {#text} at (0,0) size 0x0
            RenderTableCell {TD} at (724,81) size 40x46 [border: (1px inset #808080)] [r=0 c=2 rs=1 cs=1]
              RenderText {#text} at (2,2) size 27x42
                text run at (2,2) width 12: "A"
                text run at (2,23) width 27: "Cell"
      RenderBlock {P} at (0,974) size 768x21
        RenderText {#text} at (0,0) size 171x21
          text run at (0,0) width 171: "IFRAME inside THEAD"
      RenderTable {TABLE} at (0,1011) size 768x434 [border: (1px outset #808080)]
        RenderTableSection {THEAD} at (1,1) size 766x208
          RenderTableRow {TR} at (0,2) size 766x204
            RenderTableCell {TD} at (2,81) size 39x46 [border: (1px inset #808080)] [r=0 c=0 rs=1 cs=1]
              RenderText {#text} at (2,2) size 27x42
                text run at (2,2) width 12: "A"
                text run at (2,23) width 27: "Cell"
            RenderTableCell {TD} at (43,2) size 679x204 [border: (1px inset #808080)] [r=0 c=1 rs=1 cs=1]
              RenderPartObject {IFRAME} at (12,12) size 155x180 [border: (5px solid #FF0000)]
                layer at (0,0) size 125x150
                  RenderView at (0,0) size 125x150
                layer at (0,0) size 125x150
                  RenderBlock {HTML} at (0,0) size 125x150
                    RenderBody {BODY} at (8,8) size 109x134
              RenderText {#text} at (0,0) size 0x0
            RenderTableCell {TD} at (724,81) size 40x46 [border: (1px inset #808080)] [r=0 c=2 rs=1 cs=1]
              RenderText {#text} at (2,2) size 27x42
                text run at (2,2) width 12: "A"
                text run at (2,23) width 27: "Cell"
        RenderTableSection {TFOOT} at (1,321) size 766x112
          RenderTableRow {TR} at (0,2) size 766x108
            RenderTableCell {TD} at (2,33) size 39x46 [border: (1px inset #808080)] [r=0 c=0 rs=1 cs=1]
              RenderText {#text} at (2,2) size 27x42
                text run at (2,2) width 12: "A"
                text run at (2,23) width 27: "Cell"
            RenderTableCell {TD} at (43,2) size 679x108 [border: (1px inset #808080)] [r=0 c=1 rs=1 cs=1]
              RenderInline {SPAN} at (0,0) size 650x104
                RenderText {#text} at (2,2) size 650x104
                  text run at (2,2) width 650: "TFOOT blah blah blah blah blah blah"
                  text run at (2,54) width 140: "TFOOT"
              RenderText {#text} at (0,0) size 0x0
            RenderTableCell {TD} at (724,33) size 40x46 [border: (1px inset #808080)] [r=0 c=2 rs=1 cs=1]
              RenderText {#text} at (2,2) size 27x42
                text run at (2,2) width 12: "A"
                text run at (2,23) width 27: "Cell"
        RenderTableSection {TBODY} at (1,209) size 766x112
          RenderTableRow {TR} at (0,2) size 766x108
            RenderTableCell {TD} at (2,33) size 39x46 [border: (1px inset #808080)] [r=0 c=0 rs=1 cs=1]
              RenderText {#text} at (2,2) size 27x42
                text run at (2,2) width 12: "A"
                text run at (2,23) width 27: "Cell"
            RenderTableCell {TD} at (43,2) size 679x108 [border: (1px inset #808080)] [r=0 c=1 rs=1 cs=1]
              RenderInline {SPAN} at (0,0) size 653x104
                RenderText {#text} at (2,2) size 653x104
                  text run at (2,2) width 653: "TBODY blah blah blah blah blah blah"
                  text run at (2,54) width 143: "TBODY"
              RenderText {#text} at (0,0) size 0x0
            RenderTableCell {TD} at (724,33) size 40x46 [border: (1px inset #808080)] [r=0 c=2 rs=1 cs=1]
              RenderText {#text} at (2,2) size 27x42
                text run at (2,2) width 12: "A"
                text run at (2,23) width 27: "Cell"
