layer at (0,0) size 784x1371
  RenderView at (0,0) size 784x600
layer at (0,0) size 784x1371
  RenderBlock {HTML} at (0,0) size 784x1371
    RenderBody {BODY} at (8,8) size 768x1355 [bgcolor=#FFFFFF]
      RenderBlock {P} at (0,0) size 768x21
        RenderText {#text} at (0,0) size 492x21
          text run at (0,0) width 492: "This is a simple example of table height problems with only a single table."
      RenderBlock {P} at (0,37) size 768x63
        RenderText {#text} at (0,0) size 747x63
          text run at (0,0) width 511: "The indention here is to specify a table with two rows. The table has a fixed "
          text run at (511,0) width 236: "overall width (200 for the example)"
          text run at (0,21) width 318: "and two rows. The first row 'just high enough' "
          text run at (318,21) width 427: "for a title line, and the second contains the rest. Creating such a"
          text run at (0,42) width 51: "table is "
          text run at (51,42) width 206: "hamperd by a number of bugs"
      RenderBlock {OL} at (0,116) size 768x84
        RenderListItem {LI} at (40,0) size 728x21
          RenderListMarker at (-21,0) size 16x21: "1"
          RenderText {#text} at (0,0) size 483x21
            text run at (0,0) width 483: "If a height is specified for only one row (not both) then it will be ignored"
        RenderListItem {LI} at (40,21) size 728x21
          RenderListMarker at (-21,0) size 16x21: "2"
          RenderText {#text} at (0,0) size 713x21
            text run at (0,0) width 456: "If specified heights are insufficient (because the content is too large) "
            text run at (456,0) width 257: "then the entire table will be expanded."
        RenderListItem {LI} at (40,42) size 728x42
          RenderListMarker at (-21,0) size 16x21: "3"
          RenderText {#text} at (0,0) size 704x42
            text run at (0,0) width 497: "Percentage heights appear to simply be translated into pixel heights prior "
            text run at (497,0) width 207: "to other processing, so offer no"
            text run at (0,21) width 131: "additional solutions"
      RenderBlock {P} at (0,216) size 768x21
        RenderText {#text} at (0,0) size 536x21
          text run at (0,0) width 497: "This following table ought to give the desired results (small title line, large "
          text run at (497,0) width 39: "body)"
      RenderBlock {P} at (0,253) size 768x21
        RenderText {#text} at (0,0) size 117x21
          text run at (0,0) width 117: "It is specifiable as"
      RenderBlock {BLOCKQUOTE} at (40,290) size 688x63
        RenderBlock {P} at (0,0) size 688x63
          RenderText {#text} at (0,0) size 122x21
            text run at (0,0) width 122: "Table height: 200 "
          RenderBR {BR} at (122,16) size 0x0
          RenderText {#text} at (0,21) size 140x21
            text run at (0,21) width 140: "First Row : 1 or 1% "
          RenderInline {I} at (0,0) size 222x21
            RenderText {#text} at (140,21) size 222x21
              text run at (140,21) width 222: "(i.e. expand to minimum required)"
          RenderBR {BR} at (362,37) size 0x0
          RenderText {#text} at (0,42) size 178x21
            text run at (0,42) width 178: "Second Row : unspecified "
          RenderInline {I} at (0,0) size 311x21
            RenderText {#text} at (178,42) size 311x21
              text run at (178,42) width 311: "(i.e. table height - height of other rows+borders)"
          RenderText {#text} at (0,0) size 0x0
      RenderTable {TABLE} at (0,369) size 93x200 [border: (1px outset #808080)]
        RenderTableSection {TBODY} at (1,1) size 91x198
          RenderTableRow {TR} at (0,2) size 91x25
            RenderTableCell {TD} at (2,2) size 87x25 [border: (1px inset #808080)] [r=0 c=0 rs=1 cs=1]
              RenderText {#text} at (2,2) size 53x21
                text run at (2,2) width 53: "title line"
          RenderTableRow {TR} at (0,29) size 91x167
            RenderTableCell {TD} at (2,100) size 87x25 [border: (1px inset #808080)] [r=1 c=0 rs=1 cs=1]
              RenderText {#text} at (2,2) size 83x21
                text run at (2,2) width 83: "rest of space"
      RenderBlock {P} at (0,585) size 768x21
        RenderText {#text} at (0,0) size 322x21
          text run at (0,0) width 322: "This doesn't work because of the 1st bug above."
      RenderBlock {P} at (0,622) size 768x21
        RenderText {#text} at (0,0) size 435x21
          text run at (0,0) width 435: "A second attempt is to specify heights that do add up to the total."
      RenderBlock {P} at (0,659) size 768x63
        RenderText {#text} at (0,0) size 122x21
          text run at (0,0) width 122: "Table height: 200 "
        RenderBR {BR} at (122,16) size 0x0
        RenderText {#text} at (0,21) size 93x21
          text run at (0,21) width 93: "First Row : 1 "
        RenderBR {BR} at (93,37) size 0x0
        RenderText {#text} at (0,42) size 122x21
          text run at (0,42) width 122: "Second Row : 199"
      RenderTable {TABLE} at (0,738) size 93x232 [border: (1px outset #808080)]
        RenderTableSection {TBODY} at (1,1) size 91x230
          RenderTableRow {TR} at (0,2) size 91x25
            RenderTableCell {TD} at (2,2) size 87x25 [border: (1px inset #808080)] [r=0 c=0 rs=1 cs=1]
              RenderText {#text} at (2,2) size 53x21
                text run at (2,2) width 53: "title line"
          RenderTableRow {TR} at (0,29) size 91x199
            RenderTableCell {TD} at (2,116) size 87x25 [border: (1px inset #808080)] [r=1 c=0 rs=1 cs=1]
              RenderText {#text} at (2,2) size 83x21
                text run at (2,2) width 83: "rest of space"
      RenderBlock {P} at (0,986) size 768x21
        RenderText {#text} at (0,0) size 640x21
          text run at (0,0) width 496: "This appears ok, but close inspection will show that the table is now >200 "
          text run at (496,0) width 144: "pixels high (2rd bug)."
      RenderBlock {P} at (0,1023) size 768x21
        RenderText {#text} at (0,0) size 458x21
          text run at (0,0) width 458: "A third attempt using 1% and 99% gives identical results (3rd bug)."
      RenderBlock {P} at (0,1060) size 768x21
        RenderText {#text} at (0,0) size 669x21
          text run at (0,0) width 464: "A related bug is the the height of a row that is not specified explicitly "
          text run at (464,0) width 205: "cannot be used by its children."
      RenderBlock {P} at (0,1097) size 768x42
        RenderText {#text} at (0,0) size 744x42
          text run at (0,0) width 514: "This example is a table of height 200 with a single row of unspecified height. "
          text run at (514,0) width 230: "This contains a DIV whose style is"
          text run at (0,21) width 259: "height:100%. It ought to fill the entire "
          text run at (259,21) width 37: "table."
      RenderTable {TABLE} at (0,1155) size 320x200 [border: (1px outset #808080)]
        RenderTableSection {TBODY} at (1,1) size 318x198
          RenderTableRow {TR} at (0,2) size 318x194
            RenderTableCell {TD} at (2,2) size 314x194 [border: (1px inset #808080)] [r=0 c=0 rs=1 cs=1]
              RenderBlock {DIV} at (2,2) size 310x190 [bgcolor=#FF0000]
                RenderText {#text} at (0,0) size 310x21
                  text run at (0,0) width 310: "A 100% div inside a row of unspecified height"
