layer at (0,0) size 800x600
  RenderView at (0,0) size 800x600
layer at (0,0) size 800x114
  RenderBlock {HTML} at (0,0) size 800x114
    RenderBody {BODY} at (8,8) size 784x98
      RenderTable {TABLE} at (0,0) size 298x98 [border: (4px outset #808080)]
        RenderTableSection {THEAD} at (4,4) size 290x30
          RenderTableRow {TR} at (0,2) size 290x26
            RenderTableCell {TD} at (2,2) size 34x26 [border: (1px inset #808080)] [r=0 c=0 rs=1 cs=1]
              RenderText {#text} at (2,2) size 17x22
                text run at (2,2) width 17: "h0"
            RenderTableCell {TD} at (38,2) size 34x26 [border: (1px inset #808080)] [r=0 c=1 rs=1 cs=1]
              RenderText {#text} at (2,2) size 17x22
                text run at (2,2) width 17: "h1"
            RenderTableCell {TD} at (74,2) size 34x26 [border: (1px inset #808080)] [r=0 c=2 rs=1 cs=1]
              RenderText {#text} at (2,2) size 17x22
                text run at (2,2) width 17: "h2"
            RenderTableCell {TD} at (110,2) size 34x26 [border: (1px inset #808080)] [r=0 c=3 rs=1 cs=1]
              RenderText {#text} at (2,2) size 17x22
                text run at (2,2) width 17: "h3"
            RenderTableCell {TD} at (146,2) size 34x26 [border: (1px inset #808080)] [r=0 c=4 rs=1 cs=1]
              RenderText {#text} at (2,2) size 17x22
                text run at (2,2) width 17: "h4"
            RenderTableCell {TD} at (182,2) size 34x26 [border: (1px inset #808080)] [r=0 c=5 rs=1 cs=1]
              RenderText {#text} at (2,2) size 17x22
                text run at (2,2) width 17: "h5"
            RenderTableCell {TD} at (218,2) size 34x26 [border: (1px inset #808080)] [r=0 c=6 rs=1 cs=1]
              RenderText {#text} at (2,2) size 17x22
                text run at (2,2) width 17: "h6"
            RenderTableCell {TD} at (254,2) size 34x26 [border: (1px inset #808080)] [r=0 c=7 rs=1 cs=1]
              RenderText {#text} at (2,2) size 17x22
                text run at (2,2) width 17: "h7"
        RenderTableSection {TFOOT} at (4,64) size 290x30
          RenderTableRow {TR} at (0,2) size 290x26
            RenderTableCell {TD} at (2,2) size 34x26 [border: (1px inset #808080)] [r=0 c=0 rs=1 cs=1]
              RenderText {#text} at (2,2) size 13x22
                text run at (2,2) width 13: "f0"
            RenderTableCell {TD} at (38,2) size 34x26 [border: (1px inset #808080)] [r=0 c=1 rs=1 cs=1]
              RenderText {#text} at (2,2) size 13x22
                text run at (2,2) width 13: "f1"
            RenderTableCell {TD} at (74,2) size 34x26 [border: (1px inset #808080)] [r=0 c=2 rs=1 cs=1]
              RenderText {#text} at (2,2) size 13x22
                text run at (2,2) width 13: "f2"
            RenderTableCell {TD} at (110,2) size 34x26 [border: (1px inset #808080)] [r=0 c=3 rs=1 cs=1]
              RenderText {#text} at (2,2) size 13x22
                text run at (2,2) width 13: "f3"
            RenderTableCell {TD} at (146,2) size 34x26 [border: (1px inset #808080)] [r=0 c=4 rs=1 cs=1]
              RenderText {#text} at (2,2) size 13x22
                text run at (2,2) width 13: "f4"
            RenderTableCell {TD} at (182,2) size 34x26 [border: (1px inset #808080)] [r=0 c=5 rs=1 cs=1]
              RenderText {#text} at (2,2) size 13x22
                text run at (2,2) width 13: "f5"
            RenderTableCell {TD} at (218,2) size 34x26 [border: (1px inset #808080)] [r=0 c=6 rs=1 cs=1]
              RenderText {#text} at (2,2) size 13x22
                text run at (2,2) width 13: "f6"
            RenderTableCell {TD} at (254,2) size 34x26 [border: (1px inset #808080)] [r=0 c=7 rs=1 cs=1]
              RenderText {#text} at (2,2) size 13x22
                text run at (2,2) width 13: "f7"
        RenderTableSection {TBODY} at (4,34) size 290x30
          RenderTableRow {TR} at (0,2) size 290x26
            RenderTableCell {TD} at (2,2) size 34x26 [border: (1px inset #808080)] [r=0 c=0 rs=1 cs=1]
              RenderText {#text} at (2,2) size 30x22
                text run at (2,2) width 30: "r0c0"
            RenderTableCell {TD} at (38,2) size 34x26 [border: (1px inset #808080)] [r=0 c=1 rs=1 cs=1]
              RenderText {#text} at (2,2) size 30x22
                text run at (2,2) width 30: "r0c1"
            RenderTableCell {TD} at (74,2) size 34x26 [border: (1px inset #808080)] [r=0 c=2 rs=1 cs=1]
              RenderText {#text} at (2,2) size 30x22
                text run at (2,2) width 30: "r0c2"
            RenderTableCell {TD} at (110,2) size 34x26 [border: (1px inset #808080)] [r=0 c=3 rs=1 cs=1]
              RenderText {#text} at (2,2) size 30x22
                text run at (2,2) width 30: "r0c3"
            RenderTableCell {TD} at (146,2) size 34x26 [border: (1px inset #808080)] [r=0 c=4 rs=1 cs=1]
              RenderText {#text} at (2,2) size 30x22
                text run at (2,2) width 30: "r0c4"
            RenderTableCell {TD} at (182,2) size 34x26 [border: (1px inset #808080)] [r=0 c=5 rs=1 cs=1]
              RenderText {#text} at (2,2) size 30x22
                text run at (2,2) width 30: "r0c5"
            RenderTableCell {TD} at (218,2) size 34x26 [border: (1px inset #808080)] [r=0 c=6 rs=1 cs=1]
              RenderText {#text} at (2,2) size 30x22
                text run at (2,2) width 30: "r0c6"
            RenderTableCell {TD} at (254,2) size 34x26 [border: (1px inset #808080)] [r=0 c=7 rs=1 cs=1]
              RenderText {#text} at (2,2) size 30x22
                text run at (2,2) width 30: "r0c7"
