layer at (0,0) size 800x600
  RenderView at (0,0) size 800x600
layer at (0,0) size 800x600
  RenderBlock {HTML} at (0,0) size 800x600
    RenderBody {BODY} at (8,8) size 784x584
      RenderTable {TABLE} at (0,0) size 177x31 [border: (1px outset #808080)]
        RenderTableSection {TBODY} at (1,1) size 175x29
          RenderTableRow {TR} at (0,2) size 175x25
            RenderTableCell {TD} at (2,2) size 62x25 [border: (1px inset #808080)] [r=0 c=0 rs=1 cs=1]
              RenderText {#text} at (2,2) size 58x21
                text run at (2,2) width 58: "Left side"
            RenderTableCell {TD} at (66,2) size 33x25 [border: (1px inset #808080)] [r=0 c=1 rs=1 cs=1]
              RenderText {#text} at (2,2) size 28x21
                text run at (2,2) width 28: "Mid"
            RenderTableCell {TD} at (101,2) size 72x25 [border: (1px inset #808080)] [r=0 c=2 rs=1 cs=1]
              RenderText {#text} at (2,2) size 68x21
                text run at (2,2) width 68: "Right side"
      RenderTable {TABLE} at (0,31) size 177x58 [border: (1px outset #808080)]
        RenderTableSection {TBODY} at (1,1) size 175x56
          RenderTableRow {TR} at (0,2) size 175x25
            RenderTableCell {TD} at (2,2) size 62x25 [border: (1px inset #808080)] [r=0 c=0 rs=1 cs=1]
              RenderText {#text} at (2,2) size 58x21
                text run at (2,2) width 58: "Left side"
            RenderTableCell {TD} at (66,2) size 33x25 [border: (1px inset #808080)] [r=0 c=1 rs=1 cs=1]
              RenderText {#text} at (2,2) size 28x21
                text run at (2,2) width 28: "Mid"
            RenderTableCell {TD} at (101,2) size 72x25 [border: (1px inset #808080)] [r=0 c=2 rs=1 cs=1]
              RenderText {#text} at (2,2) size 68x21
                text run at (2,2) width 68: "Right side"
          RenderTableRow {TR} at (0,29) size 175x25
            RenderTableCell {TD} at (2,29) size 62x25 [border: (1px inset #808080)] [r=1 c=0 rs=1 cs=1]
              RenderText {#text} at (2,2) size 58x21
                text run at (2,2) width 58: "Left side"
            RenderTableCell {TD} at (66,29) size 33x25 [border: (1px inset #808080)] [r=1 c=1 rs=1 cs=1]
              RenderText {#text} at (2,2) size 28x21
                text run at (2,2) width 28: "Mid"
            RenderTableCell {TD} at (101,29) size 72x25 [border: (1px inset #808080)] [r=1 c=2 rs=1 cs=1]
              RenderText {#text} at (2,2) size 68x21
                text run at (2,2) width 68: "Right side"
