layer at (0,0) size 800x600
  RenderView at (0,0) size 800x600
layer at (0,0) size 800x600
  RenderBlock {HTML} at (0,0) size 800x600
    RenderBody {BODY} at (8,8) size 784x584
      RenderTable {TABLE} at (0,0) size 432x93 [border: (1px outset #808080)]
        RenderTableSection {TBODY} at (1,1) size 430x91
          RenderTableRow {TR} at (0,2) size 430x62
            RenderTableCell {TD} at (2,21) size 123x23 [border: (1px inset #808080)] [r=0 c=0 rs=1 cs=1]
              RenderText {#text} at (2,2) size 28x19
                text run at (2,2) width 28: "Blah"
            RenderTableCell {TD} at (127,2) size 301x62 [border: (1px inset #808080)] [r=0 c=1 rs=1 cs=1]
              RenderTable {TABLE} at (113,2) size 74x58 [border: (1px outset #808080)]
                RenderTableSection {TBODY} at (1,1) size 72x56
                  RenderTableRow {TR} at (0,2) size 72x52
                    RenderTableCell {TD} at (2,2) size 68x52 [border: (1px inset #808080)] [r=0 c=0 rs=1 cs=1]
                      RenderBlock {FORM} at (2,2) size 64x34
                        RenderButton {INPUT} at (2,2) size 60x30 [bgcolor=#C0C0C0]
                          RenderBlock (anonymous) at (8,5) size 44x19
                            RenderText at (0,0) size 44x19
                              text run at (0,0) width 44: "Submit"
                        RenderText {#text} at (0,0) size 0x0
          RenderTableRow {TR} at (0,66) size 430x23
            RenderTableCell {TD} at (2,66) size 426x23 [border: (1px inset #808080)] [r=1 c=0 rs=1 cs=2]
              RenderText {#text} at (2,2) size 422x19
                text run at (2,2) width 422: "This line is only here to separate the two columns in the row above"
