layer at (0,0) size 800x600
  RenderView at (0,0) size 800x600
layer at (0,0) size 800x600
  RenderBlock {HTML} at (0,0) size 800x600
    RenderBody {BODY} at (8,8) size 784x584
      RenderTable {TABLE} at (0,0) size 62x200 [border: (1px outset #808080)]
        RenderTableSection {TBODY} at (1,1) size 60x198
          RenderTableRow {TR} at (0,2) size 60x194
            RenderTableCell {TD} at (2,2) size 56x194 [border: (1px inset #808080)] [r=0 c=0 rs=1 cs=1]
              RenderTable {TABLE} at (2,2) size 52x190 [border: (1px outset #808080)]
                RenderTableSection {TBODY} at (1,1) size 50x188
                  RenderTableRow {TR} at (0,2) size 50x64
                    RenderTableCell {TD} at (2,2) size 46x64 [border: (1px inset #808080)] [r=0 c=0 rs=1 cs=1]
                      RenderTable {TABLE} at (2,2) size 42x60 [border: (1px outset #808080)]
                        RenderTableSection {TBODY} at (1,1) size 40x58
                          RenderTableRow {TR} at (0,2) size 40x26
                            RenderTableCell {TD} at (2,2) size 36x26 [border: (1px inset #808080)] [r=0 c=0 rs=1 cs=1]
                              RenderText {#text} at (2,2) size 32x22
                                text run at (2,2) width 32: "30%"
                          RenderTableRow {TR} at (0,30) size 40x26
                            RenderTableCell {TD} at (2,30) size 36x26 [border: (1px inset #808080)] [r=1 c=0 rs=1 cs=1]
                              RenderText {#text} at (2,2) size 32x22
                                text run at (2,2) width 32: "70%"
                  RenderTableRow {TR} at (0,68) size 50x118
                    RenderTableCell {TD} at (2,114) size 46x26 [border: (1px inset #808080)] [r=1 c=0 rs=1 cs=1]
                      RenderText {#text} at (2,2) size 32x22
                        text run at (2,2) width 32: "70%"
