layer at (0,0) size 800x600
  RenderView at (0,0) size 800x600
layer at (0,0) size 800x600
  RenderBlock {HTML} at (0,0) size 800x600
    RenderBody {BODY} at (8,8) size 784x584
      RenderText {#text} at (0,0) size 259x21
        text run at (0,0) width 259: "The cell padding should not disappear"
      RenderText {#text} at (0,0) size 0x0
layer at (120,120) size 111x94
  RenderTable {TABLE} at (120,120) size 111x94 [border: (1px outset #808080)]
    RenderTableSection {TBODY} at (1,1) size 109x92
      RenderTableRow {TR} at (0,2) size 109x43
        RenderTableCell {TD} at (2,2) size 105x43 [border: (1px inset #808080)] [r=0 c=0 rs=1 cs=1]
          RenderText {#text} at (11,11) size 60x21
            text run at (11,11) width 60: "S\x{E9}lection"
      RenderTableRow {TR} at (0,47) size 109x43
        RenderTableCell {TD} at (2,47) size 105x43 [border: (1px inset #808080)] [r=1 c=0 rs=1 cs=1]
          RenderText {#text} at (11,11) size 83x21
            text run at (11,11) width 83: "Suppression"
