layer at (0,0) size 800x600
  RenderView at (0,0) size 800x600
layer at (0,0) size 800x600
  RenderBlock {HTML} at (0,0) size 800x600
    RenderBody {BODY} at (8,8) size 784x584
      RenderBlock (anonymous) at (0,0) size 784x0
        RenderInline {FONT} at (0,0) size 0x0
      RenderTable {TABLE} at (0,0) size 123x52 [border: (1px outset #808080)]
        RenderBlock {CAPTION} at (0,0) size 121x21
          RenderText {#text} at (35,0) size 51x21
            text run at (35,0) width 51: "TEST1"
        RenderTableSection {TBODY} at (1,22) size 121x29
          RenderTableRow {TR} at (0,2) size 121x25
            RenderTableCell {TD} at (2,2) size 117x25 [border: (1px inset #808080)] [r=0 c=0 rs=1 cs=1]
              RenderText {#text} at (2,2) size 113x21
                text run at (2,2) width 113: "TABLE TEXT1"
      RenderBlock (anonymous) at (0,52) size 784x21
        RenderInline {FONT} at (0,0) size 50x21
          RenderText {#text} at (0,0) size 50x21
            text run at (0,0) width 50: "TEST2"
      RenderTable {TABLE} at (0,73) size 123x31 [border: (1px outset #808080)]
        RenderTableSection {TBODY} at (1,1) size 121x29
          RenderTableRow {TR} at (0,2) size 121x25
            RenderTableCell {TD} at (2,2) size 117x25 [border: (1px inset #808080)] [r=0 c=0 rs=1 cs=1]
              RenderText {#text} at (2,2) size 113x21
                text run at (2,2) width 113: "TABLE TEXT2"
      RenderTable {TABLE} at (0,104) size 123x52 [border: (1px outset #808080)]
        RenderBlock {CAPTION} at (0,0) size 121x21
          RenderText {#text} at (35,0) size 51x21
            text run at (35,0) width 51: "TEST3"
        RenderTableSection {TBODY} at (1,22) size 121x29
          RenderTableRow {TR} at (0,2) size 121x25
            RenderTableCell {TD} at (2,2) size 117x25 [border: (1px inset #808080)] [r=0 c=0 rs=1 cs=1]
              RenderText {#text} at (2,2) size 113x21
                text run at (2,2) width 113: "TABLE TEXT3"
