layer at (0,0) size 800x600
  RenderView at (0,0) size 800x600
layer at (0,0) size 800x150
  RenderBlock {HTML} at (0,0) size 800x150
    RenderBody {BODY} at (8,8) size 784x0 [bgcolor=#FFFFFF]
      RenderTable {TABLE} at (0,0) size 93x142
        RenderBlock {CAPTION} at (0,0) size 93x22
          RenderText {#text} at (0,0) size 93x22
            text run at (0,0) width 93: "height=\"105\""
        RenderTableSection {TBODY} at (0,22) size 93x120
          RenderTableRow {TR} at (0,0) size 93x24
            RenderTableCell {TD} at (0,0) size 93x24 [r=0 c=0 rs=1 cs=1]
              RenderText {#text} at (1,1) size 68x22
                text run at (1,1) width 68: "Entry #01"
          RenderTableRow {TR} at (0,24) size 93x24
            RenderTableCell {TD} at (0,24) size 93x24 [r=1 c=0 rs=1 cs=1]
              RenderText {#text} at (1,1) size 68x22
                text run at (1,1) width 68: "Entry #02"
          RenderTableRow {TR} at (0,48) size 93x24
            RenderTableCell {TD} at (0,48) size 93x24 [r=2 c=0 rs=1 cs=1]
              RenderText {#text} at (1,1) size 68x22
                text run at (1,1) width 68: "Entry #03"
          RenderTableRow {TR} at (0,72) size 93x24
            RenderTableCell {TD} at (0,72) size 93x24 [r=3 c=0 rs=1 cs=1]
              RenderText {#text} at (1,1) size 68x22
                text run at (1,1) width 68: "Entry #04"
          RenderTableRow {TR} at (0,96) size 93x24
            RenderTableCell {TD} at (0,96) size 93x24 [r=4 c=0 rs=1 cs=1]
              RenderText {#text} at (1,1) size 68x22
                text run at (1,1) width 68: "Entry #05"
      RenderTable {TABLE} at (93,0) size 93x142
        RenderBlock {CAPTION} at (0,0) size 93x22
          RenderText {#text} at (0,0) size 93x22
            text run at (0,0) width 93: "height=\"106\""
        RenderTableSection {TBODY} at (0,22) size 93x120
          RenderTableRow {TR} at (0,0) size 93x24
            RenderTableCell {TD} at (0,0) size 93x24 [r=0 c=0 rs=1 cs=1]
              RenderText {#text} at (1,1) size 68x22
                text run at (1,1) width 68: "Entry #01"
          RenderTableRow {TR} at (0,24) size 93x24
            RenderTableCell {TD} at (0,24) size 93x24 [r=1 c=0 rs=1 cs=1]
              RenderText {#text} at (1,1) size 68x22
                text run at (1,1) width 68: "Entry #02"
          RenderTableRow {TR} at (0,48) size 93x24
            RenderTableCell {TD} at (0,48) size 93x24 [r=2 c=0 rs=1 cs=1]
              RenderText {#text} at (1,1) size 68x22
                text run at (1,1) width 68: "Entry #03"
          RenderTableRow {TR} at (0,72) size 93x24
            RenderTableCell {TD} at (0,72) size 93x24 [r=3 c=0 rs=1 cs=1]
              RenderText {#text} at (1,1) size 68x22
                text run at (1,1) width 68: "Entry #04"
          RenderTableRow {TR} at (0,96) size 93x24
            RenderTableCell {TD} at (0,96) size 93x24 [r=4 c=0 rs=1 cs=1]
              RenderText {#text} at (1,1) size 68x22
                text run at (1,1) width 68: "Entry #05"
      RenderTable {TABLE} at (186,0) size 93x142
        RenderBlock {CAPTION} at (0,0) size 93x22
          RenderText {#text} at (0,0) size 93x22
            text run at (0,0) width 93: "height=\"107\""
        RenderTableSection {TBODY} at (0,22) size 93x120
          RenderTableRow {TR} at (0,0) size 93x24
            RenderTableCell {TD} at (0,0) size 93x24 [r=0 c=0 rs=1 cs=1]
              RenderText {#text} at (1,1) size 68x22
                text run at (1,1) width 68: "Entry #01"
          RenderTableRow {TR} at (0,24) size 93x24
            RenderTableCell {TD} at (0,24) size 93x24 [r=1 c=0 rs=1 cs=1]
              RenderText {#text} at (1,1) size 68x22
                text run at (1,1) width 68: "Entry #02"
          RenderTableRow {TR} at (0,48) size 93x24
            RenderTableCell {TD} at (0,48) size 93x24 [r=2 c=0 rs=1 cs=1]
              RenderText {#text} at (1,1) size 68x22
                text run at (1,1) width 68: "Entry #03"
          RenderTableRow {TR} at (0,72) size 93x24
            RenderTableCell {TD} at (0,72) size 93x24 [r=3 c=0 rs=1 cs=1]
              RenderText {#text} at (1,1) size 68x22
                text run at (1,1) width 68: "Entry #04"
          RenderTableRow {TR} at (0,96) size 93x24
            RenderTableCell {TD} at (0,96) size 93x24 [r=4 c=0 rs=1 cs=1]
              RenderText {#text} at (1,1) size 68x22
                text run at (1,1) width 68: "Entry #05"
      RenderTable {TABLE} at (279,0) size 93x142
        RenderBlock {CAPTION} at (0,0) size 93x22
          RenderText {#text} at (0,0) size 93x22
            text run at (0,0) width 93: "height=\"108\""
        RenderTableSection {TBODY} at (0,22) size 93x120
          RenderTableRow {TR} at (0,0) size 93x24
            RenderTableCell {TD} at (0,0) size 93x24 [r=0 c=0 rs=1 cs=1]
              RenderText {#text} at (1,1) size 68x22
                text run at (1,1) width 68: "Entry #01"
          RenderTableRow {TR} at (0,24) size 93x24
            RenderTableCell {TD} at (0,24) size 93x24 [r=1 c=0 rs=1 cs=1]
              RenderText {#text} at (1,1) size 68x22
                text run at (1,1) width 68: "Entry #02"
          RenderTableRow {TR} at (0,48) size 93x24
            RenderTableCell {TD} at (0,48) size 93x24 [r=2 c=0 rs=1 cs=1]
              RenderText {#text} at (1,1) size 68x22
                text run at (1,1) width 68: "Entry #03"
          RenderTableRow {TR} at (0,72) size 93x24
            RenderTableCell {TD} at (0,72) size 93x24 [r=3 c=0 rs=1 cs=1]
              RenderText {#text} at (1,1) size 68x22
                text run at (1,1) width 68: "Entry #04"
          RenderTableRow {TR} at (0,96) size 93x24
            RenderTableCell {TD} at (0,96) size 93x24 [r=4 c=0 rs=1 cs=1]
              RenderText {#text} at (1,1) size 68x22
                text run at (1,1) width 68: "Entry #05"
      RenderTable {TABLE} at (372,0) size 93x142
        RenderBlock {CAPTION} at (0,0) size 93x22
          RenderText {#text} at (0,0) size 93x22
            text run at (0,0) width 93: "height=\"109\""
        RenderTableSection {TBODY} at (0,22) size 93x120
          RenderTableRow {TR} at (0,0) size 93x24
            RenderTableCell {TD} at (0,0) size 93x24 [r=0 c=0 rs=1 cs=1]
              RenderText {#text} at (1,1) size 68x22
                text run at (1,1) width 68: "Entry #01"
          RenderTableRow {TR} at (0,24) size 93x24
            RenderTableCell {TD} at (0,24) size 93x24 [r=1 c=0 rs=1 cs=1]
              RenderText {#text} at (1,1) size 68x22
                text run at (1,1) width 68: "Entry #02"
          RenderTableRow {TR} at (0,48) size 93x24
            RenderTableCell {TD} at (0,48) size 93x24 [r=2 c=0 rs=1 cs=1]
              RenderText {#text} at (1,1) size 68x22
                text run at (1,1) width 68: "Entry #03"
          RenderTableRow {TR} at (0,72) size 93x24
            RenderTableCell {TD} at (0,72) size 93x24 [r=3 c=0 rs=1 cs=1]
              RenderText {#text} at (1,1) size 68x22
                text run at (1,1) width 68: "Entry #04"
          RenderTableRow {TR} at (0,96) size 93x24
            RenderTableCell {TD} at (0,96) size 93x24 [r=4 c=0 rs=1 cs=1]
              RenderText {#text} at (1,1) size 68x22
                text run at (1,1) width 68: "Entry #05"
      RenderTable {TABLE} at (465,0) size 93x142
        RenderBlock {CAPTION} at (0,0) size 93x22
          RenderText {#text} at (0,0) size 93x22
            text run at (0,0) width 93: "height=\"110\""
        RenderTableSection {TBODY} at (0,22) size 93x120
          RenderTableRow {TR} at (0,0) size 93x24
            RenderTableCell {TD} at (0,0) size 93x24 [r=0 c=0 rs=1 cs=1]
              RenderText {#text} at (1,1) size 68x22
                text run at (1,1) width 68: "Entry #01"
          RenderTableRow {TR} at (0,24) size 93x24
            RenderTableCell {TD} at (0,24) size 93x24 [r=1 c=0 rs=1 cs=1]
              RenderText {#text} at (1,1) size 68x22
                text run at (1,1) width 68: "Entry #02"
          RenderTableRow {TR} at (0,48) size 93x24
            RenderTableCell {TD} at (0,48) size 93x24 [r=2 c=0 rs=1 cs=1]
              RenderText {#text} at (1,1) size 68x22
                text run at (1,1) width 68: "Entry #03"
          RenderTableRow {TR} at (0,72) size 93x24
            RenderTableCell {TD} at (0,72) size 93x24 [r=3 c=0 rs=1 cs=1]
              RenderText {#text} at (1,1) size 68x22
                text run at (1,1) width 68: "Entry #04"
          RenderTableRow {TR} at (0,96) size 93x24
            RenderTableCell {TD} at (0,96) size 93x24 [r=4 c=0 rs=1 cs=1]
              RenderText {#text} at (1,1) size 68x22
                text run at (1,1) width 68: "Entry #05"
