layer at (0,0) size 800x600
  RenderView at (0,0) size 800x600
layer at (0,0) size 800x600
  RenderBlock {HTML} at (0,0) size 800x600
    RenderBody {BODY} at (8,8) size 784x584 [bgcolor=#FFFFFF]
      RenderTable {TABLE} at (0,0) size 360x104 [border: (1px outset #808080)]
        RenderTableSection {TBODY} at (1,1) size 358x102
          RenderTableRow {TR} at (0,2) size 358x98
            RenderTableCell {TD} at (2,2) size 354x98 [border: (1px inset #808080)] [r=0 c=0 rs=1 cs=1]
              RenderTable {TABLE} at (2,2) size 350x94 [bgcolor=#FFCC99] [border: (1px outset #808080)]
                RenderTableSection {TBODY} at (1,1) size 348x92
                  RenderTableRow {TR} at (0,2) size 348x88
                    RenderTableCell {TD} at (2,16) size 246x59 [border: (1px inset #808080)] [r=0 c=0 rs=1 cs=2]
                      RenderInline {B} at (0,0) size 100x21
                        RenderText {#text} at (2,2) size 100x21
                          text run at (2,2) width 100: "Contact MPG:"
                      RenderText {#text} at (102,2) size 4x21
                        text run at (102,2) width 4: " "
                      RenderBR {BR} at (0,0) size 0x0
                      RenderInline {FONT} at (0,0) size 241x34
                        RenderInline {B} at (0,0) size 149x17
                          RenderInline {A} at (0,0) size 149x17 [color=#0000EE]
                            RenderText {#text} at (2,23) size 149x17
                              text run at (2,23) width 33: "Click "
                              text run at (35,23) width 116: "here to email full list"
                        RenderText {#text} at (151,23) size 75x17
                          text run at (151,23) width 75: ", or copy this "
                        RenderInline {A} at (0,0) size 241x34 [color=#0000EE]
                          RenderText {#text} at (226,23) size 241x34
                            text run at (226,23) width 17: "list"
                            text run at (2,40) width 68: "of addresses"
                        RenderText {#text} at (70,40) size 40x17
                          text run at (70,40) width 40: ".  View "
                        RenderInline {A} at (0,0) size 86x17 [color=#0000EE]
                          RenderText {#text} at (110,40) size 86x17
                            text run at (110,40) width 86: "Who is in MPG"
                        RenderText {#text} at (196,40) size 3x17
                          text run at (196,40) width 3: "."
                      RenderText {#text} at (0,0) size 0x0
                    RenderTableCell {TD} at (250,2) size 96x88 [border: (1px inset #808080)] [r=0 c=2 rs=1 cs=1]
                      RenderInline {B} at (0,0) size 84x21
                        RenderText {#text} at (2,2) size 84x21
                          text run at (2,2) width 84: "MPG Rules:"
                      RenderText {#text} at (86,2) size 4x21
                        text run at (86,2) width 4: " "
                      RenderBR {BR} at (0,0) size 0x0
                      RenderText {#text} at (2,23) size 62x63
                        text run at (2,23) width 62: "Not at all"
                        text run at (2,44) width 47: "serious"
                        text run at (2,65) width 51: "bylaws."
