layer at (0,0) size 800x600
  RenderView at (0,0) size 800x600
layer at (0,0) size 800x600
  RenderBlock {HTML} at (0,0) size 800x600
    RenderBody {BODY} at (8,8) size 784x584 [bgcolor=#FFFFFF]
      RenderBlock {P} at (0,0) size 784x22
        RenderText {#text} at (0,0) size 149x22
          text run at (0,0) width 149: "A 101 pixel wide table"
      RenderTable {TABLE} at (0,38) size 101x47
        RenderTableSection {TBODY} at (0,0) size 101x47
          RenderTableRow {TR} at (0,1) size 101x22
            RenderTableCell {TD} at (1,1) size 24x22 [bgcolor=#000000] [r=0 c=0 rs=1 cs=1]
              RenderText {#text} at (0,0) size 4x22
                text run at (0,0) width 4: " "
            RenderTableCell {TD} at (26,1) size 24x22 [bgcolor=#000000] [r=0 c=1 rs=1 cs=1]
              RenderText {#text} at (0,0) size 4x22
                text run at (0,0) width 4: " "
            RenderTableCell {TD} at (51,1) size 24x22 [bgcolor=#000000] [r=0 c=2 rs=1 cs=1]
              RenderText {#text} at (0,0) size 4x22
                text run at (0,0) width 4: " "
            RenderTableCell {TD} at (76,1) size 24x22 [bgcolor=#000000] [r=0 c=3 rs=1 cs=1]
              RenderText {#text} at (0,0) size 4x22
                text run at (0,0) width 4: " "
          RenderTableRow {TR} at (0,24) size 101x22
            RenderTableCell {TD} at (1,24) size 49x22 [bgcolor=#000000] [r=1 c=0 rs=1 cs=2]
              RenderText {#text} at (0,0) size 4x22
                text run at (0,0) width 4: " "
            RenderTableCell {TD} at (51,24) size 49x22 [bgcolor=#000000] [r=1 c=2 rs=1 cs=2]
              RenderText {#text} at (0,0) size 4x22
                text run at (0,0) width 4: " "
      RenderBlock {P} at (0,101) size 784x22
        RenderText {#text} at (0,0) size 149x22
          text run at (0,0) width 149: "A 102 pixel wide table"
      RenderTable {TABLE} at (0,139) size 102x47
        RenderTableSection {TBODY} at (0,0) size 102x47
          RenderTableRow {TR} at (0,1) size 102x22
            RenderTableCell {TD} at (1,1) size 25x22 [bgcolor=#000000] [r=0 c=0 rs=1 cs=1]
              RenderText {#text} at (0,0) size 4x22
                text run at (0,0) width 4: " "
            RenderTableCell {TD} at (27,1) size 24x22 [bgcolor=#000000] [r=0 c=1 rs=1 cs=1]
              RenderText {#text} at (0,0) size 4x22
                text run at (0,0) width 4: " "
            RenderTableCell {TD} at (52,1) size 24x22 [bgcolor=#000000] [r=0 c=2 rs=1 cs=1]
              RenderText {#text} at (0,0) size 4x22
                text run at (0,0) width 4: " "
            RenderTableCell {TD} at (77,1) size 24x22 [bgcolor=#000000] [r=0 c=3 rs=1 cs=1]
              RenderText {#text} at (0,0) size 4x22
                text run at (0,0) width 4: " "
          RenderTableRow {TR} at (0,24) size 102x22
            RenderTableCell {TD} at (1,24) size 50x22 [bgcolor=#000000] [r=1 c=0 rs=1 cs=2]
              RenderText {#text} at (0,0) size 4x22
                text run at (0,0) width 4: " "
            RenderTableCell {TD} at (52,24) size 49x22 [bgcolor=#000000] [r=1 c=2 rs=1 cs=2]
              RenderText {#text} at (0,0) size 4x22
                text run at (0,0) width 4: " "
      RenderBlock {P} at (0,202) size 784x22
        RenderText {#text} at (0,0) size 149x22
          text run at (0,0) width 149: "A 103 pixel wide table"
      RenderTable {TABLE} at (0,240) size 103x47
        RenderTableSection {TBODY} at (0,0) size 103x47
          RenderTableRow {TR} at (0,1) size 103x22
            RenderTableCell {TD} at (1,1) size 25x22 [bgcolor=#000000] [r=0 c=0 rs=1 cs=1]
              RenderText {#text} at (0,0) size 4x22
                text run at (0,0) width 4: " "
            RenderTableCell {TD} at (27,1) size 25x22 [bgcolor=#000000] [r=0 c=1 rs=1 cs=1]
              RenderText {#text} at (0,0) size 4x22
                text run at (0,0) width 4: " "
            RenderTableCell {TD} at (53,1) size 24x22 [bgcolor=#000000] [r=0 c=2 rs=1 cs=1]
              RenderText {#text} at (0,0) size 4x22
                text run at (0,0) width 4: " "
            RenderTableCell {TD} at (78,1) size 24x22 [bgcolor=#000000] [r=0 c=3 rs=1 cs=1]
              RenderText {#text} at (0,0) size 4x22
                text run at (0,0) width 4: " "
          RenderTableRow {TR} at (0,24) size 103x22
            RenderTableCell {TD} at (1,24) size 51x22 [bgcolor=#000000] [r=1 c=0 rs=1 cs=2]
              RenderText {#text} at (0,0) size 4x22
                text run at (0,0) width 4: " "
            RenderTableCell {TD} at (53,24) size 49x22 [bgcolor=#000000] [r=1 c=2 rs=1 cs=2]
              RenderText {#text} at (0,0) size 4x22
                text run at (0,0) width 4: " "
      RenderBlock {P} at (0,303) size 784x22
        RenderText {#text} at (0,0) size 149x22
          text run at (0,0) width 149: "A 104 pixel wide table"
      RenderTable {TABLE} at (0,341) size 104x47
        RenderTableSection {TBODY} at (0,0) size 104x47
          RenderTableRow {TR} at (0,1) size 104x22
            RenderTableCell {TD} at (1,1) size 25x22 [bgcolor=#000000] [r=0 c=0 rs=1 cs=1]
              RenderText {#text} at (0,0) size 4x22
                text run at (0,0) width 4: " "
            RenderTableCell {TD} at (27,1) size 25x22 [bgcolor=#000000] [r=0 c=1 rs=1 cs=1]
              RenderText {#text} at (0,0) size 4x22
                text run at (0,0) width 4: " "
            RenderTableCell {TD} at (53,1) size 25x22 [bgcolor=#000000] [r=0 c=2 rs=1 cs=1]
              RenderText {#text} at (0,0) size 4x22
                text run at (0,0) width 4: " "
            RenderTableCell {TD} at (79,1) size 24x22 [bgcolor=#000000] [r=0 c=3 rs=1 cs=1]
              RenderText {#text} at (0,0) size 4x22
                text run at (0,0) width 4: " "
          RenderTableRow {TR} at (0,24) size 104x22
            RenderTableCell {TD} at (1,24) size 51x22 [bgcolor=#000000] [r=1 c=0 rs=1 cs=2]
              RenderText {#text} at (0,0) size 4x22
                text run at (0,0) width 4: " "
            RenderTableCell {TD} at (53,24) size 50x22 [bgcolor=#000000] [r=1 c=2 rs=1 cs=2]
              RenderText {#text} at (0,0) size 4x22
                text run at (0,0) width 4: " "
