layer at (0,0) size 784x677
  RenderView at (0,0) size 784x600
layer at (0,0) size 784x677
  RenderBlock {HTML} at (0,0) size 784x677
    RenderBody {BODY} at (8,8) size 768x661 [bgcolor=#FFFFFF]
      RenderBlock {H2} at (0,0) size 768x31
        RenderText {#text} at (0,0) size 67x32
          text run at (0,0) width 67: "Test A"
      RenderBlock {DIV} at (0,50) size 768x67 [color=#008000]
        RenderTable {TABLE} at (0,0) size 298x67 [color=#000000] [border: (10px solid #000000)]
          RenderTableSection {TBODY} at (10,10) size 278x47
            RenderTableRow {TR} at (0,2) size 278x43 [color=#0000FF]
              RenderTableCell {TD} at (2,2) size 56x43 [border: (10px solid #0000FF)] [r=0 c=0 rs=1 cs=1]
                RenderText {#text} at (11,11) size 34x21
                  text run at (11,11) width 34: "Field"
              RenderTableCell {TD} at (60,2) size 216x43 [border: (10px solid #0000FF)] [r=0 c=1 rs=1 cs=1]
                RenderText {#text} at (11,11) size 194x21
                  text run at (11,11) width 194: "Records for Cropping Years"
      RenderBlock {H2} at (0,136) size 768x31
        RenderText {#text} at (0,0) size 66x32
          text run at (0,0) width 66: "Test B"
      RenderTable {TABLE} at (0,186) size 298x67 [border: (10px solid #000000)]
        RenderTableSection {TBODY} at (10,10) size 278x47
          RenderTableRow {TR} at (0,2) size 278x43 [color=#0000FF]
            RenderTableCell {TD} at (2,2) size 56x43 [border: (10px solid #0000FF)] [r=0 c=0 rs=1 cs=1]
              RenderText {#text} at (11,11) size 34x21
                text run at (11,11) width 34: "Field"
            RenderTableCell {TD} at (60,2) size 216x43 [border: (10px solid #0000FF)] [r=0 c=1 rs=1 cs=1]
              RenderText {#text} at (11,11) size 194x21
                text run at (11,11) width 194: "Records for Cropping Years"
      RenderBlock {H2} at (0,272) size 768x31
        RenderText {#text} at (0,0) size 67x32
          text run at (0,0) width 67: "Test C"
      RenderTable {TABLE} at (0,322) size 298x67 [color=#0000FF] [border: (10px solid #0000FF)]
        RenderTableSection {TBODY} at (10,10) size 278x47
          RenderTableRow {TR} at (0,2) size 278x43
            RenderTableCell {TD} at (2,2) size 56x43 [border: (10px solid #0000FF)] [r=0 c=0 rs=1 cs=1]
              RenderText {#text} at (11,11) size 34x21
                text run at (11,11) width 34: "Field"
            RenderTableCell {TD} at (60,2) size 216x43 [border: (10px solid #0000FF)] [r=0 c=1 rs=1 cs=1]
              RenderText {#text} at (11,11) size 194x21
                text run at (11,11) width 194: "Records for Cropping Years"
      RenderBlock {H2} at (0,408) size 768x31
        RenderText {#text} at (0,0) size 67x32
          text run at (0,0) width 67: "Test D"
      RenderTable {TABLE} at (0,458) size 298x67 [color=#0000FF] [border: (10px solid #0000FF)]
        RenderTableSection {TBODY} at (10,10) size 278x47
          RenderTableRow {TR} at (0,2) size 278x43
            RenderTableCell {TD} at (2,2) size 56x43 [border: (10px solid #0000FF)] [r=0 c=0 rs=1 cs=1]
              RenderText {#text} at (11,11) size 34x21
                text run at (11,11) width 34: "Field"
            RenderTableCell {TD} at (60,2) size 216x43 [border: (10px solid #0000FF)] [r=0 c=1 rs=1 cs=1]
              RenderText {#text} at (11,11) size 194x21
                text run at (11,11) width 194: "Records for Cropping Years"
      RenderBlock {H2} at (0,544) size 768x31
        RenderText {#text} at (0,0) size 66x32
          text run at (0,0) width 66: "Test E"
      RenderTable {TABLE} at (0,594) size 298x67 [color=#0000FF] [border: (10px solid #0000FF)]
        RenderTableSection {TBODY} at (10,10) size 278x47
          RenderTableRow {TR} at (0,2) size 278x43
            RenderTableCell {TD} at (2,2) size 56x43 [border: (10px solid #0000FF)] [r=0 c=0 rs=1 cs=1]
              RenderText {#text} at (11,11) size 34x21
                text run at (11,11) width 34: "Field"
            RenderTableCell {TD} at (60,2) size 216x43 [border: (10px solid #0000FF)] [r=0 c=1 rs=1 cs=1]
              RenderText {#text} at (11,11) size 194x21
                text run at (11,11) width 194: "Records for Cropping Years"
