layer at (0,0) size 784x700
  RenderView at (0,0) size 784x600
layer at (0,0) size 784x700
  RenderBlock {HTML} at (0,0) size 784x700
    RenderBody {BODY} at (8,8) size 768x684 [bgcolor=#FFFFFF]
      RenderTable {TABLE} at (0,0) size 308x60 [border: (1px outset #808080)]
        RenderTableCol {COLGROUP} at (0,0) size 0x0
          RenderTableCol {COL} at (0,0) size 0x0
          RenderTableCol {COL} at (0,0) size 0x0
        RenderTableSection {TBODY} at (1,1) size 306x58
          RenderTableRow {TR} at (0,2) size 306x26
          RenderTableRow {TR} at (0,30) size 306x26
      RenderTable {TABLE} at (0,60) size 308x60 [border: (1px outset #808080)]
        RenderTableCol {COLGROUP} at (0,0) size 0x0
          RenderTableCol {COL} at (0,0) size 0x0
          RenderTableCol {COL} at (0,0) size 0x0
        RenderTableSection {TBODY} at (1,1) size 306x58
          RenderTableRow {TR} at (0,2) size 306x26
          RenderTableRow {TR} at (0,30) size 306x26
      RenderTable {TABLE} at (0,120) size 300x60 [border: (1px outset #808080)]
        RenderTableSection {TBODY} at (1,1) size 298x58
          RenderTableRow {TR} at (0,2) size 298x26
          RenderTableRow {TR} at (0,30) size 298x26
      RenderTable {TABLE} at (0,180) size 300x60 [border: (1px outset #808080)]
        RenderTableSection {TBODY} at (1,1) size 298x58
          RenderTableRow {TR} at (0,2) size 298x26
          RenderTableRow {TR} at (0,30) size 298x26
      RenderTable {TABLE} at (0,240) size 300x73 [border: (1px outset #808080)]
        RenderTableSection {TBODY} at (1,1) size 298x71
          RenderTableRow {TR} at (0,2) size 298x39
          RenderTableRow {TR} at (0,43) size 298x26
      RenderTable {TABLE} at (0,313) size 300x73 [border: (1px outset #808080)]
        RenderTableSection {TBODY} at (1,1) size 298x71
          RenderTableRow {TR} at (0,2) size 298x39
          RenderTableRow {TR} at (0,43) size 298x26
      RenderTable {TABLE} at (0,386) size 300x102 [border: (1px outset #808080)]
        RenderTableSection {TBODY} at (1,1) size 298x100
          RenderTableRow {TR} at (0,2) size 298x50
          RenderTableRow {TR} at (0,54) size 298x44
      RenderTable {TABLE} at (0,586) size 300x98 [border: (1px outset #808080)]
        RenderTableSection {TBODY} at (1,1) size 298x96
          RenderTableRow {TR} at (0,2) size 298x64
          RenderTableRow {TR} at (0,68) size 298x26
layer at (11,11) size 200x26 clip at (12,12) size 198x24
  RenderTableCell {TD} at (2,2) size 200x26 [bgcolor=#0000FF] [border: (1px inset #808080)] [r=0 c=0 rs=1 cs=1]
    RenderText {#text} at (2,2) size 4x22
      text run at (2,2) width 4: " "
layer at (213,11) size 100x26 clip at (214,12) size 98x24
  RenderTableCell {TD} at (204,2) size 100x26 [bgcolor=#0000FF] [border: (1px inset #808080)] [r=0 c=1 rs=1 cs=1]
    RenderText {#text} at (2,2) size 4x22
      text run at (2,2) width 4: " "
layer at (11,39) size 200x26 clip at (12,40) size 198x24
  RenderTableCell {TD} at (2,30) size 200x26 [bgcolor=#0000FF] [border: (1px inset #808080)] [r=1 c=0 rs=1 cs=1]
    RenderText {#text} at (2,2) size 4x22
      text run at (2,2) width 4: " "
layer at (213,39) size 100x26 clip at (214,40) size 98x24
  RenderTableCell {TD} at (204,30) size 100x26 [bgcolor=#0000FF] [border: (1px inset #808080)] [r=1 c=1 rs=1 cs=1]
    RenderText {#text} at (2,2) size 4x22
      text run at (2,2) width 4: " "
layer at (11,71) size 200x26 clip at (12,72) size 198x24
  RenderTableCell {TD} at (2,2) size 200x26 [bgcolor=#0000FF] [border: (1px inset #808080)] [r=0 c=0 rs=1 cs=1]
    RenderText {#text} at (2,2) size 4x22
      text run at (2,2) width 4: " "
layer at (213,71) size 100x26 clip at (214,72) size 98x24
  RenderTableCell {TD} at (204,2) size 100x26 [bgcolor=#0000FF] [border: (1px inset #808080)] [r=0 c=1 rs=1 cs=1]
    RenderText {#text} at (2,2) size 4x22
      text run at (2,2) width 4: " "
layer at (11,99) size 200x26 clip at (12,100) size 198x24
  RenderTableCell {TD} at (2,30) size 200x26 [bgcolor=#0000FF] [border: (1px inset #808080)] [r=1 c=0 rs=1 cs=1]
    RenderText {#text} at (2,2) size 4x22
      text run at (2,2) width 4: " "
layer at (213,99) size 100x26 clip at (214,100) size 98x24
  RenderTableCell {TD} at (204,30) size 100x26 [bgcolor=#0000FF] [border: (1px inset #808080)] [r=1 c=1 rs=1 cs=1]
    RenderText {#text} at (2,2) size 4x22
      text run at (2,2) width 4: " "
layer at (11,131) size 233x26 clip at (12,132) size 231x24
  RenderTableCell {TD} at (2,2) size 233x26 [bgcolor=#0000FF] [border: (1px inset #808080)] [r=0 c=0 rs=1 cs=1]
    RenderText {#text} at (2,2) size 4x22
      text run at (2,2) width 4: " "
layer at (246,131) size 59x26 clip at (247,132) size 57x24
  RenderTableCell {TD} at (237,2) size 59x26 [bgcolor=#0000FF] [border: (1px inset #808080)] [r=0 c=1 rs=1 cs=1]
    RenderText {#text} at (2,2) size 4x22
      text run at (2,2) width 4: " "
layer at (11,159) size 233x26 clip at (12,160) size 231x24
  RenderTableCell {TD} at (2,30) size 233x26 [bgcolor=#0000FF] [border: (1px inset #808080)] [r=1 c=0 rs=1 cs=1]
    RenderText {#text} at (2,2) size 4x22
      text run at (2,2) width 4: " "
layer at (246,159) size 59x26 clip at (247,160) size 57x24
  RenderTableCell {TD} at (237,30) size 59x26 [bgcolor=#0000FF] [border: (1px inset #808080)] [r=1 c=1 rs=1 cs=1]
    RenderText {#text} at (2,2) size 4x22
      text run at (2,2) width 4: " "
layer at (11,191) size 150x26 clip at (12,192) size 148x24
  RenderTableCell {TD} at (2,2) size 150x26 [bgcolor=#0000FF] [border: (1px inset #808080)] [r=0 c=0 rs=1 cs=1]
    RenderText {#text} at (2,2) size 4x22
      text run at (2,2) width 4: " "
layer at (163,191) size 142x26 clip at (164,192) size 140x24
  RenderTableCell {TD} at (154,2) size 142x26 [bgcolor=#0000FF] [border: (1px inset #808080)] [r=0 c=1 rs=1 cs=1]
    RenderText {#text} at (2,2) size 4x22
      text run at (2,2) width 4: " "
layer at (11,219) size 150x26 clip at (12,220) size 148x24
  RenderTableCell {TD} at (2,30) size 150x26 [bgcolor=#0000FF] [border: (1px inset #808080)] [r=1 c=0 rs=1 cs=1]
    RenderText {#text} at (2,2) size 4x22
      text run at (2,2) width 4: " "
layer at (163,219) size 142x26 clip at (164,220) size 140x24
  RenderTableCell {TD} at (154,30) size 142x26 [bgcolor=#0000FF] [border: (1px inset #808080)] [r=1 c=1 rs=1 cs=1]
    RenderText {#text} at (2,2) size 4x22
      text run at (2,2) width 4: " "
layer at (11,251) size 150x39 clip at (12,252) size 148x37 scrollWidth 201
  RenderTableCell {TD} at (2,2) size 150x39 [bgcolor=#0000FF] [border: (1px inset #808080)] [r=0 c=0 rs=1 cs=1]
    RenderBlock {FORM} at (2,2) size 146x35
      RenderButton {BUTTON} at (0,2) size 200x31 [bgcolor=#C0C0C0]
        RenderBlock (anonymous) at (6,5) size 188x21
          RenderText {#text} at (72,0) size 44x21
            text run at (72,0) width 44: "button"
layer at (163,251) size 142x39 clip at (164,252) size 140x37
  RenderTableCell {TD} at (154,8) size 142x26 [bgcolor=#0000FF] [border: (1px inset #808080)] [r=0 c=1 rs=1 cs=1]
    RenderText {#text} at (2,2) size 4x22
      text run at (2,2) width 4: " "
layer at (11,292) size 150x26 clip at (12,293) size 148x24
  RenderTableCell {TD} at (2,43) size 150x26 [bgcolor=#0000FF] [border: (1px inset #808080)] [r=1 c=0 rs=1 cs=1]
    RenderText {#text} at (2,2) size 4x22
      text run at (2,2) width 4: " "
layer at (163,292) size 142x26 clip at (164,293) size 140x24
  RenderTableCell {TD} at (154,43) size 142x26 [bgcolor=#0000FF] [border: (1px inset #808080)] [r=1 c=1 rs=1 cs=1]
    RenderText {#text} at (2,2) size 4x22
      text run at (2,2) width 4: " "
layer at (11,324) size 280x39 clip at (12,325) size 278x37
  RenderTableCell {TD} at (2,2) size 280x39 [bgcolor=#0000FF] [border: (1px inset #808080)] [r=0 c=0 rs=1 cs=1]
    RenderBlock {FORM} at (2,2) size 276x35
      RenderButton {BUTTON} at (0,2) size 200x31 [bgcolor=#C0C0C0]
        RenderBlock (anonymous) at (6,5) size 188x21
          RenderText {#text} at (72,0) size 44x21
            text run at (72,0) width 44: "button"
layer at (293,324) size 12x39 clip at (294,325) size 10x37
  RenderTableCell {TD} at (284,8) size 12x26 [bgcolor=#0000FF] [border: (1px inset #808080)] [r=0 c=1 rs=1 cs=1]
    RenderText {#text} at (2,2) size 4x22
      text run at (2,2) width 4: " "
layer at (11,365) size 280x26 clip at (12,366) size 278x24
  RenderTableCell {TD} at (2,43) size 280x26 [bgcolor=#0000FF] [border: (1px inset #808080)] [r=1 c=0 rs=1 cs=1]
    RenderText {#text} at (2,2) size 4x22
      text run at (2,2) width 4: " "
layer at (293,365) size 12x26 clip at (294,366) size 10x24
  RenderTableCell {TD} at (284,43) size 12x26 [bgcolor=#0000FF] [border: (1px inset #808080)] [r=1 c=1 rs=1 cs=1]
    RenderText {#text} at (2,2) size 4x22
      text run at (2,2) width 4: " "
layer at (11,397) size 150x50 clip at (12,398) size 148x48 scrollWidth 216
  RenderTableCell {TD} at (2,2) size 150x50 [bgcolor=#0000FF] [border: (1px inset #808080)] [r=0 c=0 rs=1 cs=1]
    RenderBlock {DIV} at (11,11) size 206x28 [border: (3px solid #000000)]
      RenderText {#text} at (3,3) size 21x22
        text run at (3,3) width 21: "div"
layer at (163,397) size 142x50 clip at (164,398) size 140x48
  RenderTableCell {TD} at (154,5) size 142x44 [bgcolor=#0000FF] [border: (1px inset #808080)] [r=0 c=1 rs=1 cs=1]
    RenderText {#text} at (11,11) size 4x22
      text run at (11,11) width 4: " "
layer at (11,449) size 150x44 clip at (12,450) size 148x42
  RenderTableCell {TD} at (2,54) size 150x44 [bgcolor=#0000FF] [border: (1px inset #808080)] [r=1 c=0 rs=1 cs=1]
    RenderText {#text} at (11,11) size 4x22
      text run at (11,11) width 4: " "
layer at (163,449) size 142x44 clip at (164,450) size 140x42
  RenderTableCell {TD} at (154,54) size 142x44 [bgcolor=#0000FF] [border: (1px inset #808080)] [r=1 c=1 rs=1 cs=1]
    RenderText {#text} at (11,11) size 4x22
      text run at (11,11) width 4: " "
layer at (8,496) size 300x98 clip at (9,497) size 298x96
  RenderTable {TABLE} at (0,488) size 300x98 [border: (1px outset #808080)]
    RenderTableSection {TBODY} at (1,1) size 298x96
      RenderTableRow {TR} at (0,2) size 298x64
      RenderTableRow {TR} at (0,68) size 298x26
layer at (11,499) size 150x64 clip at (12,500) size 148x62 scrollWidth 207
  RenderTableCell {TD} at (2,2) size 150x64 [bgcolor=#0000FF] [border: (1px inset #808080)] [r=0 c=0 rs=1 cs=1]
    RenderBlock {P} at (2,18) size 206x28 [border: (3px solid #000000)]
      RenderText {#text} at (3,3) size 32x22
        text run at (3,3) width 32: "para"
layer at (163,499) size 142x64 clip at (164,500) size 140x62
  RenderTableCell {TD} at (154,21) size 142x26 [bgcolor=#0000FF] [border: (1px inset #808080)] [r=0 c=1 rs=1 cs=1]
    RenderText {#text} at (2,2) size 4x22
      text run at (2,2) width 4: " "
layer at (11,565) size 150x26 clip at (12,566) size 148x24
  RenderTableCell {TD} at (2,68) size 150x26 [bgcolor=#0000FF] [border: (1px inset #808080)] [r=1 c=0 rs=1 cs=1]
    RenderText {#text} at (2,2) size 4x22
      text run at (2,2) width 4: " "
layer at (163,565) size 142x26 clip at (164,566) size 140x24
  RenderTableCell {TD} at (154,68) size 142x26 [bgcolor=#0000FF] [border: (1px inset #808080)] [r=1 c=1 rs=1 cs=1]
    RenderText {#text} at (2,2) size 4x22
      text run at (2,2) width 4: " "
layer at (11,597) size 254x64 clip at (12,598) size 252x62
  RenderTableCell {TD} at (2,2) size 254x64 [bgcolor=#0000FF] [border: (1px inset #808080)] [r=0 c=0 rs=1 cs=1]
    RenderBlock {P} at (2,18) size 206x28 [border: (3px solid #000000)]
      RenderText {#text} at (3,3) size 32x22
        text run at (3,3) width 32: "para"
layer at (267,597) size 38x64 clip at (268,598) size 36x62
  RenderTableCell {TD} at (258,21) size 38x26 [bgcolor=#0000FF] [border: (1px inset #808080)] [r=0 c=1 rs=1 cs=1]
    RenderText {#text} at (2,2) size 4x22
      text run at (2,2) width 4: " "
layer at (11,663) size 254x26 clip at (12,664) size 252x24
  RenderTableCell {TD} at (2,68) size 254x26 [bgcolor=#0000FF] [border: (1px inset #808080)] [r=1 c=0 rs=1 cs=1]
    RenderText {#text} at (2,2) size 4x22
      text run at (2,2) width 4: " "
layer at (267,663) size 38x26 clip at (268,664) size 36x24
  RenderTableCell {TD} at (258,68) size 38x26 [bgcolor=#0000FF] [border: (1px inset #808080)] [r=1 c=1 rs=1 cs=1]
    RenderText {#text} at (2,2) size 4x22
      text run at (2,2) width 4: " "
