layer at (0,0) size 784x703
  RenderView at (0,0) size 784x600
layer at (0,0) size 784x703
  RenderBlock {HTML} at (0,0) size 784x703
    RenderBody {BODY} at (8,19) size 768x676 [bgcolor=#FFFFFF]
      RenderBlock {H2} at (0,0) size 768x33
        RenderText {#text} at (0,0) size 67x33
          text run at (0,0) width 67: "Test A"
      RenderBlock {DIV} at (0,52) size 768x68 [color=#008000]
        RenderTable {TABLE} at (0,0) size 298x68 [border: (10px solid #008000)]
          RenderTableSection {TBODY} at (10,10) size 278x48
            RenderTableRow {TR} at (0,2) size 278x44 [color=#0000FF]
              RenderTableCell {TD} at (2,2) size 56x44 [border: (10px solid #0000FF)] [r=0 c=0 rs=1 cs=1]
                RenderText {#text} at (11,11) size 34x22
                  text run at (11,11) width 34: "Field"
              RenderTableCell {TD} at (60,2) size 216x44 [border: (10px solid #0000FF)] [r=0 c=1 rs=1 cs=1]
                RenderText {#text} at (11,11) size 194x22
                  text run at (11,11) width 194: "Records for Cropping Years"
      RenderBlock {H2} at (0,139) size 768x33
        RenderText {#text} at (0,0) size 66x33
          text run at (0,0) width 66: "Test B"
      RenderTable {TABLE} at (0,191) size 298x68 [border: (10px solid #000000)]
        RenderTableSection {TBODY} at (10,10) size 278x48
          RenderTableRow {TR} at (0,2) size 278x44 [color=#0000FF]
            RenderTableCell {TD} at (2,2) size 56x44 [border: (10px solid #0000FF)] [r=0 c=0 rs=1 cs=1]
              RenderText {#text} at (11,11) size 34x22
                text run at (11,11) width 34: "Field"
            RenderTableCell {TD} at (60,2) size 216x44 [border: (10px solid #0000FF)] [r=0 c=1 rs=1 cs=1]
              RenderText {#text} at (11,11) size 194x22
                text run at (11,11) width 194: "Records for Cropping Years"
      RenderBlock {H2} at (0,278) size 768x33
        RenderText {#text} at (0,0) size 67x33
          text run at (0,0) width 67: "Test C"
      RenderTable {TABLE} at (0,330) size 298x68 [color=#0000FF] [border: (10px solid #0000FF)]
        RenderTableSection {TBODY} at (10,10) size 278x48
          RenderTableRow {TR} at (0,2) size 278x44
            RenderTableCell {TD} at (2,2) size 56x44 [border: (10px solid #0000FF)] [r=0 c=0 rs=1 cs=1]
              RenderText {#text} at (11,11) size 34x22
                text run at (11,11) width 34: "Field"
            RenderTableCell {TD} at (60,2) size 216x44 [border: (10px solid #0000FF)] [r=0 c=1 rs=1 cs=1]
              RenderText {#text} at (11,11) size 194x22
                text run at (11,11) width 194: "Records for Cropping Years"
      RenderBlock {H2} at (0,417) size 768x33
        RenderText {#text} at (0,0) size 67x33
          text run at (0,0) width 67: "Test D"
      RenderTable {TABLE} at (0,469) size 298x68 [color=#0000FF] [border: (10px solid #0000FF)]
        RenderTableSection {TBODY} at (10,10) size 278x48
          RenderTableRow {TR} at (0,2) size 278x44
            RenderTableCell {TD} at (2,2) size 56x44 [border: (10px solid #0000FF)] [r=0 c=0 rs=1 cs=1]
              RenderText {#text} at (11,11) size 34x22
                text run at (11,11) width 34: "Field"
            RenderTableCell {TD} at (60,2) size 216x44 [border: (10px solid #0000FF)] [r=0 c=1 rs=1 cs=1]
              RenderText {#text} at (11,11) size 194x22
                text run at (11,11) width 194: "Records for Cropping Years"
      RenderBlock {H2} at (0,556) size 768x33
        RenderText {#text} at (0,0) size 66x33
          text run at (0,0) width 66: "Test E"
      RenderTable {TABLE} at (0,608) size 298x68 [color=#0000FF] [border: (10px solid #0000FF)]
        RenderTableSection {TBODY} at (10,10) size 278x48
          RenderTableRow {TR} at (0,2) size 278x44
            RenderTableCell {TD} at (2,2) size 56x44 [border: (10px solid #0000FF)] [r=0 c=0 rs=1 cs=1]
              RenderText {#text} at (11,11) size 34x22
                text run at (11,11) width 34: "Field"
            RenderTableCell {TD} at (60,2) size 216x44 [border: (10px solid #0000FF)] [r=0 c=1 rs=1 cs=1]
              RenderText {#text} at (11,11) size 194x22
                text run at (11,11) width 194: "Records for Cropping Years"
