layer at (0,0) size 800x600
  RenderView at (0,0) size 800x600
layer at (0,0) size 800x600
  RenderBlock {HTML} at (0,0) size 800x600
    RenderBody {BODY} at (8,8) size 784x578
      RenderBlock (anonymous) at (0,0) size 784x19
        RenderText {#text} at (0,0) size 266x19
          text run at (0,0) width 266: "The select should not contain blank items "
        RenderBR {BR} at (266,14) size 0x0
      RenderBlock {FORM} at (0,19) size 784x29
        RenderInline {B} at (0,0) size 47x20
          RenderText {#text} at (0,5) size 47x20
            text run at (0,5) width 47: "Search"
        RenderText {#text} at (47,5) size 4x19
          text run at (47,5) width 4: " "
        RenderTextControl {INPUT} at (53,2) size 152x25 [bgcolor=#FFFFFF] [border: (2px inset #000000)]
        RenderText {#text} at (207,5) size 4x19
          text run at (207,5) width 4: " "
        RenderMenuList {SELECT} at (213,2) size 86x25 [bgcolor=#FFFFFF]
          RenderBlock (anonymous) at (8,3) size 54x19
            RenderText at (0,0) size 38x19
              text run at (0,0) width 38: "Excite"
        RenderText {#text} at (0,0) size 0x0
      RenderBlock (anonymous) at (0,62) size 784x38
        RenderBR {BR} at (0,0) size 0x19
        RenderText {#text} at (0,19) size 266x19
          text run at (0,19) width 266: "The select should not contain blank items "
        RenderBR {BR} at (266,33) size 0x0
      RenderBlock {FORM} at (0,100) size 784x29
        RenderMenuList {SELECT} at (2,2) size 260x25 [bgcolor=#FFFFFF]
          RenderBlock (anonymous) at (8,3) size 228x19
            RenderText at (0,0) size 66x19
              text run at (0,0) width 66: "Quick Link"
layer at (64,32) size 146x19
  RenderBlock {DIV} at (3,3) size 146x19
