layer at (0,0) size 800x600
  RenderView at (0,0) size 800x600
layer at (0,0) size 800x600
  RenderBlock {HTML} at (0,0) size 800x600
    RenderBody {BODY} at (8,8) size 784x584
      RenderTable {TABLE} at (0,0) size 112x53 [border: (5px outset #808080)]
        RenderTableSection {TBODY} at (5,5) size 102x43
          RenderTableRow {TR} at (0,2) size 102x39
            RenderTableCell {TD} at (2,2) size 98x39 [border: (1px inset #808080)] [r=0 c=0 rs=1 cs=1]
              RenderTable {TABLE} at (2,2) size 94x35 [border: (3px outset #808080)]
                RenderTableSection {TBODY} at (3,3) size 88x29
                  RenderTableRow {TR} at (0,2) size 88x25
                    RenderTableCell {TD} at (2,2) size 84x25 [border: (1px inset #808080)] [r=0 c=0 rs=1 cs=1]
                      RenderText {#text} at (2,2) size 80x21
                        text run at (2,2) width 80: "Inner Right"
      RenderTable {TABLE} at (0,53) size 102x53 [border: (5px outset #808080)]
        RenderTableSection {TBODY} at (5,5) size 92x43
          RenderTableRow {TR} at (0,2) size 92x39
            RenderTableCell {TD} at (2,2) size 88x39 [border: (1px inset #808080)] [r=0 c=0 rs=1 cs=1]
              RenderTable {TABLE} at (2,2) size 84x35 [border: (3px outset #808080)]
                RenderTableSection {TBODY} at (3,3) size 78x29
                  RenderTableRow {TR} at (0,2) size 78x25
                    RenderTableCell {TD} at (2,2) size 74x25 [border: (1px inset #808080)] [r=0 c=0 rs=1 cs=1]
                      RenderText {#text} at (2,2) size 70x21
                        text run at (2,2) width 70: "Inner Left"
