layer at (0,0) size 800x600
  RenderView at (0,0) size 800x600
layer at (0,0) size 800x76
  RenderBlock {HTML} at (0,0) size 800x76
    RenderBody {BODY} at (8,8) size 784x60
      RenderTable {TABLE} at (0,0) size 716x60 [border: (1px outset #808080)]
        RenderTableSection {TBODY} at (1,1) size 714x58
          RenderTableRow {TR} at (0,2) size 714x26
            RenderTableCell {TD} at (2,2) size 176x26 [border: (1px inset #808080)] [r=0 c=0 rs=1 cs=1]
              RenderText {#text} at (2,2) size 8x22
                text run at (2,2) width 8: "1"
            RenderTableCell {TD} at (180,2) size 530x26 [border: (1px inset #808080)] [r=0 c=1 rs=1 cs=1]
              RenderText {#text} at (2,2) size 420x22
                text run at (2,2) width 420: "HelloHelloHelloHelloHelloHelloHelloHelloHelloHelloHelloHello"
          RenderTableRow {TR} at (0,30) size 714x26
            RenderTableCell {TD} at (2,30) size 710x26 [border: (1px inset #808080)] [r=1 c=0 rs=1 cs=3]
              RenderText {#text} at (2,2) size 8x22
                text run at (2,2) width 8: "3"
