layer at (0,0) size 800x600
  RenderView at (0,0) size 800x600
layer at (0,0) size 800x600
  RenderBlock {HTML} at (0,0) size 800x600
    RenderBody {BODY} at (8,8) size 784x584
      RenderTable {TABLE} at (0,0) size 627x54 [border: (1px outset #808080)]
        RenderTableSection {TBODY} at (1,1) size 625x52
          RenderTableRow {TR} at (0,2) size 625x48
            RenderTableCell {TD} at (2,2) size 621x48 [border: (1px inset #808080)] [r=0 c=0 rs=1 cs=2]
              RenderText {#text} at (2,2) size 611x44
                text run at (2,2) width 454: "This is some text, this is some text, this is some text, this is some text "
                text run at (456,2) width 157: "This is some text, this is"
                text run at (2,24) width 289: "some text, this is some text, this is some text"
