layer at (0,0) size 800x600
  RenderView at (0,0) size 800x600
layer at (0,0) size 800x248
  RenderBlock {HTML} at (0,0) size 800x248
    RenderBody {BODY} at (8,8) size 784x232
      RenderTable {TABLE} at (0,0) size 700x60 [border: (1px outset #808080)]
        RenderTableSection {TBODY} at (1,1) size 698x58
          RenderTableRow {TR} at (0,2) size 698x26
            RenderTableCell {TD} at (2,2) size 694x26 [border: (1px inset #808080)] [r=0 c=0 rs=1 cs=3]
              RenderText {#text} at (2,2) size 624x22
                text run at (2,2) width 624: "lots of text goes here even more and more and more and more and more and more and more"
          RenderTableRow {TR} at (0,30) size 698x26
            RenderTableCell {TD} at (2,30) size 682x26 [border: (1px inset #808080)] [r=1 c=0 rs=1 cs=2]
              RenderText {#text} at (2,2) size 551x22
                text run at (2,2) width 551: "aaaaaaaaaaaa bbbbbbbbbbbbbbb cccccccccccccccccccccccccc dddddddddddddd"
            RenderTableCell {TD} at (686,30) size 10x26 [border: (1px inset #808080)] [r=1 c=2 rs=1 cs=1]
              RenderText {#text} at (2,2) size 4x22
                text run at (2,2) width 4: " "
      RenderBlock {P} at (0,76) size 784x0
      RenderTable {TABLE} at (0,76) size 700x60 [border: (1px outset #808080)]
        RenderTableSection {TBODY} at (1,1) size 698x58
          RenderTableRow {TR} at (0,2) size 698x26
            RenderTableCell {TD} at (2,2) size 694x26 [border: (1px inset #808080)] [r=0 c=0 rs=1 cs=3]
              RenderText {#text} at (2,2) size 196x22
                text run at (2,2) width 196: "lots of text goes here even mo"
          RenderTableRow {TR} at (0,30) size 698x26
            RenderTableCell {TD} at (2,30) size 682x26 [border: (1px inset #808080)] [r=1 c=0 rs=1 cs=2]
              RenderText {#text} at (2,2) size 551x22
                text run at (2,2) width 551: "aaaaaaaaaaaa bbbbbbbbbbbbbbb cccccccccccccccccccccccccc dddddddddddddd"
            RenderTableCell {TD} at (686,30) size 10x26 [border: (1px inset #808080)] [r=1 c=2 rs=1 cs=1]
              RenderText {#text} at (2,2) size 4x22
                text run at (2,2) width 4: " "
      RenderBlock {P} at (0,152) size 784x0
      RenderTable {TABLE} at (0,152) size 700x60 [border: (1px outset #808080)]
        RenderTableSection {TBODY} at (1,1) size 698x58
          RenderTableRow {TR} at (0,2) size 698x26
            RenderTableCell {TD} at (2,2) size 694x26 [border: (1px inset #808080)] [r=0 c=0 rs=1 cs=3]
              RenderText {#text} at (2,2) size 188x22
                text run at (2,2) width 188: "lots of text goes here even m"
          RenderTableRow {TR} at (0,30) size 698x26
            RenderTableCell {TD} at (2,30) size 682x26 [border: (1px inset #808080)] [r=1 c=0 rs=1 cs=2]
              RenderText {#text} at (2,2) size 551x22
                text run at (2,2) width 551: "aaaaaaaaaaaa bbbbbbbbbbbbbbb cccccccccccccccccccccccccc dddddddddddddd"
            RenderTableCell {TD} at (686,30) size 10x26 [border: (1px inset #808080)] [r=1 c=2 rs=1 cs=1]
              RenderText {#text} at (2,2) size 4x22
                text run at (2,2) width 4: " "
      RenderBlock {HR} at (0,220) size 182x2 [border: (1px inset #000000)]
      RenderBlock {HR} at (0,230) size 520x2 [border: (1px inset #000000)]
