layer at (0,0) size 800x600
  RenderView at (0,0) size 800x600
layer at (0,0) size 800x600
  RenderBlock {HTML} at (0,0) size 800x600
    RenderBody {BODY} at (8,8) size 784x584 [bgcolor=#FFFFFF]
      RenderTable {TABLE} at (0,0) size 784x60 [border: (1px outset #808080)]
        RenderTableSection {TBODY} at (1,1) size 782x58
          RenderTableRow {TR} at (0,2) size 782x26
            RenderTableCell {TD} at (2,2) size 778x26 [border: (1px inset #808080)] [r=0 c=0 rs=1 cs=8]
              RenderText {#text} at (2,2) size 4x22
                text run at (2,2) width 4: " "
          RenderTableRow {TR} at (0,30) size 782x26
            RenderTableCell {TD} at (2,30) size 155x26 [border: (1px inset #808080)] [r=1 c=0 rs=1 cs=1]
              RenderText {#text} at (2,2) size 25x22
                text run at (2,2) width 25: "Old"
            RenderTableCell {TD} at (159,30) size 621x26 [border: (1px inset #808080)] [r=1 c=1 rs=1 cs=7]
              RenderText {#text} at (2,2) size 44x22
                text run at (2,2) width 44: "Check"
