layer at (0,0) size 800x600
  RenderView at (0,0) size 800x600
layer at (0,0) size 800x125
  RenderBlock {HTML} at (0,0) size 800x125
    RenderBody {BODY} at (8,8) size 784x109
      RenderBlock {FORM} at (0,0) size 784x68
        RenderButton {INPUT} at (2,2) size 180x30 [bgcolor=#C0C0C0]
          RenderBlock (anonymous) at (8,5) size 164x19
            RenderText at (0,0) size 164x19
              text run at (0,0) width 164: "(1) Fill cell with long string"
        RenderBR {BR} at (184,7) size 0x19
        RenderButton {INPUT} at (2,36) size 185x30 [bgcolor=#C0C0C0]
          RenderBlock (anonymous) at (8,5) size 169x19
            RenderText at (0,0) size 169x19
              text run at (0,0) width 169: "(2) Fill cell with short string"
        RenderBR {BR} at (189,41) size 0x19
      RenderTable {TABLE} at (0,82) size 83x27
        RenderTableSection {TBODY} at (0,0) size 83x27
          RenderTableRow {TR} at (0,2) size 83x23
            RenderTableCell {TD} at (2,2) size 79x23 [border: (1px solid #000000)] [r=0 c=0 rs=1 cs=1]
              RenderText {#text} at (2,2) size 16x19
                text run at (2,2) width 16: "aa"
