layer at (0,0) size 800x600
  RenderView at (0,0) size 800x600
layer at (0,0) size 800x600
  RenderBlock {HTML} at (0,0) size 800x600
    RenderBody {BODY} at (8,8) size 784x584
      RenderTable {TABLE} at (0,0) size 202x133 [border: (1px outset #808080)]
        RenderBlock {CAPTION} at (0,0) size 200x21
          RenderInline {EM} at (0,0) size 188x21
            RenderText {#text} at (6,0) size 188x21
              text run at (6,0) width 188: "A test table with merged cells"
        RenderTableSection {TBODY} at (1,22) size 200x110
          RenderTableRow {TR} at (0,2) size 200x25
            RenderTableCell {TH} at (139,26) size 59x4 [border: (1px inset #808080)] [r=0 c=0 rs=2 cs=1]
            RenderTableCell {TH} at (40,2) size 97x25 [border: (1px inset #808080)] [r=0 c=1 rs=1 cs=2]
              RenderText {#text} at (20,2) size 57x21
                text run at (20,2) width 57: "Average"
            RenderTableCell {TH} at (2,5) size 36x46 [border: (1px inset #808080)] [r=0 c=3 rs=2 cs=1]
              RenderText {#text} at (4,2) size 28x21
                text run at (4,2) width 28: "Red"
              RenderBR {BR} at (4,18) size 0x0
              RenderText {#text} at (4,23) size 28x21
                text run at (4,23) width 28: "eyes"
          RenderTableRow {TR} at (0,29) size 200x25
            RenderTableCell {TH} at (91,29) size 46x25 [border: (1px inset #808080)] [r=1 c=1 rs=1 cs=1]
              RenderText {#text} at (2,2) size 42x21
                text run at (2,2) width 42: "height"
            RenderTableCell {TH} at (40,29) size 49x25 [border: (1px inset #808080)] [r=1 c=2 rs=1 cs=1]
              RenderText {#text} at (2,2) size 45x21
                text run at (2,2) width 45: "weight"
          RenderTableRow {TR} at (0,56) size 200x25
            RenderTableCell {TH} at (139,56) size 59x25 [border: (1px inset #808080)] [r=2 c=0 rs=1 cs=1]
              RenderText {#text} at (9,2) size 41x21
                text run at (9,2) width 41: "Males"
            RenderTableCell {TD} at (91,56) size 46x25 [border: (1px inset #808080)] [r=2 c=1 rs=1 cs=1]
              RenderText {#text} at (24,2) size 20x21
                text run at (24,2) width 20: "1.9"
            RenderTableCell {TD} at (40,56) size 49x25 [border: (1px inset #808080)] [r=2 c=2 rs=1 cs=1]
              RenderText {#text} at (11,2) size 36x21
                text run at (11,2) width 36: "0.003"
            RenderTableCell {TD} at (2,56) size 36x25 [border: (1px inset #808080)] [r=2 c=3 rs=1 cs=1]
              RenderText {#text} at (2,2) size 32x21
                text run at (2,2) width 32: "40%"
          RenderTableRow {TR} at (0,83) size 200x25
            RenderTableCell {TH} at (139,83) size 59x25 [border: (1px inset #808080)] [r=3 c=0 rs=1 cs=1]
              RenderText {#text} at (2,2) size 55x21
                text run at (2,2) width 55: "Females"
            RenderTableCell {TD} at (91,83) size 46x25 [border: (1px inset #808080)] [r=3 c=1 rs=1 cs=1]
              RenderText {#text} at (24,2) size 20x21
                text run at (24,2) width 20: "1.7"
            RenderTableCell {TD} at (40,83) size 49x25 [border: (1px inset #808080)] [r=3 c=2 rs=1 cs=1]
              RenderText {#text} at (11,2) size 36x21
                text run at (11,2) width 36: "0.002"
            RenderTableCell {TD} at (2,83) size 36x25 [border: (1px inset #808080)] [r=3 c=3 rs=1 cs=1]
              RenderText {#text} at (2,2) size 32x21
                text run at (2,2) width 32: "43%"
