layer at (0,0) size 800x600
  RenderView at (0,0) size 800x600
layer at (0,0) size 800x600
  RenderBlock {HTML} at (0,0) size 800x600
    RenderBody {BODY} at (8,8) size 784x584
      RenderTable {TABLE} at (0,0) size 305x200 [border: (1px outset #808080)]
        RenderTableSection {TBODY} at (1,1) size 303x198
          RenderTableRow {TR} at (0,2) size 303x46
            RenderTableCell {TD} at (2,12) size 299x25 [border: (1px inset #808080)] [r=0 c=0 rs=1 cs=1]
              RenderText {#text} at (2,2) size 294x21
                text run at (2,2) width 294: "This is the first cell in a 200 pixel high table."
          RenderTableRow {TR} at (0,50) size 303x97
            RenderTableCell {TD} at (2,86) size 299x25 [border: (1px inset #808080)] [r=1 c=0 rs=1 cs=1]
              RenderText {#text} at (2,2) size 187x21
                text run at (2,2) width 187: "This is the second cell, with "
              RenderInline {B} at (0,0) size 22x21
                RenderText {#text} at (189,2) size 22x21
                  text run at (189,2) width 22: "cell"
              RenderText {#text} at (211,2) size 86x21
                text run at (211,2) width 86: " height 50%."
          RenderTableRow {TR} at (0,149) size 303x47
            RenderTableCell {TD} at (2,160) size 299x25 [border: (1px inset #808080)] [r=2 c=0 rs=1 cs=1]
              RenderText {#text} at (2,2) size 137x21
                text run at (2,2) width 137: "This is the third cell."
      RenderTable {TABLE} at (0,200) size 305x85 [border: (1px outset #808080)]
        RenderTableSection {TBODY} at (1,1) size 303x83
          RenderTableRow {TR} at (0,2) size 303x25
            RenderTableCell {TD} at (2,2) size 299x25 [border: (1px inset #808080)] [r=0 c=0 rs=1 cs=1]
              RenderText {#text} at (2,2) size 286x21
                text run at (2,2) width 286: "This is the first cell in an auto-height table."
          RenderTableRow {TR} at (0,29) size 303x25
            RenderTableCell {TD} at (2,29) size 299x25 [border: (1px inset #808080)] [r=1 c=0 rs=1 cs=1]
              RenderText {#text} at (2,2) size 187x21
                text run at (2,2) width 187: "This is the second cell, with "
              RenderInline {B} at (0,0) size 22x21
                RenderText {#text} at (189,2) size 22x21
                  text run at (189,2) width 22: "cell"
              RenderText {#text} at (211,2) size 86x21
                text run at (211,2) width 86: " height 50%."
          RenderTableRow {TR} at (0,56) size 303x25
            RenderTableCell {TD} at (2,56) size 299x25 [border: (1px inset #808080)] [r=2 c=0 rs=1 cs=1]
              RenderText {#text} at (2,2) size 137x21
                text run at (2,2) width 137: "This is the third cell."
      RenderTable {TABLE} at (0,285) size 310x200 [border: (1px outset #808080)]
        RenderTableSection {TBODY} at (1,1) size 308x198
          RenderTableRow {TR} at (0,2) size 308x46
            RenderTableCell {TD} at (2,12) size 304x25 [border: (1px inset #808080)] [r=0 c=0 rs=1 cs=1]
              RenderText {#text} at (2,2) size 294x21
                text run at (2,2) width 294: "This is the first cell in a 200 pixel high table."
          RenderTableRow {TR} at (0,50) size 308x97
            RenderTableCell {TD} at (2,86) size 304x25 [border: (1px inset #808080)] [r=1 c=0 rs=1 cs=1]
              RenderText {#text} at (2,2) size 187x21
                text run at (2,2) width 187: "This is the second cell, with "
              RenderInline {B} at (0,0) size 27x21
                RenderText {#text} at (189,2) size 27x21
                  text run at (189,2) width 27: "row"
              RenderText {#text} at (216,2) size 86x21
                text run at (216,2) width 86: " height 50%."
          RenderTableRow {TR} at (0,149) size 308x47
            RenderTableCell {TD} at (2,160) size 304x25 [border: (1px inset #808080)] [r=2 c=0 rs=1 cs=1]
              RenderText {#text} at (2,2) size 137x21
                text run at (2,2) width 137: "This is the third cell."
      RenderTable {TABLE} at (0,485) size 310x85 [border: (1px outset #808080)]
        RenderTableSection {TBODY} at (1,1) size 308x83
          RenderTableRow {TR} at (0,2) size 308x25
            RenderTableCell {TD} at (2,2) size 304x25 [border: (1px inset #808080)] [r=0 c=0 rs=1 cs=1]
              RenderText {#text} at (2,2) size 286x21
                text run at (2,2) width 286: "This is the first cell in an auto-height table."
          RenderTableRow {TR} at (0,29) size 308x25
            RenderTableCell {TD} at (2,29) size 304x25 [border: (1px inset #808080)] [r=1 c=0 rs=1 cs=1]
              RenderText {#text} at (2,2) size 187x21
                text run at (2,2) width 187: "This is the second cell, with "
              RenderInline {B} at (0,0) size 27x21
                RenderText {#text} at (189,2) size 27x21
                  text run at (189,2) width 27: "row"
              RenderText {#text} at (216,2) size 86x21
                text run at (216,2) width 86: " height 50%."
          RenderTableRow {TR} at (0,56) size 308x25
            RenderTableCell {TD} at (2,56) size 304x25 [border: (1px inset #808080)] [r=2 c=0 rs=1 cs=1]
              RenderText {#text} at (2,2) size 137x21
                text run at (2,2) width 137: "This is the third cell."
