layer at (0,0) size 800x600
  RenderView at (0,0) size 800x600
layer at (0,0) size 800x600
  RenderBlock {HTML} at (0,0) size 800x600
    RenderBody {BODY} at (8,8) size 784x576
      RenderBlock (anonymous) at (0,0) size 784x21
        RenderText {#text} at (0,0) size 253x21
          text run at (0,0) width 253: "The tables left position should be 250."
      RenderBlock {P} at (0,37) size 784x29
        RenderText {#text} at (0,4) size 37x21
          text run at (0,4) width 37: "Left: "
        RenderTextControl {INPUT} at (39,2) size 166x25
      RenderBlock {P} at (0,82) size 784x29
        RenderText {#text} at (0,4) size 37x21
          text run at (0,4) width 37: "Top: "
        RenderTextControl {INPUT} at (39,2) size 166x25
      RenderBlock {P} at (0,127) size 784x35
        RenderButton {INPUT} at (2,2) size 51x31 [bgcolor=#C0C0C0]
          RenderBlock (anonymous) at (6,6) size 39x20
            RenderText at (0,0) size 39x20
              text run at (0,0) width 39: "Move"
layer at (49,49) size 162x21
  RenderBlock {DIV} at (2,2) size 162x21
    RenderText {#text} at (1,0) size 41x21
      text run at (1,0) width 41: "120px"
layer at (49,94) size 162x21
  RenderBlock {DIV} at (2,2) size 162x21
    RenderText {#text} at (1,0) size 41x21
      text run at (1,0) width 41: "120px"
layer at (250,120) size 32x54
  RenderTable {TABLE} at (250,120) size 32x54 [border: (1px outset #808080)]
    RenderTableSection {TBODY} at (1,1) size 30x52
      RenderTableRow {TR} at (0,2) size 30x23
        RenderTableCell {TD} at (2,2) size 26x23 [border: (1px inset #808080)] [r=0 c=0 rs=1 cs=1]
          RenderText {#text} at (1,1) size 21x21
            text run at (1,1) width 21: "foo"
      RenderTableRow {TR} at (0,27) size 30x23
        RenderTableCell {TD} at (2,27) size 26x23 [border: (1px inset #808080)] [r=1 c=0 rs=1 cs=1]
          RenderText {#text} at (1,1) size 24x21
            text run at (1,1) width 24: "bar"
