layer at (0,0) size 800x600
  RenderView at (0,0) size 800x600
layer at (0,0) size 800x600
  RenderBlock {HTML} at (0,0) size 800x600
    RenderBody {BODY} at (8,8) size 784x584
      RenderTable {TABLE} at (0,0) size 354x39 [border: (5px outset #808080)]
        RenderTableSection {TBODY} at (5,5) size 344x29
          RenderTableRow {TR} at (0,2) size 344x25
            RenderTableCell {TD} at (2,2) size 169x25 [border: (1px inset #808080)] [r=0 c=0 rs=1 cs=1]
              RenderText {#text} at (2,2) size 165x21
                text run at (2,2) width 165: "almaalmaalmaalmaalma"
            RenderTableCell {TD} at (173,2) size 169x25 [border: (1px inset #808080)] [r=0 c=1 rs=1 cs=1]
              RenderText {#text} at (2,2) size 8x21
                text run at (2,2) width 8: "x"
      RenderBlock (anonymous) at (0,39) size 784x21
        RenderBR {BR} at (0,0) size 0x21
      RenderTable {TABLE} at (0,60) size 354x39 [border: (5px outset #808080)]
        RenderTableSection {TBODY} at (5,5) size 344x29
          RenderTableRow {TR} at (0,2) size 344x25
            RenderTableCell {TD} at (2,2) size 169x25 [border: (1px inset #808080)] [r=0 c=0 rs=1 cs=1]
              RenderText {#text} at (2,2) size 165x21
                text run at (2,2) width 165: "almaalmaalmaalmaalma"
            RenderTableCell {TD} at (173,2) size 169x25 [border: (1px inset #808080)] [r=0 c=1 rs=1 cs=1]
              RenderText {#text} at (2,2) size 8x21
                text run at (2,2) width 8: "x"
      RenderBlock (anonymous) at (0,99) size 784x21
        RenderBR {BR} at (0,0) size 0x21
      RenderBlock {P} at (0,136) size 784x42
        RenderText {#text} at (0,0) size 380x21
          text run at (0,0) width 380: "In this table, the second and the third cell are given 40%"
        RenderBR {BR} at (380,16) size 0x0
        RenderText {#text} at (0,21) size 272x21
          text run at (0,21) width 272: "The cells are competing with each other."
        RenderBR {BR} at (272,37) size 0x0
      RenderTable {TABLE} at (0,194) size 353x39 [border: (5px outset #808080)]
        RenderTableSection {TBODY} at (5,5) size 343x29
          RenderTableRow {TR} at (0,2) size 343x25
            RenderTableCell {TD} at (2,2) size 67x25 [border: (1px inset #808080)] [r=0 c=0 rs=1 cs=1]
              RenderText {#text} at (2,2) size 63x21
                text run at (2,2) width 63: "some text"
            RenderTableCell {TD} at (71,2) size 134x25 [border: (1px inset #808080)] [r=0 c=1 rs=1 cs=1]
              RenderText {#text} at (2,2) size 8x21
                text run at (2,2) width 8: "x"
            RenderTableCell {TD} at (207,2) size 134x25 [border: (1px inset #808080)] [r=0 c=2 rs=1 cs=1]
              RenderText {#text} at (2,2) size 8x21
                text run at (2,2) width 8: "x"
      RenderBlock {P} at (0,249) size 784x63
        RenderText {#text} at (0,0) size 380x21
          text run at (0,0) width 380: "In this table, the second and the third cell are given 50%"
        RenderBR {BR} at (380,16) size 0x0
        RenderText {#text} at (0,21) size 477x21
          text run at (0,21) width 477: "The cells are competing again but their percentage can not be satisfied."
        RenderBR {BR} at (477,37) size 0x0
        RenderText {#text} at (0,42) size 508x21
          text run at (0,42) width 508: "The table grows as large as it can and the first cell gets to its minimal width."
      RenderTable {TABLE} at (0,328) size 784x60 [border: (5px outset #808080)]
        RenderTableSection {TBODY} at (5,5) size 774x50
          RenderTableRow {TR} at (0,2) size 774x46
            RenderTableCell {TD} at (2,2) size 38x46 [border: (1px inset #808080)] [r=0 c=0 rs=1 cs=1]
              RenderText {#text} at (2,2) size 34x42
                text run at (2,2) width 34: "some"
                text run at (2,23) width 25: "text"
            RenderTableCell {TD} at (42,12) size 364x25 [border: (1px inset #808080)] [r=0 c=1 rs=1 cs=1]
              RenderText {#text} at (2,2) size 8x21
                text run at (2,2) width 8: "x"
            RenderTableCell {TD} at (408,12) size 364x25 [border: (1px inset #808080)] [r=0 c=2 rs=1 cs=1]
              RenderText {#text} at (2,2) size 8x21
                text run at (2,2) width 8: "x"
