layer at (0,0) size 800x600
  RenderView at (0,0) size 800x600
layer at (0,0) size 800x312
  RenderBlock {HTML} at (0,0) size 800x312
    RenderBody {BODY} at (8,8) size 784x296 [bgcolor=#FFFFFF]
      RenderTable {TABLE} at (0,0) size 184x296
        RenderTableSection {TBODY} at (0,0) size 184x296
          RenderTableRow {TR} at (0,0) size 184x37
            RenderTableCell {TD} at (0,0) size 46x37 [border: (1px solid #000000)] [r=0 c=0 rs=1 cs=1]
              RenderText {#text} at (8,8) size 30x21
                text run at (8,8) width 30: "blah"
            RenderTableCell {TD} at (46,0) size 46x37 [border: (1px solid #000000)] [r=0 c=1 rs=1 cs=1]
              RenderText {#text} at (8,8) size 30x21
                text run at (8,8) width 30: "blah"
            RenderTableCell {TD} at (92,0) size 46x37 [border: (1px solid #000000)] [r=0 c=2 rs=1 cs=1]
              RenderText {#text} at (8,8) size 30x21
                text run at (8,8) width 30: "blah"
            RenderTableCell {TD} at (138,0) size 46x37 [border: (1px solid #000000)] [r=0 c=3 rs=1 cs=1]
              RenderText {#text} at (8,8) size 30x21
                text run at (8,8) width 30: "blah"
          RenderTableRow {TR} at (0,37) size 184x37
            RenderTableCell {TD} at (0,37) size 46x37 [border: (1px solid #000000)] [r=1 c=0 rs=1 cs=1]
              RenderText {#text} at (8,8) size 30x21
                text run at (8,8) width 30: "blah"
            RenderTableCell {TD} at (46,37) size 46x37 [border: (1px solid #000000)] [r=1 c=1 rs=1 cs=1]
              RenderText {#text} at (8,8) size 30x21
                text run at (8,8) width 30: "blah"
            RenderTableCell {TD} at (92,37) size 46x37 [border: (1px solid #000000)] [r=1 c=2 rs=1 cs=1]
              RenderText {#text} at (8,8) size 30x21
                text run at (8,8) width 30: "blah"
            RenderTableCell {TD} at (138,37) size 46x37 [border: (1px solid #000000)] [r=1 c=3 rs=1 cs=1]
              RenderText {#text} at (8,8) size 30x21
                text run at (8,8) width 30: "blah"
          RenderTableRow {TR} at (0,74) size 184x37
            RenderTableCell {TD} at (0,74) size 46x37 [border: (1px solid #000000)] [r=2 c=0 rs=1 cs=1]
              RenderText {#text} at (8,8) size 30x21
                text run at (8,8) width 30: "blah"
            RenderTableCell {TD} at (46,74) size 46x37 [border: (1px solid #000000)] [r=2 c=1 rs=1 cs=1]
              RenderText {#text} at (8,8) size 30x21
                text run at (8,8) width 30: "blah"
            RenderTableCell {TD} at (92,74) size 46x37 [border: (1px solid #000000)] [r=2 c=2 rs=1 cs=1]
              RenderText {#text} at (8,8) size 30x21
                text run at (8,8) width 30: "blah"
            RenderTableCell {TD} at (138,74) size 46x37 [border: (1px solid #000000)] [r=2 c=3 rs=1 cs=1]
              RenderText {#text} at (8,8) size 30x21
                text run at (8,8) width 30: "blah"
          RenderTableRow {TR} at (0,111) size 184x37
            RenderTableCell {TD} at (0,111) size 46x37 [border: (1px solid #000000)] [r=3 c=0 rs=1 cs=1]
              RenderText {#text} at (8,8) size 30x21
                text run at (8,8) width 30: "blah"
            RenderTableCell {TD} at (46,111) size 46x37 [border: (1px solid #000000)] [r=3 c=1 rs=1 cs=1]
              RenderText {#text} at (8,8) size 30x21
                text run at (8,8) width 30: "blah"
            RenderTableCell {TD} at (92,111) size 46x37 [border: (1px solid #000000)] [r=3 c=2 rs=1 cs=1]
              RenderText {#text} at (8,8) size 30x21
                text run at (8,8) width 30: "blah"
            RenderTableCell {TD} at (138,111) size 46x37 [border: (1px solid #000000)] [r=3 c=3 rs=1 cs=1]
              RenderText {#text} at (8,8) size 30x21
                text run at (8,8) width 30: "blah"
          RenderTableRow {TR} at (0,148) size 184x37
            RenderTableCell {TD} at (0,148) size 46x37 [border: (1px solid #000000)] [r=4 c=0 rs=1 cs=1]
              RenderText {#text} at (8,8) size 30x21
                text run at (8,8) width 30: "blah"
            RenderTableCell {TD} at (46,148) size 46x37 [border: (1px solid #000000)] [r=4 c=1 rs=1 cs=1]
              RenderText {#text} at (8,8) size 30x21
                text run at (8,8) width 30: "blah"
            RenderTableCell {TD} at (92,148) size 46x37 [border: (1px solid #000000)] [r=4 c=2 rs=1 cs=1]
              RenderText {#text} at (8,8) size 30x21
                text run at (8,8) width 30: "blah"
            RenderTableCell {TD} at (138,148) size 46x37 [border: (1px solid #000000)] [r=4 c=3 rs=1 cs=1]
              RenderText {#text} at (8,8) size 30x21
                text run at (8,8) width 30: "blah"
          RenderTableRow {TR} at (0,185) size 184x37
            RenderTableCell {TD} at (0,185) size 46x37 [border: (1px solid #000000)] [r=5 c=0 rs=1 cs=1]
              RenderText {#text} at (8,8) size 30x21
                text run at (8,8) width 30: "blah"
            RenderTableCell {TD} at (46,185) size 46x37 [border: (1px solid #000000)] [r=5 c=1 rs=1 cs=1]
              RenderText {#text} at (8,8) size 30x21
                text run at (8,8) width 30: "blah"
            RenderTableCell {TD} at (92,185) size 46x37 [border: (1px solid #000000)] [r=5 c=2 rs=1 cs=1]
              RenderText {#text} at (8,8) size 30x21
                text run at (8,8) width 30: "blah"
            RenderTableCell {TD} at (138,185) size 46x37 [border: (1px solid #000000)] [r=5 c=3 rs=1 cs=1]
              RenderText {#text} at (8,8) size 30x21
                text run at (8,8) width 30: "blah"
          RenderTableRow {TR} at (0,222) size 184x37
            RenderTableCell {TD} at (0,222) size 46x37 [border: (1px solid #000000)] [r=6 c=0 rs=1 cs=1]
              RenderText {#text} at (8,8) size 30x21
                text run at (8,8) width 30: "blah"
            RenderTableCell {TD} at (46,222) size 46x37 [border: (1px solid #000000)] [r=6 c=1 rs=1 cs=1]
              RenderText {#text} at (8,8) size 30x21
                text run at (8,8) width 30: "blah"
            RenderTableCell {TD} at (92,222) size 46x37 [border: (1px solid #000000)] [r=6 c=2 rs=1 cs=1]
              RenderText {#text} at (8,8) size 30x21
                text run at (8,8) width 30: "blah"
            RenderTableCell {TD} at (138,222) size 46x37 [border: (1px solid #000000)] [r=6 c=3 rs=1 cs=1]
              RenderText {#text} at (8,8) size 30x21
                text run at (8,8) width 30: "blah"
          RenderTableRow {TR} at (0,259) size 184x37
            RenderTableCell {TD} at (0,259) size 46x37 [border: (1px solid #000000)] [r=7 c=0 rs=1 cs=1]
              RenderText {#text} at (8,8) size 30x21
                text run at (8,8) width 30: "blah"
            RenderTableCell {TD} at (46,259) size 46x37 [border: (1px solid #000000)] [r=7 c=1 rs=1 cs=1]
              RenderText {#text} at (8,8) size 30x21
                text run at (8,8) width 30: "blah"
            RenderTableCell {TD} at (92,259) size 46x37 [border: (1px solid #000000)] [r=7 c=2 rs=1 cs=1]
              RenderText {#text} at (8,8) size 30x21
                text run at (8,8) width 30: "blah"
            RenderTableCell {TD} at (138,259) size 46x37 [border: (1px solid #000000)] [r=7 c=3 rs=1 cs=1]
              RenderText {#text} at (8,8) size 30x21
                text run at (8,8) width 30: "blah"
