layer at (0,0) size 800x600
  RenderView at (0,0) size 800x600
layer at (0,0) size 800x600
  RenderBlock {HTML} at (0,0) size 800x600
    RenderBody {BODY} at (8,8) size 784x584 [bgcolor=#FFFFFF]
      RenderBlock {P} at (0,0) size 784x42
        RenderText {#text} at (0,0) size 265x21
          text run at (0,0) width 265: "The table below is inside a div tag with "
        RenderInline {B} at (0,0) size 56x21
          RenderText {#text} at (265,0) size 56x21
            text run at (265,0) width 56: "absolute"
        RenderText {#text} at (321,0) size 782x42
          text run at (321,0) width 162: " positioning for top and "
          text run at (483,0) width 149: "left but not for width. "
          text run at (632,0) width 150: "The table should push"
          text run at (0,21) width 372: "it out to 100% but it doesn't. Instead the layer collapses"
      RenderBlock {P} at (0,58) size 784x84
        RenderBR {BR} at (0,0) size 0x21
        RenderBR {BR} at (0,21) size 0x21
        RenderBR {BR} at (0,42) size 0x21
        RenderBR {BR} at (0,63) size 0x21
      RenderBlock {P} at (0,158) size 784x42
        RenderText {#text} at (0,0) size 276x21
          text run at (0,0) width 276: "The next table is inside a div tag set with "
        RenderInline {B} at (0,0) size 50x21
          RenderText {#text} at (276,0) size 50x21
            text run at (276,0) width 50: "relative"
        RenderText {#text} at (326,0) size 86x21
          text run at (326,0) width 86: " positioning. "
        RenderBR {BR} at (412,16) size 0x0
        RenderText {#text} at (0,21) size 148x21
          text run at (0,21) width 148: "No width has been set"
layer at (8,70) size 792x31
  RenderBlock (positioned) {DIV} at (8,70) size 792x31 [bgcolor=#CCFFCC]
    RenderTable {TABLE} at (0,0) size 792x31 [border: (1px outset #808080)]
      RenderTableSection {TBODY} at (1,1) size 790x29
        RenderTableRow {TR} at (0,2) size 790x25
          RenderTableCell {TD} at (2,2) size 786x25 [border: (1px inset #808080)] [r=0 c=0 rs=1 cs=1]
            RenderText {#text} at (2,2) size 139x21
              text run at (2,2) width 139: "Table width = 100%"
layer at (8,224) size 784x31
  RenderBlock (relative positioned) {DIV} at (0,216) size 784x31 [bgcolor=#CC0066]
    RenderTable {TABLE} at (0,0) size 784x31 [border: (1px outset #808080)]
      RenderTableSection {TBODY} at (1,1) size 782x29
        RenderTableRow {TR} at (0,2) size 782x25
          RenderTableCell {TD} at (2,2) size 778x25 [border: (1px inset #808080)] [r=0 c=0 rs=1 cs=1]
            RenderText {#text} at (2,2) size 139x21
              text run at (2,2) width 139: "Table width = 100%"
