layer at (0,0) size 800x600
  RenderView at (0,0) size 800x600
layer at (0,0) size 800x600
  RenderBlock {HTML} at (0,0) size 800x600
    RenderBody {BODY} at (8,8) size 784x584
      RenderTable {TABLE} at (0,0) size 92x60 [border: (1px outset #808080)]
        RenderTableSection {THEAD} at (1,1) size 90x29
          RenderTableRow {TR} at (0,2) size 90x25
            RenderTableCell {TH} at (2,2) size 86x25 [border: (1px inset #808080)] [r=0 c=0 rs=1 cs=1]
              RenderText {#text} at (2,2) size 82x21
                text run at (2,2) width 82: "inside thead"
        RenderTableSection {TBODY} at (1,30) size 90x29
          RenderTableRow {TR} at (0,2) size 90x25
            RenderTableCell {TD} at (2,2) size 86x25 [border: (1px inset #808080)] [r=0 c=0 rs=1 cs=1]
              RenderText {#text} at (2,2) size 82x21
                text run at (2,2) width 82: "inside tbody"
