layer at (0,0) size 800x600
  RenderView at (0,0) size 800x600
layer at (0,0) size 800x600
  RenderBlock {HTML} at (0,0) size 800x600
    RenderBody {BODY} at (8,8) size 784x584
      RenderTable {TABLE} at (0,0) size 784x73 [border: (1px outset #808080)]
        RenderTableSection {TBODY} at (1,1) size 782x71
          RenderTableRow {TR} at (0,0) size 782x46
            RenderTableCell {TD} at (0,0) size 782x46 [border: (1px inset #808080)] [r=0 c=0 rs=1 cs=2]
              RenderText {#text} at (2,2) size 774x42
                text run at (2,2) width 173: "The Supreme Court says "
                text run at (175,2) width 528: "Wisconsin can continue using tuition vouchers to help poor parents send their "
                text run at (703,2) width 73: "children to"
                text run at (2,23) width 138: "church-run schools. "
                text run at (140,23) width 133: "What's your stand?"
          RenderTableRow {TR} at (0,46) size 782x25
            RenderTableCell {TD} at (0,46) size 390x25 [border: (1px inset #808080)] [r=1 c=0 rs=1 cs=1]
              RenderText {#text} at (2,2) size 32x21
                text run at (2,2) width 32: "hello"
            RenderTableCell {TD} at (390,46) size 392x25 [border: (1px inset #808080)] [r=1 c=1 rs=1 cs=1]
              RenderText {#text} at (2,2) size 32x21
                text run at (2,2) width 32: "hello"
      RenderBlock (anonymous) at (0,73) size 784x21
        RenderBR {BR} at (0,0) size 0x21
      RenderTable {TABLE} at (0,94) size 600x48 [border: (1px outset #808080)]
        RenderTableSection {TBODY} at (1,1) size 598x46
          RenderTableRow {TR} at (0,0) size 598x46
            RenderTableCell {TD} at (0,10) size 36x25 [border: (1px inset #808080)] [r=0 c=0 rs=1 cs=1]
              RenderText {#text} at (2,2) size 32x21
                text run at (2,2) width 32: "hello"
            RenderTableCell {TD} at (36,0) size 562x46 [border: (1px inset #808080)] [r=0 c=1 rs=1 cs=1]
              RenderText {#text} at (2,2) size 535x42
                text run at (2,2) width 173: "The Supreme Court says "
                text run at (175,2) width 362: "Wisconsin can continue using tuition vouchers to help"
                text run at (2,23) width 162: "poor parents send their "
                text run at (164,23) width 215: "children to church-run schools. "
                text run at (379,23) width 133: "What's your stand?"
          RenderTableRow {TR} at (0,46) size 598x0
      RenderBlock (anonymous) at (0,142) size 784x21
        RenderBR {BR} at (0,0) size 0x21
