layer at (0,0) size 784x862
  RenderView at (0,0) size 784x600
layer at (0,0) size 784x862
  RenderBlock {HTML} at (0,0) size 784x862
    RenderBody {BODY} at (8,8) size 768x846
      RenderTable {TABLE} at (0,0) size 768x846
        RenderTableSection {TBODY} at (0,0) size 768x846
          RenderTableRow {TR} at (0,2) size 768x842
            RenderTableCell {TD} at (2,380) size 726x86 [r=0 c=0 rs=1 cs=1]
              RenderText {#text} at (1,1) size 692x84
                text run at (1,1) width 692: "This is some text to fill a table cell. This is some text to fill a table cell. This is some text to fill a table cell."
                text run at (1,22) width 692: "This is some text to fill a table cell. This is some text to fill a table cell. This is some text to fill a table cell."
                text run at (1,43) width 692: "This is some text to fill a table cell. This is some text to fill a table cell. This is some text to fill a table cell."
                text run at (1,64) width 692: "This is some text to fill a table cell. This is some text to fill a table cell. This is some text to fill a table cell."
            RenderTableCell {TD} at (730,2) size 36x842 [r=0 c=1 rs=1 cs=1]
              RenderText {#text} at (1,1) size 34x840
                text run at (1,1) width 30: "This"
                text run at (1,22) width 10: "is"
                text run at (1,43) width 34: "some"
                text run at (1,64) width 25: "text"
                text run at (1,85) width 34: "to fill"
                text run at (1,106) width 8: "a"
                text run at (1,127) width 33: "table"
                text run at (1,148) width 26: "cell."
                text run at (1,169) width 30: "This"
                text run at (1,190) width 10: "is"
                text run at (1,211) width 34: "some"
                text run at (1,232) width 25: "text"
                text run at (1,253) width 34: "to fill"
                text run at (1,274) width 8: "a"
                text run at (1,295) width 33: "table"
                text run at (1,316) width 26: "cell."
                text run at (1,337) width 30: "This"
                text run at (1,358) width 10: "is"
                text run at (1,379) width 34: "some"
                text run at (1,400) width 25: "text"
                text run at (1,421) width 34: "to fill"
                text run at (1,442) width 8: "a"
                text run at (1,463) width 33: "table"
                text run at (1,484) width 26: "cell."
                text run at (1,505) width 30: "This"
                text run at (1,526) width 10: "is"
                text run at (1,547) width 34: "some"
                text run at (1,568) width 25: "text"
                text run at (1,589) width 34: "to fill"
                text run at (1,610) width 8: "a"
                text run at (1,631) width 33: "table"
                text run at (1,652) width 26: "cell."
                text run at (1,673) width 30: "This"
                text run at (1,694) width 10: "is"
                text run at (1,715) width 34: "some"
                text run at (1,736) width 25: "text"
                text run at (1,757) width 34: "to fill"
                text run at (1,778) width 8: "a"
                text run at (1,799) width 33: "table"
                text run at (1,820) width 26: "cell."
