layer at (0,0) size 800x600
  RenderView at (0,0) size 800x600
layer at (0,0) size 800x600
  RenderBlock {HTML} at (0,0) size 800x600
    RenderBody {BODY} at (8,8) size 784x584
      RenderTable {TABLE} at (0,0) size 109x64
        RenderTableSection {TBODY} at (0,0) size 109x64
          RenderTableRow {TR} at (0,2) size 109x60
            RenderTableCell {TD} at (2,2) size 105x60 [r=0 c=0 rs=1 cs=1]
              RenderBlock {DIV} at (1,1) size 103x58
                RenderBlock {P} at (0,0) size 103x21
                  RenderText {#text} at (0,0) size 102x21
                    text run at (0,0) width 102: "Paragraph one"
                RenderBlock {P} at (0,37) size 103x21
                  RenderText {#text} at (0,0) size 103x21
                    text run at (0,0) width 103: "Paragraph two"
