layer at (0,0) size 800x600
  RenderView at (0,0) size 800x600
layer at (0,0) size 800x600
  RenderBlock {HTML} at (0,0) size 800x600
    RenderBody {BODY} at (8,8) size 784x576
      RenderBlock {FORM} at (0,0) size 784x112
        RenderTable {TABLE} at (0,0) size 198x112 [border: (1px outset #808080)]
          RenderTableSection {TBODY} at (1,1) size 196x110
            RenderTableRow {TR} at (0,2) size 196x25
              RenderTableCell {TD} at (2,15) size 12x25 [border: (1px inset #808080)] [r=0 c=0 rs=2 cs=1]
                RenderText {#text} at (2,2) size 8x21
                  text run at (2,2) width 8: "5"
              RenderTableCell {TD} at (16,15) size 20x25 [border: (1px inset #808080)] [r=0 c=1 rs=2 cs=1]
                RenderText {#text} at (2,2) size 16x21
                  text run at (2,2) width 16: "**"
              RenderTableCell {TD} at (38,2) size 101x25 [border: (1px inset #808080)] [r=0 c=2 rs=1 cs=1]
                RenderText {#text} at (2,2) size 89x21
                  text run at (2,2) width 89: "Text text text"
              RenderTableCell {TD} at (141,2) size 8x25 [border: (1px inset #808080)] [r=0 c=3 rs=1 cs=1]
                RenderText {#text} at (2,2) size 4x21
                  text run at (2,2) width 4: " "
              RenderTableCell {TD} at (151,2) size 41x25 [border: (1px inset #808080)] [r=0 c=4 rs=1 cs=1]
                RenderText {#text} at (2,2) size 32x21
                  text run at (2,2) width 32: "1970"
            RenderTableRow {TR} at (0,29) size 196x25
              RenderTableCell {TD} at (38,29) size 156x25 [border: (1px inset #808080)] [r=1 c=2 rs=1 cs=4]
                RenderText {#text} at (2,2) size 152x21
                  text run at (2,2) width 152: "No Holdings Available"
            RenderTableRow {TR} at (0,56) size 196x25
              RenderTableCell {TD} at (2,69) size 12x25 [border: (1px inset #808080)] [r=2 c=0 rs=2 cs=1]
                RenderText {#text} at (2,2) size 8x21
                  text run at (2,2) width 8: "6"
              RenderTableCell {TD} at (16,69) size 20x25 [border: (1px inset #808080)] [r=2 c=1 rs=2 cs=1]
                RenderText {#text} at (2,2) size 16x21
                  text run at (2,2) width 16: "**"
              RenderTableCell {TD} at (38,56) size 101x25 [border: (1px inset #808080)] [r=2 c=2 rs=1 cs=1]
                RenderText {#text} at (2,2) size 89x21
                  text run at (2,2) width 89: "Text text text"
              RenderTableCell {TD} at (141,56) size 8x25 [border: (1px inset #808080)] [r=2 c=3 rs=1 cs=1]
                RenderText {#text} at (2,2) size 4x21
                  text run at (2,2) width 4: " "
              RenderTableCell {TD} at (151,56) size 41x25 [border: (1px inset #808080)] [r=2 c=4 rs=1 cs=1]
                RenderText {#text} at (2,2) size 32x21
                  text run at (2,2) width 32: "1970"
            RenderTableRow {TR} at (0,83) size 196x25
              RenderTableCell {TD} at (38,83) size 156x25 [border: (1px inset #808080)] [r=3 c=2 rs=1 cs=4]
                RenderText {#text} at (2,2) size 152x21
                  text run at (2,2) width 152: "No Holdings Available"
