layer at (0,0) size 800x600
  RenderView at (0,0) size 800x600
layer at (0,0) size 800x87
  RenderBlock {HTML} at (0,0) size 800x87
    RenderBody {BODY} at (8,8) size 784x71
      RenderTable {TABLE} at (0,0) size 390x71 [border: (1px outset #808080)]
        RenderTableSection {TBODY} at (1,1) size 388x69
          RenderTableRow {TR} at (0,0) size 388x23
            RenderTableCell {TD} at (0,23) size 6x23 [bgcolor=#CCCCCC] [border: (1px inset #808080)] [r=0 c=0 rs=3 cs=1]
              RenderText {#text} at (1,1) size 4x21
                text run at (1,1) width 4: " "
            RenderTableCell {TD} at (6,0) size 376x23 [border: (1px inset #808080)] [r=0 c=1 rs=1 cs=1]
              RenderText {#text} at (1,1) size 374x21
                text run at (1,1) width 374: "This row has two cells with rowspans and a middle cell."
            RenderTableCell {TD} at (382,23) size 6x23 [bgcolor=#CCCCCC] [border: (1px inset #808080)] [r=0 c=2 rs=3 cs=1]
              RenderText {#text} at (1,1) size 4x21
                text run at (1,1) width 4: " "
          RenderTableRow {TR} at (0,23) size 388x23
            RenderTableCell {TD} at (6,23) size 376x23 [bgcolor=#0000FF] [border: (1px inset #808080)] [r=1 c=1 rs=1 cs=1]
              RenderText {#text} at (1,1) size 170x21
                text run at (1,1) width 170: "This cell is coloured blue."
          RenderTableRow {TR} at (0,46) size 388x23 [bgcolor=#FF0000]
            RenderTableCell {TD} at (6,46) size 376x23 [border: (1px inset #808080)] [r=2 c=1 rs=1 cs=1]
              RenderText {#text} at (1,1) size 169x21
                text run at (1,1) width 169: "This row is coloured red."
