layer at (0,0) size 784x3668
  RenderView at (0,0) size 784x600
layer at (0,0) size 784x3668
  RenderBlock {HTML} at (0,0) size 784x3668
    RenderBody {BODY} at (8,8) size 768x3652
      RenderTable {TABLE} at (0,0) size 768x3652 [border: (1px outset #808080)]
        RenderTableSection {TBODY} at (1,1) size 766x3650
          RenderTableRow {TR} at (0,2) size 766x190
            RenderTableCell {TD} at (2,75) size 37x43 [border: (1px inset #808080)] [r=0 c=0 rs=1 cs=1]
              RenderText {#text} at (12,11) size 13x21
                text run at (12,11) width 13: "A"
            RenderTableCell {TD} at (41,73) size 427x47 [border: (1px inset #808080)] [r=0 c=1 rs=1 cs=1]
              RenderImage {IMG} at (176,11) size 76x25
            RenderTableCell {TD} at (470,2) size 294x190 [border: (1px inset #808080)] [r=0 c=2 rs=1 cs=1]
              RenderText {#text} at (14,11) size 266x168
                text run at (14,11) width 266: "test test test test test test test test test test"
                text run at (14,32) width 135: "test test test test test "
                text run at (149,32) width 131: "test test test test test"
                text run at (14,53) width 266: "test test test test test test test test test test"
                text run at (14,74) width 266: "test test test test test test test test test test"
                text run at (14,95) width 135: "test test test test test "
                text run at (149,95) width 131: "test test test test test"
                text run at (14,116) width 266: "test test test test test test test test test test"
                text run at (14,137) width 266: "test test test test test test test test test test"
                text run at (81,158) width 132: "test test test test test"
          RenderTableRow {TR} at (0,194) size 766x190
            RenderTableCell {TD} at (2,267) size 37x43 [border: (1px inset #808080)] [r=1 c=0 rs=1 cs=1]
              RenderText {#text} at (13,11) size 11x21
                text run at (13,11) width 11: "B"
            RenderTableCell {TD} at (41,257) size 427x64 [border: (1px inset #808080)] [r=1 c=1 rs=1 cs=1]
              RenderImage {IMG} at (199,11) size 30x42
            RenderTableCell {TD} at (470,194) size 294x190 [border: (1px inset #808080)] [r=1 c=2 rs=1 cs=1]
              RenderText {#text} at (14,11) size 266x168
                text run at (14,11) width 266: "test test test test test test test test test test"
                text run at (14,32) width 135: "test test test test test "
                text run at (149,32) width 131: "test test test test test"
                text run at (14,53) width 266: "test test test test test test test test test test"
                text run at (14,74) width 266: "test test test test test test test test test test"
                text run at (14,95) width 135: "test test test test test "
                text run at (149,95) width 131: "test test test test test"
                text run at (14,116) width 266: "test test test test test test test test test test"
                text run at (14,137) width 266: "test test test test test test test test test test"
                text run at (81,158) width 132: "test test test test test"
          RenderTableRow {TR} at (0,386) size 766x190
            RenderTableCell {TD} at (2,459) size 37x43 [border: (1px inset #808080)] [r=2 c=0 rs=1 cs=1]
              RenderText {#text} at (12,11) size 13x21
                text run at (12,11) width 13: "C"
            RenderTableCell {TD} at (41,401) size 427x160 [border: (1px inset #808080)] [r=2 c=1 rs=1 cs=1]
              RenderImage {IMG} at (104,11) size 220x138
            RenderTableCell {TD} at (470,386) size 294x190 [border: (1px inset #808080)] [r=2 c=2 rs=1 cs=1]
              RenderText {#text} at (14,11) size 266x168
                text run at (14,11) width 266: "test test test test test test test test test test"
                text run at (14,32) width 135: "test test test test test "
                text run at (149,32) width 131: "test test test test test"
                text run at (14,53) width 266: "test test test test test test test test test test"
                text run at (14,74) width 266: "test test test test test test test test test test"
                text run at (14,95) width 135: "test test test test test "
                text run at (149,95) width 131: "test test test test test"
                text run at (14,116) width 266: "test test test test test test test test test test"
                text run at (14,137) width 266: "test test test test test test test test test test"
                text run at (81,158) width 132: "test test test test test"
          RenderTableRow {TR} at (0,578) size 766x190
            RenderTableCell {TD} at (2,651) size 37x43 [border: (1px inset #808080)] [r=3 c=0 rs=1 cs=1]
              RenderText {#text} at (12,11) size 13x21
                text run at (12,11) width 13: "D"
            RenderTableCell {TD} at (41,619) size 427x107 [border: (1px inset #808080)] [r=3 c=1 rs=1 cs=1]
              RenderImage {IMG} at (114,11) size 200x85
            RenderTableCell {TD} at (470,578) size 294x190 [border: (1px inset #808080)] [r=3 c=2 rs=1 cs=1]
              RenderText {#text} at (14,11) size 266x168
                text run at (14,11) width 266: "test test test test test test test test test test"
                text run at (14,32) width 135: "test test test test test "
                text run at (149,32) width 131: "test test test test test"
                text run at (14,53) width 266: "test test test test test test test test test test"
                text run at (14,74) width 266: "test test test test test test test test test test"
                text run at (14,95) width 135: "test test test test test "
                text run at (149,95) width 131: "test test test test test"
                text run at (14,116) width 266: "test test test test test test test test test test"
                text run at (14,137) width 266: "test test test test test test test test test test"
                text run at (81,158) width 132: "test test test test test"
          RenderTableRow {TR} at (0,770) size 766x190
            RenderTableCell {TD} at (2,843) size 37x43 [border: (1px inset #808080)] [r=4 c=0 rs=1 cs=1]
              RenderText {#text} at (13,11) size 11x21
                text run at (13,11) width 11: "E"
            RenderTableCell {TD} at (41,829) size 427x72 [border: (1px inset #808080)] [r=4 c=1 rs=1 cs=1]
              RenderImage {IMG} at (187,11) size 54x50
            RenderTableCell {TD} at (470,770) size 294x190 [border: (1px inset #808080)] [r=4 c=2 rs=1 cs=1]
              RenderText {#text} at (14,11) size 266x168
                text run at (14,11) width 266: "test test test test test test test test test test"
                text run at (14,32) width 135: "test test test test test "
                text run at (149,32) width 131: "test test test test test"
                text run at (14,53) width 266: "test test test test test test test test test test"
                text run at (14,74) width 266: "test test test test test test test test test test"
                text run at (14,95) width 135: "test test test test test "
                text run at (149,95) width 131: "test test test test test"
                text run at (14,116) width 266: "test test test test test test test test test test"
                text run at (14,137) width 266: "test test test test test test test test test test"
                text run at (81,158) width 132: "test test test test test"
          RenderTableRow {TR} at (0,962) size 766x190
            RenderTableCell {TD} at (2,1035) size 37x43 [border: (1px inset #808080)] [r=5 c=0 rs=1 cs=1]
              RenderText {#text} at (13,11) size 11x21
                text run at (13,11) width 11: "F"
            RenderTableCell {TD} at (41,1021) size 427x72 [border: (1px inset #808080)] [r=5 c=1 rs=1 cs=1]
              RenderImage {IMG} at (95,11) size 237x50
            RenderTableCell {TD} at (470,962) size 294x190 [border: (1px inset #808080)] [r=5 c=2 rs=1 cs=1]
              RenderText {#text} at (14,11) size 266x168
                text run at (14,11) width 266: "test test test test test test test test test test"
                text run at (14,32) width 135: "test test test test test "
                text run at (149,32) width 131: "test test test test test"
                text run at (14,53) width 266: "test test test test test test test test test test"
                text run at (14,74) width 266: "test test test test test test test test test test"
                text run at (14,95) width 135: "test test test test test "
                text run at (149,95) width 131: "test test test test test"
                text run at (14,116) width 266: "test test test test test test test test test test"
                text run at (14,137) width 266: "test test test test test test test test test test"
                text run at (81,158) width 132: "test test test test test"
          RenderTableRow {TR} at (0,1154) size 766x190
            RenderTableCell {TD} at (2,1227) size 37x43 [border: (1px inset #808080)] [r=6 c=0 rs=1 cs=1]
              RenderText {#text} at (12,11) size 13x21
                text run at (12,11) width 13: "G"
            RenderTableCell {TD} at (41,1206) size 427x85 [border: (1px inset #808080)] [r=6 c=1 rs=1 cs=1]
              RenderImage {IMG} at (156,11) size 116x63
            RenderTableCell {TD} at (470,1154) size 294x190 [border: (1px inset #808080)] [r=6 c=2 rs=1 cs=1]
              RenderText {#text} at (14,11) size 266x168
                text run at (14,11) width 266: "test test test test test test test test test test"
                text run at (14,32) width 135: "test test test test test "
                text run at (149,32) width 131: "test test test test test"
                text run at (14,53) width 266: "test test test test test test test test test test"
                text run at (14,74) width 266: "test test test test test test test test test test"
                text run at (14,95) width 135: "test test test test test "
                text run at (149,95) width 131: "test test test test test"
                text run at (14,116) width 266: "test test test test test test test test test test"
                text run at (14,137) width 266: "test test test test test test test test test test"
                text run at (81,158) width 132: "test test test test test"
          RenderTableRow {TR} at (0,1346) size 766x190
            RenderTableCell {TD} at (2,1419) size 37x43 [border: (1px inset #808080)] [r=7 c=0 rs=1 cs=1]
              RenderText {#text} at (12,11) size 13x21
                text run at (12,11) width 13: "H"
            RenderTableCell {TD} at (41,1421) size 427x40 [border: (1px inset #808080)] [r=7 c=1 rs=1 cs=1]
              RenderImage {IMG} at (200,11) size 27x18
            RenderTableCell {TD} at (470,1346) size 294x190 [border: (1px inset #808080)] [r=7 c=2 rs=1 cs=1]
              RenderText {#text} at (14,11) size 266x168
                text run at (14,11) width 266: "test test test test test test test test test test"
                text run at (14,32) width 135: "test test test test test "
                text run at (149,32) width 131: "test test test test test"
                text run at (14,53) width 266: "test test test test test test test test test test"
                text run at (14,74) width 266: "test test test test test test test test test test"
                text run at (14,95) width 135: "test test test test test "
                text run at (149,95) width 131: "test test test test test"
                text run at (14,116) width 266: "test test test test test test test test test test"
                text run at (14,137) width 266: "test test test test test test test test test test"
                text run at (81,158) width 132: "test test test test test"
          RenderTableRow {TR} at (0,1538) size 766x190
            RenderTableCell {TD} at (2,1611) size 37x43 [border: (1px inset #808080)] [r=8 c=0 rs=1 cs=1]
              RenderText {#text} at (15,11) size 7x21
                text run at (15,11) width 7: "I"
            RenderTableCell {TD} at (41,1591) size 427x83 [border: (1px inset #808080)] [r=8 c=1 rs=1 cs=1]
              RenderImage {IMG} at (126,11) size 175x61
            RenderTableCell {TD} at (470,1538) size 294x190 [border: (1px inset #808080)] [r=8 c=2 rs=1 cs=1]
              RenderText {#text} at (14,11) size 266x168
                text run at (14,11) width 266: "test test test test test test test test test test"
                text run at (14,32) width 135: "test test test test test "
                text run at (149,32) width 131: "test test test test test"
                text run at (14,53) width 266: "test test test test test test test test test test"
                text run at (14,74) width 266: "test test test test test test test test test test"
                text run at (14,95) width 135: "test test test test test "
                text run at (149,95) width 131: "test test test test test"
                text run at (14,116) width 266: "test test test test test test test test test test"
                text run at (14,137) width 266: "test test test test test test test test test test"
                text run at (81,158) width 132: "test test test test test"
          RenderTableRow {TR} at (0,1730) size 766x190
            RenderTableCell {TD} at (2,1803) size 37x43 [border: (1px inset #808080)] [r=9 c=0 rs=1 cs=1]
              RenderText {#text} at (14,11) size 9x21
                text run at (14,11) width 9: "J"
            RenderTableCell {TD} at (41,1764) size 427x122 [border: (1px inset #808080)] [r=9 c=1 rs=1 cs=1]
              RenderImage {IMG} at (11,11) size 405x100
            RenderTableCell {TD} at (470,1730) size 294x190 [border: (1px inset #808080)] [r=9 c=2 rs=1 cs=1]
              RenderText {#text} at (14,11) size 266x168
                text run at (14,11) width 266: "test test test test test test test test test test"
                text run at (14,32) width 135: "test test test test test "
                text run at (149,32) width 131: "test test test test test"
                text run at (14,53) width 266: "test test test test test test test test test test"
                text run at (14,74) width 266: "test test test test test test test test test test"
                text run at (14,95) width 135: "test test test test test "
                text run at (149,95) width 131: "test test test test test"
                text run at (14,116) width 266: "test test test test test test test test test test"
                text run at (14,137) width 266: "test test test test test test test test test test"
                text run at (81,158) width 132: "test test test test test"
          RenderTableRow {TR} at (0,1922) size 766x190
            RenderTableCell {TD} at (2,1995) size 37x43 [border: (1px inset #808080)] [r=10 c=0 rs=1 cs=1]
              RenderText {#text} at (12,11) size 13x21
                text run at (12,11) width 13: "K"
            RenderTableCell {TD} at (41,1981) size 427x72 [border: (1px inset #808080)] [r=10 c=1 rs=1 cs=1]
              RenderImage {IMG} at (78,11) size 272x50
            RenderTableCell {TD} at (470,1922) size 294x190 [border: (1px inset #808080)] [r=10 c=2 rs=1 cs=1]
              RenderText {#text} at (14,11) size 266x168
                text run at (14,11) width 266: "test test test test test test test test test test"
                text run at (14,32) width 135: "test test test test test "
                text run at (149,32) width 131: "test test test test test"
                text run at (14,53) width 266: "test test test test test test test test test test"
                text run at (14,74) width 266: "test test test test test test test test test test"
                text run at (14,95) width 135: "test test test test test "
                text run at (149,95) width 131: "test test test test test"
                text run at (14,116) width 266: "test test test test test test test test test test"
                text run at (14,137) width 266: "test test test test test test test test test test"
                text run at (81,158) width 132: "test test test test test"
          RenderTableRow {TR} at (0,2114) size 766x190
            RenderTableCell {TD} at (2,2187) size 37x43 [border: (1px inset #808080)] [r=11 c=0 rs=1 cs=1]
              RenderText {#text} at (12,11) size 13x21
                text run at (12,11) width 13: "K"
            RenderTableCell {TD} at (41,2174) size 427x69 [border: (1px inset #808080)] [r=11 c=1 rs=1 cs=1]
              RenderImage {IMG} at (168,11) size 91x47
            RenderTableCell {TD} at (470,2114) size 294x190 [border: (1px inset #808080)] [r=11 c=2 rs=1 cs=1]
              RenderText {#text} at (14,11) size 266x168
                text run at (14,11) width 266: "test test test test test test test test test test"
                text run at (14,32) width 135: "test test test test test "
                text run at (149,32) width 131: "test test test test test"
                text run at (14,53) width 266: "test test test test test test test test test test"
                text run at (14,74) width 266: "test test test test test test test test test test"
                text run at (14,95) width 135: "test test test test test "
                text run at (149,95) width 131: "test test test test test"
                text run at (14,116) width 266: "test test test test test test test test test test"
                text run at (14,137) width 266: "test test test test test test test test test test"
                text run at (81,158) width 132: "test test test test test"
          RenderTableRow {TR} at (0,2306) size 766x190
            RenderTableCell {TD} at (2,2379) size 37x43 [border: (1px inset #808080)] [r=12 c=0 rs=1 cs=1]
              RenderText {#text} at (13,11) size 11x21
                text run at (13,11) width 11: "L"
            RenderTableCell {TD} at (41,2357) size 427x88 [border: (1px inset #808080)] [r=12 c=1 rs=1 cs=1]
              RenderImage {IMG} at (89,11) size 250x66
            RenderTableCell {TD} at (470,2306) size 294x190 [border: (1px inset #808080)] [r=12 c=2 rs=1 cs=1]
              RenderText {#text} at (14,11) size 266x168
                text run at (14,11) width 266: "test test test test test test test test test test"
                text run at (14,32) width 135: "test test test test test "
                text run at (149,32) width 131: "test test test test test"
                text run at (14,53) width 266: "test test test test test test test test test test"
                text run at (14,74) width 266: "test test test test test test test test test test"
                text run at (14,95) width 135: "test test test test test "
                text run at (149,95) width 131: "test test test test test"
                text run at (14,116) width 266: "test test test test test test test test test test"
                text run at (14,137) width 266: "test test test test test test test test test test"
                text run at (81,158) width 132: "test test test test test"
          RenderTableRow {TR} at (0,2498) size 766x190
            RenderTableCell {TD} at (2,2571) size 37x43 [border: (1px inset #808080)] [r=13 c=0 rs=1 cs=1]
              RenderText {#text} at (11,11) size 15x21
                text run at (11,11) width 15: "M"
            RenderTableCell {TD} at (41,2560) size 427x66 [border: (1px inset #808080)] [r=13 c=1 rs=1 cs=1]
              RenderImage {IMG} at (163,11) size 101x44
            RenderTableCell {TD} at (470,2498) size 294x190 [border: (1px inset #808080)] [r=13 c=2 rs=1 cs=1]
              RenderText {#text} at (14,11) size 266x168
                text run at (14,11) width 266: "test test test test test test test test test test"
                text run at (14,32) width 135: "test test test test test "
                text run at (149,32) width 131: "test test test test test"
                text run at (14,53) width 266: "test test test test test test test test test test"
                text run at (14,74) width 266: "test test test test test test test test test test"
                text run at (14,95) width 135: "test test test test test "
                text run at (149,95) width 131: "test test test test test"
                text run at (14,116) width 266: "test test test test test test test test test test"
                text run at (14,137) width 266: "test test test test test test test test test test"
                text run at (81,158) width 132: "test test test test test"
          RenderTableRow {TR} at (0,2690) size 766x190
            RenderTableCell {TD} at (2,2763) size 37x43 [border: (1px inset #808080)] [r=14 c=0 rs=1 cs=1]
              RenderText {#text} at (12,11) size 13x21
                text run at (12,11) width 13: "N"
            RenderTableCell {TD} at (41,2767) size 427x35 [border: (1px inset #808080)] [r=14 c=1 rs=1 cs=1]
              RenderImage {IMG} at (201,11) size 25x13
            RenderTableCell {TD} at (470,2690) size 294x190 [border: (1px inset #808080)] [r=14 c=2 rs=1 cs=1]
              RenderText {#text} at (14,11) size 266x168
                text run at (14,11) width 266: "test test test test test test test test test test"
                text run at (14,32) width 135: "test test test test test "
                text run at (149,32) width 131: "test test test test test"
                text run at (14,53) width 266: "test test test test test test test test test test"
                text run at (14,74) width 266: "test test test test test test test test test test"
                text run at (14,95) width 135: "test test test test test "
                text run at (149,95) width 131: "test test test test test"
                text run at (14,116) width 266: "test test test test test test test test test test"
                text run at (14,137) width 266: "test test test test test test test test test test"
                text run at (81,158) width 132: "test test test test test"
          RenderTableRow {TR} at (0,2882) size 766x190
            RenderTableCell {TD} at (2,2955) size 37x43 [border: (1px inset #808080)] [r=15 c=0 rs=1 cs=1]
              RenderText {#text} at (12,11) size 13x21
                text run at (12,11) width 13: "O"
            RenderTableCell {TD} at (41,2938) size 427x78 [border: (1px inset #808080)] [r=15 c=1 rs=1 cs=1]
              RenderImage {IMG} at (87,11) size 253x56
            RenderTableCell {TD} at (470,2882) size 294x190 [border: (1px inset #808080)] [r=15 c=2 rs=1 cs=1]
              RenderText {#text} at (14,11) size 266x168
                text run at (14,11) width 266: "test test test test test test test test test test"
                text run at (14,32) width 135: "test test test test test "
                text run at (149,32) width 131: "test test test test test"
                text run at (14,53) width 266: "test test test test test test test test test test"
                text run at (14,74) width 266: "test test test test test test test test test test"
                text run at (14,95) width 135: "test test test test test "
                text run at (149,95) width 131: "test test test test test"
                text run at (14,116) width 266: "test test test test test test test test test test"
                text run at (14,137) width 266: "test test test test test test test test test test"
                text run at (81,158) width 132: "test test test test test"
          RenderTableRow {TR} at (0,3074) size 766x190
            RenderTableCell {TD} at (2,3147) size 37x43 [border: (1px inset #808080)] [r=16 c=0 rs=1 cs=1]
              RenderText {#text} at (13,11) size 11x21
                text run at (13,11) width 11: "P"
            RenderTableCell {TD} at (41,3117) size 427x103 [border: (1px inset #808080)] [r=16 c=1 rs=1 cs=1]
              RenderImage {IMG} at (134,11) size 159x81
            RenderTableCell {TD} at (470,3074) size 294x190 [border: (1px inset #808080)] [r=16 c=2 rs=1 cs=1]
              RenderText {#text} at (14,11) size 266x168
                text run at (14,11) width 266: "test test test test test test test test test test"
                text run at (14,32) width 135: "test test test test test "
                text run at (149,32) width 131: "test test test test test"
                text run at (14,53) width 266: "test test test test test test test test test test"
                text run at (14,74) width 266: "test test test test test test test test test test"
                text run at (14,95) width 135: "test test test test test "
                text run at (149,95) width 131: "test test test test test"
                text run at (14,116) width 266: "test test test test test test test test test test"
                text run at (14,137) width 266: "test test test test test test test test test test"
                text run at (81,158) width 132: "test test test test test"
          RenderTableRow {TR} at (0,3266) size 766x190
            RenderTableCell {TD} at (2,3339) size 37x43 [border: (1px inset #808080)] [r=17 c=0 rs=1 cs=1]
              RenderText {#text} at (12,11) size 13x21
                text run at (12,11) width 13: "Q"
            RenderTableCell {TD} at (41,3296) size 427x130 [border: (1px inset #808080)] [r=17 c=1 rs=1 cs=1]
              RenderImage {IMG} at (107,11) size 213x108
            RenderTableCell {TD} at (470,3266) size 294x190 [border: (1px inset #808080)] [r=17 c=2 rs=1 cs=1]
              RenderText {#text} at (14,11) size 266x168
                text run at (14,11) width 266: "test test test test test test test test test test"
                text run at (14,32) width 135: "test test test test test "
                text run at (149,32) width 131: "test test test test test"
                text run at (14,53) width 266: "test test test test test test test test test test"
                text run at (14,74) width 266: "test test test test test test test test test test"
                text run at (14,95) width 135: "test test test test test "
                text run at (149,95) width 131: "test test test test test"
                text run at (14,116) width 266: "test test test test test test test test test test"
                text run at (14,137) width 266: "test test test test test test test test test test"
                text run at (81,158) width 132: "test test test test test"
          RenderTableRow {TR} at (0,3458) size 766x190
            RenderTableCell {TD} at (2,3531) size 37x43 [border: (1px inset #808080)] [r=18 c=0 rs=1 cs=1]
              RenderText {#text} at (12,11) size 13x21
                text run at (12,11) width 13: "R"
            RenderTableCell {TD} at (41,3477) size 427x152 [border: (1px inset #808080)] [r=18 c=1 rs=1 cs=1]
              RenderImage {IMG} at (42,11) size 344x130
            RenderTableCell {TD} at (470,3458) size 294x190 [border: (1px inset #808080)] [r=18 c=2 rs=1 cs=1]
              RenderText {#text} at (14,11) size 266x168
                text run at (14,11) width 266: "test test test test test test test test test test"
                text run at (14,32) width 135: "test test test test test "
                text run at (149,32) width 131: "test test test test test"
                text run at (14,53) width 266: "test test test test test test test test test test"
                text run at (14,74) width 266: "test test test test test test test test test test"
                text run at (14,95) width 135: "test test test test test "
                text run at (149,95) width 131: "test test test test test"
                text run at (14,116) width 266: "test test test test test test test test test test"
                text run at (14,137) width 266: "test test test test test test test test test test"
                text run at (81,158) width 132: "test test test test test"
