layer at (0,0) size 800x600
  RenderView at (0,0) size 800x600
layer at (0,0) size 800x600
  RenderBlock {HTML} at (0,0) size 800x600
    RenderBody {BODY} at (8,8) size 784x584
      RenderTable {TABLE} at (0,0) size 69x138
        RenderBlock {CAPTION} at (0,0) size 69x111
          RenderTable {TABLE} at (0,0) size 69x111
            RenderTableSection {TBODY} at (0,0) size 69x111
              RenderTableRow {TR} at (0,2) size 69x107
                RenderTableCell {TD} at (2,2) size 65x107 [r=0 c=0 rs=1 cs=1]
                  RenderText {#text} at (1,1) size 57x105
                    text run at (1,1) width 57: "Another"
                    text run at (1,22) width 33: "table"
                    text run at (1,43) width 39: "inside"
                    text run at (1,64) width 21: "the"
                    text run at (1,85) width 50: "caption"
        RenderTableSection {TBODY} at (0,111) size 69x27
          RenderTableRow {TR} at (0,2) size 69x23
            RenderTableCell {TD} at (2,2) size 65x23 [r=0 c=0 rs=1 cs=1]
              RenderText {#text} at (1,1) size 63x21
                text run at (1,1) width 63: "First row"
