layer at (0,0) size 800x600
  RenderView at (0,0) size 800x600
layer at (0,0) size 800x600
  RenderBlock {HTML} at (0,0) size 800x600
    RenderBody {BODY} at (8,8) size 784x584
      RenderBlock {P} at (0,0) size 784x84
        RenderText {#text} at (0,0) size 784x84
          text run at (0,0) width 779: "The table below should have two columns and a total of 7 cells, arranged in an alternating/overlapping fashion. The"
          text run at (0,21) width 740: "cellspacing=0 for this table. In Nav4.5, this example can be viewed. In 5.0 (jun08 win95), this example displays"
          text run at (0,42) width 784: "(apparently) as a simple 2x2 table (i.e., some elements are not displayed at all). (The numbers are the position of each"
          text run at (0,63) width 175: "TD in the HTML source)."
      RenderTable {TABLE} at (0,100) size 22x128 [border: (1px outset #808080)]
        RenderTableSection {TBODY} at (1,1) size 20x126
          RenderTableRow {TR} at (0,0) size 20x23
            RenderTableCell {TD} at (0,8) size 10x23 [border: (1px inset #808080)] [r=0 c=0 rs=2 cs=1]
              RenderText {#text} at (1,1) size 8x21
                text run at (1,1) width 8: "1"
            RenderTableCell {TD} at (10,0) size 10x23 [border: (1px inset #808080)] [r=0 c=1 rs=1 cs=1]
              RenderText {#text} at (1,1) size 8x21
                text run at (1,1) width 8: "2"
          RenderTableRow {TR} at (0,23) size 20x17
            RenderTableCell {TD} at (10,31) size 10x23 [border: (1px inset #808080)] [r=1 c=1 rs=2 cs=1]
              RenderText {#text} at (1,1) size 8x21
                text run at (1,1) width 8: "3"
          RenderTableRow {TR} at (0,40) size 20x23
            RenderTableCell {TD} at (0,48) size 10x23 [border: (1px inset #808080)] [r=2 c=0 rs=2 cs=1]
              RenderText {#text} at (1,1) size 8x21
                text run at (1,1) width 8: "4"
          RenderTableRow {TR} at (0,63) size 20x17
            RenderTableCell {TD} at (10,71) size 10x23 [border: (1px inset #808080)] [r=3 c=1 rs=2 cs=1]
              RenderText {#text} at (1,1) size 8x21
                text run at (1,1) width 8: "5"
          RenderTableRow {TR} at (0,80) size 20x23
            RenderTableCell {TD} at (0,91) size 10x23 [border: (1px inset #808080)] [r=4 c=0 rs=2 cs=1]
              RenderText {#text} at (1,1) size 8x21
                text run at (1,1) width 8: "6"
          RenderTableRow {TR} at (0,103) size 20x23
            RenderTableCell {TD} at (10,103) size 10x23 [border: (1px inset #808080)] [r=5 c=1 rs=1 cs=1]
              RenderText {#text} at (1,1) size 8x21
                text run at (1,1) width 8: "7"
      RenderBlock {P} at (0,244) size 784x42
        RenderText {#text} at (0,0) size 743x42
          text run at (0,0) width 743: "This is the same table as above, but cellspacing=5 in this case. For 5.0, (jun08 win95) notice the odd cellspacing"
          text run at (0,21) width 196: "overlaps. See also bug #6304."
      RenderTable {TABLE} at (0,302) size 37x153 [border: (1px outset #808080)]
        RenderTableSection {TBODY} at (1,1) size 35x151
          RenderTableRow {TR} at (0,5) size 35x23
            RenderTableCell {TD} at (5,13) size 10x23 [border: (1px inset #808080)] [r=0 c=0 rs=2 cs=1]
              RenderText {#text} at (1,1) size 8x21
                text run at (1,1) width 8: "1"
            RenderTableCell {TD} at (20,5) size 10x23 [border: (1px inset #808080)] [r=0 c=1 rs=1 cs=1]
              RenderText {#text} at (1,1) size 8x21
                text run at (1,1) width 8: "2"
          RenderTableRow {TR} at (0,33) size 35x12
            RenderTableCell {TD} at (20,41) size 10x23 [border: (1px inset #808080)] [r=1 c=1 rs=2 cs=1]
              RenderText {#text} at (1,1) size 8x21
                text run at (1,1) width 8: "3"
          RenderTableRow {TR} at (0,50) size 35x23
            RenderTableCell {TD} at (5,58) size 10x23 [border: (1px inset #808080)] [r=2 c=0 rs=2 cs=1]
              RenderText {#text} at (1,1) size 8x21
                text run at (1,1) width 8: "4"
          RenderTableRow {TR} at (0,78) size 35x12
            RenderTableCell {TD} at (20,86) size 10x23 [border: (1px inset #808080)] [r=3 c=1 rs=2 cs=1]
              RenderText {#text} at (1,1) size 8x21
                text run at (1,1) width 8: "5"
          RenderTableRow {TR} at (0,95) size 35x23
            RenderTableCell {TD} at (5,109) size 10x23 [border: (1px inset #808080)] [r=4 c=0 rs=2 cs=1]
              RenderText {#text} at (1,1) size 8x21
                text run at (1,1) width 8: "6"
          RenderTableRow {TR} at (0,123) size 35x23
            RenderTableCell {TD} at (20,123) size 10x23 [border: (1px inset #808080)] [r=5 c=1 rs=1 cs=1]
              RenderText {#text} at (1,1) size 8x21
                text run at (1,1) width 8: "7"
