layer at (0,0) size 784x1093
  RenderView at (0,0) size 784x600
layer at (0,0) size 784x1093
  RenderBlock {HTML} at (0,0) size 784x1093
    RenderBody {BODY} at (8,16) size 768x1069
      RenderBlock {P} at (0,0) size 768x21
        RenderText {#text} at (0,0) size 143x21
          text run at (0,0) width 143: "This is a table with a "
        RenderInline {CODE} at (0,0) size 86x16
          RenderText {#text} at (143,3) size 86x16
            text run at (143,3) width 86: "td align=center"
        RenderText {#text} at (229,0) size 199x21
          text run at (229,0) width 199: " that has a p, a table, and a p."
      RenderTable {TABLE} at (0,37) size 230x147 [border: (1px outset #808080)]
        RenderTableSection {TBODY} at (1,1) size 228x145
          RenderTableRow {TR} at (0,2) size 228x141
            RenderTableCell {TD} at (2,2) size 224x141 [border: (1px inset #808080)] [r=0 c=0 rs=1 cs=1]
              RenderBlock {P} at (2,18) size 220x21
                RenderText {#text} at (97,0) size 26x21
                  text run at (97,0) width 26: "text"
              RenderTable {TABLE} at (24,55) size 176x31 [border: (1px outset #808080)]
                RenderTableSection {TBODY} at (1,1) size 174x29
                  RenderTableRow {TR} at (0,2) size 174x25
                    RenderTableCell {TD} at (2,2) size 170x25 [border: (1px inset #808080)] [r=0 c=0 rs=1 cs=1]
                      RenderText {#text} at (2,2) size 37x21
                        text run at (2,2) width 37: "text 3"
              RenderBlock {P} at (2,102) size 220x21
                RenderText {#text} at (97,0) size 26x21
                  text run at (97,0) width 26: "text"
      RenderBlock {P} at (0,200) size 768x84
        RenderText {#text} at (0,0) size 196x21
          text run at (0,0) width 196: "This time the inner table has "
        RenderInline {CODE} at (0,0) size 81x16
          RenderText {#text} at (196,3) size 81x16
            text run at (196,3) width 81: "width=\"100%\""
        RenderText {#text} at (277,0) size 750x84
          text run at (277,0) width 406: ", so you can see that the CSS spec isn't quite being followed. "
          text run at (683,0) width 61: "The CSS"
          text run at (0,21) width 748: "spec says that the align=center carries down as text-align and never acts to move blocks. You're not moving the"
          text run at (0,42) width 522: "block for the table (above), but you're not doing the text-align inside it either. "
          text run at (522,42) width 228: "In quirks mode you should do the"
          text run at (0,63) width 247: "former, in standard mode, the latter."
      RenderTable {TABLE} at (0,300) size 230x147 [border: (1px outset #808080)]
        RenderTableSection {TBODY} at (1,1) size 228x145
          RenderTableRow {TR} at (0,2) size 228x141
            RenderTableCell {TD} at (2,2) size 224x141 [border: (1px inset #808080)] [r=0 c=0 rs=1 cs=1]
              RenderBlock {P} at (2,18) size 220x21
                RenderText {#text} at (97,0) size 26x21
                  text run at (97,0) width 26: "text"
              RenderTable {TABLE} at (2,55) size 220x31 [border: (1px outset #808080)]
                RenderTableSection {TBODY} at (1,1) size 218x29
                  RenderTableRow {TR} at (0,2) size 218x25
                    RenderTableCell {TD} at (2,2) size 214x25 [border: (1px inset #808080)] [r=0 c=0 rs=1 cs=1]
                      RenderText {#text} at (2,2) size 37x21
                        text run at (2,2) width 37: "text 3"
              RenderBlock {P} at (2,102) size 220x21
                RenderText {#text} at (97,0) size 26x21
                  text run at (97,0) width 26: "text"
      RenderBlock (anonymous) at (0,447) size 768x21
        RenderBR {BR} at (0,0) size 0x21
      RenderTable {TABLE} at (234,468) size 300x31 [border: (1px outset #808080)]
        RenderTableSection {TBODY} at (1,1) size 298x29
          RenderTableRow {TR} at (0,2) size 298x25
            RenderTableCell {TD} at (2,2) size 294x25 [border: (1px inset #808080)] [r=0 c=0 rs=1 cs=1]
              RenderText {#text} at (2,2) size 110x21
                text run at (2,2) width 110: "Data of Table 1!"
      RenderBlock (anonymous) at (0,499) size 768x21
        RenderBR {BR} at (0,0) size 0x21
      RenderTable {TABLE} at (0,520) size 300x31 [border: (1px outset #808080)]
        RenderTableSection {TBODY} at (1,1) size 298x29
          RenderTableRow {TR} at (0,2) size 298x25
            RenderTableCell {TD} at (2,2) size 294x25 [border: (1px inset #808080)] [r=0 c=0 rs=1 cs=1]
              RenderText {#text} at (92,2) size 110x21
                text run at (92,2) width 110: "Data of Table 2!"
      RenderBlock (anonymous) at (0,551) size 768x21
        RenderBR {BR} at (0,0) size 0x21
      RenderBlock {DIV} at (0,572) size 768x29 [border: (1px solid #000000)]
        RenderTable {TABLE} at (326,1) size 116x27
          RenderTableSection {TBODY} at (0,0) size 116x27
            RenderTableRow {TR} at (0,2) size 116x23
              RenderTableCell {TD} at (2,2) size 112x23 [r=0 c=0 rs=1 cs=1]
                RenderText {#text} at (1,1) size 110x21
                  text run at (1,1) width 110: "Data of Table 3!"
      RenderBlock (anonymous) at (0,601) size 768x21
        RenderBR {BR} at (0,0) size 0x21
      RenderBlock {DIV} at (0,622) size 768x29 [border: (1px solid #000000)]
        RenderTable {TABLE} at (1,1) size 116x27
          RenderTableSection {TBODY} at (0,0) size 116x27
            RenderTableRow {TR} at (0,2) size 116x23
              RenderTableCell {TD} at (2,2) size 112x23 [r=0 c=0 rs=1 cs=1]
                RenderText {#text} at (1,1) size 110x21
                  text run at (1,1) width 110: "Data of Table 4!"
      RenderBlock (anonymous) at (0,651) size 768x21
        RenderBR {BR} at (0,0) size 0x21
      RenderTable {TABLE} at (0,672) size 768x54
        RenderTableSection {TBODY} at (0,0) size 768x54
          RenderTableRow {TR} at (0,2) size 768x50
            RenderTableCell {TD} at (2,2) size 764x50 [r=0 c=0 rs=1 cs=1]
              RenderBlock (anonymous) at (1,1) size 762x21
                RenderText {#text} at (322,0) size 118x21
                  text run at (322,0) width 118: "Text, followed by"
              RenderTable {TABLE} at (352,22) size 59x27
                RenderTableSection {TBODY} at (0,0) size 59x27
                  RenderTableRow {TR} at (0,2) size 59x23
                    RenderTableCell {TD} at (2,2) size 55x23 [r=0 c=0 rs=1 cs=1]
                      RenderText {#text} at (1,1) size 53x21
                        text run at (1,1) width 53: "A table."
      RenderBlock {P} at (0,742) size 768x21
        RenderText {#text} at (0,0) size 301x21
          text run at (0,0) width 301: "...should look identical to the first one below:"
      RenderTable {TABLE} at (0,779) size 768x54
        RenderTableSection {TBODY} at (0,0) size 768x54
          RenderTableRow {TR} at (0,2) size 768x50
            RenderTableCell {TD} at (2,2) size 764x50 [r=0 c=0 rs=1 cs=1]
              RenderBlock {DIV} at (1,1) size 762x21
                RenderText {#text} at (322,0) size 118x21
                  text run at (322,0) width 118: "Text, followed by"
              RenderTable {TABLE} at (1,22) size 762x27
                RenderTableSection {TBODY} at (0,0) size 762x27
                  RenderTableRow {TR} at (0,2) size 762x23
                    RenderTableCell {TD} at (2,2) size 758x23 [r=0 c=0 rs=1 cs=1]
                      RenderBlock {DIV} at (1,1) size 756x21
                        RenderText {#text} at (351,0) size 54x21
                          text run at (351,0) width 54: "A table."
      RenderBlock {P} at (0,849) size 768x21
        RenderText {#text} at (0,0) size 428x21
          text run at (0,0) width 428: "However, in standard mode, the first table should look like this:"
      RenderTable {TABLE} at (0,886) size 768x54
        RenderTableSection {TBODY} at (0,0) size 768x54
          RenderTableRow {TR} at (0,2) size 768x50
            RenderTableCell {TD} at (2,2) size 764x50 [r=0 c=0 rs=1 cs=1]
              RenderBlock {DIV} at (1,1) size 762x21
                RenderText {#text} at (322,0) size 118x21
                  text run at (322,0) width 118: "Text, followed by"
              RenderTable {TABLE} at (1,22) size 762x27
                RenderTableSection {TBODY} at (0,0) size 762x27
                  RenderTableRow {TR} at (0,2) size 762x23
                    RenderTableCell {TD} at (2,2) size 758x23 [r=0 c=0 rs=1 cs=1]
                      RenderText {#text} at (1,1) size 53x21
                        text run at (1,1) width 53: "A table."
      RenderBlock {P} at (0,956) size 768x21
        RenderText {#text} at (0,0) size 706x21
          text run at (0,0) width 706: "For reference, the second table has its text all centered, the third table has the \"A table.\" line aligned left."
      RenderBlock {HR} at (0,993) size 768x2 [border: (1px inset #000000)]
      RenderBlock {P} at (0,1011) size 768x21
        RenderText {#text} at (0,0) size 62x21
          text run at (0,0) width 62: "See also: "
        RenderInline {A} at (0,0) size 137x21 [color=#0000EE]
          RenderText {#text} at (62,0) size 137x21
            text run at (62,0) width 137: "Strict Mode Version"
        RenderText {#text} at (0,0) size 0x0
      RenderBlock (anonymous) at (0,1048) size 768x21
        RenderText {#text} at (0,0) size 19x21
          text run at (0,0) width 19: "-->"
