layer at (0,0) size 800x600
  RenderView at (0,0) size 800x600
layer at (0,0) size 800x600
  RenderBlock {HTML} at (0,0) size 800x600
    RenderBody {BODY} at (8,8) size 784x584
      RenderTable {TABLE} at (0,0) size 784x48
        RenderTableSection {TBODY} at (0,0) size 784x48
          RenderTableRow {TR} at (0,2) size 784x44
            RenderTableCell {TD} at (2,2) size 322x44 [r=0 c=0 rs=1 cs=1]
              RenderText {#text} at (16,1) size 290x42
                text run at (16,1) width 290: "The quick brown fox jumped over the lazy"
                text run at (146,22) width 30: "dog."
            RenderTableCell {TD} at (326,2) size 456x44 [r=0 c=1 rs=1 cs=1]
              RenderText {#text} at (31,1) size 394x42
                text run at (31,1) width 394: "Now is the time for all good men to come to the aid of their"
                text run at (199,22) width 58: "country."
