layer at (0,0) size 800x600
  RenderView at (0,0) size 800x600
layer at (0,0) size 800x600
  RenderBlock {HTML} at (0,0) size 800x600
    RenderBody {BODY} at (8,8) size 784x584
      RenderBlock {P} at (0,0) size 784x22
        RenderText {#text} at (0,0) size 131x22
          text run at (0,0) width 131: "No col or colgroup:"
      RenderTable {TABLE} at (0,38) size 705x88 [border: (1px outset #808080)]
        RenderTableSection {TBODY} at (1,1) size 703x86
          RenderTableRow {TR} at (0,2) size 703x26
            RenderTableCell {TD} at (2,2) size 231x26 [border: (1px inset #808080)] [r=0 c=0 rs=1 cs=1]
              RenderText {#text} at (2,2) size 33x22
                text run at (2,2) width 33: "Data"
            RenderTableCell {TD} at (235,2) size 232x26 [border: (1px inset #808080)] [r=0 c=1 rs=1 cs=1]
              RenderText {#text} at (2,2) size 33x22
                text run at (2,2) width 33: "Data"
            RenderTableCell {TD} at (469,2) size 232x26 [border: (1px inset #808080)] [r=0 c=2 rs=1 cs=1]
              RenderText {#text} at (2,2) size 33x22
                text run at (2,2) width 33: "Data"
          RenderTableRow {TR} at (0,30) size 703x26
            RenderTableCell {TD} at (2,30) size 231x26 [border: (1px inset #808080)] [r=1 c=0 rs=1 cs=1]
              RenderText {#text} at (2,2) size 33x22
                text run at (2,2) width 33: "Data"
            RenderTableCell {TD} at (235,30) size 232x26 [border: (1px inset #808080)] [r=1 c=1 rs=1 cs=1]
              RenderText {#text} at (2,2) size 33x22
                text run at (2,2) width 33: "Data"
            RenderTableCell {TD} at (469,30) size 232x26 [border: (1px inset #808080)] [r=1 c=2 rs=1 cs=1]
              RenderText {#text} at (2,2) size 33x22
                text run at (2,2) width 33: "Data"
          RenderTableRow {TR} at (0,58) size 703x26
            RenderTableCell {TD} at (2,58) size 231x26 [border: (1px inset #808080)] [r=2 c=0 rs=1 cs=1]
              RenderText {#text} at (2,2) size 33x22
                text run at (2,2) width 33: "Data"
            RenderTableCell {TD} at (235,58) size 232x26 [border: (1px inset #808080)] [r=2 c=1 rs=1 cs=1]
              RenderText {#text} at (2,2) size 33x22
                text run at (2,2) width 33: "Data"
            RenderTableCell {TD} at (469,58) size 232x26 [border: (1px inset #808080)] [r=2 c=2 rs=1 cs=1]
              RenderText {#text} at (2,2) size 33x22
                text run at (2,2) width 33: "Data"
      RenderBlock {P} at (0,142) size 784x22
        RenderText {#text} at (0,0) size 302x22
          text run at (0,0) width 302: "col elements with align=center on second col:"
      RenderTable {TABLE} at (0,180) size 705x88 [border: (1px outset #808080)]
        RenderTableCol {COLGROUP} at (0,0) size 0x0
          RenderTableCol {COL} at (0,0) size 0x0
          RenderTableCol {COL} at (0,0) size 0x0
          RenderTableCol {COL} at (0,0) size 0x0
        RenderTableSection {TBODY} at (1,1) size 703x86
          RenderTableRow {TR} at (0,2) size 703x26
            RenderTableCell {TD} at (2,2) size 231x26 [border: (1px inset #808080)] [r=0 c=0 rs=1 cs=1]
              RenderText {#text} at (2,2) size 33x22
                text run at (2,2) width 33: "Data"
            RenderTableCell {TD} at (235,2) size 232x26 [border: (1px inset #808080)] [r=0 c=1 rs=1 cs=1]
              RenderText {#text} at (2,2) size 33x22
                text run at (2,2) width 33: "Data"
            RenderTableCell {TD} at (469,2) size 232x26 [border: (1px inset #808080)] [r=0 c=2 rs=1 cs=1]
              RenderText {#text} at (2,2) size 33x22
                text run at (2,2) width 33: "Data"
          RenderTableRow {TR} at (0,30) size 703x26
            RenderTableCell {TD} at (2,30) size 231x26 [border: (1px inset #808080)] [r=1 c=0 rs=1 cs=1]
              RenderText {#text} at (2,2) size 33x22
                text run at (2,2) width 33: "Data"
            RenderTableCell {TD} at (235,30) size 232x26 [border: (1px inset #808080)] [r=1 c=1 rs=1 cs=1]
              RenderText {#text} at (2,2) size 33x22
                text run at (2,2) width 33: "Data"
            RenderTableCell {TD} at (469,30) size 232x26 [border: (1px inset #808080)] [r=1 c=2 rs=1 cs=1]
              RenderText {#text} at (2,2) size 33x22
                text run at (2,2) width 33: "Data"
          RenderTableRow {TR} at (0,58) size 703x26
            RenderTableCell {TD} at (2,58) size 231x26 [border: (1px inset #808080)] [r=2 c=0 rs=1 cs=1]
              RenderText {#text} at (2,2) size 33x22
                text run at (2,2) width 33: "Data"
            RenderTableCell {TD} at (235,58) size 232x26 [border: (1px inset #808080)] [r=2 c=1 rs=1 cs=1]
              RenderText {#text} at (2,2) size 33x22
                text run at (2,2) width 33: "Data"
            RenderTableCell {TD} at (469,58) size 232x26 [border: (1px inset #808080)] [r=2 c=2 rs=1 cs=1]
              RenderText {#text} at (2,2) size 33x22
                text run at (2,2) width 33: "Data"
      RenderBlock {P} at (0,284) size 784x22
        RenderText {#text} at (0,0) size 568x22
          text run at (0,0) width 568: "colgroup and col elements, with align on colgroup so 2nd and 3rd columns centered:"
      RenderTable {TABLE} at (0,322) size 705x88 [border: (1px outset #808080)]
        RenderTableCol {COLGROUP} at (0,0) size 0x0
          RenderTableCol {COL} at (0,0) size 0x0
        RenderTableCol {COLGROUP} at (0,0) size 0x0
          RenderTableCol {COL} at (0,0) size 0x0
          RenderTableCol {COL} at (0,0) size 0x0
        RenderTableSection {TBODY} at (1,1) size 703x86
          RenderTableRow {TR} at (0,2) size 703x26
            RenderTableCell {TD} at (2,2) size 231x26 [border: (1px inset #808080)] [r=0 c=0 rs=1 cs=1]
              RenderText {#text} at (2,2) size 33x22
                text run at (2,2) width 33: "Data"
            RenderTableCell {TD} at (235,2) size 232x26 [border: (1px inset #808080)] [r=0 c=1 rs=1 cs=1]
              RenderText {#text} at (2,2) size 33x22
                text run at (2,2) width 33: "Data"
            RenderTableCell {TD} at (469,2) size 232x26 [border: (1px inset #808080)] [r=0 c=2 rs=1 cs=1]
              RenderText {#text} at (2,2) size 33x22
                text run at (2,2) width 33: "Data"
          RenderTableRow {TR} at (0,30) size 703x26
            RenderTableCell {TD} at (2,30) size 231x26 [border: (1px inset #808080)] [r=1 c=0 rs=1 cs=1]
              RenderText {#text} at (2,2) size 33x22
                text run at (2,2) width 33: "Data"
            RenderTableCell {TD} at (235,30) size 232x26 [border: (1px inset #808080)] [r=1 c=1 rs=1 cs=1]
              RenderText {#text} at (2,2) size 33x22
                text run at (2,2) width 33: "Data"
            RenderTableCell {TD} at (469,30) size 232x26 [border: (1px inset #808080)] [r=1 c=2 rs=1 cs=1]
              RenderText {#text} at (2,2) size 33x22
                text run at (2,2) width 33: "Data"
          RenderTableRow {TR} at (0,58) size 703x26
            RenderTableCell {TD} at (2,58) size 231x26 [border: (1px inset #808080)] [r=2 c=0 rs=1 cs=1]
              RenderText {#text} at (2,2) size 33x22
                text run at (2,2) width 33: "Data"
            RenderTableCell {TD} at (235,58) size 232x26 [border: (1px inset #808080)] [r=2 c=1 rs=1 cs=1]
              RenderText {#text} at (2,2) size 33x22
                text run at (2,2) width 33: "Data"
            RenderTableCell {TD} at (469,58) size 232x26 [border: (1px inset #808080)] [r=2 c=2 rs=1 cs=1]
              RenderText {#text} at (2,2) size 33x22
                text run at (2,2) width 33: "Data"
      RenderBlock {P} at (0,426) size 784x22
        RenderText {#text} at (0,0) size 463x22
          text run at (0,0) width 463: "colgroup and col elements, with align on col so 2nd column centered:"
      RenderTable {TABLE} at (0,464) size 705x88 [border: (1px outset #808080)]
        RenderTableCol {COLGROUP} at (0,0) size 0x0
          RenderTableCol {COL} at (0,0) size 0x0
        RenderTableCol {COLGROUP} at (0,0) size 0x0
          RenderTableCol {COL} at (0,0) size 0x0
          RenderTableCol {COL} at (0,0) size 0x0
        RenderTableSection {TBODY} at (1,1) size 703x86
          RenderTableRow {TR} at (0,2) size 703x26
            RenderTableCell {TD} at (2,2) size 231x26 [border: (1px inset #808080)] [r=0 c=0 rs=1 cs=1]
              RenderText {#text} at (2,2) size 33x22
                text run at (2,2) width 33: "Data"
            RenderTableCell {TD} at (235,2) size 232x26 [border: (1px inset #808080)] [r=0 c=1 rs=1 cs=1]
              RenderText {#text} at (2,2) size 33x22
                text run at (2,2) width 33: "Data"
            RenderTableCell {TD} at (469,2) size 232x26 [border: (1px inset #808080)] [r=0 c=2 rs=1 cs=1]
              RenderText {#text} at (2,2) size 33x22
                text run at (2,2) width 33: "Data"
          RenderTableRow {TR} at (0,30) size 703x26
            RenderTableCell {TD} at (2,30) size 231x26 [border: (1px inset #808080)] [r=1 c=0 rs=1 cs=1]
              RenderText {#text} at (2,2) size 33x22
                text run at (2,2) width 33: "Data"
            RenderTableCell {TD} at (235,30) size 232x26 [border: (1px inset #808080)] [r=1 c=1 rs=1 cs=1]
              RenderText {#text} at (2,2) size 33x22
                text run at (2,2) width 33: "Data"
            RenderTableCell {TD} at (469,30) size 232x26 [border: (1px inset #808080)] [r=1 c=2 rs=1 cs=1]
              RenderText {#text} at (2,2) size 33x22
                text run at (2,2) width 33: "Data"
          RenderTableRow {TR} at (0,58) size 703x26
            RenderTableCell {TD} at (2,58) size 231x26 [border: (1px inset #808080)] [r=2 c=0 rs=1 cs=1]
              RenderText {#text} at (2,2) size 33x22
                text run at (2,2) width 33: "Data"
            RenderTableCell {TD} at (235,58) size 232x26 [border: (1px inset #808080)] [r=2 c=1 rs=1 cs=1]
              RenderText {#text} at (2,2) size 33x22
                text run at (2,2) width 33: "Data"
            RenderTableCell {TD} at (469,58) size 232x26 [border: (1px inset #808080)] [r=2 c=2 rs=1 cs=1]
              RenderText {#text} at (2,2) size 33x22
                text run at (2,2) width 33: "Data"
