layer at (0,0) size 800x600
  RenderView at (0,0) size 800x600
layer at (0,0) size 800x600
  RenderBlock {HTML} at (0,0) size 800x600
    RenderBody {BODY} at (8,8) size 784x576 [bgcolor=#FFFFFF]
      RenderBlock {P} at (0,0) size 784x42
        RenderText {#text} at (0,0) size 719x42
          text run at (0,0) width 460: "Click on a link on the left hand column. Also note the overlap of the "
          text run at (460,0) width 259: "text box with the submit button. (And,"
          text run at (0,21) width 259: "removing the font tag that is wrapped "
          text run at (259,21) width 253: "around the text box clears up layout)."
      RenderBlock (anonymous) at (0,58) size 784x21
        RenderBR {BR} at (0,0) size 0x21
      RenderBlock {FORM} at (0,79) size 784x136
        RenderBlock {CENTER} at (0,0) size 784x136
          RenderTable {TABLE} at (92,0) size 600x136 [bgcolor=#EEEEEE] [border: (1px outset #808080)]
            RenderTableSection {TBODY} at (1,1) size 598x134
              RenderTableRow {TR} at (0,3) size 598x128
                RenderTableCell {TD} at (3,3) size 122x128 [border: (1px inset #808080)] [r=0 c=0 rs=1 cs=1]
                  RenderTable {TABLE} at (4,4) size 114x120 [bgcolor=#FFFFFF] [border: (1px outset #808080)]
                    RenderTableSection {TBODY} at (1,1) size 112x118
                      RenderTableRow {TR} at (0,2) size 112x27
                        RenderTableCell {TD} at (2,2) size 108x27 [bgcolor=#CCCCCC] [border: (1px inset #808080)] [r=0 c=0 rs=1 cs=1]
                          RenderInline {A} at (0,0) size 61x21 [color=#000099]
                            RenderInline {B} at (0,0) size 61x21
                              RenderText {#text} at (3,3) size 61x21
                                text run at (3,3) width 61: "Netscape"
                          RenderText {#text} at (0,0) size 0x0
                      RenderTableRow {TR} at (0,31) size 112x27
                        RenderTableCell {TD} at (2,31) size 108x27 [bgcolor=#FFFFFF] [border: (1px inset #808080)] [r=1 c=0 rs=1 cs=1]
                          RenderInline {A} at (0,0) size 57x21 [color=#000099]
                            RenderInline {B} at (0,0) size 57x21
                              RenderText {#text} at (3,3) size 57x21
                                text run at (3,3) width 57: "Infoseek"
                          RenderText {#text} at (0,0) size 0x0
                      RenderTableRow {TR} at (0,60) size 112x27
                        RenderTableCell {TD} at (2,60) size 108x27 [bgcolor=#FFFFFF] [border: (1px inset #808080)] [r=2 c=0 rs=1 cs=1]
                          RenderInline {A} at (0,0) size 78x21 [color=#000099]
                            RenderInline {B} at (0,0) size 78x21
                              RenderText {#text} at (3,3) size 78x21
                                text run at (3,3) width 78: "LookSmart"
                          RenderText {#text} at (0,0) size 0x0
                      RenderTableRow {TR} at (0,89) size 112x27
                        RenderTableCell {TD} at (2,89) size 108x27 [bgcolor=#FFFFFF] [border: (1px inset #808080)] [r=3 c=0 rs=1 cs=1]
                          RenderInline {A} at (0,0) size 65x21 [color=#000099]
                            RenderInline {B} at (0,0) size 65x21
                              RenderText {#text} at (3,3) size 65x21
                                text run at (3,3) width 65: "Directory"
                          RenderText {#text} at (0,0) size 0x0
                RenderTableCell {TD} at (128,18) size 467x98 [bgcolor=#CCCCCC] [border: (1px inset #808080)] [r=0 c=1 rs=1 cs=1]
                  RenderTable {TABLE} at (4,4) size 459x90 [border: (1px outset #808080)]
                    RenderTableSection {TBODY} at (1,1) size 457x88
                      RenderTableRow {TR} at (0,4) size 457x45
                        RenderTableCell {TD} at (4,4) size 346x34 [border: (1px inset #808080)] [r=0 c=0 rs=1 cs=3]
                          RenderInline {FONT} at (0,0) size 304x16
                            RenderText {#text} at (0,0) size 0x0
                            RenderTextControl {INPUT} at (7,7) size 300x20
                            RenderText {#text} at (0,0) size 0x0
                          RenderText {#text} at (0,0) size 0x0
                        RenderTableCell {TD} at (354,4) size 99x45 [border: (1px inset #808080)] [r=0 c=3 rs=1 cs=1]
                          RenderButton {INPUT} at (7,7) size 63x31 [bgcolor=#C0C0C0]
                            RenderBlock (anonymous) at (6,6) size 51x20
                              RenderText at (0,0) size 51x20
                                text run at (0,0) width 51: "Search"
                          RenderText {#text} at (0,0) size 0x0
                      RenderTableRow {TR} at (0,53) size 457x31
                        RenderTableCell {TD} at (4,53) size 112x31 [border: (1px inset #808080)] [r=1 c=0 rs=1 cs=1]
                          RenderText {#text} at (5,5) size 28x21
                            text run at (5,5) width 28: "asdf"
                        RenderTableCell {TD} at (120,53) size 113x31 [border: (1px inset #808080)] [r=1 c=1 rs=1 cs=1]
                          RenderText {#text} at (5,5) size 28x21
                            text run at (5,5) width 28: "asdf"
                        RenderTableCell {TD} at (237,53) size 113x31 [border: (1px inset #808080)] [r=1 c=2 rs=1 cs=1]
                          RenderText {#text} at (5,5) size 28x21
                            text run at (5,5) width 28: "asdf"
                        RenderTableCell {TD} at (354,53) size 99x31 [border: (1px inset #808080)] [r=1 c=3 rs=1 cs=1]
                          RenderText {#text} at (5,5) size 28x21
                            text run at (5,5) width 28: "asdf"
layer at (247,124) size 296x16
  RenderBlock {DIV} at (2,2) size 296x16
