layer at (0,0) size 800x600
  RenderView at (0,0) size 800x600
layer at (0,0) size 800x600
  RenderBlock {HTML} at (0,0) size 800x600
    RenderBody {BODY} at (8,8) size 784x584
      RenderTable {TABLE} at (0,0) size 784x88
        RenderTableSection {TBODY} at (0,0) size 784x88
          RenderTableRow {TR} at (0,2) size 784x30
            RenderTableCell {TD} at (2,2) size 780x30 [r=0 c=0 rs=1 cs=1]
              RenderTable {TABLE} at (1,1) size 778x28
                RenderTableSection {TBODY} at (0,0) size 778x28
                  RenderTableRow {TR} at (0,2) size 778x24
                    RenderTableCell {TD} at (2,2) size 774x24 [r=0 c=0 rs=1 cs=1]
                      RenderText {#text} at (1,1) size 254x22
                        text run at (1,1) width 254: "text below cant break out of this table"
          RenderTableRow {TR} at (0,34) size 784x52
            RenderTableCell {TD} at (2,34) size 780x52 [r=1 c=0 rs=1 cs=1]
              RenderTable {TABLE} at (1,1) size 778x50
                RenderTableSection {TBODY} at (0,0) size 778x50
                  RenderTableRow {TR} at (0,2) size 778x46
                    RenderTableCell {TD} at (2,2) size 774x46 [r=0 c=0 rs=1 cs=1]
                      RenderText {#text} at (1,1) size 766x44
                        text run at (1,1) width 595: "Text Text Text Text Text Text Text Text Text Text Text Text Text Text Text Text Text "
                        text run at (596,1) width 171: "Text Text Text Text Text"
                        text run at (1,23) width 416: "Text Text Text Text Text Text Text Text Text Text Text Text"
