layer at (0,0) size 800x600
  RenderView at (0,0) size 800x600
layer at (0,0) size 800x44
  RenderBlock {doc} at (0,0) size 800x44
    RenderInline {p} at (0,0) size 780x22
      RenderText {#text} at (0,0) size 780x22
        text run at (0,0) width 780: "The following text is in a caption element whose style is set to display:table-caption. The element is not inside a table."
    RenderText {#text} at (0,0) size 0x0
    RenderInline {captionelement} at (0,0) size 170x22
      RenderText {#text} at (0,22) size 170x22
        text run at (0,22) width 170: "This is a caption element."
    RenderText {#text} at (170,22) size 4x22
      text run at (170,22) width 4: " "
    RenderInline {p} at (0,0) size 591x22
      RenderText {#text} at (174,22) size 591x22
        text run at (174,22) width 591: "If there's no red text between this text and the previous text the caption is not displayed."
    RenderText {#text} at (0,0) size 0x0
