layer at (0,0) size 800x600
  RenderView at (0,0) size 800x600
layer at (0,0) size 800x184
  RenderBlock {HTML} at (0,0) size 800x184
    RenderBody {BODY} at (8,8) size 784x168
      RenderTable {TABLE} at (0,0) size 200x144 [bgcolor=#008000]
        RenderTableSection {TBODY} at (0,0) size 200x144
          RenderTableRow {TR} at (0,60) size 200x24 [bgcolor=#FF0000]
            RenderTableCell {TD} at (60,60) size 80x24 [r=0 c=0 rs=1 cs=1]
              RenderText {#text} at (1,1) size 21x22
                text run at (1,1) width 21: "foo"
      RenderBlock {DIV} at (0,144) size 262x24 [border: (1px solid #000000)]
        RenderText {#text} at (1,1) size 41x22
          text run at (1,1) width 41: "260px"
