layer at (0,0) size 784x603
  RenderView at (0,0) size 784x600
layer at (0,0) size 784x603
  RenderBlock {HTML} at (0,0) size 784x603
    RenderBody {BODY} at (8,8) size 768x587
      RenderBlock {P} at (0,0) size 768x42
        RenderText {#text} at (0,0) size 535x21
          text run at (0,0) width 454: "there's a table below this line with cellspacing=1 and border=2 and "
          text run at (454,0) width 81: "several lines"
        RenderBR {BR} at (535,16) size 0x0
        RenderText {#text} at (0,21) size 440x21
          text run at (0,21) width 440: "of content beginning 'Pacific Shore Properties ...'. Can you see it?"
      RenderTable {TABLE} at (0,58) size 760x529 [border: (2px outset #808080)]
        RenderTableSection {TBODY} at (2,2) size 756x525
          RenderTableRow {TR} at (0,1) size 756x76
            RenderTableCell {TD} at (1,1) size 754x217 [bgcolor=#FFFFFF] [border: (1px inset #808080)] [r=0 c=0 rs=4 cs=2]
              RenderBlock {P} at (5,5) size 744x47
                RenderInline {FONT} at (0,0) size 24x32 [color=#E91C05]
                  RenderText {#text} at (0,0) size 24x32
                    text run at (0,0) width 24: "W"
                RenderInline {B} at (0,0) size 230x21
                  RenderInline {FONT} at (0,0) size 230x21 [color=#E91C05]
                    RenderText {#text} at (24,8) size 230x21
                      text run at (24,8) width 230: "elcome to Pacific Shore Properties"
                    RenderBR {BR} at (254,24) size 0x0
                RenderInline {FONT} at (0,0) size 362x16
                  RenderText {#text} at (0,31) size 362x16
                    text run at (0,31) width 362: "Pacific Shore Properties is situated on beautiful Mayne Island."
              RenderBlock {P} at (5,68) size 744x48
                RenderInline {FONT} at (0,0) size 742x48
                  RenderText {#text} at (0,0) size 742x32
                    text run at (0,0) width 742: "Mayne Island is one of the southern Gulf Islands, off the coast of British Columbia, Canada, between Vancouver and Vancouver"
                    text run at (0,16) width 39: "Island."
                  RenderBR {BR} at (39,29) size 0x0
                  RenderText {#text} at (0,32) size 86x16
                    text run at (0,32) width 86: "(See map: left)"
              RenderBlock {P} at (5,132) size 744x80
                RenderInline {FONT} at (0,0) size 720x80
                  RenderText {#text} at (0,0) size 713x32
                    text run at (0,0) width 713: "Pacific Shore Properties specializes in the diverse properties of the Southern Gulf Islands; which include Beach, Business,"
                    text run at (0,16) width 292: "View, Acreage, Home, Retirement and Recreation."
                  RenderBR {BR} at (292,29) size 0x0
                  RenderBR {BR} at (0,32) size 0x16
                  RenderText {#text} at (0,48) size 720x32
                    text run at (0,48) width 720: "In business for over 35 years, and the oldest real estate company on Mayne Island, Pacific Shore Properties knowledge and"
                    text run at (0,64) width 253: "expertise on the Gulf Islands is unmatched."
              RenderBlock {P} at (5,228) size 744x0
          RenderTableRow {TR} at (0,78) size 756x76
          RenderTableRow {TR} at (0,155) size 756x77
          RenderTableRow {TR} at (0,233) size 756x291
