layer at (0,0) size 800x600
  RenderView at (0,0) size 800x600
layer at (0,0) size 800x600
  RenderBlock {HTML} at (0,0) size 800x600
    RenderBody {BODY} at (8,8) size 784x584
      RenderTable {TABLE} at (0,0) size 111x60 [border: (1px solid #FF0000)]
        RenderTableSection {TBODY} at (1,1) size 109x58
          RenderTableRow {TR} at (0,2) size 109x26
            RenderTableCell {TD} at (2,2) size 33x26 [border: (1px solid #008000)] [r=0 c=0 rs=1 cs=1]
              RenderText {#text} at (2,2) size 24x22
                text run at (2,2) width 24: "one"
            RenderTableCell {TD} at (37,2) size 29x26 [border: (1px solid #FF0000)] [r=0 c=1 rs=1 cs=1]
              RenderText {#text} at (2,2) size 25x22
                text run at (2,2) width 25: "two"
            RenderTableCell {TD} at (68,2) size 39x26 [border: (1px solid #0000FF)] [r=0 c=2 rs=1 cs=1]
              RenderText {#text} at (2,2) size 35x22
                text run at (2,2) width 35: "three"
          RenderTableRow {TR} at (0,30) size 109x26
            RenderTableCell {TD} at (2,30) size 33x26 [border: (1px solid #008000)] [r=1 c=0 rs=1 cs=1]
              RenderText {#text} at (2,2) size 29x22
                text run at (2,2) width 29: "four"
            RenderTableCell {TD} at (37,30) size 29x26 [border: (1px solid #FFFF00)] [r=1 c=1 rs=1 cs=1]
              RenderText {#text} at (2,2) size 24x22
                text run at (2,2) width 24: "five"
            RenderTableCell {TD} at (68,30) size 39x26 [border: (1px solid #FFA500)] [r=1 c=2 rs=1 cs=1]
              RenderText {#text} at (2,2) size 18x22
                text run at (2,2) width 18: "six"
      RenderBlock (anonymous) at (0,60) size 784x22
        RenderBR {BR} at (0,0) size 0x22
      RenderTable {TABLE} at (0,82) size 111x60 [border: (1px solid #FF0000)]
        RenderTableSection {TBODY} at (1,1) size 109x58
          RenderTableRow {TR} at (0,2) size 109x26
            RenderTableCell {TD} at (2,2) size 33x26 [border: (1px solid #008000)] [r=0 c=0 rs=1 cs=1]
              RenderText {#text} at (2,2) size 24x22
                text run at (2,2) width 24: "one"
            RenderTableCell {TD} at (37,2) size 29x26 [border: (1px solid #FF0000)] [r=0 c=1 rs=1 cs=1]
              RenderText {#text} at (2,2) size 25x22
                text run at (2,2) width 25: "two"
            RenderTableCell {TD} at (68,2) size 39x26 [border: (1px solid #0000FF)] [r=0 c=2 rs=1 cs=1]
              RenderText {#text} at (2,2) size 35x22
                text run at (2,2) width 35: "three"
          RenderTableRow {TR} at (0,30) size 109x26
            RenderTableCell {TD} at (2,30) size 33x26 [border: (1px solid #008000)] [r=1 c=0 rs=1 cs=1]
              RenderText {#text} at (2,2) size 29x22
                text run at (2,2) width 29: "four"
            RenderTableCell {TD} at (37,30) size 29x26 [border: (1px solid #FFFF00)] [r=1 c=1 rs=1 cs=1]
              RenderText {#text} at (2,2) size 24x22
                text run at (2,2) width 24: "five"
            RenderTableCell {TD} at (68,30) size 39x26 [border: (1px solid #FFA500)] [r=1 c=2 rs=1 cs=1]
              RenderText {#text} at (2,2) size 18x22
                text run at (2,2) width 18: "six"
      RenderBlock (anonymous) at (0,142) size 784x44
        RenderBR {BR} at (0,0) size 0x22
        RenderText {#text} at (0,22) size 247x22
          text run at (0,22) width 247: "should be 2px solid red around table"
      RenderTable {TABLE} at (0,186) size 77x34 [border: (2px solid #FF0000)]
        RenderTableSection {TBODY} at (2,2) size 73x30
          RenderTableRow {TR} at (0,2) size 73x26
            RenderTableCell {TD} at (2,2) size 32x26 [border: (1px inset #FF0000)] [r=0 c=0 rs=1 cs=1]
              RenderText {#text} at (2,2) size 28x22
                text run at (2,2) width 28: "One"
            RenderTableCell {TD} at (36,2) size 35x26 [border: (1px inset #FF0000)] [r=0 c=1 rs=1 cs=1]
              RenderText {#text} at (2,2) size 31x22
                text run at (2,2) width 31: "Two"
      RenderBlock (anonymous) at (0,220) size 784x44
        RenderBR {BR} at (0,0) size 0x22
        RenderText {#text} at (0,22) size 277x22
          text run at (0,22) width 277: "should be medium solid red around table"
      RenderTable {TABLE} at (0,264) size 79x36 [border: (3px solid #FF0000)]
        RenderTableSection {TBODY} at (3,3) size 73x30
          RenderTableRow {TR} at (0,2) size 73x26
            RenderTableCell {TD} at (2,2) size 32x26 [border: (1px inset #FF0000)] [r=0 c=0 rs=1 cs=1]
              RenderText {#text} at (2,2) size 28x22
                text run at (2,2) width 28: "One"
            RenderTableCell {TD} at (36,2) size 35x26 [border: (1px inset #FF0000)] [r=0 c=1 rs=1 cs=1]
              RenderText {#text} at (2,2) size 31x22
                text run at (2,2) width 31: "Two"
