layer at (0,0) size 784x1516
  RenderView at (0,0) size 784x600
layer at (0,0) size 784x1516
  RenderBlock {HTML} at (0,0) size 784x1516
    RenderBody {BODY} at (8,8) size 768x1500
      RenderTable {TABLE} at (0,0) size 239x500
        RenderTableSection {TBODY} at (0,0) size 239x500
          RenderTableRow {TR} at (0,2) size 239x23
            RenderTableCell {TD} at (2,2) size 235x23 [r=0 c=0 rs=1 cs=1]
              RenderText {#text} at (1,1) size 233x21
                text run at (1,1) width 233: "Occasional height/width on images"
          RenderTableRow {TR} at (0,27) size 239x34
            RenderTableCell {TD} at (2,27) size 235x34 [r=1 c=0 rs=1 cs=1]
              RenderImage {IMG} at (1,1) size 75x32
          RenderTableRow {TR} at (0,63) size 239x24
            RenderTableCell {TD} at (2,63) size 235x24 [r=2 c=0 rs=1 cs=1]
              RenderImage {IMG} at (1,1) size 44x22
          RenderTableRow {TR} at (0,89) size 239x15
            RenderTableCell {TD} at (2,89) size 235x15 [r=3 c=0 rs=1 cs=1]
              RenderImage {IMG} at (1,1) size 89x13
          RenderTableRow {TR} at (0,106) size 239x15
            RenderTableCell {TD} at (2,106) size 235x15 [r=4 c=0 rs=1 cs=1]
              RenderImage {IMG} at (1,1) size 89x13
          RenderTableRow {TR} at (0,123) size 239x31
            RenderTableCell {TD} at (2,123) size 235x31 [r=5 c=0 rs=1 cs=1]
              RenderImage {IMG} at (1,1) size 31x29
          RenderTableRow {TR} at (0,156) size 239x23
            RenderTableCell {TD} at (2,156) size 235x23 [r=6 c=0 rs=1 cs=1]
              RenderImage {IMG} at (1,1) size 62x21
          RenderTableRow {TR} at (0,181) size 239x17
            RenderTableCell {TD} at (2,181) size 235x17 [r=7 c=0 rs=1 cs=1]
              RenderImage {IMG} at (1,1) size 70x15
          RenderTableRow {TR} at (0,200) size 239x28
            RenderTableCell {TD} at (2,200) size 235x28 [r=8 c=0 rs=1 cs=1]
              RenderImage {IMG} at (1,1) size 42x26
          RenderTableRow {TR} at (0,230) size 239x17
            RenderTableCell {TD} at (2,230) size 235x17 [r=9 c=0 rs=1 cs=1]
              RenderImage {IMG} at (1,1) size 84x15
          RenderTableRow {TR} at (0,249) size 239x17
            RenderTableCell {TD} at (2,249) size 235x17 [r=10 c=0 rs=1 cs=1]
              RenderImage {IMG} at (1,1) size 90x15
          RenderTableRow {TR} at (0,268) size 239x34
            RenderTableCell {TD} at (2,268) size 235x34 [r=11 c=0 rs=1 cs=1]
              RenderImage {IMG} at (1,1) size 59x32
          RenderTableRow {TR} at (0,304) size 239x17
            RenderTableCell {TD} at (2,304) size 235x17 [r=12 c=0 rs=1 cs=1]
              RenderImage {IMG} at (1,1) size 90x15
          RenderTableRow {TR} at (0,323) size 239x17
            RenderTableCell {TD} at (2,323) size 235x17 [r=13 c=0 rs=1 cs=1]
              RenderImage {IMG} at (1,1) size 90x15
          RenderTableRow {TR} at (0,342) size 239x21
            RenderTableCell {TD} at (2,342) size 235x21 [r=14 c=0 rs=1 cs=1]
              RenderImage {IMG} at (1,1) size 83x19
          RenderTableRow {TR} at (0,365) size 239x33
            RenderTableCell {TD} at (2,365) size 235x33 [r=15 c=0 rs=1 cs=1]
              RenderImage {IMG} at (1,1) size 54x31
          RenderTableRow {TR} at (0,400) size 239x27
            RenderTableCell {TD} at (2,400) size 235x27 [r=16 c=0 rs=1 cs=1]
              RenderImage {IMG} at (1,1) size 56x25
          RenderTableRow {TR} at (0,429) size 239x17
            RenderTableCell {TD} at (2,429) size 235x17 [r=17 c=0 rs=1 cs=1]
              RenderImage {IMG} at (1,1) size 53x15
          RenderTableRow {TR} at (0,448) size 239x31
            RenderTableCell {TD} at (2,448) size 235x31 [r=18 c=0 rs=1 cs=1]
              RenderImage {IMG} at (1,1) size 31x29
          RenderTableRow {TR} at (0,481) size 239x17
            RenderTableCell {TD} at (2,481) size 235x17 [r=19 c=0 rs=1 cs=1]
              RenderImage {IMG} at (1,1) size 53x15
      RenderTable {TABLE} at (0,500) size 281x500
        RenderTableSection {TBODY} at (0,0) size 281x500
          RenderTableRow {TR} at (0,2) size 281x23
            RenderTableCell {TD} at (2,2) size 277x23 [r=0 c=0 rs=1 cs=1]
              RenderText {#text} at (1,1) size 275x21
                text run at (1,1) width 275: "Images with height/width never specified"
          RenderTableRow {TR} at (0,27) size 281x34
            RenderTableCell {TD} at (2,27) size 277x34 [r=1 c=0 rs=1 cs=1]
              RenderImage {IMG} at (1,1) size 75x32
          RenderTableRow {TR} at (0,63) size 281x24
            RenderTableCell {TD} at (2,63) size 277x24 [r=2 c=0 rs=1 cs=1]
              RenderImage {IMG} at (1,1) size 44x22
          RenderTableRow {TR} at (0,89) size 281x15
            RenderTableCell {TD} at (2,89) size 277x15 [r=3 c=0 rs=1 cs=1]
              RenderImage {IMG} at (1,1) size 89x13
          RenderTableRow {TR} at (0,106) size 281x15
            RenderTableCell {TD} at (2,106) size 277x15 [r=4 c=0 rs=1 cs=1]
              RenderImage {IMG} at (1,1) size 89x13
          RenderTableRow {TR} at (0,123) size 281x31
            RenderTableCell {TD} at (2,123) size 277x31 [r=5 c=0 rs=1 cs=1]
              RenderImage {IMG} at (1,1) size 31x29
          RenderTableRow {TR} at (0,156) size 281x23
            RenderTableCell {TD} at (2,156) size 277x23 [r=6 c=0 rs=1 cs=1]
              RenderImage {IMG} at (1,1) size 62x21
          RenderTableRow {TR} at (0,181) size 281x17
            RenderTableCell {TD} at (2,181) size 277x17 [r=7 c=0 rs=1 cs=1]
              RenderImage {IMG} at (1,1) size 70x15
          RenderTableRow {TR} at (0,200) size 281x28
            RenderTableCell {TD} at (2,200) size 277x28 [r=8 c=0 rs=1 cs=1]
              RenderImage {IMG} at (1,1) size 42x26
          RenderTableRow {TR} at (0,230) size 281x17
            RenderTableCell {TD} at (2,230) size 277x17 [r=9 c=0 rs=1 cs=1]
              RenderImage {IMG} at (1,1) size 84x15
          RenderTableRow {TR} at (0,249) size 281x17
            RenderTableCell {TD} at (2,249) size 277x17 [r=10 c=0 rs=1 cs=1]
              RenderImage {IMG} at (1,1) size 90x15
          RenderTableRow {TR} at (0,268) size 281x34
            RenderTableCell {TD} at (2,268) size 277x34 [r=11 c=0 rs=1 cs=1]
              RenderImage {IMG} at (1,1) size 59x32
          RenderTableRow {TR} at (0,304) size 281x17
            RenderTableCell {TD} at (2,304) size 277x17 [r=12 c=0 rs=1 cs=1]
              RenderImage {IMG} at (1,1) size 90x15
          RenderTableRow {TR} at (0,323) size 281x17
            RenderTableCell {TD} at (2,323) size 277x17 [r=13 c=0 rs=1 cs=1]
              RenderImage {IMG} at (1,1) size 90x15
          RenderTableRow {TR} at (0,342) size 281x21
            RenderTableCell {TD} at (2,342) size 277x21 [r=14 c=0 rs=1 cs=1]
              RenderImage {IMG} at (1,1) size 83x19
          RenderTableRow {TR} at (0,365) size 281x33
            RenderTableCell {TD} at (2,365) size 277x33 [r=15 c=0 rs=1 cs=1]
              RenderImage {IMG} at (1,1) size 54x31
          RenderTableRow {TR} at (0,400) size 281x27
            RenderTableCell {TD} at (2,400) size 277x27 [r=16 c=0 rs=1 cs=1]
              RenderImage {IMG} at (1,1) size 56x25
          RenderTableRow {TR} at (0,429) size 281x17
            RenderTableCell {TD} at (2,429) size 277x17 [r=17 c=0 rs=1 cs=1]
              RenderImage {IMG} at (1,1) size 53x15
          RenderTableRow {TR} at (0,448) size 281x31
            RenderTableCell {TD} at (2,448) size 277x31 [r=18 c=0 rs=1 cs=1]
              RenderImage {IMG} at (1,1) size 31x29
          RenderTableRow {TR} at (0,481) size 281x17
            RenderTableCell {TD} at (2,481) size 277x17 [r=19 c=0 rs=1 cs=1]
              RenderImage {IMG} at (1,1) size 53x15
      RenderTable {TABLE} at (0,1000) size 289x500
        RenderTableSection {TBODY} at (0,0) size 289x500
          RenderTableRow {TR} at (0,2) size 289x23
            RenderTableCell {TD} at (2,2) size 285x23 [r=0 c=0 rs=1 cs=1]
              RenderText {#text} at (1,1) size 283x21
                text run at (1,1) width 283: "Images with height/width always specified"
          RenderTableRow {TR} at (0,27) size 289x34
            RenderTableCell {TD} at (2,27) size 285x34 [r=1 c=0 rs=1 cs=1]
              RenderImage {IMG} at (1,1) size 75x32
          RenderTableRow {TR} at (0,63) size 289x24
            RenderTableCell {TD} at (2,63) size 285x24 [r=2 c=0 rs=1 cs=1]
              RenderImage {IMG} at (1,1) size 44x22
          RenderTableRow {TR} at (0,89) size 289x15
            RenderTableCell {TD} at (2,89) size 285x15 [r=3 c=0 rs=1 cs=1]
              RenderImage {IMG} at (1,1) size 89x13
          RenderTableRow {TR} at (0,106) size 289x15
            RenderTableCell {TD} at (2,106) size 285x15 [r=4 c=0 rs=1 cs=1]
              RenderImage {IMG} at (1,1) size 89x13
          RenderTableRow {TR} at (0,123) size 289x31
            RenderTableCell {TD} at (2,123) size 285x31 [r=5 c=0 rs=1 cs=1]
              RenderImage {IMG} at (1,1) size 31x29
          RenderTableRow {TR} at (0,156) size 289x23
            RenderTableCell {TD} at (2,156) size 285x23 [r=6 c=0 rs=1 cs=1]
              RenderImage {IMG} at (1,1) size 62x21
          RenderTableRow {TR} at (0,181) size 289x17
            RenderTableCell {TD} at (2,181) size 285x17 [r=7 c=0 rs=1 cs=1]
              RenderImage {IMG} at (1,1) size 70x15
          RenderTableRow {TR} at (0,200) size 289x28
            RenderTableCell {TD} at (2,200) size 285x28 [r=8 c=0 rs=1 cs=1]
              RenderImage {IMG} at (1,1) size 42x26
          RenderTableRow {TR} at (0,230) size 289x17
            RenderTableCell {TD} at (2,230) size 285x17 [r=9 c=0 rs=1 cs=1]
              RenderImage {IMG} at (1,1) size 84x15
          RenderTableRow {TR} at (0,249) size 289x17
            RenderTableCell {TD} at (2,249) size 285x17 [r=10 c=0 rs=1 cs=1]
              RenderImage {IMG} at (1,1) size 90x15
          RenderTableRow {TR} at (0,268) size 289x34
            RenderTableCell {TD} at (2,268) size 285x34 [r=11 c=0 rs=1 cs=1]
              RenderImage {IMG} at (1,1) size 59x32
          RenderTableRow {TR} at (0,304) size 289x17
            RenderTableCell {TD} at (2,304) size 285x17 [r=12 c=0 rs=1 cs=1]
              RenderImage {IMG} at (1,1) size 90x15
          RenderTableRow {TR} at (0,323) size 289x17
            RenderTableCell {TD} at (2,323) size 285x17 [r=13 c=0 rs=1 cs=1]
              RenderImage {IMG} at (1,1) size 90x15
          RenderTableRow {TR} at (0,342) size 289x21
            RenderTableCell {TD} at (2,342) size 285x21 [r=14 c=0 rs=1 cs=1]
              RenderImage {IMG} at (1,1) size 83x19
          RenderTableRow {TR} at (0,365) size 289x33
            RenderTableCell {TD} at (2,365) size 285x33 [r=15 c=0 rs=1 cs=1]
              RenderImage {IMG} at (1,1) size 54x31
          RenderTableRow {TR} at (0,400) size 289x27
            RenderTableCell {TD} at (2,400) size 285x27 [r=16 c=0 rs=1 cs=1]
              RenderImage {IMG} at (1,1) size 56x25
          RenderTableRow {TR} at (0,429) size 289x17
            RenderTableCell {TD} at (2,429) size 285x17 [r=17 c=0 rs=1 cs=1]
              RenderImage {IMG} at (1,1) size 53x15
          RenderTableRow {TR} at (0,448) size 289x31
            RenderTableCell {TD} at (2,448) size 285x31 [r=18 c=0 rs=1 cs=1]
              RenderImage {IMG} at (1,1) size 31x29
          RenderTableRow {TR} at (0,481) size 289x17
            RenderTableCell {TD} at (2,481) size 285x17 [r=19 c=0 rs=1 cs=1]
              RenderImage {IMG} at (1,1) size 53x15
