layer at (0,0) size 800x600
  RenderView at (0,0) size 800x600
layer at (0,0) size 800x600
  RenderBlock {HTML} at (0,0) size 800x600
    RenderBody {BODY} at (8,8) size 784x584
      RenderTable {TABLE} at (0,0) size 784x311 [border: (4px solid #0000FF)]
        RenderTableSection {TBODY} at (4,4) size 776x303
          RenderTableRow {TR} at (0,2) size 776x299
            RenderTableCell {TD} at (2,2) size 600x125 [border: (1px solid #0000FF)] [r=0 c=0 rs=1 cs=1]
              RenderTable {TABLE} at (2,2) size 596x121 [border: (4px solid #008000)]
                RenderTableSection {TBODY} at (4,4) size 588x113
                  RenderTableRow {TR} at (0,2) size 588x109
                    RenderTableCell {TD} at (2,2) size 584x109 [border: (1px solid #008000)] [r=0 c=0 rs=1 cs=1]
                      RenderText {#text} at (2,2) size 574x105
                        text run at (2,2) width 567: "this is a bunch of text. this is a bunch of text. this is a bunch of text. this is a bunch of"
                        text run at (2,23) width 536: "text. this is a bunch of text. this is a bunch of text. this is a bunch of text. this is a"
                        text run at (2,44) width 97: "bunch of text. "
                        text run at (99,44) width 477: "this is a bunch of text. this is a bunch of text. this is a bunch of text. this"
                        text run at (2,65) width 572: "is a bunch of text. this is a bunch of text. this is a bunch of text. this is a bunch of text."
                        text run at (2,86) width 449: "this is a bunch of text. this is a bunch of text. this is a bunch of text."
            RenderTableCell {TD} at (604,2) size 170x299 [border: (1px solid #0000FF)] [r=0 c=1 rs=1 cs=1]
              RenderTable {TABLE} at (2,2) size 166x295 [border: (4px solid #008000)]
                RenderTableSection {TBODY} at (4,4) size 158x287
                  RenderTableRow {TR} at (0,2) size 158x283
                    RenderTableCell {TD} at (2,2) size 154x283 [border: (1px solid #008000)] [r=0 c=0 rs=1 cs=1]
                      RenderBlock (anonymous) at (2,2) size 150x21
                        RenderText {#text} at (0,0) size 125x21
                          text run at (0,0) width 125: "this cell is nowrap."
                      RenderTable {TABLE} at (2,23) size 150x258 [border: (4px solid #FF0000)]
                        RenderTableSection {TBODY} at (4,4) size 142x250
                          RenderTableRow {TR} at (0,2) size 142x246
                            RenderTableCell {TD} at (2,2) size 138x246 [border: (1px solid #FF0000)] [r=0 c=0 rs=1 cs=1]
                              RenderBlock (anonymous) at (2,2) size 134x63
                                RenderText {#text} at (0,0) size 122x63
                                  text run at (0,0) width 122: "this text is in a cell"
                                  text run at (0,21) width 66: "of a table,"
                                  text run at (0,42) width 95: "contained in a"
                              RenderBlock {P} at (2,81) size 134x21
                                RenderInline {B} at (0,0) size 134x21
                                  RenderText {#text} at (0,0) size 134x21
                                    text run at (0,0) width 134: "cell with NOWRAP"
                              RenderBlock (anonymous) at (2,118) size 134x126
                                RenderText {#text} at (0,0) size 133x126
                                  text run at (0,0) width 129: "but this text should"
                                  text run at (0,21) width 45: "wrap! "
                                  text run at (45,21) width 88: "only the bold"
                                  text run at (0,42) width 100: "text should not"
                                  text run at (0,63) width 111: "wrap be cause is"
                                  text run at (0,84) width 109: "contained in a P"
                                  text run at (0,105) width 98: "that's nowrap."
      RenderBlock (anonymous) at (0,311) size 784x42
        RenderBR {BR} at (0,0) size 0x21
        RenderText {#text} at (0,21) size 352x21
          text run at (0,21) width 352: "Tables have a thick border, cells have a thin border."
