layer at (0,0) size 2410x584
  RenderView at (0,0) size 800x584
layer at (0,0) size 800x584
  RenderBlock {HTML} at (0,0) size 800x584
    RenderBody {BODY} at (8,8) size 784x568
      RenderBlock (anonymous) at (0,0) size 784x21
        RenderBR {BR} at (0,0) size 0x21
      RenderTable {TABLE} at (0,21) size 324x67 [border: (1px outset #808080)]
        RenderTableSection {TBODY} at (1,1) size 322x65
          RenderTableRow {TR} at (0,0) size 322x65
            RenderTableCell {TD} at (0,0) size 322x65 [border: (1px inset #808080)] [r=0 c=0 rs=1 cs=1]
              RenderText {#text} at (1,1) size 304x63
                text run at (1,1) width 304: "Hotmail's Junk Mail spreading effort just got"
                text run at (1,22) width 49: "better! "
                text run at (50,22) width 244: "Now you can choose from 3 levels of"
                text run at (1,43) width 70: "junk mail!"
      RenderBlock (anonymous) at (0,88) size 784x84
        RenderBR {BR} at (0,0) size 0x21
        RenderBR {BR} at (0,21) size 0x21
        RenderText {#text} at (0,42) size 466x21
          text run at (0,42) width 466: "the next table must overrun the visible part of the view (width=2400) "
        RenderBR {BR} at (0,0) size 0x0
        RenderBR {BR} at (0,63) size 0x21
      RenderTable {TABLE} at (0,172) size 2402x67 [border: (1px outset #808080)]
        RenderTableSection {TBODY} at (1,1) size 2400x65
          RenderTableRow {TR} at (0,0) size 2400x65
            RenderTableCell {TD} at (0,0) size 2400x65 [border: (1px inset #808080)] [r=0 c=0 rs=1 cs=1]
              RenderText {#text} at (1,1) size 2390x63
                text run at (1,1) width 357: "Hotmail's Junk Mail spreading effort just got better! "
                text run at (358,1) width 322: "Now you can choose from 3 levels of junk mail! "
                text run at (680,1) width 357: "Hotmail's Junk Mail spreading effort just got better! "
                text run at (1037,1) width 322: "Now you can choose from 3 levels of junk mail! "
                text run at (1359,1) width 357: "Hotmail's Junk Mail spreading effort just got better! "
                text run at (1716,1) width 322: "Now you can choose from 3 levels of junk mail! "
                text run at (2038,1) width 353: "Hotmail's Junk Mail spreading effort just got better!"
                text run at (1,22) width 322: "Now you can choose from 3 levels of junk mail! "
                text run at (323,22) width 357: "Hotmail's Junk Mail spreading effort just got better! "
                text run at (680,22) width 322: "Now you can choose from 3 levels of junk mail! "
                text run at (1002,22) width 357: "Hotmail's Junk Mail spreading effort just got better! "
                text run at (1359,22) width 322: "Now you can choose from 3 levels of junk mail! "
                text run at (1681,22) width 357: "Hotmail's Junk Mail spreading effort just got better! "
                text run at (2038,22) width 318: "Now you can choose from 3 levels of junk mail!"
                text run at (1,43) width 357: "Hotmail's Junk Mail spreading effort just got better! "
                text run at (358,43) width 322: "Now you can choose from 3 levels of junk mail! "
                text run at (680,43) width 357: "Hotmail's Junk Mail spreading effort just got better! "
                text run at (1037,43) width 322: "Now you can choose from 3 levels of junk mail! "
                text run at (1359,43) width 357: "Hotmail's Junk Mail spreading effort just got better! "
                text run at (1716,43) width 318: "Now you can choose from 3 levels of junk mail!"
