layer at (0,0) size 800x600
  RenderView at (0,0) size 800x600
layer at (0,0) size 800x600
  RenderBlock {HTML} at (0,0) size 800x600
    RenderBody {BODY} at (8,8) size 784x584
      RenderBlock (anonymous) at (0,0) size 784x22
        RenderText {#text} at (0,0) size 112x22
          text run at (0,0) width 112: "table height=200"
      RenderTable {TABLE} at (0,22) size 119x200 [border: (1px outset #808080)]
        RenderTableSection {TBODY} at (1,1) size 117x198
          RenderTableRow {TR} at (0,2) size 117x156
            RenderTableCell {TD} at (2,67) size 113x26 [border: (1px inset #808080)] [r=0 c=0 rs=1 cs=1]
              RenderText {#text} at (2,2) size 109x22
                text run at (2,2) width 109: "80% height row"
          RenderTableRow {TR} at (0,160) size 117x36
            RenderTableCell {TD} at (2,165) size 113x26 [border: (1px inset #808080)] [r=1 c=0 rs=1 cs=1]
              RenderText {#text} at (2,2) size 109x22
                text run at (2,2) width 109: "80% height row"
      RenderBlock (anonymous) at (0,222) size 784x44
        RenderBR {BR} at (0,0) size 0x22
        RenderText {#text} at (0,22) size 112x22
          text run at (0,22) width 112: "table height=200"
      RenderTable {TABLE} at (0,266) size 111x306 [border: (1px outset #808080)]
        RenderTableSection {TBODY} at (1,1) size 109x304
          RenderTableRow {TR} at (0,2) size 109x300
            RenderTableCell {TD} at (2,139) size 105x26 [border: (1px inset #808080)] [r=0 c=0 rs=1 cs=1]
              RenderText {#text} at (2,2) size 101x22
                text run at (2,2) width 101: "400 height row"
