layer at (0,0) size 800x600
  RenderView at (0,0) size 800x600
layer at (0,0) size 800x600
  RenderBlock {HTML} at (0,0) size 800x600
    RenderBody {BODY} at (8,8) size 784x584 [bgcolor=#FFFFFF]
      RenderInline {A} at (0,0) size 67x22 [color=#0000EE]
        RenderText {#text} at (0,0) size 67x22
          text run at (0,0) width 67: "Hide Blue"
      RenderText {#text} at (67,0) size 12x22
        text run at (67,0) width 12: "   "
      RenderInline {A} at (0,0) size 73x22 [color=#0000EE]
        RenderText {#text} at (79,0) size 73x22
          text run at (79,0) width 73: "Show Blue"
      RenderText {#text} at (152,0) size 12x22
        text run at (152,0) width 12: "   "
      RenderBR {BR} at (0,0) size 0x0
      RenderText {#text} at (0,22) size 193x22
        text run at (0,22) width 193: "Should not see the blue table"
      RenderBR {BR} at (193,38) size 0x0
      RenderBR {BR} at (0,44) size 0x22
