layer at (0,0) size 800x600
  RenderView at (0,0) size 800x600
layer at (0,0) size 800x390
  RenderBlock {HTML} at (0,0) size 800x390
    RenderBody {BODY} at (8,8) size 784x374
      RenderTable {TABLE} at (0,0) size 150x58 [border: (1px outset #808080)]
        RenderTableSection {TBODY} at (1,1) size 148x56
          RenderTableRow {TR} at (0,2) size 148x25
            RenderTableCell {TD} at (2,2) size 75x25 [border: (1px inset #808080)] [r=0 c=0 rs=1 cs=1]
              RenderText {#text} at (2,2) size 71x21
                text run at (2,2) width 71: "rowspan 0"
            RenderTableCell {TD} at (79,2) size 67x25 [border: (1px inset #808080)] [r=0 c=1 rs=1 cs=1]
              RenderText {#text} at (2,2) size 63x21
                text run at (2,2) width 63: "colspan 0"
          RenderTableRow {TR} at (0,29) size 148x25
            RenderTableCell {TD} at (2,29) size 75x25 [border: (1px inset #808080)] [r=1 c=0 rs=1 cs=1]
              RenderText {#text} at (2,2) size 8x21
                text run at (2,2) width 8: "5"
            RenderTableCell {TD} at (79,29) size 67x25 [border: (1px inset #808080)] [r=1 c=1 rs=1 cs=1]
              RenderText {#text} at (2,2) size 8x21
                text run at (2,2) width 8: "6"
      RenderBlock (anonymous) at (0,58) size 784x21
        RenderBR {BR} at (0,0) size 0x21
      RenderTable {TABLE} at (0,79) size 101x58 [border: (1px outset #808080)]
        RenderTableSection {TBODY} at (1,1) size 99x56
          RenderTableRow {TR} at (0,2) size 99x25
            RenderTableCell {TD} at (2,2) size 67x25 [border: (1px inset #808080)] [r=0 c=0 rs=1 cs=1]
              RenderText {#text} at (2,2) size 63x21
                text run at (2,2) width 63: "colspan 0"
            RenderTableCell {TD} at (71,2) size 12x25 [border: (1px inset #808080)] [r=0 c=1 rs=1 cs=1]
              RenderText {#text} at (2,2) size 8x21
                text run at (2,2) width 8: "3"
          RenderTableRow {TR} at (0,29) size 99x25
            RenderTableCell {TD} at (2,29) size 67x25 [border: (1px inset #808080)] [r=1 c=0 rs=1 cs=1]
              RenderText {#text} at (2,2) size 8x21
                text run at (2,2) width 8: "4"
            RenderTableCell {TD} at (71,29) size 12x25 [border: (1px inset #808080)] [r=1 c=1 rs=1 cs=1]
              RenderText {#text} at (2,2) size 8x21
                text run at (2,2) width 8: "5"
            RenderTableCell {TD} at (85,29) size 12x25 [border: (1px inset #808080)] [r=1 c=2 rs=1 cs=1]
              RenderText {#text} at (2,2) size 8x21
                text run at (2,2) width 8: "6"
      RenderBlock (anonymous) at (0,137) size 784x21
        RenderBR {BR} at (0,0) size 0x21
      RenderTable {TABLE} at (0,158) size 176x58 [border: (1px outset #808080)]
        RenderTableSection {TBODY} at (1,1) size 174x56
          RenderTableRow {TR} at (0,2) size 174x25
            RenderTableCell {TD} at (2,2) size 12x25 [border: (1px inset #808080)] [r=0 c=0 rs=1 cs=1]
              RenderText {#text} at (2,2) size 8x21
                text run at (2,2) width 8: "1"
            RenderTableCell {TD} at (16,15) size 142x25 [border: (1px inset #808080)] [r=0 c=1 rs=2 cs=1]
              RenderText {#text} at (2,2) size 138x21
                text run at (2,2) width 138: "rowspan 0 colspan 0"
          RenderTableRow {TR} at (0,29) size 174x25
            RenderTableCell {TD} at (2,29) size 12x25 [border: (1px inset #808080)] [r=1 c=0 rs=1 cs=1]
              RenderText {#text} at (2,2) size 8x21
                text run at (2,2) width 8: "4"
            RenderTableCell {TD} at (160,29) size 12x25 [border: (1px inset #808080)] [r=1 c=2 rs=1 cs=1]
              RenderText {#text} at (2,2) size 8x21
                text run at (2,2) width 8: "6"
      RenderBlock (anonymous) at (0,216) size 784x21
        RenderBR {BR} at (0,0) size 0x21
      RenderTable {TABLE} at (0,237) size 32x58 [border: (1px outset #808080)]
        RenderTableSection {TBODY} at (1,1) size 30x56
          RenderTableRow {TR} at (0,2) size 30x25
            RenderTableCell {TD} at (2,2) size 12x25 [border: (1px inset #808080)] [r=0 c=0 rs=1 cs=1]
              RenderText {#text} at (2,2) size 8x21
                text run at (2,2) width 8: "1"
            RenderTableCell {TD} at (16,15) size 12x25 [border: (1px inset #808080)] [r=0 c=1 rs=2 cs=1]
              RenderText {#text} at (2,2) size 8x21
                text run at (2,2) width 8: "2"
          RenderTableRow {TR} at (0,29) size 30x25
            RenderTableCell {TD} at (2,29) size 12x25 [border: (1px inset #808080)] [r=1 c=0 rs=1 cs=1]
              RenderText {#text} at (2,2) size 8x21
                text run at (2,2) width 8: "3"
      RenderBlock (anonymous) at (0,295) size 784x21
        RenderBR {BR} at (0,0) size 0x21
      RenderTable {TABLE} at (0,316) size 153x58 [border: (1px outset #808080)]
        RenderTableSection {TBODY} at (1,1) size 151x56
          RenderTableRow {TR} at (0,2) size 151x25
            RenderTableCell {TD} at (2,2) size 34x25 [border: (1px inset #808080)] [r=0 c=0 rs=1 cs=1]
              RenderText {#text} at (2,2) size 30x21
                text run at (2,2) width 30: "auto"
            RenderTableCell {TD} at (38,2) size 75x25 [border: (1px inset #808080)] [r=0 c=1 rs=1 cs=1]
              RenderText {#text} at (2,2) size 71x21
                text run at (2,2) width 71: "rowspan 0"
            RenderTableCell {TD} at (115,2) size 34x25 [border: (1px inset #808080)] [r=0 c=2 rs=1 cs=1]
              RenderText {#text} at (2,2) size 30x21
                text run at (2,2) width 30: "auto"
          RenderTableRow {TR} at (0,29) size 151x25
            RenderTableCell {TD} at (2,29) size 34x25 [border: (1px inset #808080)] [r=1 c=0 rs=1 cs=1]
              RenderText {#text} at (2,2) size 30x21
                text run at (2,2) width 30: "auto"
            RenderTableCell {TD} at (38,29) size 75x25 [border: (1px inset #808080)] [r=1 c=1 rs=1 cs=1]
              RenderText {#text} at (2,2) size 30x21
                text run at (2,2) width 30: "auto"
            RenderTableCell {TD} at (115,29) size 34x25 [border: (1px inset #808080)] [r=1 c=2 rs=1 cs=1]
              RenderText {#text} at (2,2) size 30x21
                text run at (2,2) width 30: "auto"
