layer at (0,0) size 800x600
  RenderView at (0,0) size 800x600
layer at (0,0) size 800x600
  RenderBlock {HTML} at (0,0) size 800x600
    RenderBody {BODY} at (8,8) size 784x584
      RenderPartObject {IFRAME} at (0,0) size 300x150
        layer at (0,0) size 296x146
          RenderView at (0,0) size 296x146
        layer at (0,0) size 296x146
          RenderBlock {HTML} at (0,0) size 296x146
            RenderBody {BODY} at (8,8) size 280x130
              RenderText {#text} at (0,0) size 277x48
                text run at (0,0) width 275: "This frame will try to replace the contents of"
                text run at (0,16) width 269: "the frame to the right. If the bug still occurs,"
                text run at (0,32) width 277: "pop-up blocking will prevent it from doing so."
              RenderText {#text} at (0,0) size 0x0
      RenderText {#text} at (300,137) size 4x16
        text run at (300,137) width 4: " "
      RenderPartObject {IFRAME} at (304,0) size 300x150
        layer at (0,0) size 296x146
          RenderView at (0,0) size 296x146
        layer at (0,0) size 296x146
          RenderBlock {HTML} at (0,0) size 296x146
            RenderBody {BODY} at (8,8) size 280x130
              RenderText {#text} at (0,0) size 265x32
                text run at (0,0) width 265: "This text successfully replaced the original"
                text run at (0,16) width 213: "text in the frame. Test succeeded!"
              RenderText {#text} at (0,0) size 0x0
      RenderText {#text} at (0,0) size 0x0
