layer at (0,0) size 800x600
  RenderView at (0,0) size 800x600
layer at (0,0) size 800x600
  RenderBlock {HTML} at (0,0) size 800x600
    RenderBody {BODY} at (8,8) size 784x578
      RenderBlock {UL} at (0,0) size 784x32
        RenderListItem {LI} at (40,0) size 744x32
          RenderListMarker at (-1,0) size 6x16: bullet
          RenderText {#text} at (13,0) size 258x16
            text run at (13,0) width 258: "This list item should have an inside bullet."
          RenderBR {BR} at (271,13) size 0x0
          RenderText {#text} at (0,16) size 239x16
            text run at (0,16) width 239: "This line should begin under the bullet."
