layer at (0,0) size 148x2224
  RenderView at (0,0) size 96x26
layer at (0,0) size 148x2224
  RenderBlock {HTML} at (0,0) size 96x2224
    RenderBody {BODY} at (8,18) size 80x2192
      RenderBlock {H1} at (0,0) size 80x96
        RenderText {#text} at (0,1) size 140x94
          text run at (0,1) width 140: "Shorthand"
          text run at (0,33) width 89: "border"
          text run at (0,65) width 114: "property"
      RenderBlock {P} at (0,114) size 80x118 [color=#008000] [bgcolor=#FFFFFF] [border: (3px solid #008000)]
        RenderText {#text} at (3,3) size 70x112
          text run at (3,3) width 27: "This"
          text run at (3,19) width 66: "paragraph"
          text run at (3,35) width 41: "should"
          text run at (3,51) width 43: "have a"
          text run at (3,67) width 48: "medium"
          text run at (3,83) width 70: "solid green"
          text run at (3,99) width 44: "border."
      RenderBlock {P} at (0,246) size 80x118 [color=#008000] [bgcolor=#FFFFFF] [border: (3px solid #008000)]
        RenderText {#text} at (3,3) size 70x112
          text run at (3,3) width 27: "This"
          text run at (3,19) width 66: "paragraph"
          text run at (3,35) width 41: "should"
          text run at (3,51) width 43: "have a"
          text run at (3,67) width 48: "medium"
          text run at (3,83) width 70: "solid green"
          text run at (3,99) width 44: "border."
      RenderBlock {P} at (0,378) size 80x80 [bgcolor=#FFFFFF]
        RenderText {#text} at (0,0) size 66x80
          text run at (0,0) width 27: "This"
          text run at (0,16) width 66: "paragraph"
          text run at (0,32) width 65: "should not"
          text run at (0,48) width 43: "have a"
          text run at (0,64) width 44: "border."
      RenderBlock {P} at (0,472) size 80x118 [bgcolor=#FFFFFF] [border: (3px solid #000000)]
        RenderText {#text} at (3,3) size 66x96
          text run at (3,3) width 27: "This"
          text run at (3,19) width 66: "paragraph"
          text run at (3,35) width 41: "should"
          text run at (3,51) width 43: "have a"
          text run at (3,67) width 48: "medium"
          text run at (3,83) width 33: "solid "
        RenderInline {EM} at (0,0) size 32x16
          RenderText {#text} at (36,83) size 32x16
            text run at (36,83) width 32: "black"
        RenderText {#text} at (3,99) size 44x16
          text run at (3,99) width 44: "border."
      RenderBlock {P} at (0,604) size 80x80 [bgcolor=#FFFFFF]
        RenderText {#text} at (0,0) size 66x80
          text run at (0,0) width 27: "This"
          text run at (0,16) width 66: "paragraph"
          text run at (0,32) width 65: "should not"
          text run at (0,48) width 43: "have a"
          text run at (0,64) width 44: "border."
      RenderBlock {P} at (0,698) size 80x80 [bgcolor=#FFFFFF]
        RenderText {#text} at (0,0) size 66x80
          text run at (0,0) width 27: "This"
          text run at (0,16) width 66: "paragraph"
          text run at (0,32) width 65: "should not"
          text run at (0,48) width 43: "have a"
          text run at (0,64) width 44: "border."
      RenderBlock {P} at (0,792) size 80x118 [bgcolor=#FFFFFF] [border: (3px solid #000000)]
        RenderText {#text} at (3,3) size 66x96
          text run at (3,3) width 27: "This"
          text run at (3,19) width 66: "paragraph"
          text run at (3,35) width 41: "should"
          text run at (3,51) width 43: "have a"
          text run at (3,67) width 48: "medium"
          text run at (3,83) width 33: "solid "
        RenderInline {EM} at (0,0) size 32x16
          RenderText {#text} at (36,83) size 32x16
            text run at (36,83) width 32: "black"
        RenderText {#text} at (3,99) size 44x16
          text run at (3,99) width 44: "border."
      RenderBlock {P} at (0,924) size 80x118 [bgcolor=#FFFFFF] [border: (3px solid #000000)]
        RenderText {#text} at (3,3) size 66x96
          text run at (3,3) width 27: "This"
          text run at (3,19) width 66: "paragraph"
          text run at (3,35) width 41: "should"
          text run at (3,51) width 43: "have a"
          text run at (3,67) width 48: "medium"
          text run at (3,83) width 33: "solid "
        RenderInline {EM} at (0,0) size 32x16
          RenderText {#text} at (36,83) size 32x16
            text run at (36,83) width 32: "black"
        RenderText {#text} at (3,99) size 44x16
          text run at (3,99) width 44: "border."
      RenderBlock {P} at (0,1056) size 80x118 [bgcolor=#FFFFFF] [border: (3px solid #008000)]
        RenderText {#text} at (3,3) size 70x112
          text run at (3,3) width 27: "This"
          text run at (3,19) width 66: "paragraph"
          text run at (3,35) width 41: "should"
          text run at (3,51) width 43: "have a"
          text run at (3,67) width 48: "medium"
          text run at (3,83) width 70: "solid green"
          text run at (3,99) width 44: "border."
      RenderBlock {P} at (0,1188) size 80x118 [bgcolor=#FFFFFF] [border: (3px solid #008000)]
        RenderText {#text} at (3,3) size 70x112
          text run at (3,3) width 27: "This"
          text run at (3,19) width 66: "paragraph"
          text run at (3,35) width 41: "should"
          text run at (3,51) width 43: "have a"
          text run at (3,67) width 48: "medium"
          text run at (3,83) width 70: "solid green"
          text run at (3,99) width 44: "border."
      RenderBlock {P} at (0,1320) size 80x80 [bgcolor=#FFFFFF]
        RenderText {#text} at (0,0) size 66x80
          text run at (0,0) width 27: "This"
          text run at (0,16) width 66: "paragraph"
          text run at (0,32) width 65: "should not"
          text run at (0,48) width 43: "have a"
          text run at (0,64) width 44: "border."
      RenderBlock {P} at (0,1414) size 80x118 [bgcolor=#FFFFFF] [border: (3px solid #008000)]
        RenderText {#text} at (3,3) size 70x112
          text run at (3,3) width 27: "This"
          text run at (3,19) width 66: "paragraph"
          text run at (3,35) width 41: "should"
          text run at (3,51) width 43: "have a"
          text run at (3,67) width 48: "medium"
          text run at (3,83) width 70: "solid green"
          text run at (3,99) width 44: "border."
      RenderBlock {P} at (0,1546) size 80x118 [bgcolor=#FFFFFF] [border: (3px solid #008000)]
        RenderText {#text} at (3,3) size 70x112
          text run at (3,3) width 27: "This"
          text run at (3,19) width 66: "paragraph"
          text run at (3,35) width 41: "should"
          text run at (3,51) width 43: "have a"
          text run at (3,67) width 48: "medium"
          text run at (3,83) width 70: "solid green"
          text run at (3,99) width 44: "border."
      RenderBlock {P} at (0,1678) size 80x118 [bgcolor=#FFFFFF] [border: (3px solid #008000)]
        RenderText {#text} at (3,3) size 70x112
          text run at (3,3) width 27: "This"
          text run at (3,19) width 66: "paragraph"
          text run at (3,35) width 41: "should"
          text run at (3,51) width 43: "have a"
          text run at (3,67) width 48: "medium"
          text run at (3,83) width 70: "solid green"
          text run at (3,99) width 44: "border."
      RenderBlock {P} at (0,1810) size 80x118 [bgcolor=#FFFFFF] [border: (3px solid #008000)]
        RenderText {#text} at (3,3) size 70x112
          text run at (3,3) width 27: "This"
          text run at (3,19) width 66: "paragraph"
          text run at (3,35) width 41: "should"
          text run at (3,51) width 43: "have a"
          text run at (3,67) width 48: "medium"
          text run at (3,83) width 70: "solid green"
          text run at (3,99) width 44: "border."
      RenderBlock {P} at (0,1942) size 80x118 [bgcolor=#FFFFFF] [border: (3px solid #008000)]
        RenderText {#text} at (3,3) size 70x112
          text run at (3,3) width 27: "This"
          text run at (3,19) width 66: "paragraph"
          text run at (3,35) width 41: "should"
          text run at (3,51) width 43: "have a"
          text run at (3,67) width 48: "medium"
          text run at (3,83) width 70: "solid green"
          text run at (3,99) width 44: "border."
      RenderBlock {P} at (0,2074) size 80x118 [bgcolor=#FFFFFF] [border: (3px solid #008000)]
        RenderText {#text} at (3,3) size 70x112
          text run at (3,3) width 27: "This"
          text run at (3,19) width 66: "paragraph"
          text run at (3,35) width 41: "should"
          text run at (3,51) width 43: "have a"
          text run at (3,67) width 48: "medium"
          text run at (3,83) width 70: "solid green"
          text run at (3,99) width 44: "border."
