layer at (0,0) size 113x168
  RenderView at (0,0) size 96x26
layer at (0,0) size 96x26
  RenderBlock {HTML} at (0,0) size 96x26
    RenderBody {BODY} at (8,8) size 80x10
      RenderBlock {DIV} at (0,0) size 80x0
        RenderBlock {UL} at (0,0) size 80x0
          RenderListItem {LI} at (40,0) size 40x0
            RenderBlock (floating) {A} at (9,0) size 31x64
              RenderText {#text} at (0,0) size 27x64
                text run at (0,0) width 27: "This"
                text run at (0,16) width 10: "is"
                text run at (0,32) width 21: "link"
                text run at (0,48) width 24: "one"
          RenderListItem {LI} at (40,0) size 40x0
            RenderBlock (floating) {A} at (9,64) size 56x96
              RenderText {#text} at (0,0) size 56x96
                text run at (0,0) width 41: "This is"
                text run at (0,16) width 47: "link two"
                text run at (0,32) width 35: "and it"
                text run at (0,48) width 56: "shouldn't"
                text run at (0,64) width 47: "overlap"
                text run at (0,80) width 49: "link one"
