layer at (0,0) size 96x106
  RenderView at (0,0) size 96x26
layer at (0,0) size 96x106
  RenderBlock {HTML} at (0,0) size 96x106
    RenderBody {BODY} at (8,14) size 80x78
      RenderBlock {P} at (0,0) size 80x32
        RenderText {#text} at (0,0) size 67x32
          text run at (0,0) width 67: "this should"
          text run at (0,16) width 64: "not be red"
      RenderBlock {P} at (0,46) size 80x32
        RenderText {#text} at (0,0) size 68x32
          text run at (0,0) width 67: "this should"
          text run at (0,16) width 68: "not be blue"
