layer at (0,0) size 800x600
  RenderView at (0,0) size 800x600
layer at (0,0) size 800x600
  RenderBlock {HTML} at (0,0) size 800x600
    RenderBody {BODY} at (8,8) size 784x578
      RenderBlock {H1} at (0,0) size 784x32
        RenderText {#text} at (0,1) size 267x30
          text run at (0,1) width 267: "CSS2 System Fonts"
      RenderBlock {P} at (0,50) size 784x32
        RenderText {#text} at (0,0) size 382x16
          text run at (0,0) width 382: "The following should appear with the fonts specified, per the "
        RenderInline {A} at (0,0) size 77x16 [color=#0000EE]
          RenderText {#text} at (382,0) size 77x16
            text run at (382,0) width 77: "CSS2 specs"
        RenderText {#text} at (459,0) size 767x32
          text run at (459,0) width 308: ". If they appear in a monospace font, the test has"
          text run at (0,16) width 37: "failed."
      RenderBlock {UL} at (0,96) size 784x96
        RenderListItem {LI} at (40,0) size 744x16
          RenderListMarker at (-16,0) size 6x16: bullet
          RenderText {#text} at (0,0) size 204x16
            text run at (0,0) width 204: "Caption (on Mac will be Lucida Grande 13.0 Regular)"
        RenderListItem {LI} at (40,16) size 744x16
          RenderListMarker at (-16,0) size 6x16: bullet
          RenderText {#text} at (0,0) size 396x16
            text run at (0,0) width 396: "Icon (on Mac will be Lucida Grande 13.0 Regular for now, not sure how to get this info from Finder)"
        RenderListItem {LI} at (40,32) size 744x16
          RenderListMarker at (-16,0) size 6x16: bullet
          RenderText {#text} at (0,0) size 192x16
            text run at (0,0) width 192: "Menu (on Mac will be Lucida Grande 13.0 Regular)"
        RenderListItem {LI} at (40,48) size 744x16
          RenderListMarker at (-16,0) size 6x16: bullet
          RenderText {#text} at (0,0) size 220x16
            text run at (0,0) width 220: "Message-Box (on Mac will be Lucida Grande 13.0 Regular)"
        RenderListItem {LI} at (40,64) size 744x16
          RenderListMarker at (-16,0) size 6x16: bullet
          RenderText {#text} at (0,0) size 228x16
            text run at (0,0) width 228: "Small-Caption (on Mac will be Lucida Grande 11.0 Regular)"
        RenderListItem {LI} at (40,80) size 744x16
          RenderListMarker at (-16,0) size 6x16: bullet
          RenderText {#text} at (0,0) size 216x16
            text run at (0,0) width 216: "Status-Bar (on Mac will be Lucida Grande 10.0 Regular)"
      RenderBlock {P} at (0,206) size 784x16
        RenderInline {A} at (0,0) size 182x16 [color=#0000EE]
          RenderText {#text} at (0,0) size 182x16
            text run at (0,0) width 182: "\x{AB} Return to Safari Bugs page"
