layer at (0,0) size 106x826
  RenderView at (0,0) size 96x26
layer at (0,0) size 106x826
  RenderBlock {HTML} at (0,0) size 96x826
    RenderBody {BODY} at (8,14) size 80x798
      RenderBlock {UL} at (0,0) size 80x400
        RenderListItem {LI} at (40,0) size 40x192 [bgcolor=#00FF00]
          RenderListMarker at (-16,0) size 6x16: bullet
          RenderText {#text} at (0,0) size 58x192
            text run at (0,0) width 27: "This"
            text run at (0,16) width 17: "list"
            text run at (0,32) width 26: "item"
            text run at (0,48) width 41: "should"
            text run at (0,64) width 15: "be"
            text run at (0,80) width 37: "green"
            text run at (0,96) width 52: "because"
            text run at (0,112) width 14: "its"
            text run at (0,128) width 58: "language"
            text run at (0,144) width 10: "is"
            text run at (0,160) width 39: "British"
            text run at (0,176) width 46: "English"
        RenderListItem {LI} at (40,192) size 40x208 [bgcolor=#00FF00]
          RenderListMarker at (-16,0) size 6x16: bullet
          RenderText {#text} at (0,0) size 58x208
            text run at (0,0) width 27: "This"
            text run at (0,16) width 17: "list"
            text run at (0,32) width 26: "item"
            text run at (0,48) width 41: "should"
            text run at (0,64) width 15: "be"
            text run at (0,80) width 37: "green"
            text run at (0,96) width 52: "because"
            text run at (0,112) width 14: "its"
            text run at (0,128) width 58: "language"
            text run at (0,144) width 10: "is"
            text run at (0,160) width 39: "British"
            text run at (0,176) width 46: "English"
            text run at (0,192) width 49: "(Wales)"
      RenderBlock {OL} at (0,414) size 80x384
        RenderListItem {LI} at (40,0) size 40x192
          RenderListMarker at (-19,0) size 15x16: "1"
          RenderText {#text} at (0,0) size 58x192
            text run at (0,0) width 27: "This"
            text run at (0,16) width 17: "list"
            text run at (0,32) width 26: "item"
            text run at (0,48) width 41: "should"
            text run at (0,64) width 30: "NOT"
            text run at (0,80) width 15: "be"
            text run at (0,96) width 37: "green"
            text run at (0,112) width 52: "because"
            text run at (0,128) width 14: "its"
            text run at (0,144) width 58: "language"
            text run at (0,160) width 33: "is US"
            text run at (0,176) width 46: "English"
        RenderListItem {LI} at (40,192) size 40x192
          RenderListMarker at (-19,0) size 15x16: "2"
          RenderText {#text} at (0,0) size 58x192
            text run at (0,0) width 27: "This"
            text run at (0,16) width 17: "list"
            text run at (0,32) width 26: "item"
            text run at (0,48) width 41: "should"
            text run at (0,64) width 30: "NOT"
            text run at (0,80) width 15: "be"
            text run at (0,96) width 37: "green"
            text run at (0,112) width 52: "because"
            text run at (0,128) width 14: "its"
            text run at (0,144) width 58: "language"
            text run at (0,160) width 10: "is"
            text run at (0,176) width 44: "French"
