layer at (0,0) size 800x600
  RenderView at (0,0) size 800x600
layer at (0,0) size 800x600
  RenderBlock {HTML} at (0,0) size 800x600
    RenderBody {BODY} at (8,8) size 784x578
      RenderBlock {P} at (0,0) size 784x16
        RenderText {#text} at (0,0) size 48x16
          text run at (0,0) width 48: "test for "
        RenderInline {A} at (0,0) size 58x16 [color=#0000EE]
          RenderText {#text} at (48,0) size 58x16
            text run at (48,0) width 58: "bug 7157"
        RenderText {#text} at (106,0) size 651x16
          text run at (106,0) width 651: ": An asterisk in a CSS property name breaks CSS handling (Many layout problems at letras.terra.com.br)"
      RenderBlock {P} at (0,30) size 784x16 [color=#008000]
        RenderText {#text} at (0,0) size 163x16
          text run at (0,0) width 163: "Should be green on white."
      RenderBlock {P} at (0,60) size 784x16 [color=#008000]
        RenderText {#text} at (0,0) size 163x16
          text run at (0,0) width 163: "Should be green on white."
      RenderBlock {P} at (0,90) size 784x16 [color=#008000]
        RenderText {#text} at (0,0) size 163x16
          text run at (0,0) width 163: "Should be green on white."
