layer at (0,0) size 800x600
  RenderView at (0,0) size 800x600
layer at (0,0) size 800x600
  RenderBlock {HTML} at (0,0) size 800x600
    RenderBody {BODY} at (8,8) size 784x578
      RenderBlock {P} at (0,0) size 784x16
        RenderText {#text} at (0,0) size 53x16
          text run at (0,0) width 53: "Test for "
        RenderInline {I} at (0,0) size 683x16
          RenderInline {A} at (0,0) size 330x16 [color=#0000EE]
            RenderText {#text} at (53,0) size 330x16
              text run at (53,0) width 330: "http://bugzilla.opendarwin.org/show_bug.cgi?id=9341"
          RenderText {#text} at (383,0) size 353x16
            text run at (383,0) width 4: " "
            text run at (387,0) width 349: "REGRESSION: Repro crash caused by style=\"font:bold\""
        RenderText {#text} at (736,0) size 3x16
          text run at (736,0) width 3: "."
      RenderBlock {P} at (0,30) size 784x16
        RenderText {#text} at (0,0) size 123x16
          text run at (0,0) width 123: "PASS (didn\x{2019}t crash)"
