layer at (0,0) size 169x80
  RenderView at (0,0) size 96x26
layer at (0,0) size 169x80
  RenderBlock {HTML} at (0,0) size 96x80
    RenderBody {BODY} at (8,8) size 80x64
      RenderBlock {DIV} at (0,0) size 80x0
      RenderBlock (anonymous) at (0,0) size 80x64
        RenderText {#text} at (0,0) size 41x16
          text run at (0,0) width 41: "10pt ="
        RenderText {#text} at (0,16) size 161x48
          text run at (0,16) width 161: "3.4395833333333328mm"
          text run at (0,32) width 65: "(should be"
          text run at (0,48) width 144: "3.4395833333333328)"
