layer at (0,0) size 800x600
  RenderView at (0,0) size 800x600
layer at (0,0) size 800x600
  RenderBlock {HTML} at (0,0) size 800x600
    RenderBody {BODY} at (8,8) size 784x574 [bgcolor=#FFFF00]
      RenderBlock {H1} at (0,0) size 784x32 [color=#FF00007F]
        RenderText {#text} at (0,1) size 389x30
          text run at (0,1) width 389: "This should be red, alpha 0.5"
      RenderBlock {H1} at (0,50) size 784x32 [color=#00FF0000]
        RenderText {#text} at (0,1) size 422x30
          text run at (0,1) width 422: "This should be green, alpha 0.0"
      RenderBlock {H1} at (0,100) size 784x32 [color=#00FF00]
        RenderText {#text} at (0,1) size 422x30
          text run at (0,1) width 422: "This should be green, alpha 1.0"
