layer at (0,0) size 291x287
  RenderView at (0,0) size 96x26
layer at (0,0) size 96x26
  RenderBlock {HTML} at (0,0) size 96x26
    RenderBody {BODY} at (8,8) size 80x10
layer at (7,75) size 284x212
  RenderBlock (positioned) {DIV} at (7,75) size 284x212 [bgcolor=#000000D1]
layer at (101,237) size 40x24
  RenderBlock (positioned) {DIV} at (94,162) size 40x24 [color=#FFFFFF]
    RenderBlock {DIV} at (0,0) size 40x24
      RenderText {#text} at (0,5) size 40x14
        text run at (0,5) width 40: "Cancel"
