layer at (0,0) size 208x334
  RenderView at (0,0) size 96x26
layer at (0,0) size 96x134
  RenderBlock {HTML} at (0,0) size 96x134
    RenderBody {BODY} at (8,8) size 80x112
      RenderBlock {P} at (0,0) size 80x112
        RenderInline {A} at (0,0) size 58x16 [color=#0000EE]
          RenderText {#text} at (0,0) size 58x16
            text run at (0,0) width 58: "bug 7118"
        RenderText {#text} at (58,0) size 68x112
          text run at (58,0) width 3: ":"
          text run at (0,16) width 42: "Wrong"
          text run at (0,32) width 53: "property"
          text run at (0,48) width 60: "values do"
          text run at (0,64) width 44: "not get"
          text run at (0,80) width 68: "invalidated"
          text run at (0,96) width 57: "correctly."
      RenderBlock (anonymous) at (0,126) size 80x0
        RenderInline {DIV} at (0,0) size 0x0
          RenderText {#text} at (0,0) size 0x0
        RenderText {#text} at (0,0) size 0x0
        RenderText {#text} at (0,0) size 0x0
layer at (8,134) size 200x200
  RenderBlock (floating) {DIV} at (0,0) size 200x200 [color=#FFFFFF] [bgcolor=#006400]
    RenderText {#text} at (0,0) size 191x128
      text run at (0,0) width 157: "this text should be left-"
      text run at (0,16) width 156: "aligned, all lower-case,"
      text run at (0,32) width 167: "normal font, white, 14px,"
      text run at (0,48) width 183: "bold, normally spaced and"
      text run at (0,64) width 167: "wrapped, in a darkgreen"
      text run at (0,80) width 100: "200x200px div "
      text run at (100,80) width 91: "in the top left"
      text run at (0,96) width 178: "corner with no borders or"
      text run at (0,112) width 60: "outlines."
