layer at (0,0) size 800x600
  RenderView at (0,0) size 800x600
layer at (0,0) size 800x600
  RenderBlock {HTML} at (0,0) size 800x600
    RenderBody {BODY} at (8,8) size 784x584
      RenderBlock {DIV} at (0,0) size 784x16
        RenderText {#text} at (0,0) size 53x16
          text run at (0,0) width 53: "Test for "
        RenderInline {A} at (0,0) size 112x16 [color=#0000EE]
          RenderText {#text} at (53,0) size 112x16
            text run at (53,0) width 112: "Bugzilla Bug 9934"
        RenderText {#text} at (165,0) size 435x16
          text run at (165,0) width 435: " Selecting text in text field with {line-height:100%} causes it to bounce."
      RenderBlock {DIV} at (0,16) size 784x26
        RenderTextControl {INPUT} at (2,2) size 168x22 [bgcolor=#FFFFFF] [border: (2px inset #000000)]
      RenderBlock {DIV} at (0,42) size 784x32
        RenderText {#text} at (0,0) size 729x32
          text run at (0,0) width 570: "Select the text in the text field using horizontal mouse movements, then drag up and down. "
          text run at (570,0) width 159: "The text should not move"
          text run at (0,16) width 58: "vertically."
layer at (13,29) size 162x16
  RenderBlock {DIV} at (3,3) size 162x16
    RenderText {#text} at (1,0) size 81x16
      text run at (1,0) width 81: "Lorem Ipsum"
