layer at (0,0) size 689x38
  RenderView at (0,0) size 96x26
layer at (0,0) size 689x38
  RenderBlock {HTML} at (0,0) size 96x38
    RenderBody {BODY} at (8,8) size 80x16
      RenderBlock {DIV} at (0,0) size 80x16
        RenderBlock (anonymous) at (0,0) size 80x0
          RenderInline {SPAN} at (0,0) size 0x0
        RenderBlock (anonymous) at (0,0) size 80x16
          RenderBlock {PRE} at (0,0) size 80x16
            RenderText {#text} at (0,0) size 681x16
              text run at (0,0) width 681: "There should only be a focus ring around this contentEditable div, and not a tiny one below as well"
        RenderBlock (anonymous) at (0,30) size 80x0
          RenderInline {SPAN} at (0,0) size 0x0
          RenderText {#text} at (0,0) size 0x0
