layer at (0,0) size 800x600
  RenderView at (0,0) size 800x600
layer at (0,0) size 800x118
  RenderBlock {HTML} at (0,0) size 800x118
    RenderBody {BODY} at (8,18) size 784x82 [color=#008000]
      RenderBlock {H1} at (0,0) size 784x32
        RenderText {#text} at (0,1) size 395x30
          text run at (0,1) width 395: "This should be green, not red"
      RenderBlock {H1} at (0,50) size 784x32
        RenderText {#text} at (0,1) size 409x30
          text run at (0,1) width 409: "This should be green, not blue"
