layer at (0,0) size 800x600
  RenderView at (0,0) size 800x600
layer at (0,0) size 800x600
  RenderBlock {HTML} at (0,0) size 800x600
    RenderBody {BODY} at (8,8) size 784x578
      RenderBlock {H1} at (0,0) size 784x32
        RenderText {#text} at (0,1) size 241x30
          text run at (0,1) width 241: "setAttribute() Test"
      RenderBlock {P} at (0,50) size 784x16 [color=#008000]
        RenderText {#text} at (0,0) size 465x16
          text run at (0,0) width 465: "This element's Class attribute is set using setAttribute(). It should be green."
      RenderBlock {P} at (0,80) size 784x16 [color=#008000]
        RenderText {#text} at (0,0) size 444x16
          text run at (0,0) width 444: "This element's ID attribute is set using setAttribute(). It should be green."
      RenderBlock {P} at (0,110) size 784x16 [color=#008000]
        RenderText {#text} at (0,0) size 457x16
          text run at (0,0) width 457: "This element's Title attribute is set using setAttribute(). It should be green."
      RenderBlock {P} at (0,140) size 784x16 [color=#008000]
        RenderText {#text} at (0,0) size 389x16
          text run at (0,0) width 389: "This element's Title attribute is hard-coded. It should be green."
      RenderBlock {P} at (0,170) size 784x16 [color=#008000]
        RenderText {#text} at (0,0) size 462x16
          text run at (0,0) width 462: "This element's Lang attribute is set using setAttribute(). It should be green."
