layer at (0,0) size 800x600
  RenderView at (0,0) size 800x600
layer at (0,0) size 800x600
  RenderBlock {HTML} at (0,0) size 800x600
    RenderBody {BODY} at (8,8) size 784x578
      RenderBlock {P} at (0,0) size 784x16
        RenderText {#text} at (0,0) size 48x16
          text run at (0,0) width 48: "Bullets: "
        RenderInline {SPAN} at (0,0) size 15x16
          RenderText {#text} at (48,0) size 15x16
            text run at (48,0) width 15: "\x{2022}\x{2022}\x{2022}"
        RenderText {#text} at (63,0) size 3x16
          text run at (63,0) width 3: "."
      RenderBlock {P} at (0,30) size 784x16
        RenderText {#text} at (0,0) size 59x16
          text run at (0,0) width 59: "Squares: "
        RenderInline {SPAN} at (0,0) size 18x16
          RenderText {#text} at (59,0) size 18x16
            text run at (59,0) width 18: "\x{25A0}\x{25A0}\x{25A0}"
        RenderText {#text} at (77,0) size 3x16
          text run at (77,0) width 3: "."
      RenderBlock {P} at (0,60) size 784x16
        RenderText {#text} at (0,0) size 50x16
          text run at (0,0) width 50: "Circles: "
        RenderInline {SPAN} at (0,0) size 18x16
          RenderText {#text} at (50,0) size 18x16
            text run at (50,0) width 18: "\x{25E6}\x{25E6}\x{25E6}"
        RenderText {#text} at (68,0) size 3x16
          text run at (68,0) width 3: "."
      RenderBlock {P} at (0,90) size 784x16
        RenderText {#text} at (0,0) size 81x16
          text run at (0,0) width 81: "Plain letters: "
        RenderInline {SPAN} at (0,0) size 21x16
          RenderText {#text} at (81,0) size 21x16
            text run at (81,0) width 21: "xxx"
        RenderText {#text} at (102,0) size 3x16
          text run at (102,0) width 3: "."
      RenderBlock {P} at (0,120) size 784x16
        RenderText {#text} at (0,0) size 102x16
          text run at (0,0) width 102: "Bullets (invalid): "
        RenderInline {SPAN} at (0,0) size 15x16
          RenderText {#text} at (102,0) size 15x16
            text run at (102,0) width 15: "\x{2022}\x{2022}\x{2022}"
        RenderText {#text} at (117,0) size 3x16
          text run at (117,0) width 3: "."
      RenderBlock {P} at (0,150) size 784x16
        RenderText {#text} at (0,0) size 114x16
          text run at (0,0) width 114: "Bullets (dynamic): "
        RenderInline {SPAN} at (0,0) size 15x16
          RenderText {#text} at (114,0) size 15x16
            text run at (114,0) width 15: "\x{2022}\x{2022}\x{2022}"
        RenderText {#text} at (129,0) size 3x16
          text run at (129,0) width 3: "."
