layer at (0,0) size 1557x2271
  RenderView at (0,0) size 800x600
layer at (0,0) size 1557x2271
  RenderBlock {HTML} at (0,0) size 800x2271
    RenderBody {BODY} at (8,8) size 784x2255
      RenderBlock {H2} at (0,0) size 784x24
        RenderText {#text} at (0,0) size 138x23
          text run at (0,0) width 138: "word-spacing"
      RenderBlock (floating) {PRE} at (0,55) size 747x178
        RenderBlock {H3} at (0,16) size 747x18
          RenderText {#text} at (0,0) size 172x18
            text run at (0,0) width 172: "In a floated pre"
        RenderBlock (anonymous) at (0,50) size 747x128
          RenderText {#text} at (0,0) size 140x32
            text run at (0,0) width 0: " "
            text run at (0,16) width 140: "Word   spacing test "
          RenderInline {EM} at (0,0) size 17x16
            RenderText {#text} at (140,16) size 17x16
              text run at (140,16) width 17: "for"
          RenderText {#text} at (177,16) size 4x16
            text run at (177,16) width 4: " "
          RenderInline {STRONG} at (0,0) size 62x16
            RenderText {#text} at (181,16) size 62x16
              text run at (181,16) width 62: "elements"
          RenderText {#text} at (263,16) size 4x16
            text run at (263,16) width 4: " "
          RenderInline {TT} at (0,0) size 24x16
            RenderText {#text} at (267,16) size 24x16
              text run at (267,16) width 24: "within"
          RenderText {#text} at (311,16) size 407x32
            text run at (311,16) width 76: " elements too."
            text run at (407,16) width 0: " "
            text run at (0,32) width 140: "Word   spacing test "
          RenderInline {EM} at (0,0) size 17x16
            RenderText {#text} at (140,32) size 17x16
              text run at (140,32) width 17: "for"
          RenderText {#text} at (177,32) size 4x16
            text run at (177,32) width 4: " "
          RenderInline {STRONG} at (0,0) size 62x16
            RenderText {#text} at (181,32) size 62x16
              text run at (181,32) width 62: "elements"
          RenderText {#text} at (263,32) size 4x16
            text run at (263,32) width 4: " "
          RenderInline {TT} at (0,0) size 24x16
            RenderText {#text} at (267,32) size 24x16
              text run at (267,32) width 24: "within"
          RenderText {#text} at (311,32) size 60x16
            text run at (311,32) width 60: " elements "
          RenderText {#text} at (371,32) size 691x32
            text run at (371,32) width 300: " too. (with comment between elements and too)"
            text run at (691,32) width 0: " "
            text run at (0,48) width 140: "Word   spacing test "
          RenderInline {EM} at (0,0) size 17x16
            RenderText {#text} at (140,48) size 17x16
              text run at (140,48) width 17: "for"
          RenderText {#text} at (177,48) size 4x16
            text run at (177,48) width 4: " "
          RenderInline {STRONG} at (0,0) size 62x16
            RenderText {#text} at (181,48) size 62x16
              text run at (181,48) width 62: "elements"
          RenderText {#text} at (263,48) size 4x16
            text run at (263,48) width 4: " "
          RenderInline {TT} at (0,0) size 24x16
            RenderText {#text} at (267,48) size 24x16
              text run at (267,48) width 24: "within"
          RenderText {#text} at (311,48) size 36x16
            text run at (311,48) width 36: " elements"
          RenderText {#text} at (367,48) size 835x32
            text run at (367,48) width 448: " too. (with comment (no preceeding space) between elements and too)"
            text run at (835,48) width 0: " "
            text run at (0,64) width 140: "Word   spacing test "
          RenderInline {EM} at (0,0) size 17x16
            RenderText {#text} at (140,64) size 17x16
              text run at (140,64) width 17: "for"
          RenderText {#text} at (177,64) size 4x16
            text run at (177,64) width 4: " "
          RenderInline {STRONG} at (0,0) size 62x16
            RenderText {#text} at (181,64) size 62x16
              text run at (181,64) width 62: "elements"
          RenderText {#text} at (263,64) size 4x16
            text run at (263,64) width 4: " "
          RenderInline {TT} at (0,0) size 24x16
            RenderText {#text} at (267,64) size 24x16
              text run at (267,64) width 24: "within"
          RenderText {#text} at (311,64) size 60x16
            text run at (311,64) width 60: " elements "
          RenderText {#text} at (371,64) size 456x16
            text run at (371,64) width 436: "too. (with comment (no trailing space) between elements and too)"
            text run at (827,64) width 0: " "
          RenderInline {SPAN} at (0,0) size 243x16
            RenderText {#text} at (0,80) size 140x16
              text run at (0,80) width 140: "Word   spacing test "
            RenderInline {EM} at (0,0) size 17x16
              RenderText {#text} at (140,80) size 17x16
                text run at (140,80) width 17: "for"
            RenderText {#text} at (177,80) size 4x16
              text run at (177,80) width 4: " "
            RenderInline {STRONG} at (0,0) size 62x16
              RenderText {#text} at (181,80) size 62x16
                text run at (181,80) width 62: "elements"
          RenderText {#text} at (263,80) size 4x16
            text run at (263,80) width 4: " "
          RenderInline {TT} at (0,0) size 24x16
            RenderText {#text} at (267,80) size 24x16
              text run at (267,80) width 24: "within"
          RenderText {#text} at (311,80) size 723x32
            text run at (311,80) width 392: " elements too. (with monospace font from Word to elements)"
            text run at (723,80) width 0: " "
            text run at (0,96) width 140: "Word   spacing test "
          RenderInline {SPAN} at (0,0) size 151x16
            RenderInline {EM} at (0,0) size 17x16
              RenderText {#text} at (140,96) size 17x16
                text run at (140,96) width 17: "for"
            RenderText {#text} at (177,96) size 4x16
              text run at (177,96) width 4: " "
            RenderInline {STRONG} at (0,0) size 62x16
              RenderText {#text} at (181,96) size 62x16
                text run at (181,96) width 62: "elements"
            RenderText {#text} at (263,96) size 4x16
              text run at (263,96) width 4: " "
            RenderInline {TT} at (0,0) size 24x16
              RenderText {#text} at (267,96) size 24x16
                text run at (267,96) width 24: "within"
          RenderText {#text} at (311,96) size 711x32
            text run at (311,96) width 380: " elements too. (with monospace font from for to within)"
            text run at (711,96) width 0: " "
            text run at (0,112) width 140: "Word   spacing test "
          RenderInline {EM} at (0,0) size 17x16
            RenderText {#text} at (140,112) size 17x16
              text run at (140,112) width 17: "for"
          RenderText {#text} at (177,112) size 4x16
            text run at (177,112) width 4: " "
          RenderInline {STRONG} at (0,0) size 62x16
            RenderText {#text} at (181,112) size 62x16
              text run at (181,112) width 62: "elements"
          RenderText {#text} at (263,112) size 4x16
            text run at (263,112) width 4: " "
          RenderInline {SPAN} at (0,0) size 116x16
            RenderInline {TT} at (0,0) size 24x16
              RenderText {#text} at (267,112) size 24x16
                text run at (267,112) width 24: "within"
            RenderText {#text} at (311,112) size 72x16
              text run at (311,112) width 72: " elements too"
          RenderText {#text} at (383,112) size 336x16
            text run at (383,112) width 316: ". (with monospace font from elements to too)"
            text run at (719,112) width 0: " "
      RenderBlock (anonymous) at (0,41) size 784x206
        RenderBR {BR} at (747,0) size 0x16
      RenderBlock {PRE} at (0,263) size 784x162
        RenderBlock {H3} at (0,0) size 784x18
          RenderText {#text} at (0,0) size 207x18
            text run at (0,0) width 207: "In an un-floated pre"
        RenderBlock (anonymous) at (0,34) size 784x128
          RenderText {#text} at (0,0) size 140x32
            text run at (0,0) width 0: " "
            text run at (0,16) width 140: "Word   spacing test "
          RenderInline {EM} at (0,0) size 17x16
            RenderText {#text} at (140,16) size 17x16
              text run at (140,16) width 17: "for"
          RenderText {#text} at (177,16) size 4x16
            text run at (177,16) width 4: " "
          RenderInline {STRONG} at (0,0) size 62x16
            RenderText {#text} at (181,16) size 62x16
              text run at (181,16) width 62: "elements"
          RenderText {#text} at (263,16) size 4x16
            text run at (263,16) width 4: " "
          RenderInline {TT} at (0,0) size 24x16
            RenderText {#text} at (267,16) size 24x16
              text run at (267,16) width 24: "within"
          RenderText {#text} at (311,16) size 407x32
            text run at (311,16) width 76: " elements too."
            text run at (407,16) width 0: " "
            text run at (0,32) width 140: "Word   spacing test "
          RenderInline {EM} at (0,0) size 17x16
            RenderText {#text} at (140,32) size 17x16
              text run at (140,32) width 17: "for"
          RenderText {#text} at (177,32) size 4x16
            text run at (177,32) width 4: " "
          RenderInline {STRONG} at (0,0) size 62x16
            RenderText {#text} at (181,32) size 62x16
              text run at (181,32) width 62: "elements"
          RenderText {#text} at (263,32) size 4x16
            text run at (263,32) width 4: " "
          RenderInline {TT} at (0,0) size 24x16
            RenderText {#text} at (267,32) size 24x16
              text run at (267,32) width 24: "within"
          RenderText {#text} at (311,32) size 60x16
            text run at (311,32) width 60: " elements "
          RenderText {#text} at (371,32) size 691x32
            text run at (371,32) width 300: " too. (with comment between elements and too)"
            text run at (691,32) width 0: " "
            text run at (0,48) width 140: "Word   spacing test "
          RenderInline {EM} at (0,0) size 17x16
            RenderText {#text} at (140,48) size 17x16
              text run at (140,48) width 17: "for"
          RenderText {#text} at (177,48) size 4x16
            text run at (177,48) width 4: " "
          RenderInline {STRONG} at (0,0) size 62x16
            RenderText {#text} at (181,48) size 62x16
              text run at (181,48) width 62: "elements"
          RenderText {#text} at (263,48) size 4x16
            text run at (263,48) width 4: " "
          RenderInline {TT} at (0,0) size 24x16
            RenderText {#text} at (267,48) size 24x16
              text run at (267,48) width 24: "within"
          RenderText {#text} at (311,48) size 36x16
            text run at (311,48) width 36: " elements"
          RenderText {#text} at (367,48) size 835x32
            text run at (367,48) width 448: " too. (with comment (no preceeding space) between elements and too)"
            text run at (835,48) width 0: " "
            text run at (0,64) width 140: "Word   spacing test "
          RenderInline {EM} at (0,0) size 17x16
            RenderText {#text} at (140,64) size 17x16
              text run at (140,64) width 17: "for"
          RenderText {#text} at (177,64) size 4x16
            text run at (177,64) width 4: " "
          RenderInline {STRONG} at (0,0) size 62x16
            RenderText {#text} at (181,64) size 62x16
              text run at (181,64) width 62: "elements"
          RenderText {#text} at (263,64) size 4x16
            text run at (263,64) width 4: " "
          RenderInline {TT} at (0,0) size 24x16
            RenderText {#text} at (267,64) size 24x16
              text run at (267,64) width 24: "within"
          RenderText {#text} at (311,64) size 60x16
            text run at (311,64) width 60: " elements "
          RenderText {#text} at (371,64) size 456x16
            text run at (371,64) width 436: "too. (with comment (no trailing space) between elements and too)"
            text run at (827,64) width 0: " "
          RenderInline {SPAN} at (0,0) size 243x16
            RenderText {#text} at (0,80) size 140x16
              text run at (0,80) width 140: "Word   spacing test "
            RenderInline {EM} at (0,0) size 17x16
              RenderText {#text} at (140,80) size 17x16
                text run at (140,80) width 17: "for"
            RenderText {#text} at (177,80) size 4x16
              text run at (177,80) width 4: " "
            RenderInline {STRONG} at (0,0) size 62x16
              RenderText {#text} at (181,80) size 62x16
                text run at (181,80) width 62: "elements"
          RenderText {#text} at (263,80) size 4x16
            text run at (263,80) width 4: " "
          RenderInline {TT} at (0,0) size 24x16
            RenderText {#text} at (267,80) size 24x16
              text run at (267,80) width 24: "within"
          RenderText {#text} at (311,80) size 723x32
            text run at (311,80) width 392: " elements too. (with monospace font from Word to elements)"
            text run at (723,80) width 0: " "
            text run at (0,96) width 140: "Word   spacing test "
          RenderInline {SPAN} at (0,0) size 151x16
            RenderInline {EM} at (0,0) size 17x16
              RenderText {#text} at (140,96) size 17x16
                text run at (140,96) width 17: "for"
            RenderText {#text} at (177,96) size 4x16
              text run at (177,96) width 4: " "
            RenderInline {STRONG} at (0,0) size 62x16
              RenderText {#text} at (181,96) size 62x16
                text run at (181,96) width 62: "elements"
            RenderText {#text} at (263,96) size 4x16
              text run at (263,96) width 4: " "
            RenderInline {TT} at (0,0) size 24x16
              RenderText {#text} at (267,96) size 24x16
                text run at (267,96) width 24: "within"
          RenderText {#text} at (311,96) size 711x32
            text run at (311,96) width 380: " elements too. (with monospace font from for to within)"
            text run at (711,96) width 0: " "
            text run at (0,112) width 140: "Word   spacing test "
          RenderInline {EM} at (0,0) size 17x16
            RenderText {#text} at (140,112) size 17x16
              text run at (140,112) width 17: "for"
          RenderText {#text} at (177,112) size 4x16
            text run at (177,112) width 4: " "
          RenderInline {STRONG} at (0,0) size 62x16
            RenderText {#text} at (181,112) size 62x16
              text run at (181,112) width 62: "elements"
          RenderText {#text} at (263,112) size 4x16
            text run at (263,112) width 4: " "
          RenderInline {SPAN} at (0,0) size 116x16
            RenderInline {TT} at (0,0) size 24x16
              RenderText {#text} at (267,112) size 24x16
                text run at (267,112) width 24: "within"
            RenderText {#text} at (311,112) size 72x16
              text run at (311,112) width 72: " elements too"
          RenderText {#text} at (383,112) size 336x16
            text run at (383,112) width 316: ". (with monospace font from elements to too)"
            text run at (719,112) width 0: " "
      RenderBlock (anonymous) at (0,439) size 784x0
        RenderInline {SPAN} at (0,0) size 0x0
          RenderText {#text} at (0,0) size 0x0
      RenderBlock (anonymous) at (0,441) size 784x18
        RenderBlock {H3} at (0,0) size 784x18
          RenderText {#text} at (0,0) size 109x18
            text run at (0,0) width 109: "In a span"
      RenderBlock (anonymous) at (0,475) size 784x240
        RenderInline {SPAN} at (0,0) size 770x208
          RenderText {#text} at (0,0) size 178x16
            text run at (0,0) width 58: "Word "
            text run at (58,0) width 120: "spacing test "
          RenderInline {EM} at (0,0) size 17x16
            RenderText {#text} at (178,0) size 17x16
              text run at (178,0) width 17: "for"
          RenderText {#text} at (215,0) size 4x16
            text run at (215,0) width 4: " "
          RenderInline {STRONG} at (0,0) size 62x16
            RenderText {#text} at (219,0) size 62x16
              text run at (219,0) width 62: "elements"
          RenderText {#text} at (301,0) size 4x16
            text run at (301,0) width 4: " "
          RenderInline {TT} at (0,0) size 24x16
            RenderText {#text} at (305,0) size 24x16
              text run at (305,0) width 24: "within"
          RenderText {#text} at (349,0) size 108x16
            text run at (349,0) width 108: " elements too."
          RenderBR {BR} at (477,13) size 0x0
          RenderText {#text} at (0,16) size 178x16
            text run at (0,16) width 58: "Word "
            text run at (58,16) width 120: "spacing test "
          RenderInline {EM} at (0,0) size 17x16
            RenderText {#text} at (178,16) size 17x16
              text run at (178,16) width 17: "for"
          RenderText {#text} at (215,16) size 4x16
            text run at (215,16) width 4: " "
          RenderInline {STRONG} at (0,0) size 62x16
            RenderText {#text} at (219,16) size 62x16
              text run at (219,16) width 62: "elements"
          RenderText {#text} at (301,16) size 4x16
            text run at (301,16) width 4: " "
          RenderInline {TT} at (0,0) size 24x16
            RenderText {#text} at (305,16) size 24x16
              text run at (305,16) width 24: "within"
          RenderText {#text} at (349,16) size 85x16
            text run at (349,16) width 85: " elements "
          RenderText {#text} at (434,16) size 750x32
            text run at (434,16) width 316: "too. (with comment between elements"
            text run at (0,32) width 73: "and too)"
          RenderBR {BR} at (93,45) size 0x0
          RenderText {#text} at (0,48) size 178x16
            text run at (0,48) width 58: "Word "
            text run at (58,48) width 120: "spacing test "
          RenderInline {EM} at (0,0) size 17x16
            RenderText {#text} at (178,48) size 17x16
              text run at (178,48) width 17: "for"
          RenderText {#text} at (215,48) size 4x16
            text run at (215,48) width 4: " "
          RenderInline {STRONG} at (0,0) size 62x16
            RenderText {#text} at (219,48) size 62x16
              text run at (219,48) width 62: "elements"
          RenderText {#text} at (301,48) size 4x16
            text run at (301,48) width 4: " "
          RenderInline {TT} at (0,0) size 24x16
            RenderText {#text} at (305,48) size 24x16
              text run at (305,48) width 24: "within"
          RenderText {#text} at (349,48) size 61x16
            text run at (349,48) width 61: " elements"
          RenderText {#text} at (430,48) size 732x32
            text run at (430,48) width 302: " too. (with comment (no preceeding"
            text run at (0,64) width 298: "space) between elements and too)"
          RenderBR {BR} at (318,77) size 0x0
          RenderText {#text} at (0,80) size 178x16
            text run at (0,80) width 58: "Word "
            text run at (58,80) width 120: "spacing test "
          RenderInline {EM} at (0,0) size 17x16
            RenderText {#text} at (178,80) size 17x16
              text run at (178,80) width 17: "for"
          RenderText {#text} at (215,80) size 4x16
            text run at (215,80) width 4: " "
          RenderInline {STRONG} at (0,0) size 62x16
            RenderText {#text} at (219,80) size 62x16
              text run at (219,80) width 62: "elements"
          RenderText {#text} at (301,80) size 4x16
            text run at (301,80) width 4: " "
          RenderInline {TT} at (0,0) size 24x16
            RenderText {#text} at (305,80) size 24x16
              text run at (305,80) width 24: "within"
          RenderText {#text} at (349,80) size 85x16
            text run at (349,80) width 85: " elements "
          RenderText {#text} at (434,80) size 770x32
            text run at (434,80) width 336: "too. (with comment (no trailing space)"
            text run at (0,96) width 231: "between elements and too)"
          RenderBR {BR} at (251,109) size 0x0
          RenderInline {SPAN} at (0,0) size 235x16
            RenderText {#text} at (0,112) size 132x16
              text run at (0,112) width 40: "Word "
              text run at (40,112) width 92: "spacing test "
            RenderInline {EM} at (0,0) size 17x16
              RenderText {#text} at (132,112) size 17x16
                text run at (132,112) width 17: "for"
            RenderText {#text} at (169,112) size 4x16
              text run at (169,112) width 4: " "
            RenderInline {STRONG} at (0,0) size 62x16
              RenderText {#text} at (173,112) size 62x16
                text run at (173,112) width 62: "elements"
          RenderText {#text} at (255,112) size 4x16
            text run at (255,112) width 4: " "
          RenderInline {TT} at (0,0) size 24x16
            RenderText {#text} at (259,112) size 24x16
              text run at (259,112) width 24: "within"
          RenderText {#text} at (303,112) size 756x32
            text run at (303,112) width 453: " elements too. (with monospace font from Word to"
            text run at (0,128) width 62: "elements)"
          RenderBR {BR} at (82,141) size 0x0
          RenderText {#text} at (0,144) size 178x16
            text run at (0,144) width 58: "Word "
            text run at (58,144) width 120: "spacing test "
          RenderInline {SPAN} at (0,0) size 151x16
            RenderInline {EM} at (0,0) size 17x16
              RenderText {#text} at (178,144) size 17x16
                text run at (178,144) width 17: "for"
            RenderText {#text} at (215,144) size 4x16
              text run at (215,144) width 4: " "
            RenderInline {STRONG} at (0,0) size 62x16
              RenderText {#text} at (219,144) size 62x16
                text run at (219,144) width 62: "elements"
            RenderText {#text} at (301,144) size 4x16
              text run at (301,144) width 4: " "
            RenderInline {TT} at (0,0) size 24x16
              RenderText {#text} at (305,144) size 24x16
                text run at (305,144) width 24: "within"
          RenderText {#text} at (349,144) size 749x32
            text run at (349,144) width 400: " elements too. (with monospace font from for"
            text run at (0,160) width 77: "to within)"
          RenderBR {BR} at (97,173) size 0x0
          RenderText {#text} at (0,176) size 178x16
            text run at (0,176) width 58: "Word "
            text run at (58,176) width 120: "spacing test "
          RenderInline {EM} at (0,0) size 17x16
            RenderText {#text} at (178,176) size 17x16
              text run at (178,176) width 17: "for"
          RenderText {#text} at (215,176) size 4x16
            text run at (215,176) width 4: " "
          RenderInline {STRONG} at (0,0) size 62x16
            RenderText {#text} at (219,176) size 62x16
              text run at (219,176) width 62: "elements"
          RenderText {#text} at (301,176) size 4x16
            text run at (301,176) width 4: " "
          RenderInline {SPAN} at (0,0) size 116x16
            RenderInline {TT} at (0,0) size 24x16
              RenderText {#text} at (305,176) size 24x16
                text run at (305,176) width 24: "within"
            RenderText {#text} at (349,176) size 72x16
              text run at (349,176) width 72: " elements too"
          RenderText {#text} at (421,176) size 756x32
            text run at (421,176) width 335: ". (with monospace font from elements"
            text run at (0,192) width 85: "to too) "
        RenderText {#text} at (0,0) size 0x0
        RenderBR {BR} at (0,0) size 0x0
        RenderBR {BR} at (0,208) size 0x16
        RenderBR {BR} at (0,224) size 0x16
      RenderBlock {H2} at (0,732) size 784x24
        RenderText {#text} at (0,0) size 140x23
          text run at (0,0) width 140: "letter-spacing"
      RenderBlock (floating) {PRE} at (0,787) size 1088x178
        RenderBlock {H3} at (0,16) size 1088x18
          RenderText {#text} at (0,0) size 192x18
            text run at (0,0) width 192: "In a floated pre"
        RenderBlock (anonymous) at (0,50) size 1088x128
          RenderText {#text} at (0,0) size 198x32
            text run at (0,0) width 0: " "
            text run at (0,16) width 198: "Letter   spacing test "
          RenderInline {EM} at (0,0) size 32x16
            RenderText {#text} at (198,16) size 32x16
              text run at (198,16) width 32: "for"
          RenderText {#text} at (230,16) size 9x16
            text run at (230,16) width 9: " "
          RenderInline {STRONG} at (0,0) size 102x16
            RenderText {#text} at (239,16) size 102x16
              text run at (239,16) width 102: "elements"
          RenderText {#text} at (341,16) size 9x16
            text run at (341,16) width 9: " "
          RenderInline {TT} at (0,0) size 54x16
            RenderText {#text} at (350,16) size 54x16
              text run at (350,16) width 54: "within"
          RenderText {#text} at (404,16) size 530x32
            text run at (404,16) width 126: " elements too."
            text run at (530,16) width 0: " "
            text run at (0,32) width 198: "Letter   spacing test "
          RenderInline {EM} at (0,0) size 32x16
            RenderText {#text} at (198,32) size 32x16
              text run at (198,32) width 32: "for"
          RenderText {#text} at (230,32) size 9x16
            text run at (230,32) width 9: " "
          RenderInline {STRONG} at (0,0) size 102x16
            RenderText {#text} at (239,32) size 102x16
              text run at (239,32) width 102: "elements"
          RenderText {#text} at (341,32) size 9x16
            text run at (341,32) width 9: " "
          RenderInline {TT} at (0,0) size 54x16
            RenderText {#text} at (350,32) size 54x16
              text run at (350,32) width 54: "within"
          RenderText {#text} at (404,32) size 90x16
            text run at (404,32) width 90: " elements "
          RenderText {#text} at (494,32) size 899x32
            text run at (494,32) width 405: " too. (with comment between elements and too)"
            text run at (899,32) width 0: " "
            text run at (0,48) width 198: "Letter   spacing test "
          RenderInline {EM} at (0,0) size 32x16
            RenderText {#text} at (198,48) size 32x16
              text run at (198,48) width 32: "for"
          RenderText {#text} at (230,48) size 9x16
            text run at (230,48) width 9: " "
          RenderInline {STRONG} at (0,0) size 102x16
            RenderText {#text} at (239,48) size 102x16
              text run at (239,48) width 102: "elements"
          RenderText {#text} at (341,48) size 9x16
            text run at (341,48) width 9: " "
          RenderInline {TT} at (0,0) size 54x16
            RenderText {#text} at (350,48) size 54x16
              text run at (350,48) width 54: "within"
          RenderText {#text} at (404,48) size 81x16
            text run at (404,48) width 81: " elements"
          RenderText {#text} at (485,48) size 1088x32
            text run at (485,48) width 603: " too. (with comment (no preceeding space) between elements and too)"
            text run at (1088,48) width 0: " "
            text run at (0,64) width 198: "Letter   spacing test "
          RenderInline {EM} at (0,0) size 32x16
            RenderText {#text} at (198,64) size 32x16
              text run at (198,64) width 32: "for"
          RenderText {#text} at (230,64) size 9x16
            text run at (230,64) width 9: " "
          RenderInline {STRONG} at (0,0) size 102x16
            RenderText {#text} at (239,64) size 102x16
              text run at (239,64) width 102: "elements"
          RenderText {#text} at (341,64) size 9x16
            text run at (341,64) width 9: " "
          RenderInline {TT} at (0,0) size 54x16
            RenderText {#text} at (350,64) size 54x16
              text run at (350,64) width 54: "within"
          RenderText {#text} at (404,64) size 90x16
            text run at (404,64) width 90: " elements "
          RenderText {#text} at (494,64) size 576x16
            text run at (494,64) width 576: "too. (with comment (no trailing space) between elements and too)"
            text run at (1070,64) width 0: " "
          RenderInline {SPAN} at (0,0) size 341x16
            RenderText {#text} at (0,80) size 198x16
              text run at (0,80) width 198: "Letter   spacing test "
            RenderInline {EM} at (0,0) size 32x16
              RenderText {#text} at (198,80) size 32x16
                text run at (198,80) width 32: "for"
            RenderText {#text} at (230,80) size 9x16
              text run at (230,80) width 9: " "
            RenderInline {STRONG} at (0,0) size 102x16
              RenderText {#text} at (239,80) size 102x16
                text run at (239,80) width 102: "elements"
          RenderText {#text} at (341,80) size 9x16
            text run at (341,80) width 9: " "
          RenderInline {TT} at (0,0) size 54x16
            RenderText {#text} at (350,80) size 54x16
              text run at (350,80) width 54: "within"
          RenderText {#text} at (404,80) size 944x32
            text run at (404,80) width 540: " elements too. (with monospace font from Letter to elements)"
            text run at (944,80) width 0: " "
            text run at (0,96) width 198: "Letter   spacing test "
          RenderInline {SPAN} at (0,0) size 206x16
            RenderInline {EM} at (0,0) size 32x16
              RenderText {#text} at (198,96) size 32x16
                text run at (198,96) width 32: "for"
            RenderText {#text} at (230,96) size 9x16
              text run at (230,96) width 9: " "
            RenderInline {STRONG} at (0,0) size 102x16
              RenderText {#text} at (239,96) size 102x16
                text run at (239,96) width 102: "elements"
            RenderText {#text} at (341,96) size 9x16
              text run at (341,96) width 9: " "
            RenderInline {TT} at (0,0) size 54x16
              RenderText {#text} at (350,96) size 54x16
                text run at (350,96) width 54: "within"
          RenderText {#text} at (404,96) size 899x32
            text run at (404,96) width 495: " elements too. (with monospace font from for to within)"
            text run at (899,96) width 0: " "
            text run at (0,112) width 198: "Letter   spacing test "
          RenderInline {EM} at (0,0) size 32x16
            RenderText {#text} at (198,112) size 32x16
              text run at (198,112) width 32: "for"
          RenderText {#text} at (230,112) size 9x16
            text run at (230,112) width 9: " "
          RenderInline {STRONG} at (0,0) size 102x16
            RenderText {#text} at (239,112) size 102x16
              text run at (239,112) width 102: "elements"
          RenderText {#text} at (341,112) size 9x16
            text run at (341,112) width 9: " "
          RenderInline {SPAN} at (0,0) size 171x16
            RenderInline {TT} at (0,0) size 54x16
              RenderText {#text} at (350,112) size 54x16
                text run at (350,112) width 54: "within"
            RenderText {#text} at (404,112) size 117x16
              text run at (404,112) width 117: " elements too"
          RenderText {#text} at (521,112) size 396x16
            text run at (521,112) width 396: ". (with monospace font from elements to too)"
            text run at (917,112) width 0: " "
      RenderBlock (anonymous) at (0,773) size 784x206
        RenderBR {BR} at (1088,0) size 0x16
      RenderBlock {PRE} at (0,995) size 784x162
        RenderBlock {H3} at (0,0) size 784x18
          RenderText {#text} at (0,0) size 247x18
            text run at (0,0) width 247: "In an un-floated pre"
        RenderBlock (anonymous) at (0,34) size 784x128
          RenderText {#text} at (0,0) size 198x32
            text run at (0,0) width 0: " "
            text run at (0,16) width 198: "Letter   spacing test "
          RenderInline {EM} at (0,0) size 32x16
            RenderText {#text} at (198,16) size 32x16
              text run at (198,16) width 32: "for"
          RenderText {#text} at (230,16) size 9x16
            text run at (230,16) width 9: " "
          RenderInline {STRONG} at (0,0) size 102x16
            RenderText {#text} at (239,16) size 102x16
              text run at (239,16) width 102: "elements"
          RenderText {#text} at (341,16) size 9x16
            text run at (341,16) width 9: " "
          RenderInline {TT} at (0,0) size 54x16
            RenderText {#text} at (350,16) size 54x16
              text run at (350,16) width 54: "within"
          RenderText {#text} at (404,16) size 530x32
            text run at (404,16) width 126: " elements too."
            text run at (530,16) width 0: " "
            text run at (0,32) width 198: "Letter   spacing test "
          RenderInline {EM} at (0,0) size 32x16
            RenderText {#text} at (198,32) size 32x16
              text run at (198,32) width 32: "for"
          RenderText {#text} at (230,32) size 9x16
            text run at (230,32) width 9: " "
          RenderInline {STRONG} at (0,0) size 102x16
            RenderText {#text} at (239,32) size 102x16
              text run at (239,32) width 102: "elements"
          RenderText {#text} at (341,32) size 9x16
            text run at (341,32) width 9: " "
          RenderInline {TT} at (0,0) size 54x16
            RenderText {#text} at (350,32) size 54x16
              text run at (350,32) width 54: "within"
          RenderText {#text} at (404,32) size 90x16
            text run at (404,32) width 90: " elements "
          RenderText {#text} at (494,32) size 899x32
            text run at (494,32) width 405: " too. (with comment between elements and too)"
            text run at (899,32) width 0: " "
            text run at (0,48) width 198: "Letter   spacing test "
          RenderInline {EM} at (0,0) size 32x16
            RenderText {#text} at (198,48) size 32x16
              text run at (198,48) width 32: "for"
          RenderText {#text} at (230,48) size 9x16
            text run at (230,48) width 9: " "
          RenderInline {STRONG} at (0,0) size 102x16
            RenderText {#text} at (239,48) size 102x16
              text run at (239,48) width 102: "elements"
          RenderText {#text} at (341,48) size 9x16
            text run at (341,48) width 9: " "
          RenderInline {TT} at (0,0) size 54x16
            RenderText {#text} at (350,48) size 54x16
              text run at (350,48) width 54: "within"
          RenderText {#text} at (404,48) size 81x16
            text run at (404,48) width 81: " elements"
          RenderText {#text} at (485,48) size 1088x32
            text run at (485,48) width 603: " too. (with comment (no preceeding space) between elements and too)"
            text run at (1088,48) width 0: " "
            text run at (0,64) width 198: "Letter   spacing test "
          RenderInline {EM} at (0,0) size 32x16
            RenderText {#text} at (198,64) size 32x16
              text run at (198,64) width 32: "for"
          RenderText {#text} at (230,64) size 9x16
            text run at (230,64) width 9: " "
          RenderInline {STRONG} at (0,0) size 102x16
            RenderText {#text} at (239,64) size 102x16
              text run at (239,64) width 102: "elements"
          RenderText {#text} at (341,64) size 9x16
            text run at (341,64) width 9: " "
          RenderInline {TT} at (0,0) size 54x16
            RenderText {#text} at (350,64) size 54x16
              text run at (350,64) width 54: "within"
          RenderText {#text} at (404,64) size 90x16
            text run at (404,64) width 90: " elements "
          RenderText {#text} at (494,64) size 576x16
            text run at (494,64) width 576: "too. (with comment (no trailing space) between elements and too)"
            text run at (1070,64) width 0: " "
          RenderInline {SPAN} at (0,0) size 341x16
            RenderText {#text} at (0,80) size 198x16
              text run at (0,80) width 198: "Letter   spacing test "
            RenderInline {EM} at (0,0) size 32x16
              RenderText {#text} at (198,80) size 32x16
                text run at (198,80) width 32: "for"
            RenderText {#text} at (230,80) size 9x16
              text run at (230,80) width 9: " "
            RenderInline {STRONG} at (0,0) size 102x16
              RenderText {#text} at (239,80) size 102x16
                text run at (239,80) width 102: "elements"
          RenderText {#text} at (341,80) size 9x16
            text run at (341,80) width 9: " "
          RenderInline {TT} at (0,0) size 54x16
            RenderText {#text} at (350,80) size 54x16
              text run at (350,80) width 54: "within"
          RenderText {#text} at (404,80) size 944x32
            text run at (404,80) width 540: " elements too. (with monospace font from Letter to elements)"
            text run at (944,80) width 0: " "
            text run at (0,96) width 198: "Letter   spacing test "
          RenderInline {SPAN} at (0,0) size 206x16
            RenderInline {EM} at (0,0) size 32x16
              RenderText {#text} at (198,96) size 32x16
                text run at (198,96) width 32: "for"
            RenderText {#text} at (230,96) size 9x16
              text run at (230,96) width 9: " "
            RenderInline {STRONG} at (0,0) size 102x16
              RenderText {#text} at (239,96) size 102x16
                text run at (239,96) width 102: "elements"
            RenderText {#text} at (341,96) size 9x16
              text run at (341,96) width 9: " "
            RenderInline {TT} at (0,0) size 54x16
              RenderText {#text} at (350,96) size 54x16
                text run at (350,96) width 54: "within"
          RenderText {#text} at (404,96) size 899x32
            text run at (404,96) width 495: " elements too. (with monospace font from for to within)"
            text run at (899,96) width 0: " "
            text run at (0,112) width 198: "Letter   spacing test "
          RenderInline {EM} at (0,0) size 32x16
            RenderText {#text} at (198,112) size 32x16
              text run at (198,112) width 32: "for"
          RenderText {#text} at (230,112) size 9x16
            text run at (230,112) width 9: " "
          RenderInline {STRONG} at (0,0) size 102x16
            RenderText {#text} at (239,112) size 102x16
              text run at (239,112) width 102: "elements"
          RenderText {#text} at (341,112) size 9x16
            text run at (341,112) width 9: " "
          RenderInline {SPAN} at (0,0) size 171x16
            RenderInline {TT} at (0,0) size 54x16
              RenderText {#text} at (350,112) size 54x16
                text run at (350,112) width 54: "within"
            RenderText {#text} at (404,112) size 117x16
              text run at (404,112) width 117: " elements too"
          RenderText {#text} at (521,112) size 396x16
            text run at (521,112) width 396: ". (with monospace font from elements to too)"
            text run at (917,112) width 0: " "
      RenderBlock (anonymous) at (0,1171) size 784x16
        RenderBR {BR} at (0,0) size 0x16
        RenderInline {SPAN} at (0,0) size 0x0
          RenderText {#text} at (0,0) size 0x0
      RenderBlock (anonymous) at (0,1203) size 784x18
        RenderBlock {H3} at (0,0) size 784x18
          RenderText {#text} at (0,0) size 114x18
            text run at (0,0) width 114: "In a span"
      RenderBlock (anonymous) at (0,1237) size 784x240
        RenderInline {SPAN} at (0,0) size 776x208
          RenderText {#text} at (0,0) size 221x16
            text run at (0,0) width 76: "Letter "
            text run at (76,0) width 145: "spacing test "
          RenderInline {EM} at (0,0) size 32x16
            RenderText {#text} at (221,0) size 32x16
              text run at (221,0) width 32: "for"
          RenderText {#text} at (253,0) size 9x16
            text run at (253,0) width 9: " "
          RenderInline {STRONG} at (0,0) size 102x16
            RenderText {#text} at (262,0) size 102x16
              text run at (262,0) width 102: "elements"
          RenderText {#text} at (364,0) size 9x16
            text run at (364,0) width 9: " "
          RenderInline {TT} at (0,0) size 54x16
            RenderText {#text} at (373,0) size 54x16
              text run at (373,0) width 54: "within"
          RenderText {#text} at (427,0) size 158x16
            text run at (427,0) width 158: " elements too."
          RenderBR {BR} at (585,13) size 0x0
          RenderText {#text} at (0,16) size 221x16
            text run at (0,16) width 76: "Letter "
            text run at (76,16) width 145: "spacing test "
          RenderInline {EM} at (0,0) size 32x16
            RenderText {#text} at (221,16) size 32x16
              text run at (221,16) width 32: "for"
          RenderText {#text} at (253,16) size 9x16
            text run at (253,16) width 9: " "
          RenderInline {STRONG} at (0,0) size 102x16
            RenderText {#text} at (262,16) size 102x16
              text run at (262,16) width 102: "elements"
          RenderText {#text} at (364,16) size 9x16
            text run at (364,16) width 9: " "
          RenderInline {TT} at (0,0) size 54x16
            RenderText {#text} at (373,16) size 54x16
              text run at (373,16) width 54: "within"
          RenderText {#text} at (427,16) size 115x16
            text run at (427,16) width 115: " elements "
          RenderText {#text} at (542,16) size 750x32
            text run at (542,16) width 208: "too. (with comment"
            text run at (0,32) width 296: "between elements and too)"
          RenderBR {BR} at (296,45) size 0x0
          RenderText {#text} at (0,48) size 221x16
            text run at (0,48) width 76: "Letter "
            text run at (76,48) width 145: "spacing test "
          RenderInline {EM} at (0,0) size 32x16
            RenderText {#text} at (221,48) size 32x16
              text run at (221,48) width 32: "for"
          RenderText {#text} at (253,48) size 9x16
            text run at (253,48) width 9: " "
          RenderInline {STRONG} at (0,0) size 102x16
            RenderText {#text} at (262,48) size 102x16
              text run at (262,48) width 102: "elements"
          RenderText {#text} at (364,48) size 9x16
            text run at (364,48) width 9: " "
          RenderInline {TT} at (0,0) size 54x16
            RenderText {#text} at (373,48) size 54x16
              text run at (373,48) width 54: "within"
          RenderText {#text} at (427,48) size 106x16
            text run at (427,48) width 106: " elements"
          RenderText {#text} at (533,48) size 750x32
            text run at (533,48) width 217: " too. (with comment"
            text run at (0,64) width 553: "(no preceeding space) between elements and too)"
          RenderBR {BR} at (553,77) size 0x0
          RenderText {#text} at (0,80) size 221x16
            text run at (0,80) width 76: "Letter "
            text run at (76,80) width 145: "spacing test "
          RenderInline {EM} at (0,0) size 32x16
            RenderText {#text} at (221,80) size 32x16
              text run at (221,80) width 32: "for"
          RenderText {#text} at (253,80) size 9x16
            text run at (253,80) width 9: " "
          RenderInline {STRONG} at (0,0) size 102x16
            RenderText {#text} at (262,80) size 102x16
              text run at (262,80) width 102: "elements"
          RenderText {#text} at (364,80) size 9x16
            text run at (364,80) width 9: " "
          RenderInline {TT} at (0,0) size 54x16
            RenderText {#text} at (373,80) size 54x16
              text run at (373,80) width 54: "within"
          RenderText {#text} at (427,80) size 115x16
            text run at (427,80) width 115: " elements "
          RenderText {#text} at (542,80) size 750x32
            text run at (542,80) width 208: "too. (with comment"
            text run at (0,96) width 514: "(no trailing space) between elements and too)"
          RenderBR {BR} at (514,109) size 0x0
          RenderInline {SPAN} at (0,0) size 323x16
            RenderText {#text} at (0,112) size 180x16
              text run at (0,112) width 63: "Letter "
              text run at (63,112) width 117: "spacing test "
            RenderInline {EM} at (0,0) size 32x16
              RenderText {#text} at (180,112) size 32x16
                text run at (180,112) width 32: "for"
            RenderText {#text} at (212,112) size 9x16
              text run at (212,112) width 9: " "
            RenderInline {STRONG} at (0,0) size 102x16
              RenderText {#text} at (221,112) size 102x16
                text run at (221,112) width 102: "elements"
          RenderText {#text} at (323,112) size 9x16
            text run at (323,112) width 9: " "
          RenderInline {TT} at (0,0) size 54x16
            RenderText {#text} at (332,112) size 54x16
              text run at (332,112) width 54: "within"
          RenderText {#text} at (386,112) size 735x32
            text run at (386,112) width 349: " elements too. (with monospace"
            text run at (0,128) width 324: "font from Letter to elements)"
          RenderBR {BR} at (324,141) size 0x0
          RenderText {#text} at (0,144) size 221x16
            text run at (0,144) width 76: "Letter "
            text run at (76,144) width 145: "spacing test "
          RenderInline {SPAN} at (0,0) size 206x16
            RenderInline {EM} at (0,0) size 32x16
              RenderText {#text} at (221,144) size 32x16
                text run at (221,144) width 32: "for"
            RenderText {#text} at (253,144) size 9x16
              text run at (253,144) width 9: " "
            RenderInline {STRONG} at (0,0) size 102x16
              RenderText {#text} at (262,144) size 102x16
                text run at (262,144) width 102: "elements"
            RenderText {#text} at (364,144) size 9x16
              text run at (364,144) width 9: " "
            RenderInline {TT} at (0,0) size 54x16
              RenderText {#text} at (373,144) size 54x16
                text run at (373,144) width 54: "within"
          RenderText {#text} at (427,144) size 776x32
            text run at (427,144) width 349: " elements too. (with monospace"
            text run at (0,160) width 258: "font from for to within)"
          RenderBR {BR} at (258,173) size 0x0
          RenderText {#text} at (0,176) size 221x16
            text run at (0,176) width 76: "Letter "
            text run at (76,176) width 145: "spacing test "
          RenderInline {EM} at (0,0) size 32x16
            RenderText {#text} at (221,176) size 32x16
              text run at (221,176) width 32: "for"
          RenderText {#text} at (253,176) size 9x16
            text run at (253,176) width 9: " "
          RenderInline {STRONG} at (0,0) size 102x16
            RenderText {#text} at (262,176) size 102x16
              text run at (262,176) width 102: "elements"
          RenderText {#text} at (364,176) size 9x16
            text run at (364,176) width 9: " "
          RenderInline {SPAN} at (0,0) size 171x16
            RenderInline {TT} at (0,0) size 54x16
              RenderText {#text} at (373,176) size 54x16
                text run at (373,176) width 54: "within"
            RenderText {#text} at (427,176) size 117x16
              text run at (427,176) width 117: " elements too"
          RenderText {#text} at (544,176) size 743x32
            text run at (544,176) width 199: ". (with monospace"
            text run at (0,192) width 301: "font from elements to too) "
        RenderText {#text} at (0,0) size 0x0
        RenderBR {BR} at (0,0) size 0x0
        RenderBR {BR} at (0,208) size 0x16
        RenderBR {BR} at (0,224) size 0x16
      RenderBlock {H2} at (0,1494) size 784x24
        RenderText {#text} at (0,0) size 134x23
          text run at (0,0) width 134: "both-spacing"
      RenderBlock (floating) {PRE} at (0,1549) size 1451x178
        RenderBlock {H3} at (0,16) size 1451x18
          RenderText {#text} at (0,0) size 252x18
            text run at (0,0) width 252: "In a floated pre"
        RenderBlock (anonymous) at (0,50) size 1451x128
          RenderText {#text} at (0,0) size 379x32
            text run at (0,0) width 0: " "
            text run at (0,16) width 379: "Word and letter   spacing test "
          RenderInline {EM} at (0,0) size 32x16
            RenderText {#text} at (379,16) size 32x16
              text run at (379,16) width 32: "for"
          RenderText {#text} at (431,16) size 9x16
            text run at (431,16) width 9: " "
          RenderInline {STRONG} at (0,0) size 102x16
            RenderText {#text} at (440,16) size 102x16
              text run at (440,16) width 102: "elements"
          RenderText {#text} at (562,16) size 9x16
            text run at (562,16) width 9: " "
          RenderInline {TT} at (0,0) size 54x16
            RenderText {#text} at (571,16) size 54x16
              text run at (571,16) width 54: "within"
          RenderText {#text} at (645,16) size 811x32
            text run at (645,16) width 146: " elements too."
            text run at (811,16) width 0: " "
            text run at (0,32) width 379: "Word and letter   spacing test "
          RenderInline {EM} at (0,0) size 32x16
            RenderText {#text} at (379,32) size 32x16
              text run at (379,32) width 32: "for"
          RenderText {#text} at (431,32) size 9x16
            text run at (431,32) width 9: " "
          RenderInline {STRONG} at (0,0) size 102x16
            RenderText {#text} at (440,32) size 102x16
              text run at (440,32) width 102: "elements"
          RenderText {#text} at (562,32) size 9x16
            text run at (562,32) width 9: " "
          RenderInline {TT} at (0,0) size 54x16
            RenderText {#text} at (571,32) size 54x16
              text run at (571,32) width 54: "within"
          RenderText {#text} at (645,32) size 110x16
            text run at (645,32) width 110: " elements "
          RenderText {#text} at (755,32) size 1300x32
            text run at (755,32) width 525: " too. (with comment between elements and too)"
            text run at (1300,32) width 0: " "
            text run at (0,48) width 379: "Word and letter   spacing test "
          RenderInline {EM} at (0,0) size 32x16
            RenderText {#text} at (379,48) size 32x16
              text run at (379,48) width 32: "for"
          RenderText {#text} at (431,48) size 9x16
            text run at (431,48) width 9: " "
          RenderInline {STRONG} at (0,0) size 102x16
            RenderText {#text} at (440,48) size 102x16
              text run at (440,48) width 102: "elements"
          RenderText {#text} at (562,48) size 9x16
            text run at (562,48) width 9: " "
          RenderInline {TT} at (0,0) size 54x16
            RenderText {#text} at (571,48) size 54x16
              text run at (571,48) width 54: "within"
          RenderText {#text} at (645,48) size 81x16
            text run at (645,48) width 81: " elements"
          RenderText {#text} at (746,48) size 1549x32
            text run at (746,48) width 783: " too. (with comment (no preceeding space) between elements and too)"
            text run at (1549,48) width 0: " "
            text run at (0,64) width 379: "Word and letter   spacing test "
          RenderInline {EM} at (0,0) size 32x16
            RenderText {#text} at (379,64) size 32x16
              text run at (379,64) width 32: "for"
          RenderText {#text} at (431,64) size 9x16
            text run at (431,64) width 9: " "
          RenderInline {STRONG} at (0,0) size 102x16
            RenderText {#text} at (440,64) size 102x16
              text run at (440,64) width 102: "elements"
          RenderText {#text} at (562,64) size 9x16
            text run at (562,64) width 9: " "
          RenderInline {TT} at (0,0) size 54x16
            RenderText {#text} at (571,64) size 54x16
              text run at (571,64) width 54: "within"
          RenderText {#text} at (645,64) size 110x16
            text run at (645,64) width 110: " elements "
          RenderText {#text} at (755,64) size 776x16
            text run at (755,64) width 756: "too. (with comment (no trailing space) between elements and too)"
            text run at (1531,64) width 0: " "
          RenderInline {SPAN} at (0,0) size 542x16
            RenderText {#text} at (0,80) size 379x16
              text run at (0,80) width 379: "Word and letter   spacing test "
            RenderInline {EM} at (0,0) size 32x16
              RenderText {#text} at (379,80) size 32x16
                text run at (379,80) width 32: "for"
            RenderText {#text} at (431,80) size 9x16
              text run at (431,80) width 9: " "
            RenderInline {STRONG} at (0,0) size 102x16
              RenderText {#text} at (440,80) size 102x16
                text run at (440,80) width 102: "elements"
          RenderText {#text} at (562,80) size 9x16
            text run at (562,80) width 9: " "
          RenderInline {TT} at (0,0) size 54x16
            RenderText {#text} at (571,80) size 54x16
              text run at (571,80) width 54: "within"
          RenderText {#text} at (645,80) size 1347x32
            text run at (645,80) width 682: " elements too. (with monospace font from Word to elements)"
            text run at (1347,80) width 0: " "
            text run at (0,96) width 379: "Word and letter   spacing test "
          RenderInline {SPAN} at (0,0) size 246x16
            RenderInline {EM} at (0,0) size 32x16
              RenderText {#text} at (379,96) size 32x16
                text run at (379,96) width 32: "for"
            RenderText {#text} at (431,96) size 9x16
              text run at (431,96) width 9: " "
            RenderInline {STRONG} at (0,0) size 102x16
              RenderText {#text} at (440,96) size 102x16
                text run at (440,96) width 102: "elements"
            RenderText {#text} at (562,96) size 9x16
              text run at (562,96) width 9: " "
            RenderInline {TT} at (0,0) size 54x16
              RenderText {#text} at (571,96) size 54x16
                text run at (571,96) width 54: "within"
          RenderText {#text} at (645,96) size 1320x32
            text run at (645,96) width 655: " elements too. (with monospace font from for to within)"
            text run at (1320,96) width 0: " "
            text run at (0,112) width 379: "Word and letter   spacing test "
          RenderInline {EM} at (0,0) size 32x16
            RenderText {#text} at (379,112) size 32x16
              text run at (379,112) width 32: "for"
          RenderText {#text} at (431,112) size 9x16
            text run at (431,112) width 9: " "
          RenderInline {STRONG} at (0,0) size 102x16
            RenderText {#text} at (440,112) size 102x16
              text run at (440,112) width 102: "elements"
          RenderText {#text} at (562,112) size 9x16
            text run at (562,112) width 9: " "
          RenderInline {SPAN} at (0,0) size 211x16
            RenderInline {TT} at (0,0) size 54x16
              RenderText {#text} at (571,112) size 54x16
                text run at (571,112) width 54: "within"
            RenderText {#text} at (645,112) size 137x16
              text run at (645,112) width 137: " elements too"
          RenderText {#text} at (782,112) size 556x16
            text run at (782,112) width 536: ". (with monospace font from elements to too)"
            text run at (1338,112) width 0: " "
      RenderBlock (anonymous) at (0,1535) size 784x206
        RenderBR {BR} at (1451,0) size 0x16
      RenderBlock {PRE} at (0,1757) size 784x162
        RenderBlock {H3} at (0,0) size 784x18
          RenderText {#text} at (0,0) size 307x18
            text run at (0,0) width 307: "In an un-floated pre"
        RenderBlock (anonymous) at (0,34) size 784x128
          RenderText {#text} at (0,0) size 379x32
            text run at (0,0) width 0: " "
            text run at (0,16) width 379: "Word and letter   spacing test "
          RenderInline {EM} at (0,0) size 32x16
            RenderText {#text} at (379,16) size 32x16
              text run at (379,16) width 32: "for"
          RenderText {#text} at (431,16) size 9x16
            text run at (431,16) width 9: " "
          RenderInline {STRONG} at (0,0) size 102x16
            RenderText {#text} at (440,16) size 102x16
              text run at (440,16) width 102: "elements"
          RenderText {#text} at (562,16) size 9x16
            text run at (562,16) width 9: " "
          RenderInline {TT} at (0,0) size 54x16
            RenderText {#text} at (571,16) size 54x16
              text run at (571,16) width 54: "within"
          RenderText {#text} at (645,16) size 811x32
            text run at (645,16) width 146: " elements too."
            text run at (811,16) width 0: " "
            text run at (0,32) width 379: "Word and letter   spacing test "
          RenderInline {EM} at (0,0) size 32x16
            RenderText {#text} at (379,32) size 32x16
              text run at (379,32) width 32: "for"
          RenderText {#text} at (431,32) size 9x16
            text run at (431,32) width 9: " "
          RenderInline {STRONG} at (0,0) size 102x16
            RenderText {#text} at (440,32) size 102x16
              text run at (440,32) width 102: "elements"
          RenderText {#text} at (562,32) size 9x16
            text run at (562,32) width 9: " "
          RenderInline {TT} at (0,0) size 54x16
            RenderText {#text} at (571,32) size 54x16
              text run at (571,32) width 54: "within"
          RenderText {#text} at (645,32) size 110x16
            text run at (645,32) width 110: " elements "
          RenderText {#text} at (755,32) size 1300x32
            text run at (755,32) width 525: " too. (with comment between elements and too)"
            text run at (1300,32) width 0: " "
            text run at (0,48) width 379: "Word and letter   spacing test "
          RenderInline {EM} at (0,0) size 32x16
            RenderText {#text} at (379,48) size 32x16
              text run at (379,48) width 32: "for"
          RenderText {#text} at (431,48) size 9x16
            text run at (431,48) width 9: " "
          RenderInline {STRONG} at (0,0) size 102x16
            RenderText {#text} at (440,48) size 102x16
              text run at (440,48) width 102: "elements"
          RenderText {#text} at (562,48) size 9x16
            text run at (562,48) width 9: " "
          RenderInline {TT} at (0,0) size 54x16
            RenderText {#text} at (571,48) size 54x16
              text run at (571,48) width 54: "within"
          RenderText {#text} at (645,48) size 81x16
            text run at (645,48) width 81: " elements"
          RenderText {#text} at (746,48) size 1549x32
            text run at (746,48) width 783: " too. (with comment (no preceeding space) between elements and too)"
            text run at (1549,48) width 0: " "
            text run at (0,64) width 379: "Word and letter   spacing test "
          RenderInline {EM} at (0,0) size 32x16
            RenderText {#text} at (379,64) size 32x16
              text run at (379,64) width 32: "for"
          RenderText {#text} at (431,64) size 9x16
            text run at (431,64) width 9: " "
          RenderInline {STRONG} at (0,0) size 102x16
            RenderText {#text} at (440,64) size 102x16
              text run at (440,64) width 102: "elements"
          RenderText {#text} at (562,64) size 9x16
            text run at (562,64) width 9: " "
          RenderInline {TT} at (0,0) size 54x16
            RenderText {#text} at (571,64) size 54x16
              text run at (571,64) width 54: "within"
          RenderText {#text} at (645,64) size 110x16
            text run at (645,64) width 110: " elements "
          RenderText {#text} at (755,64) size 776x16
            text run at (755,64) width 756: "too. (with comment (no trailing space) between elements and too)"
            text run at (1531,64) width 0: " "
          RenderInline {SPAN} at (0,0) size 542x16
            RenderText {#text} at (0,80) size 379x16
              text run at (0,80) width 379: "Word and letter   spacing test "
            RenderInline {EM} at (0,0) size 32x16
              RenderText {#text} at (379,80) size 32x16
                text run at (379,80) width 32: "for"
            RenderText {#text} at (431,80) size 9x16
              text run at (431,80) width 9: " "
            RenderInline {STRONG} at (0,0) size 102x16
              RenderText {#text} at (440,80) size 102x16
                text run at (440,80) width 102: "elements"
          RenderText {#text} at (562,80) size 9x16
            text run at (562,80) width 9: " "
          RenderInline {TT} at (0,0) size 54x16
            RenderText {#text} at (571,80) size 54x16
              text run at (571,80) width 54: "within"
          RenderText {#text} at (645,80) size 1347x32
            text run at (645,80) width 682: " elements too. (with monospace font from Word to elements)"
            text run at (1347,80) width 0: " "
            text run at (0,96) width 379: "Word and letter   spacing test "
          RenderInline {SPAN} at (0,0) size 246x16
            RenderInline {EM} at (0,0) size 32x16
              RenderText {#text} at (379,96) size 32x16
                text run at (379,96) width 32: "for"
            RenderText {#text} at (431,96) size 9x16
              text run at (431,96) width 9: " "
            RenderInline {STRONG} at (0,0) size 102x16
              RenderText {#text} at (440,96) size 102x16
                text run at (440,96) width 102: "elements"
            RenderText {#text} at (562,96) size 9x16
              text run at (562,96) width 9: " "
            RenderInline {TT} at (0,0) size 54x16
              RenderText {#text} at (571,96) size 54x16
                text run at (571,96) width 54: "within"
          RenderText {#text} at (645,96) size 1320x32
            text run at (645,96) width 655: " elements too. (with monospace font from for to within)"
            text run at (1320,96) width 0: " "
            text run at (0,112) width 379: "Word and letter   spacing test "
          RenderInline {EM} at (0,0) size 32x16
            RenderText {#text} at (379,112) size 32x16
              text run at (379,112) width 32: "for"
          RenderText {#text} at (431,112) size 9x16
            text run at (431,112) width 9: " "
          RenderInline {STRONG} at (0,0) size 102x16
            RenderText {#text} at (440,112) size 102x16
              text run at (440,112) width 102: "elements"
          RenderText {#text} at (562,112) size 9x16
            text run at (562,112) width 9: " "
          RenderInline {SPAN} at (0,0) size 211x16
            RenderInline {TT} at (0,0) size 54x16
              RenderText {#text} at (571,112) size 54x16
                text run at (571,112) width 54: "within"
            RenderText {#text} at (645,112) size 137x16
              text run at (645,112) width 137: " elements too"
          RenderText {#text} at (782,112) size 556x16
            text run at (782,112) width 536: ". (with monospace font from elements to too)"
            text run at (1338,112) width 0: " "
      RenderBlock (anonymous) at (0,1933) size 784x16
        RenderBR {BR} at (0,0) size 0x16
        RenderInline {SPAN} at (0,0) size 0x0
          RenderText {#text} at (0,0) size 0x0
      RenderBlock (anonymous) at (0,1965) size 784x18
        RenderBlock {H3} at (0,0) size 784x18
          RenderText {#text} at (0,0) size 154x18
            text run at (0,0) width 154: "In a span"
      RenderBlock (anonymous) at (0,1999) size 784x256
        RenderInline {SPAN} at (0,0) size 787x256
          RenderText {#text} at (0,0) size 427x16
            text run at (0,0) width 242: "Word and letter "
            text run at (242,0) width 185: "spacing test "
          RenderInline {EM} at (0,0) size 32x16
            RenderText {#text} at (427,0) size 32x16
              text run at (427,0) width 32: "for"
          RenderText {#text} at (479,0) size 9x16
            text run at (479,0) width 9: " "
          RenderInline {STRONG} at (0,0) size 102x16
            RenderText {#text} at (488,0) size 102x16
              text run at (488,0) width 102: "elements"
          RenderText {#text} at (610,0) size 9x16
            text run at (610,0) width 9: " "
          RenderInline {TT} at (0,0) size 54x16
            RenderText {#text} at (619,0) size 54x16
              text run at (619,0) width 54: "within"
          RenderText {#text} at (0,16) size 169x16
            text run at (0,16) width 169: "elements too."
          RenderBR {BR} at (189,29) size 0x0
          RenderText {#text} at (0,32) size 427x16
            text run at (0,32) width 242: "Word and letter "
            text run at (242,32) width 185: "spacing test "
          RenderInline {EM} at (0,0) size 32x16
            RenderText {#text} at (427,32) size 32x16
              text run at (427,32) width 32: "for"
          RenderText {#text} at (479,32) size 9x16
            text run at (479,32) width 9: " "
          RenderInline {STRONG} at (0,0) size 102x16
            RenderText {#text} at (488,32) size 102x16
              text run at (488,32) width 102: "elements"
          RenderText {#text} at (610,32) size 9x16
            text run at (610,32) width 9: " "
          RenderInline {TT} at (0,0) size 54x16
            RenderText {#text} at (619,32) size 54x16
              text run at (619,32) width 54: "within"
          RenderText {#text} at (0,48) size 126x16
            text run at (0,48) width 126: "elements "
          RenderText {#text} at (126,48) size 633x16
            text run at (126,48) width 633: "too. (with comment between elements and too)"
          RenderBR {BR} at (779,61) size 0x0
          RenderText {#text} at (0,64) size 427x16
            text run at (0,64) width 242: "Word and letter "
            text run at (242,64) width 185: "spacing test "
          RenderInline {EM} at (0,0) size 32x16
            RenderText {#text} at (427,64) size 32x16
              text run at (427,64) width 32: "for"
          RenderText {#text} at (479,64) size 9x16
            text run at (479,64) width 9: " "
          RenderInline {STRONG} at (0,0) size 102x16
            RenderText {#text} at (488,64) size 102x16
              text run at (488,64) width 102: "elements"
          RenderText {#text} at (610,64) size 9x16
            text run at (610,64) width 9: " "
          RenderInline {TT} at (0,0) size 54x16
            RenderText {#text} at (619,64) size 54x16
              text run at (619,64) width 54: "within"
          RenderText {#text} at (0,80) size 97x16
            text run at (0,80) width 97: "elements"
          RenderText {#text} at (117,80) size 691x32
            text run at (117,80) width 574: " too. (with comment (no preceeding space)"
            text run at (0,96) width 356: "between elements and too)"
          RenderBR {BR} at (376,109) size 0x0
          RenderText {#text} at (0,112) size 427x16
            text run at (0,112) width 242: "Word and letter "
            text run at (242,112) width 185: "spacing test "
          RenderInline {EM} at (0,0) size 32x16
            RenderText {#text} at (427,112) size 32x16
              text run at (427,112) width 32: "for"
          RenderText {#text} at (479,112) size 9x16
            text run at (479,112) width 9: " "
          RenderInline {STRONG} at (0,0) size 102x16
            RenderText {#text} at (488,112) size 102x16
              text run at (488,112) width 102: "elements"
          RenderText {#text} at (610,112) size 9x16
            text run at (610,112) width 9: " "
          RenderInline {TT} at (0,0) size 54x16
            RenderText {#text} at (619,112) size 54x16
              text run at (619,112) width 54: "within"
          RenderText {#text} at (0,128) size 126x16
            text run at (0,128) width 126: "elements "
          RenderText {#text} at (126,128) size 769x32
            text run at (126,128) width 643: "too. (with comment (no trailing space) between"
            text run at (0,144) width 239: "elements and too)"
          RenderBR {BR} at (259,157) size 0x0
          RenderInline {SPAN} at (0,0) size 524x16
            RenderText {#text} at (0,160) size 361x16
              text run at (0,160) width 204: "Word and letter "
              text run at (204,160) width 157: "spacing test "
            RenderInline {EM} at (0,0) size 32x16
              RenderText {#text} at (361,160) size 32x16
                text run at (361,160) width 32: "for"
            RenderText {#text} at (413,160) size 9x16
              text run at (413,160) width 9: " "
            RenderInline {STRONG} at (0,0) size 102x16
              RenderText {#text} at (422,160) size 102x16
                text run at (422,160) width 102: "elements"
          RenderText {#text} at (544,160) size 9x16
            text run at (544,160) width 9: " "
          RenderInline {TT} at (0,0) size 54x16
            RenderText {#text} at (553,160) size 54x16
              text run at (553,160) width 54: "within"
          RenderText {#text} at (627,160) size 733x32
            text run at (627,160) width 106: " elements"
            text run at (0,176) width 694: "too. (with monospace font from Word to elements)"
          RenderBR {BR} at (714,189) size 0x0
          RenderText {#text} at (0,192) size 427x16
            text run at (0,192) width 242: "Word and letter "
            text run at (242,192) width 185: "spacing test "
          RenderInline {SPAN} at (0,0) size 246x16
            RenderInline {EM} at (0,0) size 32x16
              RenderText {#text} at (427,192) size 32x16
                text run at (427,192) width 32: "for"
            RenderText {#text} at (479,192) size 9x16
              text run at (479,192) width 9: " "
            RenderInline {STRONG} at (0,0) size 102x16
              RenderText {#text} at (488,192) size 102x16
                text run at (488,192) width 102: "elements"
            RenderText {#text} at (610,192) size 9x16
              text run at (610,192) width 9: " "
            RenderInline {TT} at (0,0) size 54x16
              RenderText {#text} at (619,192) size 54x16
                text run at (619,192) width 54: "within"
          RenderText {#text} at (0,208) size 767x16
            text run at (0,208) width 767: "elements too. (with monospace font from for to within)"
          RenderBR {BR} at (787,221) size 0x0
          RenderText {#text} at (0,224) size 427x16
            text run at (0,224) width 242: "Word and letter "
            text run at (242,224) width 185: "spacing test "
          RenderInline {EM} at (0,0) size 32x16
            RenderText {#text} at (427,224) size 32x16
              text run at (427,224) width 32: "for"
          RenderText {#text} at (479,224) size 9x16
            text run at (479,224) width 9: " "
          RenderInline {STRONG} at (0,0) size 102x16
            RenderText {#text} at (488,224) size 102x16
              text run at (488,224) width 102: "elements"
          RenderText {#text} at (610,224) size 9x16
            text run at (610,224) width 9: " "
          RenderInline {SPAN} at (0,0) size 774x32
            RenderInline {TT} at (0,0) size 54x16
              RenderText {#text} at (619,224) size 54x16
                text run at (619,224) width 54: "within"
            RenderText {#text} at (693,224) size 774x32
              text run at (693,224) width 81: " elements"
              text run at (0,240) width 27: "too"
          RenderText {#text} at (27,240) size 640x16
            text run at (27,240) width 640: ". (with monospace font from elements to too)"
        RenderText {#text} at (0,0) size 0x0
        RenderText {#text} at (0,0) size 0x0
        RenderText {#text} at (0,0) size 0x0
