layer at (0,0) size 800x600
  RenderView at (0,0) size 800x600
layer at (0,0) size 800x191
  RenderBlock {html} at (0,0) size 800x191
    RenderBody {body} at (8,16) size 784x159
      RenderBlock {p} at (0,0) size 784x19
        RenderText {#text} at (0,0) size 432x19
          text run at (0,0) width 432: "following elements should appear in blue on an orange background: "
        RenderInline {math} at (0,0) size 59x19
          RenderText {#text} at (0,0) size 0x0
          RenderInline {mo} at (0,0) size 11x19
            RenderText {#text} at (432,0) size 11x19
              text run at (432,0) width 11: "\x{2211}"
          RenderText {#text} at (443,0) size 4x19
            text run at (443,0) width 4: " "
          RenderInline {mfrac} at (0,0) size 16x19
            RenderInline {mi} at (0,0) size 8x19
              RenderText {#text} at (447,0) size 8x19
                text run at (447,0) width 8: "x"
            RenderInline {mi} at (0,0) size 8x19
              RenderText {#text} at (455,0) size 8x19
                text run at (455,0) width 8: "y"
          RenderText {#text} at (463,0) size 4x19
            text run at (463,0) width 4: " "
          RenderInline {mn} at (0,0) size 8x19
            RenderText {#text} at (467,0) size 8x19
              text run at (467,0) width 8: "1"
          RenderText {#text} at (475,0) size 4x19
            text run at (475,0) width 4: " "
          RenderInline {msqrt} at (0,0) size 8x19
            RenderInline {mn} at (0,0) size 8x19
              RenderText {#text} at (479,0) size 8x19
                text run at (479,0) width 8: "2"
          RenderText {#text} at (487,0) size 4x19
            text run at (487,0) width 4: " "
        RenderText {#text} at (0,0) size 0x0
        RenderInline {math} at (0,0) size 16x19
          RenderText {#text} at (0,0) size 0x0
          RenderInline {mfrac} at (0,0) size 16x19
            RenderInline {mi} at (0,0) size 8x19
              RenderText {#text} at (491,0) size 8x19
                text run at (491,0) width 8: "x"
            RenderInline {mi} at (0,0) size 8x19
              RenderText {#text} at (499,0) size 8x19
                text run at (499,0) width 8: "y"
          RenderText {#text} at (0,0) size 0x0
        RenderText {#text} at (0,0) size 0x0
      RenderBlock {p} at (0,35) size 784x19
        RenderText {#text} at (0,0) size 348x19
          text run at (0,0) width 348: "following elements should appear with increasing size: "
        RenderInline {math} at (0,0) size 44x19
          RenderText {#text} at (0,0) size 0x0
          RenderInline {mi} at (0,0) size 8x19
            RenderText {#text} at (348,0) size 8x19
              text run at (348,0) width 8: "x"
          RenderText {#text} at (356,0) size 4x19
            text run at (356,0) width 4: " "
          RenderInline {mi} at (0,0) size 8x19
            RenderText {#text} at (360,0) size 8x19
              text run at (360,0) width 8: "x"
          RenderText {#text} at (368,0) size 4x19
            text run at (368,0) width 4: " "
          RenderInline {mi} at (0,0) size 8x19
            RenderText {#text} at (372,0) size 8x19
              text run at (372,0) width 8: "x"
          RenderText {#text} at (380,0) size 4x19
            text run at (380,0) width 4: " "
          RenderInline {mi} at (0,0) size 8x19
            RenderText {#text} at (384,0) size 8x19
              text run at (384,0) width 8: "x"
          RenderText {#text} at (0,0) size 0x0
        RenderText {#text} at (0,0) size 0x0
      RenderBlock {p} at (0,70) size 784x19
        RenderText {#text} at (0,0) size 86x19
          text run at (0,0) width 86: "font variants: "
        RenderInline {math} at (0,0) size 60x19
          RenderText {#text} at (0,0) size 0x0
          RenderInline {mi} at (0,0) size 12x19
            RenderText {#text} at (86,0) size 12x19
              text run at (86,0) width 12: "A"
          RenderText {#text} at (98,0) size 4x19
            text run at (98,0) width 4: " "
          RenderInline {mi} at (0,0) size 12x19
            RenderText {#text} at (102,0) size 12x19
              text run at (102,0) width 12: "A"
          RenderText {#text} at (114,0) size 4x19
            text run at (114,0) width 4: " "
          RenderInline {mi} at (0,0) size 12x19
            RenderText {#text} at (118,0) size 12x19
              text run at (118,0) width 12: "A"
          RenderText {#text} at (130,0) size 4x19
            text run at (130,0) width 4: " "
          RenderInline {mi} at (0,0) size 12x19
            RenderText {#text} at (134,0) size 12x19
              text run at (134,0) width 12: "A"
          RenderText {#text} at (0,0) size 0x0
        RenderText {#text} at (0,0) size 0x0
      RenderBlock {p} at (0,105) size 784x19
        RenderText {#text} at (0,0) size 152x19
          text run at (0,0) width 152: "test font style attributes: "
        RenderInline {math} at (0,0) size 60x19
          RenderText {#text} at (0,0) size 0x0
          RenderInline {mtext} at (0,0) size 12x19
            RenderText {#text} at (152,0) size 12x19
              text run at (152,0) width 12: "A"
          RenderText {#text} at (164,0) size 4x19
            text run at (164,0) width 4: " "
          RenderInline {mtext} at (0,0) size 12x19
            RenderText {#text} at (168,0) size 12x19
              text run at (168,0) width 12: "A"
          RenderText {#text} at (180,0) size 4x19
            text run at (180,0) width 4: " "
          RenderInline {mtext} at (0,0) size 12x19
            RenderText {#text} at (184,0) size 12x19
              text run at (184,0) width 12: "A"
          RenderText {#text} at (196,0) size 4x19
            text run at (196,0) width 4: " "
          RenderInline {mtext} at (0,0) size 12x19
            RenderText {#text} at (200,0) size 12x19
              text run at (200,0) width 12: "A"
          RenderText {#text} at (0,0) size 0x0
        RenderText {#text} at (0,0) size 0x0
      RenderBlock {p} at (0,140) size 784x19
        RenderText {#text} at (0,0) size 226x19
          text run at (0,0) width 226: "following element should be inline: "
        RenderInline {math} at (0,0) size 12x19
          RenderText {#text} at (0,0) size 0x0
          RenderInline {mi} at (0,0) size 8x19
            RenderText {#text} at (226,0) size 8x19
              text run at (226,0) width 8: "x"
          RenderText {#text} at (234,0) size 4x19
            text run at (234,0) width 4: " "
        RenderText {#text} at (238,0) size 238x19
          text run at (238,0) width 238: ", and this one centered on a new line: "
        RenderInline {math} at (0,0) size 8x19
          RenderText {#text} at (0,0) size 0x0
          RenderInline {mi} at (0,0) size 8x19
            RenderText {#text} at (476,0) size 8x19
              text run at (476,0) width 8: "x"
          RenderText {#text} at (0,0) size 0x0
        RenderText {#text} at (0,0) size 0x0
