layer at (0,0) size 800x600
  RenderView at (0,0) size 800x600
layer at (0,0) size 800x104
  RenderBlock {html} at (0,0) size 800x104
    RenderBody {body} at (8,16) size 784x72
      RenderBlock {p} at (0,0) size 784x72
        RenderBlock {math} at (0,0) size 174x72
          RenderBlock {mfenced} at (1,0) size 172x72
            RenderBlock {mfenced} at (1,14) size 8x58
            RenderBlock {div} at (9,20) size 48x48 [bgcolor=#00FF00]
            RenderBlock {mfenced} at (57,34) size 5x16
              RenderBlock {mfenced} at (0,0) size 4x16
                RenderText {mfenced} at (0,-4) size 4x25
                  text run at (0,-4) width 4: ","
            RenderBlock {div} at (62,20) size 48x48 [bgcolor=#00FF00]
            RenderBlock {mfenced} at (110,34) size 5x16
              RenderBlock {mfenced} at (0,0) size 4x16
                RenderText {mfenced} at (0,-4) size 4x25
                  text run at (0,-4) width 4: ","
            RenderBlock {div} at (115,20) size 48x48 [bgcolor=#00FF00]
            RenderBlock {mfenced} at (163,14) size 8x58
        RenderText {#text} at (0,0) size 0x0
layer at (10,30) size 7x10 scrollHeight 15
  RenderBlock {mfenced} at (0,0) size 7x10
layer at (10,40) size 7x10 scrollHeight 14
  RenderBlock {mfenced} at (0,10) size 7x10
    RenderText {mfenced} at (0,-3) size 7x17
      text run at (0,-3) width 7: "\x{239C}"
layer at (10,50) size 7x10 scrollHeight 14
  RenderBlock {mfenced} at (0,20) size 7x10
    RenderText {mfenced} at (0,-3) size 7x17
      text run at (0,-3) width 7: "\x{239C}"
layer at (10,60) size 7x10 scrollHeight 14
  RenderBlock {mfenced} at (0,30) size 7x10
    RenderText {mfenced} at (0,-3) size 7x17
      text run at (0,-3) width 7: "\x{239C}"
layer at (10,70) size 7x7 scrollHeight 14
  RenderBlock {mfenced} at (0,40) size 7x7
    RenderText {mfenced} at (0,-3) size 7x17
      text run at (0,-3) width 7: "\x{239C}"
layer at (10,77) size 7x11 scrollHeight 14
  RenderBlock {mfenced} at (0,47) size 7x11
layer at (172,30) size 7x10 scrollHeight 15
  RenderBlock {mfenced} at (0,0) size 7x10
layer at (172,40) size 7x10 scrollHeight 14
  RenderBlock {mfenced} at (0,10) size 7x10
    RenderText {mfenced} at (0,-3) size 7x17
      text run at (0,-3) width 7: "\x{239F}"
layer at (172,50) size 7x10 scrollHeight 14
  RenderBlock {mfenced} at (0,20) size 7x10
    RenderText {mfenced} at (0,-3) size 7x17
      text run at (0,-3) width 7: "\x{239F}"
layer at (172,60) size 7x10 scrollHeight 14
  RenderBlock {mfenced} at (0,30) size 7x10
    RenderText {mfenced} at (0,-3) size 7x17
      text run at (0,-3) width 7: "\x{239F}"
layer at (172,70) size 7x7 scrollHeight 14
  RenderBlock {mfenced} at (0,40) size 7x7
    RenderText {mfenced} at (0,-3) size 7x17
      text run at (0,-3) width 7: "\x{239F}"
layer at (172,77) size 7x11 scrollHeight 14
  RenderBlock {mfenced} at (0,47) size 7x11
layer at (10,31) size 7x14 backgroundClip at (10,30) size 7x10 clip at (10,30) size 7x10 outlineClip at (10,30) size 7x10
  RenderBlock (relative positioned) {mfenced} at (0,0) size 7x11
    RenderText {mfenced} at (0,-3) size 7x17
      text run at (0,-3) width 7: "\x{239B}"
layer at (10,74) size 7x14 backgroundClip at (10,77) size 7x11 clip at (10,77) size 7x11 outlineClip at (10,77) size 7x11
  RenderBlock (relative positioned) {mfenced} at (0,0) size 7x11
    RenderText {mfenced} at (0,-3) size 7x17
      text run at (0,-3) width 7: "\x{239D}"
layer at (172,31) size 7x14 backgroundClip at (172,30) size 7x10 clip at (172,30) size 7x10 outlineClip at (172,30) size 7x10
  RenderBlock (relative positioned) {mfenced} at (0,0) size 7x11
    RenderText {mfenced} at (0,-3) size 7x17
      text run at (0,-3) width 7: "\x{239E}"
layer at (172,74) size 7x14 backgroundClip at (172,77) size 7x11 clip at (172,77) size 7x11 outlineClip at (172,77) size 7x11
  RenderBlock (relative positioned) {mfenced} at (0,0) size 7x11
    RenderText {mfenced} at (0,-3) size 7x17
      text run at (0,-3) width 7: "\x{23A0}"
