layer at (0,0) size 800x600
  RenderView at (0,0) size 800x600
layer at (0,0) size 800x140
  RenderBlock {math:math} at (0,0) size 800x138
    RenderBlock {math:mfrac} at (1,42) size 18x36
      RenderBlock {math:mfrac} at (0,0) size 18x17
        RenderInline {math:mi} at (0,0) size 12x21
          RenderText {#text} at (3,-2) size 12x21
            text run at (3,-2) width 12: "B"
      RenderBlock {math:mfrac} at (0,17) size 18x19
        RenderInline {math:mi} at (0,0) size 12x21
          RenderText {#text} at (3,0) size 12x21
            text run at (3,0) width 12: "C"
    RenderBlock {math:mo} at (19,2) size 16x65
      RenderBlock {math:mo} at (0,0) size 16x65
        RenderText {math:mo} at (0,49) size 16x17
          text run at (0,49) width 16: "+"
    RenderBlock {math:mfrac} at (35,19) size 52x59
      RenderBlock {math:mfrac} at (0,0) size 52x40
        RenderBlock {math:mrow} at (3,0) size 46x40
          RenderInline {math:mi} at (0,0) size 12x21
            RenderText {#text} at (0,10) size 12x21
              text run at (0,10) width 12: "B"
          RenderBlock {math:mo} at (12,0) size 16x29
            RenderBlock {math:mo} at (0,0) size 16x29
              RenderText {math:mo} at (0,13) size 16x17
                text run at (0,13) width 16: "+"
          RenderBlock {math:mfrac} at (28,4) size 18x36
            RenderBlock {math:mfrac} at (0,0) size 18x17
              RenderInline {math:mi} at (0,0) size 12x21
                RenderText {#text} at (3,-2) size 12x21
                  text run at (3,-2) width 12: "D"
            RenderBlock {math:mfrac} at (0,17) size 18x19
              RenderInline {math:mi} at (0,0) size 11x21
                RenderText {#text} at (3,0) size 11x21
                  text run at (3,0) width 11: "E"
      RenderBlock {math:mfrac} at (0,40) size 52x19
        RenderInline {math:mi} at (0,0) size 12x21
          RenderText {#text} at (20,0) size 12x21
            text run at (20,0) width 12: "C"
    RenderBlock {math:mo} at (87,2) size 16x65
      RenderBlock {math:mo} at (0,0) size 16x65
        RenderText {math:mo} at (0,49) size 16x17
          text run at (0,49) width 16: "+"
    RenderBlock {math:mfrac} at (103,0) size 86x78
      RenderBlock {math:mfrac} at (0,0) size 86x59
        RenderBlock {math:mrow} at (3,0) size 80x59
          RenderInline {math:mi} at (0,0) size 12x21
            RenderText {#text} at (0,29) size 12x21
              text run at (0,29) width 12: "B"
          RenderBlock {math:mo} at (12,5) size 16x43
            RenderBlock {math:mo} at (0,0) size 16x43
              RenderText {math:mo} at (0,27) size 16x17
                text run at (0,27) width 16: "+"
          RenderBlock {math:mfrac} at (28,0) size 52x59
            RenderBlock {math:mfrac} at (0,0) size 52x40
              RenderBlock {math:mrow} at (3,0) size 46x40
                RenderInline {math:mi} at (0,0) size 12x21
                  RenderText {#text} at (0,10) size 12x21
                    text run at (0,10) width 12: "D"
                RenderBlock {math:mo} at (12,0) size 16x29
                  RenderBlock {math:mo} at (0,0) size 16x29
                    RenderText {math:mo} at (0,13) size 16x17
                      text run at (0,13) width 16: "+"
                RenderBlock {math:mfrac} at (28,4) size 18x36
                  RenderBlock {math:mfrac} at (0,0) size 18x17
                    RenderInline {math:mi} at (0,0) size 10x21
                      RenderText {#text} at (4,-2) size 10x21
                        text run at (4,-2) width 10: "F"
                  RenderBlock {math:mfrac} at (0,17) size 18x19
                    RenderInline {math:mi} at (0,0) size 12x21
                      RenderText {#text} at (3,0) size 12x21
                        text run at (3,0) width 12: "G"
            RenderBlock {math:mfrac} at (0,40) size 52x19
              RenderInline {math:mi} at (0,0) size 11x21
                RenderText {#text} at (20,0) size 11x21
                  text run at (20,0) width 11: "E"
      RenderBlock {math:mfrac} at (0,59) size 86x19
        RenderInline {math:mi} at (0,0) size 12x21
          RenderText {#text} at (37,0) size 12x21
            text run at (37,0) width 12: "C"
    RenderBlock {math:mo} at (189,2) size 16x65
      RenderBlock {math:mo} at (0,0) size 16x65
        RenderText {math:mo} at (0,49) size 16x17
          text run at (0,49) width 16: "+"
    RenderBlock {math:mfrac} at (205,42) size 85x96
      RenderBlock {math:mfrac} at (0,0) size 85x17
        RenderInline {math:mi} at (0,0) size 12x21
          RenderText {#text} at (36,-2) size 12x21
            text run at (36,-2) width 12: "B"
      RenderBlock {math:mfrac} at (0,17) size 85x79
        RenderBlock {math:mrow} at (3,2) size 79x77
          RenderInline {math:mi} at (0,0) size 12x21
            RenderText {#text} at (0,24) size 12x21
              text run at (0,24) width 12: "C"
          RenderBlock {math:mo} at (12,0) size 16x43
            RenderBlock {math:mo} at (0,0) size 16x43
              RenderText {math:mo} at (0,27) size 16x17
                text run at (0,27) width 16: "+"
          RenderBlock {math:mfrac} at (28,18) size 51x59
            RenderBlock {math:mfrac} at (0,0) size 51x17
              RenderInline {math:mi} at (0,0) size 12x21
                RenderText {#text} at (19,-2) size 12x21
                  text run at (19,-2) width 12: "D"
            RenderBlock {math:mfrac} at (0,17) size 51x42
              RenderBlock {math:mrow} at (3,2) size 45x40
                RenderInline {math:mi} at (0,0) size 11x21
                  RenderText {#text} at (0,10) size 11x21
                    text run at (0,10) width 11: "E"
                RenderBlock {math:mo} at (11,0) size 16x29
                  RenderBlock {math:mo} at (0,0) size 16x29
                    RenderText {math:mo} at (0,13) size 16x17
                      text run at (0,13) width 16: "+"
                RenderBlock {math:mfrac} at (27,4) size 18x36
                  RenderBlock {math:mfrac} at (0,0) size 18x17
                    RenderInline {math:mi} at (0,0) size 10x21
                      RenderText {#text} at (4,-2) size 10x21
                        text run at (4,-2) width 10: "F"
                  RenderBlock {math:mfrac} at (0,17) size 18x19
                    RenderInline {math:mi} at (0,0) size 12x21
                      RenderText {#text} at (3,0) size 12x21
                        text run at (3,0) width 12: "G"
