layer at (0,0) size 800x600
  RenderView at (0,0) size 800x600
layer at (0,0) size 800x191
  RenderBlock {html} at (0,0) size 800x191
    RenderBody {body} at (8,16) size 784x159
      RenderBlock {p} at (0,0) size 784x19
        RenderText {#text} at (0,0) size 60x19
          text run at (0,0) width 60: "operator: "
        RenderInline {math} at (0,0) size 15x19
          RenderText {#text} at (0,0) size 0x0
          RenderInline {mo} at (0,0) size 11x19
            RenderText {#text} at (60,0) size 11x19
              text run at (60,0) width 11: "\x{2211}"
          RenderText {#text} at (71,0) size 4x19
            text run at (71,0) width 4: " "
        RenderText {#text} at (75,0) size 68x19
          text run at (75,0) width 68: ", operator: "
        RenderInline {math} at (0,0) size 15x19
          RenderText {#text} at (0,0) size 0x0
          RenderInline {mo} at (0,0) size 11x19
            RenderText {#text} at (143,0) size 11x19
              text run at (143,0) width 11: "B"
          RenderText {#text} at (154,0) size 4x19
            text run at (154,0) width 4: " "
        RenderText {#text} at (158,0) size 110x19
          text run at (158,0) width 110: ", minus operator: "
        RenderInline {math} at (0,0) size 5x19
          RenderText {#text} at (0,0) size 0x0
          RenderInline {mo} at (0,0) size 5x19
            RenderText {#text} at (268,0) size 5x19
              text run at (268,0) width 5: "-"
          RenderText {#text} at (0,0) size 0x0
        RenderText {#text} at (0,0) size 0x0
      RenderBlock {p} at (0,35) size 784x19
        RenderText {#text} at (0,0) size 60x19
          text run at (0,0) width 60: "operator: "
        RenderInline {math} at (0,0) size 15x19
          RenderText {#text} at (0,0) size 0x0
          RenderInline {mo} at (0,0) size 11x19
            RenderText {#text} at (60,0) size 11x19
              text run at (60,0) width 11: "\x{2211}"
          RenderText {#text} at (71,0) size 4x19
            text run at (71,0) width 4: " "
        RenderText {#text} at (75,0) size 68x19
          text run at (75,0) width 68: ", operator: "
        RenderInline {math} at (0,0) size 15x19
          RenderText {#text} at (0,0) size 0x0
          RenderInline {mo} at (0,0) size 11x19
            RenderText {#text} at (143,0) size 11x19
              text run at (143,0) width 11: "B"
          RenderText {#text} at (154,0) size 4x19
            text run at (154,0) width 4: " "
        RenderText {#text} at (158,0) size 110x19
          text run at (158,0) width 110: ", minus operator: "
        RenderInline {math} at (0,0) size 5x19
          RenderText {#text} at (0,0) size 0x0
          RenderInline {mo} at (0,0) size 5x19
            RenderText {#text} at (268,0) size 5x19
              text run at (268,0) width 5: "-"
          RenderText {#text} at (0,0) size 0x0
        RenderText {#text} at (0,0) size 0x0
      RenderBlock {p} at (0,70) size 784x19
        RenderText {#text} at (0,0) size 60x19
          text run at (0,0) width 60: "operator: "
        RenderInline {math} at (0,0) size 15x19
          RenderText {#text} at (0,0) size 0x0
          RenderInline {mo} at (0,0) size 11x19
            RenderText {#text} at (60,0) size 11x19
              text run at (60,0) width 11: "\x{2211}"
          RenderText {#text} at (71,0) size 4x19
            text run at (71,0) width 4: " "
        RenderText {#text} at (75,0) size 68x19
          text run at (75,0) width 68: ", operator: "
        RenderInline {math} at (0,0) size 15x19
          RenderText {#text} at (0,0) size 0x0
          RenderInline {mo} at (0,0) size 11x19
            RenderText {#text} at (143,0) size 11x19
              text run at (143,0) width 11: "B"
          RenderText {#text} at (154,0) size 4x19
            text run at (154,0) width 4: " "
        RenderText {#text} at (158,0) size 110x19
          text run at (158,0) width 110: ", minus operator: "
        RenderInline {math} at (0,0) size 5x19
          RenderText {#text} at (0,0) size 0x0
          RenderInline {mo} at (0,0) size 5x19
            RenderText {#text} at (268,0) size 5x19
              text run at (268,0) width 5: "-"
          RenderText {#text} at (0,0) size 0x0
        RenderText {#text} at (0,0) size 0x0
      RenderBlock {p} at (0,105) size 784x19
        RenderText {#text} at (0,0) size 60x19
          text run at (0,0) width 60: "operator: "
        RenderInline {math} at (0,0) size 45x19
          RenderText {#text} at (0,0) size 0x0
          RenderInline {mo} at (0,0) size 11x19
            RenderText {#text} at (60,0) size 11x19
              text run at (60,0) width 11: "\x{2211}"
          RenderText {#text} at (71,0) size 4x19
            text run at (71,0) width 4: " "
          RenderInline {mo} at (0,0) size 11x19
            RenderText {#text} at (75,0) size 11x19
              text run at (75,0) width 11: "\x{2211}"
          RenderText {#text} at (86,0) size 4x19
            text run at (86,0) width 4: " "
          RenderInline {mo} at (0,0) size 11x19
            RenderText {#text} at (90,0) size 11x19
              text run at (90,0) width 11: "\x{2211}"
          RenderText {#text} at (101,0) size 4x19
            text run at (101,0) width 4: " "
        RenderText {#text} at (105,0) size 68x19
          text run at (105,0) width 68: ", operator: "
        RenderInline {math} at (0,0) size 45x19
          RenderText {#text} at (0,0) size 0x0
          RenderInline {mo} at (0,0) size 11x19
            RenderText {#text} at (173,0) size 11x19
              text run at (173,0) width 11: "B"
          RenderText {#text} at (184,0) size 4x19
            text run at (184,0) width 4: " "
          RenderInline {mo} at (0,0) size 11x19
            RenderText {#text} at (188,0) size 11x19
              text run at (188,0) width 11: "B"
          RenderText {#text} at (199,0) size 4x19
            text run at (199,0) width 4: " "
          RenderInline {mo} at (0,0) size 11x19
            RenderText {#text} at (203,0) size 11x19
              text run at (203,0) width 11: "B"
          RenderText {#text} at (214,0) size 4x19
            text run at (214,0) width 4: " "
        RenderText {#text} at (218,0) size 110x19
          text run at (218,0) width 110: ", minus operator: "
        RenderInline {math} at (0,0) size 23x19
          RenderText {#text} at (0,0) size 0x0
          RenderInline {mo} at (0,0) size 5x19
            RenderText {#text} at (328,0) size 5x19
              text run at (328,0) width 5: "-"
          RenderText {#text} at (333,0) size 4x19
            text run at (333,0) width 4: " "
          RenderInline {mo} at (0,0) size 5x19
            RenderText {#text} at (337,0) size 5x19
              text run at (337,0) width 5: "-"
          RenderText {#text} at (342,0) size 4x19
            text run at (342,0) width 4: " "
          RenderInline {mo} at (0,0) size 5x19
            RenderText {#text} at (346,0) size 5x19
              text run at (346,0) width 5: "-"
          RenderText {#text} at (0,0) size 0x0
        RenderText {#text} at (0,0) size 0x0
      RenderBlock {p} at (0,140) size 784x19
        RenderText {#text} at (0,0) size 60x19
          text run at (0,0) width 60: "operator: "
        RenderInline {math} at (0,0) size 53x19
          RenderText {#text} at (0,0) size 0x0
          RenderInline {mo} at (0,0) size 3x19
            RenderText {#text} at (60,0) size 3x19
              text run at (60,0) width 3: "|"
          RenderText {#text} at (63,0) size 4x19
            text run at (63,0) width 4: " "
          RenderInline {mo} at (0,0) size 4x19
            RenderText {#text} at (67,0) size 4x19
              text run at (67,0) width 4: "\x{222B}"
          RenderText {#text} at (71,0) size 4x19
            text run at (71,0) width 4: " "
          RenderInline {mo} at (0,0) size 8x19
            RenderText {#text} at (75,0) size 8x19
              text run at (75,0) width 8: "{"
          RenderText {#text} at (83,0) size 4x19
            text run at (83,0) width 4: " "
          RenderInline {mo} at (0,0) size 5x19
            RenderText {#text} at (87,0) size 5x19
              text run at (87,0) width 5: "["
          RenderText {#text} at (92,0) size 4x19
            text run at (92,0) width 4: " "
          RenderInline {div} at (0,0) size 0x0
          RenderText {#text} at (0,0) size 0x0
          RenderInline {mo} at (0,0) size 5x19
            RenderText {#text} at (96,0) size 5x19
              text run at (96,0) width 5: "]"
          RenderText {#text} at (101,0) size 4x19
            text run at (101,0) width 4: " "
          RenderInline {mo} at (0,0) size 8x19
            RenderText {#text} at (105,0) size 8x19
              text run at (105,0) width 8: "}"
          RenderText {#text} at (0,0) size 0x0
        RenderText {#text} at (0,0) size 0x0
