layer at (0,0) size 800x600
  RenderView at (0,0) size 800x600
layer at (0,0) size 800x191
  RenderBlock {html} at (0,0) size 800x191
    RenderBody {body} at (8,16) size 784x159
      RenderBlock {p} at (0,0) size 784x19
        RenderText {#text} at (0,0) size 36x19
          text run at (0,0) width 36: "over: "
        RenderInline {math} at (0,0) size 23x19
          RenderText {#text} at (0,0) size 0x0
          RenderInline {mover} at (0,0) size 23x19
            RenderText {#text} at (0,0) size 0x0
            RenderInline {mi} at (0,0) size 11x19
              RenderText {#text} at (36,0) size 11x19
                text run at (36,0) width 11: "B"
            RenderText {#text} at (47,0) size 4x19
              text run at (47,0) width 4: " "
            RenderInline {mi} at (0,0) size 8x19
              RenderText {#text} at (51,0) size 8x19
                text run at (51,0) width 8: "x"
            RenderText {#text} at (0,0) size 0x0
          RenderText {#text} at (0,0) size 0x0
        RenderText {#text} at (0,0) size 0x0
      RenderBlock {p} at (0,35) size 784x19
        RenderText {#text} at (0,0) size 36x19
          text run at (0,0) width 36: "over: "
        RenderInline {math} at (0,0) size 23x19
          RenderText {#text} at (0,0) size 0x0
          RenderInline {mover} at (0,0) size 23x19
            RenderText {#text} at (0,0) size 0x0
            RenderInline {mi} at (0,0) size 11x19
              RenderText {#text} at (36,0) size 11x19
                text run at (36,0) width 11: "B"
            RenderText {#text} at (47,0) size 4x19
              text run at (47,0) width 4: " "
            RenderInline {mi} at (0,0) size 8x19
              RenderText {#text} at (51,0) size 8x19
                text run at (51,0) width 8: "y"
            RenderText {#text} at (0,0) size 0x0
          RenderText {#text} at (0,0) size 0x0
        RenderText {#text} at (0,0) size 0x0
      RenderBlock {p} at (0,70) size 784x19
        RenderText {#text} at (0,0) size 36x19
          text run at (0,0) width 36: "over: "
        RenderInline {math} at (0,0) size 23x19
          RenderText {#text} at (0,0) size 0x0
          RenderInline {mover} at (0,0) size 23x19
            RenderText {#text} at (0,0) size 0x0
            RenderInline {mi} at (0,0) size 11x19
              RenderText {#text} at (36,0) size 11x19
                text run at (36,0) width 11: "B"
            RenderText {#text} at (47,0) size 4x19
              text run at (47,0) width 4: " "
            RenderInline {mi} at (0,0) size 8x19
              RenderText {#text} at (51,0) size 8x19
                text run at (51,0) width 8: "y"
            RenderText {#text} at (0,0) size 0x0
          RenderText {#text} at (0,0) size 0x0
        RenderText {#text} at (0,0) size 0x0
      RenderBlock {p} at (0,105) size 784x19
        RenderText {#text} at (0,0) size 36x19
          text run at (0,0) width 36: "over: "
        RenderInline {math} at (0,0) size 23x19
          RenderText {#text} at (0,0) size 0x0
          RenderInline {mover} at (0,0) size 23x19
            RenderText {#text} at (0,0) size 0x0
            RenderInline {mo} at (0,0) size 11x19
              RenderText {#text} at (36,0) size 11x19
                text run at (36,0) width 11: "\x{2211}"
            RenderText {#text} at (47,0) size 4x19
              text run at (47,0) width 4: " "
            RenderInline {mi} at (0,0) size 8x19
              RenderText {#text} at (51,0) size 8x19
                text run at (51,0) width 8: "y"
            RenderText {#text} at (0,0) size 0x0
          RenderText {#text} at (0,0) size 0x0
        RenderText {#text} at (0,0) size 0x0
      RenderBlock {p} at (0,140) size 784x19
        RenderText {#text} at (0,0) size 36x19
          text run at (0,0) width 36: "over: "
        RenderInline {math} at (0,0) size 16x19
          RenderText {#text} at (0,0) size 0x0
          RenderInline {mover} at (0,0) size 16x19
            RenderText {#text} at (0,0) size 0x0
            RenderInline {mo} at (0,0) size 4x19
              RenderText {#text} at (36,0) size 4x19
                text run at (36,0) width 4: "\x{222B}"
            RenderText {#text} at (40,0) size 4x19
              text run at (40,0) width 4: " "
            RenderInline {mi} at (0,0) size 8x19
              RenderText {#text} at (44,0) size 8x19
                text run at (44,0) width 8: "y"
            RenderText {#text} at (0,0) size 0x0
          RenderText {#text} at (0,0) size 0x0
          RenderInline {div} at (0,0) size 0x0
          RenderText {#text} at (0,0) size 0x0
        RenderText {#text} at (0,0) size 0x0
