layer at (0,0) size 800x600
  RenderView at (0,0) size 800x600
layer at (0,0) size 800x497
  RenderBlock {html} at (0,0) size 800x497
    RenderBody {body} at (8,16) size 784x465
      RenderBlock {p} at (0,0) size 784x21
        RenderBlock {math} at (0,0) size 27x19
          RenderInline {mi} at (0,0) size 8x19
            RenderText {#text} at (1,2) size 8x19
              text run at (1,2) width 8: "x"
          RenderBlock {mo} at (9,0) size 9x19 [bgcolor=#C8C8C8]
            RenderBlock {mo} at (0,0) size 9x19
              RenderText {mo} at (0,2) size 9x19
                text run at (0,2) width 9: "+"
          RenderInline {mn} at (0,0) size 8x19
            RenderText {#text} at (18,2) size 8x19
              text run at (18,2) width 8: "1"
        RenderText {#text} at (0,0) size 0x0
      RenderBlock {p} at (0,37) size 784x24
        RenderText {#text} at (0,4) size 38x19
          text run at (0,4) width 38: "16px: "
        RenderBlock {math} at (38,0) size 48x24
          RenderBlock {mo} at (1,0) size 11x22 [bgcolor=#C8C8C8]
            RenderBlock {mo} at (0,0) size 11x22
              RenderText {mo} at (0,-1) size 11x25
                text run at (0,-1) width 11: "{"
          RenderInline {mi} at (0,0) size 8x19
            RenderText {#text} at (12,4) size 8x19
              text run at (12,4) width 8: "x"
          RenderBlock {div} at (20,8) size 16x16 [bgcolor=#00FF00]
          RenderBlock {mo} at (36,0) size 11x22 [bgcolor=#C8C8C8]
            RenderBlock {mo} at (0,0) size 11x22
              RenderText {mo} at (0,-1) size 11x25
                text run at (0,-1) width 11: "}"
        RenderText {#text} at (86,4) size 4x19
          text run at (86,4) width 4: " "
        RenderBlock {math} at (90,0) size 42x24
          RenderBlock {mrow} at (1,0) size 40x24
            RenderBlock {mo} at (0,0) size 8x22 [bgcolor=#C8C8C8]
              RenderBlock (anonymous) at (0,0) size 8x22
                RenderBlock {mo} at (0,0) size 8x22
                  RenderText {mo} at (0,-1) size 8x25
                    text run at (0,-1) width 8: "["
            RenderInline {mi} at (0,0) size 8x19
              RenderText {#text} at (8,4) size 8x19
                text run at (8,4) width 8: "x"
            RenderBlock {div} at (16,8) size 16x16 [bgcolor=#00FF00]
            RenderBlock {mo} at (32,0) size 8x22 [bgcolor=#C8C8C8]
              RenderBlock (anonymous) at (0,0) size 8x22
                RenderBlock {mo} at (0,0) size 8x22
                  RenderText {mo} at (0,-1) size 8x25
                    text run at (0,-1) width 8: "]"
        RenderText {#text} at (132,4) size 4x19
          text run at (132,4) width 4: " "
        RenderBlock {math} at (136,0) size 40x24
          RenderBlock {mrow} at (1,0) size 38x24
            RenderBlock {mo} at (0,0) size 7x22 [bgcolor=#C8C8C8]
              RenderBlock (anonymous) at (0,0) size 7x22
                RenderBlock {mo} at (0,0) size 7x22
                  RenderText {mo} at (0,-1) size 7x25
                    text run at (0,-1) width 7: "("
            RenderInline {mi} at (0,0) size 8x19
              RenderText {#text} at (7,4) size 8x19
                text run at (7,4) width 8: "x"
            RenderBlock {div} at (15,8) size 16x16 [bgcolor=#00FF00]
            RenderBlock {mo} at (31,0) size 7x22 [bgcolor=#C8C8C8]
              RenderBlock (anonymous) at (0,0) size 7x22
                RenderBlock {mo} at (0,0) size 7x22
                  RenderText {mo} at (0,-1) size 7x25
                    text run at (0,-1) width 7: ")"
        RenderText {#text} at (176,4) size 4x19
          text run at (176,4) width 4: " "
        RenderBlock {math} at (180,0) size 34x24
          RenderBlock {mrow} at (1,0) size 32x24
            RenderBlock {mo} at (0,0) size 4x22 [bgcolor=#C8C8C8]
              RenderBlock (anonymous) at (0,0) size 4x22
                RenderBlock {mo} at (0,0) size 4x22
                  RenderText {mo} at (0,-1) size 4x25
                    text run at (0,-1) width 4: "|"
            RenderInline {mi} at (0,0) size 8x19
              RenderText {#text} at (4,4) size 8x19
                text run at (4,4) width 8: "x"
            RenderBlock {div} at (12,8) size 16x16 [bgcolor=#00FF00]
            RenderBlock {mo} at (28,0) size 4x22 [bgcolor=#C8C8C8]
              RenderBlock (anonymous) at (0,0) size 4x22
                RenderBlock {mo} at (0,0) size 4x22
                  RenderText {mo} at (0,-1) size 4x25
                    text run at (0,-1) width 4: "|"
        RenderText {#text} at (214,4) size 4x19
          text run at (214,4) width 4: " "
        RenderBlock {math} at (218,0) size 32x24
          RenderBlock {mrow} at (1,0) size 30x24
            RenderBlock {mo} at (0,0) size 6x22 [bgcolor=#C8C8C8]
              RenderBlock (anonymous) at (0,0) size 6x22
                RenderBlock {mo} at (0,0) size 6x22
                  RenderText {mo} at (0,-1) size 6x25
                    text run at (0,-1) width 6: "\x{222B}"
            RenderInline {mi} at (0,0) size 8x19
              RenderText {#text} at (6,4) size 8x19
                text run at (6,4) width 8: "x"
            RenderBlock {div} at (14,8) size 16x16 [bgcolor=#00FF00]
        RenderText {#text} at (0,0) size 0x0
      RenderBlock {p} at (0,77) size 784x31
        RenderText {#text} at (0,1) size 38x19
          text run at (0,1) width 38: "24px: "
        RenderBlock {math} at (38,0) size 56x31
          RenderBlock {mrow} at (1,0) size 54x31
            RenderBlock {mo} at (0,1) size 11x30 [bgcolor=#C8C8C8]
            RenderInline {mi} at (0,0) size 8x19
              RenderText {#text} at (11,2) size 8x19
                text run at (11,2) width 8: "x"
            RenderBlock {div} at (19,0) size 24x24 [bgcolor=#00FF00]
            RenderBlock {mo} at (43,1) size 11x30 [bgcolor=#C8C8C8]
        RenderText {#text} at (94,1) size 4x19
          text run at (94,1) width 4: " "
        RenderBlock {math} at (98,0) size 48x30
          RenderBlock {mrow} at (1,0) size 46x30
            RenderBlock {mo} at (0,1) size 7x29 [bgcolor=#C8C8C8]
            RenderInline {mi} at (0,0) size 8x19
              RenderText {#text} at (7,2) size 8x19
                text run at (7,2) width 8: "x"
            RenderBlock {div} at (15,0) size 24x24 [bgcolor=#00FF00]
            RenderBlock {mo} at (39,1) size 7x29 [bgcolor=#C8C8C8]
        RenderText {#text} at (146,1) size 4x19
          text run at (146,1) width 4: " "
        RenderBlock {math} at (150,0) size 48x30
          RenderBlock {mrow} at (1,0) size 46x30
            RenderBlock {mo} at (0,1) size 7x29 [bgcolor=#C8C8C8]
            RenderInline {mi} at (0,0) size 8x19
              RenderText {#text} at (7,2) size 8x19
                text run at (7,2) width 8: "x"
            RenderBlock {div} at (15,0) size 24x24 [bgcolor=#00FF00]
            RenderBlock {mo} at (39,1) size 7x29 [bgcolor=#C8C8C8]
        RenderText {#text} at (198,1) size 4x19
          text run at (198,1) width 4: " "
        RenderBlock {math} at (202,0) size 44x30
          RenderBlock {mrow} at (1,0) size 42x30
            RenderBlock {mo} at (0,1) size 5x29 [bgcolor=#C8C8C8]
            RenderInline {mi} at (0,0) size 8x19
              RenderText {#text} at (5,2) size 8x19
                text run at (5,2) width 8: "x"
            RenderBlock {div} at (13,0) size 24x24 [bgcolor=#00FF00]
            RenderBlock {mo} at (37,1) size 5x29 [bgcolor=#C8C8C8]
        RenderText {#text} at (246,1) size 4x19
          text run at (246,1) width 4: " "
        RenderBlock {math} at (250,0) size 42x30
          RenderBlock {mrow} at (1,0) size 40x30
            RenderBlock {mo} at (0,1) size 8x29 [bgcolor=#C8C8C8]
            RenderInline {mi} at (0,0) size 8x19
              RenderText {#text} at (8,2) size 8x19
                text run at (8,2) width 8: "x"
            RenderBlock {div} at (16,0) size 24x24 [bgcolor=#00FF00]
        RenderText {#text} at (0,0) size 0x0
      RenderBlock {p} at (0,124) size 784x39
        RenderText {#text} at (0,7) size 38x19
          text run at (0,7) width 38: "32px: "
        RenderBlock {math} at (38,0) size 64x39
          RenderBlock {mrow} at (1,0) size 62x39
            RenderBlock {mo} at (0,0) size 11x39 [bgcolor=#C8C8C8]
            RenderInline {mi} at (0,0) size 8x19
              RenderText {#text} at (11,7) size 8x19
                text run at (11,7) width 8: "x"
            RenderBlock {div} at (19,0) size 32x32 [bgcolor=#00FF00]
            RenderBlock {mo} at (51,0) size 11x39 [bgcolor=#C8C8C8]
        RenderText {#text} at (102,7) size 4x19
          text run at (102,7) width 4: " "
        RenderBlock {math} at (106,0) size 56x39
          RenderBlock {mrow} at (1,0) size 54x39
            RenderBlock {mo} at (0,0) size 7x39 [bgcolor=#C8C8C8]
            RenderInline {mi} at (0,0) size 8x19
              RenderText {#text} at (7,7) size 8x19
                text run at (7,7) width 8: "x"
            RenderBlock {div} at (15,0) size 32x32 [bgcolor=#00FF00]
            RenderBlock {mo} at (47,0) size 7x39 [bgcolor=#C8C8C8]
        RenderText {#text} at (162,7) size 4x19
          text run at (162,7) width 4: " "
        RenderBlock {math} at (166,0) size 56x39
          RenderBlock {mrow} at (1,0) size 54x39
            RenderBlock {mo} at (0,0) size 7x39 [bgcolor=#C8C8C8]
            RenderInline {mi} at (0,0) size 8x19
              RenderText {#text} at (7,7) size 8x19
                text run at (7,7) width 8: "x"
            RenderBlock {div} at (15,0) size 32x32 [bgcolor=#00FF00]
            RenderBlock {mo} at (47,0) size 7x39 [bgcolor=#C8C8C8]
        RenderText {#text} at (222,7) size 4x19
          text run at (222,7) width 4: " "
        RenderBlock {math} at (226,0) size 52x39
          RenderBlock {mrow} at (1,0) size 50x39
            RenderBlock {mo} at (0,0) size 5x39 [bgcolor=#C8C8C8]
            RenderInline {mi} at (0,0) size 8x19
              RenderText {#text} at (5,7) size 8x19
                text run at (5,7) width 8: "x"
            RenderBlock {div} at (13,0) size 32x32 [bgcolor=#00FF00]
            RenderBlock {mo} at (45,0) size 5x39 [bgcolor=#C8C8C8]
        RenderText {#text} at (278,7) size 4x19
          text run at (278,7) width 4: " "
        RenderBlock {math} at (282,0) size 50x39
          RenderBlock {mrow} at (1,0) size 48x39
            RenderBlock {mo} at (0,0) size 8x39 [bgcolor=#C8C8C8]
            RenderInline {mi} at (0,0) size 8x19
              RenderText {#text} at (8,7) size 8x19
                text run at (8,7) width 8: "x"
            RenderBlock {div} at (16,0) size 32x32 [bgcolor=#00FF00]
        RenderText {#text} at (0,0) size 0x0
      RenderBlock {p} at (0,179) size 784x58
        RenderText {#text} at (0,18) size 38x19
          text run at (0,18) width 38: "48px: "
        RenderBlock {math} at (38,0) size 80x58
          RenderBlock {mrow} at (1,0) size 78x58
            RenderBlock {mo} at (0,0) size 11x58 [bgcolor=#C8C8C8]
            RenderInline {mi} at (0,0) size 8x19
              RenderText {#text} at (11,18) size 8x19
                text run at (11,18) width 8: "x"
            RenderBlock {div} at (19,0) size 48x48 [bgcolor=#00FF00]
            RenderBlock {mo} at (67,0) size 11x58 [bgcolor=#C8C8C8]
        RenderText {#text} at (118,18) size 4x19
          text run at (118,18) width 4: " "
        RenderBlock {math} at (122,0) size 72x58
          RenderBlock {mrow} at (1,0) size 70x58
            RenderBlock {mo} at (0,0) size 7x58 [bgcolor=#C8C8C8]
            RenderInline {mi} at (0,0) size 8x19
              RenderText {#text} at (7,18) size 8x19
                text run at (7,18) width 8: "x"
            RenderBlock {div} at (15,0) size 48x48 [bgcolor=#00FF00]
            RenderBlock {mo} at (63,0) size 7x58 [bgcolor=#C8C8C8]
        RenderText {#text} at (194,18) size 4x19
          text run at (194,18) width 4: " "
        RenderBlock {math} at (198,0) size 72x58
          RenderBlock {mrow} at (1,0) size 70x58
            RenderBlock {mo} at (0,0) size 7x58 [bgcolor=#C8C8C8]
            RenderInline {mi} at (0,0) size 8x19
              RenderText {#text} at (7,18) size 8x19
                text run at (7,18) width 8: "x"
            RenderBlock {div} at (15,0) size 48x48 [bgcolor=#00FF00]
            RenderBlock {mo} at (63,0) size 7x58 [bgcolor=#C8C8C8]
        RenderText {#text} at (270,18) size 4x19
          text run at (270,18) width 4: " "
        RenderBlock {math} at (274,0) size 68x58
          RenderBlock {mrow} at (1,0) size 66x58
            RenderBlock {mo} at (0,0) size 5x58 [bgcolor=#C8C8C8]
            RenderInline {mi} at (0,0) size 8x19
              RenderText {#text} at (5,18) size 8x19
                text run at (5,18) width 8: "x"
            RenderBlock {div} at (13,0) size 48x48 [bgcolor=#00FF00]
            RenderBlock {mo} at (61,0) size 5x58 [bgcolor=#C8C8C8]
        RenderText {#text} at (342,18) size 4x19
          text run at (342,18) width 4: " "
        RenderBlock {math} at (346,0) size 66x58
          RenderBlock {mrow} at (1,0) size 64x58
            RenderBlock {mo} at (0,0) size 8x58 [bgcolor=#C8C8C8]
            RenderInline {mi} at (0,0) size 8x19
              RenderText {#text} at (8,18) size 8x19
                text run at (8,18) width 8: "x"
            RenderBlock {div} at (16,0) size 48x48 [bgcolor=#00FF00]
        RenderText {#text} at (0,0) size 0x0
      RenderBlock {p} at (0,253) size 784x145
        RenderText {#text} at (0,69) size 46x19
          text run at (0,69) width 46: "120px: "
        RenderBlock {math} at (46,0) size 80x145
          RenderBlock {mrow} at (1,0) size 78x145
            RenderBlock {mo} at (0,0) size 11x145 [bgcolor=#C8C8C8]
            RenderInline {mi} at (0,0) size 8x19
              RenderText {#text} at (11,69) size 8x19
                text run at (11,69) width 8: "x"
            RenderBlock {div} at (19,3) size 48x120 [bgcolor=#00FF00]
            RenderBlock {mo} at (67,0) size 11x145 [bgcolor=#C8C8C8]
        RenderText {#text} at (126,69) size 4x19
          text run at (126,69) width 4: " "
        RenderBlock {math} at (130,0) size 72x145
          RenderBlock {mrow} at (1,0) size 70x145
            RenderBlock {mo} at (0,0) size 7x145 [bgcolor=#C8C8C8]
            RenderInline {mi} at (0,0) size 8x19
              RenderText {#text} at (7,69) size 8x19
                text run at (7,69) width 8: "x"
            RenderBlock {div} at (15,3) size 48x120 [bgcolor=#00FF00]
            RenderBlock {mo} at (63,0) size 7x145 [bgcolor=#C8C8C8]
        RenderText {#text} at (202,69) size 4x19
          text run at (202,69) width 4: " "
        RenderBlock {math} at (206,0) size 72x145
          RenderBlock {mrow} at (1,0) size 70x145
            RenderBlock {mo} at (0,0) size 7x145 [bgcolor=#C8C8C8]
            RenderInline {mi} at (0,0) size 8x19
              RenderText {#text} at (7,69) size 8x19
                text run at (7,69) width 8: "x"
            RenderBlock {div} at (15,3) size 48x120 [bgcolor=#00FF00]
            RenderBlock {mo} at (63,0) size 7x145 [bgcolor=#C8C8C8]
        RenderText {#text} at (278,69) size 4x19
          text run at (278,69) width 4: " "
        RenderBlock {math} at (282,0) size 68x145
          RenderBlock {mrow} at (1,0) size 66x145
            RenderBlock {mo} at (0,0) size 5x145 [bgcolor=#C8C8C8]
            RenderInline {mi} at (0,0) size 8x19
              RenderText {#text} at (5,69) size 8x19
                text run at (5,69) width 8: "x"
            RenderBlock {div} at (13,3) size 48x120 [bgcolor=#00FF00]
            RenderBlock {mo} at (61,0) size 5x145 [bgcolor=#C8C8C8]
        RenderText {#text} at (350,69) size 4x19
          text run at (350,69) width 4: " "
        RenderBlock {math} at (354,0) size 66x145
          RenderBlock {mrow} at (1,0) size 64x145
            RenderBlock {mo} at (0,0) size 8x145 [bgcolor=#C8C8C8]
            RenderInline {mi} at (0,0) size 8x19
              RenderText {#text} at (8,69) size 8x19
                text run at (8,69) width 8: "x"
            RenderBlock {div} at (16,3) size 48x120 [bgcolor=#00FF00]
        RenderText {#text} at (0,0) size 0x0
      RenderBlock {p} at (0,414) size 784x51
        RenderBlock {math} at (0,0) size 156x51
          RenderBlock {mrow} at (1,0) size 154x51
            RenderBlock {mo} at (0,2) size 7x49 [bgcolor=#C8C8C8]
            RenderInline {mi} at (0,0) size 8x19
              RenderText {#text} at (7,15) size 8x19
                text run at (7,15) width 8: "x"
            RenderBlock {mo} at (15,0) size 4x32 [bgcolor=#C8C8C8]
              RenderBlock {mo} at (0,0) size 4x32
                RenderText {mo} at (0,15) size 4x19
                  text run at (0,15) width 4: ","
            RenderBlock {div} at (19,3) size 40x40 [bgcolor=#00FF00]
            RenderBlock {mo} at (59,0) size 4x32 [bgcolor=#C8C8C8]
              RenderBlock {mo} at (0,0) size 4x32
                RenderText {mo} at (0,15) size 4x19
                  text run at (0,15) width 4: ","
            RenderBlock {div} at (63,3) size 40x40 [bgcolor=#00FF00]
            RenderBlock {mo} at (103,0) size 4x32 [bgcolor=#C8C8C8]
              RenderBlock {mo} at (0,0) size 4x32
                RenderText {mo} at (0,15) size 4x19
                  text run at (0,15) width 4: ","
            RenderBlock {div} at (107,3) size 40x40 [bgcolor=#00FF00]
            RenderBlock {mo} at (147,2) size 7x49 [bgcolor=#C8C8C8]
        RenderText {#text} at (0,0) size 0x0
layer at (47,94) size 11x9 scrollHeight 15
  RenderBlock {mo} at (0,0) size 11x9
layer at (47,103) size 11x10 scrollHeight 14
  RenderBlock {mo} at (0,9) size 11x10
layer at (47,113) size 11x11 scrollHeight 14
  RenderBlock {mo} at (0,19) size 11x11
layer at (90,94) size 11x9 scrollHeight 15
  RenderBlock {mo} at (0,0) size 11x9
layer at (90,103) size 11x10 scrollHeight 14
  RenderBlock {mo} at (0,9) size 11x10
layer at (90,113) size 11x11 scrollHeight 14
  RenderBlock {mo} at (0,19) size 11x11
layer at (107,94) size 7x10 scrollHeight 15
  RenderBlock {mo} at (0,0) size 7x10
layer at (107,104) size 7x8 scrollHeight 14
  RenderBlock {mo} at (0,10) size 7x8
    RenderText {mo} at (0,-3) size 7x17
      text run at (0,-3) width 7: "\x{23A2}"
layer at (107,112) size 7x11 scrollHeight 14
  RenderBlock {mo} at (0,18) size 7x11
layer at (146,94) size 7x10 scrollHeight 15
  RenderBlock {mo} at (0,0) size 7x10
layer at (146,104) size 7x8 scrollHeight 14
  RenderBlock {mo} at (0,10) size 7x8
    RenderText {mo} at (0,-3) size 7x17
      text run at (0,-3) width 7: "\x{23A5}"
layer at (146,112) size 7x11 scrollHeight 14
  RenderBlock {mo} at (0,18) size 7x11
layer at (159,94) size 7x10 scrollHeight 15
  RenderBlock {mo} at (0,0) size 7x10
layer at (159,104) size 7x8 scrollHeight 14
  RenderBlock {mo} at (0,10) size 7x8
    RenderText {mo} at (0,-3) size 7x17
      text run at (0,-3) width 7: "\x{239C}"
layer at (159,112) size 7x11 scrollHeight 14
  RenderBlock {mo} at (0,18) size 7x11
layer at (198,94) size 7x10 scrollHeight 15
  RenderBlock {mo} at (0,0) size 7x10
layer at (198,104) size 7x8 scrollHeight 14
  RenderBlock {mo} at (0,10) size 7x8
    RenderText {mo} at (0,-3) size 7x17
      text run at (0,-3) width 7: "\x{239F}"
layer at (198,112) size 7x11 scrollHeight 14
  RenderBlock {mo} at (0,18) size 7x11
layer at (211,94) size 5x10 scrollHeight 15
  RenderBlock {mo} at (0,0) size 5x10
layer at (211,104) size 5x8 scrollHeight 14
  RenderBlock {mo} at (0,10) size 5x8
    RenderText {mo} at (0,-3) size 5x17
      text run at (0,-3) width 5: "\x{23D0}"
layer at (211,112) size 5x11 scrollHeight 14
  RenderBlock {mo} at (0,18) size 5x11
layer at (248,94) size 5x10 scrollHeight 15
  RenderBlock {mo} at (0,0) size 5x10
layer at (248,104) size 5x8 scrollHeight 14
  RenderBlock {mo} at (0,10) size 5x8
    RenderText {mo} at (0,-3) size 5x17
      text run at (0,-3) width 5: "\x{23D0}"
layer at (248,112) size 5x11 scrollHeight 14
  RenderBlock {mo} at (0,18) size 5x11
layer at (259,94) size 8x10 scrollHeight 15
  RenderBlock {mo} at (0,0) size 8x10
layer at (259,104) size 8x8 scrollHeight 14
  RenderBlock {mo} at (0,10) size 8x8
    RenderText {mo} at (0,-3) size 7x17
      text run at (0,-3) width 7: "\x{23AE}"
layer at (259,112) size 8x11 scrollHeight 14
  RenderBlock {mo} at (0,18) size 8x11
layer at (47,140) size 11x10 scrollHeight 15
  RenderBlock {mo} at (0,0) size 11x10
layer at (47,150) size 11x4 scrollHeight 14
  RenderBlock {mo} at (0,10) size 11x4
    RenderText {mo} at (0,-3) size 11x17
      text run at (0,-3) width 11: "\x{23AA}"
layer at (47,154) size 11x10 scrollHeight 14
  RenderBlock {mo} at (0,14) size 11x10
layer at (47,164) size 11x4 scrollHeight 14
  RenderBlock {mo} at (0,24) size 11x4
    RenderText {mo} at (0,-3) size 11x17
      text run at (0,-3) width 11: "\x{23AA}"
layer at (47,168) size 11x11 scrollHeight 14
  RenderBlock {mo} at (0,28) size 11x11
layer at (98,140) size 11x10 scrollHeight 15
  RenderBlock {mo} at (0,0) size 11x10
layer at (98,150) size 11x4 scrollHeight 14
  RenderBlock {mo} at (0,10) size 11x4
    RenderText {mo} at (0,-3) size 11x17
      text run at (0,-3) width 11: "\x{23AA}"
layer at (98,154) size 11x10 scrollHeight 14
  RenderBlock {mo} at (0,14) size 11x10
layer at (98,164) size 11x4 scrollHeight 14
  RenderBlock {mo} at (0,24) size 11x4
    RenderText {mo} at (0,-3) size 11x17
      text run at (0,-3) width 11: "\x{23AA}"
layer at (98,168) size 11x11 scrollHeight 14
  RenderBlock {mo} at (0,28) size 11x11
layer at (115,140) size 7x10 scrollHeight 15
  RenderBlock {mo} at (0,0) size 7x10
layer at (115,150) size 7x10 scrollHeight 14
  RenderBlock {mo} at (0,10) size 7x10
    RenderText {mo} at (0,-3) size 7x17
      text run at (0,-3) width 7: "\x{23A2}"
layer at (115,160) size 7x8 scrollHeight 14
  RenderBlock {mo} at (0,20) size 7x8
    RenderText {mo} at (0,-3) size 7x17
      text run at (0,-3) width 7: "\x{23A2}"
layer at (115,168) size 7x11 scrollHeight 14
  RenderBlock {mo} at (0,28) size 7x11
layer at (162,140) size 7x10 scrollHeight 15
  RenderBlock {mo} at (0,0) size 7x10
layer at (162,150) size 7x10 scrollHeight 14
  RenderBlock {mo} at (0,10) size 7x10
    RenderText {mo} at (0,-3) size 7x17
      text run at (0,-3) width 7: "\x{23A5}"
layer at (162,160) size 7x8 scrollHeight 14
  RenderBlock {mo} at (0,20) size 7x8
    RenderText {mo} at (0,-3) size 7x17
      text run at (0,-3) width 7: "\x{23A5}"
layer at (162,168) size 7x11 scrollHeight 14
  RenderBlock {mo} at (0,28) size 7x11
layer at (175,140) size 7x10 scrollHeight 15
  RenderBlock {mo} at (0,0) size 7x10
layer at (175,150) size 7x10 scrollHeight 14
  RenderBlock {mo} at (0,10) size 7x10
    RenderText {mo} at (0,-3) size 7x17
      text run at (0,-3) width 7: "\x{239C}"
layer at (175,160) size 7x8 scrollHeight 14
  RenderBlock {mo} at (0,20) size 7x8
    RenderText {mo} at (0,-3) size 7x17
      text run at (0,-3) width 7: "\x{239C}"
layer at (175,168) size 7x11 scrollHeight 14
  RenderBlock {mo} at (0,28) size 7x11
layer at (222,140) size 7x10 scrollHeight 15
  RenderBlock {mo} at (0,0) size 7x10
layer at (222,150) size 7x10 scrollHeight 14
  RenderBlock {mo} at (0,10) size 7x10
    RenderText {mo} at (0,-3) size 7x17
      text run at (0,-3) width 7: "\x{239F}"
layer at (222,160) size 7x8 scrollHeight 14
  RenderBlock {mo} at (0,20) size 7x8
    RenderText {mo} at (0,-3) size 7x17
      text run at (0,-3) width 7: "\x{239F}"
layer at (222,168) size 7x11 scrollHeight 14
  RenderBlock {mo} at (0,28) size 7x11
layer at (235,140) size 5x10 scrollHeight 15
  RenderBlock {mo} at (0,0) size 5x10
layer at (235,150) size 5x10 scrollHeight 14
  RenderBlock {mo} at (0,10) size 5x10
    RenderText {mo} at (0,-3) size 5x17
      text run at (0,-3) width 5: "\x{23D0}"
layer at (235,160) size 5x8 scrollHeight 14
  RenderBlock {mo} at (0,20) size 5x8
    RenderText {mo} at (0,-3) size 5x17
      text run at (0,-3) width 5: "\x{23D0}"
layer at (235,168) size 5x11 scrollHeight 14
  RenderBlock {mo} at (0,28) size 5x11
layer at (280,140) size 5x10 scrollHeight 15
  RenderBlock {mo} at (0,0) size 5x10
layer at (280,150) size 5x10 scrollHeight 14
  RenderBlock {mo} at (0,10) size 5x10
    RenderText {mo} at (0,-3) size 5x17
      text run at (0,-3) width 5: "\x{23D0}"
layer at (280,160) size 5x8 scrollHeight 14
  RenderBlock {mo} at (0,20) size 5x8
    RenderText {mo} at (0,-3) size 5x17
      text run at (0,-3) width 5: "\x{23D0}"
layer at (280,168) size 5x11 scrollHeight 14
  RenderBlock {mo} at (0,28) size 5x11
layer at (291,140) size 8x10 scrollHeight 15
  RenderBlock {mo} at (0,0) size 8x10
layer at (291,150) size 8x10 scrollHeight 14
  RenderBlock {mo} at (0,10) size 8x10
    RenderText {mo} at (0,-3) size 7x17
      text run at (0,-3) width 7: "\x{23AE}"
layer at (291,160) size 8x8 scrollHeight 14
  RenderBlock {mo} at (0,20) size 8x8
    RenderText {mo} at (0,-3) size 7x17
      text run at (0,-3) width 7: "\x{23AE}"
layer at (291,168) size 8x11 scrollHeight 14
  RenderBlock {mo} at (0,28) size 8x11
layer at (47,195) size 11x10 scrollHeight 15
  RenderBlock {mo} at (0,0) size 11x10
layer at (47,205) size 11x10 scrollHeight 14
  RenderBlock {mo} at (0,10) size 11x10
    RenderText {mo} at (0,-3) size 11x17
      text run at (0,-3) width 11: "\x{23AA}"
layer at (47,215) size 11x3 scrollHeight 14
  RenderBlock {mo} at (0,20) size 11x3
    RenderText {mo} at (0,-3) size 11x17
      text run at (0,-3) width 11: "\x{23AA}"
layer at (47,218) size 11x10 scrollHeight 14
  RenderBlock {mo} at (0,23) size 11x10
layer at (47,228) size 11x10 scrollHeight 14
  RenderBlock {mo} at (0,33) size 11x10
    RenderText {mo} at (0,-3) size 11x17
      text run at (0,-3) width 11: "\x{23AA}"
layer at (47,238) size 11x4 scrollHeight 14
  RenderBlock {mo} at (0,43) size 11x4
    RenderText {mo} at (0,-3) size 11x17
      text run at (0,-3) width 11: "\x{23AA}"
layer at (47,242) size 11x11 scrollHeight 14
  RenderBlock {mo} at (0,47) size 11x11
layer at (114,195) size 11x10 scrollHeight 15
  RenderBlock {mo} at (0,0) size 11x10
layer at (114,205) size 11x10 scrollHeight 14
  RenderBlock {mo} at (0,10) size 11x10
    RenderText {mo} at (0,-3) size 11x17
      text run at (0,-3) width 11: "\x{23AA}"
layer at (114,215) size 11x3 scrollHeight 14
  RenderBlock {mo} at (0,20) size 11x3
    RenderText {mo} at (0,-3) size 11x17
      text run at (0,-3) width 11: "\x{23AA}"
layer at (114,218) size 11x10 scrollHeight 14
  RenderBlock {mo} at (0,23) size 11x10
layer at (114,228) size 11x10 scrollHeight 14
  RenderBlock {mo} at (0,33) size 11x10
    RenderText {mo} at (0,-3) size 11x17
      text run at (0,-3) width 11: "\x{23AA}"
layer at (114,238) size 11x4 scrollHeight 14
  RenderBlock {mo} at (0,43) size 11x4
    RenderText {mo} at (0,-3) size 11x17
      text run at (0,-3) width 11: "\x{23AA}"
layer at (114,242) size 11x11 scrollHeight 14
  RenderBlock {mo} at (0,47) size 11x11
layer at (131,195) size 7x10 scrollHeight 15
  RenderBlock {mo} at (0,0) size 7x10
layer at (131,205) size 7x10 scrollHeight 14
  RenderBlock {mo} at (0,10) size 7x10
    RenderText {mo} at (0,-3) size 7x17
      text run at (0,-3) width 7: "\x{23A2}"
layer at (131,215) size 7x10 scrollHeight 14
  RenderBlock {mo} at (0,20) size 7x10
    RenderText {mo} at (0,-3) size 7x17
      text run at (0,-3) width 7: "\x{23A2}"
layer at (131,225) size 7x10 scrollHeight 14
  RenderBlock {mo} at (0,30) size 7x10
    RenderText {mo} at (0,-3) size 7x17
      text run at (0,-3) width 7: "\x{23A2}"
layer at (131,235) size 7x7 scrollHeight 14
  RenderBlock {mo} at (0,40) size 7x7
    RenderText {mo} at (0,-3) size 7x17
      text run at (0,-3) width 7: "\x{23A2}"
layer at (131,242) size 7x11 scrollHeight 14
  RenderBlock {mo} at (0,47) size 7x11
layer at (194,195) size 7x10 scrollHeight 15
  RenderBlock {mo} at (0,0) size 7x10
layer at (194,205) size 7x10 scrollHeight 14
  RenderBlock {mo} at (0,10) size 7x10
    RenderText {mo} at (0,-3) size 7x17
      text run at (0,-3) width 7: "\x{23A5}"
layer at (194,215) size 7x10 scrollHeight 14
  RenderBlock {mo} at (0,20) size 7x10
    RenderText {mo} at (0,-3) size 7x17
      text run at (0,-3) width 7: "\x{23A5}"
layer at (194,225) size 7x10 scrollHeight 14
  RenderBlock {mo} at (0,30) size 7x10
    RenderText {mo} at (0,-3) size 7x17
      text run at (0,-3) width 7: "\x{23A5}"
layer at (194,235) size 7x7 scrollHeight 14
  RenderBlock {mo} at (0,40) size 7x7
    RenderText {mo} at (0,-3) size 7x17
      text run at (0,-3) width 7: "\x{23A5}"
layer at (194,242) size 7x11 scrollHeight 14
  RenderBlock {mo} at (0,47) size 7x11
layer at (207,195) size 7x10 scrollHeight 15
  RenderBlock {mo} at (0,0) size 7x10
layer at (207,205) size 7x10 scrollHeight 14
  RenderBlock {mo} at (0,10) size 7x10
    RenderText {mo} at (0,-3) size 7x17
      text run at (0,-3) width 7: "\x{239C}"
layer at (207,215) size 7x10 scrollHeight 14
  RenderBlock {mo} at (0,20) size 7x10
    RenderText {mo} at (0,-3) size 7x17
      text run at (0,-3) width 7: "\x{239C}"
layer at (207,225) size 7x10 scrollHeight 14
  RenderBlock {mo} at (0,30) size 7x10
    RenderText {mo} at (0,-3) size 7x17
      text run at (0,-3) width 7: "\x{239C}"
layer at (207,235) size 7x7 scrollHeight 14
  RenderBlock {mo} at (0,40) size 7x7
    RenderText {mo} at (0,-3) size 7x17
      text run at (0,-3) width 7: "\x{239C}"
layer at (207,242) size 7x11 scrollHeight 14
  RenderBlock {mo} at (0,47) size 7x11
layer at (270,195) size 7x10 scrollHeight 15
  RenderBlock {mo} at (0,0) size 7x10
layer at (270,205) size 7x10 scrollHeight 14
  RenderBlock {mo} at (0,10) size 7x10
    RenderText {mo} at (0,-3) size 7x17
      text run at (0,-3) width 7: "\x{239F}"
layer at (270,215) size 7x10 scrollHeight 14
  RenderBlock {mo} at (0,20) size 7x10
    RenderText {mo} at (0,-3) size 7x17
      text run at (0,-3) width 7: "\x{239F}"
layer at (270,225) size 7x10 scrollHeight 14
  RenderBlock {mo} at (0,30) size 7x10
    RenderText {mo} at (0,-3) size 7x17
      text run at (0,-3) width 7: "\x{239F}"
layer at (270,235) size 7x7 scrollHeight 14
  RenderBlock {mo} at (0,40) size 7x7
    RenderText {mo} at (0,-3) size 7x17
      text run at (0,-3) width 7: "\x{239F}"
layer at (270,242) size 7x11 scrollHeight 14
  RenderBlock {mo} at (0,47) size 7x11
layer at (283,195) size 5x10 scrollHeight 15
  RenderBlock {mo} at (0,0) size 5x10
layer at (283,205) size 5x10 scrollHeight 14
  RenderBlock {mo} at (0,10) size 5x10
    RenderText {mo} at (0,-3) size 5x17
      text run at (0,-3) width 5: "\x{23D0}"
layer at (283,215) size 5x10 scrollHeight 14
  RenderBlock {mo} at (0,20) size 5x10
    RenderText {mo} at (0,-3) size 5x17
      text run at (0,-3) width 5: "\x{23D0}"
layer at (283,225) size 5x10 scrollHeight 14
  RenderBlock {mo} at (0,30) size 5x10
    RenderText {mo} at (0,-3) size 5x17
      text run at (0,-3) width 5: "\x{23D0}"
layer at (283,235) size 5x7 scrollHeight 14
  RenderBlock {mo} at (0,40) size 5x7
    RenderText {mo} at (0,-3) size 5x17
      text run at (0,-3) width 5: "\x{23D0}"
layer at (283,242) size 5x11 scrollHeight 14
  RenderBlock {mo} at (0,47) size 5x11
layer at (344,195) size 5x10 scrollHeight 15
  RenderBlock {mo} at (0,0) size 5x10
layer at (344,205) size 5x10 scrollHeight 14
  RenderBlock {mo} at (0,10) size 5x10
    RenderText {mo} at (0,-3) size 5x17
      text run at (0,-3) width 5: "\x{23D0}"
layer at (344,215) size 5x10 scrollHeight 14
  RenderBlock {mo} at (0,20) size 5x10
    RenderText {mo} at (0,-3) size 5x17
      text run at (0,-3) width 5: "\x{23D0}"
layer at (344,225) size 5x10 scrollHeight 14
  RenderBlock {mo} at (0,30) size 5x10
    RenderText {mo} at (0,-3) size 5x17
      text run at (0,-3) width 5: "\x{23D0}"
layer at (344,235) size 5x7 scrollHeight 14
  RenderBlock {mo} at (0,40) size 5x7
    RenderText {mo} at (0,-3) size 5x17
      text run at (0,-3) width 5: "\x{23D0}"
layer at (344,242) size 5x11 scrollHeight 14
  RenderBlock {mo} at (0,47) size 5x11
layer at (355,195) size 8x10 scrollHeight 15
  RenderBlock {mo} at (0,0) size 8x10
layer at (355,205) size 8x10 scrollHeight 14
  RenderBlock {mo} at (0,10) size 8x10
    RenderText {mo} at (0,-3) size 7x17
      text run at (0,-3) width 7: "\x{23AE}"
layer at (355,215) size 8x10 scrollHeight 14
  RenderBlock {mo} at (0,20) size 8x10
    RenderText {mo} at (0,-3) size 7x17
      text run at (0,-3) width 7: "\x{23AE}"
layer at (355,225) size 8x10 scrollHeight 14
  RenderBlock {mo} at (0,30) size 8x10
    RenderText {mo} at (0,-3) size 7x17
      text run at (0,-3) width 7: "\x{23AE}"
layer at (355,235) size 8x7 scrollHeight 14
  RenderBlock {mo} at (0,40) size 8x7
    RenderText {mo} at (0,-3) size 7x17
      text run at (0,-3) width 7: "\x{23AE}"
layer at (355,242) size 8x11 scrollHeight 14
  RenderBlock {mo} at (0,47) size 8x11
layer at (55,269) size 11x10 scrollHeight 15
  RenderBlock {mo} at (0,0) size 11x10
layer at (55,279) size 11x10 scrollHeight 14
  RenderBlock {mo} at (0,10) size 11x10
    RenderText {mo} at (0,-3) size 11x17
      text run at (0,-3) width 11: "\x{23AA}"
layer at (55,289) size 11x10 scrollHeight 14
  RenderBlock {mo} at (0,20) size 11x10
    RenderText {mo} at (0,-3) size 11x17
      text run at (0,-3) width 11: "\x{23AA}"
layer at (55,299) size 11x10 scrollHeight 14
  RenderBlock {mo} at (0,30) size 11x10
    RenderText {mo} at (0,-3) size 11x17
      text run at (0,-3) width 11: "\x{23AA}"
layer at (55,309) size 11x10 scrollHeight 14
  RenderBlock {mo} at (0,40) size 11x10
    RenderText {mo} at (0,-3) size 11x17
      text run at (0,-3) width 11: "\x{23AA}"
layer at (55,319) size 11x10 scrollHeight 14
  RenderBlock {mo} at (0,50) size 11x10
    RenderText {mo} at (0,-3) size 11x17
      text run at (0,-3) width 11: "\x{23AA}"
layer at (55,329) size 11x7 scrollHeight 14
  RenderBlock {mo} at (0,60) size 11x7
    RenderText {mo} at (0,-3) size 11x17
      text run at (0,-3) width 11: "\x{23AA}"
layer at (55,336) size 11x10 scrollHeight 14
  RenderBlock {mo} at (0,67) size 11x10
layer at (55,346) size 11x10 scrollHeight 14
  RenderBlock {mo} at (0,77) size 11x10
    RenderText {mo} at (0,-3) size 11x17
      text run at (0,-3) width 11: "\x{23AA}"
layer at (55,356) size 11x10 scrollHeight 14
  RenderBlock {mo} at (0,87) size 11x10
    RenderText {mo} at (0,-3) size 11x17
      text run at (0,-3) width 11: "\x{23AA}"
layer at (55,366) size 11x10 scrollHeight 14
  RenderBlock {mo} at (0,97) size 11x10
    RenderText {mo} at (0,-3) size 11x17
      text run at (0,-3) width 11: "\x{23AA}"
layer at (55,376) size 11x10 scrollHeight 14
  RenderBlock {mo} at (0,107) size 11x10
    RenderText {mo} at (0,-3) size 11x17
      text run at (0,-3) width 11: "\x{23AA}"
layer at (55,386) size 11x10 scrollHeight 14
  RenderBlock {mo} at (0,117) size 11x10
    RenderText {mo} at (0,-3) size 11x17
      text run at (0,-3) width 11: "\x{23AA}"
layer at (55,396) size 11x7 scrollHeight 14
  RenderBlock {mo} at (0,127) size 11x7
    RenderText {mo} at (0,-3) size 11x17
      text run at (0,-3) width 11: "\x{23AA}"
layer at (55,403) size 11x11 scrollHeight 14
  RenderBlock {mo} at (0,134) size 11x11
layer at (122,269) size 11x10 scrollHeight 15
  RenderBlock {mo} at (0,0) size 11x10
layer at (122,279) size 11x10 scrollHeight 14
  RenderBlock {mo} at (0,10) size 11x10
    RenderText {mo} at (0,-3) size 11x17
      text run at (0,-3) width 11: "\x{23AA}"
layer at (122,289) size 11x10 scrollHeight 14
  RenderBlock {mo} at (0,20) size 11x10
    RenderText {mo} at (0,-3) size 11x17
      text run at (0,-3) width 11: "\x{23AA}"
layer at (122,299) size 11x10 scrollHeight 14
  RenderBlock {mo} at (0,30) size 11x10
    RenderText {mo} at (0,-3) size 11x17
      text run at (0,-3) width 11: "\x{23AA}"
layer at (122,309) size 11x10 scrollHeight 14
  RenderBlock {mo} at (0,40) size 11x10
    RenderText {mo} at (0,-3) size 11x17
      text run at (0,-3) width 11: "\x{23AA}"
layer at (122,319) size 11x10 scrollHeight 14
  RenderBlock {mo} at (0,50) size 11x10
    RenderText {mo} at (0,-3) size 11x17
      text run at (0,-3) width 11: "\x{23AA}"
layer at (122,329) size 11x7 scrollHeight 14
  RenderBlock {mo} at (0,60) size 11x7
    RenderText {mo} at (0,-3) size 11x17
      text run at (0,-3) width 11: "\x{23AA}"
layer at (122,336) size 11x10 scrollHeight 14
  RenderBlock {mo} at (0,67) size 11x10
layer at (122,346) size 11x10 scrollHeight 14
  RenderBlock {mo} at (0,77) size 11x10
    RenderText {mo} at (0,-3) size 11x17
      text run at (0,-3) width 11: "\x{23AA}"
layer at (122,356) size 11x10 scrollHeight 14
  RenderBlock {mo} at (0,87) size 11x10
    RenderText {mo} at (0,-3) size 11x17
      text run at (0,-3) width 11: "\x{23AA}"
layer at (122,366) size 11x10 scrollHeight 14
  RenderBlock {mo} at (0,97) size 11x10
    RenderText {mo} at (0,-3) size 11x17
      text run at (0,-3) width 11: "\x{23AA}"
layer at (122,376) size 11x10 scrollHeight 14
  RenderBlock {mo} at (0,107) size 11x10
    RenderText {mo} at (0,-3) size 11x17
      text run at (0,-3) width 11: "\x{23AA}"
layer at (122,386) size 11x10 scrollHeight 14
  RenderBlock {mo} at (0,117) size 11x10
    RenderText {mo} at (0,-3) size 11x17
      text run at (0,-3) width 11: "\x{23AA}"
layer at (122,396) size 11x7 scrollHeight 14
  RenderBlock {mo} at (0,127) size 11x7
    RenderText {mo} at (0,-3) size 11x17
      text run at (0,-3) width 11: "\x{23AA}"
layer at (122,403) size 11x11 scrollHeight 14
  RenderBlock {mo} at (0,134) size 11x11
layer at (139,269) size 7x10 scrollHeight 15
  RenderBlock {mo} at (0,0) size 7x10
layer at (139,279) size 7x10 scrollHeight 14
  RenderBlock {mo} at (0,10) size 7x10
    RenderText {mo} at (0,-3) size 7x17
      text run at (0,-3) width 7: "\x{23A2}"
layer at (139,289) size 7x10 scrollHeight 14
  RenderBlock {mo} at (0,20) size 7x10
    RenderText {mo} at (0,-3) size 7x17
      text run at (0,-3) width 7: "\x{23A2}"
layer at (139,299) size 7x10 scrollHeight 14
  RenderBlock {mo} at (0,30) size 7x10
    RenderText {mo} at (0,-3) size 7x17
      text run at (0,-3) width 7: "\x{23A2}"
layer at (139,309) size 7x10 scrollHeight 14
  RenderBlock {mo} at (0,40) size 7x10
    RenderText {mo} at (0,-3) size 7x17
      text run at (0,-3) width 7: "\x{23A2}"
layer at (139,319) size 7x10 scrollHeight 14
  RenderBlock {mo} at (0,50) size 7x10
    RenderText {mo} at (0,-3) size 7x17
      text run at (0,-3) width 7: "\x{23A2}"
layer at (139,329) size 7x10 scrollHeight 14
  RenderBlock {mo} at (0,60) size 7x10
    RenderText {mo} at (0,-3) size 7x17
      text run at (0,-3) width 7: "\x{23A2}"
layer at (139,339) size 7x10 scrollHeight 14
  RenderBlock {mo} at (0,70) size 7x10
    RenderText {mo} at (0,-3) size 7x17
      text run at (0,-3) width 7: "\x{23A2}"
layer at (139,349) size 7x10 scrollHeight 14
  RenderBlock {mo} at (0,80) size 7x10
    RenderText {mo} at (0,-3) size 7x17
      text run at (0,-3) width 7: "\x{23A2}"
layer at (139,359) size 7x10 scrollHeight 14
  RenderBlock {mo} at (0,90) size 7x10
    RenderText {mo} at (0,-3) size 7x17
      text run at (0,-3) width 7: "\x{23A2}"
layer at (139,369) size 7x10 scrollHeight 14
  RenderBlock {mo} at (0,100) size 7x10
    RenderText {mo} at (0,-3) size 7x17
      text run at (0,-3) width 7: "\x{23A2}"
layer at (139,379) size 7x10 scrollHeight 14
  RenderBlock {mo} at (0,110) size 7x10
    RenderText {mo} at (0,-3) size 7x17
      text run at (0,-3) width 7: "\x{23A2}"
layer at (139,389) size 7x10 scrollHeight 14
  RenderBlock {mo} at (0,120) size 7x10
    RenderText {mo} at (0,-3) size 7x17
      text run at (0,-3) width 7: "\x{23A2}"
layer at (139,399) size 7x4 scrollHeight 14
  RenderBlock {mo} at (0,130) size 7x4
    RenderText {mo} at (0,-3) size 7x17
      text run at (0,-3) width 7: "\x{23A2}"
layer at (139,403) size 7x11 scrollHeight 14
  RenderBlock {mo} at (0,134) size 7x11
layer at (202,269) size 7x10 scrollHeight 15
  RenderBlock {mo} at (0,0) size 7x10
layer at (202,279) size 7x10 scrollHeight 14
  RenderBlock {mo} at (0,10) size 7x10
    RenderText {mo} at (0,-3) size 7x17
      text run at (0,-3) width 7: "\x{23A5}"
layer at (202,289) size 7x10 scrollHeight 14
  RenderBlock {mo} at (0,20) size 7x10
    RenderText {mo} at (0,-3) size 7x17
      text run at (0,-3) width 7: "\x{23A5}"
layer at (202,299) size 7x10 scrollHeight 14
  RenderBlock {mo} at (0,30) size 7x10
    RenderText {mo} at (0,-3) size 7x17
      text run at (0,-3) width 7: "\x{23A5}"
layer at (202,309) size 7x10 scrollHeight 14
  RenderBlock {mo} at (0,40) size 7x10
    RenderText {mo} at (0,-3) size 7x17
      text run at (0,-3) width 7: "\x{23A5}"
layer at (202,319) size 7x10 scrollHeight 14
  RenderBlock {mo} at (0,50) size 7x10
    RenderText {mo} at (0,-3) size 7x17
      text run at (0,-3) width 7: "\x{23A5}"
layer at (202,329) size 7x10 scrollHeight 14
  RenderBlock {mo} at (0,60) size 7x10
    RenderText {mo} at (0,-3) size 7x17
      text run at (0,-3) width 7: "\x{23A5}"
layer at (202,339) size 7x10 scrollHeight 14
  RenderBlock {mo} at (0,70) size 7x10
    RenderText {mo} at (0,-3) size 7x17
      text run at (0,-3) width 7: "\x{23A5}"
layer at (202,349) size 7x10 scrollHeight 14
  RenderBlock {mo} at (0,80) size 7x10
    RenderText {mo} at (0,-3) size 7x17
      text run at (0,-3) width 7: "\x{23A5}"
layer at (202,359) size 7x10 scrollHeight 14
  RenderBlock {mo} at (0,90) size 7x10
    RenderText {mo} at (0,-3) size 7x17
      text run at (0,-3) width 7: "\x{23A5}"
layer at (202,369) size 7x10 scrollHeight 14
  RenderBlock {mo} at (0,100) size 7x10
    RenderText {mo} at (0,-3) size 7x17
      text run at (0,-3) width 7: "\x{23A5}"
layer at (202,379) size 7x10 scrollHeight 14
  RenderBlock {mo} at (0,110) size 7x10
    RenderText {mo} at (0,-3) size 7x17
      text run at (0,-3) width 7: "\x{23A5}"
layer at (202,389) size 7x10 scrollHeight 14
  RenderBlock {mo} at (0,120) size 7x10
    RenderText {mo} at (0,-3) size 7x17
      text run at (0,-3) width 7: "\x{23A5}"
layer at (202,399) size 7x4 scrollHeight 14
  RenderBlock {mo} at (0,130) size 7x4
    RenderText {mo} at (0,-3) size 7x17
      text run at (0,-3) width 7: "\x{23A5}"
layer at (202,403) size 7x11 scrollHeight 14
  RenderBlock {mo} at (0,134) size 7x11
layer at (215,269) size 7x10 scrollHeight 15
  RenderBlock {mo} at (0,0) size 7x10
layer at (215,279) size 7x10 scrollHeight 14
  RenderBlock {mo} at (0,10) size 7x10
    RenderText {mo} at (0,-3) size 7x17
      text run at (0,-3) width 7: "\x{239C}"
layer at (215,289) size 7x10 scrollHeight 14
  RenderBlock {mo} at (0,20) size 7x10
    RenderText {mo} at (0,-3) size 7x17
      text run at (0,-3) width 7: "\x{239C}"
layer at (215,299) size 7x10 scrollHeight 14
  RenderBlock {mo} at (0,30) size 7x10
    RenderText {mo} at (0,-3) size 7x17
      text run at (0,-3) width 7: "\x{239C}"
layer at (215,309) size 7x10 scrollHeight 14
  RenderBlock {mo} at (0,40) size 7x10
    RenderText {mo} at (0,-3) size 7x17
      text run at (0,-3) width 7: "\x{239C}"
layer at (215,319) size 7x10 scrollHeight 14
  RenderBlock {mo} at (0,50) size 7x10
    RenderText {mo} at (0,-3) size 7x17
      text run at (0,-3) width 7: "\x{239C}"
layer at (215,329) size 7x10 scrollHeight 14
  RenderBlock {mo} at (0,60) size 7x10
    RenderText {mo} at (0,-3) size 7x17
      text run at (0,-3) width 7: "\x{239C}"
layer at (215,339) size 7x10 scrollHeight 14
  RenderBlock {mo} at (0,70) size 7x10
    RenderText {mo} at (0,-3) size 7x17
      text run at (0,-3) width 7: "\x{239C}"
layer at (215,349) size 7x10 scrollHeight 14
  RenderBlock {mo} at (0,80) size 7x10
    RenderText {mo} at (0,-3) size 7x17
      text run at (0,-3) width 7: "\x{239C}"
layer at (215,359) size 7x10 scrollHeight 14
  RenderBlock {mo} at (0,90) size 7x10
    RenderText {mo} at (0,-3) size 7x17
      text run at (0,-3) width 7: "\x{239C}"
layer at (215,369) size 7x10 scrollHeight 14
  RenderBlock {mo} at (0,100) size 7x10
    RenderText {mo} at (0,-3) size 7x17
      text run at (0,-3) width 7: "\x{239C}"
layer at (215,379) size 7x10 scrollHeight 14
  RenderBlock {mo} at (0,110) size 7x10
    RenderText {mo} at (0,-3) size 7x17
      text run at (0,-3) width 7: "\x{239C}"
layer at (215,389) size 7x10 scrollHeight 14
  RenderBlock {mo} at (0,120) size 7x10
    RenderText {mo} at (0,-3) size 7x17
      text run at (0,-3) width 7: "\x{239C}"
layer at (215,399) size 7x4 scrollHeight 14
  RenderBlock {mo} at (0,130) size 7x4
    RenderText {mo} at (0,-3) size 7x17
      text run at (0,-3) width 7: "\x{239C}"
layer at (215,403) size 7x11 scrollHeight 14
  RenderBlock {mo} at (0,134) size 7x11
layer at (278,269) size 7x10 scrollHeight 15
  RenderBlock {mo} at (0,0) size 7x10
layer at (278,279) size 7x10 scrollHeight 14
  RenderBlock {mo} at (0,10) size 7x10
    RenderText {mo} at (0,-3) size 7x17
      text run at (0,-3) width 7: "\x{239F}"
layer at (278,289) size 7x10 scrollHeight 14
  RenderBlock {mo} at (0,20) size 7x10
    RenderText {mo} at (0,-3) size 7x17
      text run at (0,-3) width 7: "\x{239F}"
layer at (278,299) size 7x10 scrollHeight 14
  RenderBlock {mo} at (0,30) size 7x10
    RenderText {mo} at (0,-3) size 7x17
      text run at (0,-3) width 7: "\x{239F}"
layer at (278,309) size 7x10 scrollHeight 14
  RenderBlock {mo} at (0,40) size 7x10
    RenderText {mo} at (0,-3) size 7x17
      text run at (0,-3) width 7: "\x{239F}"
layer at (278,319) size 7x10 scrollHeight 14
  RenderBlock {mo} at (0,50) size 7x10
    RenderText {mo} at (0,-3) size 7x17
      text run at (0,-3) width 7: "\x{239F}"
layer at (278,329) size 7x10 scrollHeight 14
  RenderBlock {mo} at (0,60) size 7x10
    RenderText {mo} at (0,-3) size 7x17
      text run at (0,-3) width 7: "\x{239F}"
layer at (278,339) size 7x10 scrollHeight 14
  RenderBlock {mo} at (0,70) size 7x10
    RenderText {mo} at (0,-3) size 7x17
      text run at (0,-3) width 7: "\x{239F}"
layer at (278,349) size 7x10 scrollHeight 14
  RenderBlock {mo} at (0,80) size 7x10
    RenderText {mo} at (0,-3) size 7x17
      text run at (0,-3) width 7: "\x{239F}"
layer at (278,359) size 7x10 scrollHeight 14
  RenderBlock {mo} at (0,90) size 7x10
    RenderText {mo} at (0,-3) size 7x17
      text run at (0,-3) width 7: "\x{239F}"
layer at (278,369) size 7x10 scrollHeight 14
  RenderBlock {mo} at (0,100) size 7x10
    RenderText {mo} at (0,-3) size 7x17
      text run at (0,-3) width 7: "\x{239F}"
layer at (278,379) size 7x10 scrollHeight 14
  RenderBlock {mo} at (0,110) size 7x10
    RenderText {mo} at (0,-3) size 7x17
      text run at (0,-3) width 7: "\x{239F}"
layer at (278,389) size 7x10 scrollHeight 14
  RenderBlock {mo} at (0,120) size 7x10
    RenderText {mo} at (0,-3) size 7x17
      text run at (0,-3) width 7: "\x{239F}"
layer at (278,399) size 7x4 scrollHeight 14
  RenderBlock {mo} at (0,130) size 7x4
    RenderText {mo} at (0,-3) size 7x17
      text run at (0,-3) width 7: "\x{239F}"
layer at (278,403) size 7x11 scrollHeight 14
  RenderBlock {mo} at (0,134) size 7x11
layer at (291,269) size 5x10 scrollHeight 15
  RenderBlock {mo} at (0,0) size 5x10
layer at (291,279) size 5x10 scrollHeight 14
  RenderBlock {mo} at (0,10) size 5x10
    RenderText {mo} at (0,-3) size 5x17
      text run at (0,-3) width 5: "\x{23D0}"
layer at (291,289) size 5x10 scrollHeight 14
  RenderBlock {mo} at (0,20) size 5x10
    RenderText {mo} at (0,-3) size 5x17
      text run at (0,-3) width 5: "\x{23D0}"
layer at (291,299) size 5x10 scrollHeight 14
  RenderBlock {mo} at (0,30) size 5x10
    RenderText {mo} at (0,-3) size 5x17
      text run at (0,-3) width 5: "\x{23D0}"
layer at (291,309) size 5x10 scrollHeight 14
  RenderBlock {mo} at (0,40) size 5x10
    RenderText {mo} at (0,-3) size 5x17
      text run at (0,-3) width 5: "\x{23D0}"
layer at (291,319) size 5x10 scrollHeight 14
  RenderBlock {mo} at (0,50) size 5x10
    RenderText {mo} at (0,-3) size 5x17
      text run at (0,-3) width 5: "\x{23D0}"
layer at (291,329) size 5x10 scrollHeight 14
  RenderBlock {mo} at (0,60) size 5x10
    RenderText {mo} at (0,-3) size 5x17
      text run at (0,-3) width 5: "\x{23D0}"
layer at (291,339) size 5x10 scrollHeight 14
  RenderBlock {mo} at (0,70) size 5x10
    RenderText {mo} at (0,-3) size 5x17
      text run at (0,-3) width 5: "\x{23D0}"
layer at (291,349) size 5x10 scrollHeight 14
  RenderBlock {mo} at (0,80) size 5x10
    RenderText {mo} at (0,-3) size 5x17
      text run at (0,-3) width 5: "\x{23D0}"
layer at (291,359) size 5x10 scrollHeight 14
  RenderBlock {mo} at (0,90) size 5x10
    RenderText {mo} at (0,-3) size 5x17
      text run at (0,-3) width 5: "\x{23D0}"
layer at (291,369) size 5x10 scrollHeight 14
  RenderBlock {mo} at (0,100) size 5x10
    RenderText {mo} at (0,-3) size 5x17
      text run at (0,-3) width 5: "\x{23D0}"
layer at (291,379) size 5x10 scrollHeight 14
  RenderBlock {mo} at (0,110) size 5x10
    RenderText {mo} at (0,-3) size 5x17
      text run at (0,-3) width 5: "\x{23D0}"
layer at (291,389) size 5x10 scrollHeight 14
  RenderBlock {mo} at (0,120) size 5x10
    RenderText {mo} at (0,-3) size 5x17
      text run at (0,-3) width 5: "\x{23D0}"
layer at (291,399) size 5x4 scrollHeight 14
  RenderBlock {mo} at (0,130) size 5x4
    RenderText {mo} at (0,-3) size 5x17
      text run at (0,-3) width 5: "\x{23D0}"
layer at (291,403) size 5x11 scrollHeight 14
  RenderBlock {mo} at (0,134) size 5x11
layer at (352,269) size 5x10 scrollHeight 15
  RenderBlock {mo} at (0,0) size 5x10
layer at (352,279) size 5x10 scrollHeight 14
  RenderBlock {mo} at (0,10) size 5x10
    RenderText {mo} at (0,-3) size 5x17
      text run at (0,-3) width 5: "\x{23D0}"
layer at (352,289) size 5x10 scrollHeight 14
  RenderBlock {mo} at (0,20) size 5x10
    RenderText {mo} at (0,-3) size 5x17
      text run at (0,-3) width 5: "\x{23D0}"
layer at (352,299) size 5x10 scrollHeight 14
  RenderBlock {mo} at (0,30) size 5x10
    RenderText {mo} at (0,-3) size 5x17
      text run at (0,-3) width 5: "\x{23D0}"
layer at (352,309) size 5x10 scrollHeight 14
  RenderBlock {mo} at (0,40) size 5x10
    RenderText {mo} at (0,-3) size 5x17
      text run at (0,-3) width 5: "\x{23D0}"
layer at (352,319) size 5x10 scrollHeight 14
  RenderBlock {mo} at (0,50) size 5x10
    RenderText {mo} at (0,-3) size 5x17
      text run at (0,-3) width 5: "\x{23D0}"
layer at (352,329) size 5x10 scrollHeight 14
  RenderBlock {mo} at (0,60) size 5x10
    RenderText {mo} at (0,-3) size 5x17
      text run at (0,-3) width 5: "\x{23D0}"
layer at (352,339) size 5x10 scrollHeight 14
  RenderBlock {mo} at (0,70) size 5x10
    RenderText {mo} at (0,-3) size 5x17
      text run at (0,-3) width 5: "\x{23D0}"
layer at (352,349) size 5x10 scrollHeight 14
  RenderBlock {mo} at (0,80) size 5x10
    RenderText {mo} at (0,-3) size 5x17
      text run at (0,-3) width 5: "\x{23D0}"
layer at (352,359) size 5x10 scrollHeight 14
  RenderBlock {mo} at (0,90) size 5x10
    RenderText {mo} at (0,-3) size 5x17
      text run at (0,-3) width 5: "\x{23D0}"
layer at (352,369) size 5x10 scrollHeight 14
  RenderBlock {mo} at (0,100) size 5x10
    RenderText {mo} at (0,-3) size 5x17
      text run at (0,-3) width 5: "\x{23D0}"
layer at (352,379) size 5x10 scrollHeight 14
  RenderBlock {mo} at (0,110) size 5x10
    RenderText {mo} at (0,-3) size 5x17
      text run at (0,-3) width 5: "\x{23D0}"
layer at (352,389) size 5x10 scrollHeight 14
  RenderBlock {mo} at (0,120) size 5x10
    RenderText {mo} at (0,-3) size 5x17
      text run at (0,-3) width 5: "\x{23D0}"
layer at (352,399) size 5x4 scrollHeight 14
  RenderBlock {mo} at (0,130) size 5x4
    RenderText {mo} at (0,-3) size 5x17
      text run at (0,-3) width 5: "\x{23D0}"
layer at (352,403) size 5x11 scrollHeight 14
  RenderBlock {mo} at (0,134) size 5x11
layer at (363,269) size 8x10 scrollHeight 15
  RenderBlock {mo} at (0,0) size 8x10
layer at (363,279) size 8x10 scrollHeight 14
  RenderBlock {mo} at (0,10) size 8x10
    RenderText {mo} at (0,-3) size 7x17
      text run at (0,-3) width 7: "\x{23AE}"
layer at (363,289) size 8x10 scrollHeight 14
  RenderBlock {mo} at (0,20) size 8x10
    RenderText {mo} at (0,-3) size 7x17
      text run at (0,-3) width 7: "\x{23AE}"
layer at (363,299) size 8x10 scrollHeight 14
  RenderBlock {mo} at (0,30) size 8x10
    RenderText {mo} at (0,-3) size 7x17
      text run at (0,-3) width 7: "\x{23AE}"
layer at (363,309) size 8x10 scrollHeight 14
  RenderBlock {mo} at (0,40) size 8x10
    RenderText {mo} at (0,-3) size 7x17
      text run at (0,-3) width 7: "\x{23AE}"
layer at (363,319) size 8x10 scrollHeight 14
  RenderBlock {mo} at (0,50) size 8x10
    RenderText {mo} at (0,-3) size 7x17
      text run at (0,-3) width 7: "\x{23AE}"
layer at (363,329) size 8x10 scrollHeight 14
  RenderBlock {mo} at (0,60) size 8x10
    RenderText {mo} at (0,-3) size 7x17
      text run at (0,-3) width 7: "\x{23AE}"
layer at (363,339) size 8x10 scrollHeight 14
  RenderBlock {mo} at (0,70) size 8x10
    RenderText {mo} at (0,-3) size 7x17
      text run at (0,-3) width 7: "\x{23AE}"
layer at (363,349) size 8x10 scrollHeight 14
  RenderBlock {mo} at (0,80) size 8x10
    RenderText {mo} at (0,-3) size 7x17
      text run at (0,-3) width 7: "\x{23AE}"
layer at (363,359) size 8x10 scrollHeight 14
  RenderBlock {mo} at (0,90) size 8x10
    RenderText {mo} at (0,-3) size 7x17
      text run at (0,-3) width 7: "\x{23AE}"
layer at (363,369) size 8x10 scrollHeight 14
  RenderBlock {mo} at (0,100) size 8x10
    RenderText {mo} at (0,-3) size 7x17
      text run at (0,-3) width 7: "\x{23AE}"
layer at (363,379) size 8x10 scrollHeight 14
  RenderBlock {mo} at (0,110) size 8x10
    RenderText {mo} at (0,-3) size 7x17
      text run at (0,-3) width 7: "\x{23AE}"
layer at (363,389) size 8x10 scrollHeight 14
  RenderBlock {mo} at (0,120) size 8x10
    RenderText {mo} at (0,-3) size 7x17
      text run at (0,-3) width 7: "\x{23AE}"
layer at (363,399) size 8x4 scrollHeight 14
  RenderBlock {mo} at (0,130) size 8x4
    RenderText {mo} at (0,-3) size 7x17
      text run at (0,-3) width 7: "\x{23AE}"
layer at (363,403) size 8x11 scrollHeight 14
  RenderBlock {mo} at (0,134) size 8x11
layer at (9,432) size 7x10 scrollHeight 15
  RenderBlock {mo} at (0,0) size 7x10
layer at (9,442) size 7x10 scrollHeight 14
  RenderBlock {mo} at (0,10) size 7x10
    RenderText {mo} at (0,-3) size 7x17
      text run at (0,-3) width 7: "\x{239C}"
layer at (9,452) size 7x10 scrollHeight 14
  RenderBlock {mo} at (0,20) size 7x10
    RenderText {mo} at (0,-3) size 7x17
      text run at (0,-3) width 7: "\x{239C}"
layer at (9,462) size 7x8 scrollHeight 14
  RenderBlock {mo} at (0,30) size 7x8
    RenderText {mo} at (0,-3) size 7x17
      text run at (0,-3) width 7: "\x{239C}"
layer at (9,470) size 7x11 scrollHeight 14
  RenderBlock {mo} at (0,38) size 7x11
layer at (156,432) size 7x10 scrollHeight 15
  RenderBlock {mo} at (0,0) size 7x10
layer at (156,442) size 7x10 scrollHeight 14
  RenderBlock {mo} at (0,10) size 7x10
    RenderText {mo} at (0,-3) size 7x17
      text run at (0,-3) width 7: "\x{239F}"
layer at (156,452) size 7x10 scrollHeight 14
  RenderBlock {mo} at (0,20) size 7x10
    RenderText {mo} at (0,-3) size 7x17
      text run at (0,-3) width 7: "\x{239F}"
layer at (156,462) size 7x8 scrollHeight 14
  RenderBlock {mo} at (0,30) size 7x8
    RenderText {mo} at (0,-3) size 7x17
      text run at (0,-3) width 7: "\x{239F}"
layer at (156,470) size 7x11 scrollHeight 14
  RenderBlock {mo} at (0,38) size 7x11
layer at (47,95) size 11x14 backgroundClip at (47,94) size 11x9 clip at (47,94) size 11x9 outlineClip at (47,94) size 11x9
  RenderBlock (relative positioned) {mo} at (0,0) size 11x11
    RenderText {mo} at (0,-3) size 11x17
      text run at (0,-3) width 11: "\x{23A7}"
layer at (47,102) size 11x14 backgroundClip at (47,103) size 11x10 clip at (47,103) size 11x10 outlineClip at (47,103) size 11x10
  RenderBlock (relative positioned) {mo} at (0,0) size 11x11
    RenderText {mo} at (0,-3) size 11x17
      text run at (0,-3) width 11: "\x{23A8}"
layer at (47,110) size 11x14 backgroundClip at (47,113) size 11x11 clip at (47,113) size 11x11 outlineClip at (47,113) size 11x11
  RenderBlock (relative positioned) {mo} at (0,0) size 11x11
    RenderText {mo} at (0,-3) size 11x17
      text run at (0,-3) width 11: "\x{23A9}"
layer at (90,95) size 11x14 backgroundClip at (90,94) size 11x9 clip at (90,94) size 11x9 outlineClip at (90,94) size 11x9
  RenderBlock (relative positioned) {mo} at (0,0) size 11x11
    RenderText {mo} at (0,-3) size 11x17
      text run at (0,-3) width 11: "\x{23AB}"
layer at (90,102) size 11x14 backgroundClip at (90,103) size 11x10 clip at (90,103) size 11x10 outlineClip at (90,103) size 11x10
  RenderBlock (relative positioned) {mo} at (0,0) size 11x11
    RenderText {mo} at (0,-3) size 11x17
      text run at (0,-3) width 11: "\x{23AC}"
layer at (90,110) size 11x14 backgroundClip at (90,113) size 11x11 clip at (90,113) size 11x11 outlineClip at (90,113) size 11x11
  RenderBlock (relative positioned) {mo} at (0,0) size 11x11
    RenderText {mo} at (0,-3) size 11x17
      text run at (0,-3) width 11: "\x{23AD}"
layer at (107,95) size 7x14 backgroundClip at (107,94) size 7x10 clip at (107,94) size 7x10 outlineClip at (107,94) size 7x10
  RenderBlock (relative positioned) {mo} at (0,0) size 7x11
    RenderText {mo} at (0,-3) size 7x17
      text run at (0,-3) width 7: "\x{23A1}"
layer at (107,109) size 7x14 backgroundClip at (107,112) size 7x11 clip at (107,112) size 7x11 outlineClip at (107,112) size 7x11
  RenderBlock (relative positioned) {mo} at (0,0) size 7x11
    RenderText {mo} at (0,-3) size 7x17
      text run at (0,-3) width 7: "\x{23A3}"
layer at (146,95) size 7x14 backgroundClip at (146,94) size 7x10 clip at (146,94) size 7x10 outlineClip at (146,94) size 7x10
  RenderBlock (relative positioned) {mo} at (0,0) size 7x11
    RenderText {mo} at (0,-3) size 7x17
      text run at (0,-3) width 7: "\x{23A4}"
layer at (146,109) size 7x14 backgroundClip at (146,112) size 7x11 clip at (146,112) size 7x11 outlineClip at (146,112) size 7x11
  RenderBlock (relative positioned) {mo} at (0,0) size 7x11
    RenderText {mo} at (0,-3) size 7x17
      text run at (0,-3) width 7: "\x{23A6}"
layer at (159,95) size 7x14 backgroundClip at (159,94) size 7x10 clip at (159,94) size 7x10 outlineClip at (159,94) size 7x10
  RenderBlock (relative positioned) {mo} at (0,0) size 7x11
    RenderText {mo} at (0,-3) size 7x17
      text run at (0,-3) width 7: "\x{239B}"
layer at (159,109) size 7x14 backgroundClip at (159,112) size 7x11 clip at (159,112) size 7x11 outlineClip at (159,112) size 7x11
  RenderBlock (relative positioned) {mo} at (0,0) size 7x11
    RenderText {mo} at (0,-3) size 7x17
      text run at (0,-3) width 7: "\x{239D}"
layer at (198,95) size 7x14 backgroundClip at (198,94) size 7x10 clip at (198,94) size 7x10 outlineClip at (198,94) size 7x10
  RenderBlock (relative positioned) {mo} at (0,0) size 7x11
    RenderText {mo} at (0,-3) size 7x17
      text run at (0,-3) width 7: "\x{239E}"
layer at (198,109) size 7x14 backgroundClip at (198,112) size 7x11 clip at (198,112) size 7x11 outlineClip at (198,112) size 7x11
  RenderBlock (relative positioned) {mo} at (0,0) size 7x11
    RenderText {mo} at (0,-3) size 7x17
      text run at (0,-3) width 7: "\x{23A0}"
layer at (211,95) size 5x14 backgroundClip at (211,94) size 5x10 clip at (211,94) size 5x10 outlineClip at (211,94) size 5x10
  RenderBlock (relative positioned) {mo} at (0,0) size 5x11
    RenderText {mo} at (0,-3) size 5x17
      text run at (0,-3) width 5: "\x{23D0}"
layer at (211,109) size 5x14 backgroundClip at (211,112) size 5x11 clip at (211,112) size 5x11 outlineClip at (211,112) size 5x11
  RenderBlock (relative positioned) {mo} at (0,0) size 5x11
    RenderText {mo} at (0,-3) size 5x17
      text run at (0,-3) width 5: "\x{23D0}"
layer at (248,95) size 5x14 backgroundClip at (248,94) size 5x10 clip at (248,94) size 5x10 outlineClip at (248,94) size 5x10
  RenderBlock (relative positioned) {mo} at (0,0) size 5x11
    RenderText {mo} at (0,-3) size 5x17
      text run at (0,-3) width 5: "\x{23D0}"
layer at (248,109) size 5x14 backgroundClip at (248,112) size 5x11 clip at (248,112) size 5x11 outlineClip at (248,112) size 5x11
  RenderBlock (relative positioned) {mo} at (0,0) size 5x11
    RenderText {mo} at (0,-3) size 5x17
      text run at (0,-3) width 5: "\x{23D0}"
layer at (259,95) size 8x14 backgroundClip at (259,94) size 8x10 clip at (259,94) size 8x10 outlineClip at (259,94) size 8x10
  RenderBlock (relative positioned) {mo} at (0,0) size 8x11
    RenderText {mo} at (0,-3) size 8x17
      text run at (0,-3) width 8: "\x{2320}"
layer at (259,109) size 8x14 backgroundClip at (259,112) size 8x11 clip at (259,112) size 8x11 outlineClip at (259,112) size 8x11
  RenderBlock (relative positioned) {mo} at (0,0) size 8x11
    RenderText {mo} at (0,-3) size 8x17
      text run at (0,-3) width 8: "\x{2321}"
layer at (47,141) size 11x14 backgroundClip at (47,140) size 11x10 clip at (47,140) size 11x10 outlineClip at (47,140) size 11x10
  RenderBlock (relative positioned) {mo} at (0,0) size 11x11
    RenderText {mo} at (0,-3) size 11x17
      text run at (0,-3) width 11: "\x{23A7}"
layer at (47,153) size 11x14 backgroundClip at (47,154) size 11x10 clip at (47,154) size 11x10 outlineClip at (47,154) size 11x10
  RenderBlock (relative positioned) {mo} at (0,0) size 11x11
    RenderText {mo} at (0,-3) size 11x17
      text run at (0,-3) width 11: "\x{23A8}"
layer at (47,165) size 11x14 backgroundClip at (47,168) size 11x11 clip at (47,168) size 11x11 outlineClip at (47,168) size 11x11
  RenderBlock (relative positioned) {mo} at (0,0) size 11x11
    RenderText {mo} at (0,-3) size 11x17
      text run at (0,-3) width 11: "\x{23A9}"
layer at (98,141) size 11x14 backgroundClip at (98,140) size 11x10 clip at (98,140) size 11x10 outlineClip at (98,140) size 11x10
  RenderBlock (relative positioned) {mo} at (0,0) size 11x11
    RenderText {mo} at (0,-3) size 11x17
      text run at (0,-3) width 11: "\x{23AB}"
layer at (98,153) size 11x14 backgroundClip at (98,154) size 11x10 clip at (98,154) size 11x10 outlineClip at (98,154) size 11x10
  RenderBlock (relative positioned) {mo} at (0,0) size 11x11
    RenderText {mo} at (0,-3) size 11x17
      text run at (0,-3) width 11: "\x{23AC}"
layer at (98,165) size 11x14 backgroundClip at (98,168) size 11x11 clip at (98,168) size 11x11 outlineClip at (98,168) size 11x11
  RenderBlock (relative positioned) {mo} at (0,0) size 11x11
    RenderText {mo} at (0,-3) size 11x17
      text run at (0,-3) width 11: "\x{23AD}"
layer at (115,141) size 7x14 backgroundClip at (115,140) size 7x10 clip at (115,140) size 7x10 outlineClip at (115,140) size 7x10
  RenderBlock (relative positioned) {mo} at (0,0) size 7x11
    RenderText {mo} at (0,-3) size 7x17
      text run at (0,-3) width 7: "\x{23A1}"
layer at (115,165) size 7x14 backgroundClip at (115,168) size 7x11 clip at (115,168) size 7x11 outlineClip at (115,168) size 7x11
  RenderBlock (relative positioned) {mo} at (0,0) size 7x11
    RenderText {mo} at (0,-3) size 7x17
      text run at (0,-3) width 7: "\x{23A3}"
layer at (162,141) size 7x14 backgroundClip at (162,140) size 7x10 clip at (162,140) size 7x10 outlineClip at (162,140) size 7x10
  RenderBlock (relative positioned) {mo} at (0,0) size 7x11
    RenderText {mo} at (0,-3) size 7x17
      text run at (0,-3) width 7: "\x{23A4}"
layer at (162,165) size 7x14 backgroundClip at (162,168) size 7x11 clip at (162,168) size 7x11 outlineClip at (162,168) size 7x11
  RenderBlock (relative positioned) {mo} at (0,0) size 7x11
    RenderText {mo} at (0,-3) size 7x17
      text run at (0,-3) width 7: "\x{23A6}"
layer at (175,141) size 7x14 backgroundClip at (175,140) size 7x10 clip at (175,140) size 7x10 outlineClip at (175,140) size 7x10
  RenderBlock (relative positioned) {mo} at (0,0) size 7x11
    RenderText {mo} at (0,-3) size 7x17
      text run at (0,-3) width 7: "\x{239B}"
layer at (175,165) size 7x14 backgroundClip at (175,168) size 7x11 clip at (175,168) size 7x11 outlineClip at (175,168) size 7x11
  RenderBlock (relative positioned) {mo} at (0,0) size 7x11
    RenderText {mo} at (0,-3) size 7x17
      text run at (0,-3) width 7: "\x{239D}"
layer at (222,141) size 7x14 backgroundClip at (222,140) size 7x10 clip at (222,140) size 7x10 outlineClip at (222,140) size 7x10
  RenderBlock (relative positioned) {mo} at (0,0) size 7x11
    RenderText {mo} at (0,-3) size 7x17
      text run at (0,-3) width 7: "\x{239E}"
layer at (222,165) size 7x14 backgroundClip at (222,168) size 7x11 clip at (222,168) size 7x11 outlineClip at (222,168) size 7x11
  RenderBlock (relative positioned) {mo} at (0,0) size 7x11
    RenderText {mo} at (0,-3) size 7x17
      text run at (0,-3) width 7: "\x{23A0}"
layer at (235,141) size 5x14 backgroundClip at (235,140) size 5x10 clip at (235,140) size 5x10 outlineClip at (235,140) size 5x10
  RenderBlock (relative positioned) {mo} at (0,0) size 5x11
    RenderText {mo} at (0,-3) size 5x17
      text run at (0,-3) width 5: "\x{23D0}"
layer at (235,165) size 5x14 backgroundClip at (235,168) size 5x11 clip at (235,168) size 5x11 outlineClip at (235,168) size 5x11
  RenderBlock (relative positioned) {mo} at (0,0) size 5x11
    RenderText {mo} at (0,-3) size 5x17
      text run at (0,-3) width 5: "\x{23D0}"
layer at (280,141) size 5x14 backgroundClip at (280,140) size 5x10 clip at (280,140) size 5x10 outlineClip at (280,140) size 5x10
  RenderBlock (relative positioned) {mo} at (0,0) size 5x11
    RenderText {mo} at (0,-3) size 5x17
      text run at (0,-3) width 5: "\x{23D0}"
layer at (280,165) size 5x14 backgroundClip at (280,168) size 5x11 clip at (280,168) size 5x11 outlineClip at (280,168) size 5x11
  RenderBlock (relative positioned) {mo} at (0,0) size 5x11
    RenderText {mo} at (0,-3) size 5x17
      text run at (0,-3) width 5: "\x{23D0}"
layer at (291,141) size 8x14 backgroundClip at (291,140) size 8x10 clip at (291,140) size 8x10 outlineClip at (291,140) size 8x10
  RenderBlock (relative positioned) {mo} at (0,0) size 8x11
    RenderText {mo} at (0,-3) size 8x17
      text run at (0,-3) width 8: "\x{2320}"
layer at (291,165) size 8x14 backgroundClip at (291,168) size 8x11 clip at (291,168) size 8x11 outlineClip at (291,168) size 8x11
  RenderBlock (relative positioned) {mo} at (0,0) size 8x11
    RenderText {mo} at (0,-3) size 8x17
      text run at (0,-3) width 8: "\x{2321}"
layer at (47,196) size 11x14 backgroundClip at (47,195) size 11x10 clip at (47,195) size 11x10 outlineClip at (47,195) size 11x10
  RenderBlock (relative positioned) {mo} at (0,0) size 11x11
    RenderText {mo} at (0,-3) size 11x17
      text run at (0,-3) width 11: "\x{23A7}"
layer at (47,217) size 11x14 backgroundClip at (47,218) size 11x10 clip at (47,218) size 11x10 outlineClip at (47,218) size 11x10
  RenderBlock (relative positioned) {mo} at (0,0) size 11x11
    RenderText {mo} at (0,-3) size 11x17
      text run at (0,-3) width 11: "\x{23A8}"
layer at (47,239) size 11x14 backgroundClip at (47,242) size 11x11 clip at (47,242) size 11x11 outlineClip at (47,242) size 11x11
  RenderBlock (relative positioned) {mo} at (0,0) size 11x11
    RenderText {mo} at (0,-3) size 11x17
      text run at (0,-3) width 11: "\x{23A9}"
layer at (114,196) size 11x14 backgroundClip at (114,195) size 11x10 clip at (114,195) size 11x10 outlineClip at (114,195) size 11x10
  RenderBlock (relative positioned) {mo} at (0,0) size 11x11
    RenderText {mo} at (0,-3) size 11x17
      text run at (0,-3) width 11: "\x{23AB}"
layer at (114,217) size 11x14 backgroundClip at (114,218) size 11x10 clip at (114,218) size 11x10 outlineClip at (114,218) size 11x10
  RenderBlock (relative positioned) {mo} at (0,0) size 11x11
    RenderText {mo} at (0,-3) size 11x17
      text run at (0,-3) width 11: "\x{23AC}"
layer at (114,239) size 11x14 backgroundClip at (114,242) size 11x11 clip at (114,242) size 11x11 outlineClip at (114,242) size 11x11
  RenderBlock (relative positioned) {mo} at (0,0) size 11x11
    RenderText {mo} at (0,-3) size 11x17
      text run at (0,-3) width 11: "\x{23AD}"
layer at (131,196) size 7x14 backgroundClip at (131,195) size 7x10 clip at (131,195) size 7x10 outlineClip at (131,195) size 7x10
  RenderBlock (relative positioned) {mo} at (0,0) size 7x11
    RenderText {mo} at (0,-3) size 7x17
      text run at (0,-3) width 7: "\x{23A1}"
layer at (131,239) size 7x14 backgroundClip at (131,242) size 7x11 clip at (131,242) size 7x11 outlineClip at (131,242) size 7x11
  RenderBlock (relative positioned) {mo} at (0,0) size 7x11
    RenderText {mo} at (0,-3) size 7x17
      text run at (0,-3) width 7: "\x{23A3}"
layer at (194,196) size 7x14 backgroundClip at (194,195) size 7x10 clip at (194,195) size 7x10 outlineClip at (194,195) size 7x10
  RenderBlock (relative positioned) {mo} at (0,0) size 7x11
    RenderText {mo} at (0,-3) size 7x17
      text run at (0,-3) width 7: "\x{23A4}"
layer at (194,239) size 7x14 backgroundClip at (194,242) size 7x11 clip at (194,242) size 7x11 outlineClip at (194,242) size 7x11
  RenderBlock (relative positioned) {mo} at (0,0) size 7x11
    RenderText {mo} at (0,-3) size 7x17
      text run at (0,-3) width 7: "\x{23A6}"
layer at (207,196) size 7x14 backgroundClip at (207,195) size 7x10 clip at (207,195) size 7x10 outlineClip at (207,195) size 7x10
  RenderBlock (relative positioned) {mo} at (0,0) size 7x11
    RenderText {mo} at (0,-3) size 7x17
      text run at (0,-3) width 7: "\x{239B}"
layer at (207,239) size 7x14 backgroundClip at (207,242) size 7x11 clip at (207,242) size 7x11 outlineClip at (207,242) size 7x11
  RenderBlock (relative positioned) {mo} at (0,0) size 7x11
    RenderText {mo} at (0,-3) size 7x17
      text run at (0,-3) width 7: "\x{239D}"
layer at (270,196) size 7x14 backgroundClip at (270,195) size 7x10 clip at (270,195) size 7x10 outlineClip at (270,195) size 7x10
  RenderBlock (relative positioned) {mo} at (0,0) size 7x11
    RenderText {mo} at (0,-3) size 7x17
      text run at (0,-3) width 7: "\x{239E}"
layer at (270,239) size 7x14 backgroundClip at (270,242) size 7x11 clip at (270,242) size 7x11 outlineClip at (270,242) size 7x11
  RenderBlock (relative positioned) {mo} at (0,0) size 7x11
    RenderText {mo} at (0,-3) size 7x17
      text run at (0,-3) width 7: "\x{23A0}"
layer at (283,196) size 5x14 backgroundClip at (283,195) size 5x10 clip at (283,195) size 5x10 outlineClip at (283,195) size 5x10
  RenderBlock (relative positioned) {mo} at (0,0) size 5x11
    RenderText {mo} at (0,-3) size 5x17
      text run at (0,-3) width 5: "\x{23D0}"
layer at (283,239) size 5x14 backgroundClip at (283,242) size 5x11 clip at (283,242) size 5x11 outlineClip at (283,242) size 5x11
  RenderBlock (relative positioned) {mo} at (0,0) size 5x11
    RenderText {mo} at (0,-3) size 5x17
      text run at (0,-3) width 5: "\x{23D0}"
layer at (344,196) size 5x14 backgroundClip at (344,195) size 5x10 clip at (344,195) size 5x10 outlineClip at (344,195) size 5x10
  RenderBlock (relative positioned) {mo} at (0,0) size 5x11
    RenderText {mo} at (0,-3) size 5x17
      text run at (0,-3) width 5: "\x{23D0}"
layer at (344,239) size 5x14 backgroundClip at (344,242) size 5x11 clip at (344,242) size 5x11 outlineClip at (344,242) size 5x11
  RenderBlock (relative positioned) {mo} at (0,0) size 5x11
    RenderText {mo} at (0,-3) size 5x17
      text run at (0,-3) width 5: "\x{23D0}"
layer at (355,196) size 8x14 backgroundClip at (355,195) size 8x10 clip at (355,195) size 8x10 outlineClip at (355,195) size 8x10
  RenderBlock (relative positioned) {mo} at (0,0) size 8x11
    RenderText {mo} at (0,-3) size 8x17
      text run at (0,-3) width 8: "\x{2320}"
layer at (355,239) size 8x14 backgroundClip at (355,242) size 8x11 clip at (355,242) size 8x11 outlineClip at (355,242) size 8x11
  RenderBlock (relative positioned) {mo} at (0,0) size 8x11
    RenderText {mo} at (0,-3) size 8x17
      text run at (0,-3) width 8: "\x{2321}"
layer at (55,270) size 11x14 backgroundClip at (55,269) size 11x10 clip at (55,269) size 11x10 outlineClip at (55,269) size 11x10
  RenderBlock (relative positioned) {mo} at (0,0) size 11x11
    RenderText {mo} at (0,-3) size 11x17
      text run at (0,-3) width 11: "\x{23A7}"
layer at (55,335) size 11x14 backgroundClip at (55,336) size 11x10 clip at (55,336) size 11x10 outlineClip at (55,336) size 11x10
  RenderBlock (relative positioned) {mo} at (0,0) size 11x11
    RenderText {mo} at (0,-3) size 11x17
      text run at (0,-3) width 11: "\x{23A8}"
layer at (55,400) size 11x14 backgroundClip at (55,403) size 11x11 clip at (55,403) size 11x11 outlineClip at (55,403) size 11x11
  RenderBlock (relative positioned) {mo} at (0,0) size 11x11
    RenderText {mo} at (0,-3) size 11x17
      text run at (0,-3) width 11: "\x{23A9}"
layer at (122,270) size 11x14 backgroundClip at (122,269) size 11x10 clip at (122,269) size 11x10 outlineClip at (122,269) size 11x10
  RenderBlock (relative positioned) {mo} at (0,0) size 11x11
    RenderText {mo} at (0,-3) size 11x17
      text run at (0,-3) width 11: "\x{23AB}"
layer at (122,335) size 11x14 backgroundClip at (122,336) size 11x10 clip at (122,336) size 11x10 outlineClip at (122,336) size 11x10
  RenderBlock (relative positioned) {mo} at (0,0) size 11x11
    RenderText {mo} at (0,-3) size 11x17
      text run at (0,-3) width 11: "\x{23AC}"
layer at (122,400) size 11x14 backgroundClip at (122,403) size 11x11 clip at (122,403) size 11x11 outlineClip at (122,403) size 11x11
  RenderBlock (relative positioned) {mo} at (0,0) size 11x11
    RenderText {mo} at (0,-3) size 11x17
      text run at (0,-3) width 11: "\x{23AD}"
layer at (139,270) size 7x14 backgroundClip at (139,269) size 7x10 clip at (139,269) size 7x10 outlineClip at (139,269) size 7x10
  RenderBlock (relative positioned) {mo} at (0,0) size 7x11
    RenderText {mo} at (0,-3) size 7x17
      text run at (0,-3) width 7: "\x{23A1}"
layer at (139,400) size 7x14 backgroundClip at (139,403) size 7x11 clip at (139,403) size 7x11 outlineClip at (139,403) size 7x11
  RenderBlock (relative positioned) {mo} at (0,0) size 7x11
    RenderText {mo} at (0,-3) size 7x17
      text run at (0,-3) width 7: "\x{23A3}"
layer at (202,270) size 7x14 backgroundClip at (202,269) size 7x10 clip at (202,269) size 7x10 outlineClip at (202,269) size 7x10
  RenderBlock (relative positioned) {mo} at (0,0) size 7x11
    RenderText {mo} at (0,-3) size 7x17
      text run at (0,-3) width 7: "\x{23A4}"
layer at (202,400) size 7x14 backgroundClip at (202,403) size 7x11 clip at (202,403) size 7x11 outlineClip at (202,403) size 7x11
  RenderBlock (relative positioned) {mo} at (0,0) size 7x11
    RenderText {mo} at (0,-3) size 7x17
      text run at (0,-3) width 7: "\x{23A6}"
layer at (215,270) size 7x14 backgroundClip at (215,269) size 7x10 clip at (215,269) size 7x10 outlineClip at (215,269) size 7x10
  RenderBlock (relative positioned) {mo} at (0,0) size 7x11
    RenderText {mo} at (0,-3) size 7x17
      text run at (0,-3) width 7: "\x{239B}"
layer at (215,400) size 7x14 backgroundClip at (215,403) size 7x11 clip at (215,403) size 7x11 outlineClip at (215,403) size 7x11
  RenderBlock (relative positioned) {mo} at (0,0) size 7x11
    RenderText {mo} at (0,-3) size 7x17
      text run at (0,-3) width 7: "\x{239D}"
layer at (278,270) size 7x14 backgroundClip at (278,269) size 7x10 clip at (278,269) size 7x10 outlineClip at (278,269) size 7x10
  RenderBlock (relative positioned) {mo} at (0,0) size 7x11
    RenderText {mo} at (0,-3) size 7x17
      text run at (0,-3) width 7: "\x{239E}"
layer at (278,400) size 7x14 backgroundClip at (278,403) size 7x11 clip at (278,403) size 7x11 outlineClip at (278,403) size 7x11
  RenderBlock (relative positioned) {mo} at (0,0) size 7x11
    RenderText {mo} at (0,-3) size 7x17
      text run at (0,-3) width 7: "\x{23A0}"
layer at (291,270) size 5x14 backgroundClip at (291,269) size 5x10 clip at (291,269) size 5x10 outlineClip at (291,269) size 5x10
  RenderBlock (relative positioned) {mo} at (0,0) size 5x11
    RenderText {mo} at (0,-3) size 5x17
      text run at (0,-3) width 5: "\x{23D0}"
layer at (291,400) size 5x14 backgroundClip at (291,403) size 5x11 clip at (291,403) size 5x11 outlineClip at (291,403) size 5x11
  RenderBlock (relative positioned) {mo} at (0,0) size 5x11
    RenderText {mo} at (0,-3) size 5x17
      text run at (0,-3) width 5: "\x{23D0}"
layer at (352,270) size 5x14 backgroundClip at (352,269) size 5x10 clip at (352,269) size 5x10 outlineClip at (352,269) size 5x10
  RenderBlock (relative positioned) {mo} at (0,0) size 5x11
    RenderText {mo} at (0,-3) size 5x17
      text run at (0,-3) width 5: "\x{23D0}"
layer at (352,400) size 5x14 backgroundClip at (352,403) size 5x11 clip at (352,403) size 5x11 outlineClip at (352,403) size 5x11
  RenderBlock (relative positioned) {mo} at (0,0) size 5x11
    RenderText {mo} at (0,-3) size 5x17
      text run at (0,-3) width 5: "\x{23D0}"
layer at (363,270) size 8x14 backgroundClip at (363,269) size 8x10 clip at (363,269) size 8x10 outlineClip at (363,269) size 8x10
  RenderBlock (relative positioned) {mo} at (0,0) size 8x11
    RenderText {mo} at (0,-3) size 8x17
      text run at (0,-3) width 8: "\x{2320}"
layer at (363,400) size 8x14 backgroundClip at (363,403) size 8x11 clip at (363,403) size 8x11 outlineClip at (363,403) size 8x11
  RenderBlock (relative positioned) {mo} at (0,0) size 8x11
    RenderText {mo} at (0,-3) size 8x17
      text run at (0,-3) width 8: "\x{2321}"
layer at (9,433) size 7x14 backgroundClip at (9,432) size 7x10 clip at (9,432) size 7x10 outlineClip at (9,432) size 7x10
  RenderBlock (relative positioned) {mo} at (0,0) size 7x11
    RenderText {mo} at (0,-3) size 7x17
      text run at (0,-3) width 7: "\x{239B}"
layer at (9,467) size 7x14 backgroundClip at (9,470) size 7x11 clip at (9,470) size 7x11 outlineClip at (9,470) size 7x11
  RenderBlock (relative positioned) {mo} at (0,0) size 7x11
    RenderText {mo} at (0,-3) size 7x17
      text run at (0,-3) width 7: "\x{239D}"
layer at (156,433) size 7x14 backgroundClip at (156,432) size 7x10 clip at (156,432) size 7x10 outlineClip at (156,432) size 7x10
  RenderBlock (relative positioned) {mo} at (0,0) size 7x11
    RenderText {mo} at (0,-3) size 7x17
      text run at (0,-3) width 7: "\x{239E}"
layer at (156,467) size 7x14 backgroundClip at (156,470) size 7x11 clip at (156,470) size 7x11 outlineClip at (156,470) size 7x11
  RenderBlock (relative positioned) {mo} at (0,0) size 7x11
    RenderText {mo} at (0,-3) size 7x17
      text run at (0,-3) width 7: "\x{23A0}"
