layer at (0,0) size 800x600
  RenderView at (0,0) size 800x600
layer at (0,0) size 800x51
  RenderBlock {html} at (0,0) size 800x51
    RenderBody {body} at (8,16) size 784x19
      RenderBlock {p} at (0,0) size 784x19
        RenderInline {math} at (0,0) size 25x19
          RenderInline {mi} at (0,0) size 8x19
            RenderText {#text} at (0,0) size 8x19
              text run at (0,0) width 8: "x"
          RenderInline {mo} at (0,0) size 9x19
            RenderText {#text} at (8,0) size 9x19
              text run at (8,0) width 9: "+"
          RenderInline {mn} at (0,0) size 8x19
            RenderText {#text} at (17,0) size 8x19
              text run at (17,0) width 8: "1"
        RenderText {#text} at (0,0) size 0x0
