layer at (0,0) size 800x600
  RenderView at (0,0) size 800x600
layer at (0,0) size 800x121
  RenderBlock {html} at (0,0) size 800x121
    RenderBody {body} at (8,16) size 784x89
      RenderBlock {p} at (0,0) size 784x19
        RenderText {#text} at (0,0) size 27x19
          text run at (0,0) width 27: "text "
        RenderInline {math} at (0,0) size 16x19
          RenderText {#text} at (0,0) size 0x0
          RenderInline {msub} at (0,0) size 16x19
            RenderInline {mi} at (0,0) size 8x19
              RenderText {#text} at (27,0) size 8x19
                text run at (27,0) width 8: "x"
            RenderInline {mn} at (0,0) size 8x19
              RenderText {#text} at (35,0) size 8x19
                text run at (35,0) width 8: "1"
          RenderText {#text} at (0,0) size 0x0
        RenderText {#text} at (0,0) size 0x0
      RenderBlock {p} at (0,35) size 784x19
        RenderText {#text} at (0,0) size 27x19
          text run at (0,0) width 27: "text "
        RenderInline {math} at (0,0) size 21x19
          RenderText {#text} at (0,0) size 0x0
          RenderInline {msub} at (0,0) size 21x19
            RenderText {#text} at (0,0) size 0x0
            RenderInline {mo} at (0,0) size 9x19
              RenderText {#text} at (27,0) size 9x19
                text run at (27,0) width 9: "+"
            RenderText {#text} at (36,0) size 4x19
              text run at (36,0) width 4: " "
            RenderInline {mi} at (0,0) size 8x19
              RenderText {#text} at (40,0) size 8x19
                text run at (40,0) width 8: "x"
            RenderText {#text} at (0,0) size 0x0
          RenderText {#text} at (0,0) size 0x0
        RenderText {#text} at (0,0) size 0x0
      RenderBlock {p} at (0,70) size 784x19
        RenderText {#text} at (0,0) size 27x19
          text run at (0,0) width 27: "text "
        RenderInline {math} at (0,0) size 20x19
          RenderText {#text} at (0,0) size 0x0
          RenderInline {msub} at (0,0) size 20x19
            RenderText {#text} at (0,0) size 0x0
            RenderInline {mo} at (0,0) size 4x19
              RenderText {#text} at (27,0) size 4x19
                text run at (27,0) width 4: "\x{222B}"
            RenderText {#text} at (31,0) size 4x19
              text run at (31,0) width 4: " "
            RenderInline {mi} at (0,0) size 12x19
              RenderText {#text} at (35,0) size 12x19
                text run at (35,0) width 12: "Y"
            RenderText {#text} at (0,0) size 0x0
          RenderText {#text} at (0,0) size 0x0
        RenderText {#text} at (0,0) size 0x0
