layer at (0,0) size 800x600
  RenderView at (0,0) size 800x600
layer at (0,0) size 800x191
  RenderBlock {html} at (0,0) size 800x191
    RenderBody {body} at (8,16) size 784x159
      RenderBlock {p} at (0,0) size 784x19
        RenderText {#text} at (0,0) size 36x19
          text run at (0,0) width 36: "both: "
        RenderInline {math} at (0,0) size 24x19
          RenderText {#text} at (0,0) size 0x0
          RenderInline {msubsup} at (0,0) size 24x19
            RenderInline {mi} at (0,0) size 8x19
              RenderText {#text} at (36,0) size 8x19
                text run at (36,0) width 8: "x"
            RenderInline {mn} at (0,0) size 8x19
              RenderText {#text} at (44,0) size 8x19
                text run at (44,0) width 8: "1"
            RenderInline {mi} at (0,0) size 8x19
              RenderText {#text} at (52,0) size 8x19
                text run at (52,0) width 8: "k"
          RenderText {#text} at (0,0) size 0x0
        RenderText {#text} at (0,0) size 0x0
      RenderBlock {p} at (0,35) size 784x19
        RenderText {#text} at (0,0) size 148x19
          text run at (0,0) width 148: "long subscript w/ both: "
        RenderInline {math} at (0,0) size 63x19
          RenderText {#text} at (0,0) size 0x0
          RenderInline {msubsup} at (0,0) size 63x19
            RenderText {#text} at (0,0) size 0x0
            RenderInline {mi} at (0,0) size 10x19
              RenderText {#text} at (148,0) size 10x19
                text run at (148,0) width 10: "Z"
            RenderText {#text} at (158,0) size 4x19
              text run at (158,0) width 4: " "
            RenderInline {mrow} at (0,0) size 41x19
              RenderInline {mi} at (0,0) size 8x19
                RenderText {#text} at (162,0) size 8x19
                  text run at (162,0) width 8: "x"
              RenderInline {mo} at (0,0) size 9x19
                RenderText {#text} at (170,0) size 9x19
                  text run at (170,0) width 9: "+"
              RenderInline {mi} at (0,0) size 8x19
                RenderText {#text} at (179,0) size 8x19
                  text run at (179,0) width 8: "y"
              RenderInline {mo} at (0,0) size 9x19
                RenderText {#text} at (187,0) size 9x19
                  text run at (187,0) width 9: "+"
              RenderInline {mi} at (0,0) size 7x19
                RenderText {#text} at (196,0) size 7x19
                  text run at (196,0) width 7: "z"
            RenderText {#text} at (203,0) size 4x19
              text run at (203,0) width 4: " "
            RenderInline {mi} at (0,0) size 4x19
              RenderText {#text} at (207,0) size 4x19
                text run at (207,0) width 4: "j"
            RenderText {#text} at (0,0) size 0x0
          RenderText {#text} at (0,0) size 0x0
        RenderText {#text} at (0,0) size 0x0
      RenderBlock {p} at (0,70) size 784x19
        RenderText {#text} at (0,0) size 160x19
          text run at (0,0) width 160: "long superscript w/ both: "
        RenderInline {math} at (0,0) size 47x19
          RenderText {#text} at (0,0) size 0x0
          RenderInline {msubsup} at (0,0) size 47x19
            RenderText {#text} at (0,0) size 0x0
            RenderInline {mi} at (0,0) size 10x19
              RenderText {#text} at (160,0) size 10x19
                text run at (160,0) width 10: "Z"
            RenderText {#text} at (170,0) size 4x19
              text run at (170,0) width 4: " "
            RenderInline {mi} at (0,0) size 8x19
              RenderText {#text} at (174,0) size 8x19
                text run at (174,0) width 8: "x"
            RenderText {#text} at (182,0) size 4x19
              text run at (182,0) width 4: " "
            RenderInline {mrow} at (0,0) size 21x19
              RenderInline {mi} at (0,0) size 8x19
                RenderText {#text} at (186,0) size 8x19
                  text run at (186,0) width 8: "k"
              RenderInline {mo} at (0,0) size 9x19
                RenderText {#text} at (194,0) size 9x19
                  text run at (194,0) width 9: "+"
              RenderInline {mi} at (0,0) size 4x19
                RenderText {#text} at (203,0) size 4x19
                  text run at (203,0) width 4: "j"
            RenderText {#text} at (0,0) size 0x0
          RenderText {#text} at (0,0) size 0x0
        RenderText {#text} at (0,0) size 0x0
      RenderBlock {p} at (0,105) size 784x19
        RenderText {#text} at (0,0) size 88x19
          text run at (0,0) width 88: "long w/ both: "
        RenderInline {math} at (0,0) size 80x19
          RenderText {#text} at (0,0) size 0x0
          RenderInline {msubsup} at (0,0) size 80x19
            RenderText {#text} at (0,0) size 0x0
            RenderInline {mi} at (0,0) size 10x19
              RenderText {#text} at (88,0) size 10x19
                text run at (88,0) width 10: "Z"
            RenderText {#text} at (98,0) size 4x19
              text run at (98,0) width 4: " "
            RenderInline {mrow} at (0,0) size 41x19
              RenderInline {mi} at (0,0) size 8x19
                RenderText {#text} at (102,0) size 8x19
                  text run at (102,0) width 8: "x"
              RenderInline {mo} at (0,0) size 9x19
                RenderText {#text} at (110,0) size 9x19
                  text run at (110,0) width 9: "+"
              RenderInline {mi} at (0,0) size 8x19
                RenderText {#text} at (119,0) size 8x19
                  text run at (119,0) width 8: "y"
              RenderInline {mo} at (0,0) size 9x19
                RenderText {#text} at (127,0) size 9x19
                  text run at (127,0) width 9: "+"
              RenderInline {mi} at (0,0) size 7x19
                RenderText {#text} at (136,0) size 7x19
                  text run at (136,0) width 7: "z"
            RenderText {#text} at (143,0) size 4x19
              text run at (143,0) width 4: " "
            RenderInline {mrow} at (0,0) size 21x19
              RenderInline {mi} at (0,0) size 8x19
                RenderText {#text} at (147,0) size 8x19
                  text run at (147,0) width 8: "k"
              RenderInline {mo} at (0,0) size 9x19
                RenderText {#text} at (155,0) size 9x19
                  text run at (155,0) width 9: "+"
              RenderInline {mi} at (0,0) size 4x19
                RenderText {#text} at (164,0) size 4x19
                  text run at (164,0) width 4: "j"
            RenderText {#text} at (0,0) size 0x0
          RenderText {#text} at (0,0) size 0x0
        RenderText {#text} at (0,0) size 0x0
      RenderBlock {p} at (0,140) size 784x19
        RenderText {#text} at (0,0) size 123x19
          text run at (0,0) width 123: "Wrapped in mrow: "
        RenderInline {math} at (0,0) size 24x19
          RenderText {#text} at (0,0) size 0x0
          RenderInline {mrow} at (0,0) size 24x19
            RenderInline {msubsup} at (0,0) size 24x19
              RenderInline {mi} at (0,0) size 8x19
                RenderText {#text} at (123,0) size 8x19
                  text run at (123,0) width 8: "x"
              RenderInline {mn} at (0,0) size 8x19
                RenderText {#text} at (131,0) size 8x19
                  text run at (131,0) width 8: "1"
              RenderInline {mi} at (0,0) size 8x19
                RenderText {#text} at (139,0) size 8x19
                  text run at (139,0) width 8: "k"
          RenderText {#text} at (0,0) size 0x0
        RenderText {#text} at (0,0) size 0x0
