layer at (0,0) size 800x600
  RenderView at (0,0) size 800x600
layer at (0,0) size 800x51
  RenderBlock {html} at (0,0) size 800x51
    RenderBody {body} at (8,16) size 784x19
      RenderBlock {p} at (0,0) size 784x19
        RenderText {#text} at (0,0) size 76x19
          text run at (0,0) width 76: "superscript: "
        RenderInline {math} at (0,0) size 16x19
          RenderText {#text} at (0,0) size 0x0
          RenderInline {msup} at (0,0) size 16x19
            RenderInline {mi} at (0,0) size 8x19
              RenderText {#text} at (76,0) size 8x19
                text run at (76,0) width 8: "x"
            RenderInline {mn} at (0,0) size 8x19
              RenderText {#text} at (84,0) size 8x19
                text run at (84,0) width 8: "2"
          RenderText {#text} at (0,0) size 0x0
        RenderText {#text} at (0,0) size 0x0
