layer at (0,0) size 800x600
  RenderView at (0,0) size 800x600
layer at (0,0) size 800x86
  RenderBlock {html} at (0,0) size 800x86
    RenderBody {body} at (8,16) size 784x54
      RenderBlock {p} at (0,0) size 784x19
        RenderText {#text} at (0,0) size 291x19
          text run at (0,0) width 291: "Following elements should use a regular font: "
        RenderInline {math} at (0,0) size 66x19
          RenderText {#text} at (0,0) size 0x0
          RenderInline {mn} at (0,0) size 8x19
            RenderText {#text} at (291,0) size 8x19
              text run at (291,0) width 8: "1"
          RenderText {#text} at (299,0) size 4x19
            text run at (299,0) width 4: " "
          RenderInline {mo} at (0,0) size 11x19
            RenderText {#text} at (303,0) size 11x19
              text run at (303,0) width 11: "\x{2207}"
          RenderText {#text} at (314,0) size 4x19
            text run at (314,0) width 4: " "
          RenderInline {mtext} at (0,0) size 23x19
            RenderText {#text} at (318,0) size 23x19
              text run at (318,0) width 23: "text"
          RenderText {#text} at (341,0) size 4x19
            text run at (341,0) width 4: " "
          RenderInline {ms} at (0,0) size 12x19
            RenderText {#text} at (345,0) size 12x19
              text run at (345,0) width 12: "&"
          RenderText {#text} at (0,0) size 0x0
        RenderText {#text} at (0,0) size 0x0
      RenderBlock {p} at (0,35) size 784x19
        RenderText {#text} at (0,0) size 241x19
          text run at (0,0) width 241: "Following element should be in italic: "
        RenderInline {math} at (0,0) size 8x19
          RenderText {#text} at (0,0) size 0x0
          RenderInline {mi} at (0,0) size 8x19
            RenderText {#text} at (241,0) size 8x19
              text run at (241,0) width 8: "x"
          RenderText {#text} at (0,0) size 0x0
        RenderText {#text} at (0,0) size 0x0
