layer at (0,0) size 800x600
  RenderView at (0,0) size 800x600
layer at (0,0) size 800x276
  RenderBlock {html} at (0,0) size 800x276
    RenderBody {body} at (8,16) size 784x244
      RenderBlock {p} at (0,0) size 784x43
        RenderText {#text} at (0,15) size 92x20
          text run at (0,15) width 92: "under & over: "
        RenderBlock {math} at (92,0) size 14x43
          RenderBlock {munderover} at (1,0) size 12x43
            RenderBlock {munderover} at (0,0) size 12x16
              RenderInline {mi} at (0,0) size 7x16
                RenderText {#text} at (2,1) size 7x16
                  text run at (2,1) width 7: "y"
            RenderBlock {munderover} at (0,13) size 12x17
              RenderInline {mi} at (0,0) size 12x21
                RenderText {#text} at (0,-2) size 12x21
                  text run at (0,-2) width 12: "B"
            RenderBlock {munderover} at (0,27) size 12x16
              RenderInline {mi} at (0,0) size 6x16
                RenderText {#text} at (3,1) size 6x16
                  text run at (3,1) width 6: "x"
        RenderText {#text} at (0,0) size 0x0
      RenderBlock {p} at (0,59) size 784x43
        RenderText {#text} at (0,15) size 92x20
          text run at (0,15) width 92: "under & over: "
        RenderBlock {math} at (92,0) size 14x43
          RenderBlock {munderover} at (1,0) size 12x43
            RenderBlock {munderover} at (0,0) size 12x16
              RenderInline {mi} at (0,0) size 7x16
                RenderText {#text} at (2,1) size 7x16
                  text run at (2,1) width 7: "y"
            RenderBlock {munderover} at (0,13) size 12x17
              RenderInline {mi} at (0,0) size 12x21
                RenderText {#text} at (0,-2) size 12x21
                  text run at (0,-2) width 12: "B"
            RenderBlock {munderover} at (0,27) size 12x16
              RenderInline {mi} at (0,0) size 8x16
                RenderText {#text} at (2,1) size 8x16
                  text run at (2,1) width 8: "X"
        RenderText {#text} at (0,0) size 0x0
      RenderBlock {p} at (0,118) size 784x55
        RenderText {#text} at (0,23) size 92x20
          text run at (0,23) width 92: "under & over: "
        RenderBlock {math} at (92,0) size 27x55
          RenderBlock {munderover} at (1,0) size 25x55
            RenderBlock {munderover} at (0,0) size 25x16
              RenderBlock {mrow} at (0,0) size 25x15
                RenderInline {mi} at (0,0) size 6x16
                  RenderText {#text} at (0,1) size 6x16
                    text run at (0,1) width 6: "x"
                RenderBlock {mo} at (6,0) size 12x15
                  RenderBlock {mo} at (0,0) size 12x15
                    RenderText {mo} at (0,3) size 12x13
                      text run at (0,3) width 12: "+"
                RenderInline {mi} at (0,0) size 7x16
                  RenderText {#text} at (18,1) size 7x16
                    text run at (18,1) width 7: "y"
            RenderBlock {munderover} at (0,15) size 25x24
              RenderBlock {mo} at (0,0) size 24x24
                RenderBlock {mo} at (0,0) size 24x24
                  RenderText {mo} at (0,0) size 24x25
                    text run at (0,0) width 24: "\x{2211}"
            RenderBlock {munderover} at (0,39) size 25x16
              RenderBlock {mrow} at (1,0) size 22x15
                RenderInline {mi} at (0,0) size 3x16
                  RenderText {#text} at (0,1) size 3x16
                    text run at (0,1) width 3: "i"
                RenderBlock {mo} at (3,0) size 12x15
                  RenderBlock {mo} at (0,0) size 12x15
                    RenderText {mo} at (0,3) size 12x13
                      text run at (0,3) width 12: "="
                RenderInline {mi} at (0,0) size 7x16
                  RenderText {#text} at (15,1) size 7x16
                    text run at (15,1) width 7: "0"
        RenderText {#text} at (0,0) size 0x0
      RenderBlock {p} at (0,189) size 784x55
        RenderText {#text} at (0,23) size 92x20
          text run at (0,23) width 92: "under & over: "
        RenderBlock {math} at (92,0) size 29x55
          RenderBlock {munderover} at (1,0) size 27x55
            RenderBlock {munderover} at (0,0) size 27x16
              RenderBlock {mrow} at (0,0) size 27x15
                RenderInline {mi} at (0,0) size 8x16
                  RenderText {#text} at (0,1) size 8x16
                    text run at (0,1) width 8: "X"
                RenderBlock {mo} at (8,0) size 12x15
                  RenderBlock {mo} at (0,0) size 12x15
                    RenderText {mo} at (0,3) size 12x13
                      text run at (0,3) width 12: "+"
                RenderInline {mi} at (0,0) size 7x16
                  RenderText {#text} at (20,1) size 7x16
                    text run at (20,1) width 7: "y"
            RenderBlock {munderover} at (0,15) size 27x24
              RenderBlock {mo} at (0,0) size 24x24
                RenderBlock {mo} at (0,0) size 24x24
                  RenderText {mo} at (0,0) size 24x25
                    text run at (0,0) width 24: "\x{2211}"
            RenderBlock {munderover} at (0,39) size 27x16
              RenderBlock {mrow} at (2,0) size 23x15
                RenderInline {mi} at (0,0) size 4x16
                  RenderText {#text} at (0,1) size 4x16
                    text run at (0,1) width 4: "I"
                RenderBlock {mo} at (4,0) size 12x15
                  RenderBlock {mo} at (0,0) size 12x15
                    RenderText {mo} at (0,3) size 12x13
                      text run at (0,3) width 12: "="
                RenderInline {mi} at (0,0) size 7x16
                  RenderText {#text} at (16,1) size 7x16
                    text run at (16,1) width 7: "0"
        RenderText {#text} at (0,0) size 0x0
