layer at (0,0) size 800x600
  RenderCanvas at (0,0) size 800x600
layer at (0,0) size 800x328
  RenderBlock {HTML} at (0,0) size 800x328
    RenderBody {BODY} at (8,8) size 784x312
      RenderTable {TABLE} at (0,0) size 212x312
        RenderTableSection {TBODY} at (2,2) size 0x308
          RenderTableRow {TR} at (0,0) size 0x0
            RenderTableCell {TD} at (2,2) size 204x304 [r=0 c=0 rs=1 cs=1]
layer at (14,14) size 200x300 clip at (14,14) size 185x300
  RenderBlock {DIV} at (2,2) size 200x300
    RenderText {TEXT} at (0,0) size 145x17
      text run at (0,0) width 145: "Lots of overflow text."
    RenderBR {BR} at (0,0) size 0x0
    RenderText {TEXT} at (0,17) size 145x17
      text run at (0,17) width 145: "Lots of overflow text."
    RenderBR {BR} at (0,0) size 0x0
    RenderText {TEXT} at (0,34) size 145x17
      text run at (0,34) width 145: "Lots of overflow text."
    RenderBR {BR} at (0,0) size 0x0
    RenderText {TEXT} at (0,51) size 145x17
      text run at (0,51) width 145: "Lots of overflow text."
    RenderBR {BR} at (0,0) size 0x0
    RenderText {TEXT} at (0,68) size 145x17
      text run at (0,68) width 145: "Lots of overflow text."
    RenderBR {BR} at (0,0) size 0x0
    RenderText {TEXT} at (0,85) size 145x17
      text run at (0,85) width 145: "Lots of overflow text."
    RenderBR {BR} at (0,0) size 0x0
    RenderText {TEXT} at (0,102) size 145x17
      text run at (0,102) width 145: "Lots of overflow text."
    RenderBR {BR} at (0,0) size 0x0
    RenderText {TEXT} at (0,119) size 145x17
      text run at (0,119) width 145: "Lots of overflow text."
    RenderBR {BR} at (0,0) size 0x0
    RenderText {TEXT} at (0,136) size 145x17
      text run at (0,136) width 145: "Lots of overflow text."
    RenderBR {BR} at (0,0) size 0x0
    RenderText {TEXT} at (0,153) size 145x17
      text run at (0,153) width 145: "Lots of overflow text."
    RenderBR {BR} at (0,0) size 0x0
    RenderText {TEXT} at (0,170) size 145x17
      text run at (0,170) width 145: "Lots of overflow text."
    RenderBR {BR} at (0,0) size 0x0
    RenderText {TEXT} at (0,187) size 145x17
      text run at (0,187) width 145: "Lots of overflow text."
    RenderBR {BR} at (0,0) size 0x0
    RenderText {TEXT} at (0,204) size 145x17
      text run at (0,204) width 145: "Lots of overflow text."
    RenderBR {BR} at (0,0) size 0x0
    RenderText {TEXT} at (0,221) size 145x17
      text run at (0,221) width 145: "Lots of overflow text."
    RenderBR {BR} at (0,0) size 0x0
    RenderText {TEXT} at (0,238) size 145x17
      text run at (0,238) width 145: "Lots of overflow text."
    RenderBR {BR} at (0,0) size 0x0
    RenderText {TEXT} at (0,255) size 145x17
      text run at (0,255) width 145: "Lots of overflow text."
    RenderBR {BR} at (0,0) size 0x0
    RenderText {TEXT} at (0,272) size 145x17
      text run at (0,272) width 145: "Lots of overflow text."
    RenderBR {BR} at (0,0) size 0x0
    RenderText {TEXT} at (0,289) size 145x17
      text run at (0,289) width 145: "Lots of overflow text."
    RenderBR {BR} at (0,0) size 0x0
    RenderText {TEXT} at (0,306) size 145x17
      text run at (0,306) width 145: "Lots of overflow text."
    RenderBR {BR} at (0,0) size 0x0
    RenderText {TEXT} at (0,323) size 145x17
      text run at (0,323) width 145: "Lots of overflow text."
    RenderBR {BR} at (0,0) size 0x0
    RenderText {TEXT} at (0,340) size 145x17
      text run at (0,340) width 145: "Lots of overflow text."
    RenderBR {BR} at (0,0) size 0x0
    RenderText {TEXT} at (0,357) size 145x17
      text run at (0,357) width 145: "Lots of overflow text."
    RenderBR {BR} at (0,0) size 0x0
    RenderText {TEXT} at (0,374) size 145x17
      text run at (0,374) width 145: "Lots of overflow text."
    RenderBR {BR} at (0,0) size 0x0
    RenderText {TEXT} at (0,0) size 0x0
