layer at (0,0) size 800x600
  RenderCanvas at (0,0) size 800x600
layer at (10,10) size 780x302
  RenderBlock {COMMENT} at (10,10) size 780x302 [bgcolor=#FFFF00]
layer at (10,10) size 282x302 clip at (11,11) size 265x300
  RenderBlock {/A} at (0,0) size 282x302 [bgcolor=#EEEEEE] [border: (1px solid #000000)]
    RenderBlock {TITLE} at (11,11) size 255x19
      RenderText {TEXT} at (0,0) size 154x19
        text run at (0,0) width 154: "scottandrew.com"
    RenderBlock {/ABBR} at (11,40) size 255x12
      RenderText {TEXT} at (0,0) size 191x12
        text run at (0,0) width 191: "DHTML, DOM and JavaScript News"
    RenderBlock {/ADDRESS} at (1,62) size 265x82 [bgcolor=#FFFFFF] [border: (1px solid #CCCCCC) none (1px solid #CCCCCC) none]
      RenderInline {/ABBR} at (0,0) size 232x60
        RenderText {TEXT} at (10,11) size 232x60
          text run at (10,11) width 232: "Robert points us to the first third-party"
          text run at (10,26) width 214: "tool for the DomAPI: The Animation"
          text run at (10,41) width 195: "Array Generator, a visual tool for"
          text run at (10,56) width 60: "creating..."
      RenderText {TEXT} at (0,0) size 0x0
      RenderText {TEXT} at (0,0) size 0x0
    RenderBlock {/ADDRESS} at (1,154) size 265x82 [bgcolor=#FFFFFF] [border: (1px solid #CCCCCC) none (1px solid #CCCCCC) none]
      RenderInline {/ABBR} at (0,0) size 225x60
        RenderText {TEXT} at (10,11) size 225x60
          text run at (10,11) width 206: "Aarondot: A Better Way To Display"
          text run at (10,26) width 225: "Extended Entries. Very cool, and uses"
          text run at (10,41) width 222: "the DOM and JavaScript to reveal the"
          text run at (10,56) width 67: "extended..."
      RenderText {TEXT} at (0,0) size 0x0
      RenderText {TEXT} at (0,0) size 0x0
    RenderBlock {/ADDRESS} at (1,246) size 265x67 [bgcolor=#FFFFFF] [border: (1px solid #CCCCCC) none (1px solid #CCCCCC) none]
      RenderInline {/ABBR} at (0,0) size 233x45
        RenderText {TEXT} at (10,11) size 233x45
          text run at (10,11) width 231: "By the way, if you're using the DOM to"
          text run at (10,26) width 233: "generate TABLE elements, you have to"
          text run at (10,41) width 180: "use setAttribute() to set the..."
      RenderText {TEXT} at (0,0) size 0x0
      RenderText {TEXT} at (0,0) size 0x0
    RenderBlock {/ADDRESS} at (1,323) size 265x82 [bgcolor=#FFFFFF] [border: (1px solid #CCCCCC) none (1px solid #CCCCCC) none]
      RenderInline {/ABBR} at (0,0) size 238x60
        RenderText {TEXT} at (10,11) size 238x60
          text run at (10,11) width 238: "The folks art Q42, creator of Quek (cute"
          text run at (10,26) width 231: "little avatar/chat) and Xopus (browser-"
          text run at (10,41) width 204: "based WYSIWYG XML-editor) have"
          text run at (10,56) width 182: "released code that simulates..."
      RenderText {TEXT} at (0,0) size 0x0
      RenderText {TEXT} at (0,0) size 0x0
    RenderBlock {/ADDRESS} at (1,415) size 265x67 [bgcolor=#FFFFFF] [border: (1px solid #CCCCCC) none (1px solid #CCCCCC) none]
      RenderInline {/ABBR} at (0,0) size 224x45
        RenderText {TEXT} at (10,11) size 224x45
          text run at (10,11) width 224: "Tim Morgan is working on a Flash-like"
          text run at (10,26) width 212: "timeline/keyframe extension for his"
          text run at (10,41) width 102: "DHTML toolset...."
      RenderText {TEXT} at (0,0) size 0x0
      RenderText {TEXT} at (0,0) size 0x0
    RenderBlock {/ADDRESS} at (1,492) size 265x82 [bgcolor=#FFFFFF] [border: (1px solid #CCCCCC) none (1px solid #CCCCCC) none]
      RenderInline {/ABBR} at (0,0) size 227x60
        RenderText {TEXT} at (10,11) size 227x60
          text run at (10,11) width 227: "DynAPI 2.9 is the latest release of the"
          text run at (10,26) width 221: "popular cross-browser DHTML library,"
          text run at (10,41) width 205: "and is available at Dan Steinman's"
          text run at (10,56) width 84: "original site...."
      RenderText {TEXT} at (0,0) size 0x0
      RenderText {TEXT} at (0,0) size 0x0
    RenderBlock {/ADDRESS} at (1,584) size 265x52 [bgcolor=#FFFFFF] [border: (1px solid #CCCCCC) none (1px solid #CCCCCC) none]
      RenderInline {/ABBR} at (0,0) size 232x30
        RenderText {TEXT} at (10,11) size 232x30
          text run at (10,11) width 232: "Milov's !lineDraw bookmarklet is in fact"
          text run at (10,26) width 193: "the Coolest Bookmarklet Ever...."
      RenderText {TEXT} at (0,0) size 0x0
      RenderText {TEXT} at (0,0) size 0x0
    RenderBlock {/ADDRESS} at (1,646) size 265x82 [bgcolor=#FFFFFF] [border: (1px solid #CCCCCC) none (1px solid #CCCCCC) none]
      RenderInline {/ABBR} at (0,0) size 239x60
        RenderText {TEXT} at (10,11) size 239x60
          text run at (10,11) width 239: "Why Mozilla Rules (Link via Dean) Steve"
          text run at (10,26) width 235: "Champeon: Why DHTML Will Win. Glish"
          text run at (10,41) width 194: "finds a not-quite-DOM-compliant"
          text run at (10,56) width 192: "replacement for innerHTML. It..."
      RenderText {TEXT} at (0,0) size 0x0
      RenderText {TEXT} at (0,0) size 0x0
    RenderBlock {/ADDRESS} at (1,738) size 265x52 [bgcolor=#FFFFFF] [border: (1px solid #CCCCCC) none (1px solid #CCCCCC) none]
      RenderInline {/ABBR} at (0,0) size 245x30
        RenderText {TEXT} at (10,11) size 245x30
          text run at (10,11) width 245: "I'm late for this train: Mozilla 1.0 Release"
          text run at (10,26) width 184: "Candidate 2 is now available...."
      RenderText {TEXT} at (0,0) size 0x0
      RenderText {TEXT} at (0,0) size 0x0
    RenderBlock {/ADDRESS} at (1,800) size 265x82 [bgcolor=#FFFFFF] [border: (1px solid #CCCCCC) none (1px solid #CCCCCC) none]
      RenderInline {/ABBR} at (0,0) size 225x60
        RenderText {TEXT} at (10,11) size 225x60
          text run at (10,11) width 180: "Repeat after me: javascript: is"
          text run at (10,26) width 225: "deprecated. Don't use it. javascript: is"
          text run at (10,41) width 225: "deprecated. Don't use it. javascript: is"
          text run at (10,56) width 142: "deprecated. Don't use..."
      RenderText {TEXT} at (0,0) size 0x0
      RenderText {TEXT} at (0,0) size 0x0
    RenderBlock {/ADDRESS} at (1,892) size 265x52 [bgcolor=#FFFFFF] [border: (1px solid #CCCCCC) none (1px solid #CCCCCC) none]
      RenderInline {/ABBR} at (0,0) size 229x30
        RenderText {TEXT} at (10,11) size 229x30
          text run at (10,11) width 229: "Webreference: DOM-Based Conditional"
          text run at (10,26) width 175: "Script Loading in JavaScript..."
      RenderText {TEXT} at (0,0) size 0x0
      RenderText {TEXT} at (0,0) size 0x0
    RenderBlock {/ADDRESS} at (1,954) size 265x67 [bgcolor=#FFFFFF] [border: (1px solid #CCCCCC) none (1px solid #CCCCCC) none]
      RenderInline {/ABBR} at (0,0) size 235x45
        RenderText {TEXT} at (10,11) size 235x45
          text run at (10,11) width 235: "Anil Dash talks about Stories and Tools,"
          text run at (10,26) width 234: "drawing comparisons between the Web"
          text run at (10,41) width 214: "as a text medium and the Web as..."
      RenderText {TEXT} at (0,0) size 0x0
      RenderText {TEXT} at (0,0) size 0x0
    RenderBlock {/ADDRESS} at (1,1031) size 265x82 [bgcolor=#FFFFFF] [border: (1px solid #CCCCCC) none (1px solid #CCCCCC) none]
      RenderInline {/ABBR} at (0,0) size 237x60
        RenderText {TEXT} at (10,11) size 237x60
          text run at (10,11) width 204: "AOL Gecko Browser Detection Tips"
          text run at (10,26) width 237: "Establishing Dreamweaver compatibility"
          text run at (10,41) width 232: "with Netscape 6 Stylesheets and MIME"
          text run at (10,56) width 101: "Types in Gecko..."
      RenderText {TEXT} at (0,0) size 0x0
      RenderText {TEXT} at (0,0) size 0x0
