layer at (0,0) size 800x600
  RenderCanvas at (0,0) size 800x600
layer at (0,0) size 800x600
  RenderBlock {HTML} at (0,0) size 800x600
    RenderBody {BODY} at (8,8) size 784x584
layer at (8,8) size 44x38 scrollWidth 29
  RenderBlock (floating) {DIV} at (0,0) size 44x38
    RenderBlock (floating) {LABEL} at (0,0) size 24x19
      RenderText {TEXT} at (0,0) size 24x19
        text run at (0,0) width 24: "foo"
    RenderInline {SPAN} at (0,0) size 20x18
      RenderText {TEXT} at (0,19) size 20x19
        text run at (0,19) width 20: "bar"
    RenderText {TEXT} at (0,0) size 0x0
