EDITING DELEGATE: shouldBeginEditingInDOMRange:range from 0 of DIV > BODY > HTML > #document to 1 of DIV > BODY > HTML > #document
layer at (0,0) size 800x600
  RenderCanvas at (0,0) size 800x600
layer at (0,0) size 800x600
  RenderBlock {HTML} at (0,0) size 800x600
    RenderBody {BODY} at (8,8) size 784x584
      RenderBlock (anonymous) at (0,0) size 784x18
        RenderText {TEXT} at (0,0) size 507x18
          text run at (0,0) width 507: "The focus ring of the following div should not extend beyond the size of the div."
layer at (8,26) size 500x400 scrollWidth 17712
  RenderBlock {DIV} at (0,18) size 500x400
    RenderText {TEXT} at (0,0) size 17712x18
      text run at (0,0) width 17712: "............................................................................................................................................................................................................................................................................................................................................................................................................................................................................................................................................................................................................................................................................................................................................................................................................................................................................................................................................................................................................................................................................................................................................................................................................................................................................................................................................................................................................................................................................................................................................................................................................................................................................................................................................................................................................................................................................................................................................................................................................................................................................................................................................................................................................................................................................................................................................................................................................................................................................................................................................................................................................................................................................................................................................................................................................................................................................................................................................................................................................................................................................................................................................................................................................................................................................................................................................................................................................................................................................................................................................................................................................................................................................................................................................................................................................................................................................................................................................................................................................................................................................................................................................................................................................................................................................................................................................................................................................................................................................................................................................................................................................"
