layer at (0,0) size 800x600
  RenderView at (0,0) size 800x600
layer at (0,0) size 800x600
  RenderBlock {HTML} at (0,0) size 800x600
    RenderBody {BODY} at (8,8) size 784x584
      RenderBlock {P} at (0,0) size 784x19
        RenderText {#text} at (0,0) size 571x19
          text run at (0,0) width 571: "The following select elements should all be rendered on the left, with their text left justified."
      RenderBlock (anonymous) at (0,33) size 784x145
        RenderMenuList {SELECT} at (0,2) size 300x25 [bgcolor=#FFFFFF]
          RenderBlock (anonymous) at (8,3) size 284x19
            RenderText at (0,0) size 186x19
              text run at (0,0) width 186: "This is should be left justified."
        RenderText {#text} at (300,5) size 4x19
          text run at (300,5) width 4: " "
        RenderBR {BR} at (0,0) size 0x0
        RenderMenuList {SELECT} at (0,31) size 300x25 [bgcolor=#FFFFFF]
          RenderBlock (anonymous) at (8,3) size 284x19
            RenderText at (0,0) size 186x19
              text run at (0,0) width 186: "This is should be left justified."
        RenderText {#text} at (300,34) size 4x19
          text run at (300,34) width 4: " "
        RenderBR {BR} at (0,0) size 0x0
        RenderMenuList {SELECT} at (0,60) size 300x25 [bgcolor=#FFFFFF]
          RenderBlock (anonymous) at (8,3) size 284x19
            RenderText at (0,0) size 186x19
              text run at (0,0) width 186: "This is should be left justified."
        RenderText {#text} at (300,63) size 4x19
          text run at (300,63) width 4: " "
        RenderBR {BR} at (0,0) size 0x0
        RenderMenuList {SELECT} at (0,89) size 300x25 [bgcolor=#FFFFFF]
          RenderBlock (anonymous) at (8,3) size 284x19
            RenderText at (0,0) size 186x19
              text run at (0,0) width 186: "This is should be left justified."
        RenderText {#text} at (300,92) size 4x19
          text run at (300,92) width 4: " "
        RenderBR {BR} at (0,0) size 0x0
        RenderMenuList {SELECT} at (0,118) size 300x25 [bgcolor=#FFFFFF]
          RenderBlock (anonymous) at (8,3) size 284x19
            RenderText at (0,0) size 186x19
              text run at (0,0) width 186: "This is should be left justified."
        RenderText {#text} at (0,0) size 0x0
        RenderText {#text} at (0,0) size 0x0
      RenderBlock {DIV} at (0,178) size 784x29
        RenderMenuList {SELECT} at (0,2) size 300x25 [bgcolor=#FFFFFF]
          RenderBlock (anonymous) at (8,3) size 284x19
            RenderText at (0,0) size 186x19
              text run at (0,0) width 186: "This is should be left justified."
