CONSOLE MESSAGE: line 20: TypeError: Result of expression 'layoutTestController.setPrinting' [undefined] is not a function.
layer at (0,0) size 800x600
  RenderView at (0,0) size 800x600
layer at (1,1) size 798x72
  RenderBlock {HTML} at (1,1) size 798x72
    RenderBody {BODY} at (1,1) size 796x70
      RenderBlock {DIV} at (1,0) size 794x70 [border: (1px solid #000000)]
        RenderBlock (anonymous) at (1,1) size 792x20
          RenderText {#text} at (0,0) size 40x20
            text run at (0,0) width 40: "DIV 1"
        RenderBlock {DIV} at (2,22) size 790x46 [border: (1px solid #000000)]
          RenderBlock (anonymous) at (1,1) size 788x20
            RenderText {#text} at (0,0) size 40x20
              text run at (0,0) width 40: "DIV 2"
          RenderBlock {DIV} at (2,22) size 786x22 [border: (1px solid #000000)]
            RenderText {#text} at (1,1) size 352x20
              text run at (1,1) width 352: "The margins of divs should remain 1px in printing."
