layer at (0,0) size 785x6723
  RenderView at (0,0) size 785x600
layer at (0,0) size 785x6723
  RenderBlock {HTML} at (0,0) size 785x6419
    RenderBody {BODY} at (8,8) size 769x6392
      RenderBlock {H1} at (0,0) size 769x37
        RenderText {#text} at (0,0) size 394x37
          text run at (0,0) width 394: "CSS3 Numeric list-style-type"
      RenderBlock {P} at (0,58) size 769x72
        RenderText {#text} at (0,0) size 469x18
          text run at (0,0) width 469: "This tests that all of the numeric CSS3 list-style-types are supported as per "
        RenderInline {A} at (0,0) size 270x18 [color=#0000EE]
          RenderText {#text} at (469,0) size 270x18
            text run at (469,0) width 270: "section 4.3 of the spec. CSS3 Lists module"
        RenderText {#text} at (0,18) size 769x54
          text run at (0,18) width 769: "(Draft 7 November 2002). This test PASSED if the list item matches its bullet for every list item (below). For example, for"
          text run at (0,36) width 735: "the decimal numeric system the second <li> (which corresponds to 2 in the standard ordering of the positive integers)"
          text run at (0,54) width 169: "should be rendered as: 2. 2"
      RenderBlock {DIV} at (0,149) size 769x28
        RenderBlock {H2} at (0,0) size 769x28
          RenderText {#text} at (0,0) size 125x28
            text run at (0,0) width 125: "arabic-indic"
        RenderBlock (floating) {OL} at (0,63) size 78x190
          RenderListItem {LI} at (40,0) size 18x19
            RenderListMarker at (-21,1) size 17x18: "\x{661}"
            RenderText {#text} at (0,1) size 9x18
              text run at (0,1) width 9: "\x{661}"
          RenderListItem {LI} at (40,19) size 18x19
            RenderListMarker at (-21,1) size 17x18: "\x{662}"
            RenderText {#text} at (0,1) size 9x18
              text run at (0,1) width 9: "\x{662}"
          RenderListItem {LI} at (40,38) size 18x19
            RenderListMarker at (-21,1) size 17x18: "\x{663}"
            RenderText {#text} at (0,1) size 9x18
              text run at (0,1) width 9: "\x{663}"
          RenderListItem {LI} at (40,57) size 18x19
            RenderListMarker at (-21,1) size 17x18: "\x{664}"
            RenderText {#text} at (0,1) size 9x18
              text run at (0,1) width 9: "\x{664}"
          RenderListItem {LI} at (40,76) size 18x19
            RenderListMarker at (-21,1) size 17x18: "\x{665}"
            RenderText {#text} at (0,1) size 9x18
              text run at (0,1) width 9: "\x{665}"
          RenderListItem {LI} at (40,95) size 18x19
            RenderListMarker at (-21,1) size 17x18: "\x{666}"
            RenderText {#text} at (0,1) size 9x18
              text run at (0,1) width 9: "\x{666}"
          RenderListItem {LI} at (40,114) size 18x19
            RenderListMarker at (-21,1) size 17x18: "\x{667}"
            RenderText {#text} at (0,1) size 9x18
              text run at (0,1) width 9: "\x{667}"
          RenderListItem {LI} at (40,133) size 18x19
            RenderListMarker at (-21,1) size 17x18: "\x{668}"
            RenderText {#text} at (0,1) size 9x18
              text run at (0,1) width 9: "\x{668}"
          RenderListItem {LI} at (40,152) size 18x19
            RenderListMarker at (-21,1) size 17x18: "\x{669}"
            RenderText {#text} at (0,1) size 9x18
              text run at (0,1) width 9: "\x{669}"
          RenderListItem {LI} at (40,171) size 18x19
            RenderListMarker at (-30,1) size 26x18: "\x{661}\x{660}"
            RenderText {#text} at (0,1) size 18x18
              text run at (0,1) width 18: "\x{661}\x{660}"
        RenderBlock (floating) {OL} at (78,63) size 69x19
          RenderListItem {LI} at (40,0) size 9x19
            RenderListMarker at (-21,1) size 17x18: "\x{661}"
            RenderText {#text} at (0,1) size 9x18
              text run at (0,1) width 9: "\x{661}"
        RenderBlock (floating) {OL} at (147,63) size 415x38
          RenderListItem {LI} at (300,0) size 95x19
            RenderListMarker at (-107,1) size 103x18: "-\x{662}\x{661}\x{664}\x{667}\x{664}\x{668}\x{663}\x{666}\x{664}\x{668}"
            RenderInline (generated) at (0,0) size 5x18
              RenderText at (0,1) size 5x18
                text run at (0,1) width 5: "-"
            RenderText {#text} at (5,1) size 90x18
              text run at (5,1) width 90: "\x{662}\x{661}\x{664}\x{667}\x{664}\x{668}\x{663}\x{666}\x{664}\x{668}"
          RenderListItem {LI} at (300,19) size 95x19
            RenderListMarker at (-107,1) size 103x18: "-\x{662}\x{661}\x{664}\x{667}\x{664}\x{668}\x{663}\x{666}\x{664}\x{667}"
            RenderInline (generated) at (0,0) size 5x18
              RenderText at (0,1) size 5x18
                text run at (0,1) width 5: "-"
            RenderText {#text} at (5,1) size 90x18
              text run at (5,1) width 90: "\x{662}\x{661}\x{664}\x{667}\x{664}\x{668}\x{663}\x{666}\x{664}\x{667}"
      RenderBlock {DIV} at (0,196) size 769x250
        RenderBlock {H2} at (0,222) size 769x28
          RenderText {#text} at (0,0) size 68x28
            text run at (0,0) width 68: "binary"
        RenderBlock (floating) {OL} at (0,285) size 76x36
          RenderListItem {LI} at (40,0) size 16x18
            RenderListMarker at (-20,0) size 16x18: "1"
            RenderText {#text} at (0,0) size 8x18
              text run at (0,0) width 8: "1"
          RenderListItem {LI} at (40,18) size 16x18
            RenderListMarker at (-28,0) size 24x18: "10"
            RenderText {#text} at (0,0) size 16x18
              text run at (0,0) width 16: "10"
        RenderBlock (floating) {OL} at (76,285) size 68x18
          RenderListItem {LI} at (40,0) size 8x18
            RenderListMarker at (-20,0) size 16x18: "1"
            RenderText {#text} at (0,0) size 8x18
              text run at (0,0) width 8: "1"
        RenderBlock (floating) {OL} at (144,285) size 573x36
          RenderListItem {LI} at (300,0) size 253x18
            RenderListMarker at (-273,0) size 269x18: "-10000000000000000000000000000000"
            RenderInline (generated) at (0,0) size 5x18
              RenderText at (0,0) size 5x18
                text run at (0,0) width 5: "-"
            RenderText {#text} at (5,0) size 248x18
              text run at (5,0) width 248: "1000000000000000000000000000000"
          RenderListItem {LI} at (300,18) size 253x18
            RenderListMarker at (-265,0) size 261x18: "-1111111111111111111111111111111"
            RenderInline (generated) at (0,0) size 5x18
              RenderText at (0,0) size 5x18
                text run at (0,0) width 5: "-"
            RenderText {#text} at (5,0) size 240x18
              text run at (5,0) width 240: "111111111111111111111111111111"
      RenderBlock {DIV} at (0,465) size 769x96
        RenderBlock {H2} at (0,68) size 769x28
          RenderText {#text} at (0,0) size 75x28
            text run at (0,0) width 75: "bengali"
        RenderBlock (floating) {OL} at (0,131) size 78x200
          RenderListItem {LI} at (40,0) size 18x20
            RenderListMarker at (-21,2) size 17x18: "\x{9E7}"
            RenderText {#text} at (0,2) size 9x18
              text run at (0,2) width 9: "\x{9E7}"
          RenderListItem {LI} at (40,20) size 18x20
            RenderListMarker at (-20,2) size 16x18: "\x{9E8}"
            RenderText {#text} at (0,2) size 8x18
              text run at (0,2) width 8: "\x{9E8}"
          RenderListItem {LI} at (40,40) size 18x20
            RenderListMarker at (-23,2) size 19x18: "\x{9E9}"
            RenderText {#text} at (0,2) size 11x18
              text run at (0,2) width 11: "\x{9E9}"
          RenderListItem {LI} at (40,60) size 18x20
            RenderListMarker at (-20,2) size 16x18: "\x{9EA}"
            RenderText {#text} at (0,2) size 8x18
              text run at (0,2) width 8: "\x{9EA}"
          RenderListItem {LI} at (40,80) size 18x20
            RenderListMarker at (-21,2) size 17x18: "\x{9EB}"
            RenderText {#text} at (0,2) size 9x18
              text run at (0,2) width 9: "\x{9EB}"
          RenderListItem {LI} at (40,100) size 18x20
            RenderListMarker at (-24,2) size 20x18: "\x{9EC}"
            RenderText {#text} at (0,2) size 12x18
              text run at (0,2) width 12: "\x{9EC}"
          RenderListItem {LI} at (40,120) size 18x20
            RenderListMarker at (-20,2) size 16x18: "\x{9ED}"
            RenderText {#text} at (0,2) size 8x18
              text run at (0,2) width 8: "\x{9ED}"
          RenderListItem {LI} at (40,140) size 18x20
            RenderListMarker at (-25,2) size 21x18: "\x{9EE}"
            RenderText {#text} at (0,2) size 13x18
              text run at (0,2) width 13: "\x{9EE}"
          RenderListItem {LI} at (40,160) size 18x20
            RenderListMarker at (-22,2) size 18x18: "\x{9EF}"
            RenderText {#text} at (0,2) size 10x18
              text run at (0,2) width 10: "\x{9EF}"
          RenderListItem {LI} at (40,180) size 18x20
            RenderListMarker at (-30,2) size 26x18: "\x{9E7}\x{9E6}"
            RenderText {#text} at (0,2) size 18x18
              text run at (0,2) width 18: "\x{9E7}\x{9E6}"
        RenderBlock (floating) {OL} at (78,131) size 69x20
          RenderListItem {LI} at (40,0) size 9x20
            RenderListMarker at (-21,2) size 17x18: "\x{9E7}"
            RenderText {#text} at (0,2) size 9x18
              text run at (0,2) width 9: "\x{9E7}"
        RenderBlock (floating) {OL} at (147,131) size 423x40
          RenderListItem {LI} at (300,0) size 103x20
            RenderListMarker at (-115,2) size 111x18: "-\x{9E8}\x{9E7}\x{9EA}\x{9ED}\x{9EA}\x{9EE}\x{9E9}\x{9EC}\x{9EA}\x{9EE}"
            RenderInline (generated) at (0,0) size 5x18
              RenderText at (0,2) size 5x18
                text run at (0,2) width 5: "-"
            RenderText {#text} at (5,2) size 98x18
              text run at (5,2) width 98: "\x{9E8}\x{9E7}\x{9EA}\x{9ED}\x{9EA}\x{9EE}\x{9E9}\x{9EC}\x{9EA}\x{9EE}"
          RenderListItem {LI} at (300,20) size 103x20
            RenderListMarker at (-110,2) size 106x18: "-\x{9E8}\x{9E7}\x{9EA}\x{9ED}\x{9EA}\x{9EE}\x{9E9}\x{9EC}\x{9EA}\x{9ED}"
            RenderInline (generated) at (0,0) size 5x18
              RenderText at (0,2) size 5x18
                text run at (0,2) width 5: "-"
            RenderText {#text} at (5,2) size 93x18
              text run at (5,2) width 93: "\x{9E8}\x{9E7}\x{9EA}\x{9ED}\x{9EA}\x{9EE}\x{9E9}\x{9EC}\x{9EA}\x{9ED}"
      RenderBlock {DIV} at (0,580) size 769x260
        RenderBlock {H2} at (0,232) size 769x28
          RenderText {#text} at (0,0) size 113x28
            text run at (0,0) width 113: "cambodian"
        RenderBlock (floating) {OL} at (0,295) size 82x190
          RenderListItem {LI} at (40,0) size 22x19
            RenderListMarker at (-23,1) size 19x18: "\x{17E1}"
            RenderText {#text} at (0,1) size 11x18
              text run at (0,1) width 11: "\x{17E1}"
          RenderListItem {LI} at (40,19) size 22x19
            RenderListMarker at (-24,1) size 20x18: "\x{17E2}"
            RenderText {#text} at (0,1) size 12x18
              text run at (0,1) width 12: "\x{17E2}"
          RenderListItem {LI} at (40,38) size 22x19
            RenderListMarker at (-27,1) size 23x18: "\x{17E3}"
            RenderText {#text} at (0,1) size 15x18
              text run at (0,1) width 15: "\x{17E3}"
          RenderListItem {LI} at (40,57) size 22x19
            RenderListMarker at (-23,1) size 19x18: "\x{17E4}"
            RenderText {#text} at (0,1) size 11x18
              text run at (0,1) width 11: "\x{17E4}"
          RenderListItem {LI} at (40,76) size 22x19
            RenderListMarker at (-23,1) size 19x18: "\x{17E5}"
            RenderText {#text} at (0,1) size 11x18
              text run at (0,1) width 11: "\x{17E5}"
          RenderListItem {LI} at (40,95) size 22x19
            RenderListMarker at (-23,1) size 19x18: "\x{17E6}"
            RenderText {#text} at (0,1) size 11x18
              text run at (0,1) width 11: "\x{17E6}"
          RenderListItem {LI} at (40,114) size 22x19
            RenderListMarker at (-24,1) size 20x18: "\x{17E7}"
            RenderText {#text} at (0,1) size 12x18
              text run at (0,1) width 12: "\x{17E7}"
          RenderListItem {LI} at (40,133) size 22x19
            RenderListMarker at (-24,1) size 20x18: "\x{17E8}"
            RenderText {#text} at (0,1) size 12x18
              text run at (0,1) width 12: "\x{17E8}"
          RenderListItem {LI} at (40,152) size 22x19
            RenderListMarker at (-23,1) size 19x18: "\x{17E9}"
            RenderText {#text} at (0,1) size 11x18
              text run at (0,1) width 11: "\x{17E9}"
          RenderListItem {LI} at (40,171) size 22x19
            RenderListMarker at (-34,1) size 30x18: "\x{17E1}\x{17E0}"
            RenderText {#text} at (0,1) size 22x18
              text run at (0,1) width 22: "\x{17E1}\x{17E0}"
        RenderBlock (floating) {OL} at (82,295) size 71x19
          RenderListItem {LI} at (40,0) size 11x19
            RenderListMarker at (-23,1) size 19x18: "\x{17E1}"
            RenderText {#text} at (0,1) size 11x18
              text run at (0,1) width 11: "\x{17E1}"
        RenderBlock (floating) {OL} at (153,295) size 443x38
          RenderListItem {LI} at (300,0) size 123x19
            RenderListMarker at (-135,1) size 131x18: "-\x{17E2}\x{17E1}\x{17E4}\x{17E7}\x{17E4}\x{17E8}\x{17E3}\x{17E6}\x{17E4}\x{17E8}"
            RenderInline (generated) at (0,0) size 5x18
              RenderText at (0,1) size 5x18
                text run at (0,1) width 5: "-"
            RenderText {#text} at (5,1) size 118x18
              text run at (5,1) width 118: "\x{17E2}\x{17E1}\x{17E4}\x{17E7}\x{17E4}\x{17E8}\x{17E3}\x{17E6}\x{17E4}\x{17E8}"
          RenderListItem {LI} at (300,19) size 123x19
            RenderListMarker at (-135,1) size 131x18: "-\x{17E2}\x{17E1}\x{17E4}\x{17E7}\x{17E4}\x{17E8}\x{17E3}\x{17E6}\x{17E4}\x{17E7}"
            RenderInline (generated) at (0,0) size 5x18
              RenderText at (0,1) size 5x18
                text run at (0,1) width 5: "-"
            RenderText {#text} at (5,1) size 118x18
              text run at (5,1) width 118: "\x{17E2}\x{17E1}\x{17E4}\x{17E7}\x{17E4}\x{17E8}\x{17E3}\x{17E6}\x{17E4}\x{17E7}"
      RenderBlock {DIV} at (0,859) size 769x250
        RenderBlock {H2} at (0,222) size 769x28
          RenderText {#text} at (0,0) size 68x28
            text run at (0,0) width 68: "khmer"
        RenderBlock (floating) {OL} at (0,285) size 82x190
          RenderListItem {LI} at (40,0) size 22x19
            RenderListMarker at (-23,1) size 19x18: "\x{17E1}"
            RenderText {#text} at (0,1) size 11x18
              text run at (0,1) width 11: "\x{17E1}"
          RenderListItem {LI} at (40,19) size 22x19
            RenderListMarker at (-24,1) size 20x18: "\x{17E2}"
            RenderText {#text} at (0,1) size 12x18
              text run at (0,1) width 12: "\x{17E2}"
          RenderListItem {LI} at (40,38) size 22x19
            RenderListMarker at (-27,1) size 23x18: "\x{17E3}"
            RenderText {#text} at (0,1) size 15x18
              text run at (0,1) width 15: "\x{17E3}"
          RenderListItem {LI} at (40,57) size 22x19
            RenderListMarker at (-23,1) size 19x18: "\x{17E4}"
            RenderText {#text} at (0,1) size 11x18
              text run at (0,1) width 11: "\x{17E4}"
          RenderListItem {LI} at (40,76) size 22x19
            RenderListMarker at (-23,1) size 19x18: "\x{17E5}"
            RenderText {#text} at (0,1) size 11x18
              text run at (0,1) width 11: "\x{17E5}"
          RenderListItem {LI} at (40,95) size 22x19
            RenderListMarker at (-23,1) size 19x18: "\x{17E6}"
            RenderText {#text} at (0,1) size 11x18
              text run at (0,1) width 11: "\x{17E6}"
          RenderListItem {LI} at (40,114) size 22x19
            RenderListMarker at (-24,1) size 20x18: "\x{17E7}"
            RenderText {#text} at (0,1) size 12x18
              text run at (0,1) width 12: "\x{17E7}"
          RenderListItem {LI} at (40,133) size 22x19
            RenderListMarker at (-24,1) size 20x18: "\x{17E8}"
            RenderText {#text} at (0,1) size 12x18
              text run at (0,1) width 12: "\x{17E8}"
          RenderListItem {LI} at (40,152) size 22x19
            RenderListMarker at (-23,1) size 19x18: "\x{17E9}"
            RenderText {#text} at (0,1) size 11x18
              text run at (0,1) width 11: "\x{17E9}"
          RenderListItem {LI} at (40,171) size 22x19
            RenderListMarker at (-34,1) size 30x18: "\x{17E1}\x{17E0}"
            RenderText {#text} at (0,1) size 22x18
              text run at (0,1) width 22: "\x{17E1}\x{17E0}"
        RenderBlock (floating) {OL} at (82,285) size 71x19
          RenderListItem {LI} at (40,0) size 11x19
            RenderListMarker at (-23,1) size 19x18: "\x{17E1}"
            RenderText {#text} at (0,1) size 11x18
              text run at (0,1) width 11: "\x{17E1}"
        RenderBlock (floating) {OL} at (153,285) size 443x38
          RenderListItem {LI} at (300,0) size 123x19
            RenderListMarker at (-135,1) size 131x18: "-\x{17E2}\x{17E1}\x{17E4}\x{17E7}\x{17E4}\x{17E8}\x{17E3}\x{17E6}\x{17E4}\x{17E8}"
            RenderInline (generated) at (0,0) size 5x18
              RenderText at (0,1) size 5x18
                text run at (0,1) width 5: "-"
            RenderText {#text} at (5,1) size 118x18
              text run at (5,1) width 118: "\x{17E2}\x{17E1}\x{17E4}\x{17E7}\x{17E4}\x{17E8}\x{17E3}\x{17E6}\x{17E4}\x{17E8}"
          RenderListItem {LI} at (300,19) size 123x19
            RenderListMarker at (-135,1) size 131x18: "-\x{17E2}\x{17E1}\x{17E4}\x{17E7}\x{17E4}\x{17E8}\x{17E3}\x{17E6}\x{17E4}\x{17E7}"
            RenderInline (generated) at (0,0) size 5x18
              RenderText at (0,1) size 5x18
                text run at (0,1) width 5: "-"
            RenderText {#text} at (5,1) size 118x18
              text run at (5,1) width 118: "\x{17E2}\x{17E1}\x{17E4}\x{17E7}\x{17E4}\x{17E8}\x{17E3}\x{17E6}\x{17E4}\x{17E7}"
      RenderBlock {DIV} at (0,1128) size 769x250
        RenderBlock {H2} at (0,222) size 769x28
          RenderText {#text} at (0,0) size 81x28
            text run at (0,0) width 81: "decimal"
        RenderBlock (floating) {OL} at (0,285) size 76x180
          RenderListItem {LI} at (40,0) size 16x18
            RenderListMarker at (-20,0) size 16x18: "1"
            RenderText {#text} at (0,0) size 8x18
              text run at (0,0) width 8: "1"
          RenderListItem {LI} at (40,18) size 16x18
            RenderListMarker at (-20,0) size 16x18: "2"
            RenderText {#text} at (0,0) size 8x18
              text run at (0,0) width 8: "2"
          RenderListItem {LI} at (40,36) size 16x18
            RenderListMarker at (-20,0) size 16x18: "3"
            RenderText {#text} at (0,0) size 8x18
              text run at (0,0) width 8: "3"
          RenderListItem {LI} at (40,54) size 16x18
            RenderListMarker at (-20,0) size 16x18: "4"
            RenderText {#text} at (0,0) size 8x18
              text run at (0,0) width 8: "4"
          RenderListItem {LI} at (40,72) size 16x18
            RenderListMarker at (-20,0) size 16x18: "5"
            RenderText {#text} at (0,0) size 8x18
              text run at (0,0) width 8: "5"
          RenderListItem {LI} at (40,90) size 16x18
            RenderListMarker at (-20,0) size 16x18: "6"
            RenderText {#text} at (0,0) size 8x18
              text run at (0,0) width 8: "6"
          RenderListItem {LI} at (40,108) size 16x18
            RenderListMarker at (-20,0) size 16x18: "7"
            RenderText {#text} at (0,0) size 8x18
              text run at (0,0) width 8: "7"
          RenderListItem {LI} at (40,126) size 16x18
            RenderListMarker at (-20,0) size 16x18: "8"
            RenderText {#text} at (0,0) size 8x18
              text run at (0,0) width 8: "8"
          RenderListItem {LI} at (40,144) size 16x18
            RenderListMarker at (-20,0) size 16x18: "9"
            RenderText {#text} at (0,0) size 8x18
              text run at (0,0) width 8: "9"
          RenderListItem {LI} at (40,162) size 16x18
            RenderListMarker at (-28,0) size 24x18: "10"
            RenderText {#text} at (0,0) size 16x18
              text run at (0,0) width 16: "10"
        RenderBlock (floating) {OL} at (76,285) size 68x18
          RenderListItem {LI} at (40,0) size 8x18
            RenderListMarker at (-20,0) size 16x18: "1"
            RenderText {#text} at (0,0) size 8x18
              text run at (0,0) width 8: "1"
        RenderBlock (floating) {OL} at (144,285) size 405x36
          RenderListItem {LI} at (300,0) size 85x18
            RenderListMarker at (-97,0) size 93x18: "-2147483648"
            RenderInline (generated) at (0,0) size 5x18
              RenderText at (0,0) size 5x18
                text run at (0,0) width 5: "-"
            RenderText {#text} at (5,0) size 80x18
              text run at (5,0) width 80: "2147483648"
          RenderListItem {LI} at (300,18) size 85x18
            RenderListMarker at (-97,0) size 93x18: "-2147483647"
            RenderInline (generated) at (0,0) size 5x18
              RenderText at (0,0) size 5x18
                text run at (0,0) width 5: "-"
            RenderText {#text} at (5,0) size 80x18
              text run at (5,0) width 80: "2147483647"
      RenderBlock {DIV} at (0,1397) size 769x240
        RenderBlock {H2} at (0,212) size 769x28
          RenderText {#text} at (0,0) size 217x28
            text run at (0,0) width 217: "decimal-leading-zero"
        RenderBlock (floating) {OL} at (0,275) size 76x180
          RenderListItem {LI} at (40,0) size 16x18
            RenderListMarker at (-28,0) size 24x18: "01"
            RenderText {#text} at (0,0) size 16x18
              text run at (0,0) width 16: "01"
          RenderListItem {LI} at (40,18) size 16x18
            RenderListMarker at (-28,0) size 24x18: "02"
            RenderText {#text} at (0,0) size 16x18
              text run at (0,0) width 16: "02"
          RenderListItem {LI} at (40,36) size 16x18
            RenderListMarker at (-28,0) size 24x18: "03"
            RenderText {#text} at (0,0) size 16x18
              text run at (0,0) width 16: "03"
          RenderListItem {LI} at (40,54) size 16x18
            RenderListMarker at (-28,0) size 24x18: "04"
            RenderText {#text} at (0,0) size 16x18
              text run at (0,0) width 16: "04"
          RenderListItem {LI} at (40,72) size 16x18
            RenderListMarker at (-28,0) size 24x18: "05"
            RenderText {#text} at (0,0) size 16x18
              text run at (0,0) width 16: "05"
          RenderListItem {LI} at (40,90) size 16x18
            RenderListMarker at (-28,0) size 24x18: "06"
            RenderText {#text} at (0,0) size 16x18
              text run at (0,0) width 16: "06"
          RenderListItem {LI} at (40,108) size 16x18
            RenderListMarker at (-28,0) size 24x18: "07"
            RenderText {#text} at (0,0) size 16x18
              text run at (0,0) width 16: "07"
          RenderListItem {LI} at (40,126) size 16x18
            RenderListMarker at (-28,0) size 24x18: "08"
            RenderText {#text} at (0,0) size 16x18
              text run at (0,0) width 16: "08"
          RenderListItem {LI} at (40,144) size 16x18
            RenderListMarker at (-28,0) size 24x18: "09"
            RenderText {#text} at (0,0) size 16x18
              text run at (0,0) width 16: "09"
          RenderListItem {LI} at (40,162) size 16x18
            RenderListMarker at (-28,0) size 24x18: "10"
            RenderText {#text} at (0,0) size 16x18
              text run at (0,0) width 16: "10"
        RenderBlock (floating) {OL} at (76,275) size 76x18
          RenderListItem {LI} at (40,0) size 16x18
            RenderListMarker at (-28,0) size 24x18: "01"
            RenderText {#text} at (0,0) size 16x18
              text run at (0,0) width 16: "01"
        RenderBlock (floating) {OL} at (152,275) size 405x36
          RenderListItem {LI} at (300,0) size 85x18
            RenderListMarker at (-97,0) size 93x18: "-2147483648"
            RenderInline (generated) at (0,0) size 5x18
              RenderText at (0,0) size 5x18
                text run at (0,0) width 5: "-"
            RenderText {#text} at (5,0) size 80x18
              text run at (5,0) width 80: "2147483648"
          RenderListItem {LI} at (300,18) size 85x18
            RenderListMarker at (-97,0) size 93x18: "-2147483647"
            RenderInline (generated) at (0,0) size 5x18
              RenderText at (0,0) size 5x18
                text run at (0,0) width 5: "-"
            RenderText {#text} at (5,0) size 80x18
              text run at (5,0) width 80: "2147483647"
      RenderBlock {DIV} at (0,1656) size 769x240
        RenderBlock {H2} at (0,212) size 769x28
          RenderText {#text} at (0,0) size 115x28
            text run at (0,0) width 115: "devanagari"
        RenderBlock (floating) {OL} at (0,275) size 76x240
          RenderListItem {LI} at (40,0) size 16x24
            RenderListMarker at (-20,6) size 16x18: "\x{967}"
            RenderText {#text} at (0,6) size 8x18
              text run at (0,6) width 8: "\x{967}"
          RenderListItem {LI} at (40,24) size 16x24
            RenderListMarker at (-20,6) size 16x18: "\x{968}"
            RenderText {#text} at (0,6) size 8x18
              text run at (0,6) width 8: "\x{968}"
          RenderListItem {LI} at (40,48) size 16x24
            RenderListMarker at (-20,6) size 16x18: "\x{969}"
            RenderText {#text} at (0,6) size 8x18
              text run at (0,6) width 8: "\x{969}"
          RenderListItem {LI} at (40,72) size 16x24
            RenderListMarker at (-20,6) size 16x18: "\x{96A}"
            RenderText {#text} at (0,6) size 8x18
              text run at (0,6) width 8: "\x{96A}"
          RenderListItem {LI} at (40,96) size 16x24
            RenderListMarker at (-20,6) size 16x18: "\x{96B}"
            RenderText {#text} at (0,6) size 8x18
              text run at (0,6) width 8: "\x{96B}"
          RenderListItem {LI} at (40,120) size 16x24
            RenderListMarker at (-20,6) size 16x18: "\x{96C}"
            RenderText {#text} at (0,6) size 8x18
              text run at (0,6) width 8: "\x{96C}"
          RenderListItem {LI} at (40,144) size 16x24
            RenderListMarker at (-20,6) size 16x18: "\x{96D}"
            RenderText {#text} at (0,6) size 8x18
              text run at (0,6) width 8: "\x{96D}"
          RenderListItem {LI} at (40,168) size 16x24
            RenderListMarker at (-20,6) size 16x18: "\x{96E}"
            RenderText {#text} at (0,6) size 8x18
              text run at (0,6) width 8: "\x{96E}"
          RenderListItem {LI} at (40,192) size 16x24
            RenderListMarker at (-20,6) size 16x18: "\x{96F}"
            RenderText {#text} at (0,6) size 8x18
              text run at (0,6) width 8: "\x{96F}"
          RenderListItem {LI} at (40,216) size 16x24
            RenderListMarker at (-28,6) size 24x18: "\x{967}\x{966}"
            RenderText {#text} at (0,6) size 16x18
              text run at (0,6) width 16: "\x{967}\x{966}"
        RenderBlock (floating) {OL} at (76,275) size 68x24
          RenderListItem {LI} at (40,0) size 8x24
            RenderListMarker at (-20,6) size 16x18: "\x{967}"
            RenderText {#text} at (0,6) size 8x18
              text run at (0,6) width 8: "\x{967}"
        RenderBlock (floating) {OL} at (144,275) size 405x48
          RenderListItem {LI} at (300,0) size 85x24
            RenderListMarker at (-97,6) size 93x18: "-\x{968}\x{967}\x{96A}\x{96D}\x{96A}\x{96E}\x{969}\x{96C}\x{96A}\x{96E}"
            RenderInline (generated) at (0,0) size 5x18
              RenderText at (0,6) size 5x18
                text run at (0,6) width 5: "-"
            RenderText {#text} at (5,6) size 80x18
              text run at (5,6) width 80: "\x{968}\x{967}\x{96A}\x{96D}\x{96A}\x{96E}\x{969}\x{96C}\x{96A}\x{96E}"
          RenderListItem {LI} at (300,24) size 85x24
            RenderListMarker at (-97,6) size 93x18: "-\x{968}\x{967}\x{96A}\x{96D}\x{96A}\x{96E}\x{969}\x{96C}\x{96A}\x{96D}"
            RenderInline (generated) at (0,0) size 5x18
              RenderText at (0,6) size 5x18
                text run at (0,6) width 5: "-"
            RenderText {#text} at (5,6) size 80x18
              text run at (5,6) width 80: "\x{968}\x{967}\x{96A}\x{96D}\x{96A}\x{96E}\x{969}\x{96C}\x{96A}\x{96D}"
      RenderBlock {DIV} at (0,1915) size 769x300
        RenderBlock {H2} at (0,272) size 769x28
          RenderText {#text} at (0,0) size 83x28
            text run at (0,0) width 83: "gujarati"
        RenderBlock (floating) {OL} at (0,335) size 80x210
          RenderListItem {LI} at (40,0) size 20x21
            RenderListMarker at (-22,3) size 18x18: "\x{AE7}"
            RenderText {#text} at (0,3) size 10x18
              text run at (0,3) width 10: "\x{AE7}"
          RenderListItem {LI} at (40,21) size 20x21
            RenderListMarker at (-22,3) size 18x18: "\x{AE8}"
            RenderText {#text} at (0,3) size 10x18
              text run at (0,3) width 10: "\x{AE8}"
          RenderListItem {LI} at (40,42) size 20x21
            RenderListMarker at (-22,3) size 18x18: "\x{AE9}"
            RenderText {#text} at (0,3) size 10x18
              text run at (0,3) width 10: "\x{AE9}"
          RenderListItem {LI} at (40,63) size 20x21
            RenderListMarker at (-22,3) size 18x18: "\x{AEA}"
            RenderText {#text} at (0,3) size 10x18
              text run at (0,3) width 10: "\x{AEA}"
          RenderListItem {LI} at (40,84) size 20x21
            RenderListMarker at (-22,3) size 18x18: "\x{AEB}"
            RenderText {#text} at (0,3) size 10x18
              text run at (0,3) width 10: "\x{AEB}"
          RenderListItem {LI} at (40,105) size 20x21
            RenderListMarker at (-22,3) size 18x18: "\x{AEC}"
            RenderText {#text} at (0,3) size 10x18
              text run at (0,3) width 10: "\x{AEC}"
          RenderListItem {LI} at (40,126) size 20x21
            RenderListMarker at (-22,3) size 18x18: "\x{AED}"
            RenderText {#text} at (0,3) size 10x18
              text run at (0,3) width 10: "\x{AED}"
          RenderListItem {LI} at (40,147) size 20x21
            RenderListMarker at (-22,3) size 18x18: "\x{AEE}"
            RenderText {#text} at (0,3) size 10x18
              text run at (0,3) width 10: "\x{AEE}"
          RenderListItem {LI} at (40,168) size 20x21
            RenderListMarker at (-22,3) size 18x18: "\x{AEF}"
            RenderText {#text} at (0,3) size 10x18
              text run at (0,3) width 10: "\x{AEF}"
          RenderListItem {LI} at (40,189) size 20x21
            RenderListMarker at (-32,3) size 28x18: "\x{AE7}\x{AE6}"
            RenderText {#text} at (0,3) size 20x18
              text run at (0,3) width 20: "\x{AE7}\x{AE6}"
        RenderBlock (floating) {OL} at (80,335) size 70x21
          RenderListItem {LI} at (40,0) size 10x21
            RenderListMarker at (-22,3) size 18x18: "\x{AE7}"
            RenderText {#text} at (0,3) size 10x18
              text run at (0,3) width 10: "\x{AE7}"
        RenderBlock (floating) {OL} at (150,335) size 425x42
          RenderListItem {LI} at (300,0) size 105x21
            RenderListMarker at (-117,3) size 113x18: "-\x{AE8}\x{AE7}\x{AEA}\x{AED}\x{AEA}\x{AEE}\x{AE9}\x{AEC}\x{AEA}\x{AEE}"
            RenderInline (generated) at (0,0) size 5x18
              RenderText at (0,3) size 5x18
                text run at (0,3) width 5: "-"
            RenderText {#text} at (5,3) size 100x18
              text run at (5,3) width 100: "\x{AE8}\x{AE7}\x{AEA}\x{AED}\x{AEA}\x{AEE}\x{AE9}\x{AEC}\x{AEA}\x{AEE}"
          RenderListItem {LI} at (300,21) size 105x21
            RenderListMarker at (-117,3) size 113x18: "-\x{AE8}\x{AE7}\x{AEA}\x{AED}\x{AEA}\x{AEE}\x{AE9}\x{AEC}\x{AEA}\x{AED}"
            RenderInline (generated) at (0,0) size 5x18
              RenderText at (0,3) size 5x18
                text run at (0,3) width 5: "-"
            RenderText {#text} at (5,3) size 100x18
              text run at (5,3) width 100: "\x{AE8}\x{AE7}\x{AEA}\x{AED}\x{AEA}\x{AEE}\x{AE9}\x{AEC}\x{AEA}\x{AED}"
      RenderBlock {DIV} at (0,2234) size 769x270
        RenderBlock {H2} at (0,242) size 769x28
          RenderText {#text} at (0,0) size 102x28
            text run at (0,0) width 102: "gurmukhi"
        RenderBlock (floating) {OL} at (0,305) size 78x210
          RenderListItem {LI} at (40,0) size 18x21
            RenderListMarker at (-21,3) size 17x18: "\x{A67}"
            RenderText {#text} at (0,3) size 9x18
              text run at (0,3) width 9: "\x{A67}"
          RenderListItem {LI} at (40,21) size 18x21
            RenderListMarker at (-21,3) size 17x18: "\x{A68}"
            RenderText {#text} at (0,3) size 9x18
              text run at (0,3) width 9: "\x{A68}"
          RenderListItem {LI} at (40,42) size 18x21
            RenderListMarker at (-21,3) size 17x18: "\x{A69}"
            RenderText {#text} at (0,3) size 9x18
              text run at (0,3) width 9: "\x{A69}"
          RenderListItem {LI} at (40,63) size 18x21
            RenderListMarker at (-21,3) size 17x18: "\x{A6A}"
            RenderText {#text} at (0,3) size 9x18
              text run at (0,3) width 9: "\x{A6A}"
          RenderListItem {LI} at (40,84) size 18x21
            RenderListMarker at (-21,3) size 17x18: "\x{A6B}"
            RenderText {#text} at (0,3) size 9x18
              text run at (0,3) width 9: "\x{A6B}"
          RenderListItem {LI} at (40,105) size 18x21
            RenderListMarker at (-21,3) size 17x18: "\x{A6C}"
            RenderText {#text} at (0,3) size 9x18
              text run at (0,3) width 9: "\x{A6C}"
          RenderListItem {LI} at (40,126) size 18x21
            RenderListMarker at (-21,3) size 17x18: "\x{A6D}"
            RenderText {#text} at (0,3) size 9x18
              text run at (0,3) width 9: "\x{A6D}"
          RenderListItem {LI} at (40,147) size 18x21
            RenderListMarker at (-21,3) size 17x18: "\x{A6E}"
            RenderText {#text} at (0,3) size 9x18
              text run at (0,3) width 9: "\x{A6E}"
          RenderListItem {LI} at (40,168) size 18x21
            RenderListMarker at (-21,3) size 17x18: "\x{A6F}"
            RenderText {#text} at (0,3) size 9x18
              text run at (0,3) width 9: "\x{A6F}"
          RenderListItem {LI} at (40,189) size 18x21
            RenderListMarker at (-30,3) size 26x18: "\x{A67}\x{A66}"
            RenderText {#text} at (0,3) size 18x18
              text run at (0,3) width 18: "\x{A67}\x{A66}"
        RenderBlock (floating) {OL} at (78,305) size 69x21
          RenderListItem {LI} at (40,0) size 9x21
            RenderListMarker at (-21,3) size 17x18: "\x{A67}"
            RenderText {#text} at (0,3) size 9x18
              text run at (0,3) width 9: "\x{A67}"
        RenderBlock (floating) {OL} at (147,305) size 415x42
          RenderListItem {LI} at (300,0) size 95x21
            RenderListMarker at (-107,3) size 103x18: "-\x{A68}\x{A67}\x{A6A}\x{A6D}\x{A6A}\x{A6E}\x{A69}\x{A6C}\x{A6A}\x{A6E}"
            RenderInline (generated) at (0,0) size 5x18
              RenderText at (0,3) size 5x18
                text run at (0,3) width 5: "-"
            RenderText {#text} at (5,3) size 90x18
              text run at (5,3) width 90: "\x{A68}\x{A67}\x{A6A}\x{A6D}\x{A6A}\x{A6E}\x{A69}\x{A6C}\x{A6A}\x{A6E}"
          RenderListItem {LI} at (300,21) size 95x21
            RenderListMarker at (-107,3) size 103x18: "-\x{A68}\x{A67}\x{A6A}\x{A6D}\x{A6A}\x{A6E}\x{A69}\x{A6C}\x{A6A}\x{A6D}"
            RenderInline (generated) at (0,0) size 5x18
              RenderText at (0,3) size 5x18
                text run at (0,3) width 5: "-"
            RenderText {#text} at (5,3) size 90x18
              text run at (5,3) width 90: "\x{A68}\x{A67}\x{A6A}\x{A6D}\x{A6A}\x{A6E}\x{A69}\x{A6C}\x{A6A}\x{A6D}"
      RenderBlock {DIV} at (0,2523) size 769x270
        RenderBlock {H2} at (0,242) size 769x28
          RenderText {#text} at (0,0) size 88x28
            text run at (0,0) width 88: "kannada"
        RenderBlock (floating) {OL} at (0,305) size 82x210
          RenderListItem {LI} at (40,0) size 22x21
            RenderListMarker at (-23,3) size 19x18: "\x{CE7}"
            RenderText {#text} at (0,3) size 11x18
              text run at (0,3) width 11: "\x{CE7}"
          RenderListItem {LI} at (40,21) size 22x21
            RenderListMarker at (-23,3) size 19x18: "\x{CE8}"
            RenderText {#text} at (0,3) size 11x18
              text run at (0,3) width 11: "\x{CE8}"
          RenderListItem {LI} at (40,42) size 22x21
            RenderListMarker at (-23,3) size 19x18: "\x{CE9}"
            RenderText {#text} at (0,3) size 11x18
              text run at (0,3) width 11: "\x{CE9}"
          RenderListItem {LI} at (40,63) size 22x21
            RenderListMarker at (-23,3) size 19x18: "\x{CEA}"
            RenderText {#text} at (0,3) size 11x18
              text run at (0,3) width 11: "\x{CEA}"
          RenderListItem {LI} at (40,84) size 22x21
            RenderListMarker at (-23,3) size 19x18: "\x{CEB}"
            RenderText {#text} at (0,3) size 11x18
              text run at (0,3) width 11: "\x{CEB}"
          RenderListItem {LI} at (40,105) size 22x21
            RenderListMarker at (-23,3) size 19x18: "\x{CEC}"
            RenderText {#text} at (0,3) size 11x18
              text run at (0,3) width 11: "\x{CEC}"
          RenderListItem {LI} at (40,126) size 22x21
            RenderListMarker at (-23,3) size 19x18: "\x{CED}"
            RenderText {#text} at (0,3) size 11x18
              text run at (0,3) width 11: "\x{CED}"
          RenderListItem {LI} at (40,147) size 22x21
            RenderListMarker at (-23,3) size 19x18: "\x{CEE}"
            RenderText {#text} at (0,3) size 11x18
              text run at (0,3) width 11: "\x{CEE}"
          RenderListItem {LI} at (40,168) size 22x21
            RenderListMarker at (-23,3) size 19x18: "\x{CEF}"
            RenderText {#text} at (0,3) size 11x18
              text run at (0,3) width 11: "\x{CEF}"
          RenderListItem {LI} at (40,189) size 22x21
            RenderListMarker at (-34,3) size 30x18: "\x{CE7}\x{CE6}"
            RenderText {#text} at (0,3) size 22x18
              text run at (0,3) width 22: "\x{CE7}\x{CE6}"
        RenderBlock (floating) {OL} at (82,305) size 71x21
          RenderListItem {LI} at (40,0) size 11x21
            RenderListMarker at (-23,3) size 19x18: "\x{CE7}"
            RenderText {#text} at (0,3) size 11x18
              text run at (0,3) width 11: "\x{CE7}"
        RenderBlock (floating) {OL} at (153,305) size 435x42
          RenderListItem {LI} at (300,0) size 115x21
            RenderListMarker at (-127,3) size 123x18: "-\x{CE8}\x{CE7}\x{CEA}\x{CED}\x{CEA}\x{CEE}\x{CE9}\x{CEC}\x{CEA}\x{CEE}"
            RenderInline (generated) at (0,0) size 5x18
              RenderText at (0,3) size 5x18
                text run at (0,3) width 5: "-"
            RenderText {#text} at (5,3) size 110x18
              text run at (5,3) width 110: "\x{CE8}\x{CE7}\x{CEA}\x{CED}\x{CEA}\x{CEE}\x{CE9}\x{CEC}\x{CEA}\x{CEE}"
          RenderListItem {LI} at (300,21) size 115x21
            RenderListMarker at (-127,3) size 123x18: "-\x{CE8}\x{CE7}\x{CEA}\x{CED}\x{CEA}\x{CEE}\x{CE9}\x{CEC}\x{CEA}\x{CED}"
            RenderInline (generated) at (0,0) size 5x18
              RenderText at (0,3) size 5x18
                text run at (0,3) width 5: "-"
            RenderText {#text} at (5,3) size 110x18
              text run at (5,3) width 110: "\x{CE8}\x{CE7}\x{CEA}\x{CED}\x{CEA}\x{CEE}\x{CE9}\x{CEC}\x{CEA}\x{CED}"
      RenderBlock {DIV} at (0,2812) size 769x270
        RenderBlock {H2} at (0,242) size 769x28
          RenderText {#text} at (0,0) size 195x28
            text run at (0,0) width 195: "lower-hexadecimal"
        RenderBlock (floating) {OL} at (0,305) size 76x288
          RenderListItem {LI} at (40,0) size 16x18
            RenderListMarker at (-20,0) size 16x18: "1"
            RenderText {#text} at (0,0) size 8x18
              text run at (0,0) width 8: "1"
          RenderListItem {LI} at (40,18) size 16x18
            RenderListMarker at (-20,0) size 16x18: "2"
            RenderText {#text} at (0,0) size 8x18
              text run at (0,0) width 8: "2"
          RenderListItem {LI} at (40,36) size 16x18
            RenderListMarker at (-20,0) size 16x18: "3"
            RenderText {#text} at (0,0) size 8x18
              text run at (0,0) width 8: "3"
          RenderListItem {LI} at (40,54) size 16x18
            RenderListMarker at (-20,0) size 16x18: "4"
            RenderText {#text} at (0,0) size 8x18
              text run at (0,0) width 8: "4"
          RenderListItem {LI} at (40,72) size 16x18
            RenderListMarker at (-20,0) size 16x18: "5"
            RenderText {#text} at (0,0) size 8x18
              text run at (0,0) width 8: "5"
          RenderListItem {LI} at (40,90) size 16x18
            RenderListMarker at (-20,0) size 16x18: "6"
            RenderText {#text} at (0,0) size 8x18
              text run at (0,0) width 8: "6"
          RenderListItem {LI} at (40,108) size 16x18
            RenderListMarker at (-20,0) size 16x18: "7"
            RenderText {#text} at (0,0) size 8x18
              text run at (0,0) width 8: "7"
          RenderListItem {LI} at (40,126) size 16x18
            RenderListMarker at (-20,0) size 16x18: "8"
            RenderText {#text} at (0,0) size 8x18
              text run at (0,0) width 8: "8"
          RenderListItem {LI} at (40,144) size 16x18
            RenderListMarker at (-20,0) size 16x18: "9"
            RenderText {#text} at (0,0) size 8x18
              text run at (0,0) width 8: "9"
          RenderListItem {LI} at (40,162) size 16x18
            RenderListMarker at (-19,0) size 15x18: "a"
            RenderText {#text} at (0,0) size 7x18
              text run at (0,0) width 7: "a"
          RenderListItem {LI} at (40,180) size 16x18
            RenderListMarker at (-20,0) size 16x18: "b"
            RenderText {#text} at (0,0) size 8x18
              text run at (0,0) width 8: "b"
          RenderListItem {LI} at (40,198) size 16x18
            RenderListMarker at (-19,0) size 15x18: "c"
            RenderText {#text} at (0,0) size 7x18
              text run at (0,0) width 7: "c"
          RenderListItem {LI} at (40,216) size 16x18
            RenderListMarker at (-20,0) size 16x18: "d"
            RenderText {#text} at (0,0) size 8x18
              text run at (0,0) width 8: "d"
          RenderListItem {LI} at (40,234) size 16x18
            RenderListMarker at (-19,0) size 15x18: "e"
            RenderText {#text} at (0,0) size 7x18
              text run at (0,0) width 7: "e"
          RenderListItem {LI} at (40,252) size 16x18
            RenderListMarker at (-17,0) size 13x18: "f"
            RenderText {#text} at (0,0) size 5x18
              text run at (0,0) width 5: "f"
          RenderListItem {LI} at (40,270) size 16x18
            RenderListMarker at (-28,0) size 24x18: "10"
            RenderText {#text} at (0,0) size 16x18
              text run at (0,0) width 16: "10"
        RenderBlock (floating) {OL} at (76,305) size 68x18
          RenderListItem {LI} at (40,0) size 8x18
            RenderListMarker at (-20,0) size 16x18: "1"
            RenderText {#text} at (0,0) size 8x18
              text run at (0,0) width 8: "1"
        RenderBlock (floating) {OL} at (144,305) size 389x36
          RenderListItem {LI} at (300,0) size 69x18
            RenderListMarker at (-81,0) size 77x18: "-80000000"
            RenderInline (generated) at (0,0) size 5x18
              RenderText at (0,0) size 5x18
                text run at (0,0) width 5: "-"
            RenderText {#text} at (5,0) size 64x18
              text run at (5,0) width 64: "80000000"
          RenderListItem {LI} at (300,18) size 69x18
            RenderListMarker at (-60,0) size 56x18: "-7fffffff"
            RenderInline (generated) at (0,0) size 5x18
              RenderText at (0,0) size 5x18
                text run at (0,0) width 5: "-"
            RenderText {#text} at (5,0) size 43x18
              text run at (5,0) width 43: "7fffffff"
      RenderBlock {DIV} at (0,3101) size 769x348
        RenderBlock {H2} at (0,320) size 769x28
          RenderText {#text} at (0,0) size 31x28
            text run at (0,0) width 31: "lao"
        RenderBlock (floating) {OL} at (0,383) size 84x200
          RenderListItem {LI} at (40,0) size 24x20
            RenderListMarker at (-24,2) size 20x18: "\x{ED1}"
            RenderText {#text} at (0,2) size 12x18
              text run at (0,2) width 12: "\x{ED1}"
          RenderListItem {LI} at (40,20) size 24x20
            RenderListMarker at (-22,2) size 18x18: "\x{ED2}"
            RenderText {#text} at (0,2) size 10x18
              text run at (0,2) width 10: "\x{ED2}"
          RenderListItem {LI} at (40,40) size 24x20
            RenderListMarker at (-23,2) size 19x18: "\x{ED3}"
            RenderText {#text} at (0,2) size 11x18
              text run at (0,2) width 11: "\x{ED3}"
          RenderListItem {LI} at (40,60) size 24x20
            RenderListMarker at (-23,2) size 19x18: "\x{ED4}"
            RenderText {#text} at (0,2) size 11x18
              text run at (0,2) width 11: "\x{ED4}"
          RenderListItem {LI} at (40,80) size 24x20
            RenderListMarker at (-23,2) size 19x18: "\x{ED5}"
            RenderText {#text} at (0,2) size 11x18
              text run at (0,2) width 11: "\x{ED5}"
          RenderListItem {LI} at (40,100) size 24x20
            RenderListMarker at (-25,2) size 21x18: "\x{ED6}"
            RenderText {#text} at (0,2) size 13x18
              text run at (0,2) width 13: "\x{ED6}"
          RenderListItem {LI} at (40,120) size 24x20
            RenderListMarker at (-24,2) size 20x18: "\x{ED7}"
            RenderText {#text} at (0,2) size 12x18
              text run at (0,2) width 12: "\x{ED7}"
          RenderListItem {LI} at (40,140) size 24x20
            RenderListMarker at (-24,2) size 20x18: "\x{ED8}"
            RenderText {#text} at (0,2) size 12x18
              text run at (0,2) width 12: "\x{ED8}"
          RenderListItem {LI} at (40,160) size 24x20
            RenderListMarker at (-27,2) size 23x18: "\x{ED9}"
            RenderText {#text} at (0,2) size 15x18
              text run at (0,2) width 15: "\x{ED9}"
          RenderListItem {LI} at (40,180) size 24x20
            RenderListMarker at (-36,2) size 32x18: "\x{ED1}\x{ED0}"
            RenderText {#text} at (0,2) size 24x18
              text run at (0,2) width 24: "\x{ED1}\x{ED0}"
        RenderBlock (floating) {OL} at (84,383) size 72x20
          RenderListItem {LI} at (40,0) size 12x20
            RenderListMarker at (-24,2) size 20x18: "\x{ED1}"
            RenderText {#text} at (0,2) size 12x18
              text run at (0,2) width 12: "\x{ED1}"
        RenderBlock (floating) {OL} at (156,383) size 440x40
          RenderListItem {LI} at (300,0) size 120x20
            RenderListMarker at (-132,2) size 128x18: "-\x{ED2}\x{ED1}\x{ED4}\x{ED7}\x{ED4}\x{ED8}\x{ED3}\x{ED6}\x{ED4}\x{ED8}"
            RenderInline (generated) at (0,0) size 5x18
              RenderText at (0,2) size 5x18
                text run at (0,2) width 5: "-"
            RenderText {#text} at (5,2) size 115x18
              text run at (5,2) width 115: "\x{ED2}\x{ED1}\x{ED4}\x{ED7}\x{ED4}\x{ED8}\x{ED3}\x{ED6}\x{ED4}\x{ED8}"
          RenderListItem {LI} at (300,20) size 120x20
            RenderListMarker at (-132,2) size 128x18: "-\x{ED2}\x{ED1}\x{ED4}\x{ED7}\x{ED4}\x{ED8}\x{ED3}\x{ED6}\x{ED4}\x{ED7}"
            RenderInline (generated) at (0,0) size 5x18
              RenderText at (0,2) size 5x18
                text run at (0,2) width 5: "-"
            RenderText {#text} at (5,2) size 115x18
              text run at (5,2) width 115: "\x{ED2}\x{ED1}\x{ED4}\x{ED7}\x{ED4}\x{ED8}\x{ED3}\x{ED6}\x{ED4}\x{ED7}"
      RenderBlock {DIV} at (0,3468) size 769x260
        RenderBlock {H2} at (0,232) size 769x28
          RenderText {#text} at (0,0) size 114x28
            text run at (0,0) width 114: "malayalam"
        RenderBlock (floating) {OL} at (0,295) size 85x200
          RenderListItem {LI} at (40,0) size 25x20
            RenderListMarker at (-28,2) size 24x18: "\x{D67}"
            RenderText {#text} at (0,2) size 16x18
              text run at (0,2) width 16: "\x{D67}"
          RenderListItem {LI} at (40,20) size 25x20
            RenderListMarker at (-33,2) size 29x18: "\x{D68}"
            RenderText {#text} at (0,2) size 21x18
              text run at (0,2) width 21: "\x{D68}"
          RenderListItem {LI} at (40,40) size 25x20
            RenderListMarker at (-31,2) size 27x18: "\x{D69}"
            RenderText {#text} at (0,2) size 19x18
              text run at (0,2) width 19: "\x{D69}"
          RenderListItem {LI} at (40,60) size 25x20
            RenderListMarker at (-26,2) size 22x18: "\x{D6A}"
            RenderText {#text} at (0,2) size 14x18
              text run at (0,2) width 14: "\x{D6A}"
          RenderListItem {LI} at (40,80) size 25x20
            RenderListMarker at (-25,2) size 21x18: "\x{D6B}"
            RenderText {#text} at (0,2) size 13x18
              text run at (0,2) width 13: "\x{D6B}"
          RenderListItem {LI} at (40,100) size 25x20
            RenderListMarker at (-32,2) size 28x18: "\x{D6C}"
            RenderText {#text} at (0,2) size 20x18
              text run at (0,2) width 20: "\x{D6C}"
          RenderListItem {LI} at (40,120) size 25x20
            RenderListMarker at (-26,2) size 22x18: "\x{D6D}"
            RenderText {#text} at (0,2) size 14x18
              text run at (0,2) width 14: "\x{D6D}"
          RenderListItem {LI} at (40,140) size 25x20
            RenderListMarker at (-32,2) size 28x18: "\x{D6E}"
            RenderText {#text} at (0,2) size 20x18
              text run at (0,2) width 20: "\x{D6E}"
          RenderListItem {LI} at (40,160) size 25x20
            RenderListMarker at (-29,2) size 25x18: "\x{D6F}"
            RenderText {#text} at (0,2) size 17x18
              text run at (0,2) width 17: "\x{D6F}"
          RenderListItem {LI} at (40,180) size 25x20
            RenderListMarker at (-37,2) size 33x18: "\x{D67}\x{D66}"
            RenderText {#text} at (0,2) size 25x18
              text run at (0,2) width 25: "\x{D67}\x{D66}"
        RenderBlock (floating) {OL} at (85,295) size 76x20
          RenderListItem {LI} at (40,0) size 16x20
            RenderListMarker at (-28,2) size 24x18: "\x{D67}"
            RenderText {#text} at (0,2) size 16x18
              text run at (0,2) width 16: "\x{D67}"
        RenderBlock (floating) {OL} at (161,295) size 497x40
          RenderListItem {LI} at (300,0) size 177x20
            RenderListMarker at (-189,2) size 185x18: "-\x{D68}\x{D67}\x{D6A}\x{D6D}\x{D6A}\x{D6E}\x{D69}\x{D6C}\x{D6A}\x{D6E}"
            RenderInline (generated) at (0,0) size 5x18
              RenderText at (0,2) size 5x18
                text run at (0,2) width 5: "-"
            RenderText {#text} at (5,2) size 172x18
              text run at (5,2) width 172: "\x{D68}\x{D67}\x{D6A}\x{D6D}\x{D6A}\x{D6E}\x{D69}\x{D6C}\x{D6A}\x{D6E}"
          RenderListItem {LI} at (300,20) size 177x20
            RenderListMarker at (-183,2) size 179x18: "-\x{D68}\x{D67}\x{D6A}\x{D6D}\x{D6A}\x{D6E}\x{D69}\x{D6C}\x{D6A}\x{D6D}"
            RenderInline (generated) at (0,0) size 5x18
              RenderText at (0,2) size 5x18
                text run at (0,2) width 5: "-"
            RenderText {#text} at (5,2) size 166x18
              text run at (5,2) width 166: "\x{D68}\x{D67}\x{D6A}\x{D6D}\x{D6A}\x{D6E}\x{D69}\x{D6C}\x{D6A}\x{D6D}"
      RenderBlock {DIV} at (0,3747) size 769x260
        RenderBlock {H2} at (0,232) size 769x28
          RenderText {#text} at (0,0) size 108x28
            text run at (0,0) width 108: "mongolian"
        RenderBlock (floating) {OL} at (0,295) size 70x180
          RenderListItem {LI} at (40,0) size 10x18
            RenderListMarker at (-17,0) size 13x18: "\x{1811}"
            RenderText {#text} at (0,0) size 5x18
              text run at (0,0) width 5: "\x{1811}"
          RenderListItem {LI} at (40,18) size 10x18
            RenderListMarker at (-18,0) size 14x18: "\x{1812}"
            RenderText {#text} at (0,0) size 6x18
              text run at (0,0) width 6: "\x{1812}"
          RenderListItem {LI} at (40,36) size 10x18
            RenderListMarker at (-18,0) size 14x18: "\x{1813}"
            RenderText {#text} at (0,0) size 6x18
              text run at (0,0) width 6: "\x{1813}"
          RenderListItem {LI} at (40,54) size 10x18
            RenderListMarker at (-16,0) size 12x18: "\x{1814}"
            RenderText {#text} at (0,0) size 4x18
              text run at (0,0) width 4: "\x{1814}"
          RenderListItem {LI} at (40,72) size 10x18
            RenderListMarker at (-17,0) size 13x18: "\x{1815}"
            RenderText {#text} at (0,0) size 5x18
              text run at (0,0) width 5: "\x{1815}"
          RenderListItem {LI} at (40,90) size 10x18
            RenderListMarker at (-18,0) size 14x18: "\x{1816}"
            RenderText {#text} at (0,0) size 6x18
              text run at (0,0) width 6: "\x{1816}"
          RenderListItem {LI} at (40,108) size 10x18
            RenderListMarker at (-17,0) size 13x18: "\x{1817}"
            RenderText {#text} at (0,0) size 5x18
              text run at (0,0) width 5: "\x{1817}"
          RenderListItem {LI} at (40,126) size 10x18
            RenderListMarker at (-17,0) size 13x18: "\x{1818}"
            RenderText {#text} at (0,0) size 5x18
              text run at (0,0) width 5: "\x{1818}"
          RenderListItem {LI} at (40,144) size 10x18
            RenderListMarker at (-16,0) size 12x18: "\x{1819}"
            RenderText {#text} at (0,0) size 4x18
              text run at (0,0) width 4: "\x{1819}"
          RenderListItem {LI} at (40,162) size 10x18
            RenderListMarker at (-22,0) size 18x18: "\x{1811}\x{1810}"
            RenderText {#text} at (0,0) size 10x18
              text run at (0,0) width 10: "\x{1811}\x{1810}"
        RenderBlock (floating) {OL} at (70,295) size 65x18
          RenderListItem {LI} at (40,0) size 5x18
            RenderListMarker at (-17,0) size 13x18: "\x{1811}"
            RenderText {#text} at (0,0) size 5x18
              text run at (0,0) width 5: "\x{1811}"
        RenderBlock (floating) {OL} at (135,295) size 375x36
          RenderListItem {LI} at (300,0) size 55x18
            RenderListMarker at (-67,0) size 63x18: "-\x{1812}\x{1811}\x{1814}\x{1817}\x{1814}\x{1818}\x{1813}\x{1816}\x{1814}\x{1818}"
            RenderInline (generated) at (0,0) size 5x18
              RenderText at (0,0) size 5x18
                text run at (0,0) width 5: "-"
            RenderText {#text} at (5,0) size 50x18
              text run at (5,0) width 50: "\x{1812}\x{1811}\x{1814}\x{1817}\x{1814}\x{1818}\x{1813}\x{1816}\x{1814}\x{1818}"
          RenderListItem {LI} at (300,18) size 55x18
            RenderListMarker at (-67,0) size 63x18: "-\x{1812}\x{1811}\x{1814}\x{1817}\x{1814}\x{1818}\x{1813}\x{1816}\x{1814}\x{1817}"
            RenderInline (generated) at (0,0) size 5x18
              RenderText at (0,0) size 5x18
                text run at (0,0) width 5: "-"
            RenderText {#text} at (5,0) size 50x18
              text run at (5,0) width 50: "\x{1812}\x{1811}\x{1814}\x{1817}\x{1814}\x{1818}\x{1813}\x{1816}\x{1814}\x{1817}"
      RenderBlock {DIV} at (0,4026) size 769x240
        RenderBlock {H2} at (0,212) size 769x28
          RenderText {#text} at (0,0) size 100x28
            text run at (0,0) width 100: "myanmar"
        RenderBlock (floating) {OL} at (0,275) size 60x180
          RenderListItem {LI} at (40,0) size 0x18
            RenderListMarker at (-12,0) size 8x18: "\x{1041}"
            RenderText {#text} at (0,0) size 0x18
              text run at (0,0) width 0: "\x{1041}"
          RenderListItem {LI} at (40,18) size 0x18
            RenderListMarker at (-12,0) size 8x18: "\x{1042}"
            RenderText {#text} at (0,0) size 0x18
              text run at (0,0) width 0: "\x{1042}"
          RenderListItem {LI} at (40,36) size 0x18
            RenderListMarker at (-12,0) size 8x18: "\x{1043}"
            RenderText {#text} at (0,0) size 0x18
              text run at (0,0) width 0: "\x{1043}"
          RenderListItem {LI} at (40,54) size 0x18
            RenderListMarker at (-12,0) size 8x18: "\x{1044}"
            RenderText {#text} at (0,0) size 0x18
              text run at (0,0) width 0: "\x{1044}"
          RenderListItem {LI} at (40,72) size 0x18
            RenderListMarker at (-12,0) size 8x18: "\x{1045}"
            RenderText {#text} at (0,0) size 0x18
              text run at (0,0) width 0: "\x{1045}"
          RenderListItem {LI} at (40,90) size 0x18
            RenderListMarker at (-12,0) size 8x18: "\x{1046}"
            RenderText {#text} at (0,0) size 0x18
              text run at (0,0) width 0: "\x{1046}"
          RenderListItem {LI} at (40,108) size 0x18
            RenderListMarker at (-12,0) size 8x18: "\x{1047}"
            RenderText {#text} at (0,0) size 0x18
              text run at (0,0) width 0: "\x{1047}"
          RenderListItem {LI} at (40,126) size 0x18
            RenderListMarker at (-12,0) size 8x18: "\x{1048}"
            RenderText {#text} at (0,0) size 0x18
              text run at (0,0) width 0: "\x{1048}"
          RenderListItem {LI} at (40,144) size 0x18
            RenderListMarker at (-12,0) size 8x18: "\x{1049}"
            RenderText {#text} at (0,0) size 0x18
              text run at (0,0) width 0: "\x{1049}"
          RenderListItem {LI} at (40,162) size 0x18
            RenderListMarker at (-12,0) size 8x18: "\x{1041}\x{1040}"
            RenderText {#text} at (0,0) size 0x18
              text run at (0,0) width 0: "\x{1041}\x{1040}"
        RenderBlock (floating) {OL} at (60,275) size 60x18
          RenderListItem {LI} at (40,0) size 0x18
            RenderListMarker at (-12,0) size 8x18: "\x{1041}"
            RenderText {#text} at (0,0) size 0x18
              text run at (0,0) width 0: "\x{1041}"
        RenderBlock (floating) {OL} at (120,275) size 325x36
          RenderListItem {LI} at (300,0) size 5x18
            RenderListMarker at (-17,0) size 13x18: "-\x{1042}\x{1041}\x{1044}\x{1047}\x{1044}\x{1048}\x{1043}\x{1046}\x{1044}\x{1048}"
            RenderInline (generated) at (0,0) size 5x18
              RenderText at (0,0) size 5x18
                text run at (0,0) width 5: "-"
            RenderText {#text} at (5,0) size 0x18
              text run at (5,0) width 0: "\x{1042}\x{1041}\x{1044}\x{1047}\x{1044}\x{1048}\x{1043}\x{1046}\x{1044}\x{1048}"
          RenderListItem {LI} at (300,18) size 5x18
            RenderListMarker at (-17,0) size 13x18: "-\x{1042}\x{1041}\x{1044}\x{1047}\x{1044}\x{1048}\x{1043}\x{1046}\x{1044}\x{1047}"
            RenderInline (generated) at (0,0) size 5x18
              RenderText at (0,0) size 5x18
                text run at (0,0) width 5: "-"
            RenderText {#text} at (5,0) size 0x18
              text run at (5,0) width 0: "\x{1042}\x{1041}\x{1044}\x{1047}\x{1044}\x{1048}\x{1043}\x{1046}\x{1044}\x{1047}"
      RenderBlock {DIV} at (0,4285) size 769x240
        RenderBlock {H2} at (0,212) size 769x28
          RenderText {#text} at (0,0) size 50x28
            text run at (0,0) width 50: "octal"
        RenderBlock (floating) {OL} at (0,275) size 76x144
          RenderListItem {LI} at (40,0) size 16x18
            RenderListMarker at (-20,0) size 16x18: "1"
            RenderText {#text} at (0,0) size 8x18
              text run at (0,0) width 8: "1"
          RenderListItem {LI} at (40,18) size 16x18
            RenderListMarker at (-20,0) size 16x18: "2"
            RenderText {#text} at (0,0) size 8x18
              text run at (0,0) width 8: "2"
          RenderListItem {LI} at (40,36) size 16x18
            RenderListMarker at (-20,0) size 16x18: "3"
            RenderText {#text} at (0,0) size 8x18
              text run at (0,0) width 8: "3"
          RenderListItem {LI} at (40,54) size 16x18
            RenderListMarker at (-20,0) size 16x18: "4"
            RenderText {#text} at (0,0) size 8x18
              text run at (0,0) width 8: "4"
          RenderListItem {LI} at (40,72) size 16x18
            RenderListMarker at (-20,0) size 16x18: "5"
            RenderText {#text} at (0,0) size 8x18
              text run at (0,0) width 8: "5"
          RenderListItem {LI} at (40,90) size 16x18
            RenderListMarker at (-20,0) size 16x18: "6"
            RenderText {#text} at (0,0) size 8x18
              text run at (0,0) width 8: "6"
          RenderListItem {LI} at (40,108) size 16x18
            RenderListMarker at (-20,0) size 16x18: "7"
            RenderText {#text} at (0,0) size 8x18
              text run at (0,0) width 8: "7"
          RenderListItem {LI} at (40,126) size 16x18
            RenderListMarker at (-28,0) size 24x18: "10"
            RenderText {#text} at (0,0) size 16x18
              text run at (0,0) width 16: "10"
        RenderBlock (floating) {OL} at (76,275) size 68x18
          RenderListItem {LI} at (40,0) size 8x18
            RenderListMarker at (-20,0) size 16x18: "1"
            RenderText {#text} at (0,0) size 8x18
              text run at (0,0) width 8: "1"
        RenderBlock (floating) {OL} at (144,275) size 413x36
          RenderListItem {LI} at (300,0) size 93x18
            RenderListMarker at (-105,0) size 101x18: "-20000000000"
            RenderInline (generated) at (0,0) size 5x18
              RenderText at (0,0) size 5x18
                text run at (0,0) width 5: "-"
            RenderText {#text} at (5,0) size 88x18
              text run at (5,0) width 88: "20000000000"
          RenderListItem {LI} at (300,18) size 93x18
            RenderListMarker at (-105,0) size 101x18: "-17777777777"
            RenderInline (generated) at (0,0) size 5x18
              RenderText at (0,0) size 5x18
                text run at (0,0) width 5: "-"
            RenderText {#text} at (5,0) size 88x18
              text run at (5,0) width 88: "17777777777"
      RenderBlock {DIV} at (0,4544) size 769x204
        RenderBlock {H2} at (0,176) size 769x28
          RenderText {#text} at (0,0) size 54x28
            text run at (0,0) width 54: "oriya"
        RenderBlock (floating) {OL} at (0,239) size 82x210
          RenderListItem {LI} at (40,0) size 22x21
            RenderListMarker at (-23,3) size 19x18: "\x{B67}"
            RenderText {#text} at (0,3) size 11x18
              text run at (0,3) width 11: "\x{B67}"
          RenderListItem {LI} at (40,21) size 22x21
            RenderListMarker at (-23,3) size 19x18: "\x{B68}"
            RenderText {#text} at (0,3) size 11x18
              text run at (0,3) width 11: "\x{B68}"
          RenderListItem {LI} at (40,42) size 22x21
            RenderListMarker at (-23,3) size 19x18: "\x{B69}"
            RenderText {#text} at (0,3) size 11x18
              text run at (0,3) width 11: "\x{B69}"
          RenderListItem {LI} at (40,63) size 22x21
            RenderListMarker at (-23,3) size 19x18: "\x{B6A}"
            RenderText {#text} at (0,3) size 11x18
              text run at (0,3) width 11: "\x{B6A}"
          RenderListItem {LI} at (40,84) size 22x21
            RenderListMarker at (-23,3) size 19x18: "\x{B6B}"
            RenderText {#text} at (0,3) size 11x18
              text run at (0,3) width 11: "\x{B6B}"
          RenderListItem {LI} at (40,105) size 22x21
            RenderListMarker at (-23,3) size 19x18: "\x{B6C}"
            RenderText {#text} at (0,3) size 11x18
              text run at (0,3) width 11: "\x{B6C}"
          RenderListItem {LI} at (40,126) size 22x21
            RenderListMarker at (-23,3) size 19x18: "\x{B6D}"
            RenderText {#text} at (0,3) size 11x18
              text run at (0,3) width 11: "\x{B6D}"
          RenderListItem {LI} at (40,147) size 22x21
            RenderListMarker at (-23,3) size 19x18: "\x{B6E}"
            RenderText {#text} at (0,3) size 11x18
              text run at (0,3) width 11: "\x{B6E}"
          RenderListItem {LI} at (40,168) size 22x21
            RenderListMarker at (-23,3) size 19x18: "\x{B6F}"
            RenderText {#text} at (0,3) size 11x18
              text run at (0,3) width 11: "\x{B6F}"
          RenderListItem {LI} at (40,189) size 22x21
            RenderListMarker at (-34,3) size 30x18: "\x{B67}\x{B66}"
            RenderText {#text} at (0,3) size 22x18
              text run at (0,3) width 22: "\x{B67}\x{B66}"
        RenderBlock (floating) {OL} at (82,239) size 71x21
          RenderListItem {LI} at (40,0) size 11x21
            RenderListMarker at (-23,3) size 19x18: "\x{B67}"
            RenderText {#text} at (0,3) size 11x18
              text run at (0,3) width 11: "\x{B67}"
        RenderBlock (floating) {OL} at (153,239) size 435x42
          RenderListItem {LI} at (300,0) size 115x21
            RenderListMarker at (-127,3) size 123x18: "-\x{B68}\x{B67}\x{B6A}\x{B6D}\x{B6A}\x{B6E}\x{B69}\x{B6C}\x{B6A}\x{B6E}"
            RenderInline (generated) at (0,0) size 5x18
              RenderText at (0,3) size 5x18
                text run at (0,3) width 5: "-"
            RenderText {#text} at (5,3) size 110x18
              text run at (5,3) width 110: "\x{B68}\x{B67}\x{B6A}\x{B6D}\x{B6A}\x{B6E}\x{B69}\x{B6C}\x{B6A}\x{B6E}"
          RenderListItem {LI} at (300,21) size 115x21
            RenderListMarker at (-127,3) size 123x18: "-\x{B68}\x{B67}\x{B6A}\x{B6D}\x{B6A}\x{B6E}\x{B69}\x{B6C}\x{B6A}\x{B6D}"
            RenderInline (generated) at (0,0) size 5x18
              RenderText at (0,3) size 5x18
                text run at (0,3) width 5: "-"
            RenderText {#text} at (5,3) size 110x18
              text run at (5,3) width 110: "\x{B68}\x{B67}\x{B6A}\x{B6D}\x{B6A}\x{B6E}\x{B69}\x{B6C}\x{B6A}\x{B6D}"
      RenderBlock {DIV} at (0,4767) size 769x270
        RenderBlock {H2} at (0,242) size 769x28
          RenderText {#text} at (0,0) size 76x28
            text run at (0,0) width 76: "persian"
        RenderBlock (floating) {OL} at (0,305) size 78x190
          RenderListItem {LI} at (40,0) size 18x19
            RenderListMarker at (-21,1) size 17x18: "\x{6F1}"
            RenderText {#text} at (0,1) size 9x18
              text run at (0,1) width 9: "\x{6F1}"
          RenderListItem {LI} at (40,19) size 18x19
            RenderListMarker at (-21,1) size 17x18: "\x{6F2}"
            RenderText {#text} at (0,1) size 9x18
              text run at (0,1) width 9: "\x{6F2}"
          RenderListItem {LI} at (40,38) size 18x19
            RenderListMarker at (-21,1) size 17x18: "\x{6F3}"
            RenderText {#text} at (0,1) size 9x18
              text run at (0,1) width 9: "\x{6F3}"
          RenderListItem {LI} at (40,57) size 18x19
            RenderListMarker at (-21,1) size 17x18: "\x{6F4}"
            RenderText {#text} at (0,1) size 9x18
              text run at (0,1) width 9: "\x{6F4}"
          RenderListItem {LI} at (40,76) size 18x19
            RenderListMarker at (-21,1) size 17x18: "\x{6F5}"
            RenderText {#text} at (0,1) size 9x18
              text run at (0,1) width 9: "\x{6F5}"
          RenderListItem {LI} at (40,95) size 18x19
            RenderListMarker at (-21,1) size 17x18: "\x{6F6}"
            RenderText {#text} at (0,1) size 9x18
              text run at (0,1) width 9: "\x{6F6}"
          RenderListItem {LI} at (40,114) size 18x19
            RenderListMarker at (-21,1) size 17x18: "\x{6F7}"
            RenderText {#text} at (0,1) size 9x18
              text run at (0,1) width 9: "\x{6F7}"
          RenderListItem {LI} at (40,133) size 18x19
            RenderListMarker at (-21,1) size 17x18: "\x{6F8}"
            RenderText {#text} at (0,1) size 9x18
              text run at (0,1) width 9: "\x{6F8}"
          RenderListItem {LI} at (40,152) size 18x19
            RenderListMarker at (-21,1) size 17x18: "\x{6F9}"
            RenderText {#text} at (0,1) size 9x18
              text run at (0,1) width 9: "\x{6F9}"
          RenderListItem {LI} at (40,171) size 18x19
            RenderListMarker at (-30,1) size 26x18: "\x{6F1}\x{6F0}"
            RenderText {#text} at (0,1) size 18x18
              text run at (0,1) width 18: "\x{6F1}\x{6F0}"
        RenderBlock (floating) {OL} at (78,305) size 69x19
          RenderListItem {LI} at (40,0) size 9x19
            RenderListMarker at (-21,1) size 17x18: "\x{6F1}"
            RenderText {#text} at (0,1) size 9x18
              text run at (0,1) width 9: "\x{6F1}"
        RenderBlock (floating) {OL} at (147,305) size 415x38
          RenderListItem {LI} at (300,0) size 95x19
            RenderListMarker at (-107,1) size 103x18: "-\x{6F2}\x{6F1}\x{6F4}\x{6F7}\x{6F4}\x{6F8}\x{6F3}\x{6F6}\x{6F4}\x{6F8}"
            RenderInline (generated) at (0,0) size 5x18
              RenderText at (0,1) size 5x18
                text run at (0,1) width 5: "-"
            RenderText {#text} at (5,1) size 90x18
              text run at (5,1) width 90: "\x{6F2}\x{6F1}\x{6F4}\x{6F7}\x{6F4}\x{6F8}\x{6F3}\x{6F6}\x{6F4}\x{6F8}"
          RenderListItem {LI} at (300,19) size 95x19
            RenderListMarker at (-107,1) size 103x18: "-\x{6F2}\x{6F1}\x{6F4}\x{6F7}\x{6F4}\x{6F8}\x{6F3}\x{6F6}\x{6F4}\x{6F7}"
            RenderInline (generated) at (0,0) size 5x18
              RenderText at (0,1) size 5x18
                text run at (0,1) width 5: "-"
            RenderText {#text} at (5,1) size 90x18
              text run at (5,1) width 90: "\x{6F2}\x{6F1}\x{6F4}\x{6F7}\x{6F4}\x{6F8}\x{6F3}\x{6F6}\x{6F4}\x{6F7}"
      RenderBlock {DIV} at (0,5056) size 769x250
        RenderBlock {H2} at (0,222) size 769x28
          RenderText {#text} at (0,0) size 50x28
            text run at (0,0) width 50: "urdu"
        RenderBlock (floating) {OL} at (0,285) size 78x190
          RenderListItem {LI} at (40,0) size 18x19
            RenderListMarker at (-21,1) size 17x18: "\x{6F1}"
            RenderText {#text} at (0,1) size 9x18
              text run at (0,1) width 9: "\x{6F1}"
          RenderListItem {LI} at (40,19) size 18x19
            RenderListMarker at (-21,1) size 17x18: "\x{6F2}"
            RenderText {#text} at (0,1) size 9x18
              text run at (0,1) width 9: "\x{6F2}"
          RenderListItem {LI} at (40,38) size 18x19
            RenderListMarker at (-21,1) size 17x18: "\x{6F3}"
            RenderText {#text} at (0,1) size 9x18
              text run at (0,1) width 9: "\x{6F3}"
          RenderListItem {LI} at (40,57) size 18x19
            RenderListMarker at (-21,1) size 17x18: "\x{6F4}"
            RenderText {#text} at (0,1) size 9x18
              text run at (0,1) width 9: "\x{6F4}"
          RenderListItem {LI} at (40,76) size 18x19
            RenderListMarker at (-21,1) size 17x18: "\x{6F5}"
            RenderText {#text} at (0,1) size 9x18
              text run at (0,1) width 9: "\x{6F5}"
          RenderListItem {LI} at (40,95) size 18x19
            RenderListMarker at (-21,1) size 17x18: "\x{6F6}"
            RenderText {#text} at (0,1) size 9x18
              text run at (0,1) width 9: "\x{6F6}"
          RenderListItem {LI} at (40,114) size 18x19
            RenderListMarker at (-21,1) size 17x18: "\x{6F7}"
            RenderText {#text} at (0,1) size 9x18
              text run at (0,1) width 9: "\x{6F7}"
          RenderListItem {LI} at (40,133) size 18x19
            RenderListMarker at (-21,1) size 17x18: "\x{6F8}"
            RenderText {#text} at (0,1) size 9x18
              text run at (0,1) width 9: "\x{6F8}"
          RenderListItem {LI} at (40,152) size 18x19
            RenderListMarker at (-21,1) size 17x18: "\x{6F9}"
            RenderText {#text} at (0,1) size 9x18
              text run at (0,1) width 9: "\x{6F9}"
          RenderListItem {LI} at (40,171) size 18x19
            RenderListMarker at (-30,1) size 26x18: "\x{6F1}\x{6F0}"
            RenderText {#text} at (0,1) size 18x18
              text run at (0,1) width 18: "\x{6F1}\x{6F0}"
        RenderBlock (floating) {OL} at (78,285) size 69x19
          RenderListItem {LI} at (40,0) size 9x19
            RenderListMarker at (-21,1) size 17x18: "\x{6F1}"
            RenderText {#text} at (0,1) size 9x18
              text run at (0,1) width 9: "\x{6F1}"
        RenderBlock (floating) {OL} at (147,285) size 415x38
          RenderListItem {LI} at (300,0) size 95x19
            RenderListMarker at (-107,1) size 103x18: "-\x{6F2}\x{6F1}\x{6F4}\x{6F7}\x{6F4}\x{6F8}\x{6F3}\x{6F6}\x{6F4}\x{6F8}"
            RenderInline (generated) at (0,0) size 5x18
              RenderText at (0,1) size 5x18
                text run at (0,1) width 5: "-"
            RenderText {#text} at (5,1) size 90x18
              text run at (5,1) width 90: "\x{6F2}\x{6F1}\x{6F4}\x{6F7}\x{6F4}\x{6F8}\x{6F3}\x{6F6}\x{6F4}\x{6F8}"
          RenderListItem {LI} at (300,19) size 95x19
            RenderListMarker at (-107,1) size 103x18: "-\x{6F2}\x{6F1}\x{6F4}\x{6F7}\x{6F4}\x{6F8}\x{6F3}\x{6F6}\x{6F4}\x{6F7}"
            RenderInline (generated) at (0,0) size 5x18
              RenderText at (0,1) size 5x18
                text run at (0,1) width 5: "-"
            RenderText {#text} at (5,1) size 90x18
              text run at (5,1) width 90: "\x{6F2}\x{6F1}\x{6F4}\x{6F7}\x{6F4}\x{6F8}\x{6F3}\x{6F6}\x{6F4}\x{6F7}"
      RenderBlock {DIV} at (0,5325) size 769x250
        RenderBlock {H2} at (0,222) size 769x28
          RenderText {#text} at (0,0) size 64x28
            text run at (0,0) width 64: "telugu"
        RenderBlock (floating) {OL} at (0,285) size 78x200
          RenderListItem {LI} at (40,0) size 18x20
            RenderListMarker at (-21,2) size 17x18: "\x{C67}"
            RenderText {#text} at (0,2) size 9x18
              text run at (0,2) width 9: "\x{C67}"
          RenderListItem {LI} at (40,20) size 18x20
            RenderListMarker at (-23,2) size 19x18: "\x{C68}"
            RenderText {#text} at (0,2) size 11x18
              text run at (0,2) width 11: "\x{C68}"
          RenderListItem {LI} at (40,40) size 18x20
            RenderListMarker at (-19,2) size 15x18: "\x{C69}"
            RenderText {#text} at (0,2) size 7x18
              text run at (0,2) width 7: "\x{C69}"
          RenderListItem {LI} at (40,60) size 18x20
            RenderListMarker at (-22,2) size 18x18: "\x{C6A}"
            RenderText {#text} at (0,2) size 10x18
              text run at (0,2) width 10: "\x{C6A}"
          RenderListItem {LI} at (40,80) size 18x20
            RenderListMarker at (-23,2) size 19x18: "\x{C6B}"
            RenderText {#text} at (0,2) size 11x18
              text run at (0,2) width 11: "\x{C6B}"
          RenderListItem {LI} at (40,100) size 18x20
            RenderListMarker at (-21,2) size 17x18: "\x{C6C}"
            RenderText {#text} at (0,2) size 9x18
              text run at (0,2) width 9: "\x{C6C}"
          RenderListItem {LI} at (40,120) size 18x20
            RenderListMarker at (-20,2) size 16x18: "\x{C6D}"
            RenderText {#text} at (0,2) size 8x18
              text run at (0,2) width 8: "\x{C6D}"
          RenderListItem {LI} at (40,140) size 18x20
            RenderListMarker at (-22,2) size 18x18: "\x{C6E}"
            RenderText {#text} at (0,2) size 10x18
              text run at (0,2) width 10: "\x{C6E}"
          RenderListItem {LI} at (40,160) size 18x20
            RenderListMarker at (-21,2) size 17x18: "\x{C6F}"
            RenderText {#text} at (0,2) size 9x18
              text run at (0,2) width 9: "\x{C6F}"
          RenderListItem {LI} at (40,180) size 18x20
            RenderListMarker at (-30,2) size 26x18: "\x{C67}\x{C66}"
            RenderText {#text} at (0,2) size 18x18
              text run at (0,2) width 18: "\x{C67}\x{C66}"
        RenderBlock (floating) {OL} at (78,285) size 69x20
          RenderListItem {LI} at (40,0) size 9x20
            RenderListMarker at (-21,2) size 17x18: "\x{C67}"
            RenderText {#text} at (0,2) size 9x18
              text run at (0,2) width 9: "\x{C67}"
        RenderBlock (floating) {OL} at (147,285) size 419x40
          RenderListItem {LI} at (300,0) size 99x20
            RenderListMarker at (-111,2) size 107x18: "-\x{C68}\x{C67}\x{C6A}\x{C6D}\x{C6A}\x{C6E}\x{C69}\x{C6C}\x{C6A}\x{C6E}"
            RenderInline (generated) at (0,0) size 5x18
              RenderText at (0,2) size 5x18
                text run at (0,2) width 5: "-"
            RenderText {#text} at (5,2) size 94x18
              text run at (5,2) width 94: "\x{C68}\x{C67}\x{C6A}\x{C6D}\x{C6A}\x{C6E}\x{C69}\x{C6C}\x{C6A}\x{C6E}"
          RenderListItem {LI} at (300,20) size 99x20
            RenderListMarker at (-109,2) size 105x18: "-\x{C68}\x{C67}\x{C6A}\x{C6D}\x{C6A}\x{C6E}\x{C69}\x{C6C}\x{C6A}\x{C6D}"
            RenderInline (generated) at (0,0) size 5x18
              RenderText at (0,2) size 5x18
                text run at (0,2) width 5: "-"
            RenderText {#text} at (5,2) size 92x18
              text run at (5,2) width 92: "\x{C68}\x{C67}\x{C6A}\x{C6D}\x{C6A}\x{C6E}\x{C69}\x{C6C}\x{C6A}\x{C6D}"
      RenderBlock {DIV} at (0,5594) size 769x260
        RenderBlock {H2} at (0,232) size 769x28
          RenderText {#text} at (0,0) size 72x28
            text run at (0,0) width 72: "tibetan"
        RenderBlock (floating) {OL} at (0,295) size 71x180
          RenderListItem {LI} at (40,0) size 11x18
            RenderListMarker at (-17,0) size 13x18: "\x{F21}"
            RenderText {#text} at (0,0) size 5x18
              text run at (0,0) width 5: "\x{F21}"
          RenderListItem {LI} at (40,18) size 11x18
            RenderListMarker at (-18,0) size 14x18: "\x{F22}"
            RenderText {#text} at (0,0) size 6x18
              text run at (0,0) width 6: "\x{F22}"
          RenderListItem {LI} at (40,36) size 11x18
            RenderListMarker at (-18,0) size 14x18: "\x{F23}"
            RenderText {#text} at (0,0) size 6x18
              text run at (0,0) width 6: "\x{F23}"
          RenderListItem {LI} at (40,54) size 11x18
            RenderListMarker at (-20,0) size 16x18: "\x{F24}"
            RenderText {#text} at (0,0) size 8x18
              text run at (0,0) width 8: "\x{F24}"
          RenderListItem {LI} at (40,72) size 11x18
            RenderListMarker at (-18,0) size 14x18: "\x{F25}"
            RenderText {#text} at (0,0) size 6x18
              text run at (0,0) width 6: "\x{F25}"
          RenderListItem {LI} at (40,90) size 11x18
            RenderListMarker at (-19,0) size 15x18: "\x{F26}"
            RenderText {#text} at (0,0) size 7x18
              text run at (0,0) width 7: "\x{F26}"
          RenderListItem {LI} at (40,108) size 11x18
            RenderListMarker at (-19,0) size 15x18: "\x{F27}"
            RenderText {#text} at (0,0) size 7x18
              text run at (0,0) width 7: "\x{F27}"
          RenderListItem {LI} at (40,126) size 11x18
            RenderListMarker at (-18,0) size 14x18: "\x{F28}"
            RenderText {#text} at (0,0) size 6x18
              text run at (0,0) width 6: "\x{F28}"
          RenderListItem {LI} at (40,144) size 11x18
            RenderListMarker at (-18,0) size 14x18: "\x{F29}"
            RenderText {#text} at (0,0) size 6x18
              text run at (0,0) width 6: "\x{F29}"
          RenderListItem {LI} at (40,162) size 11x18
            RenderListMarker at (-23,0) size 19x18: "\x{F21}\x{F20}"
            RenderText {#text} at (0,0) size 11x18
              text run at (0,0) width 11: "\x{F21}\x{F20}"
        RenderBlock (floating) {OL} at (71,295) size 65x18
          RenderListItem {LI} at (40,0) size 5x18
            RenderListMarker at (-17,0) size 13x18: "\x{F21}"
            RenderText {#text} at (0,0) size 5x18
              text run at (0,0) width 5: "\x{F21}"
        RenderBlock (floating) {OL} at (136,295) size 393x36
          RenderListItem {LI} at (300,0) size 73x18
            RenderListMarker at (-84,0) size 80x18: "-\x{F22}\x{F21}\x{F24}\x{F27}\x{F24}\x{F28}\x{F23}\x{F26}\x{F24}\x{F28}"
            RenderInline (generated) at (0,0) size 5x18
              RenderText at (0,0) size 5x18
                text run at (0,0) width 5: "-"
            RenderText {#text} at (5,0) size 67x18
              text run at (5,0) width 67: "\x{F22}\x{F21}\x{F24}\x{F27}\x{F24}\x{F28}\x{F23}\x{F26}\x{F24}\x{F28}"
          RenderListItem {LI} at (300,18) size 73x18
            RenderListMarker at (-85,0) size 81x18: "-\x{F22}\x{F21}\x{F24}\x{F27}\x{F24}\x{F28}\x{F23}\x{F26}\x{F24}\x{F27}"
            RenderInline (generated) at (0,0) size 5x18
              RenderText at (0,0) size 5x18
                text run at (0,0) width 5: "-"
            RenderText {#text} at (5,0) size 68x18
              text run at (5,0) width 68: "\x{F22}\x{F21}\x{F24}\x{F27}\x{F24}\x{F28}\x{F23}\x{F26}\x{F24}\x{F27}"
      RenderBlock {DIV} at (0,5873) size 769x240
        RenderBlock {H2} at (0,212) size 769x28
          RenderText {#text} at (0,0) size 40x28
            text run at (0,0) width 40: "thai"
        RenderBlock (floating) {OL} at (0,275) size 80x200
          RenderListItem {LI} at (40,0) size 20x20
            RenderListMarker at (-22,2) size 18x18: "\x{E51}"
            RenderText {#text} at (0,2) size 10x18
              text run at (0,2) width 10: "\x{E51}"
          RenderListItem {LI} at (40,20) size 20x20
            RenderListMarker at (-23,2) size 19x18: "\x{E52}"
            RenderText {#text} at (0,2) size 11x18
              text run at (0,2) width 11: "\x{E52}"
          RenderListItem {LI} at (40,40) size 20x20
            RenderListMarker at (-23,2) size 19x18: "\x{E53}"
            RenderText {#text} at (0,2) size 11x18
              text run at (0,2) width 11: "\x{E53}"
          RenderListItem {LI} at (40,60) size 20x20
            RenderListMarker at (-23,2) size 19x18: "\x{E54}"
            RenderText {#text} at (0,2) size 11x18
              text run at (0,2) width 11: "\x{E54}"
          RenderListItem {LI} at (40,80) size 20x20
            RenderListMarker at (-23,2) size 19x18: "\x{E55}"
            RenderText {#text} at (0,2) size 11x18
              text run at (0,2) width 11: "\x{E55}"
          RenderListItem {LI} at (40,100) size 20x20
            RenderListMarker at (-22,2) size 18x18: "\x{E56}"
            RenderText {#text} at (0,2) size 10x18
              text run at (0,2) width 10: "\x{E56}"
          RenderListItem {LI} at (40,120) size 20x20
            RenderListMarker at (-25,2) size 21x18: "\x{E57}"
            RenderText {#text} at (0,2) size 13x18
              text run at (0,2) width 13: "\x{E57}"
          RenderListItem {LI} at (40,140) size 20x20
            RenderListMarker at (-23,2) size 19x18: "\x{E58}"
            RenderText {#text} at (0,2) size 11x18
              text run at (0,2) width 11: "\x{E58}"
          RenderListItem {LI} at (40,160) size 20x20
            RenderListMarker at (-24,2) size 20x18: "\x{E59}"
            RenderText {#text} at (0,2) size 12x18
              text run at (0,2) width 12: "\x{E59}"
          RenderListItem {LI} at (40,180) size 20x20
            RenderListMarker at (-32,2) size 28x18: "\x{E51}\x{E50}"
            RenderText {#text} at (0,2) size 20x18
              text run at (0,2) width 20: "\x{E51}\x{E50}"
        RenderBlock (floating) {OL} at (80,275) size 70x20
          RenderListItem {LI} at (40,0) size 10x20
            RenderListMarker at (-22,2) size 18x18: "\x{E51}"
            RenderText {#text} at (0,2) size 10x18
              text run at (0,2) width 10: "\x{E51}"
        RenderBlock (floating) {OL} at (150,275) size 437x40
          RenderListItem {LI} at (300,0) size 117x20
            RenderListMarker at (-127,2) size 123x18: "-\x{E52}\x{E51}\x{E54}\x{E57}\x{E54}\x{E58}\x{E53}\x{E56}\x{E54}\x{E58}"
            RenderInline (generated) at (0,0) size 5x18
              RenderText at (0,2) size 5x18
                text run at (0,2) width 5: "-"
            RenderText {#text} at (5,2) size 110x18
              text run at (5,2) width 110: "\x{E52}\x{E51}\x{E54}\x{E57}\x{E54}\x{E58}\x{E53}\x{E56}\x{E54}\x{E58}"
          RenderListItem {LI} at (300,20) size 117x20
            RenderListMarker at (-129,2) size 125x18: "-\x{E52}\x{E51}\x{E54}\x{E57}\x{E54}\x{E58}\x{E53}\x{E56}\x{E54}\x{E57}"
            RenderInline (generated) at (0,0) size 5x18
              RenderText at (0,2) size 5x18
                text run at (0,2) width 5: "-"
            RenderText {#text} at (5,2) size 112x18
              text run at (5,2) width 112: "\x{E52}\x{E51}\x{E54}\x{E57}\x{E54}\x{E58}\x{E53}\x{E56}\x{E54}\x{E57}"
      RenderBlock {DIV} at (0,6132) size 769x260
        RenderBlock {H2} at (0,232) size 769x28
          RenderText {#text} at (0,0) size 198x28
            text run at (0,0) width 198: "upper-hexadecimal"
        RenderBlock (floating) {OL} at (0,295) size 76x288
          RenderListItem {LI} at (40,0) size 16x18
            RenderListMarker at (-20,0) size 16x18: "1"
            RenderText {#text} at (0,0) size 8x18
              text run at (0,0) width 8: "1"
          RenderListItem {LI} at (40,18) size 16x18
            RenderListMarker at (-20,0) size 16x18: "2"
            RenderText {#text} at (0,0) size 8x18
              text run at (0,0) width 8: "2"
          RenderListItem {LI} at (40,36) size 16x18
            RenderListMarker at (-20,0) size 16x18: "3"
            RenderText {#text} at (0,0) size 8x18
              text run at (0,0) width 8: "3"
          RenderListItem {LI} at (40,54) size 16x18
            RenderListMarker at (-20,0) size 16x18: "4"
            RenderText {#text} at (0,0) size 8x18
              text run at (0,0) width 8: "4"
          RenderListItem {LI} at (40,72) size 16x18
            RenderListMarker at (-20,0) size 16x18: "5"
            RenderText {#text} at (0,0) size 8x18
              text run at (0,0) width 8: "5"
          RenderListItem {LI} at (40,90) size 16x18
            RenderListMarker at (-20,0) size 16x18: "6"
            RenderText {#text} at (0,0) size 8x18
              text run at (0,0) width 8: "6"
          RenderListItem {LI} at (40,108) size 16x18
            RenderListMarker at (-20,0) size 16x18: "7"
            RenderText {#text} at (0,0) size 8x18
              text run at (0,0) width 8: "7"
          RenderListItem {LI} at (40,126) size 16x18
            RenderListMarker at (-20,0) size 16x18: "8"
            RenderText {#text} at (0,0) size 8x18
              text run at (0,0) width 8: "8"
          RenderListItem {LI} at (40,144) size 16x18
            RenderListMarker at (-20,0) size 16x18: "9"
            RenderText {#text} at (0,0) size 8x18
              text run at (0,0) width 8: "9"
          RenderListItem {LI} at (40,162) size 16x18
            RenderListMarker at (-24,0) size 20x18: "A"
            RenderText {#text} at (0,0) size 12x18
              text run at (0,0) width 12: "A"
          RenderListItem {LI} at (40,180) size 16x18
            RenderListMarker at (-23,0) size 19x18: "B"
            RenderText {#text} at (0,0) size 11x18
              text run at (0,0) width 11: "B"
          RenderListItem {LI} at (40,198) size 16x18
            RenderListMarker at (-23,0) size 19x18: "C"
            RenderText {#text} at (0,0) size 11x18
              text run at (0,0) width 11: "C"
          RenderListItem {LI} at (40,216) size 16x18
            RenderListMarker at (-24,0) size 20x18: "D"
            RenderText {#text} at (0,0) size 12x18
              text run at (0,0) width 12: "D"
          RenderListItem {LI} at (40,234) size 16x18
            RenderListMarker at (-22,0) size 18x18: "E"
            RenderText {#text} at (0,0) size 10x18
              text run at (0,0) width 10: "E"
          RenderListItem {LI} at (40,252) size 16x18
            RenderListMarker at (-21,0) size 17x18: "F"
            RenderText {#text} at (0,0) size 9x18
              text run at (0,0) width 9: "F"
          RenderListItem {LI} at (40,270) size 16x18
            RenderListMarker at (-28,0) size 24x18: "10"
            RenderText {#text} at (0,0) size 16x18
              text run at (0,0) width 16: "10"
        RenderBlock (floating) {OL} at (76,295) size 68x18
          RenderListItem {LI} at (40,0) size 8x18
            RenderListMarker at (-20,0) size 16x18: "1"
            RenderText {#text} at (0,0) size 8x18
              text run at (0,0) width 8: "1"
        RenderBlock (floating) {OL} at (144,295) size 396x36
          RenderListItem {LI} at (300,0) size 76x18
            RenderListMarker at (-81,0) size 77x18: "-80000000"
            RenderInline (generated) at (0,0) size 5x18
              RenderText at (0,0) size 5x18
                text run at (0,0) width 5: "-"
            RenderText {#text} at (5,0) size 64x18
              text run at (5,0) width 64: "80000000"
          RenderListItem {LI} at (300,18) size 76x18
            RenderListMarker at (-88,0) size 84x18: "-7FFFFFFF"
            RenderInline (generated) at (0,0) size 5x18
              RenderText at (0,0) size 5x18
                text run at (0,0) width 5: "-"
            RenderText {#text} at (5,0) size 71x18
              text run at (5,0) width 71: "7FFFFFFF"
