layer at (0,0) size 96x2704
  RenderView at (0,0) size 96x26
layer at (0,0) size 96x2704
  RenderBlock {HTML} at (0,0) size 96x2704
    RenderBody {BODY} at (8,8) size 80x2688
      RenderInline {SPAN} at (0,0) size 78x2688
        RenderText {#text} at (0,0) size 78x2688
          text run at (0,0) width 69: "I am typing"
          text run at (0,16) width 70: "a lot of text"
          text run at (0,32) width 69: "so that this"
          text run at (0,48) width 63: "goes onto"
          text run at (0,64) width 78: "many lines. I"
          text run at (0,80) width 43: "am still"
          text run at (0,96) width 45: "typing. "
          text run at (45,96) width 27: "I am"
          text run at (0,112) width 69: "typing a lot"
          text run at (0,128) width 58: "of text so"
          text run at (0,144) width 50: "that this"
          text run at (0,160) width 63: "goes onto"
          text run at (0,176) width 78: "many lines. I"
          text run at (0,192) width 43: "am still"
          text run at (0,208) width 72: "typing. I am"
          text run at (0,224) width 69: "typing a lot"
          text run at (0,240) width 58: "of text so"
          text run at (0,256) width 50: "that this"
          text run at (0,272) width 63: "goes onto"
          text run at (0,288) width 78: "many lines. I"
          text run at (0,304) width 43: "am still"
          text run at (0,320) width 72: "typing. I am"
          text run at (0,336) width 69: "typing a lot"
          text run at (0,352) width 58: "of text so"
          text run at (0,368) width 50: "that this"
          text run at (0,384) width 63: "goes onto"
          text run at (0,400) width 78: "many lines. I"
          text run at (0,416) width 43: "am still"
          text run at (0,432) width 72: "typing. I am"
          text run at (0,448) width 69: "typing a lot"
          text run at (0,464) width 58: "of text so"
          text run at (0,480) width 50: "that this"
          text run at (0,496) width 63: "goes onto"
          text run at (0,512) width 78: "many lines. I"
          text run at (0,528) width 43: "am still"
          text run at (0,544) width 72: "typing. I am"
          text run at (0,560) width 69: "typing a lot"
          text run at (0,576) width 58: "of text so"
          text run at (0,592) width 50: "that this"
          text run at (0,608) width 63: "goes onto"
          text run at (0,624) width 78: "many lines. I"
          text run at (0,640) width 43: "am still"
          text run at (0,656) width 72: "typing. I am"
          text run at (0,672) width 69: "typing a lot"
          text run at (0,688) width 58: "of text so"
          text run at (0,704) width 50: "that this"
          text run at (0,720) width 63: "goes onto"
          text run at (0,736) width 78: "many lines. I"
          text run at (0,752) width 43: "am still"
          text run at (0,768) width 72: "typing. I am"
          text run at (0,784) width 69: "typing a lot"
          text run at (0,800) width 58: "of text so"
          text run at (0,816) width 50: "that this"
          text run at (0,832) width 63: "goes onto"
          text run at (0,848) width 78: "many lines. I"
          text run at (0,864) width 43: "am still"
          text run at (0,880) width 72: "typing. I am"
          text run at (0,896) width 69: "typing a lot"
          text run at (0,912) width 58: "of text so"
          text run at (0,928) width 50: "that this"
          text run at (0,944) width 63: "goes onto"
          text run at (0,960) width 78: "many lines. I"
          text run at (0,976) width 43: "am still"
          text run at (0,992) width 72: "typing. I am"
          text run at (0,1008) width 69: "typing a lot"
          text run at (0,1024) width 58: "of text so"
          text run at (0,1040) width 50: "that this"
          text run at (0,1056) width 63: "goes onto"
          text run at (0,1072) width 78: "many lines. I"
          text run at (0,1088) width 43: "am still"
          text run at (0,1104) width 72: "typing. I am"
          text run at (0,1120) width 69: "typing a lot"
          text run at (0,1136) width 58: "of text so"
          text run at (0,1152) width 50: "that this"
          text run at (0,1168) width 63: "goes onto"
          text run at (0,1184) width 78: "many lines. I"
          text run at (0,1200) width 43: "am still"
          text run at (0,1216) width 72: "typing. I am"
          text run at (0,1232) width 69: "typing a lot"
          text run at (0,1248) width 58: "of text so"
          text run at (0,1264) width 50: "that this"
          text run at (0,1280) width 63: "goes onto"
          text run at (0,1296) width 78: "many lines. I"
          text run at (0,1312) width 43: "am still"
          text run at (0,1328) width 72: "typing. I am"
          text run at (0,1344) width 69: "typing a lot"
          text run at (0,1360) width 58: "of text so"
          text run at (0,1376) width 50: "that this"
          text run at (0,1392) width 63: "goes onto"
          text run at (0,1408) width 78: "many lines. I"
          text run at (0,1424) width 43: "am still"
          text run at (0,1440) width 72: "typing. I am"
          text run at (0,1456) width 69: "typing a lot"
          text run at (0,1472) width 58: "of text so"
          text run at (0,1488) width 50: "that this"
          text run at (0,1504) width 63: "goes onto"
          text run at (0,1520) width 78: "many lines. I"
          text run at (0,1536) width 43: "am still"
          text run at (0,1552) width 72: "typing. I am"
          text run at (0,1568) width 69: "typing a lot"
          text run at (0,1584) width 58: "of text so"
          text run at (0,1600) width 50: "that this"
          text run at (0,1616) width 63: "goes onto"
          text run at (0,1632) width 78: "many lines. I"
          text run at (0,1648) width 43: "am still"
          text run at (0,1664) width 72: "typing. I am"
          text run at (0,1680) width 69: "typing a lot"
          text run at (0,1696) width 58: "of text so"
          text run at (0,1712) width 50: "that this"
          text run at (0,1728) width 63: "goes onto"
          text run at (0,1744) width 78: "many lines. I"
          text run at (0,1760) width 43: "am still"
          text run at (0,1776) width 72: "typing. I am"
          text run at (0,1792) width 69: "typing a lot"
          text run at (0,1808) width 58: "of text so"
          text run at (0,1824) width 50: "that this"
          text run at (0,1840) width 63: "goes onto"
          text run at (0,1856) width 78: "many lines. I"
          text run at (0,1872) width 43: "am still"
          text run at (0,1888) width 72: "typing. I am"
          text run at (0,1904) width 69: "typing a lot"
          text run at (0,1920) width 58: "of text so"
          text run at (0,1936) width 50: "that this"
          text run at (0,1952) width 63: "goes onto"
          text run at (0,1968) width 78: "many lines. I"
          text run at (0,1984) width 43: "am still"
          text run at (0,2000) width 72: "typing. I am"
          text run at (0,2016) width 69: "typing a lot"
          text run at (0,2032) width 58: "of text so"
          text run at (0,2048) width 50: "that this"
          text run at (0,2064) width 63: "goes onto"
          text run at (0,2080) width 78: "many lines. I"
          text run at (0,2096) width 43: "am still"
          text run at (0,2112) width 72: "typing. I am"
          text run at (0,2128) width 69: "typing a lot"
          text run at (0,2144) width 58: "of text so"
          text run at (0,2160) width 50: "that this"
          text run at (0,2176) width 63: "goes onto"
          text run at (0,2192) width 78: "many lines. I"
          text run at (0,2208) width 43: "am still"
          text run at (0,2224) width 72: "typing. I am"
          text run at (0,2240) width 69: "typing a lot"
          text run at (0,2256) width 58: "of text so"
          text run at (0,2272) width 50: "that this"
          text run at (0,2288) width 63: "goes onto"
          text run at (0,2304) width 78: "many lines. I"
          text run at (0,2320) width 43: "am still"
          text run at (0,2336) width 72: "typing. I am"
          text run at (0,2352) width 69: "typing a lot"
          text run at (0,2368) width 58: "of text so"
          text run at (0,2384) width 50: "that this"
          text run at (0,2400) width 63: "goes onto"
          text run at (0,2416) width 78: "many lines. I"
          text run at (0,2432) width 43: "am still"
          text run at (0,2448) width 72: "typing. I am"
          text run at (0,2464) width 69: "typing a lot"
          text run at (0,2480) width 58: "of text so"
          text run at (0,2496) width 50: "that this"
          text run at (0,2512) width 63: "goes onto"
          text run at (0,2528) width 78: "many lines. I"
          text run at (0,2544) width 43: "am still"
          text run at (0,2560) width 72: "typing. I am"
          text run at (0,2576) width 69: "typing a lot"
          text run at (0,2592) width 58: "of text so"
          text run at (0,2608) width 50: "that this"
          text run at (0,2624) width 63: "goes onto"
          text run at (0,2640) width 78: "many lines. I"
          text run at (0,2656) width 43: "am still"
          text run at (0,2672) width 41: "typing."
      RenderText {#text} at (0,0) size 0x0
      RenderText {#text} at (0,0) size 0x0
